-------------------| STATISTICS |-------------------

Vehicles used                           : 6.6667
Machines used                           : 83.3333
Max load (vehicles)                     : 100.0
Min load (vehicles)                     : 75.641
Mean load (vehicles)                    : 90.641
Min completion time                     : 66.5574
Max completion time                     : 94.8556
Mean completion time                    : 78.4181
Avrg travel time (with vehicle)         : 1.6174
Avrg travel time (only with vehicle)    : 1.1834
Avrg travel time (no vehicle)           : 0.4339
Avrg waiting time (machine travel)      : 0.2181
Avrg waiting time (service)             : 0.0
Machines travel times (with vehicle)    : [0.789, 0.1972, 0.0, 0.1972, 3.1558, 3.7475]
Machines travel times (no vehicle)      : [0.0, 0.0, 0.0, 0.0, 1.1834, 0.9862]
Max load per vehicle                    : [0.0, 0.0, 0.0, 0.0, 0.0, 0.0, 0.0, 0.0, 0.0, 0.0, 0.0, 0.0, 0.0, 0.0, 0.0, 0.0, 0.0, 0.0, 0.0, 100.0, 0.0, 0.0, 0.0, 0.0, 0.0, 0.0, 0.0, 0.0, 0.0, 0.0, 0.0, 0.0, 75.641, 0.0, 0.0, 0.0, 0.0, 0.0, 0.0, 0.0, 0.0, 0.0, 0.0, 0.0, 0.0, 0.0, 0.0, 88.4615, 0.0, 0.0, 0.0, 0.0, 0.0, 0.0, 0.0, 0.0, 0.0, 98.4615, 0.0, 0.0]

----------------------------------------------------

TOTAL: 7951.599999999999

Everything is awesome!
