Set parameter WLSAccessID
Set parameter WLSSecret
Set parameter LicenseID to value 2661775
Academic license 2661775 - for non-commercial use only - registered to me___@dcc.ufba.br
Loading line 2: methodType heur
Loading line 3: methodCode mslp
Loading line 4: seed 0
Loading line 5: threads 1
Loading line 6: greedy_service_order random
Loading line 7: outputFlagGrbMSLP 0
Loading line 8: mslpa 60000
Loading line 9: mslpr I
Loading line 10: maxtime 3600
Loading line 11: output ./logs/
Loading line 12: printsol 1
Loading line 13: solverMethod A
Instance: lr209_t2_12R_12V_02F_04M

[15:10:03.67] Running Data.readData with file /dados/rmelo/PDPTW-SE/benchmark_multi_floor_v3/official_experiments/multistartlp/preliminar/set_01_pt_02/../../../../instances/orig_ams_fg/12R_12V_02F_04M/t2/lr209/
vehicles: Vehicle[Vehicle(0, 30), Vehicle(1, 38), Vehicle(2, 46), Vehicle(3, 38), Vehicle(4, 30), Vehicle(5, 30), Vehicle(6, 30), Vehicle(7, 30), Vehicle(8, 30), Vehicle(9, 30), Vehicle(10, 46), Vehicle(11, 38)]
vehicle_types: Vehicle[Vehicle(0, 30), Vehicle(1, 38), Vehicle(2, 46)]
Machine[Machine(0, Point[Point(32, 37, 0), Point(32, 37, 1)], 0.2), Machine(1, Point[Point(34, 37, 0), Point(34, 37, 1)], 0.2), Machine(2, Point[Point(30, 37, 0), Point(30, 37, 1)], 0.2), Machine(3, Point[Point(36, 37, 0), Point(36, 37, 1)], 0.2)]
refs: [1, 2, 3, 4, 5, 6, 9, 10, 11, 12, 13, 14, 16, 22, 17, 21, 25, 8, 23, 19, 20, 15, 7, 18, 24, 1]
V: [1, 2, 3, 4, 5, 6, 7, 8, 9, 10, 11, 12, 13, 14, 15, 16, 17, 18, 19, 20, 21, 22, 23, 24, 25]
V_p: [2, 3, 4, 5, 6, 7, 8, 9, 10, 11, 12, 13]
V_d: [14, 15, 16, 17, 18, 19, 20, 21, 22, 23, 24, 25]
Vprime: [1, 2, 3, 4, 5, 6, 7, 8, 9, 10, 11, 12, 13, 14, 15, 16, 17, 18, 19, 20, 21, 22, 23, 24, 25, 26]
V: [1, 2, 3, 4, 5, 6, 7, 8, 9, 10, 11, 12, 13, 14, 15, 16, 17, 18, 19, 20, 21, 22, 23, 24, 25]
q: [0, 10, 7, 13, 19, 5, 12, 19, 23, 20, 19, 2, 11, -10, -7, -13, -19, -5, -12, -19, -23, -20, -19, -2, -11, 0]
H: [1, 2, 3, 4]
f: [[1, 1, 1, 1], [1, 1, 1, 1], [1, 1, 1, 1], [1, 1, 1, 1], [2, 2, 2, 2], [1, 1, 1, 1], [2, 2, 2, 2], [2, 2, 2, 2], [1, 1, 1, 1], [1, 1, 1, 1], [1, 1, 1, 1], [1, 1, 1, 1], [1, 1, 1, 1], [1, 1, 1, 1], [1, 1, 1, 1], [1, 1, 1, 1], [1, 1, 1, 1], [2, 2, 2, 2], [2, 2, 2, 2], [1, 1, 1, 1], [2, 2, 2, 2], [1, 1, 1, 1], [2, 2, 2, 2], [2, 2, 2, 2], [2, 2, 2, 2], [1, 1, 1, 1]]
1 1 1 -> 0.0
1 2 1 -> 5.0
2 1 1 -> 5.0
2 2 1 -> 0.0
1 1 2 -> 0.0
1 2 2 -> 5.0
2 1 2 -> 5.0
2 2 2 -> 0.0
1 1 3 -> 0.0
1 2 3 -> 5.0
2 1 3 -> 5.0
2 2 3 -> 0.0
1 1 4 -> 0.0
1 2 4 -> 5.0
2 1 4 -> 5.0
2 2 4 -> 0.0
o: (1, 2, 1) => 5.0
o: (1, 2, 3) => 5.0
o: (1, 1, 2) => 0.0
o: (2, 1, 4) => 5.0
o: (1, 2, 2) => 5.0
o: (2, 1, 1) => 5.0
o: (2, 1, 3) => 5.0
o: (2, 2, 4) => 0.0
o: (2, 2, 1) => 0.0
o: (2, 2, 3) => 0.0
o: (2, 1, 2) => 5.0
o: (1, 1, 4) => 0.0
o: (1, 1, 1) => 0.0
o: (1, 1, 3) => 0.0
o: (1, 2, 4) => 5.0
o: (2, 2, 2) => 0.0

[70, 1093, 1083, 1053, 1043, 1048, 1011, 6]
JOBS in the order of refs (Vprime)
Node 1: Job(0, Point(35, 35, 0), 0, 0, 1000, 0, 0, 0)
Node 2: Job(1, Point(41, 49, 0), 10, 636, 919, 10, 0, 55)
Node 3: Job(2, Point(35, 17, 0), 7, 74, 351, 10, 0, 23)
Node 4: Job(3, Point(55, 45, 0), 13, 498, 613, 10, 0, 54)
Node 5: Job(4, Point(55, 20, 1), 19, 470, 965, 10, 0, 74)
Node 6: Job(7, Point(20, 50, 0), 5, 292, 449, 10, 0, 10)
Node 7: Job(11, Point(20, 65, 1), 12, 33, 510, 10, 0, 63)
Node 8: Job(12, Point(50, 35, 1), 19, 170, 403, 10, 0, 41)
Node 9: Job(13, Point(30, 25, 0), 23, 426, 978, 10, 0, 42)
Node 10: Job(14, Point(15, 10, 0), 20, 32, 454, 10, 0, 18)
Node 11: Job(16, Point(10, 20, 0), 19, 222, 423, 10, 0, 8)
Node 12: Job(17, Point(5, 30, 0), 2, 409, 959, 10, 0, 36)
Node 13: Job(21, Point(45, 20, 0), 11, 156, 389, 10, 0, 72)
Node 14: Job(55, Point(63, 23, 0), -10, 442, 917, 10, 1, 0)
Node 15: Job(23, Point(55, 5, 0), -7, 36, 513, 10, 2, 0)
Node 16: Job(54, Point(57, 29, 0), -13, 595, 780, 10, 3, 0)
Node 17: Job(74, Point(46, 13, 0), -19, 479, 965, 10, 4, 0)
Node 18: Job(10, Point(30, 60, 1), -5, 496, 713, 10, 7, 0)
Node 19: Job(63, Point(27, 69, 1), -12, 34, 348, 10, 11, 0)
Node 20: Job(41, Point(42, 7, 0), -19, 225, 682, 10, 12, 0)
Node 21: Job(42, Point(24, 12, 1), -23, 25, 616, 10, 13, 0)
Node 22: Job(18, Point(20, 40, 0), -20, 349, 462, 10, 14, 0)
Node 23: Job(8, Point(10, 43, 1), -19, 288, 597, 10, 16, 0)
Node 24: Job(36, Point(2, 60, 1), -2, 41, 710, 10, 17, 0)
Node 25: Job(72, Point(47, 16, 1), -11, 22, 377, 10, 21, 0)
Node 26: Job(0, Point(35, 35, 0), 0, 0, 1000, 0, 0, 0)

### Preprocessing Data ###
	-> arcs: 676 (100.0%)
	-> arc_removals: 314 (46.45%)
	-> arc_removals_is_loop: 26 (3.85%)
	-> arc_removals_is_delivery_to_pickup: 14 (2.07%)
	-> arc_removals_is_depot_begin_to_delivery: 12 (1.78%)
	-> arc_removals_is_pickup_to_depot_end: 12 (1.78%)
	-> arc_removals_is_dest_depot_begin: 24 (3.55%)
	-> arc_removals_is_orig_depot_end: 23 (3.4%)
	-> arc_removals_is_capacity_violated: 0 (0.0%)
	-> arc_removals_is_time_window_limited: 144 (21.3%)
	-> arc_removals_is_time_window_pairing_limited: 39 (5.77%)
	-> arc_removals_is_indirect_request_service_impossible: 20 (2.96%)
	-> gamma_vars: 0 (0%)
	-> feas_gamma_vars: 0 (0%)
	-> infeas_gamma_vars_is_next_mtrv_unreachable: 0 (0%)
	-> infeas_gamma_vars_is_iprime_jprime_eq_i_j: 0 (0%)
	-> machine_removal_for_an_arc: 0 (0.0%)
##########################

[15:10:13.192] Print configuration
------------------------------------------------------
"
[15:10:13.192] Running Multi Start Heuristic"
> Experiment started at 2025-10-06T15:10:13.192
> Instance: lr209_t2_12R_12V_02F_04M
> Algorithm Parameters:


	>Stop params:
		>  - rule ITERATIONS
		>  - argument 60000.0
		>  - maximum_time 3600

	>General params:
		>  - instPath /dados/rmelo/PDPTW-SE/benchmark_multi_floor_v3/official_experiments/multistartlp/preliminar/set_01_pt_02/../../../../instances/orig_ams_fg/12R_12V_02F_04M/t2/lr209/
		>  - name lr209
		>  - type t2
		>  - group 12R_12V_02F_04M
		>  - fullname lr209_t2_12R_12V_02F_04M
		>  - methodType heur
		>  - methodCode mslp
		>  - genconfigfile /dados/rmelo/PDPTW-SE/benchmark_multi_floor_v3/official_experiments/multistartlp/preliminar/set_01_pt_02/configs/genconfig_mslp.conf
		>  - genconfigfilename genconfig_mslp
		>  - greedy_service_order random
		>  - cutoff 0
		>  - cutoffmachs 4
		>  - num_machs 0
		>  - solver Gurobi
		>  - maxtime 3600
		>  - gurobiCuts 1
		>  - typeUserCut 0
		>  - mipPresolve -1
		>  - printsol 1
		>  - maxnodes -1
		>  - elevator 1
		>  - make_instance_feasible false
		>  - output /dados/rmelo/PDPTW-SE/benchmark_multi_floor_v3/official_experiments/multistartlp/preliminar/set_01_pt_02/logs
		>  - suff_outputs _seed_157_alpha_05p
		>  - suff_csv _bash_1
		>  - epsilon 0.005
		>  - epsilonCap 0.5
		>  - warmStart false
		>  - seed 157
		>  - rng Random.MersenneTwister(157)
		>  - alpha 0.05
		>  - maxiter 1000000
		>  - outputFlagGrbMIP 0
		>  - outputFlagGrbMSLP 0
		>  - outputFlagGrbLMNS 0
		>  - mslpr I
		>  - mslpa 60000
		>  - lmnsr M
		>  - lmnsa 60
		>  - lmnsRepairTime 30.0
		>  - lmnsMIPFocus 0
		>  - lmnsGapToBiggerDestruction 50
		>  - lmnsGapToSmallerDestruction 95
		>  - lmnsWeightShawDistProx 1.0
		>  - lmnsWeightShawEarlProx 1.0
		>  - lmnsWeightShawSameRoute 1.0
		>  - lmnsWeightShawDemandSim 1.0
		>  - lmnsReqRApplyMIPStart true
		>  - lmnsAcceptanceCriteria H
		>  - lmnsMetropolisTemp 100.0
		>  - lmnsSimulatedAnnealingTemp 100.0
		>  - lmnsSimulatedAnnealingCool 0.95
		>  - mipmaxtime 3600
		>  - csvfilename /dados/rmelo/PDPTW-SE/benchmark_multi_floor_v3/official_experiments/multistartlp/preliminar/set_01_pt_02/logs/heur_mslp/outputs/csvresults_heur_mslp_bash_1.csv
		>  - solfilename /dados/rmelo/PDPTW-SE/benchmark_multi_floor_v3/official_experiments/multistartlp/preliminar/set_01_pt_02/logs/heur_mslp/solutions/12R_12V_02F_04M/lr209_sol_genconfig_mslp_seed_157_alpha_05p.txt
		>  - timelineFilename /dados/rmelo/PDPTW-SE/benchmark_multi_floor_v3/official_experiments/multistartlp/preliminar/set_01_pt_02/logs/heur_mslp/timelines/12R_12V_02F_04M/lr209_timeline_genconfig_mslp_seed_157_alpha_05p.txt
		>  - grbFilename /dados/rmelo/PDPTW-SE/benchmark_multi_floor_v3/official_experiments/multistartlp/preliminar/set_01_pt_02/logs/heur_mslp/gurobi/12R_12V_02F_04M/lr209_grb_genconfig_mslp_seed_157_alpha_05p.log
		>  - threads 1
		>  - solverMethod AUTOMATIC

------------------------------------------------------
objValue;greedysol;iteration;time
1370.41;1466.72;1;0.003973
1119.43;1420.92;2;0.286625
1115.17;1423.71;37;0.433498
1098.28;1385.50;58;0.524454
1076.29;1371.58;93;0.689362
1071.73;1427.41;94;0.692642
1038.91;1418.12;108;0.743847
1026.21;1406.09;648;2.923232
1018.99;1406.66;1040;4.349434
1004.67;1353.10;1736;6.910060
1001.83;1355.05;2557;9.945181
999.70;1332.64;14948;55.408027
998.69;1348.94;27851;103.675180
983.63;1379.43;39249;145.334881
981.52;1358.05;43922;162.411717

[15:13:55.369] Finished running MSLP

[15:13:55.369] Post running MSLP
Best solution value: 981.52
Total time elapsed: 222.071806
Time to best: 162.411717
Iterations: 60000
Iterations to best: 43922
Improvements: 15
Infeasible solutions percentage: (0 / 60000) = 0.0000 %
(LP improvements)/(LP runs) = 60000/60000 = 100.0000 %
Mean LP improvement percentage: 17.2161 %
[15:13:55.677] Writing results to CSV file: /dados/rmelo/PDPTW-SE/benchmark_multi_floor_v3/official_experiments/multistartlp/preliminar/set_01_pt_02/logs/heur_mslp/outputs/csvresults_heur_mslp_bash_1.csv

[15:13:57.67] Saving solution to file:/dados/rmelo/PDPTW-SE/benchmark_multi_floor_v3/official_experiments/multistartlp/preliminar/set_01_pt_02/logs/heur_mslp/solutions/12R_12V_02F_04M/lr209_sol_genconfig_mslp_seed_157_alpha_05p.txt

[15:13:57.67] Saving solution timeline to file: /dados/rmelo/PDPTW-SE/benchmark_multi_floor_v3/official_experiments/multistartlp/preliminar/set_01_pt_02/logs/heur_mslp/timelines/12R_12V_02F_04M/lr209_timeline_genconfig_mslp_seed_157_alpha_05p.txt
---------------------| VEHICLES |---------------------

Vehicle 1 :
	id: 0
		node: 1
		(x, y, z): (35, 35, 0)
		dem: 0
		earl: 0
		lat: 1000
		servt: 0
		pid: 0
		did: 0
		servST: 80.87999999999997
		(h, h_ind): (-1, 0)
		load: 0.0

	Finished service at time: 80.87999999999997

	Task 0 -> Task 2: 18.0
	Vehicle arrival at task: 98.87999999999997
	Waiting time until service start time: 0.0

	id: 2
		node: 3
		(x, y, z): (35, 17, 0)
		dem: 7
		earl: 74
		lat: 351
		servt: 10
		pid: 0
		did: 23
		servST: 98.87999999999997
		(h, h_ind): (-1, 0)
		load: 7.0

	Finished service at time: 108.87999999999997

	Task 2 -> Task 23: 23.32
	Vehicle arrival at task: 132.19999999999996
	Waiting time until service start time: 0.0

	id: 23
		node: 15
		(x, y, z): (55, 5, 0)
		dem: -7
		earl: 36
		lat: 513
		servt: 10
		pid: 2
		did: 0
		servST: 132.19999999999996
		(h, h_ind): (-1, 0)
		load: 0.0

	Finished service at time: 142.19999999999996

	Task 23 -> Task 21: 18.03
	Vehicle arrival at task: 160.22999999999996
	Waiting time until service start time: 0.0

	id: 21
		node: 13
		(x, y, z): (45, 20, 0)
		dem: 11
		earl: 156
		lat: 389
		servt: 10
		pid: 0
		did: 72
		servST: 160.22999999999996
		(h, h_ind): (-1, 0)
		load: 11.0

	Finished service at time: 170.22999999999996

	Using Machine: 3
		Task 21 -> Machine 3 (Station 1): 19.24
		Vehicle arrival at machine station: 189.46999999999997
		Waiting time until machine travel: 0.0

		Machine travel start time: 189.46999999999997
		Region 0 -> Region 1: 5.0
		Machine arrival at machine station: 194.46999999999997

		Machine 3 (Station 2)-> Task 11: 32.25
		Vehicle arrival at task: 226.71999999999997
		Waiting time until service start time: 0.0

	id: 11
		node: 7
		(x, y, z): (20, 65, 1)
		dem: 12
		earl: 33
		lat: 510
		servt: 10
		pid: 0
		did: 63
		servST: 226.71999999999997
		(h, h_ind): (3, 1)
		load: 23.0

	Finished service at time: 236.71999999999997

	Task 11 -> Task 63: 8.06
	Vehicle arrival at task: 244.77999999999997
	Waiting time until service start time: 0.0

	id: 63
		node: 19
		(x, y, z): (27, 69, 1)
		dem: -12
		earl: 34
		lat: 348
		servt: 10
		pid: 11
		did: 0
		servST: 244.77999999999997
		(h, h_ind): (-1, 0)
		load: 11.0

	Finished service at time: 254.77999999999997

	Task 63 -> Task 12: 41.05
	Vehicle arrival at task: 295.83
	Waiting time until service start time: 0.0

	id: 12
		node: 8
		(x, y, z): (50, 35, 1)
		dem: 19
		earl: 170
		lat: 403
		servt: 10
		pid: 0
		did: 41
		servST: 295.83
		(h, h_ind): (-1, 0)
		load: 30.0

	Finished service at time: 305.83

	Task 12 -> Task 72: 19.24
	Vehicle arrival at task: 325.07
	Waiting time until service start time: 0.0

	id: 72
		node: 25
		(x, y, z): (47, 16, 1)
		dem: -11
		earl: 22
		lat: 377
		servt: 10
		pid: 21
		did: 0
		servST: 325.07
		(h, h_ind): (-1, 0)
		load: 19.0

	Finished service at time: 335.07

	Using Machine: 3
		Task 72 -> Machine 3 (Station 2): 23.71
		Vehicle arrival at machine station: 358.78
		Waiting time until machine travel: 0.0

		Machine travel start time: 358.78
		Region 1 -> Region 0: 5.0
		Machine arrival at machine station: 363.78

		Machine 3 (Station 1)-> Task 41: 30.59
		Vehicle arrival at task: 394.36999999999995
		Waiting time until service start time: 0.0

	id: 41
		node: 20
		(x, y, z): (42, 7, 0)
		dem: -19
		earl: 225
		lat: 682
		servt: 10
		pid: 12
		did: 0
		servST: 394.37
		(h, h_ind): (3, 2)
		load: 0.0

	Finished service at time: 404.37

	Task 41 -> Task 13: 21.63
	Vehicle arrival at task: 426.0
	Waiting time until service start time: 0.0

	id: 13
		node: 9
		(x, y, z): (30, 25, 0)
		dem: 23
		earl: 426
		lat: 978
		servt: 10
		pid: 0
		did: 42
		servST: 426.0
		(h, h_ind): (-1, 0)
		load: 23.0

	Finished service at time: 436.0

	Using Machine: 2
		Task 13 -> Machine 2 (Station 1): 12.0
		Vehicle arrival at machine station: 448.0
		Waiting time until machine travel: 0.0

		Machine travel start time: 448.0
		Region 0 -> Region 1: 5.0
		Machine arrival at machine station: 453.0

		Machine 2 (Station 2)-> Task 42: 25.71
		Vehicle arrival at task: 478.71
		Waiting time until service start time: 0.0

	id: 42
		node: 21
		(x, y, z): (24, 12, 1)
		dem: -23
		earl: 25
		lat: 616
		servt: 10
		pid: 13
		did: 0
		servST: 478.71
		(h, h_ind): (2, 1)
		load: 0.0

	Finished service at time: 488.71

	Task 42 -> Task 4: 32.02
	Vehicle arrival at task: 520.73
	Waiting time until service start time: 0.0

	id: 4
		node: 5
		(x, y, z): (55, 20, 1)
		dem: 19
		earl: 470
		lat: 965
		servt: 10
		pid: 0
		did: 74
		servST: 520.73
		(h, h_ind): (-1, 0)
		load: 19.0

	Finished service at time: 530.73

	Using Machine: 3
		Task 4 -> Machine 3 (Station 2): 25.5
		Vehicle arrival at machine station: 556.23
		Waiting time until machine travel: 0.0

		Machine travel start time: 556.23
		Region 1 -> Region 0: 5.0
		Machine arrival at machine station: 561.23

		Machine 3 (Station 1)-> Task 3: 20.62
		Vehicle arrival at task: 581.85
		Waiting time until service start time: 0.0

	id: 3
		node: 4
		(x, y, z): (55, 45, 0)
		dem: 13
		earl: 498
		lat: 613
		servt: 10
		pid: 0
		did: 54
		servST: 581.85
		(h, h_ind): (3, 3)
		load: 32.0

	Finished service at time: 591.85

	Task 3 -> Task 74: 33.24
	Vehicle arrival at task: 625.09
	Waiting time until service start time: 0.0

	id: 74
		node: 17
		(x, y, z): (46, 13, 0)
		dem: -19
		earl: 479
		lat: 965
		servt: 10
		pid: 4
		did: 0
		servST: 625.09
		(h, h_ind): (-1, 0)
		load: 13.0

	Finished service at time: 635.09

	Task 74 -> Task 1: 36.35
	Vehicle arrival at task: 671.44
	Waiting time until service start time: 0.0

	id: 1
		node: 2
		(x, y, z): (41, 49, 0)
		dem: 10
		earl: 636
		lat: 919
		servt: 10
		pid: 0
		did: 55
		servST: 671.44
		(h, h_ind): (-1, 0)
		load: 23.0

	Finished service at time: 681.44

	Task 1 -> Task 55: 34.06
	Vehicle arrival at task: 715.5
	Waiting time until service start time: 0.0

	id: 55
		node: 14
		(x, y, z): (63, 23, 0)
		dem: -10
		earl: 442
		lat: 917
		servt: 10
		pid: 1
		did: 0
		servST: 715.5
		(h, h_ind): (-1, 0)
		load: 13.0

	Finished service at time: 725.5

	Task 55 -> Task 54: 8.49
	Vehicle arrival at task: 733.99
	Waiting time until service start time: 0.0

	id: 54
		node: 16
		(x, y, z): (57, 29, 0)
		dem: -13
		earl: 595
		lat: 780
		servt: 10
		pid: 3
		did: 0
		servST: 733.99
		(h, h_ind): (-1, 0)
		load: 0.0

	Finished service at time: 743.99

	Task 54 -> Task 0: 22.8
	Vehicle arrival at task: 766.79
	Waiting time until service start time: 0.0

	id: 0
		node: 26
		(x, y, z): (35, 35, 0)
		dem: 0
		earl: 0
		lat: 1000
		servt: 0
		pid: 0
		did: 0
		servST: 766.79
		(h, h_ind): (-1, 0)
		load: 0.0


Vehicle 10 :
	id: 0
		node: 1
		(x, y, z): (35, 35, 0)
		dem: 0
		earl: 0
		lat: 1000
		servt: 0
		pid: 0
		did: 0
		servST: 320.09000000000003
		(h, h_ind): (-1, 0)
		load: 0.0

	Finished service at time: 320.09000000000003

	Task 0 -> Task 7: 21.21
	Vehicle arrival at task: 341.3
	Waiting time until service start time: 0.0

	id: 7
		node: 6
		(x, y, z): (20, 50, 0)
		dem: 5
		earl: 292
		lat: 449
		servt: 10
		pid: 0
		did: 10
		servST: 341.3
		(h, h_ind): (-1, 0)
		load: 5.0

	Finished service at time: 351.3

	Task 7 -> Task 14: 40.31
	Vehicle arrival at task: 391.61
	Waiting time until service start time: 0.0

	id: 14
		node: 10
		(x, y, z): (15, 10, 0)
		dem: 20
		earl: 32
		lat: 454
		servt: 10
		pid: 0
		did: 18
		servST: 391.61
		(h, h_ind): (-1, 0)
		load: 25.0

	Finished service at time: 401.61

	Task 14 -> Task 16: 11.18
	Vehicle arrival at task: 412.79
	Waiting time until service start time: 0.0

	id: 16
		node: 11
		(x, y, z): (10, 20, 0)
		dem: 19
		earl: 222
		lat: 423
		servt: 10
		pid: 0
		did: 8
		servST: 412.79
		(h, h_ind): (-1, 0)
		load: 44.0

	Finished service at time: 422.79

	Task 16 -> Task 17: 11.18
	Vehicle arrival at task: 433.97
	Waiting time until service start time: 0.0

	id: 17
		node: 12
		(x, y, z): (5, 30, 0)
		dem: 2
		earl: 409
		lat: 959
		servt: 10
		pid: 0
		did: 36
		servST: 433.97
		(h, h_ind): (-1, 0)
		load: 46.0

	Finished service at time: 443.97

	Task 17 -> Task 18: 18.03
	Vehicle arrival at task: 462.0
	Waiting time until service start time: 0.0

	id: 18
		node: 22
		(x, y, z): (20, 40, 0)
		dem: -20
		earl: 349
		lat: 462
		servt: 10
		pid: 14
		did: 0
		servST: 462.0
		(h, h_ind): (-1, 0)
		load: 26.0

	Finished service at time: 472.0

	Using Machine: 2
		Task 18 -> Machine 2 (Station 1): 10.44
		Vehicle arrival at machine station: 482.44
		Waiting time until machine travel: 0.0

		Machine travel start time: 482.44
		Region 0 -> Region 1: 5.0
		Machine arrival at machine station: 487.44

		Machine 2 (Station 2)-> Task 8: 20.88
		Vehicle arrival at task: 508.32
		Waiting time until service start time: 0.0

	id: 8
		node: 23
		(x, y, z): (10, 43, 1)
		dem: -19
		earl: 288
		lat: 597
		servt: 10
		pid: 16
		did: 0
		servST: 508.32
		(h, h_ind): (2, 2)
		load: 7.0

	Finished service at time: 518.3199999999999

	Task 8 -> Task 36: 18.79
	Vehicle arrival at task: 537.1099999999999
	Waiting time until service start time: 0.0

	id: 36
		node: 24
		(x, y, z): (2, 60, 1)
		dem: -2
		earl: 41
		lat: 710
		servt: 10
		pid: 17
		did: 0
		servST: 537.11
		(h, h_ind): (-1, 0)
		load: 5.0

	Finished service at time: 547.11

	Task 36 -> Task 10: 28.0
	Vehicle arrival at task: 575.11
	Waiting time until service start time: 0.0

	id: 10
		node: 18
		(x, y, z): (30, 60, 1)
		dem: -5
		earl: 496
		lat: 713
		servt: 10
		pid: 7
		did: 0
		servST: 575.11
		(h, h_ind): (-1, 0)
		load: 0.0

	Finished service at time: 585.11

	Using Machine: 1
		Task 10 -> Machine 1 (Station 2): 23.35
		Vehicle arrival at machine station: 608.46
		Waiting time until machine travel: 0.0

		Machine travel start time: 608.46
		Region 1 -> Region 0: 5.0
		Machine arrival at machine station: 613.46

		Machine 1 (Station 1)-> Task 0: 2.24
		Vehicle arrival at task: 615.7
		Waiting time until service start time: 0.0

	id: 0
		node: 26
		(x, y, z): (35, 35, 0)
		dem: 0
		earl: 0
		lat: 1000
		servt: 0
		pid: 0
		did: 0
		servST: 615.7
		(h, h_ind): (1, 1)
		load: 0.0


---------------------| MACHINES |---------------------

Machine 1 :
	setup duration: 5.0

	vehicle: 10
	vehicleInd: 10
	(orig, dest): (10, 0)
	(origRegion, destRegion): (1, 0)
	st: 608.46
	duration: 5.0


Machine 2 :
	setup duration: 0.0

	vehicle: 1
	vehicleInd: 11
	(orig, dest): (13, 42)
	(origRegion, destRegion): (0, 1)
	st: 448.0
	duration: 5.0

	setup duration: 5.0

	vehicle: 10
	vehicleInd: 7
	(orig, dest): (18, 8)
	(origRegion, destRegion): (0, 1)
	st: 482.44
	duration: 5.0


Machine 3 :
	setup duration: 0.0

	vehicle: 1
	vehicleInd: 5
	(orig, dest): (21, 11)
	(origRegion, destRegion): (0, 1)
	st: 189.46999999999997
	duration: 5.0

	setup duration: 0.0

	vehicle: 1
	vehicleInd: 9
	(orig, dest): (72, 41)
	(origRegion, destRegion): (1, 0)
	st: 358.78
	duration: 5.0

	setup duration: 5.0

	vehicle: 1
	vehicleInd: 13
	(orig, dest): (4, 3)
	(origRegion, destRegion): (1, 0)
	st: 556.23
	duration: 5.0


-------------------| COMPL. TIMES |-------------------

Vehicle 0 : 0.0
Vehicle 1 : 685.91
Vehicle 2 : 0.0
Vehicle 3 : 0.0
Vehicle 4 : 0.0
Vehicle 5 : 0.0
Vehicle 6 : 0.0
Vehicle 7 : 0.0
Vehicle 8 : 0.0
Vehicle 9 : 0.0
Vehicle 10 : 295.61
Vehicle 11 : 0.0
-------------------| STATISTICS |-------------------

    Vehicles used                           : 16.6667
    Machines used                           : 75.0
    Max load (vehicles)                     : 100.0
    Min load (vehicles)                     : 84.2105
    Mean load (vehicles)                    : 92.1053
    Min completion time                     : 29.561
    Max completion time                     : 68.591
    Mean completion time                    : 49.076
    Avrg travel time (with vehicle)         : 1.5
    Avrg travel time (only with vehicle)    : 1.0
    Avrg travel time (no vehicle)           : 0.5
    Avrg waiting time (machine travel)      : 0.0
    Avrg waiting time (service)             : 0.0
    Machines travel times (with vehicle)    : [0.0, 1.0, 1.5, 2.0]
    Machines travel times (no vehicle)      : [0.0, 0.5, 0.5, 0.5]
    Max load per vehicle                    : [0.0, 84.2105, 0.0, 0.0, 0.0, 0.0, 0.0, 0.0, 0.0, 0.0, 100.0, 0.0]

----------------------------------------------------

TOTAL: 981.52

Everything is awesome!
