-------------------| STATISTICS |-------------------

Vehicles used                           : 60.0
Machines used                           : 100.0
Max load (vehicles)                     : 76.3158
Min load (vehicles)                     : 36.2069
Mean load (vehicles)                    : 50.0006
Min completion time                     : 33.8271
Max completion time                     : 87.5789
Mean completion time                    : 64.0545
Avrg travel time (with vehicle)         : 7.9887
Avrg travel time (only with vehicle)    : 6.5789
Avrg travel time (no vehicle)           : 1.4098
Avrg waiting time (machine travel)      : 0.4184
Avrg waiting time (service)             : 2.9371
Machines travel times (with vehicle)    : [7.5188, 5.6391, 11.2782, 7.5188]
Machines travel times (no vehicle)      : [0.0, 1.8797, 1.8797, 1.8797]
Max load per vehicle                    : [0.0, 0.0, 0.0, 76.3158, 47.9167, 52.6316, 36.2069, 0.0, 42.1053, 44.8276]

----------------------------------------------------

TOTAL: 1022.3100000000001

Everything is awesome!
