Set parameter WLSAccessID
Set parameter WLSSecret
Set parameter LicenseID to value 2661775
Academic license 2661775 - for non-commercial use only - registered to me___@dcc.ufba.br
Loading line 2: methodType heur
Loading line 3: methodCode mslp
Loading line 4: seed 0
Loading line 5: threads 1
Loading line 6: greedy_service_order random
Loading line 7: outputFlagGrbMSLP 0
Loading line 8: mslpa 60000
Loading line 9: mslpr I
Loading line 10: maxtime 3600
Loading line 11: output ./logs/
Loading line 12: printsol 1
Loading line 13: solverMethod A
Loading line 14: alpha 0.05 # selected from preliminary experiments
Instance: LR2_2_1_t2_40R_40V_02I_05M

[23:04:46.827] Running Data.readData with file /dados/rmelo/PDPTW-SE/benchmark_multi_island_v5/official_experiments/multistartlp/official/set_01_pt_01/../../../../instances/orig_ams_fg/40R_40V_02I_06M/t2/LR2_2_1/
vehicles: Vehicle[Vehicle(0, 54), Vehicle(1, 67), Vehicle(2, 80), Vehicle(3, 67), Vehicle(4, 54), Vehicle(5, 67), Vehicle(6, 80), Vehicle(7, 54), Vehicle(8, 67), Vehicle(9, 54), Vehicle(10, 54), Vehicle(11, 67), Vehicle(12, 54), Vehicle(13, 67), Vehicle(14, 54), Vehicle(15, 67), Vehicle(16, 54), Vehicle(17, 80), Vehicle(18, 54), Vehicle(19, 67), Vehicle(20, 80), Vehicle(21, 67), Vehicle(22, 67), Vehicle(23, 54), Vehicle(24, 67), Vehicle(25, 54), Vehicle(26, 54), Vehicle(27, 67), Vehicle(28, 80), Vehicle(29, 80), Vehicle(30, 80), Vehicle(31, 54), Vehicle(32, 67), Vehicle(33, 54), Vehicle(34, 80), Vehicle(35, 67), Vehicle(36, 80), Vehicle(37, 67), Vehicle(38, 54), Vehicle(39, 67)]
vehicle_types: Vehicle[Vehicle(0, 54), Vehicle(1, 67), Vehicle(2, 80)]
Machine[Machine(0, Point[Point(76, 60, 0), Point(82, 60, 1)], 1.0), Machine(1, Point[Point(74, 58, 0), Point(82, 61, 1)], 1.0), Machine(2, Point[Point(72, 55, 0), Point(82, 62, 1)], 1.0), Machine(3, Point[Point(79, 66, 0), Point(82, 63, 1)], 1.0), Machine(4, Point[Point(79, 67, 0), Point(83, 64, 1)], 1.0)]
refs: [1, 2, 4, 5, 8, 9, 10, 11, 12, 13, 14, 15, 16, 17, 18, 19, 20, 21, 22, 23, 24, 26, 28, 30, 32, 33, 34, 36, 38, 39, 40, 41, 42, 43, 44, 45, 47, 48, 50, 51, 53, 52, 61, 56, 27, 66, 68, 79, 35, 3, 76, 75, 7, 81, 31, 49, 54, 74, 59, 25, 55, 73, 58, 29, 46, 77, 78, 70, 62, 65, 67, 63, 69, 6, 37, 72, 64, 60, 71, 80, 57, 1]
V: [1, 2, 3, 4, 5, 6, 7, 8, 9, 10, 11, 12, 13, 14, 15, 16, 17, 18, 19, 20, 21, 22, 23, 24, 25, 26, 27, 28, 29, 30, 31, 32, 33, 34, 35, 36, 37, 38, 39, 40, 41, 42, 43, 44, 45, 46, 47, 48, 49, 50, 51, 52, 53, 54, 55, 56, 57, 58, 59, 60, 61, 62, 63, 64, 65, 66, 67, 68, 69, 70, 71, 72, 73, 74, 75, 76, 77, 78, 79, 80, 81]
V_p: [2, 3, 4, 5, 6, 7, 8, 9, 10, 11, 12, 13, 14, 15, 16, 17, 18, 19, 20, 21, 22, 23, 24, 25, 26, 27, 28, 29, 30, 31, 32, 33, 34, 35, 36, 37, 38, 39, 40, 41]
V_d: [42, 43, 44, 45, 46, 47, 48, 49, 50, 51, 52, 53, 54, 55, 56, 57, 58, 59, 60, 61, 62, 63, 64, 65, 66, 67, 68, 69, 70, 71, 72, 73, 74, 75, 76, 77, 78, 79, 80, 81]
Vprime: [1, 2, 3, 4, 5, 6, 7, 8, 9, 10, 11, 12, 13, 14, 15, 16, 17, 18, 19, 20, 21, 22, 23, 24, 25, 26, 27, 28, 29, 30, 31, 32, 33, 34, 35, 36, 37, 38, 39, 40, 41, 42, 43, 44, 45, 46, 47, 48, 49, 50, 51, 52, 53, 54, 55, 56, 57, 58, 59, 60, 61, 62, 63, 64, 65, 66, 67, 68, 69, 70, 71, 72, 73, 74, 75, 76, 77, 78, 79, 80, 81, 82]
V: [1, 2, 3, 4, 5, 6, 7, 8, 9, 10, 11, 12, 13, 14, 15, 16, 17, 18, 19, 20, 21, 22, 23, 24, 25, 26, 27, 28, 29, 30, 31, 32, 33, 34, 35, 36, 37, 38, 39, 40, 41, 42, 43, 44, 45, 46, 47, 48, 49, 50, 51, 52, 53, 54, 55, 56, 57, 58, 59, 60, 61, 62, 63, 64, 65, 66, 67, 68, 69, 70, 71, 72, 73, 74, 75, 76, 77, 78, 79, 80, 81]
q: [0, 9, 20, 14, 22, 13, 5, 9, 40, 25, 22, 18, 8, 19, 8, 13, 20, 13, 21, 12, 30, 13, 8, 36, 6, 10, 15, 23, 22, 20, 1, 34, 13, 20, 32, 10, 13, 37, 17, 25, 31, -9, -20, -14, -22, -13, -5, -9, -40, -25, -22, -18, -8, -19, -8, -13, -20, -13, -21, -12, -30, -13, -8, -36, -6, -10, -15, -23, -22, -20, -1, -34, -13, -20, -32, -10, -13, -37, -17, -25, -31, 0]
H: [1, 2, 3, 4, 5]
f: [[1, 1, 1, 1, 1], [2, 2, 2, 2, 2], [1, 1, 1, 1, 1], [1, 1, 1, 1, 1], [1, 1, 1, 1, 1], [2, 2, 2, 2, 2], [1, 1, 1, 1, 1], [2, 2, 2, 2, 2], [2, 2, 2, 2, 2], [1, 1, 1, 1, 1], [1, 1, 1, 1, 1], [2, 2, 2, 2, 2], [2, 2, 2, 2, 2], [1, 1, 1, 1, 1], [1, 1, 1, 1, 1], [2, 2, 2, 2, 2], [1, 1, 1, 1, 1], [2, 2, 2, 2, 2], [2, 2, 2, 2, 2], [1, 1, 1, 1, 1], [1, 1, 1, 1, 1], [1, 1, 1, 1, 1], [2, 2, 2, 2, 2], [2, 2, 2, 2, 2], [2, 2, 2, 2, 2], [2, 2, 2, 2, 2], [2, 2, 2, 2, 2], [1, 1, 1, 1, 1], [2, 2, 2, 2, 2], [1, 1, 1, 1, 1], [2, 2, 2, 2, 2], [2, 2, 2, 2, 2], [2, 2, 2, 2, 2], [1, 1, 1, 1, 1], [1, 1, 1, 1, 1], [1, 1, 1, 1, 1], [1, 1, 1, 1, 1], [2, 2, 2, 2, 2], [2, 2, 2, 2, 2], [2, 2, 2, 2, 2], [1, 1, 1, 1, 1], [2, 2, 2, 2, 2], [1, 1, 1, 1, 1], [1, 1, 1, 1, 1], [2, 2, 2, 2, 2], [2, 2, 2, 2, 2], [1, 1, 1, 1, 1], [2, 2, 2, 2, 2], [2, 2, 2, 2, 2], [1, 1, 1, 1, 1], [2, 2, 2, 2, 2], [2, 2, 2, 2, 2], [2, 2, 2, 2, 2], [2, 2, 2, 2, 2], [1, 1, 1, 1, 1], [2, 2, 2, 2, 2], [1, 1, 1, 1, 1], [2, 2, 2, 2, 2], [2, 2, 2, 2, 2], [1, 1, 1, 1, 1], [1, 1, 1, 1, 1], [1, 1, 1, 1, 1], [2, 2, 2, 2, 2], [2, 2, 2, 2, 2], [2, 2, 2, 2, 2], [2, 2, 2, 2, 2], [2, 2, 2, 2, 2], [1, 1, 1, 1, 1], [2, 2, 2, 2, 2], [1, 1, 1, 1, 1], [2, 2, 2, 2, 2], [2, 2, 2, 2, 2], [2, 2, 2, 2, 2], [1, 1, 1, 1, 1], [1, 1, 1, 1, 1], [1, 1, 1, 1, 1], [1, 1, 1, 1, 1], [1, 1, 1, 1, 1], [2, 2, 2, 2, 2], [2, 2, 2, 2, 2], [1, 1, 1, 1, 1], [1, 1, 1, 1, 1]]
1 1 1 -> 0.0
1 2 1 -> 6.0
2 1 1 -> 6.0
2 2 1 -> 0.0
1 1 2 -> 0.0
1 2 2 -> 8.54
2 1 2 -> 8.54
2 2 2 -> 0.0
1 1 3 -> 0.0
1 2 3 -> 12.21
2 1 3 -> 12.21
2 2 3 -> 0.0
1 1 4 -> 0.0
1 2 4 -> 4.24
2 1 4 -> 4.24
2 2 4 -> 0.0
1 1 5 -> 0.0
1 2 5 -> 5.0
2 1 5 -> 5.0
2 2 5 -> 0.0
o: (1, 2, 1) => 6.0
o: (1, 2, 5) => 5.0
o: (1, 2, 3) => 12.21
o: (1, 1, 2) => 0.0
o: (2, 1, 4) => 4.24
o: (1, 2, 2) => 8.54
o: (2, 1, 1) => 6.0
o: (2, 1, 5) => 5.0
o: (2, 1, 3) => 12.21
o: (2, 2, 4) => 0.0
o: (2, 2, 1) => 0.0
o: (2, 2, 5) => 0.0
o: (2, 2, 3) => 0.0
o: (2, 1, 2) => 8.54
o: (1, 1, 4) => 0.0
o: (1, 1, 1) => 0.0
o: (1, 1, 5) => 0.0
o: (1, 1, 3) => 0.0
o: (1, 2, 4) => 4.24
o: (2, 2, 2) => 0.0

[121, 2725, 2715, 2641, 2631, 2643, 2561, 14]
JOBS in the order of refs (Vprime)
Node 1: Job(0, Point(70, 70, 0), 0, 0, 2535, 0, 0, 0)
Node 2: Job(1, Point(101, 0, 1), 9, 1973, 2130, 10, 0, 72)
Node 3: Job(3, Point(30, 57, 0), 20, 912, 1050, 10, 0, 113)
Node 4: Job(4, Point(29, 60, 0), 14, 138, 199, 10, 0, 79)
Node 5: Job(8, Point(78, 111, 0), 22, 112, 222, 10, 0, 40)
Node 6: Job(9, Point(107, 25, 1), 13, 1133, 1176, 10, 0, 129)
Node 7: Job(11, Point(37, 138, 0), 5, 866, 932, 10, 0, 141)
Node 8: Job(13, Point(121, 123, 1), 9, 1009, 1167, 10, 0, 187)
Node 9: Job(15, Point(137, 7, 1), 40, 631, 735, 10, 0, 51)
Node 10: Job(16, Point(50, 106, 0), 25, 1254, 1429, 10, 0, 2)
Node 11: Job(18, Point(79, 72, 0), 22, 9, 147, 10, 0, 178)
Node 12: Job(19, Point(104, 32, 1), 18, 528, 670, 10, 0, 175)
Node 13: Job(21, Point(109, 139, 1), 8, 469, 555, 10, 0, 6)
Node 14: Job(23, Point(78, 63, 0), 19, 10, 128, 10, 0, 195)
Node 15: Job(26, Point(64, 132, 0), 8, 168, 411, 10, 0, 45)
Node 16: Job(27, Point(133, 130, 1), 13, 900, 998, 10, 0, 68)
Node 17: Job(28, Point(39, 13, 0), 20, 1490, 1637, 10, 0, 76)
Node 18: Job(31, Point(140, 42, 1), 13, 412, 512, 10, 0, 167)
Node 19: Job(32, Point(121, 124, 1), 21, 575, 744, 10, 0, 107)
Node 20: Job(33, Point(42, 29, 0), 12, 238, 362, 10, 0, 35)
Node 21: Job(34, Point(44, 58, 0), 30, 47, 182, 10, 0, 78)
Node 22: Job(36, Point(41, 36, 0), 13, 203, 328, 10, 0, 165)
Node 23: Job(41, Point(81, 57, 1), 8, 33, 104, 10, 0, 101)
Node 24: Job(43, Point(113, 32, 1), 36, 589, 683, 10, 0, 42)
Node 25: Job(47, Point(90, 44, 1), 6, 240, 298, 10, 0, 65)
Node 26: Job(48, Point(139, 73, 1), 10, 339, 477, 10, 0, 184)
Node 27: Job(49, Point(89, 24, 1), 15, 1226, 1302, 10, 0, 185)
Node 28: Job(53, Point(60, 84, 0), 23, 1914, 2059, 10, 0, 154)
Node 29: Job(56, Point(86, 40, 1), 22, 80, 192, 10, 0, 118)
Node 30: Job(57, Point(69, 115, 0), 20, 836, 1006, 10, 0, 126)
Node 31: Job(59, Point(105, 2, 1), 1, 891, 1019, 10, 0, 140)
Node 32: Job(60, Point(107, 77, 1), 34, 83, 219, 10, 0, 119)
Node 33: Job(61, Point(104, 54, 1), 13, 208, 333, 10, 0, 143)
Node 34: Job(62, Point(54, 33, 0), 20, 118, 204, 10, 0, 5)
Node 35: Job(63, Point(32, 52, 0), 32, 557, 771, 10, 0, 55)
Node 36: Job(64, Point(37, 125, 0), 10, 1328, 1540, 10, 0, 163)
Node 37: Job(66, Point(38, 122, 0), 13, 941, 1052, 10, 0, 123)
Node 38: Job(67, Point(85, 75, 1), 37, 22, 186, 10, 0, 108)
Node 39: Job(69, Point(103, 77, 1), 17, 1203, 1242, 10, 0, 156)
Node 40: Job(71, Point(139, 68, 1), 25, 275, 472, 10, 0, 191)
Node 41: Job(73, Point(39, 100, 0), 31, 274, 374, 10, 0, 91)
Node 42: Job(72, Point(88, 29, 1), -9, 2254, 2377, 10, 1, 0)
Node 43: Job(113, Point(37, 73, 0), -20, 1358, 1449, 10, 3, 0)
Node 44: Job(79, Point(44, 116, 0), -14, 199, 345, 10, 4, 0)
Node 45: Job(40, Point(132, 133, 1), -22, 571, 667, 10, 8, 0)
Node 46: Job(129, Point(110, 28, 1), -13, 1236, 1328, 10, 9, 0)
Node 47: Job(141, Point(49, 140, 0), -5, 944, 1048, 10, 11, 0)
Node 48: Job(187, Point(104, 139, 1), -9, 1338, 1466, 10, 13, 0)
Node 49: Job(51, Point(98, 4, 1), -40, 694, 847, 10, 15, 0)
Node 50: Job(2, Point(26, 50, 0), -25, 1552, 1667, 10, 16, 0)
Node 51: Job(178, Point(138, 78, 1), -22, 787, 951, 10, 18, 0)
Node 52: Job(175, Point(90, 14, 1), -18, 1866, 1965, 10, 19, 0)
Node 53: Job(6, Point(137, 137, 1), -8, 378, 539, 10, 21, 0)
Node 54: Job(195, Point(138, 24, 1), -19, 705, 851, 10, 23, 0)
Node 55: Job(45, Point(82, 103, 0), -8, 155, 243, 10, 26, 0)
Node 56: Job(68, Point(109, 131, 1), -13, 899, 1031, 10, 27, 0)
Node 57: Job(76, Point(9, 19, 0), -20, 1472, 1631, 10, 28, 0)
Node 58: Job(167, Point(137, 84, 1), -13, 438, 517, 10, 31, 0)
Node 59: Job(107, Point(110, 99, 1), -21, 1227, 1315, 10, 32, 0)
Node 60: Job(35, Point(32, 6, 0), -12, 401, 479, 10, 33, 0)
Node 61: Job(78, Point(73, 96, 0), -30, 656, 793, 10, 34, 0)
Node 62: Job(165, Point(28, 62, 0), -13, 815, 873, 10, 36, 0)
Node 63: Job(101, Point(139, 72, 1), -8, 1349, 1466, 10, 41, 0)
Node 64: Job(42, Point(120, 52, 1), -36, 1517, 1598, 10, 43, 0)
Node 65: Job(65, Point(99, 34, 1), -6, 295, 432, 10, 47, 0)
Node 66: Job(184, Point(119, 73, 1), -10, 476, 581, 10, 48, 0)
Node 67: Job(185, Point(135, 65, 1), -15, 1313, 1517, 10, 49, 0)
Node 68: Job(154, Point(58, 95, 0), -23, 1949, 2050, 10, 53, 0)
Node 69: Job(118, Point(108, 30, 1), -22, 381, 504, 10, 56, 0)
Node 70: Job(126, Point(40, 113, 0), -20, 1838, 2094, 10, 57, 0)
Node 71: Job(140, Point(112, 13, 1), -1, 2095, 2224, 10, 59, 0)
Node 72: Job(119, Point(120, 60, 1), -34, 216, 337, 10, 60, 0)
Node 73: Job(143, Point(120, 47, 1), -13, 129, 312, 10, 61, 0)
Node 74: Job(5, Point(69, 116, 0), -20, 1381, 1493, 10, 62, 0)
Node 75: Job(55, Point(84, 88, 0), -32, 1428, 1541, 10, 63, 0)
Node 76: Job(163, Point(54, 78, 0), -10, 2204, 2315, 10, 64, 0)
Node 77: Job(123, Point(26, 130, 0), -13, 1089, 1172, 10, 66, 0)
Node 78: Job(108, Point(15, 18, 0), -37, 1581, 1739, 10, 67, 0)
Node 79: Job(156, Point(97, 115, 1), -17, 1478, 1589, 10, 69, 0)
Node 80: Job(191, Point(125, 68, 1), -25, 793, 863, 10, 71, 0)
Node 81: Job(91, Point(33, 117, 0), -31, 365, 507, 10, 73, 0)
Node 82: Job(0, Point(70, 70, 0), 0, 0, 2535, 0, 0, 0)

### Preprocessing Data ###
	-> arcs: 6724 (100.0%)
	-> arc_removals: 4797 (71.34%)
	-> arc_removals_is_loop: 82 (1.22%)
	-> arc_removals_is_delivery_to_pickup: 42 (0.62%)
	-> arc_removals_is_depot_begin_to_delivery: 40 (0.59%)
	-> arc_removals_is_pickup_to_depot_end: 40 (0.59%)
	-> arc_removals_is_dest_depot_begin: 80 (1.19%)
	-> arc_removals_is_orig_depot_end: 79 (1.17%)
	-> arc_removals_is_capacity_violated: 0 (0.0%)
	-> arc_removals_is_time_window_limited: 3057 (45.46%)
	-> arc_removals_is_time_window_pairing_limited: 1065 (15.84%)
	-> arc_removals_is_indirect_request_service_impossible: 312 (4.64%)
	-> gamma_vars: 0 (0%)
	-> feas_gamma_vars: 0 (0%)
	-> infeas_gamma_vars_is_next_mtrv_unreachable: 0 (0%)
	-> infeas_gamma_vars_is_iprime_jprime_eq_i_j: 0 (0%)
	-> machine_removal_for_an_arc: 0 (0.0%)
##########################

[23:04:56.863] Print configuration
------------------------------------------------------
"
[23:04:56.863] Running Multi Start Heuristic"
> Experiment started at 2025-10-14T23:04:56.863
> Instance: LR2_2_1_t2_40R_40V_02I_05M
> Algorithm Parameters:


	>Stop params:
		>  - rule ITERATIONS
		>  - argument 60000.0
		>  - maximum_time 3600

	>General params:
		>  - instPath /dados/rmelo/PDPTW-SE/benchmark_multi_island_v5/official_experiments/multistartlp/official/set_01_pt_01/../../../../instances/orig_ams_fg/40R_40V_02I_06M/t2/LR2_2_1/
		>  - name LR2_2_1
		>  - type t2
		>  - group 40R_40V_02I_05M
		>  - fullname LR2_2_1_t2_40R_40V_02I_05M
		>  - methodType heur
		>  - methodCode mslp
		>  - genconfigfile /dados/rmelo/PDPTW-SE/benchmark_multi_island_v5/official_experiments/multistartlp/official/set_01_pt_01/configs/genconfig_mslp.conf
		>  - genconfigfilename genconfig_mslp
		>  - greedy_service_order random
		>  - cutoff 0
		>  - cutoffmachs 5
		>  - num_machs 0
		>  - solver Gurobi
		>  - maxtime 3600
		>  - gurobiCuts 1
		>  - typeUserCut 0
		>  - mipPresolve -1
		>  - printsol 1
		>  - maxnodes -1
		>  - elevator 0
		>  - make_instance_feasible false
		>  - output /dados/rmelo/PDPTW-SE/benchmark_multi_island_v5/official_experiments/multistartlp/official/set_01_pt_01/logs
		>  - suff_outputs _seed_75
		>  - suff_csv _bash_4
		>  - epsilon 0.005
		>  - epsilonCap 0.5
		>  - warmStart false
		>  - seed 75
		>  - rng Random.MersenneTwister(75)
		>  - alpha 0.05
		>  - maxiter 1000000
		>  - outputFlagGrbMIP 0
		>  - outputFlagGrbMSLP 0
		>  - outputFlagGrbLMNS 0
		>  - mslpr I
		>  - mslpa 60000
		>  - lmnsr M
		>  - lmnsa 60
		>  - lmnsRepairTime 30.0
		>  - lmnsMIPFocus 0
		>  - lmnsGapToBiggerDestruction 50
		>  - lmnsGapToSmallerDestruction 95
		>  - lmnsWeightShawDistProx 1.0
		>  - lmnsWeightShawEarlProx 1.0
		>  - lmnsWeightShawSameRoute 1.0
		>  - lmnsWeightShawDemandSim 1.0
		>  - lmnsReqRApplyMIPStart true
		>  - lmnsAcceptanceCriteria H
		>  - lmnsMetropolisTemp 100.0
		>  - lmnsSimulatedAnnealingTemp 100.0
		>  - lmnsSimulatedAnnealingCool 0.95
		>  - mipmaxtime 3600
		>  - csvfilename /dados/rmelo/PDPTW-SE/benchmark_multi_island_v5/official_experiments/multistartlp/official/set_01_pt_01/logs/heur_mslp/outputs/csvresults_heur_mslp_bash_4.csv
		>  - solfilename /dados/rmelo/PDPTW-SE/benchmark_multi_island_v5/official_experiments/multistartlp/official/set_01_pt_01/logs/heur_mslp/solutions/40R_40V_02I_05M/LR2_2_1_sol_genconfig_mslp_seed_75.txt
		>  - timelineFilename /dados/rmelo/PDPTW-SE/benchmark_multi_island_v5/official_experiments/multistartlp/official/set_01_pt_01/logs/heur_mslp/timelines/40R_40V_02I_05M/LR2_2_1_timeline_genconfig_mslp_seed_75.txt
		>  - grbFilename /dados/rmelo/PDPTW-SE/benchmark_multi_island_v5/official_experiments/multistartlp/official/set_01_pt_01/logs/heur_mslp/gurobi/40R_40V_02I_05M/LR2_2_1_grb_genconfig_mslp_seed_75.log
		>  - threads 1
		>  - solverMethod AUTOMATIC

------------------------------------------------------

[23:04:56.967] Starting running MSLP
objValue;greedysol;iteration;time
10936.40;12197.50;1;0.015957
10111.84;10759.04;2;0.316861
9221.59;10236.33;3;0.333639
9221.16;9835.29;23;0.676427
8890.66;9681.75;75;1.613800
8545.05;9000.74;232;4.382007
8138.35;8541.13;1051;18.805808
8030.11;8552.53;6186;109.586374
7841.87;8293.99;7587;134.256882
7811.95;8248.77;46970;822.035415

[23:23:01.673] Finished running MSLP
System CPU time: 31.35 seconds

[23:23:01.745] Post running MSLP
Best solution value: 7811.95
Total time elapsed: 1049.079365
Time to best: 822.035415
Iterations: 60000
Iterations to best: 46970
Improvements: 10
Infeasible solutions percentage: (0 / 60000) = 0.0000 %
(LP improvements)/(LP runs) = 60000/60000 = 100.0000 %
Mean LP improvement percentage: 6.7470 %
[23:23:02.004] Writing results to CSV file: /dados/rmelo/PDPTW-SE/benchmark_multi_island_v5/official_experiments/multistartlp/official/set_01_pt_01/logs/heur_mslp/outputs/csvresults_heur_mslp_bash_4.csv

[23:23:04.136] Saving solution to file:/dados/rmelo/PDPTW-SE/benchmark_multi_island_v5/official_experiments/multistartlp/official/set_01_pt_01/logs/heur_mslp/solutions/40R_40V_02I_05M/LR2_2_1_sol_genconfig_mslp_seed_75.txt

[23:23:04.136] Saving solution timeline to file: /dados/rmelo/PDPTW-SE/benchmark_multi_island_v5/official_experiments/multistartlp/official/set_01_pt_01/logs/heur_mslp/timelines/40R_40V_02I_05M/LR2_2_1_timeline_genconfig_mslp_seed_75.txt
---------------------| VEHICLES |---------------------

Vehicle 2 :
	id: 0
		node: 1
		(x, y, z): (70, 70, 0)
		dem: 0
		earl: 0
		lat: 2535
		servt: 0
		pid: 0
		did: 0
		servST: 125.08000000000001
		(h, h_ind): (-1, 0)
		load: 0.0

	Finished service at time: 125.08000000000001

	Task 0 -> Task 18: 9.22
	Vehicle arrival at task: 134.3
	Waiting time until service start time: 0.0

	id: 18
		node: 11
		(x, y, z): (79, 72, 0)
		dem: 22
		earl: 9
		lat: 147
		servt: 10
		pid: 0
		did: 178
		servST: 134.3
		(h, h_ind): (-1, 0)
		load: 22.0

	Finished service at time: 144.3

	Task 18 -> Task 34: 37.7
	Vehicle arrival at task: 182.0
	Waiting time until service start time: 0.0

	id: 34
		node: 21
		(x, y, z): (44, 58, 0)
		dem: 30
		earl: 47
		lat: 182
		servt: 10
		pid: 0
		did: 78
		servST: 182.0
		(h, h_ind): (-1, 0)
		load: 52.0

	Finished service at time: 192.0

	Using Machine: 0
		Task 34 -> Machine 0 (Station 1): 32.06
		Vehicle arrival at machine station: 224.06
		Waiting time until machine travel: 31.68

		Machine travel start time: 255.74
		Region 0 -> Region 1: 6.0
		Machine arrival at machine station: 261.74

		Machine 0 (Station 2)-> Task 61: 22.8
		Vehicle arrival at task: 284.54
		Waiting time until service start time: 0.0

	id: 61
		node: 33
		(x, y, z): (104, 54, 1)
		dem: 13
		earl: 208
		lat: 333
		servt: 10
		pid: 0
		did: 143
		servST: 284.54
		(h, h_ind): (0, 2)
		load: 65.0

	Finished service at time: 294.54

	Task 61 -> Task 143: 17.46
	Vehicle arrival at task: 312.0
	Waiting time until service start time: 0.0

	id: 143
		node: 73
		(x, y, z): (120, 47, 1)
		dem: -13
		earl: 129
		lat: 312
		servt: 10
		pid: 61
		did: 0
		servST: 312.0
		(h, h_ind): (-1, 0)
		load: 52.0

	Finished service at time: 322.0

	Task 143 -> Task 21: 92.66
	Vehicle arrival at task: 414.65999999999997
	Waiting time until service start time: 54.34

	id: 21
		node: 13
		(x, y, z): (109, 139, 1)
		dem: 8
		earl: 469
		lat: 555
		servt: 10
		pid: 0
		did: 6
		servST: 469.0
		(h, h_ind): (-1, 0)
		load: 60.0

	Finished service at time: 479.0

	Task 21 -> Task 6: 28.07
	Vehicle arrival at task: 507.07
	Waiting time until service start time: 31.93

	id: 6
		node: 53
		(x, y, z): (137, 137, 1)
		dem: -8
		earl: 378
		lat: 539
		servt: 10
		pid: 21
		did: 0
		servST: 539.0
		(h, h_ind): (-1, 0)
		load: 52.0

	Finished service at time: 549.0

	Task 6 -> Task 32: 20.62
	Vehicle arrival at task: 569.62
	Waiting time until service start time: 5.38

	id: 32
		node: 19
		(x, y, z): (121, 124, 1)
		dem: 21
		earl: 575
		lat: 744
		servt: 10
		pid: 0
		did: 107
		servST: 575.0
		(h, h_ind): (-1, 0)
		load: 73.0

	Finished service at time: 585.0

	Using Machine: 4
		Task 32 -> Machine 4 (Station 2): 71.02
		Vehicle arrival at machine station: 656.02
		Waiting time until machine travel: 0.0

		Machine travel start time: 656.02
		Region 1 -> Region 0: 5.0
		Machine arrival at machine station: 661.02

		Machine 4 (Station 1)-> Task 78: 29.61
		Vehicle arrival at task: 690.63
		Waiting time until service start time: 0.0

	id: 78
		node: 61
		(x, y, z): (73, 96, 0)
		dem: -30
		earl: 656
		lat: 793
		servt: 10
		pid: 34
		did: 0
		servST: 690.63
		(h, h_ind): (4, 4)
		load: 43.0

	Finished service at time: 700.63

	Task 78 -> Task 63: 60.14
	Vehicle arrival at task: 760.77
	Waiting time until service start time: 0.0

	id: 63
		node: 35
		(x, y, z): (32, 52, 0)
		dem: 32
		earl: 557
		lat: 771
		servt: 10
		pid: 0
		did: 55
		servST: 760.77
		(h, h_ind): (-1, 0)
		load: 75.0

	Finished service at time: 770.77

	Using Machine: 1
		Task 63 -> Machine 1 (Station 1): 42.43
		Vehicle arrival at machine station: 813.1999999999999
		Waiting time until machine travel: 54.48

		Machine travel start time: 867.6800000000001
		Region 0 -> Region 1: 8.54
		Machine arrival at machine station: 876.22

		Machine 1 (Station 2)-> Task 178: 58.52
		Vehicle arrival at task: 934.74
		Waiting time until service start time: 0.0

	id: 178
		node: 51
		(x, y, z): (138, 78, 1)
		dem: -22
		earl: 787
		lat: 951
		servt: 10
		pid: 18
		did: 0
		servST: 934.74
		(h, h_ind): (1, 2)
		load: 53.0

	Finished service at time: 944.74

	Task 178 -> Task 27: 52.24
	Vehicle arrival at task: 996.98
	Waiting time until service start time: 0.0

	id: 27
		node: 16
		(x, y, z): (133, 130, 1)
		dem: 13
		earl: 900
		lat: 998
		servt: 10
		pid: 0
		did: 68
		servST: 996.98
		(h, h_ind): (-1, 0)
		load: 66.0

	Finished service at time: 1006.98

	Task 27 -> Task 68: 24.02
	Vehicle arrival at task: 1031.0
	Waiting time until service start time: 0.0

	id: 68
		node: 56
		(x, y, z): (109, 131, 1)
		dem: -13
		earl: 899
		lat: 1031
		servt: 10
		pid: 27
		did: 0
		servST: 1031.0
		(h, h_ind): (-1, 0)
		load: 53.0

	Finished service at time: 1041.0

	Task 68 -> Task 13: 14.42
	Vehicle arrival at task: 1055.42
	Waiting time until service start time: 111.58

	id: 13
		node: 8
		(x, y, z): (121, 123, 1)
		dem: 9
		earl: 1009
		lat: 1167
		servt: 10
		pid: 0
		did: 187
		servST: 1167.0
		(h, h_ind): (-1, 0)
		load: 62.0

	Finished service at time: 1177.0

	Task 13 -> Task 107: 26.4
	Vehicle arrival at task: 1203.4
	Waiting time until service start time: 23.6

	id: 107
		node: 59
		(x, y, z): (110, 99, 1)
		dem: -21
		earl: 1227
		lat: 1315
		servt: 10
		pid: 32
		did: 0
		servST: 1227.0
		(h, h_ind): (-1, 0)
		load: 41.0

	Finished service at time: 1237.0

	Task 107 -> Task 187: 40.45
	Vehicle arrival at task: 1277.45
	Waiting time until service start time: 60.55

	id: 187
		node: 48
		(x, y, z): (104, 139, 1)
		dem: -9
		earl: 1338
		lat: 1466
		servt: 10
		pid: 13
		did: 0
		servST: 1338.0
		(h, h_ind): (-1, 0)
		load: 32.0

	Finished service at time: 1348.0

	Using Machine: 4
		Task 187 -> Machine 4 (Station 2): 77.88
		Vehicle arrival at machine station: 1425.88
		Waiting time until machine travel: 0.0

		Machine travel start time: 1425.88
		Region 1 -> Region 0: 5.0
		Machine arrival at machine station: 1430.88

		Machine 4 (Station 1)-> Task 55: 21.59
		Vehicle arrival at task: 1452.47
		Waiting time until service start time: 0.0

	id: 55
		node: 75
		(x, y, z): (84, 88, 0)
		dem: -32
		earl: 1428
		lat: 1541
		servt: 10
		pid: 63
		did: 0
		servST: 1452.47
		(h, h_ind): (4, 7)
		load: 0.0

	Finished service at time: 1462.47

	Task 55 -> Task 0: 22.8
	Vehicle arrival at task: 1485.27
	Waiting time until service start time: 0.0

	id: 0
		node: 82
		(x, y, z): (70, 70, 0)
		dem: 0
		earl: 0
		lat: 2535
		servt: 0
		pid: 0
		did: 0
		servST: 1485.27
		(h, h_ind): (-1, 0)
		load: 0.0


Vehicle 21 :
	id: 0
		node: 1
		(x, y, z): (70, 70, 0)
		dem: 0
		earl: 0
		lat: 2535
		servt: 0
		pid: 0
		did: 0
		servST: 180.23
		(h, h_ind): (-1, 0)
		load: 0.0

	Finished service at time: 180.23

	Task 0 -> Task 8: 41.77
	Vehicle arrival at task: 222.0
	Waiting time until service start time: 0.0

	id: 8
		node: 5
		(x, y, z): (78, 111, 0)
		dem: 22
		earl: 112
		lat: 222
		servt: 10
		pid: 0
		did: 40
		servST: 222.0
		(h, h_ind): (-1, 0)
		load: 22.0

	Finished service at time: 232.0

	Using Machine: 4
		Task 8 -> Machine 4 (Station 1): 44.01
		Vehicle arrival at machine station: 276.01
		Waiting time until machine travel: 134.85

		Machine travel start time: 410.86
		Region 0 -> Region 1: 5.0
		Machine arrival at machine station: 415.86

		Machine 4 (Station 2)-> Task 71: 56.14
		Vehicle arrival at task: 472.0
		Waiting time until service start time: 0.0

	id: 71
		node: 40
		(x, y, z): (139, 68, 1)
		dem: 25
		earl: 275
		lat: 472
		servt: 10
		pid: 0
		did: 191
		servST: 472.0
		(h, h_ind): (4, 3)
		load: 47.0

	Finished service at time: 482.0

	Task 71 -> Task 40: 65.38
	Vehicle arrival at task: 547.38
	Waiting time until service start time: 23.62

	id: 40
		node: 45
		(x, y, z): (132, 133, 1)
		dem: -22
		earl: 571
		lat: 667
		servt: 10
		pid: 8
		did: 0
		servST: 571.0
		(h, h_ind): (-1, 0)
		load: 25.0

	Finished service at time: 581.0

	Task 40 -> Task 191: 65.38
	Vehicle arrival at task: 646.38
	Waiting time until service start time: 146.62

	id: 191
		node: 80
		(x, y, z): (125, 68, 1)
		dem: -25
		earl: 793
		lat: 863
		servt: 10
		pid: 71
		did: 0
		servST: 793.0
		(h, h_ind): (-1, 0)
		load: 0.0

	Finished service at time: 803.0

	Using Machine: 4
		Task 191 -> Machine 4 (Station 2): 42.19
		Vehicle arrival at machine station: 845.19
		Waiting time until machine travel: 0.0

		Machine travel start time: 845.19
		Region 1 -> Region 0: 5.0
		Machine arrival at machine station: 850.19

		Machine 4 (Station 1)-> Task 0: 9.49
		Vehicle arrival at task: 859.6800000000001
		Waiting time until service start time: 0.0

	id: 0
		node: 82
		(x, y, z): (70, 70, 0)
		dem: 0
		earl: 0
		lat: 2535
		servt: 0
		pid: 0
		did: 0
		servST: 859.6800000000001
		(h, h_ind): (4, 5)
		load: 0.0


Vehicle 28 :
	id: 0
		node: 1
		(x, y, z): (70, 70, 0)
		dem: 0
		earl: 0
		lat: 2535
		servt: 0
		pid: 0
		did: 0
		servST: 43.859999999999985
		(h, h_ind): (-1, 0)
		load: 0.0

	Finished service at time: 43.859999999999985

	Using Machine: 4
		Task 0 -> Machine 4 (Station 1): 9.49
		Vehicle arrival at machine station: 53.34999999999999
		Waiting time until machine travel: 0.0

		Machine travel start time: 53.34999999999999
		Region 0 -> Region 1: 5.0
		Machine arrival at machine station: 58.34999999999999

		Machine 4 (Station 2)-> Task 60: 27.29
		Vehicle arrival at task: 85.63999999999999
		Waiting time until service start time: 0.0

	id: 60
		node: 32
		(x, y, z): (107, 77, 1)
		dem: 34
		earl: 83
		lat: 219
		servt: 10
		pid: 0
		did: 119
		servST: 85.63999999999999
		(h, h_ind): (4, 1)
		load: 34.0

	Finished service at time: 95.63999999999999

	Using Machine: 2
		Task 60 -> Machine 2 (Station 2): 29.15
		Vehicle arrival at machine station: 124.78999999999999
		Waiting time until machine travel: -0.0

		Machine travel start time: 124.78999999999998
		Region 1 -> Region 0: 12.21
		Machine arrival at machine station: 136.99999999999997

		Machine 2 (Station 1)-> Task 62: 28.43
		Vehicle arrival at task: 165.42999999999998
		Waiting time until service start time: 0.0

	id: 62
		node: 34
		(x, y, z): (54, 33, 0)
		dem: 20
		earl: 118
		lat: 204
		servt: 10
		pid: 0
		did: 5
		servST: 165.42999999999998
		(h, h_ind): (2, 1)
		load: 54.0

	Finished service at time: 175.42999999999998

	Using Machine: 1
		Task 62 -> Machine 1 (Station 1): 32.02
		Vehicle arrival at machine station: 207.45
		Waiting time until machine travel: 0.0

		Machine travel start time: 207.45
		Region 0 -> Region 1: 8.54
		Machine arrival at machine station: 215.98999999999998

		Machine 1 (Station 2)-> Task 119: 38.01
		Vehicle arrival at task: 253.99999999999997
		Waiting time until service start time: 0.0

	id: 119
		node: 72
		(x, y, z): (120, 60, 1)
		dem: -34
		earl: 216
		lat: 337
		servt: 10
		pid: 60
		did: 0
		servST: 254.0
		(h, h_ind): (1, 1)
		load: 20.0

	Finished service at time: 264.0

	Task 119 -> Task 47: 34.0
	Vehicle arrival at task: 298.0
	Waiting time until service start time: 0.0

	id: 47
		node: 25
		(x, y, z): (90, 44, 1)
		dem: 6
		earl: 240
		lat: 298
		servt: 10
		pid: 0
		did: 65
		servST: 298.0
		(h, h_ind): (-1, 0)
		load: 26.0

	Finished service at time: 308.0

	Task 47 -> Task 65: 13.45
	Vehicle arrival at task: 321.45
	Waiting time until service start time: 36.55

	id: 65
		node: 65
		(x, y, z): (99, 34, 1)
		dem: -6
		earl: 295
		lat: 432
		servt: 10
		pid: 47
		did: 0
		servST: 358.0
		(h, h_ind): (-1, 0)
		load: 20.0

	Finished service at time: 368.0

	Task 65 -> Task 48: 55.87
	Vehicle arrival at task: 423.87
	Waiting time until service start time: 0.0

	id: 48
		node: 26
		(x, y, z): (139, 73, 1)
		dem: 10
		earl: 339
		lat: 477
		servt: 10
		pid: 0
		did: 184
		servST: 423.87
		(h, h_ind): (-1, 0)
		load: 30.0

	Finished service at time: 433.87

	Task 48 -> Task 31: 31.02
	Vehicle arrival at task: 464.89
	Waiting time until service start time: 0.0

	id: 31
		node: 18
		(x, y, z): (140, 42, 1)
		dem: 13
		earl: 412
		lat: 512
		servt: 10
		pid: 0
		did: 167
		servST: 464.89
		(h, h_ind): (-1, 0)
		load: 43.0

	Finished service at time: 474.89

	Task 31 -> Task 167: 42.11
	Vehicle arrival at task: 517.0
	Waiting time until service start time: 0.0

	id: 167
		node: 58
		(x, y, z): (137, 84, 1)
		dem: -13
		earl: 438
		lat: 517
		servt: 10
		pid: 31
		did: 0
		servST: 517.0
		(h, h_ind): (-1, 0)
		load: 30.0

	Finished service at time: 527.0

	Task 167 -> Task 184: 21.1
	Vehicle arrival at task: 548.1
	Waiting time until service start time: 32.9

	id: 184
		node: 66
		(x, y, z): (119, 73, 1)
		dem: -10
		earl: 476
		lat: 581
		servt: 10
		pid: 48
		did: 0
		servST: 581.0
		(h, h_ind): (-1, 0)
		load: 20.0

	Finished service at time: 591.0

	Task 184 -> Task 43: 41.44
	Vehicle arrival at task: 632.44
	Waiting time until service start time: 50.56

	id: 43
		node: 24
		(x, y, z): (113, 32, 1)
		dem: 36
		earl: 589
		lat: 683
		servt: 10
		pid: 0
		did: 42
		servST: 683.0
		(h, h_ind): (-1, 0)
		load: 56.0

	Finished service at time: 693.0

	Task 43 -> Task 69: 46.1
	Vehicle arrival at task: 739.1
	Waiting time until service start time: 463.9

	id: 69
		node: 39
		(x, y, z): (103, 77, 1)
		dem: 17
		earl: 1203
		lat: 1242
		servt: 10
		pid: 0
		did: 156
		servST: 1203.0
		(h, h_ind): (-1, 0)
		load: 73.0

	Finished service at time: 1213.0

	Using Machine: 4
		Task 69 -> Machine 4 (Station 2): 23.85
		Vehicle arrival at machine station: 1236.85
		Waiting time until machine travel: 0.0

		Machine travel start time: 1236.85
		Region 1 -> Region 0: 5.0
		Machine arrival at machine station: 1241.85

		Machine 4 (Station 1)-> Task 5: 50.01
		Vehicle arrival at task: 1291.86
		Waiting time until service start time: 89.14

	id: 5
		node: 74
		(x, y, z): (69, 116, 0)
		dem: -20
		earl: 1381
		lat: 1493
		servt: 10
		pid: 62
		did: 0
		servST: 1381.0
		(h, h_ind): (4, 6)
		load: 53.0

	Finished service at time: 1391.0

	Using Machine: 4
		Task 5 -> Machine 4 (Station 1): 50.01
		Vehicle arrival at machine station: 1441.01
		Waiting time until machine travel: 0.0

		Machine travel start time: 1441.01
		Region 0 -> Region 1: 5.0
		Machine arrival at machine station: 1446.01

		Machine 4 (Station 2)-> Task 156: 52.89
		Vehicle arrival at task: 1498.9
		Waiting time until service start time: 0.0

	id: 156
		node: 79
		(x, y, z): (97, 115, 1)
		dem: -17
		earl: 1478
		lat: 1589
		servt: 10
		pid: 69
		did: 0
		servST: 1498.9
		(h, h_ind): (4, 8)
		load: 36.0

	Finished service at time: 1508.9

	Task 156 -> Task 42: 67.07
	Vehicle arrival at task: 1575.97
	Waiting time until service start time: 0.0

	id: 42
		node: 64
		(x, y, z): (120, 52, 1)
		dem: -36
		earl: 1517
		lat: 1598
		servt: 10
		pid: 43
		did: 0
		servST: 1575.97
		(h, h_ind): (-1, 0)
		load: 0.0

	Finished service at time: 1585.97

	Using Machine: 4
		Task 42 -> Machine 4 (Station 2): 38.9
		Vehicle arrival at machine station: 1624.8700000000001
		Waiting time until machine travel: 0.0

		Machine travel start time: 1624.8700000000001
		Region 1 -> Region 0: 5.0
		Machine arrival at machine station: 1629.8700000000001

		Machine 4 (Station 1)-> Task 0: 9.49
		Vehicle arrival at task: 1639.3600000000001
		Waiting time until service start time: 0.0

	id: 0
		node: 82
		(x, y, z): (70, 70, 0)
		dem: 0
		earl: 0
		lat: 2535
		servt: 0
		pid: 0
		did: 0
		servST: 1639.3600000000001
		(h, h_ind): (4, 9)
		load: 0.0


Vehicle 29 :
	id: 0
		node: 1
		(x, y, z): (70, 70, 0)
		dem: 0
		earl: 0
		lat: 2535
		servt: 0
		pid: 0
		did: 0
		servST: 42.95999999999999
		(h, h_ind): (-1, 0)
		load: 0.0

	Finished service at time: 42.95999999999999

	Task 0 -> Task 23: 10.63
	Vehicle arrival at task: 53.58999999999999
	Waiting time until service start time: 0.0

	id: 23
		node: 14
		(x, y, z): (78, 63, 0)
		dem: 19
		earl: 10
		lat: 128
		servt: 10
		pid: 0
		did: 195
		servST: 53.58999999999999
		(h, h_ind): (-1, 0)
		load: 19.0

	Finished service at time: 63.58999999999999

	Using Machine: 0
		Task 23 -> Machine 0 (Station 1): 3.61
		Vehicle arrival at machine station: 67.19999999999999
		Waiting time until machine travel: 0.0

		Machine travel start time: 67.19999999999999
		Region 0 -> Region 1: 6.0
		Machine arrival at machine station: 73.19999999999999

		Machine 0 (Station 2)-> Task 56: 20.4
		Vehicle arrival at task: 93.6
		Waiting time until service start time: 0.0

	id: 56
		node: 29
		(x, y, z): (86, 40, 1)
		dem: 22
		earl: 80
		lat: 192
		servt: 10
		pid: 0
		did: 118
		servST: 93.6
		(h, h_ind): (0, 1)
		load: 41.0

	Finished service at time: 103.6

	Using Machine: 3
		Task 56 -> Machine 3 (Station 2): 23.35
		Vehicle arrival at machine station: 126.94999999999999
		Waiting time until machine travel: 0.0

		Machine travel start time: 126.95
		Region 1 -> Region 0: 4.24
		Machine arrival at machine station: 131.19

		Machine 3 (Station 1)-> Task 26: 67.68
		Vehicle arrival at task: 198.87
		Waiting time until service start time: 0.0

	id: 26
		node: 15
		(x, y, z): (64, 132, 0)
		dem: 8
		earl: 168
		lat: 411
		servt: 10
		pid: 0
		did: 45
		servST: 198.87
		(h, h_ind): (3, 2)
		load: 49.0

	Finished service at time: 208.87

	Task 26 -> Task 45: 34.13
	Vehicle arrival at task: 243.0
	Waiting time until service start time: 0.0

	id: 45
		node: 55
		(x, y, z): (82, 103, 0)
		dem: -8
		earl: 155
		lat: 243
		servt: 10
		pid: 26
		did: 0
		servST: 243.0
		(h, h_ind): (-1, 0)
		load: 41.0

	Finished service at time: 253.0

	Task 45 -> Task 73: 43.1
	Vehicle arrival at task: 296.1
	Waiting time until service start time: 54.94

	id: 73
		node: 41
		(x, y, z): (39, 100, 0)
		dem: 31
		earl: 274
		lat: 374
		servt: 10
		pid: 0
		did: 91
		servST: 351.03999999999996
		(h, h_ind): (-1, 0)
		load: 72.0

	Finished service at time: 361.03999999999996

	Task 73 -> Task 91: 18.03
	Vehicle arrival at task: 379.06999999999994
	Waiting time until service start time: 0.0

	id: 91
		node: 81
		(x, y, z): (33, 117, 0)
		dem: -31
		earl: 365
		lat: 507
		servt: 10
		pid: 73
		did: 0
		servST: 379.07
		(h, h_ind): (-1, 0)
		load: 41.0

	Finished service at time: 389.07

	Using Machine: 3
		Task 91 -> Machine 3 (Station 1): 68.68
		Vehicle arrival at machine station: 457.75
		Waiting time until machine travel: 0.0

		Machine travel start time: 457.75
		Region 0 -> Region 1: 4.24
		Machine arrival at machine station: 461.99

		Machine 3 (Station 2)-> Task 118: 42.01
		Vehicle arrival at task: 504.0
		Waiting time until service start time: 0.0

	id: 118
		node: 69
		(x, y, z): (108, 30, 1)
		dem: -22
		earl: 381
		lat: 504
		servt: 10
		pid: 56
		did: 0
		servST: 504.0
		(h, h_ind): (3, 3)
		load: 19.0

	Finished service at time: 514.0

	Task 118 -> Task 19: 4.47
	Vehicle arrival at task: 518.47
	Waiting time until service start time: 9.53

	id: 19
		node: 12
		(x, y, z): (104, 32, 1)
		dem: 18
		earl: 528
		lat: 670
		servt: 10
		pid: 0
		did: 175
		servST: 528.0
		(h, h_ind): (-1, 0)
		load: 37.0

	Finished service at time: 538.0

	Task 19 -> Task 195: 34.93
	Vehicle arrival at task: 572.93
	Waiting time until service start time: 132.07

	id: 195
		node: 54
		(x, y, z): (138, 24, 1)
		dem: -19
		earl: 705
		lat: 851
		servt: 10
		pid: 23
		did: 0
		servST: 705.0
		(h, h_ind): (-1, 0)
		load: 18.0

	Finished service at time: 715.0

	Task 195 -> Task 15: 17.03
	Vehicle arrival at task: 732.03
	Waiting time until service start time: 2.97

	id: 15
		node: 9
		(x, y, z): (137, 7, 1)
		dem: 40
		earl: 631
		lat: 735
		servt: 10
		pid: 0
		did: 51
		servST: 735.0
		(h, h_ind): (-1, 0)
		load: 58.0

	Finished service at time: 745.0

	Task 15 -> Task 51: 39.12
	Vehicle arrival at task: 784.12
	Waiting time until service start time: 62.88

	id: 51
		node: 49
		(x, y, z): (98, 4, 1)
		dem: -40
		earl: 694
		lat: 847
		servt: 10
		pid: 15
		did: 0
		servST: 847.0
		(h, h_ind): (-1, 0)
		load: 18.0

	Finished service at time: 857.0

	Task 51 -> Task 59: 7.28
	Vehicle arrival at task: 864.28
	Waiting time until service start time: 26.72

	id: 59
		node: 31
		(x, y, z): (105, 2, 1)
		dem: 1
		earl: 891
		lat: 1019
		servt: 10
		pid: 0
		did: 140
		servST: 891.0
		(h, h_ind): (-1, 0)
		load: 19.0

	Finished service at time: 901.0

	Using Machine: 0
		Task 59 -> Machine 0 (Station 2): 62.39
		Vehicle arrival at machine station: 963.39
		Waiting time until machine travel: 0.0

		Machine travel start time: 963.39
		Region 1 -> Region 0: 6.0
		Machine arrival at machine station: 969.39

		Machine 0 (Station 1)-> Task 3: 46.1
		Vehicle arrival at task: 1015.49
		Waiting time until service start time: 0.0

	id: 3
		node: 3
		(x, y, z): (30, 57, 0)
		dem: 20
		earl: 912
		lat: 1050
		servt: 10
		pid: 0
		did: 113
		servST: 1015.49
		(h, h_ind): (0, 3)
		load: 39.0

	Finished service at time: 1025.49

	Using Machine: 0
		Task 3 -> Machine 0 (Station 1): 46.1
		Vehicle arrival at machine station: 1071.59
		Waiting time until machine travel: 0.0

		Machine travel start time: 1071.59
		Region 0 -> Region 1: 6.0
		Machine arrival at machine station: 1077.59

		Machine 0 (Station 2)-> Task 9: 43.01
		Vehicle arrival at task: 1120.6
		Waiting time until service start time: 55.4

	id: 9
		node: 6
		(x, y, z): (107, 25, 1)
		dem: 13
		earl: 1133
		lat: 1176
		servt: 10
		pid: 0
		did: 129
		servST: 1176.0
		(h, h_ind): (0, 4)
		load: 52.0

	Finished service at time: 1186.0

	Task 9 -> Task 129: 4.24
	Vehicle arrival at task: 1190.24
	Waiting time until service start time: 45.76

	id: 129
		node: 46
		(x, y, z): (110, 28, 1)
		dem: -13
		earl: 1236
		lat: 1328
		servt: 10
		pid: 9
		did: 0
		servST: 1236.0
		(h, h_ind): (-1, 0)
		load: 39.0

	Finished service at time: 1246.0

	Using Machine: 3
		Task 129 -> Machine 3 (Station 2): 44.82
		Vehicle arrival at machine station: 1290.82
		Waiting time until machine travel: 0.0

		Machine travel start time: 1290.82
		Region 1 -> Region 0: 4.24
		Machine arrival at machine station: 1295.06

		Machine 3 (Station 1)-> Task 16: 49.41
		Vehicle arrival at task: 1344.47
		Waiting time until service start time: 0.0

	id: 16
		node: 10
		(x, y, z): (50, 106, 0)
		dem: 25
		earl: 1254
		lat: 1429
		servt: 10
		pid: 0
		did: 2
		servST: 1344.47
		(h, h_ind): (3, 5)
		load: 64.0

	Finished service at time: 1354.47

	Task 16 -> Task 113: 35.47
	Vehicle arrival at task: 1389.94
	Waiting time until service start time: 0.0

	id: 113
		node: 43
		(x, y, z): (37, 73, 0)
		dem: -20
		earl: 1358
		lat: 1449
		servt: 10
		pid: 3
		did: 0
		servST: 1389.94
		(h, h_ind): (-1, 0)
		load: 44.0

	Finished service at time: 1399.94

	Task 113 -> Task 64: 52.0
	Vehicle arrival at task: 1451.94
	Waiting time until service start time: 0.0

	id: 64
		node: 36
		(x, y, z): (37, 125, 0)
		dem: 10
		earl: 1328
		lat: 1540
		servt: 10
		pid: 0
		did: 163
		servST: 1451.94
		(h, h_ind): (-1, 0)
		load: 54.0

	Finished service at time: 1461.94

	Task 64 -> Task 28: 112.02
	Vehicle arrival at task: 1573.96
	Waiting time until service start time: 0.0

	id: 28
		node: 17
		(x, y, z): (39, 13, 0)
		dem: 20
		earl: 1490
		lat: 1637
		servt: 10
		pid: 0
		did: 76
		servST: 1573.96
		(h, h_ind): (-1, 0)
		load: 74.0

	Finished service at time: 1583.96

	Task 28 -> Task 76: 30.59
	Vehicle arrival at task: 1614.55
	Waiting time until service start time: 0.0

	id: 76
		node: 57
		(x, y, z): (9, 19, 0)
		dem: -20
		earl: 1472
		lat: 1631
		servt: 10
		pid: 28
		did: 0
		servST: 1614.55
		(h, h_ind): (-1, 0)
		load: 54.0

	Finished service at time: 1624.55

	Task 76 -> Task 2: 35.36
	Vehicle arrival at task: 1659.9099999999999
	Waiting time until service start time: 0.0

	id: 2
		node: 50
		(x, y, z): (26, 50, 0)
		dem: -25
		earl: 1552
		lat: 1667
		servt: 10
		pid: 16
		did: 0
		servST: 1659.9099999999999
		(h, h_ind): (-1, 0)
		load: 29.0

	Finished service at time: 1669.9099999999999

	Using Machine: 0
		Task 2 -> Machine 0 (Station 1): 50.99
		Vehicle arrival at machine station: 1720.8999999999999
		Waiting time until machine travel: 0.0

		Machine travel start time: 1720.8999999999999
		Region 0 -> Region 1: 6.0
		Machine arrival at machine station: 1726.8999999999999

		Machine 0 (Station 2)-> Task 175: 46.69
		Vehicle arrival at task: 1773.59
		Waiting time until service start time: 92.41

	id: 175
		node: 52
		(x, y, z): (90, 14, 1)
		dem: -18
		earl: 1866
		lat: 1965
		servt: 10
		pid: 19
		did: 0
		servST: 1866.0
		(h, h_ind): (0, 5)
		load: 11.0

	Finished service at time: 1876.0

	Using Machine: 3
		Task 175 -> Machine 3 (Station 2): 49.65
		Vehicle arrival at machine station: 1925.65
		Waiting time until machine travel: 0.0

		Machine travel start time: 1925.65
		Region 1 -> Region 0: 4.24
		Machine arrival at machine station: 1929.89

		Machine 3 (Station 1)-> Task 53: 26.17
		Vehicle arrival at task: 1956.0600000000002
		Waiting time until service start time: 0.0

	id: 53
		node: 28
		(x, y, z): (60, 84, 0)
		dem: 23
		earl: 1914
		lat: 2059
		servt: 10
		pid: 0
		did: 154
		servST: 1956.0600000000002
		(h, h_ind): (3, 6)
		load: 34.0

	Finished service at time: 1966.0600000000002

	Task 53 -> Task 154: 11.18
	Vehicle arrival at task: 1977.2400000000002
	Waiting time until service start time: 0.0

	id: 154
		node: 68
		(x, y, z): (58, 95, 0)
		dem: -23
		earl: 1949
		lat: 2050
		servt: 10
		pid: 53
		did: 0
		servST: 1977.2400000000002
		(h, h_ind): (-1, 0)
		load: 11.0

	Finished service at time: 1987.2400000000002

	Using Machine: 3
		Task 154 -> Machine 3 (Station 1): 35.81
		Vehicle arrival at machine station: 2023.0500000000002
		Waiting time until machine travel: 0.0

		Machine travel start time: 2023.0500000000002
		Region 0 -> Region 1: 4.24
		Machine arrival at machine station: 2027.2900000000002

		Machine 3 (Station 2)-> Task 140: 58.31
		Vehicle arrival at task: 2085.6000000000004
		Waiting time until service start time: 9.4

	id: 140
		node: 71
		(x, y, z): (112, 13, 1)
		dem: -1
		earl: 2095
		lat: 2224
		servt: 10
		pid: 59
		did: 0
		servST: 2095.0
		(h, h_ind): (3, 7)
		load: 10.0

	Finished service at time: 2105.0

	Task 140 -> Task 1: 17.03
	Vehicle arrival at task: 2122.03
	Waiting time until service start time: 0.0

	id: 1
		node: 2
		(x, y, z): (101, 0, 1)
		dem: 9
		earl: 1973
		lat: 2130
		servt: 10
		pid: 0
		did: 72
		servST: 2122.03
		(h, h_ind): (-1, 0)
		load: 19.0

	Finished service at time: 2132.03

	Using Machine: 0
		Task 1 -> Machine 0 (Station 2): 62.94
		Vehicle arrival at machine station: 2194.9700000000003
		Waiting time until machine travel: 0.0

		Machine travel start time: 2194.9700000000003
		Region 1 -> Region 0: 6.0
		Machine arrival at machine station: 2200.9700000000003

		Machine 0 (Station 1)-> Task 163: 28.43
		Vehicle arrival at task: 2229.4
		Waiting time until service start time: 0.0

	id: 163
		node: 76
		(x, y, z): (54, 78, 0)
		dem: -10
		earl: 2204
		lat: 2315
		servt: 10
		pid: 64
		did: 0
		servST: 2229.4
		(h, h_ind): (0, 6)
		load: 9.0

	Finished service at time: 2239.4

	Using Machine: 0
		Task 163 -> Machine 0 (Station 1): 28.43
		Vehicle arrival at machine station: 2267.83
		Waiting time until machine travel: 0.0

		Machine travel start time: 2267.83
		Region 0 -> Region 1: 6.0
		Machine arrival at machine station: 2273.83

		Machine 0 (Station 2)-> Task 72: 31.58
		Vehicle arrival at task: 2305.41
		Waiting time until service start time: 0.0

	id: 72
		node: 42
		(x, y, z): (88, 29, 1)
		dem: -9
		earl: 2254
		lat: 2377
		servt: 10
		pid: 1
		did: 0
		servST: 2305.41
		(h, h_ind): (0, 7)
		load: 0.0

	Finished service at time: 2315.41

	Using Machine: 3
		Task 72 -> Machine 3 (Station 2): 34.53
		Vehicle arrival at machine station: 2349.94
		Waiting time until machine travel: 0.0

		Machine travel start time: 2349.94
		Region 1 -> Region 0: 4.24
		Machine arrival at machine station: 2354.18

		Machine 3 (Station 1)-> Task 0: 9.85
		Vehicle arrival at task: 2364.0299999999997
		Waiting time until service start time: 0.0

	id: 0
		node: 82
		(x, y, z): (70, 70, 0)
		dem: 0
		earl: 0
		lat: 2535
		servt: 0
		pid: 0
		did: 0
		servST: 2364.03
		(h, h_ind): (3, 8)
		load: 0.0


Vehicle 34 :
	id: 0
		node: 1
		(x, y, z): (70, 70, 0)
		dem: 0
		earl: 0
		lat: 2535
		servt: 0
		pid: 0
		did: 0
		servST: 44.68999999999998
		(h, h_ind): (-1, 0)
		load: 0.0

	Finished service at time: 44.68999999999998

	Using Machine: 3
		Task 0 -> Machine 3 (Station 1): 9.85
		Vehicle arrival at machine station: 54.539999999999985
		Waiting time until machine travel: 0.0

		Machine travel start time: 54.539999999999985
		Region 0 -> Region 1: 4.24
		Machine arrival at machine station: 58.77999999999999

		Machine 3 (Station 2)-> Task 41: 6.08
		Vehicle arrival at task: 64.85999999999999
		Waiting time until service start time: 0.0

	id: 41
		node: 23
		(x, y, z): (81, 57, 1)
		dem: 8
		earl: 33
		lat: 104
		servt: 10
		pid: 0
		did: 101
		servST: 64.85999999999999
		(h, h_ind): (3, 1)
		load: 8.0

	Finished service at time: 74.85999999999999

	Task 41 -> Task 67: 18.44
	Vehicle arrival at task: 93.29999999999998
	Waiting time until service start time: 0.0

	id: 67
		node: 38
		(x, y, z): (85, 75, 1)
		dem: 37
		earl: 22
		lat: 186
		servt: 10
		pid: 0
		did: 108
		servST: 93.29999999999998
		(h, h_ind): (-1, 0)
		load: 45.0

	Finished service at time: 103.29999999999998

	Using Machine: 4
		Task 67 -> Machine 4 (Station 2): 11.18
		Vehicle arrival at machine station: 114.47999999999999
		Waiting time until machine travel: 0.0

		Machine travel start time: 114.47999999999999
		Region 1 -> Region 0: 5.0
		Machine arrival at machine station: 119.47999999999999

		Machine 4 (Station 1)-> Task 4: 50.49
		Vehicle arrival at task: 169.97
		Waiting time until service start time: 0.0

	id: 4
		node: 4
		(x, y, z): (29, 60, 0)
		dem: 14
		earl: 138
		lat: 199
		servt: 10
		pid: 0
		did: 79
		servST: 169.97
		(h, h_ind): (4, 2)
		load: 59.0

	Finished service at time: 179.97

	Task 4 -> Task 79: 57.97
	Vehicle arrival at task: 237.94
	Waiting time until service start time: 0.0

	id: 79
		node: 44
		(x, y, z): (44, 116, 0)
		dem: -14
		earl: 199
		lat: 345
		servt: 10
		pid: 4
		did: 0
		servST: 237.94
		(h, h_ind): (-1, 0)
		load: 45.0

	Finished service at time: 247.94

	Task 79 -> Task 36: 80.06
	Vehicle arrival at task: 328.0
	Waiting time until service start time: 0.0

	id: 36
		node: 22
		(x, y, z): (41, 36, 0)
		dem: 13
		earl: 203
		lat: 328
		servt: 10
		pid: 0
		did: 165
		servST: 328.0
		(h, h_ind): (-1, 0)
		load: 58.0

	Finished service at time: 338.0

	Task 36 -> Task 33: 7.07
	Vehicle arrival at task: 345.07
	Waiting time until service start time: 16.93

	id: 33
		node: 20
		(x, y, z): (42, 29, 0)
		dem: 12
		earl: 238
		lat: 362
		servt: 10
		pid: 0
		did: 35
		servST: 362.0
		(h, h_ind): (-1, 0)
		load: 70.0

	Finished service at time: 372.0

	Task 33 -> Task 35: 25.08
	Vehicle arrival at task: 397.08
	Waiting time until service start time: 3.92

	id: 35
		node: 60
		(x, y, z): (32, 6, 0)
		dem: -12
		earl: 401
		lat: 479
		servt: 10
		pid: 33
		did: 0
		servST: 401.0
		(h, h_ind): (-1, 0)
		load: 58.0

	Finished service at time: 411.0

	Task 35 -> Task 165: 56.14
	Vehicle arrival at task: 467.14
	Waiting time until service start time: 347.86

	id: 165
		node: 62
		(x, y, z): (28, 62, 0)
		dem: -13
		earl: 815
		lat: 873
		servt: 10
		pid: 36
		did: 0
		servST: 815.0
		(h, h_ind): (-1, 0)
		load: 45.0

	Finished service at time: 825.0

	Task 165 -> Task 11: 76.53
	Vehicle arrival at task: 901.53
	Waiting time until service start time: 0.0

	id: 11
		node: 7
		(x, y, z): (37, 138, 0)
		dem: 5
		earl: 866
		lat: 932
		servt: 10
		pid: 0
		did: 141
		servST: 901.53
		(h, h_ind): (-1, 0)
		load: 50.0

	Finished service at time: 911.53

	Task 11 -> Task 141: 12.17
	Vehicle arrival at task: 923.6999999999999
	Waiting time until service start time: 40.28

	id: 141
		node: 47
		(x, y, z): (49, 140, 0)
		dem: -5
		earl: 944
		lat: 1048
		servt: 10
		pid: 11
		did: 0
		servST: 963.98
		(h, h_ind): (-1, 0)
		load: 45.0

	Finished service at time: 973.98

	Task 141 -> Task 57: 32.02
	Vehicle arrival at task: 1006.0
	Waiting time until service start time: 0.0

	id: 57
		node: 30
		(x, y, z): (69, 115, 0)
		dem: 20
		earl: 836
		lat: 1006
		servt: 10
		pid: 0
		did: 126
		servST: 1006.0
		(h, h_ind): (-1, 0)
		load: 65.0

	Finished service at time: 1016.0

	Task 57 -> Task 66: 31.78
	Vehicle arrival at task: 1047.78
	Waiting time until service start time: 4.22

	id: 66
		node: 37
		(x, y, z): (38, 122, 0)
		dem: 13
		earl: 941
		lat: 1052
		servt: 10
		pid: 0
		did: 123
		servST: 1052.0
		(h, h_ind): (-1, 0)
		load: 78.0

	Finished service at time: 1062.0

	Task 66 -> Task 123: 14.42
	Vehicle arrival at task: 1076.42
	Waiting time until service start time: 12.58

	id: 123
		node: 77
		(x, y, z): (26, 130, 0)
		dem: -13
		earl: 1089
		lat: 1172
		servt: 10
		pid: 66
		did: 0
		servST: 1089.0
		(h, h_ind): (-1, 0)
		load: 65.0

	Finished service at time: 1099.0

	Using Machine: 3
		Task 123 -> Machine 3 (Station 1): 83.1
		Vehicle arrival at machine station: 1182.1
		Waiting time until machine travel: 0.0

		Machine travel start time: 1182.1
		Region 0 -> Region 1: 4.24
		Machine arrival at machine station: 1186.34

		Machine 3 (Station 2)-> Task 49: 39.62
		Vehicle arrival at task: 1225.9599999999998
		Waiting time until service start time: 0.04

	id: 49
		node: 27
		(x, y, z): (89, 24, 1)
		dem: 15
		earl: 1226
		lat: 1302
		servt: 10
		pid: 0
		did: 185
		servST: 1226.0
		(h, h_ind): (3, 4)
		load: 80.0

	Finished service at time: 1236.0

	Task 49 -> Task 101: 69.31
	Vehicle arrival at task: 1305.31
	Waiting time until service start time: 43.69

	id: 101
		node: 63
		(x, y, z): (139, 72, 1)
		dem: -8
		earl: 1349
		lat: 1466
		servt: 10
		pid: 41
		did: 0
		servST: 1349.0
		(h, h_ind): (-1, 0)
		load: 72.0

	Finished service at time: 1359.0

	Task 101 -> Task 185: 8.06
	Vehicle arrival at task: 1367.06
	Waiting time until service start time: 0.0

	id: 185
		node: 67
		(x, y, z): (135, 65, 1)
		dem: -15
		earl: 1313
		lat: 1517
		servt: 10
		pid: 49
		did: 0
		servST: 1367.06
		(h, h_ind): (-1, 0)
		load: 57.0

	Finished service at time: 1377.06

	Using Machine: 1
		Task 185 -> Machine 1 (Station 2): 53.15
		Vehicle arrival at machine station: 1430.21
		Waiting time until machine travel: 0.0

		Machine travel start time: 1430.21
		Region 1 -> Region 0: 8.54
		Machine arrival at machine station: 1438.75

		Machine 1 (Station 1)-> Task 108: 71.28
		Vehicle arrival at task: 1510.03
		Waiting time until service start time: 70.97

	id: 108
		node: 78
		(x, y, z): (15, 18, 0)
		dem: -37
		earl: 1581
		lat: 1739
		servt: 10
		pid: 67
		did: 0
		servST: 1581.0
		(h, h_ind): (1, 3)
		load: 20.0

	Finished service at time: 1591.0

	Task 108 -> Task 126: 98.23
	Vehicle arrival at task: 1689.23
	Waiting time until service start time: 148.77

	id: 126
		node: 70
		(x, y, z): (40, 113, 0)
		dem: -20
		earl: 1838
		lat: 2094
		servt: 10
		pid: 57
		did: 0
		servST: 1838.0
		(h, h_ind): (-1, 0)
		load: 0.0

	Finished service at time: 1848.0

	Task 126 -> Task 0: 52.43
	Vehicle arrival at task: 1900.43
	Waiting time until service start time: 0.0

	id: 0
		node: 82
		(x, y, z): (70, 70, 0)
		dem: 0
		earl: 0
		lat: 2535
		servt: 0
		pid: 0
		did: 0
		servST: 1900.43
		(h, h_ind): (-1, 0)
		load: 0.0


---------------------| MACHINES |---------------------

Machine 0 :
	setup duration: 0.0

	vehicle: 29
	vehicleInd: 3
	(orig, dest): (23, 56)
	(origRegion, destRegion): (0, 1)
	st: 67.19999999999999
	duration: 6.0

	setup duration: 6.0

	vehicle: 2
	vehicleInd: 4
	(orig, dest): (34, 61)
	(origRegion, destRegion): (0, 1)
	st: 255.74
	duration: 6.0

	setup duration: 0.0

	vehicle: 29
	vehicleInd: 14
	(orig, dest): (59, 3)
	(origRegion, destRegion): (1, 0)
	st: 963.39
	duration: 6.0

	setup duration: 0.0

	vehicle: 29
	vehicleInd: 15
	(orig, dest): (3, 9)
	(origRegion, destRegion): (0, 1)
	st: 1071.59
	duration: 6.0

	setup duration: 6.0

	vehicle: 29
	vehicleInd: 23
	(orig, dest): (2, 175)
	(origRegion, destRegion): (0, 1)
	st: 1720.8999999999999
	duration: 6.0

	setup duration: 0.0

	vehicle: 29
	vehicleInd: 28
	(orig, dest): (1, 163)
	(origRegion, destRegion): (1, 0)
	st: 2194.9700000000003
	duration: 6.0

	setup duration: 0.0

	vehicle: 29
	vehicleInd: 29
	(orig, dest): (163, 72)
	(origRegion, destRegion): (0, 1)
	st: 2267.83
	duration: 6.0


Machine 1 :
	setup duration: 0.0

	vehicle: 28
	vehicleInd: 4
	(orig, dest): (62, 119)
	(origRegion, destRegion): (0, 1)
	st: 207.45
	duration: 8.54

	setup duration: 8.54

	vehicle: 2
	vehicleInd: 11
	(orig, dest): (63, 178)
	(origRegion, destRegion): (0, 1)
	st: 867.6800000000001
	duration: 8.54

	setup duration: 0.0

	vehicle: 34
	vehicleInd: 18
	(orig, dest): (185, 108)
	(origRegion, destRegion): (1, 0)
	st: 1430.21
	duration: 8.54


Machine 2 :
	setup duration: 12.21

	vehicle: 28
	vehicleInd: 3
	(orig, dest): (60, 62)
	(origRegion, destRegion): (1, 0)
	st: 124.78999999999998
	duration: 12.21


Machine 3 :
	setup duration: 0.0

	vehicle: 34
	vehicleInd: 2
	(orig, dest): (0, 41)
	(origRegion, destRegion): (0, 1)
	st: 54.539999999999985
	duration: 4.24

	setup duration: 0.0

	vehicle: 29
	vehicleInd: 4
	(orig, dest): (56, 26)
	(origRegion, destRegion): (1, 0)
	st: 126.95
	duration: 4.24

	setup duration: 0.0

	vehicle: 29
	vehicleInd: 8
	(orig, dest): (91, 118)
	(origRegion, destRegion): (0, 1)
	st: 457.75
	duration: 4.24

	setup duration: 4.24

	vehicle: 34
	vehicleInd: 15
	(orig, dest): (123, 49)
	(origRegion, destRegion): (0, 1)
	st: 1182.1
	duration: 4.24

	setup duration: 0.0

	vehicle: 29
	vehicleInd: 17
	(orig, dest): (129, 16)
	(origRegion, destRegion): (1, 0)
	st: 1290.82
	duration: 4.24

	setup duration: 4.24

	vehicle: 29
	vehicleInd: 24
	(orig, dest): (175, 53)
	(origRegion, destRegion): (1, 0)
	st: 1925.65
	duration: 4.24

	setup duration: 0.0

	vehicle: 29
	vehicleInd: 26
	(orig, dest): (154, 140)
	(origRegion, destRegion): (0, 1)
	st: 2023.0500000000002
	duration: 4.24

	setup duration: 0.0

	vehicle: 29
	vehicleInd: 30
	(orig, dest): (72, 0)
	(origRegion, destRegion): (1, 0)
	st: 2349.94
	duration: 4.24


Machine 4 :
	setup duration: 0.0

	vehicle: 28
	vehicleInd: 2
	(orig, dest): (0, 60)
	(origRegion, destRegion): (0, 1)
	st: 53.34999999999999
	duration: 5.0

	setup duration: 0.0

	vehicle: 34
	vehicleInd: 4
	(orig, dest): (67, 4)
	(origRegion, destRegion): (1, 0)
	st: 114.47999999999999
	duration: 5.0

	setup duration: 0.0

	vehicle: 21
	vehicleInd: 3
	(orig, dest): (8, 71)
	(origRegion, destRegion): (0, 1)
	st: 410.86
	duration: 5.0

	setup duration: 0.0

	vehicle: 2
	vehicleInd: 9
	(orig, dest): (32, 78)
	(origRegion, destRegion): (1, 0)
	st: 656.02
	duration: 5.0

	setup duration: 5.0

	vehicle: 21
	vehicleInd: 6
	(orig, dest): (191, 0)
	(origRegion, destRegion): (1, 0)
	st: 845.19
	duration: 5.0

	setup duration: 5.0

	vehicle: 28
	vehicleInd: 13
	(orig, dest): (69, 5)
	(origRegion, destRegion): (1, 0)
	st: 1236.85
	duration: 5.0

	setup duration: 5.0

	vehicle: 2
	vehicleInd: 17
	(orig, dest): (187, 55)
	(origRegion, destRegion): (1, 0)
	st: 1425.88
	duration: 5.0

	setup duration: 0.0

	vehicle: 28
	vehicleInd: 14
	(orig, dest): (5, 156)
	(origRegion, destRegion): (0, 1)
	st: 1441.01
	duration: 5.0

	setup duration: 0.0

	vehicle: 28
	vehicleInd: 16
	(orig, dest): (42, 0)
	(origRegion, destRegion): (1, 0)
	st: 1624.8700000000001
	duration: 5.0


-------------------| COMPL. TIMES |-------------------

Vehicle 0 : 0.0
Vehicle 1 : 0.0
Vehicle 2 : 1360.19
Vehicle 3 : 0.0
Vehicle 4 : 0.0
Vehicle 5 : 0.0
Vehicle 6 : 0.0
Vehicle 7 : 0.0
Vehicle 8 : 0.0
Vehicle 9 : 0.0
Vehicle 10 : 0.0
Vehicle 11 : 0.0
Vehicle 12 : 0.0
Vehicle 13 : 0.0
Vehicle 14 : 0.0
Vehicle 15 : 0.0
Vehicle 16 : 0.0
Vehicle 17 : 0.0
Vehicle 18 : 0.0
Vehicle 19 : 0.0
Vehicle 20 : 0.0
Vehicle 21 : 679.45
Vehicle 22 : 0.0
Vehicle 23 : 0.0
Vehicle 24 : 0.0
Vehicle 25 : 0.0
Vehicle 26 : 0.0
Vehicle 27 : 0.0
Vehicle 28 : 1595.5000000000002
Vehicle 29 : 2321.07
Vehicle 30 : 0.0
Vehicle 31 : 0.0
Vehicle 32 : 0.0
Vehicle 33 : 0.0
Vehicle 34 : 1855.74
Vehicle 35 : 0.0
Vehicle 36 : 0.0
Vehicle 37 : 0.0
Vehicle 38 : 0.0
Vehicle 39 : 0.0
-------------------| STATISTICS |-------------------

    Vehicles used                           : 12.5
    Machines used                           : 100.0
    Max load (vehicles)                     : 100.0
    Min load (vehicles)                     : 70.1493
    Mean load (vehicles)                    : 89.5299
    Min completion time                     : 26.8028
    Max completion time                     : 91.5609
    Mean completion time                    : 61.6327
    Avrg travel time (with vehicle)         : 1.6961
    Avrg travel time (only with vehicle)    : 1.2525
    Avrg travel time (no vehicle)           : 0.4436
    Avrg waiting time (machine travel)      : 5.2363
    Avrg waiting time (service)             : 23.873
    Machines travel times (with vehicle)    : [2.1302, 1.3475, 0.9633, 1.6726, 2.3669]
    Machines travel times (no vehicle)      : [0.4734, 0.3369, 0.4817, 0.3345, 0.5917]
    Max load per vehicle                    : [0.0, 0.0, 93.75, 0.0, 0.0, 0.0, 0.0, 0.0, 0.0, 0.0, 0.0, 0.0, 0.0, 0.0, 0.0, 0.0, 0.0, 0.0, 0.0, 0.0, 0.0, 70.1493, 0.0, 0.0, 0.0, 0.0, 0.0, 0.0, 91.25, 92.5, 0.0, 0.0, 0.0, 0.0, 100.0, 0.0, 0.0, 0.0, 0.0, 0.0]

----------------------------------------------------

TOTAL: 7811.950000000001

Everything is awesome!
