Set parameter WLSAccessID
Set parameter WLSSecret
Set parameter LicenseID to value 2661775
Academic license 2661775 - for non-commercial use only - registered to me___@dcc.ufba.br
Loading line 2: methodType heur
Loading line 3: methodCode mslp
Loading line 4: seed 0
Loading line 5: threads 1
Loading line 6: greedy_service_order random
Loading line 7: outputFlagGrbMSLP 0
Loading line 8: mslpa 60000
Loading line 9: mslpr I
Loading line 10: maxtime 3600
Loading line 11: output ./logs/
Loading line 12: printsol 1
Loading line 13: solverMethod A
Instance: LR1_2_10_t1_60R_60V_02F_06M

[05:27:24.435] Running Data.readData with file /dados/rmelo/PDPTW-SE/benchmark_multi_floor_v3/official_experiments/multistartlp/preliminar/set_01_pt_01/../../../../instances/orig_ams_fg/60R_60V_02F_06M/t1/LR1_2_10/
vehicles: Vehicle[Vehicle(0, 54), Vehicle(1, 68), Vehicle(2, 82), Vehicle(3, 54), Vehicle(4, 68), Vehicle(5, 54), Vehicle(6, 82), Vehicle(7, 82), Vehicle(8, 54), Vehicle(9, 82), Vehicle(10, 68), Vehicle(11, 68), Vehicle(12, 82), Vehicle(13, 54), Vehicle(14, 54), Vehicle(15, 54), Vehicle(16, 68), Vehicle(17, 82), Vehicle(18, 54), Vehicle(19, 82), Vehicle(20, 82), Vehicle(21, 82), Vehicle(22, 68), Vehicle(23, 82), Vehicle(24, 54), Vehicle(25, 68), Vehicle(26, 54), Vehicle(27, 54), Vehicle(28, 82), Vehicle(29, 82), Vehicle(30, 68), Vehicle(31, 82), Vehicle(32, 54), Vehicle(33, 54), Vehicle(34, 82), Vehicle(35, 54), Vehicle(36, 82), Vehicle(37, 54), Vehicle(38, 82), Vehicle(39, 68), Vehicle(40, 82), Vehicle(41, 54), Vehicle(42, 82), Vehicle(43, 68), Vehicle(44, 82), Vehicle(45, 68), Vehicle(46, 68), Vehicle(47, 54), Vehicle(48, 68), Vehicle(49, 82), Vehicle(50, 54), Vehicle(51, 82), Vehicle(52, 68), Vehicle(53, 68), Vehicle(54, 68), Vehicle(55, 68), Vehicle(56, 82), Vehicle(57, 54), Vehicle(58, 82), Vehicle(59, 82)]
vehicle_types: Vehicle[Vehicle(0, 54), Vehicle(1, 68), Vehicle(2, 82)]
Machine[Machine(0, Point[Point(73, 70, 0), Point(73, 70, 1)], 0.2), Machine(1, Point[Point(69, 70, 0), Point(69, 70, 1)], 0.2), Machine(2, Point[Point(75, 70, 0), Point(75, 70, 1)], 0.2), Machine(3, Point[Point(67, 70, 0), Point(67, 70, 1)], 0.2), Machine(4, Point[Point(77, 70, 0), Point(77, 70, 1)], 0.2), Machine(5, Point[Point(65, 70, 0), Point(65, 70, 1)], 0.2)]
refs: [1, 2, 5, 6, 7, 8, 12, 13, 15, 17, 18, 20, 22, 23, 26, 28, 30, 31, 32, 33, 34, 35, 36, 39, 41, 42, 44, 45, 47, 50, 51, 52, 53, 55, 56, 57, 59, 60, 67, 69, 70, 71, 73, 74, 77, 80, 81, 84, 85, 87, 88, 89, 90, 91, 94, 95, 97, 101, 103, 105, 108, 98, 119, 10, 66, 86, 63, 40, 111, 120, 102, 106, 116, 21, 29, 114, 82, 37, 75, 78, 121, 46, 58, 48, 9, 54, 68, 113, 19, 49, 43, 4, 25, 107, 117, 27, 72, 14, 100, 3, 83, 16, 65, 62, 118, 11, 112, 76, 61, 110, 96, 99, 24, 64, 79, 92, 109, 115, 93, 104, 38, 1]
V: [1, 2, 3, 4, 5, 6, 7, 8, 9, 10, 11, 12, 13, 14, 15, 16, 17, 18, 19, 20, 21, 22, 23, 24, 25, 26, 27, 28, 29, 30, 31, 32, 33, 34, 35, 36, 37, 38, 39, 40, 41, 42, 43, 44, 45, 46, 47, 48, 49, 50, 51, 52, 53, 54, 55, 56, 57, 58, 59, 60, 61, 62, 63, 64, 65, 66, 67, 68, 69, 70, 71, 72, 73, 74, 75, 76, 77, 78, 79, 80, 81, 82, 83, 84, 85, 86, 87, 88, 89, 90, 91, 92, 93, 94, 95, 96, 97, 98, 99, 100, 101, 102, 103, 104, 105, 106, 107, 108, 109, 110, 111, 112, 113, 114, 115, 116, 117, 118, 119, 120, 121]
V_p: [2, 3, 4, 5, 6, 7, 8, 9, 10, 11, 12, 13, 14, 15, 16, 17, 18, 19, 20, 21, 22, 23, 24, 25, 26, 27, 28, 29, 30, 31, 32, 33, 34, 35, 36, 37, 38, 39, 40, 41, 42, 43, 44, 45, 46, 47, 48, 49, 50, 51, 52, 53, 54, 55, 56, 57, 58, 59, 60, 61]
V_d: [62, 63, 64, 65, 66, 67, 68, 69, 70, 71, 72, 73, 74, 75, 76, 77, 78, 79, 80, 81, 82, 83, 84, 85, 86, 87, 88, 89, 90, 91, 92, 93, 94, 95, 96, 97, 98, 99, 100, 101, 102, 103, 104, 105, 106, 107, 108, 109, 110, 111, 112, 113, 114, 115, 116, 117, 118, 119, 120, 121]
Vprime: [1, 2, 3, 4, 5, 6, 7, 8, 9, 10, 11, 12, 13, 14, 15, 16, 17, 18, 19, 20, 21, 22, 23, 24, 25, 26, 27, 28, 29, 30, 31, 32, 33, 34, 35, 36, 37, 38, 39, 40, 41, 42, 43, 44, 45, 46, 47, 48, 49, 50, 51, 52, 53, 54, 55, 56, 57, 58, 59, 60, 61, 62, 63, 64, 65, 66, 67, 68, 69, 70, 71, 72, 73, 74, 75, 76, 77, 78, 79, 80, 81, 82, 83, 84, 85, 86, 87, 88, 89, 90, 91, 92, 93, 94, 95, 96, 97, 98, 99, 100, 101, 102, 103, 104, 105, 106, 107, 108, 109, 110, 111, 112, 113, 114, 115, 116, 117, 118, 119, 120, 121, 122]
V: [1, 2, 3, 4, 5, 6, 7, 8, 9, 10, 11, 12, 13, 14, 15, 16, 17, 18, 19, 20, 21, 22, 23, 24, 25, 26, 27, 28, 29, 30, 31, 32, 33, 34, 35, 36, 37, 38, 39, 40, 41, 42, 43, 44, 45, 46, 47, 48, 49, 50, 51, 52, 53, 54, 55, 56, 57, 58, 59, 60, 61, 62, 63, 64, 65, 66, 67, 68, 69, 70, 71, 72, 73, 74, 75, 76, 77, 78, 79, 80, 81, 82, 83, 84, 85, 86, 87, 88, 89, 90, 91, 92, 93, 94, 95, 96, 97, 98, 99, 100, 101, 102, 103, 104, 105, 106, 107, 108, 109, 110, 111, 112, 113, 114, 115, 116, 117, 118, 119, 120, 121]
q: [0, 34, 19, 32, 14, 22, 18, 16, 13, 29, 13, 7, 10, 10, 8, 9, 18, 18, 33, 18, 12, 17, 15, 30, 23, 13, 32, 23, 31, 9, 17, 12, 15, 6, 36, 17, 20, 32, 10, 4, 23, 18, 19, 16, 3, 8, 27, 11, 29, 22, 30, 1, 20, 5, 25, 41, 20, 20, 19, 9, 4, -34, -19, -32, -14, -22, -18, -16, -13, -29, -13, -7, -10, -10, -8, -9, -18, -18, -33, -18, -12, -17, -15, -30, -23, -13, -32, -23, -31, -9, -17, -12, -15, -6, -36, -17, -20, -32, -10, -4, -23, -18, -19, -16, -3, -8, -27, -11, -29, -22, -30, -1, -20, -5, -25, -41, -20, -20, -19, -9, -4, 0]
H: [1, 2, 3, 4, 5, 6]
f: [[1, 1, 1, 1, 1, 1], [2, 2, 2, 2, 2, 2], [1, 1, 1, 1, 1, 1], [1, 1, 1, 1, 1, 1], [1, 1, 1, 1, 1, 1], [1, 1, 1, 1, 1, 1], [1, 1, 1, 1, 1, 1], [1, 1, 1, 1, 1, 1], [2, 2, 2, 2, 2, 2], [2, 2, 2, 2, 2, 2], [1, 1, 1, 1, 1, 1], [1, 1, 1, 1, 1, 1], [1, 1, 1, 1, 1, 1], [1, 1, 1, 1, 1, 1], [1, 1, 1, 1, 1, 1], [2, 2, 2, 2, 2, 2], [2, 2, 2, 2, 2, 2], [2, 2, 2, 2, 2, 2], [2, 2, 2, 2, 2, 2], [2, 2, 2, 2, 2, 2], [1, 1, 1, 1, 1, 1], [1, 1, 1, 1, 1, 1], [1, 1, 1, 1, 1, 1], [2, 2, 2, 2, 2, 2], [2, 2, 2, 2, 2, 2], [1, 1, 1, 1, 1, 1], [1, 1, 1, 1, 1, 1], [2, 2, 2, 2, 2, 2], [1, 1, 1, 1, 1, 1], [2, 2, 2, 2, 2, 2], [2, 2, 2, 2, 2, 2], [2, 2, 2, 2, 2, 2], [2, 2, 2, 2, 2, 2], [1, 1, 1, 1, 1, 1], [1, 1, 1, 1, 1, 1], [1, 1, 1, 1, 1, 1], [2, 2, 2, 2, 2, 2], [2, 2, 2, 2, 2, 2], [2, 2, 2, 2, 2, 2], [2, 2, 2, 2, 2, 2], [1, 1, 1, 1, 1, 1], [2, 2, 2, 2, 2, 2], [2, 2, 2, 2, 2, 2], [2, 2, 2, 2, 2, 2], [2, 2, 2, 2, 2, 2], [1, 1, 1, 1, 1, 1], [1, 1, 1, 1, 1, 1], [1, 1, 1, 1, 1, 1], [1, 1, 1, 1, 1, 1], [2, 2, 2, 2, 2, 2], [1, 1, 1, 1, 1, 1], [1, 1, 1, 1, 1, 1], [2, 2, 2, 2, 2, 2], [2, 2, 2, 2, 2, 2], [1, 1, 1, 1, 1, 1], [2, 2, 2, 2, 2, 2], [2, 2, 2, 2, 2, 2], [2, 2, 2, 2, 2, 2], [1, 1, 1, 1, 1, 1], [2, 2, 2, 2, 2, 2], [1, 1, 1, 1, 1, 1], [1, 1, 1, 1, 1, 1], [2, 2, 2, 2, 2, 2], [1, 1, 1, 1, 1, 1], [2, 2, 2, 2, 2, 2], [2, 2, 2, 2, 2, 2], [1, 1, 1, 1, 1, 1], [1, 1, 1, 1, 1, 1], [2, 2, 2, 2, 2, 2], [1, 1, 1, 1, 1, 1], [1, 1, 1, 1, 1, 1], [2, 2, 2, 2, 2, 2], [2, 2, 2, 2, 2, 2], [2, 2, 2, 2, 2, 2], [1, 1, 1, 1, 1, 1], [1, 1, 1, 1, 1, 1], [1, 1, 1, 1, 1, 1], [2, 2, 2, 2, 2, 2], [1, 1, 1, 1, 1, 1], [2, 2, 2, 2, 2, 2], [2, 2, 2, 2, 2, 2], [2, 2, 2, 2, 2, 2], [1, 1, 1, 1, 1, 1], [1, 1, 1, 1, 1, 1], [1, 1, 1, 1, 1, 1], [2, 2, 2, 2, 2, 2], [2, 2, 2, 2, 2, 2], [2, 2, 2, 2, 2, 2], [1, 1, 1, 1, 1, 1], [2, 2, 2, 2, 2, 2], [1, 1, 1, 1, 1, 1], [2, 2, 2, 2, 2, 2], [1, 1, 1, 1, 1, 1], [2, 2, 2, 2, 2, 2], [1, 1, 1, 1, 1, 1], [2, 2, 2, 2, 2, 2], [1, 1, 1, 1, 1, 1], [1, 1, 1, 1, 1, 1], [2, 2, 2, 2, 2, 2], [1, 1, 1, 1, 1, 1], [2, 2, 2, 2, 2, 2], [1, 1, 1, 1, 1, 1], [1, 1, 1, 1, 1, 1], [2, 2, 2, 2, 2, 2], [1, 1, 1, 1, 1, 1], [1, 1, 1, 1, 1, 1], [1, 1, 1, 1, 1, 1], [1, 1, 1, 1, 1, 1], [2, 2, 2, 2, 2, 2], [1, 1, 1, 1, 1, 1], [2, 2, 2, 2, 2, 2], [1, 1, 1, 1, 1, 1], [2, 2, 2, 2, 2, 2], [2, 2, 2, 2, 2, 2], [1, 1, 1, 1, 1, 1], [2, 2, 2, 2, 2, 2], [1, 1, 1, 1, 1, 1], [2, 2, 2, 2, 2, 2], [2, 2, 2, 2, 2, 2], [1, 1, 1, 1, 1, 1], [1, 1, 1, 1, 1, 1], [1, 1, 1, 1, 1, 1]]
1 1 1 -> 0.0
1 2 1 -> 5.0
2 1 1 -> 5.0
2 2 1 -> 0.0
1 1 2 -> 0.0
1 2 2 -> 5.0
2 1 2 -> 5.0
2 2 2 -> 0.0
1 1 3 -> 0.0
1 2 3 -> 5.0
2 1 3 -> 5.0
2 2 3 -> 0.0
1 1 4 -> 0.0
1 2 4 -> 5.0
2 1 4 -> 5.0
2 2 4 -> 0.0
1 1 5 -> 0.0
1 2 5 -> 5.0
2 1 5 -> 5.0
2 2 5 -> 0.0
1 1 6 -> 0.0
1 2 6 -> 5.0
2 1 6 -> 5.0
2 2 6 -> 0.0
o: (1, 2, 1) => 5.0
o: (1, 2, 5) => 5.0
o: (1, 2, 3) => 5.0
o: (1, 1, 2) => 0.0
o: (2, 2, 6) => 0.0
o: (2, 1, 4) => 5.0
o: (1, 2, 2) => 5.0
o: (1, 1, 6) => 0.0
o: (2, 1, 1) => 5.0
o: (2, 1, 5) => 5.0
o: (2, 1, 3) => 5.0
o: (2, 2, 4) => 0.0
o: (1, 2, 6) => 5.0
o: (2, 2, 1) => 0.0
o: (2, 2, 5) => 0.0
o: (2, 2, 3) => 0.0
o: (2, 1, 2) => 5.0
o: (1, 1, 4) => 0.0
o: (1, 1, 1) => 0.0
o: (1, 1, 5) => 0.0
o: (1, 1, 3) => 0.0
o: (1, 2, 4) => 5.0
o: (2, 2, 2) => 0.0
o: (2, 1, 6) => 5.0

[124, 819, 809, 742, 732, 737, 645, 6]
JOBS in the order of refs (Vprime)
Node 1: Job(0, Point(70, 70, 0), 0, 0, 634, 0, 0, 0)
Node 2: Job(1, Point(107, 77, 1), 34, 37, 197, 10, 0, 126)
Node 3: Job(4, Point(48, 47, 0), 19, 31, 163, 10, 0, 190)
Node 4: Job(5, Point(116, 22, 0), 32, 106, 199, 10, 0, 9)
Node 5: Job(6, Point(12, 138, 0), 14, 236, 343, 10, 0, 83)
Node 6: Job(7, Point(86, 40, 0), 22, 34, 201, 10, 0, 110)
Node 7: Job(11, Point(129, 24, 0), 18, 311, 388, 10, 0, 79)
Node 8: Job(12, Point(12, 84, 0), 16, 150, 278, 10, 0, 47)
Node 9: Job(15, Point(41, 36, 1), 13, 44, 153, 10, 0, 153)
Node 10: Job(17, Point(104, 139, 1), 29, 284, 417, 10, 0, 192)
Node 11: Job(18, Point(104, 54, 0), 13, 37, 155, 10, 0, 131)
Node 12: Job(20, Point(46, 133, 0), 7, 67, 154, 10, 0, 136)
Node 13: Job(22, Point(16, 92, 0), 10, 311, 437, 10, 0, 174)
Node 14: Job(26, Point(139, 73, 0), 10, 69, 137, 10, 0, 21)
Node 15: Job(30, Point(64, 132, 0), 8, 62, 144, 10, 0, 34)
Node 16: Job(32, Point(54, 106, 1), 9, 219, 400, 10, 0, 159)
Node 17: Job(35, Point(82, 100, 1), 18, 61, 177, 10, 0, 105)
Node 18: Job(36, Point(108, 30, 1), 18, 77, 145, 10, 0, 44)
Node 19: Job(37, Point(37, 73, 1), 33, 279, 423, 10, 0, 96)
Node 20: Job(38, Point(50, 112, 1), 18, 188, 305, 10, 0, 100)
Node 21: Job(40, Point(92, 138, 0), 12, 353, 480, 10, 0, 200)
Node 22: Job(41, Point(81, 36, 0), 17, 35, 165, 10, 0, 56)
Node 23: Job(43, Point(13, 48, 0), 15, 388, 482, 10, 0, 70)
Node 24: Job(46, Point(44, 58, 1), 30, 28, 144, 10, 0, 58)
Node 25: Job(48, Point(116, 105, 1), 23, 123, 195, 10, 0, 8)
Node 26: Job(50, Point(140, 42, 0), 13, 75, 216, 10, 0, 66)
Node 27: Job(54, Point(32, 52, 0), 32, 129, 203, 10, 0, 85)
Node 28: Job(55, Point(89, 39, 1), 23, 36, 206, 10, 0, 157)
Node 29: Job(57, Point(39, 100, 0), 31, 43, 212, 10, 0, 19)
Node 30: Job(60, Point(73, 96, 1), 9, 139, 223, 10, 0, 59)
Node 31: Job(62, Point(55, 127, 1), 17, 204, 342, 10, 0, 52)
Node 32: Job(63, Point(103, 44, 1), 12, 42, 157, 10, 0, 3)
Node 33: Job(65, Point(16, 62, 1), 15, 348, 475, 10, 0, 29)
Node 34: Job(67, Point(90, 44, 0), 6, 32, 143, 10, 0, 137)
Node 35: Job(68, Point(113, 32, 0), 36, 86, 233, 10, 0, 180)
Node 36: Job(69, Point(104, 73, 0), 17, 196, 332, 10, 0, 31)
Node 37: Job(72, Point(54, 33, 1), 20, 40, 149, 10, 0, 93)
Node 38: Job(73, Point(70, 94, 1), 32, 24, 127, 10, 0, 13)
Node 39: Job(84, Point(46, 112, 1), 10, 204, 397, 10, 0, 128)
Node 40: Job(87, Point(79, 80, 1), 4, 13, 142, 10, 0, 2)
Node 41: Job(89, Point(28, 62, 0), 23, 158, 265, 10, 0, 106)
Node 42: Job(92, Point(120, 102, 1), 18, 68, 156, 10, 0, 16)
Node 43: Job(94, Point(4, 71, 1), 19, 108, 243, 10, 0, 82)
Node 44: Job(95, Point(19, 120, 1), 16, 237, 316, 10, 0, 77)
Node 45: Job(98, Point(49, 140, 1), 3, 178, 320, 10, 0, 189)
Node 46: Job(102, Point(17, 138, 0), 8, 403, 493, 10, 0, 10)
Node 47: Job(103, Point(103, 82, 0), 27, 285, 397, 10, 0, 154)
Node 48: Job(108, Point(54, 78, 0), 11, 458, 607, 10, 0, 97)
Node 49: Job(109, Point(83, 12, 0), 29, 201, 290, 10, 0, 75)
Node 50: Job(112, Point(78, 111, 1), 22, 41, 164, 10, 0, 146)
Node 51: Job(113, Point(116, 83, 0), 30, 141, 247, 10, 0, 124)
Node 52: Job(114, Point(29, 94, 0), 1, 220, 364, 10, 0, 127)
Node 53: Job(116, Point(110, 28, 1), 20, 232, 408, 10, 0, 27)
Node 54: Job(117, Point(116, 13, 1), 5, 73, 200, 10, 0, 80)
Node 55: Job(121, Point(85, 111, 0), 25, 206, 329, 10, 0, 101)
Node 56: Job(123, Point(137, 84, 1), 41, 68, 194, 10, 0, 119)
Node 57: Job(125, Point(30, 57, 1), 20, 194, 297, 10, 0, 141)
Node 58: Job(129, Point(23, 39, 1), 20, 307, 427, 10, 0, 164)
Node 59: Job(132, Point(78, 63, 0), 19, 10, 124, 10, 0, 120)
Node 60: Job(135, Point(58, 11, 1), 9, 72, 212, 10, 0, 133)
Node 61: Job(138, Point(55, 102, 0), 4, 249, 411, 10, 0, 45)
Node 62: Job(126, Point(139, 72, 0), -34, 301, 403, 10, 1, 0)
Node 63: Job(190, Point(33, 0, 1), -19, 424, 545, 10, 4, 0)
Node 64: Job(9, Point(61, 57, 0), -32, 334, 446, 10, 5, 0)
Node 65: Job(83, Point(51, 92, 1), -14, 396, 530, 10, 6, 0)
Node 66: Job(110, Point(34, 72, 1), -22, 421, 588, 10, 7, 0)
Node 67: Job(79, Point(113, 45, 0), -18, 257, 371, 10, 11, 0)
Node 68: Job(47, Point(8, 87, 0), -16, 360, 473, 10, 12, 0)
Node 69: Job(153, Point(32, 6, 1), -13, 74, 201, 10, 15, 0)
Node 70: Job(192, Point(97, 115, 0), -29, 312, 455, 10, 17, 0)
Node 71: Job(131, Point(138, 24, 0), -13, 152, 237, 10, 18, 0)
Node 72: Job(136, Point(26, 130, 1), -7, 243, 323, 10, 20, 0)
Node 73: Job(174, Point(37, 79, 1), -10, 383, 503, 10, 22, 0)
Node 74: Job(21, Point(138, 78, 1), -10, 168, 267, 10, 26, 0)
Node 75: Job(34, Point(63, 129, 0), -8, 183, 260, 10, 30, 0)
Node 76: Job(159, Point(37, 125, 0), -9, 292, 424, 10, 32, 0)
Node 77: Job(105, Point(70, 83, 0), -18, 432, 567, 10, 35, 0)
Node 78: Job(44, Point(113, 35, 1), -18, 55, 136, 10, 36, 0)
Node 79: Job(96, Point(18, 70, 0), -33, 360, 452, 10, 37, 0)
Node 80: Job(100, Point(36, 124, 1), -18, 196, 302, 10, 38, 0)
Node 81: Job(200, Point(95, 135, 1), -12, 374, 506, 10, 40, 0)
Node 82: Job(56, Point(54, 41, 1), -17, 259, 334, 10, 41, 0)
Node 83: Job(70, Point(36, 38, 0), -15, 395, 510, 10, 43, 0)
Node 84: Job(58, Point(5, 99, 0), -30, 267, 411, 10, 46, 0)
Node 85: Job(8, Point(121, 124, 0), -23, 116, 261, 10, 48, 0)
Node 86: Job(66, Point(140, 36, 1), -13, 124, 257, 10, 50, 0)
Node 87: Job(85, Point(12, 48, 1), -32, 141, 243, 10, 54, 0)
Node 88: Job(157, Point(66, 40, 1), -23, 30, 147, 10, 55, 0)
Node 89: Job(19, Point(22, 104, 0), -31, 189, 304, 10, 57, 0)
Node 90: Job(59, Point(67, 96, 1), -9, 443, 572, 10, 60, 0)
Node 91: Job(52, Point(58, 95, 0), -17, 438, 562, 10, 62, 0)
Node 92: Job(3, Point(120, 22, 1), -12, 69, 207, 10, 63, 0)
Node 93: Job(29, Point(20, 69, 0), -15, 352, 462, 10, 65, 0)
Node 94: Job(137, Point(104, 32, 1), -6, 100, 200, 10, 67, 0)
Node 95: Job(180, Point(106, 10, 0), -36, 228, 400, 10, 68, 0)
Node 96: Job(31, Point(115, 82, 1), -17, 204, 361, 10, 69, 0)
Node 97: Job(93, Point(65, 0, 0), -20, 70, 215, 10, 72, 0)
Node 98: Job(13, Point(44, 116, 0), -32, 52, 144, 10, 73, 0)
Node 99: Job(128, Point(64, 138, 1), -10, 389, 520, 10, 84, 0)
Node 100: Job(2, Point(109, 139, 0), -4, 79, 250, 10, 87, 0)
Node 101: Job(106, Point(29, 60, 1), -23, 96, 253, 10, 89, 0)
Node 102: Job(16, Point(132, 133, 0), -18, 88, 231, 10, 92, 0)
Node 103: Job(82, Point(10, 86, 0), -19, 364, 488, 10, 94, 0)
Node 104: Job(77, Point(10, 111, 1), -16, 467, 549, 10, 95, 0)
Node 105: Job(189, Point(8, 138, 0), -3, 240, 373, 10, 98, 0)
Node 106: Job(10, Point(40, 113, 0), -8, 431, 553, 10, 102, 0)
Node 107: Job(154, Point(86, 80, 0), -27, 316, 462, 10, 103, 0)
Node 108: Job(97, Point(58, 80, 0), -11, 419, 531, 10, 108, 0)
Node 109: Job(75, Point(88, 29, 1), -29, 455, 580, 10, 109, 0)
Node 110: Job(146, Point(107, 102, 0), -22, 159, 310, 10, 112, 0)
Node 111: Job(124, Point(103, 86, 1), -30, 229, 316, 10, 113, 0)
Node 112: Job(127, Point(2, 106, 0), -1, 333, 470, 10, 114, 0)
Node 113: Job(27, Point(101, 0, 1), -20, 412, 548, 10, 116, 0)
Node 114: Job(80, Point(92, 22, 1), -5, 140, 270, 10, 117, 0)
Node 115: Job(101, Point(84, 88, 0), -25, 312, 430, 10, 121, 0)
Node 116: Job(119, Point(71, 70, 1), -41, 438, 553, 10, 123, 0)
Node 117: Job(141, Point(26, 50, 0), -20, 312, 492, 10, 125, 0)
Node 118: Job(164, Point(36, 54, 1), -20, 306, 467, 10, 129, 0)
Node 119: Job(120, Point(120, 60, 1), -19, 50, 164, 10, 132, 0)
Node 120: Job(133, Point(98, 4, 0), -9, 140, 245, 10, 135, 0)
Node 121: Job(45, Point(60, 84, 0), -4, 404, 590, 10, 138, 0)
Node 122: Job(0, Point(70, 70, 0), 0, 0, 634, 0, 0, 0)

### Preprocessing Data ###
	-> arcs: 14884 (100.0%)
	-> arc_removals: 11600 (77.94%)
	-> arc_removals_is_loop: 122 (0.82%)
	-> arc_removals_is_delivery_to_pickup: 62 (0.42%)
	-> arc_removals_is_depot_begin_to_delivery: 60 (0.4%)
	-> arc_removals_is_pickup_to_depot_end: 60 (0.4%)
	-> arc_removals_is_dest_depot_begin: 120 (0.81%)
	-> arc_removals_is_orig_depot_end: 119 (0.8%)
	-> arc_removals_is_capacity_violated: 0 (0.0%)
	-> arc_removals_is_time_window_limited: 7273 (48.86%)
	-> arc_removals_is_time_window_pairing_limited: 3413 (22.93%)
	-> arc_removals_is_indirect_request_service_impossible: 371 (2.49%)
	-> gamma_vars: 0 (0%)
	-> feas_gamma_vars: 0 (0%)
	-> infeas_gamma_vars_is_next_mtrv_unreachable: 0 (0%)
	-> infeas_gamma_vars_is_iprime_jprime_eq_i_j: 0 (0%)
	-> machine_removal_for_an_arc: 0 (0.0%)
##########################

[05:27:34.235] Print configuration
------------------------------------------------------
"
[05:27:34.235] Running Multi Start Heuristic"
> Experiment started at 2025-10-05T05:27:34.235
> Instance: LR1_2_10_t1_60R_60V_02F_06M
> Algorithm Parameters:


	>Stop params:
		>  - rule ITERATIONS
		>  - argument 60000.0
		>  - maximum_time 3600

	>General params:
		>  - instPath /dados/rmelo/PDPTW-SE/benchmark_multi_floor_v3/official_experiments/multistartlp/preliminar/set_01_pt_01/../../../../instances/orig_ams_fg/60R_60V_02F_06M/t1/LR1_2_10/
		>  - name LR1_2_10
		>  - type t1
		>  - group 60R_60V_02F_06M
		>  - fullname LR1_2_10_t1_60R_60V_02F_06M
		>  - methodType heur
		>  - methodCode mslp
		>  - genconfigfile /dados/rmelo/PDPTW-SE/benchmark_multi_floor_v3/official_experiments/multistartlp/preliminar/set_01_pt_01/configs/genconfig_mslp.conf
		>  - genconfigfilename genconfig_mslp
		>  - greedy_service_order random
		>  - cutoff 0
		>  - cutoffmachs 6
		>  - num_machs 0
		>  - solver Gurobi
		>  - maxtime 3600
		>  - gurobiCuts 1
		>  - typeUserCut 0
		>  - mipPresolve -1
		>  - printsol 1
		>  - maxnodes -1
		>  - elevator 1
		>  - make_instance_feasible false
		>  - output /dados/rmelo/PDPTW-SE/benchmark_multi_floor_v3/official_experiments/multistartlp/preliminar/set_01_pt_01/logs
		>  - suff_outputs _seed_59_alpha_05p
		>  - suff_csv _bash_1
		>  - epsilon 0.005
		>  - epsilonCap 0.5
		>  - warmStart false
		>  - seed 59
		>  - rng Random.MersenneTwister(59)
		>  - alpha 0.05
		>  - maxiter 1000000
		>  - outputFlagGrbMIP 0
		>  - outputFlagGrbMSLP 0
		>  - outputFlagGrbLMNS 0
		>  - mslpr I
		>  - mslpa 60000
		>  - lmnsr M
		>  - lmnsa 60
		>  - lmnsRepairTime 30.0
		>  - lmnsMIPFocus 0
		>  - lmnsGapToBiggerDestruction 50
		>  - lmnsGapToSmallerDestruction 95
		>  - lmnsWeightShawDistProx 1.0
		>  - lmnsWeightShawEarlProx 1.0
		>  - lmnsWeightShawSameRoute 1.0
		>  - lmnsWeightShawDemandSim 1.0
		>  - lmnsReqRApplyMIPStart true
		>  - lmnsAcceptanceCriteria H
		>  - lmnsMetropolisTemp 100.0
		>  - lmnsSimulatedAnnealingTemp 100.0
		>  - lmnsSimulatedAnnealingCool 0.95
		>  - mipmaxtime 3600
		>  - csvfilename /dados/rmelo/PDPTW-SE/benchmark_multi_floor_v3/official_experiments/multistartlp/preliminar/set_01_pt_01/logs/heur_mslp/outputs/csvresults_heur_mslp_bash_1.csv
		>  - solfilename /dados/rmelo/PDPTW-SE/benchmark_multi_floor_v3/official_experiments/multistartlp/preliminar/set_01_pt_01/logs/heur_mslp/solutions/60R_60V_02F_06M/LR1_2_10_sol_genconfig_mslp_seed_59_alpha_05p.txt
		>  - timelineFilename /dados/rmelo/PDPTW-SE/benchmark_multi_floor_v3/official_experiments/multistartlp/preliminar/set_01_pt_01/logs/heur_mslp/timelines/60R_60V_02F_06M/LR1_2_10_timeline_genconfig_mslp_seed_59_alpha_05p.txt
		>  - grbFilename /dados/rmelo/PDPTW-SE/benchmark_multi_floor_v3/official_experiments/multistartlp/preliminar/set_01_pt_01/logs/heur_mslp/gurobi/60R_60V_02F_06M/LR1_2_10_grb_genconfig_mslp_seed_59_alpha_05p.log
		>  - threads 1
		>  - solverMethod AUTOMATIC

------------------------------------------------------
objValue;greedysol;iteration;time
9573.71;10078.32;1;0.030091
9518.50;10085.30;3;0.384008
9506.62;9938.37;11;0.854008
9438.19;9900.89;19;1.039355
9298.50;9711.38;24;1.160031
9227.40;9645.47;32;1.419254
9195.92;9841.10;33;1.452316
9159.76;9683.28;162;4.946941
9102.65;9591.92;254;7.281148
9049.95;9598.02;665;18.166232
8962.49;9320.08;997;26.643592
8650.06;9208.61;4254;111.728438
8629.85;9108.68;40271;1043.866217
8610.67;9098.15;44961;1165.410535

[05:53:27.743] Finished running MSLP

[05:53:27.743] Post running MSLP
Best solution value: 8610.67
Total time elapsed: 1553.405298
Time to best: 1165.410535
Iterations: 60000
Iterations to best: 44961
Improvements: 14
Infeasible solutions percentage: (23127 / 60000) = 38.5450 %
(LP improvements)/(LP runs) = 36873/36873 = 100.0000 %
Mean LP improvement percentage: 5.2548 %
[05:53:28.05] Writing results to CSV file: /dados/rmelo/PDPTW-SE/benchmark_multi_floor_v3/official_experiments/multistartlp/preliminar/set_01_pt_01/logs/heur_mslp/outputs/csvresults_heur_mslp_bash_1.csv

[05:53:30.035] Saving solution to file:/dados/rmelo/PDPTW-SE/benchmark_multi_floor_v3/official_experiments/multistartlp/preliminar/set_01_pt_01/logs/heur_mslp/solutions/60R_60V_02F_06M/LR1_2_10_sol_genconfig_mslp_seed_59_alpha_05p.txt

[05:53:30.035] Saving solution timeline to file: /dados/rmelo/PDPTW-SE/benchmark_multi_floor_v3/official_experiments/multistartlp/preliminar/set_01_pt_01/logs/heur_mslp/timelines/60R_60V_02F_06M/LR1_2_10_timeline_genconfig_mslp_seed_59_alpha_05p.txt
---------------------| VEHICLES |---------------------

Vehicle 7 :
	id: 0
		node: 1
		(x, y, z): (70, 70, 0)
		dem: 0
		earl: 0
		lat: 634
		servt: 0
		pid: 0
		did: 0
		servST: 5.309999999999995
		(h, h_ind): (-1, 0)
		load: 0.0

	Finished service at time: 5.309999999999995

	Using Machine: 0
		Task 0 -> Machine 0 (Station 1): 3.0
		Vehicle arrival at machine station: 8.309999999999995
		Waiting time until machine travel: 0.0

		Machine travel start time: 8.309999999999995
		Region 0 -> Region 1: 5.0
		Machine arrival at machine station: 13.309999999999995

		Machine 0 (Station 2)-> Task 63: 39.7
		Vehicle arrival at task: 53.01
		Waiting time until service start time: 0.0

	id: 63
		node: 32
		(x, y, z): (103, 44, 1)
		dem: 12
		earl: 42
		lat: 157
		servt: 10
		pid: 0
		did: 3
		servST: 53.01
		(h, h_ind): (0, 1)
		load: 12.0

	Finished service at time: 63.01

	Task 63 -> Task 36: 14.87
	Vehicle arrival at task: 77.88
	Waiting time until service start time: 0.0

	id: 36
		node: 18
		(x, y, z): (108, 30, 1)
		dem: 18
		earl: 77
		lat: 145
		servt: 10
		pid: 0
		did: 44
		servST: 77.88
		(h, h_ind): (-1, 0)
		load: 30.0

	Finished service at time: 87.88

	Task 36 -> Task 44: 7.07
	Vehicle arrival at task: 94.94999999999999
	Waiting time until service start time: 0.0

	id: 44
		node: 78
		(x, y, z): (113, 35, 1)
		dem: -18
		earl: 55
		lat: 136
		servt: 10
		pid: 36
		did: 0
		servST: 94.94999999999999
		(h, h_ind): (-1, 0)
		load: 12.0

	Finished service at time: 104.94999999999999

	Task 44 -> Task 3: 14.76
	Vehicle arrival at task: 119.71
	Waiting time until service start time: 0.0

	id: 3
		node: 92
		(x, y, z): (120, 22, 1)
		dem: -12
		earl: 69
		lat: 207
		servt: 10
		pid: 63
		did: 0
		servST: 119.71
		(h, h_ind): (-1, 0)
		load: 0.0

	Finished service at time: 129.70999999999998

	Task 3 -> Task 123: 64.29
	Vehicle arrival at task: 194.0
	Waiting time until service start time: 0.0

	id: 123
		node: 56
		(x, y, z): (137, 84, 1)
		dem: 41
		earl: 68
		lat: 194
		servt: 10
		pid: 0
		did: 119
		servST: 194.0
		(h, h_ind): (-1, 0)
		load: 41.0

	Finished service at time: 204.0

	Task 123 -> Task 65: 122.98
	Vehicle arrival at task: 326.98
	Waiting time until service start time: 21.02

	id: 65
		node: 33
		(x, y, z): (16, 62, 1)
		dem: 15
		earl: 348
		lat: 475
		servt: 10
		pid: 0
		did: 29
		servST: 348.0
		(h, h_ind): (-1, 0)
		load: 56.0

	Finished service at time: 358.0

	Using Machine: 5
		Task 65 -> Machine 5 (Station 2): 49.65
		Vehicle arrival at machine station: 407.65
		Waiting time until machine travel: 0.0

		Machine travel start time: 407.65
		Region 1 -> Region 0: 5.0
		Machine arrival at machine station: 412.65

		Machine 5 (Station 1)-> Task 29: 45.01
		Vehicle arrival at task: 457.65999999999997
		Waiting time until service start time: 0.0

	id: 29
		node: 93
		(x, y, z): (20, 69, 0)
		dem: -15
		earl: 352
		lat: 462
		servt: 10
		pid: 65
		did: 0
		servST: 457.65999999999997
		(h, h_ind): (5, 10)
		load: 41.0

	Finished service at time: 467.65999999999997

	Task 29 -> Task 108: 35.17
	Vehicle arrival at task: 502.83
	Waiting time until service start time: 0.0

	id: 108
		node: 48
		(x, y, z): (54, 78, 0)
		dem: 11
		earl: 458
		lat: 607
		servt: 10
		pid: 0
		did: 97
		servST: 502.83
		(h, h_ind): (-1, 0)
		load: 52.0

	Finished service at time: 512.8299999999999

	Task 108 -> Task 97: 4.47
	Vehicle arrival at task: 517.3
	Waiting time until service start time: 0.0

	id: 97
		node: 108
		(x, y, z): (58, 80, 0)
		dem: -11
		earl: 419
		lat: 531
		servt: 10
		pid: 108
		did: 0
		servST: 517.3
		(h, h_ind): (-1, 0)
		load: 41.0

	Finished service at time: 527.3

	Using Machine: 1
		Task 97 -> Machine 1 (Station 1): 14.87
		Vehicle arrival at machine station: 542.17
		Waiting time until machine travel: 0.0

		Machine travel start time: 542.17
		Region 0 -> Region 1: 5.0
		Machine arrival at machine station: 547.17

		Machine 1 (Station 2)-> Task 119: 2.0
		Vehicle arrival at task: 549.17
		Waiting time until service start time: 0.0

	id: 119
		node: 116
		(x, y, z): (71, 70, 1)
		dem: -41
		earl: 438
		lat: 553
		servt: 10
		pid: 123
		did: 0
		servST: 549.17
		(h, h_ind): (1, 8)
		load: 0.0

	Finished service at time: 559.17

	Using Machine: 1
		Task 119 -> Machine 1 (Station 2): 2.0
		Vehicle arrival at machine station: 561.17
		Waiting time until machine travel: 0.0

		Machine travel start time: 561.17
		Region 1 -> Region 0: 5.0
		Machine arrival at machine station: 566.17

		Machine 1 (Station 1)-> Task 0: 1.0
		Vehicle arrival at task: 567.17
		Waiting time until service start time: 0.0

	id: 0
		node: 122
		(x, y, z): (70, 70, 0)
		dem: 0
		earl: 0
		lat: 634
		servt: 0
		pid: 0
		did: 0
		servST: 567.17
		(h, h_ind): (1, 9)
		load: 0.0


Vehicle 10 :
	id: 0
		node: 1
		(x, y, z): (70, 70, 0)
		dem: 0
		earl: 0
		lat: 634
		servt: 0
		pid: 0
		did: 0
		servST: 22.46
		(h, h_ind): (-1, 0)
		load: 0.0

	Finished service at time: 22.46

	Using Machine: 4
		Task 0 -> Machine 4 (Station 1): 7.0
		Vehicle arrival at machine station: 29.46
		Waiting time until machine travel: 0.0

		Machine travel start time: 29.46
		Region 0 -> Region 1: 5.0
		Machine arrival at machine station: 34.46

		Machine 4 (Station 2)-> Task 112: 41.01
		Vehicle arrival at task: 75.47
		Waiting time until service start time: 0.0

	id: 112
		node: 50
		(x, y, z): (78, 111, 1)
		dem: 22
		earl: 41
		lat: 164
		servt: 10
		pid: 0
		did: 146
		servST: 75.47
		(h, h_ind): (4, 1)
		load: 22.0

	Finished service at time: 85.47

	Task 112 -> Task 48: 38.47
	Vehicle arrival at task: 123.94
	Waiting time until service start time: 0.0

	id: 48
		node: 25
		(x, y, z): (116, 105, 1)
		dem: 23
		earl: 123
		lat: 195
		servt: 10
		pid: 0
		did: 8
		servST: 123.94
		(h, h_ind): (-1, 0)
		load: 45.0

	Finished service at time: 133.94

	Using Machine: 4
		Task 48 -> Machine 4 (Station 2): 52.4
		Vehicle arrival at machine station: 186.34
		Waiting time until machine travel: 0.0

		Machine travel start time: 186.34
		Region 1 -> Region 0: 5.0
		Machine arrival at machine station: 191.34

		Machine 4 (Station 1)-> Task 8: 69.66
		Vehicle arrival at task: 261.0
		Waiting time until service start time: 0.0

	id: 8
		node: 85
		(x, y, z): (121, 124, 0)
		dem: -23
		earl: 116
		lat: 261
		servt: 10
		pid: 48
		did: 0
		servST: 261.0
		(h, h_ind): (4, 8)
		load: 22.0

	Finished service at time: 271.0

	Task 8 -> Task 146: 26.08
	Vehicle arrival at task: 297.08
	Waiting time until service start time: 6.92

	id: 146
		node: 110
		(x, y, z): (107, 102, 0)
		dem: -22
		earl: 159
		lat: 310
		servt: 10
		pid: 112
		did: 0
		servST: 304.0
		(h, h_ind): (-1, 0)
		load: 0.0

	Finished service at time: 314.0

	Task 146 -> Task 40: 39.0
	Vehicle arrival at task: 353.0
	Waiting time until service start time: 0.0

	id: 40
		node: 21
		(x, y, z): (92, 138, 0)
		dem: 12
		earl: 353
		lat: 480
		servt: 10
		pid: 0
		did: 200
		servST: 353.0
		(h, h_ind): (-1, 0)
		load: 12.0

	Finished service at time: 363.0

	Using Machine: 4
		Task 40 -> Machine 4 (Station 1): 69.63
		Vehicle arrival at machine station: 432.63
		Waiting time until machine travel: 0.0

		Machine travel start time: 432.63
		Region 0 -> Region 1: 5.0
		Machine arrival at machine station: 437.63

		Machine 4 (Station 2)-> Task 200: 67.45
		Vehicle arrival at task: 505.08
		Waiting time until service start time: 0.0

	id: 200
		node: 81
		(x, y, z): (95, 135, 1)
		dem: -12
		earl: 374
		lat: 506
		servt: 10
		pid: 40
		did: 0
		servST: 505.08
		(h, h_ind): (4, 12)
		load: 0.0

	Finished service at time: 515.0799999999999

	Using Machine: 1
		Task 200 -> Machine 1 (Station 2): 70.01
		Vehicle arrival at machine station: 585.0899999999999
		Waiting time until machine travel: 0.0

		Machine travel start time: 585.09
		Region 1 -> Region 0: 5.0
		Machine arrival at machine station: 590.09

		Machine 1 (Station 1)-> Task 0: 1.0
		Vehicle arrival at task: 591.09
		Waiting time until service start time: 0.0

	id: 0
		node: 122
		(x, y, z): (70, 70, 0)
		dem: 0
		earl: 0
		lat: 634
		servt: 0
		pid: 0
		did: 0
		servST: 591.09
		(h, h_ind): (1, 10)
		load: 0.0


Vehicle 17 :
	id: 0
		node: 1
		(x, y, z): (70, 70, 0)
		dem: 0
		earl: 0
		lat: 634
		servt: 0
		pid: 0
		did: 0
		servST: 6.230000000000018
		(h, h_ind): (-1, 0)
		load: 0.0

	Finished service at time: 6.230000000000018

	Task 0 -> Task 26: 69.07
	Vehicle arrival at task: 75.30000000000001
	Waiting time until service start time: 0.0

	id: 26
		node: 14
		(x, y, z): (139, 73, 0)
		dem: 10
		earl: 69
		lat: 137
		servt: 10
		pid: 0
		did: 21
		servST: 75.30000000000001
		(h, h_ind): (-1, 0)
		load: 10.0

	Finished service at time: 85.30000000000001

	Using Machine: 4
		Task 26 -> Machine 4 (Station 1): 62.07
		Vehicle arrival at machine station: 147.37
		Waiting time until machine travel: 0.0

		Machine travel start time: 147.37
		Region 0 -> Region 1: 5.0
		Machine arrival at machine station: 152.37

		Machine 4 (Station 2)-> Task 21: 61.52
		Vehicle arrival at task: 213.89000000000001
		Waiting time until service start time: 0.0

	id: 21
		node: 74
		(x, y, z): (138, 78, 1)
		dem: -10
		earl: 168
		lat: 267
		servt: 10
		pid: 26
		did: 0
		servST: 213.89000000000001
		(h, h_ind): (4, 6)
		load: 0.0

	Finished service at time: 223.89000000000001

	Using Machine: 0
		Task 21 -> Machine 0 (Station 2): 65.49
		Vehicle arrival at machine station: 289.38
		Waiting time until machine travel: 0.0

		Machine travel start time: 289.38
		Region 1 -> Region 0: 5.0
		Machine arrival at machine station: 294.38

		Machine 0 (Station 1)-> Task 0: 3.0
		Vehicle arrival at task: 297.38
		Waiting time until service start time: 0.0

	id: 0
		node: 122
		(x, y, z): (70, 70, 0)
		dem: 0
		earl: 0
		lat: 634
		servt: 0
		pid: 0
		did: 0
		servST: 297.38
		(h, h_ind): (0, 3)
		load: 0.0


Vehicle 18 :
	id: 0
		node: 1
		(x, y, z): (70, 70, 0)
		dem: 0
		earl: 0
		lat: 634
		servt: 0
		pid: 0
		did: 0
		servST: 22.58000000000002
		(h, h_ind): (-1, 0)
		load: 0.0

	Finished service at time: 22.58000000000002

	Task 0 -> Task 30: 62.29
	Vehicle arrival at task: 84.87000000000002
	Waiting time until service start time: 0.0

	id: 30
		node: 15
		(x, y, z): (64, 132, 0)
		dem: 8
		earl: 62
		lat: 144
		servt: 10
		pid: 0
		did: 34
		servST: 84.87000000000002
		(h, h_ind): (-1, 0)
		load: 8.0

	Finished service at time: 94.87000000000002

	Task 30 -> Task 57: 40.61
	Vehicle arrival at task: 135.48000000000002
	Waiting time until service start time: 0.0

	id: 57
		node: 29
		(x, y, z): (39, 100, 0)
		dem: 31
		earl: 43
		lat: 212
		servt: 10
		pid: 0
		did: 19
		servST: 135.48000000000002
		(h, h_ind): (-1, 0)
		load: 39.0

	Finished service at time: 145.48000000000002

	Task 57 -> Task 34: 37.64
	Vehicle arrival at task: 183.12
	Waiting time until service start time: 0.0

	id: 34
		node: 75
		(x, y, z): (63, 129, 0)
		dem: -8
		earl: 183
		lat: 260
		servt: 10
		pid: 30
		did: 0
		servST: 183.12
		(h, h_ind): (-1, 0)
		load: 31.0

	Finished service at time: 193.12

	Task 34 -> Task 114: 48.8
	Vehicle arrival at task: 241.92000000000002
	Waiting time until service start time: -0.0

	id: 114
		node: 52
		(x, y, z): (29, 94, 0)
		dem: 1
		earl: 220
		lat: 364
		servt: 10
		pid: 0
		did: 127
		servST: 241.92
		(h, h_ind): (-1, 0)
		load: 32.0

	Finished service at time: 251.92

	Task 114 -> Task 12: 19.72
	Vehicle arrival at task: 271.64
	Waiting time until service start time: 0.0

	id: 12
		node: 8
		(x, y, z): (12, 84, 0)
		dem: 16
		earl: 150
		lat: 278
		servt: 10
		pid: 0
		did: 47
		servST: 271.64
		(h, h_ind): (-1, 0)
		load: 48.0

	Finished service at time: 281.64

	Task 12 -> Task 19: 22.36
	Vehicle arrival at task: 304.0
	Waiting time until service start time: 0.0

	id: 19
		node: 89
		(x, y, z): (22, 104, 0)
		dem: -31
		earl: 189
		lat: 304
		servt: 10
		pid: 57
		did: 0
		servST: 304.0
		(h, h_ind): (-1, 0)
		load: 17.0

	Finished service at time: 314.0

	Task 19 -> Task 127: 20.1
	Vehicle arrival at task: 334.1
	Waiting time until service start time: 0.0

	id: 127
		node: 112
		(x, y, z): (2, 106, 0)
		dem: -1
		earl: 333
		lat: 470
		servt: 10
		pid: 114
		did: 0
		servST: 334.1
		(h, h_ind): (-1, 0)
		load: 16.0

	Finished service at time: 344.1

	Task 127 -> Task 47: 19.92
	Vehicle arrival at task: 364.02000000000004
	Waiting time until service start time: 0.0

	id: 47
		node: 68
		(x, y, z): (8, 87, 0)
		dem: -16
		earl: 360
		lat: 473
		servt: 10
		pid: 12
		did: 0
		servST: 364.02000000000004
		(h, h_ind): (-1, 0)
		load: 0.0

	Finished service at time: 374.02000000000004

	Task 47 -> Task 43: 39.32
	Vehicle arrival at task: 413.34000000000003
	Waiting time until service start time: 0.0

	id: 43
		node: 23
		(x, y, z): (13, 48, 0)
		dem: 15
		earl: 388
		lat: 482
		servt: 10
		pid: 0
		did: 70
		servST: 413.34000000000003
		(h, h_ind): (-1, 0)
		load: 15.0

	Finished service at time: 423.34000000000003

	Task 43 -> Task 70: 25.08
	Vehicle arrival at task: 448.42
	Waiting time until service start time: 0.0

	id: 70
		node: 83
		(x, y, z): (36, 38, 0)
		dem: -15
		earl: 395
		lat: 510
		servt: 10
		pid: 43
		did: 0
		servST: 448.42
		(h, h_ind): (-1, 0)
		load: 0.0

	Finished service at time: 458.42

	Task 70 -> Task 0: 46.69
	Vehicle arrival at task: 505.11
	Waiting time until service start time: 0.0

	id: 0
		node: 122
		(x, y, z): (70, 70, 0)
		dem: 0
		earl: 0
		lat: 634
		servt: 0
		pid: 0
		did: 0
		servST: 505.11
		(h, h_ind): (-1, 0)
		load: 0.0


Vehicle 19 :
	id: 0
		node: 1
		(x, y, z): (70, 70, 0)
		dem: 0
		earl: 0
		lat: 634
		servt: 0
		pid: 0
		did: 0
		servST: 15.309999999999995
		(h, h_ind): (-1, 0)
		load: 0.0

	Finished service at time: 15.309999999999995

	Using Machine: 0
		Task 0 -> Machine 0 (Station 1): 3.0
		Vehicle arrival at machine station: 18.309999999999995
		Waiting time until machine travel: 0.0

		Machine travel start time: 18.309999999999995
		Region 0 -> Region 1: 5.0
		Machine arrival at machine station: 23.309999999999995

		Machine 0 (Station 2)-> Task 55: 34.89
		Vehicle arrival at task: 58.199999999999996
		Waiting time until service start time: 0.0

	id: 55
		node: 28
		(x, y, z): (89, 39, 1)
		dem: 23
		earl: 36
		lat: 206
		servt: 10
		pid: 0
		did: 157
		servST: 58.199999999999996
		(h, h_ind): (0, 2)
		load: 23.0

	Finished service at time: 68.19999999999999

	Task 55 -> Task 157: 23.02
	Vehicle arrival at task: 91.21999999999998
	Waiting time until service start time: 0.0

	id: 157
		node: 88
		(x, y, z): (66, 40, 1)
		dem: -23
		earl: 30
		lat: 147
		servt: 10
		pid: 55
		did: 0
		servST: 91.22
		(h, h_ind): (-1, 0)
		load: 0.0

	Finished service at time: 101.22

	Using Machine: 2
		Task 157 -> Machine 2 (Station 2): 31.32
		Vehicle arrival at machine station: 132.54
		Waiting time until machine travel: 0.0

		Machine travel start time: 132.54
		Region 1 -> Region 0: 5.0
		Machine arrival at machine station: 137.54

		Machine 2 (Station 1)-> Task 113: 43.01
		Vehicle arrival at task: 180.54999999999998
		Waiting time until service start time: 0.0

	id: 113
		node: 51
		(x, y, z): (116, 83, 0)
		dem: 30
		earl: 141
		lat: 247
		servt: 10
		pid: 0
		did: 124
		servST: 180.54999999999998
		(h, h_ind): (2, 4)
		load: 30.0

	Finished service at time: 190.54999999999998

	Task 113 -> Task 69: 15.62
	Vehicle arrival at task: 206.17
	Waiting time until service start time: 0.0

	id: 69
		node: 36
		(x, y, z): (104, 73, 0)
		dem: 17
		earl: 196
		lat: 332
		servt: 10
		pid: 0
		did: 31
		servST: 206.17
		(h, h_ind): (-1, 0)
		load: 47.0

	Finished service at time: 216.17

	Using Machine: 4
		Task 69 -> Machine 4 (Station 1): 27.17
		Vehicle arrival at machine station: 243.33999999999997
		Waiting time until machine travel: 0.0

		Machine travel start time: 243.33999999999997
		Region 0 -> Region 1: 5.0
		Machine arrival at machine station: 248.33999999999997

		Machine 4 (Station 2)-> Task 31: 39.85
		Vehicle arrival at task: 288.19
		Waiting time until service start time: 0.0

	id: 31
		node: 96
		(x, y, z): (115, 82, 1)
		dem: -17
		earl: 204
		lat: 361
		servt: 10
		pid: 69
		did: 0
		servST: 288.19
		(h, h_ind): (4, 9)
		load: 30.0

	Finished service at time: 298.19

	Task 31 -> Task 124: 12.65
	Vehicle arrival at task: 310.84
	Waiting time until service start time: 0.0

	id: 124
		node: 111
		(x, y, z): (103, 86, 1)
		dem: -30
		earl: 229
		lat: 316
		servt: 10
		pid: 113
		did: 0
		servST: 310.84
		(h, h_ind): (-1, 0)
		load: 0.0

	Finished service at time: 320.84

	Using Machine: 0
		Task 124 -> Machine 0 (Station 2): 34.0
		Vehicle arrival at machine station: 354.84
		Waiting time until machine travel: 0.0

		Machine travel start time: 354.84
		Region 1 -> Region 0: 5.0
		Machine arrival at machine station: 359.84

		Machine 0 (Station 1)-> Task 0: 3.0
		Vehicle arrival at task: 362.84
		Waiting time until service start time: 0.0

	id: 0
		node: 122
		(x, y, z): (70, 70, 0)
		dem: 0
		earl: 0
		lat: 634
		servt: 0
		pid: 0
		did: 0
		servST: 362.84
		(h, h_ind): (0, 4)
		load: 0.0


Vehicle 22 :
	id: 0
		node: 1
		(x, y, z): (70, 70, 0)
		dem: 0
		earl: 0
		lat: 634
		servt: 0
		pid: 0
		did: 0
		servST: 18.81000000000003
		(h, h_ind): (-1, 0)
		load: 0.0

	Finished service at time: 18.81000000000003

	Using Machine: 3
		Task 0 -> Machine 3 (Station 1): 3.0
		Vehicle arrival at machine station: 21.81000000000003
		Waiting time until machine travel: 0.0

		Machine travel start time: 21.81000000000003
		Region 0 -> Region 1: 5.0
		Machine arrival at machine station: 26.81000000000003

		Machine 3 (Station 2)-> Task 135: 59.68
		Vehicle arrival at task: 86.49000000000004
		Waiting time until service start time: 0.0

	id: 135
		node: 60
		(x, y, z): (58, 11, 1)
		dem: 9
		earl: 72
		lat: 212
		servt: 10
		pid: 0
		did: 133
		servST: 86.49000000000004
		(h, h_ind): (3, 2)
		load: 9.0

	Finished service at time: 96.49000000000004

	Using Machine: 2
		Task 135 -> Machine 2 (Station 2): 61.4
		Vehicle arrival at machine station: 157.89000000000004
		Waiting time until machine travel: 0.0

		Machine travel start time: 157.89000000000004
		Region 1 -> Region 0: 5.0
		Machine arrival at machine station: 162.89000000000004

		Machine 2 (Station 1)-> Task 133: 69.89
		Vehicle arrival at task: 232.78000000000003
		Waiting time until service start time: 0.0

	id: 133
		node: 120
		(x, y, z): (98, 4, 0)
		dem: -9
		earl: 140
		lat: 245
		servt: 10
		pid: 135
		did: 0
		servST: 232.78000000000003
		(h, h_ind): (2, 5)
		load: 0.0

	Finished service at time: 242.78000000000003

	Task 133 -> Task 109: 17.0
	Vehicle arrival at task: 259.78000000000003
	Waiting time until service start time: 0.0

	id: 109
		node: 49
		(x, y, z): (83, 12, 0)
		dem: 29
		earl: 201
		lat: 290
		servt: 10
		pid: 0
		did: 75
		servST: 259.78000000000003
		(h, h_ind): (-1, 0)
		load: 29.0

	Finished service at time: 269.78000000000003

	Task 109 -> Task 11: 47.54
	Vehicle arrival at task: 317.32000000000005
	Waiting time until service start time: 0.0

	id: 11
		node: 7
		(x, y, z): (129, 24, 0)
		dem: 18
		earl: 311
		lat: 388
		servt: 10
		pid: 0
		did: 79
		servST: 317.32000000000005
		(h, h_ind): (-1, 0)
		load: 47.0

	Finished service at time: 327.32000000000005

	Task 11 -> Task 79: 26.4
	Vehicle arrival at task: 353.72
	Waiting time until service start time: 0.0

	id: 79
		node: 67
		(x, y, z): (113, 45, 0)
		dem: -18
		earl: 257
		lat: 371
		servt: 10
		pid: 11
		did: 0
		servST: 353.72
		(h, h_ind): (-1, 0)
		load: 29.0

	Finished service at time: 363.72

	Using Machine: 4
		Task 79 -> Machine 4 (Station 1): 43.83
		Vehicle arrival at machine station: 407.55
		Waiting time until machine travel: 0.0

		Machine travel start time: 407.55
		Region 0 -> Region 1: 5.0
		Machine arrival at machine station: 412.55

		Machine 4 (Station 2)-> Task 75: 42.45
		Vehicle arrival at task: 455.0
		Waiting time until service start time: 0.0

	id: 75
		node: 109
		(x, y, z): (88, 29, 1)
		dem: -29
		earl: 455
		lat: 580
		servt: 10
		pid: 109
		did: 0
		servST: 455.0
		(h, h_ind): (4, 11)
		load: 0.0

	Finished service at time: 465.0

	Using Machine: 0
		Task 75 -> Machine 0 (Station 2): 43.66
		Vehicle arrival at machine station: 508.65999999999997
		Waiting time until machine travel: 0.0

		Machine travel start time: 508.65999999999997
		Region 1 -> Region 0: 5.0
		Machine arrival at machine station: 513.66

		Machine 0 (Station 1)-> Task 0: 3.0
		Vehicle arrival at task: 516.66
		Waiting time until service start time: 0.0

	id: 0
		node: 122
		(x, y, z): (70, 70, 0)
		dem: 0
		earl: 0
		lat: 634
		servt: 0
		pid: 0
		did: 0
		servST: 516.66
		(h, h_ind): (0, 5)
		load: 0.0


Vehicle 24 :
	id: 0
		node: 1
		(x, y, z): (70, 70, 0)
		dem: 0
		earl: 0
		lat: 634
		servt: 0
		pid: 0
		did: 0
		servST: 31.250000000000007
		(h, h_ind): (-1, 0)
		load: 0.0

	Finished service at time: 31.250000000000007

	Using Machine: 2
		Task 0 -> Machine 2 (Station 1): 5.0
		Vehicle arrival at machine station: 36.25000000000001
		Waiting time until machine travel: 0.0

		Machine travel start time: 36.25000000000001
		Region 0 -> Region 1: 5.0
		Machine arrival at machine station: 41.25000000000001

		Machine 2 (Station 2)-> Task 1: 32.76
		Vehicle arrival at task: 74.01
		Waiting time until service start time: 0.0

	id: 1
		node: 2
		(x, y, z): (107, 77, 1)
		dem: 34
		earl: 37
		lat: 197
		servt: 10
		pid: 0
		did: 126
		servST: 74.01
		(h, h_ind): (2, 2)
		load: 34.0

	Finished service at time: 84.01

	Task 1 -> Task 87: 28.16
	Vehicle arrival at task: 112.17
	Waiting time until service start time: 0.0

	id: 87
		node: 40
		(x, y, z): (79, 80, 1)
		dem: 4
		earl: 13
		lat: 142
		servt: 10
		pid: 0
		did: 2
		servST: 112.17
		(h, h_ind): (-1, 0)
		load: 38.0

	Finished service at time: 122.17

	Using Machine: 4
		Task 87 -> Machine 4 (Station 2): 10.2
		Vehicle arrival at machine station: 132.37
		Waiting time until machine travel: 0.0

		Machine travel start time: 132.37
		Region 1 -> Region 0: 5.0
		Machine arrival at machine station: 137.37

		Machine 4 (Station 1)-> Task 2: 76.06
		Vehicle arrival at task: 213.43
		Waiting time until service start time: 0.0

	id: 2
		node: 100
		(x, y, z): (109, 139, 0)
		dem: -4
		earl: 79
		lat: 250
		servt: 10
		pid: 87
		did: 0
		servST: 213.43
		(h, h_ind): (4, 4)
		load: 34.0

	Finished service at time: 223.43

	Task 2 -> Task 126: 73.41
	Vehicle arrival at task: 296.84000000000003
	Waiting time until service start time: 4.16

	id: 126
		node: 62
		(x, y, z): (139, 72, 0)
		dem: -34
		earl: 301
		lat: 403
		servt: 10
		pid: 1
		did: 0
		servST: 301.0
		(h, h_ind): (-1, 0)
		load: 0.0

	Finished service at time: 311.0

	Task 126 -> Task 0: 69.03
	Vehicle arrival at task: 380.03
	Waiting time until service start time: 0.0

	id: 0
		node: 122
		(x, y, z): (70, 70, 0)
		dem: 0
		earl: 0
		lat: 634
		servt: 0
		pid: 0
		did: 0
		servST: 380.03
		(h, h_ind): (-1, 0)
		load: 0.0


Vehicle 32 :
	id: 0
		node: 1
		(x, y, z): (70, 70, 0)
		dem: 0
		earl: 0
		lat: 634
		servt: 0
		pid: 0
		did: 0
		servST: 26.08
		(h, h_ind): (-1, 0)
		load: 0.0

	Finished service at time: 26.08

	Task 0 -> Task 50: 75.39
	Vehicle arrival at task: 101.47
	Waiting time until service start time: 0.0

	id: 50
		node: 26
		(x, y, z): (140, 42, 0)
		dem: 13
		earl: 75
		lat: 216
		servt: 10
		pid: 0
		did: 66
		servST: 101.47
		(h, h_ind): (-1, 0)
		load: 13.0

	Finished service at time: 111.47

	Using Machine: 4
		Task 50 -> Machine 4 (Station 1): 68.94
		Vehicle arrival at machine station: 180.41
		Waiting time until machine travel: 0.0

		Machine travel start time: 180.41
		Region 0 -> Region 1: 5.0
		Machine arrival at machine station: 185.41

		Machine 4 (Station 2)-> Task 66: 71.59
		Vehicle arrival at task: 257.0
		Waiting time until service start time: 0.0

	id: 66
		node: 86
		(x, y, z): (140, 36, 1)
		dem: -13
		earl: 124
		lat: 257
		servt: 10
		pid: 50
		did: 0
		servST: 257.0
		(h, h_ind): (4, 7)
		load: 0.0

	Finished service at time: 267.0

	Task 66 -> Task 116: 31.05
	Vehicle arrival at task: 298.05
	Waiting time until service start time: 0.0

	id: 116
		node: 53
		(x, y, z): (110, 28, 1)
		dem: 20
		earl: 232
		lat: 408
		servt: 10
		pid: 0
		did: 27
		servST: 298.05
		(h, h_ind): (-1, 0)
		load: 20.0

	Finished service at time: 308.05

	Task 116 -> Task 27: 29.41
	Vehicle arrival at task: 337.46000000000004
	Waiting time until service start time: 74.54

	id: 27
		node: 113
		(x, y, z): (101, 0, 1)
		dem: -20
		earl: 412
		lat: 548
		servt: 10
		pid: 116
		did: 0
		servST: 412.0
		(h, h_ind): (-1, 0)
		load: 0.0

	Finished service at time: 422.0

	Using Machine: 1
		Task 27 -> Machine 1 (Station 2): 76.97
		Vehicle arrival at machine station: 498.97
		Waiting time until machine travel: 0.0

		Machine travel start time: 498.97
		Region 1 -> Region 0: 5.0
		Machine arrival at machine station: 503.97

		Machine 1 (Station 1)-> Task 0: 1.0
		Vehicle arrival at task: 504.97
		Waiting time until service start time: 0.0

	id: 0
		node: 122
		(x, y, z): (70, 70, 0)
		dem: 0
		earl: 0
		lat: 634
		servt: 0
		pid: 0
		did: 0
		servST: 504.97
		(h, h_ind): (1, 5)
		load: 0.0


Vehicle 36 :
	id: 0
		node: 1
		(x, y, z): (70, 70, 0)
		dem: 0
		earl: 0
		lat: 634
		servt: 0
		pid: 0
		did: 0
		servST: 52.05000000000001
		(h, h_ind): (-1, 0)
		load: 0.0

	Finished service at time: 52.05000000000001

	Task 0 -> Task 7: 34.0
	Vehicle arrival at task: 86.05000000000001
	Waiting time until service start time: 0.0

	id: 7
		node: 6
		(x, y, z): (86, 40, 0)
		dem: 22
		earl: 34
		lat: 201
		servt: 10
		pid: 0
		did: 110
		servST: 86.05000000000001
		(h, h_ind): (-1, 0)
		load: 22.0

	Finished service at time: 96.05000000000001

	Using Machine: 4
		Task 7 -> Machine 4 (Station 1): 31.32
		Vehicle arrival at machine station: 127.37
		Waiting time until machine travel: 0.0

		Machine travel start time: 127.37
		Region 0 -> Region 1: 5.0
		Machine arrival at machine station: 132.37

		Machine 4 (Station 2)-> Task 60: 26.31
		Vehicle arrival at task: 158.68
		Waiting time until service start time: 0.0

	id: 60
		node: 30
		(x, y, z): (73, 96, 1)
		dem: 9
		earl: 139
		lat: 223
		servt: 10
		pid: 0
		did: 59
		servST: 158.68
		(h, h_ind): (4, 3)
		load: 31.0

	Finished service at time: 168.68

	Task 60 -> Task 95: 59.09
	Vehicle arrival at task: 227.77
	Waiting time until service start time: 32.08

	id: 95
		node: 44
		(x, y, z): (19, 120, 1)
		dem: 16
		earl: 237
		lat: 316
		servt: 10
		pid: 0
		did: 77
		servST: 259.85
		(h, h_ind): (-1, 0)
		load: 47.0

	Finished service at time: 269.85

	Task 95 -> Task 129: 81.1
	Vehicle arrival at task: 350.95000000000005
	Waiting time until service start time: -0.0

	id: 129
		node: 58
		(x, y, z): (23, 39, 1)
		dem: 20
		earl: 307
		lat: 427
		servt: 10
		pid: 0
		did: 164
		servST: 350.95
		(h, h_ind): (-1, 0)
		load: 67.0

	Finished service at time: 360.95

	Task 129 -> Task 164: 19.85
	Vehicle arrival at task: 380.8
	Waiting time until service start time: 0.0

	id: 164
		node: 118
		(x, y, z): (36, 54, 1)
		dem: -20
		earl: 306
		lat: 467
		servt: 10
		pid: 129
		did: 0
		servST: 380.8
		(h, h_ind): (-1, 0)
		load: 47.0

	Finished service at time: 390.8

	Task 164 -> Task 59: 52.2
	Vehicle arrival at task: 443.0
	Waiting time until service start time: 0.0

	id: 59
		node: 90
		(x, y, z): (67, 96, 1)
		dem: -9
		earl: 443
		lat: 572
		servt: 10
		pid: 60
		did: 0
		servST: 443.0
		(h, h_ind): (-1, 0)
		load: 38.0

	Finished service at time: 453.0

	Task 59 -> Task 77: 58.94
	Vehicle arrival at task: 511.94
	Waiting time until service start time: 0.0

	id: 77
		node: 104
		(x, y, z): (10, 111, 1)
		dem: -16
		earl: 467
		lat: 549
		servt: 10
		pid: 95
		did: 0
		servST: 511.94
		(h, h_ind): (-1, 0)
		load: 22.0

	Finished service at time: 521.94

	Task 77 -> Task 110: 45.79
	Vehicle arrival at task: 567.73
	Waiting time until service start time: 0.0

	id: 110
		node: 66
		(x, y, z): (34, 72, 1)
		dem: -22
		earl: 421
		lat: 588
		servt: 10
		pid: 7
		did: 0
		servST: 567.73
		(h, h_ind): (-1, 0)
		load: 0.0

	Finished service at time: 577.73

	Using Machine: 1
		Task 110 -> Machine 1 (Station 2): 35.06
		Vehicle arrival at machine station: 612.79
		Waiting time until machine travel: 0.0

		Machine travel start time: 612.79
		Region 1 -> Region 0: 5.0
		Machine arrival at machine station: 617.79

		Machine 1 (Station 1)-> Task 0: 1.0
		Vehicle arrival at task: 618.79
		Waiting time until service start time: 0.0

	id: 0
		node: 122
		(x, y, z): (70, 70, 0)
		dem: 0
		earl: 0
		lat: 634
		servt: 0
		pid: 0
		did: 0
		servST: 618.79
		(h, h_ind): (1, 11)
		load: 0.0


Vehicle 39 :
	id: 0
		node: 1
		(x, y, z): (70, 70, 0)
		dem: 0
		earl: 0
		lat: 634
		servt: 0
		pid: 0
		did: 0
		servST: 59.31
		(h, h_ind): (-1, 0)
		load: 0.0

	Finished service at time: 59.31

	Task 0 -> Task 18: 37.58
	Vehicle arrival at task: 96.89
	Waiting time until service start time: 0.0

	id: 18
		node: 11
		(x, y, z): (104, 54, 0)
		dem: 13
		earl: 37
		lat: 155
		servt: 10
		pid: 0
		did: 131
		servST: 96.89
		(h, h_ind): (-1, 0)
		load: 13.0

	Finished service at time: 106.89

	Task 18 -> Task 68: 23.77
	Vehicle arrival at task: 130.66
	Waiting time until service start time: 0.0

	id: 68
		node: 35
		(x, y, z): (113, 32, 0)
		dem: 36
		earl: 86
		lat: 233
		servt: 10
		pid: 0
		did: 180
		servST: 130.66
		(h, h_ind): (-1, 0)
		load: 49.0

	Finished service at time: 140.66

	Task 68 -> Task 131: 26.25
	Vehicle arrival at task: 166.91
	Waiting time until service start time: 0.0

	id: 131
		node: 71
		(x, y, z): (138, 24, 0)
		dem: -13
		earl: 152
		lat: 237
		servt: 10
		pid: 18
		did: 0
		servST: 166.91
		(h, h_ind): (-1, 0)
		load: 36.0

	Finished service at time: 176.91

	Task 131 -> Task 5: 22.09
	Vehicle arrival at task: 199.0
	Waiting time until service start time: 0.0

	id: 5
		node: 4
		(x, y, z): (116, 22, 0)
		dem: 32
		earl: 106
		lat: 199
		servt: 10
		pid: 0
		did: 9
		servST: 199.0
		(h, h_ind): (-1, 0)
		load: 68.0

	Finished service at time: 209.0

	Task 5 -> Task 180: 15.62
	Vehicle arrival at task: 224.62
	Waiting time until service start time: 3.38

	id: 180
		node: 95
		(x, y, z): (106, 10, 0)
		dem: -36
		earl: 228
		lat: 400
		servt: 10
		pid: 68
		did: 0
		servST: 228.0
		(h, h_ind): (-1, 0)
		load: 32.0

	Finished service at time: 238.0

	Task 180 -> Task 22: 121.75
	Vehicle arrival at task: 359.75
	Waiting time until service start time: 0.0

	id: 22
		node: 13
		(x, y, z): (16, 92, 0)
		dem: 10
		earl: 311
		lat: 437
		servt: 10
		pid: 0
		did: 174
		servST: 359.75
		(h, h_ind): (-1, 0)
		load: 42.0

	Finished service at time: 369.75

	Task 22 -> Task 9: 57.01
	Vehicle arrival at task: 426.76
	Waiting time until service start time: 0.0

	id: 9
		node: 64
		(x, y, z): (61, 57, 0)
		dem: -32
		earl: 334
		lat: 446
		servt: 10
		pid: 5
		did: 0
		servST: 426.76
		(h, h_ind): (-1, 0)
		load: 10.0

	Finished service at time: 436.76

	Using Machine: 5
		Task 9 -> Machine 5 (Station 1): 13.6
		Vehicle arrival at machine station: 450.36
		Waiting time until machine travel: 0.0

		Machine travel start time: 450.36
		Region 0 -> Region 1: 5.0
		Machine arrival at machine station: 455.36

		Machine 5 (Station 2)-> Task 174: 29.41
		Vehicle arrival at task: 484.77000000000004
		Waiting time until service start time: -0.0

	id: 174
		node: 73
		(x, y, z): (37, 79, 1)
		dem: -10
		earl: 383
		lat: 503
		servt: 10
		pid: 22
		did: 0
		servST: 484.77
		(h, h_ind): (5, 11)
		load: 0.0

	Finished service at time: 494.77

	Using Machine: 3
		Task 174 -> Machine 3 (Station 2): 31.32
		Vehicle arrival at machine station: 526.09
		Waiting time until machine travel: 0.0

		Machine travel start time: 526.09
		Region 1 -> Region 0: 5.0
		Machine arrival at machine station: 531.09

		Machine 3 (Station 1)-> Task 0: 3.0
		Vehicle arrival at task: 534.09
		Waiting time until service start time: 0.0

	id: 0
		node: 122
		(x, y, z): (70, 70, 0)
		dem: 0
		earl: 0
		lat: 634
		servt: 0
		pid: 0
		did: 0
		servST: 534.09
		(h, h_ind): (3, 3)
		load: 0.0


Vehicle 45 :
	id: 0
		node: 1
		(x, y, z): (70, 70, 0)
		dem: 0
		earl: 0
		lat: 634
		servt: 0
		pid: 0
		did: 0
		servST: 115.24000000000004
		(h, h_ind): (-1, 0)
		load: 0.0

	Finished service at time: 115.24000000000004

	Task 0 -> Task 89: 42.76
	Vehicle arrival at task: 158.00000000000003
	Waiting time until service start time: 0.0

	id: 89
		node: 41
		(x, y, z): (28, 62, 0)
		dem: 23
		earl: 158
		lat: 265
		servt: 10
		pid: 0
		did: 106
		servST: 158.00000000000003
		(h, h_ind): (-1, 0)
		load: 23.0

	Finished service at time: 168.00000000000003

	Using Machine: 5
		Task 89 -> Machine 5 (Station 1): 37.85
		Vehicle arrival at machine station: 205.85000000000002
		Waiting time until machine travel: 0.0

		Machine travel start time: 205.85000000000002
		Region 0 -> Region 1: 5.0
		Machine arrival at machine station: 210.85000000000002

		Machine 5 (Station 2)-> Task 106: 37.36
		Vehicle arrival at task: 248.21000000000004
		Waiting time until service start time: -0.0

	id: 106
		node: 101
		(x, y, z): (29, 60, 1)
		dem: -23
		earl: 96
		lat: 253
		servt: 10
		pid: 89
		did: 0
		servST: 248.21
		(h, h_ind): (5, 5)
		load: 0.0

	Finished service at time: 258.21000000000004

	Task 106 -> Task 125: 3.16
	Vehicle arrival at task: 261.37000000000006
	Waiting time until service start time: -0.0

	id: 125
		node: 57
		(x, y, z): (30, 57, 1)
		dem: 20
		earl: 194
		lat: 297
		servt: 10
		pid: 0
		did: 141
		servST: 261.37
		(h, h_ind): (-1, 0)
		load: 20.0

	Finished service at time: 271.37

	Task 125 -> Task 37: 17.46
	Vehicle arrival at task: 288.83
	Waiting time until service start time: 0.0

	id: 37
		node: 19
		(x, y, z): (37, 73, 1)
		dem: 33
		earl: 279
		lat: 423
		servt: 10
		pid: 0
		did: 96
		servST: 288.83
		(h, h_ind): (-1, 0)
		load: 53.0

	Finished service at time: 298.83

	Using Machine: 5
		Task 37 -> Machine 5 (Station 2): 28.16
		Vehicle arrival at machine station: 326.99
		Waiting time until machine travel: 0.0

		Machine travel start time: 326.99
		Region 1 -> Region 0: 5.0
		Machine arrival at machine station: 331.99

		Machine 5 (Station 1)-> Task 138: 33.53
		Vehicle arrival at task: 365.52
		Waiting time until service start time: 0.0

	id: 138
		node: 61
		(x, y, z): (55, 102, 0)
		dem: 4
		earl: 249
		lat: 411
		servt: 10
		pid: 0
		did: 45
		servST: 365.52
		(h, h_ind): (5, 9)
		load: 57.0

	Finished service at time: 375.52

	Task 138 -> Task 96: 48.92
	Vehicle arrival at task: 424.44
	Waiting time until service start time: 0.0

	id: 96
		node: 79
		(x, y, z): (18, 70, 0)
		dem: -33
		earl: 360
		lat: 452
		servt: 10
		pid: 37
		did: 0
		servST: 424.44
		(h, h_ind): (-1, 0)
		load: 24.0

	Finished service at time: 434.44

	Task 96 -> Task 141: 21.54
	Vehicle arrival at task: 455.98
	Waiting time until service start time: 0.0

	id: 141
		node: 117
		(x, y, z): (26, 50, 0)
		dem: -20
		earl: 312
		lat: 492
		servt: 10
		pid: 125
		did: 0
		servST: 455.98
		(h, h_ind): (-1, 0)
		load: 4.0

	Finished service at time: 465.98

	Task 141 -> Task 45: 48.08
	Vehicle arrival at task: 514.0600000000001
	Waiting time until service start time: 0.0

	id: 45
		node: 121
		(x, y, z): (60, 84, 0)
		dem: -4
		earl: 404
		lat: 590
		servt: 10
		pid: 138
		did: 0
		servST: 514.0600000000001
		(h, h_ind): (-1, 0)
		load: 0.0

	Finished service at time: 524.0600000000001

	Task 45 -> Task 0: 17.2
	Vehicle arrival at task: 541.2600000000001
	Waiting time until service start time: 0.0

	id: 0
		node: 122
		(x, y, z): (70, 70, 0)
		dem: 0
		earl: 0
		lat: 634
		servt: 0
		pid: 0
		did: 0
		servST: 541.2600000000001
		(h, h_ind): (-1, 0)
		load: 0.0


Vehicle 48 :
	id: 0
		node: 1
		(x, y, z): (70, 70, 0)
		dem: 0
		earl: 0
		lat: 634
		servt: 0
		pid: 0
		did: 0
		servST: 77.44
		(h, h_ind): (-1, 0)
		load: 0.0

	Finished service at time: 77.44

	Using Machine: 1
		Task 0 -> Machine 1 (Station 1): 1.0
		Vehicle arrival at machine station: 78.44
		Waiting time until machine travel: 0.0

		Machine travel start time: 78.44
		Region 0 -> Region 1: 5.0
		Machine arrival at machine station: 83.44

		Machine 1 (Station 2)-> Task 35: 32.7
		Vehicle arrival at task: 116.14
		Waiting time until service start time: 0.0

	id: 35
		node: 17
		(x, y, z): (82, 100, 1)
		dem: 18
		earl: 61
		lat: 177
		servt: 10
		pid: 0
		did: 105
		servST: 116.14
		(h, h_ind): (1, 2)
		load: 18.0

	Finished service at time: 126.14

	Task 35 -> Task 98: 51.86
	Vehicle arrival at task: 178.0
	Waiting time until service start time: 0.0

	id: 98
		node: 45
		(x, y, z): (49, 140, 1)
		dem: 3
		earl: 178
		lat: 320
		servt: 10
		pid: 0
		did: 189
		servST: 178.0
		(h, h_ind): (-1, 0)
		load: 21.0

	Finished service at time: 188.0

	Task 98 -> Task 32: 34.37
	Vehicle arrival at task: 222.37
	Waiting time until service start time: 0.0

	id: 32
		node: 16
		(x, y, z): (54, 106, 1)
		dem: 9
		earl: 219
		lat: 400
		servt: 10
		pid: 0
		did: 159
		servST: 222.37
		(h, h_ind): (-1, 0)
		load: 30.0

	Finished service at time: 232.37

	Using Machine: 5
		Task 32 -> Machine 5 (Station 2): 37.64
		Vehicle arrival at machine station: 270.01
		Waiting time until machine travel: 0.0

		Machine travel start time: 270.01
		Region 1 -> Region 0: 5.0
		Machine arrival at machine station: 275.01

		Machine 5 (Station 1)-> Task 189: 88.73
		Vehicle arrival at task: 363.74
		Waiting time until service start time: 0.0

	id: 189
		node: 105
		(x, y, z): (8, 138, 0)
		dem: -3
		earl: 240
		lat: 373
		servt: 10
		pid: 98
		did: 0
		servST: 363.74
		(h, h_ind): (5, 8)
		load: 27.0

	Finished service at time: 373.74

	Task 189 -> Task 159: 31.78
	Vehicle arrival at task: 405.52
	Waiting time until service start time: 0.0

	id: 159
		node: 76
		(x, y, z): (37, 125, 0)
		dem: -9
		earl: 292
		lat: 424
		servt: 10
		pid: 32
		did: 0
		servST: 405.52
		(h, h_ind): (-1, 0)
		load: 18.0

	Finished service at time: 415.52

	Task 159 -> Task 102: 23.85
	Vehicle arrival at task: 439.37
	Waiting time until service start time: 0.0

	id: 102
		node: 46
		(x, y, z): (17, 138, 0)
		dem: 8
		earl: 403
		lat: 493
		servt: 10
		pid: 0
		did: 10
		servST: 439.37
		(h, h_ind): (-1, 0)
		load: 26.0

	Finished service at time: 449.37

	Task 102 -> Task 10: 33.97
	Vehicle arrival at task: 483.34000000000003
	Waiting time until service start time: 0.0

	id: 10
		node: 106
		(x, y, z): (40, 113, 0)
		dem: -8
		earl: 431
		lat: 553
		servt: 10
		pid: 102
		did: 0
		servST: 483.34000000000003
		(h, h_ind): (-1, 0)
		load: 18.0

	Finished service at time: 493.34000000000003

	Task 10 -> Task 105: 42.43
	Vehicle arrival at task: 535.77
	Waiting time until service start time: 0.0

	id: 105
		node: 77
		(x, y, z): (70, 83, 0)
		dem: -18
		earl: 432
		lat: 567
		servt: 10
		pid: 35
		did: 0
		servST: 535.77
		(h, h_ind): (-1, 0)
		load: 0.0

	Finished service at time: 545.77

	Task 105 -> Task 0: 13.0
	Vehicle arrival at task: 558.77
	Waiting time until service start time: 0.0

	id: 0
		node: 122
		(x, y, z): (70, 70, 0)
		dem: 0
		earl: 0
		lat: 634
		servt: 0
		pid: 0
		did: 0
		servST: 558.77
		(h, h_ind): (-1, 0)
		load: 0.0


Vehicle 49 :
	id: 0
		node: 1
		(x, y, z): (70, 70, 0)
		dem: 0
		earl: 0
		lat: 634
		servt: 0
		pid: 0
		did: 0
		servST: 4.600000000000005
		(h, h_ind): (-1, 0)
		load: 0.0

	Finished service at time: 4.600000000000005

	Using Machine: 3
		Task 0 -> Machine 3 (Station 1): 3.0
		Vehicle arrival at machine station: 7.600000000000005
		Waiting time until machine travel: 0.0

		Machine travel start time: 7.600000000000005
		Region 0 -> Region 1: 5.0
		Machine arrival at machine station: 12.600000000000005

		Machine 3 (Station 2)-> Task 73: 24.19
		Vehicle arrival at task: 36.790000000000006
		Waiting time until service start time: 0.0

	id: 73
		node: 38
		(x, y, z): (70, 94, 1)
		dem: 32
		earl: 24
		lat: 127
		servt: 10
		pid: 0
		did: 13
		servST: 36.790000000000006
		(h, h_ind): (3, 1)
		load: 32.0

	Finished service at time: 46.790000000000006

	Using Machine: 5
		Task 73 -> Machine 5 (Station 2): 24.52
		Vehicle arrival at machine station: 71.31
		Waiting time until machine travel: 0.0

		Machine travel start time: 71.31
		Region 1 -> Region 0: 5.0
		Machine arrival at machine station: 76.31

		Machine 5 (Station 1)-> Task 13: 50.57
		Vehicle arrival at task: 126.88
		Waiting time until service start time: 0.0

	id: 13
		node: 98
		(x, y, z): (44, 116, 0)
		dem: -32
		earl: 52
		lat: 144
		servt: 10
		pid: 73
		did: 0
		servST: 126.88
		(h, h_ind): (5, 2)
		load: 0.0

	Finished service at time: 136.88

	Task 13 -> Task 20: 17.12
	Vehicle arrival at task: 154.0
	Waiting time until service start time: 0.0

	id: 20
		node: 12
		(x, y, z): (46, 133, 0)
		dem: 7
		earl: 67
		lat: 154
		servt: 10
		pid: 0
		did: 136
		servST: 154.0
		(h, h_ind): (-1, 0)
		load: 7.0

	Finished service at time: 164.0

	Using Machine: 5
		Task 20 -> Machine 5 (Station 1): 65.8
		Vehicle arrival at machine station: 229.8
		Waiting time until machine travel: 0.0

		Machine travel start time: 229.8
		Region 0 -> Region 1: 5.0
		Machine arrival at machine station: 234.8

		Machine 5 (Station 2)-> Task 136: 71.56
		Vehicle arrival at task: 306.36
		Waiting time until service start time: 0.0

	id: 136
		node: 72
		(x, y, z): (26, 130, 1)
		dem: -7
		earl: 243
		lat: 323
		servt: 10
		pid: 20
		did: 0
		servST: 306.36
		(h, h_ind): (5, 6)
		load: 0.0

	Finished service at time: 316.36

	Task 136 -> Task 84: 26.91
	Vehicle arrival at task: 343.27000000000004
	Waiting time until service start time: -0.0

	id: 84
		node: 39
		(x, y, z): (46, 112, 1)
		dem: 10
		earl: 204
		lat: 397
		servt: 10
		pid: 0
		did: 128
		servST: 343.27
		(h, h_ind): (-1, 0)
		load: 10.0

	Finished service at time: 353.27

	Task 84 -> Task 128: 31.62
	Vehicle arrival at task: 384.89
	Waiting time until service start time: 4.11

	id: 128
		node: 99
		(x, y, z): (64, 138, 1)
		dem: -10
		earl: 389
		lat: 520
		servt: 10
		pid: 84
		did: 0
		servST: 389.0
		(h, h_ind): (-1, 0)
		load: 0.0

	Finished service at time: 399.0

	Using Machine: 1
		Task 128 -> Machine 1 (Station 2): 68.18
		Vehicle arrival at machine station: 467.18
		Waiting time until machine travel: 0.0

		Machine travel start time: 467.18
		Region 1 -> Region 0: 5.0
		Machine arrival at machine station: 472.18

		Machine 1 (Station 1)-> Task 0: 1.0
		Vehicle arrival at task: 473.18
		Waiting time until service start time: 0.0

	id: 0
		node: 122
		(x, y, z): (70, 70, 0)
		dem: 0
		earl: 0
		lat: 634
		servt: 0
		pid: 0
		did: 0
		servST: 473.18
		(h, h_ind): (1, 4)
		load: 0.0


Vehicle 50 :
	id: 0
		node: 1
		(x, y, z): (70, 70, 0)
		dem: 0
		earl: 0
		lat: 634
		servt: 0
		pid: 0
		did: 0
		servST: 0.0
		(h, h_ind): (-1, 0)
		load: 0.0

	Finished service at time: 0.0

	Task 0 -> Task 67: 32.8
	Vehicle arrival at task: 32.8
	Waiting time until service start time: 0.0

	id: 67
		node: 34
		(x, y, z): (90, 44, 0)
		dem: 6
		earl: 32
		lat: 143
		servt: 10
		pid: 0
		did: 137
		servST: 32.8
		(h, h_ind): (-1, 0)
		load: 6.0

	Finished service at time: 42.8

	Using Machine: 2
		Task 67 -> Machine 2 (Station 1): 30.02
		Vehicle arrival at machine station: 72.82
		Waiting time until machine travel: 0.0

		Machine travel start time: 72.82
		Region 0 -> Region 1: 5.0
		Machine arrival at machine station: 77.82

		Machine 2 (Station 2)-> Task 137: 47.8
		Vehicle arrival at task: 125.61999999999999
		Waiting time until service start time: 0.0

	id: 137
		node: 94
		(x, y, z): (104, 32, 1)
		dem: -6
		earl: 100
		lat: 200
		servt: 10
		pid: 67
		did: 0
		servST: 125.61999999999999
		(h, h_ind): (2, 3)
		load: 0.0

	Finished service at time: 135.62

	Task 137 -> Task 117: 22.47
	Vehicle arrival at task: 158.09
	Waiting time until service start time: -0.0

	id: 117
		node: 54
		(x, y, z): (116, 13, 1)
		dem: 5
		earl: 73
		lat: 200
		servt: 10
		pid: 0
		did: 80
		servST: 158.08999999999997
		(h, h_ind): (-1, 0)
		load: 5.0

	Finished service at time: 168.08999999999997

	Task 117 -> Task 80: 25.63
	Vehicle arrival at task: 193.71999999999997
	Waiting time until service start time: 0.0

	id: 80
		node: 114
		(x, y, z): (92, 22, 1)
		dem: -5
		earl: 140
		lat: 270
		servt: 10
		pid: 117
		did: 0
		servST: 193.71999999999997
		(h, h_ind): (-1, 0)
		load: 0.0

	Finished service at time: 203.71999999999997

	Using Machine: 1
		Task 80 -> Machine 1 (Station 2): 53.23
		Vehicle arrival at machine station: 256.95
		Waiting time until machine travel: 0.0

		Machine travel start time: 256.95
		Region 1 -> Region 0: 5.0
		Machine arrival at machine station: 261.95

		Machine 1 (Station 1)-> Task 0: 1.0
		Vehicle arrival at task: 262.95
		Waiting time until service start time: 0.0

	id: 0
		node: 122
		(x, y, z): (70, 70, 0)
		dem: 0
		earl: 0
		lat: 634
		servt: 0
		pid: 0
		did: 0
		servST: 262.95
		(h, h_ind): (1, 3)
		load: 0.0


Vehicle 52 :
	id: 0
		node: 1
		(x, y, z): (70, 70, 0)
		dem: 0
		earl: 0
		lat: 634
		servt: 0
		pid: 0
		did: 0
		servST: 0.0
		(h, h_ind): (-1, 0)
		load: 0.0

	Finished service at time: 0.0

	Using Machine: 5
		Task 0 -> Machine 5 (Station 1): 5.0
		Vehicle arrival at machine station: 5.0
		Waiting time until machine travel: 0.0

		Machine travel start time: 5.0
		Region 0 -> Region 1: 5.0
		Machine arrival at machine station: 10.0

		Machine 5 (Station 2)-> Task 15: 41.62
		Vehicle arrival at task: 51.62
		Waiting time until service start time: 0.0

	id: 15
		node: 9
		(x, y, z): (41, 36, 1)
		dem: 13
		earl: 44
		lat: 153
		servt: 10
		pid: 0
		did: 153
		servST: 51.62
		(h, h_ind): (5, 1)
		load: 13.0

	Finished service at time: 61.62

	Task 15 -> Task 153: 31.32
	Vehicle arrival at task: 92.94
	Waiting time until service start time: 0.0

	id: 153
		node: 69
		(x, y, z): (32, 6, 1)
		dem: -13
		earl: 74
		lat: 201
		servt: 10
		pid: 15
		did: 0
		servST: 92.94
		(h, h_ind): (-1, 0)
		load: 0.0

	Finished service at time: 102.94

	Task 153 -> Task 94: 70.77
	Vehicle arrival at task: 173.70999999999998
	Waiting time until service start time: 0.0

	id: 94
		node: 43
		(x, y, z): (4, 71, 1)
		dem: 19
		earl: 108
		lat: 243
		servt: 10
		pid: 0
		did: 82
		servST: 173.70999999999998
		(h, h_ind): (-1, 0)
		load: 19.0

	Finished service at time: 183.70999999999998

	Using Machine: 5
		Task 94 -> Machine 5 (Station 2): 61.01
		Vehicle arrival at machine station: 244.71999999999997
		Waiting time until machine travel: 0.0

		Machine travel start time: 244.71999999999997
		Region 1 -> Region 0: 5.0
		Machine arrival at machine station: 249.71999999999997

		Machine 5 (Station 1)-> Task 6: 86.21
		Vehicle arrival at task: 335.92999999999995
		Waiting time until service start time: 0.0

	id: 6
		node: 5
		(x, y, z): (12, 138, 0)
		dem: 14
		earl: 236
		lat: 343
		servt: 10
		pid: 0
		did: 83
		servST: 335.92999999999995
		(h, h_ind): (5, 7)
		load: 33.0

	Finished service at time: 345.92999999999995

	Task 6 -> Task 82: 52.04
	Vehicle arrival at task: 397.96999999999997
	Waiting time until service start time: 0.0

	id: 82
		node: 103
		(x, y, z): (10, 86, 0)
		dem: -19
		earl: 364
		lat: 488
		servt: 10
		pid: 94
		did: 0
		servST: 397.96999999999997
		(h, h_ind): (-1, 0)
		load: 14.0

	Finished service at time: 407.96999999999997

	Using Machine: 5
		Task 82 -> Machine 5 (Station 1): 57.28
		Vehicle arrival at machine station: 465.25
		Waiting time until machine travel: 0.0

		Machine travel start time: 465.25
		Region 0 -> Region 1: 5.0
		Machine arrival at machine station: 470.25

		Machine 5 (Station 2)-> Task 83: 26.08
		Vehicle arrival at task: 496.33
		Waiting time until service start time: 0.0

	id: 83
		node: 65
		(x, y, z): (51, 92, 1)
		dem: -14
		earl: 396
		lat: 530
		servt: 10
		pid: 6
		did: 0
		servST: 496.33
		(h, h_ind): (5, 12)
		load: 0.0

	Finished service at time: 506.33

	Using Machine: 1
		Task 83 -> Machine 1 (Station 2): 28.43
		Vehicle arrival at machine station: 534.76
		Waiting time until machine travel: 0.0

		Machine travel start time: 534.76
		Region 1 -> Region 0: 5.0
		Machine arrival at machine station: 539.76

		Machine 1 (Station 1)-> Task 0: 1.0
		Vehicle arrival at task: 540.76
		Waiting time until service start time: 0.0

	id: 0
		node: 122
		(x, y, z): (70, 70, 0)
		dem: 0
		earl: 0
		lat: 634
		servt: 0
		pid: 0
		did: 0
		servST: 540.76
		(h, h_ind): (1, 7)
		load: 0.0


Vehicle 54 :
	id: 0
		node: 1
		(x, y, z): (70, 70, 0)
		dem: 0
		earl: 0
		lat: 634
		servt: 0
		pid: 0
		did: 0
		servST: 25.739999999999995
		(h, h_ind): (-1, 0)
		load: 0.0

	Finished service at time: 25.739999999999995

	Task 0 -> Task 41: 35.74
	Vehicle arrival at task: 61.48
	Waiting time until service start time: 0.0

	id: 41
		node: 22
		(x, y, z): (81, 36, 0)
		dem: 17
		earl: 35
		lat: 165
		servt: 10
		pid: 0
		did: 56
		servST: 61.48
		(h, h_ind): (-1, 0)
		load: 17.0

	Finished service at time: 71.47999999999999

	Task 41 -> Task 4: 34.79
	Vehicle arrival at task: 106.26999999999998
	Waiting time until service start time: 0.0

	id: 4
		node: 3
		(x, y, z): (48, 47, 0)
		dem: 19
		earl: 31
		lat: 163
		servt: 10
		pid: 0
		did: 190
		servST: 106.27
		(h, h_ind): (-1, 0)
		load: 36.0

	Finished service at time: 116.27

	Task 4 -> Task 54: 16.76
	Vehicle arrival at task: 133.03
	Waiting time until service start time: 0.0

	id: 54
		node: 27
		(x, y, z): (32, 52, 0)
		dem: 32
		earl: 129
		lat: 203
		servt: 10
		pid: 0
		did: 85
		servST: 133.03
		(h, h_ind): (-1, 0)
		load: 68.0

	Finished service at time: 143.03

	Using Machine: 5
		Task 54 -> Machine 5 (Station 1): 37.59
		Vehicle arrival at machine station: 180.62
		Waiting time until machine travel: 0.0

		Machine travel start time: 180.62
		Region 0 -> Region 1: 5.0
		Machine arrival at machine station: 185.62

		Machine 5 (Station 2)-> Task 85: 57.38
		Vehicle arrival at task: 243.0
		Waiting time until service start time: 0.0

	id: 85
		node: 87
		(x, y, z): (12, 48, 1)
		dem: -32
		earl: 141
		lat: 243
		servt: 10
		pid: 54
		did: 0
		servST: 243.0
		(h, h_ind): (5, 4)
		load: 36.0

	Finished service at time: 253.0

	Task 85 -> Task 56: 42.58
	Vehicle arrival at task: 295.58
	Waiting time until service start time: 38.42

	id: 56
		node: 82
		(x, y, z): (54, 41, 1)
		dem: -17
		earl: 259
		lat: 334
		servt: 10
		pid: 41
		did: 0
		servST: 334.0
		(h, h_ind): (-1, 0)
		load: 19.0

	Finished service at time: 344.0

	Task 56 -> Task 190: 46.07
	Vehicle arrival at task: 390.07
	Waiting time until service start time: 33.93

	id: 190
		node: 63
		(x, y, z): (33, 0, 1)
		dem: -19
		earl: 424
		lat: 545
		servt: 10
		pid: 4
		did: 0
		servST: 424.0
		(h, h_ind): (-1, 0)
		load: 0.0

	Finished service at time: 434.0

	Using Machine: 1
		Task 190 -> Machine 1 (Station 2): 78.71
		Vehicle arrival at machine station: 512.71
		Waiting time until machine travel: 0.0

		Machine travel start time: 512.71
		Region 1 -> Region 0: 5.0
		Machine arrival at machine station: 517.71

		Machine 1 (Station 1)-> Task 0: 1.0
		Vehicle arrival at task: 518.71
		Waiting time until service start time: 0.0

	id: 0
		node: 122
		(x, y, z): (70, 70, 0)
		dem: 0
		earl: 0
		lat: 634
		servt: 0
		pid: 0
		did: 0
		servST: 518.71
		(h, h_ind): (1, 6)
		load: 0.0


Vehicle 55 :
	id: 0
		node: 1
		(x, y, z): (70, 70, 0)
		dem: 0
		earl: 0
		lat: 634
		servt: 0
		pid: 0
		did: 0
		servST: 13.550000000000011
		(h, h_ind): (-1, 0)
		load: 0.0

	Finished service at time: 13.550000000000011

	Using Machine: 2
		Task 0 -> Machine 2 (Station 1): 5.0
		Vehicle arrival at machine station: 18.55000000000001
		Waiting time until machine travel: 0.0

		Machine travel start time: 18.55000000000001
		Region 0 -> Region 1: 5.0
		Machine arrival at machine station: 23.55000000000001

		Machine 2 (Station 2)-> Task 92: 55.22
		Vehicle arrival at task: 78.77000000000001
		Waiting time until service start time: 0.0

	id: 92
		node: 42
		(x, y, z): (120, 102, 1)
		dem: 18
		earl: 68
		lat: 156
		servt: 10
		pid: 0
		did: 16
		servST: 78.77000000000001
		(h, h_ind): (2, 1)
		load: 18.0

	Finished service at time: 88.77000000000001

	Using Machine: 4
		Task 92 -> Machine 4 (Station 2): 53.6
		Vehicle arrival at machine station: 142.37
		Waiting time until machine travel: 0.0

		Machine travel start time: 142.37
		Region 1 -> Region 0: 5.0
		Machine arrival at machine station: 147.37

		Machine 4 (Station 1)-> Task 16: 83.63
		Vehicle arrival at task: 231.0
		Waiting time until service start time: 0.0

	id: 16
		node: 102
		(x, y, z): (132, 133, 0)
		dem: -18
		earl: 88
		lat: 231
		servt: 10
		pid: 92
		did: 0
		servST: 231.0
		(h, h_ind): (4, 5)
		load: 0.0

	Finished service at time: 241.0

	Task 16 -> Task 121: 51.89
	Vehicle arrival at task: 292.89
	Waiting time until service start time: 0.0

	id: 121
		node: 55
		(x, y, z): (85, 111, 0)
		dem: 25
		earl: 206
		lat: 329
		servt: 10
		pid: 0
		did: 101
		servST: 292.89
		(h, h_ind): (-1, 0)
		load: 25.0

	Finished service at time: 302.89

	Task 121 -> Task 101: 23.02
	Vehicle arrival at task: 325.90999999999997
	Waiting time until service start time: 0.0

	id: 101
		node: 115
		(x, y, z): (84, 88, 0)
		dem: -25
		earl: 312
		lat: 430
		servt: 10
		pid: 121
		did: 0
		servST: 325.90999999999997
		(h, h_ind): (-1, 0)
		load: 0.0

	Finished service at time: 335.90999999999997

	Task 101 -> Task 103: 19.92
	Vehicle arrival at task: 355.83
	Waiting time until service start time: 0.0

	id: 103
		node: 47
		(x, y, z): (103, 82, 0)
		dem: 27
		earl: 285
		lat: 397
		servt: 10
		pid: 0
		did: 154
		servST: 355.83
		(h, h_ind): (-1, 0)
		load: 27.0

	Finished service at time: 365.83

	Task 103 -> Task 154: 17.12
	Vehicle arrival at task: 382.95
	Waiting time until service start time: 0.0

	id: 154
		node: 107
		(x, y, z): (86, 80, 0)
		dem: -27
		earl: 316
		lat: 462
		servt: 10
		pid: 103
		did: 0
		servST: 382.95
		(h, h_ind): (-1, 0)
		load: 0.0

	Finished service at time: 392.95

	Task 154 -> Task 0: 18.87
	Vehicle arrival at task: 411.82
	Waiting time until service start time: 0.0

	id: 0
		node: 122
		(x, y, z): (70, 70, 0)
		dem: 0
		earl: 0
		lat: 634
		servt: 0
		pid: 0
		did: 0
		servST: 411.82
		(h, h_ind): (-1, 0)
		load: 0.0


Vehicle 58 :
	id: 0
		node: 1
		(x, y, z): (70, 70, 0)
		dem: 0
		earl: 0
		lat: 634
		servt: 0
		pid: 0
		did: 0
		servST: 24.48999999999996
		(h, h_ind): (-1, 0)
		load: 0.0

	Finished service at time: 24.48999999999996

	Task 0 -> Task 132: 10.63
	Vehicle arrival at task: 35.11999999999996
	Waiting time until service start time: 0.0

	id: 132
		node: 59
		(x, y, z): (78, 63, 0)
		dem: 19
		earl: 10
		lat: 124
		servt: 10
		pid: 0
		did: 120
		servST: 35.11999999999996
		(h, h_ind): (-1, 0)
		load: 19.0

	Finished service at time: 45.11999999999996

	Using Machine: 4
		Task 132 -> Machine 4 (Station 1): 7.07
		Vehicle arrival at machine station: 52.18999999999996
		Waiting time until machine travel: 0.0

		Machine travel start time: 52.18999999999996
		Region 0 -> Region 1: 5.0
		Machine arrival at machine station: 57.18999999999996

		Machine 4 (Station 2)-> Task 120: 44.15
		Vehicle arrival at task: 101.33999999999996
		Waiting time until service start time: 0.0

	id: 120
		node: 119
		(x, y, z): (120, 60, 1)
		dem: -19
		earl: 50
		lat: 164
		servt: 10
		pid: 132
		did: 0
		servST: 101.33999999999996
		(h, h_ind): (4, 2)
		load: 0.0

	Finished service at time: 111.33999999999996

	Task 120 -> Task 38: 87.2
	Vehicle arrival at task: 198.53999999999996
	Waiting time until service start time: 0.0

	id: 38
		node: 20
		(x, y, z): (50, 112, 1)
		dem: 18
		earl: 188
		lat: 305
		servt: 10
		pid: 0
		did: 100
		servST: 198.53999999999996
		(h, h_ind): (-1, 0)
		load: 18.0

	Finished service at time: 208.53999999999996

	Task 38 -> Task 100: 18.44
	Vehicle arrival at task: 226.97999999999996
	Waiting time until service start time: 0.0

	id: 100
		node: 80
		(x, y, z): (36, 124, 1)
		dem: -18
		earl: 196
		lat: 302
		servt: 10
		pid: 38
		did: 0
		servST: 226.97999999999996
		(h, h_ind): (-1, 0)
		load: 0.0

	Finished service at time: 236.97999999999996

	Task 100 -> Task 62: 19.24
	Vehicle arrival at task: 256.21999999999997
	Waiting time until service start time: 0.0

	id: 62
		node: 31
		(x, y, z): (55, 127, 1)
		dem: 17
		earl: 204
		lat: 342
		servt: 10
		pid: 0
		did: 52
		servST: 256.21999999999997
		(h, h_ind): (-1, 0)
		load: 17.0

	Finished service at time: 266.21999999999997

	Task 62 -> Task 17: 50.45
	Vehicle arrival at task: 316.66999999999996
	Waiting time until service start time: 0.0

	id: 17
		node: 10
		(x, y, z): (104, 139, 1)
		dem: 29
		earl: 284
		lat: 417
		servt: 10
		pid: 0
		did: 192
		servST: 316.66999999999996
		(h, h_ind): (-1, 0)
		load: 46.0

	Finished service at time: 326.66999999999996

	Using Machine: 4
		Task 17 -> Machine 4 (Station 2): 74.09
		Vehicle arrival at machine station: 400.76
		Waiting time until machine travel: 0.0

		Machine travel start time: 400.76
		Region 1 -> Region 0: 5.0
		Machine arrival at machine station: 405.76

		Machine 4 (Station 1)-> Task 192: 49.24
		Vehicle arrival at task: 455.0
		Waiting time until service start time: 0.0

	id: 192
		node: 70
		(x, y, z): (97, 115, 0)
		dem: -29
		earl: 312
		lat: 455
		servt: 10
		pid: 17
		did: 0
		servST: 455.0
		(h, h_ind): (4, 10)
		load: 17.0

	Finished service at time: 465.0

	Task 192 -> Task 52: 43.83
	Vehicle arrival at task: 508.83
	Waiting time until service start time: 0.0

	id: 52
		node: 91
		(x, y, z): (58, 95, 0)
		dem: -17
		earl: 438
		lat: 562
		servt: 10
		pid: 62
		did: 0
		servST: 508.83
		(h, h_ind): (-1, 0)
		load: 0.0

	Finished service at time: 518.8299999999999

	Task 52 -> Task 0: 27.73
	Vehicle arrival at task: 546.56
	Waiting time until service start time: 0.0

	id: 0
		node: 122
		(x, y, z): (70, 70, 0)
		dem: 0
		earl: 0
		lat: 634
		servt: 0
		pid: 0
		did: 0
		servST: 546.56
		(h, h_ind): (-1, 0)
		load: 0.0


Vehicle 59 :
	id: 0
		node: 1
		(x, y, z): (70, 70, 0)
		dem: 0
		earl: 0
		lat: 634
		servt: 0
		pid: 0
		did: 0
		servST: 0.0
		(h, h_ind): (-1, 0)
		load: 0.0

	Finished service at time: 0.0

	Using Machine: 1
		Task 0 -> Machine 1 (Station 1): 1.0
		Vehicle arrival at machine station: 1.0
		Waiting time until machine travel: 0.0

		Machine travel start time: 1.0
		Region 0 -> Region 1: 5.0
		Machine arrival at machine station: 6.0

		Machine 1 (Station 2)-> Task 72: 39.92
		Vehicle arrival at task: 45.92
		Waiting time until service start time: 0.0

	id: 72
		node: 37
		(x, y, z): (54, 33, 1)
		dem: 20
		earl: 40
		lat: 149
		servt: 10
		pid: 0
		did: 93
		servST: 45.92
		(h, h_ind): (1, 1)
		load: 20.0

	Finished service at time: 55.92

	Task 72 -> Task 46: 26.93
	Vehicle arrival at task: 82.85
	Waiting time until service start time: 0.0

	id: 46
		node: 24
		(x, y, z): (44, 58, 1)
		dem: 30
		earl: 28
		lat: 144
		servt: 10
		pid: 0
		did: 58
		servST: 82.85
		(h, h_ind): (-1, 0)
		load: 50.0

	Finished service at time: 92.85

	Using Machine: 5
		Task 46 -> Machine 5 (Station 2): 24.19
		Vehicle arrival at machine station: 117.03999999999999
		Waiting time until machine travel: 0.0

		Machine travel start time: 117.03999999999999
		Region 1 -> Region 0: 5.0
		Machine arrival at machine station: 122.03999999999999

		Machine 5 (Station 1)-> Task 93: 70.0
		Vehicle arrival at task: 192.04
		Waiting time until service start time: 0.0

	id: 93
		node: 97
		(x, y, z): (65, 0, 0)
		dem: -20
		earl: 70
		lat: 215
		servt: 10
		pid: 72
		did: 0
		servST: 192.04
		(h, h_ind): (5, 3)
		load: 30.0

	Finished service at time: 202.04

	Task 93 -> Task 58: 115.76
	Vehicle arrival at task: 317.8
	Waiting time until service start time: 0.0

	id: 58
		node: 84
		(x, y, z): (5, 99, 0)
		dem: -30
		earl: 267
		lat: 411
		servt: 10
		pid: 46
		did: 0
		servST: 317.8
		(h, h_ind): (-1, 0)
		load: 0.0

	Finished service at time: 327.8

	Task 58 -> Task 0: 71.18
	Vehicle arrival at task: 398.98
	Waiting time until service start time: 0.0

	id: 0
		node: 122
		(x, y, z): (70, 70, 0)
		dem: 0
		earl: 0
		lat: 634
		servt: 0
		pid: 0
		did: 0
		servST: 398.98
		(h, h_ind): (-1, 0)
		load: 0.0


---------------------| MACHINES |---------------------

Machine 0 :
	setup duration: 0.0

	vehicle: 7
	vehicleInd: 2
	(orig, dest): (0, 63)
	(origRegion, destRegion): (0, 1)
	st: 8.309999999999995
	duration: 5.0

	setup duration: 5.0

	vehicle: 19
	vehicleInd: 2
	(orig, dest): (0, 55)
	(origRegion, destRegion): (0, 1)
	st: 18.309999999999995
	duration: 5.0

	setup duration: 0.0

	vehicle: 17
	vehicleInd: 4
	(orig, dest): (21, 0)
	(origRegion, destRegion): (1, 0)
	st: 289.38
	duration: 5.0

	setup duration: 5.0

	vehicle: 19
	vehicleInd: 8
	(orig, dest): (124, 0)
	(origRegion, destRegion): (1, 0)
	st: 354.84
	duration: 5.0

	setup duration: 5.0

	vehicle: 22
	vehicleInd: 8
	(orig, dest): (75, 0)
	(origRegion, destRegion): (1, 0)
	st: 508.65999999999997
	duration: 5.0


Machine 1 :
	setup duration: 0.0

	vehicle: 59
	vehicleInd: 2
	(orig, dest): (0, 72)
	(origRegion, destRegion): (0, 1)
	st: 1.0
	duration: 5.0

	setup duration: 5.0

	vehicle: 48
	vehicleInd: 2
	(orig, dest): (0, 35)
	(origRegion, destRegion): (0, 1)
	st: 78.44
	duration: 5.0

	setup duration: 0.0

	vehicle: 50
	vehicleInd: 6
	(orig, dest): (80, 0)
	(origRegion, destRegion): (1, 0)
	st: 256.95
	duration: 5.0

	setup duration: 5.0

	vehicle: 49
	vehicleInd: 8
	(orig, dest): (128, 0)
	(origRegion, destRegion): (1, 0)
	st: 467.18
	duration: 5.0

	setup duration: 5.0

	vehicle: 32
	vehicleInd: 6
	(orig, dest): (27, 0)
	(origRegion, destRegion): (1, 0)
	st: 498.97
	duration: 5.0

	setup duration: 5.0

	vehicle: 54
	vehicleInd: 8
	(orig, dest): (190, 0)
	(origRegion, destRegion): (1, 0)
	st: 512.71
	duration: 5.0

	setup duration: 5.0

	vehicle: 52
	vehicleInd: 8
	(orig, dest): (83, 0)
	(origRegion, destRegion): (1, 0)
	st: 534.76
	duration: 5.0

	setup duration: 0.0

	vehicle: 7
	vehicleInd: 11
	(orig, dest): (97, 119)
	(origRegion, destRegion): (0, 1)
	st: 542.17
	duration: 5.0

	setup duration: 0.0

	vehicle: 7
	vehicleInd: 12
	(orig, dest): (119, 0)
	(origRegion, destRegion): (1, 0)
	st: 561.17
	duration: 5.0

	setup duration: 5.0

	vehicle: 10
	vehicleInd: 8
	(orig, dest): (200, 0)
	(origRegion, destRegion): (1, 0)
	st: 585.09
	duration: 5.0

	setup duration: 5.0

	vehicle: 36
	vehicleInd: 10
	(orig, dest): (110, 0)
	(origRegion, destRegion): (1, 0)
	st: 612.79
	duration: 5.0


Machine 2 :
	setup duration: 0.0

	vehicle: 55
	vehicleInd: 2
	(orig, dest): (0, 92)
	(origRegion, destRegion): (0, 1)
	st: 18.55000000000001
	duration: 5.0

	setup duration: 5.0

	vehicle: 24
	vehicleInd: 2
	(orig, dest): (0, 1)
	(origRegion, destRegion): (0, 1)
	st: 36.25000000000001
	duration: 5.0

	setup duration: 5.0

	vehicle: 50
	vehicleInd: 3
	(orig, dest): (67, 137)
	(origRegion, destRegion): (0, 1)
	st: 72.82
	duration: 5.0

	setup duration: 0.0

	vehicle: 19
	vehicleInd: 4
	(orig, dest): (157, 113)
	(origRegion, destRegion): (1, 0)
	st: 132.54
	duration: 5.0

	setup duration: 5.0

	vehicle: 22
	vehicleInd: 3
	(orig, dest): (135, 133)
	(origRegion, destRegion): (1, 0)
	st: 157.89000000000004
	duration: 5.0


Machine 3 :
	setup duration: 0.0

	vehicle: 49
	vehicleInd: 2
	(orig, dest): (0, 73)
	(origRegion, destRegion): (0, 1)
	st: 7.600000000000005
	duration: 5.0

	setup duration: 5.0

	vehicle: 22
	vehicleInd: 2
	(orig, dest): (0, 135)
	(origRegion, destRegion): (0, 1)
	st: 21.81000000000003
	duration: 5.0

	setup duration: 0.0

	vehicle: 39
	vehicleInd: 10
	(orig, dest): (174, 0)
	(origRegion, destRegion): (1, 0)
	st: 526.09
	duration: 5.0


Machine 4 :
	setup duration: 0.0

	vehicle: 10
	vehicleInd: 2
	(orig, dest): (0, 112)
	(origRegion, destRegion): (0, 1)
	st: 29.46
	duration: 5.0

	setup duration: 5.0

	vehicle: 58
	vehicleInd: 3
	(orig, dest): (132, 120)
	(origRegion, destRegion): (0, 1)
	st: 52.18999999999996
	duration: 5.0

	setup duration: 5.0

	vehicle: 36
	vehicleInd: 3
	(orig, dest): (7, 60)
	(origRegion, destRegion): (0, 1)
	st: 127.37
	duration: 5.0

	setup duration: 0.0

	vehicle: 24
	vehicleInd: 4
	(orig, dest): (87, 2)
	(origRegion, destRegion): (1, 0)
	st: 132.37
	duration: 5.0

	setup duration: 5.0

	vehicle: 55
	vehicleInd: 3
	(orig, dest): (92, 16)
	(origRegion, destRegion): (1, 0)
	st: 142.37
	duration: 5.0

	setup duration: 0.0

	vehicle: 17
	vehicleInd: 3
	(orig, dest): (26, 21)
	(origRegion, destRegion): (0, 1)
	st: 147.37
	duration: 5.0

	setup duration: 5.0

	vehicle: 32
	vehicleInd: 3
	(orig, dest): (50, 66)
	(origRegion, destRegion): (0, 1)
	st: 180.41
	duration: 5.0

	setup duration: 0.0

	vehicle: 10
	vehicleInd: 4
	(orig, dest): (48, 8)
	(origRegion, destRegion): (1, 0)
	st: 186.34
	duration: 5.0

	setup duration: 0.0

	vehicle: 19
	vehicleInd: 6
	(orig, dest): (69, 31)
	(origRegion, destRegion): (0, 1)
	st: 243.33999999999997
	duration: 5.0

	setup duration: 0.0

	vehicle: 58
	vehicleInd: 8
	(orig, dest): (17, 192)
	(origRegion, destRegion): (1, 0)
	st: 400.76
	duration: 5.0

	setup duration: 0.0

	vehicle: 22
	vehicleInd: 7
	(orig, dest): (79, 75)
	(origRegion, destRegion): (0, 1)
	st: 407.55
	duration: 5.0

	setup duration: 5.0

	vehicle: 10
	vehicleInd: 7
	(orig, dest): (40, 200)
	(origRegion, destRegion): (0, 1)
	st: 432.63
	duration: 5.0


Machine 5 :
	setup duration: 0.0

	vehicle: 52
	vehicleInd: 2
	(orig, dest): (0, 15)
	(origRegion, destRegion): (0, 1)
	st: 5.0
	duration: 5.0

	setup duration: 0.0

	vehicle: 49
	vehicleInd: 3
	(orig, dest): (73, 13)
	(origRegion, destRegion): (1, 0)
	st: 71.31
	duration: 5.0

	setup duration: 5.0

	vehicle: 59
	vehicleInd: 4
	(orig, dest): (46, 93)
	(origRegion, destRegion): (1, 0)
	st: 117.03999999999999
	duration: 5.0

	setup duration: 0.0

	vehicle: 54
	vehicleInd: 5
	(orig, dest): (54, 85)
	(origRegion, destRegion): (0, 1)
	st: 180.62
	duration: 5.0

	setup duration: 5.0

	vehicle: 45
	vehicleInd: 3
	(orig, dest): (89, 106)
	(origRegion, destRegion): (0, 1)
	st: 205.85000000000002
	duration: 5.0

	setup duration: 5.0

	vehicle: 49
	vehicleInd: 5
	(orig, dest): (20, 136)
	(origRegion, destRegion): (0, 1)
	st: 229.8
	duration: 5.0

	setup duration: 0.0

	vehicle: 52
	vehicleInd: 5
	(orig, dest): (94, 6)
	(origRegion, destRegion): (1, 0)
	st: 244.71999999999997
	duration: 5.0

	setup duration: 5.0

	vehicle: 48
	vehicleInd: 5
	(orig, dest): (32, 189)
	(origRegion, destRegion): (1, 0)
	st: 270.01
	duration: 5.0

	setup duration: 5.0

	vehicle: 45
	vehicleInd: 6
	(orig, dest): (37, 138)
	(origRegion, destRegion): (1, 0)
	st: 326.99
	duration: 5.0

	setup duration: 5.0

	vehicle: 7
	vehicleInd: 8
	(orig, dest): (65, 29)
	(origRegion, destRegion): (1, 0)
	st: 407.65
	duration: 5.0

	setup duration: 0.0

	vehicle: 39
	vehicleInd: 9
	(orig, dest): (9, 174)
	(origRegion, destRegion): (0, 1)
	st: 450.36
	duration: 5.0

	setup duration: 5.0

	vehicle: 52
	vehicleInd: 7
	(orig, dest): (82, 83)
	(origRegion, destRegion): (0, 1)
	st: 465.25
	duration: 5.0


-------------------| COMPL. TIMES |-------------------

Vehicle 0 : 0.0
Vehicle 1 : 0.0
Vehicle 2 : 0.0
Vehicle 3 : 0.0
Vehicle 4 : 0.0
Vehicle 5 : 0.0
Vehicle 6 : 0.0
Vehicle 7 : 561.86
Vehicle 8 : 0.0
Vehicle 9 : 0.0
Vehicle 10 : 568.63
Vehicle 11 : 0.0
Vehicle 12 : 0.0
Vehicle 13 : 0.0
Vehicle 14 : 0.0
Vehicle 15 : 0.0
Vehicle 16 : 0.0
Vehicle 17 : 291.15
Vehicle 18 : 482.53
Vehicle 19 : 347.53
Vehicle 20 : 0.0
Vehicle 21 : 0.0
Vehicle 22 : 497.8499999999999
Vehicle 23 : 0.0
Vehicle 24 : 348.78
Vehicle 25 : 0.0
Vehicle 26 : 0.0
Vehicle 27 : 0.0
Vehicle 28 : 0.0
Vehicle 29 : 0.0
Vehicle 30 : 0.0
Vehicle 31 : 0.0
Vehicle 32 : 478.89000000000004
Vehicle 33 : 0.0
Vehicle 34 : 0.0
Vehicle 35 : 0.0
Vehicle 36 : 566.74
Vehicle 37 : 0.0
Vehicle 38 : 0.0
Vehicle 39 : 474.78000000000003
Vehicle 40 : 0.0
Vehicle 41 : 0.0
Vehicle 42 : 0.0
Vehicle 43 : 0.0
Vehicle 44 : 0.0
Vehicle 45 : 426.0200000000001
Vehicle 46 : 0.0
Vehicle 47 : 0.0
Vehicle 48 : 481.33
Vehicle 49 : 468.58
Vehicle 50 : 262.95
Vehicle 51 : 0.0
Vehicle 52 : 540.76
Vehicle 53 : 0.0
Vehicle 54 : 492.97
Vehicle 55 : 398.27
Vehicle 56 : 0.0
Vehicle 57 : 0.0
Vehicle 58 : 522.0699999999999
Vehicle 59 : 398.98
-------------------| STATISTICS |-------------------

    Vehicles used                           : 31.6667
    Machines used                           : 100.0
    Max load (vehicles)                     : 100.0
    Min load (vehicles)                     : 11.1111
    Mean load (vehicles)                    : 59.7099
    Min completion time                     : 41.4748
    Max completion time                     : 89.6893
    Mean completion time                    : 71.4816
    Avrg travel time (with vehicle)         : 9.7266
    Avrg travel time (only with vehicle)    : 6.3091
    Avrg travel time (no vehicle)           : 3.4175
    Avrg waiting time (machine travel)      : 0.0
    Avrg waiting time (service)             : 1.6105
    Machines travel times (with vehicle)    : [6.3091, 14.1956, 6.3091, 3.1546, 13.4069, 14.9842]
    Machines travel times (no vehicle)      : [2.3659, 5.5205, 2.3659, 0.7886, 3.9432, 5.5205]
    Max load per vehicle                    : [0.0, 0.0, 0.0, 0.0, 0.0, 0.0, 0.0, 68.2927, 0.0, 0.0, 66.1765, 0.0, 0.0, 0.0, 0.0, 0.0, 0.0, 12.1951, 88.8889, 57.3171, 0.0, 0.0, 69.1176, 0.0, 70.3704, 0.0, 0.0, 0.0, 0.0, 0.0, 0.0, 0.0, 37.037, 0.0, 0.0, 0.0, 81.7073, 0.0, 0.0, 100.0, 0.0, 0.0, 0.0, 0.0, 0.0, 83.8235, 0.0, 0.0, 44.1176, 39.0244, 11.1111, 0.0, 48.5294, 0.0, 100.0, 39.7059, 0.0, 0.0, 56.0976, 60.9756]

----------------------------------------------------

TOTAL: 8610.67

Everything is awesome!
