Set parameter WLSAccessID
Set parameter WLSSecret
Set parameter LicenseID to value 2661775
Academic license 2661775 - for non-commercial use only - registered to me___@dcc.ufba.br
Loading line 2: methodType heur
Loading line 3: methodCode mslp
Loading line 4: seed 0
Loading line 5: threads 1
Loading line 6: greedy_service_order random
Loading line 7: outputFlagGrbMSLP 0
Loading line 8: mslpa 60000
Loading line 9: mslpr I
Loading line 10: maxtime 3600
Loading line 11: output ./logs/
Loading line 12: printsol 1
Loading line 13: solverMethod A
Instance: LR2_2_7_t2_40R_40V_02F_06M

[20:59:13.022] Running Data.readData with file /dados/rmelo/PDPTW-SE/benchmark_multi_floor_v3/official_experiments/multistartlp/preliminar/set_01_pt_02/../../../../instances/orig_ams_fg/40R_40V_02F_06M/t2/LR2_2_7/
vehicles: Vehicle[Vehicle(0, 52), Vehicle(1, 65), Vehicle(2, 78), Vehicle(3, 78), Vehicle(4, 52), Vehicle(5, 65), Vehicle(6, 78), Vehicle(7, 65), Vehicle(8, 78), Vehicle(9, 78), Vehicle(10, 78), Vehicle(11, 52), Vehicle(12, 52), Vehicle(13, 78), Vehicle(14, 65), Vehicle(15, 65), Vehicle(16, 65), Vehicle(17, 78), Vehicle(18, 78), Vehicle(19, 78), Vehicle(20, 52), Vehicle(21, 65), Vehicle(22, 52), Vehicle(23, 52), Vehicle(24, 65), Vehicle(25, 65), Vehicle(26, 65), Vehicle(27, 78), Vehicle(28, 78), Vehicle(29, 65), Vehicle(30, 52), Vehicle(31, 65), Vehicle(32, 52), Vehicle(33, 78), Vehicle(34, 52), Vehicle(35, 65), Vehicle(36, 65), Vehicle(37, 65), Vehicle(38, 78), Vehicle(39, 78)]
vehicle_types: Vehicle[Vehicle(0, 52), Vehicle(1, 65), Vehicle(2, 78)]
Machine[Machine(0, Point[Point(74, 71, 0), Point(74, 71, 1)], 0.2), Machine(1, Point[Point(76, 71, 0), Point(76, 71, 1)], 0.2), Machine(2, Point[Point(72, 71, 0), Point(72, 71, 1)], 0.2), Machine(3, Point[Point(78, 71, 0), Point(78, 71, 1)], 0.2), Machine(4, Point[Point(70, 71, 0), Point(70, 71, 1)], 0.2), Machine(5, Point[Point(80, 71, 0), Point(80, 71, 1)], 0.2)]
refs: [1, 2, 3, 4, 6, 7, 8, 9, 11, 12, 15, 18, 19, 20, 21, 23, 24, 25, 26, 27, 29, 30, 31, 32, 35, 36, 38, 39, 42, 43, 44, 45, 46, 47, 50, 51, 53, 54, 56, 57, 62, 65, 64, 17, 79, 72, 58, 49, 75, 40, 73, 66, 61, 78, 52, 13, 71, 80, 22, 28, 16, 48, 81, 33, 14, 76, 70, 37, 10, 60, 55, 68, 41, 74, 34, 77, 63, 5, 67, 59, 69, 1]
V: [1, 2, 3, 4, 5, 6, 7, 8, 9, 10, 11, 12, 13, 14, 15, 16, 17, 18, 19, 20, 21, 22, 23, 24, 25, 26, 27, 28, 29, 30, 31, 32, 33, 34, 35, 36, 37, 38, 39, 40, 41, 42, 43, 44, 45, 46, 47, 48, 49, 50, 51, 52, 53, 54, 55, 56, 57, 58, 59, 60, 61, 62, 63, 64, 65, 66, 67, 68, 69, 70, 71, 72, 73, 74, 75, 76, 77, 78, 79, 80, 81]
V_p: [2, 3, 4, 5, 6, 7, 8, 9, 10, 11, 12, 13, 14, 15, 16, 17, 18, 19, 20, 21, 22, 23, 24, 25, 26, 27, 28, 29, 30, 31, 32, 33, 34, 35, 36, 37, 38, 39, 40, 41]
V_d: [42, 43, 44, 45, 46, 47, 48, 49, 50, 51, 52, 53, 54, 55, 56, 57, 58, 59, 60, 61, 62, 63, 64, 65, 66, 67, 68, 69, 70, 71, 72, 73, 74, 75, 76, 77, 78, 79, 80, 81]
Vprime: [1, 2, 3, 4, 5, 6, 7, 8, 9, 10, 11, 12, 13, 14, 15, 16, 17, 18, 19, 20, 21, 22, 23, 24, 25, 26, 27, 28, 29, 30, 31, 32, 33, 34, 35, 36, 37, 38, 39, 40, 41, 42, 43, 44, 45, 46, 47, 48, 49, 50, 51, 52, 53, 54, 55, 56, 57, 58, 59, 60, 61, 62, 63, 64, 65, 66, 67, 68, 69, 70, 71, 72, 73, 74, 75, 76, 77, 78, 79, 80, 81, 82]
V: [1, 2, 3, 4, 5, 6, 7, 8, 9, 10, 11, 12, 13, 14, 15, 16, 17, 18, 19, 20, 21, 22, 23, 24, 25, 26, 27, 28, 29, 30, 31, 32, 33, 34, 35, 36, 37, 38, 39, 40, 41, 42, 43, 44, 45, 46, 47, 48, 49, 50, 51, 52, 53, 54, 55, 56, 57, 58, 59, 60, 61, 62, 63, 64, 65, 66, 67, 68, 69, 70, 71, 72, 73, 74, 75, 76, 77, 78, 79, 80, 81]
q: [0, 7, 20, 14, 27, 22, 13, 8, 13, 9, 22, 19, 5, 8, 13, 13, 21, 12, 11, 13, 12, 24, 8, 20, 15, 6, 15, 20, 22, 26, 10, 9, 13, 16, 19, 17, 12, 9, 9, 29, 39, -7, -20, -14, -27, -22, -13, -8, -13, -9, -22, -19, -5, -8, -13, -13, -21, -12, -11, -13, -12, -24, -8, -20, -15, -6, -15, -20, -22, -26, -10, -9, -13, -16, -19, -17, -12, -9, -9, -29, -39, 0]
H: [1, 2, 3, 4, 5, 6]
f: [[1, 1, 1, 1, 1, 1], [1, 1, 1, 1, 1, 1], [2, 2, 2, 2, 2, 2], [2, 2, 2, 2, 2, 2], [2, 2, 2, 2, 2, 2], [1, 1, 1, 1, 1, 1], [1, 1, 1, 1, 1, 1], [2, 2, 2, 2, 2, 2], [2, 2, 2, 2, 2, 2], [2, 2, 2, 2, 2, 2], [1, 1, 1, 1, 1, 1], [1, 1, 1, 1, 1, 1], [2, 2, 2, 2, 2, 2], [2, 2, 2, 2, 2, 2], [1, 1, 1, 1, 1, 1], [2, 2, 2, 2, 2, 2], [2, 2, 2, 2, 2, 2], [2, 2, 2, 2, 2, 2], [1, 1, 1, 1, 1, 1], [2, 2, 2, 2, 2, 2], [2, 2, 2, 2, 2, 2], [2, 2, 2, 2, 2, 2], [2, 2, 2, 2, 2, 2], [1, 1, 1, 1, 1, 1], [2, 2, 2, 2, 2, 2], [1, 1, 1, 1, 1, 1], [1, 1, 1, 1, 1, 1], [1, 1, 1, 1, 1, 1], [2, 2, 2, 2, 2, 2], [2, 2, 2, 2, 2, 2], [2, 2, 2, 2, 2, 2], [1, 1, 1, 1, 1, 1], [2, 2, 2, 2, 2, 2], [2, 2, 2, 2, 2, 2], [2, 2, 2, 2, 2, 2], [2, 2, 2, 2, 2, 2], [2, 2, 2, 2, 2, 2], [1, 1, 1, 1, 1, 1], [2, 2, 2, 2, 2, 2], [2, 2, 2, 2, 2, 2], [1, 1, 1, 1, 1, 1], [1, 1, 1, 1, 1, 1], [2, 2, 2, 2, 2, 2], [2, 2, 2, 2, 2, 2], [1, 1, 1, 1, 1, 1], [1, 1, 1, 1, 1, 1], [1, 1, 1, 1, 1, 1], [2, 2, 2, 2, 2, 2], [2, 2, 2, 2, 2, 2], [1, 1, 1, 1, 1, 1], [2, 2, 2, 2, 2, 2], [2, 2, 2, 2, 2, 2], [2, 2, 2, 2, 2, 2], [1, 1, 1, 1, 1, 1], [2, 2, 2, 2, 2, 2], [1, 1, 1, 1, 1, 1], [1, 1, 1, 1, 1, 1], [1, 1, 1, 1, 1, 1], [2, 2, 2, 2, 2, 2], [1, 1, 1, 1, 1, 1], [2, 2, 2, 2, 2, 2], [1, 1, 1, 1, 1, 1], [1, 1, 1, 1, 1, 1], [1, 1, 1, 1, 1, 1], [2, 2, 2, 2, 2, 2], [1, 1, 1, 1, 1, 1], [1, 1, 1, 1, 1, 1], [1, 1, 1, 1, 1, 1], [2, 2, 2, 2, 2, 2], [2, 2, 2, 2, 2, 2], [2, 2, 2, 2, 2, 2], [1, 1, 1, 1, 1, 1], [2, 2, 2, 2, 2, 2], [1, 1, 1, 1, 1, 1], [2, 2, 2, 2, 2, 2], [1, 1, 1, 1, 1, 1], [2, 2, 2, 2, 2, 2], [2, 2, 2, 2, 2, 2], [2, 2, 2, 2, 2, 2], [2, 2, 2, 2, 2, 2], [1, 1, 1, 1, 1, 1], [1, 1, 1, 1, 1, 1]]
1 1 1 -> 0.0
1 2 1 -> 5.0
2 1 1 -> 5.0
2 2 1 -> 0.0
1 1 2 -> 0.0
1 2 2 -> 5.0
2 1 2 -> 5.0
2 2 2 -> 0.0
1 1 3 -> 0.0
1 2 3 -> 5.0
2 1 3 -> 5.0
2 2 3 -> 0.0
1 1 4 -> 0.0
1 2 4 -> 5.0
2 1 4 -> 5.0
2 2 4 -> 0.0
1 1 5 -> 0.0
1 2 5 -> 5.0
2 1 5 -> 5.0
2 2 5 -> 0.0
1 1 6 -> 0.0
1 2 6 -> 5.0
2 1 6 -> 5.0
2 2 6 -> 0.0
o: (1, 2, 1) => 5.0
o: (1, 2, 5) => 5.0
o: (1, 2, 3) => 5.0
o: (1, 1, 2) => 0.0
o: (2, 2, 6) => 0.0
o: (2, 1, 4) => 5.0
o: (1, 2, 2) => 5.0
o: (1, 1, 6) => 0.0
o: (2, 1, 1) => 5.0
o: (2, 1, 5) => 5.0
o: (2, 1, 3) => 5.0
o: (2, 2, 4) => 0.0
o: (1, 2, 6) => 5.0
o: (2, 2, 1) => 0.0
o: (2, 2, 5) => 0.0
o: (2, 2, 3) => 0.0
o: (2, 1, 2) => 5.0
o: (1, 1, 4) => 0.0
o: (1, 1, 1) => 0.0
o: (1, 1, 5) => 0.0
o: (1, 1, 3) => 0.0
o: (1, 2, 4) => 5.0
o: (2, 2, 2) => 0.0
o: (2, 1, 6) => 5.0

[118, 2737, 2727, 2645, 2635, 2640, 2546, 6]
JOBS in the order of refs (Vprime)
Node 1: Job(0, Point(70, 70, 0), 0, 0, 2535, 0, 0, 0)
Node 2: Job(2, Point(26, 50, 0), 7, 1490, 1730, 10, 0, 108)
Node 3: Job(3, Point(30, 57, 1), 20, 0, 2483, 10, 0, 95)
Node 4: Job(4, Point(29, 60, 1), 14, 0, 2483, 10, 0, 20)
Node 5: Job(6, Point(137, 137, 1), 27, 339, 579, 10, 0, 191)
Node 6: Job(8, Point(78, 111, 0), 22, 47, 287, 10, 0, 136)
Node 7: Job(9, Point(107, 25, 0), 13, 1035, 1275, 10, 0, 82)
Node 8: Job(10, Point(17, 138, 1), 8, 1670, 1910, 10, 0, 73)
Node 9: Job(12, Point(20, 69, 1), 13, 0, 2475, 10, 0, 164)
Node 10: Job(13, Point(121, 123, 1), 9, 0, 2452, 10, 0, 52)
Node 11: Job(18, Point(79, 72, 0), 22, 0, 2516, 10, 0, 138)
Node 12: Job(23, Point(78, 63, 0), 19, 0, 2515, 10, 0, 110)
Node 13: Job(25, Point(37, 79, 1), 5, 0, 2491, 10, 0, 87)
Node 14: Job(26, Point(64, 132, 1), 8, 170, 410, 10, 0, 173)
Node 15: Job(27, Point(133, 130, 0), 13, 0, 2438, 10, 0, 76)
Node 16: Job(31, Point(140, 42, 1), 13, 0, 2450, 10, 0, 15)
Node 17: Job(32, Point(121, 124, 1), 21, 539, 779, 10, 0, 127)
Node 18: Job(33, Point(42, 29, 1), 12, 0, 2476, 10, 0, 192)
Node 19: Job(35, Point(32, 6, 0), 11, 320, 560, 10, 0, 30)
Node 20: Job(36, Point(41, 36, 1), 13, 146, 386, 10, 0, 37)
Node 21: Job(38, Point(107, 102, 1), 12, 0, 2477, 10, 0, 19)
Node 22: Job(40, Point(132, 133, 1), 24, 0, 2437, 10, 0, 72)
Node 23: Job(41, Point(81, 57, 1), 8, 17, 257, 10, 0, 198)
Node 24: Job(42, Point(120, 52, 0), 20, 0, 2472, 10, 0, 43)
Node 25: Job(45, Point(82, 103, 1), 15, 0, 2490, 10, 0, 16)
Node 26: Job(47, Point(90, 44, 0), 6, 149, 389, 10, 0, 165)
Node 27: Job(50, Point(64, 138, 0), 15, 0, 2457, 10, 0, 124)
Node 28: Job(51, Point(98, 4, 0), 20, 0, 2454, 10, 0, 49)
Node 29: Job(56, Point(86, 40, 1), 22, 0, 2491, 10, 0, 11)
Node 30: Job(58, Point(59, 115, 1), 26, 1195, 1435, 10, 0, 86)
Node 31: Job(64, Point(37, 125, 1), 10, 0, 2461, 10, 0, 79)
Node 32: Job(65, Point(99, 34, 0), 9, 243, 483, 10, 0, 120)
Node 33: Job(66, Point(38, 122, 1), 13, 876, 1116, 10, 0, 55)
Node 34: Job(68, Point(109, 131, 1), 16, 0, 2453, 10, 0, 158)
Node 35: Job(74, Point(48, 47, 1), 19, 31, 271, 10, 0, 44)
Node 36: Job(75, Point(104, 73, 1), 17, 0, 2491, 10, 0, 169)
Node 37: Job(77, Point(103, 44, 1), 12, 0, 2483, 10, 0, 94)
Node 38: Job(78, Point(73, 96, 0), 9, 604, 844, 10, 0, 5)
Node 39: Job(80, Point(71, 70, 1), 9, 0, 2524, 10, 0, 119)
Node 40: Job(81, Point(83, 12, 1), 29, 0, 2466, 10, 0, 83)
Node 41: Job(88, Point(120, 22, 0), 39, 396, 636, 10, 0, 122)
Node 42: Job(108, Point(15, 18, 0), -7, 1540, 1780, 10, 2, 0)
Node 43: Job(95, Point(114, 109, 1), -20, 249, 489, 10, 3, 0)
Node 44: Job(20, Point(8, 87, 1), -14, 1545, 1785, 10, 4, 0)
Node 45: Job(191, Point(125, 68, 0), -27, 708, 948, 10, 6, 0)
Node 46: Job(136, Point(92, 138, 0), -22, 0, 2454, 10, 8, 0)
Node 47: Job(82, Point(36, 54, 0), -13, 1428, 1668, 10, 9, 0)
Node 48: Job(73, Point(39, 100, 1), -8, 0, 2482, 10, 10, 0)
Node 49: Job(164, Point(65, 80, 1), -13, 0, 2514, 10, 12, 0)
Node 50: Job(52, Point(61, 34, 0), -9, 1830, 2070, 10, 13, 0)
Node 51: Job(138, Point(100, 99, 1), -22, 1136, 1376, 10, 18, 0)
Node 52: Job(110, Point(16, 62, 1), -19, 1524, 1764, 10, 23, 0)
Node 53: Job(87, Point(34, 72, 1), -5, 0, 2489, 10, 25, 0)
Node 54: Job(173, Point(67, 120, 0), -8, 1375, 1615, 10, 26, 0)
Node 55: Job(76, Point(9, 19, 1), -13, 1431, 1671, 10, 27, 0)
Node 56: Job(15, Point(137, 7, 0), -13, 0, 2434, 10, 31, 0)
Node 57: Job(127, Point(138, 105, 0), -21, 0, 2449, 10, 32, 0)
Node 58: Job(192, Point(44, 36, 0), -12, 131, 371, 10, 33, 0)
Node 59: Job(30, Point(10, 86, 1), -11, 0, 2463, 10, 35, 0)
Node 60: Job(37, Point(106, 10, 0), -13, 1135, 1375, 10, 36, 0)
Node 61: Job(19, Point(104, 32, 1), -12, 0, 2475, 10, 38, 0)
Node 62: Job(72, Point(88, 29, 0), -24, 0, 2481, 10, 40, 0)
Node 63: Job(198, Point(8, 138, 0), -8, 1105, 1345, 10, 41, 0)
Node 64: Job(43, Point(113, 32, 0), -20, 0, 2468, 10, 42, 0)
Node 65: Job(16, Point(50, 106, 1), -15, 1221, 1461, 10, 45, 0)
Node 66: Job(165, Point(28, 62, 0), -6, 0, 2483, 10, 47, 0)
Node 67: Job(124, Point(85, 111, 0), -15, 952, 1192, 10, 50, 0)
Node 68: Job(49, Point(89, 24, 0), -20, 0, 2476, 10, 51, 0)
Node 69: Job(11, Point(37, 138, 1), -22, 0, 2450, 10, 56, 0)
Node 70: Job(86, Point(67, 96, 1), -26, 1908, 2148, 10, 58, 0)
Node 71: Job(79, Point(44, 116, 1), -10, 0, 2473, 10, 64, 0)
Node 72: Job(120, Point(92, 22, 0), -9, 0, 2473, 10, 65, 0)
Node 73: Job(55, Point(84, 88, 1), -13, 1365, 1605, 10, 66, 0)
Node 74: Job(158, Point(54, 41, 0), -16, 1065, 1305, 10, 68, 0)
Node 75: Job(44, Point(137, 101, 1), -19, 617, 857, 10, 74, 0)
Node 76: Job(169, Point(51, 92, 0), -17, 1731, 1971, 10, 75, 0)
Node 77: Job(94, Point(34, 20, 1), -12, 0, 2464, 10, 77, 0)
Node 78: Job(5, Point(69, 116, 1), -9, 0, 2479, 10, 78, 0)
Node 79: Job(119, Point(120, 60, 1), -9, 156, 396, 10, 80, 0)
Node 80: Job(83, Point(16, 92, 1), -29, 0, 2467, 10, 81, 0)
Node 81: Job(122, Point(117, 92, 0), -39, 0, 2474, 10, 88, 0)
Node 82: Job(0, Point(70, 70, 0), 0, 0, 2535, 0, 0, 0)

### Preprocessing Data ###
	-> arcs: 6724 (100.0%)
	-> arc_removals: 1540 (22.9%)
	-> arc_removals_is_loop: 82 (1.22%)
	-> arc_removals_is_delivery_to_pickup: 42 (0.62%)
	-> arc_removals_is_depot_begin_to_delivery: 40 (0.59%)
	-> arc_removals_is_pickup_to_depot_end: 40 (0.59%)
	-> arc_removals_is_dest_depot_begin: 80 (1.19%)
	-> arc_removals_is_orig_depot_end: 79 (1.17%)
	-> arc_removals_is_capacity_violated: 0 (0.0%)
	-> arc_removals_is_time_window_limited: 876 (13.03%)
	-> arc_removals_is_time_window_pairing_limited: 243 (3.61%)
	-> arc_removals_is_indirect_request_service_impossible: 58 (0.86%)
	-> gamma_vars: 0 (0%)
	-> feas_gamma_vars: 0 (0%)
	-> infeas_gamma_vars_is_next_mtrv_unreachable: 0 (0%)
	-> infeas_gamma_vars_is_iprime_jprime_eq_i_j: 0 (0%)
	-> machine_removal_for_an_arc: 0 (0.0%)
##########################

[20:59:22.692] Print configuration
------------------------------------------------------
"
[20:59:22.693] Running Multi Start Heuristic"
> Experiment started at 2025-10-05T20:59:22.693
> Instance: LR2_2_7_t2_40R_40V_02F_06M
> Algorithm Parameters:


	>Stop params:
		>  - rule ITERATIONS
		>  - argument 60000.0
		>  - maximum_time 3600

	>General params:
		>  - instPath /dados/rmelo/PDPTW-SE/benchmark_multi_floor_v3/official_experiments/multistartlp/preliminar/set_01_pt_02/../../../../instances/orig_ams_fg/40R_40V_02F_06M/t2/LR2_2_7/
		>  - name LR2_2_7
		>  - type t2
		>  - group 40R_40V_02F_06M
		>  - fullname LR2_2_7_t2_40R_40V_02F_06M
		>  - methodType heur
		>  - methodCode mslp
		>  - genconfigfile /dados/rmelo/PDPTW-SE/benchmark_multi_floor_v3/official_experiments/multistartlp/preliminar/set_01_pt_02/configs/genconfig_mslp.conf
		>  - genconfigfilename genconfig_mslp
		>  - greedy_service_order random
		>  - cutoff 0
		>  - cutoffmachs 6
		>  - num_machs 0
		>  - solver Gurobi
		>  - maxtime 3600
		>  - gurobiCuts 1
		>  - typeUserCut 0
		>  - mipPresolve -1
		>  - printsol 1
		>  - maxnodes -1
		>  - elevator 1
		>  - make_instance_feasible false
		>  - output /dados/rmelo/PDPTW-SE/benchmark_multi_floor_v3/official_experiments/multistartlp/preliminar/set_01_pt_02/logs
		>  - suff_outputs _seed_143_alpha_05p
		>  - suff_csv _bash_1
		>  - epsilon 0.005
		>  - epsilonCap 0.5
		>  - warmStart false
		>  - seed 143
		>  - rng Random.MersenneTwister(143)
		>  - alpha 0.05
		>  - maxiter 1000000
		>  - outputFlagGrbMIP 0
		>  - outputFlagGrbMSLP 0
		>  - outputFlagGrbLMNS 0
		>  - mslpr I
		>  - mslpa 60000
		>  - lmnsr M
		>  - lmnsa 60
		>  - lmnsRepairTime 30.0
		>  - lmnsMIPFocus 0
		>  - lmnsGapToBiggerDestruction 50
		>  - lmnsGapToSmallerDestruction 95
		>  - lmnsWeightShawDistProx 1.0
		>  - lmnsWeightShawEarlProx 1.0
		>  - lmnsWeightShawSameRoute 1.0
		>  - lmnsWeightShawDemandSim 1.0
		>  - lmnsReqRApplyMIPStart true
		>  - lmnsAcceptanceCriteria H
		>  - lmnsMetropolisTemp 100.0
		>  - lmnsSimulatedAnnealingTemp 100.0
		>  - lmnsSimulatedAnnealingCool 0.95
		>  - mipmaxtime 3600
		>  - csvfilename /dados/rmelo/PDPTW-SE/benchmark_multi_floor_v3/official_experiments/multistartlp/preliminar/set_01_pt_02/logs/heur_mslp/outputs/csvresults_heur_mslp_bash_1.csv
		>  - solfilename /dados/rmelo/PDPTW-SE/benchmark_multi_floor_v3/official_experiments/multistartlp/preliminar/set_01_pt_02/logs/heur_mslp/solutions/40R_40V_02F_06M/LR2_2_7_sol_genconfig_mslp_seed_143_alpha_05p.txt
		>  - timelineFilename /dados/rmelo/PDPTW-SE/benchmark_multi_floor_v3/official_experiments/multistartlp/preliminar/set_01_pt_02/logs/heur_mslp/timelines/40R_40V_02F_06M/LR2_2_7_timeline_genconfig_mslp_seed_143_alpha_05p.txt
		>  - grbFilename /dados/rmelo/PDPTW-SE/benchmark_multi_floor_v3/official_experiments/multistartlp/preliminar/set_01_pt_02/logs/heur_mslp/gurobi/40R_40V_02F_06M/LR2_2_7_grb_genconfig_mslp_seed_143_alpha_05p.log
		>  - threads 1
		>  - solverMethod AUTOMATIC

------------------------------------------------------
objValue;greedysol;iteration;time
6728.35;6843.31;1;0.065399
6532.05;6567.11;11;0.717067
6509.25;6640.19;84;3.866833
6315.43;6437.63;131;5.657188
6185.16;6363.26;267;10.980111
6154.68;6241.34;1316;51.848666
6147.61;6150.34;2407;94.422803
5777.40;5994.56;4174;164.148730

[21:38:51.468] Finished running MSLP

[21:38:51.468] Post running MSLP
Best solution value: 5777.40
Total time elapsed: 2368.672578
Time to best: 164.148730
Iterations: 60000
Iterations to best: 4174
Improvements: 8
Infeasible solutions percentage: (0 / 60000) = 0.0000 %
(LP improvements)/(LP runs) = 59986/60000 = 99.9767 %
Mean LP improvement percentage: 2.6957 %
[21:38:51.78] Writing results to CSV file: /dados/rmelo/PDPTW-SE/benchmark_multi_floor_v3/official_experiments/multistartlp/preliminar/set_01_pt_02/logs/heur_mslp/outputs/csvresults_heur_mslp_bash_1.csv

[21:38:53.765] Saving solution to file:/dados/rmelo/PDPTW-SE/benchmark_multi_floor_v3/official_experiments/multistartlp/preliminar/set_01_pt_02/logs/heur_mslp/solutions/40R_40V_02F_06M/LR2_2_7_sol_genconfig_mslp_seed_143_alpha_05p.txt

[21:38:53.765] Saving solution timeline to file: /dados/rmelo/PDPTW-SE/benchmark_multi_floor_v3/official_experiments/multistartlp/preliminar/set_01_pt_02/logs/heur_mslp/timelines/40R_40V_02F_06M/LR2_2_7_timeline_genconfig_mslp_seed_143_alpha_05p.txt
---------------------| VEHICLES |---------------------

Vehicle 10 :
	id: 0
		node: 1
		(x, y, z): (70, 70, 0)
		dem: 0
		earl: 0
		lat: 2535
		servt: 0
		pid: 0
		did: 0
		servST: 92.01
		(h, h_ind): (-1, 0)
		load: 0.0

	Finished service at time: 92.01

	Using Machine: 2
		Task 0 -> Machine 2 (Station 1): 2.24
		Vehicle arrival at machine station: 94.25
		Waiting time until machine travel: 0.0

		Machine travel start time: 94.25
		Region 0 -> Region 1: 5.0
		Machine arrival at machine station: 99.25

		Machine 2 (Station 2)-> Task 36: 46.75
		Vehicle arrival at task: 146.0
		Waiting time until service start time: 0.0

	id: 36
		node: 20
		(x, y, z): (41, 36, 1)
		dem: 13
		earl: 146
		lat: 386
		servt: 10
		pid: 0
		did: 37
		servST: 146.0
		(h, h_ind): (2, 1)
		load: 13.0

	Finished service at time: 156.0

	Using Machine: 4
		Task 36 -> Machine 4 (Station 2): 45.45
		Vehicle arrival at machine station: 201.45
		Waiting time until machine travel: 0.0

		Machine travel start time: 201.45
		Region 1 -> Region 0: 5.0
		Machine arrival at machine station: 206.45

		Machine 4 (Station 1)-> Task 65: 47.01
		Vehicle arrival at task: 253.45999999999998
		Waiting time until service start time: 0.0

	id: 65
		node: 32
		(x, y, z): (99, 34, 0)
		dem: 9
		earl: 243
		lat: 483
		servt: 10
		pid: 0
		did: 120
		servST: 253.45999999999998
		(h, h_ind): (4, 3)
		load: 22.0

	Finished service at time: 263.46

	Task 65 -> Task 120: 13.89
	Vehicle arrival at task: 277.34999999999997
	Waiting time until service start time: 0.0

	id: 120
		node: 72
		(x, y, z): (92, 22, 0)
		dem: -9
		earl: 0
		lat: 2473
		servt: 10
		pid: 65
		did: 0
		servST: 277.34999999999997
		(h, h_ind): (-1, 0)
		load: 13.0

	Finished service at time: 287.34999999999997

	Using Machine: 5
		Task 120 -> Machine 5 (Station 1): 50.45
		Vehicle arrival at machine station: 337.79999999999995
		Waiting time until machine travel: 0.0

		Machine travel start time: 337.79999999999995
		Region 0 -> Region 1: 5.0
		Machine arrival at machine station: 342.79999999999995

		Machine 5 (Station 2)-> Task 26: 63.06
		Vehicle arrival at task: 405.85999999999996
		Waiting time until service start time: 0.0

	id: 26
		node: 14
		(x, y, z): (64, 132, 1)
		dem: 8
		earl: 170
		lat: 410
		servt: 10
		pid: 0
		did: 173
		servST: 405.85999999999996
		(h, h_ind): (5, 1)
		load: 21.0

	Finished service at time: 415.85999999999996

	Using Machine: 5
		Task 26 -> Machine 5 (Station 2): 63.06
		Vehicle arrival at machine station: 478.91999999999996
		Waiting time until machine travel: 0.0

		Machine travel start time: 478.91999999999996
		Region 1 -> Region 0: 5.0
		Machine arrival at machine station: 483.91999999999996

		Machine 5 (Station 1)-> Task 88: 63.25
		Vehicle arrival at task: 547.17
		Waiting time until service start time: 0.0

	id: 88
		node: 41
		(x, y, z): (120, 22, 0)
		dem: 39
		earl: 396
		lat: 636
		servt: 10
		pid: 0
		did: 122
		servST: 547.17
		(h, h_ind): (5, 3)
		load: 60.0

	Finished service at time: 557.17

	Task 88 -> Task 122: 70.06
	Vehicle arrival at task: 627.23
	Waiting time until service start time: 0.0

	id: 122
		node: 81
		(x, y, z): (117, 92, 0)
		dem: -39
		earl: 0
		lat: 2474
		servt: 10
		pid: 88
		did: 0
		servST: 627.23
		(h, h_ind): (-1, 0)
		load: 21.0

	Finished service at time: 637.23

	Using Machine: 5
		Task 122 -> Machine 5 (Station 1): 42.54
		Vehicle arrival at machine station: 679.77
		Waiting time until machine travel: 0.0

		Machine travel start time: 679.77
		Region 0 -> Region 1: 5.0
		Machine arrival at machine station: 684.77

		Machine 5 (Station 2)-> Task 32: 67.01
		Vehicle arrival at task: 751.78
		Waiting time until service start time: 0.0

	id: 32
		node: 17
		(x, y, z): (121, 124, 1)
		dem: 21
		earl: 539
		lat: 779
		servt: 10
		pid: 0
		did: 127
		servST: 751.78
		(h, h_ind): (5, 5)
		load: 42.0

	Finished service at time: 761.78

	Task 32 -> Task 40: 14.21
	Vehicle arrival at task: 775.99
	Waiting time until service start time: 0.0

	id: 40
		node: 22
		(x, y, z): (132, 133, 1)
		dem: 24
		earl: 0
		lat: 2437
		servt: 10
		pid: 0
		did: 72
		servST: 775.99
		(h, h_ind): (-1, 0)
		load: 66.0

	Finished service at time: 785.99

	Using Machine: 5
		Task 40 -> Machine 5 (Station 2): 80.92
		Vehicle arrival at machine station: 866.91
		Waiting time until machine travel: 0.0

		Machine travel start time: 866.91
		Region 1 -> Region 0: 5.0
		Machine arrival at machine station: 871.91

		Machine 5 (Station 1)-> Task 127: 67.23
		Vehicle arrival at task: 939.14
		Waiting time until service start time: 0.0

	id: 127
		node: 57
		(x, y, z): (138, 105, 0)
		dem: -21
		earl: 0
		lat: 2449
		servt: 10
		pid: 32
		did: 0
		servST: 939.14
		(h, h_ind): (5, 6)
		load: 45.0

	Finished service at time: 949.14

	Task 127 -> Task 42: 55.97
	Vehicle arrival at task: 1005.11
	Waiting time until service start time: 0.0

	id: 42
		node: 24
		(x, y, z): (120, 52, 0)
		dem: 20
		earl: 0
		lat: 2472
		servt: 10
		pid: 0
		did: 43
		servST: 1005.11
		(h, h_ind): (-1, 0)
		load: 65.0

	Finished service at time: 1015.11

	Task 42 -> Task 43: 21.19
	Vehicle arrival at task: 1036.3
	Waiting time until service start time: 0.0

	id: 43
		node: 64
		(x, y, z): (113, 32, 0)
		dem: -20
		earl: 0
		lat: 2468
		servt: 10
		pid: 42
		did: 0
		servST: 1036.3
		(h, h_ind): (-1, 0)
		load: 45.0

	Finished service at time: 1046.3

	Task 43 -> Task 51: 31.76
	Vehicle arrival at task: 1078.06
	Waiting time until service start time: 0.0

	id: 51
		node: 28
		(x, y, z): (98, 4, 0)
		dem: 20
		earl: 0
		lat: 2454
		servt: 10
		pid: 0
		did: 49
		servST: 1078.06
		(h, h_ind): (-1, 0)
		load: 65.0

	Finished service at time: 1088.06

	Task 51 -> Task 9: 22.85
	Vehicle arrival at task: 1110.9099999999999
	Waiting time until service start time: 0.0

	id: 9
		node: 7
		(x, y, z): (107, 25, 0)
		dem: 13
		earl: 1035
		lat: 1275
		servt: 10
		pid: 0
		did: 82
		servST: 1110.9099999999999
		(h, h_ind): (-1, 0)
		load: 78.0

	Finished service at time: 1120.9099999999999

	Task 9 -> Task 72: 19.42
	Vehicle arrival at task: 1140.33
	Waiting time until service start time: 0.0

	id: 72
		node: 62
		(x, y, z): (88, 29, 0)
		dem: -24
		earl: 0
		lat: 2481
		servt: 10
		pid: 40
		did: 0
		servST: 1140.33
		(h, h_ind): (-1, 0)
		load: 54.0

	Finished service at time: 1150.33

	Task 72 -> Task 49: 5.1
	Vehicle arrival at task: 1155.4299999999998
	Waiting time until service start time: 0.0

	id: 49
		node: 68
		(x, y, z): (89, 24, 0)
		dem: -20
		earl: 0
		lat: 2476
		servt: 10
		pid: 51
		did: 0
		servST: 1155.4299999999998
		(h, h_ind): (-1, 0)
		load: 34.0

	Finished service at time: 1165.4299999999998

	Task 49 -> Task 37: 22.02
	Vehicle arrival at task: 1187.4499999999998
	Waiting time until service start time: 0.0

	id: 37
		node: 60
		(x, y, z): (106, 10, 0)
		dem: -13
		earl: 1135
		lat: 1375
		servt: 10
		pid: 36
		did: 0
		servST: 1187.4499999999998
		(h, h_ind): (-1, 0)
		load: 21.0

	Finished service at time: 1197.4499999999998

	Using Machine: 3
		Task 37 -> Machine 3 (Station 1): 67.12
		Vehicle arrival at machine station: 1264.5699999999997
		Waiting time until machine travel: 0.0

		Machine travel start time: 1264.5699999999997
		Region 0 -> Region 1: 5.0
		Machine arrival at machine station: 1269.5699999999997

		Machine 3 (Station 2)-> Task 45: 32.25
		Vehicle arrival at task: 1301.8199999999997
		Waiting time until service start time: 0.0

	id: 45
		node: 25
		(x, y, z): (82, 103, 1)
		dem: 15
		earl: 0
		lat: 2490
		servt: 10
		pid: 0
		did: 16
		servST: 1301.8199999999997
		(h, h_ind): (3, 2)
		load: 36.0

	Finished service at time: 1311.8199999999997

	Task 45 -> Task 16: 32.14
	Vehicle arrival at task: 1343.9599999999998
	Waiting time until service start time: 0.0

	id: 16
		node: 65
		(x, y, z): (50, 106, 1)
		dem: -15
		earl: 1221
		lat: 1461
		servt: 10
		pid: 45
		did: 0
		servST: 1343.9599999999998
		(h, h_ind): (-1, 0)
		load: 21.0

	Finished service at time: 1353.9599999999998

	Using Machine: 4
		Task 16 -> Machine 4 (Station 2): 40.31
		Vehicle arrival at machine station: 1394.2699999999998
		Waiting time until machine travel: 0.0

		Machine travel start time: 1394.2699999999998
		Region 1 -> Region 0: 5.0
		Machine arrival at machine station: 1399.2699999999998

		Machine 4 (Station 1)-> Task 173: 49.09
		Vehicle arrival at task: 1448.3599999999997
		Waiting time until service start time: 0.0

	id: 173
		node: 54
		(x, y, z): (67, 120, 0)
		dem: -8
		earl: 1375
		lat: 1615
		servt: 10
		pid: 26
		did: 0
		servST: 1448.3599999999997
		(h, h_ind): (4, 6)
		load: 13.0

	Finished service at time: 1458.3599999999997

	Task 173 -> Task 2: 81.12
	Vehicle arrival at task: 1539.4799999999996
	Waiting time until service start time: 0.0

	id: 2
		node: 2
		(x, y, z): (26, 50, 0)
		dem: 7
		earl: 1490
		lat: 1730
		servt: 10
		pid: 0
		did: 108
		servST: 1539.4799999999996
		(h, h_ind): (-1, 0)
		load: 20.0

	Finished service at time: 1549.4799999999996

	Task 2 -> Task 108: 33.84
	Vehicle arrival at task: 1583.3199999999995
	Waiting time until service start time: 0.0

	id: 108
		node: 42
		(x, y, z): (15, 18, 0)
		dem: -7
		earl: 1540
		lat: 1780
		servt: 10
		pid: 2
		did: 0
		servST: 1583.3199999999995
		(h, h_ind): (-1, 0)
		load: 13.0

	Finished service at time: 1593.3199999999995

	Task 108 -> Task 82: 41.68
	Vehicle arrival at task: 1634.9999999999995
	Waiting time until service start time: 0.0

	id: 82
		node: 47
		(x, y, z): (36, 54, 0)
		dem: -13
		earl: 1428
		lat: 1668
		servt: 10
		pid: 9
		did: 0
		servST: 1634.9999999999995
		(h, h_ind): (-1, 0)
		load: 0.0

	Finished service at time: 1644.9999999999995

	Task 82 -> Task 0: 37.58
	Vehicle arrival at task: 1682.5799999999995
	Waiting time until service start time: 0.0

	id: 0
		node: 82
		(x, y, z): (70, 70, 0)
		dem: 0
		earl: 0
		lat: 2535
		servt: 0
		pid: 0
		did: 0
		servST: 1682.5799999999995
		(h, h_ind): (-1, 0)
		load: 0.0


Vehicle 11 :
	id: 0
		node: 1
		(x, y, z): (70, 70, 0)
		dem: 0
		earl: 0
		lat: 2535
		servt: 0
		pid: 0
		did: 0
		servST: 116.2
		(h, h_ind): (-1, 0)
		load: 0.0

	Finished service at time: 116.2

	Task 0 -> Task 47: 32.8
	Vehicle arrival at task: 149.0
	Waiting time until service start time: 0.0

	id: 47
		node: 26
		(x, y, z): (90, 44, 0)
		dem: 6
		earl: 149
		lat: 389
		servt: 10
		pid: 0
		did: 165
		servST: 149.0
		(h, h_ind): (-1, 0)
		load: 6.0

	Finished service at time: 159.0

	Task 47 -> Task 165: 64.56
	Vehicle arrival at task: 223.56
	Waiting time until service start time: 0.0

	id: 165
		node: 66
		(x, y, z): (28, 62, 0)
		dem: -6
		earl: 0
		lat: 2483
		servt: 10
		pid: 47
		did: 0
		servST: 223.56
		(h, h_ind): (-1, 0)
		load: 0.0

	Finished service at time: 233.56

	Task 165 -> Task 0: 42.76
	Vehicle arrival at task: 276.32
	Waiting time until service start time: 0.0

	id: 0
		node: 82
		(x, y, z): (70, 70, 0)
		dem: 0
		earl: 0
		lat: 2535
		servt: 0
		pid: 0
		did: 0
		servST: 276.32
		(h, h_ind): (-1, 0)
		load: 0.0


Vehicle 13 :
	id: 0
		node: 1
		(x, y, z): (70, 70, 0)
		dem: 0
		earl: 0
		lat: 2535
		servt: 0
		pid: 0
		did: 0
		servST: 0.0
		(h, h_ind): (-1, 0)
		load: 0.0

	Finished service at time: 0.0

	Using Machine: 0
		Task 0 -> Machine 0 (Station 1): 4.12
		Vehicle arrival at machine station: 4.12
		Waiting time until machine travel: 0.0

		Machine travel start time: 4.12
		Region 0 -> Region 1: 5.0
		Machine arrival at machine station: 9.120000000000001

		Machine 0 (Station 2)-> Task 64: 65.46
		Vehicle arrival at task: 74.58
		Waiting time until service start time: 0.0

	id: 64
		node: 31
		(x, y, z): (37, 125, 1)
		dem: 10
		earl: 0
		lat: 2461
		servt: 10
		pid: 0
		did: 79
		servST: 74.58
		(h, h_ind): (0, 1)
		load: 10.0

	Finished service at time: 84.58

	Task 64 -> Task 80: 64.66
	Vehicle arrival at task: 149.24
	Waiting time until service start time: 0.0

	id: 80
		node: 39
		(x, y, z): (71, 70, 1)
		dem: 9
		earl: 0
		lat: 2524
		servt: 10
		pid: 0
		did: 119
		servST: 149.24
		(h, h_ind): (-1, 0)
		load: 19.0

	Finished service at time: 159.24

	Task 80 -> Task 41: 16.4
	Vehicle arrival at task: 175.64000000000001
	Waiting time until service start time: 0.0

	id: 41
		node: 23
		(x, y, z): (81, 57, 1)
		dem: 8
		earl: 17
		lat: 257
		servt: 10
		pid: 0
		did: 198
		servST: 175.64000000000001
		(h, h_ind): (-1, 0)
		load: 27.0

	Finished service at time: 185.64000000000001

	Task 41 -> Task 74: 34.48
	Vehicle arrival at task: 220.12
	Waiting time until service start time: 0.0

	id: 74
		node: 35
		(x, y, z): (48, 47, 1)
		dem: 19
		earl: 31
		lat: 271
		servt: 10
		pid: 0
		did: 44
		servST: 220.12
		(h, h_ind): (-1, 0)
		load: 46.0

	Finished service at time: 230.12

	Task 74 -> Task 119: 73.16
	Vehicle arrival at task: 303.28
	Waiting time until service start time: 0.0

	id: 119
		node: 79
		(x, y, z): (120, 60, 1)
		dem: -9
		earl: 156
		lat: 396
		servt: 10
		pid: 80
		did: 0
		servST: 303.28
		(h, h_ind): (-1, 0)
		load: 37.0

	Finished service at time: 313.28

	Using Machine: 5
		Task 119 -> Machine 5 (Station 2): 41.48
		Vehicle arrival at machine station: 354.76
		Waiting time until machine travel: 0.0

		Machine travel start time: 354.76
		Region 1 -> Region 0: 5.0
		Machine arrival at machine station: 359.76

		Machine 5 (Station 1)-> Task 27: 79.31
		Vehicle arrival at task: 439.07
		Waiting time until service start time: 0.0

	id: 27
		node: 15
		(x, y, z): (133, 130, 0)
		dem: 13
		earl: 0
		lat: 2438
		servt: 10
		pid: 0
		did: 76
		servST: 439.07
		(h, h_ind): (5, 2)
		load: 50.0

	Finished service at time: 449.07

	Task 27 -> Task 23: 86.68
	Vehicle arrival at task: 535.75
	Waiting time until service start time: 0.0

	id: 23
		node: 12
		(x, y, z): (78, 63, 0)
		dem: 19
		earl: 0
		lat: 2515
		servt: 10
		pid: 0
		did: 110
		servST: 535.75
		(h, h_ind): (-1, 0)
		load: 69.0

	Finished service at time: 545.75

	Using Machine: 2
		Task 23 -> Machine 2 (Station 1): 10.0
		Vehicle arrival at machine station: 555.75
		Waiting time until machine travel: 0.0

		Machine travel start time: 555.75
		Region 0 -> Region 1: 5.0
		Machine arrival at machine station: 560.75

		Machine 2 (Station 2)-> Task 79: 53.0
		Vehicle arrival at task: 613.75
		Waiting time until service start time: 0.0

	id: 79
		node: 71
		(x, y, z): (44, 116, 1)
		dem: -10
		earl: 0
		lat: 2473
		servt: 10
		pid: 64
		did: 0
		servST: 613.75
		(h, h_ind): (2, 2)
		load: 59.0

	Finished service at time: 623.75

	Task 79 -> Task 31: 121.21
	Vehicle arrival at task: 744.96
	Waiting time until service start time: 0.0

	id: 31
		node: 16
		(x, y, z): (140, 42, 1)
		dem: 13
		earl: 0
		lat: 2450
		servt: 10
		pid: 0
		did: 15
		servST: 744.96
		(h, h_ind): (-1, 0)
		load: 72.0

	Finished service at time: 754.96

	Task 31 -> Task 44: 59.08
	Vehicle arrival at task: 814.0400000000001
	Waiting time until service start time: 0.0

	id: 44
		node: 75
		(x, y, z): (137, 101, 1)
		dem: -19
		earl: 617
		lat: 857
		servt: 10
		pid: 74
		did: 0
		servST: 814.0400000000001
		(h, h_ind): (-1, 0)
		load: 53.0

	Finished service at time: 824.0400000000001

	Task 44 -> Task 68: 41.04
	Vehicle arrival at task: 865.08
	Waiting time until service start time: 0.0

	id: 68
		node: 34
		(x, y, z): (109, 131, 1)
		dem: 16
		earl: 0
		lat: 2453
		servt: 10
		pid: 0
		did: 158
		servST: 865.08
		(h, h_ind): (-1, 0)
		load: 69.0

	Finished service at time: 875.08

	Using Machine: 5
		Task 68 -> Machine 5 (Station 2): 66.64
		Vehicle arrival at machine station: 941.72
		Waiting time until machine travel: 0.0

		Machine travel start time: 941.72
		Region 1 -> Region 0: 5.0
		Machine arrival at machine station: 946.72

		Machine 5 (Station 1)-> Task 15: 85.7
		Vehicle arrival at task: 1032.42
		Waiting time until service start time: 0.0

	id: 15
		node: 56
		(x, y, z): (137, 7, 0)
		dem: -13
		earl: 0
		lat: 2434
		servt: 10
		pid: 31
		did: 0
		servST: 1032.42
		(h, h_ind): (5, 7)
		load: 56.0

	Finished service at time: 1042.42

	Task 15 -> Task 158: 89.69
	Vehicle arrival at task: 1132.1100000000001
	Waiting time until service start time: 0.0

	id: 158
		node: 74
		(x, y, z): (54, 41, 0)
		dem: -16
		earl: 1065
		lat: 1305
		servt: 10
		pid: 68
		did: 0
		servST: 1132.1100000000001
		(h, h_ind): (-1, 0)
		load: 40.0

	Finished service at time: 1142.1100000000001

	Task 158 -> Task 198: 107.35
	Vehicle arrival at task: 1249.46
	Waiting time until service start time: 0.0

	id: 198
		node: 63
		(x, y, z): (8, 138, 0)
		dem: -8
		earl: 1105
		lat: 1345
		servt: 10
		pid: 41
		did: 0
		servST: 1249.46
		(h, h_ind): (-1, 0)
		load: 32.0

	Finished service at time: 1259.46

	Using Machine: 1
		Task 198 -> Machine 1 (Station 1): 95.46
		Vehicle arrival at machine station: 1354.92
		Waiting time until machine travel: 0.0

		Machine travel start time: 1354.92
		Region 0 -> Region 1: 5.0
		Machine arrival at machine station: 1359.92

		Machine 1 (Station 2)-> Task 38: 43.84
		Vehicle arrival at task: 1403.76
		Waiting time until service start time: 0.0

	id: 38
		node: 21
		(x, y, z): (107, 102, 1)
		dem: 12
		earl: 0
		lat: 2477
		servt: 10
		pid: 0
		did: 19
		servST: 1403.76
		(h, h_ind): (1, 1)
		load: 44.0

	Finished service at time: 1413.76

	Task 38 -> Task 77: 58.14
	Vehicle arrival at task: 1471.9
	Waiting time until service start time: 0.0

	id: 77
		node: 37
		(x, y, z): (103, 44, 1)
		dem: 12
		earl: 0
		lat: 2483
		servt: 10
		pid: 0
		did: 94
		servST: 1471.9
		(h, h_ind): (-1, 0)
		load: 56.0

	Finished service at time: 1481.9

	Task 77 -> Task 19: 12.04
	Vehicle arrival at task: 1493.94
	Waiting time until service start time: 0.0

	id: 19
		node: 61
		(x, y, z): (104, 32, 1)
		dem: -12
		earl: 0
		lat: 2475
		servt: 10
		pid: 38
		did: 0
		servST: 1493.94
		(h, h_ind): (-1, 0)
		load: 44.0

	Finished service at time: 1503.94

	Task 19 -> Task 81: 29.0
	Vehicle arrival at task: 1532.94
	Waiting time until service start time: 0.0

	id: 81
		node: 40
		(x, y, z): (83, 12, 1)
		dem: 29
		earl: 0
		lat: 2466
		servt: 10
		pid: 0
		did: 83
		servST: 1532.94
		(h, h_ind): (-1, 0)
		load: 73.0

	Finished service at time: 1542.94

	Task 81 -> Task 94: 49.65
	Vehicle arrival at task: 1592.5900000000001
	Waiting time until service start time: 0.0

	id: 94
		node: 77
		(x, y, z): (34, 20, 1)
		dem: -12
		earl: 0
		lat: 2464
		servt: 10
		pid: 77
		did: 0
		servST: 1592.5900000000001
		(h, h_ind): (-1, 0)
		load: 61.0

	Finished service at time: 1602.5900000000001

	Task 94 -> Task 76: 25.02
	Vehicle arrival at task: 1627.6100000000001
	Waiting time until service start time: 0.0

	id: 76
		node: 55
		(x, y, z): (9, 19, 1)
		dem: -13
		earl: 1431
		lat: 1671
		servt: 10
		pid: 27
		did: 0
		servST: 1627.6100000000001
		(h, h_ind): (-1, 0)
		load: 48.0

	Finished service at time: 1637.6100000000001

	Task 76 -> Task 110: 43.57
	Vehicle arrival at task: 1681.18
	Waiting time until service start time: 0.0

	id: 110
		node: 52
		(x, y, z): (16, 62, 1)
		dem: -19
		earl: 1524
		lat: 1764
		servt: 10
		pid: 23
		did: 0
		servST: 1681.18
		(h, h_ind): (-1, 0)
		load: 29.0

	Finished service at time: 1691.18

	Task 110 -> Task 10: 76.01
	Vehicle arrival at task: 1767.19
	Waiting time until service start time: 0.0

	id: 10
		node: 8
		(x, y, z): (17, 138, 1)
		dem: 8
		earl: 1670
		lat: 1910
		servt: 10
		pid: 0
		did: 73
		servST: 1767.19
		(h, h_ind): (-1, 0)
		load: 37.0

	Finished service at time: 1777.19

	Task 10 -> Task 83: 46.01
	Vehicle arrival at task: 1823.2
	Waiting time until service start time: 0.0

	id: 83
		node: 80
		(x, y, z): (16, 92, 1)
		dem: -29
		earl: 0
		lat: 2467
		servt: 10
		pid: 81
		did: 0
		servST: 1823.2
		(h, h_ind): (-1, 0)
		load: 8.0

	Finished service at time: 1833.2

	Task 83 -> Task 73: 24.35
	Vehicle arrival at task: 1857.55
	Waiting time until service start time: 0.0

	id: 73
		node: 48
		(x, y, z): (39, 100, 1)
		dem: -8
		earl: 0
		lat: 2482
		servt: 10
		pid: 10
		did: 0
		servST: 1857.55
		(h, h_ind): (-1, 0)
		load: 0.0

	Finished service at time: 1867.55

	Using Machine: 4
		Task 73 -> Machine 4 (Station 2): 42.45
		Vehicle arrival at machine station: 1910.0
		Waiting time until machine travel: 0.0

		Machine travel start time: 1910.0
		Region 1 -> Region 0: 5.0
		Machine arrival at machine station: 1915.0

		Machine 4 (Station 1)-> Task 0: 1.0
		Vehicle arrival at task: 1916.0
		Waiting time until service start time: 0.0

	id: 0
		node: 82
		(x, y, z): (70, 70, 0)
		dem: 0
		earl: 0
		lat: 2535
		servt: 0
		pid: 0
		did: 0
		servST: 1916.0
		(h, h_ind): (4, 7)
		load: 0.0


Vehicle 18 :
	id: 0
		node: 1
		(x, y, z): (70, 70, 0)
		dem: 0
		earl: 0
		lat: 2535
		servt: 0
		pid: 0
		did: 0
		servST: 8.950000000000017
		(h, h_ind): (-1, 0)
		load: 0.0

	Finished service at time: 8.950000000000017

	Using Machine: 4
		Task 0 -> Machine 4 (Station 1): 1.0
		Vehicle arrival at machine station: 9.950000000000017
		Waiting time until machine travel: 0.0

		Machine travel start time: 9.950000000000017
		Region 0 -> Region 1: 5.0
		Machine arrival at machine station: 14.950000000000017

		Machine 4 (Station 2)-> Task 3: 42.38
		Vehicle arrival at task: 57.33000000000002
		Waiting time until service start time: 0.0

	id: 3
		node: 3
		(x, y, z): (30, 57, 1)
		dem: 20
		earl: 0
		lat: 2483
		servt: 10
		pid: 0
		did: 95
		servST: 57.33000000000002
		(h, h_ind): (4, 1)
		load: 20.0

	Finished service at time: 67.33000000000001

	Task 3 -> Task 33: 30.46
	Vehicle arrival at task: 97.79000000000002
	Waiting time until service start time: 0.0

	id: 33
		node: 18
		(x, y, z): (42, 29, 1)
		dem: 12
		earl: 0
		lat: 2476
		servt: 10
		pid: 0
		did: 192
		servST: 97.79000000000002
		(h, h_ind): (-1, 0)
		load: 32.0

	Finished service at time: 107.79000000000002

	Using Machine: 4
		Task 33 -> Machine 4 (Station 2): 50.48
		Vehicle arrival at machine station: 158.27
		Waiting time until machine travel: 0.0

		Machine travel start time: 158.27
		Region 1 -> Region 0: 5.0
		Machine arrival at machine station: 163.27

		Machine 4 (Station 1)-> Task 8: 40.79
		Vehicle arrival at task: 204.06
		Waiting time until service start time: 0.0

	id: 8
		node: 6
		(x, y, z): (78, 111, 0)
		dem: 22
		earl: 47
		lat: 287
		servt: 10
		pid: 0
		did: 136
		servST: 204.06
		(h, h_ind): (4, 2)
		load: 54.0

	Finished service at time: 214.06

	Task 8 -> Task 35: 114.63
	Vehicle arrival at task: 328.69
	Waiting time until service start time: 0.0

	id: 35
		node: 19
		(x, y, z): (32, 6, 0)
		dem: 11
		earl: 320
		lat: 560
		servt: 10
		pid: 0
		did: 30
		servST: 328.69
		(h, h_ind): (-1, 0)
		load: 65.0

	Finished service at time: 338.69

	Task 35 -> Task 192: 32.31
	Vehicle arrival at task: 371.0
	Waiting time until service start time: 0.0

	id: 192
		node: 58
		(x, y, z): (44, 36, 0)
		dem: -12
		earl: 131
		lat: 371
		servt: 10
		pid: 33
		did: 0
		servST: 371.0
		(h, h_ind): (-1, 0)
		load: 53.0

	Finished service at time: 381.0

	Using Machine: 3
		Task 192 -> Machine 3 (Station 1): 48.8
		Vehicle arrival at machine station: 429.8
		Waiting time until machine travel: 0.0

		Machine travel start time: 429.8
		Region 0 -> Region 1: 5.0
		Machine arrival at machine station: 434.8

		Machine 3 (Station 2)-> Task 95: 52.35
		Vehicle arrival at task: 487.15000000000003
		Waiting time until service start time: 0.0

	id: 95
		node: 43
		(x, y, z): (114, 109, 1)
		dem: -20
		earl: 249
		lat: 489
		servt: 10
		pid: 3
		did: 0
		servST: 487.15000000000003
		(h, h_ind): (3, 1)
		load: 33.0

	Finished service at time: 497.15000000000003

	Task 95 -> Task 13: 15.65
	Vehicle arrival at task: 512.8000000000001
	Waiting time until service start time: 0.0

	id: 13
		node: 10
		(x, y, z): (121, 123, 1)
		dem: 9
		earl: 0
		lat: 2452
		servt: 10
		pid: 0
		did: 52
		servST: 512.8000000000001
		(h, h_ind): (-1, 0)
		load: 42.0

	Finished service at time: 522.8000000000001

	Task 13 -> Task 6: 21.26
	Vehicle arrival at task: 544.0600000000001
	Waiting time until service start time: 0.0

	id: 6
		node: 5
		(x, y, z): (137, 137, 1)
		dem: 27
		earl: 339
		lat: 579
		servt: 10
		pid: 0
		did: 191
		servST: 544.0600000000001
		(h, h_ind): (-1, 0)
		load: 69.0

	Finished service at time: 554.0600000000001

	Using Machine: 5
		Task 6 -> Machine 5 (Station 2): 87.21
		Vehicle arrival at machine station: 641.2700000000001
		Waiting time until machine travel: 0.0

		Machine travel start time: 641.2700000000001
		Region 1 -> Region 0: 5.0
		Machine arrival at machine station: 646.2700000000001

		Machine 5 (Station 1)-> Task 191: 45.1
		Vehicle arrival at task: 691.3700000000001
		Waiting time until service start time: 37.05

	id: 191
		node: 45
		(x, y, z): (125, 68, 0)
		dem: -27
		earl: 708
		lat: 948
		servt: 10
		pid: 6
		did: 0
		servST: 728.4199999999998
		(h, h_ind): (5, 4)
		load: 42.0

	Finished service at time: 738.4199999999998

	Task 191 -> Task 78: 59.06
	Vehicle arrival at task: 797.4799999999998
	Waiting time until service start time: 0.0

	id: 78
		node: 38
		(x, y, z): (73, 96, 0)
		dem: 9
		earl: 604
		lat: 844
		servt: 10
		pid: 0
		did: 5
		servST: 797.4799999999999
		(h, h_ind): (-1, 0)
		load: 51.0

	Finished service at time: 807.4799999999999

	Using Machine: 4
		Task 78 -> Machine 4 (Station 1): 25.18
		Vehicle arrival at machine station: 832.6599999999999
		Waiting time until machine travel: 0.0

		Machine travel start time: 832.6599999999999
		Region 0 -> Region 1: 5.0
		Machine arrival at machine station: 837.6599999999999

		Machine 4 (Station 2)-> Task 66: 60.21
		Vehicle arrival at task: 897.8699999999999
		Waiting time until service start time: 0.0

	id: 66
		node: 33
		(x, y, z): (38, 122, 1)
		dem: 13
		earl: 876
		lat: 1116
		servt: 10
		pid: 0
		did: 55
		servST: 897.8699999999999
		(h, h_ind): (4, 4)
		load: 64.0

	Finished service at time: 907.8699999999999

	Task 66 -> Task 30: 45.61
	Vehicle arrival at task: 953.4799999999999
	Waiting time until service start time: 0.0

	id: 30
		node: 59
		(x, y, z): (10, 86, 1)
		dem: -11
		earl: 0
		lat: 2463
		servt: 10
		pid: 35
		did: 0
		servST: 953.4799999999999
		(h, h_ind): (-1, 0)
		load: 53.0

	Finished service at time: 963.4799999999999

	Task 30 -> Task 25: 27.89
	Vehicle arrival at task: 991.3699999999999
	Waiting time until service start time: 0.0

	id: 25
		node: 13
		(x, y, z): (37, 79, 1)
		dem: 5
		earl: 0
		lat: 2491
		servt: 10
		pid: 0
		did: 87
		servST: 991.3699999999999
		(h, h_ind): (-1, 0)
		load: 58.0

	Finished service at time: 1001.3699999999999

	Using Machine: 4
		Task 25 -> Machine 4 (Station 2): 33.96
		Vehicle arrival at machine station: 1035.33
		Waiting time until machine travel: 0.0

		Machine travel start time: 1035.33
		Region 1 -> Region 0: 5.0
		Machine arrival at machine station: 1040.33

		Machine 4 (Station 1)-> Task 50: 67.27
		Vehicle arrival at task: 1107.6
		Waiting time until service start time: 0.0

	id: 50
		node: 27
		(x, y, z): (64, 138, 0)
		dem: 15
		earl: 0
		lat: 2457
		servt: 10
		pid: 0
		did: 124
		servST: 1107.6
		(h, h_ind): (4, 5)
		load: 73.0

	Finished service at time: 1117.6

	Task 50 -> Task 124: 34.21
	Vehicle arrival at task: 1151.81
	Waiting time until service start time: 0.0

	id: 124
		node: 67
		(x, y, z): (85, 111, 0)
		dem: -15
		earl: 952
		lat: 1192
		servt: 10
		pid: 50
		did: 0
		servST: 1151.81
		(h, h_ind): (-1, 0)
		load: 58.0

	Finished service at time: 1161.81

	Task 124 -> Task 136: 27.89
	Vehicle arrival at task: 1189.7
	Waiting time until service start time: 0.0

	id: 136
		node: 46
		(x, y, z): (92, 138, 0)
		dem: -22
		earl: 0
		lat: 2454
		servt: 10
		pid: 8
		did: 0
		servST: 1189.7
		(h, h_ind): (-1, 0)
		load: 36.0

	Finished service at time: 1199.7

	Task 136 -> Task 18: 67.27
	Vehicle arrival at task: 1266.97
	Waiting time until service start time: 0.0

	id: 18
		node: 11
		(x, y, z): (79, 72, 0)
		dem: 22
		earl: 0
		lat: 2516
		servt: 10
		pid: 0
		did: 138
		servST: 1266.97
		(h, h_ind): (-1, 0)
		load: 58.0

	Finished service at time: 1276.97

	Using Machine: 5
		Task 18 -> Machine 5 (Station 1): 1.41
		Vehicle arrival at machine station: 1278.38
		Waiting time until machine travel: 0.0

		Machine travel start time: 1278.38
		Region 0 -> Region 1: 5.0
		Machine arrival at machine station: 1283.38

		Machine 5 (Station 2)-> Task 75: 24.08
		Vehicle arrival at task: 1307.46
		Waiting time until service start time: 0.0

	id: 75
		node: 36
		(x, y, z): (104, 73, 1)
		dem: 17
		earl: 0
		lat: 2491
		servt: 10
		pid: 0
		did: 169
		servST: 1307.46
		(h, h_ind): (5, 8)
		load: 75.0

	Finished service at time: 1317.46

	Task 75 -> Task 138: 26.31
	Vehicle arrival at task: 1343.77
	Waiting time until service start time: 0.0

	id: 138
		node: 51
		(x, y, z): (100, 99, 1)
		dem: -22
		earl: 1136
		lat: 1376
		servt: 10
		pid: 18
		did: 0
		servST: 1343.77
		(h, h_ind): (-1, 0)
		load: 53.0

	Finished service at time: 1353.77

	Task 138 -> Task 55: 19.42
	Vehicle arrival at task: 1373.19
	Waiting time until service start time: 0.0

	id: 55
		node: 73
		(x, y, z): (84, 88, 1)
		dem: -13
		earl: 1365
		lat: 1605
		servt: 10
		pid: 66
		did: 0
		servST: 1373.19
		(h, h_ind): (-1, 0)
		load: 40.0

	Finished service at time: 1383.19

	Task 55 -> Task 5: 31.76
	Vehicle arrival at task: 1414.95
	Waiting time until service start time: 0.0

	id: 5
		node: 78
		(x, y, z): (69, 116, 1)
		dem: -9
		earl: 0
		lat: 2479
		servt: 10
		pid: 78
		did: 0
		servST: 1414.95
		(h, h_ind): (-1, 0)
		load: 31.0

	Finished service at time: 1424.95

	Task 5 -> Task 58: 10.05
	Vehicle arrival at task: 1435.0
	Waiting time until service start time: 0.0

	id: 58
		node: 30
		(x, y, z): (59, 115, 1)
		dem: 26
		earl: 1195
		lat: 1435
		servt: 10
		pid: 0
		did: 86
		servST: 1435.0
		(h, h_ind): (-1, 0)
		load: 57.0

	Finished service at time: 1445.0

	Task 58 -> Task 4: 62.65
	Vehicle arrival at task: 1507.65
	Waiting time until service start time: 0.0

	id: 4
		node: 4
		(x, y, z): (29, 60, 1)
		dem: 14
		earl: 0
		lat: 2483
		servt: 10
		pid: 0
		did: 20
		servST: 1507.65
		(h, h_ind): (-1, 0)
		load: 71.0

	Finished service at time: 1517.65

	Task 4 -> Task 87: 13.0
	Vehicle arrival at task: 1530.65
	Waiting time until service start time: 0.0

	id: 87
		node: 53
		(x, y, z): (34, 72, 1)
		dem: -5
		earl: 0
		lat: 2489
		servt: 10
		pid: 25
		did: 0
		servST: 1530.65
		(h, h_ind): (-1, 0)
		load: 66.0

	Finished service at time: 1540.65

	Task 87 -> Task 20: 30.02
	Vehicle arrival at task: 1570.67
	Waiting time until service start time: 0.0

	id: 20
		node: 44
		(x, y, z): (8, 87, 1)
		dem: -14
		earl: 1545
		lat: 1785
		servt: 10
		pid: 4
		did: 0
		servST: 1570.67
		(h, h_ind): (-1, 0)
		load: 52.0

	Finished service at time: 1580.67

	Task 20 -> Task 12: 21.63
	Vehicle arrival at task: 1602.3000000000002
	Waiting time until service start time: 28.74

	id: 12
		node: 9
		(x, y, z): (20, 69, 1)
		dem: 13
		earl: 0
		lat: 2475
		servt: 10
		pid: 0
		did: 164
		servST: 1631.04
		(h, h_ind): (-1, 0)
		load: 65.0

	Finished service at time: 1641.04

	Task 12 -> Task 164: 46.32
	Vehicle arrival at task: 1687.36
	Waiting time until service start time: 0.0

	id: 164
		node: 49
		(x, y, z): (65, 80, 1)
		dem: -13
		earl: 0
		lat: 2514
		servt: 10
		pid: 12
		did: 0
		servST: 1687.36
		(h, h_ind): (-1, 0)
		load: 52.0

	Finished service at time: 1697.36

	Task 164 -> Task 56: 45.18
	Vehicle arrival at task: 1742.54
	Waiting time until service start time: 0.0

	id: 56
		node: 29
		(x, y, z): (86, 40, 1)
		dem: 22
		earl: 0
		lat: 2491
		servt: 10
		pid: 0
		did: 11
		servST: 1742.54
		(h, h_ind): (-1, 0)
		load: 74.0

	Finished service at time: 1752.54

	Using Machine: 0
		Task 56 -> Machine 0 (Station 2): 33.24
		Vehicle arrival at machine station: 1785.78
		Waiting time until machine travel: 0.0

		Machine travel start time: 1785.78
		Region 1 -> Region 0: 5.0
		Machine arrival at machine station: 1790.78

		Machine 0 (Station 1)-> Task 52: 39.22
		Vehicle arrival at task: 1830.0
		Waiting time until service start time: 0.0

	id: 52
		node: 50
		(x, y, z): (61, 34, 0)
		dem: -9
		earl: 1830
		lat: 2070
		servt: 10
		pid: 13
		did: 0
		servST: 1830.0
		(h, h_ind): (0, 2)
		load: 65.0

	Finished service at time: 1840.0

	Task 52 -> Task 169: 58.86
	Vehicle arrival at task: 1898.86
	Waiting time until service start time: 0.0

	id: 169
		node: 76
		(x, y, z): (51, 92, 0)
		dem: -17
		earl: 1731
		lat: 1971
		servt: 10
		pid: 75
		did: 0
		servST: 1898.86
		(h, h_ind): (-1, 0)
		load: 48.0

	Finished service at time: 1908.86

	Using Machine: 4
		Task 169 -> Machine 4 (Station 1): 28.32
		Vehicle arrival at machine station: 1937.1799999999998
		Waiting time until machine travel: 0.0

		Machine travel start time: 1937.1799999999998
		Region 0 -> Region 1: 5.0
		Machine arrival at machine station: 1942.1799999999998

		Machine 4 (Station 2)-> Task 11: 74.69
		Vehicle arrival at task: 2016.87
		Waiting time until service start time: 0.0

	id: 11
		node: 69
		(x, y, z): (37, 138, 1)
		dem: -22
		earl: 0
		lat: 2450
		servt: 10
		pid: 56
		did: 0
		servST: 2016.87
		(h, h_ind): (4, 8)
		load: 26.0

	Finished service at time: 2026.87

	Task 11 -> Task 86: 51.61
	Vehicle arrival at task: 2078.48
	Waiting time until service start time: 0.0

	id: 86
		node: 70
		(x, y, z): (67, 96, 1)
		dem: -26
		earl: 1908
		lat: 2148
		servt: 10
		pid: 58
		did: 0
		servST: 2078.48
		(h, h_ind): (-1, 0)
		load: 0.0

	Finished service at time: 2088.48

	Using Machine: 4
		Task 86 -> Machine 4 (Station 2): 25.18
		Vehicle arrival at machine station: 2113.66
		Waiting time until machine travel: 0.0

		Machine travel start time: 2113.66
		Region 1 -> Region 0: 5.0
		Machine arrival at machine station: 2118.66

		Machine 4 (Station 1)-> Task 0: 1.0
		Vehicle arrival at task: 2119.66
		Waiting time until service start time: 0.0

	id: 0
		node: 82
		(x, y, z): (70, 70, 0)
		dem: 0
		earl: 0
		lat: 2535
		servt: 0
		pid: 0
		did: 0
		servST: 2119.66
		(h, h_ind): (4, 9)
		load: 0.0


---------------------| MACHINES |---------------------

Machine 0 :
	setup duration: 0.0

	vehicle: 13
	vehicleInd: 2
	(orig, dest): (0, 64)
	(origRegion, destRegion): (0, 1)
	st: 4.12
	duration: 5.0

	setup duration: 0.0

	vehicle: 18
	vehicleInd: 30
	(orig, dest): (56, 52)
	(origRegion, destRegion): (1, 0)
	st: 1785.78
	duration: 5.0


Machine 1 :
	setup duration: 0.0

	vehicle: 13
	vehicleInd: 16
	(orig, dest): (198, 38)
	(origRegion, destRegion): (0, 1)
	st: 1354.92
	duration: 5.0


Machine 2 :
	setup duration: 0.0

	vehicle: 10
	vehicleInd: 2
	(orig, dest): (0, 36)
	(origRegion, destRegion): (0, 1)
	st: 94.25
	duration: 5.0

	setup duration: 5.0

	vehicle: 13
	vehicleInd: 9
	(orig, dest): (23, 79)
	(origRegion, destRegion): (0, 1)
	st: 555.75
	duration: 5.0


Machine 3 :
	setup duration: 0.0

	vehicle: 18
	vehicleInd: 7
	(orig, dest): (192, 95)
	(origRegion, destRegion): (0, 1)
	st: 429.8
	duration: 5.0

	setup duration: 5.0

	vehicle: 10
	vehicleInd: 18
	(orig, dest): (37, 45)
	(origRegion, destRegion): (0, 1)
	st: 1264.5699999999997
	duration: 5.0


Machine 4 :
	setup duration: 0.0

	vehicle: 18
	vehicleInd: 2
	(orig, dest): (0, 3)
	(origRegion, destRegion): (0, 1)
	st: 9.950000000000017
	duration: 5.0

	setup duration: 0.0

	vehicle: 18
	vehicleInd: 4
	(orig, dest): (33, 8)
	(origRegion, destRegion): (1, 0)
	st: 158.27
	duration: 5.0

	setup duration: 5.0

	vehicle: 10
	vehicleInd: 3
	(orig, dest): (36, 65)
	(origRegion, destRegion): (1, 0)
	st: 201.45
	duration: 5.0

	setup duration: 0.0

	vehicle: 18
	vehicleInd: 12
	(orig, dest): (78, 66)
	(origRegion, destRegion): (0, 1)
	st: 832.6599999999999
	duration: 5.0

	setup duration: 0.0

	vehicle: 18
	vehicleInd: 15
	(orig, dest): (25, 50)
	(origRegion, destRegion): (1, 0)
	st: 1035.33
	duration: 5.0

	setup duration: 5.0

	vehicle: 10
	vehicleInd: 20
	(orig, dest): (16, 173)
	(origRegion, destRegion): (1, 0)
	st: 1394.2699999999998
	duration: 5.0

	setup duration: 5.0

	vehicle: 13
	vehicleInd: 26
	(orig, dest): (73, 0)
	(origRegion, destRegion): (1, 0)
	st: 1910.0
	duration: 5.0

	setup duration: 0.0

	vehicle: 18
	vehicleInd: 32
	(orig, dest): (169, 11)
	(origRegion, destRegion): (0, 1)
	st: 1937.1799999999998
	duration: 5.0

	setup duration: 0.0

	vehicle: 18
	vehicleInd: 34
	(orig, dest): (86, 0)
	(origRegion, destRegion): (1, 0)
	st: 2113.66
	duration: 5.0


Machine 5 :
	setup duration: 0.0

	vehicle: 10
	vehicleInd: 5
	(orig, dest): (120, 26)
	(origRegion, destRegion): (0, 1)
	st: 337.79999999999995
	duration: 5.0

	setup duration: 0.0

	vehicle: 13
	vehicleInd: 7
	(orig, dest): (119, 27)
	(origRegion, destRegion): (1, 0)
	st: 354.76
	duration: 5.0

	setup duration: 5.0

	vehicle: 10
	vehicleInd: 6
	(orig, dest): (26, 88)
	(origRegion, destRegion): (1, 0)
	st: 478.91999999999996
	duration: 5.0

	setup duration: 5.0

	vehicle: 18
	vehicleInd: 10
	(orig, dest): (6, 191)
	(origRegion, destRegion): (1, 0)
	st: 641.2700000000001
	duration: 5.0

	setup duration: 0.0

	vehicle: 10
	vehicleInd: 8
	(orig, dest): (122, 32)
	(origRegion, destRegion): (0, 1)
	st: 679.77
	duration: 5.0

	setup duration: 0.0

	vehicle: 10
	vehicleInd: 10
	(orig, dest): (40, 127)
	(origRegion, destRegion): (1, 0)
	st: 866.91
	duration: 5.0

	setup duration: 5.0

	vehicle: 13
	vehicleInd: 13
	(orig, dest): (68, 15)
	(origRegion, destRegion): (1, 0)
	st: 941.72
	duration: 5.0

	setup duration: 0.0

	vehicle: 18
	vehicleInd: 19
	(orig, dest): (18, 75)
	(origRegion, destRegion): (0, 1)
	st: 1278.38
	duration: 5.0


-------------------| COMPL. TIMES |-------------------

Vehicle 0 : 0.0
Vehicle 1 : 0.0
Vehicle 2 : 0.0
Vehicle 3 : 0.0
Vehicle 4 : 0.0
Vehicle 5 : 0.0
Vehicle 6 : 0.0
Vehicle 7 : 0.0
Vehicle 8 : 0.0
Vehicle 9 : 0.0
Vehicle 10 : 1590.5699999999995
Vehicle 11 : 160.12
Vehicle 12 : 0.0
Vehicle 13 : 1916.0
Vehicle 14 : 0.0
Vehicle 15 : 0.0
Vehicle 16 : 0.0
Vehicle 17 : 0.0
Vehicle 18 : 2110.71
Vehicle 19 : 0.0
Vehicle 20 : 0.0
Vehicle 21 : 0.0
Vehicle 22 : 0.0
Vehicle 23 : 0.0
Vehicle 24 : 0.0
Vehicle 25 : 0.0
Vehicle 26 : 0.0
Vehicle 27 : 0.0
Vehicle 28 : 0.0
Vehicle 29 : 0.0
Vehicle 30 : 0.0
Vehicle 31 : 0.0
Vehicle 32 : 0.0
Vehicle 33 : 0.0
Vehicle 34 : 0.0
Vehicle 35 : 0.0
Vehicle 36 : 0.0
Vehicle 37 : 0.0
Vehicle 38 : 0.0
Vehicle 39 : 0.0
-------------------| STATISTICS |-------------------

    Vehicles used                           : 10.0
    Machines used                           : 100.0
    Max load (vehicles)                     : 100.0
    Min load (vehicles)                     : 11.5385
    Mean load (vehicles)                    : 75.3205
    Min completion time                     : 6.3164
    Max completion time                     : 83.2627
    Mean completion time                    : 56.9763
    Avrg travel time (with vehicle)         : 1.0519
    Avrg travel time (only with vehicle)    : 0.789
    Avrg travel time (no vehicle)           : 0.263
    Avrg waiting time (machine travel)      : 0.0
    Avrg waiting time (service)             : 0.2369
    Machines travel times (with vehicle)    : [0.3945, 0.1972, 0.5917, 0.5917, 2.3669, 2.1696]
    Machines travel times (no vehicle)      : [0.0, 0.0, 0.1972, 0.1972, 0.5917, 0.5917]
    Max load per vehicle                    : [0.0, 0.0, 0.0, 0.0, 0.0, 0.0, 0.0, 0.0, 0.0, 0.0, 100.0, 11.5385, 0.0, 93.5897, 0.0, 0.0, 0.0, 0.0, 96.1538, 0.0, 0.0, 0.0, 0.0, 0.0, 0.0, 0.0, 0.0, 0.0, 0.0, 0.0, 0.0, 0.0, 0.0, 0.0, 0.0, 0.0, 0.0, 0.0, 0.0, 0.0]

----------------------------------------------------

TOTAL: 5777.4

Everything is awesome!
