Set parameter WLSAccessID
Set parameter WLSSecret
Set parameter LicenseID to value 2661775
Academic license 2661775 - for non-commercial use only - registered to me___@dcc.ufba.br
Loading line 2: methodType heur
Loading line 3: methodCode mslp
Loading line 4: seed 0
Loading line 5: threads 1
Loading line 6: greedy_service_order random
Loading line 7: outputFlagGrbMSLP 0
Loading line 8: mslpa 60000
Loading line 9: mslpr I
Loading line 10: maxtime 3600
Loading line 11: output ./logs/
Loading line 12: printsol 1
Loading line 13: solverMethod A
Loading line 14: alpha 0.05 # selected from preliminary experiments
Instance: LR2_2_4_t2_60R_60V_04F_05M

[03:22:47.37] Running Data.readData with file /dados/rmelo/PDPTW-SE/benchmark_multi_floor_v3/official_experiments/multistartlp/official/set_01_pt_02/../../../../instances/orig_ams_fg/60R_60V_04F_06M/t2/LR2_2_4/
vehicles: Vehicle[Vehicle(0, 52), Vehicle(1, 65), Vehicle(2, 78), Vehicle(3, 52), Vehicle(4, 65), Vehicle(5, 52), Vehicle(6, 65), Vehicle(7, 52), Vehicle(8, 52), Vehicle(9, 65), Vehicle(10, 78), Vehicle(11, 65), Vehicle(12, 65), Vehicle(13, 65), Vehicle(14, 52), Vehicle(15, 78), Vehicle(16, 78), Vehicle(17, 52), Vehicle(18, 65), Vehicle(19, 65), Vehicle(20, 52), Vehicle(21, 65), Vehicle(22, 52), Vehicle(23, 65), Vehicle(24, 78), Vehicle(25, 52), Vehicle(26, 78), Vehicle(27, 65), Vehicle(28, 65), Vehicle(29, 52), Vehicle(30, 65), Vehicle(31, 78), Vehicle(32, 78), Vehicle(33, 78), Vehicle(34, 65), Vehicle(35, 52), Vehicle(36, 65), Vehicle(37, 78), Vehicle(38, 65), Vehicle(39, 78), Vehicle(40, 52), Vehicle(41, 78), Vehicle(42, 52), Vehicle(43, 52), Vehicle(44, 52), Vehicle(45, 52), Vehicle(46, 78), Vehicle(47, 78), Vehicle(48, 52), Vehicle(49, 65), Vehicle(50, 52), Vehicle(51, 65), Vehicle(52, 52), Vehicle(53, 65), Vehicle(54, 65), Vehicle(55, 52), Vehicle(56, 52), Vehicle(57, 65), Vehicle(58, 65), Vehicle(59, 52)]
vehicle_types: Vehicle[Vehicle(0, 52), Vehicle(1, 65), Vehicle(2, 78)]
Machine[Machine(0, Point[Point(73, 70, 0), Point(73, 70, 1), Point(73, 70, 2), Point(73, 70, 3)], 0.2), Machine(1, Point[Point(69, 70, 0), Point(69, 70, 1), Point(69, 70, 2), Point(69, 70, 3)], 0.2), Machine(2, Point[Point(75, 70, 0), Point(75, 70, 1), Point(75, 70, 2), Point(75, 70, 3)], 0.2), Machine(3, Point[Point(67, 70, 0), Point(67, 70, 1), Point(67, 70, 2), Point(67, 70, 3)], 0.2), Machine(4, Point[Point(77, 70, 0), Point(77, 70, 1), Point(77, 70, 2), Point(77, 70, 3)], 0.2)]
refs: [1, 2, 4, 9, 10, 12, 13, 14, 16, 18, 19, 21, 24, 27, 28, 29, 30, 32, 35, 37, 38, 40, 41, 42, 43, 45, 46, 47, 48, 50, 53, 54, 57, 60, 63, 64, 65, 66, 67, 69, 70, 73, 74, 77, 78, 80, 82, 83, 84, 88, 90, 91, 93, 94, 95, 98, 99, 100, 101, 102, 103, 117, 51, 109, 115, 113, 39, 116, 121, 62, 5, 52, 6, 107, 55, 11, 23, 15, 81, 71, 58, 61, 33, 20, 75, 112, 26, 105, 79, 72, 97, 25, 89, 8, 114, 85, 76, 22, 36, 7, 96, 56, 120, 31, 34, 118, 87, 44, 106, 119, 68, 108, 86, 49, 110, 111, 104, 92, 59, 3, 17, 1]
V: [1, 2, 3, 4, 5, 6, 7, 8, 9, 10, 11, 12, 13, 14, 15, 16, 17, 18, 19, 20, 21, 22, 23, 24, 25, 26, 27, 28, 29, 30, 31, 32, 33, 34, 35, 36, 37, 38, 39, 40, 41, 42, 43, 44, 45, 46, 47, 48, 49, 50, 51, 52, 53, 54, 55, 56, 57, 58, 59, 60, 61, 62, 63, 64, 65, 66, 67, 68, 69, 70, 71, 72, 73, 74, 75, 76, 77, 78, 79, 80, 81, 82, 83, 84, 85, 86, 87, 88, 89, 90, 91, 92, 93, 94, 95, 96, 97, 98, 99, 100, 101, 102, 103, 104, 105, 106, 107, 108, 109, 110, 111, 112, 113, 114, 115, 116, 117, 118, 119, 120, 121]
V_p: [2, 3, 4, 5, 6, 7, 8, 9, 10, 11, 12, 13, 14, 15, 16, 17, 18, 19, 20, 21, 22, 23, 24, 25, 26, 27, 28, 29, 30, 31, 32, 33, 34, 35, 36, 37, 38, 39, 40, 41, 42, 43, 44, 45, 46, 47, 48, 49, 50, 51, 52, 53, 54, 55, 56, 57, 58, 59, 60, 61]
V_d: [62, 63, 64, 65, 66, 67, 68, 69, 70, 71, 72, 73, 74, 75, 76, 77, 78, 79, 80, 81, 82, 83, 84, 85, 86, 87, 88, 89, 90, 91, 92, 93, 94, 95, 96, 97, 98, 99, 100, 101, 102, 103, 104, 105, 106, 107, 108, 109, 110, 111, 112, 113, 114, 115, 116, 117, 118, 119, 120, 121]
Vprime: [1, 2, 3, 4, 5, 6, 7, 8, 9, 10, 11, 12, 13, 14, 15, 16, 17, 18, 19, 20, 21, 22, 23, 24, 25, 26, 27, 28, 29, 30, 31, 32, 33, 34, 35, 36, 37, 38, 39, 40, 41, 42, 43, 44, 45, 46, 47, 48, 49, 50, 51, 52, 53, 54, 55, 56, 57, 58, 59, 60, 61, 62, 63, 64, 65, 66, 67, 68, 69, 70, 71, 72, 73, 74, 75, 76, 77, 78, 79, 80, 81, 82, 83, 84, 85, 86, 87, 88, 89, 90, 91, 92, 93, 94, 95, 96, 97, 98, 99, 100, 101, 102, 103, 104, 105, 106, 107, 108, 109, 110, 111, 112, 113, 114, 115, 116, 117, 118, 119, 120, 121, 122]
V: [1, 2, 3, 4, 5, 6, 7, 8, 9, 10, 11, 12, 13, 14, 15, 16, 17, 18, 19, 20, 21, 22, 23, 24, 25, 26, 27, 28, 29, 30, 31, 32, 33, 34, 35, 36, 37, 38, 39, 40, 41, 42, 43, 44, 45, 46, 47, 48, 49, 50, 51, 52, 53, 54, 55, 56, 57, 58, 59, 60, 61, 62, 63, 64, 65, 66, 67, 68, 69, 70, 71, 72, 73, 74, 75, 76, 77, 78, 79, 80, 81, 82, 83, 84, 85, 86, 87, 88, 89, 90, 91, 92, 93, 94, 95, 96, 97, 98, 99, 100, 101, 102, 103, 104, 105, 106, 107, 108, 109, 110, 111, 112, 113, 114, 115, 116, 117, 118, 119, 120, 121]
q: [0, 9, 13, 10, 22, 17, 8, 15, 27, 8, 20, 13, 11, 8, 20, 36, 15, 6, 15, 15, 16, 1, 34, 13, 20, 10, 9, 13, 37, 1, 31, 19, 12, 9, 10, 18, 1, 21, 39, 20, 15, 16, 21, 4, 23, 32, 16, 20, 21, 35, 11, 10, 20, 18, 18, 25, 20, 4, 23, 24, 23, -9, -13, -10, -22, -17, -8, -15, -27, -8, -20, -13, -11, -8, -20, -36, -15, -6, -15, -15, -16, -1, -34, -13, -20, -10, -9, -13, -37, -1, -31, -19, -12, -9, -10, -18, -1, -21, -39, -20, -15, -16, -21, -4, -23, -32, -16, -20, -21, -35, -11, -10, -20, -18, -18, -25, -20, -4, -23, -24, -23, 0]
H: [1, 2, 3, 4, 5]
f: [[1, 1, 1, 1, 1], [1, 1, 1, 1, 1], [3, 3, 3, 3, 3], [1, 1, 1, 1, 1], [4, 4, 4, 4, 4], [2, 2, 2, 2, 2], [4, 4, 4, 4, 4], [3, 3, 3, 3, 3], [2, 2, 2, 2, 2], [3, 3, 3, 3, 3], [4, 4, 4, 4, 4], [3, 3, 3, 3, 3], [2, 2, 2, 2, 2], [4, 4, 4, 4, 4], [3, 3, 3, 3, 3], [1, 1, 1, 1, 1], [1, 1, 1, 1, 1], [4, 4, 4, 4, 4], [2, 2, 2, 2, 2], [1, 1, 1, 1, 1], [2, 2, 2, 2, 2], [1, 1, 1, 1, 1], [1, 1, 1, 1, 1], [3, 3, 3, 3, 3], [3, 3, 3, 3, 3], [3, 3, 3, 3, 3], [3, 3, 3, 3, 3], [4, 4, 4, 4, 4], [1, 1, 1, 1, 1], [1, 1, 1, 1, 1], [2, 2, 2, 2, 2], [4, 4, 4, 4, 4], [4, 4, 4, 4, 4], [4, 4, 4, 4, 4], [4, 4, 4, 4, 4], [4, 4, 4, 4, 4], [1, 1, 1, 1, 1], [3, 3, 3, 3, 3], [2, 2, 2, 2, 2], [3, 3, 3, 3, 3], [2, 2, 2, 2, 2], [4, 4, 4, 4, 4], [3, 3, 3, 3, 3], [4, 4, 4, 4, 4], [3, 3, 3, 3, 3], [4, 4, 4, 4, 4], [2, 2, 2, 2, 2], [2, 2, 2, 2, 2], [3, 3, 3, 3, 3], [1, 1, 1, 1, 1], [4, 4, 4, 4, 4], [1, 1, 1, 1, 1], [4, 4, 4, 4, 4], [2, 2, 2, 2, 2], [1, 1, 1, 1, 1], [2, 2, 2, 2, 2], [1, 1, 1, 1, 1], [1, 1, 1, 1, 1], [3, 3, 3, 3, 3], [4, 4, 4, 4, 4], [2, 2, 2, 2, 2], [2, 2, 2, 2, 2], [3, 3, 3, 3, 3], [2, 2, 2, 2, 2], [1, 1, 1, 1, 1], [1, 1, 1, 1, 1], [1, 1, 1, 1, 1], [4, 4, 4, 4, 4], [2, 2, 2, 2, 2], [1, 1, 1, 1, 1], [1, 1, 1, 1, 1], [3, 3, 3, 3, 3], [2, 2, 2, 2, 2], [4, 4, 4, 4, 4], [4, 4, 4, 4, 4], [3, 3, 3, 3, 3], [1, 1, 1, 1, 1], [4, 4, 4, 4, 4], [4, 4, 4, 4, 4], [1, 1, 1, 1, 1], [2, 2, 2, 2, 2], [4, 4, 4, 4, 4], [4, 4, 4, 4, 4], [3, 3, 3, 3, 3], [1, 1, 1, 1, 1], [4, 4, 4, 4, 4], [1, 1, 1, 1, 1], [1, 1, 1, 1, 1], [3, 3, 3, 3, 3], [1, 1, 1, 1, 1], [1, 1, 1, 1, 1], [3, 3, 3, 3, 3], [4, 4, 4, 4, 4], [1, 1, 1, 1, 1], [1, 1, 1, 1, 1], [1, 1, 1, 1, 1], [1, 1, 1, 1, 1], [3, 3, 3, 3, 3], [3, 3, 3, 3, 3], [3, 3, 3, 3, 3], [2, 2, 2, 2, 2], [1, 1, 1, 1, 1], [1, 1, 1, 1, 1], [1, 1, 1, 1, 1], [1, 1, 1, 1, 1], [2, 2, 2, 2, 2], [2, 2, 2, 2, 2], [4, 4, 4, 4, 4], [2, 2, 2, 2, 2], [3, 3, 3, 3, 3], [3, 3, 3, 3, 3], [1, 1, 1, 1, 1], [4, 4, 4, 4, 4], [3, 3, 3, 3, 3], [4, 4, 4, 4, 4], [2, 2, 2, 2, 2], [1, 1, 1, 1, 1], [1, 1, 1, 1, 1], [1, 1, 1, 1, 1], [3, 3, 3, 3, 3], [2, 2, 2, 2, 2], [1, 1, 1, 1, 1]]
1 1 1 -> 0.0
1 2 1 -> 5.0
1 3 1 -> 10.0
1 4 1 -> 15.0
2 1 1 -> 5.0
2 2 1 -> 0.0
2 3 1 -> 5.0
2 4 1 -> 10.0
3 1 1 -> 10.0
3 2 1 -> 5.0
3 3 1 -> 0.0
3 4 1 -> 5.0
4 1 1 -> 15.0
4 2 1 -> 10.0
4 3 1 -> 5.0
4 4 1 -> 0.0
1 1 2 -> 0.0
1 2 2 -> 5.0
1 3 2 -> 10.0
1 4 2 -> 15.0
2 1 2 -> 5.0
2 2 2 -> 0.0
2 3 2 -> 5.0
2 4 2 -> 10.0
3 1 2 -> 10.0
3 2 2 -> 5.0
3 3 2 -> 0.0
3 4 2 -> 5.0
4 1 2 -> 15.0
4 2 2 -> 10.0
4 3 2 -> 5.0
4 4 2 -> 0.0
1 1 3 -> 0.0
1 2 3 -> 5.0
1 3 3 -> 10.0
1 4 3 -> 15.0
2 1 3 -> 5.0
2 2 3 -> 0.0
2 3 3 -> 5.0
2 4 3 -> 10.0
3 1 3 -> 10.0
3 2 3 -> 5.0
3 3 3 -> 0.0
3 4 3 -> 5.0
4 1 3 -> 15.0
4 2 3 -> 10.0
4 3 3 -> 5.0
4 4 3 -> 0.0
1 1 4 -> 0.0
1 2 4 -> 5.0
1 3 4 -> 10.0
1 4 4 -> 15.0
2 1 4 -> 5.0
2 2 4 -> 0.0
2 3 4 -> 5.0
2 4 4 -> 10.0
3 1 4 -> 10.0
3 2 4 -> 5.0
3 3 4 -> 0.0
3 4 4 -> 5.0
4 1 4 -> 15.0
4 2 4 -> 10.0
4 3 4 -> 5.0
4 4 4 -> 0.0
1 1 5 -> 0.0
1 2 5 -> 5.0
1 3 5 -> 10.0
1 4 5 -> 15.0
2 1 5 -> 5.0
2 2 5 -> 0.0
2 3 5 -> 5.0
2 4 5 -> 10.0
3 1 5 -> 10.0
3 2 5 -> 5.0
3 3 5 -> 0.0
3 4 5 -> 5.0
4 1 5 -> 15.0
4 2 5 -> 10.0
4 3 5 -> 5.0
4 4 5 -> 0.0
o: (1, 2, 3) => 5.0
o: (3, 1, 3) => 10.0
o: (1, 3, 5) => 10.0
o: (3, 2, 4) => 5.0
o: (1, 4, 5) => 15.0
o: (3, 2, 3) => 5.0
o: (3, 3, 5) => 0.0
o: (2, 1, 1) => 5.0
o: (3, 4, 5) => 5.0
o: (1, 3, 2) => 10.0
o: (1, 4, 2) => 15.0
o: (4, 3, 4) => 5.0
o: (2, 2, 1) => 0.0
o: (4, 4, 4) => 0.0
o: (3, 3, 2) => 0.0
o: (3, 4, 2) => 5.0
o: (4, 3, 3) => 5.0
o: (4, 4, 3) => 0.0
o: (1, 1, 5) => 0.0
o: (1, 2, 5) => 5.0
o: (3, 1, 5) => 10.0
o: (1, 3, 1) => 10.0
o: (1, 1, 2) => 0.0
o: (1, 4, 1) => 15.0
o: (4, 1, 4) => 15.0
o: (3, 2, 5) => 5.0
o: (3, 3, 1) => 0.0
o: (1, 2, 2) => 5.0
o: (3, 1, 2) => 10.0
o: (3, 4, 1) => 5.0
o: (4, 1, 3) => 15.0
o: (4, 2, 4) => 10.0
o: (3, 2, 2) => 5.0
o: (2, 3, 4) => 5.0
o: (4, 2, 3) => 10.0
o: (2, 4, 4) => 10.0
o: (4, 3, 5) => 5.0
o: (4, 4, 5) => 0.0
o: (1, 1, 1) => 0.0
o: (2, 3, 3) => 5.0
o: (2, 4, 3) => 10.0
o: (4, 3, 2) => 5.0
o: (1, 2, 1) => 5.0
o: (3, 1, 1) => 10.0
o: (4, 4, 2) => 0.0
o: (3, 2, 1) => 5.0
o: (2, 1, 4) => 5.0
o: (4, 1, 5) => 15.0
o: (2, 1, 3) => 5.0
o: (2, 2, 4) => 0.0
o: (4, 2, 5) => 10.0
o: (4, 3, 1) => 5.0
o: (4, 1, 2) => 15.0
o: (4, 4, 1) => 0.0
o: (2, 2, 3) => 0.0
o: (2, 3, 5) => 5.0
o: (2, 4, 5) => 10.0
o: (4, 2, 2) => 10.0
o: (1, 3, 4) => 10.0
o: (2, 3, 2) => 5.0
o: (1, 4, 4) => 15.0
o: (2, 4, 2) => 10.0
o: (1, 3, 3) => 10.0
o: (3, 3, 4) => 0.0
o: (1, 4, 3) => 15.0
o: (3, 4, 4) => 5.0
o: (4, 1, 1) => 15.0
o: (2, 1, 5) => 5.0
o: (3, 3, 3) => 0.0
o: (3, 4, 3) => 5.0
o: (4, 2, 1) => 10.0
o: (2, 2, 5) => 0.0
o: (2, 3, 1) => 5.0
o: (1, 1, 4) => 0.0
o: (2, 1, 2) => 5.0
o: (2, 4, 1) => 10.0
o: (1, 1, 3) => 0.0
o: (1, 2, 4) => 5.0
o: (2, 2, 2) => 0.0
o: (3, 1, 4) => 10.0

[118, 2740, 2730, 2643, 2633, 2648, 2566, 16]
JOBS in the order of refs (Vprime)
Node 1: Job(0, Point(70, 70, 0), 0, 0, 2535, 0, 0, 0)
Node 2: Job(1, Point(101, 0, 0), 9, 1973, 2130, 10, 0, 172)
Node 3: Job(9, Point(107, 25, 2), 13, 1133, 1176, 10, 0, 71)
Node 4: Job(17, Point(46, 112, 0), 10, 1133, 1274, 10, 0, 153)
Node 5: Job(18, Point(79, 72, 3), 22, 0, 2516, 10, 0, 167)
Node 6: Job(20, Point(8, 87, 1), 17, 1615, 1714, 10, 0, 164)
Node 7: Job(21, Point(109, 139, 3), 8, 469, 555, 10, 0, 57)
Node 8: Job(22, Point(80, 103, 2), 15, 1484, 1613, 10, 0, 171)
Node 9: Job(24, Point(95, 135, 1), 27, 0, 2456, 10, 0, 199)
Node 10: Job(26, Point(64, 132, 2), 8, 0, 2463, 10, 0, 82)
Node 11: Job(28, Point(39, 13, 3), 20, 0, 2461, 10, 0, 10)
Node 12: Job(31, Point(140, 42, 2), 13, 0, 2450, 10, 0, 72)
Node 13: Job(35, Point(32, 6, 1), 11, 401, 479, 10, 0, 11)
Node 14: Job(41, Point(81, 57, 3), 8, 33, 104, 10, 0, 143)
Node 15: Job(42, Point(120, 52, 2), 20, 0, 2472, 10, 0, 75)
Node 16: Job(43, Point(113, 32, 0), 36, 0, 2468, 10, 0, 19)
Node 17: Job(45, Point(82, 103, 0), 15, 0, 2490, 10, 0, 34)
Node 18: Job(47, Point(90, 44, 3), 6, 0, 2493, 10, 0, 23)
Node 19: Job(50, Point(64, 138, 1), 15, 0, 2457, 10, 0, 104)
Node 20: Job(54, Point(13, 48, 0), 15, 0, 2464, 10, 0, 93)
Node 21: Job(55, Point(84, 88, 1), 16, 0, 2503, 10, 0, 78)
Node 22: Job(59, Point(105, 2, 0), 1, 0, 2449, 10, 0, 81)
Node 23: Job(60, Point(107, 77, 0), 34, 0, 2488, 10, 0, 48)
Node 24: Job(61, Point(104, 54, 2), 13, 208, 333, 10, 0, 29)
Node 25: Job(62, Point(54, 33, 2), 20, 118, 204, 10, 0, 97)
Node 26: Job(64, Point(37, 125, 2), 10, 0, 2461, 10, 0, 163)
Node 27: Job(65, Point(99, 34, 2), 9, 0, 2479, 10, 0, 37)
Node 28: Job(66, Point(38, 122, 3), 13, 941, 1052, 10, 0, 133)
Node 29: Job(67, Point(85, 75, 0), 37, 0, 2510, 10, 0, 102)
Node 30: Job(70, Point(47, 83, 0), 1, 0, 2499, 10, 0, 94)
Node 31: Job(73, Point(39, 100, 1), 31, 0, 2482, 10, 0, 121)
Node 32: Job(74, Point(48, 47, 3), 19, 94, 161, 10, 0, 36)
Node 33: Job(77, Point(103, 44, 3), 12, 0, 2483, 10, 0, 112)
Node 34: Job(80, Point(71, 70, 3), 9, 0, 2524, 10, 0, 13)
Node 35: Job(83, Point(16, 92, 3), 10, 0, 2467, 10, 0, 165)
Node 36: Job(84, Point(56, 139, 3), 18, 0, 2455, 10, 0, 108)
Node 37: Job(85, Point(27, 104, 0), 1, 0, 2471, 10, 0, 98)
Node 38: Job(87, Point(34, 72, 2), 21, 0, 2489, 10, 0, 33)
Node 39: Job(88, Point(120, 22, 1), 39, 440, 591, 10, 0, 51)
Node 40: Job(91, Point(33, 117, 2), 20, 0, 2466, 10, 0, 12)
Node 41: Job(92, Point(102, 52, 1), 15, 0, 2489, 10, 0, 120)
Node 42: Job(95, Point(114, 109, 3), 16, 0, 2467, 10, 0, 76)
Node 43: Job(96, Point(86, 80, 2), 21, 0, 2507, 10, 0, 196)
Node 44: Job(100, Point(12, 48, 3), 4, 0, 2463, 10, 0, 46)
Node 45: Job(101, Point(139, 72, 2), 23, 1349, 1466, 10, 0, 49)
Node 46: Job(103, Point(116, 22, 3), 32, 0, 2459, 10, 0, 175)
Node 47: Job(105, Point(19, 120, 1), 16, 0, 2454, 10, 0, 110)
Node 48: Job(106, Point(23, 39, 1), 20, 1419, 1514, 10, 0, 63)
Node 49: Job(107, Point(110, 99, 2), 21, 0, 2476, 10, 0, 136)
Node 50: Job(111, Point(61, 57, 0), 35, 0, 2510, 10, 0, 177)
Node 51: Job(114, Point(115, 124, 3), 11, 0, 2455, 10, 0, 90)
Node 52: Job(115, Point(93, 61, 0), 10, 0, 2501, 10, 0, 152)
Node 53: Job(117, Point(65, 0, 3), 20, 0, 2455, 10, 0, 109)
Node 54: Job(118, Point(108, 30, 1), 18, 381, 504, 10, 0, 69)
Node 55: Job(119, Point(120, 60, 0), 18, 216, 337, 10, 0, 155)
Node 56: Job(122, Point(117, 92, 1), 25, 0, 2474, 10, 0, 157)
Node 57: Job(123, Point(26, 130, 0), 20, 0, 2451, 10, 0, 130)
Node 58: Job(125, Point(113, 45, 0), 4, 0, 2476, 10, 0, 116)
Node 59: Job(126, Point(40, 113, 2), 23, 0, 2473, 10, 0, 79)
Node 60: Job(127, Point(138, 105, 3), 24, 0, 2449, 10, 0, 6)
Node 61: Job(128, Point(116, 105, 1), 23, 0, 2468, 10, 0, 25)
Node 62: Job(172, Point(97, 12, 1), -9, 0, 2462, 10, 1, 0)
Node 63: Job(71, Point(139, 68, 2), -13, 0, 2456, 10, 9, 0)
Node 64: Job(153, Point(35, 90, 1), -10, 0, 2485, 10, 17, 0)
Node 65: Job(167, Point(137, 84, 0), -22, 0, 2457, 10, 18, 0)
Node 66: Job(164, Point(65, 80, 0), -17, 0, 2514, 10, 20, 0)
Node 67: Job(57, Point(69, 115, 0), -8, 0, 2480, 10, 21, 0)
Node 68: Job(171, Point(66, 82, 3), -15, 0, 2513, 10, 22, 0)
Node 69: Job(199, Point(81, 36, 1), -27, 0, 2490, 10, 24, 0)
Node 70: Job(82, Point(36, 54, 0), -8, 1482, 1614, 10, 26, 0)
Node 71: Job(10, Point(17, 138, 0), -20, 0, 2439, 10, 28, 0)
Node 72: Job(72, Point(88, 29, 2), -13, 0, 2481, 10, 31, 0)
Node 73: Job(11, Point(37, 138, 1), -11, 0, 2450, 10, 35, 0)
Node 74: Job(143, Point(120, 47, 3), -8, 0, 2470, 10, 41, 0)
Node 75: Job(75, Point(104, 73, 3), -20, 0, 2491, 10, 42, 0)
Node 76: Job(19, Point(104, 32, 2), -36, 0, 2475, 10, 43, 0)
Node 77: Job(34, Point(44, 58, 0), -15, 0, 2497, 10, 45, 0)
Node 78: Job(23, Point(78, 63, 3), -6, 0, 2515, 10, 47, 0)
Node 79: Job(104, Point(27, 46, 3), -15, 0, 2476, 10, 50, 0)
Node 80: Job(93, Point(13, 129, 0), -15, 0, 2443, 10, 54, 0)
Node 81: Job(78, Point(73, 96, 1), -16, 0, 2499, 10, 55, 0)
Node 82: Job(81, Point(83, 12, 3), -1, 0, 2466, 10, 59, 0)
Node 83: Job(48, Point(139, 73, 3), -34, 0, 2456, 10, 60, 0)
Node 84: Job(29, Point(120, 14, 2), -13, 0, 2450, 10, 61, 0)
Node 85: Job(97, Point(33, 0, 0), -20, 0, 2446, 10, 62, 0)
Node 86: Job(163, Point(54, 78, 3), -10, 0, 2508, 10, 64, 0)
Node 87: Job(37, Point(106, 10, 0), -9, 0, 2456, 10, 65, 0)
Node 88: Job(133, Point(50, 112, 0), -13, 0, 2479, 10, 66, 0)
Node 89: Job(102, Point(109, 78, 2), -37, 0, 2486, 10, 67, 0)
Node 90: Job(94, Point(34, 20, 0), -1, 0, 2464, 10, 70, 0)
Node 91: Job(121, Point(2, 106, 0), -31, 1541, 1673, 10, 73, 0)
Node 92: Job(36, Point(41, 36, 2), -19, 0, 2481, 10, 74, 0)
Node 93: Job(112, Point(123, 84, 3), -12, 0, 2471, 10, 77, 0)
Node 94: Job(13, Point(121, 123, 0), -9, 0, 2452, 10, 80, 0)
Node 95: Job(165, Point(28, 62, 0), -10, 0, 2483, 10, 83, 0)
Node 96: Job(108, Point(15, 18, 0), -18, 0, 2450, 10, 84, 0)
Node 97: Job(98, Point(18, 104, 0), -1, 1350, 1463, 10, 85, 0)
Node 98: Job(33, Point(42, 29, 2), -21, 0, 2476, 10, 87, 0)
Node 99: Job(51, Point(98, 4, 2), -39, 0, 2454, 10, 88, 0)
Node 100: Job(12, Point(20, 69, 2), -20, 0, 2475, 10, 91, 0)
Node 101: Job(120, Point(92, 22, 1), -15, 0, 2473, 10, 92, 0)
Node 102: Job(76, Point(9, 19, 0), -16, 1472, 1631, 10, 95, 0)
Node 103: Job(196, Point(103, 86, 0), -21, 0, 2489, 10, 96, 0)
Node 104: Job(46, Point(10, 111, 0), -4, 0, 2453, 10, 100, 0)
Node 105: Job(49, Point(89, 24, 0), -23, 0, 2476, 10, 101, 0)
Node 106: Job(175, Point(90, 14, 1), -32, 0, 2466, 10, 103, 0)
Node 107: Job(110, Point(16, 62, 1), -16, 0, 2471, 10, 105, 0)
Node 108: Job(63, Point(32, 52, 3), -20, 0, 2483, 10, 106, 0)
Node 109: Job(136, Point(92, 138, 1), -21, 0, 2454, 10, 107, 0)
Node 110: Job(177, Point(15, 4, 2), -35, 406, 520, 10, 111, 0)
Node 111: Job(90, Point(63, 129, 2), -11, 0, 2466, 10, 114, 0)
Node 112: Job(152, Point(113, 35, 0), -10, 166, 357, 10, 115, 0)
Node 113: Job(109, Point(18, 70, 3), -20, 1531, 1717, 10, 117, 0)
Node 114: Job(69, Point(103, 77, 2), -18, 1203, 1242, 10, 118, 0)
Node 115: Job(155, Point(117, 4, 3), -18, 0, 2444, 10, 119, 0)
Node 116: Job(157, Point(56, 129, 1), -25, 0, 2465, 10, 122, 0)
Node 117: Job(130, Point(12, 138, 0), -20, 1096, 1221, 10, 123, 0)
Node 118: Job(116, Point(89, 39, 0), -4, 0, 2489, 10, 125, 0)
Node 119: Job(79, Point(44, 116, 0), -23, 0, 2473, 10, 126, 0)
Node 120: Job(6, Point(137, 137, 2), -24, 0, 2431, 10, 127, 0)
Node 121: Job(25, Point(37, 79, 1), -23, 0, 2491, 10, 128, 0)
Node 122: Job(0, Point(70, 70, 0), 0, 0, 2535, 0, 0, 0)

### Preprocessing Data ###
	-> arcs: 14884 (100.0%)
	-> arc_removals: 1525 (10.25%)
	-> arc_removals_is_loop: 122 (0.82%)
	-> arc_removals_is_delivery_to_pickup: 62 (0.42%)
	-> arc_removals_is_depot_begin_to_delivery: 60 (0.4%)
	-> arc_removals_is_pickup_to_depot_end: 60 (0.4%)
	-> arc_removals_is_dest_depot_begin: 120 (0.81%)
	-> arc_removals_is_orig_depot_end: 119 (0.8%)
	-> arc_removals_is_capacity_violated: 0 (0.0%)
	-> arc_removals_is_time_window_limited: 795 (5.34%)
	-> arc_removals_is_time_window_pairing_limited: 139 (0.93%)
	-> arc_removals_is_indirect_request_service_impossible: 48 (0.32%)
	-> gamma_vars: 0 (0%)
	-> feas_gamma_vars: 0 (0%)
	-> infeas_gamma_vars_is_next_mtrv_unreachable: 0 (0%)
	-> infeas_gamma_vars_is_iprime_jprime_eq_i_j: 0 (0%)
	-> machine_removal_for_an_arc: 0 (0.0%)
##########################

[03:23:01.288] Print configuration
------------------------------------------------------
"
[03:23:01.288] Running Multi Start Heuristic"
> Experiment started at 2025-10-18T03:23:01.288
> Instance: LR2_2_4_t2_60R_60V_04F_05M
> Algorithm Parameters:


	>Stop params:
		>  - rule ITERATIONS
		>  - argument 60000.0
		>  - maximum_time 3600

	>General params:
		>  - instPath /dados/rmelo/PDPTW-SE/benchmark_multi_floor_v3/official_experiments/multistartlp/official/set_01_pt_02/../../../../instances/orig_ams_fg/60R_60V_04F_06M/t2/LR2_2_4/
		>  - name LR2_2_4
		>  - type t2
		>  - group 60R_60V_04F_05M
		>  - fullname LR2_2_4_t2_60R_60V_04F_05M
		>  - methodType heur
		>  - methodCode mslp
		>  - genconfigfile /dados/rmelo/PDPTW-SE/benchmark_multi_floor_v3/official_experiments/multistartlp/official/set_01_pt_02/configs/genconfig_mslp.conf
		>  - genconfigfilename genconfig_mslp
		>  - greedy_service_order random
		>  - cutoff 0
		>  - cutoffmachs 5
		>  - num_machs 0
		>  - solver Gurobi
		>  - maxtime 3600
		>  - gurobiCuts 1
		>  - typeUserCut 0
		>  - mipPresolve -1
		>  - printsol 1
		>  - maxnodes -1
		>  - elevator 1
		>  - make_instance_feasible false
		>  - output /dados/rmelo/PDPTW-SE/benchmark_multi_floor_v3/official_experiments/multistartlp/official/set_01_pt_02/logs
		>  - suff_outputs _seed_177
		>  - suff_csv _bash_5
		>  - epsilon 0.005
		>  - epsilonCap 0.5
		>  - warmStart false
		>  - seed 177
		>  - rng Random.MersenneTwister(177)
		>  - alpha 0.05
		>  - maxiter 1000000
		>  - outputFlagGrbMIP 0
		>  - outputFlagGrbMSLP 0
		>  - outputFlagGrbLMNS 0
		>  - mslpr I
		>  - mslpa 60000
		>  - lmnsr M
		>  - lmnsa 60
		>  - lmnsRepairTime 30.0
		>  - lmnsMIPFocus 0
		>  - lmnsGapToBiggerDestruction 50
		>  - lmnsGapToSmallerDestruction 95
		>  - lmnsWeightShawDistProx 1.0
		>  - lmnsWeightShawEarlProx 1.0
		>  - lmnsWeightShawSameRoute 1.0
		>  - lmnsWeightShawDemandSim 1.0
		>  - lmnsReqRApplyMIPStart true
		>  - lmnsAcceptanceCriteria H
		>  - lmnsMetropolisTemp 100.0
		>  - lmnsSimulatedAnnealingTemp 100.0
		>  - lmnsSimulatedAnnealingCool 0.95
		>  - mipmaxtime 3600
		>  - csvfilename /dados/rmelo/PDPTW-SE/benchmark_multi_floor_v3/official_experiments/multistartlp/official/set_01_pt_02/logs/heur_mslp/outputs/csvresults_heur_mslp_bash_5.csv
		>  - solfilename /dados/rmelo/PDPTW-SE/benchmark_multi_floor_v3/official_experiments/multistartlp/official/set_01_pt_02/logs/heur_mslp/solutions/60R_60V_04F_05M/LR2_2_4_sol_genconfig_mslp_seed_177.txt
		>  - timelineFilename /dados/rmelo/PDPTW-SE/benchmark_multi_floor_v3/official_experiments/multistartlp/official/set_01_pt_02/logs/heur_mslp/timelines/60R_60V_04F_05M/LR2_2_4_timeline_genconfig_mslp_seed_177.txt
		>  - grbFilename /dados/rmelo/PDPTW-SE/benchmark_multi_floor_v3/official_experiments/multistartlp/official/set_01_pt_02/logs/heur_mslp/gurobi/60R_60V_04F_05M/LR2_2_4_grb_genconfig_mslp_seed_177.log
		>  - threads 1
		>  - solverMethod AUTOMATIC

------------------------------------------------------

[03:23:01.433] Starting running MSLP
objValue;greedysol;iteration;time
11066.34;11088.99;1;0.535856
10994.55;11012.60;5;2.002092
10884.98;10927.15;10;3.181036
10617.33;10638.20;25;6.390690
10567.44;10619.09;90;21.905720
10532.18;10560.45;322;77.250017
10519.23;10618.53;335;80.390179
10325.67;10352.31;521;125.482163
10030.74;10081.28;1104;262.636697
9650.64;9686.02;7375;1747.515193

[04:23:29.924] Finished running MSLP
System CPU time: 14.65 seconds

[04:23:30.024] Post running MSLP
Best solution value: 9650.64
Total time elapsed: 3600.159864
Time to best: 1747.515193
Iterations: 15172
Iterations to best: 7375
Improvements: 10
Infeasible solutions percentage: (0 / 15172) = 0.0000 %
(LP improvements)/(LP runs) = 15151/15172 = 99.8616 %
Mean LP improvement percentage: 0.8926 %
[04:23:30.374] Writing results to CSV file: /dados/rmelo/PDPTW-SE/benchmark_multi_floor_v3/official_experiments/multistartlp/official/set_01_pt_02/logs/heur_mslp/outputs/csvresults_heur_mslp_bash_5.csv

[04:23:33.197] Saving solution to file:/dados/rmelo/PDPTW-SE/benchmark_multi_floor_v3/official_experiments/multistartlp/official/set_01_pt_02/logs/heur_mslp/solutions/60R_60V_04F_05M/LR2_2_4_sol_genconfig_mslp_seed_177.txt

[04:23:33.198] Saving solution timeline to file: /dados/rmelo/PDPTW-SE/benchmark_multi_floor_v3/official_experiments/multistartlp/official/set_01_pt_02/logs/heur_mslp/timelines/60R_60V_04F_05M/LR2_2_4_timeline_genconfig_mslp_seed_177.txt
---------------------| VEHICLES |---------------------

Vehicle 19 :
	id: 0
		node: 1
		(x, y, z): (70, 70, 0)
		dem: 0
		earl: 0
		lat: 2535
		servt: 0
		pid: 0
		did: 0
		servST: 0.0
		(h, h_ind): (-1, 0)
		load: 0.0

	Finished service at time: 0.0

	Using Machine: 2
		Task 0 -> Machine 2 (Station 1): 5.0
		Vehicle arrival at machine station: 5.0
		Waiting time until machine travel: 0.0

		Machine travel start time: 5.0
		Region 0 -> Region 1: 5.0
		Machine arrival at machine station: 10.0

		Machine 2 (Station 2)-> Task 55: 20.12
		Vehicle arrival at task: 30.12
		Waiting time until service start time: 0.0

	id: 55
		node: 21
		(x, y, z): (84, 88, 1)
		dem: 16
		earl: 0
		lat: 2503
		servt: 10
		pid: 0
		did: 78
		servST: 30.12
		(h, h_ind): (2, 1)
		load: 16.0

	Finished service at time: 40.120000000000005

	Task 55 -> Task 78: 13.6
	Vehicle arrival at task: 53.720000000000006
	Waiting time until service start time: -0.0

	id: 78
		node: 81
		(x, y, z): (73, 96, 1)
		dem: -16
		earl: 0
		lat: 2499
		servt: 10
		pid: 55
		did: 0
		servST: 53.72
		(h, h_ind): (-1, 0)
		load: 0.0

	Finished service at time: 63.72

	Using Machine: 3
		Task 78 -> Machine 3 (Station 2): 26.68
		Vehicle arrival at machine station: 90.4
		Waiting time until machine travel: 0.0

		Machine travel start time: 90.4
		Region 1 -> Region 3: 10.0
		Machine arrival at machine station: 100.4

		Machine 3 (Station 4)-> Task 74: 29.83
		Vehicle arrival at task: 130.23000000000002
		Waiting time until service start time: 0.0

	id: 74
		node: 32
		(x, y, z): (48, 47, 3)
		dem: 19
		earl: 94
		lat: 161
		servt: 10
		pid: 0
		did: 36
		servST: 130.23000000000002
		(h, h_ind): (3, 1)
		load: 19.0

	Finished service at time: 140.23000000000002

	Using Machine: 2
		Task 74 -> Machine 2 (Station 4): 35.47
		Vehicle arrival at machine station: 175.70000000000002
		Waiting time until machine travel: 0.0

		Machine travel start time: 175.70000000000002
		Region 3 -> Region 2: 5.0
		Machine arrival at machine station: 180.70000000000002

		Machine 2 (Station 3)-> Task 107: 45.45
		Vehicle arrival at task: 226.15000000000003
		Waiting time until service start time: 0.0

	id: 107
		node: 49
		(x, y, z): (110, 99, 2)
		dem: 21
		earl: 0
		lat: 2476
		servt: 10
		pid: 0
		did: 136
		servST: 226.15000000000003
		(h, h_ind): (2, 2)
		load: 40.0

	Finished service at time: 236.15000000000003

	Task 107 -> Task 36: 93.43
	Vehicle arrival at task: 329.58000000000004
	Waiting time until service start time: 0.0

	id: 36
		node: 92
		(x, y, z): (41, 36, 2)
		dem: -19
		earl: 0
		lat: 2481
		servt: 10
		pid: 74
		did: 0
		servST: 329.58000000000004
		(h, h_ind): (-1, 0)
		load: 21.0

	Finished service at time: 339.58000000000004

	Using Machine: 3
		Task 36 -> Machine 3 (Station 3): 42.8
		Vehicle arrival at machine station: 382.38000000000005
		Waiting time until machine travel: 0.0

		Machine travel start time: 382.38000000000005
		Region 2 -> Region 1: 5.0
		Machine arrival at machine station: 387.38000000000005

		Machine 3 (Station 2)-> Task 35: 72.95
		Vehicle arrival at task: 460.33000000000004
		Waiting time until service start time: 0.0

	id: 35
		node: 13
		(x, y, z): (32, 6, 1)
		dem: 11
		earl: 401
		lat: 479
		servt: 10
		pid: 0
		did: 11
		servST: 460.33000000000004
		(h, h_ind): (3, 2)
		load: 32.0

	Finished service at time: 470.33000000000004

	Task 35 -> Task 122: 120.92
	Vehicle arrival at task: 591.25
	Waiting time until service start time: 0.0

	id: 122
		node: 56
		(x, y, z): (117, 92, 1)
		dem: 25
		earl: 0
		lat: 2474
		servt: 10
		pid: 0
		did: 157
		servST: 591.25
		(h, h_ind): (-1, 0)
		load: 57.0

	Finished service at time: 601.25

	Task 122 -> Task 11: 92.28
	Vehicle arrival at task: 693.53
	Waiting time until service start time: 0.0

	id: 11
		node: 73
		(x, y, z): (37, 138, 1)
		dem: -11
		earl: 0
		lat: 2450
		servt: 10
		pid: 35
		did: 0
		servST: 693.53
		(h, h_ind): (-1, 0)
		load: 46.0

	Finished service at time: 703.53

	Task 11 -> Task 157: 21.02
	Vehicle arrival at task: 724.55
	Waiting time until service start time: 0.0

	id: 157
		node: 116
		(x, y, z): (56, 129, 1)
		dem: -25
		earl: 0
		lat: 2465
		servt: 10
		pid: 122
		did: 0
		servST: 724.55
		(h, h_ind): (-1, 0)
		load: 21.0

	Finished service at time: 734.55

	Task 157 -> Task 50: 12.04
	Vehicle arrival at task: 746.5899999999999
	Waiting time until service start time: 0.0

	id: 50
		node: 19
		(x, y, z): (64, 138, 1)
		dem: 15
		earl: 0
		lat: 2457
		servt: 10
		pid: 0
		did: 104
		servST: 746.5899999999999
		(h, h_ind): (-1, 0)
		load: 36.0

	Finished service at time: 756.5899999999999

	Task 50 -> Task 136: 28.0
	Vehicle arrival at task: 784.5899999999999
	Waiting time until service start time: 0.0

	id: 136
		node: 109
		(x, y, z): (92, 138, 1)
		dem: -21
		earl: 0
		lat: 2454
		servt: 10
		pid: 107
		did: 0
		servST: 784.5899999999999
		(h, h_ind): (-1, 0)
		load: 15.0

	Finished service at time: 794.5899999999999

	Task 136 -> Task 128: 40.8
	Vehicle arrival at task: 835.3899999999999
	Waiting time until service start time: 0.0

	id: 128
		node: 61
		(x, y, z): (116, 105, 1)
		dem: 23
		earl: 0
		lat: 2468
		servt: 10
		pid: 0
		did: 25
		servST: 835.3899999999999
		(h, h_ind): (-1, 0)
		load: 38.0

	Finished service at time: 845.3899999999999

	Task 128 -> Task 25: 83.17
	Vehicle arrival at task: 928.5599999999998
	Waiting time until service start time: 0.0

	id: 25
		node: 121
		(x, y, z): (37, 79, 1)
		dem: -23
		earl: 0
		lat: 2491
		servt: 10
		pid: 128
		did: 0
		servST: 928.5599999999998
		(h, h_ind): (-1, 0)
		load: 15.0

	Finished service at time: 938.5599999999998

	Using Machine: 3
		Task 25 -> Machine 3 (Station 2): 31.32
		Vehicle arrival at machine station: 969.8799999999999
		Waiting time until machine travel: 0.0

		Machine travel start time: 969.8799999999999
		Region 1 -> Region 3: 10.0
		Machine arrival at machine station: 979.8799999999999

		Machine 3 (Station 4)-> Task 66: 59.54
		Vehicle arrival at task: 1039.4199999999998
		Waiting time until service start time: 0.0

	id: 66
		node: 28
		(x, y, z): (38, 122, 3)
		dem: 13
		earl: 941
		lat: 1052
		servt: 10
		pid: 0
		did: 133
		servST: 1039.4199999999998
		(h, h_ind): (3, 7)
		load: 28.0

	Finished service at time: 1049.4199999999998

	Task 66 -> Task 83: 37.2
	Vehicle arrival at task: 1086.62
	Waiting time until service start time: 0.0

	id: 83
		node: 35
		(x, y, z): (16, 92, 3)
		dem: 10
		earl: 0
		lat: 2467
		servt: 10
		pid: 0
		did: 165
		servST: 1086.62
		(h, h_ind): (-1, 0)
		load: 38.0

	Finished service at time: 1096.62

	Task 83 -> Task 104: 47.3
	Vehicle arrival at task: 1143.9199999999998
	Waiting time until service start time: 0.0

	id: 104
		node: 79
		(x, y, z): (27, 46, 3)
		dem: -15
		earl: 0
		lat: 2476
		servt: 10
		pid: 50
		did: 0
		servST: 1143.9199999999998
		(h, h_ind): (-1, 0)
		load: 23.0

	Finished service at time: 1153.9199999999998

	Using Machine: 3
		Task 104 -> Machine 3 (Station 4): 46.65
		Vehicle arrival at machine station: 1200.57
		Waiting time until machine travel: 0.0

		Machine travel start time: 1200.57
		Region 3 -> Region 2: 5.0
		Machine arrival at machine station: 1205.57

		Machine 3 (Station 3)-> Task 126: 50.77
		Vehicle arrival at task: 1256.34
		Waiting time until service start time: 0.0

	id: 126
		node: 59
		(x, y, z): (40, 113, 2)
		dem: 23
		earl: 0
		lat: 2473
		servt: 10
		pid: 0
		did: 79
		servST: 1256.34
		(h, h_ind): (3, 9)
		load: 46.0

	Finished service at time: 1266.34

	Using Machine: 3
		Task 126 -> Machine 3 (Station 3): 50.77
		Vehicle arrival at machine station: 1317.11
		Waiting time until machine travel: 0.0

		Machine travel start time: 1317.11
		Region 2 -> Region 0: 10.0
		Machine arrival at machine station: 1327.11

		Machine 3 (Station 1)-> Task 133: 45.31
		Vehicle arrival at task: 1372.4199999999998
		Waiting time until service start time: 0.0

	id: 133
		node: 88
		(x, y, z): (50, 112, 0)
		dem: -13
		earl: 0
		lat: 2479
		servt: 10
		pid: 66
		did: 0
		servST: 1372.4199999999998
		(h, h_ind): (3, 12)
		load: 33.0

	Finished service at time: 1382.4199999999998

	Task 133 -> Task 79: 7.21
	Vehicle arrival at task: 1389.6299999999999
	Waiting time until service start time: 0.0

	id: 79
		node: 119
		(x, y, z): (44, 116, 0)
		dem: -23
		earl: 0
		lat: 2473
		servt: 10
		pid: 126
		did: 0
		servST: 1389.6299999999999
		(h, h_ind): (-1, 0)
		load: 10.0

	Finished service at time: 1399.6299999999999

	Task 79 -> Task 165: 56.32
	Vehicle arrival at task: 1455.9499999999998
	Waiting time until service start time: 0.0

	id: 165
		node: 95
		(x, y, z): (28, 62, 0)
		dem: -10
		earl: 0
		lat: 2483
		servt: 10
		pid: 83
		did: 0
		servST: 1455.9499999999998
		(h, h_ind): (-1, 0)
		load: 0.0

	Finished service at time: 1465.9499999999998

	Task 165 -> Task 0: 42.76
	Vehicle arrival at task: 1508.7099999999998
	Waiting time until service start time: 0.0

	id: 0
		node: 122
		(x, y, z): (70, 70, 0)
		dem: 0
		earl: 0
		lat: 2535
		servt: 0
		pid: 0
		did: 0
		servST: 1508.7099999999998
		(h, h_ind): (-1, 0)
		load: 0.0


Vehicle 32 :
	id: 0
		node: 1
		(x, y, z): (70, 70, 0)
		dem: 0
		earl: 0
		lat: 2535
		servt: 0
		pid: 0
		did: 0
		servST: 20.45999999999988
		(h, h_ind): (-1, 0)
		load: 0.0

	Finished service at time: 20.45999999999988

	Using Machine: 1
		Task 0 -> Machine 1 (Station 1): 1.0
		Vehicle arrival at machine station: 21.45999999999988
		Waiting time until machine travel: 0.0

		Machine travel start time: 21.45999999999988
		Region 0 -> Region 2: 10.0
		Machine arrival at machine station: 31.45999999999988

		Machine 1 (Station 3)-> Task 96: 19.72
		Vehicle arrival at task: 51.17999999999988
		Waiting time until service start time: 0.0

	id: 96
		node: 43
		(x, y, z): (86, 80, 2)
		dem: 21
		earl: 0
		lat: 2507
		servt: 10
		pid: 0
		did: 196
		servST: 51.17999999999988
		(h, h_ind): (1, 1)
		load: 21.0

	Finished service at time: 61.17999999999988

	Task 96 -> Task 62: 56.86
	Vehicle arrival at task: 118.03999999999988
	Waiting time until service start time: 0.0

	id: 62
		node: 25
		(x, y, z): (54, 33, 2)
		dem: 20
		earl: 118
		lat: 204
		servt: 10
		pid: 0
		did: 97
		servST: 118.03999999999988
		(h, h_ind): (-1, 0)
		load: 41.0

	Finished service at time: 128.03999999999988

	Using Machine: 4
		Task 62 -> Machine 4 (Station 3): 43.57
		Vehicle arrival at machine station: 171.60999999999987
		Waiting time until machine travel: 0.0

		Machine travel start time: 171.60999999999987
		Region 2 -> Region 0: 10.0
		Machine arrival at machine station: 181.60999999999987

		Machine 4 (Station 1)-> Task 119: 44.15
		Vehicle arrival at task: 225.75999999999988
		Waiting time until service start time: 0.0

	id: 119
		node: 55
		(x, y, z): (120, 60, 0)
		dem: 18
		earl: 216
		lat: 337
		servt: 10
		pid: 0
		did: 155
		servST: 225.75999999999988
		(h, h_ind): (4, 4)
		load: 59.0

	Finished service at time: 235.75999999999988

	Task 119 -> Task 97: 105.68
	Vehicle arrival at task: 341.4399999999999
	Waiting time until service start time: 0.0

	id: 97
		node: 85
		(x, y, z): (33, 0, 0)
		dem: -20
		earl: 0
		lat: 2446
		servt: 10
		pid: 62
		did: 0
		servST: 341.4399999999999
		(h, h_ind): (-1, 0)
		load: 39.0

	Finished service at time: 351.4399999999999

	Using Machine: 4
		Task 97 -> Machine 4 (Station 1): 82.68
		Vehicle arrival at machine station: 434.1199999999999
		Waiting time until machine travel: 0.0

		Machine travel start time: 434.1199999999999
		Region 0 -> Region 1: 5.0
		Machine arrival at machine station: 439.1199999999999

		Machine 4 (Station 2)-> Task 92: 30.81
		Vehicle arrival at task: 469.9299999999999
		Waiting time until service start time: 0.0

	id: 92
		node: 41
		(x, y, z): (102, 52, 1)
		dem: 15
		earl: 0
		lat: 2489
		servt: 10
		pid: 0
		did: 120
		servST: 469.9299999999999
		(h, h_ind): (4, 9)
		load: 54.0

	Finished service at time: 479.9299999999999

	Task 92 -> Task 118: 22.8
	Vehicle arrival at task: 502.7299999999999
	Waiting time until service start time: 0.0

	id: 118
		node: 54
		(x, y, z): (108, 30, 1)
		dem: 18
		earl: 381
		lat: 504
		servt: 10
		pid: 0
		did: 69
		servST: 502.7299999999999
		(h, h_ind): (-1, 0)
		load: 72.0

	Finished service at time: 512.7299999999999

	Task 118 -> Task 120: 17.89
	Vehicle arrival at task: 530.6199999999999
	Waiting time until service start time: 0.0

	id: 120
		node: 101
		(x, y, z): (92, 22, 1)
		dem: -15
		earl: 0
		lat: 2473
		servt: 10
		pid: 92
		did: 0
		servST: 530.6199999999999
		(h, h_ind): (-1, 0)
		load: 57.0

	Finished service at time: 540.6199999999999

	Using Machine: 3
		Task 120 -> Machine 3 (Station 2): 54.12
		Vehicle arrival at machine station: 594.7399999999999
		Waiting time until machine travel: 0.0

		Machine travel start time: 594.7399999999999
		Region 1 -> Region 3: 10.0
		Machine arrival at machine station: 604.7399999999999

		Machine 3 (Station 4)-> Task 28: 63.51
		Vehicle arrival at task: 668.2499999999999
		Waiting time until service start time: 0.0

	id: 28
		node: 11
		(x, y, z): (39, 13, 3)
		dem: 20
		earl: 0
		lat: 2461
		servt: 10
		pid: 0
		did: 10
		servST: 668.2499999999999
		(h, h_ind): (3, 4)
		load: 77.0

	Finished service at time: 678.2499999999999

	Task 28 -> Task 155: 78.52
	Vehicle arrival at task: 756.7699999999999
	Waiting time until service start time: 0.0

	id: 155
		node: 115
		(x, y, z): (117, 4, 3)
		dem: -18
		earl: 0
		lat: 2444
		servt: 10
		pid: 119
		did: 0
		servST: 756.7699999999999
		(h, h_ind): (-1, 0)
		load: 59.0

	Finished service at time: 766.7699999999999

	Task 155 -> Task 80: 80.45
	Vehicle arrival at task: 847.2199999999999
	Waiting time until service start time: 0.0

	id: 80
		node: 34
		(x, y, z): (71, 70, 3)
		dem: 9
		earl: 0
		lat: 2524
		servt: 10
		pid: 0
		did: 13
		servST: 847.2199999999999
		(h, h_ind): (-1, 0)
		load: 68.0

	Finished service at time: 857.2199999999999

	Using Machine: 0
		Task 80 -> Machine 0 (Station 4): 2.0
		Vehicle arrival at machine station: 859.2199999999999
		Waiting time until machine travel: 0.0

		Machine travel start time: 859.2199999999999
		Region 3 -> Region 0: 15.0
		Machine arrival at machine station: 874.2199999999999

		Machine 0 (Station 1)-> Task 13: 71.51
		Vehicle arrival at task: 945.7299999999999
		Waiting time until service start time: 0.0

	id: 13
		node: 94
		(x, y, z): (121, 123, 0)
		dem: -9
		earl: 0
		lat: 2452
		servt: 10
		pid: 80
		did: 0
		servST: 945.7299999999999
		(h, h_ind): (0, 2)
		load: 59.0

	Finished service at time: 955.7299999999999

	Task 13 -> Task 10: 105.08
	Vehicle arrival at task: 1060.81
	Waiting time until service start time: 0.0

	id: 10
		node: 71
		(x, y, z): (17, 138, 0)
		dem: -20
		earl: 0
		lat: 2439
		servt: 10
		pid: 28
		did: 0
		servST: 1060.81
		(h, h_ind): (-1, 0)
		load: 39.0

	Finished service at time: 1070.81

	Task 10 -> Task 67: 92.7
	Vehicle arrival at task: 1163.51
	Waiting time until service start time: 0.0

	id: 67
		node: 29
		(x, y, z): (85, 75, 0)
		dem: 37
		earl: 0
		lat: 2510
		servt: 10
		pid: 0
		did: 102
		servST: 1163.51
		(h, h_ind): (-1, 0)
		load: 76.0

	Finished service at time: 1173.51

	Using Machine: 4
		Task 67 -> Machine 4 (Station 1): 9.43
		Vehicle arrival at machine station: 1182.94
		Waiting time until machine travel: 0.0

		Machine travel start time: 1182.94
		Region 0 -> Region 2: 10.0
		Machine arrival at machine station: 1192.94

		Machine 4 (Station 3)-> Task 102: 32.98
		Vehicle arrival at task: 1225.92
		Waiting time until service start time: 0.0

	id: 102
		node: 89
		(x, y, z): (109, 78, 2)
		dem: -37
		earl: 0
		lat: 2486
		servt: 10
		pid: 67
		did: 0
		servST: 1225.92
		(h, h_ind): (4, 17)
		load: 39.0

	Finished service at time: 1235.92

	Task 102 -> Task 69: 6.08
	Vehicle arrival at task: 1242.0
	Waiting time until service start time: 0.0

	id: 69
		node: 114
		(x, y, z): (103, 77, 2)
		dem: -18
		earl: 1203
		lat: 1242
		servt: 10
		pid: 118
		did: 0
		servST: 1242.0
		(h, h_ind): (-1, 0)
		load: 21.0

	Finished service at time: 1252.0

	Using Machine: 4
		Task 69 -> Machine 4 (Station 3): 26.93
		Vehicle arrival at machine station: 1278.93
		Waiting time until machine travel: 0.0

		Machine travel start time: 1278.93
		Region 2 -> Region 0: 10.0
		Machine arrival at machine station: 1288.93

		Machine 4 (Station 1)-> Task 196: 30.53
		Vehicle arrival at task: 1319.46
		Waiting time until service start time: 0.0

	id: 196
		node: 103
		(x, y, z): (103, 86, 0)
		dem: -21
		earl: 0
		lat: 2489
		servt: 10
		pid: 96
		did: 0
		servST: 1319.46
		(h, h_ind): (4, 18)
		load: 0.0

	Finished service at time: 1329.46

	Task 196 -> Task 85: 78.1
	Vehicle arrival at task: 1407.56
	Waiting time until service start time: 0.0

	id: 85
		node: 37
		(x, y, z): (27, 104, 0)
		dem: 1
		earl: 0
		lat: 2471
		servt: 10
		pid: 0
		did: 98
		servST: 1407.56
		(h, h_ind): (-1, 0)
		load: 1.0

	Finished service at time: 1417.56

	Task 85 -> Task 98: 9.0
	Vehicle arrival at task: 1426.56
	Waiting time until service start time: 0.0

	id: 98
		node: 97
		(x, y, z): (18, 104, 0)
		dem: -1
		earl: 1350
		lat: 1463
		servt: 10
		pid: 85
		did: 0
		servST: 1426.56
		(h, h_ind): (-1, 0)
		load: 0.0

	Finished service at time: 1436.56

	Task 98 -> Task 0: 62.13
	Vehicle arrival at task: 1498.69
	Waiting time until service start time: 0.0

	id: 0
		node: 122
		(x, y, z): (70, 70, 0)
		dem: 0
		earl: 0
		lat: 2535
		servt: 0
		pid: 0
		did: 0
		servST: 1498.69
		(h, h_ind): (-1, 0)
		load: 0.0


Vehicle 37 :
	id: 0
		node: 1
		(x, y, z): (70, 70, 0)
		dem: 0
		earl: 0
		lat: 2535
		servt: 0
		pid: 0
		did: 0
		servST: 7.279999999999848
		(h, h_ind): (-1, 0)
		load: 0.0

	Finished service at time: 7.279999999999848

	Task 0 -> Task 115: 24.7
	Vehicle arrival at task: 31.979999999999848
	Waiting time until service start time: 0.0

	id: 115
		node: 52
		(x, y, z): (93, 61, 0)
		dem: 10
		earl: 0
		lat: 2501
		servt: 10
		pid: 0
		did: 152
		servST: 31.979999999999848
		(h, h_ind): (-1, 0)
		load: 10.0

	Finished service at time: 41.97999999999985

	Using Machine: 4
		Task 115 -> Machine 4 (Station 1): 18.36
		Vehicle arrival at machine station: 60.33999999999985
		Waiting time until machine travel: 0.0

		Machine travel start time: 60.33999999999985
		Region 0 -> Region 1: 5.0
		Machine arrival at machine station: 65.33999999999985

		Machine 4 (Station 2)-> Task 24: 67.45
		Vehicle arrival at task: 132.78999999999985
		Waiting time until service start time: 0.0

	id: 24
		node: 9
		(x, y, z): (95, 135, 1)
		dem: 27
		earl: 0
		lat: 2456
		servt: 10
		pid: 0
		did: 199
		servST: 132.78999999999985
		(h, h_ind): (4, 3)
		load: 37.0

	Finished service at time: 142.78999999999985

	Using Machine: 4
		Task 24 -> Machine 4 (Station 2): 67.45
		Vehicle arrival at machine station: 210.23999999999984
		Waiting time until machine travel: 0.0

		Machine travel start time: 210.23999999999987
		Region 1 -> Region 0: 5.0
		Machine arrival at machine station: 215.23999999999987

		Machine 4 (Station 1)-> Task 152: 50.21
		Vehicle arrival at task: 265.4499999999999
		Waiting time until service start time: 0.0

	id: 152
		node: 112
		(x, y, z): (113, 35, 0)
		dem: -10
		earl: 166
		lat: 357
		servt: 10
		pid: 115
		did: 0
		servST: 265.4499999999999
		(h, h_ind): (4, 5)
		load: 27.0

	Finished service at time: 275.4499999999999

	Using Machine: 4
		Task 152 -> Machine 4 (Station 1): 50.21
		Vehicle arrival at machine station: 325.65999999999985
		Waiting time until machine travel: 0.0

		Machine travel start time: 325.65999999999985
		Region 0 -> Region 1: 5.0
		Machine arrival at machine station: 330.65999999999985

		Machine 4 (Station 2)-> Task 199: 34.23
		Vehicle arrival at task: 364.8899999999999
		Waiting time until service start time: 0.0

	id: 199
		node: 69
		(x, y, z): (81, 36, 1)
		dem: -27
		earl: 0
		lat: 2490
		servt: 10
		pid: 24
		did: 0
		servST: 364.8899999999999
		(h, h_ind): (4, 7)
		load: 0.0

	Finished service at time: 374.8899999999999

	Using Machine: 4
		Task 199 -> Machine 4 (Station 2): 34.23
		Vehicle arrival at machine station: 409.1199999999999
		Waiting time until machine travel: 0.0

		Machine travel start time: 409.1199999999999
		Region 1 -> Region 3: 10.0
		Machine arrival at machine station: 419.1199999999999

		Machine 4 (Station 4)-> Task 77: 36.77
		Vehicle arrival at task: 455.8899999999999
		Waiting time until service start time: 0.0

	id: 77
		node: 33
		(x, y, z): (103, 44, 3)
		dem: 12
		earl: 0
		lat: 2483
		servt: 10
		pid: 0
		did: 112
		servST: 455.8899999999999
		(h, h_ind): (4, 8)
		load: 12.0

	Finished service at time: 465.8899999999999

	Using Machine: 4
		Task 77 -> Machine 4 (Station 4): 36.77
		Vehicle arrival at machine station: 502.65999999999985
		Waiting time until machine travel: 0.0

		Machine travel start time: 502.65999999999985
		Region 3 -> Region 1: 10.0
		Machine arrival at machine station: 512.6599999999999

		Machine 4 (Station 2)-> Task 88: 64.44
		Vehicle arrival at task: 577.0999999999999
		Waiting time until service start time: 0.0

	id: 88
		node: 39
		(x, y, z): (120, 22, 1)
		dem: 39
		earl: 440
		lat: 591
		servt: 10
		pid: 0
		did: 51
		servST: 577.0999999999999
		(h, h_ind): (4, 10)
		load: 51.0

	Finished service at time: 587.0999999999999

	Using Machine: 4
		Task 88 -> Machine 4 (Station 2): 64.44
		Vehicle arrival at machine station: 651.54
		Waiting time until machine travel: 2.19

		Machine travel start time: 653.73
		Region 1 -> Region 3: 10.0
		Machine arrival at machine station: 663.73

		Machine 4 (Station 4)-> Task 112: 48.08
		Vehicle arrival at task: 711.8100000000001
		Waiting time until service start time: 0.0

	id: 112
		node: 93
		(x, y, z): (123, 84, 3)
		dem: -12
		earl: 0
		lat: 2471
		servt: 10
		pid: 77
		did: 0
		servST: 711.8100000000001
		(h, h_ind): (4, 12)
		load: 39.0

	Finished service at time: 721.8100000000001

	Using Machine: 4
		Task 112 -> Machine 4 (Station 4): 48.08
		Vehicle arrival at machine station: 769.8900000000001
		Waiting time until machine travel: 0.0

		Machine travel start time: 769.8900000000001
		Region 3 -> Region 2: 5.0
		Machine arrival at machine station: 774.8900000000001

		Machine 4 (Station 3)-> Task 31: 68.94
		Vehicle arrival at task: 843.8300000000002
		Waiting time until service start time: -0.0

	id: 31
		node: 12
		(x, y, z): (140, 42, 2)
		dem: 13
		earl: 0
		lat: 2450
		servt: 10
		pid: 0
		did: 72
		servST: 843.83
		(h, h_ind): (4, 13)
		load: 52.0

	Finished service at time: 853.83

	Task 31 -> Task 72: 53.6
	Vehicle arrival at task: 907.4300000000001
	Waiting time until service start time: 0.0

	id: 72
		node: 72
		(x, y, z): (88, 29, 2)
		dem: -13
		earl: 0
		lat: 2481
		servt: 10
		pid: 31
		did: 0
		servST: 907.4300000000001
		(h, h_ind): (-1, 0)
		load: 39.0

	Finished service at time: 917.4300000000001

	Using Machine: 4
		Task 72 -> Machine 4 (Station 3): 42.45
		Vehicle arrival at machine station: 959.8800000000001
		Waiting time until machine travel: 0.0

		Machine travel start time: 959.8800000000001
		Region 2 -> Region 3: 5.0
		Machine arrival at machine station: 964.8800000000001

		Machine 4 (Station 4)-> Task 117: 71.02
		Vehicle arrival at task: 1035.9
		Waiting time until service start time: 0.0

	id: 117
		node: 53
		(x, y, z): (65, 0, 3)
		dem: 20
		earl: 0
		lat: 2455
		servt: 10
		pid: 0
		did: 109
		servST: 1035.9
		(h, h_ind): (4, 15)
		load: 59.0

	Finished service at time: 1045.9

	Using Machine: 4
		Task 117 -> Machine 4 (Station 4): 71.02
		Vehicle arrival at machine station: 1116.92
		Waiting time until machine travel: 0.0

		Machine travel start time: 1116.92
		Region 3 -> Region 2: 5.0
		Machine arrival at machine station: 1121.92

		Machine 4 (Station 3)-> Task 9: 54.08
		Vehicle arrival at task: 1176.0
		Waiting time until service start time: 0.0

	id: 9
		node: 3
		(x, y, z): (107, 25, 2)
		dem: 13
		earl: 1133
		lat: 1176
		servt: 10
		pid: 0
		did: 71
		servST: 1176.0
		(h, h_ind): (4, 16)
		load: 72.0

	Finished service at time: 1186.0

	Task 9 -> Task 51: 22.85
	Vehicle arrival at task: 1208.85
	Waiting time until service start time: 13.63

	id: 51
		node: 99
		(x, y, z): (98, 4, 2)
		dem: -39
		earl: 0
		lat: 2454
		servt: 10
		pid: 88
		did: 0
		servST: 1222.48
		(h, h_ind): (-1, 0)
		load: 33.0

	Finished service at time: 1232.48

	Task 51 -> Task 65: 30.02
	Vehicle arrival at task: 1262.5
	Waiting time until service start time: 0.0

	id: 65
		node: 27
		(x, y, z): (99, 34, 2)
		dem: 9
		earl: 0
		lat: 2479
		servt: 10
		pid: 0
		did: 37
		servST: 1262.5
		(h, h_ind): (-1, 0)
		load: 42.0

	Finished service at time: 1272.5

	Task 65 -> Task 42: 27.66
	Vehicle arrival at task: 1300.16
	Waiting time until service start time: 0.0

	id: 42
		node: 15
		(x, y, z): (120, 52, 2)
		dem: 20
		earl: 0
		lat: 2472
		servt: 10
		pid: 0
		did: 75
		servST: 1300.16
		(h, h_ind): (-1, 0)
		load: 62.0

	Finished service at time: 1310.16

	Task 42 -> Task 71: 24.84
	Vehicle arrival at task: 1335.0
	Waiting time until service start time: 0.0

	id: 71
		node: 63
		(x, y, z): (139, 68, 2)
		dem: -13
		earl: 0
		lat: 2456
		servt: 10
		pid: 9
		did: 0
		servST: 1335.0
		(h, h_ind): (-1, 0)
		load: 49.0

	Finished service at time: 1345.0

	Task 71 -> Task 101: 4.0
	Vehicle arrival at task: 1349.0
	Waiting time until service start time: 0.0

	id: 101
		node: 45
		(x, y, z): (139, 72, 2)
		dem: 23
		earl: 1349
		lat: 1466
		servt: 10
		pid: 0
		did: 49
		servST: 1349.0
		(h, h_ind): (-1, 0)
		load: 72.0

	Finished service at time: 1359.0

	Using Machine: 4
		Task 101 -> Machine 4 (Station 3): 62.03
		Vehicle arrival at machine station: 1421.03
		Waiting time until machine travel: 0.0

		Machine travel start time: 1421.03
		Region 2 -> Region 3: 5.0
		Machine arrival at machine station: 1426.03

		Machine 4 (Station 4)-> Task 75: 27.17
		Vehicle arrival at task: 1453.2
		Waiting time until service start time: 0.0

	id: 75
		node: 75
		(x, y, z): (104, 73, 3)
		dem: -20
		earl: 0
		lat: 2491
		servt: 10
		pid: 42
		did: 0
		servST: 1453.2
		(h, h_ind): (4, 19)
		load: 52.0

	Finished service at time: 1463.2

	Task 75 -> Task 109: 86.05
	Vehicle arrival at task: 1549.25
	Waiting time until service start time: 0.0

	id: 109
		node: 113
		(x, y, z): (18, 70, 3)
		dem: -20
		earl: 1531
		lat: 1717
		servt: 10
		pid: 117
		did: 0
		servST: 1549.25
		(h, h_ind): (-1, 0)
		load: 32.0

	Finished service at time: 1559.25

	Using Machine: 3
		Task 109 -> Machine 3 (Station 4): 49.0
		Vehicle arrival at machine station: 1608.25
		Waiting time until machine travel: 0.0

		Machine travel start time: 1608.25
		Region 3 -> Region 1: 10.0
		Machine arrival at machine station: 1618.25

		Machine 3 (Station 2)-> Task 20: 61.4
		Vehicle arrival at task: 1679.65
		Waiting time until service start time: 0.0

	id: 20
		node: 6
		(x, y, z): (8, 87, 1)
		dem: 17
		earl: 1615
		lat: 1714
		servt: 10
		pid: 0
		did: 164
		servST: 1679.65
		(h, h_ind): (3, 15)
		load: 49.0

	Finished service at time: 1689.65

	Using Machine: 1
		Task 20 -> Machine 1 (Station 2): 63.32
		Vehicle arrival at machine station: 1752.97
		Waiting time until machine travel: 0.0

		Machine travel start time: 1752.97
		Region 1 -> Region 0: 5.0
		Machine arrival at machine station: 1757.97

		Machine 1 (Station 1)-> Task 45: 35.47
		Vehicle arrival at task: 1793.44
		Waiting time until service start time: 0.0

	id: 45
		node: 17
		(x, y, z): (82, 103, 0)
		dem: 15
		earl: 0
		lat: 2490
		servt: 10
		pid: 0
		did: 34
		servST: 1793.44
		(h, h_ind): (1, 2)
		load: 64.0

	Finished service at time: 1803.44

	Task 45 -> Task 164: 28.6
	Vehicle arrival at task: 1832.04
	Waiting time until service start time: 0.0

	id: 164
		node: 66
		(x, y, z): (65, 80, 0)
		dem: -17
		earl: 0
		lat: 2514
		servt: 10
		pid: 20
		did: 0
		servST: 1832.04
		(h, h_ind): (-1, 0)
		load: 47.0

	Finished service at time: 1842.04

	Task 164 -> Task 34: 30.41
	Vehicle arrival at task: 1872.45
	Waiting time until service start time: 0.0

	id: 34
		node: 77
		(x, y, z): (44, 58, 0)
		dem: -15
		earl: 0
		lat: 2497
		servt: 10
		pid: 45
		did: 0
		servST: 1872.45
		(h, h_ind): (-1, 0)
		load: 32.0

	Finished service at time: 1882.45

	Task 34 -> Task 49: 56.4
	Vehicle arrival at task: 1938.8500000000001
	Waiting time until service start time: 0.0

	id: 49
		node: 105
		(x, y, z): (89, 24, 0)
		dem: -23
		earl: 0
		lat: 2476
		servt: 10
		pid: 101
		did: 0
		servST: 1938.8500000000001
		(h, h_ind): (-1, 0)
		load: 9.0

	Finished service at time: 1948.8500000000001

	Task 49 -> Task 1: 26.83
	Vehicle arrival at task: 1975.68
	Waiting time until service start time: 0.0

	id: 1
		node: 2
		(x, y, z): (101, 0, 0)
		dem: 9
		earl: 1973
		lat: 2130
		servt: 10
		pid: 0
		did: 172
		servST: 1975.68
		(h, h_ind): (-1, 0)
		load: 18.0

	Finished service at time: 1985.68

	Task 1 -> Task 37: 11.18
	Vehicle arrival at task: 1996.8600000000001
	Waiting time until service start time: 0.0

	id: 37
		node: 87
		(x, y, z): (106, 10, 0)
		dem: -9
		earl: 0
		lat: 2456
		servt: 10
		pid: 65
		did: 0
		servST: 1996.8600000000001
		(h, h_ind): (-1, 0)
		load: 9.0

	Finished service at time: 2006.8600000000001

	Task 37 -> Task 43: 23.09
	Vehicle arrival at task: 2029.95
	Waiting time until service start time: 0.0

	id: 43
		node: 16
		(x, y, z): (113, 32, 0)
		dem: 36
		earl: 0
		lat: 2468
		servt: 10
		pid: 0
		did: 19
		servST: 2029.95
		(h, h_ind): (-1, 0)
		load: 45.0

	Finished service at time: 2039.95

	Task 43 -> Task 125: 13.0
	Vehicle arrival at task: 2052.95
	Waiting time until service start time: 0.0

	id: 125
		node: 58
		(x, y, z): (113, 45, 0)
		dem: 4
		earl: 0
		lat: 2476
		servt: 10
		pid: 0
		did: 116
		servST: 2052.95
		(h, h_ind): (-1, 0)
		load: 49.0

	Finished service at time: 2062.95

	Task 125 -> Task 116: 24.74
	Vehicle arrival at task: 2087.6899999999996
	Waiting time until service start time: 0.0

	id: 116
		node: 118
		(x, y, z): (89, 39, 0)
		dem: -4
		earl: 0
		lat: 2489
		servt: 10
		pid: 125
		did: 0
		servST: 2087.6899999999996
		(h, h_ind): (-1, 0)
		load: 45.0

	Finished service at time: 2097.6899999999996

	Using Machine: 4
		Task 116 -> Machine 4 (Station 1): 33.24
		Vehicle arrival at machine station: 2130.9299999999994
		Waiting time until machine travel: 0.0

		Machine travel start time: 2130.9299999999994
		Region 0 -> Region 1: 5.0
		Machine arrival at machine station: 2135.9299999999994

		Machine 4 (Station 2)-> Task 172: 61.35
		Vehicle arrival at task: 2197.2799999999993
		Waiting time until service start time: 0.0

	id: 172
		node: 62
		(x, y, z): (97, 12, 1)
		dem: -9
		earl: 0
		lat: 2462
		servt: 10
		pid: 1
		did: 0
		servST: 2197.2799999999993
		(h, h_ind): (4, 21)
		load: 36.0

	Finished service at time: 2207.2799999999993

	Using Machine: 3
		Task 172 -> Machine 3 (Station 2): 65.3
		Vehicle arrival at machine station: 2272.5799999999995
		Waiting time until machine travel: 0.0

		Machine travel start time: 2272.5799999999995
		Region 1 -> Region 2: 5.0
		Machine arrival at machine station: 2277.5799999999995

		Machine 3 (Station 3)-> Task 87: 33.06
		Vehicle arrival at task: 2310.6399999999994
		Waiting time until service start time: 0.0

	id: 87
		node: 38
		(x, y, z): (34, 72, 2)
		dem: 21
		earl: 0
		lat: 2489
		servt: 10
		pid: 0
		did: 33
		servST: 2310.6399999999994
		(h, h_ind): (3, 17)
		load: 57.0

	Finished service at time: 2320.6399999999994

	Task 87 -> Task 33: 43.74
	Vehicle arrival at task: 2364.379999999999
	Waiting time until service start time: 0.0

	id: 33
		node: 98
		(x, y, z): (42, 29, 2)
		dem: -21
		earl: 0
		lat: 2476
		servt: 10
		pid: 87
		did: 0
		servST: 2364.379999999999
		(h, h_ind): (-1, 0)
		load: 36.0

	Finished service at time: 2374.379999999999

	Task 33 -> Task 19: 62.07
	Vehicle arrival at task: 2436.4499999999994
	Waiting time until service start time: 0.0

	id: 19
		node: 76
		(x, y, z): (104, 32, 2)
		dem: -36
		earl: 0
		lat: 2475
		servt: 10
		pid: 43
		did: 0
		servST: 2436.4499999999994
		(h, h_ind): (-1, 0)
		load: 0.0

	Finished service at time: 2446.4499999999994

	Using Machine: 0
		Task 19 -> Machine 0 (Station 3): 49.04
		Vehicle arrival at machine station: 2495.4899999999993
		Waiting time until machine travel: 0.0

		Machine travel start time: 2495.4899999999993
		Region 2 -> Region 0: 10.0
		Machine arrival at machine station: 2505.4899999999993

		Machine 0 (Station 1)-> Task 0: 3.0
		Vehicle arrival at task: 2508.4899999999993
		Waiting time until service start time: 0.0

	id: 0
		node: 122
		(x, y, z): (70, 70, 0)
		dem: 0
		earl: 0
		lat: 2535
		servt: 0
		pid: 0
		did: 0
		servST: 2508.4899999999993
		(h, h_ind): (0, 3)
		load: 0.0


Vehicle 46 :
	id: 0
		node: 1
		(x, y, z): (70, 70, 0)
		dem: 0
		earl: 0
		lat: 2535
		servt: 0
		pid: 0
		did: 0
		servST: 7.6799999999998505
		(h, h_ind): (-1, 0)
		load: 0.0

	Finished service at time: 7.6799999999998505

	Using Machine: 4
		Task 0 -> Machine 4 (Station 1): 7.0
		Vehicle arrival at machine station: 14.67999999999985
		Waiting time until machine travel: 0.0

		Machine travel start time: 14.67999999999985
		Region 0 -> Region 3: 15.0
		Machine arrival at machine station: 29.67999999999985

		Machine 4 (Station 4)-> Task 18: 2.83
		Vehicle arrival at task: 32.50999999999985
		Waiting time until service start time: 0.0

	id: 18
		node: 5
		(x, y, z): (79, 72, 3)
		dem: 22
		earl: 0
		lat: 2516
		servt: 10
		pid: 0
		did: 167
		servST: 32.50999999999985
		(h, h_ind): (4, 1)
		load: 22.0

	Finished service at time: 42.50999999999985

	Using Machine: 4
		Task 18 -> Machine 4 (Station 4): 2.83
		Vehicle arrival at machine station: 45.33999999999985
		Waiting time until machine travel: 0.0

		Machine travel start time: 45.33999999999985
		Region 3 -> Region 0: 15.0
		Machine arrival at machine station: 60.33999999999985

		Machine 4 (Station 1)-> Task 167: 61.61
		Vehicle arrival at task: 121.94999999999985
		Waiting time until service start time: 0.5

	id: 167
		node: 65
		(x, y, z): (137, 84, 0)
		dem: -22
		earl: 0
		lat: 2457
		servt: 10
		pid: 18
		did: 0
		servST: 122.45000000000053
		(h, h_ind): (4, 2)
		load: 0.0

	Finished service at time: 132.45000000000053

	Task 167 -> Task 111: 80.65
	Vehicle arrival at task: 213.10000000000053
	Waiting time until service start time: 0.0

	id: 111
		node: 50
		(x, y, z): (61, 57, 0)
		dem: 35
		earl: 0
		lat: 2510
		servt: 10
		pid: 0
		did: 177
		servST: 213.10000000000053
		(h, h_ind): (-1, 0)
		load: 35.0

	Finished service at time: 223.10000000000053

	Using Machine: 4
		Task 111 -> Machine 4 (Station 1): 20.62
		Vehicle arrival at machine station: 243.72000000000054
		Waiting time until machine travel: 0.0

		Machine travel start time: 243.72000000000054
		Region 0 -> Region 2: 10.0
		Machine arrival at machine station: 253.72000000000054

		Machine 4 (Station 3)-> Task 61: 31.38
		Vehicle arrival at task: 285.10000000000053
		Waiting time until service start time: 0.0

	id: 61
		node: 24
		(x, y, z): (104, 54, 2)
		dem: 13
		earl: 208
		lat: 333
		servt: 10
		pid: 0
		did: 29
		servST: 285.10000000000053
		(h, h_ind): (4, 6)
		load: 48.0

	Finished service at time: 295.10000000000053

	Task 61 -> Task 29: 43.08
	Vehicle arrival at task: 338.1800000000005
	Waiting time until service start time: 0.0

	id: 29
		node: 84
		(x, y, z): (120, 14, 2)
		dem: -13
		earl: 0
		lat: 2450
		servt: 10
		pid: 61
		did: 0
		servST: 338.1800000000005
		(h, h_ind): (-1, 0)
		load: 35.0

	Finished service at time: 348.1800000000005

	Task 29 -> Task 177: 105.48
	Vehicle arrival at task: 453.66000000000054
	Waiting time until service start time: 0.0

	id: 177
		node: 110
		(x, y, z): (15, 4, 2)
		dem: -35
		earl: 406
		lat: 520
		servt: 10
		pid: 111
		did: 0
		servST: 453.66000000000054
		(h, h_ind): (-1, 0)
		load: 0.0

	Finished service at time: 463.66000000000054

	Using Machine: 3
		Task 177 -> Machine 3 (Station 3): 84.02
		Vehicle arrival at machine station: 547.6800000000005
		Waiting time until machine travel: 0.0

		Machine travel start time: 547.6800000000005
		Region 2 -> Region 1: 5.0
		Machine arrival at machine station: 552.6800000000005

		Machine 3 (Station 2)-> Task 105: 69.31
		Vehicle arrival at task: 621.9900000000005
		Waiting time until service start time: 0.0

	id: 105
		node: 47
		(x, y, z): (19, 120, 1)
		dem: 16
		earl: 0
		lat: 2454
		servt: 10
		pid: 0
		did: 110
		servST: 621.9900000000005
		(h, h_ind): (3, 3)
		load: 16.0

	Finished service at time: 631.9900000000005

	Using Machine: 3
		Task 105 -> Machine 3 (Station 2): 69.31
		Vehicle arrival at machine station: 701.3000000000004
		Waiting time until machine travel: 0.0

		Machine travel start time: 701.3000000000004
		Region 1 -> Region 2: 5.0
		Machine arrival at machine station: 706.3000000000004

		Machine 3 (Station 3)-> Task 64: 62.65
		Vehicle arrival at task: 768.9500000000004
		Waiting time until service start time: 0.0

	id: 64
		node: 26
		(x, y, z): (37, 125, 2)
		dem: 10
		earl: 0
		lat: 2461
		servt: 10
		pid: 0
		did: 163
		servST: 768.9500000000004
		(h, h_ind): (3, 5)
		load: 26.0

	Finished service at time: 778.9500000000004

	Using Machine: 4
		Task 64 -> Machine 4 (Station 3): 68.01
		Vehicle arrival at machine station: 846.9600000000004
		Waiting time until machine travel: 0.0

		Machine travel start time: 846.9600000000004
		Region 2 -> Region 3: 5.0
		Machine arrival at machine station: 851.9600000000004

		Machine 4 (Station 4)-> Task 95: 53.76
		Vehicle arrival at task: 905.7200000000004
		Waiting time until service start time: 0.0

	id: 95
		node: 42
		(x, y, z): (114, 109, 3)
		dem: 16
		earl: 0
		lat: 2467
		servt: 10
		pid: 0
		did: 76
		servST: 905.7200000000004
		(h, h_ind): (4, 14)
		load: 42.0

	Finished service at time: 915.7200000000004

	Task 95 -> Task 114: 15.03
	Vehicle arrival at task: 930.7500000000003
	Waiting time until service start time: 0.0

	id: 114
		node: 51
		(x, y, z): (115, 124, 3)
		dem: 11
		earl: 0
		lat: 2455
		servt: 10
		pid: 0
		did: 90
		servST: 930.7500000000003
		(h, h_ind): (-1, 0)
		load: 53.0

	Finished service at time: 940.7500000000003

	Task 114 -> Task 84: 60.88
	Vehicle arrival at task: 1001.6300000000003
	Waiting time until service start time: 0.0

	id: 84
		node: 36
		(x, y, z): (56, 139, 3)
		dem: 18
		earl: 0
		lat: 2455
		servt: 10
		pid: 0
		did: 108
		servST: 1001.6300000000003
		(h, h_ind): (-1, 0)
		load: 71.0

	Finished service at time: 1011.6300000000003

	Task 84 -> Task 163: 61.03
	Vehicle arrival at task: 1072.6600000000003
	Waiting time until service start time: 0.0

	id: 163
		node: 86
		(x, y, z): (54, 78, 3)
		dem: -10
		earl: 0
		lat: 2508
		servt: 10
		pid: 64
		did: 0
		servST: 1072.6600000000003
		(h, h_ind): (-1, 0)
		load: 61.0

	Finished service at time: 1082.6600000000003

	Using Machine: 3
		Task 163 -> Machine 3 (Station 4): 15.26
		Vehicle arrival at machine station: 1097.9200000000003
		Waiting time until machine travel: 0.0

		Machine travel start time: 1097.9200000000003
		Region 3 -> Region 1: 10.0
		Machine arrival at machine station: 1107.9200000000003

		Machine 3 (Station 2)-> Task 110: 51.62
		Vehicle arrival at task: 1159.5400000000002
		Waiting time until service start time: 0.0

	id: 110
		node: 107
		(x, y, z): (16, 62, 1)
		dem: -16
		earl: 0
		lat: 2471
		servt: 10
		pid: 105
		did: 0
		servST: 1159.5400000000002
		(h, h_ind): (3, 8)
		load: 45.0

	Finished service at time: 1169.5400000000002

	Using Machine: 3
		Task 110 -> Machine 3 (Station 2): 51.62
		Vehicle arrival at machine station: 1221.16
		Waiting time until machine travel: 0.0

		Machine travel start time: 1221.16
		Region 1 -> Region 2: 5.0
		Machine arrival at machine station: 1226.16

		Machine 3 (Station 3)-> Task 91: 58.01
		Vehicle arrival at task: 1284.17
		Waiting time until service start time: 0.0

	id: 91
		node: 40
		(x, y, z): (33, 117, 2)
		dem: 20
		earl: 0
		lat: 2466
		servt: 10
		pid: 0
		did: 12
		servST: 1284.17
		(h, h_ind): (3, 10)
		load: 65.0

	Finished service at time: 1294.17

	Task 91 -> Task 12: 49.73
	Vehicle arrival at task: 1343.9
	Waiting time until service start time: 0.0

	id: 12
		node: 100
		(x, y, z): (20, 69, 2)
		dem: -20
		earl: 0
		lat: 2475
		servt: 10
		pid: 91
		did: 0
		servST: 1343.9
		(h, h_ind): (-1, 0)
		load: 45.0

	Finished service at time: 1353.9

	Task 12 -> Task 90: 73.82
	Vehicle arrival at task: 1427.72
	Waiting time until service start time: 0.0

	id: 90
		node: 111
		(x, y, z): (63, 129, 2)
		dem: -11
		earl: 0
		lat: 2466
		servt: 10
		pid: 114
		did: 0
		servST: 1427.72
		(h, h_ind): (-1, 0)
		load: 34.0

	Finished service at time: 1437.72

	Task 90 -> Task 26: 3.16
	Vehicle arrival at task: 1440.88
	Waiting time until service start time: 0.0

	id: 26
		node: 10
		(x, y, z): (64, 132, 2)
		dem: 8
		earl: 0
		lat: 2463
		servt: 10
		pid: 0
		did: 82
		servST: 1440.88
		(h, h_ind): (-1, 0)
		load: 42.0

	Finished service at time: 1450.88

	Task 26 -> Task 22: 33.12
	Vehicle arrival at task: 1484.0
	Waiting time until service start time: 0.0

	id: 22
		node: 8
		(x, y, z): (80, 103, 2)
		dem: 15
		earl: 1484
		lat: 1613
		servt: 10
		pid: 0
		did: 171
		servST: 1484.0
		(h, h_ind): (-1, 0)
		load: 57.0

	Finished service at time: 1494.0

	Using Machine: 3
		Task 22 -> Machine 3 (Station 3): 35.47
		Vehicle arrival at machine station: 1529.47
		Waiting time until machine travel: 0.0

		Machine travel start time: 1529.47
		Region 2 -> Region 0: 10.0
		Machine arrival at machine station: 1539.47

		Machine 3 (Station 1)-> Task 82: 34.89
		Vehicle arrival at task: 1574.3600000000001
		Waiting time until service start time: 0.0

	id: 82
		node: 70
		(x, y, z): (36, 54, 0)
		dem: -8
		earl: 1482
		lat: 1614
		servt: 10
		pid: 26
		did: 0
		servST: 1574.3600000000001
		(h, h_ind): (3, 14)
		load: 49.0

	Finished service at time: 1584.3600000000001

	Task 82 -> Task 76: 44.2
	Vehicle arrival at task: 1628.5600000000002
	Waiting time until service start time: 0.0

	id: 76
		node: 102
		(x, y, z): (9, 19, 0)
		dem: -16
		earl: 1472
		lat: 1631
		servt: 10
		pid: 95
		did: 0
		servST: 1628.5600000000002
		(h, h_ind): (-1, 0)
		load: 33.0

	Finished service at time: 1638.5600000000002

	Task 76 -> Task 108: 6.08
	Vehicle arrival at task: 1644.64
	Waiting time until service start time: 0.0

	id: 108
		node: 96
		(x, y, z): (15, 18, 0)
		dem: -18
		earl: 0
		lat: 2450
		servt: 10
		pid: 84
		did: 0
		servST: 1644.64
		(h, h_ind): (-1, 0)
		load: 15.0

	Finished service at time: 1654.64

	Task 108 -> Task 59: 91.41
	Vehicle arrival at task: 1746.0500000000002
	Waiting time until service start time: 0.0

	id: 59
		node: 22
		(x, y, z): (105, 2, 0)
		dem: 1
		earl: 0
		lat: 2449
		servt: 10
		pid: 0
		did: 81
		servST: 1746.0500000000002
		(h, h_ind): (-1, 0)
		load: 16.0

	Finished service at time: 1756.0500000000002

	Task 59 -> Task 60: 75.03
	Vehicle arrival at task: 1831.0800000000002
	Waiting time until service start time: 0.0

	id: 60
		node: 23
		(x, y, z): (107, 77, 0)
		dem: 34
		earl: 0
		lat: 2488
		servt: 10
		pid: 0
		did: 48
		servST: 1831.0800000000002
		(h, h_ind): (-1, 0)
		load: 50.0

	Finished service at time: 1841.0800000000002

	Using Machine: 4
		Task 60 -> Machine 4 (Station 1): 30.81
		Vehicle arrival at machine station: 1871.89
		Waiting time until machine travel: 0.0

		Machine travel start time: 1871.89
		Region 0 -> Region 3: 15.0
		Machine arrival at machine station: 1886.89

		Machine 4 (Station 4)-> Task 48: 62.07
		Vehicle arrival at task: 1948.96
		Waiting time until service start time: 0.0

	id: 48
		node: 83
		(x, y, z): (139, 73, 3)
		dem: -34
		earl: 0
		lat: 2456
		servt: 10
		pid: 60
		did: 0
		servST: 1948.96
		(h, h_ind): (4, 20)
		load: 16.0

	Finished service at time: 1958.96

	Task 48 -> Task 103: 55.95
	Vehicle arrival at task: 2014.91
	Waiting time until service start time: 0.0

	id: 103
		node: 46
		(x, y, z): (116, 22, 3)
		dem: 32
		earl: 0
		lat: 2459
		servt: 10
		pid: 0
		did: 175
		servST: 2014.91
		(h, h_ind): (-1, 0)
		load: 48.0

	Finished service at time: 2024.91

	Task 103 -> Task 81: 34.48
	Vehicle arrival at task: 2059.39
	Waiting time until service start time: 0.0

	id: 81
		node: 82
		(x, y, z): (83, 12, 3)
		dem: -1
		earl: 0
		lat: 2466
		servt: 10
		pid: 59
		did: 0
		servST: 2059.39
		(h, h_ind): (-1, 0)
		load: 47.0

	Finished service at time: 2069.39

	Task 81 -> Task 171: 72.03
	Vehicle arrival at task: 2141.42
	Waiting time until service start time: 0.0

	id: 171
		node: 68
		(x, y, z): (66, 82, 3)
		dem: -15
		earl: 0
		lat: 2513
		servt: 10
		pid: 22
		did: 0
		servST: 2141.42
		(h, h_ind): (-1, 0)
		load: 32.0

	Finished service at time: 2151.42

	Using Machine: 1
		Task 171 -> Machine 1 (Station 4): 12.37
		Vehicle arrival at machine station: 2163.79
		Waiting time until machine travel: 0.0

		Machine travel start time: 2163.79
		Region 3 -> Region 1: 10.0
		Machine arrival at machine station: 2173.79

		Machine 1 (Station 2)-> Task 175: 59.81
		Vehicle arrival at task: 2233.6
		Waiting time until service start time: 0.0

	id: 175
		node: 106
		(x, y, z): (90, 14, 1)
		dem: -32
		earl: 0
		lat: 2466
		servt: 10
		pid: 103
		did: 0
		servST: 2233.6
		(h, h_ind): (1, 4)
		load: 0.0

	Finished service at time: 2243.6

	Using Machine: 1
		Task 175 -> Machine 1 (Station 2): 59.81
		Vehicle arrival at machine station: 2303.41
		Waiting time until machine travel: 0.0

		Machine travel start time: 2303.41
		Region 1 -> Region 0: 5.0
		Machine arrival at machine station: 2308.41

		Machine 1 (Station 1)-> Task 0: 1.0
		Vehicle arrival at task: 2309.41
		Waiting time until service start time: 0.0

	id: 0
		node: 122
		(x, y, z): (70, 70, 0)
		dem: 0
		earl: 0
		lat: 2535
		servt: 0
		pid: 0
		did: 0
		servST: 2309.41
		(h, h_ind): (1, 5)
		load: 0.0


Vehicle 48 :
	id: 0
		node: 1
		(x, y, z): (70, 70, 0)
		dem: 0
		earl: 0
		lat: 2535
		servt: 0
		pid: 0
		did: 0
		servST: 0.0
		(h, h_ind): (-1, 0)
		load: 0.0

	Finished service at time: 0.0

	Using Machine: 0
		Task 0 -> Machine 0 (Station 1): 3.0
		Vehicle arrival at machine station: 3.0
		Waiting time until machine travel: 0.0

		Machine travel start time: 3.0
		Region 0 -> Region 3: 15.0
		Machine arrival at machine station: 18.0

		Machine 0 (Station 4)-> Task 41: 15.26
		Vehicle arrival at task: 33.26
		Waiting time until service start time: 0.0

	id: 41
		node: 14
		(x, y, z): (81, 57, 3)
		dem: 8
		earl: 33
		lat: 104
		servt: 10
		pid: 0
		did: 143
		servST: 33.26
		(h, h_ind): (0, 1)
		load: 8.0

	Finished service at time: 43.26

	Task 41 -> Task 47: 15.81
	Vehicle arrival at task: 59.07
	Waiting time until service start time: 0.0

	id: 47
		node: 18
		(x, y, z): (90, 44, 3)
		dem: 6
		earl: 0
		lat: 2493
		servt: 10
		pid: 0
		did: 23
		servST: 59.07
		(h, h_ind): (-1, 0)
		load: 14.0

	Finished service at time: 69.07

	Task 47 -> Task 143: 30.15
	Vehicle arrival at task: 99.22
	Waiting time until service start time: 0.0

	id: 143
		node: 74
		(x, y, z): (120, 47, 3)
		dem: -8
		earl: 0
		lat: 2470
		servt: 10
		pid: 41
		did: 0
		servST: 99.22
		(h, h_ind): (-1, 0)
		load: 6.0

	Finished service at time: 109.22

	Task 143 -> Task 127: 60.73
	Vehicle arrival at task: 169.95
	Waiting time until service start time: 0.0

	id: 127
		node: 60
		(x, y, z): (138, 105, 3)
		dem: 24
		earl: 0
		lat: 2449
		servt: 10
		pid: 0
		did: 6
		servST: 169.95
		(h, h_ind): (-1, 0)
		load: 30.0

	Finished service at time: 179.95

	Task 127 -> Task 23: 73.24
	Vehicle arrival at task: 253.19
	Waiting time until service start time: 0.0

	id: 23
		node: 78
		(x, y, z): (78, 63, 3)
		dem: -6
		earl: 0
		lat: 2515
		servt: 10
		pid: 47
		did: 0
		servST: 253.19
		(h, h_ind): (-1, 0)
		load: 24.0

	Finished service at time: 263.19

	Task 23 -> Task 100: 67.68
	Vehicle arrival at task: 330.87
	Waiting time until service start time: 0.0

	id: 100
		node: 44
		(x, y, z): (12, 48, 3)
		dem: 4
		earl: 0
		lat: 2463
		servt: 10
		pid: 0
		did: 46
		servST: 330.87
		(h, h_ind): (-1, 0)
		load: 28.0

	Finished service at time: 340.87

	Task 100 -> Task 21: 133.0
	Vehicle arrival at task: 473.87
	Waiting time until service start time: 0.0

	id: 21
		node: 7
		(x, y, z): (109, 139, 3)
		dem: 8
		earl: 469
		lat: 555
		servt: 10
		pid: 0
		did: 57
		servST: 473.87
		(h, h_ind): (-1, 0)
		load: 36.0

	Finished service at time: 483.87

	Using Machine: 4
		Task 21 -> Machine 4 (Station 4): 76.06
		Vehicle arrival at machine station: 559.9300000000001
		Waiting time until machine travel: 0.0

		Machine travel start time: 559.9300000000001
		Region 3 -> Region 2: 5.0
		Machine arrival at machine station: 564.9300000000001

		Machine 4 (Station 3)-> Task 6: 89.94
		Vehicle arrival at task: 654.8700000000001
		Waiting time until service start time: 0.0

	id: 6
		node: 120
		(x, y, z): (137, 137, 2)
		dem: -24
		earl: 0
		lat: 2431
		servt: 10
		pid: 127
		did: 0
		servST: 654.8700000000001
		(h, h_ind): (4, 11)
		load: 12.0

	Finished service at time: 664.8700000000001

	Using Machine: 3
		Task 6 -> Machine 3 (Station 3): 96.9
		Vehicle arrival at machine station: 761.7700000000001
		Waiting time until machine travel: 0.0

		Machine travel start time: 761.7700000000001
		Region 2 -> Region 0: 10.0
		Machine arrival at machine station: 771.7700000000001

		Machine 3 (Station 1)-> Task 70: 23.85
		Vehicle arrival at task: 795.6200000000001
		Waiting time until service start time: 0.0

	id: 70
		node: 30
		(x, y, z): (47, 83, 0)
		dem: 1
		earl: 0
		lat: 2499
		servt: 10
		pid: 0
		did: 94
		servST: 795.6200000000001
		(h, h_ind): (3, 6)
		load: 13.0

	Finished service at time: 805.6200000000001

	Task 70 -> Task 57: 38.83
	Vehicle arrival at task: 844.4500000000002
	Waiting time until service start time: 0.0

	id: 57
		node: 67
		(x, y, z): (69, 115, 0)
		dem: -8
		earl: 0
		lat: 2480
		servt: 10
		pid: 21
		did: 0
		servST: 844.4500000000002
		(h, h_ind): (-1, 0)
		load: 5.0

	Finished service at time: 854.4500000000002

	Task 57 -> Task 54: 87.32
	Vehicle arrival at task: 941.7700000000002
	Waiting time until service start time: 0.0

	id: 54
		node: 20
		(x, y, z): (13, 48, 0)
		dem: 15
		earl: 0
		lat: 2464
		servt: 10
		pid: 0
		did: 93
		servST: 941.7700000000002
		(h, h_ind): (-1, 0)
		load: 20.0

	Finished service at time: 951.7700000000002

	Task 54 -> Task 123: 83.02
	Vehicle arrival at task: 1034.7900000000002
	Waiting time until service start time: 0.0

	id: 123
		node: 57
		(x, y, z): (26, 130, 0)
		dem: 20
		earl: 0
		lat: 2451
		servt: 10
		pid: 0
		did: 130
		servST: 1034.7900000000002
		(h, h_ind): (-1, 0)
		load: 40.0

	Finished service at time: 1044.7900000000002

	Task 123 -> Task 46: 24.84
	Vehicle arrival at task: 1069.63
	Waiting time until service start time: 0.0

	id: 46
		node: 104
		(x, y, z): (10, 111, 0)
		dem: -4
		earl: 0
		lat: 2453
		servt: 10
		pid: 100
		did: 0
		servST: 1069.63
		(h, h_ind): (-1, 0)
		load: 36.0

	Finished service at time: 1079.63

	Task 46 -> Task 93: 18.25
	Vehicle arrival at task: 1097.88
	Waiting time until service start time: 0.0

	id: 93
		node: 80
		(x, y, z): (13, 129, 0)
		dem: -15
		earl: 0
		lat: 2443
		servt: 10
		pid: 54
		did: 0
		servST: 1097.88
		(h, h_ind): (-1, 0)
		load: 21.0

	Finished service at time: 1107.88

	Task 93 -> Task 17: 37.12
	Vehicle arrival at task: 1145.0
	Waiting time until service start time: 0.0

	id: 17
		node: 4
		(x, y, z): (46, 112, 0)
		dem: 10
		earl: 1133
		lat: 1274
		servt: 10
		pid: 0
		did: 153
		servST: 1145.0
		(h, h_ind): (-1, 0)
		load: 31.0

	Finished service at time: 1155.0

	Task 17 -> Task 130: 42.8
	Vehicle arrival at task: 1197.8
	Waiting time until service start time: 0.0

	id: 130
		node: 117
		(x, y, z): (12, 138, 0)
		dem: -20
		earl: 1096
		lat: 1221
		servt: 10
		pid: 123
		did: 0
		servST: 1197.8
		(h, h_ind): (-1, 0)
		load: 11.0

	Finished service at time: 1207.8

	Using Machine: 3
		Task 130 -> Machine 3 (Station 1): 87.46
		Vehicle arrival at machine station: 1295.26
		Waiting time until machine travel: 0.0

		Machine travel start time: 1295.26
		Region 0 -> Region 1: 5.0
		Machine arrival at machine station: 1300.26

		Machine 3 (Station 2)-> Task 73: 41.04
		Vehicle arrival at task: 1341.3
		Waiting time until service start time: 0.0

	id: 73
		node: 31
		(x, y, z): (39, 100, 1)
		dem: 31
		earl: 0
		lat: 2482
		servt: 10
		pid: 0
		did: 121
		servST: 1341.3
		(h, h_ind): (3, 11)
		load: 42.0

	Finished service at time: 1351.3

	Task 73 -> Task 153: 10.77
	Vehicle arrival at task: 1362.07
	Waiting time until service start time: 0.0

	id: 153
		node: 64
		(x, y, z): (35, 90, 1)
		dem: -10
		earl: 0
		lat: 2485
		servt: 10
		pid: 17
		did: 0
		servST: 1362.07
		(h, h_ind): (-1, 0)
		load: 32.0

	Finished service at time: 1372.07

	Task 153 -> Task 106: 52.39
	Vehicle arrival at task: 1424.46
	Waiting time until service start time: 0.0

	id: 106
		node: 48
		(x, y, z): (23, 39, 1)
		dem: 20
		earl: 1419
		lat: 1514
		servt: 10
		pid: 0
		did: 63
		servST: 1424.46
		(h, h_ind): (-1, 0)
		load: 52.0

	Finished service at time: 1434.46

	Using Machine: 3
		Task 106 -> Machine 3 (Station 2): 53.82
		Vehicle arrival at machine station: 1488.28
		Waiting time until machine travel: 0.0

		Machine travel start time: 1488.28
		Region 1 -> Region 0: 5.0
		Machine arrival at machine station: 1493.28

		Machine 3 (Station 1)-> Task 94: 59.91
		Vehicle arrival at task: 1553.19
		Waiting time until service start time: 0.0

	id: 94
		node: 90
		(x, y, z): (34, 20, 0)
		dem: -1
		earl: 0
		lat: 2464
		servt: 10
		pid: 70
		did: 0
		servST: 1553.19
		(h, h_ind): (3, 13)
		load: 51.0

	Finished service at time: 1563.19

	Task 94 -> Task 121: 91.76
	Vehicle arrival at task: 1654.95
	Waiting time until service start time: 0.0

	id: 121
		node: 91
		(x, y, z): (2, 106, 0)
		dem: -31
		earl: 1541
		lat: 1673
		servt: 10
		pid: 73
		did: 0
		servST: 1654.95
		(h, h_ind): (-1, 0)
		load: 20.0

	Finished service at time: 1664.95

	Using Machine: 3
		Task 121 -> Machine 3 (Station 1): 74.3
		Vehicle arrival at machine station: 1739.25
		Waiting time until machine travel: 0.0

		Machine travel start time: 1739.25
		Region 0 -> Region 3: 15.0
		Machine arrival at machine station: 1754.25

		Machine 3 (Station 4)-> Task 63: 39.36
		Vehicle arrival at task: 1793.61
		Waiting time until service start time: 0.0

	id: 63
		node: 108
		(x, y, z): (32, 52, 3)
		dem: -20
		earl: 0
		lat: 2483
		servt: 10
		pid: 106
		did: 0
		servST: 1793.61
		(h, h_ind): (3, 16)
		load: 0.0

	Finished service at time: 1803.61

	Using Machine: 1
		Task 63 -> Machine 1 (Station 4): 41.15
		Vehicle arrival at machine station: 1844.76
		Waiting time until machine travel: 0.0

		Machine travel start time: 1844.76
		Region 3 -> Region 0: 15.0
		Machine arrival at machine station: 1859.76

		Machine 1 (Station 1)-> Task 0: 1.0
		Vehicle arrival at task: 1860.76
		Waiting time until service start time: 0.0

	id: 0
		node: 122
		(x, y, z): (70, 70, 0)
		dem: 0
		earl: 0
		lat: 2535
		servt: 0
		pid: 0
		did: 0
		servST: 1860.76
		(h, h_ind): (1, 3)
		load: 0.0


---------------------| MACHINES |---------------------

Machine 0 :
	setup duration: 0.0

	vehicle: 48
	vehicleInd: 2
	(orig, dest): (0, 41)
	(origRegion, destRegion): (0, 3)
	st: 3.0
	duration: 15.0

	setup duration: 0.0

	vehicle: 32
	vehicleInd: 12
	(orig, dest): (80, 13)
	(origRegion, destRegion): (3, 0)
	st: 859.2199999999999
	duration: 15.0

	setup duration: 10.0

	vehicle: 37
	vehicleInd: 34
	(orig, dest): (19, 0)
	(origRegion, destRegion): (2, 0)
	st: 2495.4899999999993
	duration: 10.0


Machine 1 :
	setup duration: 0.0

	vehicle: 32
	vehicleInd: 2
	(orig, dest): (0, 96)
	(origRegion, destRegion): (0, 2)
	st: 21.45999999999988
	duration: 10.0

	setup duration: 5.0

	vehicle: 37
	vehicleInd: 21
	(orig, dest): (20, 45)
	(origRegion, destRegion): (1, 0)
	st: 1752.97
	duration: 5.0

	setup duration: 15.0

	vehicle: 48
	vehicleInd: 24
	(orig, dest): (63, 0)
	(origRegion, destRegion): (3, 0)
	st: 1844.76
	duration: 15.0

	setup duration: 15.0

	vehicle: 46
	vehicleInd: 29
	(orig, dest): (171, 175)
	(origRegion, destRegion): (3, 1)
	st: 2163.79
	duration: 10.0

	setup duration: 0.0

	vehicle: 46
	vehicleInd: 30
	(orig, dest): (175, 0)
	(origRegion, destRegion): (1, 0)
	st: 2303.41
	duration: 5.0


Machine 2 :
	setup duration: 0.0

	vehicle: 19
	vehicleInd: 2
	(orig, dest): (0, 55)
	(origRegion, destRegion): (0, 1)
	st: 5.0
	duration: 5.0

	setup duration: 10.0

	vehicle: 19
	vehicleInd: 5
	(orig, dest): (74, 107)
	(origRegion, destRegion): (3, 2)
	st: 175.70000000000002
	duration: 5.0


Machine 3 :
	setup duration: 5.0

	vehicle: 19
	vehicleInd: 4
	(orig, dest): (78, 74)
	(origRegion, destRegion): (1, 3)
	st: 90.4
	duration: 10.0

	setup duration: 5.0

	vehicle: 19
	vehicleInd: 7
	(orig, dest): (36, 35)
	(origRegion, destRegion): (2, 1)
	st: 382.38000000000005
	duration: 5.0

	setup duration: 5.0

	vehicle: 46
	vehicleInd: 8
	(orig, dest): (177, 105)
	(origRegion, destRegion): (2, 1)
	st: 547.6800000000005
	duration: 5.0

	setup duration: 0.0

	vehicle: 32
	vehicleInd: 9
	(orig, dest): (120, 28)
	(origRegion, destRegion): (1, 3)
	st: 594.7399999999999
	duration: 10.0

	setup duration: 10.0

	vehicle: 46
	vehicleInd: 9
	(orig, dest): (105, 64)
	(origRegion, destRegion): (1, 2)
	st: 701.3000000000004
	duration: 5.0

	setup duration: 0.0

	vehicle: 48
	vehicleInd: 10
	(orig, dest): (6, 70)
	(origRegion, destRegion): (2, 0)
	st: 761.7700000000001
	duration: 10.0

	setup duration: 5.0

	vehicle: 19
	vehicleInd: 15
	(orig, dest): (25, 66)
	(origRegion, destRegion): (1, 3)
	st: 969.8799999999999
	duration: 10.0

	setup duration: 0.0

	vehicle: 46
	vehicleInd: 14
	(orig, dest): (163, 110)
	(origRegion, destRegion): (3, 1)
	st: 1097.9200000000003
	duration: 10.0

	setup duration: 10.0

	vehicle: 19
	vehicleInd: 18
	(orig, dest): (104, 126)
	(origRegion, destRegion): (3, 2)
	st: 1200.57
	duration: 5.0

	setup duration: 5.0

	vehicle: 46
	vehicleInd: 15
	(orig, dest): (110, 91)
	(origRegion, destRegion): (1, 2)
	st: 1221.16
	duration: 5.0

	setup duration: 10.0

	vehicle: 48
	vehicleInd: 18
	(orig, dest): (130, 73)
	(origRegion, destRegion): (0, 1)
	st: 1295.26
	duration: 5.0

	setup duration: 5.0

	vehicle: 19
	vehicleInd: 19
	(orig, dest): (126, 133)
	(origRegion, destRegion): (2, 0)
	st: 1317.11
	duration: 10.0

	setup duration: 5.0

	vehicle: 48
	vehicleInd: 21
	(orig, dest): (106, 94)
	(origRegion, destRegion): (1, 0)
	st: 1488.28
	duration: 5.0

	setup duration: 10.0

	vehicle: 46
	vehicleInd: 20
	(orig, dest): (22, 82)
	(origRegion, destRegion): (2, 0)
	st: 1529.47
	duration: 10.0

	setup duration: 15.0

	vehicle: 37
	vehicleInd: 20
	(orig, dest): (109, 20)
	(origRegion, destRegion): (3, 1)
	st: 1608.25
	duration: 10.0

	setup duration: 5.0

	vehicle: 48
	vehicleInd: 23
	(orig, dest): (121, 63)
	(origRegion, destRegion): (0, 3)
	st: 1739.25
	duration: 15.0

	setup duration: 10.0

	vehicle: 37
	vehicleInd: 31
	(orig, dest): (172, 87)
	(origRegion, destRegion): (1, 2)
	st: 2272.5799999999995
	duration: 5.0


Machine 4 :
	setup duration: 0.0

	vehicle: 46
	vehicleInd: 2
	(orig, dest): (0, 18)
	(origRegion, destRegion): (0, 3)
	st: 14.67999999999985
	duration: 15.0

	setup duration: 0.0

	vehicle: 46
	vehicleInd: 3
	(orig, dest): (18, 167)
	(origRegion, destRegion): (3, 0)
	st: 45.33999999999985
	duration: 15.0

	setup duration: 0.0

	vehicle: 37
	vehicleInd: 3
	(orig, dest): (115, 24)
	(origRegion, destRegion): (0, 1)
	st: 60.33999999999985
	duration: 5.0

	setup duration: 5.0

	vehicle: 32
	vehicleInd: 4
	(orig, dest): (62, 119)
	(origRegion, destRegion): (2, 0)
	st: 171.60999999999987
	duration: 10.0

	setup duration: 5.0

	vehicle: 37
	vehicleInd: 4
	(orig, dest): (24, 152)
	(origRegion, destRegion): (1, 0)
	st: 210.23999999999987
	duration: 5.0

	setup duration: 0.0

	vehicle: 46
	vehicleInd: 5
	(orig, dest): (111, 61)
	(origRegion, destRegion): (0, 2)
	st: 243.72000000000054
	duration: 10.0

	setup duration: 10.0

	vehicle: 37
	vehicleInd: 5
	(orig, dest): (152, 199)
	(origRegion, destRegion): (0, 1)
	st: 325.65999999999985
	duration: 5.0

	setup duration: 0.0

	vehicle: 37
	vehicleInd: 6
	(orig, dest): (199, 77)
	(origRegion, destRegion): (1, 3)
	st: 409.1199999999999
	duration: 10.0

	setup duration: 15.0

	vehicle: 32
	vehicleInd: 6
	(orig, dest): (97, 92)
	(origRegion, destRegion): (0, 1)
	st: 434.1199999999999
	duration: 5.0

	setup duration: 10.0

	vehicle: 37
	vehicleInd: 7
	(orig, dest): (77, 88)
	(origRegion, destRegion): (3, 1)
	st: 502.65999999999985
	duration: 10.0

	setup duration: 10.0

	vehicle: 48
	vehicleInd: 9
	(orig, dest): (21, 6)
	(origRegion, destRegion): (3, 2)
	st: 559.9300000000001
	duration: 5.0

	setup duration: 5.0

	vehicle: 37
	vehicleInd: 8
	(orig, dest): (88, 112)
	(origRegion, destRegion): (1, 3)
	st: 653.73
	duration: 10.0

	setup duration: 0.0

	vehicle: 37
	vehicleInd: 9
	(orig, dest): (112, 31)
	(origRegion, destRegion): (3, 2)
	st: 769.8900000000001
	duration: 5.0

	setup duration: 0.0

	vehicle: 46
	vehicleInd: 10
	(orig, dest): (64, 95)
	(origRegion, destRegion): (2, 3)
	st: 846.9600000000004
	duration: 5.0

	setup duration: 5.0

	vehicle: 37
	vehicleInd: 11
	(orig, dest): (72, 117)
	(origRegion, destRegion): (2, 3)
	st: 959.8800000000001
	duration: 5.0

	setup duration: 0.0

	vehicle: 37
	vehicleInd: 12
	(orig, dest): (117, 9)
	(origRegion, destRegion): (3, 2)
	st: 1116.92
	duration: 5.0

	setup duration: 10.0

	vehicle: 32
	vehicleInd: 15
	(orig, dest): (67, 102)
	(origRegion, destRegion): (0, 2)
	st: 1182.94
	duration: 10.0

	setup duration: 0.0

	vehicle: 32
	vehicleInd: 17
	(orig, dest): (69, 196)
	(origRegion, destRegion): (2, 0)
	st: 1278.93
	duration: 10.0

	setup duration: 10.0

	vehicle: 37
	vehicleInd: 18
	(orig, dest): (101, 75)
	(origRegion, destRegion): (2, 3)
	st: 1421.03
	duration: 5.0

	setup duration: 15.0

	vehicle: 46
	vehicleInd: 25
	(orig, dest): (60, 48)
	(origRegion, destRegion): (0, 3)
	st: 1871.89
	duration: 15.0

	setup duration: 15.0

	vehicle: 37
	vehicleInd: 30
	(orig, dest): (116, 172)
	(origRegion, destRegion): (0, 1)
	st: 2130.9299999999994
	duration: 5.0


-------------------| COMPL. TIMES |-------------------

Vehicle 0 : 0.0
Vehicle 1 : 0.0
Vehicle 2 : 0.0
Vehicle 3 : 0.0
Vehicle 4 : 0.0
Vehicle 5 : 0.0
Vehicle 6 : 0.0
Vehicle 7 : 0.0
Vehicle 8 : 0.0
Vehicle 9 : 0.0
Vehicle 10 : 0.0
Vehicle 11 : 0.0
Vehicle 12 : 0.0
Vehicle 13 : 0.0
Vehicle 14 : 0.0
Vehicle 15 : 0.0
Vehicle 16 : 0.0
Vehicle 17 : 0.0
Vehicle 18 : 0.0
Vehicle 19 : 1508.7099999999998
Vehicle 20 : 0.0
Vehicle 21 : 0.0
Vehicle 22 : 0.0
Vehicle 23 : 0.0
Vehicle 24 : 0.0
Vehicle 25 : 0.0
Vehicle 26 : 0.0
Vehicle 27 : 0.0
Vehicle 28 : 0.0
Vehicle 29 : 0.0
Vehicle 30 : 0.0
Vehicle 31 : 0.0
Vehicle 32 : 1478.2300000000002
Vehicle 33 : 0.0
Vehicle 34 : 0.0
Vehicle 35 : 0.0
Vehicle 36 : 0.0
Vehicle 37 : 2501.2099999999996
Vehicle 38 : 0.0
Vehicle 39 : 0.0
Vehicle 40 : 0.0
Vehicle 41 : 0.0
Vehicle 42 : 0.0
Vehicle 43 : 0.0
Vehicle 44 : 0.0
Vehicle 45 : 0.0
Vehicle 46 : 2301.73
Vehicle 47 : 0.0
Vehicle 48 : 1860.76
Vehicle 49 : 0.0
Vehicle 50 : 0.0
Vehicle 51 : 0.0
Vehicle 52 : 0.0
Vehicle 53 : 0.0
Vehicle 54 : 0.0
Vehicle 55 : 0.0
Vehicle 56 : 0.0
Vehicle 57 : 0.0
Vehicle 58 : 0.0
Vehicle 59 : 0.0
-------------------| STATISTICS |-------------------

    Vehicles used                           : 8.3333
    Machines used                           : 100.0
    Max load (vehicles)                     : 100.0
    Min load (vehicles)                     : 87.6923
    Mean load (vehicles)                    : 93.9487
    Min completion time                     : 58.3128
    Max completion time                     : 98.6671
    Mean completion time                    : 76.1392
    Avrg travel time (with vehicle)         : 5.3254
    Avrg travel time (only with vehicle)    : 3.1558
    Avrg travel time (no vehicle)           : 2.1696
    Avrg waiting time (machine travel)      : 0.0175
    Avrg waiting time (service)             : 0.0
    Machines travel times (with vehicle)    : [1.9724, 3.1558, 0.789, 9.4675, 11.2426]
    Machines travel times (no vehicle)      : [0.3945, 1.3807, 0.3945, 4.142, 4.5365]
    Max load per vehicle                    : [0.0, 0.0, 0.0, 0.0, 0.0, 0.0, 0.0, 0.0, 0.0, 0.0, 0.0, 0.0, 0.0, 0.0, 0.0, 0.0, 0.0, 0.0, 0.0, 87.6923, 0.0, 0.0, 0.0, 0.0, 0.0, 0.0, 0.0, 0.0, 0.0, 0.0, 0.0, 0.0, 98.7179, 0.0, 0.0, 0.0, 0.0, 92.3077, 0.0, 0.0, 0.0, 0.0, 0.0, 0.0, 0.0, 0.0, 91.0256, 0.0, 100.0, 0.0, 0.0, 0.0, 0.0, 0.0, 0.0, 0.0, 0.0, 0.0, 0.0, 0.0]

----------------------------------------------------

TOTAL: 9650.64

Everything is awesome!
