
Gurobi 12.0.2 (linux64) logging started Fri Sep 19 02:38:07 2025

Set parameter LogFile to value "/dados/rmelo/PDPTW-SE/benchmark_multi_floor_v3/official_experiments/mip_gurobi/set_02_pt_01/logs/form_melo/gurobi/06R_06V_02F_04M/lr101_grb_genconfig_melo.log"
Set parameter Seed to value 0
Gurobi Optimizer version 12.0.2 build v12.0.2rc0 (linux64 - "Ubuntu 22.04.5 LTS")

CPU model: Intel(R) Core(TM) i7-10700 CPU @ 2.90GHz, instruction set [SSE2|AVX|AVX2]
Thread count: 8 physical cores, 16 logical processors, using up to 8 threads

Non-default parameters:
TimeLimit  3600
Cuts  1
Threads  8

Academic license 2661775 - for non-commercial use only - registered to me___@dcc.ufba.br
Optimize a model with 2045 rows, 545 columns and 6060 nonzeros
Model fingerprint: 0xafa64a32
Variable types: 154 continuous, 391 integer (391 binary)
Coefficient statistics:
  Matrix range     [1e+00, 3e+02]
  Objective range  [1e+00, 1e+00]
  Bounds range     [1e+00, 2e+02]
  RHS range        [1e+00, 5e+02]
Found heuristic solution: objective 1018.6800000
Presolve removed 577 rows and 175 columns
Presolve time: 0.02s
Presolved: 1468 rows, 370 columns, 5810 nonzeros
Variable types: 57 continuous, 313 integer (313 binary)

Root relaxation: objective 7.536900e+02, 184 iterations, 0.00 seconds (0.00 work units)

    Nodes    |    Current Node    |     Objective Bounds      |     Work
 Expl Unexpl |  Obj  Depth IntInf | Incumbent    BestBd   Gap | It/Node Time

     0     0  753.69000    0   11 1018.68000  753.69000  26.0%     -    0s
H    0     0                     778.7800000  753.69000  3.22%     -    0s
     0     0  753.69000    0   22  778.78000  753.69000  3.22%     -    0s
     0     0  763.93000    0    7  778.78000  763.93000  1.91%     -    0s
     0     0  763.93000    0   12  778.78000  763.93000  1.91%     -    0s
H    0     0                     769.2000000  763.93000  0.69%     -    0s
H    0     0                     767.6000000  763.93000  0.48%     -    0s
     0     0  763.93000    0   20  767.60000  763.93000  0.48%     -    0s
     0     0  763.93000    0   21  767.60000  763.93000  0.48%     -    0s
     0     0  763.93000    0   30  767.60000  763.93000  0.48%     -    0s
     0     0  763.94740    0   29  767.60000  763.94740  0.48%     -    0s
H    0     0                     767.3600000  765.42000  0.25%     -    0s
     0     0  765.42000    0   34  767.36000  765.42000  0.25%     -    0s
     0     0  765.42000    0   34  767.36000  765.42000  0.25%     -    0s
     0     0  765.42000    0    4  767.36000  765.42000  0.25%     -    0s
H    0     0                     766.5800000  765.42000  0.15%     -    0s
H    0     0                     766.2000000  765.42000  0.10%     -    0s
     0     0  766.07000    0    9  766.20000  766.07000  0.02%     -    0s
     0     0  766.07000    0    8  766.20000  766.07000  0.02%     -    0s
     0     0  766.07000    0    6  766.20000  766.07000  0.02%     -    0s
H    0     0                     766.0700000  766.07000  0.00%     -    0s

Cutting planes:
  Implied bound: 2
  MIR: 1
  Relax-and-lift: 1

Explored 1 nodes (1133 simplex iterations) in 0.11 seconds (0.13 work units)
Thread count was 8 (of 16 available processors)

Solution count 9: 766.07 766.2 766.58 ... 1018.68

Optimal solution found (tolerance 1.00e-04)
Best objective 7.660700000000e+02, best bound 7.660700000000e+02, gap 0.0000%
