-------------------| STATISTICS |-------------------

Vehicles used                           : 80.0
Machines used                           : 100.0
Max load (vehicles)                     : 76.4706
Min load (vehicles)                     : 3.8462
Mean load (vehicles)                    : 35.2451
Min completion time                     : 51.642
Max completion time                     : 70.2222
Mean completion time                    : 61.1358
Avrg travel time (with vehicle)         : 11.3169
Avrg travel time (only with vehicle)    : 8.2305
Avrg travel time (no vehicle)           : 3.0864
Avrg waiting time (machine travel)      : 0.3624
Avrg waiting time (service)             : 1.455
Machines travel times (with vehicle)    : [8.2305, 4.1152, 20.5761, 12.3457]
Machines travel times (no vehicle)      : [2.0576, 0.0, 6.1728, 4.1152]
Max load per vehicle                    : [52.9412, 37.2093, 13.4615, 38.4615, 0.0, 3.8462, 15.3846, 76.4706, 44.186, 0.0]

----------------------------------------------------

TOTAL: 1188.48

Everything is awesome!
