-------------------| STATISTICS |-------------------

Vehicles used                           : 75.0
Machines used                           : 100.0
Max load (vehicles)                     : 88.4615
Min load (vehicles)                     : 15.3846
Mean load (vehicles)                    : 36.2938
Min completion time                     : 39.5916
Max completion time                     : 74.7672
Mean completion time                    : 58.045
Avrg travel time (with vehicle)         : 59.4122
Avrg travel time (only with vehicle)    : 38.8295
Avrg travel time (no vehicle)           : 20.5827
Avrg waiting time (machine travel)      : 1.8887
Avrg waiting time (service)             : 14.3035
Machines travel times (with vehicle)    : [59.5649, 74.687, 43.9847]
Machines travel times (no vehicle)      : [19.4885, 27.0611, 15.1985]
Max load per vehicle                    : [0.0, 0.0, 88.4615, 20.5882, 21.1538, 44.186, 15.3846, 35.2941, 47.0588, 17.3077, 0.0, 37.2093]

----------------------------------------------------

TOTAL: 1368.7

Everything is awesome!
