-------------------| STATISTICS |-------------------

Vehicles used                           : 16.6667
Machines used                           : 66.6667
Max load (vehicles)                     : 97.9167
Min load (vehicles)                     : 97.3684
Mean load (vehicles)                    : 97.6425
Min completion time                     : 32.172
Max completion time                     : 81.547
Mean completion time                    : 56.8595
Avrg travel time (with vehicle)         : 3.475
Avrg travel time (only with vehicle)    : 3.094
Avrg travel time (no vehicle)           : 0.381
Avrg waiting time (machine travel)      : 0.0
Avrg waiting time (service)             : 0.0
Machines travel times (with vehicle)    : [0.0, 0.854, 6.096]
Machines travel times (no vehicle)      : [0.0, 0.0, 0.762]
Max load per vehicle                    : [0.0, 0.0, 0.0, 0.0, 0.0, 0.0, 0.0, 0.0, 0.0, 97.9167, 97.3684, 0.0]

----------------------------------------------------

TOTAL: 1137.19

Everything is awesome!
