Set parameter WLSAccessID
Set parameter WLSSecret
Set parameter LicenseID to value 2661775
Academic license 2661775 - for non-commercial use only - registered to me___@dcc.ufba.br
Loading line 2: methodType heur
Loading line 3: methodCode mslp
Loading line 4: seed 0
Loading line 5: threads 1
Loading line 6: greedy_service_order random
Loading line 7: outputFlagGrbMSLP 0
Loading line 8: mslpa 60000
Loading line 9: mslpr I
Loading line 10: maxtime 3600
Loading line 11: output ./logs/
Loading line 12: printsol 1
Loading line 13: solverMethod A
Instance: LR2_2_7_t2_40R_40V_02F_06M

[16:11:23.132] Running Data.readData with file /dados/rmelo/PDPTW-SE/benchmark_multi_floor_v3/official_experiments/multistartlp/preliminar/set_01_pt_01/../../../../instances/orig_ams_fg/40R_40V_02F_06M/t2/LR2_2_7/
vehicles: Vehicle[Vehicle(0, 52), Vehicle(1, 65), Vehicle(2, 78), Vehicle(3, 78), Vehicle(4, 52), Vehicle(5, 65), Vehicle(6, 78), Vehicle(7, 65), Vehicle(8, 78), Vehicle(9, 78), Vehicle(10, 78), Vehicle(11, 52), Vehicle(12, 52), Vehicle(13, 78), Vehicle(14, 65), Vehicle(15, 65), Vehicle(16, 65), Vehicle(17, 78), Vehicle(18, 78), Vehicle(19, 78), Vehicle(20, 52), Vehicle(21, 65), Vehicle(22, 52), Vehicle(23, 52), Vehicle(24, 65), Vehicle(25, 65), Vehicle(26, 65), Vehicle(27, 78), Vehicle(28, 78), Vehicle(29, 65), Vehicle(30, 52), Vehicle(31, 65), Vehicle(32, 52), Vehicle(33, 78), Vehicle(34, 52), Vehicle(35, 65), Vehicle(36, 65), Vehicle(37, 65), Vehicle(38, 78), Vehicle(39, 78)]
vehicle_types: Vehicle[Vehicle(0, 52), Vehicle(1, 65), Vehicle(2, 78)]
Machine[Machine(0, Point[Point(74, 71, 0), Point(74, 71, 1)], 0.2), Machine(1, Point[Point(76, 71, 0), Point(76, 71, 1)], 0.2), Machine(2, Point[Point(72, 71, 0), Point(72, 71, 1)], 0.2), Machine(3, Point[Point(78, 71, 0), Point(78, 71, 1)], 0.2), Machine(4, Point[Point(70, 71, 0), Point(70, 71, 1)], 0.2), Machine(5, Point[Point(80, 71, 0), Point(80, 71, 1)], 0.2)]
refs: [1, 2, 3, 4, 6, 7, 8, 9, 11, 12, 15, 18, 19, 20, 21, 23, 24, 25, 26, 27, 29, 30, 31, 32, 35, 36, 38, 39, 42, 43, 44, 45, 46, 47, 50, 51, 53, 54, 56, 57, 62, 65, 64, 17, 79, 72, 58, 49, 75, 40, 73, 66, 61, 78, 52, 13, 71, 80, 22, 28, 16, 48, 81, 33, 14, 76, 70, 37, 10, 60, 55, 68, 41, 74, 34, 77, 63, 5, 67, 59, 69, 1]
V: [1, 2, 3, 4, 5, 6, 7, 8, 9, 10, 11, 12, 13, 14, 15, 16, 17, 18, 19, 20, 21, 22, 23, 24, 25, 26, 27, 28, 29, 30, 31, 32, 33, 34, 35, 36, 37, 38, 39, 40, 41, 42, 43, 44, 45, 46, 47, 48, 49, 50, 51, 52, 53, 54, 55, 56, 57, 58, 59, 60, 61, 62, 63, 64, 65, 66, 67, 68, 69, 70, 71, 72, 73, 74, 75, 76, 77, 78, 79, 80, 81]
V_p: [2, 3, 4, 5, 6, 7, 8, 9, 10, 11, 12, 13, 14, 15, 16, 17, 18, 19, 20, 21, 22, 23, 24, 25, 26, 27, 28, 29, 30, 31, 32, 33, 34, 35, 36, 37, 38, 39, 40, 41]
V_d: [42, 43, 44, 45, 46, 47, 48, 49, 50, 51, 52, 53, 54, 55, 56, 57, 58, 59, 60, 61, 62, 63, 64, 65, 66, 67, 68, 69, 70, 71, 72, 73, 74, 75, 76, 77, 78, 79, 80, 81]
Vprime: [1, 2, 3, 4, 5, 6, 7, 8, 9, 10, 11, 12, 13, 14, 15, 16, 17, 18, 19, 20, 21, 22, 23, 24, 25, 26, 27, 28, 29, 30, 31, 32, 33, 34, 35, 36, 37, 38, 39, 40, 41, 42, 43, 44, 45, 46, 47, 48, 49, 50, 51, 52, 53, 54, 55, 56, 57, 58, 59, 60, 61, 62, 63, 64, 65, 66, 67, 68, 69, 70, 71, 72, 73, 74, 75, 76, 77, 78, 79, 80, 81, 82]
V: [1, 2, 3, 4, 5, 6, 7, 8, 9, 10, 11, 12, 13, 14, 15, 16, 17, 18, 19, 20, 21, 22, 23, 24, 25, 26, 27, 28, 29, 30, 31, 32, 33, 34, 35, 36, 37, 38, 39, 40, 41, 42, 43, 44, 45, 46, 47, 48, 49, 50, 51, 52, 53, 54, 55, 56, 57, 58, 59, 60, 61, 62, 63, 64, 65, 66, 67, 68, 69, 70, 71, 72, 73, 74, 75, 76, 77, 78, 79, 80, 81]
q: [0, 7, 20, 14, 27, 22, 13, 8, 13, 9, 22, 19, 5, 8, 13, 13, 21, 12, 11, 13, 12, 24, 8, 20, 15, 6, 15, 20, 22, 26, 10, 9, 13, 16, 19, 17, 12, 9, 9, 29, 39, -7, -20, -14, -27, -22, -13, -8, -13, -9, -22, -19, -5, -8, -13, -13, -21, -12, -11, -13, -12, -24, -8, -20, -15, -6, -15, -20, -22, -26, -10, -9, -13, -16, -19, -17, -12, -9, -9, -29, -39, 0]
H: [1, 2, 3, 4, 5, 6]
f: [[1, 1, 1, 1, 1, 1], [1, 1, 1, 1, 1, 1], [2, 2, 2, 2, 2, 2], [2, 2, 2, 2, 2, 2], [2, 2, 2, 2, 2, 2], [1, 1, 1, 1, 1, 1], [1, 1, 1, 1, 1, 1], [2, 2, 2, 2, 2, 2], [2, 2, 2, 2, 2, 2], [2, 2, 2, 2, 2, 2], [1, 1, 1, 1, 1, 1], [1, 1, 1, 1, 1, 1], [2, 2, 2, 2, 2, 2], [2, 2, 2, 2, 2, 2], [1, 1, 1, 1, 1, 1], [2, 2, 2, 2, 2, 2], [2, 2, 2, 2, 2, 2], [2, 2, 2, 2, 2, 2], [1, 1, 1, 1, 1, 1], [2, 2, 2, 2, 2, 2], [2, 2, 2, 2, 2, 2], [2, 2, 2, 2, 2, 2], [2, 2, 2, 2, 2, 2], [1, 1, 1, 1, 1, 1], [2, 2, 2, 2, 2, 2], [1, 1, 1, 1, 1, 1], [1, 1, 1, 1, 1, 1], [1, 1, 1, 1, 1, 1], [2, 2, 2, 2, 2, 2], [2, 2, 2, 2, 2, 2], [2, 2, 2, 2, 2, 2], [1, 1, 1, 1, 1, 1], [2, 2, 2, 2, 2, 2], [2, 2, 2, 2, 2, 2], [2, 2, 2, 2, 2, 2], [2, 2, 2, 2, 2, 2], [2, 2, 2, 2, 2, 2], [1, 1, 1, 1, 1, 1], [2, 2, 2, 2, 2, 2], [2, 2, 2, 2, 2, 2], [1, 1, 1, 1, 1, 1], [1, 1, 1, 1, 1, 1], [2, 2, 2, 2, 2, 2], [2, 2, 2, 2, 2, 2], [1, 1, 1, 1, 1, 1], [1, 1, 1, 1, 1, 1], [1, 1, 1, 1, 1, 1], [2, 2, 2, 2, 2, 2], [2, 2, 2, 2, 2, 2], [1, 1, 1, 1, 1, 1], [2, 2, 2, 2, 2, 2], [2, 2, 2, 2, 2, 2], [2, 2, 2, 2, 2, 2], [1, 1, 1, 1, 1, 1], [2, 2, 2, 2, 2, 2], [1, 1, 1, 1, 1, 1], [1, 1, 1, 1, 1, 1], [1, 1, 1, 1, 1, 1], [2, 2, 2, 2, 2, 2], [1, 1, 1, 1, 1, 1], [2, 2, 2, 2, 2, 2], [1, 1, 1, 1, 1, 1], [1, 1, 1, 1, 1, 1], [1, 1, 1, 1, 1, 1], [2, 2, 2, 2, 2, 2], [1, 1, 1, 1, 1, 1], [1, 1, 1, 1, 1, 1], [1, 1, 1, 1, 1, 1], [2, 2, 2, 2, 2, 2], [2, 2, 2, 2, 2, 2], [2, 2, 2, 2, 2, 2], [1, 1, 1, 1, 1, 1], [2, 2, 2, 2, 2, 2], [1, 1, 1, 1, 1, 1], [2, 2, 2, 2, 2, 2], [1, 1, 1, 1, 1, 1], [2, 2, 2, 2, 2, 2], [2, 2, 2, 2, 2, 2], [2, 2, 2, 2, 2, 2], [2, 2, 2, 2, 2, 2], [1, 1, 1, 1, 1, 1], [1, 1, 1, 1, 1, 1]]
1 1 1 -> 0.0
1 2 1 -> 5.0
2 1 1 -> 5.0
2 2 1 -> 0.0
1 1 2 -> 0.0
1 2 2 -> 5.0
2 1 2 -> 5.0
2 2 2 -> 0.0
1 1 3 -> 0.0
1 2 3 -> 5.0
2 1 3 -> 5.0
2 2 3 -> 0.0
1 1 4 -> 0.0
1 2 4 -> 5.0
2 1 4 -> 5.0
2 2 4 -> 0.0
1 1 5 -> 0.0
1 2 5 -> 5.0
2 1 5 -> 5.0
2 2 5 -> 0.0
1 1 6 -> 0.0
1 2 6 -> 5.0
2 1 6 -> 5.0
2 2 6 -> 0.0
o: (1, 2, 1) => 5.0
o: (1, 2, 5) => 5.0
o: (1, 2, 3) => 5.0
o: (1, 1, 2) => 0.0
o: (2, 2, 6) => 0.0
o: (2, 1, 4) => 5.0
o: (1, 2, 2) => 5.0
o: (1, 1, 6) => 0.0
o: (2, 1, 1) => 5.0
o: (2, 1, 5) => 5.0
o: (2, 1, 3) => 5.0
o: (2, 2, 4) => 0.0
o: (1, 2, 6) => 5.0
o: (2, 2, 1) => 0.0
o: (2, 2, 5) => 0.0
o: (2, 2, 3) => 0.0
o: (2, 1, 2) => 5.0
o: (1, 1, 4) => 0.0
o: (1, 1, 1) => 0.0
o: (1, 1, 5) => 0.0
o: (1, 1, 3) => 0.0
o: (1, 2, 4) => 5.0
o: (2, 2, 2) => 0.0
o: (2, 1, 6) => 5.0

[118, 2737, 2727, 2645, 2635, 2640, 2546, 6]
JOBS in the order of refs (Vprime)
Node 1: Job(0, Point(70, 70, 0), 0, 0, 2535, 0, 0, 0)
Node 2: Job(2, Point(26, 50, 0), 7, 1490, 1730, 10, 0, 108)
Node 3: Job(3, Point(30, 57, 1), 20, 0, 2483, 10, 0, 95)
Node 4: Job(4, Point(29, 60, 1), 14, 0, 2483, 10, 0, 20)
Node 5: Job(6, Point(137, 137, 1), 27, 339, 579, 10, 0, 191)
Node 6: Job(8, Point(78, 111, 0), 22, 47, 287, 10, 0, 136)
Node 7: Job(9, Point(107, 25, 0), 13, 1035, 1275, 10, 0, 82)
Node 8: Job(10, Point(17, 138, 1), 8, 1670, 1910, 10, 0, 73)
Node 9: Job(12, Point(20, 69, 1), 13, 0, 2475, 10, 0, 164)
Node 10: Job(13, Point(121, 123, 1), 9, 0, 2452, 10, 0, 52)
Node 11: Job(18, Point(79, 72, 0), 22, 0, 2516, 10, 0, 138)
Node 12: Job(23, Point(78, 63, 0), 19, 0, 2515, 10, 0, 110)
Node 13: Job(25, Point(37, 79, 1), 5, 0, 2491, 10, 0, 87)
Node 14: Job(26, Point(64, 132, 1), 8, 170, 410, 10, 0, 173)
Node 15: Job(27, Point(133, 130, 0), 13, 0, 2438, 10, 0, 76)
Node 16: Job(31, Point(140, 42, 1), 13, 0, 2450, 10, 0, 15)
Node 17: Job(32, Point(121, 124, 1), 21, 539, 779, 10, 0, 127)
Node 18: Job(33, Point(42, 29, 1), 12, 0, 2476, 10, 0, 192)
Node 19: Job(35, Point(32, 6, 0), 11, 320, 560, 10, 0, 30)
Node 20: Job(36, Point(41, 36, 1), 13, 146, 386, 10, 0, 37)
Node 21: Job(38, Point(107, 102, 1), 12, 0, 2477, 10, 0, 19)
Node 22: Job(40, Point(132, 133, 1), 24, 0, 2437, 10, 0, 72)
Node 23: Job(41, Point(81, 57, 1), 8, 17, 257, 10, 0, 198)
Node 24: Job(42, Point(120, 52, 0), 20, 0, 2472, 10, 0, 43)
Node 25: Job(45, Point(82, 103, 1), 15, 0, 2490, 10, 0, 16)
Node 26: Job(47, Point(90, 44, 0), 6, 149, 389, 10, 0, 165)
Node 27: Job(50, Point(64, 138, 0), 15, 0, 2457, 10, 0, 124)
Node 28: Job(51, Point(98, 4, 0), 20, 0, 2454, 10, 0, 49)
Node 29: Job(56, Point(86, 40, 1), 22, 0, 2491, 10, 0, 11)
Node 30: Job(58, Point(59, 115, 1), 26, 1195, 1435, 10, 0, 86)
Node 31: Job(64, Point(37, 125, 1), 10, 0, 2461, 10, 0, 79)
Node 32: Job(65, Point(99, 34, 0), 9, 243, 483, 10, 0, 120)
Node 33: Job(66, Point(38, 122, 1), 13, 876, 1116, 10, 0, 55)
Node 34: Job(68, Point(109, 131, 1), 16, 0, 2453, 10, 0, 158)
Node 35: Job(74, Point(48, 47, 1), 19, 31, 271, 10, 0, 44)
Node 36: Job(75, Point(104, 73, 1), 17, 0, 2491, 10, 0, 169)
Node 37: Job(77, Point(103, 44, 1), 12, 0, 2483, 10, 0, 94)
Node 38: Job(78, Point(73, 96, 0), 9, 604, 844, 10, 0, 5)
Node 39: Job(80, Point(71, 70, 1), 9, 0, 2524, 10, 0, 119)
Node 40: Job(81, Point(83, 12, 1), 29, 0, 2466, 10, 0, 83)
Node 41: Job(88, Point(120, 22, 0), 39, 396, 636, 10, 0, 122)
Node 42: Job(108, Point(15, 18, 0), -7, 1540, 1780, 10, 2, 0)
Node 43: Job(95, Point(114, 109, 1), -20, 249, 489, 10, 3, 0)
Node 44: Job(20, Point(8, 87, 1), -14, 1545, 1785, 10, 4, 0)
Node 45: Job(191, Point(125, 68, 0), -27, 708, 948, 10, 6, 0)
Node 46: Job(136, Point(92, 138, 0), -22, 0, 2454, 10, 8, 0)
Node 47: Job(82, Point(36, 54, 0), -13, 1428, 1668, 10, 9, 0)
Node 48: Job(73, Point(39, 100, 1), -8, 0, 2482, 10, 10, 0)
Node 49: Job(164, Point(65, 80, 1), -13, 0, 2514, 10, 12, 0)
Node 50: Job(52, Point(61, 34, 0), -9, 1830, 2070, 10, 13, 0)
Node 51: Job(138, Point(100, 99, 1), -22, 1136, 1376, 10, 18, 0)
Node 52: Job(110, Point(16, 62, 1), -19, 1524, 1764, 10, 23, 0)
Node 53: Job(87, Point(34, 72, 1), -5, 0, 2489, 10, 25, 0)
Node 54: Job(173, Point(67, 120, 0), -8, 1375, 1615, 10, 26, 0)
Node 55: Job(76, Point(9, 19, 1), -13, 1431, 1671, 10, 27, 0)
Node 56: Job(15, Point(137, 7, 0), -13, 0, 2434, 10, 31, 0)
Node 57: Job(127, Point(138, 105, 0), -21, 0, 2449, 10, 32, 0)
Node 58: Job(192, Point(44, 36, 0), -12, 131, 371, 10, 33, 0)
Node 59: Job(30, Point(10, 86, 1), -11, 0, 2463, 10, 35, 0)
Node 60: Job(37, Point(106, 10, 0), -13, 1135, 1375, 10, 36, 0)
Node 61: Job(19, Point(104, 32, 1), -12, 0, 2475, 10, 38, 0)
Node 62: Job(72, Point(88, 29, 0), -24, 0, 2481, 10, 40, 0)
Node 63: Job(198, Point(8, 138, 0), -8, 1105, 1345, 10, 41, 0)
Node 64: Job(43, Point(113, 32, 0), -20, 0, 2468, 10, 42, 0)
Node 65: Job(16, Point(50, 106, 1), -15, 1221, 1461, 10, 45, 0)
Node 66: Job(165, Point(28, 62, 0), -6, 0, 2483, 10, 47, 0)
Node 67: Job(124, Point(85, 111, 0), -15, 952, 1192, 10, 50, 0)
Node 68: Job(49, Point(89, 24, 0), -20, 0, 2476, 10, 51, 0)
Node 69: Job(11, Point(37, 138, 1), -22, 0, 2450, 10, 56, 0)
Node 70: Job(86, Point(67, 96, 1), -26, 1908, 2148, 10, 58, 0)
Node 71: Job(79, Point(44, 116, 1), -10, 0, 2473, 10, 64, 0)
Node 72: Job(120, Point(92, 22, 0), -9, 0, 2473, 10, 65, 0)
Node 73: Job(55, Point(84, 88, 1), -13, 1365, 1605, 10, 66, 0)
Node 74: Job(158, Point(54, 41, 0), -16, 1065, 1305, 10, 68, 0)
Node 75: Job(44, Point(137, 101, 1), -19, 617, 857, 10, 74, 0)
Node 76: Job(169, Point(51, 92, 0), -17, 1731, 1971, 10, 75, 0)
Node 77: Job(94, Point(34, 20, 1), -12, 0, 2464, 10, 77, 0)
Node 78: Job(5, Point(69, 116, 1), -9, 0, 2479, 10, 78, 0)
Node 79: Job(119, Point(120, 60, 1), -9, 156, 396, 10, 80, 0)
Node 80: Job(83, Point(16, 92, 1), -29, 0, 2467, 10, 81, 0)
Node 81: Job(122, Point(117, 92, 0), -39, 0, 2474, 10, 88, 0)
Node 82: Job(0, Point(70, 70, 0), 0, 0, 2535, 0, 0, 0)

### Preprocessing Data ###
	-> arcs: 6724 (100.0%)
	-> arc_removals: 1540 (22.9%)
	-> arc_removals_is_loop: 82 (1.22%)
	-> arc_removals_is_delivery_to_pickup: 42 (0.62%)
	-> arc_removals_is_depot_begin_to_delivery: 40 (0.59%)
	-> arc_removals_is_pickup_to_depot_end: 40 (0.59%)
	-> arc_removals_is_dest_depot_begin: 80 (1.19%)
	-> arc_removals_is_orig_depot_end: 79 (1.17%)
	-> arc_removals_is_capacity_violated: 0 (0.0%)
	-> arc_removals_is_time_window_limited: 876 (13.03%)
	-> arc_removals_is_time_window_pairing_limited: 243 (3.61%)
	-> arc_removals_is_indirect_request_service_impossible: 58 (0.86%)
	-> gamma_vars: 0 (0%)
	-> feas_gamma_vars: 0 (0%)
	-> infeas_gamma_vars_is_next_mtrv_unreachable: 0 (0%)
	-> infeas_gamma_vars_is_iprime_jprime_eq_i_j: 0 (0%)
	-> machine_removal_for_an_arc: 0 (0.0%)
##########################

[16:11:32.759] Print configuration
------------------------------------------------------
"
[16:11:32.759] Running Multi Start Heuristic"
> Experiment started at 2025-10-06T16:11:32.759
> Instance: LR2_2_7_t2_40R_40V_02F_06M
> Algorithm Parameters:


	>Stop params:
		>  - rule ITERATIONS
		>  - argument 60000.0
		>  - maximum_time 3600

	>General params:
		>  - instPath /dados/rmelo/PDPTW-SE/benchmark_multi_floor_v3/official_experiments/multistartlp/preliminar/set_01_pt_01/../../../../instances/orig_ams_fg/40R_40V_02F_06M/t2/LR2_2_7/
		>  - name LR2_2_7
		>  - type t2
		>  - group 40R_40V_02F_06M
		>  - fullname LR2_2_7_t2_40R_40V_02F_06M
		>  - methodType heur
		>  - methodCode mslp
		>  - genconfigfile /dados/rmelo/PDPTW-SE/benchmark_multi_floor_v3/official_experiments/multistartlp/preliminar/set_01_pt_01/configs/genconfig_mslp.conf
		>  - genconfigfilename genconfig_mslp
		>  - greedy_service_order random
		>  - cutoff 0
		>  - cutoffmachs 6
		>  - num_machs 0
		>  - solver Gurobi
		>  - maxtime 3600
		>  - gurobiCuts 1
		>  - typeUserCut 0
		>  - mipPresolve -1
		>  - printsol 1
		>  - maxnodes -1
		>  - elevator 1
		>  - make_instance_feasible false
		>  - output /dados/rmelo/PDPTW-SE/benchmark_multi_floor_v3/official_experiments/multistartlp/preliminar/set_01_pt_01/logs
		>  - suff_outputs _seed_87_alpha_05p
		>  - suff_csv _bash_1
		>  - epsilon 0.005
		>  - epsilonCap 0.5
		>  - warmStart false
		>  - seed 87
		>  - rng Random.MersenneTwister(87)
		>  - alpha 0.05
		>  - maxiter 1000000
		>  - outputFlagGrbMIP 0
		>  - outputFlagGrbMSLP 0
		>  - outputFlagGrbLMNS 0
		>  - mslpr I
		>  - mslpa 60000
		>  - lmnsr M
		>  - lmnsa 60
		>  - lmnsRepairTime 30.0
		>  - lmnsMIPFocus 0
		>  - lmnsGapToBiggerDestruction 50
		>  - lmnsGapToSmallerDestruction 95
		>  - lmnsWeightShawDistProx 1.0
		>  - lmnsWeightShawEarlProx 1.0
		>  - lmnsWeightShawSameRoute 1.0
		>  - lmnsWeightShawDemandSim 1.0
		>  - lmnsReqRApplyMIPStart true
		>  - lmnsAcceptanceCriteria H
		>  - lmnsMetropolisTemp 100.0
		>  - lmnsSimulatedAnnealingTemp 100.0
		>  - lmnsSimulatedAnnealingCool 0.95
		>  - mipmaxtime 3600
		>  - csvfilename /dados/rmelo/PDPTW-SE/benchmark_multi_floor_v3/official_experiments/multistartlp/preliminar/set_01_pt_01/logs/heur_mslp/outputs/csvresults_heur_mslp_bash_1.csv
		>  - solfilename /dados/rmelo/PDPTW-SE/benchmark_multi_floor_v3/official_experiments/multistartlp/preliminar/set_01_pt_01/logs/heur_mslp/solutions/40R_40V_02F_06M/LR2_2_7_sol_genconfig_mslp_seed_87_alpha_05p.txt
		>  - timelineFilename /dados/rmelo/PDPTW-SE/benchmark_multi_floor_v3/official_experiments/multistartlp/preliminar/set_01_pt_01/logs/heur_mslp/timelines/40R_40V_02F_06M/LR2_2_7_timeline_genconfig_mslp_seed_87_alpha_05p.txt
		>  - grbFilename /dados/rmelo/PDPTW-SE/benchmark_multi_floor_v3/official_experiments/multistartlp/preliminar/set_01_pt_01/logs/heur_mslp/gurobi/40R_40V_02F_06M/LR2_2_7_grb_genconfig_mslp_seed_87_alpha_05p.log
		>  - threads 1
		>  - solverMethod AUTOMATIC

------------------------------------------------------
objValue;greedysol;iteration;time
6728.35;6843.31;1;0.065992
6703.27;6821.82;11;0.765779
6655.07;6991.22;36;1.970527
6549.52;6614.78;48;2.453621
6504.25;6786.68;165;6.866898
6311.06;6609.18;182;7.538773
6054.41;6243.45;207;8.479128
6043.68;6185.16;639;25.385387
5929.18;6028.51;1952;76.693605
5915.21;6026.20;2866;112.557890
5892.00;5897.32;17747;703.435739
5889.02;6073.18;40919;1621.836494

[16:51:04.875] Finished running MSLP

[16:51:04.875] Post running MSLP
Best solution value: 5889.02
Total time elapsed: 2372.012744
Time to best: 1621.836494
Iterations: 60000
Iterations to best: 40919
Improvements: 12
Infeasible solutions percentage: (0 / 60000) = 0.0000 %
(LP improvements)/(LP runs) = 59983/60000 = 99.9717 %
Mean LP improvement percentage: 2.6649 %
[16:51:05.186] Writing results to CSV file: /dados/rmelo/PDPTW-SE/benchmark_multi_floor_v3/official_experiments/multistartlp/preliminar/set_01_pt_01/logs/heur_mslp/outputs/csvresults_heur_mslp_bash_1.csv

[16:51:07.198] Saving solution to file:/dados/rmelo/PDPTW-SE/benchmark_multi_floor_v3/official_experiments/multistartlp/preliminar/set_01_pt_01/logs/heur_mslp/solutions/40R_40V_02F_06M/LR2_2_7_sol_genconfig_mslp_seed_87_alpha_05p.txt

[16:51:07.198] Saving solution timeline to file: /dados/rmelo/PDPTW-SE/benchmark_multi_floor_v3/official_experiments/multistartlp/preliminar/set_01_pt_01/logs/heur_mslp/timelines/40R_40V_02F_06M/LR2_2_7_timeline_genconfig_mslp_seed_87_alpha_05p.txt
---------------------| VEHICLES |---------------------

Vehicle 7 :
	id: 0
		node: 1
		(x, y, z): (70, 70, 0)
		dem: 0
		earl: 0
		lat: 2535
		servt: 0
		pid: 0
		did: 0
		servST: 178.32
		(h, h_ind): (-1, 0)
		load: 0.0

	Finished service at time: 178.32

	Task 0 -> Task 47: 32.8
	Vehicle arrival at task: 211.12
	Waiting time until service start time: 0.0

	id: 47
		node: 26
		(x, y, z): (90, 44, 0)
		dem: 6
		earl: 149
		lat: 389
		servt: 10
		pid: 0
		did: 165
		servST: 211.12
		(h, h_ind): (-1, 0)
		load: 6.0

	Finished service at time: 221.12

	Task 47 -> Task 165: 64.56
	Vehicle arrival at task: 285.68
	Waiting time until service start time: 0.0

	id: 165
		node: 66
		(x, y, z): (28, 62, 0)
		dem: -6
		earl: 0
		lat: 2483
		servt: 10
		pid: 47
		did: 0
		servST: 285.68
		(h, h_ind): (-1, 0)
		load: 0.0

	Finished service at time: 295.68

	Task 165 -> Task 88: 100.32
	Vehicle arrival at task: 396.0
	Waiting time until service start time: 0.0

	id: 88
		node: 41
		(x, y, z): (120, 22, 0)
		dem: 39
		earl: 396
		lat: 636
		servt: 10
		pid: 0
		did: 122
		servST: 396.0
		(h, h_ind): (-1, 0)
		load: 39.0

	Finished service at time: 406.0

	Task 88 -> Task 122: 70.06
	Vehicle arrival at task: 476.06
	Waiting time until service start time: 0.0

	id: 122
		node: 81
		(x, y, z): (117, 92, 0)
		dem: -39
		earl: 0
		lat: 2474
		servt: 10
		pid: 88
		did: 0
		servST: 476.06
		(h, h_ind): (-1, 0)
		load: 0.0

	Finished service at time: 486.06

	Task 122 -> Task 0: 51.89
	Vehicle arrival at task: 537.95
	Waiting time until service start time: 0.0

	id: 0
		node: 82
		(x, y, z): (70, 70, 0)
		dem: 0
		earl: 0
		lat: 2535
		servt: 0
		pid: 0
		did: 0
		servST: 537.95
		(h, h_ind): (-1, 0)
		load: 0.0


Vehicle 8 :
	id: 0
		node: 1
		(x, y, z): (70, 70, 0)
		dem: 0
		earl: 0
		lat: 2535
		servt: 0
		pid: 0
		did: 0
		servST: 1.8600000000001913
		(h, h_ind): (-1, 0)
		load: 0.0

	Finished service at time: 1.8600000000001913

	Using Machine: 4
		Task 0 -> Machine 4 (Station 1): 1.0
		Vehicle arrival at machine station: 2.8600000000001913
		Waiting time until machine travel: 0.0

		Machine travel start time: 2.8600000000001913
		Region 0 -> Region 1: 5.0
		Machine arrival at machine station: 7.860000000000191

		Machine 4 (Station 2)-> Task 25: 33.96
		Vehicle arrival at task: 41.82000000000019
		Waiting time until service start time: 0.0

	id: 25
		node: 13
		(x, y, z): (37, 79, 1)
		dem: 5
		earl: 0
		lat: 2491
		servt: 10
		pid: 0
		did: 87
		servST: 41.82000000000019
		(h, h_ind): (4, 1)
		load: 5.0

	Finished service at time: 51.82000000000019

	Task 25 -> Task 12: 19.72
	Vehicle arrival at task: 71.54000000000019
	Waiting time until service start time: 0.0

	id: 12
		node: 9
		(x, y, z): (20, 69, 1)
		dem: 13
		earl: 0
		lat: 2475
		servt: 10
		pid: 0
		did: 164
		servST: 71.54000000000019
		(h, h_ind): (-1, 0)
		load: 18.0

	Finished service at time: 81.54000000000019

	Task 12 -> Task 87: 14.32
	Vehicle arrival at task: 95.86000000000018
	Waiting time until service start time: 0.0

	id: 87
		node: 53
		(x, y, z): (34, 72, 1)
		dem: -5
		earl: 0
		lat: 2489
		servt: 10
		pid: 25
		did: 0
		servST: 95.86000000000018
		(h, h_ind): (-1, 0)
		load: 13.0

	Finished service at time: 105.86000000000018

	Task 87 -> Task 74: 28.65
	Vehicle arrival at task: 134.5100000000002
	Waiting time until service start time: 0.0

	id: 74
		node: 35
		(x, y, z): (48, 47, 1)
		dem: 19
		earl: 31
		lat: 271
		servt: 10
		pid: 0
		did: 44
		servST: 134.5100000000002
		(h, h_ind): (-1, 0)
		load: 32.0

	Finished service at time: 144.5100000000002

	Task 74 -> Task 80: 32.53
	Vehicle arrival at task: 177.0400000000002
	Waiting time until service start time: 0.0

	id: 80
		node: 39
		(x, y, z): (71, 70, 1)
		dem: 9
		earl: 0
		lat: 2524
		servt: 10
		pid: 0
		did: 119
		servST: 177.0400000000002
		(h, h_ind): (-1, 0)
		load: 41.0

	Finished service at time: 187.0400000000002

	Task 80 -> Task 119: 50.01
	Vehicle arrival at task: 237.05000000000018
	Waiting time until service start time: 0.0

	id: 119
		node: 79
		(x, y, z): (120, 60, 1)
		dem: -9
		earl: 156
		lat: 396
		servt: 10
		pid: 80
		did: 0
		servST: 237.05000000000018
		(h, h_ind): (-1, 0)
		load: 32.0

	Finished service at time: 247.05000000000018

	Task 119 -> Task 26: 91.21
	Vehicle arrival at task: 338.26000000000016
	Waiting time until service start time: 0.0

	id: 26
		node: 14
		(x, y, z): (64, 132, 1)
		dem: 8
		earl: 170
		lat: 410
		servt: 10
		pid: 0
		did: 173
		servST: 338.26000000000016
		(h, h_ind): (-1, 0)
		load: 40.0

	Finished service at time: 348.26000000000016

	Task 26 -> Task 164: 52.01
	Vehicle arrival at task: 400.27000000000015
	Waiting time until service start time: 0.0

	id: 164
		node: 49
		(x, y, z): (65, 80, 1)
		dem: -13
		earl: 0
		lat: 2514
		servt: 10
		pid: 12
		did: 0
		servST: 400.27000000000015
		(h, h_ind): (-1, 0)
		load: 27.0

	Finished service at time: 410.27000000000015

	Task 164 -> Task 56: 45.18
	Vehicle arrival at task: 455.45000000000016
	Waiting time until service start time: 0.0

	id: 56
		node: 29
		(x, y, z): (86, 40, 1)
		dem: 22
		earl: 0
		lat: 2491
		servt: 10
		pid: 0
		did: 11
		servST: 455.45000000000016
		(h, h_ind): (-1, 0)
		load: 49.0

	Finished service at time: 465.45000000000016

	Task 56 -> Task 6: 109.59
	Vehicle arrival at task: 575.0400000000002
	Waiting time until service start time: 0.0

	id: 6
		node: 5
		(x, y, z): (137, 137, 1)
		dem: 27
		earl: 339
		lat: 579
		servt: 10
		pid: 0
		did: 191
		servST: 575.0400000000002
		(h, h_ind): (-1, 0)
		load: 76.0

	Finished service at time: 585.0400000000002

	Task 6 -> Task 44: 36.0
	Vehicle arrival at task: 621.0400000000002
	Waiting time until service start time: 0.0

	id: 44
		node: 75
		(x, y, z): (137, 101, 1)
		dem: -19
		earl: 617
		lat: 857
		servt: 10
		pid: 74
		did: 0
		servST: 621.0400000000002
		(h, h_ind): (-1, 0)
		load: 57.0

	Finished service at time: 631.0400000000002

	Task 44 -> Task 45: 55.04
	Vehicle arrival at task: 686.0800000000002
	Waiting time until service start time: 0.0

	id: 45
		node: 25
		(x, y, z): (82, 103, 1)
		dem: 15
		earl: 0
		lat: 2490
		servt: 10
		pid: 0
		did: 16
		servST: 686.0800000000002
		(h, h_ind): (-1, 0)
		load: 72.0

	Finished service at time: 696.0800000000002

	Using Machine: 5
		Task 45 -> Machine 5 (Station 2): 32.06
		Vehicle arrival at machine station: 728.1400000000001
		Waiting time until machine travel: 0.0

		Machine travel start time: 728.1400000000001
		Region 1 -> Region 0: 5.0
		Machine arrival at machine station: 733.1400000000001

		Machine 5 (Station 1)-> Task 191: 45.1
		Vehicle arrival at task: 778.2400000000001
		Waiting time until service start time: 0.0

	id: 191
		node: 45
		(x, y, z): (125, 68, 0)
		dem: -27
		earl: 708
		lat: 948
		servt: 10
		pid: 6
		did: 0
		servST: 778.2400000000001
		(h, h_ind): (5, 4)
		load: 45.0

	Finished service at time: 788.2400000000001

	Using Machine: 5
		Task 191 -> Machine 5 (Station 1): 45.1
		Vehicle arrival at machine station: 833.3400000000001
		Waiting time until machine travel: 0.0

		Machine travel start time: 833.3400000000001
		Region 0 -> Region 1: 5.0
		Machine arrival at machine station: 838.3400000000001

		Machine 5 (Station 2)-> Task 40: 80.92
		Vehicle arrival at task: 919.2600000000001
		Waiting time until service start time: 0.0

	id: 40
		node: 22
		(x, y, z): (132, 133, 1)
		dem: 24
		earl: 0
		lat: 2437
		servt: 10
		pid: 0
		did: 72
		servST: 919.2600000000001
		(h, h_ind): (5, 5)
		load: 69.0

	Finished service at time: 929.2600000000001

	Task 40 -> Task 11: 95.13
	Vehicle arrival at task: 1024.39
	Waiting time until service start time: 0.0

	id: 11
		node: 69
		(x, y, z): (37, 138, 1)
		dem: -22
		earl: 0
		lat: 2450
		servt: 10
		pid: 56
		did: 0
		servST: 1024.39
		(h, h_ind): (-1, 0)
		load: 47.0

	Finished service at time: 1034.39

	Task 11 -> Task 66: 16.03
	Vehicle arrival at task: 1050.42
	Waiting time until service start time: 0.0

	id: 66
		node: 33
		(x, y, z): (38, 122, 1)
		dem: 13
		earl: 876
		lat: 1116
		servt: 10
		pid: 0
		did: 55
		servST: 1050.42
		(h, h_ind): (-1, 0)
		load: 60.0

	Finished service at time: 1060.42

	Using Machine: 0
		Task 66 -> Machine 0 (Station 2): 62.43
		Vehicle arrival at machine station: 1122.8500000000001
		Waiting time until machine travel: 0.0

		Machine travel start time: 1122.8500000000001
		Region 1 -> Region 0: 5.0
		Machine arrival at machine station: 1127.8500000000001

		Machine 0 (Station 1)-> Task 9: 56.61
		Vehicle arrival at task: 1184.46
		Waiting time until service start time: 0.0

	id: 9
		node: 7
		(x, y, z): (107, 25, 0)
		dem: 13
		earl: 1035
		lat: 1275
		servt: 10
		pid: 0
		did: 82
		servST: 1184.46
		(h, h_ind): (0, 1)
		load: 73.0

	Finished service at time: 1194.46

	Task 9 -> Task 72: 19.42
	Vehicle arrival at task: 1213.88
	Waiting time until service start time: 0.0

	id: 72
		node: 62
		(x, y, z): (88, 29, 0)
		dem: -24
		earl: 0
		lat: 2481
		servt: 10
		pid: 40
		did: 0
		servST: 1213.88
		(h, h_ind): (-1, 0)
		load: 49.0

	Finished service at time: 1223.88

	Using Machine: 4
		Task 72 -> Machine 4 (Station 1): 45.69
		Vehicle arrival at machine station: 1269.5700000000002
		Waiting time until machine travel: 0.0

		Machine travel start time: 1269.5700000000002
		Region 0 -> Region 1: 5.0
		Machine arrival at machine station: 1274.5700000000002

		Machine 4 (Station 2)-> Task 16: 40.31
		Vehicle arrival at task: 1314.88
		Waiting time until service start time: 0.0

	id: 16
		node: 65
		(x, y, z): (50, 106, 1)
		dem: -15
		earl: 1221
		lat: 1461
		servt: 10
		pid: 45
		did: 0
		servST: 1314.88
		(h, h_ind): (4, 6)
		load: 34.0

	Finished service at time: 1324.88

	Task 16 -> Task 58: 12.73
	Vehicle arrival at task: 1337.6100000000001
	Waiting time until service start time: 0.0

	id: 58
		node: 30
		(x, y, z): (59, 115, 1)
		dem: 26
		earl: 1195
		lat: 1435
		servt: 10
		pid: 0
		did: 86
		servST: 1337.6100000000001
		(h, h_ind): (-1, 0)
		load: 60.0

	Finished service at time: 1347.6100000000001

	Using Machine: 4
		Task 58 -> Machine 4 (Station 2): 45.35
		Vehicle arrival at machine station: 1392.96
		Waiting time until machine travel: 0.0

		Machine travel start time: 1392.96
		Region 1 -> Region 0: 5.0
		Machine arrival at machine station: 1397.96

		Machine 4 (Station 1)-> Task 173: 49.09
		Vehicle arrival at task: 1447.05
		Waiting time until service start time: 0.0

	id: 173
		node: 54
		(x, y, z): (67, 120, 0)
		dem: -8
		earl: 1375
		lat: 1615
		servt: 10
		pid: 26
		did: 0
		servST: 1447.05
		(h, h_ind): (4, 7)
		load: 52.0

	Finished service at time: 1457.05

	Task 173 -> Task 82: 72.92
	Vehicle arrival at task: 1529.97
	Waiting time until service start time: 0.0

	id: 82
		node: 47
		(x, y, z): (36, 54, 0)
		dem: -13
		earl: 1428
		lat: 1668
		servt: 10
		pid: 9
		did: 0
		servST: 1529.97
		(h, h_ind): (-1, 0)
		load: 39.0

	Finished service at time: 1539.97

	Using Machine: 4
		Task 82 -> Machine 4 (Station 1): 38.01
		Vehicle arrival at machine station: 1577.98
		Waiting time until machine travel: 0.0

		Machine travel start time: 1577.98
		Region 0 -> Region 1: 5.0
		Machine arrival at machine station: 1582.98

		Machine 4 (Station 2)-> Task 55: 22.02
		Vehicle arrival at task: 1605.0
		Waiting time until service start time: 0.0

	id: 55
		node: 73
		(x, y, z): (84, 88, 1)
		dem: -13
		earl: 1365
		lat: 1605
		servt: 10
		pid: 66
		did: 0
		servST: 1605.0
		(h, h_ind): (4, 8)
		load: 26.0

	Finished service at time: 1615.0

	Using Machine: 5
		Task 55 -> Machine 5 (Station 2): 17.46
		Vehicle arrival at machine station: 1632.46
		Waiting time until machine travel: 0.0

		Machine travel start time: 1632.46
		Region 1 -> Region 0: 5.0
		Machine arrival at machine station: 1637.46

		Machine 5 (Station 1)-> Task 23: 8.25
		Vehicle arrival at task: 1645.71
		Waiting time until service start time: 0.0

	id: 23
		node: 12
		(x, y, z): (78, 63, 0)
		dem: 19
		earl: 0
		lat: 2515
		servt: 10
		pid: 0
		did: 110
		servST: 1645.71
		(h, h_ind): (5, 8)
		load: 45.0

	Finished service at time: 1655.71

	Using Machine: 4
		Task 23 -> Machine 4 (Station 1): 11.31
		Vehicle arrival at machine station: 1667.02
		Waiting time until machine travel: 0.0

		Machine travel start time: 1667.02
		Region 0 -> Region 1: 5.0
		Machine arrival at machine station: 1672.02

		Machine 4 (Station 2)-> Task 110: 54.74
		Vehicle arrival at task: 1726.76
		Waiting time until service start time: 0.0

	id: 110
		node: 52
		(x, y, z): (16, 62, 1)
		dem: -19
		earl: 1524
		lat: 1764
		servt: 10
		pid: 23
		did: 0
		servST: 1726.76
		(h, h_ind): (4, 9)
		load: 26.0

	Finished service at time: 1736.76

	Task 110 -> Task 75: 88.68
	Vehicle arrival at task: 1825.44
	Waiting time until service start time: 0.0

	id: 75
		node: 36
		(x, y, z): (104, 73, 1)
		dem: 17
		earl: 0
		lat: 2491
		servt: 10
		pid: 0
		did: 169
		servST: 1825.44
		(h, h_ind): (-1, 0)
		load: 43.0

	Finished service at time: 1835.44

	Using Machine: 5
		Task 75 -> Machine 5 (Station 2): 24.08
		Vehicle arrival at machine station: 1859.52
		Waiting time until machine travel: 0.0

		Machine travel start time: 1859.52
		Region 1 -> Region 0: 5.0
		Machine arrival at machine station: 1864.52

		Machine 5 (Station 1)-> Task 169: 35.81
		Vehicle arrival at task: 1900.33
		Waiting time until service start time: 0.0

	id: 169
		node: 76
		(x, y, z): (51, 92, 0)
		dem: -17
		earl: 1731
		lat: 1971
		servt: 10
		pid: 75
		did: 0
		servST: 1900.33
		(h, h_ind): (5, 9)
		load: 26.0

	Finished service at time: 1910.33

	Using Machine: 4
		Task 169 -> Machine 4 (Station 1): 28.32
		Vehicle arrival at machine station: 1938.6499999999999
		Waiting time until machine travel: 0.0

		Machine travel start time: 1938.6499999999999
		Region 0 -> Region 1: 5.0
		Machine arrival at machine station: 1943.6499999999999

		Machine 4 (Station 2)-> Task 86: 25.18
		Vehicle arrival at task: 1968.83
		Waiting time until service start time: 0.0

	id: 86
		node: 70
		(x, y, z): (67, 96, 1)
		dem: -26
		earl: 1908
		lat: 2148
		servt: 10
		pid: 58
		did: 0
		servST: 1968.83
		(h, h_ind): (4, 11)
		load: 0.0

	Finished service at time: 1978.83

	Using Machine: 4
		Task 86 -> Machine 4 (Station 2): 25.18
		Vehicle arrival at machine station: 2004.01
		Waiting time until machine travel: 0.0

		Machine travel start time: 2004.01
		Region 1 -> Region 0: 5.0
		Machine arrival at machine station: 2009.01

		Machine 4 (Station 1)-> Task 0: 1.0
		Vehicle arrival at task: 2010.01
		Waiting time until service start time: 0.0

	id: 0
		node: 82
		(x, y, z): (70, 70, 0)
		dem: 0
		earl: 0
		lat: 2535
		servt: 0
		pid: 0
		did: 0
		servST: 2010.01
		(h, h_ind): (4, 12)
		load: 0.0


Vehicle 16 :
	id: 0
		node: 1
		(x, y, z): (70, 70, 0)
		dem: 0
		earl: 0
		lat: 2535
		servt: 0
		pid: 0
		did: 0
		servST: 5.839999999999826
		(h, h_ind): (-1, 0)
		load: 0.0

	Finished service at time: 5.839999999999826

	Task 0 -> Task 8: 41.77
	Vehicle arrival at task: 47.60999999999983
	Waiting time until service start time: 0.0

	id: 8
		node: 6
		(x, y, z): (78, 111, 0)
		dem: 22
		earl: 47
		lat: 287
		servt: 10
		pid: 0
		did: 136
		servST: 47.60999999999983
		(h, h_ind): (-1, 0)
		load: 22.0

	Finished service at time: 57.60999999999983

	Using Machine: 5
		Task 8 -> Machine 5 (Station 1): 40.05
		Vehicle arrival at machine station: 97.65999999999983
		Waiting time until machine travel: 0.0

		Machine travel start time: 97.65999999999983
		Region 0 -> Region 1: 5.0
		Machine arrival at machine station: 102.65999999999983

		Machine 5 (Station 2)-> Task 77: 35.47
		Vehicle arrival at task: 138.12999999999982
		Waiting time until service start time: 0.0

	id: 77
		node: 37
		(x, y, z): (103, 44, 1)
		dem: 12
		earl: 0
		lat: 2483
		servt: 10
		pid: 0
		did: 94
		servST: 138.12999999999982
		(h, h_ind): (5, 1)
		load: 34.0

	Finished service at time: 148.12999999999982

	Task 77 -> Task 94: 73.05
	Vehicle arrival at task: 221.17999999999984
	Waiting time until service start time: -0.0

	id: 94
		node: 77
		(x, y, z): (34, 20, 1)
		dem: -12
		earl: 0
		lat: 2464
		servt: 10
		pid: 77
		did: 0
		servST: 221.1799999999998
		(h, h_ind): (-1, 0)
		load: 22.0

	Finished service at time: 231.1799999999998

	Task 94 -> Task 33: 12.04
	Vehicle arrival at task: 243.2199999999998
	Waiting time until service start time: 0.0

	id: 33
		node: 18
		(x, y, z): (42, 29, 1)
		dem: 12
		earl: 0
		lat: 2476
		servt: 10
		pid: 0
		did: 192
		servST: 243.2199999999998
		(h, h_ind): (-1, 0)
		load: 34.0

	Finished service at time: 253.2199999999998

	Task 33 -> Task 36: 7.07
	Vehicle arrival at task: 260.2899999999998
	Waiting time until service start time: 0.0

	id: 36
		node: 20
		(x, y, z): (41, 36, 1)
		dem: 13
		earl: 146
		lat: 386
		servt: 10
		pid: 0
		did: 37
		servST: 260.2899999999998
		(h, h_ind): (-1, 0)
		load: 47.0

	Finished service at time: 270.2899999999998

	Using Machine: 4
		Task 36 -> Machine 4 (Station 2): 45.45
		Vehicle arrival at machine station: 315.7399999999998
		Waiting time until machine travel: 0.0

		Machine travel start time: 315.7399999999998
		Region 1 -> Region 0: 5.0
		Machine arrival at machine station: 320.7399999999998

		Machine 4 (Station 1)-> Task 192: 43.6
		Vehicle arrival at task: 364.3399999999998
		Waiting time until service start time: 0.0

	id: 192
		node: 58
		(x, y, z): (44, 36, 0)
		dem: -12
		earl: 131
		lat: 371
		servt: 10
		pid: 33
		did: 0
		servST: 364.3399999999998
		(h, h_ind): (4, 3)
		load: 35.0

	Finished service at time: 374.3399999999998

	Task 192 -> Task 35: 32.31
	Vehicle arrival at task: 406.6499999999998
	Waiting time until service start time: 0.0

	id: 35
		node: 19
		(x, y, z): (32, 6, 0)
		dem: 11
		earl: 320
		lat: 560
		servt: 10
		pid: 0
		did: 30
		servST: 406.6499999999998
		(h, h_ind): (-1, 0)
		load: 46.0

	Finished service at time: 416.6499999999998

	Using Machine: 4
		Task 35 -> Machine 4 (Station 1): 75.29
		Vehicle arrival at machine station: 491.9399999999998
		Waiting time until machine travel: 0.0

		Machine travel start time: 491.9399999999998
		Region 0 -> Region 1: 5.0
		Machine arrival at machine station: 496.9399999999998

		Machine 4 (Station 2)-> Task 30: 61.85
		Vehicle arrival at task: 558.7899999999998
		Waiting time until service start time: 0.0

	id: 30
		node: 59
		(x, y, z): (10, 86, 1)
		dem: -11
		earl: 0
		lat: 2463
		servt: 10
		pid: 35
		did: 0
		servST: 558.7899999999998
		(h, h_ind): (4, 4)
		load: 35.0

	Finished service at time: 568.7899999999998

	Task 30 -> Task 64: 47.43
	Vehicle arrival at task: 616.2199999999998
	Waiting time until service start time: 0.0

	id: 64
		node: 31
		(x, y, z): (37, 125, 1)
		dem: 10
		earl: 0
		lat: 2461
		servt: 10
		pid: 0
		did: 79
		servST: 616.2199999999998
		(h, h_ind): (-1, 0)
		load: 45.0

	Finished service at time: 626.2199999999998

	Task 64 -> Task 79: 11.4
	Vehicle arrival at task: 637.6199999999998
	Waiting time until service start time: 0.0

	id: 79
		node: 71
		(x, y, z): (44, 116, 1)
		dem: -10
		earl: 0
		lat: 2473
		servt: 10
		pid: 64
		did: 0
		servST: 637.6199999999998
		(h, h_ind): (-1, 0)
		load: 35.0

	Finished service at time: 647.6199999999998

	Using Machine: 4
		Task 79 -> Machine 4 (Station 2): 51.97
		Vehicle arrival at machine station: 699.5899999999998
		Waiting time until machine travel: 0.0

		Machine travel start time: 699.5899999999998
		Region 1 -> Region 0: 5.0
		Machine arrival at machine station: 704.5899999999998

		Machine 4 (Station 1)-> Task 136: 70.52
		Vehicle arrival at task: 775.1099999999998
		Waiting time until service start time: 0.0

	id: 136
		node: 46
		(x, y, z): (92, 138, 0)
		dem: -22
		earl: 0
		lat: 2454
		servt: 10
		pid: 8
		did: 0
		servST: 775.1099999999998
		(h, h_ind): (4, 5)
		load: 13.0

	Finished service at time: 785.1099999999998

	Task 136 -> Task 78: 46.1
	Vehicle arrival at task: 831.2099999999998
	Waiting time until service start time: 0.0

	id: 78
		node: 38
		(x, y, z): (73, 96, 0)
		dem: 9
		earl: 604
		lat: 844
		servt: 10
		pid: 0
		did: 5
		servST: 831.2099999999998
		(h, h_ind): (-1, 0)
		load: 22.0

	Finished service at time: 841.2099999999998

	Using Machine: 2
		Task 78 -> Machine 2 (Station 1): 25.02
		Vehicle arrival at machine station: 866.2299999999998
		Waiting time until machine travel: 0.0

		Machine travel start time: 866.2299999999998
		Region 0 -> Region 1: 5.0
		Machine arrival at machine station: 871.2299999999998

		Machine 2 (Station 2)-> Task 5: 45.1
		Vehicle arrival at task: 916.3299999999998
		Waiting time until service start time: 0.0

	id: 5
		node: 78
		(x, y, z): (69, 116, 1)
		dem: -9
		earl: 0
		lat: 2479
		servt: 10
		pid: 78
		did: 0
		servST: 916.3299999999998
		(h, h_ind): (2, 1)
		load: 13.0

	Finished service at time: 926.3299999999998

	Task 5 -> Task 68: 42.72
	Vehicle arrival at task: 969.0499999999998
	Waiting time until service start time: 0.0

	id: 68
		node: 34
		(x, y, z): (109, 131, 1)
		dem: 16
		earl: 0
		lat: 2453
		servt: 10
		pid: 0
		did: 158
		servST: 969.0499999999998
		(h, h_ind): (-1, 0)
		load: 29.0

	Finished service at time: 979.0499999999998

	Task 68 -> Task 38: 29.07
	Vehicle arrival at task: 1008.1199999999999
	Waiting time until service start time: 0.0

	id: 38
		node: 21
		(x, y, z): (107, 102, 1)
		dem: 12
		earl: 0
		lat: 2477
		servt: 10
		pid: 0
		did: 19
		servST: 1008.1199999999999
		(h, h_ind): (-1, 0)
		load: 41.0

	Finished service at time: 1018.1199999999999

	Task 38 -> Task 31: 68.48
	Vehicle arrival at task: 1086.6
	Waiting time until service start time: 0.0

	id: 31
		node: 16
		(x, y, z): (140, 42, 1)
		dem: 13
		earl: 0
		lat: 2450
		servt: 10
		pid: 0
		did: 15
		servST: 1086.6
		(h, h_ind): (-1, 0)
		load: 54.0

	Finished service at time: 1096.6

	Task 31 -> Task 19: 37.36
	Vehicle arrival at task: 1133.9599999999998
	Waiting time until service start time: 0.0

	id: 19
		node: 61
		(x, y, z): (104, 32, 1)
		dem: -12
		earl: 0
		lat: 2475
		servt: 10
		pid: 38
		did: 0
		servST: 1133.9599999999998
		(h, h_ind): (-1, 0)
		load: 42.0

	Finished service at time: 1143.9599999999998

	Using Machine: 1
		Task 19 -> Machine 1 (Station 2): 48.01
		Vehicle arrival at machine station: 1191.9699999999998
		Waiting time until machine travel: 0.0

		Machine travel start time: 1191.9699999999998
		Region 1 -> Region 0: 5.0
		Machine arrival at machine station: 1196.9699999999998

		Machine 1 (Station 1)-> Task 158: 37.2
		Vehicle arrival at task: 1234.1699999999998
		Waiting time until service start time: 0.0

	id: 158
		node: 74
		(x, y, z): (54, 41, 0)
		dem: -16
		earl: 1065
		lat: 1305
		servt: 10
		pid: 68
		did: 0
		servST: 1234.1699999999998
		(h, h_ind): (1, 1)
		load: 26.0

	Finished service at time: 1244.1699999999998

	Task 158 -> Task 15: 89.69
	Vehicle arrival at task: 1333.86
	Waiting time until service start time: 0.0

	id: 15
		node: 56
		(x, y, z): (137, 7, 0)
		dem: -13
		earl: 0
		lat: 2434
		servt: 10
		pid: 31
		did: 0
		servST: 1333.86
		(h, h_ind): (-1, 0)
		load: 13.0

	Finished service at time: 1343.86

	Task 15 -> Task 37: 31.14
	Vehicle arrival at task: 1375.0
	Waiting time until service start time: 0.0

	id: 37
		node: 60
		(x, y, z): (106, 10, 0)
		dem: -13
		earl: 1135
		lat: 1375
		servt: 10
		pid: 36
		did: 0
		servST: 1375.0
		(h, h_ind): (-1, 0)
		load: 0.0

	Finished service at time: 1385.0

	Task 37 -> Task 2: 89.44
	Vehicle arrival at task: 1474.44
	Waiting time until service start time: 15.56

	id: 2
		node: 2
		(x, y, z): (26, 50, 0)
		dem: 7
		earl: 1490
		lat: 1730
		servt: 10
		pid: 0
		did: 108
		servST: 1490.0
		(h, h_ind): (-1, 0)
		load: 7.0

	Finished service at time: 1500.0

	Task 2 -> Task 108: 33.84
	Vehicle arrival at task: 1533.84
	Waiting time until service start time: 6.16

	id: 108
		node: 42
		(x, y, z): (15, 18, 0)
		dem: -7
		earl: 1540
		lat: 1780
		servt: 10
		pid: 2
		did: 0
		servST: 1540.0
		(h, h_ind): (-1, 0)
		load: 0.0

	Finished service at time: 1550.0

	Task 108 -> Task 0: 75.69
	Vehicle arrival at task: 1625.69
	Waiting time until service start time: 0.0

	id: 0
		node: 82
		(x, y, z): (70, 70, 0)
		dem: 0
		earl: 0
		lat: 2535
		servt: 0
		pid: 0
		did: 0
		servST: 1625.69
		(h, h_ind): (-1, 0)
		load: 0.0


Vehicle 20 :
	id: 0
		node: 1
		(x, y, z): (70, 70, 0)
		dem: 0
		earl: 0
		lat: 2535
		servt: 0
		pid: 0
		did: 0
		servST: 0.0
		(h, h_ind): (-1, 0)
		load: 0.0

	Finished service at time: 0.0

	Task 0 -> Task 50: 68.26
	Vehicle arrival at task: 68.26
	Waiting time until service start time: 0.0

	id: 50
		node: 27
		(x, y, z): (64, 138, 0)
		dem: 15
		earl: 0
		lat: 2457
		servt: 10
		pid: 0
		did: 124
		servST: 68.26
		(h, h_ind): (-1, 0)
		load: 15.0

	Finished service at time: 78.26

	Using Machine: 4
		Task 50 -> Machine 4 (Station 1): 67.27
		Vehicle arrival at machine station: 145.53
		Waiting time until machine travel: 0.0

		Machine travel start time: 145.53
		Region 0 -> Region 1: 5.0
		Machine arrival at machine station: 150.53

		Machine 4 (Station 2)-> Task 3: 42.38
		Vehicle arrival at task: 192.91
		Waiting time until service start time: 0.0

	id: 3
		node: 3
		(x, y, z): (30, 57, 1)
		dem: 20
		earl: 0
		lat: 2483
		servt: 10
		pid: 0
		did: 95
		servST: 192.91
		(h, h_ind): (4, 2)
		load: 35.0

	Finished service at time: 202.91

	Task 3 -> Task 41: 51.0
	Vehicle arrival at task: 253.91
	Waiting time until service start time: 0.0

	id: 41
		node: 23
		(x, y, z): (81, 57, 1)
		dem: 8
		earl: 17
		lat: 257
		servt: 10
		pid: 0
		did: 198
		servST: 253.91
		(h, h_ind): (-1, 0)
		load: 43.0

	Finished service at time: 263.90999999999997

	Task 41 -> Task 95: 61.59
	Vehicle arrival at task: 325.5
	Waiting time until service start time: 0.0

	id: 95
		node: 43
		(x, y, z): (114, 109, 1)
		dem: -20
		earl: 249
		lat: 489
		servt: 10
		pid: 3
		did: 0
		servST: 325.5
		(h, h_ind): (-1, 0)
		load: 23.0

	Finished service at time: 335.5

	Using Machine: 5
		Task 95 -> Machine 5 (Station 2): 50.99
		Vehicle arrival at machine station: 386.49
		Waiting time until machine travel: 0.0

		Machine travel start time: 386.49
		Region 1 -> Region 0: 5.0
		Machine arrival at machine station: 391.49

		Machine 5 (Station 1)-> Task 65: 41.59
		Vehicle arrival at task: 433.08000000000004
		Waiting time until service start time: 0.0

	id: 65
		node: 32
		(x, y, z): (99, 34, 0)
		dem: 9
		earl: 243
		lat: 483
		servt: 10
		pid: 0
		did: 120
		servST: 433.08000000000004
		(h, h_ind): (5, 2)
		load: 32.0

	Finished service at time: 443.08000000000004

	Task 65 -> Task 51: 30.02
	Vehicle arrival at task: 473.1
	Waiting time until service start time: 0.0

	id: 51
		node: 28
		(x, y, z): (98, 4, 0)
		dem: 20
		earl: 0
		lat: 2454
		servt: 10
		pid: 0
		did: 49
		servST: 473.1
		(h, h_ind): (-1, 0)
		load: 52.0

	Finished service at time: 483.1

	Task 51 -> Task 49: 21.93
	Vehicle arrival at task: 505.03000000000003
	Waiting time until service start time: 0.0

	id: 49
		node: 68
		(x, y, z): (89, 24, 0)
		dem: -20
		earl: 0
		lat: 2476
		servt: 10
		pid: 51
		did: 0
		servST: 505.03000000000003
		(h, h_ind): (-1, 0)
		load: 32.0

	Finished service at time: 515.03

	Task 49 -> Task 42: 41.77
	Vehicle arrival at task: 556.8
	Waiting time until service start time: 0.0

	id: 42
		node: 24
		(x, y, z): (120, 52, 0)
		dem: 20
		earl: 0
		lat: 2472
		servt: 10
		pid: 0
		did: 43
		servST: 556.8000000000001
		(h, h_ind): (-1, 0)
		load: 52.0

	Finished service at time: 566.8000000000001

	Task 42 -> Task 120: 41.04
	Vehicle arrival at task: 607.84
	Waiting time until service start time: 0.0

	id: 120
		node: 72
		(x, y, z): (92, 22, 0)
		dem: -9
		earl: 0
		lat: 2473
		servt: 10
		pid: 65
		did: 0
		servST: 607.84
		(h, h_ind): (-1, 0)
		load: 43.0

	Finished service at time: 617.84

	Task 120 -> Task 43: 23.26
	Vehicle arrival at task: 641.1
	Waiting time until service start time: 0.0

	id: 43
		node: 64
		(x, y, z): (113, 32, 0)
		dem: -20
		earl: 0
		lat: 2468
		servt: 10
		pid: 42
		did: 0
		servST: 641.1
		(h, h_ind): (-1, 0)
		load: 23.0

	Finished service at time: 651.1

	Using Machine: 5
		Task 43 -> Machine 5 (Station 1): 51.09
		Vehicle arrival at machine station: 702.19
		Waiting time until machine travel: 0.0

		Machine travel start time: 702.19
		Region 0 -> Region 1: 5.0
		Machine arrival at machine station: 707.19

		Machine 5 (Station 2)-> Task 32: 67.01
		Vehicle arrival at task: 774.2
		Waiting time until service start time: 0.0

	id: 32
		node: 17
		(x, y, z): (121, 124, 1)
		dem: 21
		earl: 539
		lat: 779
		servt: 10
		pid: 0
		did: 127
		servST: 774.2
		(h, h_ind): (5, 3)
		load: 44.0

	Finished service at time: 784.2

	Using Machine: 5
		Task 32 -> Machine 5 (Station 2): 67.01
		Vehicle arrival at machine station: 851.21
		Waiting time until machine travel: 0.0

		Machine travel start time: 851.21
		Region 1 -> Region 0: 5.0
		Machine arrival at machine station: 856.21

		Machine 5 (Station 1)-> Task 127: 67.23
		Vehicle arrival at task: 923.44
		Waiting time until service start time: 0.0

	id: 127
		node: 57
		(x, y, z): (138, 105, 0)
		dem: -21
		earl: 0
		lat: 2449
		servt: 10
		pid: 32
		did: 0
		servST: 923.44
		(h, h_ind): (5, 6)
		load: 23.0

	Finished service at time: 933.44

	Task 127 -> Task 27: 25.5
	Vehicle arrival at task: 958.94
	Waiting time until service start time: 0.0

	id: 27
		node: 15
		(x, y, z): (133, 130, 0)
		dem: 13
		earl: 0
		lat: 2438
		servt: 10
		pid: 0
		did: 76
		servST: 958.94
		(h, h_ind): (-1, 0)
		load: 36.0

	Finished service at time: 968.94

	Task 27 -> Task 124: 51.62
	Vehicle arrival at task: 1020.5600000000001
	Waiting time until service start time: 0.0

	id: 124
		node: 67
		(x, y, z): (85, 111, 0)
		dem: -15
		earl: 952
		lat: 1192
		servt: 10
		pid: 50
		did: 0
		servST: 1020.5600000000001
		(h, h_ind): (-1, 0)
		load: 21.0

	Finished service at time: 1030.56

	Task 124 -> Task 198: 81.6
	Vehicle arrival at task: 1112.1599999999999
	Waiting time until service start time: 0.0

	id: 198
		node: 63
		(x, y, z): (8, 138, 0)
		dem: -8
		earl: 1105
		lat: 1345
		servt: 10
		pid: 41
		did: 0
		servST: 1112.16
		(h, h_ind): (-1, 0)
		load: 13.0

	Finished service at time: 1122.16

	Task 198 -> Task 18: 96.94
	Vehicle arrival at task: 1219.1000000000001
	Waiting time until service start time: 0.0

	id: 18
		node: 11
		(x, y, z): (79, 72, 0)
		dem: 22
		earl: 0
		lat: 2516
		servt: 10
		pid: 0
		did: 138
		servST: 1219.1000000000001
		(h, h_ind): (-1, 0)
		load: 35.0

	Finished service at time: 1229.1000000000001

	Using Machine: 5
		Task 18 -> Machine 5 (Station 1): 1.41
		Vehicle arrival at machine station: 1230.5100000000002
		Waiting time until machine travel: 0.0

		Machine travel start time: 1230.5100000000002
		Region 0 -> Region 1: 5.0
		Machine arrival at machine station: 1235.5100000000002

		Machine 5 (Station 2)-> Task 138: 34.41
		Vehicle arrival at task: 1269.9200000000003
		Waiting time until service start time: 0.0

	id: 138
		node: 51
		(x, y, z): (100, 99, 1)
		dem: -22
		earl: 1136
		lat: 1376
		servt: 10
		pid: 18
		did: 0
		servST: 1269.9200000000003
		(h, h_ind): (5, 7)
		load: 13.0

	Finished service at time: 1279.9200000000003

	Task 138 -> Task 13: 31.89
	Vehicle arrival at task: 1311.8100000000004
	Waiting time until service start time: 0.0

	id: 13
		node: 10
		(x, y, z): (121, 123, 1)
		dem: 9
		earl: 0
		lat: 2452
		servt: 10
		pid: 0
		did: 52
		servST: 1311.8100000000004
		(h, h_ind): (-1, 0)
		load: 22.0

	Finished service at time: 1321.8100000000004

	Task 13 -> Task 81: 117.32
	Vehicle arrival at task: 1439.1300000000003
	Waiting time until service start time: 0.0

	id: 81
		node: 40
		(x, y, z): (83, 12, 1)
		dem: 29
		earl: 0
		lat: 2466
		servt: 10
		pid: 0
		did: 83
		servST: 1439.1300000000003
		(h, h_ind): (-1, 0)
		load: 51.0

	Finished service at time: 1449.1300000000003

	Task 81 -> Task 76: 74.33
	Vehicle arrival at task: 1523.4600000000003
	Waiting time until service start time: 0.0

	id: 76
		node: 55
		(x, y, z): (9, 19, 1)
		dem: -13
		earl: 1431
		lat: 1671
		servt: 10
		pid: 27
		did: 0
		servST: 1523.4600000000003
		(h, h_ind): (-1, 0)
		load: 38.0

	Finished service at time: 1533.4600000000003

	Task 76 -> Task 4: 45.62
	Vehicle arrival at task: 1579.0800000000002
	Waiting time until service start time: 0.0

	id: 4
		node: 4
		(x, y, z): (29, 60, 1)
		dem: 14
		earl: 0
		lat: 2483
		servt: 10
		pid: 0
		did: 20
		servST: 1579.0800000000002
		(h, h_ind): (-1, 0)
		load: 52.0

	Finished service at time: 1589.0800000000002

	Task 4 -> Task 83: 34.54
	Vehicle arrival at task: 1623.6200000000001
	Waiting time until service start time: 0.0

	id: 83
		node: 80
		(x, y, z): (16, 92, 1)
		dem: -29
		earl: 0
		lat: 2467
		servt: 10
		pid: 81
		did: 0
		servST: 1623.6200000000001
		(h, h_ind): (-1, 0)
		load: 23.0

	Finished service at time: 1633.6200000000001

	Task 83 -> Task 20: 9.43
	Vehicle arrival at task: 1643.0500000000002
	Waiting time until service start time: 0.0

	id: 20
		node: 44
		(x, y, z): (8, 87, 1)
		dem: -14
		earl: 1545
		lat: 1785
		servt: 10
		pid: 4
		did: 0
		servST: 1643.0500000000002
		(h, h_ind): (-1, 0)
		load: 9.0

	Finished service at time: 1653.0500000000002

	Task 20 -> Task 10: 51.79
	Vehicle arrival at task: 1704.8400000000001
	Waiting time until service start time: 0.0

	id: 10
		node: 8
		(x, y, z): (17, 138, 1)
		dem: 8
		earl: 1670
		lat: 1910
		servt: 10
		pid: 0
		did: 73
		servST: 1704.8400000000001
		(h, h_ind): (-1, 0)
		load: 17.0

	Finished service at time: 1714.8400000000001

	Task 10 -> Task 73: 43.91
	Vehicle arrival at task: 1758.7500000000002
	Waiting time until service start time: 0.0

	id: 73
		node: 48
		(x, y, z): (39, 100, 1)
		dem: -8
		earl: 0
		lat: 2482
		servt: 10
		pid: 10
		did: 0
		servST: 1758.7500000000002
		(h, h_ind): (-1, 0)
		load: 9.0

	Finished service at time: 1768.7500000000002

	Using Machine: 4
		Task 73 -> Machine 4 (Station 2): 42.45
		Vehicle arrival at machine station: 1811.2000000000003
		Waiting time until machine travel: 0.0

		Machine travel start time: 1811.2000000000003
		Region 1 -> Region 0: 5.0
		Machine arrival at machine station: 1816.2000000000003

		Machine 4 (Station 1)-> Task 52: 38.08
		Vehicle arrival at task: 1854.2800000000002
		Waiting time until service start time: 0.0

	id: 52
		node: 50
		(x, y, z): (61, 34, 0)
		dem: -9
		earl: 1830
		lat: 2070
		servt: 10
		pid: 13
		did: 0
		servST: 1854.2800000000002
		(h, h_ind): (4, 10)
		load: 0.0

	Finished service at time: 1864.2800000000002

	Task 52 -> Task 0: 37.11
	Vehicle arrival at task: 1901.39
	Waiting time until service start time: 0.0

	id: 0
		node: 82
		(x, y, z): (70, 70, 0)
		dem: 0
		earl: 0
		lat: 2535
		servt: 0
		pid: 0
		did: 0
		servST: 1901.39
		(h, h_ind): (-1, 0)
		load: 0.0


---------------------| MACHINES |---------------------

Machine 0 :
	setup duration: 5.0

	vehicle: 8
	vehicleInd: 18
	(orig, dest): (66, 9)
	(origRegion, destRegion): (1, 0)
	st: 1122.8500000000001
	duration: 5.0


Machine 1 :
	setup duration: 5.0

	vehicle: 16
	vehicleInd: 19
	(orig, dest): (19, 158)
	(origRegion, destRegion): (1, 0)
	st: 1191.9699999999998
	duration: 5.0


Machine 2 :
	setup duration: 0.0

	vehicle: 16
	vehicleInd: 14
	(orig, dest): (78, 5)
	(origRegion, destRegion): (0, 1)
	st: 866.2299999999998
	duration: 5.0


Machine 4 :
	setup duration: 0.0

	vehicle: 8
	vehicleInd: 2
	(orig, dest): (0, 25)
	(origRegion, destRegion): (0, 1)
	st: 2.8600000000001913
	duration: 5.0

	setup duration: 5.0

	vehicle: 20
	vehicleInd: 3
	(orig, dest): (50, 3)
	(origRegion, destRegion): (0, 1)
	st: 145.53
	duration: 5.0

	setup duration: 0.0

	vehicle: 16
	vehicleInd: 7
	(orig, dest): (36, 192)
	(origRegion, destRegion): (1, 0)
	st: 315.7399999999998
	duration: 5.0

	setup duration: 0.0

	vehicle: 16
	vehicleInd: 9
	(orig, dest): (35, 30)
	(origRegion, destRegion): (0, 1)
	st: 491.9399999999998
	duration: 5.0

	setup duration: 0.0

	vehicle: 16
	vehicleInd: 12
	(orig, dest): (79, 136)
	(origRegion, destRegion): (1, 0)
	st: 699.5899999999998
	duration: 5.0

	setup duration: 0.0

	vehicle: 8
	vehicleInd: 20
	(orig, dest): (72, 16)
	(origRegion, destRegion): (0, 1)
	st: 1269.5700000000002
	duration: 5.0

	setup duration: 0.0

	vehicle: 8
	vehicleInd: 22
	(orig, dest): (58, 173)
	(origRegion, destRegion): (1, 0)
	st: 1392.96
	duration: 5.0

	setup duration: 0.0

	vehicle: 8
	vehicleInd: 24
	(orig, dest): (82, 55)
	(origRegion, destRegion): (0, 1)
	st: 1577.98
	duration: 5.0

	setup duration: 5.0

	vehicle: 8
	vehicleInd: 26
	(orig, dest): (23, 110)
	(origRegion, destRegion): (0, 1)
	st: 1667.02
	duration: 5.0

	setup duration: 0.0

	vehicle: 20
	vehicleInd: 27
	(orig, dest): (73, 52)
	(origRegion, destRegion): (1, 0)
	st: 1811.2000000000003
	duration: 5.0

	setup duration: 0.0

	vehicle: 8
	vehicleInd: 29
	(orig, dest): (169, 86)
	(origRegion, destRegion): (0, 1)
	st: 1938.6499999999999
	duration: 5.0

	setup duration: 0.0

	vehicle: 8
	vehicleInd: 30
	(orig, dest): (86, 0)
	(origRegion, destRegion): (1, 0)
	st: 2004.01
	duration: 5.0


Machine 5 :
	setup duration: 0.0

	vehicle: 16
	vehicleInd: 3
	(orig, dest): (8, 77)
	(origRegion, destRegion): (0, 1)
	st: 97.65999999999983
	duration: 5.0

	setup duration: 0.0

	vehicle: 20
	vehicleInd: 6
	(orig, dest): (95, 65)
	(origRegion, destRegion): (1, 0)
	st: 386.49
	duration: 5.0

	setup duration: 0.0

	vehicle: 20
	vehicleInd: 12
	(orig, dest): (43, 32)
	(origRegion, destRegion): (0, 1)
	st: 702.19
	duration: 5.0

	setup duration: 0.0

	vehicle: 8
	vehicleInd: 14
	(orig, dest): (45, 191)
	(origRegion, destRegion): (1, 0)
	st: 728.1400000000001
	duration: 5.0

	setup duration: 0.0

	vehicle: 8
	vehicleInd: 15
	(orig, dest): (191, 40)
	(origRegion, destRegion): (0, 1)
	st: 833.3400000000001
	duration: 5.0

	setup duration: 0.0

	vehicle: 20
	vehicleInd: 13
	(orig, dest): (32, 127)
	(origRegion, destRegion): (1, 0)
	st: 851.21
	duration: 5.0

	setup duration: 0.0

	vehicle: 20
	vehicleInd: 18
	(orig, dest): (18, 138)
	(origRegion, destRegion): (0, 1)
	st: 1230.5100000000002
	duration: 5.0

	setup duration: 0.0

	vehicle: 8
	vehicleInd: 25
	(orig, dest): (55, 23)
	(origRegion, destRegion): (1, 0)
	st: 1632.46
	duration: 5.0

	setup duration: 5.0

	vehicle: 8
	vehicleInd: 28
	(orig, dest): (75, 169)
	(origRegion, destRegion): (1, 0)
	st: 1859.52
	duration: 5.0


-------------------| COMPL. TIMES |-------------------

Vehicle 0 : 0.0
Vehicle 1 : 0.0
Vehicle 2 : 0.0
Vehicle 3 : 0.0
Vehicle 4 : 0.0
Vehicle 5 : 0.0
Vehicle 6 : 0.0
Vehicle 7 : 359.63000000000005
Vehicle 8 : 2008.1499999999999
Vehicle 9 : 0.0
Vehicle 10 : 0.0
Vehicle 11 : 0.0
Vehicle 12 : 0.0
Vehicle 13 : 0.0
Vehicle 14 : 0.0
Vehicle 15 : 0.0
Vehicle 16 : 1619.8500000000001
Vehicle 17 : 0.0
Vehicle 18 : 0.0
Vehicle 19 : 0.0
Vehicle 20 : 1901.39
Vehicle 21 : 0.0
Vehicle 22 : 0.0
Vehicle 23 : 0.0
Vehicle 24 : 0.0
Vehicle 25 : 0.0
Vehicle 26 : 0.0
Vehicle 27 : 0.0
Vehicle 28 : 0.0
Vehicle 29 : 0.0
Vehicle 30 : 0.0
Vehicle 31 : 0.0
Vehicle 32 : 0.0
Vehicle 33 : 0.0
Vehicle 34 : 0.0
Vehicle 35 : 0.0
Vehicle 36 : 0.0
Vehicle 37 : 0.0
Vehicle 38 : 0.0
Vehicle 39 : 0.0
-------------------| STATISTICS |-------------------

    Vehicles used                           : 10.0
    Machines used                           : 83.3333
    Max load (vehicles)                     : 100.0
    Min load (vehicles)                     : 60.0
    Mean load (vehicles)                    : 85.1282
    Min completion time                     : 14.1866
    Max completion time                     : 79.217
    Mean completion time                    : 58.0771
    Avrg travel time (with vehicle)         : 1.144
    Avrg travel time (only with vehicle)    : 0.9467
    Avrg travel time (no vehicle)           : 0.1972
    Avrg waiting time (machine travel)      : 0.0
    Avrg waiting time (service)             : 0.3352
    Machines travel times (with vehicle)    : [0.3945, 0.3945, 0.1972, 0.0, 2.7613, 1.9724]
    Machines travel times (no vehicle)      : [0.1972, 0.1972, 0.0, 0.0, 0.3945, 0.1972]
    Max load per vehicle                    : [0.0, 0.0, 0.0, 0.0, 0.0, 0.0, 0.0, 60.0, 97.4359, 0.0, 0.0, 0.0, 0.0, 0.0, 0.0, 0.0, 83.0769, 0.0, 0.0, 0.0, 100.0, 0.0, 0.0, 0.0, 0.0, 0.0, 0.0, 0.0, 0.0, 0.0, 0.0, 0.0, 0.0, 0.0, 0.0, 0.0, 0.0, 0.0, 0.0, 0.0]

----------------------------------------------------

TOTAL: 5889.02

Everything is awesome!
