-------------------| STATISTICS |-------------------

Vehicles used                           : 16.6667
Machines used                           : 100.0
Max load (vehicles)                     : 92.1053
Min load (vehicles)                     : 89.4737
Mean load (vehicles)                    : 90.7895
Min completion time                     : 54.625
Max completion time                     : 64.613
Mean completion time                    : 59.619
Avrg travel time (with vehicle)         : 3.5
Avrg travel time (only with vehicle)    : 3.3333
Avrg travel time (no vehicle)           : 0.1667
Avrg waiting time (machine travel)      : 0.0
Avrg waiting time (service)             : 0.0
Machines travel times (with vehicle)    : [0.5, 5.0, 5.0]
Machines travel times (no vehicle)      : [0.0, 0.5, 0.0]
Max load per vehicle                    : [0.0, 0.0, 92.1053, 0.0, 89.4737, 0.0, 0.0, 0.0, 0.0, 0.0, 0.0, 0.0]

----------------------------------------------------

TOTAL: 1192.38

Everything is awesome!
