Set parameter WLSAccessID
Set parameter WLSSecret
Set parameter LicenseID to value 2661775
Academic license 2661775 - for non-commercial use only - registered to me___@dcc.ufba.br
Loading line 2: methodType heur
Loading line 3: methodCode mslp
Loading line 4: seed 0
Loading line 5: threads 1
Loading line 6: greedy_service_order random
Loading line 7: outputFlagGrbMSLP 0
Loading line 8: mslpa 60000
Loading line 9: mslpr I
Loading line 10: maxtime 3600
Loading line 11: output ./logs/
Loading line 12: printsol 1
Loading line 13: solverMethod A
Loading line 14: alpha 0.05 # selected from preliminary experiments
Instance: LR2_2_4_t2_40R_40V_04I_05M

[08:59:41.763] Running Data.readData with file /dados/rmelo/PDPTW-SE/benchmark_multi_island_v5/official_experiments/multistartlp/official/set_01_pt_01/../../../../instances/orig_ams_fg/40R_40V_04I_06M/t2/LR2_2_4/
vehicles: Vehicle[Vehicle(0, 52), Vehicle(1, 65), Vehicle(2, 78), Vehicle(3, 78), Vehicle(4, 78), Vehicle(5, 52), Vehicle(6, 65), Vehicle(7, 65), Vehicle(8, 52), Vehicle(9, 65), Vehicle(10, 52), Vehicle(11, 65), Vehicle(12, 78), Vehicle(13, 52), Vehicle(14, 78), Vehicle(15, 65), Vehicle(16, 65), Vehicle(17, 52), Vehicle(18, 65), Vehicle(19, 78), Vehicle(20, 78), Vehicle(21, 78), Vehicle(22, 65), Vehicle(23, 52), Vehicle(24, 65), Vehicle(25, 78), Vehicle(26, 65), Vehicle(27, 78), Vehicle(28, 52), Vehicle(29, 78), Vehicle(30, 52), Vehicle(31, 52), Vehicle(32, 52), Vehicle(33, 52), Vehicle(34, 78), Vehicle(35, 78), Vehicle(36, 52), Vehicle(37, 65), Vehicle(38, 52), Vehicle(39, 65)]
vehicle_types: Vehicle[Vehicle(0, 52), Vehicle(1, 65), Vehicle(2, 78)]
Machine[Machine(0, Point[Point(56, 77, 0), Point(45, 81, 1), Point(78, 60, 2), Point(42, 59, 3)], 1.0), Machine(1, Point[Point(57, 76, 0), Point(44, 81, 1), Point(80, 64, 2), Point(45, 56, 3)], 1.0), Machine(2, Point[Point(58, 76, 0), Point(44, 80, 1), Point(78, 58, 2), Point(41, 59, 3)], 1.0), Machine(3, Point[Point(59, 76, 0), Point(43, 80, 1), Point(81, 64, 2), Point(40, 59, 3)], 1.0), Machine(4, Point[Point(60, 75, 0), Point(42, 79, 1), Point(79, 55, 2), Point(46, 54, 3)], 1.0)]
refs: [1, 2, 3, 8, 9, 11, 12, 13, 15, 16, 17, 19, 22, 25, 26, 27, 28, 29, 31, 33, 34, 36, 37, 38, 39, 40, 41, 42, 43, 44, 47, 48, 50, 52, 55, 56, 57, 58, 59, 60, 61, 80, 45, 74, 78, 76, 35, 79, 81, 54, 4, 46, 5, 73, 49, 10, 21, 14, 67, 62, 51, 53, 30, 18, 64, 75, 24, 72, 66, 63, 71, 23, 69, 7, 77, 68, 65, 20, 32, 6, 70, 1]
V: [1, 2, 3, 4, 5, 6, 7, 8, 9, 10, 11, 12, 13, 14, 15, 16, 17, 18, 19, 20, 21, 22, 23, 24, 25, 26, 27, 28, 29, 30, 31, 32, 33, 34, 35, 36, 37, 38, 39, 40, 41, 42, 43, 44, 45, 46, 47, 48, 49, 50, 51, 52, 53, 54, 55, 56, 57, 58, 59, 60, 61, 62, 63, 64, 65, 66, 67, 68, 69, 70, 71, 72, 73, 74, 75, 76, 77, 78, 79, 80, 81]
V_p: [2, 3, 4, 5, 6, 7, 8, 9, 10, 11, 12, 13, 14, 15, 16, 17, 18, 19, 20, 21, 22, 23, 24, 25, 26, 27, 28, 29, 30, 31, 32, 33, 34, 35, 36, 37, 38, 39, 40, 41]
V_d: [42, 43, 44, 45, 46, 47, 48, 49, 50, 51, 52, 53, 54, 55, 56, 57, 58, 59, 60, 61, 62, 63, 64, 65, 66, 67, 68, 69, 70, 71, 72, 73, 74, 75, 76, 77, 78, 79, 80, 81]
Vprime: [1, 2, 3, 4, 5, 6, 7, 8, 9, 10, 11, 12, 13, 14, 15, 16, 17, 18, 19, 20, 21, 22, 23, 24, 25, 26, 27, 28, 29, 30, 31, 32, 33, 34, 35, 36, 37, 38, 39, 40, 41, 42, 43, 44, 45, 46, 47, 48, 49, 50, 51, 52, 53, 54, 55, 56, 57, 58, 59, 60, 61, 62, 63, 64, 65, 66, 67, 68, 69, 70, 71, 72, 73, 74, 75, 76, 77, 78, 79, 80, 81, 82]
V: [1, 2, 3, 4, 5, 6, 7, 8, 9, 10, 11, 12, 13, 14, 15, 16, 17, 18, 19, 20, 21, 22, 23, 24, 25, 26, 27, 28, 29, 30, 31, 32, 33, 34, 35, 36, 37, 38, 39, 40, 41, 42, 43, 44, 45, 46, 47, 48, 49, 50, 51, 52, 53, 54, 55, 56, 57, 58, 59, 60, 61, 62, 63, 64, 65, 66, 67, 68, 69, 70, 71, 72, 73, 74, 75, 76, 77, 78, 79, 80, 81]
q: [0, 9, 13, 10, 22, 17, 8, 15, 27, 8, 20, 13, 11, 8, 20, 36, 15, 6, 15, 15, 16, 1, 34, 13, 20, 10, 9, 13, 37, 1, 31, 19, 12, 9, 10, 18, 1, 21, 39, 20, 15, -9, -13, -10, -22, -17, -8, -15, -27, -8, -20, -13, -11, -8, -20, -36, -15, -6, -15, -15, -16, -1, -34, -13, -20, -10, -9, -13, -37, -1, -31, -19, -12, -9, -10, -18, -1, -21, -39, -20, -15, 0]
H: [1, 2, 3, 4, 5]
f: [[1, 1, 1, 1, 1], [3, 3, 3, 3, 3], [3, 3, 3, 3, 3], [2, 2, 2, 2, 2], [1, 1, 1, 1, 1], [2, 2, 2, 2, 2], [1, 1, 1, 1, 1], [1, 1, 1, 1, 1], [1, 1, 1, 1, 1], [1, 1, 1, 1, 1], [4, 4, 4, 4, 4], [3, 3, 3, 3, 3], [4, 4, 4, 4, 4], [3, 3, 3, 3, 3], [3, 3, 3, 3, 3], [3, 3, 3, 3, 3], [1, 1, 1, 1, 1], [3, 3, 3, 3, 3], [1, 1, 1, 1, 1], [4, 4, 4, 4, 4], [1, 1, 1, 1, 1], [3, 3, 3, 3, 3], [3, 3, 3, 3, 3], [3, 3, 3, 3, 3], [4, 4, 4, 4, 4], [2, 2, 2, 2, 2], [3, 3, 3, 3, 3], [2, 2, 2, 2, 2], [1, 1, 1, 1, 1], [2, 2, 2, 2, 2], [2, 2, 2, 2, 2], [4, 4, 4, 4, 4], [3, 3, 3, 3, 3], [1, 1, 1, 1, 1], [2, 2, 2, 2, 2], [1, 1, 1, 1, 1], [2, 2, 2, 2, 2], [2, 2, 2, 2, 2], [3, 3, 3, 3, 3], [2, 2, 2, 2, 2], [3, 3, 3, 3, 3], [3, 3, 3, 3, 3], [3, 3, 3, 3, 3], [2, 2, 2, 2, 2], [3, 3, 3, 3, 3], [1, 1, 1, 1, 1], [1, 1, 1, 1, 1], [1, 1, 1, 1, 1], [3, 3, 3, 3, 3], [4, 4, 4, 4, 4], [2, 2, 2, 2, 2], [3, 3, 3, 3, 3], [2, 2, 2, 2, 2], [3, 3, 3, 3, 3], [3, 3, 3, 3, 3], [3, 3, 3, 3, 3], [4, 4, 4, 4, 4], [3, 3, 3, 3, 3], [4, 4, 4, 4, 4], [2, 2, 2, 2, 2], [1, 1, 1, 1, 1], [3, 3, 3, 3, 3], [3, 3, 3, 3, 3], [3, 3, 3, 3, 3], [4, 4, 4, 4, 4], [1, 1, 1, 1, 1], [3, 3, 3, 3, 3], [2, 2, 2, 2, 2], [3, 3, 3, 3, 3], [4, 4, 4, 4, 4], [2, 2, 2, 2, 2], [4, 4, 4, 4, 4], [3, 3, 3, 3, 3], [1, 1, 1, 1, 1], [4, 4, 4, 4, 4], [4, 4, 4, 4, 4], [2, 2, 2, 2, 2], [4, 4, 4, 4, 4], [3, 3, 3, 3, 3], [2, 2, 2, 2, 2], [3, 3, 3, 3, 3], [1, 1, 1, 1, 1]]
1 1 1 -> 0.0
1 2 1 -> 11.7
1 3 1 -> 27.8
1 4 1 -> 22.8
2 1 1 -> 11.7
2 2 1 -> 0.0
2 3 1 -> 39.12
2 4 1 -> 22.2
3 1 1 -> 27.8
3 2 1 -> 39.12
3 3 1 -> 0.0
3 4 1 -> 36.01
4 1 1 -> 22.8
4 2 1 -> 22.2
4 3 1 -> 36.01
4 4 1 -> 0.0
1 1 2 -> 0.0
1 2 2 -> 13.93
1 3 2 -> 25.94
1 4 2 -> 23.32
2 1 2 -> 13.93
2 2 2 -> 0.0
2 3 2 -> 39.81
2 4 2 -> 25.02
3 1 2 -> 25.94
3 2 2 -> 39.81
3 3 2 -> 0.0
3 4 2 -> 35.9
4 1 2 -> 23.32
4 2 2 -> 25.02
4 3 2 -> 35.9
4 4 2 -> 0.0
1 1 3 -> 0.0
1 2 3 -> 14.56
1 3 3 -> 26.91
1 4 3 -> 24.04
2 1 3 -> 14.56
2 2 3 -> 0.0
2 3 3 -> 40.5
2 4 3 -> 21.21
3 1 3 -> 26.91
3 2 3 -> 40.5
3 3 3 -> 0.0
3 4 3 -> 37.01
4 1 3 -> 24.04
4 2 3 -> 21.21
4 3 3 -> 37.01
4 4 3 -> 0.0
1 1 4 -> 0.0
1 2 4 -> 16.49
1 3 4 -> 25.06
1 4 4 -> 25.5
2 1 4 -> 16.49
2 2 4 -> 0.0
2 3 4 -> 41.23
2 4 4 -> 21.21
3 1 4 -> 25.06
3 2 4 -> 41.23
3 3 4 -> 0.0
3 4 4 -> 41.3
4 1 4 -> 25.5
4 2 4 -> 21.21
4 3 4 -> 41.3
4 4 4 -> 0.0
1 1 5 -> 0.0
1 2 5 -> 18.44
1 3 5 -> 27.59
1 4 5 -> 25.24
2 1 5 -> 18.44
2 2 5 -> 0.0
2 3 5 -> 44.1
2 4 5 -> 25.32
3 1 5 -> 27.59
3 2 5 -> 44.1
3 3 5 -> 0.0
3 4 5 -> 33.02
4 1 5 -> 25.24
4 2 5 -> 25.32
4 3 5 -> 33.02
4 4 5 -> 0.0
o: (1, 2, 3) => 14.56
o: (3, 1, 3) => 26.91
o: (1, 3, 5) => 27.59
o: (3, 2, 4) => 41.23
o: (1, 4, 5) => 25.24
o: (3, 2, 3) => 40.5
o: (3, 3, 5) => 0.0
o: (2, 1, 1) => 11.7
o: (3, 4, 5) => 33.02
o: (1, 3, 2) => 25.94
o: (1, 4, 2) => 23.32
o: (4, 3, 4) => 41.3
o: (2, 2, 1) => 0.0
o: (4, 4, 4) => 0.0
o: (3, 3, 2) => 0.0
o: (3, 4, 2) => 35.9
o: (4, 3, 3) => 37.01
o: (4, 4, 3) => 0.0
o: (1, 1, 5) => 0.0
o: (1, 2, 5) => 18.44
o: (3, 1, 5) => 27.59
o: (1, 3, 1) => 27.8
o: (1, 1, 2) => 0.0
o: (1, 4, 1) => 22.8
o: (4, 1, 4) => 25.5
o: (3, 2, 5) => 44.1
o: (3, 3, 1) => 0.0
o: (1, 2, 2) => 13.93
o: (3, 1, 2) => 25.94
o: (3, 4, 1) => 36.01
o: (4, 1, 3) => 24.04
o: (4, 2, 4) => 21.21
o: (3, 2, 2) => 39.81
o: (2, 3, 4) => 41.23
o: (4, 2, 3) => 21.21
o: (2, 4, 4) => 21.21
o: (4, 3, 5) => 33.02
o: (4, 4, 5) => 0.0
o: (1, 1, 1) => 0.0
o: (2, 3, 3) => 40.5
o: (2, 4, 3) => 21.21
o: (4, 3, 2) => 35.9
o: (1, 2, 1) => 11.7
o: (3, 1, 1) => 27.8
o: (4, 4, 2) => 0.0
o: (3, 2, 1) => 39.12
o: (2, 1, 4) => 16.49
o: (4, 1, 5) => 25.24
o: (2, 1, 3) => 14.56
o: (2, 2, 4) => 0.0
o: (4, 2, 5) => 25.32
o: (4, 3, 1) => 36.01
o: (4, 1, 2) => 23.32
o: (4, 4, 1) => 0.0
o: (2, 2, 3) => 0.0
o: (2, 3, 5) => 44.1
o: (2, 4, 5) => 25.32
o: (4, 2, 2) => 25.02
o: (1, 3, 4) => 25.06
o: (2, 3, 2) => 39.81
o: (1, 4, 4) => 25.5
o: (2, 4, 2) => 25.02
o: (1, 3, 3) => 26.91
o: (3, 3, 4) => 0.0
o: (1, 4, 3) => 24.04
o: (3, 4, 4) => 41.3
o: (4, 1, 1) => 22.8
o: (2, 1, 5) => 18.44
o: (3, 3, 3) => 0.0
o: (3, 4, 3) => 37.01
o: (4, 2, 1) => 22.2
o: (2, 2, 5) => 0.0
o: (2, 3, 1) => 39.12
o: (1, 1, 4) => 0.0
o: (2, 1, 2) => 13.93
o: (2, 4, 1) => 22.2
o: (1, 1, 3) => 0.0
o: (1, 2, 4) => 16.49
o: (2, 2, 2) => 0.0
o: (3, 1, 4) => 25.06

[118, 2715, 2705, 2628, 2618, 2662, 2625, 46]
JOBS in the order of refs (Vprime)
Node 1: Job(0, Point(70, 70, 0), 0, 0, 2535, 0, 0, 0)
Node 2: Job(1, Point(101, 0, 2), 9, 1973, 2130, 10, 0, 172)
Node 3: Job(9, Point(107, 25, 2), 13, 1133, 1176, 10, 0, 71)
Node 4: Job(17, Point(46, 112, 1), 10, 1133, 1274, 10, 0, 153)
Node 5: Job(18, Point(79, 72, 0), 22, 0, 2516, 10, 0, 167)
Node 6: Job(20, Point(8, 87, 1), 17, 1615, 1714, 10, 0, 164)
Node 7: Job(21, Point(109, 139, 0), 8, 469, 555, 10, 0, 57)
Node 8: Job(22, Point(80, 103, 0), 15, 1484, 1613, 10, 0, 171)
Node 9: Job(24, Point(95, 135, 0), 27, 0, 2456, 10, 0, 199)
Node 10: Job(26, Point(64, 132, 0), 8, 0, 2463, 10, 0, 82)
Node 11: Job(28, Point(39, 13, 3), 20, 0, 2461, 10, 0, 10)
Node 12: Job(31, Point(140, 42, 2), 13, 0, 2450, 10, 0, 72)
Node 13: Job(35, Point(32, 6, 3), 11, 401, 479, 10, 0, 11)
Node 14: Job(41, Point(81, 57, 2), 8, 33, 104, 10, 0, 143)
Node 15: Job(42, Point(120, 52, 2), 20, 0, 2472, 10, 0, 75)
Node 16: Job(43, Point(113, 32, 2), 36, 0, 2468, 10, 0, 19)
Node 17: Job(45, Point(82, 103, 0), 15, 0, 2490, 10, 0, 34)
Node 18: Job(47, Point(90, 44, 2), 6, 0, 2493, 10, 0, 23)
Node 19: Job(50, Point(64, 138, 0), 15, 0, 2457, 10, 0, 104)
Node 20: Job(54, Point(13, 48, 3), 15, 0, 2464, 10, 0, 93)
Node 21: Job(55, Point(84, 88, 0), 16, 0, 2503, 10, 0, 78)
Node 22: Job(59, Point(105, 2, 2), 1, 0, 2449, 10, 0, 81)
Node 23: Job(60, Point(107, 77, 2), 34, 0, 2488, 10, 0, 48)
Node 24: Job(61, Point(104, 54, 2), 13, 208, 333, 10, 0, 29)
Node 25: Job(62, Point(54, 33, 3), 20, 118, 204, 10, 0, 97)
Node 26: Job(64, Point(37, 125, 1), 10, 0, 2461, 10, 0, 163)
Node 27: Job(65, Point(99, 34, 2), 9, 0, 2479, 10, 0, 37)
Node 28: Job(66, Point(38, 122, 1), 13, 941, 1052, 10, 0, 133)
Node 29: Job(67, Point(85, 75, 0), 37, 0, 2510, 10, 0, 102)
Node 30: Job(70, Point(47, 83, 1), 1, 0, 2499, 10, 0, 94)
Node 31: Job(73, Point(39, 100, 1), 31, 0, 2482, 10, 0, 121)
Node 32: Job(74, Point(48, 47, 3), 19, 94, 161, 10, 0, 36)
Node 33: Job(77, Point(103, 44, 2), 12, 0, 2483, 10, 0, 112)
Node 34: Job(80, Point(71, 70, 0), 9, 0, 2524, 10, 0, 13)
Node 35: Job(83, Point(16, 92, 1), 10, 0, 2467, 10, 0, 165)
Node 36: Job(84, Point(56, 139, 0), 18, 0, 2455, 10, 0, 108)
Node 37: Job(85, Point(27, 104, 1), 1, 0, 2471, 10, 0, 98)
Node 38: Job(87, Point(34, 72, 1), 21, 0, 2489, 10, 0, 33)
Node 39: Job(88, Point(120, 22, 2), 39, 440, 591, 10, 0, 51)
Node 40: Job(91, Point(33, 117, 1), 20, 0, 2466, 10, 0, 12)
Node 41: Job(92, Point(102, 52, 2), 15, 0, 2489, 10, 0, 120)
Node 42: Job(172, Point(97, 12, 2), -9, 0, 2462, 10, 1, 0)
Node 43: Job(71, Point(139, 68, 2), -13, 0, 2456, 10, 9, 0)
Node 44: Job(153, Point(35, 90, 1), -10, 0, 2485, 10, 17, 0)
Node 45: Job(167, Point(137, 84, 2), -22, 0, 2457, 10, 18, 0)
Node 46: Job(164, Point(65, 80, 0), -17, 0, 2514, 10, 20, 0)
Node 47: Job(57, Point(69, 115, 0), -8, 0, 2480, 10, 21, 0)
Node 48: Job(171, Point(66, 82, 0), -15, 0, 2513, 10, 22, 0)
Node 49: Job(199, Point(81, 36, 2), -27, 0, 2490, 10, 24, 0)
Node 50: Job(82, Point(36, 54, 3), -8, 1482, 1614, 10, 26, 0)
Node 51: Job(10, Point(17, 138, 1), -20, 0, 2439, 10, 28, 0)
Node 52: Job(72, Point(88, 29, 2), -13, 0, 2481, 10, 31, 0)
Node 53: Job(11, Point(37, 138, 1), -11, 0, 2450, 10, 35, 0)
Node 54: Job(143, Point(120, 47, 2), -8, 0, 2470, 10, 41, 0)
Node 55: Job(75, Point(104, 73, 2), -20, 0, 2491, 10, 42, 0)
Node 56: Job(19, Point(104, 32, 2), -36, 0, 2475, 10, 43, 0)
Node 57: Job(34, Point(44, 58, 3), -15, 0, 2497, 10, 45, 0)
Node 58: Job(23, Point(78, 63, 2), -6, 0, 2515, 10, 47, 0)
Node 59: Job(104, Point(27, 46, 3), -15, 0, 2476, 10, 50, 0)
Node 60: Job(93, Point(13, 129, 1), -15, 0, 2443, 10, 54, 0)
Node 61: Job(78, Point(73, 96, 0), -16, 0, 2499, 10, 55, 0)
Node 62: Job(81, Point(83, 12, 2), -1, 0, 2466, 10, 59, 0)
Node 63: Job(48, Point(139, 73, 2), -34, 0, 2456, 10, 60, 0)
Node 64: Job(29, Point(120, 14, 2), -13, 0, 2450, 10, 61, 0)
Node 65: Job(97, Point(33, 0, 3), -20, 0, 2446, 10, 62, 0)
Node 66: Job(163, Point(54, 78, 0), -10, 0, 2508, 10, 64, 0)
Node 67: Job(37, Point(106, 10, 2), -9, 0, 2456, 10, 65, 0)
Node 68: Job(133, Point(50, 112, 1), -13, 0, 2479, 10, 66, 0)
Node 69: Job(102, Point(109, 78, 2), -37, 0, 2486, 10, 67, 0)
Node 70: Job(94, Point(34, 20, 3), -1, 0, 2464, 10, 70, 0)
Node 71: Job(121, Point(2, 106, 1), -31, 1541, 1673, 10, 73, 0)
Node 72: Job(36, Point(41, 36, 3), -19, 0, 2481, 10, 74, 0)
Node 73: Job(112, Point(123, 84, 2), -12, 0, 2471, 10, 77, 0)
Node 74: Job(13, Point(121, 123, 0), -9, 0, 2452, 10, 80, 0)
Node 75: Job(165, Point(28, 62, 3), -10, 0, 2483, 10, 83, 0)
Node 76: Job(108, Point(15, 18, 3), -18, 0, 2450, 10, 84, 0)
Node 77: Job(98, Point(18, 104, 1), -1, 1350, 1463, 10, 85, 0)
Node 78: Job(33, Point(42, 29, 3), -21, 0, 2476, 10, 87, 0)
Node 79: Job(51, Point(98, 4, 2), -39, 0, 2454, 10, 88, 0)
Node 80: Job(12, Point(20, 69, 1), -20, 0, 2475, 10, 91, 0)
Node 81: Job(120, Point(92, 22, 2), -15, 0, 2473, 10, 92, 0)
Node 82: Job(0, Point(70, 70, 0), 0, 0, 2535, 0, 0, 0)

### Preprocessing Data ###
	-> arcs: 6724 (100.0%)
	-> arc_removals: 667 (9.92%)
	-> arc_removals_is_loop: 82 (1.22%)
	-> arc_removals_is_delivery_to_pickup: 42 (0.62%)
	-> arc_removals_is_depot_begin_to_delivery: 40 (0.59%)
	-> arc_removals_is_pickup_to_depot_end: 40 (0.59%)
	-> arc_removals_is_dest_depot_begin: 80 (1.19%)
	-> arc_removals_is_orig_depot_end: 79 (1.17%)
	-> arc_removals_is_capacity_violated: 0 (0.0%)
	-> arc_removals_is_time_window_limited: 285 (4.24%)
	-> arc_removals_is_time_window_pairing_limited: 13 (0.19%)
	-> arc_removals_is_indirect_request_service_impossible: 6 (0.09%)
	-> gamma_vars: 0 (0%)
	-> feas_gamma_vars: 0 (0%)
	-> infeas_gamma_vars_is_next_mtrv_unreachable: 0 (0%)
	-> infeas_gamma_vars_is_iprime_jprime_eq_i_j: 0 (0%)
	-> machine_removal_for_an_arc: 0 (0.0%)
##########################

[08:59:52.046] Print configuration
------------------------------------------------------
"
[08:59:52.046] Running Multi Start Heuristic"
> Experiment started at 2025-10-15T08:59:52.046
> Instance: LR2_2_4_t2_40R_40V_04I_05M
> Algorithm Parameters:


	>Stop params:
		>  - rule ITERATIONS
		>  - argument 60000.0
		>  - maximum_time 3600

	>General params:
		>  - instPath /dados/rmelo/PDPTW-SE/benchmark_multi_island_v5/official_experiments/multistartlp/official/set_01_pt_01/../../../../instances/orig_ams_fg/40R_40V_04I_06M/t2/LR2_2_4/
		>  - name LR2_2_4
		>  - type t2
		>  - group 40R_40V_04I_05M
		>  - fullname LR2_2_4_t2_40R_40V_04I_05M
		>  - methodType heur
		>  - methodCode mslp
		>  - genconfigfile /dados/rmelo/PDPTW-SE/benchmark_multi_island_v5/official_experiments/multistartlp/official/set_01_pt_01/configs/genconfig_mslp.conf
		>  - genconfigfilename genconfig_mslp
		>  - greedy_service_order random
		>  - cutoff 0
		>  - cutoffmachs 5
		>  - num_machs 0
		>  - solver Gurobi
		>  - maxtime 3600
		>  - gurobiCuts 1
		>  - typeUserCut 0
		>  - mipPresolve -1
		>  - printsol 1
		>  - maxnodes -1
		>  - elevator 0
		>  - make_instance_feasible false
		>  - output /dados/rmelo/PDPTW-SE/benchmark_multi_island_v5/official_experiments/multistartlp/official/set_01_pt_01/logs
		>  - suff_outputs _seed_41
		>  - suff_csv _bash_2
		>  - epsilon 0.005
		>  - epsilonCap 0.5
		>  - warmStart false
		>  - seed 41
		>  - rng Random.MersenneTwister(41)
		>  - alpha 0.05
		>  - maxiter 1000000
		>  - outputFlagGrbMIP 0
		>  - outputFlagGrbMSLP 0
		>  - outputFlagGrbLMNS 0
		>  - mslpr I
		>  - mslpa 60000
		>  - lmnsr M
		>  - lmnsa 60
		>  - lmnsRepairTime 30.0
		>  - lmnsMIPFocus 0
		>  - lmnsGapToBiggerDestruction 50
		>  - lmnsGapToSmallerDestruction 95
		>  - lmnsWeightShawDistProx 1.0
		>  - lmnsWeightShawEarlProx 1.0
		>  - lmnsWeightShawSameRoute 1.0
		>  - lmnsWeightShawDemandSim 1.0
		>  - lmnsReqRApplyMIPStart true
		>  - lmnsAcceptanceCriteria H
		>  - lmnsMetropolisTemp 100.0
		>  - lmnsSimulatedAnnealingTemp 100.0
		>  - lmnsSimulatedAnnealingCool 0.95
		>  - mipmaxtime 3600
		>  - csvfilename /dados/rmelo/PDPTW-SE/benchmark_multi_island_v5/official_experiments/multistartlp/official/set_01_pt_01/logs/heur_mslp/outputs/csvresults_heur_mslp_bash_2.csv
		>  - solfilename /dados/rmelo/PDPTW-SE/benchmark_multi_island_v5/official_experiments/multistartlp/official/set_01_pt_01/logs/heur_mslp/solutions/40R_40V_04I_05M/LR2_2_4_sol_genconfig_mslp_seed_41.txt
		>  - timelineFilename /dados/rmelo/PDPTW-SE/benchmark_multi_island_v5/official_experiments/multistartlp/official/set_01_pt_01/logs/heur_mslp/timelines/40R_40V_04I_05M/LR2_2_4_timeline_genconfig_mslp_seed_41.txt
		>  - grbFilename /dados/rmelo/PDPTW-SE/benchmark_multi_island_v5/official_experiments/multistartlp/official/set_01_pt_01/logs/heur_mslp/gurobi/40R_40V_04I_05M/LR2_2_4_grb_genconfig_mslp_seed_41.log
		>  - threads 1
		>  - solverMethod AUTOMATIC

------------------------------------------------------

[08:59:52.153] Starting running MSLP
objValue;greedysol;iteration;time
4850.22;4858.30;1;0.053210
4712.32;4785.49;211;19.477121
4520.00;4520.52;1533;142.048943
4445.09;4549.22;5629;523.965945

[10:00:44.586] Finished running MSLP
System CPU time: 27.04 seconds

[10:00:44.658] Post running MSLP
Best solution value: 4445.09
Total time elapsed: 3600.063787
Time to best: 523.965945
Iterations: 38481
Iterations to best: 5629
Improvements: 4
Infeasible solutions percentage: (0 / 38481) = 0.0000 %
(LP improvements)/(LP runs) = 37300/38481 = 96.9310 %
Mean LP improvement percentage: 1.4251 %
[10:00:44.92] Writing results to CSV file: /dados/rmelo/PDPTW-SE/benchmark_multi_island_v5/official_experiments/multistartlp/official/set_01_pt_01/logs/heur_mslp/outputs/csvresults_heur_mslp_bash_2.csv

[10:00:47.002] Saving solution to file:/dados/rmelo/PDPTW-SE/benchmark_multi_island_v5/official_experiments/multistartlp/official/set_01_pt_01/logs/heur_mslp/solutions/40R_40V_04I_05M/LR2_2_4_sol_genconfig_mslp_seed_41.txt

[10:00:47.002] Saving solution timeline to file: /dados/rmelo/PDPTW-SE/benchmark_multi_island_v5/official_experiments/multistartlp/official/set_01_pt_01/logs/heur_mslp/timelines/40R_40V_04I_05M/LR2_2_4_timeline_genconfig_mslp_seed_41.txt
---------------------| VEHICLES |---------------------

Vehicle 3 :
	id: 0
		node: 1
		(x, y, z): (70, 70, 0)
		dem: 0
		earl: 0
		lat: 2535
		servt: 0
		pid: 0
		did: 0
		servST: 0.0
		(h, h_ind): (-1, 0)
		load: 0.0

	Finished service at time: 0.0

	Task 0 -> Task 18: 9.22
	Vehicle arrival at task: 9.22
	Waiting time until service start time: 0.0

	id: 18
		node: 5
		(x, y, z): (79, 72, 0)
		dem: 22
		earl: 0
		lat: 2516
		servt: 10
		pid: 0
		did: 167
		servST: 9.22
		(h, h_ind): (-1, 0)
		load: 22.0

	Finished service at time: 19.22

	Task 18 -> Task 80: 8.25
	Vehicle arrival at task: 27.47
	Waiting time until service start time: 0.0

	id: 80
		node: 34
		(x, y, z): (71, 70, 0)
		dem: 9
		earl: 0
		lat: 2524
		servt: 10
		pid: 0
		did: 13
		servST: 27.47
		(h, h_ind): (-1, 0)
		load: 31.0

	Finished service at time: 37.47

	Using Machine: 4
		Task 80 -> Machine 4 (Station 1): 12.08
		Vehicle arrival at machine station: 49.55
		Waiting time until machine travel: 0.0

		Machine travel start time: 49.55
		Region 0 -> Region 2: 27.59
		Machine arrival at machine station: 77.14

		Machine 4 (Station 3)-> Task 41: 2.83
		Vehicle arrival at task: 79.97
		Waiting time until service start time: 0.0

	id: 41
		node: 14
		(x, y, z): (81, 57, 2)
		dem: 8
		earl: 33
		lat: 104
		servt: 10
		pid: 0
		did: 143
		servST: 79.97
		(h, h_ind): (4, 1)
		load: 39.0

	Finished service at time: 89.97

	Using Machine: 4
		Task 41 -> Machine 4 (Station 3): 2.83
		Vehicle arrival at machine station: 92.8
		Waiting time until machine travel: 0.0

		Machine travel start time: 92.8
		Region 2 -> Region 3: 33.02
		Machine arrival at machine station: 125.82

		Machine 4 (Station 4)-> Task 74: 7.28
		Vehicle arrival at task: 133.1
		Waiting time until service start time: 0.0

	id: 74
		node: 32
		(x, y, z): (48, 47, 3)
		dem: 19
		earl: 94
		lat: 161
		servt: 10
		pid: 0
		did: 36
		servST: 133.1
		(h, h_ind): (4, 2)
		load: 58.0

	Finished service at time: 143.1

	Task 74 -> Task 36: 13.04
	Vehicle arrival at task: 156.14
	Waiting time until service start time: 0.0

	id: 36
		node: 72
		(x, y, z): (41, 36, 3)
		dem: -19
		earl: 0
		lat: 2481
		servt: 10
		pid: 74
		did: 0
		servST: 156.14
		(h, h_ind): (-1, 0)
		load: 39.0

	Finished service at time: 166.14

	Task 36 -> Task 62: 13.34
	Vehicle arrival at task: 179.48
	Waiting time until service start time: 0.0

	id: 62
		node: 25
		(x, y, z): (54, 33, 3)
		dem: 20
		earl: 118
		lat: 204
		servt: 10
		pid: 0
		did: 97
		servST: 179.48
		(h, h_ind): (-1, 0)
		load: 59.0

	Finished service at time: 189.48

	Using Machine: 4
		Task 62 -> Machine 4 (Station 4): 22.47
		Vehicle arrival at machine station: 211.95
		Waiting time until machine travel: 0.0

		Machine travel start time: 211.95
		Region 3 -> Region 2: 33.02
		Machine arrival at machine station: 244.97

		Machine 4 (Station 3)-> Task 167: 64.85
		Vehicle arrival at task: 309.82
		Waiting time until service start time: 0.0

	id: 167
		node: 45
		(x, y, z): (137, 84, 2)
		dem: -22
		earl: 0
		lat: 2457
		servt: 10
		pid: 18
		did: 0
		servST: 309.82
		(h, h_ind): (4, 3)
		load: 37.0

	Finished service at time: 319.82

	Task 167 -> Task 42: 36.24
	Vehicle arrival at task: 356.06
	Waiting time until service start time: 0.0

	id: 42
		node: 15
		(x, y, z): (120, 52, 2)
		dem: 20
		earl: 0
		lat: 2472
		servt: 10
		pid: 0
		did: 75
		servST: 356.06
		(h, h_ind): (-1, 0)
		load: 57.0

	Finished service at time: 366.06

	Task 42 -> Task 143: 5.0
	Vehicle arrival at task: 371.06
	Waiting time until service start time: 0.0

	id: 143
		node: 54
		(x, y, z): (120, 47, 2)
		dem: -8
		earl: 0
		lat: 2470
		servt: 10
		pid: 41
		did: 0
		servST: 371.06
		(h, h_ind): (-1, 0)
		load: 49.0

	Finished service at time: 381.06

	Task 143 -> Task 75: 30.53
	Vehicle arrival at task: 411.59000000000003
	Waiting time until service start time: 0.0

	id: 75
		node: 55
		(x, y, z): (104, 73, 2)
		dem: -20
		earl: 0
		lat: 2491
		servt: 10
		pid: 42
		did: 0
		servST: 411.59000000000003
		(h, h_ind): (-1, 0)
		load: 29.0

	Finished service at time: 421.59000000000003

	Using Machine: 3
		Task 75 -> Machine 3 (Station 3): 24.7
		Vehicle arrival at machine station: 446.29
		Waiting time until machine travel: 0.0

		Machine travel start time: 446.29
		Region 2 -> Region 0: 25.06
		Machine arrival at machine station: 471.35

		Machine 3 (Station 1)-> Task 21: 80.43
		Vehicle arrival at task: 551.78
		Waiting time until service start time: 0.0

	id: 21
		node: 7
		(x, y, z): (109, 139, 0)
		dem: 8
		earl: 469
		lat: 555
		servt: 10
		pid: 0
		did: 57
		servST: 551.78
		(h, h_ind): (3, 2)
		load: 37.0

	Finished service at time: 561.78

	Task 21 -> Task 13: 20.0
	Vehicle arrival at task: 581.78
	Waiting time until service start time: 0.0

	id: 13
		node: 74
		(x, y, z): (121, 123, 0)
		dem: -9
		earl: 0
		lat: 2452
		servt: 10
		pid: 80
		did: 0
		servST: 581.78
		(h, h_ind): (-1, 0)
		load: 28.0

	Finished service at time: 591.78

	Using Machine: 0
		Task 13 -> Machine 0 (Station 1): 79.63
		Vehicle arrival at machine station: 671.41
		Waiting time until machine travel: 0.0

		Machine travel start time: 671.41
		Region 0 -> Region 1: 11.7
		Machine arrival at machine station: 683.11

		Machine 0 (Station 2)-> Task 87: 14.21
		Vehicle arrival at task: 697.32
		Waiting time until service start time: -0.0

	id: 87
		node: 38
		(x, y, z): (34, 72, 1)
		dem: 21
		earl: 0
		lat: 2489
		servt: 10
		pid: 0
		did: 33
		servST: 697.3199999999999
		(h, h_ind): (0, 2)
		load: 49.0

	Finished service at time: 707.3199999999999

	Task 87 -> Task 83: 26.91
	Vehicle arrival at task: 734.2299999999999
	Waiting time until service start time: 0.0

	id: 83
		node: 35
		(x, y, z): (16, 92, 1)
		dem: 10
		earl: 0
		lat: 2467
		servt: 10
		pid: 0
		did: 165
		servST: 734.2299999999999
		(h, h_ind): (-1, 0)
		load: 59.0

	Finished service at time: 744.2299999999999

	Using Machine: 0
		Task 83 -> Machine 0 (Station 2): 31.02
		Vehicle arrival at machine station: 775.2499999999999
		Waiting time until machine travel: 0.0

		Machine travel start time: 775.2499999999999
		Region 1 -> Region 0: 11.7
		Machine arrival at machine station: 786.9499999999999

		Machine 0 (Station 1)-> Task 57: 40.16
		Vehicle arrival at task: 827.1099999999999
		Waiting time until service start time: 0.0

	id: 57
		node: 47
		(x, y, z): (69, 115, 0)
		dem: -8
		earl: 0
		lat: 2480
		servt: 10
		pid: 21
		did: 0
		servST: 827.1099999999999
		(h, h_ind): (0, 3)
		load: 51.0

	Finished service at time: 837.1099999999999

	Task 57 -> Task 84: 27.29
	Vehicle arrival at task: 864.3999999999999
	Waiting time until service start time: 0.0

	id: 84
		node: 36
		(x, y, z): (56, 139, 0)
		dem: 18
		earl: 0
		lat: 2455
		servt: 10
		pid: 0
		did: 108
		servST: 864.3999999999999
		(h, h_ind): (-1, 0)
		load: 69.0

	Finished service at time: 874.3999999999999

	Using Machine: 0
		Task 84 -> Machine 0 (Station 1): 62.0
		Vehicle arrival at machine station: 936.3999999999999
		Waiting time until machine travel: 0.0

		Machine travel start time: 936.3999999999999
		Region 0 -> Region 3: 22.8
		Machine arrival at machine station: 959.1999999999998

		Machine 0 (Station 4)-> Task 165: 14.32
		Vehicle arrival at task: 973.5199999999999
		Waiting time until service start time: 0.0

	id: 165
		node: 75
		(x, y, z): (28, 62, 3)
		dem: -10
		earl: 0
		lat: 2483
		servt: 10
		pid: 83
		did: 0
		servST: 973.5199999999999
		(h, h_ind): (0, 4)
		load: 59.0

	Finished service at time: 983.5199999999999

	Task 165 -> Task 97: 62.2
	Vehicle arrival at task: 1045.7199999999998
	Waiting time until service start time: 0.0

	id: 97
		node: 65
		(x, y, z): (33, 0, 3)
		dem: -20
		earl: 0
		lat: 2446
		servt: 10
		pid: 62
		did: 0
		servST: 1045.7199999999998
		(h, h_ind): (-1, 0)
		load: 39.0

	Finished service at time: 1055.7199999999998

	Task 97 -> Task 108: 25.46
	Vehicle arrival at task: 1081.1799999999998
	Waiting time until service start time: 0.0

	id: 108
		node: 76
		(x, y, z): (15, 18, 3)
		dem: -18
		earl: 0
		lat: 2450
		servt: 10
		pid: 84
		did: 0
		servST: 1081.1799999999998
		(h, h_ind): (-1, 0)
		load: 21.0

	Finished service at time: 1091.1799999999998

	Task 108 -> Task 33: 29.15
	Vehicle arrival at task: 1120.33
	Waiting time until service start time: 0.0

	id: 33
		node: 78
		(x, y, z): (42, 29, 3)
		dem: -21
		earl: 0
		lat: 2476
		servt: 10
		pid: 87
		did: 0
		servST: 1120.33
		(h, h_ind): (-1, 0)
		load: 0.0

	Finished service at time: 1130.33

	Using Machine: 0
		Task 33 -> Machine 0 (Station 4): 30.0
		Vehicle arrival at machine station: 1160.33
		Waiting time until machine travel: 0.0

		Machine travel start time: 1160.33
		Region 3 -> Region 1: 22.2
		Machine arrival at machine station: 1182.53

		Machine 0 (Station 2)-> Task 17: 31.02
		Vehicle arrival at task: 1213.55
		Waiting time until service start time: 0.0

	id: 17
		node: 4
		(x, y, z): (46, 112, 1)
		dem: 10
		earl: 1133
		lat: 1274
		servt: 10
		pid: 0
		did: 153
		servST: 1213.55
		(h, h_ind): (0, 6)
		load: 10.0

	Finished service at time: 1223.55

	Using Machine: 0
		Task 17 -> Machine 0 (Station 2): 31.02
		Vehicle arrival at machine station: 1254.57
		Waiting time until machine travel: 0.0

		Machine travel start time: 1254.57
		Region 1 -> Region 0: 11.7
		Machine arrival at machine station: 1266.27

		Machine 0 (Station 1)-> Task 26: 55.58
		Vehicle arrival at task: 1321.85
		Waiting time until service start time: 0.0

	id: 26
		node: 10
		(x, y, z): (64, 132, 0)
		dem: 8
		earl: 0
		lat: 2463
		servt: 10
		pid: 0
		did: 82
		servST: 1321.85
		(h, h_ind): (0, 7)
		load: 18.0

	Finished service at time: 1331.85

	Using Machine: 0
		Task 26 -> Machine 0 (Station 1): 55.58
		Vehicle arrival at machine station: 1387.4299999999998
		Waiting time until machine travel: 0.0

		Machine travel start time: 1387.4299999999998
		Region 0 -> Region 1: 11.7
		Machine arrival at machine station: 1399.1299999999999

		Machine 0 (Station 2)-> Task 153: 13.45
		Vehicle arrival at task: 1412.58
		Waiting time until service start time: 0.0

	id: 153
		node: 44
		(x, y, z): (35, 90, 1)
		dem: -10
		earl: 0
		lat: 2485
		servt: 10
		pid: 17
		did: 0
		servST: 1412.58
		(h, h_ind): (0, 8)
		load: 8.0

	Finished service at time: 1422.58

	Task 153 -> Task 85: 16.12
	Vehicle arrival at task: 1438.6999999999998
	Waiting time until service start time: 0.0

	id: 85
		node: 37
		(x, y, z): (27, 104, 1)
		dem: 1
		earl: 0
		lat: 2471
		servt: 10
		pid: 0
		did: 98
		servST: 1438.6999999999998
		(h, h_ind): (-1, 0)
		load: 9.0

	Finished service at time: 1448.6999999999998

	Task 85 -> Task 98: 9.0
	Vehicle arrival at task: 1457.6999999999998
	Waiting time until service start time: 0.0

	id: 98
		node: 77
		(x, y, z): (18, 104, 1)
		dem: -1
		earl: 1350
		lat: 1463
		servt: 10
		pid: 85
		did: 0
		servST: 1457.6999999999998
		(h, h_ind): (-1, 0)
		load: 8.0

	Finished service at time: 1467.6999999999998

	Using Machine: 3
		Task 98 -> Machine 3 (Station 2): 34.66
		Vehicle arrival at machine station: 1502.36
		Waiting time until machine travel: 0.0

		Machine travel start time: 1502.36
		Region 1 -> Region 3: 21.21
		Machine arrival at machine station: 1523.57

		Machine 3 (Station 4)-> Task 82: 6.4
		Vehicle arrival at task: 1529.97
		Waiting time until service start time: -0.0

	id: 82
		node: 50
		(x, y, z): (36, 54, 3)
		dem: -8
		earl: 1482
		lat: 1614
		servt: 10
		pid: 26
		did: 0
		servST: 1529.9699999999998
		(h, h_ind): (3, 4)
		load: 0.0

	Finished service at time: 1539.9699999999998

	Using Machine: 2
		Task 82 -> Machine 2 (Station 4): 7.07
		Vehicle arrival at machine station: 1547.0399999999997
		Waiting time until machine travel: 0.0

		Machine travel start time: 1547.0399999999997
		Region 3 -> Region 0: 24.04
		Machine arrival at machine station: 1571.0799999999997

		Machine 2 (Station 1)-> Task 22: 34.83
		Vehicle arrival at task: 1605.9099999999996
		Waiting time until service start time: 0.0

	id: 22
		node: 8
		(x, y, z): (80, 103, 0)
		dem: 15
		earl: 1484
		lat: 1613
		servt: 10
		pid: 0
		did: 171
		servST: 1605.9099999999996
		(h, h_ind): (2, 2)
		load: 15.0

	Finished service at time: 1615.9099999999996

	Task 22 -> Task 171: 25.24
	Vehicle arrival at task: 1641.1499999999996
	Waiting time until service start time: 0.0

	id: 171
		node: 48
		(x, y, z): (66, 82, 0)
		dem: -15
		earl: 0
		lat: 2513
		servt: 10
		pid: 22
		did: 0
		servST: 1641.1499999999996
		(h, h_ind): (-1, 0)
		load: 0.0

	Finished service at time: 1651.1499999999996

	Task 171 -> Task 0: 12.65
	Vehicle arrival at task: 1663.7999999999997
	Waiting time until service start time: 0.0

	id: 0
		node: 82
		(x, y, z): (70, 70, 0)
		dem: 0
		earl: 0
		lat: 2535
		servt: 0
		pid: 0
		did: 0
		servST: 1663.7999999999997
		(h, h_ind): (-1, 0)
		load: 0.0


Vehicle 8 :
	id: 0
		node: 1
		(x, y, z): (70, 70, 0)
		dem: 0
		earl: 0
		lat: 2535
		servt: 0
		pid: 0
		did: 0
		servST: 104.13000000000007
		(h, h_ind): (-1, 0)
		load: 0.0

	Finished service at time: 104.13000000000007

	Using Machine: 2
		Task 0 -> Machine 2 (Station 1): 13.42
		Vehicle arrival at machine station: 117.55000000000007
		Waiting time until machine travel: 0.0

		Machine travel start time: 117.55000000000007
		Region 0 -> Region 2: 26.91
		Machine arrival at machine station: 144.46000000000006

		Machine 2 (Station 3)-> Task 47: 18.44
		Vehicle arrival at task: 162.90000000000006
		Waiting time until service start time: 0.0

	id: 47
		node: 18
		(x, y, z): (90, 44, 2)
		dem: 6
		earl: 0
		lat: 2493
		servt: 10
		pid: 0
		did: 23
		servST: 162.90000000000006
		(h, h_ind): (2, 1)
		load: 6.0

	Finished service at time: 172.90000000000006

	Task 47 -> Task 23: 22.47
	Vehicle arrival at task: 195.37000000000006
	Waiting time until service start time: 0.0

	id: 23
		node: 58
		(x, y, z): (78, 63, 2)
		dem: -6
		earl: 0
		lat: 2515
		servt: 10
		pid: 47
		did: 0
		servST: 195.37000000000006
		(h, h_ind): (-1, 0)
		load: 0.0

	Finished service at time: 205.37000000000006

	Task 23 -> Task 60: 32.2
	Vehicle arrival at task: 237.57000000000005
	Waiting time until service start time: 0.0

	id: 60
		node: 23
		(x, y, z): (107, 77, 2)
		dem: 34
		earl: 0
		lat: 2488
		servt: 10
		pid: 0
		did: 48
		servST: 237.57000000000005
		(h, h_ind): (-1, 0)
		load: 34.0

	Finished service at time: 247.57000000000005

	Task 60 -> Task 48: 32.25
	Vehicle arrival at task: 279.82000000000005
	Waiting time until service start time: 0.0

	id: 48
		node: 63
		(x, y, z): (139, 73, 2)
		dem: -34
		earl: 0
		lat: 2456
		servt: 10
		pid: 60
		did: 0
		servST: 279.82000000000005
		(h, h_ind): (-1, 0)
		load: 0.0

	Finished service at time: 289.82000000000005

	Task 48 -> Task 61: 39.82
	Vehicle arrival at task: 329.64000000000004
	Waiting time until service start time: 0.0

	id: 61
		node: 24
		(x, y, z): (104, 54, 2)
		dem: 13
		earl: 208
		lat: 333
		servt: 10
		pid: 0
		did: 29
		servST: 329.64000000000004
		(h, h_ind): (-1, 0)
		load: 13.0

	Finished service at time: 339.64000000000004

	Task 61 -> Task 31: 37.95
	Vehicle arrival at task: 377.59000000000003
	Waiting time until service start time: 0.0

	id: 31
		node: 12
		(x, y, z): (140, 42, 2)
		dem: 13
		earl: 0
		lat: 2450
		servt: 10
		pid: 0
		did: 72
		servST: 377.59000000000003
		(h, h_ind): (-1, 0)
		load: 26.0

	Finished service at time: 387.59000000000003

	Task 31 -> Task 29: 34.41
	Vehicle arrival at task: 422.0
	Waiting time until service start time: 0.0

	id: 29
		node: 64
		(x, y, z): (120, 14, 2)
		dem: -13
		earl: 0
		lat: 2450
		servt: 10
		pid: 61
		did: 0
		servST: 422.0
		(h, h_ind): (-1, 0)
		load: 13.0

	Finished service at time: 432.0

	Task 29 -> Task 88: 8.0
	Vehicle arrival at task: 440.0
	Waiting time until service start time: 0.0

	id: 88
		node: 39
		(x, y, z): (120, 22, 2)
		dem: 39
		earl: 440
		lat: 591
		servt: 10
		pid: 0
		did: 51
		servST: 440.0
		(h, h_ind): (-1, 0)
		load: 52.0

	Finished service at time: 450.0

	Task 88 -> Task 51: 28.43
	Vehicle arrival at task: 478.43
	Waiting time until service start time: 0.0

	id: 51
		node: 79
		(x, y, z): (98, 4, 2)
		dem: -39
		earl: 0
		lat: 2454
		servt: 10
		pid: 88
		did: 0
		servST: 478.43
		(h, h_ind): (-1, 0)
		load: 13.0

	Finished service at time: 488.43

	Task 51 -> Task 72: 26.93
	Vehicle arrival at task: 515.36
	Waiting time until service start time: 0.0

	id: 72
		node: 52
		(x, y, z): (88, 29, 2)
		dem: -13
		earl: 0
		lat: 2481
		servt: 10
		pid: 31
		did: 0
		servST: 515.36
		(h, h_ind): (-1, 0)
		load: 0.0

	Finished service at time: 525.36

	Using Machine: 4
		Task 72 -> Machine 4 (Station 3): 27.51
		Vehicle arrival at machine station: 552.87
		Waiting time until machine travel: 0.0

		Machine travel start time: 552.87
		Region 2 -> Region 0: 27.59
		Machine arrival at machine station: 580.46

		Machine 4 (Station 1)-> Task 0: 11.18
		Vehicle arrival at task: 591.64
		Waiting time until service start time: 0.0

	id: 0
		node: 82
		(x, y, z): (70, 70, 0)
		dem: 0
		earl: 0
		lat: 2535
		servt: 0
		pid: 0
		did: 0
		servST: 591.64
		(h, h_ind): (4, 5)
		load: 0.0


Vehicle 31 :
	id: 0
		node: 1
		(x, y, z): (70, 70, 0)
		dem: 0
		earl: 0
		lat: 2535
		servt: 0
		pid: 0
		did: 0
		servST: 8.200000000000035
		(h, h_ind): (-1, 0)
		load: 0.0

	Finished service at time: 8.200000000000035

	Task 0 -> Task 55: 22.8
	Vehicle arrival at task: 31.000000000000036
	Waiting time until service start time: 0.0

	id: 55
		node: 21
		(x, y, z): (84, 88, 0)
		dem: 16
		earl: 0
		lat: 2503
		servt: 10
		pid: 0
		did: 78
		servST: 31.000000000000036
		(h, h_ind): (-1, 0)
		load: 16.0

	Finished service at time: 41.000000000000036

	Task 55 -> Task 78: 13.6
	Vehicle arrival at task: 54.60000000000004
	Waiting time until service start time: 0.0

	id: 78
		node: 61
		(x, y, z): (73, 96, 0)
		dem: -16
		earl: 0
		lat: 2499
		servt: 10
		pid: 55
		did: 0
		servST: 54.60000000000004
		(h, h_ind): (-1, 0)
		load: 0.0

	Finished service at time: 64.60000000000004

	Task 78 -> Task 50: 42.95
	Vehicle arrival at task: 107.55000000000004
	Waiting time until service start time: 0.0

	id: 50
		node: 19
		(x, y, z): (64, 138, 0)
		dem: 15
		earl: 0
		lat: 2457
		servt: 10
		pid: 0
		did: 104
		servST: 107.55000000000004
		(h, h_ind): (-1, 0)
		load: 15.0

	Finished service at time: 117.55000000000004

	Task 50 -> Task 67: 66.41
	Vehicle arrival at task: 183.96000000000004
	Waiting time until service start time: 0.0

	id: 67
		node: 29
		(x, y, z): (85, 75, 0)
		dem: 37
		earl: 0
		lat: 2510
		servt: 10
		pid: 0
		did: 102
		servST: 183.96000000000004
		(h, h_ind): (-1, 0)
		load: 52.0

	Finished service at time: 193.96000000000004

	Using Machine: 3
		Task 67 -> Machine 3 (Station 1): 26.02
		Vehicle arrival at machine station: 219.98000000000005
		Waiting time until machine travel: -0.0

		Machine travel start time: 219.98000000000002
		Region 0 -> Region 2: 25.06
		Machine arrival at machine station: 245.04000000000002

		Machine 3 (Station 3)-> Task 102: 31.3
		Vehicle arrival at task: 276.34000000000003
		Waiting time until service start time: 0.0

	id: 102
		node: 69
		(x, y, z): (109, 78, 2)
		dem: -37
		earl: 0
		lat: 2486
		servt: 10
		pid: 67
		did: 0
		servST: 276.34000000000003
		(h, h_ind): (3, 1)
		load: 15.0

	Finished service at time: 286.34000000000003

	Using Machine: 1
		Task 102 -> Machine 1 (Station 3): 32.2
		Vehicle arrival at machine station: 318.54
		Waiting time until machine travel: 0.0

		Machine travel start time: 318.54
		Region 2 -> Region 3: 35.9
		Machine arrival at machine station: 354.44

		Machine 1 (Station 4)-> Task 104: 20.59
		Vehicle arrival at task: 375.03
		Waiting time until service start time: 0.0

	id: 104
		node: 59
		(x, y, z): (27, 46, 3)
		dem: -15
		earl: 0
		lat: 2476
		servt: 10
		pid: 50
		did: 0
		servST: 375.03000000000003
		(h, h_ind): (1, 1)
		load: 0.0

	Finished service at time: 385.03000000000003

	Task 104 -> Task 28: 35.11
	Vehicle arrival at task: 420.14000000000004
	Waiting time until service start time: 0.0

	id: 28
		node: 11
		(x, y, z): (39, 13, 3)
		dem: 20
		earl: 0
		lat: 2461
		servt: 10
		pid: 0
		did: 10
		servST: 420.14000000000004
		(h, h_ind): (-1, 0)
		load: 20.0

	Finished service at time: 430.14000000000004

	Task 28 -> Task 35: 9.9
	Vehicle arrival at task: 440.04
	Waiting time until service start time: 0.0

	id: 35
		node: 13
		(x, y, z): (32, 6, 3)
		dem: 11
		earl: 401
		lat: 479
		servt: 10
		pid: 0
		did: 11
		servST: 440.04
		(h, h_ind): (-1, 0)
		load: 31.0

	Finished service at time: 450.04

	Using Machine: 4
		Task 35 -> Machine 4 (Station 4): 50.0
		Vehicle arrival at machine station: 500.04
		Waiting time until machine travel: 0.0

		Machine travel start time: 500.04
		Region 3 -> Region 0: 25.24
		Machine arrival at machine station: 525.28

		Machine 4 (Station 1)-> Task 45: 35.61
		Vehicle arrival at task: 560.89
		Waiting time until service start time: 0.0

	id: 45
		node: 17
		(x, y, z): (82, 103, 0)
		dem: 15
		earl: 0
		lat: 2490
		servt: 10
		pid: 0
		did: 34
		servST: 560.89
		(h, h_ind): (4, 4)
		load: 46.0

	Finished service at time: 570.89

	Using Machine: 0
		Task 45 -> Machine 0 (Station 1): 36.77
		Vehicle arrival at machine station: 607.66
		Waiting time until machine travel: 0.0

		Machine travel start time: 607.66
		Region 0 -> Region 3: 22.8
		Machine arrival at machine station: 630.4599999999999

		Machine 0 (Station 4)-> Task 34: 2.24
		Vehicle arrival at task: 632.6999999999999
		Waiting time until service start time: 0.0

	id: 34
		node: 57
		(x, y, z): (44, 58, 3)
		dem: -15
		earl: 0
		lat: 2497
		servt: 10
		pid: 45
		did: 0
		servST: 632.6999999999999
		(h, h_ind): (0, 1)
		load: 31.0

	Finished service at time: 642.6999999999999

	Task 34 -> Task 54: 32.57
	Vehicle arrival at task: 675.27
	Waiting time until service start time: 0.0

	id: 54
		node: 20
		(x, y, z): (13, 48, 3)
		dem: 15
		earl: 0
		lat: 2464
		servt: 10
		pid: 0
		did: 93
		servST: 675.27
		(h, h_ind): (-1, 0)
		load: 46.0

	Finished service at time: 685.27

	Using Machine: 3
		Task 54 -> Machine 3 (Station 4): 29.15
		Vehicle arrival at machine station: 714.42
		Waiting time until machine travel: 0.0

		Machine travel start time: 714.42
		Region 3 -> Region 1: 21.21
		Machine arrival at machine station: 735.63

		Machine 3 (Station 2)-> Task 93: 57.45
		Vehicle arrival at task: 793.08
		Waiting time until service start time: -0.0

	id: 93
		node: 60
		(x, y, z): (13, 129, 1)
		dem: -15
		earl: 0
		lat: 2443
		servt: 10
		pid: 54
		did: 0
		servST: 793.0799999999999
		(h, h_ind): (3, 3)
		load: 31.0

	Finished service at time: 803.0799999999999

	Task 93 -> Task 10: 9.85
	Vehicle arrival at task: 812.93
	Waiting time until service start time: 0.0

	id: 10
		node: 51
		(x, y, z): (17, 138, 1)
		dem: -20
		earl: 0
		lat: 2439
		servt: 10
		pid: 28
		did: 0
		servST: 812.93
		(h, h_ind): (-1, 0)
		load: 11.0

	Finished service at time: 822.93

	Task 10 -> Task 11: 20.0
	Vehicle arrival at task: 842.93
	Waiting time until service start time: 0.0

	id: 11
		node: 53
		(x, y, z): (37, 138, 1)
		dem: -11
		earl: 0
		lat: 2450
		servt: 10
		pid: 35
		did: 0
		servST: 842.93
		(h, h_ind): (-1, 0)
		load: 0.0

	Finished service at time: 852.93

	Task 11 -> Task 64: 13.0
	Vehicle arrival at task: 865.93
	Waiting time until service start time: 0.0

	id: 64
		node: 26
		(x, y, z): (37, 125, 1)
		dem: 10
		earl: 0
		lat: 2461
		servt: 10
		pid: 0
		did: 163
		servST: 865.93
		(h, h_ind): (-1, 0)
		load: 10.0

	Finished service at time: 875.93

	Task 64 -> Task 91: 8.94
	Vehicle arrival at task: 884.87
	Waiting time until service start time: -0.0

	id: 91
		node: 40
		(x, y, z): (33, 117, 1)
		dem: 20
		earl: 0
		lat: 2466
		servt: 10
		pid: 0
		did: 12
		servST: 884.8699999999999
		(h, h_ind): (-1, 0)
		load: 30.0

	Finished service at time: 894.8699999999999

	Task 91 -> Task 12: 49.73
	Vehicle arrival at task: 944.5999999999999
	Waiting time until service start time: 0.0

	id: 12
		node: 80
		(x, y, z): (20, 69, 1)
		dem: -20
		earl: 0
		lat: 2475
		servt: 10
		pid: 91
		did: 0
		servST: 944.5999999999999
		(h, h_ind): (-1, 0)
		load: 10.0

	Finished service at time: 954.5999999999999

	Task 12 -> Task 66: 55.97
	Vehicle arrival at task: 1010.5699999999999
	Waiting time until service start time: 0.0

	id: 66
		node: 28
		(x, y, z): (38, 122, 1)
		dem: 13
		earl: 941
		lat: 1052
		servt: 10
		pid: 0
		did: 133
		servST: 1010.5699999999999
		(h, h_ind): (-1, 0)
		load: 23.0

	Finished service at time: 1020.5699999999999

	Task 66 -> Task 133: 15.62
	Vehicle arrival at task: 1036.1899999999998
	Waiting time until service start time: 0.0

	id: 133
		node: 68
		(x, y, z): (50, 112, 1)
		dem: -13
		earl: 0
		lat: 2479
		servt: 10
		pid: 66
		did: 0
		servST: 1036.1899999999998
		(h, h_ind): (-1, 0)
		load: 10.0

	Finished service at time: 1046.1899999999998

	Using Machine: 0
		Task 133 -> Machine 0 (Station 2): 31.4
		Vehicle arrival at machine station: 1077.59
		Waiting time until machine travel: 0.0

		Machine travel start time: 1077.59
		Region 1 -> Region 2: 39.12
		Machine arrival at machine station: 1116.7099999999998

		Machine 0 (Station 3)-> Task 9: 45.45
		Vehicle arrival at task: 1162.1599999999999
		Waiting time until service start time: 0.0

	id: 9
		node: 3
		(x, y, z): (107, 25, 2)
		dem: 13
		earl: 1133
		lat: 1176
		servt: 10
		pid: 0
		did: 71
		servST: 1162.1599999999999
		(h, h_ind): (0, 5)
		load: 23.0

	Finished service at time: 1172.1599999999999

	Task 9 -> Task 77: 19.42
	Vehicle arrival at task: 1191.58
	Waiting time until service start time: 0.0

	id: 77
		node: 33
		(x, y, z): (103, 44, 2)
		dem: 12
		earl: 0
		lat: 2483
		servt: 10
		pid: 0
		did: 112
		servST: 1191.58
		(h, h_ind): (-1, 0)
		load: 35.0

	Finished service at time: 1201.58

	Task 77 -> Task 65: 10.77
	Vehicle arrival at task: 1212.35
	Waiting time until service start time: 0.0

	id: 65
		node: 27
		(x, y, z): (99, 34, 2)
		dem: 9
		earl: 0
		lat: 2479
		servt: 10
		pid: 0
		did: 37
		servST: 1212.35
		(h, h_ind): (-1, 0)
		load: 44.0

	Finished service at time: 1222.35

	Task 65 -> Task 59: 32.56
	Vehicle arrival at task: 1254.9099999999999
	Waiting time until service start time: 0.0

	id: 59
		node: 22
		(x, y, z): (105, 2, 2)
		dem: 1
		earl: 0
		lat: 2449
		servt: 10
		pid: 0
		did: 81
		servST: 1254.9099999999999
		(h, h_ind): (-1, 0)
		load: 45.0

	Finished service at time: 1264.9099999999999

	Task 59 -> Task 37: 8.06
	Vehicle arrival at task: 1272.9699999999998
	Waiting time until service start time: 0.0

	id: 37
		node: 67
		(x, y, z): (106, 10, 2)
		dem: -9
		earl: 0
		lat: 2456
		servt: 10
		pid: 65
		did: 0
		servST: 1272.9699999999998
		(h, h_ind): (-1, 0)
		load: 36.0

	Finished service at time: 1282.9699999999998

	Task 37 -> Task 81: 23.09
	Vehicle arrival at task: 1306.0599999999997
	Waiting time until service start time: 0.0

	id: 81
		node: 62
		(x, y, z): (83, 12, 2)
		dem: -1
		earl: 0
		lat: 2466
		servt: 10
		pid: 59
		did: 0
		servST: 1306.0599999999997
		(h, h_ind): (-1, 0)
		load: 35.0

	Finished service at time: 1316.0599999999997

	Task 81 -> Task 112: 82.37
	Vehicle arrival at task: 1398.4299999999998
	Waiting time until service start time: 0.0

	id: 112
		node: 73
		(x, y, z): (123, 84, 2)
		dem: -12
		earl: 0
		lat: 2471
		servt: 10
		pid: 77
		did: 0
		servST: 1398.4299999999998
		(h, h_ind): (-1, 0)
		load: 23.0

	Finished service at time: 1408.4299999999998

	Task 112 -> Task 71: 22.63
	Vehicle arrival at task: 1431.06
	Waiting time until service start time: 0.0

	id: 71
		node: 43
		(x, y, z): (139, 68, 2)
		dem: -13
		earl: 0
		lat: 2456
		servt: 10
		pid: 9
		did: 0
		servST: 1431.06
		(h, h_ind): (-1, 0)
		load: 10.0

	Finished service at time: 1441.06

	Task 71 -> Task 43: 44.41
	Vehicle arrival at task: 1485.47
	Waiting time until service start time: 0.0

	id: 43
		node: 16
		(x, y, z): (113, 32, 2)
		dem: 36
		earl: 0
		lat: 2468
		servt: 10
		pid: 0
		did: 19
		servST: 1485.47
		(h, h_ind): (-1, 0)
		load: 46.0

	Finished service at time: 1495.47

	Task 43 -> Task 19: 9.0
	Vehicle arrival at task: 1504.47
	Waiting time until service start time: 0.0

	id: 19
		node: 56
		(x, y, z): (104, 32, 2)
		dem: -36
		earl: 0
		lat: 2475
		servt: 10
		pid: 43
		did: 0
		servST: 1504.47
		(h, h_ind): (-1, 0)
		load: 10.0

	Finished service at time: 1514.47

	Using Machine: 0
		Task 19 -> Machine 0 (Station 3): 38.21
		Vehicle arrival at machine station: 1552.68
		Waiting time until machine travel: 0.0

		Machine travel start time: 1552.68
		Region 2 -> Region 1: 39.12
		Machine arrival at machine station: 1591.8

		Machine 0 (Station 2)-> Task 70: 2.83
		Vehicle arrival at task: 1594.6299999999999
		Waiting time until service start time: 0.0

	id: 70
		node: 30
		(x, y, z): (47, 83, 1)
		dem: 1
		earl: 0
		lat: 2499
		servt: 10
		pid: 0
		did: 94
		servST: 1594.63
		(h, h_ind): (0, 9)
		load: 11.0

	Finished service at time: 1604.63

	Task 70 -> Task 73: 18.79
	Vehicle arrival at task: 1623.42
	Waiting time until service start time: 0.0

	id: 73
		node: 31
		(x, y, z): (39, 100, 1)
		dem: 31
		earl: 0
		lat: 2482
		servt: 10
		pid: 0
		did: 121
		servST: 1623.42
		(h, h_ind): (-1, 0)
		load: 42.0

	Finished service at time: 1633.42

	Task 73 -> Task 121: 37.48
	Vehicle arrival at task: 1670.9
	Waiting time until service start time: 0.0

	id: 121
		node: 71
		(x, y, z): (2, 106, 1)
		dem: -31
		earl: 1541
		lat: 1673
		servt: 10
		pid: 73
		did: 0
		servST: 1670.9
		(h, h_ind): (-1, 0)
		load: 11.0

	Finished service at time: 1680.9

	Task 121 -> Task 20: 19.92
	Vehicle arrival at task: 1700.8200000000002
	Waiting time until service start time: 0.0

	id: 20
		node: 6
		(x, y, z): (8, 87, 1)
		dem: 17
		earl: 1615
		lat: 1714
		servt: 10
		pid: 0
		did: 164
		servST: 1700.8200000000002
		(h, h_ind): (-1, 0)
		load: 28.0

	Finished service at time: 1710.8200000000002

	Using Machine: 0
		Task 20 -> Machine 0 (Station 2): 37.48
		Vehicle arrival at machine station: 1748.3000000000002
		Waiting time until machine travel: 0.0

		Machine travel start time: 1748.3000000000002
		Region 1 -> Region 0: 11.7
		Machine arrival at machine station: 1760.0000000000002

		Machine 0 (Station 1)-> Task 163: 2.24
		Vehicle arrival at task: 1762.2400000000002
		Waiting time until service start time: 0.0

	id: 163
		node: 66
		(x, y, z): (54, 78, 0)
		dem: -10
		earl: 0
		lat: 2508
		servt: 10
		pid: 64
		did: 0
		servST: 1762.2400000000002
		(h, h_ind): (0, 10)
		load: 18.0

	Finished service at time: 1772.2400000000002

	Task 163 -> Task 164: 11.18
	Vehicle arrival at task: 1783.4200000000003
	Waiting time until service start time: 0.0

	id: 164
		node: 46
		(x, y, z): (65, 80, 0)
		dem: -17
		earl: 0
		lat: 2514
		servt: 10
		pid: 20
		did: 0
		servST: 1783.4200000000003
		(h, h_ind): (-1, 0)
		load: 1.0

	Finished service at time: 1793.4200000000003

	Task 164 -> Task 24: 62.65
	Vehicle arrival at task: 1856.0700000000004
	Waiting time until service start time: 0.0

	id: 24
		node: 9
		(x, y, z): (95, 135, 0)
		dem: 27
		earl: 0
		lat: 2456
		servt: 10
		pid: 0
		did: 199
		servST: 1856.0700000000004
		(h, h_ind): (-1, 0)
		load: 28.0

	Finished service at time: 1866.0700000000004

	Using Machine: 3
		Task 24 -> Machine 3 (Station 1): 69.12
		Vehicle arrival at machine station: 1935.1900000000005
		Waiting time until machine travel: 0.0

		Machine travel start time: 1935.1900000000005
		Region 0 -> Region 2: 25.06
		Machine arrival at machine station: 1960.2500000000005

		Machine 3 (Station 3)-> Task 92: 24.19
		Vehicle arrival at task: 1984.4400000000005
		Waiting time until service start time: 0.0

	id: 92
		node: 41
		(x, y, z): (102, 52, 2)
		dem: 15
		earl: 0
		lat: 2489
		servt: 10
		pid: 0
		did: 120
		servST: 1984.4400000000005
		(h, h_ind): (3, 5)
		load: 43.0

	Finished service at time: 1994.4400000000005

	Task 92 -> Task 120: 31.62
	Vehicle arrival at task: 2026.0600000000004
	Waiting time until service start time: 0.0

	id: 120
		node: 81
		(x, y, z): (92, 22, 2)
		dem: -15
		earl: 0
		lat: 2473
		servt: 10
		pid: 92
		did: 0
		servST: 2026.0600000000004
		(h, h_ind): (-1, 0)
		load: 28.0

	Finished service at time: 2036.0600000000004

	Task 120 -> Task 1: 23.77
	Vehicle arrival at task: 2059.8300000000004
	Waiting time until service start time: 0.0

	id: 1
		node: 2
		(x, y, z): (101, 0, 2)
		dem: 9
		earl: 1973
		lat: 2130
		servt: 10
		pid: 0
		did: 172
		servST: 2059.8300000000004
		(h, h_ind): (-1, 0)
		load: 37.0

	Finished service at time: 2069.8300000000004

	Task 1 -> Task 172: 12.65
	Vehicle arrival at task: 2082.4800000000005
	Waiting time until service start time: 0.0

	id: 172
		node: 42
		(x, y, z): (97, 12, 2)
		dem: -9
		earl: 0
		lat: 2462
		servt: 10
		pid: 1
		did: 0
		servST: 2082.4800000000005
		(h, h_ind): (-1, 0)
		load: 28.0

	Finished service at time: 2092.4800000000005

	Task 172 -> Task 199: 28.84
	Vehicle arrival at task: 2121.3200000000006
	Waiting time until service start time: 0.0

	id: 199
		node: 49
		(x, y, z): (81, 36, 2)
		dem: -27
		earl: 0
		lat: 2490
		servt: 10
		pid: 24
		did: 0
		servST: 2121.3200000000006
		(h, h_ind): (-1, 0)
		load: 1.0

	Finished service at time: 2131.3200000000006

	Using Machine: 4
		Task 199 -> Machine 4 (Station 3): 19.1
		Vehicle arrival at machine station: 2150.4200000000005
		Waiting time until machine travel: 0.0

		Machine travel start time: 2150.4200000000005
		Region 2 -> Region 3: 33.02
		Machine arrival at machine station: 2183.4400000000005

		Machine 4 (Station 4)-> Task 94: 36.06
		Vehicle arrival at task: 2219.5000000000005
		Waiting time until service start time: 0.0

	id: 94
		node: 70
		(x, y, z): (34, 20, 3)
		dem: -1
		earl: 0
		lat: 2464
		servt: 10
		pid: 70
		did: 0
		servST: 2219.5000000000005
		(h, h_ind): (4, 6)
		load: 0.0

	Finished service at time: 2229.5000000000005

	Using Machine: 4
		Task 94 -> Machine 4 (Station 4): 36.06
		Vehicle arrival at machine station: 2265.5600000000004
		Waiting time until machine travel: 0.0

		Machine travel start time: 2265.5600000000004
		Region 3 -> Region 0: 25.24
		Machine arrival at machine station: 2290.8

		Machine 4 (Station 1)-> Task 0: 11.18
		Vehicle arrival at task: 2301.98
		Waiting time until service start time: 0.0

	id: 0
		node: 82
		(x, y, z): (70, 70, 0)
		dem: 0
		earl: 0
		lat: 2535
		servt: 0
		pid: 0
		did: 0
		servST: 2301.9800000000005
		(h, h_ind): (4, 7)
		load: 0.0


---------------------| MACHINES |---------------------

Machine 0 :
	setup duration: 0.0

	vehicle: 31
	vehicleInd: 11
	(orig, dest): (45, 34)
	(origRegion, destRegion): (0, 3)
	st: 607.66
	duration: 22.8

	setup duration: 22.8

	vehicle: 3
	vehicleInd: 14
	(orig, dest): (13, 87)
	(origRegion, destRegion): (0, 1)
	st: 671.41
	duration: 11.7

	setup duration: 0.0

	vehicle: 3
	vehicleInd: 16
	(orig, dest): (83, 57)
	(origRegion, destRegion): (1, 0)
	st: 775.2499999999999
	duration: 11.7

	setup duration: 0.0

	vehicle: 3
	vehicleInd: 18
	(orig, dest): (84, 165)
	(origRegion, destRegion): (0, 3)
	st: 936.3999999999999
	duration: 22.8

	setup duration: 22.2

	vehicle: 31
	vehicleInd: 21
	(orig, dest): (133, 9)
	(origRegion, destRegion): (1, 2)
	st: 1077.59
	duration: 39.12

	setup duration: 36.01

	vehicle: 3
	vehicleInd: 22
	(orig, dest): (33, 17)
	(origRegion, destRegion): (3, 1)
	st: 1160.33
	duration: 22.2

	setup duration: 0.0

	vehicle: 3
	vehicleInd: 23
	(orig, dest): (17, 26)
	(origRegion, destRegion): (1, 0)
	st: 1254.57
	duration: 11.7

	setup duration: 0.0

	vehicle: 3
	vehicleInd: 24
	(orig, dest): (26, 153)
	(origRegion, destRegion): (0, 1)
	st: 1387.4299999999998
	duration: 11.7

	setup duration: 39.12

	vehicle: 31
	vehicleInd: 31
	(orig, dest): (19, 70)
	(origRegion, destRegion): (2, 1)
	st: 1552.68
	duration: 39.12

	setup duration: 0.0

	vehicle: 31
	vehicleInd: 35
	(orig, dest): (20, 163)
	(origRegion, destRegion): (1, 0)
	st: 1748.3000000000002
	duration: 11.7


Machine 1 :
	setup duration: 25.94

	vehicle: 31
	vehicleInd: 7
	(orig, dest): (102, 104)
	(origRegion, destRegion): (2, 3)
	st: 318.54
	duration: 35.9


Machine 2 :
	setup duration: 0.0

	vehicle: 8
	vehicleInd: 2
	(orig, dest): (0, 47)
	(origRegion, destRegion): (0, 2)
	st: 117.55000000000007
	duration: 26.91

	setup duration: 37.01

	vehicle: 3
	vehicleInd: 28
	(orig, dest): (82, 22)
	(origRegion, destRegion): (3, 0)
	st: 1547.0399999999997
	duration: 24.04


Machine 3 :
	setup duration: 0.0

	vehicle: 31
	vehicleInd: 6
	(orig, dest): (67, 102)
	(origRegion, destRegion): (0, 2)
	st: 219.98000000000002
	duration: 25.06

	setup duration: 0.0

	vehicle: 3
	vehicleInd: 12
	(orig, dest): (75, 21)
	(origRegion, destRegion): (2, 0)
	st: 446.29
	duration: 25.06

	setup duration: 25.5

	vehicle: 31
	vehicleInd: 13
	(orig, dest): (54, 93)
	(origRegion, destRegion): (3, 1)
	st: 714.42
	duration: 21.21

	setup duration: 0.0

	vehicle: 3
	vehicleInd: 27
	(orig, dest): (98, 82)
	(origRegion, destRegion): (1, 3)
	st: 1502.36
	duration: 21.21

	setup duration: 25.5

	vehicle: 31
	vehicleInd: 38
	(orig, dest): (24, 92)
	(origRegion, destRegion): (0, 2)
	st: 1935.1900000000005
	duration: 25.06


Machine 4 :
	setup duration: 0.0

	vehicle: 3
	vehicleInd: 4
	(orig, dest): (80, 41)
	(origRegion, destRegion): (0, 2)
	st: 49.55
	duration: 27.59

	setup duration: 0.0

	vehicle: 3
	vehicleInd: 5
	(orig, dest): (41, 74)
	(origRegion, destRegion): (2, 3)
	st: 92.8
	duration: 33.02

	setup duration: 0.0

	vehicle: 3
	vehicleInd: 8
	(orig, dest): (62, 167)
	(origRegion, destRegion): (3, 2)
	st: 211.95
	duration: 33.02

	setup duration: 33.02

	vehicle: 31
	vehicleInd: 10
	(orig, dest): (35, 45)
	(origRegion, destRegion): (3, 0)
	st: 500.04
	duration: 25.24

	setup duration: 27.59

	vehicle: 8
	vehicleInd: 12
	(orig, dest): (72, 0)
	(origRegion, destRegion): (2, 0)
	st: 552.87
	duration: 27.59

	setup duration: 27.59

	vehicle: 31
	vehicleInd: 43
	(orig, dest): (199, 94)
	(origRegion, destRegion): (2, 3)
	st: 2150.4200000000005
	duration: 33.02

	setup duration: 0.0

	vehicle: 31
	vehicleInd: 44
	(orig, dest): (94, 0)
	(origRegion, destRegion): (3, 0)
	st: 2265.5600000000004
	duration: 25.24


-------------------| COMPL. TIMES |-------------------

Vehicle 0 : 0.0
Vehicle 1 : 0.0
Vehicle 2 : 0.0
Vehicle 3 : 1663.7999999999997
Vehicle 4 : 0.0
Vehicle 5 : 0.0
Vehicle 6 : 0.0
Vehicle 7 : 0.0
Vehicle 8 : 487.50999999999993
Vehicle 9 : 0.0
Vehicle 10 : 0.0
Vehicle 11 : 0.0
Vehicle 12 : 0.0
Vehicle 13 : 0.0
Vehicle 14 : 0.0
Vehicle 15 : 0.0
Vehicle 16 : 0.0
Vehicle 17 : 0.0
Vehicle 18 : 0.0
Vehicle 19 : 0.0
Vehicle 20 : 0.0
Vehicle 21 : 0.0
Vehicle 22 : 0.0
Vehicle 23 : 0.0
Vehicle 24 : 0.0
Vehicle 25 : 0.0
Vehicle 26 : 0.0
Vehicle 27 : 0.0
Vehicle 28 : 0.0
Vehicle 29 : 0.0
Vehicle 30 : 0.0
Vehicle 31 : 2293.7800000000007
Vehicle 32 : 0.0
Vehicle 33 : 0.0
Vehicle 34 : 0.0
Vehicle 35 : 0.0
Vehicle 36 : 0.0
Vehicle 37 : 0.0
Vehicle 38 : 0.0
Vehicle 39 : 0.0
-------------------| STATISTICS |-------------------

    Vehicles used                           : 7.5
    Machines used                           : 100.0
    Max load (vehicles)                     : 100.0
    Min load (vehicles)                     : 88.4615
    Mean load (vehicles)                    : 96.1538
    Min completion time                     : 19.2312
    Max completion time                     : 90.4844
    Mean completion time                    : 58.4496
    Avrg travel time (with vehicle)         : 7.3845
    Avrg travel time (only with vehicle)    : 4.8419
    Avrg travel time (no vehicle)           : 2.5426
    Avrg waiting time (machine travel)      : 0.0
    Avrg waiting time (service)             : 0.0
    Machines travel times (with vehicle)    : [12.8075, 2.4394, 3.4698, 6.6509, 11.555]
    Machines travel times (no vehicle)      : [4.7389, 1.0233, 1.46, 2.0118, 3.4793]
    Max load per vehicle                    : [0.0, 0.0, 0.0, 88.4615, 0.0, 0.0, 0.0, 0.0, 100.0, 0.0, 0.0, 0.0, 0.0, 0.0, 0.0, 0.0, 0.0, 0.0, 0.0, 0.0, 0.0, 0.0, 0.0, 0.0, 0.0, 0.0, 0.0, 0.0, 0.0, 0.0, 0.0, 100.0, 0.0, 0.0, 0.0, 0.0, 0.0, 0.0, 0.0, 0.0]

----------------------------------------------------

TOTAL: 4445.09

Everything is awesome!
