Set parameter WLSAccessID
Set parameter WLSSecret
Set parameter LicenseID to value 2661775
Academic license 2661775 - for non-commercial use only - registered to me___@dcc.ufba.br
Loading line 2: methodType heur
Loading line 3: methodCode mslp
Loading line 4: seed 0
Loading line 5: threads 1
Loading line 6: greedy_service_order random
Loading line 7: outputFlagGrbMSLP 0
Loading line 8: mslpa 60000
Loading line 9: mslpr I
Loading line 10: maxtime 3600
Loading line 11: output ./logs/
Loading line 12: printsol 1
Loading line 13: solverMethod A
Instance: LR1_2_8_t1_40R_40V_02F_06M

[10:43:13.428] Running Data.readData with file /dados/rmelo/PDPTW-SE/benchmark_multi_floor_v3/official_experiments/multistartlp/preliminar/set_01_pt_02/../../../../instances/orig_ams_fg/40R_40V_02F_06M/t1/LR1_2_8/
vehicles: Vehicle[Vehicle(0, 58), Vehicle(1, 72), Vehicle(2, 86), Vehicle(3, 86), Vehicle(4, 58), Vehicle(5, 86), Vehicle(6, 72), Vehicle(7, 86), Vehicle(8, 58), Vehicle(9, 86), Vehicle(10, 72), Vehicle(11, 72), Vehicle(12, 86), Vehicle(13, 58), Vehicle(14, 58), Vehicle(15, 86), Vehicle(16, 72), Vehicle(17, 58), Vehicle(18, 72), Vehicle(19, 72), Vehicle(20, 72), Vehicle(21, 58), Vehicle(22, 58), Vehicle(23, 58), Vehicle(24, 86), Vehicle(25, 58), Vehicle(26, 86), Vehicle(27, 58), Vehicle(28, 72), Vehicle(29, 86), Vehicle(30, 86), Vehicle(31, 58), Vehicle(32, 58), Vehicle(33, 58), Vehicle(34, 86), Vehicle(35, 86), Vehicle(36, 58), Vehicle(37, 72), Vehicle(38, 58), Vehicle(39, 72)]
vehicle_types: Vehicle[Vehicle(0, 58), Vehicle(1, 72), Vehicle(2, 86)]
Machine[Machine(0, Point[Point(72, 70, 0), Point(72, 70, 1)], 0.2), Machine(1, Point[Point(74, 70, 0), Point(74, 70, 1)], 0.2), Machine(2, Point[Point(76, 70, 0), Point(76, 70, 1)], 0.2), Machine(3, Point[Point(68, 70, 0), Point(68, 70, 1)], 0.2), Machine(4, Point[Point(78, 70, 0), Point(78, 70, 1)], 0.2), Machine(5, Point[Point(66, 70, 0), Point(66, 70, 1)], 0.2)]
refs: [1, 2, 3, 4, 6, 8, 9, 11, 12, 14, 19, 20, 21, 22, 23, 25, 26, 28, 30, 31, 32, 33, 34, 35, 38, 39, 40, 42, 43, 45, 46, 47, 49, 50, 52, 53, 54, 55, 57, 59, 60, 66, 81, 36, 77, 44, 27, 56, 75, 17, 67, 63, 73, 79, 48, 41, 62, 24, 5, 70, 71, 13, 72, 7, 15, 58, 51, 69, 65, 64, 61, 78, 16, 18, 74, 76, 68, 37, 29, 80, 10, 1]
V: [1, 2, 3, 4, 5, 6, 7, 8, 9, 10, 11, 12, 13, 14, 15, 16, 17, 18, 19, 20, 21, 22, 23, 24, 25, 26, 27, 28, 29, 30, 31, 32, 33, 34, 35, 36, 37, 38, 39, 40, 41, 42, 43, 44, 45, 46, 47, 48, 49, 50, 51, 52, 53, 54, 55, 56, 57, 58, 59, 60, 61, 62, 63, 64, 65, 66, 67, 68, 69, 70, 71, 72, 73, 74, 75, 76, 77, 78, 79, 80, 81]
V_p: [2, 3, 4, 5, 6, 7, 8, 9, 10, 11, 12, 13, 14, 15, 16, 17, 18, 19, 20, 21, 22, 23, 24, 25, 26, 27, 28, 29, 30, 31, 32, 33, 34, 35, 36, 37, 38, 39, 40, 41]
V_d: [42, 43, 44, 45, 46, 47, 48, 49, 50, 51, 52, 53, 54, 55, 56, 57, 58, 59, 60, 61, 62, 63, 64, 65, 66, 67, 68, 69, 70, 71, 72, 73, 74, 75, 76, 77, 78, 79, 80, 81]
Vprime: [1, 2, 3, 4, 5, 6, 7, 8, 9, 10, 11, 12, 13, 14, 15, 16, 17, 18, 19, 20, 21, 22, 23, 24, 25, 26, 27, 28, 29, 30, 31, 32, 33, 34, 35, 36, 37, 38, 39, 40, 41, 42, 43, 44, 45, 46, 47, 48, 49, 50, 51, 52, 53, 54, 55, 56, 57, 58, 59, 60, 61, 62, 63, 64, 65, 66, 67, 68, 69, 70, 71, 72, 73, 74, 75, 76, 77, 78, 79, 80, 81, 82]
V: [1, 2, 3, 4, 5, 6, 7, 8, 9, 10, 11, 12, 13, 14, 15, 16, 17, 18, 19, 20, 21, 22, 23, 24, 25, 26, 27, 28, 29, 30, 31, 32, 33, 34, 35, 36, 37, 38, 39, 40, 41, 42, 43, 44, 45, 46, 47, 48, 49, 50, 51, 52, 53, 54, 55, 56, 57, 58, 59, 60, 61, 62, 63, 64, 65, 66, 67, 68, 69, 70, 71, 72, 73, 74, 75, 76, 77, 78, 79, 80, 81]
q: [0, 34, 8, 39, 14, 16, 27, 13, 24, 43, 13, 8, 30, 12, 7, 18, 33, 12, 15, 9, 23, 17, 23, 9, 35, 18, 32, 9, 31, 26, 9, 27, 12, 10, 1, 6, 36, 17, 33, 21, 4, -34, -8, -39, -14, -16, -27, -13, -24, -43, -13, -8, -30, -12, -7, -18, -33, -12, -15, -9, -23, -17, -23, -9, -35, -18, -32, -9, -31, -26, -9, -27, -12, -10, -1, -6, -36, -17, -33, -21, -4, 0]
H: [1, 2, 3, 4, 5, 6]
f: [[1, 1, 1, 1, 1, 1], [2, 2, 2, 2, 2, 2], [1, 1, 1, 1, 1, 1], [2, 2, 2, 2, 2, 2], [1, 1, 1, 1, 1, 1], [2, 2, 2, 2, 2, 2], [2, 2, 2, 2, 2, 2], [2, 2, 2, 2, 2, 2], [2, 2, 2, 2, 2, 2], [2, 2, 2, 2, 2, 2], [1, 1, 1, 1, 1, 1], [2, 2, 2, 2, 2, 2], [1, 1, 1, 1, 1, 1], [1, 1, 1, 1, 1, 1], [1, 1, 1, 1, 1, 1], [2, 2, 2, 2, 2, 2], [2, 2, 2, 2, 2, 2], [1, 1, 1, 1, 1, 1], [1, 1, 1, 1, 1, 1], [1, 1, 1, 1, 1, 1], [1, 1, 1, 1, 1, 1], [1, 1, 1, 1, 1, 1], [2, 2, 2, 2, 2, 2], [2, 2, 2, 2, 2, 2], [2, 2, 2, 2, 2, 2], [1, 1, 1, 1, 1, 1], [1, 1, 1, 1, 1, 1], [2, 2, 2, 2, 2, 2], [1, 1, 1, 1, 1, 1], [2, 2, 2, 2, 2, 2], [1, 1, 1, 1, 1, 1], [2, 2, 2, 2, 2, 2], [1, 1, 1, 1, 1, 1], [2, 2, 2, 2, 2, 2], [2, 2, 2, 2, 2, 2], [2, 2, 2, 2, 2, 2], [1, 1, 1, 1, 1, 1], [2, 2, 2, 2, 2, 2], [1, 1, 1, 1, 1, 1], [1, 1, 1, 1, 1, 1], [1, 1, 1, 1, 1, 1], [2, 2, 2, 2, 2, 2], [1, 1, 1, 1, 1, 1], [1, 1, 1, 1, 1, 1], [1, 1, 1, 1, 1, 1], [1, 1, 1, 1, 1, 1], [1, 1, 1, 1, 1, 1], [1, 1, 1, 1, 1, 1], [1, 1, 1, 1, 1, 1], [1, 1, 1, 1, 1, 1], [2, 2, 2, 2, 2, 2], [1, 1, 1, 1, 1, 1], [2, 2, 2, 2, 2, 2], [1, 1, 1, 1, 1, 1], [2, 2, 2, 2, 2, 2], [1, 1, 1, 1, 1, 1], [1, 1, 1, 1, 1, 1], [1, 1, 1, 1, 1, 1], [2, 2, 2, 2, 2, 2], [2, 2, 2, 2, 2, 2], [2, 2, 2, 2, 2, 2], [1, 1, 1, 1, 1, 1], [1, 1, 1, 1, 1, 1], [1, 1, 1, 1, 1, 1], [2, 2, 2, 2, 2, 2], [1, 1, 1, 1, 1, 1], [2, 2, 2, 2, 2, 2], [1, 1, 1, 1, 1, 1], [1, 1, 1, 1, 1, 1], [2, 2, 2, 2, 2, 2], [2, 2, 2, 2, 2, 2], [1, 1, 1, 1, 1, 1], [2, 2, 2, 2, 2, 2], [1, 1, 1, 1, 1, 1], [1, 1, 1, 1, 1, 1], [1, 1, 1, 1, 1, 1], [1, 1, 1, 1, 1, 1], [1, 1, 1, 1, 1, 1], [1, 1, 1, 1, 1, 1], [1, 1, 1, 1, 1, 1], [1, 1, 1, 1, 1, 1], [1, 1, 1, 1, 1, 1]]
1 1 1 -> 0.0
1 2 1 -> 5.0
2 1 1 -> 5.0
2 2 1 -> 0.0
1 1 2 -> 0.0
1 2 2 -> 5.0
2 1 2 -> 5.0
2 2 2 -> 0.0
1 1 3 -> 0.0
1 2 3 -> 5.0
2 1 3 -> 5.0
2 2 3 -> 0.0
1 1 4 -> 0.0
1 2 4 -> 5.0
2 1 4 -> 5.0
2 2 4 -> 0.0
1 1 5 -> 0.0
1 2 5 -> 5.0
2 1 5 -> 5.0
2 2 5 -> 0.0
1 1 6 -> 0.0
1 2 6 -> 5.0
2 1 6 -> 5.0
2 2 6 -> 0.0
o: (1, 2, 1) => 5.0
o: (1, 2, 5) => 5.0
o: (1, 2, 3) => 5.0
o: (1, 1, 2) => 0.0
o: (2, 2, 6) => 0.0
o: (2, 1, 4) => 5.0
o: (1, 2, 2) => 5.0
o: (1, 1, 6) => 0.0
o: (2, 1, 1) => 5.0
o: (2, 1, 5) => 5.0
o: (2, 1, 3) => 5.0
o: (2, 2, 4) => 0.0
o: (1, 2, 6) => 5.0
o: (2, 2, 1) => 0.0
o: (2, 2, 5) => 0.0
o: (2, 2, 3) => 0.0
o: (2, 1, 2) => 5.0
o: (1, 1, 4) => 0.0
o: (1, 1, 1) => 0.0
o: (1, 1, 5) => 0.0
o: (1, 1, 3) => 0.0
o: (1, 2, 4) => 5.0
o: (2, 2, 2) => 0.0
o: (2, 1, 6) => 5.0

[130, 828, 818, 740, 730, 735, 645, 6]
JOBS in the order of refs (Vprime)
Node 1: Job(0, Point(70, 70, 0), 0, 0, 634, 0, 0, 0)
Node 2: Job(1, Point(107, 77, 1), 34, 0, 587, 10, 0, 103)
Node 3: Job(2, Point(109, 139, 0), 8, 0, 545, 10, 0, 200)
Node 4: Job(3, Point(120, 22, 1), 39, 114, 144, 10, 0, 50)
Node 5: Job(6, Point(12, 138, 0), 14, 275, 305, 10, 0, 173)
Node 6: Job(12, Point(12, 84, 1), 16, 0, 565, 10, 0, 58)
Node 7: Job(13, Point(44, 116, 1), 27, 0, 572, 10, 0, 38)
Node 8: Job(15, Point(41, 36, 1), 13, 51, 81, 10, 0, 70)
Node 9: Job(16, Point(132, 133, 1), 24, 0, 536, 10, 0, 170)
Node 10: Job(21, Point(138, 78, 1), 43, 0, 556, 10, 0, 26)
Node 11: Job(29, Point(20, 69, 0), 13, 378, 408, 10, 0, 110)
Node 12: Job(30, Point(64, 132, 1), 8, 62, 92, 10, 0, 83)
Node 13: Job(31, Point(115, 82, 0), 30, 0, 578, 10, 0, 154)
Node 14: Job(33, Point(30, 21, 0), 12, 0, 561, 10, 0, 186)
Node 15: Job(34, Point(63, 129, 0), 7, 206, 236, 10, 0, 62)
Node 16: Job(36, Point(108, 30, 1), 18, 0, 569, 10, 0, 55)
Node 17: Job(37, Point(37, 73, 1), 33, 0, 591, 10, 0, 82)
Node 18: Job(40, Point(92, 138, 0), 12, 402, 432, 10, 0, 35)
Node 19: Job(43, Point(13, 48, 0), 15, 0, 563, 10, 0, 4)
Node 20: Job(44, Point(113, 35, 0), 9, 0, 569, 10, 0, 137)
Node 21: Job(45, Point(60, 84, 0), 23, 0, 607, 10, 0, 138)
Node 22: Job(47, Point(8, 87, 0), 17, 0, 560, 10, 0, 19)
Node 23: Job(48, Point(116, 105, 1), 23, 0, 567, 10, 0, 148)
Node 24: Job(49, Point(117, 4, 1), 9, 0, 543, 10, 0, 7)
Node 25: Job(52, Point(58, 95, 1), 35, 485, 515, 10, 0, 24)
Node 26: Job(53, Point(103, 119, 0), 18, 0, 565, 10, 0, 76)
Node 27: Job(54, Point(32, 52, 0), 32, 0, 582, 10, 0, 65)
Node 28: Job(56, Point(54, 41, 1), 9, 0, 591, 10, 0, 129)
Node 29: Job(57, Point(39, 100, 0), 31, 0, 581, 10, 0, 97)
Node 30: Job(59, Point(67, 96, 1), 26, 0, 598, 10, 0, 88)
Node 31: Job(60, Point(73, 96, 0), 9, 0, 598, 10, 0, 81)
Node 32: Job(61, Point(112, 13, 1), 27, 0, 554, 10, 0, 180)
Node 33: Job(63, Point(103, 44, 0), 12, 42, 72, 10, 0, 25)
Node 34: Job(64, Point(97, 12, 1), 10, 0, 561, 10, 0, 27)
Node 35: Job(66, Point(140, 36, 1), 1, 0, 547, 10, 0, 158)
Node 36: Job(67, Point(90, 44, 1), 6, 52, 82, 10, 0, 172)
Node 37: Job(68, Point(113, 32, 0), 36, 144, 174, 10, 0, 116)
Node 38: Job(69, Point(104, 73, 1), 17, 0, 590, 10, 0, 51)
Node 39: Job(75, Point(88, 29, 0), 33, 550, 580, 10, 0, 41)
Node 40: Job(77, Point(10, 111, 0), 21, 0, 552, 10, 0, 198)
Node 41: Job(79, Point(113, 45, 0), 4, 0, 575, 10, 0, 14)
Node 42: Job(103, Point(103, 82, 1), -34, 0, 589, 10, 1, 0)
Node 43: Job(200, Point(95, 135, 0), -8, 401, 431, 10, 2, 0)
Node 44: Job(50, Point(140, 42, 0), -39, 0, 549, 10, 3, 0)
Node 45: Job(173, Point(33, 117, 0), -14, 0, 565, 10, 6, 0)
Node 46: Job(58, Point(5, 99, 0), -16, 0, 553, 10, 12, 0)
Node 47: Job(38, Point(50, 112, 0), -27, 0, 578, 10, 13, 0)
Node 48: Job(70, Point(36, 38, 0), -13, 0, 578, 10, 15, 0)
Node 49: Job(170, Point(136, 123, 0), -24, 319, 349, 10, 16, 0)
Node 50: Job(26, Point(139, 73, 0), -43, 0, 555, 10, 21, 0)
Node 51: Job(110, Point(34, 72, 1), -13, 0, 588, 10, 29, 0)
Node 52: Job(83, Point(51, 92, 0), -8, 0, 595, 10, 30, 0)
Node 53: Job(154, Point(86, 80, 1), -30, 0, 606, 10, 31, 0)
Node 54: Job(186, Point(15, 18, 0), -12, 0, 549, 10, 33, 0)
Node 55: Job(62, Point(55, 127, 1), -7, 0, 566, 10, 34, 0)
Node 56: Job(55, Point(89, 39, 0), -18, 0, 588, 10, 36, 0)
Node 57: Job(82, Point(10, 86, 0), -33, 0, 562, 10, 37, 0)
Node 58: Job(35, Point(82, 100, 0), -12, 0, 592, 10, 40, 0)
Node 59: Job(4, Point(48, 47, 1), -15, 0, 593, 10, 43, 0)
Node 60: Job(137, Point(104, 32, 1), -9, 0, 574, 10, 44, 0)
Node 61: Job(138, Point(55, 102, 1), -23, 0, 589, 10, 45, 0)
Node 62: Job(19, Point(22, 104, 0), -17, 0, 566, 10, 47, 0)
Node 63: Job(148, Point(123, 84, 0), -23, 0, 570, 10, 48, 0)
Node 64: Job(7, Point(86, 40, 0), -9, 0, 590, 10, 49, 0)
Node 65: Job(24, Point(66, 82, 1), -35, 0, 612, 10, 52, 0)
Node 66: Job(76, Point(109, 131, 0), -18, 226, 256, 10, 53, 0)
Node 67: Job(65, Point(16, 62, 1), -32, 0, 570, 10, 54, 0)
Node 68: Job(129, Point(23, 39, 0), -9, 0, 568, 10, 56, 0)
Node 69: Job(97, Point(58, 80, 0), -31, 0, 609, 10, 57, 0)
Node 70: Job(88, Point(69, 116, 1), -26, 0, 578, 10, 59, 0)
Node 71: Job(81, Point(85, 75, 1), -9, 0, 609, 10, 60, 0)
Node 72: Job(180, Point(106, 10, 0), -27, 0, 555, 10, 61, 0)
Node 73: Job(25, Point(107, 25, 1), -12, 0, 566, 10, 63, 0)
Node 74: Job(27, Point(101, 0, 0), -10, 0, 548, 10, 64, 0)
Node 75: Job(158, Point(120, 47, 0), -1, 0, 569, 10, 66, 0)
Node 76: Job(172, Point(120, 52, 0), -6, 374, 404, 10, 67, 0)
Node 77: Job(116, Point(110, 28, 0), -36, 305, 335, 10, 68, 0)
Node 78: Job(51, Point(139, 68, 0), -17, 0, 555, 10, 69, 0)
Node 79: Job(41, Point(81, 36, 0), -33, 0, 589, 10, 75, 0)
Node 80: Job(198, Point(27, 104, 0), -21, 0, 570, 10, 77, 0)
Node 81: Job(14, Point(102, 52, 0), -4, 0, 588, 10, 79, 0)
Node 82: Job(0, Point(70, 70, 0), 0, 0, 634, 0, 0, 0)

### Preprocessing Data ###
	-> arcs: 6724 (100.0%)
	-> arc_removals: 2029 (30.18%)
	-> arc_removals_is_loop: 82 (1.22%)
	-> arc_removals_is_delivery_to_pickup: 42 (0.62%)
	-> arc_removals_is_depot_begin_to_delivery: 40 (0.59%)
	-> arc_removals_is_pickup_to_depot_end: 40 (0.59%)
	-> arc_removals_is_dest_depot_begin: 80 (1.19%)
	-> arc_removals_is_orig_depot_end: 79 (1.17%)
	-> arc_removals_is_capacity_violated: 0 (0.0%)
	-> arc_removals_is_time_window_limited: 991 (14.74%)
	-> arc_removals_is_time_window_pairing_limited: 620 (9.22%)
	-> arc_removals_is_indirect_request_service_impossible: 55 (0.82%)
	-> gamma_vars: 0 (0%)
	-> feas_gamma_vars: 0 (0%)
	-> infeas_gamma_vars_is_next_mtrv_unreachable: 0 (0%)
	-> infeas_gamma_vars_is_iprime_jprime_eq_i_j: 0 (0%)
	-> machine_removal_for_an_arc: 0 (0.0%)
##########################

[10:43:22.998] Print configuration
------------------------------------------------------
"
[10:43:22.998] Running Multi Start Heuristic"
> Experiment started at 2025-10-05T10:43:22.998
> Instance: LR1_2_8_t1_40R_40V_02F_06M
> Algorithm Parameters:


	>Stop params:
		>  - rule ITERATIONS
		>  - argument 60000.0
		>  - maximum_time 3600

	>General params:
		>  - instPath /dados/rmelo/PDPTW-SE/benchmark_multi_floor_v3/official_experiments/multistartlp/preliminar/set_01_pt_02/../../../../instances/orig_ams_fg/40R_40V_02F_06M/t1/LR1_2_8/
		>  - name LR1_2_8
		>  - type t1
		>  - group 40R_40V_02F_06M
		>  - fullname LR1_2_8_t1_40R_40V_02F_06M
		>  - methodType heur
		>  - methodCode mslp
		>  - genconfigfile /dados/rmelo/PDPTW-SE/benchmark_multi_floor_v3/official_experiments/multistartlp/preliminar/set_01_pt_02/configs/genconfig_mslp.conf
		>  - genconfigfilename genconfig_mslp
		>  - greedy_service_order random
		>  - cutoff 0
		>  - cutoffmachs 6
		>  - num_machs 0
		>  - solver Gurobi
		>  - maxtime 3600
		>  - gurobiCuts 1
		>  - typeUserCut 0
		>  - mipPresolve -1
		>  - printsol 1
		>  - maxnodes -1
		>  - elevator 1
		>  - make_instance_feasible false
		>  - output /dados/rmelo/PDPTW-SE/benchmark_multi_floor_v3/official_experiments/multistartlp/preliminar/set_01_pt_02/logs
		>  - suff_outputs _seed_136_alpha_10p
		>  - suff_csv _bash_2
		>  - epsilon 0.005
		>  - epsilonCap 0.5
		>  - warmStart false
		>  - seed 136
		>  - rng Random.MersenneTwister(136)
		>  - alpha 0.1
		>  - maxiter 1000000
		>  - outputFlagGrbMIP 0
		>  - outputFlagGrbMSLP 0
		>  - outputFlagGrbLMNS 0
		>  - mslpr I
		>  - mslpa 60000
		>  - lmnsr M
		>  - lmnsa 60
		>  - lmnsRepairTime 30.0
		>  - lmnsMIPFocus 0
		>  - lmnsGapToBiggerDestruction 50
		>  - lmnsGapToSmallerDestruction 95
		>  - lmnsWeightShawDistProx 1.0
		>  - lmnsWeightShawEarlProx 1.0
		>  - lmnsWeightShawSameRoute 1.0
		>  - lmnsWeightShawDemandSim 1.0
		>  - lmnsReqRApplyMIPStart true
		>  - lmnsAcceptanceCriteria H
		>  - lmnsMetropolisTemp 100.0
		>  - lmnsSimulatedAnnealingTemp 100.0
		>  - lmnsSimulatedAnnealingCool 0.95
		>  - mipmaxtime 3600
		>  - csvfilename /dados/rmelo/PDPTW-SE/benchmark_multi_floor_v3/official_experiments/multistartlp/preliminar/set_01_pt_02/logs/heur_mslp/outputs/csvresults_heur_mslp_bash_2.csv
		>  - solfilename /dados/rmelo/PDPTW-SE/benchmark_multi_floor_v3/official_experiments/multistartlp/preliminar/set_01_pt_02/logs/heur_mslp/solutions/40R_40V_02F_06M/LR1_2_8_sol_genconfig_mslp_seed_136_alpha_10p.txt
		>  - timelineFilename /dados/rmelo/PDPTW-SE/benchmark_multi_floor_v3/official_experiments/multistartlp/preliminar/set_01_pt_02/logs/heur_mslp/timelines/40R_40V_02F_06M/LR1_2_8_timeline_genconfig_mslp_seed_136_alpha_10p.txt
		>  - grbFilename /dados/rmelo/PDPTW-SE/benchmark_multi_floor_v3/official_experiments/multistartlp/preliminar/set_01_pt_02/logs/heur_mslp/gurobi/40R_40V_02F_06M/LR1_2_8_grb_genconfig_mslp_seed_136_alpha_10p.log
		>  - threads 1
		>  - solverMethod AUTOMATIC

------------------------------------------------------
objValue;greedysol;iteration;time
5910.31;5960.44;1;0.019578
5666.04;5774.47;3;0.364719
5466.04;5581.08;13;0.829937
5347.66;5467.12;30;1.217061
5033.82;5120.89;55;1.806951
4818.50;4962.38;481;11.677920
4775.18;4949.74;2791;64.696075
4667.34;4759.18;7473;172.300252
4529.10;4715.98;54282;1249.137612

[11:06:23.385] Finished running MSLP

[11:06:23.385] Post running MSLP
Best solution value: 4529.10
Total time elapsed: 1380.283475
Time to best: 1249.137612
Iterations: 60000
Iterations to best: 54282
Improvements: 9
Infeasible solutions percentage: (0 / 60000) = 0.0000 %
(LP improvements)/(LP runs) = 60000/60000 = 100.0000 %
Mean LP improvement percentage: 2.2625 %
[11:06:23.702] Writing results to CSV file: /dados/rmelo/PDPTW-SE/benchmark_multi_floor_v3/official_experiments/multistartlp/preliminar/set_01_pt_02/logs/heur_mslp/outputs/csvresults_heur_mslp_bash_2.csv

[11:06:25.678] Saving solution to file:/dados/rmelo/PDPTW-SE/benchmark_multi_floor_v3/official_experiments/multistartlp/preliminar/set_01_pt_02/logs/heur_mslp/solutions/40R_40V_02F_06M/LR1_2_8_sol_genconfig_mslp_seed_136_alpha_10p.txt

[11:06:25.678] Saving solution timeline to file: /dados/rmelo/PDPTW-SE/benchmark_multi_floor_v3/official_experiments/multistartlp/preliminar/set_01_pt_02/logs/heur_mslp/timelines/40R_40V_02F_06M/LR1_2_8_timeline_genconfig_mslp_seed_136_alpha_10p.txt
---------------------| VEHICLES |---------------------

Vehicle 1 :
	id: 0
		node: 1
		(x, y, z): (70, 70, 0)
		dem: 0
		earl: 0
		lat: 634
		servt: 0
		pid: 0
		did: 0
		servST: 1.8600000000000136
		(h, h_ind): (-1, 0)
		load: 0.0

	Finished service at time: 1.8600000000000136

	Task 0 -> Task 45: 17.2
	Vehicle arrival at task: 19.060000000000013
	Waiting time until service start time: 0.0

	id: 45
		node: 21
		(x, y, z): (60, 84, 0)
		dem: 23
		earl: 0
		lat: 607
		servt: 10
		pid: 0
		did: 138
		servST: 19.060000000000013
		(h, h_ind): (-1, 0)
		load: 23.0

	Finished service at time: 29.060000000000013

	Using Machine: 5
		Task 45 -> Machine 5 (Station 1): 15.23
		Vehicle arrival at machine station: 44.29000000000001
		Waiting time until machine travel: 0.0

		Machine travel start time: 44.29000000000001
		Region 0 -> Region 1: 5.0
		Machine arrival at machine station: 49.29000000000001

		Machine 5 (Station 2)-> Task 13: 50.99
		Vehicle arrival at task: 100.28000000000002
		Waiting time until service start time: 0.0

	id: 13
		node: 7
		(x, y, z): (44, 116, 1)
		dem: 27
		earl: 0
		lat: 572
		servt: 10
		pid: 0
		did: 38
		servST: 100.28000000000002
		(h, h_ind): (5, 2)
		load: 50.0

	Finished service at time: 110.28000000000002

	Task 13 -> Task 138: 17.8
	Vehicle arrival at task: 128.08
	Waiting time until service start time: 0.0

	id: 138
		node: 61
		(x, y, z): (55, 102, 1)
		dem: -23
		earl: 0
		lat: 589
		servt: 10
		pid: 45
		did: 0
		servST: 128.08
		(h, h_ind): (-1, 0)
		load: 27.0

	Finished service at time: 138.08

	Using Machine: 5
		Task 138 -> Machine 5 (Station 2): 33.84
		Vehicle arrival at machine station: 171.92000000000002
		Waiting time until machine travel: 0.0

		Machine travel start time: 171.92000000000002
		Region 1 -> Region 0: 5.0
		Machine arrival at machine station: 176.92000000000002

		Machine 5 (Station 1)-> Task 34: 59.08
		Vehicle arrival at task: 236.0
		Waiting time until service start time: 0.0

	id: 34
		node: 15
		(x, y, z): (63, 129, 0)
		dem: 7
		earl: 206
		lat: 236
		servt: 10
		pid: 0
		did: 62
		servST: 236.0
		(h, h_ind): (5, 3)
		load: 34.0

	Finished service at time: 246.0

	Task 34 -> Task 38: 21.4
	Vehicle arrival at task: 267.4
	Waiting time until service start time: 0.0

	id: 38
		node: 47
		(x, y, z): (50, 112, 0)
		dem: -27
		earl: 0
		lat: 578
		servt: 10
		pid: 13
		did: 0
		servST: 267.4
		(h, h_ind): (-1, 0)
		load: 7.0

	Finished service at time: 277.4

	Using Machine: 5
		Task 38 -> Machine 5 (Station 1): 44.94
		Vehicle arrival at machine station: 322.34
		Waiting time until machine travel: 0.0

		Machine travel start time: 322.34
		Region 0 -> Region 1: 5.0
		Machine arrival at machine station: 327.34

		Machine 5 (Station 2)-> Task 59: 26.02
		Vehicle arrival at task: 353.35999999999996
		Waiting time until service start time: 0.0

	id: 59
		node: 30
		(x, y, z): (67, 96, 1)
		dem: 26
		earl: 0
		lat: 598
		servt: 10
		pid: 0
		did: 88
		servST: 353.35999999999996
		(h, h_ind): (5, 5)
		load: 33.0

	Finished service at time: 363.35999999999996

	Task 59 -> Task 88: 20.1
	Vehicle arrival at task: 383.46
	Waiting time until service start time: 0.0

	id: 88
		node: 70
		(x, y, z): (69, 116, 1)
		dem: -26
		earl: 0
		lat: 578
		servt: 10
		pid: 59
		did: 0
		servST: 383.46
		(h, h_ind): (-1, 0)
		load: 7.0

	Finished service at time: 393.46

	Task 88 -> Task 62: 17.8
	Vehicle arrival at task: 411.26
	Waiting time until service start time: 31.6

	id: 62
		node: 55
		(x, y, z): (55, 127, 1)
		dem: -7
		earl: 0
		lat: 566
		servt: 10
		pid: 34
		did: 0
		servST: 442.86
		(h, h_ind): (-1, 0)
		load: 0.0

	Finished service at time: 452.86

	Task 62 -> Task 52: 32.14
	Vehicle arrival at task: 485.0
	Waiting time until service start time: 0.0

	id: 52
		node: 25
		(x, y, z): (58, 95, 1)
		dem: 35
		earl: 485
		lat: 515
		servt: 10
		pid: 0
		did: 24
		servST: 485.0
		(h, h_ind): (-1, 0)
		load: 35.0

	Finished service at time: 495.0

	Task 52 -> Task 24: 15.26
	Vehicle arrival at task: 510.26
	Waiting time until service start time: 0.0

	id: 24
		node: 65
		(x, y, z): (66, 82, 1)
		dem: -35
		earl: 0
		lat: 612
		servt: 10
		pid: 52
		did: 0
		servST: 510.26
		(h, h_ind): (-1, 0)
		load: 0.0

	Finished service at time: 520.26

	Using Machine: 3
		Task 24 -> Machine 3 (Station 2): 12.17
		Vehicle arrival at machine station: 532.43
		Waiting time until machine travel: 0.0

		Machine travel start time: 532.43
		Region 1 -> Region 0: 5.0
		Machine arrival at machine station: 537.43

		Machine 3 (Station 1)-> Task 0: 2.0
		Vehicle arrival at task: 539.43
		Waiting time until service start time: 0.0

	id: 0
		node: 82
		(x, y, z): (70, 70, 0)
		dem: 0
		earl: 0
		lat: 634
		servt: 0
		pid: 0
		did: 0
		servST: 539.43
		(h, h_ind): (3, 2)
		load: 0.0


Vehicle 9 :
	id: 0
		node: 1
		(x, y, z): (70, 70, 0)
		dem: 0
		earl: 0
		lat: 634
		servt: 0
		pid: 0
		did: 0
		servST: 0.0
		(h, h_ind): (-1, 0)
		load: 0.0

	Finished service at time: 0.0

	Using Machine: 5
		Task 0 -> Machine 5 (Station 1): 4.0
		Vehicle arrival at machine station: 4.0
		Waiting time until machine travel: 0.0

		Machine travel start time: 4.0
		Region 0 -> Region 1: 5.0
		Machine arrival at machine station: 9.0

		Machine 5 (Station 2)-> Task 15: 42.2
		Vehicle arrival at task: 51.2
		Waiting time until service start time: 0.0

	id: 15
		node: 8
		(x, y, z): (41, 36, 1)
		dem: 13
		earl: 51
		lat: 81
		servt: 10
		pid: 0
		did: 70
		servST: 51.2
		(h, h_ind): (5, 1)
		load: 13.0

	Finished service at time: 61.2

	Task 15 -> Task 56: 13.93
	Vehicle arrival at task: 75.13
	Waiting time until service start time: 0.0

	id: 56
		node: 28
		(x, y, z): (54, 41, 1)
		dem: 9
		earl: 0
		lat: 591
		servt: 10
		pid: 0
		did: 129
		servST: 75.13
		(h, h_ind): (-1, 0)
		load: 22.0

	Finished service at time: 85.13

	Task 56 -> Task 66: 86.15
	Vehicle arrival at task: 171.28
	Waiting time until service start time: 0.0

	id: 66
		node: 35
		(x, y, z): (140, 36, 1)
		dem: 1
		earl: 0
		lat: 547
		servt: 10
		pid: 0
		did: 158
		servST: 171.28
		(h, h_ind): (-1, 0)
		load: 23.0

	Finished service at time: 181.28

	Task 66 -> Task 21: 42.05
	Vehicle arrival at task: 223.32999999999998
	Waiting time until service start time: 0.0

	id: 21
		node: 10
		(x, y, z): (138, 78, 1)
		dem: 43
		earl: 0
		lat: 556
		servt: 10
		pid: 0
		did: 26
		servST: 223.32999999999998
		(h, h_ind): (-1, 0)
		load: 66.0

	Finished service at time: 233.32999999999998

	Task 21 -> Task 69: 34.37
	Vehicle arrival at task: 267.7
	Waiting time until service start time: 0.0

	id: 69
		node: 38
		(x, y, z): (104, 73, 1)
		dem: 17
		earl: 0
		lat: 590
		servt: 10
		pid: 0
		did: 51
		servST: 267.7
		(h, h_ind): (-1, 0)
		load: 83.0

	Finished service at time: 277.7

	Using Machine: 4
		Task 69 -> Machine 4 (Station 2): 26.17
		Vehicle arrival at machine station: 303.87
		Waiting time until machine travel: 0.0

		Machine travel start time: 303.87
		Region 1 -> Region 0: 5.0
		Machine arrival at machine station: 308.87

		Machine 4 (Station 1)-> Task 158: 47.89
		Vehicle arrival at task: 356.76
		Waiting time until service start time: 0.0

	id: 158
		node: 75
		(x, y, z): (120, 47, 0)
		dem: -1
		earl: 0
		lat: 569
		servt: 10
		pid: 66
		did: 0
		servST: 356.76
		(h, h_ind): (4, 3)
		load: 82.0

	Finished service at time: 366.76

	Task 158 -> Task 51: 28.32
	Vehicle arrival at task: 395.08
	Waiting time until service start time: 0.0

	id: 51
		node: 78
		(x, y, z): (139, 68, 0)
		dem: -17
		earl: 0
		lat: 555
		servt: 10
		pid: 69
		did: 0
		servST: 395.08
		(h, h_ind): (-1, 0)
		load: 65.0

	Finished service at time: 405.08

	Task 51 -> Task 26: 5.0
	Vehicle arrival at task: 410.08
	Waiting time until service start time: 0.0

	id: 26
		node: 50
		(x, y, z): (139, 73, 0)
		dem: -43
		earl: 0
		lat: 555
		servt: 10
		pid: 21
		did: 0
		servST: 410.08
		(h, h_ind): (-1, 0)
		load: 22.0

	Finished service at time: 420.08

	Task 26 -> Task 129: 120.88
	Vehicle arrival at task: 540.96
	Waiting time until service start time: 0.0

	id: 129
		node: 68
		(x, y, z): (23, 39, 0)
		dem: -9
		earl: 0
		lat: 568
		servt: 10
		pid: 56
		did: 0
		servST: 540.96
		(h, h_ind): (-1, 0)
		load: 13.0

	Finished service at time: 550.96

	Task 129 -> Task 70: 13.04
	Vehicle arrival at task: 564.0
	Waiting time until service start time: 0.0

	id: 70
		node: 48
		(x, y, z): (36, 38, 0)
		dem: -13
		earl: 0
		lat: 578
		servt: 10
		pid: 15
		did: 0
		servST: 564.0
		(h, h_ind): (-1, 0)
		load: 0.0

	Finished service at time: 574.0

	Task 70 -> Task 0: 46.69
	Vehicle arrival at task: 620.69
	Waiting time until service start time: 0.0

	id: 0
		node: 82
		(x, y, z): (70, 70, 0)
		dem: 0
		earl: 0
		lat: 634
		servt: 0
		pid: 0
		did: 0
		servST: 620.69
		(h, h_ind): (-1, 0)
		load: 0.0


Vehicle 11 :
	id: 0
		node: 1
		(x, y, z): (70, 70, 0)
		dem: 0
		earl: 0
		lat: 634
		servt: 0
		pid: 0
		did: 0
		servST: 116.62
		(h, h_ind): (-1, 0)
		load: 0.0

	Finished service at time: 116.62

	Task 0 -> Task 68: 57.38
	Vehicle arrival at task: 174.0
	Waiting time until service start time: 0.0

	id: 68
		node: 37
		(x, y, z): (113, 32, 0)
		dem: 36
		earl: 144
		lat: 174
		servt: 10
		pid: 0
		did: 116
		servST: 174.0
		(h, h_ind): (-1, 0)
		load: 36.0

	Finished service at time: 184.0

	Task 68 -> Task 116: 5.0
	Vehicle arrival at task: 189.0
	Waiting time until service start time: 116.0

	id: 116
		node: 77
		(x, y, z): (110, 28, 0)
		dem: -36
		earl: 305
		lat: 335
		servt: 10
		pid: 68
		did: 0
		servST: 305.0
		(h, h_ind): (-1, 0)
		load: 0.0

	Finished service at time: 315.0

	Task 116 -> Task 0: 58.0
	Vehicle arrival at task: 373.0
	Waiting time until service start time: 0.0

	id: 0
		node: 82
		(x, y, z): (70, 70, 0)
		dem: 0
		earl: 0
		lat: 634
		servt: 0
		pid: 0
		did: 0
		servST: 373.0
		(h, h_ind): (-1, 0)
		load: 0.0


Vehicle 13 :
	id: 0
		node: 1
		(x, y, z): (70, 70, 0)
		dem: 0
		earl: 0
		lat: 634
		servt: 0
		pid: 0
		did: 0
		servST: 0.0
		(h, h_ind): (-1, 0)
		load: 0.0

	Finished service at time: 0.0

	Using Machine: 3
		Task 0 -> Machine 3 (Station 1): 2.0
		Vehicle arrival at machine station: 2.0
		Waiting time until machine travel: 0.0

		Machine travel start time: 2.0
		Region 0 -> Region 1: 5.0
		Machine arrival at machine station: 7.0

		Machine 3 (Station 2)-> Task 30: 62.13
		Vehicle arrival at task: 69.13
		Waiting time until service start time: 0.0

	id: 30
		node: 12
		(x, y, z): (64, 132, 1)
		dem: 8
		earl: 62
		lat: 92
		servt: 10
		pid: 0
		did: 83
		servST: 69.13
		(h, h_ind): (3, 1)
		load: 8.0

	Finished service at time: 79.13

	Task 30 -> Task 12: 70.77
	Vehicle arrival at task: 149.89999999999998
	Waiting time until service start time: 0.0

	id: 12
		node: 6
		(x, y, z): (12, 84, 1)
		dem: 16
		earl: 0
		lat: 565
		servt: 10
		pid: 0
		did: 58
		servST: 149.89999999999998
		(h, h_ind): (-1, 0)
		load: 24.0

	Finished service at time: 159.89999999999998

	Task 12 -> Task 37: 27.31
	Vehicle arrival at task: 187.20999999999998
	Waiting time until service start time: 0.0

	id: 37
		node: 17
		(x, y, z): (37, 73, 1)
		dem: 33
		earl: 0
		lat: 591
		servt: 10
		pid: 0
		did: 82
		servST: 187.20999999999998
		(h, h_ind): (-1, 0)
		load: 57.0

	Finished service at time: 197.20999999999998

	Using Machine: 5
		Task 37 -> Machine 5 (Station 2): 29.15
		Vehicle arrival at machine station: 226.35999999999999
		Waiting time until machine travel: 0.0

		Machine travel start time: 226.35999999999999
		Region 1 -> Region 0: 5.0
		Machine arrival at machine station: 231.35999999999999

		Machine 5 (Station 1)-> Task 82: 58.24
		Vehicle arrival at task: 289.59999999999997
		Waiting time until service start time: 0.0

	id: 82
		node: 57
		(x, y, z): (10, 86, 0)
		dem: -33
		earl: 0
		lat: 562
		servt: 10
		pid: 37
		did: 0
		servST: 289.59999999999997
		(h, h_ind): (5, 4)
		load: 24.0

	Finished service at time: 299.59999999999997

	Task 82 -> Task 47: 2.24
	Vehicle arrival at task: 301.84
	Waiting time until service start time: 0.0

	id: 47
		node: 22
		(x, y, z): (8, 87, 0)
		dem: 17
		earl: 0
		lat: 560
		servt: 10
		pid: 0
		did: 19
		servST: 301.84
		(h, h_ind): (-1, 0)
		load: 41.0

	Finished service at time: 311.84

	Task 47 -> Task 19: 22.02
	Vehicle arrival at task: 333.85999999999996
	Waiting time until service start time: 0.0

	id: 19
		node: 62
		(x, y, z): (22, 104, 0)
		dem: -17
		earl: 0
		lat: 566
		servt: 10
		pid: 47
		did: 0
		servST: 333.85999999999996
		(h, h_ind): (-1, 0)
		load: 24.0

	Finished service at time: 343.85999999999996

	Task 19 -> Task 58: 17.72
	Vehicle arrival at task: 361.5799999999999
	Waiting time until service start time: 0.0

	id: 58
		node: 46
		(x, y, z): (5, 99, 0)
		dem: -16
		earl: 0
		lat: 553
		servt: 10
		pid: 12
		did: 0
		servST: 361.5799999999999
		(h, h_ind): (-1, 0)
		load: 8.0

	Finished service at time: 371.5799999999999

	Task 58 -> Task 83: 46.53
	Vehicle arrival at task: 418.1099999999999
	Waiting time until service start time: 0.0

	id: 83
		node: 52
		(x, y, z): (51, 92, 0)
		dem: -8
		earl: 0
		lat: 595
		servt: 10
		pid: 30
		did: 0
		servST: 418.1099999999999
		(h, h_ind): (-1, 0)
		load: 0.0

	Finished service at time: 428.1099999999999

	Task 83 -> Task 60: 22.36
	Vehicle arrival at task: 450.4699999999999
	Waiting time until service start time: 0.0

	id: 60
		node: 31
		(x, y, z): (73, 96, 0)
		dem: 9
		earl: 0
		lat: 598
		servt: 10
		pid: 0
		did: 81
		servST: 450.4699999999999
		(h, h_ind): (-1, 0)
		load: 9.0

	Finished service at time: 460.4699999999999

	Using Machine: 4
		Task 60 -> Machine 4 (Station 1): 26.48
		Vehicle arrival at machine station: 486.94999999999993
		Waiting time until machine travel: 0.0

		Machine travel start time: 486.94999999999993
		Region 0 -> Region 1: 5.0
		Machine arrival at machine station: 491.94999999999993

		Machine 4 (Station 2)-> Task 81: 8.6
		Vehicle arrival at task: 500.54999999999995
		Waiting time until service start time: 0.0

	id: 81
		node: 71
		(x, y, z): (85, 75, 1)
		dem: -9
		earl: 0
		lat: 609
		servt: 10
		pid: 60
		did: 0
		servST: 500.54999999999995
		(h, h_ind): (4, 6)
		load: 0.0

	Finished service at time: 510.54999999999995

	Using Machine: 4
		Task 81 -> Machine 4 (Station 2): 8.6
		Vehicle arrival at machine station: 519.15
		Waiting time until machine travel: 0.0

		Machine travel start time: 519.15
		Region 1 -> Region 0: 5.0
		Machine arrival at machine station: 524.15

		Machine 4 (Station 1)-> Task 75: 42.2
		Vehicle arrival at task: 566.35
		Waiting time until service start time: 0.0

	id: 75
		node: 39
		(x, y, z): (88, 29, 0)
		dem: 33
		earl: 550
		lat: 580
		servt: 10
		pid: 0
		did: 41
		servST: 566.35
		(h, h_ind): (4, 7)
		load: 33.0

	Finished service at time: 576.35

	Task 75 -> Task 41: 9.9
	Vehicle arrival at task: 586.25
	Waiting time until service start time: 0.0

	id: 41
		node: 79
		(x, y, z): (81, 36, 0)
		dem: -33
		earl: 0
		lat: 589
		servt: 10
		pid: 75
		did: 0
		servST: 586.25
		(h, h_ind): (-1, 0)
		load: 0.0

	Finished service at time: 596.25

	Task 41 -> Task 0: 35.74
	Vehicle arrival at task: 631.99
	Waiting time until service start time: 0.0

	id: 0
		node: 82
		(x, y, z): (70, 70, 0)
		dem: 0
		earl: 0
		lat: 634
		servt: 0
		pid: 0
		did: 0
		servST: 631.99
		(h, h_ind): (-1, 0)
		load: 0.0


Vehicle 15 :
	id: 0
		node: 1
		(x, y, z): (70, 70, 0)
		dem: 0
		earl: 0
		lat: 634
		servt: 0
		pid: 0
		did: 0
		servST: 13.379999999999995
		(h, h_ind): (-1, 0)
		load: 0.0

	Finished service at time: 13.379999999999995

	Using Machine: 0
		Task 0 -> Machine 0 (Station 1): 2.0
		Vehicle arrival at machine station: 15.379999999999995
		Waiting time until machine travel: 0.0

		Machine travel start time: 15.379999999999995
		Region 0 -> Region 1: 5.0
		Machine arrival at machine station: 20.379999999999995

		Machine 0 (Station 2)-> Task 67: 31.62
		Vehicle arrival at task: 52.0
		Waiting time until service start time: 0.0

	id: 67
		node: 36
		(x, y, z): (90, 44, 1)
		dem: 6
		earl: 52
		lat: 82
		servt: 10
		pid: 0
		did: 172
		servST: 52.0
		(h, h_ind): (0, 1)
		load: 6.0

	Finished service at time: 62.0

	Task 67 -> Task 64: 32.76
	Vehicle arrival at task: 94.75999999999999
	Waiting time until service start time: 0.0

	id: 64
		node: 34
		(x, y, z): (97, 12, 1)
		dem: 10
		earl: 0
		lat: 561
		servt: 10
		pid: 0
		did: 27
		servST: 94.75999999999999
		(h, h_ind): (-1, 0)
		load: 16.0

	Finished service at time: 104.75999999999999

	Task 64 -> Task 3: 25.08
	Vehicle arrival at task: 129.83999999999997
	Waiting time until service start time: 0.0

	id: 3
		node: 4
		(x, y, z): (120, 22, 1)
		dem: 39
		earl: 114
		lat: 144
		servt: 10
		pid: 0
		did: 50
		servST: 129.83999999999997
		(h, h_ind): (-1, 0)
		load: 55.0

	Finished service at time: 139.83999999999997

	Task 3 -> Task 61: 12.04
	Vehicle arrival at task: 151.87999999999997
	Waiting time until service start time: 0.0

	id: 61
		node: 32
		(x, y, z): (112, 13, 1)
		dem: 27
		earl: 0
		lat: 554
		servt: 10
		pid: 0
		did: 180
		servST: 151.87999999999997
		(h, h_ind): (-1, 0)
		load: 82.0

	Finished service at time: 161.87999999999997

	Using Machine: 4
		Task 61 -> Machine 4 (Station 2): 66.37
		Vehicle arrival at machine station: 228.24999999999997
		Waiting time until machine travel: 0.0

		Machine travel start time: 228.24999999999997
		Region 1 -> Region 0: 5.0
		Machine arrival at machine station: 233.24999999999997

		Machine 4 (Station 1)-> Task 27: 73.68
		Vehicle arrival at task: 306.92999999999995
		Waiting time until service start time: 0.0

	id: 27
		node: 74
		(x, y, z): (101, 0, 0)
		dem: -10
		earl: 0
		lat: 548
		servt: 10
		pid: 64
		did: 0
		servST: 306.92999999999995
		(h, h_ind): (4, 2)
		load: 72.0

	Finished service at time: 316.92999999999995

	Task 27 -> Task 180: 11.18
	Vehicle arrival at task: 328.10999999999996
	Waiting time until service start time: 0.0

	id: 180
		node: 72
		(x, y, z): (106, 10, 0)
		dem: -27
		earl: 0
		lat: 555
		servt: 10
		pid: 61
		did: 0
		servST: 328.10999999999996
		(h, h_ind): (-1, 0)
		load: 45.0

	Finished service at time: 338.10999999999996

	Task 180 -> Task 172: 44.27
	Vehicle arrival at task: 382.37999999999994
	Waiting time until service start time: 0.0

	id: 172
		node: 76
		(x, y, z): (120, 52, 0)
		dem: -6
		earl: 374
		lat: 404
		servt: 10
		pid: 67
		did: 0
		servST: 382.37999999999994
		(h, h_ind): (-1, 0)
		load: 39.0

	Finished service at time: 392.37999999999994

	Task 172 -> Task 50: 22.36
	Vehicle arrival at task: 414.73999999999995
	Waiting time until service start time: 0.0

	id: 50
		node: 44
		(x, y, z): (140, 42, 0)
		dem: -39
		earl: 0
		lat: 549
		servt: 10
		pid: 3
		did: 0
		servST: 414.73999999999995
		(h, h_ind): (-1, 0)
		load: 0.0

	Finished service at time: 424.73999999999995

	Task 50 -> Task 79: 27.17
	Vehicle arrival at task: 451.90999999999997
	Waiting time until service start time: 0.0

	id: 79
		node: 41
		(x, y, z): (113, 45, 0)
		dem: 4
		earl: 0
		lat: 575
		servt: 10
		pid: 0
		did: 14
		servST: 451.90999999999997
		(h, h_ind): (-1, 0)
		load: 4.0

	Finished service at time: 461.90999999999997

	Task 79 -> Task 14: 13.04
	Vehicle arrival at task: 474.95
	Waiting time until service start time: 0.0

	id: 14
		node: 81
		(x, y, z): (102, 52, 0)
		dem: -4
		earl: 0
		lat: 588
		servt: 10
		pid: 79
		did: 0
		servST: 474.95
		(h, h_ind): (-1, 0)
		load: 0.0

	Finished service at time: 484.95

	Task 14 -> Task 0: 36.72
	Vehicle arrival at task: 521.67
	Waiting time until service start time: 0.0

	id: 0
		node: 82
		(x, y, z): (70, 70, 0)
		dem: 0
		earl: 0
		lat: 634
		servt: 0
		pid: 0
		did: 0
		servST: 521.67
		(h, h_ind): (-1, 0)
		load: 0.0


Vehicle 28 :
	id: 0
		node: 1
		(x, y, z): (70, 70, 0)
		dem: 0
		earl: 0
		lat: 634
		servt: 0
		pid: 0
		did: 0
		servST: 55.01999999999997
		(h, h_ind): (-1, 0)
		load: 0.0

	Finished service at time: 55.01999999999997

	Task 0 -> Task 57: 43.14
	Vehicle arrival at task: 98.15999999999997
	Waiting time until service start time: 0.0

	id: 57
		node: 29
		(x, y, z): (39, 100, 0)
		dem: 31
		earl: 0
		lat: 581
		servt: 10
		pid: 0
		did: 97
		servST: 98.15999999999997
		(h, h_ind): (-1, 0)
		load: 31.0

	Finished service at time: 108.15999999999997

	Task 57 -> Task 2: 80.13
	Vehicle arrival at task: 188.28999999999996
	Waiting time until service start time: 0.0

	id: 2
		node: 3
		(x, y, z): (109, 139, 0)
		dem: 8
		earl: 0
		lat: 545
		servt: 10
		pid: 0
		did: 200
		servST: 188.28999999999996
		(h, h_ind): (-1, 0)
		load: 39.0

	Finished service at time: 198.28999999999996

	Task 2 -> Task 53: 20.88
	Vehicle arrival at task: 219.16999999999996
	Waiting time until service start time: 0.0

	id: 53
		node: 26
		(x, y, z): (103, 119, 0)
		dem: 18
		earl: 0
		lat: 565
		servt: 10
		pid: 0
		did: 76
		servST: 219.16999999999996
		(h, h_ind): (-1, 0)
		load: 57.0

	Finished service at time: 229.16999999999996

	Task 53 -> Task 76: 13.42
	Vehicle arrival at task: 242.58999999999995
	Waiting time until service start time: 0.0

	id: 76
		node: 66
		(x, y, z): (109, 131, 0)
		dem: -18
		earl: 226
		lat: 256
		servt: 10
		pid: 53
		did: 0
		servST: 242.58999999999997
		(h, h_ind): (-1, 0)
		load: 39.0

	Finished service at time: 252.58999999999997

	Task 76 -> Task 97: 72.12
	Vehicle arrival at task: 324.71
	Waiting time until service start time: 0.0

	id: 97
		node: 69
		(x, y, z): (58, 80, 0)
		dem: -31
		earl: 0
		lat: 609
		servt: 10
		pid: 57
		did: 0
		servST: 324.71
		(h, h_ind): (-1, 0)
		load: 8.0

	Finished service at time: 334.71

	Task 97 -> Task 200: 66.29
	Vehicle arrival at task: 401.0
	Waiting time until service start time: 0.0

	id: 200
		node: 43
		(x, y, z): (95, 135, 0)
		dem: -8
		earl: 401
		lat: 431
		servt: 10
		pid: 2
		did: 0
		servST: 401.0
		(h, h_ind): (-1, 0)
		load: 0.0

	Finished service at time: 411.0

	Task 200 -> Task 40: 4.24
	Vehicle arrival at task: 415.24
	Waiting time until service start time: 0.0

	id: 40
		node: 18
		(x, y, z): (92, 138, 0)
		dem: 12
		earl: 402
		lat: 432
		servt: 10
		pid: 0
		did: 35
		servST: 415.24
		(h, h_ind): (-1, 0)
		load: 12.0

	Finished service at time: 425.24

	Task 40 -> Task 35: 39.29
	Vehicle arrival at task: 464.53000000000003
	Waiting time until service start time: 0.0

	id: 35
		node: 58
		(x, y, z): (82, 100, 0)
		dem: -12
		earl: 0
		lat: 592
		servt: 10
		pid: 40
		did: 0
		servST: 464.53000000000003
		(h, h_ind): (-1, 0)
		load: 0.0

	Finished service at time: 474.53000000000003

	Task 35 -> Task 0: 32.31
	Vehicle arrival at task: 506.84000000000003
	Waiting time until service start time: 0.0

	id: 0
		node: 82
		(x, y, z): (70, 70, 0)
		dem: 0
		earl: 0
		lat: 634
		servt: 0
		pid: 0
		did: 0
		servST: 506.84000000000003
		(h, h_ind): (-1, 0)
		load: 0.0


Vehicle 29 :
	id: 0
		node: 1
		(x, y, z): (70, 70, 0)
		dem: 0
		earl: 0
		lat: 634
		servt: 0
		pid: 0
		did: 0
		servST: 0.0
		(h, h_ind): (-1, 0)
		load: 0.0

	Finished service at time: 0.0

	Task 0 -> Task 63: 42.01
	Vehicle arrival at task: 42.01
	Waiting time until service start time: 0.0

	id: 63
		node: 33
		(x, y, z): (103, 44, 0)
		dem: 12
		earl: 42
		lat: 72
		servt: 10
		pid: 0
		did: 25
		servST: 42.01
		(h, h_ind): (-1, 0)
		load: 12.0

	Finished service at time: 52.01

	Task 63 -> Task 44: 13.45
	Vehicle arrival at task: 65.46
	Waiting time until service start time: 0.0

	id: 44
		node: 20
		(x, y, z): (113, 35, 0)
		dem: 9
		earl: 0
		lat: 569
		servt: 10
		pid: 0
		did: 137
		servST: 65.46
		(h, h_ind): (-1, 0)
		load: 21.0

	Finished service at time: 75.46

	Using Machine: 4
		Task 44 -> Machine 4 (Station 1): 49.5
		Vehicle arrival at machine station: 124.96
		Waiting time until machine travel: 0.0

		Machine travel start time: 124.96
		Region 0 -> Region 1: 5.0
		Machine arrival at machine station: 129.95999999999998

		Machine 4 (Station 2)-> Task 137: 46.04
		Vehicle arrival at task: 175.99999999999997
		Waiting time until service start time: 0.0

	id: 137
		node: 60
		(x, y, z): (104, 32, 1)
		dem: -9
		earl: 0
		lat: 574
		servt: 10
		pid: 44
		did: 0
		servST: 176.0
		(h, h_ind): (4, 1)
		load: 12.0

	Finished service at time: 186.0

	Task 137 -> Task 49: 30.87
	Vehicle arrival at task: 216.87
	Waiting time until service start time: 0.0

	id: 49
		node: 24
		(x, y, z): (117, 4, 1)
		dem: 9
		earl: 0
		lat: 543
		servt: 10
		pid: 0
		did: 7
		servST: 216.87
		(h, h_ind): (-1, 0)
		load: 21.0

	Finished service at time: 226.87

	Task 49 -> Task 25: 23.26
	Vehicle arrival at task: 250.13
	Waiting time until service start time: 0.0

	id: 25
		node: 73
		(x, y, z): (107, 25, 1)
		dem: -12
		earl: 0
		lat: 566
		servt: 10
		pid: 63
		did: 0
		servST: 250.13
		(h, h_ind): (-1, 0)
		load: 9.0

	Finished service at time: 260.13

	Task 25 -> Task 36: 5.1
	Vehicle arrival at task: 265.23
	Waiting time until service start time: 0.0

	id: 36
		node: 16
		(x, y, z): (108, 30, 1)
		dem: 18
		earl: 0
		lat: 569
		servt: 10
		pid: 0
		did: 55
		servST: 265.23
		(h, h_ind): (-1, 0)
		load: 27.0

	Finished service at time: 275.23

	Using Machine: 4
		Task 36 -> Machine 4 (Station 2): 50.0
		Vehicle arrival at machine station: 325.23
		Waiting time until machine travel: 0.0

		Machine travel start time: 325.23
		Region 1 -> Region 0: 5.0
		Machine arrival at machine station: 330.23

		Machine 4 (Station 1)-> Task 55: 32.89
		Vehicle arrival at task: 363.12
		Waiting time until service start time: 0.0

	id: 55
		node: 56
		(x, y, z): (89, 39, 0)
		dem: -18
		earl: 0
		lat: 588
		servt: 10
		pid: 36
		did: 0
		servST: 363.12
		(h, h_ind): (4, 4)
		load: 9.0

	Finished service at time: 373.12

	Task 55 -> Task 7: 3.16
	Vehicle arrival at task: 376.28000000000003
	Waiting time until service start time: 0.0

	id: 7
		node: 64
		(x, y, z): (86, 40, 0)
		dem: -9
		earl: 0
		lat: 590
		servt: 10
		pid: 49
		did: 0
		servST: 376.28000000000003
		(h, h_ind): (-1, 0)
		load: 0.0

	Finished service at time: 386.28000000000003

	Task 7 -> Task 0: 34.0
	Vehicle arrival at task: 420.28000000000003
	Waiting time until service start time: 0.0

	id: 0
		node: 82
		(x, y, z): (70, 70, 0)
		dem: 0
		earl: 0
		lat: 634
		servt: 0
		pid: 0
		did: 0
		servST: 420.28000000000003
		(h, h_ind): (-1, 0)
		load: 0.0


Vehicle 34 :
	id: 0
		node: 1
		(x, y, z): (70, 70, 0)
		dem: 0
		earl: 0
		lat: 634
		servt: 0
		pid: 0
		did: 0
		servST: 0.0
		(h, h_ind): (-1, 0)
		load: 0.0

	Finished service at time: 0.0

	Using Machine: 1
		Task 0 -> Machine 1 (Station 1): 4.0
		Vehicle arrival at machine station: 4.0
		Waiting time until machine travel: 0.0

		Machine travel start time: 4.0
		Region 0 -> Region 1: 5.0
		Machine arrival at machine station: 9.0

		Machine 1 (Station 2)-> Task 1: 33.73
		Vehicle arrival at task: 42.73
		Waiting time until service start time: 0.0

	id: 1
		node: 2
		(x, y, z): (107, 77, 1)
		dem: 34
		earl: 0
		lat: 587
		servt: 10
		pid: 0
		did: 103
		servST: 42.73
		(h, h_ind): (1, 1)
		load: 34.0

	Finished service at time: 52.73

	Task 1 -> Task 48: 29.41
	Vehicle arrival at task: 82.14
	Waiting time until service start time: -0.0

	id: 48
		node: 23
		(x, y, z): (116, 105, 1)
		dem: 23
		earl: 0
		lat: 567
		servt: 10
		pid: 0
		did: 148
		servST: 82.13999999999999
		(h, h_ind): (-1, 0)
		load: 57.0

	Finished service at time: 92.13999999999999

	Task 48 -> Task 16: 32.25
	Vehicle arrival at task: 124.38999999999999
	Waiting time until service start time: 0.0

	id: 16
		node: 9
		(x, y, z): (132, 133, 1)
		dem: 24
		earl: 0
		lat: 536
		servt: 10
		pid: 0
		did: 170
		servST: 124.38999999999999
		(h, h_ind): (-1, 0)
		load: 81.0

	Finished service at time: 134.39

	Task 16 -> Task 103: 58.67
	Vehicle arrival at task: 193.06
	Waiting time until service start time: 0.0

	id: 103
		node: 42
		(x, y, z): (103, 82, 1)
		dem: -34
		earl: 0
		lat: 589
		servt: 10
		pid: 1
		did: 0
		servST: 193.06
		(h, h_ind): (-1, 0)
		load: 47.0

	Finished service at time: 203.06

	Using Machine: 2
		Task 103 -> Machine 2 (Station 2): 29.55
		Vehicle arrival at machine station: 232.61
		Waiting time until machine travel: 0.0

		Machine travel start time: 232.61
		Region 1 -> Region 0: 5.0
		Machine arrival at machine station: 237.61

		Machine 2 (Station 1)-> Task 31: 40.8
		Vehicle arrival at task: 278.41
		Waiting time until service start time: 0.0

	id: 31
		node: 13
		(x, y, z): (115, 82, 0)
		dem: 30
		earl: 0
		lat: 578
		servt: 10
		pid: 0
		did: 154
		servST: 278.41
		(h, h_ind): (2, 1)
		load: 77.0

	Finished service at time: 288.41

	Task 31 -> Task 148: 8.25
	Vehicle arrival at task: 296.66
	Waiting time until service start time: 0.0

	id: 148
		node: 63
		(x, y, z): (123, 84, 0)
		dem: -23
		earl: 0
		lat: 570
		servt: 10
		pid: 48
		did: 0
		servST: 296.66
		(h, h_ind): (-1, 0)
		load: 54.0

	Finished service at time: 306.66

	Task 148 -> Task 170: 41.11
	Vehicle arrival at task: 347.77000000000004
	Waiting time until service start time: 0.0

	id: 170
		node: 49
		(x, y, z): (136, 123, 0)
		dem: -24
		earl: 319
		lat: 349
		servt: 10
		pid: 16
		did: 0
		servST: 347.77000000000004
		(h, h_ind): (-1, 0)
		load: 30.0

	Finished service at time: 357.77000000000004

	Using Machine: 4
		Task 170 -> Machine 4 (Station 1): 78.57
		Vehicle arrival at machine station: 436.34000000000003
		Waiting time until machine travel: 0.0

		Machine travel start time: 436.34000000000003
		Region 0 -> Region 1: 5.0
		Machine arrival at machine station: 441.34000000000003

		Machine 4 (Station 2)-> Task 154: 12.81
		Vehicle arrival at task: 454.15000000000003
		Waiting time until service start time: 0.0

	id: 154
		node: 53
		(x, y, z): (86, 80, 1)
		dem: -30
		earl: 0
		lat: 606
		servt: 10
		pid: 31
		did: 0
		servST: 454.15000000000003
		(h, h_ind): (4, 5)
		load: 0.0

	Finished service at time: 464.15000000000003

	Using Machine: 0
		Task 154 -> Machine 0 (Station 2): 17.2
		Vehicle arrival at machine station: 481.35
		Waiting time until machine travel: 0.0

		Machine travel start time: 481.35
		Region 1 -> Region 0: 5.0
		Machine arrival at machine station: 486.35

		Machine 0 (Station 1)-> Task 0: 2.0
		Vehicle arrival at task: 488.35
		Waiting time until service start time: 0.0

	id: 0
		node: 82
		(x, y, z): (70, 70, 0)
		dem: 0
		earl: 0
		lat: 634
		servt: 0
		pid: 0
		did: 0
		servST: 488.35
		(h, h_ind): (0, 2)
		load: 0.0


Vehicle 35 :
	id: 0
		node: 1
		(x, y, z): (70, 70, 0)
		dem: 0
		earl: 0
		lat: 634
		servt: 0
		pid: 0
		did: 0
		servST: 0.0
		(h, h_ind): (-1, 0)
		load: 0.0

	Finished service at time: 0.0

	Task 0 -> Task 54: 42.05
	Vehicle arrival at task: 42.05
	Waiting time until service start time: 0.0

	id: 54
		node: 27
		(x, y, z): (32, 52, 0)
		dem: 32
		earl: 0
		lat: 582
		servt: 10
		pid: 0
		did: 65
		servST: 42.05
		(h, h_ind): (-1, 0)
		load: 32.0

	Finished service at time: 52.05

	Task 54 -> Task 33: 31.06
	Vehicle arrival at task: 83.11
	Waiting time until service start time: 0.0

	id: 33
		node: 14
		(x, y, z): (30, 21, 0)
		dem: 12
		earl: 0
		lat: 561
		servt: 10
		pid: 0
		did: 186
		servST: 83.11
		(h, h_ind): (-1, 0)
		load: 44.0

	Finished service at time: 93.11

	Task 33 -> Task 186: 15.3
	Vehicle arrival at task: 108.41
	Waiting time until service start time: 0.0

	id: 186
		node: 54
		(x, y, z): (15, 18, 0)
		dem: -12
		earl: 0
		lat: 549
		servt: 10
		pid: 33
		did: 0
		servST: 108.41
		(h, h_ind): (-1, 0)
		load: 32.0

	Finished service at time: 118.41

	Task 186 -> Task 43: 30.07
	Vehicle arrival at task: 148.48
	Waiting time until service start time: 0.0

	id: 43
		node: 19
		(x, y, z): (13, 48, 0)
		dem: 15
		earl: 0
		lat: 563
		servt: 10
		pid: 0
		did: 4
		servST: 148.48
		(h, h_ind): (-1, 0)
		load: 47.0

	Finished service at time: 158.48

	Task 43 -> Task 77: 63.07
	Vehicle arrival at task: 221.54999999999998
	Waiting time until service start time: 0.0

	id: 77
		node: 40
		(x, y, z): (10, 111, 0)
		dem: 21
		earl: 0
		lat: 552
		servt: 10
		pid: 0
		did: 198
		servST: 221.54999999999998
		(h, h_ind): (-1, 0)
		load: 68.0

	Finished service at time: 231.54999999999998

	Task 77 -> Task 198: 18.38
	Vehicle arrival at task: 249.92999999999998
	Waiting time until service start time: 0.0

	id: 198
		node: 80
		(x, y, z): (27, 104, 0)
		dem: -21
		earl: 0
		lat: 570
		servt: 10
		pid: 77
		did: 0
		servST: 249.92999999999998
		(h, h_ind): (-1, 0)
		load: 47.0

	Finished service at time: 259.92999999999995

	Task 198 -> Task 6: 37.16
	Vehicle arrival at task: 297.0899999999999
	Waiting time until service start time: 0.0

	id: 6
		node: 5
		(x, y, z): (12, 138, 0)
		dem: 14
		earl: 275
		lat: 305
		servt: 10
		pid: 0
		did: 173
		servST: 297.09
		(h, h_ind): (-1, 0)
		load: 61.0

	Finished service at time: 307.09

	Task 6 -> Task 173: 29.7
	Vehicle arrival at task: 336.78999999999996
	Waiting time until service start time: 0.0

	id: 173
		node: 45
		(x, y, z): (33, 117, 0)
		dem: -14
		earl: 0
		lat: 565
		servt: 10
		pid: 6
		did: 0
		servST: 336.78999999999996
		(h, h_ind): (-1, 0)
		load: 47.0

	Finished service at time: 346.78999999999996

	Task 173 -> Task 29: 49.73
	Vehicle arrival at task: 396.52
	Waiting time until service start time: 0.0

	id: 29
		node: 11
		(x, y, z): (20, 69, 0)
		dem: 13
		earl: 378
		lat: 408
		servt: 10
		pid: 0
		did: 110
		servST: 396.52
		(h, h_ind): (-1, 0)
		load: 60.0

	Finished service at time: 406.52

	Using Machine: 5
		Task 29 -> Machine 5 (Station 1): 46.01
		Vehicle arrival at machine station: 452.53
		Waiting time until machine travel: 0.0

		Machine travel start time: 452.53
		Region 0 -> Region 1: 5.0
		Machine arrival at machine station: 457.53

		Machine 5 (Station 2)-> Task 4: 29.21
		Vehicle arrival at task: 486.73999999999995
		Waiting time until service start time: 0.0

	id: 4
		node: 59
		(x, y, z): (48, 47, 1)
		dem: -15
		earl: 0
		lat: 593
		servt: 10
		pid: 43
		did: 0
		servST: 486.73999999999995
		(h, h_ind): (5, 6)
		load: 45.0

	Finished service at time: 496.73999999999995

	Task 4 -> Task 65: 35.34
	Vehicle arrival at task: 532.0799999999999
	Waiting time until service start time: 0.0

	id: 65
		node: 67
		(x, y, z): (16, 62, 1)
		dem: -32
		earl: 0
		lat: 570
		servt: 10
		pid: 54
		did: 0
		servST: 532.0799999999999
		(h, h_ind): (-1, 0)
		load: 13.0

	Finished service at time: 542.0799999999999

	Task 65 -> Task 110: 20.59
	Vehicle arrival at task: 562.67
	Waiting time until service start time: 0.0

	id: 110
		node: 51
		(x, y, z): (34, 72, 1)
		dem: -13
		earl: 0
		lat: 588
		servt: 10
		pid: 29
		did: 0
		servST: 562.67
		(h, h_ind): (-1, 0)
		load: 0.0

	Finished service at time: 572.67

	Using Machine: 3
		Task 110 -> Machine 3 (Station 2): 34.06
		Vehicle arrival at machine station: 606.73
		Waiting time until machine travel: 0.0

		Machine travel start time: 606.73
		Region 1 -> Region 0: 5.0
		Machine arrival at machine station: 611.73

		Machine 3 (Station 1)-> Task 0: 2.0
		Vehicle arrival at task: 613.73
		Waiting time until service start time: 0.0

	id: 0
		node: 82
		(x, y, z): (70, 70, 0)
		dem: 0
		earl: 0
		lat: 634
		servt: 0
		pid: 0
		did: 0
		servST: 613.73
		(h, h_ind): (3, 3)
		load: 0.0


---------------------| MACHINES |---------------------

Machine 0 :
	setup duration: 0.0

	vehicle: 15
	vehicleInd: 2
	(orig, dest): (0, 67)
	(origRegion, destRegion): (0, 1)
	st: 15.379999999999995
	duration: 5.0

	setup duration: 0.0

	vehicle: 34
	vehicleInd: 10
	(orig, dest): (154, 0)
	(origRegion, destRegion): (1, 0)
	st: 481.35
	duration: 5.0


Machine 1 :
	setup duration: 0.0

	vehicle: 34
	vehicleInd: 2
	(orig, dest): (0, 1)
	(origRegion, destRegion): (0, 1)
	st: 4.0
	duration: 5.0


Machine 2 :
	setup duration: 5.0

	vehicle: 34
	vehicleInd: 6
	(orig, dest): (103, 31)
	(origRegion, destRegion): (1, 0)
	st: 232.61
	duration: 5.0


Machine 3 :
	setup duration: 0.0

	vehicle: 13
	vehicleInd: 2
	(orig, dest): (0, 30)
	(origRegion, destRegion): (0, 1)
	st: 2.0
	duration: 5.0

	setup duration: 0.0

	vehicle: 1
	vehicleInd: 12
	(orig, dest): (24, 0)
	(origRegion, destRegion): (1, 0)
	st: 532.43
	duration: 5.0

	setup duration: 5.0

	vehicle: 35
	vehicleInd: 14
	(orig, dest): (110, 0)
	(origRegion, destRegion): (1, 0)
	st: 606.73
	duration: 5.0


Machine 4 :
	setup duration: 0.0

	vehicle: 29
	vehicleInd: 4
	(orig, dest): (44, 137)
	(origRegion, destRegion): (0, 1)
	st: 124.96
	duration: 5.0

	setup duration: 0.0

	vehicle: 15
	vehicleInd: 6
	(orig, dest): (61, 27)
	(origRegion, destRegion): (1, 0)
	st: 228.24999999999997
	duration: 5.0

	setup duration: 5.0

	vehicle: 9
	vehicleInd: 7
	(orig, dest): (69, 158)
	(origRegion, destRegion): (1, 0)
	st: 303.87
	duration: 5.0

	setup duration: 5.0

	vehicle: 29
	vehicleInd: 8
	(orig, dest): (36, 55)
	(origRegion, destRegion): (1, 0)
	st: 325.23
	duration: 5.0

	setup duration: 0.0

	vehicle: 34
	vehicleInd: 9
	(orig, dest): (170, 154)
	(origRegion, destRegion): (0, 1)
	st: 436.34000000000003
	duration: 5.0

	setup duration: 5.0

	vehicle: 13
	vehicleInd: 11
	(orig, dest): (60, 81)
	(origRegion, destRegion): (0, 1)
	st: 486.94999999999993
	duration: 5.0

	setup duration: 0.0

	vehicle: 13
	vehicleInd: 12
	(orig, dest): (81, 75)
	(origRegion, destRegion): (1, 0)
	st: 519.15
	duration: 5.0


Machine 5 :
	setup duration: 0.0

	vehicle: 9
	vehicleInd: 2
	(orig, dest): (0, 15)
	(origRegion, destRegion): (0, 1)
	st: 4.0
	duration: 5.0

	setup duration: 5.0

	vehicle: 1
	vehicleInd: 3
	(orig, dest): (45, 13)
	(origRegion, destRegion): (0, 1)
	st: 44.29000000000001
	duration: 5.0

	setup duration: 0.0

	vehicle: 1
	vehicleInd: 5
	(orig, dest): (138, 34)
	(origRegion, destRegion): (1, 0)
	st: 171.92000000000002
	duration: 5.0

	setup duration: 5.0

	vehicle: 13
	vehicleInd: 5
	(orig, dest): (37, 82)
	(origRegion, destRegion): (1, 0)
	st: 226.35999999999999
	duration: 5.0

	setup duration: 0.0

	vehicle: 1
	vehicleInd: 7
	(orig, dest): (38, 59)
	(origRegion, destRegion): (0, 1)
	st: 322.34
	duration: 5.0

	setup duration: 5.0

	vehicle: 35
	vehicleInd: 11
	(orig, dest): (29, 4)
	(origRegion, destRegion): (0, 1)
	st: 452.53
	duration: 5.0


-------------------| COMPL. TIMES |-------------------

Vehicle 0 : 0.0
Vehicle 1 : 537.5699999999999
Vehicle 2 : 0.0
Vehicle 3 : 0.0
Vehicle 4 : 0.0
Vehicle 5 : 0.0
Vehicle 6 : 0.0
Vehicle 7 : 0.0
Vehicle 8 : 0.0
Vehicle 9 : 620.69
Vehicle 10 : 0.0
Vehicle 11 : 256.38
Vehicle 12 : 0.0
Vehicle 13 : 631.99
Vehicle 14 : 0.0
Vehicle 15 : 508.28999999999996
Vehicle 16 : 0.0
Vehicle 17 : 0.0
Vehicle 18 : 0.0
Vehicle 19 : 0.0
Vehicle 20 : 0.0
Vehicle 21 : 0.0
Vehicle 22 : 0.0
Vehicle 23 : 0.0
Vehicle 24 : 0.0
Vehicle 25 : 0.0
Vehicle 26 : 0.0
Vehicle 27 : 0.0
Vehicle 28 : 451.82000000000005
Vehicle 29 : 420.28000000000003
Vehicle 30 : 0.0
Vehicle 31 : 0.0
Vehicle 32 : 0.0
Vehicle 33 : 0.0
Vehicle 34 : 488.35
Vehicle 35 : 613.73
Vehicle 36 : 0.0
Vehicle 37 : 0.0
Vehicle 38 : 0.0
Vehicle 39 : 0.0
-------------------| STATISTICS |-------------------

    Vehicles used                           : 22.5
    Machines used                           : 100.0
    Max load (vehicles)                     : 98.2759
    Min load (vehicles)                     : 31.3953
    Mean load (vehicles)                    : 77.0443
    Min completion time                     : 40.4385
    Max completion time                     : 99.683
    Mean completion time                    : 79.3743
    Avrg travel time (with vehicle)         : 3.6803
    Avrg travel time (only with vehicle)    : 2.6288
    Avrg travel time (no vehicle)           : 1.0515
    Avrg waiting time (machine travel)      : 0.0
    Avrg waiting time (service)             : 5.0376
    Machines travel times (with vehicle)    : [1.5773, 0.7886, 1.5773, 3.1546, 7.8864, 7.0978]
    Machines travel times (no vehicle)      : [0.0, 0.0, 0.7886, 0.7886, 2.3659, 2.3659]
    Max load per vehicle                    : [0.0, 69.4444, 0.0, 0.0, 0.0, 0.0, 0.0, 0.0, 0.0, 96.5116, 0.0, 50.0, 0.0, 98.2759, 0.0, 95.3488, 0.0, 0.0, 0.0, 0.0, 0.0, 0.0, 0.0, 0.0, 0.0, 0.0, 0.0, 0.0, 79.1667, 31.3953, 0.0, 0.0, 0.0, 0.0, 94.186, 79.0698, 0.0, 0.0, 0.0, 0.0]

----------------------------------------------------

TOTAL: 4529.1

Everything is awesome!
