Set parameter WLSAccessID
Set parameter WLSSecret
Set parameter LicenseID to value 2661775
Academic license 2661775 - for non-commercial use only - registered to me___@dcc.ufba.br
Loading line 2: methodType heur
Loading line 3: methodCode mslp
Loading line 4: seed 0
Loading line 5: threads 1
Loading line 6: greedy_service_order random
Loading line 7: outputFlagGrbMSLP 0
Loading line 8: mslpa 60000
Loading line 9: mslpr I
Loading line 10: maxtime 3600
Loading line 11: output ./logs/
Loading line 12: printsol 1
Loading line 13: solverMethod A
Instance: LR2_2_7_t2_60R_60V_04F_06M

[16:46:12.234] Running Data.readData with file /dados/rmelo/PDPTW-SE/benchmark_multi_floor_v3/official_experiments/multistartlp/preliminar/set_01_pt_02/../../../../instances/orig_ams_fg/60R_60V_04F_06M/t2/LR2_2_7/
vehicles: Vehicle[Vehicle(0, 52), Vehicle(1, 65), Vehicle(2, 78), Vehicle(3, 78), Vehicle(4, 52), Vehicle(5, 65), Vehicle(6, 78), Vehicle(7, 65), Vehicle(8, 78), Vehicle(9, 78), Vehicle(10, 78), Vehicle(11, 52), Vehicle(12, 52), Vehicle(13, 78), Vehicle(14, 65), Vehicle(15, 65), Vehicle(16, 65), Vehicle(17, 78), Vehicle(18, 78), Vehicle(19, 78), Vehicle(20, 52), Vehicle(21, 65), Vehicle(22, 52), Vehicle(23, 52), Vehicle(24, 65), Vehicle(25, 65), Vehicle(26, 65), Vehicle(27, 78), Vehicle(28, 78), Vehicle(29, 65), Vehicle(30, 52), Vehicle(31, 65), Vehicle(32, 52), Vehicle(33, 78), Vehicle(34, 52), Vehicle(35, 65), Vehicle(36, 65), Vehicle(37, 65), Vehicle(38, 78), Vehicle(39, 78), Vehicle(40, 78), Vehicle(41, 65), Vehicle(42, 78), Vehicle(43, 52), Vehicle(44, 65), Vehicle(45, 78), Vehicle(46, 78), Vehicle(47, 65), Vehicle(48, 65), Vehicle(49, 78), Vehicle(50, 65), Vehicle(51, 52), Vehicle(52, 65), Vehicle(53, 65), Vehicle(54, 78), Vehicle(55, 78), Vehicle(56, 65), Vehicle(57, 52), Vehicle(58, 52), Vehicle(59, 78)]
vehicle_types: Vehicle[Vehicle(0, 52), Vehicle(1, 65), Vehicle(2, 78)]
Machine[Machine(0, Point[Point(71, 71, 0), Point(71, 71, 1), Point(71, 71, 2), Point(71, 71, 3)], 0.2), Machine(1, Point[Point(73, 71, 0), Point(73, 71, 1), Point(73, 71, 2), Point(73, 71, 3)], 0.2), Machine(2, Point[Point(69, 71, 0), Point(69, 71, 1), Point(69, 71, 2), Point(69, 71, 3)], 0.2), Machine(3, Point[Point(75, 71, 0), Point(75, 71, 1), Point(75, 71, 2), Point(75, 71, 3)], 0.2), Machine(4, Point[Point(67, 71, 0), Point(67, 71, 1), Point(67, 71, 2), Point(67, 71, 3)], 0.2), Machine(5, Point[Point(77, 71, 0), Point(77, 71, 1), Point(77, 71, 2), Point(77, 71, 3)], 0.2)]
refs: [1, 2, 3, 4, 6, 7, 8, 9, 11, 12, 17, 21, 22, 23, 24, 26, 27, 28, 30, 31, 33, 34, 35, 36, 39, 40, 42, 43, 48, 50, 54, 55, 56, 57, 62, 63, 65, 66, 68, 69, 75, 76, 77, 78, 79, 80, 84, 85, 87, 88, 89, 92, 94, 95, 96, 97, 98, 99, 100, 103, 105, 91, 82, 19, 119, 108, 70, 61, 112, 44, 109, 93, 74, 116, 64, 14, 107, 120, 25, 32, 18, 60, 121, 37, 15, 113, 106, 41, 10, 73, 67, 102, 47, 110, 38, 114, 81, 5, 101, 71, 104, 20, 16, 83, 52, 118, 49, 29, 51, 72, 117, 45, 111, 86, 58, 53, 59, 13, 90, 115, 46, 1]
V: [1, 2, 3, 4, 5, 6, 7, 8, 9, 10, 11, 12, 13, 14, 15, 16, 17, 18, 19, 20, 21, 22, 23, 24, 25, 26, 27, 28, 29, 30, 31, 32, 33, 34, 35, 36, 37, 38, 39, 40, 41, 42, 43, 44, 45, 46, 47, 48, 49, 50, 51, 52, 53, 54, 55, 56, 57, 58, 59, 60, 61, 62, 63, 64, 65, 66, 67, 68, 69, 70, 71, 72, 73, 74, 75, 76, 77, 78, 79, 80, 81, 82, 83, 84, 85, 86, 87, 88, 89, 90, 91, 92, 93, 94, 95, 96, 97, 98, 99, 100, 101, 102, 103, 104, 105, 106, 107, 108, 109, 110, 111, 112, 113, 114, 115, 116, 117, 118, 119, 120, 121]
V_p: [2, 3, 4, 5, 6, 7, 8, 9, 10, 11, 12, 13, 14, 15, 16, 17, 18, 19, 20, 21, 22, 23, 24, 25, 26, 27, 28, 29, 30, 31, 32, 33, 34, 35, 36, 37, 38, 39, 40, 41, 42, 43, 44, 45, 46, 47, 48, 49, 50, 51, 52, 53, 54, 55, 56, 57, 58, 59, 60, 61]
V_d: [62, 63, 64, 65, 66, 67, 68, 69, 70, 71, 72, 73, 74, 75, 76, 77, 78, 79, 80, 81, 82, 83, 84, 85, 86, 87, 88, 89, 90, 91, 92, 93, 94, 95, 96, 97, 98, 99, 100, 101, 102, 103, 104, 105, 106, 107, 108, 109, 110, 111, 112, 113, 114, 115, 116, 117, 118, 119, 120, 121]
Vprime: [1, 2, 3, 4, 5, 6, 7, 8, 9, 10, 11, 12, 13, 14, 15, 16, 17, 18, 19, 20, 21, 22, 23, 24, 25, 26, 27, 28, 29, 30, 31, 32, 33, 34, 35, 36, 37, 38, 39, 40, 41, 42, 43, 44, 45, 46, 47, 48, 49, 50, 51, 52, 53, 54, 55, 56, 57, 58, 59, 60, 61, 62, 63, 64, 65, 66, 67, 68, 69, 70, 71, 72, 73, 74, 75, 76, 77, 78, 79, 80, 81, 82, 83, 84, 85, 86, 87, 88, 89, 90, 91, 92, 93, 94, 95, 96, 97, 98, 99, 100, 101, 102, 103, 104, 105, 106, 107, 108, 109, 110, 111, 112, 113, 114, 115, 116, 117, 118, 119, 120, 121, 122]
V: [1, 2, 3, 4, 5, 6, 7, 8, 9, 10, 11, 12, 13, 14, 15, 16, 17, 18, 19, 20, 21, 22, 23, 24, 25, 26, 27, 28, 29, 30, 31, 32, 33, 34, 35, 36, 37, 38, 39, 40, 41, 42, 43, 44, 45, 46, 47, 48, 49, 50, 51, 52, 53, 54, 55, 56, 57, 58, 59, 60, 61, 62, 63, 64, 65, 66, 67, 68, 69, 70, 71, 72, 73, 74, 75, 76, 77, 78, 79, 80, 81, 82, 83, 84, 85, 86, 87, 88, 89, 90, 91, 92, 93, 94, 95, 96, 97, 98, 99, 100, 101, 102, 103, 104, 105, 106, 107, 108, 109, 110, 111, 112, 113, 114, 115, 116, 117, 118, 119, 120, 121]
q: [0, 7, 20, 14, 27, 22, 13, 8, 13, 9, 22, 19, 5, 8, 13, 13, 21, 12, 11, 13, 12, 24, 8, 20, 15, 6, 15, 20, 22, 26, 10, 9, 13, 16, 19, 17, 12, 9, 9, 29, 39, 9, 7, 20, 15, 25, 23, 4, 32, 16, 20, 26, 35, 13, 33, 11, 10, 23, 18, 16, 20, -7, -20, -14, -27, -22, -13, -8, -13, -9, -22, -19, -5, -8, -13, -13, -21, -12, -11, -13, -12, -24, -8, -20, -15, -6, -15, -20, -22, -26, -10, -9, -13, -16, -19, -17, -12, -9, -9, -29, -39, -9, -7, -20, -15, -25, -23, -4, -32, -16, -20, -26, -35, -13, -33, -11, -10, -23, -18, -16, -20, 0]
H: [1, 2, 3, 4, 5, 6]
f: [[1, 1, 1, 1, 1, 1], [3, 3, 3, 3, 3, 3], [1, 1, 1, 1, 1, 1], [1, 1, 1, 1, 1, 1], [2, 2, 2, 2, 2, 2], [2, 2, 2, 2, 2, 2], [2, 2, 2, 2, 2, 2], [2, 2, 2, 2, 2, 2], [4, 4, 4, 4, 4, 4], [4, 4, 4, 4, 4, 4], [4, 4, 4, 4, 4, 4], [4, 4, 4, 4, 4, 4], [4, 4, 4, 4, 4, 4], [1, 1, 1, 1, 1, 1], [2, 2, 2, 2, 2, 2], [4, 4, 4, 4, 4, 4], [1, 1, 1, 1, 1, 1], [4, 4, 4, 4, 4, 4], [1, 1, 1, 1, 1, 1], [2, 2, 2, 2, 2, 2], [3, 3, 3, 3, 3, 3], [3, 3, 3, 3, 3, 3], [3, 3, 3, 3, 3, 3], [1, 1, 1, 1, 1, 1], [3, 3, 3, 3, 3, 3], [4, 4, 4, 4, 4, 4], [1, 1, 1, 1, 1, 1], [1, 1, 1, 1, 1, 1], [3, 3, 3, 3, 3, 3], [3, 3, 3, 3, 3, 3], [1, 1, 1, 1, 1, 1], [4, 4, 4, 4, 4, 4], [1, 1, 1, 1, 1, 1], [3, 3, 3, 3, 3, 3], [4, 4, 4, 4, 4, 4], [4, 4, 4, 4, 4, 4], [3, 3, 3, 3, 3, 3], [4, 4, 4, 4, 4, 4], [2, 2, 2, 2, 2, 2], [3, 3, 3, 3, 3, 3], [3, 3, 3, 3, 3, 3], [3, 3, 3, 3, 3, 3], [1, 1, 1, 1, 1, 1], [3, 3, 3, 3, 3, 3], [2, 2, 2, 2, 2, 2], [2, 2, 2, 2, 2, 2], [3, 3, 3, 3, 3, 3], [4, 4, 4, 4, 4, 4], [2, 2, 2, 2, 2, 2], [1, 1, 1, 1, 1, 1], [4, 4, 4, 4, 4, 4], [4, 4, 4, 4, 4, 4], [3, 3, 3, 3, 3, 3], [4, 4, 4, 4, 4, 4], [4, 4, 4, 4, 4, 4], [1, 1, 1, 1, 1, 1], [4, 4, 4, 4, 4, 4], [4, 4, 4, 4, 4, 4], [2, 2, 2, 2, 2, 2], [4, 4, 4, 4, 4, 4], [3, 3, 3, 3, 3, 3], [2, 2, 2, 2, 2, 2], [2, 2, 2, 2, 2, 2], [3, 3, 3, 3, 3, 3], [3, 3, 3, 3, 3, 3], [2, 2, 2, 2, 2, 2], [4, 4, 4, 4, 4, 4], [1, 1, 1, 1, 1, 1], [3, 3, 3, 3, 3, 3], [3, 3, 3, 3, 3, 3], [1, 1, 1, 1, 1, 1], [4, 4, 4, 4, 4, 4], [2, 2, 2, 2, 2, 2], [1, 1, 1, 1, 1, 1], [4, 4, 4, 4, 4, 4], [2, 2, 2, 2, 2, 2], [2, 2, 2, 2, 2, 2], [3, 3, 3, 3, 3, 3], [4, 4, 4, 4, 4, 4], [2, 2, 2, 2, 2, 2], [4, 4, 4, 4, 4, 4], [3, 3, 3, 3, 3, 3], [4, 4, 4, 4, 4, 4], [1, 1, 1, 1, 1, 1], [4, 4, 4, 4, 4, 4], [3, 3, 3, 3, 3, 3], [4, 4, 4, 4, 4, 4], [3, 3, 3, 3, 3, 3], [3, 3, 3, 3, 3, 3], [1, 1, 1, 1, 1, 1], [3, 3, 3, 3, 3, 3], [3, 3, 3, 3, 3, 3], [1, 1, 1, 1, 1, 1], [4, 4, 4, 4, 4, 4], [2, 2, 2, 2, 2, 2], [3, 3, 3, 3, 3, 3], [2, 2, 2, 2, 2, 2], [3, 3, 3, 3, 3, 3], [2, 2, 2, 2, 2, 2], [1, 1, 1, 1, 1, 1], [1, 1, 1, 1, 1, 1], [4, 4, 4, 4, 4, 4], [4, 4, 4, 4, 4, 4], [3, 3, 3, 3, 3, 3], [1, 1, 1, 1, 1, 1], [2, 2, 2, 2, 2, 2], [1, 1, 1, 1, 1, 1], [2, 2, 2, 2, 2, 2], [2, 2, 2, 2, 2, 2], [3, 3, 3, 3, 3, 3], [3, 3, 3, 3, 3, 3], [1, 1, 1, 1, 1, 1], [2, 2, 2, 2, 2, 2], [4, 4, 4, 4, 4, 4], [3, 3, 3, 3, 3, 3], [3, 3, 3, 3, 3, 3], [2, 2, 2, 2, 2, 2], [1, 1, 1, 1, 1, 1], [1, 1, 1, 1, 1, 1], [3, 3, 3, 3, 3, 3], [3, 3, 3, 3, 3, 3], [1, 1, 1, 1, 1, 1]]
1 1 1 -> 0.0
1 2 1 -> 5.0
1 3 1 -> 10.0
1 4 1 -> 15.0
2 1 1 -> 5.0
2 2 1 -> 0.0
2 3 1 -> 5.0
2 4 1 -> 10.0
3 1 1 -> 10.0
3 2 1 -> 5.0
3 3 1 -> 0.0
3 4 1 -> 5.0
4 1 1 -> 15.0
4 2 1 -> 10.0
4 3 1 -> 5.0
4 4 1 -> 0.0
1 1 2 -> 0.0
1 2 2 -> 5.0
1 3 2 -> 10.0
1 4 2 -> 15.0
2 1 2 -> 5.0
2 2 2 -> 0.0
2 3 2 -> 5.0
2 4 2 -> 10.0
3 1 2 -> 10.0
3 2 2 -> 5.0
3 3 2 -> 0.0
3 4 2 -> 5.0
4 1 2 -> 15.0
4 2 2 -> 10.0
4 3 2 -> 5.0
4 4 2 -> 0.0
1 1 3 -> 0.0
1 2 3 -> 5.0
1 3 3 -> 10.0
1 4 3 -> 15.0
2 1 3 -> 5.0
2 2 3 -> 0.0
2 3 3 -> 5.0
2 4 3 -> 10.0
3 1 3 -> 10.0
3 2 3 -> 5.0
3 3 3 -> 0.0
3 4 3 -> 5.0
4 1 3 -> 15.0
4 2 3 -> 10.0
4 3 3 -> 5.0
4 4 3 -> 0.0
1 1 4 -> 0.0
1 2 4 -> 5.0
1 3 4 -> 10.0
1 4 4 -> 15.0
2 1 4 -> 5.0
2 2 4 -> 0.0
2 3 4 -> 5.0
2 4 4 -> 10.0
3 1 4 -> 10.0
3 2 4 -> 5.0
3 3 4 -> 0.0
3 4 4 -> 5.0
4 1 4 -> 15.0
4 2 4 -> 10.0
4 3 4 -> 5.0
4 4 4 -> 0.0
1 1 5 -> 0.0
1 2 5 -> 5.0
1 3 5 -> 10.0
1 4 5 -> 15.0
2 1 5 -> 5.0
2 2 5 -> 0.0
2 3 5 -> 5.0
2 4 5 -> 10.0
3 1 5 -> 10.0
3 2 5 -> 5.0
3 3 5 -> 0.0
3 4 5 -> 5.0
4 1 5 -> 15.0
4 2 5 -> 10.0
4 3 5 -> 5.0
4 4 5 -> 0.0
1 1 6 -> 0.0
1 2 6 -> 5.0
1 3 6 -> 10.0
1 4 6 -> 15.0
2 1 6 -> 5.0
2 2 6 -> 0.0
2 3 6 -> 5.0
2 4 6 -> 10.0
3 1 6 -> 10.0
3 2 6 -> 5.0
3 3 6 -> 0.0
3 4 6 -> 5.0
4 1 6 -> 15.0
4 2 6 -> 10.0
4 3 6 -> 5.0
4 4 6 -> 0.0
o: (1, 2, 3) => 5.0
o: (3, 1, 3) => 10.0
o: (1, 3, 5) => 10.0
o: (3, 2, 4) => 5.0
o: (1, 4, 5) => 15.0
o: (4, 3, 6) => 5.0
o: (4, 4, 6) => 0.0
o: (3, 2, 3) => 5.0
o: (3, 3, 5) => 0.0
o: (2, 1, 1) => 5.0
o: (3, 4, 5) => 5.0
o: (1, 3, 2) => 10.0
o: (1, 4, 2) => 15.0
o: (4, 3, 4) => 5.0
o: (2, 2, 1) => 0.0
o: (4, 4, 4) => 0.0
o: (3, 3, 2) => 0.0
o: (3, 4, 2) => 5.0
o: (4, 3, 3) => 5.0
o: (4, 4, 3) => 0.0
o: (1, 1, 5) => 0.0
o: (4, 1, 6) => 15.0
o: (1, 2, 5) => 5.0
o: (3, 1, 5) => 10.0
o: (1, 3, 1) => 10.0
o: (4, 2, 6) => 10.0
o: (1, 1, 2) => 0.0
o: (1, 4, 1) => 15.0
o: (2, 3, 6) => 5.0
o: (4, 1, 4) => 15.0
o: (3, 2, 5) => 5.0
o: (2, 4, 6) => 10.0
o: (3, 3, 1) => 0.0
o: (1, 2, 2) => 5.0
o: (3, 1, 2) => 10.0
o: (3, 4, 1) => 5.0
o: (4, 1, 3) => 15.0
o: (4, 2, 4) => 10.0
o: (3, 2, 2) => 5.0
o: (2, 3, 4) => 5.0
o: (4, 2, 3) => 10.0
o: (2, 4, 4) => 10.0
o: (4, 3, 5) => 5.0
o: (4, 4, 5) => 0.0
o: (1, 1, 1) => 0.0
o: (2, 3, 3) => 5.0
o: (2, 4, 3) => 10.0
o: (2, 1, 6) => 5.0
o: (4, 3, 2) => 5.0
o: (1, 2, 1) => 5.0
o: (3, 1, 1) => 10.0
o: (4, 4, 2) => 0.0
o: (2, 2, 6) => 0.0
o: (3, 2, 1) => 5.0
o: (2, 1, 4) => 5.0
o: (4, 1, 5) => 15.0
o: (2, 1, 3) => 5.0
o: (2, 2, 4) => 0.0
o: (4, 2, 5) => 10.0
o: (4, 3, 1) => 5.0
o: (1, 3, 6) => 10.0
o: (4, 1, 2) => 15.0
o: (4, 4, 1) => 0.0
o: (2, 2, 3) => 0.0
o: (2, 3, 5) => 5.0
o: (1, 4, 6) => 15.0
o: (2, 4, 5) => 10.0
o: (3, 3, 6) => 0.0
o: (4, 2, 2) => 10.0
o: (3, 4, 6) => 5.0
o: (1, 3, 4) => 10.0
o: (2, 3, 2) => 5.0
o: (1, 4, 4) => 15.0
o: (2, 4, 2) => 10.0
o: (1, 3, 3) => 10.0
o: (3, 3, 4) => 0.0
o: (1, 4, 3) => 15.0
o: (3, 4, 4) => 5.0
o: (4, 1, 1) => 15.0
o: (1, 1, 6) => 0.0
o: (2, 1, 5) => 5.0
o: (3, 3, 3) => 0.0
o: (3, 4, 3) => 5.0
o: (4, 2, 1) => 10.0
o: (1, 2, 6) => 5.0
o: (3, 1, 6) => 10.0
o: (2, 2, 5) => 0.0
o: (2, 3, 1) => 5.0
o: (1, 1, 4) => 0.0
o: (2, 1, 2) => 5.0
o: (2, 4, 1) => 10.0
o: (3, 2, 6) => 5.0
o: (1, 1, 3) => 0.0
o: (1, 2, 4) => 5.0
o: (2, 2, 2) => 0.0
o: (3, 1, 4) => 10.0

[118, 2742, 2732, 2643, 2633, 2648, 2566, 16]
JOBS in the order of refs (Vprime)
Node 1: Job(0, Point(70, 70, 0), 0, 0, 2535, 0, 0, 0)
Node 2: Job(2, Point(26, 50, 2), 7, 1490, 1730, 10, 0, 108)
Node 3: Job(3, Point(30, 57, 0), 20, 0, 2483, 10, 0, 95)
Node 4: Job(4, Point(29, 60, 0), 14, 0, 2483, 10, 0, 20)
Node 5: Job(6, Point(137, 137, 1), 27, 339, 579, 10, 0, 191)
Node 6: Job(8, Point(78, 111, 1), 22, 47, 287, 10, 0, 136)
Node 7: Job(9, Point(107, 25, 1), 13, 1035, 1275, 10, 0, 82)
Node 8: Job(10, Point(17, 138, 1), 8, 1670, 1910, 10, 0, 73)
Node 9: Job(12, Point(20, 69, 3), 13, 0, 2475, 10, 0, 164)
Node 10: Job(13, Point(121, 123, 3), 9, 0, 2452, 10, 0, 52)
Node 11: Job(18, Point(79, 72, 3), 22, 0, 2516, 10, 0, 138)
Node 12: Job(23, Point(78, 63, 3), 19, 0, 2515, 10, 0, 110)
Node 13: Job(25, Point(37, 79, 3), 5, 0, 2491, 10, 0, 87)
Node 14: Job(26, Point(64, 132, 0), 8, 170, 410, 10, 0, 173)
Node 15: Job(27, Point(133, 130, 1), 13, 0, 2438, 10, 0, 76)
Node 16: Job(31, Point(140, 42, 3), 13, 0, 2450, 10, 0, 15)
Node 17: Job(32, Point(121, 124, 0), 21, 539, 779, 10, 0, 127)
Node 18: Job(33, Point(42, 29, 3), 12, 0, 2476, 10, 0, 192)
Node 19: Job(35, Point(32, 6, 0), 11, 320, 560, 10, 0, 30)
Node 20: Job(36, Point(41, 36, 1), 13, 146, 386, 10, 0, 37)
Node 21: Job(38, Point(107, 102, 2), 12, 0, 2477, 10, 0, 19)
Node 22: Job(40, Point(132, 133, 2), 24, 0, 2437, 10, 0, 72)
Node 23: Job(41, Point(81, 57, 2), 8, 17, 257, 10, 0, 198)
Node 24: Job(42, Point(120, 52, 0), 20, 0, 2472, 10, 0, 43)
Node 25: Job(45, Point(82, 103, 2), 15, 0, 2490, 10, 0, 16)
Node 26: Job(47, Point(90, 44, 3), 6, 149, 389, 10, 0, 165)
Node 27: Job(50, Point(64, 138, 0), 15, 0, 2457, 10, 0, 124)
Node 28: Job(51, Point(98, 4, 0), 20, 0, 2454, 10, 0, 49)
Node 29: Job(56, Point(86, 40, 2), 22, 0, 2491, 10, 0, 11)
Node 30: Job(58, Point(59, 115, 2), 26, 1195, 1435, 10, 0, 86)
Node 31: Job(64, Point(37, 125, 0), 10, 0, 2461, 10, 0, 79)
Node 32: Job(65, Point(99, 34, 3), 9, 243, 483, 10, 0, 120)
Node 33: Job(66, Point(38, 122, 0), 13, 876, 1116, 10, 0, 55)
Node 34: Job(68, Point(109, 131, 2), 16, 0, 2453, 10, 0, 158)
Node 35: Job(74, Point(48, 47, 3), 19, 31, 271, 10, 0, 44)
Node 36: Job(75, Point(104, 73, 3), 17, 0, 2491, 10, 0, 169)
Node 37: Job(77, Point(103, 44, 2), 12, 0, 2483, 10, 0, 94)
Node 38: Job(78, Point(73, 96, 3), 9, 604, 844, 10, 0, 5)
Node 39: Job(80, Point(71, 70, 1), 9, 0, 2524, 10, 0, 119)
Node 40: Job(81, Point(83, 12, 2), 29, 0, 2466, 10, 0, 83)
Node 41: Job(88, Point(120, 22, 2), 39, 396, 636, 10, 0, 122)
Node 42: Job(89, Point(54, 106, 2), 9, 1117, 1357, 10, 0, 22)
Node 43: Job(90, Point(63, 129, 0), 7, 765, 1005, 10, 0, 17)
Node 44: Job(91, Point(33, 117, 2), 20, 316, 556, 10, 0, 96)
Node 45: Job(92, Point(102, 52, 1), 15, 0, 2489, 10, 0, 61)
Node 46: Job(93, Point(13, 129, 1), 25, 1345, 1585, 10, 0, 189)
Node 47: Job(99, Point(70, 83, 2), 23, 0, 2512, 10, 0, 57)
Node 48: Job(100, Point(12, 48, 3), 4, 172, 412, 10, 0, 34)
Node 49: Job(103, Point(116, 22, 1), 32, 491, 731, 10, 0, 60)
Node 50: Job(105, Point(19, 120, 0), 16, 0, 2454, 10, 0, 85)
Node 51: Job(106, Point(23, 39, 3), 20, 1347, 1587, 10, 0, 179)
Node 52: Job(109, Point(18, 70, 3), 26, 1504, 1744, 10, 0, 53)
Node 53: Job(111, Point(61, 57, 2), 35, 0, 2510, 10, 0, 163)
Node 54: Job(112, Point(123, 84, 3), 13, 1606, 1846, 10, 0, 102)
Node 55: Job(113, Point(37, 73, 3), 33, 0, 2492, 10, 0, 70)
Node 56: Job(114, Point(115, 124, 0), 11, 0, 2455, 10, 0, 63)
Node 57: Job(115, Point(93, 61, 3), 10, 0, 2501, 10, 0, 71)
Node 58: Job(116, Point(89, 39, 3), 23, 36, 276, 10, 0, 14)
Node 59: Job(118, Point(108, 30, 1), 18, 323, 563, 10, 0, 107)
Node 60: Job(121, Point(2, 106, 3), 16, 1487, 1727, 10, 0, 171)
Node 61: Job(123, Point(26, 130, 2), 20, 0, 2451, 10, 0, 54)
Node 62: Job(108, Point(15, 18, 1), -7, 1540, 1780, 10, 2, 0)
Node 63: Job(95, Point(114, 109, 1), -20, 249, 489, 10, 3, 0)
Node 64: Job(20, Point(8, 87, 2), -14, 1545, 1785, 10, 4, 0)
Node 65: Job(191, Point(125, 68, 2), -27, 708, 948, 10, 6, 0)
Node 66: Job(136, Point(92, 138, 1), -22, 0, 2454, 10, 8, 0)
Node 67: Job(82, Point(36, 54, 3), -13, 1428, 1668, 10, 9, 0)
Node 68: Job(73, Point(39, 100, 0), -8, 0, 2482, 10, 10, 0)
Node 69: Job(164, Point(65, 80, 2), -13, 0, 2514, 10, 12, 0)
Node 70: Job(52, Point(61, 34, 2), -9, 1830, 2070, 10, 13, 0)
Node 71: Job(138, Point(100, 99, 0), -22, 1136, 1376, 10, 18, 0)
Node 72: Job(110, Point(16, 62, 3), -19, 1524, 1764, 10, 23, 0)
Node 73: Job(87, Point(34, 72, 1), -5, 0, 2489, 10, 25, 0)
Node 74: Job(173, Point(67, 120, 0), -8, 1375, 1615, 10, 26, 0)
Node 75: Job(76, Point(9, 19, 3), -13, 1431, 1671, 10, 27, 0)
Node 76: Job(15, Point(137, 7, 1), -13, 0, 2434, 10, 31, 0)
Node 77: Job(127, Point(138, 105, 1), -21, 0, 2449, 10, 32, 0)
Node 78: Job(192, Point(44, 36, 2), -12, 131, 371, 10, 33, 0)
Node 79: Job(30, Point(10, 86, 3), -11, 0, 2463, 10, 35, 0)
Node 80: Job(37, Point(106, 10, 1), -13, 1135, 1375, 10, 36, 0)
Node 81: Job(19, Point(104, 32, 3), -12, 0, 2475, 10, 38, 0)
Node 82: Job(72, Point(88, 29, 2), -24, 0, 2481, 10, 40, 0)
Node 83: Job(198, Point(8, 138, 3), -8, 1105, 1345, 10, 41, 0)
Node 84: Job(43, Point(113, 32, 0), -20, 0, 2468, 10, 42, 0)
Node 85: Job(16, Point(50, 106, 3), -15, 1221, 1461, 10, 45, 0)
Node 86: Job(165, Point(28, 62, 2), -6, 0, 2483, 10, 47, 0)
Node 87: Job(124, Point(85, 111, 3), -15, 952, 1192, 10, 50, 0)
Node 88: Job(49, Point(89, 24, 2), -20, 0, 2476, 10, 51, 0)
Node 89: Job(11, Point(37, 138, 2), -22, 0, 2450, 10, 56, 0)
Node 90: Job(86, Point(67, 96, 0), -26, 1908, 2148, 10, 58, 0)
Node 91: Job(79, Point(44, 116, 2), -10, 0, 2473, 10, 64, 0)
Node 92: Job(120, Point(92, 22, 2), -9, 0, 2473, 10, 65, 0)
Node 93: Job(55, Point(84, 88, 0), -13, 1365, 1605, 10, 66, 0)
Node 94: Job(158, Point(54, 41, 3), -16, 1065, 1305, 10, 68, 0)
Node 95: Job(44, Point(137, 101, 1), -19, 617, 857, 10, 74, 0)
Node 96: Job(169, Point(51, 92, 2), -17, 1731, 1971, 10, 75, 0)
Node 97: Job(94, Point(34, 20, 1), -12, 0, 2464, 10, 77, 0)
Node 98: Job(5, Point(69, 116, 2), -9, 0, 2479, 10, 78, 0)
Node 99: Job(119, Point(120, 60, 1), -9, 156, 396, 10, 80, 0)
Node 100: Job(83, Point(16, 92, 0), -29, 0, 2467, 10, 81, 0)
Node 101: Job(122, Point(117, 92, 0), -39, 0, 2474, 10, 88, 0)
Node 102: Job(22, Point(80, 103, 3), -9, 1428, 1668, 10, 89, 0)
Node 103: Job(17, Point(46, 112, 3), -7, 1084, 1324, 10, 90, 0)
Node 104: Job(96, Point(86, 80, 2), -20, 0, 2507, 10, 91, 0)
Node 105: Job(61, Point(104, 54, 0), -15, 150, 390, 10, 92, 0)
Node 106: Job(189, Point(5, 99, 1), -25, 0, 2454, 10, 93, 0)
Node 107: Job(57, Point(69, 115, 0), -23, 0, 2480, 10, 99, 0)
Node 108: Job(34, Point(44, 58, 1), -4, 39, 279, 10, 100, 0)
Node 109: Job(60, Point(107, 77, 1), -32, 0, 2488, 10, 103, 0)
Node 110: Job(85, Point(27, 104, 2), -16, 1949, 2189, 10, 105, 0)
Node 111: Job(179, Point(60, 23, 2), -20, 0, 2477, 10, 106, 0)
Node 112: Job(53, Point(60, 84, 0), -26, 1866, 2106, 10, 109, 0)
Node 113: Job(163, Point(54, 78, 1), -35, 0, 2508, 10, 111, 0)
Node 114: Job(102, Point(109, 78, 3), -13, 0, 2486, 10, 112, 0)
Node 115: Job(70, Point(47, 83, 2), -33, 0, 2499, 10, 113, 0)
Node 116: Job(63, Point(32, 52, 2), -11, 0, 2483, 10, 114, 0)
Node 117: Job(71, Point(139, 68, 1), -10, 0, 2456, 10, 115, 0)
Node 118: Job(14, Point(22, 104, 0), -23, 0, 2467, 10, 116, 0)
Node 119: Job(107, Point(110, 99, 0), -18, 0, 2476, 10, 118, 0)
Node 120: Job(171, Point(66, 82, 2), -16, 0, 2513, 10, 121, 0)
Node 121: Job(54, Point(13, 48, 2), -20, 1622, 1862, 10, 123, 0)
Node 122: Job(0, Point(70, 70, 0), 0, 0, 2535, 0, 0, 0)

### Preprocessing Data ###
	-> arcs: 14884 (100.0%)
	-> arc_removals: 3515 (23.62%)
	-> arc_removals_is_loop: 122 (0.82%)
	-> arc_removals_is_delivery_to_pickup: 62 (0.42%)
	-> arc_removals_is_depot_begin_to_delivery: 60 (0.4%)
	-> arc_removals_is_pickup_to_depot_end: 60 (0.4%)
	-> arc_removals_is_dest_depot_begin: 120 (0.81%)
	-> arc_removals_is_orig_depot_end: 119 (0.8%)
	-> arc_removals_is_capacity_violated: 0 (0.0%)
	-> arc_removals_is_time_window_limited: 2181 (14.65%)
	-> arc_removals_is_time_window_pairing_limited: 568 (3.82%)
	-> arc_removals_is_indirect_request_service_impossible: 223 (1.5%)
	-> gamma_vars: 0 (0%)
	-> feas_gamma_vars: 0 (0%)
	-> infeas_gamma_vars_is_next_mtrv_unreachable: 0 (0%)
	-> infeas_gamma_vars_is_iprime_jprime_eq_i_j: 0 (0%)
	-> machine_removal_for_an_arc: 0 (0.0%)
##########################

[16:46:22.067] Print configuration
------------------------------------------------------
"
[16:46:22.067] Running Multi Start Heuristic"
> Experiment started at 2025-10-05T16:46:22.067
> Instance: LR2_2_7_t2_60R_60V_04F_06M
> Algorithm Parameters:


	>Stop params:
		>  - rule ITERATIONS
		>  - argument 60000.0
		>  - maximum_time 3600

	>General params:
		>  - instPath /dados/rmelo/PDPTW-SE/benchmark_multi_floor_v3/official_experiments/multistartlp/preliminar/set_01_pt_02/../../../../instances/orig_ams_fg/60R_60V_04F_06M/t2/LR2_2_7/
		>  - name LR2_2_7
		>  - type t2
		>  - group 60R_60V_04F_06M
		>  - fullname LR2_2_7_t2_60R_60V_04F_06M
		>  - methodType heur
		>  - methodCode mslp
		>  - genconfigfile /dados/rmelo/PDPTW-SE/benchmark_multi_floor_v3/official_experiments/multistartlp/preliminar/set_01_pt_02/configs/genconfig_mslp.conf
		>  - genconfigfilename genconfig_mslp
		>  - greedy_service_order random
		>  - cutoff 0
		>  - cutoffmachs 6
		>  - num_machs 0
		>  - solver Gurobi
		>  - maxtime 3600
		>  - gurobiCuts 1
		>  - typeUserCut 0
		>  - mipPresolve -1
		>  - printsol 1
		>  - maxnodes -1
		>  - elevator 1
		>  - make_instance_feasible false
		>  - output /dados/rmelo/PDPTW-SE/benchmark_multi_floor_v3/official_experiments/multistartlp/preliminar/set_01_pt_02/logs
		>  - suff_outputs _seed_136_alpha_10p
		>  - suff_csv _bash_2
		>  - epsilon 0.005
		>  - epsilonCap 0.5
		>  - warmStart false
		>  - seed 136
		>  - rng Random.MersenneTwister(136)
		>  - alpha 0.1
		>  - maxiter 1000000
		>  - outputFlagGrbMIP 0
		>  - outputFlagGrbMSLP 0
		>  - outputFlagGrbLMNS 0
		>  - mslpr I
		>  - mslpa 60000
		>  - lmnsr M
		>  - lmnsa 60
		>  - lmnsRepairTime 30.0
		>  - lmnsMIPFocus 0
		>  - lmnsGapToBiggerDestruction 50
		>  - lmnsGapToSmallerDestruction 95
		>  - lmnsWeightShawDistProx 1.0
		>  - lmnsWeightShawEarlProx 1.0
		>  - lmnsWeightShawSameRoute 1.0
		>  - lmnsWeightShawDemandSim 1.0
		>  - lmnsReqRApplyMIPStart true
		>  - lmnsAcceptanceCriteria H
		>  - lmnsMetropolisTemp 100.0
		>  - lmnsSimulatedAnnealingTemp 100.0
		>  - lmnsSimulatedAnnealingCool 0.95
		>  - mipmaxtime 3600
		>  - csvfilename /dados/rmelo/PDPTW-SE/benchmark_multi_floor_v3/official_experiments/multistartlp/preliminar/set_01_pt_02/logs/heur_mslp/outputs/csvresults_heur_mslp_bash_2.csv
		>  - solfilename /dados/rmelo/PDPTW-SE/benchmark_multi_floor_v3/official_experiments/multistartlp/preliminar/set_01_pt_02/logs/heur_mslp/solutions/60R_60V_04F_06M/LR2_2_7_sol_genconfig_mslp_seed_136_alpha_10p.txt
		>  - timelineFilename /dados/rmelo/PDPTW-SE/benchmark_multi_floor_v3/official_experiments/multistartlp/preliminar/set_01_pt_02/logs/heur_mslp/timelines/60R_60V_04F_06M/LR2_2_7_timeline_genconfig_mslp_seed_136_alpha_10p.txt
		>  - grbFilename /dados/rmelo/PDPTW-SE/benchmark_multi_floor_v3/official_experiments/multistartlp/preliminar/set_01_pt_02/logs/heur_mslp/gurobi/60R_60V_04F_06M/LR2_2_7_grb_genconfig_mslp_seed_136_alpha_10p.log
		>  - threads 1
		>  - solverMethod AUTOMATIC

------------------------------------------------------
objValue;greedysol;iteration;time
11418.41;11594.87;1;0.404520
11344.17;11351.44;82;11.097673
11193.07;11292.43;87;11.810499
11128.86;11205.09;283;35.957871
11128.30;11452.29;513;64.426701
11127.92;11171.81;1071;132.071151
11081.33;11170.46;1685;207.331280
10942.61;11031.78;2478;307.223548
10940.92;11213.27;3385;421.555700
10892.64;10997.72;4137;516.251504
10757.03;10838.73;7448;925.682938
10609.87;10847.01;9727;1208.239831

[17:46:22.243] Finished running MSLP

[17:46:22.243] Post running MSLP
Best solution value: 10609.87
Total time elapsed: 3600.072960
Time to best: 1208.239831
Iterations: 29078
Iterations to best: 9727
Improvements: 12
Infeasible solutions percentage: (7273 / 29078) = 25.0120 %
(LP improvements)/(LP runs) = 21805/21805 = 100.0000 %
Mean LP improvement percentage: 1.4376 %
[17:46:22.555] Writing results to CSV file: /dados/rmelo/PDPTW-SE/benchmark_multi_floor_v3/official_experiments/multistartlp/preliminar/set_01_pt_02/logs/heur_mslp/outputs/csvresults_heur_mslp_bash_2.csv

[17:46:24.572] Saving solution to file:/dados/rmelo/PDPTW-SE/benchmark_multi_floor_v3/official_experiments/multistartlp/preliminar/set_01_pt_02/logs/heur_mslp/solutions/60R_60V_04F_06M/LR2_2_7_sol_genconfig_mslp_seed_136_alpha_10p.txt

[17:46:24.572] Saving solution timeline to file: /dados/rmelo/PDPTW-SE/benchmark_multi_floor_v3/official_experiments/multistartlp/preliminar/set_01_pt_02/logs/heur_mslp/timelines/60R_60V_04F_06M/LR2_2_7_timeline_genconfig_mslp_seed_136_alpha_10p.txt
---------------------| VEHICLES |---------------------

Vehicle 6 :
	id: 0
		node: 1
		(x, y, z): (70, 70, 0)
		dem: 0
		earl: 0
		lat: 2535
		servt: 0
		pid: 0
		did: 0
		servST: 0.0
		(h, h_ind): (-1, 0)
		load: 0.0

	Finished service at time: 0.0

	Using Machine: 4
		Task 0 -> Machine 4 (Station 1): 3.16
		Vehicle arrival at machine station: 3.16
		Waiting time until machine travel: 0.0

		Machine travel start time: 3.16
		Region 0 -> Region 1: 5.0
		Machine arrival at machine station: 8.16

		Machine 4 (Station 2)-> Task 8: 41.48
		Vehicle arrival at task: 49.64
		Waiting time until service start time: 0.0

	id: 8
		node: 6
		(x, y, z): (78, 111, 1)
		dem: 22
		earl: 47
		lat: 287
		servt: 10
		pid: 0
		did: 136
		servST: 49.64
		(h, h_ind): (4, 1)
		load: 22.0

	Finished service at time: 59.64

	Task 8 -> Task 136: 30.41
	Vehicle arrival at task: 90.05
	Waiting time until service start time: 0.0

	id: 136
		node: 66
		(x, y, z): (92, 138, 1)
		dem: -22
		earl: 0
		lat: 2454
		servt: 10
		pid: 8
		did: 0
		servST: 90.05
		(h, h_ind): (-1, 0)
		load: 0.0

	Finished service at time: 100.05

	Using Machine: 0
		Task 136 -> Machine 0 (Station 2): 70.21
		Vehicle arrival at machine station: 170.26
		Waiting time until machine travel: 0.0

		Machine travel start time: 170.26
		Region 1 -> Region 0: 5.0
		Machine arrival at machine station: 175.26

		Machine 0 (Station 1)-> Task 0: 1.41
		Vehicle arrival at task: 176.67
		Waiting time until service start time: 0.0

	id: 0
		node: 122
		(x, y, z): (70, 70, 0)
		dem: 0
		earl: 0
		lat: 2535
		servt: 0
		pid: 0
		did: 0
		servST: 176.67
		(h, h_ind): (0, 2)
		load: 0.0


Vehicle 9 :
	id: 0
		node: 1
		(x, y, z): (70, 70, 0)
		dem: 0
		earl: 0
		lat: 2535
		servt: 0
		pid: 0
		did: 0
		servST: 55.6299999999999
		(h, h_ind): (-1, 0)
		load: 0.0

	Finished service at time: 55.6299999999999

	Using Machine: 3
		Task 0 -> Machine 3 (Station 1): 5.1
		Vehicle arrival at machine station: 60.729999999999905
		Waiting time until machine travel: 0.0

		Machine travel start time: 60.729999999999905
		Region 0 -> Region 3: 15.0
		Machine arrival at machine station: 75.7299999999999

		Machine 3 (Station 4)-> Task 18: 4.12
		Vehicle arrival at task: 79.84999999999991
		Waiting time until service start time: 0.0

	id: 18
		node: 11
		(x, y, z): (79, 72, 3)
		dem: 22
		earl: 0
		lat: 2516
		servt: 10
		pid: 0
		did: 138
		servST: 79.84999999999991
		(h, h_ind): (3, 1)
		load: 22.0

	Finished service at time: 89.84999999999991

	Using Machine: 3
		Task 18 -> Machine 3 (Station 4): 4.12
		Vehicle arrival at machine station: 93.96999999999991
		Waiting time until machine travel: 0.0

		Machine travel start time: 93.96999999999991
		Region 3 -> Region 1: 10.0
		Machine arrival at machine station: 103.96999999999991

		Machine 3 (Station 2)-> Task 80: 4.12
		Vehicle arrival at task: 108.08999999999992
		Waiting time until service start time: 0.0

	id: 80
		node: 39
		(x, y, z): (71, 70, 1)
		dem: 9
		earl: 0
		lat: 2524
		servt: 10
		pid: 0
		did: 119
		servST: 108.08999999999992
		(h, h_ind): (3, 2)
		load: 31.0

	Finished service at time: 118.08999999999992

	Task 80 -> Task 92: 35.85
	Vehicle arrival at task: 153.9399999999999
	Waiting time until service start time: 0.0

	id: 92
		node: 45
		(x, y, z): (102, 52, 1)
		dem: 15
		earl: 0
		lat: 2489
		servt: 10
		pid: 0
		did: 61
		servST: 153.9399999999999
		(h, h_ind): (-1, 0)
		load: 46.0

	Finished service at time: 163.9399999999999

	Task 92 -> Task 119: 19.7
	Vehicle arrival at task: 183.6399999999999
	Waiting time until service start time: 0.0

	id: 119
		node: 99
		(x, y, z): (120, 60, 1)
		dem: -9
		earl: 156
		lat: 396
		servt: 10
		pid: 80
		did: 0
		servST: 183.6399999999999
		(h, h_ind): (-1, 0)
		load: 37.0

	Finished service at time: 193.6399999999999

	Using Machine: 5
		Task 119 -> Machine 5 (Station 2): 44.38
		Vehicle arrival at machine station: 238.0199999999999
		Waiting time until machine travel: 0.0

		Machine travel start time: 238.0199999999999
		Region 1 -> Region 0: 5.0
		Machine arrival at machine station: 243.0199999999999

		Machine 5 (Station 1)-> Task 61: 31.91
		Vehicle arrival at task: 274.9299999999999
		Waiting time until service start time: 0.0

	id: 61
		node: 105
		(x, y, z): (104, 54, 0)
		dem: -15
		earl: 150
		lat: 390
		servt: 10
		pid: 92
		did: 0
		servST: 274.9299999999999
		(h, h_ind): (5, 2)
		load: 22.0

	Finished service at time: 284.9299999999999

	Task 61 -> Task 50: 93.04
	Vehicle arrival at task: 377.9699999999999
	Waiting time until service start time: 0.0

	id: 50
		node: 27
		(x, y, z): (64, 138, 0)
		dem: 15
		earl: 0
		lat: 2457
		servt: 10
		pid: 0
		did: 124
		servST: 377.9699999999999
		(h, h_ind): (-1, 0)
		load: 37.0

	Finished service at time: 387.9699999999999

	Task 50 -> Task 26: 6.0
	Vehicle arrival at task: 393.9699999999999
	Waiting time until service start time: 0.0

	id: 26
		node: 14
		(x, y, z): (64, 132, 0)
		dem: 8
		earl: 170
		lat: 410
		servt: 10
		pid: 0
		did: 173
		servST: 393.9699999999999
		(h, h_ind): (-1, 0)
		load: 45.0

	Finished service at time: 403.9699999999999

	Task 26 -> Task 35: 130.0
	Vehicle arrival at task: 533.9699999999999
	Waiting time until service start time: 0.0

	id: 35
		node: 19
		(x, y, z): (32, 6, 0)
		dem: 11
		earl: 320
		lat: 560
		servt: 10
		pid: 0
		did: 30
		servST: 533.9699999999999
		(h, h_ind): (-1, 0)
		load: 56.0

	Finished service at time: 543.9699999999999

	Task 35 -> Task 64: 119.1
	Vehicle arrival at task: 663.0699999999999
	Waiting time until service start time: 0.0

	id: 64
		node: 31
		(x, y, z): (37, 125, 0)
		dem: 10
		earl: 0
		lat: 2461
		servt: 10
		pid: 0
		did: 79
		servST: 663.0699999999999
		(h, h_ind): (-1, 0)
		load: 66.0

	Finished service at time: 673.0699999999999

	Using Machine: 4
		Task 64 -> Machine 4 (Station 1): 61.77
		Vehicle arrival at machine station: 734.8399999999999
		Waiting time until machine travel: 0.0

		Machine travel start time: 734.8399999999999
		Region 0 -> Region 2: 10.0
		Machine arrival at machine station: 744.8399999999999

		Machine 4 (Station 3)-> Task 79: 50.54
		Vehicle arrival at task: 795.3799999999999
		Waiting time until service start time: 0.0

	id: 79
		node: 91
		(x, y, z): (44, 116, 2)
		dem: -10
		earl: 0
		lat: 2473
		servt: 10
		pid: 64
		did: 0
		servST: 795.3799999999999
		(h, h_ind): (4, 8)
		load: 56.0

	Finished service at time: 805.3799999999999

	Task 79 -> Task 123: 22.8
	Vehicle arrival at task: 828.1799999999998
	Waiting time until service start time: 0.0

	id: 123
		node: 61
		(x, y, z): (26, 130, 2)
		dem: 20
		earl: 0
		lat: 2451
		servt: 10
		pid: 0
		did: 54
		servST: 828.1799999999998
		(h, h_ind): (-1, 0)
		load: 76.0

	Finished service at time: 838.1799999999998

	Using Machine: 4
		Task 123 -> Machine 4 (Station 3): 71.85
		Vehicle arrival at machine station: 910.0299999999999
		Waiting time until machine travel: 0.0

		Machine travel start time: 910.0299999999999
		Region 2 -> Region 3: 5.0
		Machine arrival at machine station: 915.0299999999999

		Machine 4 (Station 4)-> Task 124: 43.86
		Vehicle arrival at task: 958.8899999999999
		Waiting time until service start time: 0.0

	id: 124
		node: 87
		(x, y, z): (85, 111, 3)
		dem: -15
		earl: 952
		lat: 1192
		servt: 10
		pid: 50
		did: 0
		servST: 958.8899999999999
		(h, h_ind): (4, 9)
		load: 61.0

	Finished service at time: 968.8899999999999

	Task 124 -> Task 30: 79.06
	Vehicle arrival at task: 1047.9499999999998
	Waiting time until service start time: 0.0

	id: 30
		node: 79
		(x, y, z): (10, 86, 3)
		dem: -11
		earl: 0
		lat: 2463
		servt: 10
		pid: 35
		did: 0
		servST: 1047.9499999999998
		(h, h_ind): (-1, 0)
		load: 50.0

	Finished service at time: 1057.9499999999998

	Using Machine: 4
		Task 30 -> Machine 4 (Station 4): 58.94
		Vehicle arrival at machine station: 1116.8899999999999
		Waiting time until machine travel: 0.0

		Machine travel start time: 1116.8899999999999
		Region 3 -> Region 0: 15.0
		Machine arrival at machine station: 1131.8899999999999

		Machine 4 (Station 1)-> Task 138: 43.28
		Vehicle arrival at task: 1175.1699999999998
		Waiting time until service start time: 0.0

	id: 138
		node: 71
		(x, y, z): (100, 99, 0)
		dem: -22
		earl: 1136
		lat: 1376
		servt: 10
		pid: 18
		did: 0
		servST: 1175.1699999999998
		(h, h_ind): (4, 11)
		load: 28.0

	Finished service at time: 1185.1699999999998

	Using Machine: 3
		Task 138 -> Machine 3 (Station 1): 37.54
		Vehicle arrival at machine station: 1222.7099999999998
		Waiting time until machine travel: 0.0

		Machine travel start time: 1222.7099999999998
		Region 0 -> Region 2: 10.0
		Machine arrival at machine station: 1232.7099999999998

		Machine 3 (Station 3)-> Task 89: 40.82
		Vehicle arrival at task: 1273.5299999999997
		Waiting time until service start time: 0.0

	id: 89
		node: 42
		(x, y, z): (54, 106, 2)
		dem: 9
		earl: 1117
		lat: 1357
		servt: 10
		pid: 0
		did: 22
		servST: 1273.5299999999997
		(h, h_ind): (3, 8)
		load: 37.0

	Finished service at time: 1283.5299999999997

	Using Machine: 4
		Task 89 -> Machine 4 (Station 3): 37.34
		Vehicle arrival at machine station: 1320.8699999999997
		Waiting time until machine travel: 0.0

		Machine travel start time: 1320.8699999999997
		Region 2 -> Region 3: 5.0
		Machine arrival at machine station: 1325.8699999999997

		Machine 4 (Station 4)-> Task 106: 54.41
		Vehicle arrival at task: 1380.2799999999997
		Waiting time until service start time: 0.0

	id: 106
		node: 51
		(x, y, z): (23, 39, 3)
		dem: 20
		earl: 1347
		lat: 1587
		servt: 10
		pid: 0
		did: 179
		servST: 1380.2799999999997
		(h, h_ind): (4, 14)
		load: 57.0

	Finished service at time: 1390.2799999999997

	Task 106 -> Task 22: 85.7
	Vehicle arrival at task: 1475.9799999999998
	Waiting time until service start time: 0.0

	id: 22
		node: 102
		(x, y, z): (80, 103, 3)
		dem: -9
		earl: 1428
		lat: 1668
		servt: 10
		pid: 89
		did: 0
		servST: 1475.9799999999998
		(h, h_ind): (-1, 0)
		load: 48.0

	Finished service at time: 1485.9799999999998

	Using Machine: 3
		Task 22 -> Machine 3 (Station 4): 32.39
		Vehicle arrival at machine station: 1518.37
		Waiting time until machine travel: 0.0

		Machine travel start time: 1518.37
		Region 3 -> Region 0: 15.0
		Machine arrival at machine station: 1533.37

		Machine 3 (Station 1)-> Task 173: 49.65
		Vehicle arrival at task: 1583.02
		Waiting time until service start time: 0.0

	id: 173
		node: 74
		(x, y, z): (67, 120, 0)
		dem: -8
		earl: 1375
		lat: 1615
		servt: 10
		pid: 26
		did: 0
		servST: 1583.02
		(h, h_ind): (3, 9)
		load: 40.0

	Finished service at time: 1593.02

	Task 173 -> Task 105: 48.0
	Vehicle arrival at task: 1641.02
	Waiting time until service start time: 0.0

	id: 105
		node: 50
		(x, y, z): (19, 120, 0)
		dem: 16
		earl: 0
		lat: 2454
		servt: 10
		pid: 0
		did: 85
		servST: 1641.02
		(h, h_ind): (-1, 0)
		load: 56.0

	Finished service at time: 1651.02

	Using Machine: 4
		Task 105 -> Machine 4 (Station 1): 68.59
		Vehicle arrival at machine station: 1719.61
		Waiting time until machine travel: 0.0

		Machine travel start time: 1719.61
		Region 0 -> Region 2: 10.0
		Machine arrival at machine station: 1729.61

		Machine 4 (Station 3)-> Task 54: 58.69
		Vehicle arrival at task: 1788.3
		Waiting time until service start time: 0.0

	id: 54
		node: 121
		(x, y, z): (13, 48, 2)
		dem: -20
		earl: 1622
		lat: 1862
		servt: 10
		pid: 123
		did: 0
		servST: 1788.3
		(h, h_ind): (4, 20)
		load: 36.0

	Finished service at time: 1798.3

	Task 54 -> Task 179: 53.24
	Vehicle arrival at task: 1851.54
	Waiting time until service start time: 0.0

	id: 179
		node: 111
		(x, y, z): (60, 23, 2)
		dem: -20
		earl: 0
		lat: 2477
		servt: 10
		pid: 106
		did: 0
		servST: 1851.54
		(h, h_ind): (-1, 0)
		load: 16.0

	Finished service at time: 1861.54

	Task 179 -> Task 85: 87.46
	Vehicle arrival at task: 1949.0
	Waiting time until service start time: 0.0

	id: 85
		node: 110
		(x, y, z): (27, 104, 2)
		dem: -16
		earl: 1949
		lat: 2189
		servt: 10
		pid: 105
		did: 0
		servST: 1949.0
		(h, h_ind): (-1, 0)
		load: 0.0

	Finished service at time: 1959.0

	Using Machine: 0
		Task 85 -> Machine 0 (Station 3): 55.0
		Vehicle arrival at machine station: 2014.0
		Waiting time until machine travel: 0.0

		Machine travel start time: 2014.0
		Region 2 -> Region 0: 10.0
		Machine arrival at machine station: 2024.0

		Machine 0 (Station 1)-> Task 0: 1.41
		Vehicle arrival at task: 2025.41
		Waiting time until service start time: 0.0

	id: 0
		node: 122
		(x, y, z): (70, 70, 0)
		dem: 0
		earl: 0
		lat: 2535
		servt: 0
		pid: 0
		did: 0
		servST: 2025.41
		(h, h_ind): (0, 4)
		load: 0.0


Vehicle 12 :
	id: 0
		node: 1
		(x, y, z): (70, 70, 0)
		dem: 0
		earl: 0
		lat: 2535
		servt: 0
		pid: 0
		did: 0
		servST: 19.600000000000644
		(h, h_ind): (-1, 0)
		load: 0.0

	Finished service at time: 19.600000000000644

	Using Machine: 0
		Task 0 -> Machine 0 (Station 1): 1.41
		Vehicle arrival at machine station: 21.010000000000645
		Waiting time until machine travel: 0.0

		Machine travel start time: 21.010000000000645
		Region 0 -> Region 2: 10.0
		Machine arrival at machine station: 31.010000000000645

		Machine 0 (Station 3)-> Task 81: 60.21
		Vehicle arrival at task: 91.22000000000065
		Waiting time until service start time: 0.0

	id: 81
		node: 40
		(x, y, z): (83, 12, 2)
		dem: 29
		earl: 0
		lat: 2466
		servt: 10
		pid: 0
		did: 83
		servST: 91.22000000000065
		(h, h_ind): (0, 1)
		load: 29.0

	Finished service at time: 101.22000000000065

	Task 81 -> Task 77: 37.74
	Vehicle arrival at task: 138.96000000000066
	Waiting time until service start time: 0.0

	id: 77
		node: 37
		(x, y, z): (103, 44, 2)
		dem: 12
		earl: 0
		lat: 2483
		servt: 10
		pid: 0
		did: 94
		servST: 138.96000000000066
		(h, h_ind): (-1, 0)
		load: 41.0

	Finished service at time: 148.96000000000066

	Using Machine: 2
		Task 77 -> Machine 2 (Station 3): 43.42
		Vehicle arrival at machine station: 192.38000000000068
		Waiting time until machine travel: 0.0

		Machine travel start time: 192.38000000000068
		Region 2 -> Region 0: 10.0
		Machine arrival at machine station: 202.38000000000068

		Machine 2 (Station 1)-> Task 83: 57.01
		Vehicle arrival at task: 259.39000000000067
		Waiting time until service start time: 0.0

	id: 83
		node: 100
		(x, y, z): (16, 92, 0)
		dem: -29
		earl: 0
		lat: 2467
		servt: 10
		pid: 81
		did: 0
		servST: 259.39000000000067
		(h, h_ind): (2, 2)
		load: 12.0

	Finished service at time: 269.39000000000067

	Using Machine: 4
		Task 83 -> Machine 4 (Station 1): 55.15
		Vehicle arrival at machine station: 324.54000000000065
		Waiting time until machine travel: 0.0

		Machine travel start time: 324.5400000000007
		Region 0 -> Region 1: 5.0
		Machine arrival at machine station: 329.5400000000007

		Machine 4 (Station 2)-> Task 36: 43.6
		Vehicle arrival at task: 373.1400000000007
		Waiting time until service start time: 0.0

	id: 36
		node: 20
		(x, y, z): (41, 36, 1)
		dem: 13
		earl: 146
		lat: 386
		servt: 10
		pid: 0
		did: 37
		servST: 373.1400000000007
		(h, h_ind): (4, 5)
		load: 25.0

	Finished service at time: 383.1400000000007

	Task 36 -> Task 94: 17.46
	Vehicle arrival at task: 400.6000000000007
	Waiting time until service start time: 0.0

	id: 94
		node: 97
		(x, y, z): (34, 20, 1)
		dem: -12
		earl: 0
		lat: 2464
		servt: 10
		pid: 77
		did: 0
		servST: 400.6000000000007
		(h, h_ind): (-1, 0)
		load: 13.0

	Finished service at time: 410.6000000000007

	Task 94 -> Task 103: 82.02
	Vehicle arrival at task: 492.6200000000007
	Waiting time until service start time: 0.0

	id: 103
		node: 49
		(x, y, z): (116, 22, 1)
		dem: 32
		earl: 491
		lat: 731
		servt: 10
		pid: 0
		did: 60
		servST: 492.6200000000007
		(h, h_ind): (-1, 0)
		load: 45.0

	Finished service at time: 502.6200000000007

	Task 103 -> Task 60: 55.73
	Vehicle arrival at task: 558.3500000000007
	Waiting time until service start time: 0.0

	id: 60
		node: 109
		(x, y, z): (107, 77, 1)
		dem: -32
		earl: 0
		lat: 2488
		servt: 10
		pid: 103
		did: 0
		servST: 558.3500000000007
		(h, h_ind): (-1, 0)
		load: 13.0

	Finished service at time: 568.3500000000007

	Using Machine: 5
		Task 60 -> Machine 5 (Station 2): 30.59
		Vehicle arrival at machine station: 598.9400000000007
		Waiting time until machine travel: 0.0

		Machine travel start time: 598.9400000000007
		Region 1 -> Region 2: 5.0
		Machine arrival at machine station: 603.9400000000007

		Machine 5 (Station 3)-> Task 40: 82.88
		Vehicle arrival at task: 686.8200000000007
		Waiting time until service start time: 0.0

	id: 40
		node: 22
		(x, y, z): (132, 133, 2)
		dem: 24
		earl: 0
		lat: 2437
		servt: 10
		pid: 0
		did: 72
		servST: 686.8200000000007
		(h, h_ind): (5, 6)
		load: 37.0

	Finished service at time: 696.8200000000007

	Task 40 -> Task 38: 39.82
	Vehicle arrival at task: 736.6400000000008
	Waiting time until service start time: 0.0

	id: 38
		node: 21
		(x, y, z): (107, 102, 2)
		dem: 12
		earl: 0
		lat: 2477
		servt: 10
		pid: 0
		did: 19
		servST: 736.6400000000008
		(h, h_ind): (-1, 0)
		load: 49.0

	Finished service at time: 746.6400000000008

	Using Machine: 5
		Task 38 -> Machine 5 (Station 3): 43.14
		Vehicle arrival at machine station: 789.7800000000008
		Waiting time until machine travel: 0.0

		Machine travel start time: 789.7800000000008
		Region 2 -> Region 3: 5.0
		Machine arrival at machine station: 794.7800000000008

		Machine 5 (Station 4)-> Task 19: 47.43
		Vehicle arrival at task: 842.2100000000007
		Waiting time until service start time: 0.0

	id: 19
		node: 81
		(x, y, z): (104, 32, 3)
		dem: -12
		earl: 0
		lat: 2475
		servt: 10
		pid: 38
		did: 0
		servST: 842.2100000000007
		(h, h_ind): (5, 8)
		load: 37.0

	Finished service at time: 852.2100000000007

	Using Machine: 5
		Task 19 -> Machine 5 (Station 4): 47.43
		Vehicle arrival at machine station: 899.6400000000007
		Waiting time until machine travel: 0.0

		Machine travel start time: 899.6400000000007
		Region 3 -> Region 2: 5.0
		Machine arrival at machine station: 904.6400000000007

		Machine 5 (Station 3)-> Task 72: 43.42
		Vehicle arrival at task: 948.0600000000006
		Waiting time until service start time: 0.0

	id: 72
		node: 82
		(x, y, z): (88, 29, 2)
		dem: -24
		earl: 0
		lat: 2481
		servt: 10
		pid: 40
		did: 0
		servST: 948.0600000000006
		(h, h_ind): (5, 10)
		load: 13.0

	Finished service at time: 958.0600000000006

	Using Machine: 5
		Task 72 -> Machine 5 (Station 3): 43.42
		Vehicle arrival at machine station: 1001.4800000000006
		Waiting time until machine travel: 0.0

		Machine travel start time: 1001.4800000000006
		Region 2 -> Region 3: 5.0
		Machine arrival at machine station: 1006.4800000000006

		Machine 5 (Station 4)-> Task 115: 18.87
		Vehicle arrival at task: 1025.3500000000006
		Waiting time until service start time: 0.0

	id: 115
		node: 57
		(x, y, z): (93, 61, 3)
		dem: 10
		earl: 0
		lat: 2501
		servt: 10
		pid: 0
		did: 71
		servST: 1025.3500000000006
		(h, h_ind): (5, 11)
		load: 23.0

	Finished service at time: 1035.3500000000006

	Using Machine: 5
		Task 115 -> Machine 5 (Station 4): 18.87
		Vehicle arrival at machine station: 1054.2200000000005
		Waiting time until machine travel: 0.0

		Machine travel start time: 1054.2200000000005
		Region 3 -> Region 1: 10.0
		Machine arrival at machine station: 1064.2200000000005

		Machine 5 (Station 2)-> Task 71: 62.07
		Vehicle arrival at task: 1126.2900000000004
		Waiting time until service start time: 0.0

	id: 71
		node: 117
		(x, y, z): (139, 68, 1)
		dem: -10
		earl: 0
		lat: 2456
		servt: 10
		pid: 115
		did: 0
		servST: 1126.2900000000004
		(h, h_ind): (5, 13)
		load: 13.0

	Finished service at time: 1136.2900000000004

	Task 71 -> Task 37: 66.73
	Vehicle arrival at task: 1203.0200000000004
	Waiting time until service start time: 0.0

	id: 37
		node: 80
		(x, y, z): (106, 10, 1)
		dem: -13
		earl: 1135
		lat: 1375
		servt: 10
		pid: 36
		did: 0
		servST: 1203.0200000000004
		(h, h_ind): (-1, 0)
		load: 0.0

	Finished service at time: 1213.0200000000004

	Using Machine: 5
		Task 37 -> Machine 5 (Station 2): 67.54
		Vehicle arrival at machine station: 1280.5600000000004
		Waiting time until machine travel: 0.0

		Machine travel start time: 1280.5600000000004
		Region 1 -> Region 3: 10.0
		Machine arrival at machine station: 1290.5600000000004

		Machine 5 (Station 4)-> Task 13: 68.12
		Vehicle arrival at task: 1358.6800000000003
		Waiting time until service start time: 0.0

	id: 13
		node: 10
		(x, y, z): (121, 123, 3)
		dem: 9
		earl: 0
		lat: 2452
		servt: 10
		pid: 0
		did: 52
		servST: 1358.6800000000003
		(h, h_ind): (5, 14)
		load: 9.0

	Finished service at time: 1368.6800000000003

	Task 13 -> Task 121: 120.21
	Vehicle arrival at task: 1488.8900000000003
	Waiting time until service start time: 0.0

	id: 121
		node: 60
		(x, y, z): (2, 106, 3)
		dem: 16
		earl: 1487
		lat: 1727
		servt: 10
		pid: 0
		did: 171
		servST: 1488.8900000000003
		(h, h_ind): (-1, 0)
		load: 25.0

	Finished service at time: 1498.8900000000003

	Task 121 -> Task 23: 87.32
	Vehicle arrival at task: 1586.2100000000003
	Waiting time until service start time: 0.0

	id: 23
		node: 12
		(x, y, z): (78, 63, 3)
		dem: 19
		earl: 0
		lat: 2515
		servt: 10
		pid: 0
		did: 110
		servST: 1586.2100000000003
		(h, h_ind): (-1, 0)
		load: 44.0

	Finished service at time: 1596.2100000000003

	Task 23 -> Task 110: 62.01
	Vehicle arrival at task: 1658.2200000000003
	Waiting time until service start time: 0.0

	id: 110
		node: 72
		(x, y, z): (16, 62, 3)
		dem: -19
		earl: 1524
		lat: 1764
		servt: 10
		pid: 23
		did: 0
		servST: 1658.2200000000003
		(h, h_ind): (-1, 0)
		load: 25.0

	Finished service at time: 1668.2200000000003

	Task 110 -> Task 112: 109.24
	Vehicle arrival at task: 1777.4600000000003
	Waiting time until service start time: 0.0

	id: 112
		node: 54
		(x, y, z): (123, 84, 3)
		dem: 13
		earl: 1606
		lat: 1846
		servt: 10
		pid: 0
		did: 102
		servST: 1777.4600000000003
		(h, h_ind): (-1, 0)
		load: 38.0

	Finished service at time: 1787.4600000000003

	Task 112 -> Task 102: 15.23
	Vehicle arrival at task: 1802.6900000000003
	Waiting time until service start time: 0.0

	id: 102
		node: 114
		(x, y, z): (109, 78, 3)
		dem: -13
		earl: 0
		lat: 2486
		servt: 10
		pid: 112
		did: 0
		servST: 1802.6900000000003
		(h, h_ind): (-1, 0)
		load: 25.0

	Finished service at time: 1812.6900000000003

	Task 102 -> Task 75: 7.07
	Vehicle arrival at task: 1819.7600000000002
	Waiting time until service start time: 0.0

	id: 75
		node: 36
		(x, y, z): (104, 73, 3)
		dem: 17
		earl: 0
		lat: 2491
		servt: 10
		pid: 0
		did: 169
		servST: 1819.7600000000002
		(h, h_ind): (-1, 0)
		load: 42.0

	Finished service at time: 1829.7600000000002

	Using Machine: 5
		Task 75 -> Machine 5 (Station 4): 27.07
		Vehicle arrival at machine station: 1856.8300000000002
		Waiting time until machine travel: 0.0

		Machine travel start time: 1856.8300000000002
		Region 3 -> Region 2: 5.0
		Machine arrival at machine station: 1861.8300000000002

		Machine 5 (Station 3)-> Task 52: 40.31
		Vehicle arrival at task: 1902.14
		Waiting time until service start time: 0.0

	id: 52
		node: 70
		(x, y, z): (61, 34, 2)
		dem: -9
		earl: 1830
		lat: 2070
		servt: 10
		pid: 13
		did: 0
		servST: 1902.14
		(h, h_ind): (5, 16)
		load: 33.0

	Finished service at time: 1912.14

	Task 52 -> Task 169: 58.86
	Vehicle arrival at task: 1971.0
	Waiting time until service start time: 0.0

	id: 169
		node: 96
		(x, y, z): (51, 92, 2)
		dem: -17
		earl: 1731
		lat: 1971
		servt: 10
		pid: 75
		did: 0
		servST: 1971.0
		(h, h_ind): (-1, 0)
		load: 16.0

	Finished service at time: 1981.0

	Task 169 -> Task 171: 18.03
	Vehicle arrival at task: 1999.03
	Waiting time until service start time: 0.0

	id: 171
		node: 120
		(x, y, z): (66, 82, 2)
		dem: -16
		earl: 0
		lat: 2513
		servt: 10
		pid: 121
		did: 0
		servST: 1999.03
		(h, h_ind): (-1, 0)
		load: 0.0

	Finished service at time: 2009.03

	Using Machine: 2
		Task 171 -> Machine 2 (Station 3): 11.4
		Vehicle arrival at machine station: 2020.43
		Waiting time until machine travel: 0.0

		Machine travel start time: 2020.43
		Region 2 -> Region 0: 10.0
		Machine arrival at machine station: 2030.43

		Machine 2 (Station 1)-> Task 0: 1.41
		Vehicle arrival at task: 2031.8400000000001
		Waiting time until service start time: 0.0

	id: 0
		node: 122
		(x, y, z): (70, 70, 0)
		dem: 0
		earl: 0
		lat: 2535
		servt: 0
		pid: 0
		did: 0
		servST: 2031.8400000000001
		(h, h_ind): (2, 7)
		load: 0.0


Vehicle 19 :
	id: 0
		node: 1
		(x, y, z): (70, 70, 0)
		dem: 0
		earl: 0
		lat: 2535
		servt: 0
		pid: 0
		did: 0
		servST: 10.469999999999999
		(h, h_ind): (-1, 0)
		load: 0.0

	Finished service at time: 10.469999999999999

	Task 0 -> Task 42: 53.14
	Vehicle arrival at task: 63.61
	Waiting time until service start time: 0.0

	id: 42
		node: 24
		(x, y, z): (120, 52, 0)
		dem: 20
		earl: 0
		lat: 2472
		servt: 10
		pid: 0
		did: 43
		servST: 63.61
		(h, h_ind): (-1, 0)
		load: 20.0

	Finished service at time: 73.61

	Task 42 -> Task 43: 21.19
	Vehicle arrival at task: 94.8
	Waiting time until service start time: 0.0

	id: 43
		node: 84
		(x, y, z): (113, 32, 0)
		dem: -20
		earl: 0
		lat: 2468
		servt: 10
		pid: 42
		did: 0
		servST: 94.8
		(h, h_ind): (-1, 0)
		load: 0.0

	Finished service at time: 104.8

	Using Machine: 3
		Task 43 -> Machine 3 (Station 1): 54.45
		Vehicle arrival at machine station: 159.25
		Waiting time until machine travel: 0.0

		Machine travel start time: 159.25
		Region 0 -> Region 2: 10.0
		Machine arrival at machine station: 169.25

		Machine 3 (Station 3)-> Task 111: 19.8
		Vehicle arrival at task: 189.05
		Waiting time until service start time: 0.0

	id: 111
		node: 53
		(x, y, z): (61, 57, 2)
		dem: 35
		earl: 0
		lat: 2510
		servt: 10
		pid: 0
		did: 163
		servST: 189.05
		(h, h_ind): (3, 3)
		load: 35.0

	Finished service at time: 199.05

	Task 111 -> Task 56: 30.23
	Vehicle arrival at task: 229.28
	Waiting time until service start time: 0.0

	id: 56
		node: 29
		(x, y, z): (86, 40, 2)
		dem: 22
		earl: 0
		lat: 2491
		servt: 10
		pid: 0
		did: 11
		servST: 229.28
		(h, h_ind): (-1, 0)
		load: 57.0

	Finished service at time: 239.28

	Task 56 -> Task 41: 17.72
	Vehicle arrival at task: 257.0
	Waiting time until service start time: 0.0

	id: 41
		node: 23
		(x, y, z): (81, 57, 2)
		dem: 8
		earl: 17
		lat: 257
		servt: 10
		pid: 0
		did: 198
		servST: 257.0
		(h, h_ind): (-1, 0)
		load: 65.0

	Finished service at time: 267.0

	Using Machine: 4
		Task 41 -> Machine 4 (Station 3): 19.8
		Vehicle arrival at machine station: 286.8
		Waiting time until machine travel: 0.0

		Machine travel start time: 286.8
		Region 2 -> Region 1: 5.0
		Machine arrival at machine station: 291.8

		Machine 4 (Station 2)-> Task 163: 14.76
		Vehicle arrival at task: 306.56
		Waiting time until service start time: 0.0

	id: 163
		node: 113
		(x, y, z): (54, 78, 1)
		dem: -35
		earl: 0
		lat: 2508
		servt: 10
		pid: 111
		did: 0
		servST: 306.56
		(h, h_ind): (4, 4)
		load: 30.0

	Finished service at time: 316.56

	Task 163 -> Task 118: 72.25
	Vehicle arrival at task: 388.81
	Waiting time until service start time: 0.0

	id: 118
		node: 59
		(x, y, z): (108, 30, 1)
		dem: 18
		earl: 323
		lat: 563
		servt: 10
		pid: 0
		did: 107
		servST: 388.81
		(h, h_ind): (-1, 0)
		load: 48.0

	Finished service at time: 398.81

	Task 118 -> Task 6: 110.86
	Vehicle arrival at task: 509.67
	Waiting time until service start time: 0.0

	id: 6
		node: 5
		(x, y, z): (137, 137, 1)
		dem: 27
		earl: 339
		lat: 579
		servt: 10
		pid: 0
		did: 191
		servST: 509.67
		(h, h_ind): (-1, 0)
		load: 75.0

	Finished service at time: 519.6700000000001

	Using Machine: 3
		Task 6 -> Machine 3 (Station 2): 90.55
		Vehicle arrival at machine station: 610.22
		Waiting time until machine travel: 0.0

		Machine travel start time: 610.22
		Region 1 -> Region 2: 5.0
		Machine arrival at machine station: 615.22

		Machine 3 (Station 3)-> Task 11: 77.03
		Vehicle arrival at task: 692.25
		Waiting time until service start time: 0.0

	id: 11
		node: 89
		(x, y, z): (37, 138, 2)
		dem: -22
		earl: 0
		lat: 2450
		servt: 10
		pid: 56
		did: 0
		servST: 692.25
		(h, h_ind): (3, 6)
		load: 53.0

	Finished service at time: 702.25

	Task 11 -> Task 45: 57.01
	Vehicle arrival at task: 759.26
	Waiting time until service start time: 0.0

	id: 45
		node: 25
		(x, y, z): (82, 103, 2)
		dem: 15
		earl: 0
		lat: 2490
		servt: 10
		pid: 0
		did: 16
		servST: 759.26
		(h, h_ind): (-1, 0)
		load: 68.0

	Finished service at time: 769.26

	Using Machine: 3
		Task 45 -> Machine 3 (Station 3): 32.76
		Vehicle arrival at machine station: 802.02
		Waiting time until machine travel: 0.0

		Machine travel start time: 802.02
		Region 2 -> Region 3: 5.0
		Machine arrival at machine station: 807.02

		Machine 3 (Station 4)-> Task 78: 25.08
		Vehicle arrival at task: 832.1
		Waiting time until service start time: 0.0

	id: 78
		node: 38
		(x, y, z): (73, 96, 3)
		dem: 9
		earl: 604
		lat: 844
		servt: 10
		pid: 0
		did: 5
		servST: 832.1
		(h, h_ind): (3, 7)
		load: 77.0

	Finished service at time: 842.1

	Using Machine: 5
		Task 78 -> Machine 5 (Station 4): 25.32
		Vehicle arrival at machine station: 867.4200000000001
		Waiting time until machine travel: 0.0

		Machine travel start time: 867.4200000000001
		Region 3 -> Region 2: 5.0
		Machine arrival at machine station: 872.4200000000001

		Machine 5 (Station 3)-> Task 191: 48.09
		Vehicle arrival at task: 920.5100000000001
		Waiting time until service start time: 0.0

	id: 191
		node: 65
		(x, y, z): (125, 68, 2)
		dem: -27
		earl: 708
		lat: 948
		servt: 10
		pid: 6
		did: 0
		servST: 920.5100000000001
		(h, h_ind): (5, 9)
		load: 50.0

	Finished service at time: 930.5100000000001

	Task 191 -> Task 68: 65.0
	Vehicle arrival at task: 995.5100000000001
	Waiting time until service start time: 0.0

	id: 68
		node: 34
		(x, y, z): (109, 131, 2)
		dem: 16
		earl: 0
		lat: 2453
		servt: 10
		pid: 0
		did: 158
		servST: 995.5100000000001
		(h, h_ind): (-1, 0)
		load: 66.0

	Finished service at time: 1005.5100000000001

	Task 68 -> Task 5: 42.72
	Vehicle arrival at task: 1048.23
	Waiting time until service start time: 0.0

	id: 5
		node: 98
		(x, y, z): (69, 116, 2)
		dem: -9
		earl: 0
		lat: 2479
		servt: 10
		pid: 78
		did: 0
		servST: 1048.23
		(h, h_ind): (-1, 0)
		load: 57.0

	Finished service at time: 1058.23

	Using Machine: 4
		Task 5 -> Machine 4 (Station 3): 45.04
		Vehicle arrival at machine station: 1103.27
		Waiting time until machine travel: 0.0

		Machine travel start time: 1103.27
		Region 2 -> Region 3: 5.0
		Machine arrival at machine station: 1108.27

		Machine 4 (Station 4)-> Task 158: 32.7
		Vehicle arrival at task: 1140.97
		Waiting time until service start time: 0.0

	id: 158
		node: 94
		(x, y, z): (54, 41, 3)
		dem: -16
		earl: 1065
		lat: 1305
		servt: 10
		pid: 68
		did: 0
		servST: 1140.97
		(h, h_ind): (4, 10)
		load: 41.0

	Finished service at time: 1150.97

	Task 158 -> Task 16: 65.12
	Vehicle arrival at task: 1216.0900000000001
	Waiting time until service start time: 4.91

	id: 16
		node: 85
		(x, y, z): (50, 106, 3)
		dem: -15
		earl: 1221
		lat: 1461
		servt: 10
		pid: 45
		did: 0
		servST: 1221.0
		(h, h_ind): (-1, 0)
		load: 26.0

	Finished service at time: 1231.0

	Task 16 -> Task 198: 52.8
	Vehicle arrival at task: 1283.8
	Waiting time until service start time: 0.0

	id: 198
		node: 83
		(x, y, z): (8, 138, 3)
		dem: -8
		earl: 1105
		lat: 1345
		servt: 10
		pid: 41
		did: 0
		servST: 1283.8
		(h, h_ind): (-1, 0)
		load: 18.0

	Finished service at time: 1293.8

	Using Machine: 2
		Task 198 -> Machine 2 (Station 4): 90.61
		Vehicle arrival at machine station: 1384.4099999999999
		Waiting time until machine travel: 0.0

		Machine travel start time: 1384.4099999999999
		Region 3 -> Region 2: 5.0
		Machine arrival at machine station: 1389.4099999999999

		Machine 2 (Station 3)-> Task 58: 45.12
		Vehicle arrival at task: 1434.5299999999997
		Waiting time until service start time: 0.0

	id: 58
		node: 30
		(x, y, z): (59, 115, 2)
		dem: 26
		earl: 1195
		lat: 1435
		servt: 10
		pid: 0
		did: 86
		servST: 1434.5299999999997
		(h, h_ind): (2, 3)
		load: 44.0

	Finished service at time: 1444.5299999999997

	Task 58 -> Task 2: 72.9
	Vehicle arrival at task: 1517.4299999999998
	Waiting time until service start time: 0.0

	id: 2
		node: 2
		(x, y, z): (26, 50, 2)
		dem: 7
		earl: 1490
		lat: 1730
		servt: 10
		pid: 0
		did: 108
		servST: 1517.4299999999998
		(h, h_ind): (-1, 0)
		load: 51.0

	Finished service at time: 1527.4299999999998

	Using Machine: 2
		Task 2 -> Machine 2 (Station 3): 47.85
		Vehicle arrival at machine station: 1575.2799999999997
		Waiting time until machine travel: 0.0

		Machine travel start time: 1575.2799999999997
		Region 2 -> Region 3: 5.0
		Machine arrival at machine station: 1580.2799999999997

		Machine 2 (Station 4)-> Task 109: 51.01
		Vehicle arrival at task: 1631.2899999999997
		Waiting time until service start time: 0.0

	id: 109
		node: 52
		(x, y, z): (18, 70, 3)
		dem: 26
		earl: 1504
		lat: 1744
		servt: 10
		pid: 0
		did: 53
		servST: 1631.2899999999997
		(h, h_ind): (2, 4)
		load: 77.0

	Finished service at time: 1641.2899999999997

	Using Machine: 2
		Task 109 -> Machine 2 (Station 4): 51.01
		Vehicle arrival at machine station: 1692.2999999999997
		Waiting time until machine travel: 0.0

		Machine travel start time: 1692.2999999999997
		Region 3 -> Region 1: 10.0
		Machine arrival at machine station: 1702.2999999999997

		Machine 2 (Station 2)-> Task 108: 75.66
		Vehicle arrival at task: 1777.9599999999998
		Waiting time until service start time: 0.0

	id: 108
		node: 62
		(x, y, z): (15, 18, 1)
		dem: -7
		earl: 1540
		lat: 1780
		servt: 10
		pid: 2
		did: 0
		servST: 1777.9599999999998
		(h, h_ind): (2, 5)
		load: 70.0

	Finished service at time: 1787.9599999999998

	Task 108 -> Task 10: 120.02
	Vehicle arrival at task: 1907.9799999999998
	Waiting time until service start time: 0.0

	id: 10
		node: 8
		(x, y, z): (17, 138, 1)
		dem: 8
		earl: 1670
		lat: 1910
		servt: 10
		pid: 0
		did: 73
		servST: 1907.9799999999998
		(h, h_ind): (-1, 0)
		load: 78.0

	Finished service at time: 1917.9799999999998

	Using Machine: 4
		Task 10 -> Machine 4 (Station 2): 83.6
		Vehicle arrival at machine station: 2001.5799999999997
		Waiting time until machine travel: 0.0

		Machine travel start time: 2001.5799999999997
		Region 1 -> Region 0: 5.0
		Machine arrival at machine station: 2006.5799999999997

		Machine 4 (Station 1)-> Task 53: 14.76
		Vehicle arrival at task: 2021.3399999999997
		Waiting time until service start time: 0.0

	id: 53
		node: 112
		(x, y, z): (60, 84, 0)
		dem: -26
		earl: 1866
		lat: 2106
		servt: 10
		pid: 109
		did: 0
		servST: 2021.3399999999997
		(h, h_ind): (4, 22)
		load: 52.0

	Finished service at time: 2031.3399999999997

	Task 53 -> Task 107: 52.2
	Vehicle arrival at task: 2083.5399999999995
	Waiting time until service start time: 0.0

	id: 107
		node: 119
		(x, y, z): (110, 99, 0)
		dem: -18
		earl: 0
		lat: 2476
		servt: 10
		pid: 118
		did: 0
		servST: 2083.5399999999995
		(h, h_ind): (-1, 0)
		load: 34.0

	Finished service at time: 2093.5399999999995

	Task 107 -> Task 86: 43.1
	Vehicle arrival at task: 2136.6399999999994
	Waiting time until service start time: 0.0

	id: 86
		node: 90
		(x, y, z): (67, 96, 0)
		dem: -26
		earl: 1908
		lat: 2148
		servt: 10
		pid: 58
		did: 0
		servST: 2136.6399999999994
		(h, h_ind): (-1, 0)
		load: 8.0

	Finished service at time: 2146.6399999999994

	Task 86 -> Task 73: 28.28
	Vehicle arrival at task: 2174.9199999999996
	Waiting time until service start time: 0.0

	id: 73
		node: 68
		(x, y, z): (39, 100, 0)
		dem: -8
		earl: 0
		lat: 2482
		servt: 10
		pid: 10
		did: 0
		servST: 2174.9199999999996
		(h, h_ind): (-1, 0)
		load: 0.0

	Finished service at time: 2184.9199999999996

	Task 73 -> Task 0: 43.14
	Vehicle arrival at task: 2228.0599999999995
	Waiting time until service start time: 0.0

	id: 0
		node: 122
		(x, y, z): (70, 70, 0)
		dem: 0
		earl: 0
		lat: 2535
		servt: 0
		pid: 0
		did: 0
		servST: 2228.0599999999995
		(h, h_ind): (-1, 0)
		load: 0.0


Vehicle 28 :
	id: 0
		node: 1
		(x, y, z): (70, 70, 0)
		dem: 0
		earl: 0
		lat: 2535
		servt: 0
		pid: 0
		did: 0
		servST: 98.93
		(h, h_ind): (-1, 0)
		load: 0.0

	Finished service at time: 98.93

	Using Machine: 1
		Task 0 -> Machine 1 (Station 1): 3.16
		Vehicle arrival at machine station: 102.09
		Waiting time until machine travel: 0.0

		Machine travel start time: 102.09
		Region 0 -> Region 3: 15.0
		Machine arrival at machine station: 117.09

		Machine 1 (Station 4)-> Task 47: 31.91
		Vehicle arrival at task: 149.0
		Waiting time until service start time: 0.0

	id: 47
		node: 26
		(x, y, z): (90, 44, 3)
		dem: 6
		earl: 149
		lat: 389
		servt: 10
		pid: 0
		did: 165
		servST: 149.0
		(h, h_ind): (1, 1)
		load: 6.0

	Finished service at time: 159.0

	Using Machine: 5
		Task 47 -> Machine 5 (Station 4): 29.97
		Vehicle arrival at machine station: 188.97
		Waiting time until machine travel: 0.0

		Machine travel start time: 188.97
		Region 3 -> Region 2: 5.0
		Machine arrival at machine station: 193.97

		Machine 5 (Station 3)-> Task 99: 13.89
		Vehicle arrival at task: 207.86
		Waiting time until service start time: 0.0

	id: 99
		node: 47
		(x, y, z): (70, 83, 2)
		dem: 23
		earl: 0
		lat: 2512
		servt: 10
		pid: 0
		did: 57
		servST: 207.86
		(h, h_ind): (5, 1)
		load: 29.0

	Finished service at time: 217.86

	Using Machine: 3
		Task 99 -> Machine 3 (Station 3): 13.0
		Vehicle arrival at machine station: 230.86
		Waiting time until machine travel: 0.0

		Machine travel start time: 230.86
		Region 2 -> Region 3: 5.0
		Machine arrival at machine station: 235.86

		Machine 3 (Station 4)-> Task 116: 34.93
		Vehicle arrival at task: 270.79
		Waiting time until service start time: 0.0

	id: 116
		node: 58
		(x, y, z): (89, 39, 3)
		dem: 23
		earl: 36
		lat: 276
		servt: 10
		pid: 0
		did: 14
		servST: 270.79
		(h, h_ind): (3, 4)
		load: 52.0

	Finished service at time: 280.79

	Task 116 -> Task 31: 51.09
	Vehicle arrival at task: 331.88
	Waiting time until service start time: 0.0

	id: 31
		node: 16
		(x, y, z): (140, 42, 3)
		dem: 13
		earl: 0
		lat: 2450
		servt: 10
		pid: 0
		did: 15
		servST: 331.88
		(h, h_ind): (-1, 0)
		load: 65.0

	Finished service at time: 341.88

	Using Machine: 5
		Task 31 -> Machine 5 (Station 4): 69.35
		Vehicle arrival at machine station: 411.23
		Waiting time until machine travel: 0.0

		Machine travel start time: 411.23
		Region 3 -> Region 1: 10.0
		Machine arrival at machine station: 421.23

		Machine 5 (Station 2)-> Task 15: 87.73
		Vehicle arrival at task: 508.96000000000004
		Waiting time until service start time: 0.0

	id: 15
		node: 76
		(x, y, z): (137, 7, 1)
		dem: -13
		earl: 0
		lat: 2434
		servt: 10
		pid: 31
		did: 0
		servST: 508.96000000000004
		(h, h_ind): (5, 3)
		load: 52.0

	Finished service at time: 518.96

	Using Machine: 4
		Task 15 -> Machine 4 (Station 2): 94.85
		Vehicle arrival at machine station: 613.8100000000001
		Waiting time until machine travel: 0.0

		Machine travel start time: 613.8100000000001
		Region 1 -> Region 0: 5.0
		Machine arrival at machine station: 618.8100000000001

		Machine 4 (Station 1)-> Task 14: 55.8
		Vehicle arrival at task: 674.61
		Waiting time until service start time: 0.0

	id: 14
		node: 118
		(x, y, z): (22, 104, 0)
		dem: -23
		earl: 0
		lat: 2467
		servt: 10
		pid: 116
		did: 0
		servST: 674.61
		(h, h_ind): (4, 7)
		load: 29.0

	Finished service at time: 684.61

	Task 14 -> Task 57: 48.27
	Vehicle arrival at task: 732.88
	Waiting time until service start time: 0.0

	id: 57
		node: 107
		(x, y, z): (69, 115, 0)
		dem: -23
		earl: 0
		lat: 2480
		servt: 10
		pid: 99
		did: 0
		servST: 732.88
		(h, h_ind): (-1, 0)
		load: 6.0

	Finished service at time: 742.88

	Task 57 -> Task 51: 114.73
	Vehicle arrival at task: 857.61
	Waiting time until service start time: 0.0

	id: 51
		node: 28
		(x, y, z): (98, 4, 0)
		dem: 20
		earl: 0
		lat: 2454
		servt: 10
		pid: 0
		did: 49
		servST: 857.61
		(h, h_ind): (-1, 0)
		load: 26.0

	Finished service at time: 867.61

	Task 51 -> Task 90: 129.81
	Vehicle arrival at task: 997.4200000000001
	Waiting time until service start time: 0.0

	id: 90
		node: 43
		(x, y, z): (63, 129, 0)
		dem: 7
		earl: 765
		lat: 1005
		servt: 10
		pid: 0
		did: 17
		servST: 997.4200000000001
		(h, h_ind): (-1, 0)
		load: 33.0

	Finished service at time: 1007.4200000000001

	Task 90 -> Task 4: 76.92
	Vehicle arrival at task: 1084.3400000000001
	Waiting time until service start time: 0.0

	id: 4
		node: 4
		(x, y, z): (29, 60, 0)
		dem: 14
		earl: 0
		lat: 2483
		servt: 10
		pid: 0
		did: 20
		servST: 1084.3400000000001
		(h, h_ind): (-1, 0)
		load: 47.0

	Finished service at time: 1094.3400000000001

	Using Machine: 4
		Task 4 -> Machine 4 (Station 1): 39.56
		Vehicle arrival at machine station: 1133.9
		Waiting time until machine travel: 0.0

		Machine travel start time: 1133.9
		Region 0 -> Region 2: 10.0
		Machine arrival at machine station: 1143.9

		Machine 4 (Station 3)-> Task 49: 51.89
		Vehicle arrival at task: 1195.7900000000002
		Waiting time until service start time: 0.0

	id: 49
		node: 88
		(x, y, z): (89, 24, 2)
		dem: -20
		earl: 0
		lat: 2476
		servt: 10
		pid: 51
		did: 0
		servST: 1195.7900000000002
		(h, h_ind): (4, 12)
		load: 27.0

	Finished service at time: 1205.7900000000002

	Using Machine: 4
		Task 49 -> Machine 4 (Station 3): 51.89
		Vehicle arrival at machine station: 1257.6800000000003
		Waiting time until machine travel: 0.0

		Machine travel start time: 1257.6800000000003
		Region 2 -> Region 3: 5.0
		Machine arrival at machine station: 1262.6800000000003

		Machine 4 (Station 4)-> Task 17: 46.07
		Vehicle arrival at task: 1308.7500000000002
		Waiting time until service start time: 0.0

	id: 17
		node: 103
		(x, y, z): (46, 112, 3)
		dem: -7
		earl: 1084
		lat: 1324
		servt: 10
		pid: 90
		did: 0
		servST: 1308.7500000000002
		(h, h_ind): (4, 13)
		load: 20.0

	Finished service at time: 1318.7500000000002

	Using Machine: 4
		Task 17 -> Machine 4 (Station 4): 46.07
		Vehicle arrival at machine station: 1364.8200000000002
		Waiting time until machine travel: 0.0

		Machine travel start time: 1364.8200000000002
		Region 3 -> Region 1: 10.0
		Machine arrival at machine station: 1374.8200000000002

		Machine 4 (Station 2)-> Task 93: 79.25
		Vehicle arrival at task: 1454.0700000000002
		Waiting time until service start time: 0.0

	id: 93
		node: 46
		(x, y, z): (13, 129, 1)
		dem: 25
		earl: 1345
		lat: 1585
		servt: 10
		pid: 0
		did: 189
		servST: 1454.0700000000002
		(h, h_ind): (4, 15)
		load: 45.0

	Finished service at time: 1464.0700000000002

	Task 93 -> Task 189: 31.05
	Vehicle arrival at task: 1495.1200000000001
	Waiting time until service start time: 0.0

	id: 189
		node: 106
		(x, y, z): (5, 99, 1)
		dem: -25
		earl: 0
		lat: 2454
		servt: 10
		pid: 93
		did: 0
		servST: 1495.1200000000001
		(h, h_ind): (-1, 0)
		load: 20.0

	Finished service at time: 1505.1200000000001

	Using Machine: 4
		Task 189 -> Machine 4 (Station 2): 68.03
		Vehicle arrival at machine station: 1573.15
		Waiting time until machine travel: 0.0

		Machine travel start time: 1573.15
		Region 1 -> Region 3: 10.0
		Machine arrival at machine station: 1583.15

		Machine 4 (Station 4)-> Task 113: 30.07
		Vehicle arrival at task: 1613.22
		Waiting time until service start time: 0.0

	id: 113
		node: 55
		(x, y, z): (37, 73, 3)
		dem: 33
		earl: 0
		lat: 2492
		servt: 10
		pid: 0
		did: 70
		servST: 1613.22
		(h, h_ind): (4, 17)
		load: 53.0

	Finished service at time: 1623.22

	Task 113 -> Task 12: 17.46
	Vehicle arrival at task: 1640.68
	Waiting time until service start time: 0.0

	id: 12
		node: 9
		(x, y, z): (20, 69, 3)
		dem: 13
		earl: 0
		lat: 2475
		servt: 10
		pid: 0
		did: 164
		servST: 1640.68
		(h, h_ind): (-1, 0)
		load: 66.0

	Finished service at time: 1650.68

	Using Machine: 4
		Task 12 -> Machine 4 (Station 4): 47.04
		Vehicle arrival at machine station: 1697.72
		Waiting time until machine travel: 0.0

		Machine travel start time: 1697.72
		Region 3 -> Region 2: 5.0
		Machine arrival at machine station: 1702.72

		Machine 4 (Station 3)-> Task 70: 23.32
		Vehicle arrival at task: 1726.04
		Waiting time until service start time: 0.0

	id: 70
		node: 115
		(x, y, z): (47, 83, 2)
		dem: -33
		earl: 0
		lat: 2499
		servt: 10
		pid: 113
		did: 0
		servST: 1726.04
		(h, h_ind): (4, 19)
		load: 33.0

	Finished service at time: 1736.04

	Task 70 -> Task 20: 39.2
	Vehicle arrival at task: 1775.24
	Waiting time until service start time: 0.0

	id: 20
		node: 64
		(x, y, z): (8, 87, 2)
		dem: -14
		earl: 1545
		lat: 1785
		servt: 10
		pid: 4
		did: 0
		servST: 1775.24
		(h, h_ind): (-1, 0)
		load: 19.0

	Finished service at time: 1785.24

	Task 20 -> Task 165: 32.02
	Vehicle arrival at task: 1817.26
	Waiting time until service start time: 0.0

	id: 165
		node: 86
		(x, y, z): (28, 62, 2)
		dem: -6
		earl: 0
		lat: 2483
		servt: 10
		pid: 47
		did: 0
		servST: 1817.26
		(h, h_ind): (-1, 0)
		load: 13.0

	Finished service at time: 1827.26

	Task 165 -> Task 164: 41.15
	Vehicle arrival at task: 1868.41
	Waiting time until service start time: 0.0

	id: 164
		node: 69
		(x, y, z): (65, 80, 2)
		dem: -13
		earl: 0
		lat: 2514
		servt: 10
		pid: 12
		did: 0
		servST: 1868.41
		(h, h_ind): (-1, 0)
		load: 0.0

	Finished service at time: 1878.41

	Using Machine: 2
		Task 164 -> Machine 2 (Station 3): 9.85
		Vehicle arrival at machine station: 1888.26
		Waiting time until machine travel: 0.0

		Machine travel start time: 1888.26
		Region 2 -> Region 0: 10.0
		Machine arrival at machine station: 1898.26

		Machine 2 (Station 1)-> Task 0: 1.41
		Vehicle arrival at task: 1899.67
		Waiting time until service start time: 0.0

	id: 0
		node: 122
		(x, y, z): (70, 70, 0)
		dem: 0
		earl: 0
		lat: 2535
		servt: 0
		pid: 0
		did: 0
		servST: 1899.67
		(h, h_ind): (2, 6)
		load: 0.0


Vehicle 40 :
	id: 0
		node: 1
		(x, y, z): (70, 70, 0)
		dem: 0
		earl: 0
		lat: 2535
		servt: 0
		pid: 0
		did: 0
		servST: 31.00000000000001
		(h, h_ind): (-1, 0)
		load: 0.0

	Finished service at time: 31.00000000000001

	Using Machine: 2
		Task 0 -> Machine 2 (Station 1): 1.41
		Vehicle arrival at machine station: 32.41000000000001
		Waiting time until machine travel: 0.0

		Machine travel start time: 32.41000000000001
		Region 0 -> Region 3: 15.0
		Machine arrival at machine station: 47.41000000000001

		Machine 2 (Station 4)-> Task 74: 31.89
		Vehicle arrival at task: 79.30000000000001
		Waiting time until service start time: 0.0

	id: 74
		node: 35
		(x, y, z): (48, 47, 3)
		dem: 19
		earl: 31
		lat: 271
		servt: 10
		pid: 0
		did: 44
		servST: 79.30000000000001
		(h, h_ind): (2, 1)
		load: 19.0

	Finished service at time: 89.30000000000001

	Task 74 -> Task 25: 33.84
	Vehicle arrival at task: 123.14000000000001
	Waiting time until service start time: 0.0

	id: 25
		node: 13
		(x, y, z): (37, 79, 3)
		dem: 5
		earl: 0
		lat: 2491
		servt: 10
		pid: 0
		did: 87
		servST: 123.14000000000001
		(h, h_ind): (-1, 0)
		load: 24.0

	Finished service at time: 133.14000000000001

	Task 25 -> Task 100: 39.82
	Vehicle arrival at task: 172.96
	Waiting time until service start time: 0.0

	id: 100
		node: 48
		(x, y, z): (12, 48, 3)
		dem: 4
		earl: 172
		lat: 412
		servt: 10
		pid: 0
		did: 34
		servST: 172.96
		(h, h_ind): (-1, 0)
		load: 28.0

	Finished service at time: 182.96

	Using Machine: 4
		Task 100 -> Machine 4 (Station 4): 59.62
		Vehicle arrival at machine station: 242.58
		Waiting time until machine travel: 0.0

		Machine travel start time: 242.58
		Region 3 -> Region 1: 10.0
		Machine arrival at machine station: 252.58

		Machine 4 (Station 2)-> Task 34: 26.42
		Vehicle arrival at task: 279.0
		Waiting time until service start time: 0.0

	id: 34
		node: 108
		(x, y, z): (44, 58, 1)
		dem: -4
		earl: 39
		lat: 279
		servt: 10
		pid: 100
		did: 0
		servST: 279.0
		(h, h_ind): (4, 3)
		load: 24.0

	Finished service at time: 289.0

	Task 34 -> Task 87: 17.2
	Vehicle arrival at task: 306.2
	Waiting time until service start time: 0.0

	id: 87
		node: 73
		(x, y, z): (34, 72, 1)
		dem: -5
		earl: 0
		lat: 2489
		servt: 10
		pid: 25
		did: 0
		servST: 306.2
		(h, h_ind): (-1, 0)
		load: 19.0

	Finished service at time: 316.2

	Using Machine: 4
		Task 87 -> Machine 4 (Station 2): 33.02
		Vehicle arrival at machine station: 349.21999999999997
		Waiting time until machine travel: 0.0

		Machine travel start time: 349.21999999999997
		Region 1 -> Region 2: 5.0
		Machine arrival at machine station: 354.21999999999997

		Machine 4 (Station 3)-> Task 91: 57.2
		Vehicle arrival at task: 411.41999999999996
		Waiting time until service start time: 16.9

	id: 91
		node: 44
		(x, y, z): (33, 117, 2)
		dem: 20
		earl: 316
		lat: 556
		servt: 10
		pid: 0
		did: 96
		servST: 428.32000000000005
		(h, h_ind): (4, 6)
		load: 39.0

	Finished service at time: 438.32000000000005

	Task 91 -> Task 96: 64.64
	Vehicle arrival at task: 502.96000000000004
	Waiting time until service start time: 0.0

	id: 96
		node: 104
		(x, y, z): (86, 80, 2)
		dem: -20
		earl: 0
		lat: 2507
		servt: 10
		pid: 91
		did: 0
		servST: 502.96000000000004
		(h, h_ind): (-1, 0)
		load: 19.0

	Finished service at time: 512.96

	Using Machine: 5
		Task 96 -> Machine 5 (Station 3): 12.73
		Vehicle arrival at machine station: 525.69
		Waiting time until machine travel: 0.0

		Machine travel start time: 525.69
		Region 2 -> Region 1: 5.0
		Machine arrival at machine station: 530.69

		Machine 5 (Station 2)-> Task 44: 67.08
		Vehicle arrival at task: 597.7700000000001
		Waiting time until service start time: 19.23

	id: 44
		node: 95
		(x, y, z): (137, 101, 1)
		dem: -19
		earl: 617
		lat: 857
		servt: 10
		pid: 74
		did: 0
		servST: 617.0
		(h, h_ind): (5, 4)
		load: 0.0

	Finished service at time: 627.0

	Using Machine: 1
		Task 44 -> Machine 1 (Station 2): 70.68
		Vehicle arrival at machine station: 697.6800000000001
		Waiting time until machine travel: 0.0

		Machine travel start time: 697.6800000000001
		Region 1 -> Region 0: 5.0
		Machine arrival at machine station: 702.6800000000001

		Machine 1 (Station 1)-> Task 0: 3.16
		Vehicle arrival at task: 705.84
		Waiting time until service start time: 0.0

	id: 0
		node: 122
		(x, y, z): (70, 70, 0)
		dem: 0
		earl: 0
		lat: 2535
		servt: 0
		pid: 0
		did: 0
		servST: 705.84
		(h, h_ind): (1, 2)
		load: 0.0


Vehicle 42 :
	id: 0
		node: 1
		(x, y, z): (70, 70, 0)
		dem: 0
		earl: 0
		lat: 2535
		servt: 0
		pid: 0
		did: 0
		servST: 23.130000000000052
		(h, h_ind): (-1, 0)
		load: 0.0

	Finished service at time: 23.130000000000052

	Task 0 -> Task 3: 42.06
	Vehicle arrival at task: 65.19000000000005
	Waiting time until service start time: 0.0

	id: 3
		node: 3
		(x, y, z): (30, 57, 0)
		dem: 20
		earl: 0
		lat: 2483
		servt: 10
		pid: 0
		did: 95
		servST: 65.19000000000005
		(h, h_ind): (-1, 0)
		load: 20.0

	Finished service at time: 75.19000000000005

	Using Machine: 4
		Task 3 -> Machine 4 (Station 1): 39.56
		Vehicle arrival at machine station: 114.75000000000006
		Waiting time until machine travel: 0.0

		Machine travel start time: 114.75000000000006
		Region 0 -> Region 3: 15.0
		Machine arrival at machine station: 129.75000000000006

		Machine 4 (Station 4)-> Task 33: 48.88
		Vehicle arrival at task: 178.63000000000005
		Waiting time until service start time: 0.0

	id: 33
		node: 18
		(x, y, z): (42, 29, 3)
		dem: 12
		earl: 0
		lat: 2476
		servt: 10
		pid: 0
		did: 192
		servST: 178.63000000000005
		(h, h_ind): (4, 2)
		load: 32.0

	Finished service at time: 188.63000000000005

	Task 33 -> Task 65: 57.22
	Vehicle arrival at task: 245.85000000000005
	Waiting time until service start time: 0.0

	id: 65
		node: 32
		(x, y, z): (99, 34, 3)
		dem: 9
		earl: 243
		lat: 483
		servt: 10
		pid: 0
		did: 120
		servST: 245.85000000000005
		(h, h_ind): (-1, 0)
		load: 41.0

	Finished service at time: 255.85000000000005

	Using Machine: 0
		Task 65 -> Machine 0 (Station 4): 46.4
		Vehicle arrival at machine station: 302.25000000000006
		Waiting time until machine travel: 0.0

		Machine travel start time: 302.25000000000006
		Region 3 -> Region 2: 5.0
		Machine arrival at machine station: 307.25000000000006

		Machine 0 (Station 3)-> Task 192: 44.2
		Vehicle arrival at task: 351.45000000000005
		Waiting time until service start time: 0.0

	id: 192
		node: 78
		(x, y, z): (44, 36, 2)
		dem: -12
		earl: 131
		lat: 371
		servt: 10
		pid: 33
		did: 0
		servST: 351.45000000000005
		(h, h_ind): (0, 3)
		load: 29.0

	Finished service at time: 361.45000000000005

	Using Machine: 3
		Task 192 -> Machine 3 (Station 3): 46.75
		Vehicle arrival at machine station: 408.20000000000005
		Waiting time until machine travel: 0.0

		Machine travel start time: 408.20000000000005
		Region 2 -> Region 1: 5.0
		Machine arrival at machine station: 413.20000000000005

		Machine 3 (Station 2)-> Task 95: 54.45
		Vehicle arrival at task: 467.65000000000003
		Waiting time until service start time: 0.0

	id: 95
		node: 63
		(x, y, z): (114, 109, 1)
		dem: -20
		earl: 249
		lat: 489
		servt: 10
		pid: 3
		did: 0
		servST: 467.65000000000003
		(h, h_ind): (3, 5)
		load: 9.0

	Finished service at time: 477.65000000000003

	Using Machine: 5
		Task 95 -> Machine 5 (Station 2): 53.04
		Vehicle arrival at machine station: 530.69
		Waiting time until machine travel: 0.0

		Machine travel start time: 530.69
		Region 1 -> Region 2: 5.0
		Machine arrival at machine station: 535.69

		Machine 5 (Station 3)-> Task 88: 65.19
		Vehicle arrival at task: 600.8800000000001
		Waiting time until service start time: -0.0

	id: 88
		node: 41
		(x, y, z): (120, 22, 2)
		dem: 39
		earl: 396
		lat: 636
		servt: 10
		pid: 0
		did: 122
		servST: 600.88
		(h, h_ind): (5, 5)
		load: 48.0

	Finished service at time: 610.88

	Task 88 -> Task 120: 28.0
	Vehicle arrival at task: 638.88
	Waiting time until service start time: 0.0

	id: 120
		node: 92
		(x, y, z): (92, 22, 2)
		dem: -9
		earl: 0
		lat: 2473
		servt: 10
		pid: 65
		did: 0
		servST: 638.88
		(h, h_ind): (-1, 0)
		load: 39.0

	Finished service at time: 648.88

	Using Machine: 5
		Task 120 -> Machine 5 (Station 3): 51.24
		Vehicle arrival at machine station: 700.12
		Waiting time until machine travel: 0.0

		Machine travel start time: 700.12
		Region 2 -> Region 0: 10.0
		Machine arrival at machine station: 710.12

		Machine 5 (Station 1)-> Task 32: 68.88
		Vehicle arrival at task: 779.0
		Waiting time until service start time: 0.0

	id: 32
		node: 17
		(x, y, z): (121, 124, 0)
		dem: 21
		earl: 539
		lat: 779
		servt: 10
		pid: 0
		did: 127
		servST: 779.0
		(h, h_ind): (5, 7)
		load: 60.0

	Finished service at time: 789.0

	Task 32 -> Task 66: 83.02
	Vehicle arrival at task: 872.02
	Waiting time until service start time: 3.98

	id: 66
		node: 33
		(x, y, z): (38, 122, 0)
		dem: 13
		earl: 876
		lat: 1116
		servt: 10
		pid: 0
		did: 55
		servST: 876.0
		(h, h_ind): (-1, 0)
		load: 73.0

	Finished service at time: 886.0

	Task 66 -> Task 122: 84.5
	Vehicle arrival at task: 970.5
	Waiting time until service start time: 0.0

	id: 122
		node: 101
		(x, y, z): (117, 92, 0)
		dem: -39
		earl: 0
		lat: 2474
		servt: 10
		pid: 88
		did: 0
		servST: 970.5
		(h, h_ind): (-1, 0)
		load: 34.0

	Finished service at time: 980.5

	Using Machine: 5
		Task 122 -> Machine 5 (Station 1): 45.18
		Vehicle arrival at machine station: 1025.68
		Waiting time until machine travel: 0.0

		Machine travel start time: 1025.68
		Region 0 -> Region 1: 5.0
		Machine arrival at machine station: 1030.68

		Machine 5 (Station 2)-> Task 127: 69.84
		Vehicle arrival at task: 1100.52
		Waiting time until service start time: 0.0

	id: 127
		node: 77
		(x, y, z): (138, 105, 1)
		dem: -21
		earl: 0
		lat: 2449
		servt: 10
		pid: 32
		did: 0
		servST: 1100.52
		(h, h_ind): (5, 12)
		load: 13.0

	Finished service at time: 1110.52

	Task 127 -> Task 27: 25.5
	Vehicle arrival at task: 1136.02
	Waiting time until service start time: 0.0

	id: 27
		node: 15
		(x, y, z): (133, 130, 1)
		dem: 13
		earl: 0
		lat: 2438
		servt: 10
		pid: 0
		did: 76
		servST: 1136.02
		(h, h_ind): (-1, 0)
		load: 26.0

	Finished service at time: 1146.02

	Task 27 -> Task 9: 108.17
	Vehicle arrival at task: 1254.19
	Waiting time until service start time: 0.0

	id: 9
		node: 7
		(x, y, z): (107, 25, 1)
		dem: 13
		earl: 1035
		lat: 1275
		servt: 10
		pid: 0
		did: 82
		servST: 1254.19
		(h, h_ind): (-1, 0)
		load: 39.0

	Finished service at time: 1264.19

	Using Machine: 5
		Task 9 -> Machine 5 (Station 2): 54.92
		Vehicle arrival at machine station: 1319.1100000000001
		Waiting time until machine travel: 0.0

		Machine travel start time: 1319.1100000000001
		Region 1 -> Region 0: 5.0
		Machine arrival at machine station: 1324.1100000000001

		Machine 5 (Station 1)-> Task 114: 65.22
		Vehicle arrival at task: 1389.3300000000002
		Waiting time until service start time: 0.0

	id: 114
		node: 56
		(x, y, z): (115, 124, 0)
		dem: 11
		earl: 0
		lat: 2455
		servt: 10
		pid: 0
		did: 63
		servST: 1389.3300000000002
		(h, h_ind): (5, 15)
		load: 50.0

	Finished service at time: 1399.3300000000002

	Task 114 -> Task 55: 47.51
	Vehicle arrival at task: 1446.8400000000001
	Waiting time until service start time: 0.0

	id: 55
		node: 93
		(x, y, z): (84, 88, 0)
		dem: -13
		earl: 1365
		lat: 1605
		servt: 10
		pid: 66
		did: 0
		servST: 1446.8400000000001
		(h, h_ind): (-1, 0)
		load: 37.0

	Finished service at time: 1456.8400000000001

	Using Machine: 4
		Task 55 -> Machine 4 (Station 1): 24.04
		Vehicle arrival at machine station: 1480.88
		Waiting time until machine travel: 0.0

		Machine travel start time: 1480.88
		Region 0 -> Region 3: 15.0
		Machine arrival at machine station: 1495.88

		Machine 4 (Station 4)-> Task 76: 77.9
		Vehicle arrival at task: 1573.7800000000002
		Waiting time until service start time: 0.0

	id: 76
		node: 75
		(x, y, z): (9, 19, 3)
		dem: -13
		earl: 1431
		lat: 1671
		servt: 10
		pid: 27
		did: 0
		servST: 1573.7800000000002
		(h, h_ind): (4, 16)
		load: 24.0

	Finished service at time: 1583.7800000000002

	Task 76 -> Task 82: 44.2
	Vehicle arrival at task: 1627.9800000000002
	Waiting time until service start time: 0.0

	id: 82
		node: 67
		(x, y, z): (36, 54, 3)
		dem: -13
		earl: 1428
		lat: 1668
		servt: 10
		pid: 9
		did: 0
		servST: 1627.9800000000002
		(h, h_ind): (-1, 0)
		load: 11.0

	Finished service at time: 1637.9800000000002

	Using Machine: 4
		Task 82 -> Machine 4 (Station 4): 35.36
		Vehicle arrival at machine station: 1673.3400000000001
		Waiting time until machine travel: 0.0

		Machine travel start time: 1673.3400000000001
		Region 3 -> Region 2: 5.0
		Machine arrival at machine station: 1678.3400000000001

		Machine 4 (Station 3)-> Task 63: 39.82
		Vehicle arrival at task: 1718.16
		Waiting time until service start time: 0.0

	id: 63
		node: 116
		(x, y, z): (32, 52, 2)
		dem: -11
		earl: 0
		lat: 2483
		servt: 10
		pid: 114
		did: 0
		servST: 1718.16
		(h, h_ind): (4, 18)
		load: 0.0

	Finished service at time: 1728.16

	Using Machine: 4
		Task 63 -> Machine 4 (Station 3): 39.82
		Vehicle arrival at machine station: 1767.98
		Waiting time until machine travel: 0.0

		Machine travel start time: 1767.98
		Region 2 -> Region 0: 10.0
		Machine arrival at machine station: 1777.98

		Machine 4 (Station 1)-> Task 0: 3.16
		Vehicle arrival at task: 1781.14
		Waiting time until service start time: 0.0

	id: 0
		node: 122
		(x, y, z): (70, 70, 0)
		dem: 0
		earl: 0
		lat: 2535
		servt: 0
		pid: 0
		did: 0
		servST: 1781.14
		(h, h_ind): (4, 21)
		load: 0.0


---------------------| MACHINES |---------------------

Machine 0 :
	setup duration: 0.0

	vehicle: 12
	vehicleInd: 2
	(orig, dest): (0, 81)
	(origRegion, destRegion): (0, 2)
	st: 21.010000000000645
	duration: 10.0

	setup duration: 5.0

	vehicle: 6
	vehicleInd: 4
	(orig, dest): (136, 0)
	(origRegion, destRegion): (1, 0)
	st: 170.26
	duration: 5.0

	setup duration: 15.0

	vehicle: 42
	vehicleInd: 5
	(orig, dest): (65, 192)
	(origRegion, destRegion): (3, 2)
	st: 302.25000000000006
	duration: 5.0

	setup duration: 0.0

	vehicle: 9
	vehicleInd: 24
	(orig, dest): (85, 0)
	(origRegion, destRegion): (2, 0)
	st: 2014.0
	duration: 10.0


Machine 1 :
	setup duration: 0.0

	vehicle: 28
	vehicleInd: 2
	(orig, dest): (0, 47)
	(origRegion, destRegion): (0, 3)
	st: 102.09
	duration: 15.0

	setup duration: 10.0

	vehicle: 40
	vehicleInd: 10
	(orig, dest): (44, 0)
	(origRegion, destRegion): (1, 0)
	st: 697.6800000000001
	duration: 5.0


Machine 2 :
	setup duration: 0.0

	vehicle: 40
	vehicleInd: 2
	(orig, dest): (0, 74)
	(origRegion, destRegion): (0, 3)
	st: 32.41000000000001
	duration: 15.0

	setup duration: 5.0

	vehicle: 12
	vehicleInd: 4
	(orig, dest): (77, 83)
	(origRegion, destRegion): (2, 0)
	st: 192.38000000000068
	duration: 10.0

	setup duration: 15.0

	vehicle: 19
	vehicleInd: 19
	(orig, dest): (198, 58)
	(origRegion, destRegion): (3, 2)
	st: 1384.4099999999999
	duration: 5.0

	setup duration: 0.0

	vehicle: 19
	vehicleInd: 21
	(orig, dest): (2, 109)
	(origRegion, destRegion): (2, 3)
	st: 1575.2799999999997
	duration: 5.0

	setup duration: 0.0

	vehicle: 19
	vehicleInd: 22
	(orig, dest): (109, 108)
	(origRegion, destRegion): (3, 1)
	st: 1692.2999999999997
	duration: 10.0

	setup duration: 5.0

	vehicle: 28
	vehicleInd: 22
	(orig, dest): (164, 0)
	(origRegion, destRegion): (2, 0)
	st: 1888.26
	duration: 10.0

	setup duration: 10.0

	vehicle: 12
	vehicleInd: 26
	(orig, dest): (171, 0)
	(origRegion, destRegion): (2, 0)
	st: 2020.43
	duration: 10.0


Machine 3 :
	setup duration: 0.0

	vehicle: 9
	vehicleInd: 2
	(orig, dest): (0, 18)
	(origRegion, destRegion): (0, 3)
	st: 60.729999999999905
	duration: 15.0

	setup duration: 0.0

	vehicle: 9
	vehicleInd: 3
	(orig, dest): (18, 80)
	(origRegion, destRegion): (3, 1)
	st: 93.96999999999991
	duration: 10.0

	setup duration: 5.0

	vehicle: 19
	vehicleInd: 4
	(orig, dest): (43, 111)
	(origRegion, destRegion): (0, 2)
	st: 159.25
	duration: 10.0

	setup duration: 0.0

	vehicle: 28
	vehicleInd: 4
	(orig, dest): (99, 116)
	(origRegion, destRegion): (2, 3)
	st: 230.86
	duration: 5.0

	setup duration: 5.0

	vehicle: 42
	vehicleInd: 6
	(orig, dest): (192, 95)
	(origRegion, destRegion): (2, 1)
	st: 408.20000000000005
	duration: 5.0

	setup duration: 0.0

	vehicle: 19
	vehicleInd: 10
	(orig, dest): (6, 11)
	(origRegion, destRegion): (1, 2)
	st: 610.22
	duration: 5.0

	setup duration: 0.0

	vehicle: 19
	vehicleInd: 12
	(orig, dest): (45, 78)
	(origRegion, destRegion): (2, 3)
	st: 802.02
	duration: 5.0

	setup duration: 15.0

	vehicle: 9
	vehicleInd: 16
	(orig, dest): (138, 89)
	(origRegion, destRegion): (0, 2)
	st: 1222.7099999999998
	duration: 10.0

	setup duration: 5.0

	vehicle: 9
	vehicleInd: 19
	(orig, dest): (22, 173)
	(origRegion, destRegion): (3, 0)
	st: 1518.37
	duration: 15.0


Machine 4 :
	setup duration: 0.0

	vehicle: 6
	vehicleInd: 2
	(orig, dest): (0, 8)
	(origRegion, destRegion): (0, 1)
	st: 3.16
	duration: 5.0

	setup duration: 5.0

	vehicle: 42
	vehicleInd: 3
	(orig, dest): (3, 33)
	(origRegion, destRegion): (0, 3)
	st: 114.75000000000006
	duration: 15.0

	setup duration: 0.0

	vehicle: 40
	vehicleInd: 5
	(orig, dest): (100, 34)
	(origRegion, destRegion): (3, 1)
	st: 242.58
	duration: 10.0

	setup duration: 5.0

	vehicle: 19
	vehicleInd: 7
	(orig, dest): (41, 163)
	(origRegion, destRegion): (2, 1)
	st: 286.8
	duration: 5.0

	setup duration: 5.0

	vehicle: 12
	vehicleInd: 5
	(orig, dest): (83, 36)
	(origRegion, destRegion): (0, 1)
	st: 324.5400000000007
	duration: 5.0

	setup duration: 0.0

	vehicle: 40
	vehicleInd: 7
	(orig, dest): (87, 91)
	(origRegion, destRegion): (1, 2)
	st: 349.21999999999997
	duration: 5.0

	setup duration: 5.0

	vehicle: 28
	vehicleInd: 7
	(orig, dest): (15, 14)
	(origRegion, destRegion): (1, 0)
	st: 613.8100000000001
	duration: 5.0

	setup duration: 0.0

	vehicle: 9
	vehicleInd: 11
	(orig, dest): (64, 79)
	(origRegion, destRegion): (0, 2)
	st: 734.8399999999999
	duration: 10.0

	setup duration: 0.0

	vehicle: 9
	vehicleInd: 13
	(orig, dest): (123, 124)
	(origRegion, destRegion): (2, 3)
	st: 910.0299999999999
	duration: 5.0

	setup duration: 5.0

	vehicle: 19
	vehicleInd: 16
	(orig, dest): (5, 158)
	(origRegion, destRegion): (2, 3)
	st: 1103.27
	duration: 5.0

	setup duration: 0.0

	vehicle: 9
	vehicleInd: 15
	(orig, dest): (30, 138)
	(origRegion, destRegion): (3, 0)
	st: 1116.8899999999999
	duration: 15.0

	setup duration: 0.0

	vehicle: 28
	vehicleInd: 12
	(orig, dest): (4, 49)
	(origRegion, destRegion): (0, 2)
	st: 1133.9
	duration: 10.0

	setup duration: 0.0

	vehicle: 28
	vehicleInd: 13
	(orig, dest): (49, 17)
	(origRegion, destRegion): (2, 3)
	st: 1257.6800000000003
	duration: 5.0

	setup duration: 5.0

	vehicle: 9
	vehicleInd: 17
	(orig, dest): (89, 106)
	(origRegion, destRegion): (2, 3)
	st: 1320.8699999999997
	duration: 5.0

	setup duration: 0.0

	vehicle: 28
	vehicleInd: 14
	(orig, dest): (17, 93)
	(origRegion, destRegion): (3, 1)
	st: 1364.8200000000002
	duration: 10.0

	setup duration: 5.0

	vehicle: 42
	vehicleInd: 17
	(orig, dest): (55, 76)
	(origRegion, destRegion): (0, 3)
	st: 1480.88
	duration: 15.0

	setup duration: 10.0

	vehicle: 28
	vehicleInd: 16
	(orig, dest): (189, 113)
	(origRegion, destRegion): (1, 3)
	st: 1573.15
	duration: 10.0

	setup duration: 0.0

	vehicle: 42
	vehicleInd: 19
	(orig, dest): (82, 63)
	(origRegion, destRegion): (3, 2)
	st: 1673.3400000000001
	duration: 5.0

	setup duration: 5.0

	vehicle: 28
	vehicleInd: 18
	(orig, dest): (12, 70)
	(origRegion, destRegion): (3, 2)
	st: 1697.72
	duration: 5.0

	setup duration: 10.0

	vehicle: 9
	vehicleInd: 21
	(orig, dest): (105, 54)
	(origRegion, destRegion): (0, 2)
	st: 1719.61
	duration: 10.0

	setup duration: 0.0

	vehicle: 42
	vehicleInd: 20
	(orig, dest): (63, 0)
	(origRegion, destRegion): (2, 0)
	st: 1767.98
	duration: 10.0

	setup duration: 5.0

	vehicle: 19
	vehicleInd: 24
	(orig, dest): (10, 53)
	(origRegion, destRegion): (1, 0)
	st: 2001.5799999999997
	duration: 5.0


Machine 5 :
	setup duration: 15.0

	vehicle: 28
	vehicleInd: 3
	(orig, dest): (47, 99)
	(origRegion, destRegion): (3, 2)
	st: 188.97
	duration: 5.0

	setup duration: 5.0

	vehicle: 9
	vehicleInd: 6
	(orig, dest): (119, 61)
	(origRegion, destRegion): (1, 0)
	st: 238.0199999999999
	duration: 5.0

	setup duration: 15.0

	vehicle: 28
	vehicleInd: 6
	(orig, dest): (31, 15)
	(origRegion, destRegion): (3, 1)
	st: 411.23
	duration: 10.0

	setup duration: 5.0

	vehicle: 40
	vehicleInd: 9
	(orig, dest): (96, 44)
	(origRegion, destRegion): (2, 1)
	st: 525.69
	duration: 5.0

	setup duration: 0.0

	vehicle: 42
	vehicleInd: 7
	(orig, dest): (95, 88)
	(origRegion, destRegion): (1, 2)
	st: 530.69
	duration: 5.0

	setup duration: 5.0

	vehicle: 12
	vehicleInd: 9
	(orig, dest): (60, 40)
	(origRegion, destRegion): (1, 2)
	st: 598.9400000000007
	duration: 5.0

	setup duration: 0.0

	vehicle: 42
	vehicleInd: 9
	(orig, dest): (120, 32)
	(origRegion, destRegion): (2, 0)
	st: 700.12
	duration: 10.0

	setup duration: 10.0

	vehicle: 12
	vehicleInd: 11
	(orig, dest): (38, 19)
	(origRegion, destRegion): (2, 3)
	st: 789.7800000000008
	duration: 5.0

	setup duration: 0.0

	vehicle: 19
	vehicleInd: 13
	(orig, dest): (78, 191)
	(origRegion, destRegion): (3, 2)
	st: 867.4200000000001
	duration: 5.0

	setup duration: 5.0

	vehicle: 12
	vehicleInd: 12
	(orig, dest): (19, 72)
	(origRegion, destRegion): (3, 2)
	st: 899.6400000000007
	duration: 5.0

	setup duration: 0.0

	vehicle: 12
	vehicleInd: 13
	(orig, dest): (72, 115)
	(origRegion, destRegion): (2, 3)
	st: 1001.4800000000006
	duration: 5.0

	setup duration: 15.0

	vehicle: 42
	vehicleInd: 12
	(orig, dest): (122, 127)
	(origRegion, destRegion): (0, 1)
	st: 1025.68
	duration: 5.0

	setup duration: 10.0

	vehicle: 12
	vehicleInd: 14
	(orig, dest): (115, 71)
	(origRegion, destRegion): (3, 1)
	st: 1054.2200000000005
	duration: 10.0

	setup duration: 0.0

	vehicle: 12
	vehicleInd: 16
	(orig, dest): (37, 13)
	(origRegion, destRegion): (1, 3)
	st: 1280.5600000000004
	duration: 10.0

	setup duration: 10.0

	vehicle: 42
	vehicleInd: 15
	(orig, dest): (9, 114)
	(origRegion, destRegion): (1, 0)
	st: 1319.1100000000001
	duration: 5.0

	setup duration: 15.0

	vehicle: 12
	vehicleInd: 23
	(orig, dest): (75, 52)
	(origRegion, destRegion): (3, 2)
	st: 1856.8300000000002
	duration: 5.0


-------------------| COMPL. TIMES |-------------------

Vehicle 0 : 0.0
Vehicle 1 : 0.0
Vehicle 2 : 0.0
Vehicle 3 : 0.0
Vehicle 4 : 0.0
Vehicle 5 : 0.0
Vehicle 6 : 176.67
Vehicle 7 : 0.0
Vehicle 8 : 0.0
Vehicle 9 : 1969.7800000000002
Vehicle 10 : 0.0
Vehicle 11 : 0.0
Vehicle 12 : 2012.2399999999996
Vehicle 13 : 0.0
Vehicle 14 : 0.0
Vehicle 15 : 0.0
Vehicle 16 : 0.0
Vehicle 17 : 0.0
Vehicle 18 : 0.0
Vehicle 19 : 2217.5899999999997
Vehicle 20 : 0.0
Vehicle 21 : 0.0
Vehicle 22 : 0.0
Vehicle 23 : 0.0
Vehicle 24 : 0.0
Vehicle 25 : 0.0
Vehicle 26 : 0.0
Vehicle 27 : 0.0
Vehicle 28 : 1800.74
Vehicle 29 : 0.0
Vehicle 30 : 0.0
Vehicle 31 : 0.0
Vehicle 32 : 0.0
Vehicle 33 : 0.0
Vehicle 34 : 0.0
Vehicle 35 : 0.0
Vehicle 36 : 0.0
Vehicle 37 : 0.0
Vehicle 38 : 0.0
Vehicle 39 : 0.0
Vehicle 40 : 674.84
Vehicle 41 : 0.0
Vehicle 42 : 1758.01
Vehicle 43 : 0.0
Vehicle 44 : 0.0
Vehicle 45 : 0.0
Vehicle 46 : 0.0
Vehicle 47 : 0.0
Vehicle 48 : 0.0
Vehicle 49 : 0.0
Vehicle 50 : 0.0
Vehicle 51 : 0.0
Vehicle 52 : 0.0
Vehicle 53 : 0.0
Vehicle 54 : 0.0
Vehicle 55 : 0.0
Vehicle 56 : 0.0
Vehicle 57 : 0.0
Vehicle 58 : 0.0
Vehicle 59 : 0.0
-------------------| STATISTICS |-------------------

    Vehicles used                           : 11.6667
    Machines used                           : 100.0
    Max load (vehicles)                     : 100.0
    Min load (vehicles)                     : 28.2051
    Mean load (vehicles)                    : 78.2967
    Min completion time                     : 6.9692
    Max completion time                     : 87.4789
    Mean completion time                    : 59.7908
    Avrg travel time (with vehicle)         : 4.8652
    Avrg travel time (only with vehicle)    : 3.0901
    Avrg travel time (no vehicle)           : 1.7751
    Avrg waiting time (machine travel)      : 0.0
    Avrg waiting time (service)             : 0.4761
    Machines travel times (with vehicle)    : [1.9724, 1.1834, 3.9448, 4.3393, 9.4675, 8.284]
    Machines travel times (no vehicle)      : [0.789, 0.3945, 1.3807, 1.1834, 2.5641, 4.3393]
    Max load per vehicle                    : [0.0, 0.0, 0.0, 0.0, 0.0, 0.0, 28.2051, 0.0, 0.0, 97.4359, 0.0, 0.0, 94.2308, 0.0, 0.0, 0.0, 0.0, 0.0, 0.0, 100.0, 0.0, 0.0, 0.0, 0.0, 0.0, 0.0, 0.0, 0.0, 84.6154, 0.0, 0.0, 0.0, 0.0, 0.0, 0.0, 0.0, 0.0, 0.0, 0.0, 0.0, 50.0, 0.0, 93.5897, 0.0, 0.0, 0.0, 0.0, 0.0, 0.0, 0.0, 0.0, 0.0, 0.0, 0.0, 0.0, 0.0, 0.0, 0.0, 0.0, 0.0]

----------------------------------------------------

TOTAL: 10609.869999999999

Everything is awesome!
