Set parameter WLSAccessID
Set parameter WLSSecret
Set parameter LicenseID to value 2661775
Academic license 2661775 - for non-commercial use only - registered to me___@dcc.ufba.br
Loading line 2: methodType heur
Loading line 3: methodCode mslp
Loading line 4: seed 0
Loading line 5: threads 1
Loading line 6: greedy_service_order random
Loading line 7: outputFlagGrbMSLP 0
Loading line 8: mslpa 60000
Loading line 9: mslpr I
Loading line 10: maxtime 3600
Loading line 11: output ./logs/
Loading line 12: printsol 1
Loading line 13: solverMethod A
Loading line 14: alpha 0.05 # selected from preliminary experiments
Instance: LR1_2_5_t1_40R_40V_04I_06M

[05:15:45.395] Running Data.readData with file /dados/rmelo/PDPTW-SE/benchmark_multi_island_v5/official_experiments/multistartlp/official/set_01_pt_01/../../../../instances/orig_ams_fg/40R_40V_04I_06M/t1/LR1_2_5/
vehicles: Vehicle[Vehicle(0, 58), Vehicle(1, 72), Vehicle(2, 86), Vehicle(3, 86), Vehicle(4, 58), Vehicle(5, 72), Vehicle(6, 72), Vehicle(7, 86), Vehicle(8, 58), Vehicle(9, 58), Vehicle(10, 86), Vehicle(11, 72), Vehicle(12, 72), Vehicle(13, 86), Vehicle(14, 72), Vehicle(15, 86), Vehicle(16, 86), Vehicle(17, 72), Vehicle(18, 72), Vehicle(19, 72), Vehicle(20, 58), Vehicle(21, 72), Vehicle(22, 86), Vehicle(23, 58), Vehicle(24, 86), Vehicle(25, 86), Vehicle(26, 72), Vehicle(27, 58), Vehicle(28, 58), Vehicle(29, 72), Vehicle(30, 72), Vehicle(31, 86), Vehicle(32, 86), Vehicle(33, 86), Vehicle(34, 58), Vehicle(35, 72), Vehicle(36, 86), Vehicle(37, 86), Vehicle(38, 86), Vehicle(39, 86)]
vehicle_types: Vehicle[Vehicle(0, 58), Vehicle(1, 72), Vehicle(2, 86)]
Machine[Machine(0, Point[Point(69, 72, 0), Point(84, 39, 1), Point(56, 79, 2), Point(60, 55, 3)], 1.0), Machine(1, Point[Point(69, 73, 0), Point(84, 38, 1), Point(55, 79, 2), Point(58, 57, 3)], 1.0), Machine(2, Point[Point(73, 70, 0), Point(83, 38, 1), Point(55, 78, 2), Point(57, 57, 3)], 1.0), Machine(3, Point[Point(69, 74, 0), Point(88, 41, 1), Point(53, 78, 2), Point(60, 53, 3)], 1.0), Machine(4, Point[Point(68, 75, 0), Point(89, 42, 1), Point(53, 77, 2), Point(56, 57, 3)], 1.0), Machine(5, Point[Point(75, 70, 0), Point(90, 43, 1), Point(52, 77, 2), Point(60, 52, 3)], 1.0)]
refs: [1, 2, 3, 4, 5, 7, 9, 10, 11, 12, 13, 14, 15, 16, 17, 19, 23, 24, 25, 26, 27, 30, 31, 32, 33, 34, 37, 38, 40, 41, 42, 43, 45, 48, 50, 51, 52, 53, 54, 55, 57, 66, 35, 6, 68, 72, 44, 46, 59, 63, 39, 36, 67, 61, 73, 18, 20, 80, 47, 8, 78, 74, 65, 58, 69, 64, 21, 81, 77, 28, 62, 56, 60, 70, 71, 49, 76, 79, 75, 22, 29, 1]
V: [1, 2, 3, 4, 5, 6, 7, 8, 9, 10, 11, 12, 13, 14, 15, 16, 17, 18, 19, 20, 21, 22, 23, 24, 25, 26, 27, 28, 29, 30, 31, 32, 33, 34, 35, 36, 37, 38, 39, 40, 41, 42, 43, 44, 45, 46, 47, 48, 49, 50, 51, 52, 53, 54, 55, 56, 57, 58, 59, 60, 61, 62, 63, 64, 65, 66, 67, 68, 69, 70, 71, 72, 73, 74, 75, 76, 77, 78, 79, 80, 81]
V_p: [2, 3, 4, 5, 6, 7, 8, 9, 10, 11, 12, 13, 14, 15, 16, 17, 18, 19, 20, 21, 22, 23, 24, 25, 26, 27, 28, 29, 30, 31, 32, 33, 34, 35, 36, 37, 38, 39, 40, 41]
V_d: [42, 43, 44, 45, 46, 47, 48, 49, 50, 51, 52, 53, 54, 55, 56, 57, 58, 59, 60, 61, 62, 63, 64, 65, 66, 67, 68, 69, 70, 71, 72, 73, 74, 75, 76, 77, 78, 79, 80, 81]
Vprime: [1, 2, 3, 4, 5, 6, 7, 8, 9, 10, 11, 12, 13, 14, 15, 16, 17, 18, 19, 20, 21, 22, 23, 24, 25, 26, 27, 28, 29, 30, 31, 32, 33, 34, 35, 36, 37, 38, 39, 40, 41, 42, 43, 44, 45, 46, 47, 48, 49, 50, 51, 52, 53, 54, 55, 56, 57, 58, 59, 60, 61, 62, 63, 64, 65, 66, 67, 68, 69, 70, 71, 72, 73, 74, 75, 76, 77, 78, 79, 80, 81, 82]
V: [1, 2, 3, 4, 5, 6, 7, 8, 9, 10, 11, 12, 13, 14, 15, 16, 17, 18, 19, 20, 21, 22, 23, 24, 25, 26, 27, 28, 29, 30, 31, 32, 33, 34, 35, 36, 37, 38, 39, 40, 41, 42, 43, 44, 45, 46, 47, 48, 49, 50, 51, 52, 53, 54, 55, 56, 57, 58, 59, 60, 61, 62, 63, 64, 65, 66, 67, 68, 69, 70, 71, 72, 73, 74, 75, 76, 77, 78, 79, 80, 81]
q: [0, 34, 8, 39, 19, 22, 23, 18, 16, 15, 13, 13, 11, 7, 43, 18, 9, 12, 7, 18, 33, 17, 15, 9, 30, 17, 25, 18, 23, 9, 31, 24, 9, 12, 1, 36, 17, 23, 20, 32, 16, -34, -8, -39, -19, -22, -23, -18, -16, -15, -13, -13, -11, -7, -43, -18, -9, -12, -7, -18, -33, -17, -15, -9, -30, -17, -25, -18, -23, -9, -31, -24, -9, -12, -1, -36, -17, -23, -20, -32, -16, 0]
H: [1, 2, 3, 4, 5, 6]
f: [[1, 1, 1, 1, 1, 1], [1, 1, 1, 1, 1, 1], [1, 1, 1, 1, 1, 1], [2, 2, 2, 2, 2, 2], [4, 4, 4, 4, 4, 4], [2, 2, 2, 2, 2, 2], [3, 3, 3, 3, 3, 3], [2, 2, 2, 2, 2, 2], [3, 3, 3, 3, 3, 3], [2, 2, 2, 2, 2, 2], [4, 4, 4, 4, 4, 4], [2, 2, 2, 2, 2, 2], [3, 3, 3, 3, 3, 3], [3, 3, 3, 3, 3, 3], [2, 2, 2, 2, 2, 2], [3, 3, 3, 3, 3, 3], [3, 3, 3, 3, 3, 3], [4, 4, 4, 4, 4, 4], [1, 1, 1, 1, 1, 1], [2, 2, 2, 2, 2, 2], [3, 3, 3, 3, 3, 3], [2, 2, 2, 2, 2, 2], [4, 4, 4, 4, 4, 4], [2, 2, 2, 2, 2, 2], [4, 4, 4, 4, 4, 4], [3, 3, 3, 3, 3, 3], [2, 2, 2, 2, 2, 2], [1, 1, 1, 1, 1, 1], [2, 2, 2, 2, 2, 2], [4, 4, 4, 4, 4, 4], [3, 3, 3, 3, 3, 3], [3, 3, 3, 3, 3, 3], [1, 1, 1, 1, 1, 1], [2, 2, 2, 2, 2, 2], [2, 2, 2, 2, 2, 2], [2, 2, 2, 2, 2, 2], [1, 1, 1, 1, 1, 1], [4, 4, 4, 4, 4, 4], [4, 4, 4, 4, 4, 4], [1, 1, 1, 1, 1, 1], [1, 1, 1, 1, 1, 1], [1, 1, 1, 1, 1, 1], [1, 1, 1, 1, 1, 1], [2, 2, 2, 2, 2, 2], [4, 4, 4, 4, 4, 4], [2, 2, 2, 2, 2, 2], [1, 1, 1, 1, 1, 1], [2, 2, 2, 2, 2, 2], [3, 3, 3, 3, 3, 3], [1, 1, 1, 1, 1, 1], [4, 4, 4, 4, 4, 4], [2, 2, 2, 2, 2, 2], [3, 3, 3, 3, 3, 3], [3, 3, 3, 3, 3, 3], [1, 1, 1, 1, 1, 1], [3, 3, 3, 3, 3, 3], [1, 1, 1, 1, 1, 1], [4, 4, 4, 4, 4, 4], [3, 3, 3, 3, 3, 3], [4, 4, 4, 4, 4, 4], [3, 3, 3, 3, 3, 3], [2, 2, 2, 2, 2, 2], [3, 3, 3, 3, 3, 3], [2, 2, 2, 2, 2, 2], [3, 3, 3, 3, 3, 3], [3, 3, 3, 3, 3, 3], [2, 2, 2, 2, 2, 2], [1, 1, 1, 1, 1, 1], [2, 2, 2, 2, 2, 2], [3, 3, 3, 3, 3, 3], [3, 3, 3, 3, 3, 3], [3, 3, 3, 3, 3, 3], [3, 3, 3, 3, 3, 3], [2, 2, 2, 2, 2, 2], [2, 2, 2, 2, 2, 2], [2, 2, 2, 2, 2, 2], [1, 1, 1, 1, 1, 1], [4, 4, 4, 4, 4, 4], [4, 4, 4, 4, 4, 4], [1, 1, 1, 1, 1, 1], [1, 1, 1, 1, 1, 1], [1, 1, 1, 1, 1, 1]]
1 1 1 -> 0.0
1 2 1 -> 36.25
1 3 1 -> 14.76
1 4 1 -> 19.24
2 1 1 -> 36.25
2 2 1 -> 0.0
2 3 1 -> 48.83
2 4 1 -> 28.84
3 1 1 -> 14.76
3 2 1 -> 48.83
3 3 1 -> 0.0
3 4 1 -> 24.33
4 1 1 -> 19.24
4 2 1 -> 28.84
4 3 1 -> 24.33
4 4 1 -> 0.0
1 1 2 -> 0.0
1 2 2 -> 38.08
1 3 2 -> 15.23
1 4 2 -> 19.42
2 1 2 -> 38.08
2 2 2 -> 0.0
2 3 2 -> 50.22
2 4 2 -> 32.2
3 1 2 -> 15.23
3 2 2 -> 50.22
3 3 2 -> 0.0
3 4 2 -> 22.2
4 1 2 -> 19.42
4 2 2 -> 32.2
4 3 2 -> 22.2
4 4 2 -> 0.0
1 1 3 -> 0.0
1 2 3 -> 33.53
1 3 3 -> 19.7
1 4 3 -> 20.62
2 1 3 -> 33.53
2 2 3 -> 0.0
2 3 3 -> 48.83
2 4 3 -> 32.2
3 1 3 -> 19.7
3 2 3 -> 48.83
3 3 3 -> 0.0
3 4 3 -> 21.1
4 1 3 -> 20.62
4 2 3 -> 32.2
4 3 3 -> 21.1
4 4 3 -> 0.0
1 1 4 -> 0.0
1 2 4 -> 38.08
1 3 4 -> 16.49
1 4 4 -> 22.85
2 1 4 -> 38.08
2 2 4 -> 0.0
2 3 4 -> 50.93
2 4 4 -> 30.46
3 1 4 -> 16.49
3 2 4 -> 50.93
3 3 4 -> 0.0
3 4 4 -> 25.96
4 1 4 -> 22.85
4 2 4 -> 30.46
4 3 4 -> 25.96
4 4 4 -> 0.0
1 1 5 -> 0.0
1 2 5 -> 39.12
1 3 5 -> 15.13
1 4 5 -> 21.63
2 1 5 -> 39.12
2 2 5 -> 0.0
2 3 5 -> 50.21
2 4 5 -> 36.25
3 1 5 -> 15.13
3 2 5 -> 50.21
3 3 5 -> 0.0
3 4 5 -> 20.22
4 1 5 -> 21.63
4 2 5 -> 36.25
4 3 5 -> 20.22
4 4 5 -> 0.0
1 1 6 -> 0.0
1 2 6 -> 30.89
1 3 6 -> 24.04
1 4 6 -> 23.43
2 1 6 -> 30.89
2 2 6 -> 0.0
2 3 6 -> 50.99
2 4 6 -> 31.32
3 1 6 -> 24.04
3 2 6 -> 50.99
3 3 6 -> 0.0
3 4 6 -> 26.25
4 1 6 -> 23.43
4 2 6 -> 31.32
4 3 6 -> 26.25
4 4 6 -> 0.0
o: (1, 2, 3) => 33.53
o: (3, 1, 3) => 19.7
o: (1, 3, 5) => 15.13
o: (3, 2, 4) => 50.93
o: (1, 4, 5) => 21.63
o: (4, 3, 6) => 26.25
o: (4, 4, 6) => 0.0
o: (3, 2, 3) => 48.83
o: (3, 3, 5) => 0.0
o: (2, 1, 1) => 36.25
o: (3, 4, 5) => 20.22
o: (1, 3, 2) => 15.23
o: (1, 4, 2) => 19.42
o: (4, 3, 4) => 25.96
o: (2, 2, 1) => 0.0
o: (4, 4, 4) => 0.0
o: (3, 3, 2) => 0.0
o: (3, 4, 2) => 22.2
o: (4, 3, 3) => 21.1
o: (4, 4, 3) => 0.0
o: (1, 1, 5) => 0.0
o: (4, 1, 6) => 23.43
o: (1, 2, 5) => 39.12
o: (3, 1, 5) => 15.13
o: (1, 3, 1) => 14.76
o: (4, 2, 6) => 31.32
o: (1, 1, 2) => 0.0
o: (1, 4, 1) => 19.24
o: (2, 3, 6) => 50.99
o: (4, 1, 4) => 22.85
o: (3, 2, 5) => 50.21
o: (2, 4, 6) => 31.32
o: (3, 3, 1) => 0.0
o: (1, 2, 2) => 38.08
o: (3, 1, 2) => 15.23
o: (3, 4, 1) => 24.33
o: (4, 1, 3) => 20.62
o: (4, 2, 4) => 30.46
o: (3, 2, 2) => 50.22
o: (2, 3, 4) => 50.93
o: (4, 2, 3) => 32.2
o: (2, 4, 4) => 30.46
o: (4, 3, 5) => 20.22
o: (4, 4, 5) => 0.0
o: (1, 1, 1) => 0.0
o: (2, 3, 3) => 48.83
o: (2, 4, 3) => 32.2
o: (2, 1, 6) => 30.89
o: (4, 3, 2) => 22.2
o: (1, 2, 1) => 36.25
o: (3, 1, 1) => 14.76
o: (4, 4, 2) => 0.0
o: (2, 2, 6) => 0.0
o: (3, 2, 1) => 48.83
o: (2, 1, 4) => 38.08
o: (4, 1, 5) => 21.63
o: (2, 1, 3) => 33.53
o: (2, 2, 4) => 0.0
o: (4, 2, 5) => 36.25
o: (4, 3, 1) => 24.33
o: (1, 3, 6) => 24.04
o: (4, 1, 2) => 19.42
o: (4, 4, 1) => 0.0
o: (2, 2, 3) => 0.0
o: (2, 3, 5) => 50.21
o: (1, 4, 6) => 23.43
o: (2, 4, 5) => 36.25
o: (3, 3, 6) => 0.0
o: (4, 2, 2) => 32.2
o: (3, 4, 6) => 26.25
o: (1, 3, 4) => 16.49
o: (2, 3, 2) => 50.22
o: (1, 4, 4) => 22.85
o: (2, 4, 2) => 32.2
o: (1, 3, 3) => 19.7
o: (3, 3, 4) => 0.0
o: (1, 4, 3) => 20.62
o: (3, 4, 4) => 25.96
o: (4, 1, 1) => 19.24
o: (1, 1, 6) => 0.0
o: (2, 1, 5) => 39.12
o: (3, 3, 3) => 0.0
o: (3, 4, 3) => 21.1
o: (4, 2, 1) => 28.84
o: (1, 2, 6) => 30.89
o: (3, 1, 6) => 24.04
o: (2, 2, 5) => 0.0
o: (2, 3, 1) => 48.83
o: (1, 1, 4) => 0.0
o: (2, 1, 2) => 38.08
o: (2, 4, 1) => 28.84
o: (3, 2, 6) => 50.99
o: (1, 1, 3) => 0.0
o: (1, 2, 4) => 38.08
o: (2, 2, 2) => 0.0
o: (3, 1, 4) => 16.49

[130, 826, 816, 724, 714, 765, 737, 52]
JOBS in the order of refs (Vprime)
Node 1: Job(0, Point(70, 70, 0), 0, 0, 634, 0, 0, 0)
Node 2: Job(1, Point(107, 77, 0), 34, 37, 67, 10, 0, 113)
Node 3: Job(2, Point(109, 139, 0), 8, 113, 143, 10, 0, 48)
Node 4: Job(3, Point(120, 22, 1), 39, 114, 144, 10, 0, 5)
Node 5: Job(4, Point(48, 47, 3), 19, 31, 61, 10, 0, 125)
Node 6: Job(7, Point(86, 40, 1), 22, 34, 64, 10, 0, 133)
Node 7: Job(10, Point(40, 113, 2), 23, 477, 507, 10, 0, 59)
Node 8: Job(11, Point(129, 24, 1), 18, 335, 365, 10, 0, 61)
Node 9: Job(12, Point(12, 84, 2), 16, 199, 229, 10, 0, 82)
Node 10: Job(14, Point(102, 52, 1), 15, 159, 189, 10, 0, 103)
Node 11: Job(15, Point(41, 36, 3), 13, 51, 81, 10, 0, 54)
Node 12: Job(18, Point(104, 54, 1), 13, 53, 83, 10, 0, 49)
Node 13: Job(19, Point(22, 104, 2), 11, 231, 261, 10, 0, 114)
Node 14: Job(20, Point(46, 133, 2), 7, 76, 106, 10, 0, 97)
Node 15: Job(21, Point(138, 78, 1), 43, 202, 232, 10, 0, 148)
Node 16: Job(23, Point(18, 104, 2), 18, 337, 367, 10, 0, 22)
Node 17: Job(32, Point(54, 106, 2), 9, 294, 324, 10, 0, 24)
Node 18: Job(33, Point(30, 21, 3), 12, 322, 352, 10, 0, 190)
Node 19: Job(34, Point(63, 129, 0), 7, 206, 236, 10, 0, 62)
Node 20: Job(36, Point(108, 30, 1), 18, 96, 126, 10, 0, 9)
Node 21: Job(37, Point(37, 73, 2), 33, 336, 366, 10, 0, 174)
Node 22: Job(41, Point(81, 36, 1), 17, 62, 92, 10, 0, 150)
Node 23: Job(43, Point(13, 48, 3), 15, 420, 450, 10, 0, 110)
Node 24: Job(44, Point(113, 35, 1), 9, 86, 116, 10, 0, 79)
Node 25: Job(46, Point(44, 58, 3), 30, 74, 104, 10, 0, 127)
Node 26: Job(47, Point(8, 87, 2), 17, 401, 431, 10, 0, 108)
Node 27: Job(51, Point(139, 68, 1), 25, 91, 121, 10, 0, 26)
Node 28: Job(53, Point(103, 119, 0), 18, 334, 364, 10, 0, 192)
Node 29: Job(55, Point(89, 39, 1), 23, 52, 82, 10, 0, 160)
Node 30: Job(56, Point(54, 41, 3), 9, 281, 311, 10, 0, 39)
Node 31: Job(57, Point(39, 100, 2), 31, 96, 126, 10, 0, 102)
Node 32: Job(58, Point(5, 99, 2), 24, 324, 354, 10, 0, 74)
Node 33: Job(60, Point(73, 96, 0), 9, 166, 196, 10, 0, 84)
Node 34: Job(63, Point(103, 44, 1), 12, 62, 92, 10, 0, 130)
Node 35: Job(66, Point(140, 36, 1), 1, 176, 206, 10, 0, 131)
Node 36: Job(68, Point(113, 32, 1), 36, 146, 176, 10, 0, 64)
Node 37: Job(69, Point(104, 73, 0), 17, 249, 279, 10, 0, 154)
Node 38: Job(71, Point(15, 4, 3), 23, 110, 140, 10, 0, 175)
Node 39: Job(72, Point(54, 33, 3), 20, 40, 70, 10, 0, 153)
Node 40: Job(73, Point(70, 94, 0), 32, 24, 54, 10, 0, 30)
Node 41: Job(76, Point(109, 131, 0), 16, 226, 256, 10, 0, 40)
Node 42: Job(113, Point(116, 83, 0), -34, 179, 209, 10, 1, 0)
Node 43: Job(48, Point(116, 105, 0), -8, 144, 174, 10, 2, 0)
Node 44: Job(5, Point(116, 22, 1), -39, 138, 168, 10, 3, 0)
Node 45: Job(125, Point(30, 57, 3), -19, 230, 260, 10, 4, 0)
Node 46: Job(133, Point(98, 4, 1), -22, 196, 226, 10, 7, 0)
Node 47: Job(59, Point(67, 96, 0), -23, 532, 562, 10, 10, 0)
Node 48: Job(61, Point(112, 13, 1), -18, 524, 554, 10, 11, 0)
Node 49: Job(82, Point(10, 86, 2), -16, 411, 441, 10, 12, 0)
Node 50: Job(103, Point(103, 82, 0), -15, 326, 356, 10, 14, 0)
Node 51: Job(54, Point(32, 52, 3), -13, 171, 201, 10, 15, 0)
Node 52: Job(49, Point(117, 4, 1), -13, 418, 448, 10, 18, 0)
Node 53: Job(114, Point(29, 94, 2), -11, 277, 307, 10, 19, 0)
Node 54: Job(97, Point(58, 80, 2), -7, 460, 490, 10, 20, 0)
Node 55: Job(148, Point(123, 84, 0), -43, 416, 446, 10, 21, 0)
Node 56: Job(22, Point(16, 92, 2), -18, 359, 389, 10, 23, 0)
Node 57: Job(24, Point(66, 82, 0), -9, 501, 531, 10, 32, 0)
Node 58: Job(190, Point(33, 0, 3), -12, 482, 512, 10, 33, 0)
Node 59: Job(62, Point(55, 127, 2), -7, 306, 336, 10, 34, 0)
Node 60: Job(9, Point(61, 57, 3), -18, 375, 405, 10, 36, 0)
Node 61: Job(174, Point(37, 79, 2), -33, 428, 458, 10, 37, 0)
Node 62: Job(150, Point(99, 34, 1), -17, 76, 106, 10, 41, 0)
Node 63: Job(110, Point(34, 72, 2), -15, 549, 579, 10, 43, 0)
Node 64: Job(79, Point(113, 45, 1), -9, 299, 329, 10, 44, 0)
Node 65: Job(127, Point(2, 106, 2), -30, 387, 417, 10, 46, 0)
Node 66: Job(108, Point(54, 78, 2), -17, 550, 580, 10, 47, 0)
Node 67: Job(26, Point(139, 73, 1), -25, 106, 136, 10, 51, 0)
Node 68: Job(192, Point(97, 115, 0), -18, 368, 398, 10, 53, 0)
Node 69: Job(160, Point(120, 14, 1), -23, 259, 289, 10, 55, 0)
Node 70: Job(39, Point(47, 83, 2), -9, 318, 348, 10, 56, 0)
Node 71: Job(102, Point(17, 138, 2), -31, 433, 463, 10, 57, 0)
Node 72: Job(74, Point(35, 90, 2), -24, 446, 476, 10, 58, 0)
Node 73: Job(84, Point(46, 112, 2), -9, 286, 316, 10, 60, 0)
Node 74: Job(130, Point(126, 23, 1), -12, 263, 293, 10, 63, 0)
Node 75: Job(131, Point(138, 24, 1), -1, 180, 210, 10, 66, 0)
Node 76: Job(64, Point(97, 12, 1), -36, 206, 236, 10, 68, 0)
Node 77: Job(154, Point(86, 80, 0), -17, 374, 404, 10, 69, 0)
Node 78: Job(175, Point(60, 54, 3), -23, 239, 269, 10, 71, 0)
Node 79: Job(153, Point(32, 6, 3), -20, 95, 125, 10, 72, 0)
Node 80: Job(30, Point(64, 132, 0), -32, 62, 92, 10, 73, 0)
Node 81: Job(40, Point(92, 138, 0), -16, 402, 432, 10, 76, 0)
Node 82: Job(0, Point(70, 70, 0), 0, 0, 634, 0, 0, 0)

### Preprocessing Data ###
	-> arcs: 6724 (100.0%)
	-> arc_removals: 5831 (86.72%)
	-> arc_removals_is_loop: 82 (1.22%)
	-> arc_removals_is_delivery_to_pickup: 42 (0.62%)
	-> arc_removals_is_depot_begin_to_delivery: 40 (0.59%)
	-> arc_removals_is_pickup_to_depot_end: 40 (0.59%)
	-> arc_removals_is_dest_depot_begin: 80 (1.19%)
	-> arc_removals_is_orig_depot_end: 79 (1.17%)
	-> arc_removals_is_capacity_violated: 0 (0.0%)
	-> arc_removals_is_time_window_limited: 3830 (56.96%)
	-> arc_removals_is_time_window_pairing_limited: 1536 (22.84%)
	-> arc_removals_is_indirect_request_service_impossible: 102 (1.52%)
	-> gamma_vars: 0 (0%)
	-> feas_gamma_vars: 0 (0%)
	-> infeas_gamma_vars_is_next_mtrv_unreachable: 0 (0%)
	-> infeas_gamma_vars_is_iprime_jprime_eq_i_j: 0 (0%)
	-> machine_removal_for_an_arc: 0 (0.0%)
##########################

[05:15:55.647] Print configuration
------------------------------------------------------
"
[05:15:55.647] Running Multi Start Heuristic"
> Experiment started at 2025-10-15T05:15:55.647
> Instance: LR1_2_5_t1_40R_40V_04I_06M
> Algorithm Parameters:


	>Stop params:
		>  - rule ITERATIONS
		>  - argument 60000.0
		>  - maximum_time 3600

	>General params:
		>  - instPath /dados/rmelo/PDPTW-SE/benchmark_multi_island_v5/official_experiments/multistartlp/official/set_01_pt_01/../../../../instances/orig_ams_fg/40R_40V_04I_06M/t1/LR1_2_5/
		>  - name LR1_2_5
		>  - type t1
		>  - group 40R_40V_04I_06M
		>  - fullname LR1_2_5_t1_40R_40V_04I_06M
		>  - methodType heur
		>  - methodCode mslp
		>  - genconfigfile /dados/rmelo/PDPTW-SE/benchmark_multi_island_v5/official_experiments/multistartlp/official/set_01_pt_01/configs/genconfig_mslp.conf
		>  - genconfigfilename genconfig_mslp
		>  - greedy_service_order random
		>  - cutoff 0
		>  - cutoffmachs 6
		>  - num_machs 0
		>  - solver Gurobi
		>  - maxtime 3600
		>  - gurobiCuts 1
		>  - typeUserCut 0
		>  - mipPresolve -1
		>  - printsol 1
		>  - maxnodes -1
		>  - elevator 0
		>  - make_instance_feasible false
		>  - output /dados/rmelo/PDPTW-SE/benchmark_multi_island_v5/official_experiments/multistartlp/official/set_01_pt_01/logs
		>  - suff_outputs _seed_58
		>  - suff_csv _bash_3
		>  - epsilon 0.005
		>  - epsilonCap 0.5
		>  - warmStart false
		>  - seed 58
		>  - rng Random.MersenneTwister(58)
		>  - alpha 0.05
		>  - maxiter 1000000
		>  - outputFlagGrbMIP 0
		>  - outputFlagGrbMSLP 0
		>  - outputFlagGrbLMNS 0
		>  - mslpr I
		>  - mslpa 60000
		>  - lmnsr M
		>  - lmnsa 60
		>  - lmnsRepairTime 30.0
		>  - lmnsMIPFocus 0
		>  - lmnsGapToBiggerDestruction 50
		>  - lmnsGapToSmallerDestruction 95
		>  - lmnsWeightShawDistProx 1.0
		>  - lmnsWeightShawEarlProx 1.0
		>  - lmnsWeightShawSameRoute 1.0
		>  - lmnsWeightShawDemandSim 1.0
		>  - lmnsReqRApplyMIPStart true
		>  - lmnsAcceptanceCriteria H
		>  - lmnsMetropolisTemp 100.0
		>  - lmnsSimulatedAnnealingTemp 100.0
		>  - lmnsSimulatedAnnealingCool 0.95
		>  - mipmaxtime 3600
		>  - csvfilename /dados/rmelo/PDPTW-SE/benchmark_multi_island_v5/official_experiments/multistartlp/official/set_01_pt_01/logs/heur_mslp/outputs/csvresults_heur_mslp_bash_3.csv
		>  - solfilename /dados/rmelo/PDPTW-SE/benchmark_multi_island_v5/official_experiments/multistartlp/official/set_01_pt_01/logs/heur_mslp/solutions/40R_40V_04I_06M/LR1_2_5_sol_genconfig_mslp_seed_58.txt
		>  - timelineFilename /dados/rmelo/PDPTW-SE/benchmark_multi_island_v5/official_experiments/multistartlp/official/set_01_pt_01/logs/heur_mslp/timelines/40R_40V_04I_06M/LR1_2_5_timeline_genconfig_mslp_seed_58.txt
		>  - grbFilename /dados/rmelo/PDPTW-SE/benchmark_multi_island_v5/official_experiments/multistartlp/official/set_01_pt_01/logs/heur_mslp/gurobi/40R_40V_04I_06M/LR1_2_5_grb_genconfig_mslp_seed_58.log
		>  - threads 1
		>  - solverMethod AUTOMATIC

------------------------------------------------------

[05:15:55.757] Starting running MSLP
objValue;greedysol;iteration;time
5910.92;6531.91;211;1.096639
5884.31;6350.06;223;1.464607
5666.87;6172.87;496;2.900908
5666.67;6016.09;946;5.232164
5293.04;5727.14;1807;9.814920
5236.21;5748.65;43855;232.654403
5095.82;5520.67;49216;260.951105

[05:21:17.089] Finished running MSLP
System CPU time: 0.90 seconds

[05:21:17.161] Post running MSLP
Best solution value: 5095.82
Total time elapsed: 319.294116
Time to best: 260.951105
Iterations: 60000
Iterations to best: 49216
Improvements: 7
Infeasible solutions percentage: (59374 / 60000) = 98.9567 %
(LP improvements)/(LP runs) = 626/626 = 100.0000 %
Mean LP improvement percentage: 8.5742 %
[05:21:17.426] Writing results to CSV file: /dados/rmelo/PDPTW-SE/benchmark_multi_island_v5/official_experiments/multistartlp/official/set_01_pt_01/logs/heur_mslp/outputs/csvresults_heur_mslp_bash_3.csv

[05:21:19.507] Saving solution to file:/dados/rmelo/PDPTW-SE/benchmark_multi_island_v5/official_experiments/multistartlp/official/set_01_pt_01/logs/heur_mslp/solutions/40R_40V_04I_06M/LR1_2_5_sol_genconfig_mslp_seed_58.txt

[05:21:19.507] Saving solution timeline to file: /dados/rmelo/PDPTW-SE/benchmark_multi_island_v5/official_experiments/multistartlp/official/set_01_pt_01/logs/heur_mslp/timelines/40R_40V_04I_06M/LR1_2_5_timeline_genconfig_mslp_seed_58.txt
---------------------| VEHICLES |---------------------

Vehicle 0 :
	id: 0
		node: 1
		(x, y, z): (70, 70, 0)
		dem: 0
		earl: 0
		lat: 634
		servt: 0
		pid: 0
		did: 0
		servST: 19.53
		(h, h_ind): (-1, 0)
		load: 0.0

	Finished service at time: 19.53

	Task 0 -> Task 73: 24.0
	Vehicle arrival at task: 43.53
	Waiting time until service start time: 0.0

	id: 73
		node: 40
		(x, y, z): (70, 94, 0)
		dem: 32
		earl: 24
		lat: 54
		servt: 10
		pid: 0
		did: 30
		servST: 43.53
		(h, h_ind): (-1, 0)
		load: 32.0

	Finished service at time: 53.53

	Task 73 -> Task 30: 38.47
	Vehicle arrival at task: 92.0
	Waiting time until service start time: 0.0

	id: 30
		node: 80
		(x, y, z): (64, 132, 0)
		dem: -32
		earl: 62
		lat: 92
		servt: 10
		pid: 73
		did: 0
		servST: 92.0
		(h, h_ind): (-1, 0)
		load: 0.0

	Finished service at time: 102.0

	Task 30 -> Task 76: 45.01
	Vehicle arrival at task: 147.01
	Waiting time until service start time: 78.99

	id: 76
		node: 41
		(x, y, z): (109, 131, 0)
		dem: 16
		earl: 226
		lat: 256
		servt: 10
		pid: 0
		did: 40
		servST: 226.0
		(h, h_ind): (-1, 0)
		load: 16.0

	Finished service at time: 236.0

	Task 76 -> Task 53: 13.42
	Vehicle arrival at task: 249.42
	Waiting time until service start time: 84.58

	id: 53
		node: 28
		(x, y, z): (103, 119, 0)
		dem: 18
		earl: 334
		lat: 364
		servt: 10
		pid: 0
		did: 192
		servST: 334.0
		(h, h_ind): (-1, 0)
		load: 34.0

	Finished service at time: 344.0

	Task 53 -> Task 192: 7.21
	Vehicle arrival at task: 351.21
	Waiting time until service start time: 16.79

	id: 192
		node: 68
		(x, y, z): (97, 115, 0)
		dem: -18
		earl: 368
		lat: 398
		servt: 10
		pid: 53
		did: 0
		servST: 368.0
		(h, h_ind): (-1, 0)
		load: 16.0

	Finished service at time: 378.0

	Task 192 -> Task 40: 23.54
	Vehicle arrival at task: 401.54
	Waiting time until service start time: 0.46

	id: 40
		node: 81
		(x, y, z): (92, 138, 0)
		dem: -16
		earl: 402
		lat: 432
		servt: 10
		pid: 76
		did: 0
		servST: 402.0
		(h, h_ind): (-1, 0)
		load: 0.0

	Finished service at time: 412.0

	Task 40 -> Task 0: 71.47
	Vehicle arrival at task: 483.47
	Waiting time until service start time: 0.0

	id: 0
		node: 82
		(x, y, z): (70, 70, 0)
		dem: 0
		earl: 0
		lat: 634
		servt: 0
		pid: 0
		did: 0
		servST: 483.47
		(h, h_ind): (-1, 0)
		load: 0.0


Vehicle 6 :
	id: 0
		node: 1
		(x, y, z): (70, 70, 0)
		dem: 0
		earl: 0
		lat: 634
		servt: 0
		pid: 0
		did: 0
		servST: 13.190000000000005
		(h, h_ind): (-1, 0)
		load: 0.0

	Finished service at time: 13.190000000000005

	Using Machine: 5
		Task 0 -> Machine 5 (Station 1): 5.0
		Vehicle arrival at machine station: 18.190000000000005
		Waiting time until machine travel: 0.0

		Machine travel start time: 18.190000000000005
		Region 0 -> Region 1: 30.89
		Machine arrival at machine station: 49.080000000000005

		Machine 5 (Station 2)-> Task 55: 4.12
		Vehicle arrival at task: 53.2
		Waiting time until service start time: 0.0

	id: 55
		node: 29
		(x, y, z): (89, 39, 1)
		dem: 23
		earl: 52
		lat: 82
		servt: 10
		pid: 0
		did: 160
		servST: 53.2
		(h, h_ind): (5, 1)
		load: 23.0

	Finished service at time: 63.2

	Task 55 -> Task 51: 57.8
	Vehicle arrival at task: 121.0
	Waiting time until service start time: 0.0

	id: 51
		node: 27
		(x, y, z): (139, 68, 1)
		dem: 25
		earl: 91
		lat: 121
		servt: 10
		pid: 0
		did: 26
		servST: 121.0
		(h, h_ind): (-1, 0)
		load: 48.0

	Finished service at time: 131.0

	Task 51 -> Task 26: 5.0
	Vehicle arrival at task: 136.0
	Waiting time until service start time: 0.0

	id: 26
		node: 67
		(x, y, z): (139, 73, 1)
		dem: -25
		earl: 106
		lat: 136
		servt: 10
		pid: 51
		did: 0
		servST: 136.0
		(h, h_ind): (-1, 0)
		load: 23.0

	Finished service at time: 146.0

	Task 26 -> Task 21: 5.1
	Vehicle arrival at task: 151.1
	Waiting time until service start time: 50.9

	id: 21
		node: 15
		(x, y, z): (138, 78, 1)
		dem: 43
		earl: 202
		lat: 232
		servt: 10
		pid: 0
		did: 148
		servST: 202.0
		(h, h_ind): (-1, 0)
		load: 66.0

	Finished service at time: 212.0

	Task 21 -> Task 160: 66.48
	Vehicle arrival at task: 278.48
	Waiting time until service start time: 0.0

	id: 160
		node: 69
		(x, y, z): (120, 14, 1)
		dem: -23
		earl: 259
		lat: 289
		servt: 10
		pid: 55
		did: 0
		servST: 278.48
		(h, h_ind): (-1, 0)
		load: 43.0

	Finished service at time: 288.48

	Using Machine: 5
		Task 160 -> Machine 5 (Station 2): 41.73
		Vehicle arrival at machine station: 330.21000000000004
		Waiting time until machine travel: 0.0

		Machine travel start time: 330.21000000000004
		Region 1 -> Region 0: 30.89
		Machine arrival at machine station: 361.1

		Machine 5 (Station 1)-> Task 148: 50.0
		Vehicle arrival at task: 411.1
		Waiting time until service start time: 4.9

	id: 148
		node: 55
		(x, y, z): (123, 84, 0)
		dem: -43
		earl: 416
		lat: 446
		servt: 10
		pid: 21
		did: 0
		servST: 416.0
		(h, h_ind): (5, 3)
		load: 0.0

	Finished service at time: 426.0

	Task 148 -> Task 0: 54.82
	Vehicle arrival at task: 480.82
	Waiting time until service start time: 0.0

	id: 0
		node: 82
		(x, y, z): (70, 70, 0)
		dem: 0
		earl: 0
		lat: 634
		servt: 0
		pid: 0
		did: 0
		servST: 480.82
		(h, h_ind): (-1, 0)
		load: 0.0


Vehicle 11 :
	id: 0
		node: 1
		(x, y, z): (70, 70, 0)
		dem: 0
		earl: 0
		lat: 634
		servt: 0
		pid: 0
		did: 0
		servST: 5.450000000000007
		(h, h_ind): (-1, 0)
		load: 0.0

	Finished service at time: 5.450000000000007

	Using Machine: 3
		Task 0 -> Machine 3 (Station 1): 4.12
		Vehicle arrival at machine station: 9.570000000000007
		Waiting time until machine travel: 0.0

		Machine travel start time: 9.570000000000007
		Region 0 -> Region 1: 38.08
		Machine arrival at machine station: 47.650000000000006

		Machine 3 (Station 2)-> Task 63: 15.3
		Vehicle arrival at task: 62.95
		Waiting time until service start time: 0.0

	id: 63
		node: 34
		(x, y, z): (103, 44, 1)
		dem: 12
		earl: 62
		lat: 92
		servt: 10
		pid: 0
		did: 130
		servST: 62.95
		(h, h_ind): (3, 1)
		load: 12.0

	Finished service at time: 72.95

	Task 63 -> Task 18: 10.05
	Vehicle arrival at task: 83.0
	Waiting time until service start time: 0.0

	id: 18
		node: 12
		(x, y, z): (104, 54, 1)
		dem: 13
		earl: 53
		lat: 83
		servt: 10
		pid: 0
		did: 49
		servST: 83.0
		(h, h_ind): (-1, 0)
		load: 25.0

	Finished service at time: 93.0

	Task 18 -> Task 44: 21.02
	Vehicle arrival at task: 114.02
	Waiting time until service start time: 1.98

	id: 44
		node: 24
		(x, y, z): (113, 35, 1)
		dem: 9
		earl: 86
		lat: 116
		servt: 10
		pid: 0
		did: 79
		servST: 116.0
		(h, h_ind): (-1, 0)
		load: 34.0

	Finished service at time: 126.0

	Task 44 -> Task 66: 27.02
	Vehicle arrival at task: 153.02
	Waiting time until service start time: 22.98

	id: 66
		node: 35
		(x, y, z): (140, 36, 1)
		dem: 1
		earl: 176
		lat: 206
		servt: 10
		pid: 0
		did: 131
		servST: 176.0
		(h, h_ind): (-1, 0)
		load: 35.0

	Finished service at time: 186.0

	Task 66 -> Task 131: 12.17
	Vehicle arrival at task: 198.17
	Waiting time until service start time: 11.83

	id: 131
		node: 75
		(x, y, z): (138, 24, 1)
		dem: -1
		earl: 180
		lat: 210
		servt: 10
		pid: 66
		did: 0
		servST: 210.0
		(h, h_ind): (-1, 0)
		load: 34.0

	Finished service at time: 220.0

	Task 131 -> Task 130: 12.04
	Vehicle arrival at task: 232.04
	Waiting time until service start time: 30.96

	id: 130
		node: 74
		(x, y, z): (126, 23, 1)
		dem: -12
		earl: 263
		lat: 293
		servt: 10
		pid: 63
		did: 0
		servST: 263.0
		(h, h_ind): (-1, 0)
		load: 22.0

	Finished service at time: 273.0

	Task 130 -> Task 79: 25.55
	Vehicle arrival at task: 298.55
	Waiting time until service start time: 0.45

	id: 79
		node: 64
		(x, y, z): (113, 45, 1)
		dem: -9
		earl: 299
		lat: 329
		servt: 10
		pid: 44
		did: 0
		servST: 299.0
		(h, h_ind): (-1, 0)
		load: 13.0

	Finished service at time: 309.0

	Task 79 -> Task 11: 26.4
	Vehicle arrival at task: 335.4
	Waiting time until service start time: 29.6

	id: 11
		node: 8
		(x, y, z): (129, 24, 1)
		dem: 18
		earl: 335
		lat: 365
		servt: 10
		pid: 0
		did: 61
		servST: 365.0
		(h, h_ind): (-1, 0)
		load: 31.0

	Finished service at time: 375.0

	Task 11 -> Task 49: 23.32
	Vehicle arrival at task: 398.32
	Waiting time until service start time: 19.68

	id: 49
		node: 52
		(x, y, z): (117, 4, 1)
		dem: -13
		earl: 418
		lat: 448
		servt: 10
		pid: 18
		did: 0
		servST: 418.0
		(h, h_ind): (-1, 0)
		load: 18.0

	Finished service at time: 428.0

	Task 49 -> Task 61: 10.3
	Vehicle arrival at task: 438.3
	Waiting time until service start time: 85.7

	id: 61
		node: 48
		(x, y, z): (112, 13, 1)
		dem: -18
		earl: 524
		lat: 554
		servt: 10
		pid: 11
		did: 0
		servST: 524.0
		(h, h_ind): (-1, 0)
		load: 0.0

	Finished service at time: 534.0

	Using Machine: 5
		Task 61 -> Machine 5 (Station 2): 37.2
		Vehicle arrival at machine station: 571.2
		Waiting time until machine travel: 0.0

		Machine travel start time: 571.2
		Region 1 -> Region 0: 30.89
		Machine arrival at machine station: 602.09

		Machine 5 (Station 1)-> Task 0: 5.0
		Vehicle arrival at task: 607.09
		Waiting time until service start time: 0.0

	id: 0
		node: 82
		(x, y, z): (70, 70, 0)
		dem: 0
		earl: 0
		lat: 634
		servt: 0
		pid: 0
		did: 0
		servST: 607.09
		(h, h_ind): (5, 4)
		load: 0.0


Vehicle 17 :
	id: 0
		node: 1
		(x, y, z): (70, 70, 0)
		dem: 0
		earl: 0
		lat: 634
		servt: 0
		pid: 0
		did: 0
		servST: 55.52000000000001
		(h, h_ind): (-1, 0)
		load: 0.0

	Finished service at time: 55.52000000000001

	Using Machine: 1
		Task 0 -> Machine 1 (Station 1): 3.16
		Vehicle arrival at machine station: 58.68000000000001
		Waiting time until machine travel: 0.0

		Machine travel start time: 58.68000000000001
		Region 0 -> Region 2: 15.23
		Machine arrival at machine station: 73.91000000000001

		Machine 1 (Station 3)-> Task 57: 26.4
		Vehicle arrival at task: 100.31
		Waiting time until service start time: 0.0

	id: 57
		node: 31
		(x, y, z): (39, 100, 2)
		dem: 31
		earl: 96
		lat: 126
		servt: 10
		pid: 0
		did: 102
		servST: 100.31
		(h, h_ind): (1, 2)
		load: 31.0

	Finished service at time: 110.31

	Using Machine: 4
		Task 57 -> Machine 4 (Station 3): 26.93
		Vehicle arrival at machine station: 137.24
		Waiting time until machine travel: 0.0

		Machine travel start time: 137.24
		Region 2 -> Region 0: 15.13
		Machine arrival at machine station: 152.37

		Machine 4 (Station 1)-> Task 34: 54.23
		Vehicle arrival at task: 206.6
		Waiting time until service start time: 0.0

	id: 34
		node: 19
		(x, y, z): (63, 129, 0)
		dem: 7
		earl: 206
		lat: 236
		servt: 10
		pid: 0
		did: 62
		servST: 206.6
		(h, h_ind): (4, 2)
		load: 38.0

	Finished service at time: 216.6

	Using Machine: 4
		Task 34 -> Machine 4 (Station 1): 54.23
		Vehicle arrival at machine station: 270.83
		Waiting time until machine travel: 0.0

		Machine travel start time: 270.83
		Region 0 -> Region 2: 15.13
		Machine arrival at machine station: 285.96

		Machine 4 (Station 3)-> Task 62: 50.04
		Vehicle arrival at task: 336.0
		Waiting time until service start time: 0.0

	id: 62
		node: 59
		(x, y, z): (55, 127, 2)
		dem: -7
		earl: 306
		lat: 336
		servt: 10
		pid: 34
		did: 0
		servST: 336.0
		(h, h_ind): (4, 4)
		load: 31.0

	Finished service at time: 346.0

	Task 62 -> Task 102: 39.56
	Vehicle arrival at task: 385.56
	Waiting time until service start time: 47.44

	id: 102
		node: 71
		(x, y, z): (17, 138, 2)
		dem: -31
		earl: 433
		lat: 463
		servt: 10
		pid: 57
		did: 0
		servST: 433.0
		(h, h_ind): (-1, 0)
		load: 0.0

	Finished service at time: 443.0

	Task 102 -> Task 10: 33.97
	Vehicle arrival at task: 476.97
	Waiting time until service start time: 0.03

	id: 10
		node: 7
		(x, y, z): (40, 113, 2)
		dem: 23
		earl: 477
		lat: 507
		servt: 10
		pid: 0
		did: 59
		servST: 477.0
		(h, h_ind): (-1, 0)
		load: 23.0

	Finished service at time: 487.0

	Using Machine: 4
		Task 10 -> Machine 4 (Station 3): 38.28
		Vehicle arrival at machine station: 525.28
		Waiting time until machine travel: 0.0

		Machine travel start time: 525.28
		Region 2 -> Region 0: 15.13
		Machine arrival at machine station: 540.41

		Machine 4 (Station 1)-> Task 59: 21.02
		Vehicle arrival at task: 561.43
		Waiting time until service start time: 0.0

	id: 59
		node: 47
		(x, y, z): (67, 96, 0)
		dem: -23
		earl: 532
		lat: 562
		servt: 10
		pid: 10
		did: 0
		servST: 561.43
		(h, h_ind): (4, 8)
		load: 0.0

	Finished service at time: 571.43

	Task 59 -> Task 0: 26.17
	Vehicle arrival at task: 597.5999999999999
	Waiting time until service start time: 0.0

	id: 0
		node: 82
		(x, y, z): (70, 70, 0)
		dem: 0
		earl: 0
		lat: 634
		servt: 0
		pid: 0
		did: 0
		servST: 597.5999999999999
		(h, h_ind): (-1, 0)
		load: 0.0


Vehicle 24 :
	id: 0
		node: 1
		(x, y, z): (70, 70, 0)
		dem: 0
		earl: 0
		lat: 634
		servt: 0
		pid: 0
		did: 0
		servST: 140.78999999999996
		(h, h_ind): (-1, 0)
		load: 0.0

	Finished service at time: 140.78999999999996

	Task 0 -> Task 60: 26.17
	Vehicle arrival at task: 166.95999999999998
	Waiting time until service start time: 0.0

	id: 60
		node: 33
		(x, y, z): (73, 96, 0)
		dem: 9
		earl: 166
		lat: 196
		servt: 10
		pid: 0
		did: 84
		servST: 166.95999999999998
		(h, h_ind): (-1, 0)
		load: 9.0

	Finished service at time: 176.95999999999998

	Using Machine: 4
		Task 60 -> Machine 4 (Station 1): 21.59
		Vehicle arrival at machine station: 198.54999999999998
		Waiting time until machine travel: 0.0

		Machine travel start time: 198.54999999999998
		Region 0 -> Region 2: 15.13
		Machine arrival at machine station: 213.67999999999998

		Machine 4 (Station 3)-> Task 19: 41.11
		Vehicle arrival at task: 254.78999999999996
		Waiting time until service start time: 0.0

	id: 19
		node: 13
		(x, y, z): (22, 104, 2)
		dem: 11
		earl: 231
		lat: 261
		servt: 10
		pid: 0
		did: 114
		servST: 254.79
		(h, h_ind): (4, 3)
		load: 20.0

	Finished service at time: 264.78999999999996

	Task 19 -> Task 114: 12.21
	Vehicle arrival at task: 276.99999999999994
	Waiting time until service start time: 0.0

	id: 114
		node: 53
		(x, y, z): (29, 94, 2)
		dem: -11
		earl: 277
		lat: 307
		servt: 10
		pid: 19
		did: 0
		servST: 277.0
		(h, h_ind): (-1, 0)
		load: 9.0

	Finished service at time: 287.0

	Task 114 -> Task 84: 24.76
	Vehicle arrival at task: 311.76
	Waiting time until service start time: 0.0

	id: 84
		node: 73
		(x, y, z): (46, 112, 2)
		dem: -9
		earl: 286
		lat: 316
		servt: 10
		pid: 60
		did: 0
		servST: 311.76
		(h, h_ind): (-1, 0)
		load: 0.0

	Finished service at time: 321.76

	Task 84 -> Task 23: 29.12
	Vehicle arrival at task: 350.88
	Waiting time until service start time: 0.0

	id: 23
		node: 16
		(x, y, z): (18, 104, 2)
		dem: 18
		earl: 337
		lat: 367
		servt: 10
		pid: 0
		did: 22
		servST: 350.88
		(h, h_ind): (-1, 0)
		load: 18.0

	Finished service at time: 360.88

	Task 23 -> Task 22: 12.17
	Vehicle arrival at task: 373.05
	Waiting time until service start time: 0.0

	id: 22
		node: 56
		(x, y, z): (16, 92, 2)
		dem: -18
		earl: 359
		lat: 389
		servt: 10
		pid: 23
		did: 0
		servST: 373.05
		(h, h_ind): (-1, 0)
		load: 0.0

	Finished service at time: 383.05

	Using Machine: 0
		Task 22 -> Machine 0 (Station 3): 42.06
		Vehicle arrival at machine station: 425.11
		Waiting time until machine travel: 0.0

		Machine travel start time: 425.11
		Region 2 -> Region 0: 14.76
		Machine arrival at machine station: 439.87

		Machine 0 (Station 1)-> Task 0: 2.24
		Vehicle arrival at task: 442.11
		Waiting time until service start time: 0.0

	id: 0
		node: 82
		(x, y, z): (70, 70, 0)
		dem: 0
		earl: 0
		lat: 634
		servt: 0
		pid: 0
		did: 0
		servST: 442.11
		(h, h_ind): (0, 4)
		load: 0.0


Vehicle 30 :
	id: 0
		node: 1
		(x, y, z): (70, 70, 0)
		dem: 0
		earl: 0
		lat: 634
		servt: 0
		pid: 0
		did: 0
		servST: 19.599999999999994
		(h, h_ind): (-1, 0)
		load: 0.0

	Finished service at time: 19.599999999999994

	Task 0 -> Task 1: 37.66
	Vehicle arrival at task: 57.25999999999999
	Waiting time until service start time: 0.0

	id: 1
		node: 2
		(x, y, z): (107, 77, 0)
		dem: 34
		earl: 37
		lat: 67
		servt: 10
		pid: 0
		did: 113
		servST: 57.25999999999999
		(h, h_ind): (-1, 0)
		load: 34.0

	Finished service at time: 67.25999999999999

	Task 1 -> Task 2: 62.03
	Vehicle arrival at task: 129.29
	Waiting time until service start time: 0.0

	id: 2
		node: 3
		(x, y, z): (109, 139, 0)
		dem: 8
		earl: 113
		lat: 143
		servt: 10
		pid: 0
		did: 48
		servST: 129.29
		(h, h_ind): (-1, 0)
		load: 42.0

	Finished service at time: 139.29

	Task 2 -> Task 48: 34.71
	Vehicle arrival at task: 174.0
	Waiting time until service start time: 0.0

	id: 48
		node: 43
		(x, y, z): (116, 105, 0)
		dem: -8
		earl: 144
		lat: 174
		servt: 10
		pid: 2
		did: 0
		servST: 174.0
		(h, h_ind): (-1, 0)
		load: 34.0

	Finished service at time: 184.0

	Task 48 -> Task 113: 22.0
	Vehicle arrival at task: 206.0
	Waiting time until service start time: 0.0

	id: 113
		node: 42
		(x, y, z): (116, 83, 0)
		dem: -34
		earl: 179
		lat: 209
		servt: 10
		pid: 1
		did: 0
		servST: 206.0
		(h, h_ind): (-1, 0)
		load: 0.0

	Finished service at time: 216.0

	Task 113 -> Task 0: 47.8
	Vehicle arrival at task: 263.8
	Waiting time until service start time: 0.0

	id: 0
		node: 82
		(x, y, z): (70, 70, 0)
		dem: 0
		earl: 0
		lat: 634
		servt: 0
		pid: 0
		did: 0
		servST: 263.8
		(h, h_ind): (-1, 0)
		load: 0.0


Vehicle 32 :
	id: 0
		node: 1
		(x, y, z): (70, 70, 0)
		dem: 0
		earl: 0
		lat: 634
		servt: 0
		pid: 0
		did: 0
		servST: 3.9399999999999995
		(h, h_ind): (-1, 0)
		load: 0.0

	Finished service at time: 3.9399999999999995

	Using Machine: 0
		Task 0 -> Machine 0 (Station 1): 2.24
		Vehicle arrival at machine station: 6.18
		Waiting time until machine travel: 0.0

		Machine travel start time: 6.18
		Region 0 -> Region 3: 19.24
		Machine arrival at machine station: 25.419999999999998

		Machine 0 (Station 4)-> Task 72: 22.8
		Vehicle arrival at task: 48.22
		Waiting time until service start time: 0.0

	id: 72
		node: 39
		(x, y, z): (54, 33, 3)
		dem: 20
		earl: 40
		lat: 70
		servt: 10
		pid: 0
		did: 153
		servST: 48.22
		(h, h_ind): (0, 1)
		load: 20.0

	Finished service at time: 58.22

	Task 72 -> Task 15: 13.34
	Vehicle arrival at task: 71.56
	Waiting time until service start time: 0.0

	id: 15
		node: 11
		(x, y, z): (41, 36, 3)
		dem: 13
		earl: 51
		lat: 81
		servt: 10
		pid: 0
		did: 54
		servST: 71.56
		(h, h_ind): (-1, 0)
		load: 33.0

	Finished service at time: 81.56

	Task 15 -> Task 153: 31.32
	Vehicle arrival at task: 112.88
	Waiting time until service start time: 0.0

	id: 153
		node: 79
		(x, y, z): (32, 6, 3)
		dem: -20
		earl: 95
		lat: 125
		servt: 10
		pid: 72
		did: 0
		servST: 112.88
		(h, h_ind): (-1, 0)
		load: 13.0

	Finished service at time: 122.88

	Task 153 -> Task 71: 17.12
	Vehicle arrival at task: 140.0
	Waiting time until service start time: 0.0

	id: 71
		node: 38
		(x, y, z): (15, 4, 3)
		dem: 23
		earl: 110
		lat: 140
		servt: 10
		pid: 0
		did: 175
		servST: 140.0
		(h, h_ind): (-1, 0)
		load: 36.0

	Finished service at time: 150.0

	Task 71 -> Task 54: 50.92
	Vehicle arrival at task: 200.92000000000002
	Waiting time until service start time: 0.08

	id: 54
		node: 51
		(x, y, z): (32, 52, 3)
		dem: -13
		earl: 171
		lat: 201
		servt: 10
		pid: 15
		did: 0
		servST: 201.0
		(h, h_ind): (-1, 0)
		load: 23.0

	Finished service at time: 211.0

	Task 54 -> Task 175: 28.07
	Vehicle arrival at task: 239.07
	Waiting time until service start time: 17.61

	id: 175
		node: 78
		(x, y, z): (60, 54, 3)
		dem: -23
		earl: 239
		lat: 269
		servt: 10
		pid: 71
		did: 0
		servST: 256.68
		(h, h_ind): (-1, 0)
		load: 0.0

	Finished service at time: 266.68

	Task 175 -> Task 56: 14.32
	Vehicle arrival at task: 281.0
	Waiting time until service start time: 0.0

	id: 56
		node: 30
		(x, y, z): (54, 41, 3)
		dem: 9
		earl: 281
		lat: 311
		servt: 10
		pid: 0
		did: 39
		servST: 281.0
		(h, h_ind): (-1, 0)
		load: 9.0

	Finished service at time: 291.0

	Using Machine: 4
		Task 56 -> Machine 4 (Station 4): 16.12
		Vehicle arrival at machine station: 307.12
		Waiting time until machine travel: 0.0

		Machine travel start time: 307.12
		Region 3 -> Region 2: 20.22
		Machine arrival at machine station: 327.34000000000003

		Machine 4 (Station 3)-> Task 39: 8.49
		Vehicle arrival at task: 335.83000000000004
		Waiting time until service start time: -0.0

	id: 39
		node: 70
		(x, y, z): (47, 83, 2)
		dem: -9
		earl: 318
		lat: 348
		servt: 10
		pid: 56
		did: 0
		servST: 335.83
		(h, h_ind): (4, 5)
		load: 0.0

	Finished service at time: 345.83

	Using Machine: 4
		Task 39 -> Machine 4 (Station 3): 8.49
		Vehicle arrival at machine station: 354.32
		Waiting time until machine travel: 31.53

		Machine travel start time: 385.85
		Region 2 -> Region 3: 20.22
		Machine arrival at machine station: 406.07000000000005

		Machine 4 (Station 4)-> Task 43: 43.93
		Vehicle arrival at task: 450.00000000000006
		Waiting time until service start time: -0.0

	id: 43
		node: 23
		(x, y, z): (13, 48, 3)
		dem: 15
		earl: 420
		lat: 450
		servt: 10
		pid: 0
		did: 110
		servST: 450.0
		(h, h_ind): (4, 6)
		load: 15.0

	Finished service at time: 460.0

	Using Machine: 4
		Task 43 -> Machine 4 (Station 4): 43.93
		Vehicle arrival at machine station: 503.93
		Waiting time until machine travel: 1.13

		Machine travel start time: 505.05999999999995
		Region 3 -> Region 2: 20.22
		Machine arrival at machine station: 525.28

		Machine 4 (Station 3)-> Task 110: 19.65
		Vehicle arrival at task: 544.93
		Waiting time until service start time: 4.07

	id: 110
		node: 63
		(x, y, z): (34, 72, 2)
		dem: -15
		earl: 549
		lat: 579
		servt: 10
		pid: 43
		did: 0
		servST: 549.0
		(h, h_ind): (4, 7)
		load: 0.0

	Finished service at time: 559.0

	Using Machine: 0
		Task 110 -> Machine 0 (Station 3): 23.09
		Vehicle arrival at machine station: 582.09
		Waiting time until machine travel: 0.0

		Machine travel start time: 582.09
		Region 2 -> Region 0: 14.76
		Machine arrival at machine station: 596.85

		Machine 0 (Station 1)-> Task 0: 2.24
		Vehicle arrival at task: 599.09
		Waiting time until service start time: 0.0

	id: 0
		node: 82
		(x, y, z): (70, 70, 0)
		dem: 0
		earl: 0
		lat: 634
		servt: 0
		pid: 0
		did: 0
		servST: 599.09
		(h, h_ind): (0, 6)
		load: 0.0


Vehicle 35 :
	id: 0
		node: 1
		(x, y, z): (70, 70, 0)
		dem: 0
		earl: 0
		lat: 634
		servt: 0
		pid: 0
		did: 0
		servST: 21.17
		(h, h_ind): (-1, 0)
		load: 0.0

	Finished service at time: 21.17

	Using Machine: 4
		Task 0 -> Machine 4 (Station 1): 5.39
		Vehicle arrival at machine station: 26.560000000000002
		Waiting time until machine travel: 0.0

		Machine travel start time: 26.560000000000002
		Region 0 -> Region 3: 21.63
		Machine arrival at machine station: 48.19

		Machine 4 (Station 4)-> Task 4: 12.81
		Vehicle arrival at task: 61.0
		Waiting time until service start time: 0.0

	id: 4
		node: 5
		(x, y, z): (48, 47, 3)
		dem: 19
		earl: 31
		lat: 61
		servt: 10
		pid: 0
		did: 125
		servST: 61.0
		(h, h_ind): (4, 1)
		load: 19.0

	Finished service at time: 71.0

	Task 4 -> Task 46: 11.7
	Vehicle arrival at task: 82.7
	Waiting time until service start time: 21.3

	id: 46
		node: 25
		(x, y, z): (44, 58, 3)
		dem: 30
		earl: 74
		lat: 104
		servt: 10
		pid: 0
		did: 127
		servST: 104.0
		(h, h_ind): (-1, 0)
		load: 49.0

	Finished service at time: 114.0

	Task 46 -> Task 125: 14.04
	Vehicle arrival at task: 128.04
	Waiting time until service start time: 101.96

	id: 125
		node: 45
		(x, y, z): (30, 57, 3)
		dem: -19
		earl: 230
		lat: 260
		servt: 10
		pid: 4
		did: 0
		servST: 230.0
		(h, h_ind): (-1, 0)
		load: 30.0

	Finished service at time: 240.0

	Using Machine: 2
		Task 125 -> Machine 2 (Station 4): 27.0
		Vehicle arrival at machine station: 267.0
		Waiting time until machine travel: 11.67

		Machine travel start time: 278.67
		Region 3 -> Region 2: 21.1
		Machine arrival at machine station: 299.77000000000004

		Machine 2 (Station 3)-> Task 58: 54.23
		Vehicle arrival at task: 354.00000000000006
		Waiting time until service start time: -0.0

	id: 58
		node: 32
		(x, y, z): (5, 99, 2)
		dem: 24
		earl: 324
		lat: 354
		servt: 10
		pid: 0
		did: 74
		servST: 354.0
		(h, h_ind): (2, 2)
		load: 54.0

	Finished service at time: 364.0

	Task 58 -> Task 127: 7.62
	Vehicle arrival at task: 371.62
	Waiting time until service start time: 15.38

	id: 127
		node: 65
		(x, y, z): (2, 106, 2)
		dem: -30
		earl: 387
		lat: 417
		servt: 10
		pid: 46
		did: 0
		servST: 387.0
		(h, h_ind): (-1, 0)
		load: 24.0

	Finished service at time: 397.0

	Task 127 -> Task 74: 36.67
	Vehicle arrival at task: 433.67
	Waiting time until service start time: 12.33

	id: 74
		node: 72
		(x, y, z): (35, 90, 2)
		dem: -24
		earl: 446
		lat: 476
		servt: 10
		pid: 58
		did: 0
		servST: 446.0
		(h, h_ind): (-1, 0)
		load: 0.0

	Finished service at time: 456.0

	Using Machine: 1
		Task 74 -> Machine 1 (Station 3): 22.83
		Vehicle arrival at machine station: 478.83
		Waiting time until machine travel: 0.0

		Machine travel start time: 478.83
		Region 2 -> Region 0: 15.23
		Machine arrival at machine station: 494.06

		Machine 1 (Station 1)-> Task 0: 3.16
		Vehicle arrival at task: 497.22
		Waiting time until service start time: -0.0

	id: 0
		node: 82
		(x, y, z): (70, 70, 0)
		dem: 0
		earl: 0
		lat: 634
		servt: 0
		pid: 0
		did: 0
		servST: 497.21999999999997
		(h, h_ind): (1, 3)
		load: 0.0


Vehicle 37 :
	id: 0
		node: 1
		(x, y, z): (70, 70, 0)
		dem: 0
		earl: 0
		lat: 634
		servt: 0
		pid: 0
		did: 0
		servST: 25.060000000000006
		(h, h_ind): (-1, 0)
		load: 0.0

	Finished service at time: 25.060000000000006

	Using Machine: 1
		Task 0 -> Machine 1 (Station 1): 3.16
		Vehicle arrival at machine station: 28.220000000000006
		Waiting time until machine travel: 0.0

		Machine travel start time: 28.220000000000006
		Region 0 -> Region 2: 15.23
		Machine arrival at machine station: 43.45

		Machine 1 (Station 3)-> Task 20: 54.74
		Vehicle arrival at task: 98.19
		Waiting time until service start time: 7.81

	id: 20
		node: 14
		(x, y, z): (46, 133, 2)
		dem: 7
		earl: 76
		lat: 106
		servt: 10
		pid: 0
		did: 97
		servST: 106.0
		(h, h_ind): (1, 1)
		load: 7.0

	Finished service at time: 116.0

	Task 20 -> Task 12: 59.64
	Vehicle arrival at task: 175.64
	Waiting time until service start time: 23.36

	id: 12
		node: 9
		(x, y, z): (12, 84, 2)
		dem: 16
		earl: 199
		lat: 229
		servt: 10
		pid: 0
		did: 82
		servST: 199.0
		(h, h_ind): (-1, 0)
		load: 23.0

	Finished service at time: 209.0

	Task 12 -> Task 32: 47.41
	Vehicle arrival at task: 256.40999999999997
	Waiting time until service start time: 37.59

	id: 32
		node: 17
		(x, y, z): (54, 106, 2)
		dem: 9
		earl: 294
		lat: 324
		servt: 10
		pid: 0
		did: 24
		servST: 294.0
		(h, h_ind): (-1, 0)
		load: 32.0

	Finished service at time: 304.0

	Task 32 -> Task 37: 37.12
	Vehicle arrival at task: 341.12
	Waiting time until service start time: 0.0

	id: 37
		node: 21
		(x, y, z): (37, 73, 2)
		dem: 33
		earl: 336
		lat: 366
		servt: 10
		pid: 0
		did: 174
		servST: 341.12
		(h, h_ind): (-1, 0)
		load: 65.0

	Finished service at time: 351.12

	Task 37 -> Task 47: 32.2
	Vehicle arrival at task: 383.32
	Waiting time until service start time: 17.68

	id: 47
		node: 26
		(x, y, z): (8, 87, 2)
		dem: 17
		earl: 401
		lat: 431
		servt: 10
		pid: 0
		did: 108
		servST: 401.0
		(h, h_ind): (-1, 0)
		load: 82.0

	Finished service at time: 411.0

	Task 47 -> Task 82: 2.24
	Vehicle arrival at task: 413.24
	Waiting time until service start time: 0.0

	id: 82
		node: 49
		(x, y, z): (10, 86, 2)
		dem: -16
		earl: 411
		lat: 441
		servt: 10
		pid: 12
		did: 0
		servST: 413.24
		(h, h_ind): (-1, 0)
		load: 66.0

	Finished service at time: 423.24

	Task 82 -> Task 174: 27.89
	Vehicle arrival at task: 451.13
	Waiting time until service start time: 0.0

	id: 174
		node: 61
		(x, y, z): (37, 79, 2)
		dem: -33
		earl: 428
		lat: 458
		servt: 10
		pid: 37
		did: 0
		servST: 451.13
		(h, h_ind): (-1, 0)
		load: 33.0

	Finished service at time: 461.13

	Task 174 -> Task 97: 21.02
	Vehicle arrival at task: 482.15
	Waiting time until service start time: 0.0

	id: 97
		node: 54
		(x, y, z): (58, 80, 2)
		dem: -7
		earl: 460
		lat: 490
		servt: 10
		pid: 20
		did: 0
		servST: 482.15
		(h, h_ind): (-1, 0)
		load: 26.0

	Finished service at time: 492.15

	Using Machine: 0
		Task 97 -> Machine 0 (Station 3): 2.24
		Vehicle arrival at machine station: 494.39
		Waiting time until machine travel: 0.0

		Machine travel start time: 494.39
		Region 2 -> Region 0: 14.76
		Machine arrival at machine station: 509.15

		Machine 0 (Station 1)-> Task 24: 10.44
		Vehicle arrival at task: 519.59
		Waiting time until service start time: 0.0

	id: 24
		node: 57
		(x, y, z): (66, 82, 0)
		dem: -9
		earl: 501
		lat: 531
		servt: 10
		pid: 32
		did: 0
		servST: 519.59
		(h, h_ind): (0, 5)
		load: 17.0

	Finished service at time: 529.59

	Using Machine: 3
		Task 24 -> Machine 3 (Station 1): 8.54
		Vehicle arrival at machine station: 538.13
		Waiting time until machine travel: 0.0

		Machine travel start time: 538.13
		Region 0 -> Region 2: 16.49
		Machine arrival at machine station: 554.62

		Machine 3 (Station 3)-> Task 108: 1.0
		Vehicle arrival at task: 555.62
		Waiting time until service start time: 0.0

	id: 108
		node: 66
		(x, y, z): (54, 78, 2)
		dem: -17
		earl: 550
		lat: 580
		servt: 10
		pid: 47
		did: 0
		servST: 555.62
		(h, h_ind): (3, 2)
		load: 0.0

	Finished service at time: 565.62

	Using Machine: 1
		Task 108 -> Machine 1 (Station 3): 1.41
		Vehicle arrival at machine station: 567.03
		Waiting time until machine travel: 0.0

		Machine travel start time: 567.03
		Region 2 -> Region 0: 15.23
		Machine arrival at machine station: 582.26

		Machine 1 (Station 1)-> Task 0: 3.16
		Vehicle arrival at task: 585.42
		Waiting time until service start time: 0.0

	id: 0
		node: 82
		(x, y, z): (70, 70, 0)
		dem: 0
		earl: 0
		lat: 634
		servt: 0
		pid: 0
		did: 0
		servST: 585.42
		(h, h_ind): (1, 4)
		load: 0.0


Vehicle 38 :
	id: 0
		node: 1
		(x, y, z): (70, 70, 0)
		dem: 0
		earl: 0
		lat: 634
		servt: 0
		pid: 0
		did: 0
		servST: 128.31
		(h, h_ind): (-1, 0)
		load: 0.0

	Finished service at time: 128.31

	Using Machine: 0
		Task 0 -> Machine 0 (Station 1): 2.24
		Vehicle arrival at machine station: 130.55
		Waiting time until machine travel: 0.0

		Machine travel start time: 130.55
		Region 0 -> Region 1: 36.25
		Machine arrival at machine station: 166.8

		Machine 0 (Station 2)-> Task 14: 22.2
		Vehicle arrival at task: 189.0
		Waiting time until service start time: 0.0

	id: 14
		node: 10
		(x, y, z): (102, 52, 1)
		dem: 15
		earl: 159
		lat: 189
		servt: 10
		pid: 0
		did: 103
		servST: 189.0
		(h, h_ind): (0, 2)
		load: 15.0

	Finished service at time: 199.0

	Using Machine: 5
		Task 14 -> Machine 5 (Station 2): 15.0
		Vehicle arrival at machine station: 214.0
		Waiting time until machine travel: 4.96

		Machine travel start time: 218.96
		Region 1 -> Region 0: 30.89
		Machine arrival at machine station: 249.85000000000002

		Machine 5 (Station 1)-> Task 69: 29.15
		Vehicle arrival at task: 279.0
		Waiting time until service start time: 0.0

	id: 69
		node: 37
		(x, y, z): (104, 73, 0)
		dem: 17
		earl: 249
		lat: 279
		servt: 10
		pid: 0
		did: 154
		servST: 279.0
		(h, h_ind): (5, 2)
		load: 32.0

	Finished service at time: 289.0

	Task 69 -> Task 103: 9.06
	Vehicle arrival at task: 298.06
	Waiting time until service start time: 27.94

	id: 103
		node: 50
		(x, y, z): (103, 82, 0)
		dem: -15
		earl: 326
		lat: 356
		servt: 10
		pid: 14
		did: 0
		servST: 326.0
		(h, h_ind): (-1, 0)
		load: 17.0

	Finished service at time: 336.0

	Task 103 -> Task 154: 17.12
	Vehicle arrival at task: 353.12
	Waiting time until service start time: 20.88

	id: 154
		node: 77
		(x, y, z): (86, 80, 0)
		dem: -17
		earl: 374
		lat: 404
		servt: 10
		pid: 69
		did: 0
		servST: 374.0
		(h, h_ind): (-1, 0)
		load: 0.0

	Finished service at time: 384.0

	Task 154 -> Task 0: 18.87
	Vehicle arrival at task: 402.87
	Waiting time until service start time: 0.0

	id: 0
		node: 82
		(x, y, z): (70, 70, 0)
		dem: 0
		earl: 0
		lat: 634
		servt: 0
		pid: 0
		did: 0
		servST: 402.87
		(h, h_ind): (-1, 0)
		load: 0.0


Vehicle 39 :
	id: 0
		node: 1
		(x, y, z): (70, 70, 0)
		dem: 0
		earl: 0
		lat: 634
		servt: 0
		pid: 0
		did: 0
		servST: 8.579999999999991
		(h, h_ind): (-1, 0)
		load: 0.0

	Finished service at time: 8.579999999999991

	Using Machine: 2
		Task 0 -> Machine 2 (Station 1): 3.0
		Vehicle arrival at machine station: 11.579999999999991
		Waiting time until machine travel: 0.0

		Machine travel start time: 11.579999999999991
		Region 0 -> Region 1: 33.53
		Machine arrival at machine station: 45.10999999999999

		Machine 2 (Station 2)-> Task 7: 3.61
		Vehicle arrival at task: 48.71999999999999
		Waiting time until service start time: 0.0

	id: 7
		node: 6
		(x, y, z): (86, 40, 1)
		dem: 22
		earl: 34
		lat: 64
		servt: 10
		pid: 0
		did: 133
		servST: 48.71999999999999
		(h, h_ind): (2, 1)
		load: 22.0

	Finished service at time: 58.71999999999999

	Task 7 -> Task 41: 6.4
	Vehicle arrival at task: 65.11999999999999
	Waiting time until service start time: 0.0

	id: 41
		node: 22
		(x, y, z): (81, 36, 1)
		dem: 17
		earl: 62
		lat: 92
		servt: 10
		pid: 0
		did: 150
		servST: 65.11999999999999
		(h, h_ind): (-1, 0)
		load: 39.0

	Finished service at time: 75.11999999999999

	Task 41 -> Task 150: 18.11
	Vehicle arrival at task: 93.22999999999999
	Waiting time until service start time: 0.0

	id: 150
		node: 62
		(x, y, z): (99, 34, 1)
		dem: -17
		earl: 76
		lat: 106
		servt: 10
		pid: 41
		did: 0
		servST: 93.22999999999999
		(h, h_ind): (-1, 0)
		load: 22.0

	Finished service at time: 103.22999999999999

	Task 150 -> Task 36: 9.85
	Vehicle arrival at task: 113.07999999999998
	Waiting time until service start time: 0.0

	id: 36
		node: 20
		(x, y, z): (108, 30, 1)
		dem: 18
		earl: 96
		lat: 126
		servt: 10
		pid: 0
		did: 9
		servST: 113.08
		(h, h_ind): (-1, 0)
		load: 40.0

	Finished service at time: 123.08

	Task 36 -> Task 3: 14.42
	Vehicle arrival at task: 137.5
	Waiting time until service start time: 0.0

	id: 3
		node: 4
		(x, y, z): (120, 22, 1)
		dem: 39
		earl: 114
		lat: 144
		servt: 10
		pid: 0
		did: 5
		servST: 137.5
		(h, h_ind): (-1, 0)
		load: 79.0

	Finished service at time: 147.5

	Task 3 -> Task 5: 4.0
	Vehicle arrival at task: 151.5
	Waiting time until service start time: 0.0

	id: 5
		node: 44
		(x, y, z): (116, 22, 1)
		dem: -39
		earl: 138
		lat: 168
		servt: 10
		pid: 3
		did: 0
		servST: 151.5
		(h, h_ind): (-1, 0)
		load: 40.0

	Finished service at time: 161.5

	Task 5 -> Task 68: 10.44
	Vehicle arrival at task: 171.94
	Waiting time until service start time: 0.0

	id: 68
		node: 36
		(x, y, z): (113, 32, 1)
		dem: 36
		earl: 146
		lat: 176
		servt: 10
		pid: 0
		did: 64
		servST: 171.94
		(h, h_ind): (-1, 0)
		load: 76.0

	Finished service at time: 181.94

	Task 68 -> Task 64: 25.61
	Vehicle arrival at task: 207.55
	Waiting time until service start time: 0.0

	id: 64
		node: 76
		(x, y, z): (97, 12, 1)
		dem: -36
		earl: 206
		lat: 236
		servt: 10
		pid: 68
		did: 0
		servST: 207.55
		(h, h_ind): (-1, 0)
		load: 40.0

	Finished service at time: 217.55

	Task 64 -> Task 133: 8.06
	Vehicle arrival at task: 225.61
	Waiting time until service start time: 0.0

	id: 133
		node: 46
		(x, y, z): (98, 4, 1)
		dem: -22
		earl: 196
		lat: 226
		servt: 10
		pid: 7
		did: 0
		servST: 225.61
		(h, h_ind): (-1, 0)
		load: 18.0

	Finished service at time: 235.61

	Using Machine: 0
		Task 133 -> Machine 0 (Station 2): 37.7
		Vehicle arrival at machine station: 273.31
		Waiting time until machine travel: 0.0

		Machine travel start time: 273.31
		Region 1 -> Region 3: 28.84
		Machine arrival at machine station: 302.15

		Machine 0 (Station 4)-> Task 33: 45.34
		Vehicle arrival at task: 347.49
		Waiting time until service start time: 0.0

	id: 33
		node: 18
		(x, y, z): (30, 21, 3)
		dem: 12
		earl: 322
		lat: 352
		servt: 10
		pid: 0
		did: 190
		servST: 347.49
		(h, h_ind): (0, 3)
		load: 30.0

	Finished service at time: 357.49

	Task 33 -> Task 9: 47.51
	Vehicle arrival at task: 405.0
	Waiting time until service start time: 0.0

	id: 9
		node: 60
		(x, y, z): (61, 57, 3)
		dem: -18
		earl: 375
		lat: 405
		servt: 10
		pid: 36
		did: 0
		servST: 405.0
		(h, h_ind): (-1, 0)
		load: 12.0

	Finished service at time: 415.0

	Task 9 -> Task 190: 63.51
	Vehicle arrival at task: 478.51
	Waiting time until service start time: 3.49

	id: 190
		node: 58
		(x, y, z): (33, 0, 3)
		dem: -12
		earl: 482
		lat: 512
		servt: 10
		pid: 33
		did: 0
		servST: 482.0
		(h, h_ind): (-1, 0)
		load: 0.0

	Finished service at time: 492.0

	Using Machine: 2
		Task 190 -> Machine 2 (Station 4): 61.85
		Vehicle arrival at machine station: 553.85
		Waiting time until machine travel: 0.0

		Machine travel start time: 553.85
		Region 3 -> Region 0: 20.62
		Machine arrival at machine station: 574.47

		Machine 2 (Station 1)-> Task 0: 3.0
		Vehicle arrival at task: 577.47
		Waiting time until service start time: 0.0

	id: 0
		node: 82
		(x, y, z): (70, 70, 0)
		dem: 0
		earl: 0
		lat: 634
		servt: 0
		pid: 0
		did: 0
		servST: 577.47
		(h, h_ind): (2, 3)
		load: 0.0


---------------------| MACHINES |---------------------

Machine 0 :
	setup duration: 0.0

	vehicle: 32
	vehicleInd: 2
	(orig, dest): (0, 72)
	(origRegion, destRegion): (0, 3)
	st: 6.18
	duration: 19.24

	setup duration: 19.24

	vehicle: 38
	vehicleInd: 2
	(orig, dest): (0, 14)
	(origRegion, destRegion): (0, 1)
	st: 130.55
	duration: 36.25

	setup duration: 0.0

	vehicle: 39
	vehicleInd: 11
	(orig, dest): (133, 33)
	(origRegion, destRegion): (1, 3)
	st: 273.31
	duration: 28.84

	setup duration: 24.33

	vehicle: 24
	vehicleInd: 8
	(orig, dest): (22, 0)
	(origRegion, destRegion): (2, 0)
	st: 425.11
	duration: 14.76

	setup duration: 14.76

	vehicle: 37
	vehicleInd: 10
	(orig, dest): (97, 24)
	(origRegion, destRegion): (2, 0)
	st: 494.39
	duration: 14.76

	setup duration: 14.76

	vehicle: 32
	vehicleInd: 12
	(orig, dest): (110, 0)
	(origRegion, destRegion): (2, 0)
	st: 582.09
	duration: 14.76


Machine 1 :
	setup duration: 0.0

	vehicle: 37
	vehicleInd: 2
	(orig, dest): (0, 20)
	(origRegion, destRegion): (0, 2)
	st: 28.220000000000006
	duration: 15.23

	setup duration: 15.23

	vehicle: 17
	vehicleInd: 2
	(orig, dest): (0, 57)
	(origRegion, destRegion): (0, 2)
	st: 58.68000000000001
	duration: 15.23

	setup duration: 0.0

	vehicle: 35
	vehicleInd: 8
	(orig, dest): (74, 0)
	(origRegion, destRegion): (2, 0)
	st: 478.83
	duration: 15.23

	setup duration: 15.23

	vehicle: 37
	vehicleInd: 12
	(orig, dest): (108, 0)
	(origRegion, destRegion): (2, 0)
	st: 567.03
	duration: 15.23


Machine 2 :
	setup duration: 0.0

	vehicle: 39
	vehicleInd: 2
	(orig, dest): (0, 7)
	(origRegion, destRegion): (0, 1)
	st: 11.579999999999991
	duration: 33.53

	setup duration: 32.2

	vehicle: 35
	vehicleInd: 5
	(orig, dest): (125, 58)
	(origRegion, destRegion): (3, 2)
	st: 278.67
	duration: 21.1

	setup duration: 21.1

	vehicle: 39
	vehicleInd: 14
	(orig, dest): (190, 0)
	(origRegion, destRegion): (3, 0)
	st: 553.85
	duration: 20.62


Machine 3 :
	setup duration: 0.0

	vehicle: 11
	vehicleInd: 2
	(orig, dest): (0, 63)
	(origRegion, destRegion): (0, 1)
	st: 9.570000000000007
	duration: 38.08

	setup duration: 38.08

	vehicle: 37
	vehicleInd: 11
	(orig, dest): (24, 108)
	(origRegion, destRegion): (0, 2)
	st: 538.13
	duration: 16.49


Machine 4 :
	setup duration: 0.0

	vehicle: 35
	vehicleInd: 2
	(orig, dest): (0, 4)
	(origRegion, destRegion): (0, 3)
	st: 26.560000000000002
	duration: 21.63

	setup duration: 20.22

	vehicle: 17
	vehicleInd: 3
	(orig, dest): (57, 34)
	(origRegion, destRegion): (2, 0)
	st: 137.24
	duration: 15.13

	setup duration: 0.0

	vehicle: 24
	vehicleInd: 3
	(orig, dest): (60, 19)
	(origRegion, destRegion): (0, 2)
	st: 198.54999999999998
	duration: 15.13

	setup duration: 15.13

	vehicle: 17
	vehicleInd: 4
	(orig, dest): (34, 62)
	(origRegion, destRegion): (0, 2)
	st: 270.83
	duration: 15.13

	setup duration: 20.22

	vehicle: 32
	vehicleInd: 9
	(orig, dest): (56, 39)
	(origRegion, destRegion): (3, 2)
	st: 307.12
	duration: 20.22

	setup duration: 0.0

	vehicle: 32
	vehicleInd: 10
	(orig, dest): (39, 43)
	(origRegion, destRegion): (2, 3)
	st: 385.85
	duration: 20.22

	setup duration: 0.0

	vehicle: 32
	vehicleInd: 11
	(orig, dest): (43, 110)
	(origRegion, destRegion): (3, 2)
	st: 505.05999999999995
	duration: 20.22

	setup duration: 0.0

	vehicle: 17
	vehicleInd: 7
	(orig, dest): (10, 59)
	(origRegion, destRegion): (2, 0)
	st: 525.28
	duration: 15.13


Machine 5 :
	setup duration: 0.0

	vehicle: 6
	vehicleInd: 2
	(orig, dest): (0, 55)
	(origRegion, destRegion): (0, 1)
	st: 18.190000000000005
	duration: 30.89

	setup duration: 0.0

	vehicle: 38
	vehicleInd: 3
	(orig, dest): (14, 69)
	(origRegion, destRegion): (1, 0)
	st: 218.96
	duration: 30.89

	setup duration: 30.89

	vehicle: 6
	vehicleInd: 7
	(orig, dest): (160, 148)
	(origRegion, destRegion): (1, 0)
	st: 330.21000000000004
	duration: 30.89

	setup duration: 30.89

	vehicle: 11
	vehicleInd: 12
	(orig, dest): (61, 0)
	(origRegion, destRegion): (1, 0)
	st: 571.2
	duration: 30.89


-------------------| COMPL. TIMES |-------------------

Vehicle 0 : 463.94000000000005
Vehicle 1 : 0.0
Vehicle 2 : 0.0
Vehicle 3 : 0.0
Vehicle 4 : 0.0
Vehicle 5 : 0.0
Vehicle 6 : 467.63
Vehicle 7 : 0.0
Vehicle 8 : 0.0
Vehicle 9 : 0.0
Vehicle 10 : 0.0
Vehicle 11 : 601.64
Vehicle 12 : 0.0
Vehicle 13 : 0.0
Vehicle 14 : 0.0
Vehicle 15 : 0.0
Vehicle 16 : 0.0
Vehicle 17 : 542.0799999999999
Vehicle 18 : 0.0
Vehicle 19 : 0.0
Vehicle 20 : 0.0
Vehicle 21 : 0.0
Vehicle 22 : 0.0
Vehicle 23 : 0.0
Vehicle 24 : 301.32000000000005
Vehicle 25 : 0.0
Vehicle 26 : 0.0
Vehicle 27 : 0.0
Vehicle 28 : 0.0
Vehicle 29 : 0.0
Vehicle 30 : 244.20000000000002
Vehicle 31 : 0.0
Vehicle 32 : 595.15
Vehicle 33 : 0.0
Vehicle 34 : 0.0
Vehicle 35 : 476.04999999999995
Vehicle 36 : 0.0
Vehicle 37 : 560.3599999999999
Vehicle 38 : 274.56
Vehicle 39 : 568.89
-------------------| STATISTICS |-------------------

    Vehicles used                           : 27.5
    Machines used                           : 100.0
    Max load (vehicles)                     : 95.3488
    Min load (vehicles)                     : 23.2558
    Mean load (vehicles)                    : 61.3222
    Min completion time                     : 38.5174
    Max completion time                     : 94.8959
    Mean completion time                    : 73.0688
    Avrg travel time (with vehicle)         : 23.6067
    Avrg travel time (only with vehicle)    : 15.3975
    Avrg travel time (no vehicle)           : 8.2093
    Avrg waiting time (machine travel)      : 0.886
    Avrg waiting time (service)             : 13.4803
    Machines travel times (with vehicle)    : [31.8139, 14.4132, 20.276, 14.6136, 31.2902, 29.2334]
    Machines travel times (no vehicle)      : [11.5284, 4.8044, 8.4069, 6.0063, 8.765, 9.7445]
    Max load per vehicle                    : [58.6207, 0.0, 0.0, 0.0, 0.0, 0.0, 91.6667, 0.0, 0.0, 0.0, 0.0, 48.6111, 0.0, 0.0, 0.0, 0.0, 0.0, 52.7778, 0.0, 0.0, 0.0, 0.0, 0.0, 0.0, 23.2558, 0.0, 0.0, 0.0, 0.0, 0.0, 58.3333, 0.0, 41.8605, 0.0, 0.0, 75.0, 0.0, 95.3488, 37.2093, 91.8605]

----------------------------------------------------

TOTAL: 5095.82

Everything is awesome!
