-------------------| STATISTICS |-------------------

Vehicles used                           : 50.0
Machines used                           : 100.0
Max load (vehicles)                     : 81.9444
Min load (vehicles)                     : 8.1395
Mean load (vehicles)                    : 42.9716
Min completion time                     : 33.6924
Max completion time                     : 96.1735
Mean completion time                    : 72.9614
Avrg travel time (with vehicle)         : 33.2808
Avrg travel time (only with vehicle)    : 18.9274
Avrg travel time (no vehicle)           : 14.3533
Avrg waiting time (machine travel)      : 1.8396
Avrg waiting time (service)             : 13.0376
Machines travel times (with vehicle)    : [33.123, 29.9685, 34.7003, 29.1798, 39.4322]
Machines travel times (no vehicle)      : [15.7729, 14.1956, 16.5615, 10.2524, 14.9842]
Max load per vehicle                    : [0.0, 81.9444, 8.1395, 45.3488, 23.6111, 0.0, 0.0, 0.0, 0.0, 68.9655, 0.0, 0.0, 22.2222, 0.0, 66.6667, 0.0, 33.3333, 0.0, 0.0, 46.5517, 20.8333, 39.6552, 45.3488, 55.1724, 62.069, 76.7442, 45.8333, 0.0, 0.0, 0.0, 32.5581, 0.0, 30.5556, 0.0, 12.5, 0.0, 0.0, 0.0, 41.3793, 0.0]

----------------------------------------------------

TOTAL: 9251.5

Everything is awesome!
