-------------------| STATISTICS |-------------------

Vehicles used                           : 60.0
Machines used                           : 75.0
Max load (vehicles)                     : 100.0
Min load (vehicles)                     : 44.7368
Mean load (vehicles)                    : 67.3119
Min completion time                     : 34.1255
Max completion time                     : 93.4892
Mean completion time                    : 73.7677
Avrg travel time (with vehicle)         : 10.8225
Avrg travel time (only with vehicle)    : 7.215
Avrg travel time (no vehicle)           : 3.6075
Avrg waiting time (machine travel)      : 0.0
Avrg waiting time (service)             : 0.0
Machines travel times (with vehicle)    : [2.1645, 0.0, 12.987, 17.316]
Machines travel times (no vehicle)      : [0.0, 0.0, 4.329, 6.4935]
Max load per vehicle                    : [100.0, 56.25, 44.7368, 0.0, 87.5, 0.0, 61.5385, 0.0, 53.8462, 0.0]

----------------------------------------------------

TOTAL: 1022.42

Everything is awesome!
