Set parameter WLSAccessID
Set parameter WLSSecret
Set parameter LicenseID to value 2661775
Academic license 2661775 - for non-commercial use only - registered to me___@dcc.ufba.br
Loading line 2: methodType heur
Loading line 3: methodCode mslp
Loading line 4: seed 0
Loading line 5: threads 1
Loading line 6: greedy_service_order random
Loading line 7: outputFlagGrbMSLP 0
Loading line 8: mslpa 60000
Loading line 9: mslpr I
Loading line 10: maxtime 3600
Loading line 11: output ./logs/
Loading line 12: printsol 1
Loading line 13: solverMethod A
Instance: LR2_2_7_t2_60R_60V_04F_05M

[16:47:17.077] Running Data.readData with file /dados/rmelo/PDPTW-SE/benchmark_multi_floor_v3/official_experiments/multistartlp/preliminar/set_01_pt_03/../../../../instances/orig_ams_fg/60R_60V_04F_06M/t2/LR2_2_7/
vehicles: Vehicle[Vehicle(0, 52), Vehicle(1, 65), Vehicle(2, 78), Vehicle(3, 78), Vehicle(4, 52), Vehicle(5, 65), Vehicle(6, 78), Vehicle(7, 65), Vehicle(8, 78), Vehicle(9, 78), Vehicle(10, 78), Vehicle(11, 52), Vehicle(12, 52), Vehicle(13, 78), Vehicle(14, 65), Vehicle(15, 65), Vehicle(16, 65), Vehicle(17, 78), Vehicle(18, 78), Vehicle(19, 78), Vehicle(20, 52), Vehicle(21, 65), Vehicle(22, 52), Vehicle(23, 52), Vehicle(24, 65), Vehicle(25, 65), Vehicle(26, 65), Vehicle(27, 78), Vehicle(28, 78), Vehicle(29, 65), Vehicle(30, 52), Vehicle(31, 65), Vehicle(32, 52), Vehicle(33, 78), Vehicle(34, 52), Vehicle(35, 65), Vehicle(36, 65), Vehicle(37, 65), Vehicle(38, 78), Vehicle(39, 78), Vehicle(40, 78), Vehicle(41, 65), Vehicle(42, 78), Vehicle(43, 52), Vehicle(44, 65), Vehicle(45, 78), Vehicle(46, 78), Vehicle(47, 65), Vehicle(48, 65), Vehicle(49, 78), Vehicle(50, 65), Vehicle(51, 52), Vehicle(52, 65), Vehicle(53, 65), Vehicle(54, 78), Vehicle(55, 78), Vehicle(56, 65), Vehicle(57, 52), Vehicle(58, 52), Vehicle(59, 78)]
vehicle_types: Vehicle[Vehicle(0, 52), Vehicle(1, 65), Vehicle(2, 78)]
Machine[Machine(0, Point[Point(71, 71, 0), Point(71, 71, 1), Point(71, 71, 2), Point(71, 71, 3)], 0.2), Machine(1, Point[Point(73, 71, 0), Point(73, 71, 1), Point(73, 71, 2), Point(73, 71, 3)], 0.2), Machine(2, Point[Point(69, 71, 0), Point(69, 71, 1), Point(69, 71, 2), Point(69, 71, 3)], 0.2), Machine(3, Point[Point(75, 71, 0), Point(75, 71, 1), Point(75, 71, 2), Point(75, 71, 3)], 0.2), Machine(4, Point[Point(67, 71, 0), Point(67, 71, 1), Point(67, 71, 2), Point(67, 71, 3)], 0.2)]
refs: [1, 2, 3, 4, 6, 7, 8, 9, 11, 12, 17, 21, 22, 23, 24, 26, 27, 28, 30, 31, 33, 34, 35, 36, 39, 40, 42, 43, 48, 50, 54, 55, 56, 57, 62, 63, 65, 66, 68, 69, 75, 76, 77, 78, 79, 80, 84, 85, 87, 88, 89, 92, 94, 95, 96, 97, 98, 99, 100, 103, 105, 91, 82, 19, 119, 108, 70, 61, 112, 44, 109, 93, 74, 116, 64, 14, 107, 120, 25, 32, 18, 60, 121, 37, 15, 113, 106, 41, 10, 73, 67, 102, 47, 110, 38, 114, 81, 5, 101, 71, 104, 20, 16, 83, 52, 118, 49, 29, 51, 72, 117, 45, 111, 86, 58, 53, 59, 13, 90, 115, 46, 1]
V: [1, 2, 3, 4, 5, 6, 7, 8, 9, 10, 11, 12, 13, 14, 15, 16, 17, 18, 19, 20, 21, 22, 23, 24, 25, 26, 27, 28, 29, 30, 31, 32, 33, 34, 35, 36, 37, 38, 39, 40, 41, 42, 43, 44, 45, 46, 47, 48, 49, 50, 51, 52, 53, 54, 55, 56, 57, 58, 59, 60, 61, 62, 63, 64, 65, 66, 67, 68, 69, 70, 71, 72, 73, 74, 75, 76, 77, 78, 79, 80, 81, 82, 83, 84, 85, 86, 87, 88, 89, 90, 91, 92, 93, 94, 95, 96, 97, 98, 99, 100, 101, 102, 103, 104, 105, 106, 107, 108, 109, 110, 111, 112, 113, 114, 115, 116, 117, 118, 119, 120, 121]
V_p: [2, 3, 4, 5, 6, 7, 8, 9, 10, 11, 12, 13, 14, 15, 16, 17, 18, 19, 20, 21, 22, 23, 24, 25, 26, 27, 28, 29, 30, 31, 32, 33, 34, 35, 36, 37, 38, 39, 40, 41, 42, 43, 44, 45, 46, 47, 48, 49, 50, 51, 52, 53, 54, 55, 56, 57, 58, 59, 60, 61]
V_d: [62, 63, 64, 65, 66, 67, 68, 69, 70, 71, 72, 73, 74, 75, 76, 77, 78, 79, 80, 81, 82, 83, 84, 85, 86, 87, 88, 89, 90, 91, 92, 93, 94, 95, 96, 97, 98, 99, 100, 101, 102, 103, 104, 105, 106, 107, 108, 109, 110, 111, 112, 113, 114, 115, 116, 117, 118, 119, 120, 121]
Vprime: [1, 2, 3, 4, 5, 6, 7, 8, 9, 10, 11, 12, 13, 14, 15, 16, 17, 18, 19, 20, 21, 22, 23, 24, 25, 26, 27, 28, 29, 30, 31, 32, 33, 34, 35, 36, 37, 38, 39, 40, 41, 42, 43, 44, 45, 46, 47, 48, 49, 50, 51, 52, 53, 54, 55, 56, 57, 58, 59, 60, 61, 62, 63, 64, 65, 66, 67, 68, 69, 70, 71, 72, 73, 74, 75, 76, 77, 78, 79, 80, 81, 82, 83, 84, 85, 86, 87, 88, 89, 90, 91, 92, 93, 94, 95, 96, 97, 98, 99, 100, 101, 102, 103, 104, 105, 106, 107, 108, 109, 110, 111, 112, 113, 114, 115, 116, 117, 118, 119, 120, 121, 122]
V: [1, 2, 3, 4, 5, 6, 7, 8, 9, 10, 11, 12, 13, 14, 15, 16, 17, 18, 19, 20, 21, 22, 23, 24, 25, 26, 27, 28, 29, 30, 31, 32, 33, 34, 35, 36, 37, 38, 39, 40, 41, 42, 43, 44, 45, 46, 47, 48, 49, 50, 51, 52, 53, 54, 55, 56, 57, 58, 59, 60, 61, 62, 63, 64, 65, 66, 67, 68, 69, 70, 71, 72, 73, 74, 75, 76, 77, 78, 79, 80, 81, 82, 83, 84, 85, 86, 87, 88, 89, 90, 91, 92, 93, 94, 95, 96, 97, 98, 99, 100, 101, 102, 103, 104, 105, 106, 107, 108, 109, 110, 111, 112, 113, 114, 115, 116, 117, 118, 119, 120, 121]
q: [0, 7, 20, 14, 27, 22, 13, 8, 13, 9, 22, 19, 5, 8, 13, 13, 21, 12, 11, 13, 12, 24, 8, 20, 15, 6, 15, 20, 22, 26, 10, 9, 13, 16, 19, 17, 12, 9, 9, 29, 39, 9, 7, 20, 15, 25, 23, 4, 32, 16, 20, 26, 35, 13, 33, 11, 10, 23, 18, 16, 20, -7, -20, -14, -27, -22, -13, -8, -13, -9, -22, -19, -5, -8, -13, -13, -21, -12, -11, -13, -12, -24, -8, -20, -15, -6, -15, -20, -22, -26, -10, -9, -13, -16, -19, -17, -12, -9, -9, -29, -39, -9, -7, -20, -15, -25, -23, -4, -32, -16, -20, -26, -35, -13, -33, -11, -10, -23, -18, -16, -20, 0]
H: [1, 2, 3, 4, 5]
f: [[1, 1, 1, 1, 1], [3, 3, 3, 3, 3], [1, 1, 1, 1, 1], [1, 1, 1, 1, 1], [2, 2, 2, 2, 2], [2, 2, 2, 2, 2], [2, 2, 2, 2, 2], [2, 2, 2, 2, 2], [4, 4, 4, 4, 4], [4, 4, 4, 4, 4], [4, 4, 4, 4, 4], [4, 4, 4, 4, 4], [4, 4, 4, 4, 4], [1, 1, 1, 1, 1], [2, 2, 2, 2, 2], [4, 4, 4, 4, 4], [1, 1, 1, 1, 1], [4, 4, 4, 4, 4], [1, 1, 1, 1, 1], [2, 2, 2, 2, 2], [3, 3, 3, 3, 3], [3, 3, 3, 3, 3], [3, 3, 3, 3, 3], [1, 1, 1, 1, 1], [3, 3, 3, 3, 3], [4, 4, 4, 4, 4], [1, 1, 1, 1, 1], [1, 1, 1, 1, 1], [3, 3, 3, 3, 3], [3, 3, 3, 3, 3], [1, 1, 1, 1, 1], [4, 4, 4, 4, 4], [1, 1, 1, 1, 1], [3, 3, 3, 3, 3], [4, 4, 4, 4, 4], [4, 4, 4, 4, 4], [3, 3, 3, 3, 3], [4, 4, 4, 4, 4], [2, 2, 2, 2, 2], [3, 3, 3, 3, 3], [3, 3, 3, 3, 3], [3, 3, 3, 3, 3], [1, 1, 1, 1, 1], [3, 3, 3, 3, 3], [2, 2, 2, 2, 2], [2, 2, 2, 2, 2], [3, 3, 3, 3, 3], [4, 4, 4, 4, 4], [2, 2, 2, 2, 2], [1, 1, 1, 1, 1], [4, 4, 4, 4, 4], [4, 4, 4, 4, 4], [3, 3, 3, 3, 3], [4, 4, 4, 4, 4], [4, 4, 4, 4, 4], [1, 1, 1, 1, 1], [4, 4, 4, 4, 4], [4, 4, 4, 4, 4], [2, 2, 2, 2, 2], [4, 4, 4, 4, 4], [3, 3, 3, 3, 3], [2, 2, 2, 2, 2], [2, 2, 2, 2, 2], [3, 3, 3, 3, 3], [3, 3, 3, 3, 3], [2, 2, 2, 2, 2], [4, 4, 4, 4, 4], [1, 1, 1, 1, 1], [3, 3, 3, 3, 3], [3, 3, 3, 3, 3], [1, 1, 1, 1, 1], [4, 4, 4, 4, 4], [2, 2, 2, 2, 2], [1, 1, 1, 1, 1], [4, 4, 4, 4, 4], [2, 2, 2, 2, 2], [2, 2, 2, 2, 2], [3, 3, 3, 3, 3], [4, 4, 4, 4, 4], [2, 2, 2, 2, 2], [4, 4, 4, 4, 4], [3, 3, 3, 3, 3], [4, 4, 4, 4, 4], [1, 1, 1, 1, 1], [4, 4, 4, 4, 4], [3, 3, 3, 3, 3], [4, 4, 4, 4, 4], [3, 3, 3, 3, 3], [3, 3, 3, 3, 3], [1, 1, 1, 1, 1], [3, 3, 3, 3, 3], [3, 3, 3, 3, 3], [1, 1, 1, 1, 1], [4, 4, 4, 4, 4], [2, 2, 2, 2, 2], [3, 3, 3, 3, 3], [2, 2, 2, 2, 2], [3, 3, 3, 3, 3], [2, 2, 2, 2, 2], [1, 1, 1, 1, 1], [1, 1, 1, 1, 1], [4, 4, 4, 4, 4], [4, 4, 4, 4, 4], [3, 3, 3, 3, 3], [1, 1, 1, 1, 1], [2, 2, 2, 2, 2], [1, 1, 1, 1, 1], [2, 2, 2, 2, 2], [2, 2, 2, 2, 2], [3, 3, 3, 3, 3], [3, 3, 3, 3, 3], [1, 1, 1, 1, 1], [2, 2, 2, 2, 2], [4, 4, 4, 4, 4], [3, 3, 3, 3, 3], [3, 3, 3, 3, 3], [2, 2, 2, 2, 2], [1, 1, 1, 1, 1], [1, 1, 1, 1, 1], [3, 3, 3, 3, 3], [3, 3, 3, 3, 3], [1, 1, 1, 1, 1]]
1 1 1 -> 0.0
1 2 1 -> 5.0
1 3 1 -> 10.0
1 4 1 -> 15.0
2 1 1 -> 5.0
2 2 1 -> 0.0
2 3 1 -> 5.0
2 4 1 -> 10.0
3 1 1 -> 10.0
3 2 1 -> 5.0
3 3 1 -> 0.0
3 4 1 -> 5.0
4 1 1 -> 15.0
4 2 1 -> 10.0
4 3 1 -> 5.0
4 4 1 -> 0.0
1 1 2 -> 0.0
1 2 2 -> 5.0
1 3 2 -> 10.0
1 4 2 -> 15.0
2 1 2 -> 5.0
2 2 2 -> 0.0
2 3 2 -> 5.0
2 4 2 -> 10.0
3 1 2 -> 10.0
3 2 2 -> 5.0
3 3 2 -> 0.0
3 4 2 -> 5.0
4 1 2 -> 15.0
4 2 2 -> 10.0
4 3 2 -> 5.0
4 4 2 -> 0.0
1 1 3 -> 0.0
1 2 3 -> 5.0
1 3 3 -> 10.0
1 4 3 -> 15.0
2 1 3 -> 5.0
2 2 3 -> 0.0
2 3 3 -> 5.0
2 4 3 -> 10.0
3 1 3 -> 10.0
3 2 3 -> 5.0
3 3 3 -> 0.0
3 4 3 -> 5.0
4 1 3 -> 15.0
4 2 3 -> 10.0
4 3 3 -> 5.0
4 4 3 -> 0.0
1 1 4 -> 0.0
1 2 4 -> 5.0
1 3 4 -> 10.0
1 4 4 -> 15.0
2 1 4 -> 5.0
2 2 4 -> 0.0
2 3 4 -> 5.0
2 4 4 -> 10.0
3 1 4 -> 10.0
3 2 4 -> 5.0
3 3 4 -> 0.0
3 4 4 -> 5.0
4 1 4 -> 15.0
4 2 4 -> 10.0
4 3 4 -> 5.0
4 4 4 -> 0.0
1 1 5 -> 0.0
1 2 5 -> 5.0
1 3 5 -> 10.0
1 4 5 -> 15.0
2 1 5 -> 5.0
2 2 5 -> 0.0
2 3 5 -> 5.0
2 4 5 -> 10.0
3 1 5 -> 10.0
3 2 5 -> 5.0
3 3 5 -> 0.0
3 4 5 -> 5.0
4 1 5 -> 15.0
4 2 5 -> 10.0
4 3 5 -> 5.0
4 4 5 -> 0.0
o: (1, 2, 3) => 5.0
o: (3, 1, 3) => 10.0
o: (1, 3, 5) => 10.0
o: (3, 2, 4) => 5.0
o: (1, 4, 5) => 15.0
o: (3, 2, 3) => 5.0
o: (3, 3, 5) => 0.0
o: (2, 1, 1) => 5.0
o: (3, 4, 5) => 5.0
o: (1, 3, 2) => 10.0
o: (1, 4, 2) => 15.0
o: (4, 3, 4) => 5.0
o: (2, 2, 1) => 0.0
o: (4, 4, 4) => 0.0
o: (3, 3, 2) => 0.0
o: (3, 4, 2) => 5.0
o: (4, 3, 3) => 5.0
o: (4, 4, 3) => 0.0
o: (1, 1, 5) => 0.0
o: (1, 2, 5) => 5.0
o: (3, 1, 5) => 10.0
o: (1, 3, 1) => 10.0
o: (1, 1, 2) => 0.0
o: (1, 4, 1) => 15.0
o: (4, 1, 4) => 15.0
o: (3, 2, 5) => 5.0
o: (3, 3, 1) => 0.0
o: (1, 2, 2) => 5.0
o: (3, 1, 2) => 10.0
o: (3, 4, 1) => 5.0
o: (4, 1, 3) => 15.0
o: (4, 2, 4) => 10.0
o: (3, 2, 2) => 5.0
o: (2, 3, 4) => 5.0
o: (4, 2, 3) => 10.0
o: (2, 4, 4) => 10.0
o: (4, 3, 5) => 5.0
o: (4, 4, 5) => 0.0
o: (1, 1, 1) => 0.0
o: (2, 3, 3) => 5.0
o: (2, 4, 3) => 10.0
o: (4, 3, 2) => 5.0
o: (1, 2, 1) => 5.0
o: (3, 1, 1) => 10.0
o: (4, 4, 2) => 0.0
o: (3, 2, 1) => 5.0
o: (2, 1, 4) => 5.0
o: (4, 1, 5) => 15.0
o: (2, 1, 3) => 5.0
o: (2, 2, 4) => 0.0
o: (4, 2, 5) => 10.0
o: (4, 3, 1) => 5.0
o: (4, 1, 2) => 15.0
o: (4, 4, 1) => 0.0
o: (2, 2, 3) => 0.0
o: (2, 3, 5) => 5.0
o: (2, 4, 5) => 10.0
o: (4, 2, 2) => 10.0
o: (1, 3, 4) => 10.0
o: (2, 3, 2) => 5.0
o: (1, 4, 4) => 15.0
o: (2, 4, 2) => 10.0
o: (1, 3, 3) => 10.0
o: (3, 3, 4) => 0.0
o: (1, 4, 3) => 15.0
o: (3, 4, 4) => 5.0
o: (4, 1, 1) => 15.0
o: (2, 1, 5) => 5.0
o: (3, 3, 3) => 0.0
o: (3, 4, 3) => 5.0
o: (4, 2, 1) => 10.0
o: (2, 2, 5) => 0.0
o: (2, 3, 1) => 5.0
o: (1, 1, 4) => 0.0
o: (2, 1, 2) => 5.0
o: (2, 4, 1) => 10.0
o: (1, 1, 3) => 0.0
o: (1, 2, 4) => 5.0
o: (2, 2, 2) => 0.0
o: (3, 1, 4) => 10.0

[118, 2742, 2732, 2643, 2633, 2648, 2566, 16]
JOBS in the order of refs (Vprime)
Node 1: Job(0, Point(70, 70, 0), 0, 0, 2535, 0, 0, 0)
Node 2: Job(2, Point(26, 50, 2), 7, 1490, 1730, 10, 0, 108)
Node 3: Job(3, Point(30, 57, 0), 20, 0, 2483, 10, 0, 95)
Node 4: Job(4, Point(29, 60, 0), 14, 0, 2483, 10, 0, 20)
Node 5: Job(6, Point(137, 137, 1), 27, 339, 579, 10, 0, 191)
Node 6: Job(8, Point(78, 111, 1), 22, 47, 287, 10, 0, 136)
Node 7: Job(9, Point(107, 25, 1), 13, 1035, 1275, 10, 0, 82)
Node 8: Job(10, Point(17, 138, 1), 8, 1670, 1910, 10, 0, 73)
Node 9: Job(12, Point(20, 69, 3), 13, 0, 2475, 10, 0, 164)
Node 10: Job(13, Point(121, 123, 3), 9, 0, 2452, 10, 0, 52)
Node 11: Job(18, Point(79, 72, 3), 22, 0, 2516, 10, 0, 138)
Node 12: Job(23, Point(78, 63, 3), 19, 0, 2515, 10, 0, 110)
Node 13: Job(25, Point(37, 79, 3), 5, 0, 2491, 10, 0, 87)
Node 14: Job(26, Point(64, 132, 0), 8, 170, 410, 10, 0, 173)
Node 15: Job(27, Point(133, 130, 1), 13, 0, 2438, 10, 0, 76)
Node 16: Job(31, Point(140, 42, 3), 13, 0, 2450, 10, 0, 15)
Node 17: Job(32, Point(121, 124, 0), 21, 539, 779, 10, 0, 127)
Node 18: Job(33, Point(42, 29, 3), 12, 0, 2476, 10, 0, 192)
Node 19: Job(35, Point(32, 6, 0), 11, 320, 560, 10, 0, 30)
Node 20: Job(36, Point(41, 36, 1), 13, 146, 386, 10, 0, 37)
Node 21: Job(38, Point(107, 102, 2), 12, 0, 2477, 10, 0, 19)
Node 22: Job(40, Point(132, 133, 2), 24, 0, 2437, 10, 0, 72)
Node 23: Job(41, Point(81, 57, 2), 8, 17, 257, 10, 0, 198)
Node 24: Job(42, Point(120, 52, 0), 20, 0, 2472, 10, 0, 43)
Node 25: Job(45, Point(82, 103, 2), 15, 0, 2490, 10, 0, 16)
Node 26: Job(47, Point(90, 44, 3), 6, 149, 389, 10, 0, 165)
Node 27: Job(50, Point(64, 138, 0), 15, 0, 2457, 10, 0, 124)
Node 28: Job(51, Point(98, 4, 0), 20, 0, 2454, 10, 0, 49)
Node 29: Job(56, Point(86, 40, 2), 22, 0, 2491, 10, 0, 11)
Node 30: Job(58, Point(59, 115, 2), 26, 1195, 1435, 10, 0, 86)
Node 31: Job(64, Point(37, 125, 0), 10, 0, 2461, 10, 0, 79)
Node 32: Job(65, Point(99, 34, 3), 9, 243, 483, 10, 0, 120)
Node 33: Job(66, Point(38, 122, 0), 13, 876, 1116, 10, 0, 55)
Node 34: Job(68, Point(109, 131, 2), 16, 0, 2453, 10, 0, 158)
Node 35: Job(74, Point(48, 47, 3), 19, 31, 271, 10, 0, 44)
Node 36: Job(75, Point(104, 73, 3), 17, 0, 2491, 10, 0, 169)
Node 37: Job(77, Point(103, 44, 2), 12, 0, 2483, 10, 0, 94)
Node 38: Job(78, Point(73, 96, 3), 9, 604, 844, 10, 0, 5)
Node 39: Job(80, Point(71, 70, 1), 9, 0, 2524, 10, 0, 119)
Node 40: Job(81, Point(83, 12, 2), 29, 0, 2466, 10, 0, 83)
Node 41: Job(88, Point(120, 22, 2), 39, 396, 636, 10, 0, 122)
Node 42: Job(89, Point(54, 106, 2), 9, 1117, 1357, 10, 0, 22)
Node 43: Job(90, Point(63, 129, 0), 7, 765, 1005, 10, 0, 17)
Node 44: Job(91, Point(33, 117, 2), 20, 316, 556, 10, 0, 96)
Node 45: Job(92, Point(102, 52, 1), 15, 0, 2489, 10, 0, 61)
Node 46: Job(93, Point(13, 129, 1), 25, 1345, 1585, 10, 0, 189)
Node 47: Job(99, Point(70, 83, 2), 23, 0, 2512, 10, 0, 57)
Node 48: Job(100, Point(12, 48, 3), 4, 172, 412, 10, 0, 34)
Node 49: Job(103, Point(116, 22, 1), 32, 491, 731, 10, 0, 60)
Node 50: Job(105, Point(19, 120, 0), 16, 0, 2454, 10, 0, 85)
Node 51: Job(106, Point(23, 39, 3), 20, 1347, 1587, 10, 0, 179)
Node 52: Job(109, Point(18, 70, 3), 26, 1504, 1744, 10, 0, 53)
Node 53: Job(111, Point(61, 57, 2), 35, 0, 2510, 10, 0, 163)
Node 54: Job(112, Point(123, 84, 3), 13, 1606, 1846, 10, 0, 102)
Node 55: Job(113, Point(37, 73, 3), 33, 0, 2492, 10, 0, 70)
Node 56: Job(114, Point(115, 124, 0), 11, 0, 2455, 10, 0, 63)
Node 57: Job(115, Point(93, 61, 3), 10, 0, 2501, 10, 0, 71)
Node 58: Job(116, Point(89, 39, 3), 23, 36, 276, 10, 0, 14)
Node 59: Job(118, Point(108, 30, 1), 18, 323, 563, 10, 0, 107)
Node 60: Job(121, Point(2, 106, 3), 16, 1487, 1727, 10, 0, 171)
Node 61: Job(123, Point(26, 130, 2), 20, 0, 2451, 10, 0, 54)
Node 62: Job(108, Point(15, 18, 1), -7, 1540, 1780, 10, 2, 0)
Node 63: Job(95, Point(114, 109, 1), -20, 249, 489, 10, 3, 0)
Node 64: Job(20, Point(8, 87, 2), -14, 1545, 1785, 10, 4, 0)
Node 65: Job(191, Point(125, 68, 2), -27, 708, 948, 10, 6, 0)
Node 66: Job(136, Point(92, 138, 1), -22, 0, 2454, 10, 8, 0)
Node 67: Job(82, Point(36, 54, 3), -13, 1428, 1668, 10, 9, 0)
Node 68: Job(73, Point(39, 100, 0), -8, 0, 2482, 10, 10, 0)
Node 69: Job(164, Point(65, 80, 2), -13, 0, 2514, 10, 12, 0)
Node 70: Job(52, Point(61, 34, 2), -9, 1830, 2070, 10, 13, 0)
Node 71: Job(138, Point(100, 99, 0), -22, 1136, 1376, 10, 18, 0)
Node 72: Job(110, Point(16, 62, 3), -19, 1524, 1764, 10, 23, 0)
Node 73: Job(87, Point(34, 72, 1), -5, 0, 2489, 10, 25, 0)
Node 74: Job(173, Point(67, 120, 0), -8, 1375, 1615, 10, 26, 0)
Node 75: Job(76, Point(9, 19, 3), -13, 1431, 1671, 10, 27, 0)
Node 76: Job(15, Point(137, 7, 1), -13, 0, 2434, 10, 31, 0)
Node 77: Job(127, Point(138, 105, 1), -21, 0, 2449, 10, 32, 0)
Node 78: Job(192, Point(44, 36, 2), -12, 131, 371, 10, 33, 0)
Node 79: Job(30, Point(10, 86, 3), -11, 0, 2463, 10, 35, 0)
Node 80: Job(37, Point(106, 10, 1), -13, 1135, 1375, 10, 36, 0)
Node 81: Job(19, Point(104, 32, 3), -12, 0, 2475, 10, 38, 0)
Node 82: Job(72, Point(88, 29, 2), -24, 0, 2481, 10, 40, 0)
Node 83: Job(198, Point(8, 138, 3), -8, 1105, 1345, 10, 41, 0)
Node 84: Job(43, Point(113, 32, 0), -20, 0, 2468, 10, 42, 0)
Node 85: Job(16, Point(50, 106, 3), -15, 1221, 1461, 10, 45, 0)
Node 86: Job(165, Point(28, 62, 2), -6, 0, 2483, 10, 47, 0)
Node 87: Job(124, Point(85, 111, 3), -15, 952, 1192, 10, 50, 0)
Node 88: Job(49, Point(89, 24, 2), -20, 0, 2476, 10, 51, 0)
Node 89: Job(11, Point(37, 138, 2), -22, 0, 2450, 10, 56, 0)
Node 90: Job(86, Point(67, 96, 0), -26, 1908, 2148, 10, 58, 0)
Node 91: Job(79, Point(44, 116, 2), -10, 0, 2473, 10, 64, 0)
Node 92: Job(120, Point(92, 22, 2), -9, 0, 2473, 10, 65, 0)
Node 93: Job(55, Point(84, 88, 0), -13, 1365, 1605, 10, 66, 0)
Node 94: Job(158, Point(54, 41, 3), -16, 1065, 1305, 10, 68, 0)
Node 95: Job(44, Point(137, 101, 1), -19, 617, 857, 10, 74, 0)
Node 96: Job(169, Point(51, 92, 2), -17, 1731, 1971, 10, 75, 0)
Node 97: Job(94, Point(34, 20, 1), -12, 0, 2464, 10, 77, 0)
Node 98: Job(5, Point(69, 116, 2), -9, 0, 2479, 10, 78, 0)
Node 99: Job(119, Point(120, 60, 1), -9, 156, 396, 10, 80, 0)
Node 100: Job(83, Point(16, 92, 0), -29, 0, 2467, 10, 81, 0)
Node 101: Job(122, Point(117, 92, 0), -39, 0, 2474, 10, 88, 0)
Node 102: Job(22, Point(80, 103, 3), -9, 1428, 1668, 10, 89, 0)
Node 103: Job(17, Point(46, 112, 3), -7, 1084, 1324, 10, 90, 0)
Node 104: Job(96, Point(86, 80, 2), -20, 0, 2507, 10, 91, 0)
Node 105: Job(61, Point(104, 54, 0), -15, 150, 390, 10, 92, 0)
Node 106: Job(189, Point(5, 99, 1), -25, 0, 2454, 10, 93, 0)
Node 107: Job(57, Point(69, 115, 0), -23, 0, 2480, 10, 99, 0)
Node 108: Job(34, Point(44, 58, 1), -4, 39, 279, 10, 100, 0)
Node 109: Job(60, Point(107, 77, 1), -32, 0, 2488, 10, 103, 0)
Node 110: Job(85, Point(27, 104, 2), -16, 1949, 2189, 10, 105, 0)
Node 111: Job(179, Point(60, 23, 2), -20, 0, 2477, 10, 106, 0)
Node 112: Job(53, Point(60, 84, 0), -26, 1866, 2106, 10, 109, 0)
Node 113: Job(163, Point(54, 78, 1), -35, 0, 2508, 10, 111, 0)
Node 114: Job(102, Point(109, 78, 3), -13, 0, 2486, 10, 112, 0)
Node 115: Job(70, Point(47, 83, 2), -33, 0, 2499, 10, 113, 0)
Node 116: Job(63, Point(32, 52, 2), -11, 0, 2483, 10, 114, 0)
Node 117: Job(71, Point(139, 68, 1), -10, 0, 2456, 10, 115, 0)
Node 118: Job(14, Point(22, 104, 0), -23, 0, 2467, 10, 116, 0)
Node 119: Job(107, Point(110, 99, 0), -18, 0, 2476, 10, 118, 0)
Node 120: Job(171, Point(66, 82, 2), -16, 0, 2513, 10, 121, 0)
Node 121: Job(54, Point(13, 48, 2), -20, 1622, 1862, 10, 123, 0)
Node 122: Job(0, Point(70, 70, 0), 0, 0, 2535, 0, 0, 0)

### Preprocessing Data ###
	-> arcs: 14884 (100.0%)
	-> arc_removals: 3520 (23.65%)
	-> arc_removals_is_loop: 122 (0.82%)
	-> arc_removals_is_delivery_to_pickup: 62 (0.42%)
	-> arc_removals_is_depot_begin_to_delivery: 60 (0.4%)
	-> arc_removals_is_pickup_to_depot_end: 60 (0.4%)
	-> arc_removals_is_dest_depot_begin: 120 (0.81%)
	-> arc_removals_is_orig_depot_end: 119 (0.8%)
	-> arc_removals_is_capacity_violated: 0 (0.0%)
	-> arc_removals_is_time_window_limited: 2182 (14.66%)
	-> arc_removals_is_time_window_pairing_limited: 572 (3.84%)
	-> arc_removals_is_indirect_request_service_impossible: 223 (1.5%)
	-> gamma_vars: 0 (0%)
	-> feas_gamma_vars: 0 (0%)
	-> infeas_gamma_vars_is_next_mtrv_unreachable: 0 (0%)
	-> infeas_gamma_vars_is_iprime_jprime_eq_i_j: 0 (0%)
	-> machine_removal_for_an_arc: 0 (0.0%)
##########################

[16:47:26.895] Print configuration
------------------------------------------------------
"
[16:47:26.895] Running Multi Start Heuristic"
> Experiment started at 2025-10-09T16:47:26.895
> Instance: LR2_2_7_t2_60R_60V_04F_05M
> Algorithm Parameters:


	>Stop params:
		>  - rule ITERATIONS
		>  - argument 60000.0
		>  - maximum_time 3600

	>General params:
		>  - instPath /dados/rmelo/PDPTW-SE/benchmark_multi_floor_v3/official_experiments/multistartlp/preliminar/set_01_pt_03/../../../../instances/orig_ams_fg/60R_60V_04F_06M/t2/LR2_2_7/
		>  - name LR2_2_7
		>  - type t2
		>  - group 60R_60V_04F_05M
		>  - fullname LR2_2_7_t2_60R_60V_04F_05M
		>  - methodType heur
		>  - methodCode mslp
		>  - genconfigfile /dados/rmelo/PDPTW-SE/benchmark_multi_floor_v3/official_experiments/multistartlp/preliminar/set_01_pt_03/configs/genconfig_mslp.conf
		>  - genconfigfilename genconfig_mslp
		>  - greedy_service_order random
		>  - cutoff 0
		>  - cutoffmachs 5
		>  - num_machs 0
		>  - solver Gurobi
		>  - maxtime 3600
		>  - gurobiCuts 1
		>  - typeUserCut 0
		>  - mipPresolve -1
		>  - printsol 1
		>  - maxnodes -1
		>  - elevator 1
		>  - make_instance_feasible false
		>  - output /dados/rmelo/PDPTW-SE/benchmark_multi_floor_v3/official_experiments/multistartlp/preliminar/set_01_pt_03/logs
		>  - suff_outputs _seed_80_alpha_20p
		>  - suff_csv _bash_4_rb
		>  - epsilon 0.005
		>  - epsilonCap 0.5
		>  - warmStart false
		>  - seed 80
		>  - rng Random.MersenneTwister(80)
		>  - alpha 0.2
		>  - maxiter 1000000
		>  - outputFlagGrbMIP 0
		>  - outputFlagGrbMSLP 0
		>  - outputFlagGrbLMNS 0
		>  - mslpr I
		>  - mslpa 60000
		>  - lmnsr M
		>  - lmnsa 60
		>  - lmnsRepairTime 30.0
		>  - lmnsMIPFocus 0
		>  - lmnsGapToBiggerDestruction 50
		>  - lmnsGapToSmallerDestruction 95
		>  - lmnsWeightShawDistProx 1.0
		>  - lmnsWeightShawEarlProx 1.0
		>  - lmnsWeightShawSameRoute 1.0
		>  - lmnsWeightShawDemandSim 1.0
		>  - lmnsReqRApplyMIPStart true
		>  - lmnsAcceptanceCriteria H
		>  - lmnsMetropolisTemp 100.0
		>  - lmnsSimulatedAnnealingTemp 100.0
		>  - lmnsSimulatedAnnealingCool 0.95
		>  - mipmaxtime 3600
		>  - csvfilename /dados/rmelo/PDPTW-SE/benchmark_multi_floor_v3/official_experiments/multistartlp/preliminar/set_01_pt_03/logs/heur_mslp/outputs/csvresults_heur_mslp_bash_4_rb.csv
		>  - solfilename /dados/rmelo/PDPTW-SE/benchmark_multi_floor_v3/official_experiments/multistartlp/preliminar/set_01_pt_03/logs/heur_mslp/solutions/60R_60V_04F_05M/LR2_2_7_sol_genconfig_mslp_seed_80_alpha_20p.txt
		>  - timelineFilename /dados/rmelo/PDPTW-SE/benchmark_multi_floor_v3/official_experiments/multistartlp/preliminar/set_01_pt_03/logs/heur_mslp/timelines/60R_60V_04F_05M/LR2_2_7_timeline_genconfig_mslp_seed_80_alpha_20p.txt
		>  - grbFilename /dados/rmelo/PDPTW-SE/benchmark_multi_floor_v3/official_experiments/multistartlp/preliminar/set_01_pt_03/logs/heur_mslp/gurobi/60R_60V_04F_05M/LR2_2_7_grb_genconfig_mslp_seed_80_alpha_20p.log
		>  - threads 1
		>  - solverMethod AUTOMATIC

------------------------------------------------------

[16:47:26.996] Starting running MSLP
objValue;greedysol;iteration;time
10775.82;10906.85;1;0.133486
10729.24;10893.09;3571;397.398679

[17:48:04.911] Finished running MSLP
System CPU time: 16.68 seconds

[17:48:04.98] Post running MSLP
Best solution value: 10729.24
Total time elapsed: 3600.095733
Time to best: 397.398679
Iterations: 32008
Iterations to best: 3571
Improvements: 2
Infeasible solutions percentage: (7978 / 32008) = 24.9250 %
(LP improvements)/(LP runs) = 24030/24030 = 100.0000 %
Mean LP improvement percentage: 1.5723 %
[17:48:05.226] Writing results to CSV file: /dados/rmelo/PDPTW-SE/benchmark_multi_floor_v3/official_experiments/multistartlp/preliminar/set_01_pt_03/logs/heur_mslp/outputs/csvresults_heur_mslp_bash_4_rb.csv

[17:48:07.248] Saving solution to file:/dados/rmelo/PDPTW-SE/benchmark_multi_floor_v3/official_experiments/multistartlp/preliminar/set_01_pt_03/logs/heur_mslp/solutions/60R_60V_04F_05M/LR2_2_7_sol_genconfig_mslp_seed_80_alpha_20p.txt

[17:48:07.248] Saving solution timeline to file: /dados/rmelo/PDPTW-SE/benchmark_multi_floor_v3/official_experiments/multistartlp/preliminar/set_01_pt_03/logs/heur_mslp/timelines/60R_60V_04F_05M/LR2_2_7_timeline_genconfig_mslp_seed_80_alpha_20p.txt
---------------------| VEHICLES |---------------------

Vehicle 1 :
	id: 0
		node: 1
		(x, y, z): (70, 70, 0)
		dem: 0
		earl: 0
		lat: 2535
		servt: 0
		pid: 0
		did: 0
		servST: 113.89000000000003
		(h, h_ind): (-1, 0)
		load: 0.0

	Finished service at time: 113.89000000000003

	Task 0 -> Task 42: 53.14
	Vehicle arrival at task: 167.03000000000003
	Waiting time until service start time: 0.0

	id: 42
		node: 24
		(x, y, z): (120, 52, 0)
		dem: 20
		earl: 0
		lat: 2472
		servt: 10
		pid: 0
		did: 43
		servST: 167.03000000000003
		(h, h_ind): (-1, 0)
		load: 20.0

	Finished service at time: 177.03000000000003

	Task 42 -> Task 43: 21.19
	Vehicle arrival at task: 198.22000000000003
	Waiting time until service start time: 0.0

	id: 43
		node: 84
		(x, y, z): (113, 32, 0)
		dem: -20
		earl: 0
		lat: 2468
		servt: 10
		pid: 42
		did: 0
		servST: 198.22000000000003
		(h, h_ind): (-1, 0)
		load: 0.0

	Finished service at time: 208.22000000000003

	Using Machine: 1
		Task 43 -> Machine 1 (Station 1): 55.87
		Vehicle arrival at machine station: 264.09000000000003
		Waiting time until machine travel: 0.0

		Machine travel start time: 264.09000000000003
		Region 0 -> Region 1: 5.0
		Machine arrival at machine station: 269.09000000000003

		Machine 1 (Station 2)-> Task 118: 53.91
		Vehicle arrival at task: 323.0
		Waiting time until service start time: 0.0

	id: 118
		node: 59
		(x, y, z): (108, 30, 1)
		dem: 18
		earl: 323
		lat: 563
		servt: 10
		pid: 0
		did: 107
		servST: 323.0
		(h, h_ind): (1, 3)
		load: 18.0

	Finished service at time: 333.0

	Using Machine: 1
		Task 118 -> Machine 1 (Station 2): 53.91
		Vehicle arrival at machine station: 386.90999999999997
		Waiting time until machine travel: 0.0

		Machine travel start time: 386.90999999999997
		Region 1 -> Region 2: 5.0
		Machine arrival at machine station: 391.90999999999997

		Machine 1 (Station 3)-> Task 88: 67.9
		Vehicle arrival at task: 459.80999999999995
		Waiting time until service start time: 0.0

	id: 88
		node: 41
		(x, y, z): (120, 22, 2)
		dem: 39
		earl: 396
		lat: 636
		servt: 10
		pid: 0
		did: 122
		servST: 459.80999999999995
		(h, h_ind): (1, 4)
		load: 57.0

	Finished service at time: 469.80999999999995

	Using Machine: 1
		Task 88 -> Machine 1 (Station 3): 67.9
		Vehicle arrival at machine station: 537.7099999999999
		Waiting time until machine travel: 0.0

		Machine travel start time: 537.7099999999999
		Region 2 -> Region 0: 10.0
		Machine arrival at machine station: 547.7099999999999

		Machine 1 (Station 1)-> Task 122: 48.75
		Vehicle arrival at task: 596.4599999999999
		Waiting time until service start time: 0.0

	id: 122
		node: 101
		(x, y, z): (117, 92, 0)
		dem: -39
		earl: 0
		lat: 2474
		servt: 10
		pid: 88
		did: 0
		servST: 596.4599999999999
		(h, h_ind): (1, 5)
		load: 18.0

	Finished service at time: 606.4599999999999

	Task 122 -> Task 107: 9.9
	Vehicle arrival at task: 616.3599999999999
	Waiting time until service start time: 0.0

	id: 107
		node: 119
		(x, y, z): (110, 99, 0)
		dem: -18
		earl: 0
		lat: 2476
		servt: 10
		pid: 118
		did: 0
		servST: 616.3599999999999
		(h, h_ind): (-1, 0)
		load: 0.0

	Finished service at time: 626.3599999999999

	Task 107 -> Task 0: 49.41
	Vehicle arrival at task: 675.7699999999999
	Waiting time until service start time: 0.0

	id: 0
		node: 122
		(x, y, z): (70, 70, 0)
		dem: 0
		earl: 0
		lat: 2535
		servt: 0
		pid: 0
		did: 0
		servST: 675.7699999999999
		(h, h_ind): (-1, 0)
		load: 0.0


Vehicle 2 :
	id: 0
		node: 1
		(x, y, z): (70, 70, 0)
		dem: 0
		earl: 0
		lat: 2535
		servt: 0
		pid: 0
		did: 0
		servST: 4.129999999999928
		(h, h_ind): (-1, 0)
		load: 0.0

	Finished service at time: 4.129999999999928

	Using Machine: 4
		Task 0 -> Machine 4 (Station 1): 3.16
		Vehicle arrival at machine station: 7.289999999999928
		Waiting time until machine travel: 0.0

		Machine travel start time: 7.289999999999928
		Region 0 -> Region 3: 15.0
		Machine arrival at machine station: 22.289999999999928

		Machine 4 (Station 4)-> Task 74: 30.61
		Vehicle arrival at task: 52.89999999999993
		Waiting time until service start time: 0.0

	id: 74
		node: 35
		(x, y, z): (48, 47, 3)
		dem: 19
		earl: 31
		lat: 271
		servt: 10
		pid: 0
		did: 44
		servST: 52.89999999999993
		(h, h_ind): (4, 1)
		load: 19.0

	Finished service at time: 62.89999999999993

	Task 74 -> Task 116: 41.77
	Vehicle arrival at task: 104.66999999999993
	Waiting time until service start time: 0.0

	id: 116
		node: 58
		(x, y, z): (89, 39, 3)
		dem: 23
		earl: 36
		lat: 276
		servt: 10
		pid: 0
		did: 14
		servST: 104.66999999999993
		(h, h_ind): (-1, 0)
		load: 42.0

	Finished service at time: 114.66999999999993

	Using Machine: 3
		Task 116 -> Machine 3 (Station 4): 34.93
		Vehicle arrival at machine station: 149.59999999999994
		Waiting time until machine travel: 0.0

		Machine travel start time: 149.59999999999994
		Region 3 -> Region 2: 5.0
		Machine arrival at machine station: 154.59999999999994

		Machine 3 (Station 3)-> Task 41: 15.23
		Vehicle arrival at task: 169.82999999999993
		Waiting time until service start time: 0.0

	id: 41
		node: 23
		(x, y, z): (81, 57, 2)
		dem: 8
		earl: 17
		lat: 257
		servt: 10
		pid: 0
		did: 198
		servST: 169.82999999999993
		(h, h_ind): (3, 4)
		load: 50.0

	Finished service at time: 179.82999999999993

	Using Machine: 3
		Task 41 -> Machine 3 (Station 3): 15.23
		Vehicle arrival at machine station: 195.05999999999992
		Waiting time until machine travel: 0.0

		Machine travel start time: 195.05999999999992
		Region 2 -> Region 1: 5.0
		Machine arrival at machine station: 200.05999999999992

		Machine 3 (Station 2)-> Task 92: 33.02
		Vehicle arrival at task: 233.07999999999993
		Waiting time until service start time: 0.0

	id: 92
		node: 45
		(x, y, z): (102, 52, 1)
		dem: 15
		earl: 0
		lat: 2489
		servt: 10
		pid: 0
		did: 61
		servST: 233.07999999999993
		(h, h_ind): (3, 5)
		load: 65.0

	Finished service at time: 243.07999999999993

	Using Machine: 3
		Task 92 -> Machine 3 (Station 2): 33.02
		Vehicle arrival at machine station: 276.0999999999999
		Waiting time until machine travel: 0.0

		Machine travel start time: 276.0999999999999
		Region 1 -> Region 0: 5.0
		Machine arrival at machine station: 281.0999999999999

		Machine 3 (Station 1)-> Task 61: 33.62
		Vehicle arrival at task: 314.7199999999999
		Waiting time until service start time: 0.0

	id: 61
		node: 105
		(x, y, z): (104, 54, 0)
		dem: -15
		earl: 150
		lat: 390
		servt: 10
		pid: 92
		did: 0
		servST: 314.7199999999999
		(h, h_ind): (3, 7)
		load: 50.0

	Finished service at time: 324.7199999999999

	Task 61 -> Task 14: 96.04
	Vehicle arrival at task: 420.75999999999993
	Waiting time until service start time: 0.0

	id: 14
		node: 118
		(x, y, z): (22, 104, 0)
		dem: -23
		earl: 0
		lat: 2467
		servt: 10
		pid: 116
		did: 0
		servST: 420.75999999999993
		(h, h_ind): (-1, 0)
		load: 27.0

	Finished service at time: 430.75999999999993

	Task 14 -> Task 50: 54.04
	Vehicle arrival at task: 484.79999999999995
	Waiting time until service start time: 0.0

	id: 50
		node: 27
		(x, y, z): (64, 138, 0)
		dem: 15
		earl: 0
		lat: 2457
		servt: 10
		pid: 0
		did: 124
		servST: 484.79999999999995
		(h, h_ind): (-1, 0)
		load: 42.0

	Finished service at time: 494.79999999999995

	Task 50 -> Task 64: 29.97
	Vehicle arrival at task: 524.77
	Waiting time until service start time: 0.0

	id: 64
		node: 31
		(x, y, z): (37, 125, 0)
		dem: 10
		earl: 0
		lat: 2461
		servt: 10
		pid: 0
		did: 79
		servST: 524.77
		(h, h_ind): (-1, 0)
		load: 52.0

	Finished service at time: 534.77

	Using Machine: 1
		Task 64 -> Machine 1 (Station 1): 64.9
		Vehicle arrival at machine station: 599.67
		Waiting time until machine travel: 0.0

		Machine travel start time: 599.67
		Region 0 -> Region 1: 5.0
		Machine arrival at machine station: 604.67

		Machine 1 (Station 2)-> Task 44: 70.68
		Vehicle arrival at task: 675.3499999999999
		Waiting time until service start time: 0.0

	id: 44
		node: 95
		(x, y, z): (137, 101, 1)
		dem: -19
		earl: 617
		lat: 857
		servt: 10
		pid: 74
		did: 0
		servST: 675.3499999999999
		(h, h_ind): (1, 6)
		load: 33.0

	Finished service at time: 685.3499999999999

	Using Machine: 1
		Task 44 -> Machine 1 (Station 2): 70.68
		Vehicle arrival at machine station: 756.03
		Waiting time until machine travel: 0.0

		Machine travel start time: 756.03
		Region 1 -> Region 2: 5.0
		Machine arrival at machine station: 761.03

		Machine 1 (Station 3)-> Task 79: 53.54
		Vehicle arrival at task: 814.5699999999999
		Waiting time until service start time: 0.0

	id: 79
		node: 91
		(x, y, z): (44, 116, 2)
		dem: -10
		earl: 0
		lat: 2473
		servt: 10
		pid: 64
		did: 0
		servST: 814.5699999999999
		(h, h_ind): (1, 7)
		load: 23.0

	Finished service at time: 824.5699999999999

	Using Machine: 2
		Task 79 -> Machine 2 (Station 3): 51.48
		Vehicle arrival at machine station: 876.05
		Waiting time until machine travel: 0.0

		Machine travel start time: 876.05
		Region 2 -> Region 0: 10.0
		Machine arrival at machine station: 886.05

		Machine 2 (Station 1)-> Task 90: 58.31
		Vehicle arrival at task: 944.3599999999999
		Waiting time until service start time: 0.0

	id: 90
		node: 43
		(x, y, z): (63, 129, 0)
		dem: 7
		earl: 765
		lat: 1005
		servt: 10
		pid: 0
		did: 17
		servST: 944.3599999999999
		(h, h_ind): (2, 4)
		load: 30.0

	Finished service at time: 954.3599999999999

	Using Machine: 3
		Task 90 -> Machine 3 (Station 1): 59.23
		Vehicle arrival at machine station: 1013.5899999999999
		Waiting time until machine travel: 0.0

		Machine travel start time: 1013.5899999999999
		Region 0 -> Region 2: 10.0
		Machine arrival at machine station: 1023.5899999999999

		Machine 3 (Station 3)-> Task 45: 32.76
		Vehicle arrival at task: 1056.35
		Waiting time until service start time: 0.0

	id: 45
		node: 25
		(x, y, z): (82, 103, 2)
		dem: 15
		earl: 0
		lat: 2490
		servt: 10
		pid: 0
		did: 16
		servST: 1056.35
		(h, h_ind): (3, 16)
		load: 45.0

	Finished service at time: 1066.35

	Using Machine: 3
		Task 45 -> Machine 3 (Station 3): 32.76
		Vehicle arrival at machine station: 1099.11
		Waiting time until machine travel: 0.0

		Machine travel start time: 1099.11
		Region 2 -> Region 3: 5.0
		Machine arrival at machine station: 1104.11

		Machine 3 (Station 4)-> Task 124: 41.23
		Vehicle arrival at task: 1145.34
		Waiting time until service start time: 0.0

	id: 124
		node: 87
		(x, y, z): (85, 111, 3)
		dem: -15
		earl: 952
		lat: 1192
		servt: 10
		pid: 50
		did: 0
		servST: 1145.34
		(h, h_ind): (3, 17)
		load: 30.0

	Finished service at time: 1155.34

	Task 124 -> Task 198: 81.6
	Vehicle arrival at task: 1236.9399999999998
	Waiting time until service start time: 0.0

	id: 198
		node: 83
		(x, y, z): (8, 138, 3)
		dem: -8
		earl: 1105
		lat: 1345
		servt: 10
		pid: 41
		did: 0
		servST: 1236.9399999999998
		(h, h_ind): (-1, 0)
		load: 22.0

	Finished service at time: 1246.9399999999998

	Task 198 -> Task 16: 52.8
	Vehicle arrival at task: 1299.7399999999998
	Waiting time until service start time: 0.0

	id: 16
		node: 85
		(x, y, z): (50, 106, 3)
		dem: -15
		earl: 1221
		lat: 1461
		servt: 10
		pid: 45
		did: 0
		servST: 1299.7399999999998
		(h, h_ind): (-1, 0)
		load: 7.0

	Finished service at time: 1309.7399999999998

	Task 16 -> Task 17: 7.21
	Vehicle arrival at task: 1316.9499999999998
	Waiting time until service start time: 0.0

	id: 17
		node: 103
		(x, y, z): (46, 112, 3)
		dem: -7
		earl: 1084
		lat: 1324
		servt: 10
		pid: 90
		did: 0
		servST: 1316.9499999999998
		(h, h_ind): (-1, 0)
		load: 0.0

	Finished service at time: 1326.9499999999998

	Task 17 -> Task 106: 76.54
	Vehicle arrival at task: 1403.4899999999998
	Waiting time until service start time: 0.0

	id: 106
		node: 51
		(x, y, z): (23, 39, 3)
		dem: 20
		earl: 1347
		lat: 1587
		servt: 10
		pid: 0
		did: 179
		servST: 1403.4899999999998
		(h, h_ind): (-1, 0)
		load: 20.0

	Finished service at time: 1413.4899999999998

	Task 106 -> Task 113: 36.77
	Vehicle arrival at task: 1450.2599999999998
	Waiting time until service start time: 0.0

	id: 113
		node: 55
		(x, y, z): (37, 73, 3)
		dem: 33
		earl: 0
		lat: 2492
		servt: 10
		pid: 0
		did: 70
		servST: 1450.2599999999998
		(h, h_ind): (-1, 0)
		load: 53.0

	Finished service at time: 1460.2599999999998

	Task 113 -> Task 121: 48.1
	Vehicle arrival at task: 1508.3599999999997
	Waiting time until service start time: 0.0

	id: 121
		node: 60
		(x, y, z): (2, 106, 3)
		dem: 16
		earl: 1487
		lat: 1727
		servt: 10
		pid: 0
		did: 171
		servST: 1508.3599999999997
		(h, h_ind): (-1, 0)
		load: 69.0

	Finished service at time: 1518.3599999999997

	Using Machine: 4
		Task 121 -> Machine 4 (Station 4): 73.82
		Vehicle arrival at machine station: 1592.1799999999996
		Waiting time until machine travel: 0.0

		Machine travel start time: 1592.1799999999996
		Region 3 -> Region 1: 10.0
		Machine arrival at machine station: 1602.1799999999996

		Machine 4 (Station 2)-> Task 10: 83.6
		Vehicle arrival at task: 1685.7799999999995
		Waiting time until service start time: 0.0

	id: 10
		node: 8
		(x, y, z): (17, 138, 1)
		dem: 8
		earl: 1670
		lat: 1910
		servt: 10
		pid: 0
		did: 73
		servST: 1685.7799999999995
		(h, h_ind): (4, 17)
		load: 77.0

	Finished service at time: 1695.7799999999995

	Using Machine: 4
		Task 10 -> Machine 4 (Station 2): 83.6
		Vehicle arrival at machine station: 1779.3799999999994
		Waiting time until machine travel: 0.0

		Machine travel start time: 1779.3799999999994
		Region 1 -> Region 2: 5.0
		Machine arrival at machine station: 1784.3799999999994

		Machine 4 (Station 3)-> Task 171: 11.05
		Vehicle arrival at task: 1795.4299999999994
		Waiting time until service start time: 0.0

	id: 171
		node: 120
		(x, y, z): (66, 82, 2)
		dem: -16
		earl: 0
		lat: 2513
		servt: 10
		pid: 121
		did: 0
		servST: 1795.4299999999994
		(h, h_ind): (4, 20)
		load: 61.0

	Finished service at time: 1805.4299999999994

	Using Machine: 3
		Task 171 -> Machine 3 (Station 3): 14.21
		Vehicle arrival at machine station: 1819.6399999999994
		Waiting time until machine travel: 0.0

		Machine travel start time: 1819.6399999999994
		Region 2 -> Region 3: 5.0
		Machine arrival at machine station: 1824.6399999999994

		Machine 3 (Station 4)-> Task 13: 69.43
		Vehicle arrival at task: 1894.0699999999995
		Waiting time until service start time: 0.0

	id: 13
		node: 10
		(x, y, z): (121, 123, 3)
		dem: 9
		earl: 0
		lat: 2452
		servt: 10
		pid: 0
		did: 52
		servST: 1894.0699999999995
		(h, h_ind): (3, 26)
		load: 70.0

	Finished service at time: 1904.0699999999995

	Using Machine: 3
		Task 13 -> Machine 3 (Station 4): 69.43
		Vehicle arrival at machine station: 1973.4999999999995
		Waiting time until machine travel: 0.0

		Machine travel start time: 1973.4999999999995
		Region 3 -> Region 2: 5.0
		Machine arrival at machine station: 1978.4999999999995

		Machine 3 (Station 3)-> Task 52: 39.56
		Vehicle arrival at task: 2018.0599999999995
		Waiting time until service start time: 0.0

	id: 52
		node: 70
		(x, y, z): (61, 34, 2)
		dem: -9
		earl: 1830
		lat: 2070
		servt: 10
		pid: 13
		did: 0
		servST: 2018.0599999999995
		(h, h_ind): (3, 28)
		load: 61.0

	Finished service at time: 2028.0599999999995

	Task 52 -> Task 179: 11.05
	Vehicle arrival at task: 2039.1099999999994
	Waiting time until service start time: 0.0

	id: 179
		node: 111
		(x, y, z): (60, 23, 2)
		dem: -20
		earl: 0
		lat: 2477
		servt: 10
		pid: 106
		did: 0
		servST: 2039.1099999999994
		(h, h_ind): (-1, 0)
		load: 41.0

	Finished service at time: 2049.1099999999997

	Task 179 -> Task 70: 61.39
	Vehicle arrival at task: 2110.4999999999995
	Waiting time until service start time: 0.0

	id: 70
		node: 115
		(x, y, z): (47, 83, 2)
		dem: -33
		earl: 0
		lat: 2499
		servt: 10
		pid: 113
		did: 0
		servST: 2110.4999999999995
		(h, h_ind): (-1, 0)
		load: 8.0

	Finished service at time: 2120.4999999999995

	Using Machine: 4
		Task 70 -> Machine 4 (Station 3): 23.32
		Vehicle arrival at machine station: 2143.8199999999997
		Waiting time until machine travel: 0.0

		Machine travel start time: 2143.8199999999997
		Region 2 -> Region 0: 10.0
		Machine arrival at machine station: 2153.8199999999997

		Machine 4 (Station 1)-> Task 73: 40.31
		Vehicle arrival at task: 2194.1299999999997
		Waiting time until service start time: 0.0

	id: 73
		node: 68
		(x, y, z): (39, 100, 0)
		dem: -8
		earl: 0
		lat: 2482
		servt: 10
		pid: 10
		did: 0
		servST: 2194.1299999999997
		(h, h_ind): (4, 23)
		load: 0.0

	Finished service at time: 2204.1299999999997

	Task 73 -> Task 0: 43.14
	Vehicle arrival at task: 2247.2699999999995
	Waiting time until service start time: 0.0

	id: 0
		node: 122
		(x, y, z): (70, 70, 0)
		dem: 0
		earl: 0
		lat: 2535
		servt: 0
		pid: 0
		did: 0
		servST: 2247.2699999999995
		(h, h_ind): (-1, 0)
		load: 0.0


Vehicle 17 :
	id: 0
		node: 1
		(x, y, z): (70, 70, 0)
		dem: 0
		earl: 0
		lat: 2535
		servt: 0
		pid: 0
		did: 0
		servST: 6.39999999999994
		(h, h_ind): (-1, 0)
		load: 0.0

	Finished service at time: 6.39999999999994

	Using Machine: 1
		Task 0 -> Machine 1 (Station 1): 3.16
		Vehicle arrival at machine station: 9.55999999999994
		Waiting time until machine travel: 0.0

		Machine travel start time: 9.55999999999994
		Region 0 -> Region 1: 5.0
		Machine arrival at machine station: 14.55999999999994

		Machine 1 (Station 2)-> Task 80: 2.24
		Vehicle arrival at task: 16.79999999999994
		Waiting time until service start time: 0.0

	id: 80
		node: 39
		(x, y, z): (71, 70, 1)
		dem: 9
		earl: 0
		lat: 2524
		servt: 10
		pid: 0
		did: 119
		servST: 16.79999999999994
		(h, h_ind): (1, 1)
		load: 9.0

	Finished service at time: 26.79999999999994

	Using Machine: 1
		Task 80 -> Machine 1 (Station 2): 2.24
		Vehicle arrival at machine station: 29.039999999999942
		Waiting time until machine travel: 0.0

		Machine travel start time: 29.039999999999942
		Region 1 -> Region 2: 5.0
		Machine arrival at machine station: 34.03999999999994

		Machine 1 (Station 3)-> Task 38: 46.01
		Vehicle arrival at task: 80.04999999999994
		Waiting time until service start time: 0.0

	id: 38
		node: 21
		(x, y, z): (107, 102, 2)
		dem: 12
		earl: 0
		lat: 2477
		servt: 10
		pid: 0
		did: 19
		servST: 80.04999999999994
		(h, h_ind): (1, 2)
		load: 21.0

	Finished service at time: 90.04999999999994

	Using Machine: 3
		Task 38 -> Machine 3 (Station 3): 44.55
		Vehicle arrival at machine station: 134.59999999999994
		Waiting time until machine travel: 0.0

		Machine travel start time: 134.59999999999994
		Region 2 -> Region 1: 5.0
		Machine arrival at machine station: 139.59999999999994

		Machine 3 (Station 2)-> Task 119: 46.32
		Vehicle arrival at task: 185.91999999999993
		Waiting time until service start time: 0.0

	id: 119
		node: 99
		(x, y, z): (120, 60, 1)
		dem: -9
		earl: 156
		lat: 396
		servt: 10
		pid: 80
		did: 0
		servST: 185.91999999999993
		(h, h_ind): (3, 3)
		load: 12.0

	Finished service at time: 195.91999999999993

	Using Machine: 3
		Task 119 -> Machine 3 (Station 2): 46.32
		Vehicle arrival at machine station: 242.23999999999992
		Waiting time until machine travel: 0.0

		Machine travel start time: 242.23999999999992
		Region 1 -> Region 0: 5.0
		Machine arrival at machine station: 247.23999999999992

		Machine 3 (Station 1)-> Task 51: 70.84
		Vehicle arrival at task: 318.0799999999999
		Waiting time until service start time: 0.0

	id: 51
		node: 28
		(x, y, z): (98, 4, 0)
		dem: 20
		earl: 0
		lat: 2454
		servt: 10
		pid: 0
		did: 49
		servST: 318.0799999999999
		(h, h_ind): (3, 6)
		load: 32.0

	Finished service at time: 328.0799999999999

	Using Machine: 3
		Task 51 -> Machine 3 (Station 1): 70.84
		Vehicle arrival at machine station: 398.91999999999996
		Waiting time until machine travel: 0.0

		Machine travel start time: 398.91999999999996
		Region 0 -> Region 3: 15.0
		Machine arrival at machine station: 413.91999999999996

		Machine 3 (Station 4)-> Task 65: 44.1
		Vehicle arrival at task: 458.02
		Waiting time until service start time: 0.0

	id: 65
		node: 32
		(x, y, z): (99, 34, 3)
		dem: 9
		earl: 243
		lat: 483
		servt: 10
		pid: 0
		did: 120
		servST: 458.02
		(h, h_ind): (3, 8)
		load: 41.0

	Finished service at time: 468.02

	Task 65 -> Task 19: 5.39
	Vehicle arrival at task: 473.40999999999997
	Waiting time until service start time: 0.0

	id: 19
		node: 81
		(x, y, z): (104, 32, 3)
		dem: -12
		earl: 0
		lat: 2475
		servt: 10
		pid: 38
		did: 0
		servST: 473.40999999999997
		(h, h_ind): (-1, 0)
		load: 29.0

	Finished service at time: 483.40999999999997

	Task 19 -> Task 31: 37.36
	Vehicle arrival at task: 520.77
	Waiting time until service start time: 0.0

	id: 31
		node: 16
		(x, y, z): (140, 42, 3)
		dem: 13
		earl: 0
		lat: 2450
		servt: 10
		pid: 0
		did: 15
		servST: 520.77
		(h, h_ind): (-1, 0)
		load: 42.0

	Finished service at time: 530.77

	Using Machine: 3
		Task 31 -> Machine 3 (Station 4): 71.18
		Vehicle arrival at machine station: 601.95
		Waiting time until machine travel: -0.0

		Machine travel start time: 601.9499999999999
		Region 3 -> Region 1: 10.0
		Machine arrival at machine station: 611.9499999999999

		Machine 3 (Station 2)-> Task 103: 63.89
		Vehicle arrival at task: 675.8399999999999
		Waiting time until service start time: 0.0

	id: 103
		node: 49
		(x, y, z): (116, 22, 1)
		dem: 32
		earl: 491
		lat: 731
		servt: 10
		pid: 0
		did: 60
		servST: 675.8399999999999
		(h, h_ind): (3, 11)
		load: 74.0

	Finished service at time: 685.8399999999999

	Task 103 -> Task 15: 25.81
	Vehicle arrival at task: 711.6499999999999
	Waiting time until service start time: 0.0

	id: 15
		node: 76
		(x, y, z): (137, 7, 1)
		dem: -13
		earl: 0
		lat: 2434
		servt: 10
		pid: 31
		did: 0
		servST: 711.65
		(h, h_ind): (-1, 0)
		load: 61.0

	Finished service at time: 721.65

	Using Machine: 3
		Task 15 -> Machine 3 (Station 2): 89.11
		Vehicle arrival at machine station: 810.76
		Waiting time until machine travel: 0.0

		Machine travel start time: 810.76
		Region 1 -> Region 2: 5.0
		Machine arrival at machine station: 815.76

		Machine 3 (Station 3)-> Task 120: 51.87
		Vehicle arrival at task: 867.63
		Waiting time until service start time: 0.0

	id: 120
		node: 92
		(x, y, z): (92, 22, 2)
		dem: -9
		earl: 0
		lat: 2473
		servt: 10
		pid: 65
		did: 0
		servST: 867.63
		(h, h_ind): (3, 14)
		load: 52.0

	Finished service at time: 877.63

	Using Machine: 3
		Task 120 -> Machine 3 (Station 3): 51.87
		Vehicle arrival at machine station: 929.5
		Waiting time until machine travel: 0.0

		Machine travel start time: 929.5
		Region 2 -> Region 1: 5.0
		Machine arrival at machine station: 934.5

		Machine 3 (Station 2)-> Task 60: 32.56
		Vehicle arrival at task: 967.06
		Waiting time until service start time: 0.0

	id: 60
		node: 109
		(x, y, z): (107, 77, 1)
		dem: -32
		earl: 0
		lat: 2488
		servt: 10
		pid: 103
		did: 0
		servST: 967.06
		(h, h_ind): (3, 15)
		load: 20.0

	Finished service at time: 977.06

	Using Machine: 1
		Task 60 -> Machine 1 (Station 2): 34.53
		Vehicle arrival at machine station: 1011.5899999999999
		Waiting time until machine travel: 0.0

		Machine travel start time: 1011.5899999999999
		Region 1 -> Region 2: 5.0
		Machine arrival at machine station: 1016.5899999999999

		Machine 1 (Station 3)-> Task 68: 69.97
		Vehicle arrival at task: 1086.56
		Waiting time until service start time: 0.0

	id: 68
		node: 34
		(x, y, z): (109, 131, 2)
		dem: 16
		earl: 0
		lat: 2453
		servt: 10
		pid: 0
		did: 158
		servST: 1086.56
		(h, h_ind): (1, 8)
		load: 36.0

	Finished service at time: 1096.56

	Task 68 -> Task 49: 108.85
	Vehicle arrival at task: 1205.4099999999999
	Waiting time until service start time: 0.0

	id: 49
		node: 88
		(x, y, z): (89, 24, 2)
		dem: -20
		earl: 0
		lat: 2476
		servt: 10
		pid: 51
		did: 0
		servST: 1205.4099999999999
		(h, h_ind): (-1, 0)
		load: 16.0

	Finished service at time: 1215.4099999999999

	Using Machine: 4
		Task 49 -> Machine 4 (Station 3): 51.89
		Vehicle arrival at machine station: 1267.3
		Waiting time until machine travel: 0.0

		Machine travel start time: 1267.3
		Region 2 -> Region 3: 5.0
		Machine arrival at machine station: 1272.3

		Machine 4 (Station 4)-> Task 158: 32.7
		Vehicle arrival at task: 1305.0
		Waiting time until service start time: 0.0

	id: 158
		node: 94
		(x, y, z): (54, 41, 3)
		dem: -16
		earl: 1065
		lat: 1305
		servt: 10
		pid: 68
		did: 0
		servST: 1305.0
		(h, h_ind): (4, 13)
		load: 0.0

	Finished service at time: 1315.0

	Using Machine: 4
		Task 158 -> Machine 4 (Station 4): 32.7
		Vehicle arrival at machine station: 1347.7
		Waiting time until machine travel: 0.0

		Machine travel start time: 1347.7
		Region 3 -> Region 1: 10.0
		Machine arrival at machine station: 1357.7

		Machine 4 (Station 2)-> Task 93: 79.25
		Vehicle arrival at task: 1436.95
		Waiting time until service start time: 0.0

	id: 93
		node: 46
		(x, y, z): (13, 129, 1)
		dem: 25
		earl: 1345
		lat: 1585
		servt: 10
		pid: 0
		did: 189
		servST: 1436.95
		(h, h_ind): (4, 14)
		load: 25.0

	Finished service at time: 1446.95

	Task 93 -> Task 189: 31.05
	Vehicle arrival at task: 1478.0
	Waiting time until service start time: 0.0

	id: 189
		node: 106
		(x, y, z): (5, 99, 1)
		dem: -25
		earl: 0
		lat: 2454
		servt: 10
		pid: 93
		did: 0
		servST: 1478.0
		(h, h_ind): (-1, 0)
		load: 0.0

	Finished service at time: 1488.0

	Using Machine: 2
		Task 189 -> Machine 2 (Station 2): 69.86
		Vehicle arrival at machine station: 1557.86
		Waiting time until machine travel: 0.0

		Machine travel start time: 1557.86
		Region 1 -> Region 2: 5.0
		Machine arrival at machine station: 1562.86

		Machine 2 (Station 3)-> Task 2: 47.85
		Vehicle arrival at task: 1610.7099999999998
		Waiting time until service start time: 0.0

	id: 2
		node: 2
		(x, y, z): (26, 50, 2)
		dem: 7
		earl: 1490
		lat: 1730
		servt: 10
		pid: 0
		did: 108
		servST: 1610.7099999999998
		(h, h_ind): (2, 5)
		load: 7.0

	Finished service at time: 1620.7099999999998

	Using Machine: 2
		Task 2 -> Machine 2 (Station 3): 47.85
		Vehicle arrival at machine station: 1668.5599999999997
		Waiting time until machine travel: 0.0

		Machine travel start time: 1668.5599999999997
		Region 2 -> Region 1: 5.0
		Machine arrival at machine station: 1673.5599999999997

		Machine 2 (Station 2)-> Task 108: 75.66
		Vehicle arrival at task: 1749.2199999999998
		Waiting time until service start time: 0.0

	id: 108
		node: 62
		(x, y, z): (15, 18, 1)
		dem: -7
		earl: 1540
		lat: 1780
		servt: 10
		pid: 2
		did: 0
		servST: 1749.2199999999998
		(h, h_ind): (2, 6)
		load: 0.0

	Finished service at time: 1759.2199999999998

	Using Machine: 2
		Task 108 -> Machine 2 (Station 2): 75.66
		Vehicle arrival at machine station: 1834.8799999999999
		Waiting time until machine travel: 0.0

		Machine travel start time: 1834.8799999999999
		Region 1 -> Region 0: 5.0
		Machine arrival at machine station: 1839.8799999999999

		Machine 2 (Station 1)-> Task 0: 1.41
		Vehicle arrival at task: 1841.29
		Waiting time until service start time: 0.0

	id: 0
		node: 122
		(x, y, z): (70, 70, 0)
		dem: 0
		earl: 0
		lat: 2535
		servt: 0
		pid: 0
		did: 0
		servST: 1841.29
		(h, h_ind): (2, 7)
		load: 0.0


Vehicle 38 :
	id: 0
		node: 1
		(x, y, z): (70, 70, 0)
		dem: 0
		earl: 0
		lat: 2535
		servt: 0
		pid: 0
		did: 0
		servST: 21.18999999999993
		(h, h_ind): (-1, 0)
		load: 0.0

	Finished service at time: 21.18999999999993

	Using Machine: 0
		Task 0 -> Machine 0 (Station 1): 1.41
		Vehicle arrival at machine station: 22.59999999999993
		Waiting time until machine travel: 0.0

		Machine travel start time: 22.59999999999993
		Region 0 -> Region 2: 10.0
		Machine arrival at machine station: 32.59999999999993

		Machine 0 (Station 3)-> Task 99: 12.04
		Vehicle arrival at task: 44.63999999999993
		Waiting time until service start time: 0.0

	id: 99
		node: 47
		(x, y, z): (70, 83, 2)
		dem: 23
		earl: 0
		lat: 2512
		servt: 10
		pid: 0
		did: 57
		servST: 44.63999999999993
		(h, h_ind): (0, 1)
		load: 23.0

	Finished service at time: 54.63999999999993

	Task 99 -> Task 111: 27.51
	Vehicle arrival at task: 82.14999999999993
	Waiting time until service start time: 0.0

	id: 111
		node: 53
		(x, y, z): (61, 57, 2)
		dem: 35
		earl: 0
		lat: 2510
		servt: 10
		pid: 0
		did: 163
		servST: 82.14999999999993
		(h, h_ind): (-1, 0)
		load: 58.0

	Finished service at time: 92.14999999999993

	Using Machine: 4
		Task 111 -> Machine 4 (Station 3): 15.23
		Vehicle arrival at machine station: 107.37999999999994
		Waiting time until machine travel: 0.0

		Machine travel start time: 107.37999999999994
		Region 2 -> Region 3: 5.0
		Machine arrival at machine station: 112.37999999999994

		Machine 4 (Station 4)-> Task 100: 59.62
		Vehicle arrival at task: 171.99999999999994
		Waiting time until service start time: 0.0

	id: 100
		node: 48
		(x, y, z): (12, 48, 3)
		dem: 4
		earl: 172
		lat: 412
		servt: 10
		pid: 0
		did: 34
		servST: 171.99999999999994
		(h, h_ind): (4, 2)
		load: 62.0

	Finished service at time: 181.99999999999994

	Using Machine: 4
		Task 100 -> Machine 4 (Station 4): 59.62
		Vehicle arrival at machine station: 241.61999999999995
		Waiting time until machine travel: 0.0

		Machine travel start time: 241.61999999999995
		Region 3 -> Region 1: 10.0
		Machine arrival at machine station: 251.61999999999995

		Machine 4 (Station 2)-> Task 34: 26.42
		Vehicle arrival at task: 278.03999999999996
		Waiting time until service start time: 0.0

	id: 34
		node: 108
		(x, y, z): (44, 58, 1)
		dem: -4
		earl: 39
		lat: 279
		servt: 10
		pid: 100
		did: 0
		servST: 278.03999999999996
		(h, h_ind): (4, 5)
		load: 58.0

	Finished service at time: 288.03999999999996

	Task 34 -> Task 163: 22.36
	Vehicle arrival at task: 310.4
	Waiting time until service start time: 0.0

	id: 163
		node: 113
		(x, y, z): (54, 78, 1)
		dem: -35
		earl: 0
		lat: 2508
		servt: 10
		pid: 111
		did: 0
		servST: 310.4
		(h, h_ind): (-1, 0)
		load: 23.0

	Finished service at time: 320.4

	Using Machine: 4
		Task 163 -> Machine 4 (Station 2): 14.76
		Vehicle arrival at machine station: 335.15999999999997
		Waiting time until machine travel: 0.0

		Machine travel start time: 335.15999999999997
		Region 1 -> Region 0: 5.0
		Machine arrival at machine station: 340.15999999999997

		Machine 4 (Station 1)-> Task 26: 61.07
		Vehicle arrival at task: 401.22999999999996
		Waiting time until service start time: 0.0

	id: 26
		node: 14
		(x, y, z): (64, 132, 0)
		dem: 8
		earl: 170
		lat: 410
		servt: 10
		pid: 0
		did: 173
		servST: 401.22999999999996
		(h, h_ind): (4, 6)
		load: 31.0

	Finished service at time: 411.22999999999996

	Task 26 -> Task 57: 17.72
	Vehicle arrival at task: 428.94999999999993
	Waiting time until service start time: 0.0

	id: 57
		node: 107
		(x, y, z): (69, 115, 0)
		dem: -23
		earl: 0
		lat: 2480
		servt: 10
		pid: 99
		did: 0
		servST: 428.94999999999993
		(h, h_ind): (-1, 0)
		load: 8.0

	Finished service at time: 438.94999999999993

	Task 57 -> Task 35: 115.11
	Vehicle arrival at task: 554.06
	Waiting time until service start time: 0.0

	id: 35
		node: 19
		(x, y, z): (32, 6, 0)
		dem: 11
		earl: 320
		lat: 560
		servt: 10
		pid: 0
		did: 30
		servST: 554.06
		(h, h_ind): (-1, 0)
		load: 19.0

	Finished service at time: 564.06

	Using Machine: 2
		Task 35 -> Machine 2 (Station 1): 74.79
		Vehicle arrival at machine station: 638.8499999999999
		Waiting time until machine travel: 0.0

		Machine travel start time: 638.8499999999999
		Region 0 -> Region 2: 10.0
		Machine arrival at machine station: 648.8499999999999

		Machine 2 (Station 3)-> Task 56: 35.36
		Vehicle arrival at task: 684.2099999999999
		Waiting time until service start time: 0.0

	id: 56
		node: 29
		(x, y, z): (86, 40, 2)
		dem: 22
		earl: 0
		lat: 2491
		servt: 10
		pid: 0
		did: 11
		servST: 684.2099999999999
		(h, h_ind): (2, 3)
		load: 41.0

	Finished service at time: 694.2099999999999

	Task 56 -> Task 77: 17.46
	Vehicle arrival at task: 711.67
	Waiting time until service start time: 0.0

	id: 77
		node: 37
		(x, y, z): (103, 44, 2)
		dem: 12
		earl: 0
		lat: 2483
		servt: 10
		pid: 0
		did: 94
		servST: 711.67
		(h, h_ind): (-1, 0)
		load: 53.0

	Finished service at time: 721.67

	Using Machine: 4
		Task 77 -> Machine 4 (Station 3): 45.0
		Vehicle arrival at machine station: 766.67
		Waiting time until machine travel: 0.0

		Machine travel start time: 766.67
		Region 2 -> Region 3: 5.0
		Machine arrival at machine station: 771.67

		Machine 4 (Station 4)-> Task 30: 58.94
		Vehicle arrival at task: 830.6099999999999
		Waiting time until service start time: 0.0

	id: 30
		node: 79
		(x, y, z): (10, 86, 3)
		dem: -11
		earl: 0
		lat: 2463
		servt: 10
		pid: 35
		did: 0
		servST: 830.6099999999999
		(h, h_ind): (4, 9)
		load: 42.0

	Finished service at time: 840.6099999999999

	Task 30 -> Task 25: 27.89
	Vehicle arrival at task: 868.4999999999999
	Waiting time until service start time: 0.0

	id: 25
		node: 13
		(x, y, z): (37, 79, 3)
		dem: 5
		earl: 0
		lat: 2491
		servt: 10
		pid: 0
		did: 87
		servST: 868.4999999999999
		(h, h_ind): (-1, 0)
		load: 47.0

	Finished service at time: 878.4999999999999

	Using Machine: 4
		Task 25 -> Machine 4 (Station 4): 31.05
		Vehicle arrival at machine station: 909.5499999999998
		Waiting time until machine travel: 0.0

		Machine travel start time: 909.5499999999998
		Region 3 -> Region 1: 10.0
		Machine arrival at machine station: 919.5499999999998

		Machine 4 (Station 2)-> Task 94: 60.75
		Vehicle arrival at task: 980.2999999999998
		Waiting time until service start time: 0.0

	id: 94
		node: 97
		(x, y, z): (34, 20, 1)
		dem: -12
		earl: 0
		lat: 2464
		servt: 10
		pid: 77
		did: 0
		servST: 980.2999999999998
		(h, h_ind): (4, 10)
		load: 35.0

	Finished service at time: 990.2999999999998

	Task 94 -> Task 9: 73.17
	Vehicle arrival at task: 1063.4699999999998
	Waiting time until service start time: 0.0

	id: 9
		node: 7
		(x, y, z): (107, 25, 1)
		dem: 13
		earl: 1035
		lat: 1275
		servt: 10
		pid: 0
		did: 82
		servST: 1063.4699999999998
		(h, h_ind): (-1, 0)
		load: 48.0

	Finished service at time: 1073.4699999999998

	Task 9 -> Task 87: 86.82
	Vehicle arrival at task: 1160.2899999999997
	Waiting time until service start time: 0.0

	id: 87
		node: 73
		(x, y, z): (34, 72, 1)
		dem: -5
		earl: 0
		lat: 2489
		servt: 10
		pid: 25
		did: 0
		servST: 1160.2899999999997
		(h, h_ind): (-1, 0)
		load: 43.0

	Finished service at time: 1170.2899999999997

	Using Machine: 4
		Task 87 -> Machine 4 (Station 2): 33.02
		Vehicle arrival at machine station: 1203.3099999999997
		Waiting time until machine travel: 0.0

		Machine travel start time: 1203.3099999999997
		Region 1 -> Region 2: 5.0
		Machine arrival at machine station: 1208.3099999999997

		Machine 4 (Station 3)-> Task 11: 73.41
		Vehicle arrival at task: 1281.7199999999998
		Waiting time until service start time: 0.0

	id: 11
		node: 89
		(x, y, z): (37, 138, 2)
		dem: -22
		earl: 0
		lat: 2450
		servt: 10
		pid: 56
		did: 0
		servST: 1281.7199999999998
		(h, h_ind): (4, 12)
		load: 21.0

	Finished service at time: 1291.7199999999998

	Task 11 -> Task 123: 13.6
	Vehicle arrival at task: 1305.3199999999997
	Waiting time until service start time: 0.0

	id: 123
		node: 61
		(x, y, z): (26, 130, 2)
		dem: 20
		earl: 0
		lat: 2451
		servt: 10
		pid: 0
		did: 54
		servST: 1305.3199999999997
		(h, h_ind): (-1, 0)
		load: 41.0

	Finished service at time: 1315.3199999999997

	Using Machine: 4
		Task 123 -> Machine 4 (Station 3): 71.85
		Vehicle arrival at machine station: 1387.1699999999996
		Waiting time until machine travel: 0.0

		Machine travel start time: 1387.1699999999996
		Region 2 -> Region 3: 5.0
		Machine arrival at machine station: 1392.1699999999996

		Machine 4 (Station 4)-> Task 12: 47.04
		Vehicle arrival at task: 1439.2099999999996
		Waiting time until service start time: 0.0

	id: 12
		node: 9
		(x, y, z): (20, 69, 3)
		dem: 13
		earl: 0
		lat: 2475
		servt: 10
		pid: 0
		did: 164
		servST: 1439.2099999999996
		(h, h_ind): (4, 15)
		load: 54.0

	Finished service at time: 1449.2099999999996

	Task 12 -> Task 82: 21.93
	Vehicle arrival at task: 1471.1399999999996
	Waiting time until service start time: 0.0

	id: 82
		node: 67
		(x, y, z): (36, 54, 3)
		dem: -13
		earl: 1428
		lat: 1668
		servt: 10
		pid: 9
		did: 0
		servST: 1471.1399999999996
		(h, h_ind): (-1, 0)
		load: 41.0

	Finished service at time: 1481.1399999999996

	Using Machine: 4
		Task 82 -> Machine 4 (Station 4): 35.36
		Vehicle arrival at machine station: 1516.4999999999995
		Waiting time until machine travel: 0.0

		Machine travel start time: 1516.4999999999995
		Region 3 -> Region 0: 15.0
		Machine arrival at machine station: 1531.4999999999995

		Machine 4 (Station 1)-> Task 173: 49.0
		Vehicle arrival at task: 1580.4999999999995
		Waiting time until service start time: 0.0

	id: 173
		node: 74
		(x, y, z): (67, 120, 0)
		dem: -8
		earl: 1375
		lat: 1615
		servt: 10
		pid: 26
		did: 0
		servST: 1580.4999999999995
		(h, h_ind): (4, 16)
		load: 33.0

	Finished service at time: 1590.4999999999995

	Using Machine: 3
		Task 173 -> Machine 3 (Station 1): 49.65
		Vehicle arrival at machine station: 1640.1499999999996
		Waiting time until machine travel: 0.0

		Machine travel start time: 1640.1499999999996
		Region 0 -> Region 3: 15.0
		Machine arrival at machine station: 1655.1499999999996

		Machine 3 (Station 4)-> Task 75: 29.07
		Vehicle arrival at task: 1684.2199999999996
		Waiting time until service start time: 0.0

	id: 75
		node: 36
		(x, y, z): (104, 73, 3)
		dem: 17
		earl: 0
		lat: 2491
		servt: 10
		pid: 0
		did: 169
		servST: 1684.2199999999996
		(h, h_ind): (3, 24)
		load: 50.0

	Finished service at time: 1694.2199999999996

	Task 75 -> Task 112: 21.95
	Vehicle arrival at task: 1716.1699999999996
	Waiting time until service start time: 0.0

	id: 112
		node: 54
		(x, y, z): (123, 84, 3)
		dem: 13
		earl: 1606
		lat: 1846
		servt: 10
		pid: 0
		did: 102
		servST: 1716.1699999999996
		(h, h_ind): (-1, 0)
		load: 63.0

	Finished service at time: 1726.1699999999996

	Task 112 -> Task 102: 15.23
	Vehicle arrival at task: 1741.3999999999996
	Waiting time until service start time: 0.0

	id: 102
		node: 114
		(x, y, z): (109, 78, 3)
		dem: -13
		earl: 0
		lat: 2486
		servt: 10
		pid: 112
		did: 0
		servST: 1741.3999999999996
		(h, h_ind): (-1, 0)
		load: 50.0

	Finished service at time: 1751.3999999999996

	Using Machine: 3
		Task 102 -> Machine 3 (Station 4): 34.71
		Vehicle arrival at machine station: 1786.1099999999997
		Waiting time until machine travel: 0.0

		Machine travel start time: 1786.1099999999997
		Region 3 -> Region 2: 5.0
		Machine arrival at machine station: 1791.1099999999997

		Machine 3 (Station 3)-> Task 54: 66.13
		Vehicle arrival at task: 1857.2399999999998
		Waiting time until service start time: 0.0

	id: 54
		node: 121
		(x, y, z): (13, 48, 2)
		dem: -20
		earl: 1622
		lat: 1862
		servt: 10
		pid: 123
		did: 0
		servST: 1857.2399999999998
		(h, h_ind): (3, 25)
		load: 30.0

	Finished service at time: 1867.2399999999998

	Task 54 -> Task 164: 61.06
	Vehicle arrival at task: 1928.2999999999997
	Waiting time until service start time: 0.0

	id: 164
		node: 69
		(x, y, z): (65, 80, 2)
		dem: -13
		earl: 0
		lat: 2514
		servt: 10
		pid: 12
		did: 0
		servST: 1928.2999999999997
		(h, h_ind): (-1, 0)
		load: 17.0

	Finished service at time: 1938.2999999999997

	Task 164 -> Task 169: 18.44
	Vehicle arrival at task: 1956.7399999999998
	Waiting time until service start time: 0.0

	id: 169
		node: 96
		(x, y, z): (51, 92, 2)
		dem: -17
		earl: 1731
		lat: 1971
		servt: 10
		pid: 75
		did: 0
		servST: 1956.7399999999998
		(h, h_ind): (-1, 0)
		load: 0.0

	Finished service at time: 1966.7399999999998

	Using Machine: 2
		Task 169 -> Machine 2 (Station 3): 27.66
		Vehicle arrival at machine station: 1994.3999999999999
		Waiting time until machine travel: 0.0

		Machine travel start time: 1994.3999999999999
		Region 2 -> Region 0: 10.0
		Machine arrival at machine station: 2004.3999999999999

		Machine 2 (Station 1)-> Task 0: 1.41
		Vehicle arrival at task: 2005.81
		Waiting time until service start time: 0.0

	id: 0
		node: 122
		(x, y, z): (70, 70, 0)
		dem: 0
		earl: 0
		lat: 2535
		servt: 0
		pid: 0
		did: 0
		servST: 2005.81
		(h, h_ind): (2, 8)
		load: 0.0


Vehicle 46 :
	id: 0
		node: 1
		(x, y, z): (70, 70, 0)
		dem: 0
		earl: 0
		lat: 2535
		servt: 0
		pid: 0
		did: 0
		servST: 22.37
		(h, h_ind): (-1, 0)
		load: 0.0

	Finished service at time: 22.37

	Using Machine: 2
		Task 0 -> Machine 2 (Station 1): 1.41
		Vehicle arrival at machine station: 23.78
		Waiting time until machine travel: 0.0

		Machine travel start time: 23.78
		Region 0 -> Region 3: 15.0
		Machine arrival at machine station: 38.78

		Machine 2 (Station 4)-> Task 33: 49.93
		Vehicle arrival at task: 88.71000000000001
		Waiting time until service start time: 0.0

	id: 33
		node: 18
		(x, y, z): (42, 29, 3)
		dem: 12
		earl: 0
		lat: 2476
		servt: 10
		pid: 0
		did: 192
		servST: 88.71000000000001
		(h, h_ind): (2, 1)
		load: 12.0

	Finished service at time: 98.71000000000001

	Task 33 -> Task 47: 50.29
	Vehicle arrival at task: 149.0
	Waiting time until service start time: 0.0

	id: 47
		node: 26
		(x, y, z): (90, 44, 3)
		dem: 6
		earl: 149
		lat: 389
		servt: 10
		pid: 0
		did: 165
		servST: 149.0
		(h, h_ind): (-1, 0)
		load: 18.0

	Finished service at time: 159.0

	Using Machine: 4
		Task 47 -> Machine 4 (Station 4): 35.47
		Vehicle arrival at machine station: 194.47
		Waiting time until machine travel: 0.0

		Machine travel start time: 194.47
		Region 3 -> Region 2: 5.0
		Machine arrival at machine station: 199.47

		Machine 4 (Station 3)-> Task 165: 40.02
		Vehicle arrival at task: 239.49
		Waiting time until service start time: 0.0

	id: 165
		node: 86
		(x, y, z): (28, 62, 2)
		dem: -6
		earl: 0
		lat: 2483
		servt: 10
		pid: 47
		did: 0
		servST: 239.49
		(h, h_ind): (4, 4)
		load: 12.0

	Finished service at time: 249.49

	Task 165 -> Task 192: 30.53
	Vehicle arrival at task: 280.02
	Waiting time until service start time: 0.0

	id: 192
		node: 78
		(x, y, z): (44, 36, 2)
		dem: -12
		earl: 131
		lat: 371
		servt: 10
		pid: 33
		did: 0
		servST: 280.02
		(h, h_ind): (-1, 0)
		load: 0.0

	Finished service at time: 290.02

	Using Machine: 2
		Task 192 -> Machine 2 (Station 3): 43.01
		Vehicle arrival at machine station: 333.03
		Waiting time until machine travel: 0.0

		Machine travel start time: 333.03
		Region 2 -> Region 1: 5.0
		Machine arrival at machine station: 338.03

		Machine 2 (Station 2)-> Task 36: 44.82
		Vehicle arrival at task: 382.84999999999997
		Waiting time until service start time: 0.0

	id: 36
		node: 20
		(x, y, z): (41, 36, 1)
		dem: 13
		earl: 146
		lat: 386
		servt: 10
		pid: 0
		did: 37
		servST: 382.84999999999997
		(h, h_ind): (2, 2)
		load: 13.0

	Finished service at time: 392.84999999999997

	Using Machine: 4
		Task 36 -> Machine 4 (Station 2): 43.6
		Vehicle arrival at machine station: 436.45
		Waiting time until machine travel: 0.0

		Machine travel start time: 436.45
		Region 1 -> Region 2: 5.0
		Machine arrival at machine station: 441.45

		Machine 4 (Station 3)-> Task 91: 57.2
		Vehicle arrival at task: 498.65
		Waiting time until service start time: 0.0

	id: 91
		node: 44
		(x, y, z): (33, 117, 2)
		dem: 20
		earl: 316
		lat: 556
		servt: 10
		pid: 0
		did: 96
		servST: 498.65
		(h, h_ind): (4, 7)
		load: 33.0

	Finished service at time: 508.65

	Using Machine: 3
		Task 91 -> Machine 3 (Station 3): 62.29
		Vehicle arrival at machine station: 570.9399999999999
		Waiting time until machine travel: 0.0

		Machine travel start time: 570.9399999999999
		Region 2 -> Region 0: 10.0
		Machine arrival at machine station: 580.9399999999999

		Machine 3 (Station 1)-> Task 32: 70.18
		Vehicle arrival at task: 651.1199999999999
		Waiting time until service start time: 0.0

	id: 32
		node: 17
		(x, y, z): (121, 124, 0)
		dem: 21
		earl: 539
		lat: 779
		servt: 10
		pid: 0
		did: 127
		servST: 651.1199999999999
		(h, h_ind): (3, 9)
		load: 54.0

	Finished service at time: 661.1199999999999

	Task 32 -> Task 114: 6.0
	Vehicle arrival at task: 667.1199999999999
	Waiting time until service start time: 0.0

	id: 114
		node: 56
		(x, y, z): (115, 124, 0)
		dem: 11
		earl: 0
		lat: 2455
		servt: 10
		pid: 0
		did: 63
		servST: 667.1199999999999
		(h, h_ind): (-1, 0)
		load: 65.0

	Finished service at time: 677.1199999999999

	Using Machine: 3
		Task 114 -> Machine 3 (Station 1): 66.4
		Vehicle arrival at machine station: 743.5199999999999
		Waiting time until machine travel: 0.0

		Machine travel start time: 743.5199999999999
		Region 0 -> Region 2: 10.0
		Machine arrival at machine station: 753.5199999999999

		Machine 3 (Station 3)-> Task 96: 14.21
		Vehicle arrival at task: 767.7299999999999
		Waiting time until service start time: 0.0

	id: 96
		node: 104
		(x, y, z): (86, 80, 2)
		dem: -20
		earl: 0
		lat: 2507
		servt: 10
		pid: 91
		did: 0
		servST: 767.7299999999999
		(h, h_ind): (3, 12)
		load: 45.0

	Finished service at time: 777.7299999999999

	Task 96 -> Task 63: 60.83
	Vehicle arrival at task: 838.56
	Waiting time until service start time: 0.0

	id: 63
		node: 116
		(x, y, z): (32, 52, 2)
		dem: -11
		earl: 0
		lat: 2483
		servt: 10
		pid: 114
		did: 0
		servST: 838.56
		(h, h_ind): (-1, 0)
		load: 34.0

	Finished service at time: 848.56

	Task 63 -> Task 40: 128.69
	Vehicle arrival at task: 977.25
	Waiting time until service start time: 0.0

	id: 40
		node: 22
		(x, y, z): (132, 133, 2)
		dem: 24
		earl: 0
		lat: 2437
		servt: 10
		pid: 0
		did: 72
		servST: 977.25
		(h, h_ind): (-1, 0)
		load: 58.0

	Finished service at time: 987.25

	Task 40 -> Task 72: 112.92
	Vehicle arrival at task: 1100.17
	Waiting time until service start time: 0.0

	id: 72
		node: 82
		(x, y, z): (88, 29, 2)
		dem: -24
		earl: 0
		lat: 2481
		servt: 10
		pid: 40
		did: 0
		servST: 1100.17
		(h, h_ind): (-1, 0)
		load: 34.0

	Finished service at time: 1110.17

	Using Machine: 3
		Task 72 -> Machine 3 (Station 3): 43.97
		Vehicle arrival at machine station: 1154.14
		Waiting time until machine travel: 0.0

		Machine travel start time: 1154.14
		Region 2 -> Region 1: 5.0
		Machine arrival at machine station: 1159.14

		Machine 3 (Station 2)-> Task 127: 71.59
		Vehicle arrival at task: 1230.73
		Waiting time until service start time: 0.0

	id: 127
		node: 77
		(x, y, z): (138, 105, 1)
		dem: -21
		earl: 0
		lat: 2449
		servt: 10
		pid: 32
		did: 0
		servST: 1230.73
		(h, h_ind): (3, 18)
		load: 13.0

	Finished service at time: 1240.73

	Task 127 -> Task 37: 100.24
	Vehicle arrival at task: 1340.97
	Waiting time until service start time: 0.0

	id: 37
		node: 80
		(x, y, z): (106, 10, 1)
		dem: -13
		earl: 1135
		lat: 1375
		servt: 10
		pid: 36
		did: 0
		servST: 1340.97
		(h, h_ind): (-1, 0)
		load: 0.0

	Finished service at time: 1350.97

	Using Machine: 3
		Task 37 -> Machine 3 (Station 2): 68.43
		Vehicle arrival at machine station: 1419.4
		Waiting time until machine travel: 0.0

		Machine travel start time: 1419.4
		Region 1 -> Region 2: 5.0
		Machine arrival at machine station: 1424.4

		Machine 3 (Station 3)-> Task 81: 59.54
		Vehicle arrival at task: 1483.94
		Waiting time until service start time: 0.0

	id: 81
		node: 40
		(x, y, z): (83, 12, 2)
		dem: 29
		earl: 0
		lat: 2466
		servt: 10
		pid: 0
		did: 83
		servST: 1483.94
		(h, h_ind): (3, 22)
		load: 29.0

	Finished service at time: 1493.94

	Using Machine: 3
		Task 81 -> Machine 3 (Station 3): 59.54
		Vehicle arrival at machine station: 1553.48
		Waiting time until machine travel: 0.0

		Machine travel start time: 1553.48
		Region 2 -> Region 3: 5.0
		Machine arrival at machine station: 1558.48

		Machine 3 (Station 4)-> Task 23: 8.54
		Vehicle arrival at task: 1567.02
		Waiting time until service start time: 0.0

	id: 23
		node: 12
		(x, y, z): (78, 63, 3)
		dem: 19
		earl: 0
		lat: 2515
		servt: 10
		pid: 0
		did: 110
		servST: 1567.02
		(h, h_ind): (3, 23)
		load: 48.0

	Finished service at time: 1577.02

	Task 23 -> Task 110: 62.01
	Vehicle arrival at task: 1639.03
	Waiting time until service start time: 0.0

	id: 110
		node: 72
		(x, y, z): (16, 62, 3)
		dem: -19
		earl: 1524
		lat: 1764
		servt: 10
		pid: 23
		did: 0
		servST: 1639.03
		(h, h_ind): (-1, 0)
		load: 29.0

	Finished service at time: 1649.03

	Task 110 -> Task 109: 8.25
	Vehicle arrival at task: 1657.28
	Waiting time until service start time: 0.0

	id: 109
		node: 52
		(x, y, z): (18, 70, 3)
		dem: 26
		earl: 1504
		lat: 1744
		servt: 10
		pid: 0
		did: 53
		servST: 1657.28
		(h, h_ind): (-1, 0)
		load: 55.0

	Finished service at time: 1667.28

	Using Machine: 4
		Task 109 -> Machine 4 (Station 4): 49.01
		Vehicle arrival at machine station: 1716.29
		Waiting time until machine travel: 0.0

		Machine travel start time: 1716.29
		Region 3 -> Region 0: 15.0
		Machine arrival at machine station: 1731.29

		Machine 4 (Station 1)-> Task 83: 55.15
		Vehicle arrival at task: 1786.44
		Waiting time until service start time: 0.0

	id: 83
		node: 100
		(x, y, z): (16, 92, 0)
		dem: -29
		earl: 0
		lat: 2467
		servt: 10
		pid: 81
		did: 0
		servST: 1786.44
		(h, h_ind): (4, 19)
		load: 26.0

	Finished service at time: 1796.44

	Task 83 -> Task 105: 28.16
	Vehicle arrival at task: 1824.6000000000001
	Waiting time until service start time: 0.0

	id: 105
		node: 50
		(x, y, z): (19, 120, 0)
		dem: 16
		earl: 0
		lat: 2454
		servt: 10
		pid: 0
		did: 85
		servST: 1824.6000000000001
		(h, h_ind): (-1, 0)
		load: 42.0

	Finished service at time: 1834.6000000000001

	Using Machine: 4
		Task 105 -> Machine 4 (Station 1): 68.59
		Vehicle arrival at machine station: 1903.19
		Waiting time until machine travel: 0.0

		Machine travel start time: 1903.19
		Region 0 -> Region 2: 10.0
		Machine arrival at machine station: 1913.19

		Machine 4 (Station 3)-> Task 85: 51.86
		Vehicle arrival at task: 1965.05
		Waiting time until service start time: 0.0

	id: 85
		node: 110
		(x, y, z): (27, 104, 2)
		dem: -16
		earl: 1949
		lat: 2189
		servt: 10
		pid: 105
		did: 0
		servST: 1965.05
		(h, h_ind): (4, 21)
		load: 26.0

	Finished service at time: 1975.05

	Using Machine: 4
		Task 85 -> Machine 4 (Station 3): 51.86
		Vehicle arrival at machine station: 2026.9099999999999
		Waiting time until machine travel: 0.0

		Machine travel start time: 2026.9099999999999
		Region 2 -> Region 0: 10.0
		Machine arrival at machine station: 2036.9099999999999

		Machine 4 (Station 1)-> Task 53: 14.76
		Vehicle arrival at task: 2051.67
		Waiting time until service start time: 0.0

	id: 53
		node: 112
		(x, y, z): (60, 84, 0)
		dem: -26
		earl: 1866
		lat: 2106
		servt: 10
		pid: 109
		did: 0
		servST: 2051.67
		(h, h_ind): (4, 22)
		load: 0.0

	Finished service at time: 2061.67

	Task 53 -> Task 0: 17.2
	Vehicle arrival at task: 2078.87
	Waiting time until service start time: 0.0

	id: 0
		node: 122
		(x, y, z): (70, 70, 0)
		dem: 0
		earl: 0
		lat: 2535
		servt: 0
		pid: 0
		did: 0
		servST: 2078.87
		(h, h_ind): (-1, 0)
		load: 0.0


Vehicle 54 :
	id: 0
		node: 1
		(x, y, z): (70, 70, 0)
		dem: 0
		earl: 0
		lat: 2535
		servt: 0
		pid: 0
		did: 0
		servST: 5.62999999999999
		(h, h_ind): (-1, 0)
		load: 0.0

	Finished service at time: 5.62999999999999

	Using Machine: 3
		Task 0 -> Machine 3 (Station 1): 5.1
		Vehicle arrival at machine station: 10.72999999999999
		Waiting time until machine travel: 0.0

		Machine travel start time: 10.72999999999999
		Region 0 -> Region 3: 15.0
		Machine arrival at machine station: 25.72999999999999

		Machine 3 (Station 4)-> Task 18: 4.12
		Vehicle arrival at task: 29.84999999999999
		Waiting time until service start time: 0.0

	id: 18
		node: 11
		(x, y, z): (79, 72, 3)
		dem: 22
		earl: 0
		lat: 2516
		servt: 10
		pid: 0
		did: 138
		servST: 29.84999999999999
		(h, h_ind): (3, 1)
		load: 22.0

	Finished service at time: 39.849999999999994

	Using Machine: 3
		Task 18 -> Machine 3 (Station 4): 4.12
		Vehicle arrival at machine station: 43.96999999999999
		Waiting time until machine travel: 0.0

		Machine travel start time: 43.96999999999999
		Region 3 -> Region 0: 15.0
		Machine arrival at machine station: 58.96999999999999

		Machine 3 (Station 1)-> Task 3: 47.13
		Vehicle arrival at task: 106.1
		Waiting time until service start time: 0.0

	id: 3
		node: 3
		(x, y, z): (30, 57, 0)
		dem: 20
		earl: 0
		lat: 2483
		servt: 10
		pid: 0
		did: 95
		servST: 106.1
		(h, h_ind): (3, 2)
		load: 42.0

	Finished service at time: 116.1

	Using Machine: 4
		Task 3 -> Machine 4 (Station 1): 39.56
		Vehicle arrival at machine station: 155.66
		Waiting time until machine travel: 0.0

		Machine travel start time: 155.66
		Region 0 -> Region 1: 5.0
		Machine arrival at machine station: 160.66

		Machine 4 (Station 2)-> Task 8: 41.48
		Vehicle arrival at task: 202.14
		Waiting time until service start time: 0.0

	id: 8
		node: 6
		(x, y, z): (78, 111, 1)
		dem: 22
		earl: 47
		lat: 287
		servt: 10
		pid: 0
		did: 136
		servST: 202.14
		(h, h_ind): (4, 3)
		load: 64.0

	Finished service at time: 212.14

	Task 8 -> Task 136: 30.41
	Vehicle arrival at task: 242.54999999999998
	Waiting time until service start time: 0.0

	id: 136
		node: 66
		(x, y, z): (92, 138, 1)
		dem: -22
		earl: 0
		lat: 2454
		servt: 10
		pid: 8
		did: 0
		servST: 242.54999999999998
		(h, h_ind): (-1, 0)
		load: 42.0

	Finished service at time: 252.54999999999998

	Task 136 -> Task 27: 41.77
	Vehicle arrival at task: 294.32
	Waiting time until service start time: 0.0

	id: 27
		node: 15
		(x, y, z): (133, 130, 1)
		dem: 13
		earl: 0
		lat: 2438
		servt: 10
		pid: 0
		did: 76
		servST: 294.32
		(h, h_ind): (-1, 0)
		load: 55.0

	Finished service at time: 304.32

	Task 27 -> Task 95: 28.32
	Vehicle arrival at task: 332.64
	Waiting time until service start time: 0.0

	id: 95
		node: 63
		(x, y, z): (114, 109, 1)
		dem: -20
		earl: 249
		lat: 489
		servt: 10
		pid: 3
		did: 0
		servST: 332.64
		(h, h_ind): (-1, 0)
		load: 35.0

	Finished service at time: 342.64

	Task 95 -> Task 6: 36.24
	Vehicle arrival at task: 378.88
	Waiting time until service start time: 0.0

	id: 6
		node: 5
		(x, y, z): (137, 137, 1)
		dem: 27
		earl: 339
		lat: 579
		servt: 10
		pid: 0
		did: 191
		servST: 378.88
		(h, h_ind): (-1, 0)
		load: 62.0

	Finished service at time: 388.88

	Using Machine: 4
		Task 6 -> Machine 4 (Station 2): 96.21
		Vehicle arrival at machine station: 485.09
		Waiting time until machine travel: 0.0

		Machine travel start time: 485.09
		Region 1 -> Region 0: 5.0
		Machine arrival at machine station: 490.09

		Machine 4 (Station 1)-> Task 4: 39.56
		Vehicle arrival at task: 529.65
		Waiting time until service start time: 0.0

	id: 4
		node: 4
		(x, y, z): (29, 60, 0)
		dem: 14
		earl: 0
		lat: 2483
		servt: 10
		pid: 0
		did: 20
		servST: 529.65
		(h, h_ind): (4, 8)
		load: 76.0

	Finished service at time: 539.65

	Using Machine: 3
		Task 4 -> Machine 3 (Station 1): 47.3
		Vehicle arrival at machine station: 586.9499999999999
		Waiting time until machine travel: 0.0

		Machine travel start time: 586.9499999999999
		Region 0 -> Region 2: 10.0
		Machine arrival at machine station: 596.9499999999999

		Machine 3 (Station 3)-> Task 191: 50.09
		Vehicle arrival at task: 647.04
		Waiting time until service start time: 60.96

	id: 191
		node: 65
		(x, y, z): (125, 68, 2)
		dem: -27
		earl: 708
		lat: 948
		servt: 10
		pid: 6
		did: 0
		servST: 708.0
		(h, h_ind): (3, 10)
		load: 49.0

	Finished service at time: 718.0

	Using Machine: 3
		Task 191 -> Machine 3 (Station 3): 50.09
		Vehicle arrival at machine station: 768.09
		Waiting time until machine travel: 0.0

		Machine travel start time: 768.09
		Region 2 -> Region 3: 5.0
		Machine arrival at machine station: 773.09

		Machine 3 (Station 4)-> Task 78: 25.08
		Vehicle arrival at task: 798.1700000000001
		Waiting time until service start time: 0.0

	id: 78
		node: 38
		(x, y, z): (73, 96, 3)
		dem: 9
		earl: 604
		lat: 844
		servt: 10
		pid: 0
		did: 5
		servST: 798.1700000000001
		(h, h_ind): (3, 13)
		load: 58.0

	Finished service at time: 808.1700000000001

	Using Machine: 0
		Task 78 -> Machine 0 (Station 4): 25.08
		Vehicle arrival at machine station: 833.2500000000001
		Waiting time until machine travel: 0.0

		Machine travel start time: 833.2500000000001
		Region 3 -> Region 2: 5.0
		Machine arrival at machine station: 838.2500000000001

		Machine 0 (Station 3)-> Task 5: 45.04
		Vehicle arrival at task: 883.2900000000001
		Waiting time until service start time: 0.0

	id: 5
		node: 98
		(x, y, z): (69, 116, 2)
		dem: -9
		earl: 0
		lat: 2479
		servt: 10
		pid: 78
		did: 0
		servST: 883.2900000000001
		(h, h_ind): (0, 2)
		load: 49.0

	Finished service at time: 893.2900000000001

	Using Machine: 4
		Task 5 -> Machine 4 (Station 3): 45.04
		Vehicle arrival at machine station: 938.33
		Waiting time until machine travel: 0.0

		Machine travel start time: 938.33
		Region 2 -> Region 0: 10.0
		Machine arrival at machine station: 948.33

		Machine 4 (Station 1)-> Task 66: 58.67
		Vehicle arrival at task: 1007.0
		Waiting time until service start time: 0.0

	id: 66
		node: 33
		(x, y, z): (38, 122, 0)
		dem: 13
		earl: 876
		lat: 1116
		servt: 10
		pid: 0
		did: 55
		servST: 1007.0
		(h, h_ind): (4, 11)
		load: 62.0

	Finished service at time: 1017.0

	Task 66 -> Task 138: 66.13
	Vehicle arrival at task: 1083.13
	Waiting time until service start time: 52.87

	id: 138
		node: 71
		(x, y, z): (100, 99, 0)
		dem: -22
		earl: 1136
		lat: 1376
		servt: 10
		pid: 18
		did: 0
		servST: 1136.0
		(h, h_ind): (-1, 0)
		load: 40.0

	Finished service at time: 1146.0

	Using Machine: 3
		Task 138 -> Machine 3 (Station 1): 37.54
		Vehicle arrival at machine station: 1183.54
		Waiting time until machine travel: 0.0

		Machine travel start time: 1183.54
		Region 0 -> Region 2: 10.0
		Machine arrival at machine station: 1193.54

		Machine 3 (Station 3)-> Task 89: 40.82
		Vehicle arrival at task: 1234.36
		Waiting time until service start time: 0.0

	id: 89
		node: 42
		(x, y, z): (54, 106, 2)
		dem: 9
		earl: 1117
		lat: 1357
		servt: 10
		pid: 0
		did: 22
		servST: 1234.36
		(h, h_ind): (3, 19)
		load: 49.0

	Finished service at time: 1244.36

	Task 89 -> Task 58: 10.3
	Vehicle arrival at task: 1254.6599999999999
	Waiting time until service start time: 0.0

	id: 58
		node: 30
		(x, y, z): (59, 115, 2)
		dem: 26
		earl: 1195
		lat: 1435
		servt: 10
		pid: 0
		did: 86
		servST: 1254.6599999999999
		(h, h_ind): (-1, 0)
		load: 75.0

	Finished service at time: 1264.6599999999999

	Using Machine: 3
		Task 58 -> Machine 3 (Station 3): 46.82
		Vehicle arrival at machine station: 1311.4799999999998
		Waiting time until machine travel: 0.0

		Machine travel start time: 1311.4799999999998
		Region 2 -> Region 0: 10.0
		Machine arrival at machine station: 1321.4799999999998

		Machine 3 (Station 1)-> Task 55: 19.24
		Vehicle arrival at task: 1340.7199999999998
		Waiting time until service start time: 24.28

	id: 55
		node: 93
		(x, y, z): (84, 88, 0)
		dem: -13
		earl: 1365
		lat: 1605
		servt: 10
		pid: 66
		did: 0
		servST: 1365.0
		(h, h_ind): (3, 20)
		load: 62.0

	Finished service at time: 1375.0

	Using Machine: 3
		Task 55 -> Machine 3 (Station 1): 19.24
		Vehicle arrival at machine station: 1394.24
		Waiting time until machine travel: 0.0

		Machine travel start time: 1394.24
		Region 0 -> Region 3: 15.0
		Machine arrival at machine station: 1409.24

		Machine 3 (Station 4)-> Task 115: 20.59
		Vehicle arrival at task: 1429.83
		Waiting time until service start time: 0.0

	id: 115
		node: 57
		(x, y, z): (93, 61, 3)
		dem: 10
		earl: 0
		lat: 2501
		servt: 10
		pid: 0
		did: 71
		servST: 1429.83
		(h, h_ind): (3, 21)
		load: 72.0

	Finished service at time: 1439.83

	Task 115 -> Task 76: 93.91
	Vehicle arrival at task: 1533.74
	Waiting time until service start time: 0.0

	id: 76
		node: 75
		(x, y, z): (9, 19, 3)
		dem: -13
		earl: 1431
		lat: 1671
		servt: 10
		pid: 27
		did: 0
		servST: 1533.74
		(h, h_ind): (-1, 0)
		load: 59.0

	Finished service at time: 1543.74

	Task 76 -> Task 22: 109.99
	Vehicle arrival at task: 1653.73
	Waiting time until service start time: 0.0

	id: 22
		node: 102
		(x, y, z): (80, 103, 3)
		dem: -9
		earl: 1428
		lat: 1668
		servt: 10
		pid: 89
		did: 0
		servST: 1653.73
		(h, h_ind): (-1, 0)
		load: 50.0

	Finished service at time: 1663.73

	Using Machine: 4
		Task 22 -> Machine 4 (Station 4): 34.54
		Vehicle arrival at machine station: 1698.27
		Waiting time until machine travel: 0.0

		Machine travel start time: 1698.27
		Region 3 -> Region 2: 5.0
		Machine arrival at machine station: 1703.27

		Machine 4 (Station 3)-> Task 20: 61.13
		Vehicle arrival at task: 1764.4
		Waiting time until service start time: 0.0

	id: 20
		node: 64
		(x, y, z): (8, 87, 2)
		dem: -14
		earl: 1545
		lat: 1785
		servt: 10
		pid: 4
		did: 0
		servST: 1764.4
		(h, h_ind): (4, 18)
		load: 36.0

	Finished service at time: 1774.4

	Using Machine: 3
		Task 20 -> Machine 3 (Station 3): 68.88
		Vehicle arrival at machine station: 1843.2800000000002
		Waiting time until machine travel: 0.0

		Machine travel start time: 1843.2800000000002
		Region 2 -> Region 1: 5.0
		Machine arrival at machine station: 1848.2800000000002

		Machine 3 (Station 2)-> Task 71: 64.07
		Vehicle arrival at task: 1912.3500000000001
		Waiting time until service start time: 0.0

	id: 71
		node: 117
		(x, y, z): (139, 68, 1)
		dem: -10
		earl: 0
		lat: 2456
		servt: 10
		pid: 115
		did: 0
		servST: 1912.3500000000001
		(h, h_ind): (3, 27)
		load: 26.0

	Finished service at time: 1922.3500000000001

	Using Machine: 3
		Task 71 -> Machine 3 (Station 2): 64.07
		Vehicle arrival at machine station: 1986.42
		Waiting time until machine travel: 0.0

		Machine travel start time: 1986.42
		Region 1 -> Region 0: 5.0
		Machine arrival at machine station: 1991.42

		Machine 3 (Station 1)-> Task 86: 26.25
		Vehicle arrival at task: 2017.67
		Waiting time until service start time: 0.0

	id: 86
		node: 90
		(x, y, z): (67, 96, 0)
		dem: -26
		earl: 1908
		lat: 2148
		servt: 10
		pid: 58
		did: 0
		servST: 2017.67
		(h, h_ind): (3, 29)
		load: 0.0

	Finished service at time: 2027.67

	Task 86 -> Task 0: 26.17
	Vehicle arrival at task: 2053.84
	Waiting time until service start time: 0.0

	id: 0
		node: 122
		(x, y, z): (70, 70, 0)
		dem: 0
		earl: 0
		lat: 2535
		servt: 0
		pid: 0
		did: 0
		servST: 2053.84
		(h, h_ind): (-1, 0)
		load: 0.0


---------------------| MACHINES |---------------------

Machine 0 :
	setup duration: 0.0

	vehicle: 38
	vehicleInd: 2
	(orig, dest): (0, 99)
	(origRegion, destRegion): (0, 2)
	st: 22.59999999999993
	duration: 10.0

	setup duration: 5.0

	vehicle: 54
	vehicleInd: 12
	(orig, dest): (78, 5)
	(origRegion, destRegion): (3, 2)
	st: 833.2500000000001
	duration: 5.0


Machine 1 :
	setup duration: 0.0

	vehicle: 17
	vehicleInd: 2
	(orig, dest): (0, 80)
	(origRegion, destRegion): (0, 1)
	st: 9.55999999999994
	duration: 5.0

	setup duration: 0.0

	vehicle: 17
	vehicleInd: 3
	(orig, dest): (80, 38)
	(origRegion, destRegion): (1, 2)
	st: 29.039999999999942
	duration: 5.0

	setup duration: 10.0

	vehicle: 1
	vehicleInd: 4
	(orig, dest): (43, 118)
	(origRegion, destRegion): (0, 1)
	st: 264.09000000000003
	duration: 5.0

	setup duration: 0.0

	vehicle: 1
	vehicleInd: 5
	(orig, dest): (118, 88)
	(origRegion, destRegion): (1, 2)
	st: 386.90999999999997
	duration: 5.0

	setup duration: 0.0

	vehicle: 1
	vehicleInd: 6
	(orig, dest): (88, 122)
	(origRegion, destRegion): (2, 0)
	st: 537.7099999999999
	duration: 10.0

	setup duration: 0.0

	vehicle: 2
	vehicleInd: 10
	(orig, dest): (64, 44)
	(origRegion, destRegion): (0, 1)
	st: 599.67
	duration: 5.0

	setup duration: 0.0

	vehicle: 2
	vehicleInd: 11
	(orig, dest): (44, 79)
	(origRegion, destRegion): (1, 2)
	st: 756.03
	duration: 5.0

	setup duration: 5.0

	vehicle: 17
	vehicleInd: 13
	(orig, dest): (60, 68)
	(origRegion, destRegion): (1, 2)
	st: 1011.5899999999999
	duration: 5.0


Machine 2 :
	setup duration: 0.0

	vehicle: 46
	vehicleInd: 2
	(orig, dest): (0, 33)
	(origRegion, destRegion): (0, 3)
	st: 23.78
	duration: 15.0

	setup duration: 5.0

	vehicle: 46
	vehicleInd: 6
	(orig, dest): (192, 36)
	(origRegion, destRegion): (2, 1)
	st: 333.03
	duration: 5.0

	setup duration: 5.0

	vehicle: 38
	vehicleInd: 10
	(orig, dest): (35, 56)
	(origRegion, destRegion): (0, 2)
	st: 638.8499999999999
	duration: 10.0

	setup duration: 0.0

	vehicle: 2
	vehicleInd: 12
	(orig, dest): (79, 90)
	(origRegion, destRegion): (2, 0)
	st: 876.05
	duration: 10.0

	setup duration: 5.0

	vehicle: 17
	vehicleInd: 18
	(orig, dest): (189, 2)
	(origRegion, destRegion): (1, 2)
	st: 1557.86
	duration: 5.0

	setup duration: 0.0

	vehicle: 17
	vehicleInd: 19
	(orig, dest): (2, 108)
	(origRegion, destRegion): (2, 1)
	st: 1668.5599999999997
	duration: 5.0

	setup duration: 0.0

	vehicle: 17
	vehicleInd: 20
	(orig, dest): (108, 0)
	(origRegion, destRegion): (1, 0)
	st: 1834.8799999999999
	duration: 5.0

	setup duration: 10.0

	vehicle: 38
	vehicleInd: 28
	(orig, dest): (169, 0)
	(origRegion, destRegion): (2, 0)
	st: 1994.3999999999999
	duration: 10.0


Machine 3 :
	setup duration: 0.0

	vehicle: 54
	vehicleInd: 2
	(orig, dest): (0, 18)
	(origRegion, destRegion): (0, 3)
	st: 10.72999999999999
	duration: 15.0

	setup duration: 0.0

	vehicle: 54
	vehicleInd: 3
	(orig, dest): (18, 3)
	(origRegion, destRegion): (3, 0)
	st: 43.96999999999999
	duration: 15.0

	setup duration: 10.0

	vehicle: 17
	vehicleInd: 4
	(orig, dest): (38, 119)
	(origRegion, destRegion): (2, 1)
	st: 134.59999999999994
	duration: 5.0

	setup duration: 10.0

	vehicle: 2
	vehicleInd: 4
	(orig, dest): (116, 41)
	(origRegion, destRegion): (3, 2)
	st: 149.59999999999994
	duration: 5.0

	setup duration: 0.0

	vehicle: 2
	vehicleInd: 5
	(orig, dest): (41, 92)
	(origRegion, destRegion): (2, 1)
	st: 195.05999999999992
	duration: 5.0

	setup duration: 0.0

	vehicle: 17
	vehicleInd: 5
	(orig, dest): (119, 51)
	(origRegion, destRegion): (1, 0)
	st: 242.23999999999992
	duration: 5.0

	setup duration: 5.0

	vehicle: 2
	vehicleInd: 6
	(orig, dest): (92, 61)
	(origRegion, destRegion): (1, 0)
	st: 276.0999999999999
	duration: 5.0

	setup duration: 0.0

	vehicle: 17
	vehicleInd: 6
	(orig, dest): (51, 65)
	(origRegion, destRegion): (0, 3)
	st: 398.91999999999996
	duration: 15.0

	setup duration: 5.0

	vehicle: 46
	vehicleInd: 8
	(orig, dest): (91, 32)
	(origRegion, destRegion): (2, 0)
	st: 570.9399999999999
	duration: 10.0

	setup duration: 0.0

	vehicle: 54
	vehicleInd: 10
	(orig, dest): (4, 191)
	(origRegion, destRegion): (0, 2)
	st: 586.9499999999999
	duration: 10.0

	setup duration: 5.0

	vehicle: 17
	vehicleInd: 9
	(orig, dest): (31, 103)
	(origRegion, destRegion): (3, 1)
	st: 601.9499999999999
	duration: 10.0

	setup duration: 5.0

	vehicle: 46
	vehicleInd: 10
	(orig, dest): (114, 96)
	(origRegion, destRegion): (0, 2)
	st: 743.5199999999999
	duration: 10.0

	setup duration: 0.0

	vehicle: 54
	vehicleInd: 11
	(orig, dest): (191, 78)
	(origRegion, destRegion): (2, 3)
	st: 768.09
	duration: 5.0

	setup duration: 10.0

	vehicle: 17
	vehicleInd: 11
	(orig, dest): (15, 120)
	(origRegion, destRegion): (1, 2)
	st: 810.76
	duration: 5.0

	setup duration: 0.0

	vehicle: 17
	vehicleInd: 12
	(orig, dest): (120, 60)
	(origRegion, destRegion): (2, 1)
	st: 929.5
	duration: 5.0

	setup duration: 5.0

	vehicle: 2
	vehicleInd: 13
	(orig, dest): (90, 45)
	(origRegion, destRegion): (0, 2)
	st: 1013.5899999999999
	duration: 10.0

	setup duration: 0.0

	vehicle: 2
	vehicleInd: 14
	(orig, dest): (45, 124)
	(origRegion, destRegion): (2, 3)
	st: 1099.11
	duration: 5.0

	setup duration: 5.0

	vehicle: 46
	vehicleInd: 14
	(orig, dest): (72, 127)
	(origRegion, destRegion): (2, 1)
	st: 1154.14
	duration: 5.0

	setup duration: 5.0

	vehicle: 54
	vehicleInd: 15
	(orig, dest): (138, 89)
	(origRegion, destRegion): (0, 2)
	st: 1183.54
	duration: 10.0

	setup duration: 0.0

	vehicle: 54
	vehicleInd: 17
	(orig, dest): (58, 55)
	(origRegion, destRegion): (2, 0)
	st: 1311.4799999999998
	duration: 10.0

	setup duration: 0.0

	vehicle: 54
	vehicleInd: 18
	(orig, dest): (55, 115)
	(origRegion, destRegion): (0, 3)
	st: 1394.24
	duration: 15.0

	setup duration: 10.0

	vehicle: 46
	vehicleInd: 16
	(orig, dest): (37, 81)
	(origRegion, destRegion): (1, 2)
	st: 1419.4
	duration: 5.0

	setup duration: 0.0

	vehicle: 46
	vehicleInd: 17
	(orig, dest): (81, 23)
	(origRegion, destRegion): (2, 3)
	st: 1553.48
	duration: 5.0

	setup duration: 15.0

	vehicle: 38
	vehicleInd: 22
	(orig, dest): (173, 75)
	(origRegion, destRegion): (0, 3)
	st: 1640.1499999999996
	duration: 15.0

	setup duration: 0.0

	vehicle: 38
	vehicleInd: 25
	(orig, dest): (102, 54)
	(origRegion, destRegion): (3, 2)
	st: 1786.1099999999997
	duration: 5.0

	setup duration: 0.0

	vehicle: 2
	vehicleInd: 23
	(orig, dest): (171, 13)
	(origRegion, destRegion): (2, 3)
	st: 1819.6399999999994
	duration: 5.0

	setup duration: 5.0

	vehicle: 54
	vehicleInd: 22
	(orig, dest): (20, 71)
	(origRegion, destRegion): (2, 1)
	st: 1843.2800000000002
	duration: 5.0

	setup duration: 10.0

	vehicle: 2
	vehicleInd: 24
	(orig, dest): (13, 52)
	(origRegion, destRegion): (3, 2)
	st: 1973.4999999999995
	duration: 5.0

	setup duration: 5.0

	vehicle: 54
	vehicleInd: 23
	(orig, dest): (71, 86)
	(origRegion, destRegion): (1, 0)
	st: 1986.42
	duration: 5.0


Machine 4 :
	setup duration: 0.0

	vehicle: 2
	vehicleInd: 2
	(orig, dest): (0, 74)
	(origRegion, destRegion): (0, 3)
	st: 7.289999999999928
	duration: 15.0

	setup duration: 5.0

	vehicle: 38
	vehicleInd: 4
	(orig, dest): (111, 100)
	(origRegion, destRegion): (2, 3)
	st: 107.37999999999994
	duration: 5.0

	setup duration: 15.0

	vehicle: 54
	vehicleInd: 4
	(orig, dest): (3, 8)
	(origRegion, destRegion): (0, 1)
	st: 155.66
	duration: 5.0

	setup duration: 10.0

	vehicle: 46
	vehicleInd: 4
	(orig, dest): (47, 165)
	(origRegion, destRegion): (3, 2)
	st: 194.47
	duration: 5.0

	setup duration: 5.0

	vehicle: 38
	vehicleInd: 5
	(orig, dest): (100, 34)
	(origRegion, destRegion): (3, 1)
	st: 241.61999999999995
	duration: 10.0

	setup duration: 0.0

	vehicle: 38
	vehicleInd: 7
	(orig, dest): (163, 26)
	(origRegion, destRegion): (1, 0)
	st: 335.15999999999997
	duration: 5.0

	setup duration: 5.0

	vehicle: 46
	vehicleInd: 7
	(orig, dest): (36, 91)
	(origRegion, destRegion): (1, 2)
	st: 436.45
	duration: 5.0

	setup duration: 5.0

	vehicle: 54
	vehicleInd: 9
	(orig, dest): (6, 4)
	(origRegion, destRegion): (1, 0)
	st: 485.09
	duration: 5.0

	setup duration: 10.0

	vehicle: 38
	vehicleInd: 12
	(orig, dest): (77, 30)
	(origRegion, destRegion): (2, 3)
	st: 766.67
	duration: 5.0

	setup duration: 0.0

	vehicle: 38
	vehicleInd: 14
	(orig, dest): (25, 94)
	(origRegion, destRegion): (3, 1)
	st: 909.5499999999998
	duration: 10.0

	setup duration: 5.0

	vehicle: 54
	vehicleInd: 13
	(orig, dest): (5, 66)
	(origRegion, destRegion): (2, 0)
	st: 938.33
	duration: 10.0

	setup duration: 5.0

	vehicle: 38
	vehicleInd: 17
	(orig, dest): (87, 11)
	(origRegion, destRegion): (1, 2)
	st: 1203.3099999999997
	duration: 5.0

	setup duration: 0.0

	vehicle: 17
	vehicleInd: 15
	(orig, dest): (49, 158)
	(origRegion, destRegion): (2, 3)
	st: 1267.3
	duration: 5.0

	setup duration: 0.0

	vehicle: 17
	vehicleInd: 16
	(orig, dest): (158, 93)
	(origRegion, destRegion): (3, 1)
	st: 1347.7
	duration: 10.0

	setup duration: 5.0

	vehicle: 38
	vehicleInd: 19
	(orig, dest): (123, 12)
	(origRegion, destRegion): (2, 3)
	st: 1387.1699999999996
	duration: 5.0

	setup duration: 0.0

	vehicle: 38
	vehicleInd: 21
	(orig, dest): (82, 173)
	(origRegion, destRegion): (3, 0)
	st: 1516.4999999999995
	duration: 15.0

	setup duration: 15.0

	vehicle: 2
	vehicleInd: 21
	(orig, dest): (121, 10)
	(origRegion, destRegion): (3, 1)
	st: 1592.1799999999996
	duration: 10.0

	setup duration: 10.0

	vehicle: 54
	vehicleInd: 21
	(orig, dest): (22, 20)
	(origRegion, destRegion): (3, 2)
	st: 1698.27
	duration: 5.0

	setup duration: 5.0

	vehicle: 46
	vehicleInd: 20
	(orig, dest): (109, 83)
	(origRegion, destRegion): (3, 0)
	st: 1716.29
	duration: 15.0

	setup duration: 5.0

	vehicle: 2
	vehicleInd: 22
	(orig, dest): (10, 171)
	(origRegion, destRegion): (1, 2)
	st: 1779.3799999999994
	duration: 5.0

	setup duration: 10.0

	vehicle: 46
	vehicleInd: 22
	(orig, dest): (105, 85)
	(origRegion, destRegion): (0, 2)
	st: 1903.19
	duration: 10.0

	setup duration: 0.0

	vehicle: 46
	vehicleInd: 23
	(orig, dest): (85, 53)
	(origRegion, destRegion): (2, 0)
	st: 2026.9099999999999
	duration: 10.0

	setup duration: 10.0

	vehicle: 2
	vehicleInd: 27
	(orig, dest): (70, 73)
	(origRegion, destRegion): (2, 0)
	st: 2143.8199999999997
	duration: 10.0


-------------------| COMPL. TIMES |-------------------

Vehicle 0 : 0.0
Vehicle 1 : 561.8799999999999
Vehicle 2 : 2243.1399999999994
Vehicle 3 : 0.0
Vehicle 4 : 0.0
Vehicle 5 : 0.0
Vehicle 6 : 0.0
Vehicle 7 : 0.0
Vehicle 8 : 0.0
Vehicle 9 : 0.0
Vehicle 10 : 0.0
Vehicle 11 : 0.0
Vehicle 12 : 0.0
Vehicle 13 : 0.0
Vehicle 14 : 0.0
Vehicle 15 : 0.0
Vehicle 16 : 0.0
Vehicle 17 : 1834.89
Vehicle 18 : 0.0
Vehicle 19 : 0.0
Vehicle 20 : 0.0
Vehicle 21 : 0.0
Vehicle 22 : 0.0
Vehicle 23 : 0.0
Vehicle 24 : 0.0
Vehicle 25 : 0.0
Vehicle 26 : 0.0
Vehicle 27 : 0.0
Vehicle 28 : 0.0
Vehicle 29 : 0.0
Vehicle 30 : 0.0
Vehicle 31 : 0.0
Vehicle 32 : 0.0
Vehicle 33 : 0.0
Vehicle 34 : 0.0
Vehicle 35 : 0.0
Vehicle 36 : 0.0
Vehicle 37 : 0.0
Vehicle 38 : 1984.6200000000001
Vehicle 39 : 0.0
Vehicle 40 : 0.0
Vehicle 41 : 0.0
Vehicle 42 : 0.0
Vehicle 43 : 0.0
Vehicle 44 : 0.0
Vehicle 45 : 0.0
Vehicle 46 : 2056.5
Vehicle 47 : 0.0
Vehicle 48 : 0.0
Vehicle 49 : 0.0
Vehicle 50 : 0.0
Vehicle 51 : 0.0
Vehicle 52 : 0.0
Vehicle 53 : 0.0
Vehicle 54 : 2048.21
Vehicle 55 : 0.0
Vehicle 56 : 0.0
Vehicle 57 : 0.0
Vehicle 58 : 0.0
Vehicle 59 : 0.0
-------------------| STATISTICS |-------------------

    Vehicles used                           : 10.0
    Machines used                           : 100.0
    Max load (vehicles)                     : 98.7179
    Min load (vehicles)                     : 80.7692
    Mean load (vehicles)                    : 90.4701
    Min completion time                     : 22.1649
    Max completion time                     : 88.4868
    Mean completion time                    : 70.5407
    Avrg travel time (with vehicle)         : 6.4694
    Avrg travel time (only with vehicle)    : 4.2604
    Avrg travel time (no vehicle)           : 2.2091
    Avrg waiting time (machine travel)      : 0.0
    Avrg waiting time (service)             : 1.2039
    Machines travel times (with vehicle)    : [0.789, 2.3669, 3.5503, 13.4122, 12.2288]
    Machines travel times (no vehicle)      : [0.1972, 0.5917, 0.9862, 4.3393, 4.931]
    Max load per vehicle                    : [0.0, 87.6923, 98.7179, 0.0, 0.0, 0.0, 0.0, 0.0, 0.0, 0.0, 0.0, 0.0, 0.0, 0.0, 0.0, 0.0, 0.0, 94.8718, 0.0, 0.0, 0.0, 0.0, 0.0, 0.0, 0.0, 0.0, 0.0, 0.0, 0.0, 0.0, 0.0, 0.0, 0.0, 0.0, 0.0, 0.0, 0.0, 0.0, 80.7692, 0.0, 0.0, 0.0, 0.0, 0.0, 0.0, 0.0, 83.3333, 0.0, 0.0, 0.0, 0.0, 0.0, 0.0, 0.0, 97.4359, 0.0, 0.0, 0.0, 0.0, 0.0]

----------------------------------------------------

TOTAL: 10729.239999999998

Everything is awesome!
