-------------------| STATISTICS |-------------------

Vehicles used                           : 7.5
Machines used                           : 83.3333
Max load (vehicles)                     : 98.4615
Min load (vehicles)                     : 76.9231
Mean load (vehicles)                    : 87.9487
Min completion time                     : 25.301
Max completion time                     : 91.0832
Mean completion time                    : 66.8438
Avrg travel time (with vehicle)         : 1.1045
Avrg travel time (only with vehicle)    : 0.8679
Avrg travel time (no vehicle)           : 0.2367
Avrg waiting time (machine travel)      : 0.0
Avrg waiting time (service)             : 0.0
Machines travel times (with vehicle)    : [0.3945, 0.1972, 0.0, 0.789, 2.1696, 1.9724]
Machines travel times (no vehicle)      : [0.0, 0.0, 0.0, 0.1972, 0.5917, 0.3945]
Max load per vehicle                    : [0.0, 0.0, 0.0, 0.0, 0.0, 0.0, 0.0, 0.0, 0.0, 0.0, 0.0, 0.0, 0.0, 0.0, 0.0, 0.0, 0.0, 0.0, 0.0, 98.4615, 0.0, 0.0, 0.0, 0.0, 76.9231, 0.0, 0.0, 0.0, 0.0, 0.0, 0.0, 0.0, 0.0, 88.4615, 0.0, 0.0, 0.0, 0.0, 0.0, 0.0]

----------------------------------------------------

TOTAL: 5083.469999999999

Everything is awesome!
