-------------------| STATISTICS |-------------------

Vehicles used                           : 13.3333
Machines used                           : 100.0
Max load (vehicles)                     : 97.5
Min load (vehicles)                     : 57.5
Mean load (vehicles)                    : 81.7725
Min completion time                     : 27.0615
Max completion time                     : 84.5657
Mean completion time                    : 63.5476
Avrg travel time (with vehicle)         : 6.5089
Avrg travel time (only with vehicle)    : 4.142
Avrg travel time (no vehicle)           : 2.3669
Avrg waiting time (machine travel)      : 1.8329
Avrg waiting time (service)             : 4.1535
Machines travel times (with vehicle)    : [3.7475, 4.7337, 2.1696, 3.3531, 14.2012, 10.8481]
Machines travel times (no vehicle)      : [1.3807, 1.9724, 0.1972, 1.5779, 5.1282, 3.9448]
Max load per vehicle                    : [0.0, 0.0, 0.0, 0.0, 0.0, 97.5, 0.0, 0.0, 0.0, 0.0, 95.5224, 0.0, 0.0, 0.0, 0.0, 96.25, 0.0, 0.0, 57.5, 0.0, 0.0, 0.0, 0.0, 0.0, 0.0, 0.0, 0.0, 0.0, 0.0, 0.0, 0.0, 0.0, 0.0, 0.0, 0.0, 0.0, 62.5, 0.0, 0.0, 0.0, 0.0, 94.4444, 0.0, 0.0, 0.0, 0.0, 0.0, 0.0, 0.0, 0.0, 0.0, 87.5, 0.0, 0.0, 0.0, 0.0, 0.0, 62.963, 0.0, 0.0]

----------------------------------------------------

TOTAL: 12887.45

Everything is awesome!
