-------------------| STATISTICS |-------------------

Vehicles used                           : 100.0
Machines used                           : 100.0
Max load (vehicles)                     : 60.4651
Min load (vehicles)                     : 15.3846
Mean load (vehicles)                    : 35.2476
Min completion time                     : 43.2435
Max completion time                     : 74.1739
Mean completion time                    : 56.5587
Avrg travel time (with vehicle)         : 10.1449
Avrg travel time (only with vehicle)    : 7.2464
Avrg travel time (no vehicle)           : 2.8986
Avrg waiting time (machine travel)      : 0.4106
Avrg waiting time (service)             : 11.0742
Machines travel times (with vehicle)    : [8.6957, 13.0435, 8.6957]
Machines travel times (no vehicle)      : [2.1739, 4.3478, 2.1739]
Max load per vehicle                    : [20.5882, 20.9302, 15.3846, 60.4651, 58.8235, 35.2941]

----------------------------------------------------

TOTAL: 780.51

Everything is awesome!
