-------------------| STATISTICS |-------------------

Vehicles used                           : 25.0
Machines used                           : 50.0
Max load (vehicles)                     : 84.6154
Min load (vehicles)                     : 46.5116
Mean load (vehicles)                    : 65.5635
Min completion time                     : 12.429
Max completion time                     : 60.523
Mean completion time                    : 36.476
Avrg travel time (with vehicle)         : 1.75
Avrg travel time (only with vehicle)    : 1.5
Avrg travel time (no vehicle)           : 0.25
Avrg waiting time (machine travel)      : 0.0
Avrg waiting time (service)             : 0.0
Machines travel times (with vehicle)    : [0.0, 0.0, 2.0, 1.5]
Machines travel times (no vehicle)      : [0.0, 0.0, 0.5, 0.0]
Max load per vehicle                    : [0.0, 0.0, 84.6154, 0.0, 0.0, 0.0, 46.5116, 0.0]

----------------------------------------------------

TOTAL: 729.52

Everything is awesome!
