
Gurobi 12.0.2 (linux64) logging started Fri Sep 19 16:47:21 2025

Set parameter LogFile to value "/dados/rmelo/PDPTW-SE/benchmark_multi_island_v5/official_experiments/mip_gurobi/set_02_pt_01/logs/form_melo/gurobi/10R_10V_04I_03M/lr103_grb_genconfig_melo.log"
Set parameter Seed to value 0
Gurobi Optimizer version 12.0.2 build v12.0.2rc0 (linux64 - "Ubuntu 22.04.5 LTS")

CPU model: Intel(R) Core(TM) i7-10700 CPU @ 2.90GHz, instruction set [SSE2|AVX|AVX2]
Thread count: 8 physical cores, 16 logical processors, using up to 8 threads

Non-default parameters:
TimeLimit  3600
Cuts  1
Threads  8

Academic license 2661775 - for non-commercial use only - registered to me___@dcc.ufba.br
Optimize a model with 117096 rows, 31176 columns and 320289 nonzeros
Model fingerprint: 0x7c50091d
Variable types: 605 continuous, 30571 integer (30571 binary)
Coefficient statistics:
  Matrix range     [1e+00, 3e+02]
  Objective range  [1e+00, 1e+00]
  Bounds range     [1e+00, 2e+02]
  RHS range        [1e+00, 6e+02]
Presolve removed 7322 rows and 1590 columns
Presolve time: 1.14s
Presolved: 109774 rows, 29586 columns, 298767 nonzeros
Variable types: 571 continuous, 29015 integer (29015 binary)

Deterministic concurrent LP optimizer: primal and dual simplex (primal and dual model)
Showing primal log only...

Root relaxation presolved: 109774 rows, 29586 columns, 298767 nonzeros

Concurrent spin time: 0.01s

Solved with dual simplex

Root relaxation: objective 0.000000e+00, 426 iterations, 0.25 seconds (0.21 work units)

    Nodes    |    Current Node    |     Objective Bounds      |     Work
 Expl Unexpl |  Obj  Depth IntInf | Incumbent    BestBd   Gap | It/Node Time

     0     0    0.00000    0   69          -    0.00000      -     -    2s
H    0     0                    2300.0000000    0.00000   100%     -    3s
     0     0    0.00000    0  258 2300.00000    0.00000   100%     -    5s
     0     0    0.00000    0  189 2300.00000    0.00000   100%     -    5s
H    0     0                    1730.3100000    0.00000   100%     -    6s
H    0     0                     728.7800000    0.00000   100%     -    6s
H    0     0                     704.0500000    0.00000   100%     -    6s
     0     0    0.00000    0  116  704.05000    0.00000   100%     -    6s
     0     0    0.00000    0   63  704.05000    0.00000   100%     -   11s
H    0     0                     672.5200000    0.00000   100%     -   11s
     0     0    0.00000    0   49  672.52000    0.00000   100%     -   12s
     0     0    0.00000    0   68  672.52000    0.00000   100%     -   34s
H    0     0                     671.8100000    0.00000   100%     -   34s
     0     0    0.00000    0  161  671.81000    0.00000   100%     -   37s
H    0     0                     668.7100000    0.00000   100%     -   38s
H    0     0                     659.7200000    0.00000   100%     -   38s
     0     0    0.00000    0  116  659.72000    0.00000   100%     -   38s
H    0     0                     659.2500000    0.00000   100%     -   41s
H    0     0                     658.9700000    0.00000   100%     -   41s
     0     0    0.00000    0   63  658.97000    0.00000   100%     -   42s
H    0     0                     657.9200000    0.00000   100%     -   43s
H    0     0                     649.0800000    0.00000   100%     -   44s
     0     0    0.00000    0   54  649.08000    0.00000   100%     -   46s
     0     0    0.00000    0   56  649.08000    0.00000   100%     -   49s
     0     0    0.00000    0   60  649.08000    0.00000   100%     -   49s
     0     0    0.00000    0   57  649.08000    0.00000   100%     -   52s
     0     0    0.00000    0   79  649.08000    0.00000   100%     -   53s
H    0     0                     620.3500000    0.00000   100%     -   54s
     0     0    0.00000    0  106  620.35000    0.00000   100%     -   55s
H    0     0                     618.0900000    0.00000   100%     -   56s
     0     0    0.00000    0   98  618.09000    0.00000   100%     -   56s
     0     0    0.00000    0   72  618.09000    0.00000   100%     -   58s
     0     0    0.00000    0   83  618.09000    0.00000   100%     -   59s
     0     0    0.00000    0   63  618.09000    0.00000   100%     -   61s
     0     0    0.00000    0   63  618.09000    0.00000   100%     -   61s
H    0     0                     617.4300000    0.00000   100%     -   62s
     0     2    0.00000    0   59  617.43000    0.00000   100%     -   64s
     1     4    0.00000    1   54  617.43000    0.00000   100%   965   65s
    53    53    0.00000    9  114  617.43000    0.00000   100%   370   70s
H   87    83                     616.8700000    0.00000   100%   393   73s
   127   121  144.01000   15   84  616.87000    0.00000   100%   331   75s
H  137   121                     612.0200000    0.00000   100%   319   75s
H  212   184                     611.5000000    0.00000   100%   246   77s
H  217   184                     610.1800000    0.00000   100%   243   77s
   293   245  151.50757   26  154  610.18000    0.00000   100%   222   80s
   337   284  151.50757   31  110  610.18000    0.00000   100%   250   85s
   461   395  248.49000   39   94  610.18000    0.00000   100%   204   90s
H  658   490                     609.6600000    0.00000   100%   190   94s
   667   570  112.32018   28  112  609.66000    0.00000   100%   190   97s
   885   658  145.58168   24   71  609.66000    0.00000   100%   173  100s
  1199   836  220.84465   40   61  609.66000    0.00000   100%   163  105s
  1466   979   69.83375   31   88  609.66000    0.00000   100%   166  110s
H 1482   985                     609.6599668    0.00000   100%   166  111s
  1647  1150  297.78834   51   61  609.65997    0.00000   100%   160  115s
H 1793  1150                     609.6599652    0.00000   100%   159  115s
  1939  1287 infeasible   18       609.65997    0.00000   100%   168  120s
  2054  1288  376.62000   35   49  609.65997    0.00000   100%   172  159s
  2056  1289  121.76518   29   50  609.65997    0.00000   100%   172  171s
  2057  1290  223.73000   31  174  609.65997    0.00000   100%   172  178s
  2058  1291   62.42000   28  170  609.65997    0.00000   100%   171  182s
H 2058  1226                     609.6599650    0.00000   100%   171  187s
  2060  1227  409.42000   34   70  609.65996    0.00000   100%   171  198s
H 2060  1165                     609.6599649    0.00000   100%   171  201s
  2062  1166   91.73629   23  111  609.65996    0.00000   100%   171  206s
  2063  1167  277.66435   47  101  609.65996    0.00000   100%   171  215s
  2064  1168  414.16060   55   82  609.65996    0.00000   100%   171  221s
  2065  1168  144.01000   16   76  609.65996    0.00000   100%   171  229s
  2066  1169  412.71350   56  103  609.65996    0.00000   100%   171  240s
  2067  1170  324.29780   37   73  609.65996    0.00000   100%   171  251s
  2068  1170   53.49974   32  127  609.65996    0.00000   100%   171  264s
  2069  1171  416.22000   46   53  609.65996    0.00000   100%   171  272s
  2070  1172   71.96181   35   71  609.65996    0.00000   100%   170  278s
  2071  1172  101.31000   25   86  609.65996    0.00000   100%   170  289s
  2072  1173   71.35000   16  140  609.65996    0.00000   100%   170  292s
  2073  1174    0.00000   27   62  609.65996    0.00000   100%   170  298s
  2074  1174   85.36434   31  228  609.65996    0.00000   100%   170  304s
  2075  1175   57.17201   22   40  609.65996    0.00000   100%   170  313s
  2076  1176  359.10000   42   99  609.65996    0.00000   100%   170  323s
  2077  1176   42.96177   21  100  609.65996    0.00000   100%   170  329s
  2078  1177  163.87380   33   74  609.65996    0.00000   100%   170  331s
  2080  1181    0.00000   15   57  609.65996    0.00000   100%   223  337s
  2086  1191    0.00000   17  180  609.65996    0.00000   100%   225  342s
  2094  1197    0.00000   18  135  609.65996    0.00000   100%   234  345s
  2124  1221    0.00000   20  100  609.65996    0.00000   100%   238  351s
  2136  1223    0.00000   21  105  609.65996    0.00000   100%   239  384s
  2144  1228    0.00000   21  112  609.65996    0.00000   100%   242  387s
  2152  1235    0.00000   22  119  609.65996    0.00000   100%   243  390s
  2172  1243    0.00000   23  129  609.65996    0.00000   100%   243  395s
H 2174  1183                     609.6599647    0.00000   100%   242  395s
  2196  1201    0.42491   24  100  609.65996    0.00000   100%   245  402s
  2208  1205    0.00000   24  136  609.65996    0.00000   100%   247  405s
  2222  1222    0.00000   25  116  609.65996    0.00000   100%   249  410s
  2255  1224    0.00000   26  114  609.65996    0.00000   100%   253  415s
  2288  1234    0.00000   27   89  609.65996    0.00000   100%   257  420s
  2316  1236    0.00000   29   96  609.65996    0.00000   100%   260  425s
  2336  1250    0.00000   30  122  609.65996    0.00000   100%   266  430s
  2378  1272  127.69000   32  136  609.65996    0.00000   100%   274  439s
  2401  1290   37.93000   33  116  609.65996    0.00000   100%   278  444s
H 2422  1227                     609.6599646    0.00000   100%   279  444s
H 2425  1172                     609.6599641    0.00000   100%   279  444s
  2428  1196   37.93000   34  121  609.65996    0.00000   100%   280  448s
  2466  1203 infeasible   35       609.65996    0.00000   100%   280  452s
  2500  1214 infeasible   37       609.65996    0.00000   100%   281  458s
  2536  1220  115.57000   39  111  609.65996    0.00000   100%   283  462s
  2566  1227   37.93000   39  103  609.65996    0.00000   100%   284  468s
  2601  1238  190.09435   41  105  609.65996    0.00000   100%   288  473s
  2632  1256  308.25000   41  105  609.65996    0.00000   100%   289  479s
  2677  1266  199.05533   43  131  609.65996    0.00000   100%   292  484s
  2716  1282  199.05533   44  124  609.65996    0.00000   100%   291  489s
  2749  1295  251.49675   46  106  609.65996    0.00000   100%   295  493s
  2777  1313  251.49675   47  107  609.65996    0.00000   100%   297  498s
  2821  1320  251.49675   50   96  609.65996    0.00000   100%   300  504s
  2855  1348  261.21000   51   85  609.65996    0.00000   100%   303  509s
  2910  1365  356.43219   53  122  609.65996    0.00000   100%   304  515s
  2969  1380  258.00000   55   97  609.65996    0.00000   100%   302  521s
  3061  1378  258.00000   57  105  609.65996    0.00000   100%   300  527s
  3107  1416  258.00000   58   95  609.65996    0.00000   100%   303  533s
  3209  1436  258.00000   61   88  609.65996    0.00000   100%   300  539s
  3306  1476  258.00000   64   83  609.65996    0.00000   100%   301  545s
  3410  1504  258.00000   68   85  609.65996    0.00000   100%   301  552s
  3501  1540  289.09885   71  111  609.65996    0.00000   100%   304  560s
  3592  1594  289.09885   74  105  609.65996    0.00000   100%   304  567s
  3734  1617  331.82000   77   79  609.65996    0.00000   100%   301  574s
  3842  1620  428.98000   82   92  609.65996    0.00000   100%   304  582s
  3906  1607  331.82000   85   80  609.65996    0.00000   100%   306  589s
  3914  1610 infeasible   85       609.65996    0.00000   100%   308  596s
  3923  1615  405.45667   86   74  609.65996    0.00000   100%   308  602s
H 3924  1564                     609.6598579    0.00000   100%   308  602s
  3931  1604  331.82000   87   58  609.65986    0.00000   100%   308  610s
H 3950  1550                     609.6598544    0.00000   100%   311  610s
  3994  1609  402.52466   90   73  609.65985    0.00000   100%   313  619s
  4121  1674 infeasible   27       609.65985    0.00000   100%   315  627s
  4262  1753  523.13453   52   70  609.65985    0.00000   100%   315  637s
  4478  1755    0.00000   43  105  609.65985    0.00000   100%   313  646s
H 4501  1701                     609.6597326    0.00000   100%   313  646s
  4577  1768    0.02726   52   92  609.65973    0.00000   100%   313  656s
  4733  1869 infeasible   46       609.65973    0.00000   100%   316  666s
  4949  2010    0.00000   28  110  609.65973    0.00000   100%   312  676s
  5211  2063  125.81858   36   92  609.65973    0.00000   100%   308  686s
  5325  2202   61.58427   37  139  609.65973    0.00000   100%   311  697s
  5517  2285   62.42000   46  138  609.65973    0.00000   100%   310  707s
  5623  2429  250.77073   59  106  609.65973    0.00000   100%   310  718s
  5862  2586 infeasible   29       609.65973    0.00000   100%   308  729s
  6109  2662   10.59219   60  110  609.65973    0.00000   100%   305  740s
  6224  2814  208.05673   69  135  609.65973    0.00000   100%   305  751s
  6454  3006   67.30154   42  138  609.65973    0.00000   100%   303  764s
  6692  3228  217.89000   68  100  609.65973    0.00000   100%   299  778s
  7018  3334  133.03000   34  105  609.65973    0.00000   100%   297  792s
  7167  3533   97.16000   38   94  609.65973    0.00000   100%   300  807s
  7477  3642 infeasible   49       609.65973    0.00000   100%   299  823s
  7665  3875   52.70675   29  114  609.65973    0.00000   100%   301  839s
  8022  4078   56.62593   35  115  609.65973    0.00000   100%   297  856s
  8327  4334  378.16137   57   77  609.65973    0.00000   100%   295  872s
  8734  4522  370.61495   34   88  609.65973    0.00000   100%   293  889s
  9024  4720  181.60000   31   78  609.65973    0.00000   100%   293  909s
  9309  5015  233.06207   39   95  609.65973    0.00000   100%   294  928s
  9715  5304  260.71827   45   97  609.65973    0.00000   100%   293  949s
 10246  5363  178.62000   35   93  609.65973    0.00000   100%   289  971s
 10364  5516  182.60219   36  139  609.65973    0.00000   100%   288  993s
 10593  5755  345.04000   62  111  609.65973    0.00000   100%   287 1018s
 10995  6052  140.16092   38   93  609.65973    0.00000   100%   287 1040s
 11488  6350    0.00000   45   87  609.65973    0.00000   100%   287 1065s
 11979  6751   95.54513   54  111  609.65973    0.00000   100%   289 1090s
 12606  7202  392.55587   73   95  609.65973    0.00000   100%   286 1116s
 13355  7628  489.94000   55   83  609.65973    0.00000   100%   282 1143s
 14063  8092  188.76000   33  117  609.65973    0.00000   100%   280 1169s
H14254  8092                     609.6594904    0.00000   100%   279 1170s
 14764  8537  151.64467   41  110  609.65949    0.00000   100%   277 1228s
 15453  8909  319.64778   48   94  609.65949    0.00000   100%   278 1255s
 16094  9247  300.01516   41  104  609.65949    0.00000   100%   278 1280s
 16623  9564   26.21649   37  157  609.65949    0.00000   100%   279 1308s
 17160  9955  378.92000   69   68  609.65949    0.00000   100%   280 1336s
 17817 10347  383.87456   54   79  609.65949    0.00000   100%   280 1366s
 18480 10833   52.70675   39  107  609.65949    0.00000   100%   280 1396s
 19250 11387   52.84258   48  147  609.65949    1.29600   100%   279 1431s
 20091 11401  366.70000   93   51  609.65949    1.29600   100%   277 1469s
 20131 11863  366.70000   94   51  609.65949    1.29600   100%   277 1502s
 20805 12545  272.03000   64   96  609.65949   10.59219  98.3%   273 1536s
 22172 13123  226.78743   38   93  609.65949   15.10426  97.5%   266 1569s
 23216 13723  362.69675   54   86  609.65949   27.74561  95.4%   265 1601s
 24102 14244  469.13000   63   67  609.65949   31.42107  94.8%   263 1633s
 25054 14776  144.01000   32  102  609.65949   37.93331  93.8%   260 1665s
 25893 15389  271.05148   50   91  609.65949   39.87000  93.5%   258 1698s
 26919 15714  437.82991   80   76  609.65949   39.87000  93.5%   256 1730s
 27517 15853  376.10000   45  116  609.65949   42.91208  93.0%   255 1752s
 27713 16000     cutoff   61       609.65949   48.59540  92.0%   255 1774s
 27963 16121   55.10659   37  142  609.65949   48.59540  92.0%   254 1797s
 28131 16351   62.42000   36  156  609.65949   48.59540  92.0%   255 1821s
 28448 16907  411.73382   55   59  609.65949   48.59540  92.0%   255 1855s
 29254 17287  256.82000   79   84  609.65949   48.59540  92.0%   255 1928s
 29985 18081 infeasible   50       609.65949   48.70513  92.0%   254 1978s
 31159 18828  286.13062   46  117  609.65949   48.70513  92.0%   254 2018s
 32262 19406  174.19688   42  121  609.65949   49.70371  91.8%   252 2051s
 33155 19807  514.83000   55   81  609.65949   49.78706  91.8%   251 2086s
H33493 19807                     609.6594900   50.58114  91.7%   251 2086s
 33801 20488 infeasible   23       609.65949   52.70675  91.4%   251 2120s
 34682 21102  513.52000   97   95  609.65949   52.70675  91.4%   251 2156s
 35583 21598   75.66675   37  113  609.65949   52.70675  91.4%   250 2191s
 36267 22340  169.06974   53   91  609.65949   52.70675  91.4%   249 2226s
 37349 22855  369.84476   53   68  609.65949   52.70675  91.4%   248 2261s
 38226 23481  473.53000   79  102  609.65949   52.70675  91.4%   247 2294s
 39173 24085  376.99974   44   91  609.65949   52.70675  91.4%   245 2328s
 40110 24480  394.10000   41  101  609.65949   52.70675  91.4%   245 2361s
 40652 25037  330.39654   57   72  609.65949   52.70675  91.4%   246 2396s
 41493 25533  332.75125   54   86  609.65949   52.70675  91.4%   246 2429s
 42292 26022   53.59812   40  123  609.65949   52.84258  91.3%   247 2463s
 43092 26449  198.12258   48   78  609.65949   52.84258  91.3%   248 2497s
 43826 27084  471.50000   82   42  609.65949   52.84258  91.3%   248 2565s
 44883 27610   82.49921   56  102  609.65949   53.18045  91.3%   248 2598s
 45689 28074  402.05229   67   91  609.65949   53.18045  91.3%   248 2631s
H46521 28074                     609.6594898   53.18045  91.3%   248 2631s
 46600 28590  251.97045   37  120  609.65949   53.18045  91.3%   248 2663s
 47408 29187  430.30942   64  104  609.65949   53.18045  91.3%   248 2695s
 48375 29804  362.08000   77  113  609.65949   53.18045  91.3%   247 2725s
 49254 30365     cutoff   50       609.65949   53.18045  91.3%   246 2755s
 50176 31005  234.49045   41  100  609.65949   53.18045  91.3%   245 2785s
 51152 31579  197.65104   36   87  609.65949   53.18045  91.3%   244 2814s
 52173 32221  522.89000   61   39  609.65949   53.18045  91.3%   243 2842s
 53264 32867  592.35494   47   42  609.65949   53.49974  91.2%   241 2869s
 54444 33636  346.72683   46   90  609.65949   53.59812  91.2%   239 2895s
 55694 34061  528.93000   47   57  609.65949   53.85379  91.2%   237 2921s
 56408 34517  281.02402   42   96  609.65949   54.15264  91.1%   236 2948s
 57214 34927  168.51000   44   84  609.65949   55.10659  91.0%   236 2974s
 58017 35210     cutoff   45       609.65949   56.46857  90.7%   235 3001s
 58665 35795  216.63000   29   81  609.65949   59.19321  90.3%   236 3064s
 59557 36388   71.35000   38  105  609.65949   59.21000  90.3%   236 3098s
 60433 36569  356.63055   54   85  609.65949   59.21000  90.3%   236 3121s
 60708 37322  299.99000   45  101  609.65949   59.21000  90.3%   236 3159s
 62055 37891  233.35472   44  115  609.65949   59.68553  90.2%   234 3190s
 62943 38395  431.37000   42   58  609.65949   62.16824  89.8%   234 3221s
 63880 38861  173.67000   33   95  609.65949   62.42000  89.8%   234 3250s
 64758 39383  177.99000   45   89  609.65949   62.42000  89.8%   234 3280s
 65692 39840  177.99000   44   91  609.65949   62.42000  89.8%   234 3310s
 66498 40298  145.99295   44   93  609.65949   62.42000  89.8%   235 3339s
 67203 40721  254.87367   52   64  609.65949   62.42000  89.8%   235 3369s
 67896 41052 infeasible   42       609.65949   62.42000  89.8%   235 3398s
 68417 41666  405.23000   90   68  609.65949   62.42000  89.8%   236 3428s
 69385 42215  177.99000   46   93  609.65949   62.42000  89.8%   235 3458s
 70256 42547   62.42000   56  140  609.65949   62.42000  89.8%   235 3489s
 70817 43091  173.67000   58   77  609.65949   62.42000  89.8%   235 3520s
 71833 43652   62.42000   44  114  609.65949   62.42000  89.8%   235 3549s
 72795 44328  159.58000   44   95  609.65949   62.42000  89.8%   235 3579s
H73748 44328                     609.6592886   62.42000  89.8%   234 3579s

Cutting planes:
  Learned: 166
  Gomory: 5
  Lift-and-project: 26
  Cover: 34
  Implied bound: 300
  Clique: 109
  MIR: 225
  StrongCG: 6
  Flow cover: 566
  GUB cover: 12
  Zero half: 66
  RLT: 400
  Relax-and-lift: 459
  BQP: 106
  PSD: 26

Explored 73860 nodes (17351136 simplex iterations) in 3600.09 seconds (4333.79 work units)
Thread count was 8 (of 16 available processors)

Solution count 10: 609.659 609.66 609.66 ... 620.35

Time limit reached
Best objective 6.096592886424e+02, best bound 6.400045474631e+01, gap 89.5023%
