Set parameter WLSAccessID
Set parameter WLSSecret
Set parameter LicenseID to value 2661775
Academic license 2661775 - for non-commercial use only - registered to me___@dcc.ufba.br
Loading line 2: methodType heur
Loading line 3: methodCode mslp
Loading line 4: seed 0
Loading line 5: threads 1
Loading line 6: greedy_service_order random
Loading line 7: outputFlagGrbMSLP 0
Loading line 8: mslpa 60000
Loading line 9: mslpr I
Loading line 10: maxtime 3600
Loading line 11: output ./logs/
Loading line 12: printsol 1
Loading line 13: solverMethod A
Instance: LR2_2_7_t2_40R_40V_04I_06M

[10:03:26.103] Running Data.readData with file /dados/rmelo/PDPTW-SE/benchmark_multi_island_v5/official_experiments/multistartlp/preliminar/set_01_pt_02/../../../../instances/orig_ams_fg/40R_40V_04I_06M/t2/LR2_2_7/
vehicles: Vehicle[Vehicle(0, 52), Vehicle(1, 65), Vehicle(2, 78), Vehicle(3, 52), Vehicle(4, 65), Vehicle(5, 52), Vehicle(6, 52), Vehicle(7, 65), Vehicle(8, 65), Vehicle(9, 65), Vehicle(10, 78), Vehicle(11, 78), Vehicle(12, 65), Vehicle(13, 52), Vehicle(14, 65), Vehicle(15, 52), Vehicle(16, 78), Vehicle(17, 52), Vehicle(18, 65), Vehicle(19, 65), Vehicle(20, 65), Vehicle(21, 78), Vehicle(22, 78), Vehicle(23, 78), Vehicle(24, 65), Vehicle(25, 78), Vehicle(26, 52), Vehicle(27, 65), Vehicle(28, 78), Vehicle(29, 78), Vehicle(30, 65), Vehicle(31, 65), Vehicle(32, 78), Vehicle(33, 65), Vehicle(34, 52), Vehicle(35, 65), Vehicle(36, 65), Vehicle(37, 78), Vehicle(38, 78), Vehicle(39, 65)]
vehicle_types: Vehicle[Vehicle(0, 52), Vehicle(1, 65), Vehicle(2, 78)]
Machine[Machine(0, Point[Point(77, 71, 0), Point(81, 64, 1), Point(60, 36, 2), Point(102, 98, 3)], 1.0), Machine(1, Point[Point(76, 71, 0), Point(82, 64, 1), Point(59, 39, 2), Point(103, 98, 3)], 1.0), Machine(2, Point[Point(75, 71, 0), Point(83, 65, 1), Point(57, 41, 2), Point(104, 97, 3)], 1.0), Machine(3, Point[Point(74, 71, 0), Point(84, 66, 1), Point(56, 43, 2), Point(105, 97, 3)], 1.0), Machine(4, Point[Point(73, 71, 0), Point(86, 66, 1), Point(55, 45, 2), Point(106, 97, 3)], 1.0), Machine(5, Point[Point(73, 70, 0), Point(87, 66, 1), Point(54, 48, 2), Point(107, 96, 3)], 1.0)]
refs: [1, 2, 3, 4, 6, 7, 8, 9, 11, 12, 15, 18, 19, 20, 21, 23, 24, 25, 26, 27, 29, 30, 31, 32, 35, 36, 38, 39, 42, 43, 44, 45, 46, 47, 50, 51, 53, 54, 56, 57, 62, 65, 64, 17, 79, 72, 58, 49, 75, 40, 73, 66, 61, 78, 52, 13, 71, 80, 22, 28, 16, 48, 81, 33, 14, 76, 70, 37, 10, 60, 55, 68, 41, 74, 34, 77, 63, 5, 67, 59, 69, 1]
V: [1, 2, 3, 4, 5, 6, 7, 8, 9, 10, 11, 12, 13, 14, 15, 16, 17, 18, 19, 20, 21, 22, 23, 24, 25, 26, 27, 28, 29, 30, 31, 32, 33, 34, 35, 36, 37, 38, 39, 40, 41, 42, 43, 44, 45, 46, 47, 48, 49, 50, 51, 52, 53, 54, 55, 56, 57, 58, 59, 60, 61, 62, 63, 64, 65, 66, 67, 68, 69, 70, 71, 72, 73, 74, 75, 76, 77, 78, 79, 80, 81]
V_p: [2, 3, 4, 5, 6, 7, 8, 9, 10, 11, 12, 13, 14, 15, 16, 17, 18, 19, 20, 21, 22, 23, 24, 25, 26, 27, 28, 29, 30, 31, 32, 33, 34, 35, 36, 37, 38, 39, 40, 41]
V_d: [42, 43, 44, 45, 46, 47, 48, 49, 50, 51, 52, 53, 54, 55, 56, 57, 58, 59, 60, 61, 62, 63, 64, 65, 66, 67, 68, 69, 70, 71, 72, 73, 74, 75, 76, 77, 78, 79, 80, 81]
Vprime: [1, 2, 3, 4, 5, 6, 7, 8, 9, 10, 11, 12, 13, 14, 15, 16, 17, 18, 19, 20, 21, 22, 23, 24, 25, 26, 27, 28, 29, 30, 31, 32, 33, 34, 35, 36, 37, 38, 39, 40, 41, 42, 43, 44, 45, 46, 47, 48, 49, 50, 51, 52, 53, 54, 55, 56, 57, 58, 59, 60, 61, 62, 63, 64, 65, 66, 67, 68, 69, 70, 71, 72, 73, 74, 75, 76, 77, 78, 79, 80, 81, 82]
V: [1, 2, 3, 4, 5, 6, 7, 8, 9, 10, 11, 12, 13, 14, 15, 16, 17, 18, 19, 20, 21, 22, 23, 24, 25, 26, 27, 28, 29, 30, 31, 32, 33, 34, 35, 36, 37, 38, 39, 40, 41, 42, 43, 44, 45, 46, 47, 48, 49, 50, 51, 52, 53, 54, 55, 56, 57, 58, 59, 60, 61, 62, 63, 64, 65, 66, 67, 68, 69, 70, 71, 72, 73, 74, 75, 76, 77, 78, 79, 80, 81]
q: [0, 7, 20, 14, 27, 22, 13, 8, 13, 9, 22, 19, 5, 8, 13, 13, 21, 12, 11, 13, 12, 24, 8, 20, 15, 6, 15, 20, 22, 26, 10, 9, 13, 16, 19, 17, 12, 9, 9, 29, 39, -7, -20, -14, -27, -22, -13, -8, -13, -9, -22, -19, -5, -8, -13, -13, -21, -12, -11, -13, -12, -24, -8, -20, -15, -6, -15, -20, -22, -26, -10, -9, -13, -16, -19, -17, -12, -9, -9, -29, -39, 0]
H: [1, 2, 3, 4, 5, 6]
f: [[1, 1, 1, 1, 1, 1], [3, 3, 3, 3, 3, 3], [3, 3, 3, 3, 3, 3], [3, 3, 3, 3, 3, 3], [4, 4, 4, 4, 4, 4], [1, 1, 1, 1, 1, 1], [2, 2, 2, 2, 2, 2], [1, 1, 1, 1, 1, 1], [3, 3, 3, 3, 3, 3], [4, 4, 4, 4, 4, 4], [1, 1, 1, 1, 1, 1], [2, 2, 2, 2, 2, 2], [3, 3, 3, 3, 3, 3], [1, 1, 1, 1, 1, 1], [4, 4, 4, 4, 4, 4], [2, 2, 2, 2, 2, 2], [4, 4, 4, 4, 4, 4], [3, 3, 3, 3, 3, 3], [3, 3, 3, 3, 3, 3], [3, 3, 3, 3, 3, 3], [4, 4, 4, 4, 4, 4], [4, 4, 4, 4, 4, 4], [2, 2, 2, 2, 2, 2], [2, 2, 2, 2, 2, 2], [1, 1, 1, 1, 1, 1], [2, 2, 2, 2, 2, 2], [1, 1, 1, 1, 1, 1], [2, 2, 2, 2, 2, 2], [2, 2, 2, 2, 2, 2], [1, 1, 1, 1, 1, 1], [1, 1, 1, 1, 1, 1], [2, 2, 2, 2, 2, 2], [1, 1, 1, 1, 1, 1], [4, 4, 4, 4, 4, 4], [3, 3, 3, 3, 3, 3], [2, 2, 2, 2, 2, 2], [2, 2, 2, 2, 2, 2], [1, 1, 1, 1, 1, 1], [1, 1, 1, 1, 1, 1], [2, 2, 2, 2, 2, 2], [2, 2, 2, 2, 2, 2], [3, 3, 3, 3, 3, 3], [4, 4, 4, 4, 4, 4], [3, 3, 3, 3, 3, 3], [2, 2, 2, 2, 2, 2], [4, 4, 4, 4, 4, 4], [3, 3, 3, 3, 3, 3], [1, 1, 1, 1, 1, 1], [1, 1, 1, 1, 1, 1], [3, 3, 3, 3, 3, 3], [4, 4, 4, 4, 4, 4], [3, 3, 3, 3, 3, 3], [3, 3, 3, 3, 3, 3], [1, 1, 1, 1, 1, 1], [3, 3, 3, 3, 3, 3], [2, 2, 2, 2, 2, 2], [4, 4, 4, 4, 4, 4], [3, 3, 3, 3, 3, 3], [3, 3, 3, 3, 3, 3], [2, 2, 2, 2, 2, 2], [2, 2, 2, 2, 2, 2], [2, 2, 2, 2, 2, 2], [1, 1, 1, 1, 1, 1], [2, 2, 2, 2, 2, 2], [1, 1, 1, 1, 1, 1], [3, 3, 3, 3, 3, 3], [1, 1, 1, 1, 1, 1], [2, 2, 2, 2, 2, 2], [1, 1, 1, 1, 1, 1], [1, 1, 1, 1, 1, 1], [1, 1, 1, 1, 1, 1], [2, 2, 2, 2, 2, 2], [1, 1, 1, 1, 1, 1], [3, 3, 3, 3, 3, 3], [4, 4, 4, 4, 4, 4], [1, 1, 1, 1, 1, 1], [3, 3, 3, 3, 3, 3], [1, 1, 1, 1, 1, 1], [2, 2, 2, 2, 2, 2], [3, 3, 3, 3, 3, 3], [4, 4, 4, 4, 4, 4], [1, 1, 1, 1, 1, 1]]
1 1 1 -> 0.0
1 2 1 -> 8.06
1 3 1 -> 38.91
1 4 1 -> 36.8
2 1 1 -> 8.06
2 2 1 -> 0.0
2 3 1 -> 35.0
2 4 1 -> 39.96
3 1 1 -> 38.91
3 2 1 -> 35.0
3 3 1 -> 0.0
3 4 1 -> 74.89
4 1 1 -> 36.8
4 2 1 -> 39.96
4 3 1 -> 74.89
4 4 1 -> 0.0
1 1 2 -> 0.0
1 2 2 -> 9.22
1 3 2 -> 36.24
1 4 2 -> 38.18
2 1 2 -> 9.22
2 2 2 -> 0.0
2 3 2 -> 33.97
2 4 2 -> 39.96
3 1 2 -> 36.24
3 2 2 -> 33.97
3 3 2 -> 0.0
3 4 2 -> 73.6
4 1 2 -> 38.18
4 2 2 -> 39.96
4 3 2 -> 73.6
4 4 2 -> 0.0
1 1 3 -> 0.0
1 2 3 -> 10.0
1 3 3 -> 34.99
1 4 3 -> 38.95
2 1 3 -> 10.0
2 2 3 -> 0.0
2 3 3 -> 35.38
2 4 3 -> 38.28
3 1 3 -> 34.99
3 2 3 -> 35.38
3 3 3 -> 0.0
3 4 3 -> 73.11
4 1 3 -> 38.95
4 2 3 -> 38.28
4 3 3 -> 73.11
4 4 3 -> 0.0
1 1 4 -> 0.0
1 2 4 -> 11.18
1 3 4 -> 33.29
1 4 4 -> 40.46
2 1 4 -> 11.18
2 2 4 -> 0.0
2 3 4 -> 36.24
2 4 4 -> 37.44
3 1 4 -> 33.29
3 2 4 -> 36.24
3 3 4 -> 0.0
3 4 4 -> 72.92
4 1 4 -> 40.46
4 2 4 -> 37.44
4 3 4 -> 72.92
4 4 4 -> 0.0
1 1 5 -> 0.0
1 2 5 -> 13.93
1 3 5 -> 31.62
1 4 5 -> 42.01
2 1 5 -> 13.93
2 2 5 -> 0.0
2 3 5 -> 37.44
2 4 5 -> 36.89
3 1 5 -> 31.62
3 2 5 -> 37.44
3 3 5 -> 0.0
3 4 5 -> 72.84
4 1 5 -> 42.01
4 2 5 -> 36.89
4 3 5 -> 72.84
4 4 5 -> 0.0
1 1 6 -> 0.0
1 2 6 -> 14.56
1 3 6 -> 29.07
1 4 6 -> 42.8
2 1 6 -> 14.56
2 2 6 -> 0.0
2 3 6 -> 37.59
2 4 6 -> 36.06
3 1 6 -> 29.07
3 2 6 -> 37.59
3 3 6 -> 0.0
3 4 6 -> 71.51
4 1 6 -> 42.8
4 2 6 -> 36.06
4 3 6 -> 71.51
4 4 6 -> 0.0
o: (1, 2, 3) => 10.0
o: (3, 1, 3) => 34.99
o: (1, 3, 5) => 31.62
o: (3, 2, 4) => 36.24
o: (1, 4, 5) => 42.01
o: (4, 3, 6) => 71.51
o: (4, 4, 6) => 0.0
o: (3, 2, 3) => 35.38
o: (3, 3, 5) => 0.0
o: (2, 1, 1) => 8.06
o: (3, 4, 5) => 72.84
o: (1, 3, 2) => 36.24
o: (1, 4, 2) => 38.18
o: (4, 3, 4) => 72.92
o: (2, 2, 1) => 0.0
o: (4, 4, 4) => 0.0
o: (3, 3, 2) => 0.0
o: (3, 4, 2) => 73.6
o: (4, 3, 3) => 73.11
o: (4, 4, 3) => 0.0
o: (1, 1, 5) => 0.0
o: (4, 1, 6) => 42.8
o: (1, 2, 5) => 13.93
o: (3, 1, 5) => 31.62
o: (1, 3, 1) => 38.91
o: (4, 2, 6) => 36.06
o: (1, 1, 2) => 0.0
o: (1, 4, 1) => 36.8
o: (2, 3, 6) => 37.59
o: (4, 1, 4) => 40.46
o: (3, 2, 5) => 37.44
o: (2, 4, 6) => 36.06
o: (3, 3, 1) => 0.0
o: (1, 2, 2) => 9.22
o: (3, 1, 2) => 36.24
o: (3, 4, 1) => 74.89
o: (4, 1, 3) => 38.95
o: (4, 2, 4) => 37.44
o: (3, 2, 2) => 33.97
o: (2, 3, 4) => 36.24
o: (4, 2, 3) => 38.28
o: (2, 4, 4) => 37.44
o: (4, 3, 5) => 72.84
o: (4, 4, 5) => 0.0
o: (1, 1, 1) => 0.0
o: (2, 3, 3) => 35.38
o: (2, 4, 3) => 38.28
o: (2, 1, 6) => 14.56
o: (4, 3, 2) => 73.6
o: (1, 2, 1) => 8.06
o: (3, 1, 1) => 38.91
o: (4, 4, 2) => 0.0
o: (2, 2, 6) => 0.0
o: (3, 2, 1) => 35.0
o: (2, 1, 4) => 11.18
o: (4, 1, 5) => 42.01
o: (2, 1, 3) => 10.0
o: (2, 2, 4) => 0.0
o: (4, 2, 5) => 36.89
o: (4, 3, 1) => 74.89
o: (1, 3, 6) => 29.07
o: (4, 1, 2) => 38.18
o: (4, 4, 1) => 0.0
o: (2, 2, 3) => 0.0
o: (2, 3, 5) => 37.44
o: (1, 4, 6) => 42.8
o: (2, 4, 5) => 36.89
o: (3, 3, 6) => 0.0
o: (4, 2, 2) => 39.96
o: (3, 4, 6) => 71.51
o: (1, 3, 4) => 33.29
o: (2, 3, 2) => 33.97
o: (1, 4, 4) => 40.46
o: (2, 4, 2) => 39.96
o: (1, 3, 3) => 34.99
o: (3, 3, 4) => 0.0
o: (1, 4, 3) => 38.95
o: (3, 4, 4) => 72.92
o: (4, 1, 1) => 36.8
o: (1, 1, 6) => 0.0
o: (2, 1, 5) => 13.93
o: (3, 3, 3) => 0.0
o: (3, 4, 3) => 73.11
o: (4, 2, 1) => 39.96
o: (1, 2, 6) => 14.56
o: (3, 1, 6) => 29.07
o: (2, 2, 5) => 0.0
o: (2, 3, 1) => 35.0
o: (1, 1, 4) => 0.0
o: (2, 1, 2) => 9.22
o: (2, 4, 1) => 39.96
o: (3, 2, 6) => 37.59
o: (1, 1, 3) => 0.0
o: (1, 2, 4) => 11.18
o: (2, 2, 2) => 0.0
o: (3, 1, 4) => 33.29

[118, 2732, 2722, 2643, 2633, 2708, 2686, 76]
JOBS in the order of refs (Vprime)
Node 1: Job(0, Point(70, 70, 0), 0, 0, 2535, 0, 0, 0)
Node 2: Job(2, Point(26, 50, 2), 7, 1490, 1730, 10, 0, 108)
Node 3: Job(3, Point(30, 57, 2), 20, 0, 2483, 10, 0, 95)
Node 4: Job(4, Point(29, 60, 2), 14, 0, 2483, 10, 0, 20)
Node 5: Job(6, Point(137, 137, 3), 27, 339, 579, 10, 0, 191)
Node 6: Job(8, Point(78, 111, 0), 22, 47, 287, 10, 0, 136)
Node 7: Job(9, Point(107, 25, 1), 13, 1035, 1275, 10, 0, 82)
Node 8: Job(10, Point(17, 138, 0), 8, 1670, 1910, 10, 0, 73)
Node 9: Job(12, Point(20, 69, 2), 13, 0, 2475, 10, 0, 164)
Node 10: Job(13, Point(121, 123, 3), 9, 0, 2452, 10, 0, 52)
Node 11: Job(18, Point(79, 72, 0), 22, 0, 2516, 10, 0, 138)
Node 12: Job(23, Point(78, 63, 1), 19, 0, 2515, 10, 0, 110)
Node 13: Job(25, Point(37, 79, 2), 5, 0, 2491, 10, 0, 87)
Node 14: Job(26, Point(64, 132, 0), 8, 170, 410, 10, 0, 173)
Node 15: Job(27, Point(133, 130, 3), 13, 0, 2438, 10, 0, 76)
Node 16: Job(31, Point(140, 42, 1), 13, 0, 2450, 10, 0, 15)
Node 17: Job(32, Point(121, 124, 3), 21, 539, 779, 10, 0, 127)
Node 18: Job(33, Point(42, 29, 2), 12, 0, 2476, 10, 0, 192)
Node 19: Job(35, Point(32, 6, 2), 11, 320, 560, 10, 0, 30)
Node 20: Job(36, Point(41, 36, 2), 13, 146, 386, 10, 0, 37)
Node 21: Job(38, Point(107, 102, 3), 12, 0, 2477, 10, 0, 19)
Node 22: Job(40, Point(132, 133, 3), 24, 0, 2437, 10, 0, 72)
Node 23: Job(41, Point(81, 57, 1), 8, 17, 257, 10, 0, 198)
Node 24: Job(42, Point(120, 52, 1), 20, 0, 2472, 10, 0, 43)
Node 25: Job(45, Point(82, 103, 0), 15, 0, 2490, 10, 0, 16)
Node 26: Job(47, Point(90, 44, 1), 6, 149, 389, 10, 0, 165)
Node 27: Job(50, Point(64, 138, 0), 15, 0, 2457, 10, 0, 124)
Node 28: Job(51, Point(98, 4, 1), 20, 0, 2454, 10, 0, 49)
Node 29: Job(56, Point(86, 40, 1), 22, 0, 2491, 10, 0, 11)
Node 30: Job(58, Point(59, 115, 0), 26, 1195, 1435, 10, 0, 86)
Node 31: Job(64, Point(37, 125, 0), 10, 0, 2461, 10, 0, 79)
Node 32: Job(65, Point(99, 34, 1), 9, 243, 483, 10, 0, 120)
Node 33: Job(66, Point(38, 122, 0), 13, 876, 1116, 10, 0, 55)
Node 34: Job(68, Point(109, 131, 3), 16, 0, 2453, 10, 0, 158)
Node 35: Job(74, Point(48, 47, 2), 19, 31, 271, 10, 0, 44)
Node 36: Job(75, Point(104, 73, 1), 17, 0, 2491, 10, 0, 169)
Node 37: Job(77, Point(103, 44, 1), 12, 0, 2483, 10, 0, 94)
Node 38: Job(78, Point(73, 96, 0), 9, 604, 844, 10, 0, 5)
Node 39: Job(80, Point(71, 70, 0), 9, 0, 2524, 10, 0, 119)
Node 40: Job(81, Point(83, 12, 1), 29, 0, 2466, 10, 0, 83)
Node 41: Job(88, Point(120, 22, 1), 39, 396, 636, 10, 0, 122)
Node 42: Job(108, Point(15, 18, 2), -7, 1540, 1780, 10, 2, 0)
Node 43: Job(95, Point(114, 109, 3), -20, 249, 489, 10, 3, 0)
Node 44: Job(20, Point(8, 87, 2), -14, 1545, 1785, 10, 4, 0)
Node 45: Job(191, Point(125, 68, 1), -27, 708, 948, 10, 6, 0)
Node 46: Job(136, Point(92, 138, 3), -22, 0, 2454, 10, 8, 0)
Node 47: Job(82, Point(36, 54, 2), -13, 1428, 1668, 10, 9, 0)
Node 48: Job(73, Point(39, 100, 0), -8, 0, 2482, 10, 10, 0)
Node 49: Job(164, Point(65, 80, 0), -13, 0, 2514, 10, 12, 0)
Node 50: Job(52, Point(61, 34, 2), -9, 1830, 2070, 10, 13, 0)
Node 51: Job(138, Point(100, 99, 3), -22, 1136, 1376, 10, 18, 0)
Node 52: Job(110, Point(16, 62, 2), -19, 1524, 1764, 10, 23, 0)
Node 53: Job(87, Point(34, 72, 2), -5, 0, 2489, 10, 25, 0)
Node 54: Job(173, Point(67, 120, 0), -8, 1375, 1615, 10, 26, 0)
Node 55: Job(76, Point(9, 19, 2), -13, 1431, 1671, 10, 27, 0)
Node 56: Job(15, Point(137, 7, 1), -13, 0, 2434, 10, 31, 0)
Node 57: Job(127, Point(138, 105, 3), -21, 0, 2449, 10, 32, 0)
Node 58: Job(192, Point(44, 36, 2), -12, 131, 371, 10, 33, 0)
Node 59: Job(30, Point(10, 86, 2), -11, 0, 2463, 10, 35, 0)
Node 60: Job(37, Point(106, 10, 1), -13, 1135, 1375, 10, 36, 0)
Node 61: Job(19, Point(104, 32, 1), -12, 0, 2475, 10, 38, 0)
Node 62: Job(72, Point(88, 29, 1), -24, 0, 2481, 10, 40, 0)
Node 63: Job(198, Point(8, 138, 0), -8, 1105, 1345, 10, 41, 0)
Node 64: Job(43, Point(113, 32, 1), -20, 0, 2468, 10, 42, 0)
Node 65: Job(16, Point(50, 106, 0), -15, 1221, 1461, 10, 45, 0)
Node 66: Job(165, Point(28, 62, 2), -6, 0, 2483, 10, 47, 0)
Node 67: Job(124, Point(85, 111, 0), -15, 952, 1192, 10, 50, 0)
Node 68: Job(49, Point(89, 24, 1), -20, 0, 2476, 10, 51, 0)
Node 69: Job(11, Point(37, 138, 0), -22, 0, 2450, 10, 56, 0)
Node 70: Job(86, Point(67, 96, 0), -26, 1908, 2148, 10, 58, 0)
Node 71: Job(79, Point(44, 116, 0), -10, 0, 2473, 10, 64, 0)
Node 72: Job(120, Point(92, 22, 1), -9, 0, 2473, 10, 65, 0)
Node 73: Job(55, Point(84, 88, 0), -13, 1365, 1605, 10, 66, 0)
Node 74: Job(158, Point(54, 41, 2), -16, 1065, 1305, 10, 68, 0)
Node 75: Job(44, Point(137, 101, 3), -19, 617, 857, 10, 74, 0)
Node 76: Job(169, Point(51, 92, 0), -17, 1731, 1971, 10, 75, 0)
Node 77: Job(94, Point(34, 20, 2), -12, 0, 2464, 10, 77, 0)
Node 78: Job(5, Point(69, 116, 0), -9, 0, 2479, 10, 78, 0)
Node 79: Job(119, Point(120, 60, 1), -9, 156, 396, 10, 80, 0)
Node 80: Job(83, Point(16, 92, 2), -29, 0, 2467, 10, 81, 0)
Node 81: Job(122, Point(117, 92, 3), -39, 0, 2474, 10, 88, 0)
Node 82: Job(0, Point(70, 70, 0), 0, 0, 2535, 0, 0, 0)

### Preprocessing Data ###
	-> arcs: 6724 (100.0%)
	-> arc_removals: 1526 (22.69%)
	-> arc_removals_is_loop: 82 (1.22%)
	-> arc_removals_is_delivery_to_pickup: 42 (0.62%)
	-> arc_removals_is_depot_begin_to_delivery: 40 (0.59%)
	-> arc_removals_is_pickup_to_depot_end: 40 (0.59%)
	-> arc_removals_is_dest_depot_begin: 80 (1.19%)
	-> arc_removals_is_orig_depot_end: 79 (1.17%)
	-> arc_removals_is_capacity_violated: 0 (0.0%)
	-> arc_removals_is_time_window_limited: 870 (12.94%)
	-> arc_removals_is_time_window_pairing_limited: 235 (3.49%)
	-> arc_removals_is_indirect_request_service_impossible: 58 (0.86%)
	-> gamma_vars: 0 (0%)
	-> feas_gamma_vars: 0 (0%)
	-> infeas_gamma_vars_is_next_mtrv_unreachable: 0 (0%)
	-> infeas_gamma_vars_is_iprime_jprime_eq_i_j: 0 (0%)
	-> machine_removal_for_an_arc: 0 (0.0%)
##########################

[10:03:39.102] Print configuration
------------------------------------------------------
"
[10:03:39.102] Running Multi Start Heuristic"
> Experiment started at 2025-10-04T10:03:39.102
> Instance: LR2_2_7_t2_40R_40V_04I_06M
> Algorithm Parameters:


	>Stop params:
		>  - rule ITERATIONS
		>  - argument 60000.0
		>  - maximum_time 3600

	>General params:
		>  - instPath /dados/rmelo/PDPTW-SE/benchmark_multi_island_v5/official_experiments/multistartlp/preliminar/set_01_pt_02/../../../../instances/orig_ams_fg/40R_40V_04I_06M/t2/LR2_2_7/
		>  - name LR2_2_7
		>  - type t2
		>  - group 40R_40V_04I_06M
		>  - fullname LR2_2_7_t2_40R_40V_04I_06M
		>  - methodType heur
		>  - methodCode mslp
		>  - genconfigfile /dados/rmelo/PDPTW-SE/benchmark_multi_island_v5/official_experiments/multistartlp/preliminar/set_01_pt_02/configs/genconfig_mslp.conf
		>  - genconfigfilename genconfig_mslp
		>  - greedy_service_order random
		>  - cutoff 0
		>  - cutoffmachs 6
		>  - num_machs 0
		>  - solver Gurobi
		>  - maxtime 3600
		>  - gurobiCuts 1
		>  - typeUserCut 0
		>  - mipPresolve -1
		>  - printsol 1
		>  - maxnodes -1
		>  - elevator 0
		>  - make_instance_feasible false
		>  - output /dados/rmelo/PDPTW-SE/benchmark_multi_island_v5/official_experiments/multistartlp/preliminar/set_01_pt_02/logs
		>  - suff_outputs _seed_115_alpha_20p
		>  - suff_csv _bash_4
		>  - epsilon 0.005
		>  - epsilonCap 0.5
		>  - warmStart false
		>  - seed 115
		>  - rng Random.MersenneTwister(115)
		>  - alpha 0.2
		>  - maxiter 1000000
		>  - outputFlagGrbMIP 0
		>  - outputFlagGrbMSLP 0
		>  - outputFlagGrbLMNS 0
		>  - mslpr I
		>  - mslpa 60000
		>  - lmnsr M
		>  - lmnsa 60
		>  - lmnsRepairTime 30.0
		>  - lmnsMIPFocus 0
		>  - lmnsGapToBiggerDestruction 50
		>  - lmnsGapToSmallerDestruction 95
		>  - lmnsWeightShawDistProx 1.0
		>  - lmnsWeightShawEarlProx 1.0
		>  - lmnsWeightShawSameRoute 1.0
		>  - lmnsWeightShawDemandSim 1.0
		>  - lmnsReqRApplyMIPStart true
		>  - lmnsAcceptanceCriteria H
		>  - lmnsMetropolisTemp 100.0
		>  - lmnsSimulatedAnnealingTemp 100.0
		>  - lmnsSimulatedAnnealingCool 0.95
		>  - mipmaxtime 3600
		>  - csvfilename /dados/rmelo/PDPTW-SE/benchmark_multi_island_v5/official_experiments/multistartlp/preliminar/set_01_pt_02/logs/heur_mslp/outputs/csvresults_heur_mslp_bash_4.csv
		>  - solfilename /dados/rmelo/PDPTW-SE/benchmark_multi_island_v5/official_experiments/multistartlp/preliminar/set_01_pt_02/logs/heur_mslp/solutions/40R_40V_04I_06M/LR2_2_7_sol_genconfig_mslp_seed_115_alpha_20p.txt
		>  - timelineFilename /dados/rmelo/PDPTW-SE/benchmark_multi_island_v5/official_experiments/multistartlp/preliminar/set_01_pt_02/logs/heur_mslp/timelines/40R_40V_04I_06M/LR2_2_7_timeline_genconfig_mslp_seed_115_alpha_20p.txt
		>  - grbFilename /dados/rmelo/PDPTW-SE/benchmark_multi_island_v5/official_experiments/multistartlp/preliminar/set_01_pt_02/logs/heur_mslp/gurobi/40R_40V_04I_06M/LR2_2_7_grb_genconfig_mslp_seed_115_alpha_20p.log
		>  - threads 1
		>  - solverMethod AUTOMATIC

------------------------------------------------------
objValue;greedysol;iteration;time
5967.32;6034.25;1;0.101874
5939.43;6044.34;744;65.181575
5930.08;6047.47;6999;606.786031
5878.91;6563.48;7857;681.676090
5758.17;6995.43;12849;1114.100658
5584.86;5645.21;20403;1762.186644

[11:03:39.261] Finished running MSLP

[11:03:39.261] Post running MSLP
Best solution value: 5584.86
Total time elapsed: 3600.020207
Time to best: 1762.186644
Iterations: 41731
Iterations to best: 20403
Improvements: 6
Infeasible solutions percentage: (0 / 41731) = 0.0000 %
(LP improvements)/(LP runs) = 41731/41731 = 100.0000 %
Mean LP improvement percentage: 2.7115 %
[11:03:39.675] Writing results to CSV file: /dados/rmelo/PDPTW-SE/benchmark_multi_island_v5/official_experiments/multistartlp/preliminar/set_01_pt_02/logs/heur_mslp/outputs/csvresults_heur_mslp_bash_4.csv

[11:03:42.276] Saving solution to file:/dados/rmelo/PDPTW-SE/benchmark_multi_island_v5/official_experiments/multistartlp/preliminar/set_01_pt_02/logs/heur_mslp/solutions/40R_40V_04I_06M/LR2_2_7_sol_genconfig_mslp_seed_115_alpha_20p.txt

[11:03:42.276] Saving solution timeline to file: /dados/rmelo/PDPTW-SE/benchmark_multi_island_v5/official_experiments/multistartlp/preliminar/set_01_pt_02/logs/heur_mslp/timelines/40R_40V_04I_06M/LR2_2_7_timeline_genconfig_mslp_seed_115_alpha_20p.txt
---------------------| VEHICLES |---------------------

Vehicle 11 :
	id: 0
		node: 1
		(x, y, z): (70, 70, 0)
		dem: 0
		earl: 0
		lat: 2535
		servt: 0
		pid: 0
		did: 0
		servST: 13.540000000000006
		(h, h_ind): (-1, 0)
		load: 0.0

	Finished service at time: 13.540000000000006

	Using Machine: 0
		Task 0 -> Machine 0 (Station 1): 7.07
		Vehicle arrival at machine station: 20.610000000000007
		Waiting time until machine travel: 0.0

		Machine travel start time: 20.610000000000007
		Region 0 -> Region 1: 8.06
		Machine arrival at machine station: 28.67000000000001

		Machine 0 (Station 2)-> Task 41: 7.0
		Vehicle arrival at task: 35.67000000000001
		Waiting time until service start time: 0.0

	id: 41
		node: 23
		(x, y, z): (81, 57, 1)
		dem: 8
		earl: 17
		lat: 257
		servt: 10
		pid: 0
		did: 198
		servST: 35.67000000000001
		(h, h_ind): (0, 1)
		load: 8.0

	Finished service at time: 45.67000000000001

	Using Machine: 5
		Task 41 -> Machine 5 (Station 2): 10.82
		Vehicle arrival at machine station: 56.49000000000001
		Waiting time until machine travel: 0.0

		Machine travel start time: 56.49000000000001
		Region 1 -> Region 3: 36.06
		Machine arrival at machine station: 92.55000000000001

		Machine 5 (Station 4)-> Task 40: 44.65
		Vehicle arrival at task: 137.20000000000002
		Waiting time until service start time: 0.0

	id: 40
		node: 22
		(x, y, z): (132, 133, 3)
		dem: 24
		earl: 0
		lat: 2437
		servt: 10
		pid: 0
		did: 72
		servST: 137.20000000000002
		(h, h_ind): (5, 1)
		load: 32.0

	Finished service at time: 147.20000000000002

	Using Machine: 3
		Task 40 -> Machine 3 (Station 4): 45.0
		Vehicle arrival at machine station: 192.20000000000002
		Waiting time until machine travel: 0.0

		Machine travel start time: 192.20000000000002
		Region 3 -> Region 2: 72.92
		Machine arrival at machine station: 265.12

		Machine 3 (Station 3)-> Task 33: 19.8
		Vehicle arrival at task: 284.92
		Waiting time until service start time: 0.0

	id: 33
		node: 18
		(x, y, z): (42, 29, 2)
		dem: 12
		earl: 0
		lat: 2476
		servt: 10
		pid: 0
		did: 192
		servST: 284.92
		(h, h_ind): (3, 1)
		load: 44.0

	Finished service at time: 294.92

	Task 33 -> Task 35: 25.08
	Vehicle arrival at task: 320.0
	Waiting time until service start time: 0.0

	id: 35
		node: 19
		(x, y, z): (32, 6, 2)
		dem: 11
		earl: 320
		lat: 560
		servt: 10
		pid: 0
		did: 30
		servST: 320.0
		(h, h_ind): (-1, 0)
		load: 55.0

	Finished service at time: 330.0

	Task 35 -> Task 192: 32.31
	Vehicle arrival at task: 362.31
	Waiting time until service start time: 0.0

	id: 192
		node: 58
		(x, y, z): (44, 36, 2)
		dem: -12
		earl: 131
		lat: 371
		servt: 10
		pid: 33
		did: 0
		servST: 362.31
		(h, h_ind): (-1, 0)
		load: 43.0

	Finished service at time: 372.31

	Task 192 -> Task 36: 3.0
	Vehicle arrival at task: 375.31
	Waiting time until service start time: 0.0

	id: 36
		node: 20
		(x, y, z): (41, 36, 2)
		dem: 13
		earl: 146
		lat: 386
		servt: 10
		pid: 0
		did: 37
		servST: 375.31
		(h, h_ind): (-1, 0)
		load: 56.0

	Finished service at time: 385.31

	Task 36 -> Task 4: 26.83
	Vehicle arrival at task: 412.14
	Waiting time until service start time: 0.0

	id: 4
		node: 4
		(x, y, z): (29, 60, 2)
		dem: 14
		earl: 0
		lat: 2483
		servt: 10
		pid: 0
		did: 20
		servST: 412.14
		(h, h_ind): (-1, 0)
		load: 70.0

	Finished service at time: 422.14

	Using Machine: 5
		Task 4 -> Machine 5 (Station 3): 27.73
		Vehicle arrival at machine station: 449.87
		Waiting time until machine travel: 0.0

		Machine travel start time: 449.87
		Region 2 -> Region 1: 37.59
		Machine arrival at machine station: 487.46000000000004

		Machine 5 (Station 2)-> Task 72: 37.01
		Vehicle arrival at task: 524.47
		Waiting time until service start time: 0.0

	id: 72
		node: 62
		(x, y, z): (88, 29, 1)
		dem: -24
		earl: 0
		lat: 2481
		servt: 10
		pid: 40
		did: 0
		servST: 524.47
		(h, h_ind): (5, 3)
		load: 46.0

	Finished service at time: 534.47

	Using Machine: 5
		Task 72 -> Machine 5 (Station 2): 37.01
		Vehicle arrival at machine station: 571.48
		Waiting time until machine travel: 0.0

		Machine travel start time: 571.48
		Region 1 -> Region 2: 37.59
		Machine arrival at machine station: 609.07

		Machine 5 (Station 3)-> Task 30: 58.14
		Vehicle arrival at task: 667.21
		Waiting time until service start time: 0.0

	id: 30
		node: 59
		(x, y, z): (10, 86, 2)
		dem: -11
		earl: 0
		lat: 2463
		servt: 10
		pid: 35
		did: 0
		servST: 667.21
		(h, h_ind): (5, 4)
		load: 35.0

	Finished service at time: 677.21

	Using Machine: 5
		Task 30 -> Machine 5 (Station 3): 58.14
		Vehicle arrival at machine station: 735.35
		Waiting time until machine travel: 0.0

		Machine travel start time: 735.35
		Region 2 -> Region 0: 29.07
		Machine arrival at machine station: 764.4200000000001

		Machine 5 (Station 1)-> Task 78: 26.0
		Vehicle arrival at task: 790.4200000000001
		Waiting time until service start time: 0.0

	id: 78
		node: 38
		(x, y, z): (73, 96, 0)
		dem: 9
		earl: 604
		lat: 844
		servt: 10
		pid: 0
		did: 5
		servST: 790.4200000000001
		(h, h_ind): (5, 5)
		load: 44.0

	Finished service at time: 800.4200000000001

	Task 78 -> Task 64: 46.23
	Vehicle arrival at task: 846.6500000000001
	Waiting time until service start time: 0.0

	id: 64
		node: 31
		(x, y, z): (37, 125, 0)
		dem: 10
		earl: 0
		lat: 2461
		servt: 10
		pid: 0
		did: 79
		servST: 846.6500000000001
		(h, h_ind): (-1, 0)
		load: 54.0

	Finished service at time: 856.6500000000001

	Task 64 -> Task 50: 29.97
	Vehicle arrival at task: 886.6200000000001
	Waiting time until service start time: 0.0

	id: 50
		node: 27
		(x, y, z): (64, 138, 0)
		dem: 15
		earl: 0
		lat: 2457
		servt: 10
		pid: 0
		did: 124
		servST: 886.6200000000001
		(h, h_ind): (-1, 0)
		load: 69.0

	Finished service at time: 896.6200000000001

	Task 50 -> Task 5: 22.56
	Vehicle arrival at task: 919.1800000000001
	Waiting time until service start time: 0.0

	id: 5
		node: 78
		(x, y, z): (69, 116, 0)
		dem: -9
		earl: 0
		lat: 2479
		servt: 10
		pid: 78
		did: 0
		servST: 919.1800000000001
		(h, h_ind): (-1, 0)
		load: 60.0

	Finished service at time: 929.1800000000001

	Task 5 -> Task 79: 25.0
	Vehicle arrival at task: 954.1800000000001
	Waiting time until service start time: 0.0

	id: 79
		node: 71
		(x, y, z): (44, 116, 0)
		dem: -10
		earl: 0
		lat: 2473
		servt: 10
		pid: 64
		did: 0
		servST: 954.1800000000001
		(h, h_ind): (-1, 0)
		load: 50.0

	Finished service at time: 964.1800000000001

	Task 79 -> Task 124: 41.3
	Vehicle arrival at task: 1005.48
	Waiting time until service start time: 0.0

	id: 124
		node: 67
		(x, y, z): (85, 111, 0)
		dem: -15
		earl: 952
		lat: 1192
		servt: 10
		pid: 50
		did: 0
		servST: 1005.48
		(h, h_ind): (-1, 0)
		load: 35.0

	Finished service at time: 1015.48

	Task 124 -> Task 66: 48.27
	Vehicle arrival at task: 1063.75
	Waiting time until service start time: 0.0

	id: 66
		node: 33
		(x, y, z): (38, 122, 0)
		dem: 13
		earl: 876
		lat: 1116
		servt: 10
		pid: 0
		did: 55
		servST: 1063.75
		(h, h_ind): (-1, 0)
		load: 48.0

	Finished service at time: 1073.75

	Task 66 -> Task 198: 34.0
	Vehicle arrival at task: 1107.75
	Waiting time until service start time: 0.0

	id: 198
		node: 63
		(x, y, z): (8, 138, 0)
		dem: -8
		earl: 1105
		lat: 1345
		servt: 10
		pid: 41
		did: 0
		servST: 1107.75
		(h, h_ind): (-1, 0)
		load: 40.0

	Finished service at time: 1117.75

	Using Machine: 0
		Task 198 -> Machine 0 (Station 1): 96.18
		Vehicle arrival at machine station: 1213.93
		Waiting time until machine travel: 0.0

		Machine travel start time: 1213.93
		Region 0 -> Region 1: 8.06
		Machine arrival at machine station: 1221.99

		Machine 0 (Station 2)-> Task 23: 3.16
		Vehicle arrival at task: 1225.15
		Waiting time until service start time: 0.0

	id: 23
		node: 12
		(x, y, z): (78, 63, 1)
		dem: 19
		earl: 0
		lat: 2515
		servt: 10
		pid: 0
		did: 110
		servST: 1225.15
		(h, h_ind): (0, 7)
		load: 59.0

	Finished service at time: 1235.15

	Task 23 -> Task 37: 59.94
	Vehicle arrival at task: 1295.0900000000001
	Waiting time until service start time: 0.0

	id: 37
		node: 60
		(x, y, z): (106, 10, 1)
		dem: -13
		earl: 1135
		lat: 1375
		servt: 10
		pid: 36
		did: 0
		servST: 1295.0900000000001
		(h, h_ind): (-1, 0)
		load: 46.0

	Finished service at time: 1305.0900000000001

	Task 37 -> Task 31: 46.69
	Vehicle arrival at task: 1351.7800000000002
	Waiting time until service start time: 0.0

	id: 31
		node: 16
		(x, y, z): (140, 42, 1)
		dem: 13
		earl: 0
		lat: 2450
		servt: 10
		pid: 0
		did: 15
		servST: 1351.7800000000002
		(h, h_ind): (-1, 0)
		load: 59.0

	Finished service at time: 1361.7800000000002

	Task 31 -> Task 15: 35.13
	Vehicle arrival at task: 1396.9100000000003
	Waiting time until service start time: 0.0

	id: 15
		node: 56
		(x, y, z): (137, 7, 1)
		dem: -13
		earl: 0
		lat: 2434
		servt: 10
		pid: 31
		did: 0
		servST: 1396.9100000000003
		(h, h_ind): (-1, 0)
		load: 46.0

	Finished service at time: 1406.9100000000003

	Task 15 -> Task 81: 54.23
	Vehicle arrival at task: 1461.1400000000003
	Waiting time until service start time: 0.0

	id: 81
		node: 40
		(x, y, z): (83, 12, 1)
		dem: 29
		earl: 0
		lat: 2466
		servt: 10
		pid: 0
		did: 83
		servST: 1461.1400000000003
		(h, h_ind): (-1, 0)
		load: 75.0

	Finished service at time: 1471.1400000000003

	Using Machine: 0
		Task 81 -> Machine 0 (Station 2): 52.04
		Vehicle arrival at machine station: 1523.1800000000003
		Waiting time until machine travel: 0.0

		Machine travel start time: 1523.1800000000003
		Region 1 -> Region 0: 8.06
		Machine arrival at machine station: 1531.2400000000002

		Machine 0 (Station 1)-> Task 55: 18.38
		Vehicle arrival at task: 1549.6200000000003
		Waiting time until service start time: 0.0

	id: 55
		node: 73
		(x, y, z): (84, 88, 0)
		dem: -13
		earl: 1365
		lat: 1605
		servt: 10
		pid: 66
		did: 0
		servST: 1549.6200000000003
		(h, h_ind): (0, 9)
		load: 62.0

	Finished service at time: 1559.6200000000003

	Using Machine: 5
		Task 55 -> Machine 5 (Station 1): 21.1
		Vehicle arrival at machine station: 1580.7200000000003
		Waiting time until machine travel: 0.0

		Machine travel start time: 1580.7200000000003
		Region 0 -> Region 2: 29.07
		Machine arrival at machine station: 1609.7900000000002

		Machine 5 (Station 3)-> Task 110: 40.5
		Vehicle arrival at task: 1650.2900000000002
		Waiting time until service start time: 0.0

	id: 110
		node: 52
		(x, y, z): (16, 62, 2)
		dem: -19
		earl: 1524
		lat: 1764
		servt: 10
		pid: 23
		did: 0
		servST: 1650.2900000000002
		(h, h_ind): (5, 11)
		load: 43.0

	Finished service at time: 1660.2900000000002

	Task 110 -> Task 20: 26.25
	Vehicle arrival at task: 1686.5400000000002
	Waiting time until service start time: 0.0

	id: 20
		node: 44
		(x, y, z): (8, 87, 2)
		dem: -14
		earl: 1545
		lat: 1785
		servt: 10
		pid: 4
		did: 0
		servST: 1686.5400000000002
		(h, h_ind): (-1, 0)
		load: 29.0

	Finished service at time: 1696.5400000000002

	Task 20 -> Task 83: 9.43
	Vehicle arrival at task: 1705.9700000000003
	Waiting time until service start time: 0.0

	id: 83
		node: 80
		(x, y, z): (16, 92, 2)
		dem: -29
		earl: 0
		lat: 2467
		servt: 10
		pid: 81
		did: 0
		servST: 1705.9700000000003
		(h, h_ind): (-1, 0)
		load: 0.0

	Finished service at time: 1715.9700000000003

	Using Machine: 5
		Task 83 -> Machine 5 (Station 3): 58.14
		Vehicle arrival at machine station: 1774.1100000000004
		Waiting time until machine travel: 0.0

		Machine travel start time: 1774.1100000000004
		Region 2 -> Region 0: 29.07
		Machine arrival at machine station: 1803.1800000000003

		Machine 5 (Station 1)-> Task 10: 88.09
		Vehicle arrival at task: 1891.2700000000002
		Waiting time until service start time: 0.0

	id: 10
		node: 8
		(x, y, z): (17, 138, 0)
		dem: 8
		earl: 1670
		lat: 1910
		servt: 10
		pid: 0
		did: 73
		servST: 1891.2700000000004
		(h, h_ind): (5, 12)
		load: 8.0

	Finished service at time: 1901.2700000000004

	Task 10 -> Task 73: 43.91
	Vehicle arrival at task: 1945.1800000000005
	Waiting time until service start time: 0.0

	id: 73
		node: 48
		(x, y, z): (39, 100, 0)
		dem: -8
		earl: 0
		lat: 2482
		servt: 10
		pid: 10
		did: 0
		servST: 1945.1800000000005
		(h, h_ind): (-1, 0)
		load: 0.0

	Finished service at time: 1955.1800000000005

	Task 73 -> Task 0: 43.14
	Vehicle arrival at task: 1998.3200000000006
	Waiting time until service start time: 0.0

	id: 0
		node: 82
		(x, y, z): (70, 70, 0)
		dem: 0
		earl: 0
		lat: 2535
		servt: 0
		pid: 0
		did: 0
		servST: 1998.3200000000006
		(h, h_ind): (-1, 0)
		load: 0.0


Vehicle 28 :
	id: 0
		node: 1
		(x, y, z): (70, 70, 0)
		dem: 0
		earl: 0
		lat: 2535
		servt: 0
		pid: 0
		did: 0
		servST: 20.849999999999994
		(h, h_ind): (-1, 0)
		load: 0.0

	Finished service at time: 20.849999999999994

	Task 0 -> Task 80: 1.0
	Vehicle arrival at task: 21.849999999999994
	Waiting time until service start time: 0.0

	id: 80
		node: 39
		(x, y, z): (71, 70, 0)
		dem: 9
		earl: 0
		lat: 2524
		servt: 10
		pid: 0
		did: 119
		servST: 21.849999999999994
		(h, h_ind): (-1, 0)
		load: 9.0

	Finished service at time: 31.849999999999994

	Using Machine: 4
		Task 80 -> Machine 4 (Station 1): 2.24
		Vehicle arrival at machine station: 34.089999999999996
		Waiting time until machine travel: 0.0

		Machine travel start time: 34.089999999999996
		Region 0 -> Region 2: 31.62
		Machine arrival at machine station: 65.71

		Machine 4 (Station 3)-> Task 74: 7.28
		Vehicle arrival at task: 72.99
		Waiting time until service start time: 0.0

	id: 74
		node: 35
		(x, y, z): (48, 47, 2)
		dem: 19
		earl: 31
		lat: 271
		servt: 10
		pid: 0
		did: 44
		servST: 72.99
		(h, h_ind): (4, 1)
		load: 28.0

	Finished service at time: 82.99

	Task 74 -> Task 3: 20.59
	Vehicle arrival at task: 103.58
	Waiting time until service start time: 0.0

	id: 3
		node: 3
		(x, y, z): (30, 57, 2)
		dem: 20
		earl: 0
		lat: 2483
		servt: 10
		pid: 0
		did: 95
		servST: 103.58
		(h, h_ind): (-1, 0)
		load: 48.0

	Finished service at time: 113.58

	Using Machine: 4
		Task 3 -> Machine 4 (Station 3): 27.73
		Vehicle arrival at machine station: 141.31
		Waiting time until machine travel: 0.0

		Machine travel start time: 141.31
		Region 2 -> Region 0: 31.62
		Machine arrival at machine station: 172.93

		Machine 4 (Station 1)-> Task 45: 33.24
		Vehicle arrival at task: 206.17000000000002
		Waiting time until service start time: 0.0

	id: 45
		node: 25
		(x, y, z): (82, 103, 0)
		dem: 15
		earl: 0
		lat: 2490
		servt: 10
		pid: 0
		did: 16
		servST: 206.17000000000002
		(h, h_ind): (4, 2)
		load: 63.0

	Finished service at time: 216.17000000000002

	Using Machine: 0
		Task 45 -> Machine 0 (Station 1): 32.39
		Vehicle arrival at machine station: 248.56
		Waiting time until machine travel: 0.0

		Machine travel start time: 248.56
		Region 0 -> Region 3: 36.8
		Machine arrival at machine station: 285.36

		Machine 0 (Station 4)-> Task 95: 16.28
		Vehicle arrival at task: 301.64
		Waiting time until service start time: 0.0

	id: 95
		node: 43
		(x, y, z): (114, 109, 3)
		dem: -20
		earl: 249
		lat: 489
		servt: 10
		pid: 3
		did: 0
		servST: 301.64
		(h, h_ind): (0, 3)
		load: 43.0

	Finished service at time: 311.64

	Using Machine: 5
		Task 95 -> Machine 5 (Station 4): 14.76
		Vehicle arrival at machine station: 326.4
		Waiting time until machine travel: 0.0

		Machine travel start time: 326.4
		Region 3 -> Region 1: 36.06
		Machine arrival at machine station: 362.46

		Machine 5 (Station 2)-> Task 119: 33.54
		Vehicle arrival at task: 396.0
		Waiting time until service start time: 0.0

	id: 119
		node: 79
		(x, y, z): (120, 60, 1)
		dem: -9
		earl: 156
		lat: 396
		servt: 10
		pid: 80
		did: 0
		servST: 396.0
		(h, h_ind): (5, 2)
		load: 34.0

	Finished service at time: 406.0

	Using Machine: 4
		Task 119 -> Machine 4 (Station 2): 34.53
		Vehicle arrival at machine station: 440.53
		Waiting time until machine travel: 0.0

		Machine travel start time: 440.53
		Region 1 -> Region 3: 36.89
		Machine arrival at machine station: 477.41999999999996

		Machine 4 (Station 4)-> Task 6: 50.61
		Vehicle arrival at task: 528.03
		Waiting time until service start time: 0.0

	id: 6
		node: 5
		(x, y, z): (137, 137, 3)
		dem: 27
		earl: 339
		lat: 579
		servt: 10
		pid: 0
		did: 191
		servST: 528.03
		(h, h_ind): (4, 3)
		load: 61.0

	Finished service at time: 538.03

	Task 6 -> Task 44: 36.0
	Vehicle arrival at task: 574.03
	Waiting time until service start time: 42.97

	id: 44
		node: 75
		(x, y, z): (137, 101, 3)
		dem: -19
		earl: 617
		lat: 857
		servt: 10
		pid: 74
		did: 0
		servST: 617.0
		(h, h_ind): (-1, 0)
		load: 42.0

	Finished service at time: 627.0

	Task 44 -> Task 27: 29.27
	Vehicle arrival at task: 656.27
	Waiting time until service start time: 0.0

	id: 27
		node: 15
		(x, y, z): (133, 130, 3)
		dem: 13
		earl: 0
		lat: 2438
		servt: 10
		pid: 0
		did: 76
		servST: 656.27
		(h, h_ind): (-1, 0)
		load: 55.0

	Finished service at time: 666.27

	Using Machine: 0
		Task 27 -> Machine 0 (Station 4): 44.55
		Vehicle arrival at machine station: 710.8199999999999
		Waiting time until machine travel: 0.0

		Machine travel start time: 710.8199999999999
		Region 3 -> Region 0: 36.8
		Machine arrival at machine station: 747.6199999999999

		Machine 0 (Station 1)-> Task 18: 2.24
		Vehicle arrival at task: 749.8599999999999
		Waiting time until service start time: 0.0

	id: 18
		node: 11
		(x, y, z): (79, 72, 0)
		dem: 22
		earl: 0
		lat: 2516
		servt: 10
		pid: 0
		did: 138
		servST: 749.8599999999999
		(h, h_ind): (0, 5)
		load: 77.0

	Finished service at time: 759.8599999999999

	Using Machine: 0
		Task 18 -> Machine 0 (Station 1): 2.24
		Vehicle arrival at machine station: 762.0999999999999
		Waiting time until machine travel: 0.0

		Machine travel start time: 762.0999999999999
		Region 0 -> Region 1: 8.06
		Machine arrival at machine station: 770.1599999999999

		Machine 0 (Station 2)-> Task 191: 44.18
		Vehicle arrival at task: 814.3399999999998
		Waiting time until service start time: 0.0

	id: 191
		node: 45
		(x, y, z): (125, 68, 1)
		dem: -27
		earl: 708
		lat: 948
		servt: 10
		pid: 6
		did: 0
		servST: 814.3399999999999
		(h, h_ind): (0, 6)
		load: 50.0

	Finished service at time: 824.3399999999999

	Task 191 -> Task 77: 32.56
	Vehicle arrival at task: 856.8999999999999
	Waiting time until service start time: 0.0

	id: 77
		node: 37
		(x, y, z): (103, 44, 1)
		dem: 12
		earl: 0
		lat: 2483
		servt: 10
		pid: 0
		did: 94
		servST: 856.8999999999999
		(h, h_ind): (-1, 0)
		load: 62.0

	Finished service at time: 866.8999999999999

	Using Machine: 5
		Task 77 -> Machine 5 (Station 2): 27.2
		Vehicle arrival at machine station: 894.0999999999999
		Waiting time until machine travel: 0.0

		Machine travel start time: 894.0999999999999
		Region 1 -> Region 3: 36.06
		Machine arrival at machine station: 930.1599999999999

		Machine 5 (Station 4)-> Task 38: 6.0
		Vehicle arrival at task: 936.1599999999999
		Waiting time until service start time: 0.0

	id: 38
		node: 21
		(x, y, z): (107, 102, 3)
		dem: 12
		earl: 0
		lat: 2477
		servt: 10
		pid: 0
		did: 19
		servST: 936.1599999999999
		(h, h_ind): (5, 6)
		load: 74.0

	Finished service at time: 946.1599999999999

	Using Machine: 5
		Task 38 -> Machine 5 (Station 4): 6.0
		Vehicle arrival at machine station: 952.1599999999999
		Waiting time until machine travel: 0.0

		Machine travel start time: 952.1599999999999
		Region 3 -> Region 1: 36.06
		Machine arrival at machine station: 988.2199999999998

		Machine 5 (Station 2)-> Task 19: 38.01
		Vehicle arrival at task: 1026.2299999999998
		Waiting time until service start time: 0.0

	id: 19
		node: 61
		(x, y, z): (104, 32, 1)
		dem: -12
		earl: 0
		lat: 2475
		servt: 10
		pid: 38
		did: 0
		servST: 1026.2299999999998
		(h, h_ind): (5, 7)
		load: 62.0

	Finished service at time: 1036.2299999999998

	Using Machine: 1
		Task 19 -> Machine 1 (Station 2): 38.83
		Vehicle arrival at machine station: 1075.0599999999997
		Waiting time until machine travel: 0.0

		Machine travel start time: 1075.0599999999997
		Region 1 -> Region 2: 33.97
		Machine arrival at machine station: 1109.0299999999997

		Machine 1 (Station 3)-> Task 94: 31.4
		Vehicle arrival at task: 1140.4299999999998
		Waiting time until service start time: 0.0

	id: 94
		node: 77
		(x, y, z): (34, 20, 2)
		dem: -12
		earl: 0
		lat: 2464
		servt: 10
		pid: 77
		did: 0
		servST: 1140.4299999999998
		(h, h_ind): (1, 2)
		load: 50.0

	Finished service at time: 1150.4299999999998

	Using Machine: 4
		Task 94 -> Machine 4 (Station 3): 32.65
		Vehicle arrival at machine station: 1183.08
		Waiting time until machine travel: 0.0

		Machine travel start time: 1183.08
		Region 2 -> Region 0: 31.62
		Machine arrival at machine station: 1214.6999999999998

		Machine 4 (Station 1)-> Task 16: 41.88
		Vehicle arrival at task: 1256.58
		Waiting time until service start time: 0.0

	id: 16
		node: 65
		(x, y, z): (50, 106, 0)
		dem: -15
		earl: 1221
		lat: 1461
		servt: 10
		pid: 45
		did: 0
		servST: 1256.58
		(h, h_ind): (4, 5)
		load: 35.0

	Finished service at time: 1266.58

	Task 16 -> Task 58: 12.73
	Vehicle arrival at task: 1279.31
	Waiting time until service start time: 0.0

	id: 58
		node: 30
		(x, y, z): (59, 115, 0)
		dem: 26
		earl: 1195
		lat: 1435
		servt: 10
		pid: 0
		did: 86
		servST: 1279.31
		(h, h_ind): (-1, 0)
		load: 61.0

	Finished service at time: 1289.31

	Using Machine: 0
		Task 58 -> Machine 0 (Station 1): 47.54
		Vehicle arrival at machine station: 1336.85
		Waiting time until machine travel: 0.0

		Machine travel start time: 1336.85
		Region 0 -> Region 3: 36.8
		Machine arrival at machine station: 1373.6499999999999

		Machine 0 (Station 4)-> Task 138: 2.24
		Vehicle arrival at task: 1375.8899999999999
		Waiting time until service start time: 0.0

	id: 138
		node: 51
		(x, y, z): (100, 99, 3)
		dem: -22
		earl: 1136
		lat: 1376
		servt: 10
		pid: 18
		did: 0
		servST: 1375.8899999999999
		(h, h_ind): (0, 8)
		load: 39.0

	Finished service at time: 1385.8899999999999

	Task 138 -> Task 13: 31.89
	Vehicle arrival at task: 1417.78
	Waiting time until service start time: 0.0

	id: 13
		node: 10
		(x, y, z): (121, 123, 3)
		dem: 9
		earl: 0
		lat: 2452
		servt: 10
		pid: 0
		did: 52
		servST: 1417.78
		(h, h_ind): (-1, 0)
		load: 48.0

	Finished service at time: 1427.78

	Using Machine: 5
		Task 13 -> Machine 5 (Station 4): 30.41
		Vehicle arrival at machine station: 1458.19
		Waiting time until machine travel: 0.0

		Machine travel start time: 1458.19
		Region 3 -> Region 2: 71.51
		Machine arrival at machine station: 1529.7

		Machine 5 (Station 3)-> Task 12: 39.96
		Vehicle arrival at task: 1569.66
		Waiting time until service start time: 0.0

	id: 12
		node: 9
		(x, y, z): (20, 69, 2)
		dem: 13
		earl: 0
		lat: 2475
		servt: 10
		pid: 0
		did: 164
		servST: 1569.66
		(h, h_ind): (5, 10)
		load: 61.0

	Finished service at time: 1579.66

	Task 12 -> Task 2: 19.92
	Vehicle arrival at task: 1599.5800000000002
	Waiting time until service start time: 0.0

	id: 2
		node: 2
		(x, y, z): (26, 50, 2)
		dem: 7
		earl: 1490
		lat: 1730
		servt: 10
		pid: 0
		did: 108
		servST: 1599.5800000000002
		(h, h_ind): (-1, 0)
		load: 68.0

	Finished service at time: 1609.5800000000002

	Task 2 -> Task 76: 35.36
	Vehicle arrival at task: 1644.94
	Waiting time until service start time: 0.0

	id: 76
		node: 55
		(x, y, z): (9, 19, 2)
		dem: -13
		earl: 1431
		lat: 1671
		servt: 10
		pid: 27
		did: 0
		servST: 1644.94
		(h, h_ind): (-1, 0)
		load: 55.0

	Finished service at time: 1654.94

	Task 76 -> Task 108: 6.08
	Vehicle arrival at task: 1661.02
	Waiting time until service start time: 0.0

	id: 108
		node: 42
		(x, y, z): (15, 18, 2)
		dem: -7
		earl: 1540
		lat: 1780
		servt: 10
		pid: 2
		did: 0
		servST: 1661.02
		(h, h_ind): (-1, 0)
		load: 48.0

	Finished service at time: 1671.02

	Using Machine: 4
		Task 108 -> Machine 4 (Station 3): 48.26
		Vehicle arrival at machine station: 1719.28
		Waiting time until machine travel: 0.0

		Machine travel start time: 1719.28
		Region 2 -> Region 1: 37.44
		Machine arrival at machine station: 1756.72

		Machine 4 (Station 2)-> Task 75: 19.31
		Vehicle arrival at task: 1776.03
		Waiting time until service start time: 0.0

	id: 75
		node: 36
		(x, y, z): (104, 73, 1)
		dem: 17
		earl: 0
		lat: 2491
		servt: 10
		pid: 0
		did: 169
		servST: 1776.03
		(h, h_ind): (4, 7)
		load: 65.0

	Finished service at time: 1786.03

	Using Machine: 0
		Task 75 -> Machine 0 (Station 2): 24.7
		Vehicle arrival at machine station: 1810.73
		Waiting time until machine travel: 0.0

		Machine travel start time: 1810.73
		Region 1 -> Region 2: 35.0
		Machine arrival at machine station: 1845.73

		Machine 0 (Station 3)-> Task 52: 2.24
		Vehicle arrival at task: 1847.97
		Waiting time until service start time: 0.0

	id: 52
		node: 50
		(x, y, z): (61, 34, 2)
		dem: -9
		earl: 1830
		lat: 2070
		servt: 10
		pid: 13
		did: 0
		servST: 1847.97
		(h, h_ind): (0, 10)
		load: 56.0

	Finished service at time: 1857.97

	Using Machine: 1
		Task 52 -> Machine 1 (Station 3): 5.39
		Vehicle arrival at machine station: 1863.3600000000001
		Waiting time until machine travel: 0.0

		Machine travel start time: 1863.3600000000001
		Region 2 -> Region 0: 36.24
		Machine arrival at machine station: 1899.6000000000001

		Machine 1 (Station 1)-> Task 164: 14.21
		Vehicle arrival at task: 1913.8100000000002
		Waiting time until service start time: 0.0

	id: 164
		node: 49
		(x, y, z): (65, 80, 0)
		dem: -13
		earl: 0
		lat: 2514
		servt: 10
		pid: 12
		did: 0
		servST: 1913.8100000000002
		(h, h_ind): (1, 3)
		load: 43.0

	Finished service at time: 1923.8100000000002

	Task 164 -> Task 86: 16.12
	Vehicle arrival at task: 1939.93
	Waiting time until service start time: 0.0

	id: 86
		node: 70
		(x, y, z): (67, 96, 0)
		dem: -26
		earl: 1908
		lat: 2148
		servt: 10
		pid: 58
		did: 0
		servST: 1939.93
		(h, h_ind): (-1, 0)
		load: 17.0

	Finished service at time: 1949.93

	Task 86 -> Task 169: 16.49
	Vehicle arrival at task: 1966.42
	Waiting time until service start time: 0.0

	id: 169
		node: 76
		(x, y, z): (51, 92, 0)
		dem: -17
		earl: 1731
		lat: 1971
		servt: 10
		pid: 75
		did: 0
		servST: 1966.42
		(h, h_ind): (-1, 0)
		load: 0.0

	Finished service at time: 1976.42

	Task 169 -> Task 0: 29.07
	Vehicle arrival at task: 2005.49
	Waiting time until service start time: 0.0

	id: 0
		node: 82
		(x, y, z): (70, 70, 0)
		dem: 0
		earl: 0
		lat: 2535
		servt: 0
		pid: 0
		did: 0
		servST: 2005.49
		(h, h_ind): (-1, 0)
		load: 0.0


Vehicle 32 :
	id: 0
		node: 1
		(x, y, z): (70, 70, 0)
		dem: 0
		earl: 0
		lat: 2535
		servt: 0
		pid: 0
		did: 0
		servST: 25.959999999999823
		(h, h_ind): (-1, 0)
		load: 0.0

	Finished service at time: 25.959999999999823

	Using Machine: 1
		Task 0 -> Machine 1 (Station 1): 6.08
		Vehicle arrival at machine station: 32.03999999999982
		Waiting time until machine travel: 0.0

		Machine travel start time: 32.03999999999982
		Region 0 -> Region 1: 9.22
		Machine arrival at machine station: 41.25999999999982

		Machine 1 (Station 2)-> Task 56: 24.33
		Vehicle arrival at task: 65.58999999999982
		Waiting time until service start time: 0.0

	id: 56
		node: 29
		(x, y, z): (86, 40, 1)
		dem: 22
		earl: 0
		lat: 2491
		servt: 10
		pid: 0
		did: 11
		servST: 65.58999999999982
		(h, h_ind): (1, 1)
		load: 22.0

	Finished service at time: 75.58999999999982

	Task 56 -> Task 51: 37.95
	Vehicle arrival at task: 113.53999999999982
	Waiting time until service start time: 0.0

	id: 51
		node: 28
		(x, y, z): (98, 4, 1)
		dem: 20
		earl: 0
		lat: 2454
		servt: 10
		pid: 0
		did: 49
		servST: 113.53999999999982
		(h, h_ind): (-1, 0)
		load: 42.0

	Finished service at time: 123.53999999999982

	Task 51 -> Task 47: 40.79
	Vehicle arrival at task: 164.3299999999998
	Waiting time until service start time: 0.0

	id: 47
		node: 26
		(x, y, z): (90, 44, 1)
		dem: 6
		earl: 149
		lat: 389
		servt: 10
		pid: 0
		did: 165
		servST: 164.3299999999998
		(h, h_ind): (-1, 0)
		load: 48.0

	Finished service at time: 174.3299999999998

	Using Machine: 0
		Task 47 -> Machine 0 (Station 2): 21.93
		Vehicle arrival at machine station: 196.25999999999982
		Waiting time until machine travel: 0.0

		Machine travel start time: 196.25999999999982
		Region 1 -> Region 0: 8.06
		Machine arrival at machine station: 204.31999999999982

		Machine 0 (Station 1)-> Task 8: 40.01
		Vehicle arrival at task: 244.3299999999998
		Waiting time until service start time: 0.0

	id: 8
		node: 6
		(x, y, z): (78, 111, 0)
		dem: 22
		earl: 47
		lat: 287
		servt: 10
		pid: 0
		did: 136
		servST: 244.3299999999998
		(h, h_ind): (0, 2)
		load: 70.0

	Finished service at time: 254.3299999999998

	Task 8 -> Task 26: 25.24
	Vehicle arrival at task: 279.5699999999998
	Waiting time until service start time: 0.0

	id: 26
		node: 14
		(x, y, z): (64, 132, 0)
		dem: 8
		earl: 170
		lat: 410
		servt: 10
		pid: 0
		did: 173
		servST: 279.5699999999998
		(h, h_ind): (-1, 0)
		load: 78.0

	Finished service at time: 289.5699999999998

	Task 26 -> Task 11: 27.66
	Vehicle arrival at task: 317.22999999999985
	Waiting time until service start time: -0.0

	id: 11
		node: 69
		(x, y, z): (37, 138, 0)
		dem: -22
		earl: 0
		lat: 2450
		servt: 10
		pid: 56
		did: 0
		servST: 317.2299999999998
		(h, h_ind): (-1, 0)
		load: 56.0

	Finished service at time: 327.2299999999998

	Using Machine: 0
		Task 11 -> Machine 0 (Station 1): 78.03
		Vehicle arrival at machine station: 405.25999999999976
		Waiting time until machine travel: 0.0

		Machine travel start time: 405.2599999999998
		Region 0 -> Region 1: 8.06
		Machine arrival at machine station: 413.3199999999998

		Machine 0 (Station 2)-> Task 65: 34.99
		Vehicle arrival at task: 448.30999999999983
		Waiting time until service start time: 0.0

	id: 65
		node: 32
		(x, y, z): (99, 34, 1)
		dem: 9
		earl: 243
		lat: 483
		servt: 10
		pid: 0
		did: 120
		servST: 448.30999999999983
		(h, h_ind): (0, 4)
		load: 65.0

	Finished service at time: 458.30999999999983

	Task 65 -> Task 120: 13.89
	Vehicle arrival at task: 472.1999999999998
	Waiting time until service start time: 0.0

	id: 120
		node: 72
		(x, y, z): (92, 22, 1)
		dem: -9
		earl: 0
		lat: 2473
		servt: 10
		pid: 65
		did: 0
		servST: 472.1999999999998
		(h, h_ind): (-1, 0)
		load: 56.0

	Finished service at time: 482.1999999999998

	Task 120 -> Task 49: 3.61
	Vehicle arrival at task: 485.80999999999983
	Waiting time until service start time: 0.0

	id: 49
		node: 68
		(x, y, z): (89, 24, 1)
		dem: -20
		earl: 0
		lat: 2476
		servt: 10
		pid: 51
		did: 0
		servST: 485.80999999999983
		(h, h_ind): (-1, 0)
		load: 36.0

	Finished service at time: 495.80999999999983

	Task 49 -> Task 42: 41.77
	Vehicle arrival at task: 537.5799999999998
	Waiting time until service start time: 0.0

	id: 42
		node: 24
		(x, y, z): (120, 52, 1)
		dem: 20
		earl: 0
		lat: 2472
		servt: 10
		pid: 0
		did: 43
		servST: 537.5799999999998
		(h, h_ind): (-1, 0)
		load: 56.0

	Finished service at time: 547.5799999999998

	Task 42 -> Task 43: 21.19
	Vehicle arrival at task: 568.7699999999999
	Waiting time until service start time: 0.0

	id: 43
		node: 64
		(x, y, z): (113, 32, 1)
		dem: -20
		earl: 0
		lat: 2468
		servt: 10
		pid: 42
		did: 0
		servST: 568.7699999999999
		(h, h_ind): (-1, 0)
		load: 36.0

	Finished service at time: 578.7699999999999

	Task 43 -> Task 88: 12.21
	Vehicle arrival at task: 590.9799999999999
	Waiting time until service start time: 0.0

	id: 88
		node: 41
		(x, y, z): (120, 22, 1)
		dem: 39
		earl: 396
		lat: 636
		servt: 10
		pid: 0
		did: 122
		servST: 590.9799999999999
		(h, h_ind): (-1, 0)
		load: 75.0

	Finished service at time: 600.9799999999999

	Using Machine: 4
		Task 88 -> Machine 4 (Station 2): 55.61
		Vehicle arrival at machine station: 656.5899999999999
		Waiting time until machine travel: 0.0

		Machine travel start time: 656.5899999999999
		Region 1 -> Region 3: 36.89
		Machine arrival at machine station: 693.4799999999999

		Machine 4 (Station 4)-> Task 136: 43.32
		Vehicle arrival at task: 736.8
		Waiting time until service start time: 0.0

	id: 136
		node: 46
		(x, y, z): (92, 138, 3)
		dem: -22
		earl: 0
		lat: 2454
		servt: 10
		pid: 8
		did: 0
		servST: 736.8
		(h, h_ind): (4, 4)
		load: 53.0

	Finished service at time: 746.8

	Task 136 -> Task 32: 32.2
	Vehicle arrival at task: 779.0
	Waiting time until service start time: 0.0

	id: 32
		node: 17
		(x, y, z): (121, 124, 3)
		dem: 21
		earl: 539
		lat: 779
		servt: 10
		pid: 0
		did: 127
		servST: 779.0
		(h, h_ind): (-1, 0)
		load: 74.0

	Finished service at time: 789.0

	Task 32 -> Task 122: 32.25
	Vehicle arrival at task: 821.25
	Waiting time until service start time: 25.28

	id: 122
		node: 81
		(x, y, z): (117, 92, 3)
		dem: -39
		earl: 0
		lat: 2474
		servt: 10
		pid: 88
		did: 0
		servST: 846.53
		(h, h_ind): (-1, 0)
		load: 35.0

	Finished service at time: 856.53

	Task 122 -> Task 68: 39.81
	Vehicle arrival at task: 896.3399999999999
	Waiting time until service start time: 0.0

	id: 68
		node: 34
		(x, y, z): (109, 131, 3)
		dem: 16
		earl: 0
		lat: 2453
		servt: 10
		pid: 0
		did: 158
		servST: 896.3399999999999
		(h, h_ind): (-1, 0)
		load: 51.0

	Finished service at time: 906.3399999999999

	Task 68 -> Task 127: 38.95
	Vehicle arrival at task: 945.29
	Waiting time until service start time: 0.0

	id: 127
		node: 57
		(x, y, z): (138, 105, 3)
		dem: -21
		earl: 0
		lat: 2449
		servt: 10
		pid: 32
		did: 0
		servST: 945.29
		(h, h_ind): (-1, 0)
		load: 30.0

	Finished service at time: 955.29

	Using Machine: 3
		Task 127 -> Machine 3 (Station 4): 33.96
		Vehicle arrival at machine station: 989.25
		Waiting time until machine travel: 0.0

		Machine travel start time: 989.25
		Region 3 -> Region 2: 72.92
		Machine arrival at machine station: 1062.17

		Machine 3 (Station 3)-> Task 158: 2.83
		Vehicle arrival at task: 1065.0
		Waiting time until service start time: 0.0

	id: 158
		node: 74
		(x, y, z): (54, 41, 2)
		dem: -16
		earl: 1065
		lat: 1305
		servt: 10
		pid: 68
		did: 0
		servST: 1065.0
		(h, h_ind): (3, 2)
		load: 14.0

	Finished service at time: 1075.0

	Task 158 -> Task 165: 33.42
	Vehicle arrival at task: 1108.42
	Waiting time until service start time: 0.0

	id: 165
		node: 66
		(x, y, z): (28, 62, 2)
		dem: -6
		earl: 0
		lat: 2483
		servt: 10
		pid: 47
		did: 0
		servST: 1108.42
		(h, h_ind): (-1, 0)
		load: 8.0

	Finished service at time: 1118.42

	Using Machine: 5
		Task 165 -> Machine 5 (Station 3): 29.53
		Vehicle arrival at machine station: 1147.95
		Waiting time until machine travel: 0.0

		Machine travel start time: 1147.95
		Region 2 -> Region 1: 37.59
		Machine arrival at machine station: 1185.54

		Machine 5 (Station 2)-> Task 9: 45.62
		Vehicle arrival at task: 1231.1599999999999
		Waiting time until service start time: 0.0

	id: 9
		node: 7
		(x, y, z): (107, 25, 1)
		dem: 13
		earl: 1035
		lat: 1275
		servt: 10
		pid: 0
		did: 82
		servST: 1231.16
		(h, h_ind): (5, 8)
		load: 21.0

	Finished service at time: 1241.16

	Using Machine: 5
		Task 9 -> Machine 5 (Station 2): 45.62
		Vehicle arrival at machine station: 1286.78
		Waiting time until machine travel: 0.0

		Machine travel start time: 1286.78
		Region 1 -> Region 2: 37.59
		Machine arrival at machine station: 1324.37

		Machine 5 (Station 3)-> Task 25: 35.36
		Vehicle arrival at task: 1359.7299999999998
		Waiting time until service start time: 33.25

	id: 25
		node: 13
		(x, y, z): (37, 79, 2)
		dem: 5
		earl: 0
		lat: 2491
		servt: 10
		pid: 0
		did: 87
		servST: 1392.98
		(h, h_ind): (5, 9)
		load: 26.0

	Finished service at time: 1402.98

	Task 25 -> Task 82: 25.02
	Vehicle arrival at task: 1428.0
	Waiting time until service start time: 0.0

	id: 82
		node: 47
		(x, y, z): (36, 54, 2)
		dem: -13
		earl: 1428
		lat: 1668
		servt: 10
		pid: 9
		did: 0
		servST: 1428.0
		(h, h_ind): (-1, 0)
		load: 13.0

	Finished service at time: 1438.0

	Task 82 -> Task 87: 18.11
	Vehicle arrival at task: 1456.11
	Waiting time until service start time: 0.0

	id: 87
		node: 53
		(x, y, z): (34, 72, 2)
		dem: -5
		earl: 0
		lat: 2489
		servt: 10
		pid: 25
		did: 0
		servST: 1456.11
		(h, h_ind): (-1, 0)
		load: 8.0

	Finished service at time: 1466.11

	Using Machine: 4
		Task 87 -> Machine 4 (Station 3): 34.21
		Vehicle arrival at machine station: 1500.32
		Waiting time until machine travel: 0.0

		Machine travel start time: 1500.32
		Region 2 -> Region 0: 31.62
		Machine arrival at machine station: 1531.9399999999998

		Machine 4 (Station 1)-> Task 173: 49.37
		Vehicle arrival at task: 1581.3099999999997
		Waiting time until service start time: 0.0

	id: 173
		node: 54
		(x, y, z): (67, 120, 0)
		dem: -8
		earl: 1375
		lat: 1615
		servt: 10
		pid: 26
		did: 0
		servST: 1581.31
		(h, h_ind): (4, 6)
		load: 0.0

	Finished service at time: 1591.31

	Task 173 -> Task 0: 50.09
	Vehicle arrival at task: 1641.3999999999999
	Waiting time until service start time: 0.0

	id: 0
		node: 82
		(x, y, z): (70, 70, 0)
		dem: 0
		earl: 0
		lat: 2535
		servt: 0
		pid: 0
		did: 0
		servST: 1641.3999999999999
		(h, h_ind): (-1, 0)
		load: 0.0


---------------------| MACHINES |---------------------

Machine 0 :
	setup duration: 0.0

	vehicle: 11
	vehicleInd: 2
	(orig, dest): (0, 41)
	(origRegion, destRegion): (0, 1)
	st: 20.610000000000007
	duration: 8.06

	setup duration: 0.0

	vehicle: 32
	vehicleInd: 5
	(orig, dest): (47, 8)
	(origRegion, destRegion): (1, 0)
	st: 196.25999999999982
	duration: 8.06

	setup duration: 0.0

	vehicle: 28
	vehicleInd: 6
	(orig, dest): (45, 95)
	(origRegion, destRegion): (0, 3)
	st: 248.56
	duration: 36.8

	setup duration: 36.8

	vehicle: 32
	vehicleInd: 8
	(orig, dest): (11, 65)
	(origRegion, destRegion): (0, 1)
	st: 405.2599999999998
	duration: 8.06

	setup duration: 39.96

	vehicle: 28
	vehicleInd: 11
	(orig, dest): (27, 18)
	(origRegion, destRegion): (3, 0)
	st: 710.8199999999999
	duration: 36.8

	setup duration: 0.0

	vehicle: 28
	vehicleInd: 12
	(orig, dest): (18, 191)
	(origRegion, destRegion): (0, 1)
	st: 762.0999999999999
	duration: 8.06

	setup duration: 8.06

	vehicle: 11
	vehicleInd: 19
	(orig, dest): (198, 23)
	(origRegion, destRegion): (0, 1)
	st: 1213.93
	duration: 8.06

	setup duration: 8.06

	vehicle: 28
	vehicleInd: 19
	(orig, dest): (58, 138)
	(origRegion, destRegion): (0, 3)
	st: 1336.85
	duration: 36.8

	setup duration: 39.96

	vehicle: 11
	vehicleInd: 24
	(orig, dest): (81, 55)
	(origRegion, destRegion): (1, 0)
	st: 1523.1800000000003
	duration: 8.06

	setup duration: 8.06

	vehicle: 28
	vehicleInd: 26
	(orig, dest): (75, 52)
	(origRegion, destRegion): (1, 2)
	st: 1810.73
	duration: 35.0


Machine 1 :
	setup duration: 0.0

	vehicle: 32
	vehicleInd: 2
	(orig, dest): (0, 56)
	(origRegion, destRegion): (0, 1)
	st: 32.03999999999982
	duration: 9.22

	setup duration: 0.0

	vehicle: 28
	vehicleInd: 16
	(orig, dest): (19, 94)
	(origRegion, destRegion): (1, 2)
	st: 1075.0599999999997
	duration: 33.97

	setup duration: 0.0

	vehicle: 28
	vehicleInd: 27
	(orig, dest): (52, 164)
	(origRegion, destRegion): (2, 0)
	st: 1863.3600000000001
	duration: 36.24


Machine 3 :
	setup duration: 40.46

	vehicle: 11
	vehicleInd: 4
	(orig, dest): (40, 33)
	(origRegion, destRegion): (3, 2)
	st: 192.20000000000002
	duration: 72.92

	setup duration: 72.92

	vehicle: 32
	vehicleInd: 19
	(orig, dest): (127, 158)
	(origRegion, destRegion): (3, 2)
	st: 989.25
	duration: 72.92


Machine 4 :
	setup duration: 0.0

	vehicle: 28
	vehicleInd: 3
	(orig, dest): (80, 74)
	(origRegion, destRegion): (0, 2)
	st: 34.089999999999996
	duration: 31.62

	setup duration: 0.0

	vehicle: 28
	vehicleInd: 5
	(orig, dest): (3, 45)
	(origRegion, destRegion): (2, 0)
	st: 141.31
	duration: 31.62

	setup duration: 13.93

	vehicle: 28
	vehicleInd: 8
	(orig, dest): (119, 6)
	(origRegion, destRegion): (1, 3)
	st: 440.53
	duration: 36.89

	setup duration: 36.89

	vehicle: 32
	vehicleInd: 14
	(orig, dest): (88, 136)
	(origRegion, destRegion): (1, 3)
	st: 656.5899999999999
	duration: 36.89

	setup duration: 72.84

	vehicle: 28
	vehicleInd: 17
	(orig, dest): (94, 16)
	(origRegion, destRegion): (2, 0)
	st: 1183.08
	duration: 31.62

	setup duration: 31.62

	vehicle: 32
	vehicleInd: 25
	(orig, dest): (87, 173)
	(origRegion, destRegion): (2, 0)
	st: 1500.32
	duration: 31.62

	setup duration: 31.62

	vehicle: 28
	vehicleInd: 25
	(orig, dest): (108, 75)
	(origRegion, destRegion): (2, 1)
	st: 1719.28
	duration: 37.44


Machine 5 :
	setup duration: 14.56

	vehicle: 11
	vehicleInd: 3
	(orig, dest): (41, 40)
	(origRegion, destRegion): (1, 3)
	st: 56.49000000000001
	duration: 36.06

	setup duration: 0.0

	vehicle: 28
	vehicleInd: 7
	(orig, dest): (95, 119)
	(origRegion, destRegion): (3, 1)
	st: 326.4
	duration: 36.06

	setup duration: 37.59

	vehicle: 11
	vehicleInd: 9
	(orig, dest): (4, 72)
	(origRegion, destRegion): (2, 1)
	st: 449.87
	duration: 37.59

	setup duration: 0.0

	vehicle: 11
	vehicleInd: 10
	(orig, dest): (72, 30)
	(origRegion, destRegion): (1, 2)
	st: 571.48
	duration: 37.59

	setup duration: 0.0

	vehicle: 11
	vehicleInd: 11
	(orig, dest): (30, 78)
	(origRegion, destRegion): (2, 0)
	st: 735.35
	duration: 29.07

	setup duration: 14.56

	vehicle: 28
	vehicleInd: 14
	(orig, dest): (77, 38)
	(origRegion, destRegion): (1, 3)
	st: 894.0999999999999
	duration: 36.06

	setup duration: 0.0

	vehicle: 28
	vehicleInd: 15
	(orig, dest): (38, 19)
	(origRegion, destRegion): (3, 1)
	st: 952.1599999999999
	duration: 36.06

	setup duration: 37.59

	vehicle: 32
	vehicleInd: 21
	(orig, dest): (165, 9)
	(origRegion, destRegion): (2, 1)
	st: 1147.95
	duration: 37.59

	setup duration: 0.0

	vehicle: 32
	vehicleInd: 22
	(orig, dest): (9, 25)
	(origRegion, destRegion): (1, 2)
	st: 1286.78
	duration: 37.59

	setup duration: 71.51

	vehicle: 28
	vehicleInd: 21
	(orig, dest): (13, 12)
	(origRegion, destRegion): (3, 2)
	st: 1458.19
	duration: 71.51

	setup duration: 29.07

	vehicle: 11
	vehicleInd: 25
	(orig, dest): (55, 110)
	(origRegion, destRegion): (0, 2)
	st: 1580.7200000000003
	duration: 29.07

	setup duration: 0.0

	vehicle: 11
	vehicleInd: 28
	(orig, dest): (83, 10)
	(origRegion, destRegion): (2, 0)
	st: 1774.1100000000004
	duration: 29.07


-------------------| COMPL. TIMES |-------------------

Vehicle 0 : 0.0
Vehicle 1 : 0.0
Vehicle 2 : 0.0
Vehicle 3 : 0.0
Vehicle 4 : 0.0
Vehicle 5 : 0.0
Vehicle 6 : 0.0
Vehicle 7 : 0.0
Vehicle 8 : 0.0
Vehicle 9 : 0.0
Vehicle 10 : 0.0
Vehicle 11 : 1984.7800000000007
Vehicle 12 : 0.0
Vehicle 13 : 0.0
Vehicle 14 : 0.0
Vehicle 15 : 0.0
Vehicle 16 : 0.0
Vehicle 17 : 0.0
Vehicle 18 : 0.0
Vehicle 19 : 0.0
Vehicle 20 : 0.0
Vehicle 21 : 0.0
Vehicle 22 : 0.0
Vehicle 23 : 0.0
Vehicle 24 : 0.0
Vehicle 25 : 0.0
Vehicle 26 : 0.0
Vehicle 27 : 0.0
Vehicle 28 : 1984.64
Vehicle 29 : 0.0
Vehicle 30 : 0.0
Vehicle 31 : 0.0
Vehicle 32 : 1615.44
Vehicle 33 : 0.0
Vehicle 34 : 0.0
Vehicle 35 : 0.0
Vehicle 36 : 0.0
Vehicle 37 : 0.0
Vehicle 38 : 0.0
Vehicle 39 : 0.0
-------------------| STATISTICS |-------------------

    Vehicles used                           : 7.5
    Machines used                           : 83.3333
    Max load (vehicles)                     : 100.0
    Min load (vehicles)                     : 96.1538
    Mean load (vehicles)                    : 98.2906
    Min completion time                     : 63.7254
    Max completion time                     : 78.2951
    Mean completion time                    : 73.4367
    Avrg travel time (with vehicle)         : 13.8549
    Avrg travel time (only with vehicle)    : 8.7578
    Avrg travel time (no vehicle)           : 5.0971
    Avrg waiting time (machine travel)      : 0.0
    Avrg waiting time (service)             : 0.7217
    Machines travel times (with vehicle)    : [13.2016, 3.1333, 0.0, 10.2256, 16.7495, 25.9645]
    Machines travel times (no vehicle)      : [5.5582, 0.0, 0.0, 4.4726, 7.3728, 8.0821]
    Max load per vehicle                    : [0.0, 0.0, 0.0, 0.0, 0.0, 0.0, 0.0, 0.0, 0.0, 0.0, 0.0, 96.1538, 0.0, 0.0, 0.0, 0.0, 0.0, 0.0, 0.0, 0.0, 0.0, 0.0, 0.0, 0.0, 0.0, 0.0, 0.0, 0.0, 98.7179, 0.0, 0.0, 0.0, 100.0, 0.0, 0.0, 0.0, 0.0, 0.0, 0.0, 0.0]

----------------------------------------------------

TOTAL: 5584.860000000001

Everything is awesome!
