Set parameter WLSAccessID
Set parameter WLSSecret
Set parameter LicenseID to value 2661775
Academic license 2661775 - for non-commercial use only - registered to me___@dcc.ufba.br
Loading line 2: methodType heur
Loading line 3: methodCode mslp
Loading line 4: seed 0
Loading line 5: threads 1
Loading line 6: greedy_service_order random
Loading line 7: outputFlagGrbMSLP 0
Loading line 8: mslpa 60000
Loading line 9: mslpr I
Loading line 10: maxtime 3600
Loading line 11: output ./logs/
Loading line 12: printsol 1
Loading line 13: solverMethod A
Loading line 14: alpha 0.05 # selected from preliminary experiments
Instance: lr205_t2_10R_10V_02F_03M

[07:23:37.694] Running Data.readData with file /dados/rmelo/PDPTW-SE/benchmark_multi_floor_v3/official_experiments/multistartlp/official/set_01_pt_02/../../../../instances/orig_ams_fg/10R_10V_02F_04M/t2/lr205/
vehicles: Vehicle[Vehicle(0, 34), Vehicle(1, 43), Vehicle(2, 52), Vehicle(3, 43), Vehicle(4, 52), Vehicle(5, 52), Vehicle(6, 43), Vehicle(7, 34), Vehicle(8, 43), Vehicle(9, 52)]
vehicle_types: Vehicle[Vehicle(0, 34), Vehicle(1, 43), Vehicle(2, 52)]
Machine[Machine(0, Point[Point(35, 42, 0), Point(35, 42, 1)], 0.2), Machine(1, Point[Point(37, 42, 0), Point(37, 42, 1)], 0.2), Machine(2, Point[Point(33, 42, 0), Point(33, 42, 1)], 0.2)]
refs: [1, 2, 3, 4, 5, 7, 8, 9, 10, 13, 14, 17, 18, 15, 21, 12, 16, 19, 11, 20, 6, 1]
V: [1, 2, 3, 4, 5, 6, 7, 8, 9, 10, 11, 12, 13, 14, 15, 16, 17, 18, 19, 20, 21]
V_p: [2, 3, 4, 5, 6, 7, 8, 9, 10, 11]
V_d: [12, 13, 14, 15, 16, 17, 18, 19, 20, 21]
Vprime: [1, 2, 3, 4, 5, 6, 7, 8, 9, 10, 11, 12, 13, 14, 15, 16, 17, 18, 19, 20, 21, 22]
V: [1, 2, 3, 4, 5, 6, 7, 8, 9, 10, 11, 12, 13, 14, 15, 16, 17, 18, 19, 20, 21]
q: [0, 13, 26, 3, 5, 16, 12, 19, 20, 12, 9, -13, -26, -3, -5, -16, -12, -19, -20, -12, -9, 0]
H: [1, 2, 3]
f: [[1, 1, 1], [2, 2, 2], [1, 1, 1], [2, 2, 2], [1, 1, 1], [2, 2, 2], [2, 2, 2], [1, 1, 1], [2, 2, 2], [1, 1, 1], [1, 1, 1], [1, 1, 1], [2, 2, 2], [2, 2, 2], [2, 2, 2], [1, 1, 1], [2, 2, 2], [1, 1, 1], [2, 2, 2], [2, 2, 2], [1, 1, 1], [1, 1, 1]]
1 1 1 -> 0.0
1 2 1 -> 5.0
2 1 1 -> 5.0
2 2 1 -> 0.0
1 1 2 -> 0.0
1 2 2 -> 5.0
2 1 2 -> 5.0
2 2 2 -> 0.0
1 1 3 -> 0.0
1 2 3 -> 5.0
2 1 3 -> 5.0
2 2 3 -> 0.0
o: (1, 2, 1) => 5.0
o: (1, 2, 3) => 5.0
o: (1, 1, 2) => 0.0
o: (1, 2, 2) => 5.0
o: (2, 1, 1) => 5.0
o: (2, 1, 3) => 5.0
o: (2, 2, 1) => 0.0
o: (2, 2, 3) => 0.0
o: (2, 1, 2) => 5.0
o: (1, 1, 1) => 0.0
o: (1, 1, 3) => 0.0
o: (2, 2, 2) => 0.0

[79, 1088, 1078, 1050, 1040, 1045, 1011, 6]
JOBS in the order of refs (Vprime)
Node 1: Job(0, Point(35, 35, 0), 0, 0, 1000, 0, 0, 0)
Node 2: Job(3, Point(55, 45, 1), 13, 436, 676, 10, 0, 50)
Node 3: Job(5, Point(15, 30, 0), 26, 20, 260, 10, 0, 53)
Node 4: Job(6, Point(25, 30, 1), 3, 345, 585, 10, 0, 22)
Node 5: Job(7, Point(20, 50, 0), 5, 251, 491, 10, 0, 99)
Node 6: Job(10, Point(30, 60, 1), 16, 485, 725, 10, 0, 17)
Node 7: Job(11, Point(20, 65, 1), 12, 146, 386, 10, 0, 24)
Node 8: Job(12, Point(50, 35, 0), 19, 167, 407, 10, 0, 66)
Node 9: Job(14, Point(15, 10, 1), 20, 32, 272, 10, 0, 16)
Node 10: Job(18, Point(20, 40, 0), 12, 286, 526, 10, 0, 74)
Node 11: Job(20, Point(45, 65, 0), 9, 504, 744, 10, 0, 9)
Node 12: Job(50, Point(47, 47, 0), -13, 475, 715, 10, 3, 0)
Node 13: Job(53, Point(37, 31, 1), -26, 332, 572, 10, 5, 0)
Node 14: Job(22, Point(45, 10, 1), -3, 332, 572, 10, 6, 0)
Node 15: Job(99, Point(20, 26, 1), -5, 263, 503, 10, 7, 0)
Node 16: Job(17, Point(5, 30, 0), -16, 682, 922, 10, 10, 0)
Node 17: Job(24, Point(65, 35, 1), -12, 656, 896, 10, 11, 0)
Node 18: Job(66, Point(49, 73, 0), -19, 523, 763, 10, 12, 0)
Node 19: Job(16, Point(10, 20, 1), -20, 203, 443, 10, 14, 0)
Node 20: Job(74, Point(46, 13, 1), -12, 622, 862, 10, 18, 0)
Node 21: Job(9, Point(55, 60, 0), -9, 329, 569, 10, 20, 0)
Node 22: Job(0, Point(35, 35, 0), 0, 0, 1000, 0, 0, 0)

### Preprocessing Data ###
	-> arcs: 484 (100.0%)
	-> arc_removals: 243 (50.21%)
	-> arc_removals_is_loop: 22 (4.55%)
	-> arc_removals_is_delivery_to_pickup: 12 (2.48%)
	-> arc_removals_is_depot_begin_to_delivery: 10 (2.07%)
	-> arc_removals_is_pickup_to_depot_end: 10 (2.07%)
	-> arc_removals_is_dest_depot_begin: 20 (4.13%)
	-> arc_removals_is_orig_depot_end: 19 (3.93%)
	-> arc_removals_is_capacity_violated: 0 (0.0%)
	-> arc_removals_is_time_window_limited: 107 (22.11%)
	-> arc_removals_is_time_window_pairing_limited: 38 (7.85%)
	-> arc_removals_is_indirect_request_service_impossible: 5 (1.03%)
	-> gamma_vars: 0 (0%)
	-> feas_gamma_vars: 0 (0%)
	-> infeas_gamma_vars_is_next_mtrv_unreachable: 0 (0%)
	-> infeas_gamma_vars_is_iprime_jprime_eq_i_j: 0 (0%)
	-> machine_removal_for_an_arc: 0 (0.0%)
##########################

[07:23:51.366] Print configuration
------------------------------------------------------
"
[07:23:51.366] Running Multi Start Heuristic"
> Experiment started at 2025-10-16T07:23:51.366
> Instance: lr205_t2_10R_10V_02F_03M
> Algorithm Parameters:


	>Stop params:
		>  - rule ITERATIONS
		>  - argument 60000.0
		>  - maximum_time 3600

	>General params:
		>  - instPath /dados/rmelo/PDPTW-SE/benchmark_multi_floor_v3/official_experiments/multistartlp/official/set_01_pt_02/../../../../instances/orig_ams_fg/10R_10V_02F_04M/t2/lr205/
		>  - name lr205
		>  - type t2
		>  - group 10R_10V_02F_03M
		>  - fullname lr205_t2_10R_10V_02F_03M
		>  - methodType heur
		>  - methodCode mslp
		>  - genconfigfile /dados/rmelo/PDPTW-SE/benchmark_multi_floor_v3/official_experiments/multistartlp/official/set_01_pt_02/configs/genconfig_mslp.conf
		>  - genconfigfilename genconfig_mslp
		>  - greedy_service_order random
		>  - cutoff 0
		>  - cutoffmachs 3
		>  - num_machs 0
		>  - solver Gurobi
		>  - maxtime 3600
		>  - gurobiCuts 1
		>  - typeUserCut 0
		>  - mipPresolve -1
		>  - printsol 1
		>  - maxnodes -1
		>  - elevator 1
		>  - make_instance_feasible false
		>  - output /dados/rmelo/PDPTW-SE/benchmark_multi_floor_v3/official_experiments/multistartlp/official/set_01_pt_02/logs
		>  - suff_outputs _seed_109
		>  - suff_csv _bash_1
		>  - epsilon 0.005
		>  - epsilonCap 0.5
		>  - warmStart false
		>  - seed 109
		>  - rng Random.MersenneTwister(109)
		>  - alpha 0.05
		>  - maxiter 1000000
		>  - outputFlagGrbMIP 0
		>  - outputFlagGrbMSLP 0
		>  - outputFlagGrbLMNS 0
		>  - mslpr I
		>  - mslpa 60000
		>  - lmnsr M
		>  - lmnsa 60
		>  - lmnsRepairTime 30.0
		>  - lmnsMIPFocus 0
		>  - lmnsGapToBiggerDestruction 50
		>  - lmnsGapToSmallerDestruction 95
		>  - lmnsWeightShawDistProx 1.0
		>  - lmnsWeightShawEarlProx 1.0
		>  - lmnsWeightShawSameRoute 1.0
		>  - lmnsWeightShawDemandSim 1.0
		>  - lmnsReqRApplyMIPStart true
		>  - lmnsAcceptanceCriteria H
		>  - lmnsMetropolisTemp 100.0
		>  - lmnsSimulatedAnnealingTemp 100.0
		>  - lmnsSimulatedAnnealingCool 0.95
		>  - mipmaxtime 3600
		>  - csvfilename /dados/rmelo/PDPTW-SE/benchmark_multi_floor_v3/official_experiments/multistartlp/official/set_01_pt_02/logs/heur_mslp/outputs/csvresults_heur_mslp_bash_1.csv
		>  - solfilename /dados/rmelo/PDPTW-SE/benchmark_multi_floor_v3/official_experiments/multistartlp/official/set_01_pt_02/logs/heur_mslp/solutions/10R_10V_02F_03M/lr205_sol_genconfig_mslp_seed_109.txt
		>  - timelineFilename /dados/rmelo/PDPTW-SE/benchmark_multi_floor_v3/official_experiments/multistartlp/official/set_01_pt_02/logs/heur_mslp/timelines/10R_10V_02F_03M/lr205_timeline_genconfig_mslp_seed_109.txt
		>  - grbFilename /dados/rmelo/PDPTW-SE/benchmark_multi_floor_v3/official_experiments/multistartlp/official/set_01_pt_02/logs/heur_mslp/gurobi/10R_10V_02F_03M/lr205_grb_genconfig_mslp_seed_109.log
		>  - threads 1
		>  - solverMethod AUTOMATIC

------------------------------------------------------

[07:23:51.509] Starting running MSLP
objValue;greedysol;iteration;time
1050.11;1446.56;1;0.004154
1049.54;1440.92;4;0.448530
1037.85;1453.38;5;0.452504
978.86;1468.89;10;0.472869
949.42;1284.40;85;0.763317
948.89;1351.50;138;0.936932
929.71;1294.10;799;3.281616
911.41;1296.57;1279;5.002106
908.70;1373.34;1415;5.467010
904.80;1384.66;7495;26.321833
896.57;1394.87;9090;31.823977
890.80;1392.07;11477;40.076117
871.45;1379.07;49354;173.174311

[07:27:58.07] Finished running MSLP
System CPU time: 35.53 seconds

[07:27:58.17] Post running MSLP
Best solution value: 871.45
Total time elapsed: 209.925450
Time to best: 173.174311
Iterations: 60000
Iterations to best: 49354
Improvements: 13
Infeasible solutions percentage: (0 / 60000) = 0.0000 %
(LP improvements)/(LP runs) = 60000/60000 = 100.0000 %
Mean LP improvement percentage: 26.2882 %
[07:27:58.516] Writing results to CSV file: /dados/rmelo/PDPTW-SE/benchmark_multi_floor_v3/official_experiments/multistartlp/official/set_01_pt_02/logs/heur_mslp/outputs/csvresults_heur_mslp_bash_1.csv

[07:28:01.308] Saving solution to file:/dados/rmelo/PDPTW-SE/benchmark_multi_floor_v3/official_experiments/multistartlp/official/set_01_pt_02/logs/heur_mslp/solutions/10R_10V_02F_03M/lr205_sol_genconfig_mslp_seed_109.txt

[07:28:01.308] Saving solution timeline to file: /dados/rmelo/PDPTW-SE/benchmark_multi_floor_v3/official_experiments/multistartlp/official/set_01_pt_02/logs/heur_mslp/timelines/10R_10V_02F_03M/lr205_timeline_genconfig_mslp_seed_109.txt
---------------------| VEHICLES |---------------------

Vehicle 4 :
	id: 0
		node: 1
		(x, y, z): (35, 35, 0)
		dem: 0
		earl: 0
		lat: 1000
		servt: 0
		pid: 0
		did: 0
		servST: 124.17000000000007
		(h, h_ind): (-1, 0)
		load: 0.0

	Finished service at time: 124.17000000000007

	Task 0 -> Task 5: 20.62
	Vehicle arrival at task: 144.79000000000008
	Waiting time until service start time: 0.0

	id: 5
		node: 3
		(x, y, z): (15, 30, 0)
		dem: 26
		earl: 20
		lat: 260
		servt: 10
		pid: 0
		did: 53
		servST: 144.79000000000008
		(h, h_ind): (-1, 0)
		load: 26.0

	Finished service at time: 154.79000000000008

	Using Machine: 2
		Task 5 -> Machine 2 (Station 1): 21.63
		Vehicle arrival at machine station: 176.42000000000007
		Waiting time until machine travel: 0.0

		Machine travel start time: 176.42000000000007
		Region 0 -> Region 1: 5.0
		Machine arrival at machine station: 181.42000000000007

		Machine 2 (Station 2)-> Task 14: 36.72
		Vehicle arrival at task: 218.14000000000007
		Waiting time until service start time: 0.0

	id: 14
		node: 9
		(x, y, z): (15, 10, 1)
		dem: 20
		earl: 32
		lat: 272
		servt: 10
		pid: 0
		did: 16
		servST: 218.14000000000007
		(h, h_ind): (2, 1)
		load: 46.0

	Finished service at time: 228.14000000000007

	Task 14 -> Task 16: 11.18
	Vehicle arrival at task: 239.32000000000008
	Waiting time until service start time: 0.0

	id: 16
		node: 19
		(x, y, z): (10, 20, 1)
		dem: -20
		earl: 203
		lat: 443
		servt: 10
		pid: 14
		did: 0
		servST: 239.32000000000008
		(h, h_ind): (-1, 0)
		load: 26.0

	Finished service at time: 249.32000000000008

	Task 16 -> Task 11: 46.1
	Vehicle arrival at task: 295.4200000000001
	Waiting time until service start time: 0.0

	id: 11
		node: 7
		(x, y, z): (20, 65, 1)
		dem: 12
		earl: 146
		lat: 386
		servt: 10
		pid: 0
		did: 24
		servST: 295.4200000000001
		(h, h_ind): (-1, 0)
		load: 38.0

	Finished service at time: 305.4200000000001

	Task 11 -> Task 53: 38.01
	Vehicle arrival at task: 343.43000000000006
	Waiting time until service start time: 0.0

	id: 53
		node: 13
		(x, y, z): (37, 31, 1)
		dem: -26
		earl: 332
		lat: 572
		servt: 10
		pid: 5
		did: 0
		servST: 343.43000000000006
		(h, h_ind): (-1, 0)
		load: 12.0

	Finished service at time: 353.43000000000006

	Using Machine: 2
		Task 53 -> Machine 2 (Station 2): 11.7
		Vehicle arrival at machine station: 365.13000000000005
		Waiting time until machine travel: 0.0

		Machine travel start time: 365.13000000000005
		Region 1 -> Region 0: 5.0
		Machine arrival at machine station: 370.13000000000005

		Machine 2 (Station 1)-> Task 7: 15.26
		Vehicle arrival at task: 385.39000000000004
		Waiting time until service start time: 0.0

	id: 7
		node: 5
		(x, y, z): (20, 50, 0)
		dem: 5
		earl: 251
		lat: 491
		servt: 10
		pid: 0
		did: 99
		servST: 385.39000000000004
		(h, h_ind): (2, 2)
		load: 17.0

	Finished service at time: 395.39000000000004

	Task 7 -> Task 18: 10.0
	Vehicle arrival at task: 405.39000000000004
	Waiting time until service start time: 0.0

	id: 18
		node: 10
		(x, y, z): (20, 40, 0)
		dem: 12
		earl: 286
		lat: 526
		servt: 10
		pid: 0
		did: 74
		servST: 405.39000000000004
		(h, h_ind): (-1, 0)
		load: 29.0

	Finished service at time: 415.39000000000004

	Using Machine: 2
		Task 18 -> Machine 2 (Station 1): 13.15
		Vehicle arrival at machine station: 428.54
		Waiting time until machine travel: 0.0

		Machine travel start time: 428.54
		Region 0 -> Region 1: 5.0
		Machine arrival at machine station: 433.54

		Machine 2 (Station 2)-> Task 6: 14.42
		Vehicle arrival at task: 447.96000000000004
		Waiting time until service start time: 0.0

	id: 6
		node: 4
		(x, y, z): (25, 30, 1)
		dem: 3
		earl: 345
		lat: 585
		servt: 10
		pid: 0
		did: 22
		servST: 447.96000000000004
		(h, h_ind): (2, 3)
		load: 32.0

	Finished service at time: 457.96000000000004

	Task 6 -> Task 99: 6.4
	Vehicle arrival at task: 464.36
	Waiting time until service start time: 0.0

	id: 99
		node: 15
		(x, y, z): (20, 26, 1)
		dem: -5
		earl: 263
		lat: 503
		servt: 10
		pid: 7
		did: 0
		servST: 464.36
		(h, h_ind): (-1, 0)
		load: 27.0

	Finished service at time: 474.36

	Task 99 -> Task 10: 35.44
	Vehicle arrival at task: 509.8
	Waiting time until service start time: 0.0

	id: 10
		node: 6
		(x, y, z): (30, 60, 1)
		dem: 16
		earl: 485
		lat: 725
		servt: 10
		pid: 0
		did: 17
		servST: 509.8
		(h, h_ind): (-1, 0)
		load: 43.0

	Finished service at time: 519.8

	Task 10 -> Task 22: 52.2
	Vehicle arrival at task: 572.0
	Waiting time until service start time: 0.0

	id: 22
		node: 14
		(x, y, z): (45, 10, 1)
		dem: -3
		earl: 332
		lat: 572
		servt: 10
		pid: 6
		did: 0
		servST: 572.0
		(h, h_ind): (-1, 0)
		load: 40.0

	Finished service at time: 582.0

	Task 22 -> Task 74: 3.16
	Vehicle arrival at task: 585.16
	Waiting time until service start time: 36.84

	id: 74
		node: 20
		(x, y, z): (46, 13, 1)
		dem: -12
		earl: 622
		lat: 862
		servt: 10
		pid: 18
		did: 0
		servST: 622.0
		(h, h_ind): (-1, 0)
		load: 28.0

	Finished service at time: 632.0

	Task 74 -> Task 24: 29.07
	Vehicle arrival at task: 661.07
	Waiting time until service start time: 0.0

	id: 24
		node: 17
		(x, y, z): (65, 35, 1)
		dem: -12
		earl: 656
		lat: 896
		servt: 10
		pid: 11
		did: 0
		servST: 661.07
		(h, h_ind): (-1, 0)
		load: 16.0

	Finished service at time: 671.07

	Using Machine: 1
		Task 24 -> Machine 1 (Station 2): 28.86
		Vehicle arrival at machine station: 699.9300000000001
		Waiting time until machine travel: 0.0

		Machine travel start time: 699.9300000000001
		Region 1 -> Region 0: 5.0
		Machine arrival at machine station: 704.9300000000001

		Machine 1 (Station 1)-> Task 17: 34.18
		Vehicle arrival at task: 739.11
		Waiting time until service start time: 0.0

	id: 17
		node: 16
		(x, y, z): (5, 30, 0)
		dem: -16
		earl: 682
		lat: 922
		servt: 10
		pid: 10
		did: 0
		servST: 739.11
		(h, h_ind): (1, 3)
		load: 0.0

	Finished service at time: 749.11

	Task 17 -> Task 0: 30.41
	Vehicle arrival at task: 779.52
	Waiting time until service start time: 0.0

	id: 0
		node: 22
		(x, y, z): (35, 35, 0)
		dem: 0
		earl: 0
		lat: 1000
		servt: 0
		pid: 0
		did: 0
		servST: 779.52
		(h, h_ind): (-1, 0)
		load: 0.0


Vehicle 6 :
	id: 0
		node: 1
		(x, y, z): (35, 35, 0)
		dem: 0
		earl: 0
		lat: 1000
		servt: 0
		pid: 0
		did: 0
		servST: 392.0
		(h, h_ind): (-1, 0)
		load: 0.0

	Finished service at time: 392.0

	Task 0 -> Task 12: 15.0
	Vehicle arrival at task: 407.0
	Waiting time until service start time: 0.0

	id: 12
		node: 8
		(x, y, z): (50, 35, 0)
		dem: 19
		earl: 167
		lat: 407
		servt: 10
		pid: 0
		did: 66
		servST: 407.0
		(h, h_ind): (-1, 0)
		load: 19.0

	Finished service at time: 417.0

	Using Machine: 1
		Task 12 -> Machine 1 (Station 1): 14.76
		Vehicle arrival at machine station: 431.76
		Waiting time until machine travel: 0.0

		Machine travel start time: 431.76
		Region 0 -> Region 1: 5.0
		Machine arrival at machine station: 436.76

		Machine 1 (Station 2)-> Task 3: 18.25
		Vehicle arrival at task: 455.01
		Waiting time until service start time: 0.0

	id: 3
		node: 2
		(x, y, z): (55, 45, 1)
		dem: 13
		earl: 436
		lat: 676
		servt: 10
		pid: 0
		did: 50
		servST: 455.01
		(h, h_ind): (1, 1)
		load: 32.0

	Finished service at time: 465.01

	Using Machine: 1
		Task 3 -> Machine 1 (Station 2): 18.25
		Vehicle arrival at machine station: 483.26
		Waiting time until machine travel: 0.0

		Machine travel start time: 483.26
		Region 1 -> Region 0: 5.0
		Machine arrival at machine station: 488.26

		Machine 1 (Station 1)-> Task 20: 24.35
		Vehicle arrival at task: 512.61
		Waiting time until service start time: 0.0

	id: 20
		node: 11
		(x, y, z): (45, 65, 0)
		dem: 9
		earl: 504
		lat: 744
		servt: 10
		pid: 0
		did: 9
		servST: 512.61
		(h, h_ind): (1, 2)
		load: 41.0

	Finished service at time: 522.61

	Task 20 -> Task 66: 8.94
	Vehicle arrival at task: 531.5500000000001
	Waiting time until service start time: -0.0

	id: 66
		node: 18
		(x, y, z): (49, 73, 0)
		dem: -19
		earl: 523
		lat: 763
		servt: 10
		pid: 12
		did: 0
		servST: 531.55
		(h, h_ind): (-1, 0)
		load: 22.0

	Finished service at time: 541.55

	Task 66 -> Task 9: 14.32
	Vehicle arrival at task: 555.87
	Waiting time until service start time: 0.0

	id: 9
		node: 21
		(x, y, z): (55, 60, 0)
		dem: -9
		earl: 329
		lat: 569
		servt: 10
		pid: 20
		did: 0
		servST: 555.87
		(h, h_ind): (-1, 0)
		load: 13.0

	Finished service at time: 565.87

	Task 9 -> Task 50: 15.26
	Vehicle arrival at task: 581.13
	Waiting time until service start time: 0.0

	id: 50
		node: 12
		(x, y, z): (47, 47, 0)
		dem: -13
		earl: 475
		lat: 715
		servt: 10
		pid: 3
		did: 0
		servST: 581.13
		(h, h_ind): (-1, 0)
		load: 0.0

	Finished service at time: 591.13

	Task 50 -> Task 0: 16.97
	Vehicle arrival at task: 608.1
	Waiting time until service start time: 0.0

	id: 0
		node: 22
		(x, y, z): (35, 35, 0)
		dem: 0
		earl: 0
		lat: 1000
		servt: 0
		pid: 0
		did: 0
		servST: 608.1
		(h, h_ind): (-1, 0)
		load: 0.0


---------------------| MACHINES |---------------------

Machine 1 :
	setup duration: 0.0

	vehicle: 6
	vehicleInd: 3
	(orig, dest): (12, 3)
	(origRegion, destRegion): (0, 1)
	st: 431.76
	duration: 5.0

	setup duration: 0.0

	vehicle: 6
	vehicleInd: 4
	(orig, dest): (3, 20)
	(origRegion, destRegion): (1, 0)
	st: 483.26
	duration: 5.0

	setup duration: 5.0

	vehicle: 4
	vehicleInd: 15
	(orig, dest): (24, 17)
	(origRegion, destRegion): (1, 0)
	st: 699.9300000000001
	duration: 5.0


Machine 2 :
	setup duration: 0.0

	vehicle: 4
	vehicleInd: 3
	(orig, dest): (5, 14)
	(origRegion, destRegion): (0, 1)
	st: 176.42000000000007
	duration: 5.0

	setup duration: 0.0

	vehicle: 4
	vehicleInd: 7
	(orig, dest): (53, 7)
	(origRegion, destRegion): (1, 0)
	st: 365.13000000000005
	duration: 5.0

	setup duration: 0.0

	vehicle: 4
	vehicleInd: 9
	(orig, dest): (18, 6)
	(origRegion, destRegion): (0, 1)
	st: 428.54
	duration: 5.0


-------------------| COMPL. TIMES |-------------------

Vehicle 0 : 0.0
Vehicle 1 : 0.0
Vehicle 2 : 0.0
Vehicle 3 : 0.0
Vehicle 4 : 655.3499999999999
Vehicle 5 : 0.0
Vehicle 6 : 216.10000000000002
Vehicle 7 : 0.0
Vehicle 8 : 0.0
Vehicle 9 : 0.0
-------------------| STATISTICS |-------------------

    Vehicles used                           : 20.0
    Machines used                           : 66.6667
    Max load (vehicles)                     : 95.3488
    Min load (vehicles)                     : 88.4615
    Mean load (vehicles)                    : 91.9052
    Min completion time                     : 21.61
    Max completion time                     : 65.535
    Mean completion time                    : 43.5725
    Avrg travel time (with vehicle)         : 1.75
    Avrg travel time (only with vehicle)    : 1.5
    Avrg travel time (no vehicle)           : 0.25
    Avrg waiting time (machine travel)      : 0.0
    Avrg waiting time (service)             : 2.8107
    Machines travel times (with vehicle)    : [0.0, 2.0, 1.5]
    Machines travel times (no vehicle)      : [0.0, 0.5, 0.0]
    Max load per vehicle                    : [0.0, 0.0, 0.0, 0.0, 88.4615, 0.0, 95.3488, 0.0, 0.0, 0.0]

----------------------------------------------------

TOTAL: 871.4499999999999

Everything is awesome!
