-------------------| STATISTICS |-------------------

Vehicles used                           : 10.0
Machines used                           : 100.0
Max load (vehicles)                     : 98.4615
Min load (vehicles)                     : 67.3077
Mean load (vehicles)                    : 91.453
Min completion time                     : 10.6824
Max completion time                     : 84.2564
Mean completion time                    : 59.4346
Avrg travel time (with vehicle)         : 1.784
Avrg travel time (only with vehicle)    : 1.386
Avrg travel time (no vehicle)           : 0.3979
Avrg waiting time (machine travel)      : 0.9307
Avrg waiting time (service)             : 5.7969
Machines travel times (with vehicle)    : [2.8402, 0.4734, 4.0008, 0.4063, 1.1992]
Machines travel times (no vehicle)      : [1.1045, 0.1578, 0.7274, 0.0, 0.0]
Max load per vehicle                    : [0.0, 0.0, 0.0, 0.0, 0.0, 0.0, 0.0, 0.0, 0.0, 0.0, 0.0, 0.0, 0.0, 0.0, 0.0, 0.0, 0.0, 0.0, 96.1538, 0.0, 0.0, 0.0, 0.0, 0.0, 0.0, 0.0, 0.0, 98.4615, 0.0, 0.0, 0.0, 0.0, 0.0, 0.0, 0.0, 0.0, 0.0, 0.0, 0.0, 94.8718, 0.0, 0.0, 98.0769, 0.0, 0.0, 0.0, 0.0, 0.0, 0.0, 0.0, 93.8462, 0.0, 0.0, 67.3077, 0.0, 0.0, 0.0, 0.0, 0.0, 0.0]

----------------------------------------------------

TOTAL: 9039.999999999998

Everything is awesome!
