Set parameter WLSAccessID
Set parameter WLSSecret
Set parameter LicenseID to value 2661775
Academic license 2661775 - for non-commercial use only - registered to me___@dcc.ufba.br
Loading line 2: methodType heur
Loading line 3: methodCode mslp
Loading line 4: seed 0
Loading line 5: threads 1
Loading line 6: greedy_service_order random
Loading line 7: outputFlagGrbMSLP 0
Loading line 8: mslpa 60000
Loading line 9: mslpr I
Loading line 10: maxtime 3600
Loading line 11: output ./logs/
Loading line 12: printsol 1
Loading line 13: solverMethod A
Loading line 14: alpha 0.05 # selected from preliminary experiments
Instance: lr105_t1_10R_10V_04F_03M

[07:24:47.668] Running Data.readData with file /dados/rmelo/PDPTW-SE/benchmark_multi_floor_v3/official_experiments/multistartlp/official/set_01_pt_01/../../../../instances/orig_ams_fg/10R_10V_04F_04M/t1/lr105/
vehicles: Vehicle[Vehicle(0, 34), Vehicle(1, 43), Vehicle(2, 52), Vehicle(3, 52), Vehicle(4, 43), Vehicle(5, 52), Vehicle(6, 52), Vehicle(7, 34), Vehicle(8, 43), Vehicle(9, 34)]
vehicle_types: Vehicle[Vehicle(0, 34), Vehicle(1, 43), Vehicle(2, 52)]
Machine[Machine(0, Point[Point(34, 39, 0), Point(34, 39, 1), Point(34, 39, 2), Point(34, 39, 3)], 0.2), Machine(1, Point[Point(36, 39, 0), Point(36, 39, 1), Point(36, 39, 2), Point(36, 39, 3)], 0.2), Machine(2, Point[Point(32, 39, 0), Point(32, 39, 1), Point(32, 39, 2), Point(32, 39, 3)], 0.2)]
refs: [1, 2, 3, 4, 5, 6, 7, 8, 10, 11, 12, 14, 19, 9, 17, 13, 20, 21, 16, 18, 15, 1]
V: [1, 2, 3, 4, 5, 6, 7, 8, 9, 10, 11, 12, 13, 14, 15, 16, 17, 18, 19, 20, 21]
V_p: [2, 3, 4, 5, 6, 7, 8, 9, 10, 11]
V_d: [12, 13, 14, 15, 16, 17, 18, 19, 20, 21]
Vprime: [1, 2, 3, 4, 5, 6, 7, 8, 9, 10, 11, 12, 13, 14, 15, 16, 17, 18, 19, 20, 21, 22]
V: [1, 2, 3, 4, 5, 6, 7, 8, 9, 10, 11, 12, 13, 14, 15, 16, 17, 18, 19, 20, 21]
q: [0, 7, 13, 26, 16, 19, 20, 8, 2, 11, 18, -7, -13, -26, -16, -19, -20, -8, -2, -11, -18, 0]
H: [1, 2, 3]
f: [[1, 1, 1], [1, 1, 1], [4, 4, 4], [3, 3, 3], [4, 4, 4], [1, 1, 1], [3, 3, 3], [1, 1, 1], [1, 1, 1], [4, 4, 4], [2, 2, 2], [4, 4, 4], [4, 4, 4], [4, 4, 4], [1, 1, 1], [2, 2, 2], [2, 2, 2], [4, 4, 4], [4, 4, 4], [2, 2, 2], [1, 1, 1], [1, 1, 1]]
1 1 1 -> 0.0
1 2 1 -> 5.0
1 3 1 -> 10.0
1 4 1 -> 15.0
2 1 1 -> 5.0
2 2 1 -> 0.0
2 3 1 -> 5.0
2 4 1 -> 10.0
3 1 1 -> 10.0
3 2 1 -> 5.0
3 3 1 -> 0.0
3 4 1 -> 5.0
4 1 1 -> 15.0
4 2 1 -> 10.0
4 3 1 -> 5.0
4 4 1 -> 0.0
1 1 2 -> 0.0
1 2 2 -> 5.0
1 3 2 -> 10.0
1 4 2 -> 15.0
2 1 2 -> 5.0
2 2 2 -> 0.0
2 3 2 -> 5.0
2 4 2 -> 10.0
3 1 2 -> 10.0
3 2 2 -> 5.0
3 3 2 -> 0.0
3 4 2 -> 5.0
4 1 2 -> 15.0
4 2 2 -> 10.0
4 3 2 -> 5.0
4 4 2 -> 0.0
1 1 3 -> 0.0
1 2 3 -> 5.0
1 3 3 -> 10.0
1 4 3 -> 15.0
2 1 3 -> 5.0
2 2 3 -> 0.0
2 3 3 -> 5.0
2 4 3 -> 10.0
3 1 3 -> 10.0
3 2 3 -> 5.0
3 3 3 -> 0.0
3 4 3 -> 5.0
4 1 3 -> 15.0
4 2 3 -> 10.0
4 3 3 -> 5.0
4 4 3 -> 0.0
o: (1, 2, 3) => 5.0
o: (3, 1, 3) => 10.0
o: (3, 2, 3) => 5.0
o: (2, 1, 1) => 5.0
o: (1, 3, 2) => 10.0
o: (1, 4, 2) => 15.0
o: (2, 2, 1) => 0.0
o: (3, 3, 2) => 0.0
o: (3, 4, 2) => 5.0
o: (4, 3, 3) => 5.0
o: (4, 4, 3) => 0.0
o: (1, 3, 1) => 10.0
o: (1, 1, 2) => 0.0
o: (1, 4, 1) => 15.0
o: (3, 3, 1) => 0.0
o: (1, 2, 2) => 5.0
o: (3, 1, 2) => 10.0
o: (3, 4, 1) => 5.0
o: (4, 1, 3) => 15.0
o: (3, 2, 2) => 5.0
o: (4, 2, 3) => 10.0
o: (1, 1, 1) => 0.0
o: (2, 3, 3) => 5.0
o: (2, 4, 3) => 10.0
o: (4, 3, 2) => 5.0
o: (1, 2, 1) => 5.0
o: (3, 1, 1) => 10.0
o: (4, 4, 2) => 0.0
o: (3, 2, 1) => 5.0
o: (2, 1, 3) => 5.0
o: (4, 3, 1) => 5.0
o: (4, 1, 2) => 15.0
o: (4, 4, 1) => 0.0
o: (2, 2, 3) => 0.0
o: (4, 2, 2) => 10.0
o: (2, 3, 2) => 5.0
o: (2, 4, 2) => 10.0
o: (1, 3, 3) => 10.0
o: (1, 4, 3) => 15.0
o: (4, 1, 1) => 15.0
o: (3, 3, 3) => 0.0
o: (3, 4, 3) => 5.0
o: (4, 2, 1) => 10.0
o: (2, 3, 1) => 5.0
o: (2, 1, 2) => 5.0
o: (2, 4, 1) => 10.0
o: (1, 1, 3) => 0.0
o: (2, 2, 2) => 0.0

[79, 360, 350, 316, 306, 321, 297, 16]
JOBS in the order of refs (Vprime)
Node 1: Job(0, Point(35, 35, 0), 0, 0, 266, 0, 0, 0)
Node 2: Job(2, Point(35, 17, 0), 7, 40, 70, 10, 0, 57)
Node 3: Job(3, Point(55, 45, 3), 13, 106, 136, 10, 0, 80)
Node 4: Job(5, Point(15, 30, 2), 26, 24, 54, 10, 0, 16)
Node 5: Job(9, Point(55, 60, 3), 16, 87, 117, 10, 0, 66)
Node 6: Job(12, Point(50, 35, 0), 19, 53, 83, 10, 0, 29)
Node 7: Job(14, Point(15, 10, 2), 20, 39, 69, 10, 0, 86)
Node 8: Job(15, Point(30, 5, 0), 8, 51, 81, 10, 0, 87)
Node 9: Job(17, Point(5, 30, 0), 2, 147, 177, 10, 0, 60)
Node 10: Job(21, Point(45, 20, 3), 11, 52, 82, 10, 0, 75)
Node 11: Job(22, Point(45, 10, 1), 18, 87, 117, 10, 0, 58)
Node 12: Job(57, Point(32, 12, 3), -7, 91, 121, 10, 2, 0)
Node 13: Job(80, Point(56, 37, 3), -13, 168, 198, 10, 3, 0)
Node 14: Job(16, Point(10, 20, 3), -26, 68, 98, 10, 5, 0)
Node 15: Job(66, Point(49, 73, 0), -16, 147, 177, 10, 9, 0)
Node 16: Job(29, Point(64, 42, 1), -19, 81, 111, 10, 12, 0)
Node 17: Job(86, Point(4, 18, 1), -20, 123, 153, 10, 14, 0)
Node 18: Job(87, Point(28, 18, 3), -8, 103, 133, 10, 15, 0)
Node 19: Job(60, Point(17, 34, 3), -2, 191, 221, 10, 17, 0)
Node 20: Job(75, Point(49, 11, 1), -11, 114, 144, 10, 21, 0)
Node 21: Job(58, Point(36, 26, 0), -18, 180, 210, 10, 22, 0)
Node 22: Job(0, Point(35, 35, 0), 0, 0, 266, 0, 0, 0)

### Preprocessing Data ###
	-> arcs: 484 (100.0%)
	-> arc_removals: 451 (93.18%)
	-> arc_removals_is_loop: 22 (4.55%)
	-> arc_removals_is_delivery_to_pickup: 12 (2.48%)
	-> arc_removals_is_depot_begin_to_delivery: 10 (2.07%)
	-> arc_removals_is_pickup_to_depot_end: 10 (2.07%)
	-> arc_removals_is_dest_depot_begin: 20 (4.13%)
	-> arc_removals_is_orig_depot_end: 19 (3.93%)
	-> arc_removals_is_capacity_violated: 0 (0.0%)
	-> arc_removals_is_time_window_limited: 266 (54.96%)
	-> arc_removals_is_time_window_pairing_limited: 92 (19.01%)
	-> arc_removals_is_indirect_request_service_impossible: 0 (0.0%)
	-> gamma_vars: 0 (0%)
	-> feas_gamma_vars: 0 (0%)
	-> infeas_gamma_vars_is_next_mtrv_unreachable: 0 (0%)
	-> infeas_gamma_vars_is_iprime_jprime_eq_i_j: 0 (0%)
	-> machine_removal_for_an_arc: 0 (0.0%)
##########################

[07:24:57.712] Print configuration
------------------------------------------------------
"
[07:24:57.712] Running Multi Start Heuristic"
> Experiment started at 2025-10-15T07:24:57.712
> Instance: lr105_t1_10R_10V_04F_03M
> Algorithm Parameters:


	>Stop params:
		>  - rule ITERATIONS
		>  - argument 60000.0
		>  - maximum_time 3600

	>General params:
		>  - instPath /dados/rmelo/PDPTW-SE/benchmark_multi_floor_v3/official_experiments/multistartlp/official/set_01_pt_01/../../../../instances/orig_ams_fg/10R_10V_04F_04M/t1/lr105/
		>  - name lr105
		>  - type t1
		>  - group 10R_10V_04F_03M
		>  - fullname lr105_t1_10R_10V_04F_03M
		>  - methodType heur
		>  - methodCode mslp
		>  - genconfigfile /dados/rmelo/PDPTW-SE/benchmark_multi_floor_v3/official_experiments/multistartlp/official/set_01_pt_01/configs/genconfig_mslp.conf
		>  - genconfigfilename genconfig_mslp
		>  - greedy_service_order random
		>  - cutoff 0
		>  - cutoffmachs 3
		>  - num_machs 0
		>  - solver Gurobi
		>  - maxtime 3600
		>  - gurobiCuts 1
		>  - typeUserCut 0
		>  - mipPresolve -1
		>  - printsol 1
		>  - maxnodes -1
		>  - elevator 1
		>  - make_instance_feasible false
		>  - output /dados/rmelo/PDPTW-SE/benchmark_multi_floor_v3/official_experiments/multistartlp/official/set_01_pt_01/logs
		>  - suff_outputs _seed_75
		>  - suff_csv _bash_4
		>  - epsilon 0.005
		>  - epsilonCap 0.5
		>  - warmStart false
		>  - seed 75
		>  - rng Random.MersenneTwister(75)
		>  - alpha 0.05
		>  - maxiter 1000000
		>  - outputFlagGrbMIP 0
		>  - outputFlagGrbMSLP 0
		>  - outputFlagGrbLMNS 0
		>  - mslpr I
		>  - mslpa 60000
		>  - lmnsr M
		>  - lmnsa 60
		>  - lmnsRepairTime 30.0
		>  - lmnsMIPFocus 0
		>  - lmnsGapToBiggerDestruction 50
		>  - lmnsGapToSmallerDestruction 95
		>  - lmnsWeightShawDistProx 1.0
		>  - lmnsWeightShawEarlProx 1.0
		>  - lmnsWeightShawSameRoute 1.0
		>  - lmnsWeightShawDemandSim 1.0
		>  - lmnsReqRApplyMIPStart true
		>  - lmnsAcceptanceCriteria H
		>  - lmnsMetropolisTemp 100.0
		>  - lmnsSimulatedAnnealingTemp 100.0
		>  - lmnsSimulatedAnnealingCool 0.95
		>  - mipmaxtime 3600
		>  - csvfilename /dados/rmelo/PDPTW-SE/benchmark_multi_floor_v3/official_experiments/multistartlp/official/set_01_pt_01/logs/heur_mslp/outputs/csvresults_heur_mslp_bash_4.csv
		>  - solfilename /dados/rmelo/PDPTW-SE/benchmark_multi_floor_v3/official_experiments/multistartlp/official/set_01_pt_01/logs/heur_mslp/solutions/10R_10V_04F_03M/lr105_sol_genconfig_mslp_seed_75.txt
		>  - timelineFilename /dados/rmelo/PDPTW-SE/benchmark_multi_floor_v3/official_experiments/multistartlp/official/set_01_pt_01/logs/heur_mslp/timelines/10R_10V_04F_03M/lr105_timeline_genconfig_mslp_seed_75.txt
		>  - grbFilename /dados/rmelo/PDPTW-SE/benchmark_multi_floor_v3/official_experiments/multistartlp/official/set_01_pt_01/logs/heur_mslp/gurobi/10R_10V_04F_03M/lr105_grb_genconfig_mslp_seed_75.log
		>  - threads 1
		>  - solverMethod AUTOMATIC

------------------------------------------------------

[07:24:57.82] Starting running MSLP
objValue;greedysol;iteration;time
1645.71;1984.77;1;0.003110
1616.06;1956.94;36;0.343199
1611.78;1958.71;509;0.466572
1598.16;1960.64;547;0.475631
1597.58;1949.49;2002;0.866111
1593.58;1965.04;6586;1.995453
1592.96;1951.34;26068;6.890920

[07:25:14.276] Finished running MSLP
System CPU time: 0.94 seconds

[07:25:14.348] Post running MSLP
Best solution value: 1592.96
Total time elapsed: 15.532718
Time to best: 6.890920
Iterations: 60000
Iterations to best: 26068
Improvements: 7
Infeasible solutions percentage: (58412 / 60000) = 97.3533 %
(LP improvements)/(LP runs) = 1588/1588 = 100.0000 %
Mean LP improvement percentage: 16.5156 %
[07:25:14.608] Writing results to CSV file: /dados/rmelo/PDPTW-SE/benchmark_multi_floor_v3/official_experiments/multistartlp/official/set_01_pt_01/logs/heur_mslp/outputs/csvresults_heur_mslp_bash_4.csv

[07:25:16.996] Saving solution to file:/dados/rmelo/PDPTW-SE/benchmark_multi_floor_v3/official_experiments/multistartlp/official/set_01_pt_01/logs/heur_mslp/solutions/10R_10V_04F_03M/lr105_sol_genconfig_mslp_seed_75.txt

[07:25:16.996] Saving solution timeline to file: /dados/rmelo/PDPTW-SE/benchmark_multi_floor_v3/official_experiments/multistartlp/official/set_01_pt_01/logs/heur_mslp/timelines/10R_10V_04F_03M/lr105_timeline_genconfig_mslp_seed_75.txt
---------------------| VEHICLES |---------------------

Vehicle 0 :
	id: 0
		node: 1
		(x, y, z): (35, 35, 0)
		dem: 0
		earl: 0
		lat: 266
		servt: 0
		pid: 0
		did: 0
		servST: 116.59
		(h, h_ind): (-1, 0)
		load: 0.0

	Finished service at time: 116.59

	Task 0 -> Task 17: 30.41
	Vehicle arrival at task: 147.0
	Waiting time until service start time: 0.0

	id: 17
		node: 9
		(x, y, z): (5, 30, 0)
		dem: 2
		earl: 147
		lat: 177
		servt: 10
		pid: 0
		did: 60
		servST: 147.0
		(h, h_ind): (-1, 0)
		load: 2.0

	Finished service at time: 157.0

	Using Machine: 2
		Task 17 -> Machine 2 (Station 1): 28.46
		Vehicle arrival at machine station: 185.46
		Waiting time until machine travel: 0.0

		Machine travel start time: 185.46
		Region 0 -> Region 3: 15.0
		Machine arrival at machine station: 200.46

		Machine 2 (Station 4)-> Task 60: 15.81
		Vehicle arrival at task: 216.27
		Waiting time until service start time: 0.0

	id: 60
		node: 19
		(x, y, z): (17, 34, 3)
		dem: -2
		earl: 191
		lat: 221
		servt: 10
		pid: 17
		did: 0
		servST: 216.27
		(h, h_ind): (2, 7)
		load: 0.0

	Finished service at time: 226.27

	Using Machine: 2
		Task 60 -> Machine 2 (Station 4): 15.81
		Vehicle arrival at machine station: 242.08
		Waiting time until machine travel: 0.0

		Machine travel start time: 242.08
		Region 3 -> Region 0: 15.0
		Machine arrival at machine station: 257.08000000000004

		Machine 2 (Station 1)-> Task 0: 5.0
		Vehicle arrival at task: 262.08000000000004
		Waiting time until service start time: 0.0

	id: 0
		node: 22
		(x, y, z): (35, 35, 0)
		dem: 0
		earl: 0
		lat: 266
		servt: 0
		pid: 0
		did: 0
		servST: 262.08000000000004
		(h, h_ind): (2, 8)
		load: 0.0


Vehicle 1 :
	id: 0
		node: 1
		(x, y, z): (35, 35, 0)
		dem: 0
		earl: 0
		lat: 266
		servt: 0
		pid: 0
		did: 0
		servST: 38.0
		(h, h_ind): (-1, 0)
		load: 0.0

	Finished service at time: 38.0

	Task 0 -> Task 12: 15.0
	Vehicle arrival at task: 53.0
	Waiting time until service start time: 0.0

	id: 12
		node: 6
		(x, y, z): (50, 35, 0)
		dem: 19
		earl: 53
		lat: 83
		servt: 10
		pid: 0
		did: 29
		servST: 53.0
		(h, h_ind): (-1, 0)
		load: 19.0

	Finished service at time: 63.0

	Using Machine: 1
		Task 12 -> Machine 1 (Station 1): 14.56
		Vehicle arrival at machine station: 77.56
		Waiting time until machine travel: 0.0

		Machine travel start time: 77.56
		Region 0 -> Region 1: 5.0
		Machine arrival at machine station: 82.56

		Machine 1 (Station 2)-> Task 29: 28.16
		Vehicle arrival at task: 110.72
		Waiting time until service start time: 0.0

	id: 29
		node: 16
		(x, y, z): (64, 42, 1)
		dem: -19
		earl: 81
		lat: 111
		servt: 10
		pid: 12
		did: 0
		servST: 110.72
		(h, h_ind): (1, 3)
		load: 0.0

	Finished service at time: 120.72

	Using Machine: 1
		Task 29 -> Machine 1 (Station 2): 28.16
		Vehicle arrival at machine station: 148.88
		Waiting time until machine travel: 0.0

		Machine travel start time: 148.88
		Region 1 -> Region 0: 5.0
		Machine arrival at machine station: 153.88

		Machine 1 (Station 1)-> Task 0: 4.12
		Vehicle arrival at task: 158.0
		Waiting time until service start time: 0.0

	id: 0
		node: 22
		(x, y, z): (35, 35, 0)
		dem: 0
		earl: 0
		lat: 266
		servt: 0
		pid: 0
		did: 0
		servST: 158.0
		(h, h_ind): (1, 6)
		load: 0.0


Vehicle 2 :
	id: 0
		node: 1
		(x, y, z): (35, 35, 0)
		dem: 0
		earl: 0
		lat: 266
		servt: 0
		pid: 0
		did: 0
		servST: 21.40000000000001
		(h, h_ind): (-1, 0)
		load: 0.0

	Finished service at time: 21.40000000000001

	Using Machine: 1
		Task 0 -> Machine 1 (Station 1): 4.12
		Vehicle arrival at machine station: 25.52000000000001
		Waiting time until machine travel: 0.0

		Machine travel start time: 25.52000000000001
		Region 0 -> Region 3: 15.0
		Machine arrival at machine station: 40.52000000000001

		Machine 1 (Station 4)-> Task 21: 21.02
		Vehicle arrival at task: 61.540000000000006
		Waiting time until service start time: 0.0

	id: 21
		node: 10
		(x, y, z): (45, 20, 3)
		dem: 11
		earl: 52
		lat: 82
		servt: 10
		pid: 0
		did: 75
		servST: 61.540000000000006
		(h, h_ind): (1, 1)
		load: 11.0

	Finished service at time: 71.54

	Using Machine: 1
		Task 21 -> Machine 1 (Station 4): 21.02
		Vehicle arrival at machine station: 92.56
		Waiting time until machine travel: 0.0

		Machine travel start time: 92.56
		Region 3 -> Region 1: 10.0
		Machine arrival at machine station: 102.56

		Machine 1 (Station 2)-> Task 75: 30.87
		Vehicle arrival at task: 133.43
		Waiting time until service start time: 0.0

	id: 75
		node: 20
		(x, y, z): (49, 11, 1)
		dem: -11
		earl: 114
		lat: 144
		servt: 10
		pid: 21
		did: 0
		servST: 133.43
		(h, h_ind): (1, 4)
		load: 0.0

	Finished service at time: 143.43

	Using Machine: 1
		Task 75 -> Machine 1 (Station 2): 30.87
		Vehicle arrival at machine station: 174.3
		Waiting time until machine travel: 0.0

		Machine travel start time: 174.3
		Region 1 -> Region 0: 5.0
		Machine arrival at machine station: 179.3

		Machine 1 (Station 1)-> Task 0: 4.12
		Vehicle arrival at task: 183.42000000000002
		Waiting time until service start time: 0.0

	id: 0
		node: 22
		(x, y, z): (35, 35, 0)
		dem: 0
		earl: 0
		lat: 266
		servt: 0
		pid: 0
		did: 0
		servST: 183.42000000000002
		(h, h_ind): (1, 7)
		load: 0.0


Vehicle 3 :
	id: 0
		node: 1
		(x, y, z): (35, 35, 0)
		dem: 0
		earl: 0
		lat: 266
		servt: 0
		pid: 0
		did: 0
		servST: 22.150000000000002
		(h, h_ind): (-1, 0)
		load: 0.0

	Finished service at time: 22.150000000000002

	Task 0 -> Task 15: 30.41
	Vehicle arrival at task: 52.56
	Waiting time until service start time: 0.0

	id: 15
		node: 8
		(x, y, z): (30, 5, 0)
		dem: 8
		earl: 51
		lat: 81
		servt: 10
		pid: 0
		did: 87
		servST: 52.56
		(h, h_ind): (-1, 0)
		load: 8.0

	Finished service at time: 62.56

	Using Machine: 2
		Task 15 -> Machine 2 (Station 1): 34.06
		Vehicle arrival at machine station: 96.62
		Waiting time until machine travel: 0.0

		Machine travel start time: 96.62
		Region 0 -> Region 3: 15.0
		Machine arrival at machine station: 111.62

		Machine 2 (Station 4)-> Task 87: 21.38
		Vehicle arrival at task: 133.0
		Waiting time until service start time: 0.0

	id: 87
		node: 18
		(x, y, z): (28, 18, 3)
		dem: -8
		earl: 103
		lat: 133
		servt: 10
		pid: 15
		did: 0
		servST: 133.0
		(h, h_ind): (2, 4)
		load: 0.0

	Finished service at time: 143.0

	Using Machine: 2
		Task 87 -> Machine 2 (Station 4): 21.38
		Vehicle arrival at machine station: 164.38
		Waiting time until machine travel: 2.24

		Machine travel start time: 166.61999999999998
		Region 3 -> Region 0: 15.0
		Machine arrival at machine station: 181.61999999999998

		Machine 2 (Station 1)-> Task 0: 5.0
		Vehicle arrival at task: 186.61999999999998
		Waiting time until service start time: 0.0

	id: 0
		node: 22
		(x, y, z): (35, 35, 0)
		dem: 0
		earl: 0
		lat: 266
		servt: 0
		pid: 0
		did: 0
		servST: 186.61999999999998
		(h, h_ind): (2, 6)
		load: 0.0


Vehicle 4 :
	id: 0
		node: 1
		(x, y, z): (35, 35, 0)
		dem: 0
		earl: 0
		lat: 266
		servt: 0
		pid: 0
		did: 0
		servST: 0.0
		(h, h_ind): (-1, 0)
		load: 0.0

	Finished service at time: 0.0

	Using Machine: 2
		Task 0 -> Machine 2 (Station 1): 5.0
		Vehicle arrival at machine station: 5.0
		Waiting time until machine travel: 0.0

		Machine travel start time: 5.0
		Region 0 -> Region 2: 10.0
		Machine arrival at machine station: 15.0

		Machine 2 (Station 3)-> Task 5: 19.24
		Vehicle arrival at task: 34.239999999999995
		Waiting time until service start time: 0.0

	id: 5
		node: 4
		(x, y, z): (15, 30, 2)
		dem: 26
		earl: 24
		lat: 54
		servt: 10
		pid: 0
		did: 16
		servST: 34.239999999999995
		(h, h_ind): (2, 1)
		load: 26.0

	Finished service at time: 44.239999999999995

	Using Machine: 2
		Task 5 -> Machine 2 (Station 3): 19.24
		Vehicle arrival at machine station: 63.47999999999999
		Waiting time until machine travel: 0.0

		Machine travel start time: 63.47999999999999
		Region 2 -> Region 3: 5.0
		Machine arrival at machine station: 68.47999999999999

		Machine 2 (Station 4)-> Task 16: 29.07
		Vehicle arrival at task: 97.54999999999998
		Waiting time until service start time: 0.0

	id: 16
		node: 14
		(x, y, z): (10, 20, 3)
		dem: -26
		earl: 68
		lat: 98
		servt: 10
		pid: 5
		did: 0
		servST: 97.54999999999998
		(h, h_ind): (2, 3)
		load: 0.0

	Finished service at time: 107.54999999999998

	Using Machine: 2
		Task 16 -> Machine 2 (Station 4): 29.07
		Vehicle arrival at machine station: 136.61999999999998
		Waiting time until machine travel: 0.0

		Machine travel start time: 136.61999999999998
		Region 3 -> Region 0: 15.0
		Machine arrival at machine station: 151.61999999999998

		Machine 2 (Station 1)-> Task 0: 5.0
		Vehicle arrival at task: 156.61999999999998
		Waiting time until service start time: 0.0

	id: 0
		node: 22
		(x, y, z): (35, 35, 0)
		dem: 0
		earl: 0
		lat: 266
		servt: 0
		pid: 0
		did: 0
		servST: 156.61999999999998
		(h, h_ind): (2, 5)
		load: 0.0


Vehicle 5 :
	id: 0
		node: 1
		(x, y, z): (35, 35, 0)
		dem: 0
		earl: 0
		lat: 266
		servt: 0
		pid: 0
		did: 0
		servST: 44.81000000000001
		(h, h_ind): (-1, 0)
		load: 0.0

	Finished service at time: 44.81000000000001

	Using Machine: 0
		Task 0 -> Machine 0 (Station 1): 4.12
		Vehicle arrival at machine station: 48.93000000000001
		Waiting time until machine travel: 0.0

		Machine travel start time: 48.93000000000001
		Region 0 -> Region 3: 15.0
		Machine arrival at machine station: 63.93000000000001

		Machine 0 (Station 4)-> Task 3: 21.84
		Vehicle arrival at task: 85.77000000000001
		Waiting time until service start time: 50.23

	id: 3
		node: 3
		(x, y, z): (55, 45, 3)
		dem: 13
		earl: 106
		lat: 136
		servt: 10
		pid: 0
		did: 80
		servST: 136.0
		(h, h_ind): (0, 2)
		load: 13.0

	Finished service at time: 146.0

	Task 3 -> Task 80: 8.06
	Vehicle arrival at task: 154.06
	Waiting time until service start time: 13.94

	id: 80
		node: 13
		(x, y, z): (56, 37, 3)
		dem: -13
		earl: 168
		lat: 198
		servt: 10
		pid: 3
		did: 0
		servST: 168.0
		(h, h_ind): (-1, 0)
		load: 0.0

	Finished service at time: 178.0

	Using Machine: 1
		Task 80 -> Machine 1 (Station 4): 20.1
		Vehicle arrival at machine station: 198.1
		Waiting time until machine travel: 0.0

		Machine travel start time: 198.1
		Region 3 -> Region 0: 15.0
		Machine arrival at machine station: 213.1

		Machine 1 (Station 1)-> Task 0: 4.12
		Vehicle arrival at task: 217.22
		Waiting time until service start time: 0.0

	id: 0
		node: 22
		(x, y, z): (35, 35, 0)
		dem: 0
		earl: 0
		lat: 266
		servt: 0
		pid: 0
		did: 0
		servST: 217.22
		(h, h_ind): (1, 8)
		load: 0.0


Vehicle 6 :
	id: 0
		node: 1
		(x, y, z): (35, 35, 0)
		dem: 0
		earl: 0
		lat: 266
		servt: 0
		pid: 0
		did: 0
		servST: 28.909999999999997
		(h, h_ind): (-1, 0)
		load: 0.0

	Finished service at time: 28.909999999999997

	Task 0 -> Task 2: 18.0
	Vehicle arrival at task: 46.91
	Waiting time until service start time: 0.0

	id: 2
		node: 2
		(x, y, z): (35, 17, 0)
		dem: 7
		earl: 40
		lat: 70
		servt: 10
		pid: 0
		did: 57
		servST: 46.91
		(h, h_ind): (-1, 0)
		load: 7.0

	Finished service at time: 56.91

	Using Machine: 0
		Task 2 -> Machine 0 (Station 1): 22.02
		Vehicle arrival at machine station: 78.92999999999999
		Waiting time until machine travel: 0.0

		Machine travel start time: 78.93
		Region 0 -> Region 3: 15.0
		Machine arrival at machine station: 93.93

		Machine 0 (Station 4)-> Task 57: 27.07
		Vehicle arrival at task: 121.0
		Waiting time until service start time: 0.0

	id: 57
		node: 12
		(x, y, z): (32, 12, 3)
		dem: -7
		earl: 91
		lat: 121
		servt: 10
		pid: 2
		did: 0
		servST: 121.0
		(h, h_ind): (0, 3)
		load: 0.0

	Finished service at time: 131.0

	Using Machine: 0
		Task 57 -> Machine 0 (Station 4): 27.07
		Vehicle arrival at machine station: 158.07
		Waiting time until machine travel: 0.0

		Machine travel start time: 158.07
		Region 3 -> Region 0: 15.0
		Machine arrival at machine station: 173.07

		Machine 0 (Station 1)-> Task 0: 4.12
		Vehicle arrival at task: 177.19
		Waiting time until service start time: 0.0

	id: 0
		node: 22
		(x, y, z): (35, 35, 0)
		dem: 0
		earl: 0
		lat: 266
		servt: 0
		pid: 0
		did: 0
		servST: 177.19
		(h, h_ind): (0, 6)
		load: 0.0


Vehicle 7 :
	id: 0
		node: 1
		(x, y, z): (35, 35, 0)
		dem: 0
		earl: 0
		lat: 266
		servt: 0
		pid: 0
		did: 0
		servST: 57.57
		(h, h_ind): (-1, 0)
		load: 0.0

	Finished service at time: 57.57

	Using Machine: 1
		Task 0 -> Machine 1 (Station 1): 4.12
		Vehicle arrival at machine station: 61.69
		Waiting time until machine travel: 0.0

		Machine travel start time: 61.69
		Region 0 -> Region 1: 5.0
		Machine arrival at machine station: 66.69

		Machine 1 (Station 2)-> Task 22: 30.36
		Vehicle arrival at task: 97.05
		Waiting time until service start time: 0.0

	id: 22
		node: 11
		(x, y, z): (45, 10, 1)
		dem: 18
		earl: 87
		lat: 117
		servt: 10
		pid: 0
		did: 58
		servST: 97.05
		(h, h_ind): (1, 2)
		load: 18.0

	Finished service at time: 107.05

	Using Machine: 0
		Task 22 -> Machine 0 (Station 2): 31.02
		Vehicle arrival at machine station: 138.07
		Waiting time until machine travel: 0.0

		Machine travel start time: 138.07
		Region 1 -> Region 0: 5.0
		Machine arrival at machine station: 143.07

		Machine 0 (Station 1)-> Task 58: 13.15
		Vehicle arrival at task: 156.22
		Waiting time until service start time: 23.78

	id: 58
		node: 21
		(x, y, z): (36, 26, 0)
		dem: -18
		earl: 180
		lat: 210
		servt: 10
		pid: 22
		did: 0
		servST: 180.0
		(h, h_ind): (0, 5)
		load: 0.0

	Finished service at time: 190.0

	Task 58 -> Task 0: 9.06
	Vehicle arrival at task: 199.06
	Waiting time until service start time: 0.0

	id: 0
		node: 22
		(x, y, z): (35, 35, 0)
		dem: 0
		earl: 0
		lat: 266
		servt: 0
		pid: 0
		did: 0
		servST: 199.06
		(h, h_ind): (-1, 0)
		load: 0.0


Vehicle 8 :
	id: 0
		node: 1
		(x, y, z): (35, 35, 0)
		dem: 0
		earl: 0
		lat: 266
		servt: 0
		pid: 0
		did: 0
		servST: 35.86
		(h, h_ind): (-1, 0)
		load: 0.0

	Finished service at time: 35.86

	Using Machine: 2
		Task 0 -> Machine 2 (Station 1): 5.0
		Vehicle arrival at machine station: 40.86
		Waiting time until machine travel: 0.0

		Machine travel start time: 40.86
		Region 0 -> Region 3: 15.0
		Machine arrival at machine station: 55.86

		Machine 2 (Station 4)-> Task 9: 31.14
		Vehicle arrival at task: 87.0
		Waiting time until service start time: 0.0

	id: 9
		node: 5
		(x, y, z): (55, 60, 3)
		dem: 16
		earl: 87
		lat: 117
		servt: 10
		pid: 0
		did: 66
		servST: 87.0
		(h, h_ind): (2, 2)
		load: 16.0

	Finished service at time: 97.0

	Using Machine: 1
		Task 9 -> Machine 1 (Station 4): 28.32
		Vehicle arrival at machine station: 125.32
		Waiting time until machine travel: 0.0

		Machine travel start time: 125.32
		Region 3 -> Region 0: 15.0
		Machine arrival at machine station: 140.32

		Machine 1 (Station 1)-> Task 66: 36.4
		Vehicle arrival at task: 176.72
		Waiting time until service start time: 0.0

	id: 66
		node: 15
		(x, y, z): (49, 73, 0)
		dem: -16
		earl: 147
		lat: 177
		servt: 10
		pid: 9
		did: 0
		servST: 176.72
		(h, h_ind): (1, 5)
		load: 0.0

	Finished service at time: 186.72

	Task 66 -> Task 0: 40.5
	Vehicle arrival at task: 227.22
	Waiting time until service start time: 0.0

	id: 0
		node: 22
		(x, y, z): (35, 35, 0)
		dem: 0
		earl: 0
		lat: 266
		servt: 0
		pid: 0
		did: 0
		servST: 227.22
		(h, h_ind): (-1, 0)
		load: 0.0


Vehicle 9 :
	id: 0
		node: 1
		(x, y, z): (35, 35, 0)
		dem: 0
		earl: 0
		lat: 266
		servt: 0
		pid: 0
		did: 0
		servST: 5.470000000000003
		(h, h_ind): (-1, 0)
		load: 0.0

	Finished service at time: 5.470000000000003

	Using Machine: 0
		Task 0 -> Machine 0 (Station 1): 4.12
		Vehicle arrival at machine station: 9.590000000000003
		Waiting time until machine travel: 0.0

		Machine travel start time: 9.590000000000003
		Region 0 -> Region 2: 10.0
		Machine arrival at machine station: 19.590000000000003

		Machine 0 (Station 3)-> Task 14: 34.67
		Vehicle arrival at task: 54.260000000000005
		Waiting time until service start time: 0.0

	id: 14
		node: 7
		(x, y, z): (15, 10, 2)
		dem: 20
		earl: 39
		lat: 69
		servt: 10
		pid: 0
		did: 86
		servST: 54.260000000000005
		(h, h_ind): (0, 1)
		load: 20.0

	Finished service at time: 64.26

	Using Machine: 0
		Task 14 -> Machine 0 (Station 3): 34.67
		Vehicle arrival at machine station: 98.93
		Waiting time until machine travel: 0.0

		Machine travel start time: 98.93
		Region 2 -> Region 1: 5.0
		Machine arrival at machine station: 103.93

		Machine 0 (Station 2)-> Task 86: 36.62
		Vehicle arrival at task: 140.55
		Waiting time until service start time: 0.0

	id: 86
		node: 17
		(x, y, z): (4, 18, 1)
		dem: -20
		earl: 123
		lat: 153
		servt: 10
		pid: 14
		did: 0
		servST: 140.55
		(h, h_ind): (0, 4)
		load: 0.0

	Finished service at time: 150.55

	Using Machine: 0
		Task 86 -> Machine 0 (Station 2): 36.62
		Vehicle arrival at machine station: 187.17000000000002
		Waiting time until machine travel: 0.0

		Machine travel start time: 187.17000000000002
		Region 1 -> Region 0: 5.0
		Machine arrival at machine station: 192.17000000000002

		Machine 0 (Station 1)-> Task 0: 4.12
		Vehicle arrival at task: 196.29000000000002
		Waiting time until service start time: 0.0

	id: 0
		node: 22
		(x, y, z): (35, 35, 0)
		dem: 0
		earl: 0
		lat: 266
		servt: 0
		pid: 0
		did: 0
		servST: 196.29000000000002
		(h, h_ind): (0, 7)
		load: 0.0


---------------------| MACHINES |---------------------

Machine 0 :
	setup duration: 0.0

	vehicle: 9
	vehicleInd: 2
	(orig, dest): (0, 14)
	(origRegion, destRegion): (0, 2)
	st: 9.590000000000003
	duration: 10.0

	setup duration: 10.0

	vehicle: 5
	vehicleInd: 2
	(orig, dest): (0, 3)
	(origRegion, destRegion): (0, 3)
	st: 48.93000000000001
	duration: 15.0

	setup duration: 15.0

	vehicle: 6
	vehicleInd: 3
	(orig, dest): (2, 57)
	(origRegion, destRegion): (0, 3)
	st: 78.93
	duration: 15.0

	setup duration: 5.0

	vehicle: 9
	vehicleInd: 3
	(orig, dest): (14, 86)
	(origRegion, destRegion): (2, 1)
	st: 98.93
	duration: 5.0

	setup duration: 0.0

	vehicle: 7
	vehicleInd: 3
	(orig, dest): (22, 58)
	(origRegion, destRegion): (1, 0)
	st: 138.07
	duration: 5.0

	setup duration: 15.0

	vehicle: 6
	vehicleInd: 4
	(orig, dest): (57, 0)
	(origRegion, destRegion): (3, 0)
	st: 158.07
	duration: 15.0

	setup duration: 5.0

	vehicle: 9
	vehicleInd: 4
	(orig, dest): (86, 0)
	(origRegion, destRegion): (1, 0)
	st: 187.17000000000002
	duration: 5.0


Machine 1 :
	setup duration: 0.0

	vehicle: 2
	vehicleInd: 2
	(orig, dest): (0, 21)
	(origRegion, destRegion): (0, 3)
	st: 25.52000000000001
	duration: 15.0

	setup duration: 15.0

	vehicle: 7
	vehicleInd: 2
	(orig, dest): (0, 22)
	(origRegion, destRegion): (0, 1)
	st: 61.69
	duration: 5.0

	setup duration: 5.0

	vehicle: 1
	vehicleInd: 3
	(orig, dest): (12, 29)
	(origRegion, destRegion): (0, 1)
	st: 77.56
	duration: 5.0

	setup duration: 10.0

	vehicle: 2
	vehicleInd: 3
	(orig, dest): (21, 75)
	(origRegion, destRegion): (3, 1)
	st: 92.56
	duration: 10.0

	setup duration: 10.0

	vehicle: 8
	vehicleInd: 3
	(orig, dest): (9, 66)
	(origRegion, destRegion): (3, 0)
	st: 125.32
	duration: 15.0

	setup duration: 5.0

	vehicle: 1
	vehicleInd: 4
	(orig, dest): (29, 0)
	(origRegion, destRegion): (1, 0)
	st: 148.88
	duration: 5.0

	setup duration: 5.0

	vehicle: 2
	vehicleInd: 4
	(orig, dest): (75, 0)
	(origRegion, destRegion): (1, 0)
	st: 174.3
	duration: 5.0

	setup duration: 15.0

	vehicle: 5
	vehicleInd: 4
	(orig, dest): (80, 0)
	(origRegion, destRegion): (3, 0)
	st: 198.1
	duration: 15.0


Machine 2 :
	setup duration: 0.0

	vehicle: 4
	vehicleInd: 2
	(orig, dest): (0, 5)
	(origRegion, destRegion): (0, 2)
	st: 5.0
	duration: 10.0

	setup duration: 10.0

	vehicle: 8
	vehicleInd: 2
	(orig, dest): (0, 9)
	(origRegion, destRegion): (0, 3)
	st: 40.86
	duration: 15.0

	setup duration: 5.0

	vehicle: 4
	vehicleInd: 3
	(orig, dest): (5, 16)
	(origRegion, destRegion): (2, 3)
	st: 63.47999999999999
	duration: 5.0

	setup duration: 15.0

	vehicle: 3
	vehicleInd: 3
	(orig, dest): (15, 87)
	(origRegion, destRegion): (0, 3)
	st: 96.62
	duration: 15.0

	setup duration: 0.0

	vehicle: 4
	vehicleInd: 4
	(orig, dest): (16, 0)
	(origRegion, destRegion): (3, 0)
	st: 136.61999999999998
	duration: 15.0

	setup duration: 15.0

	vehicle: 3
	vehicleInd: 4
	(orig, dest): (87, 0)
	(origRegion, destRegion): (3, 0)
	st: 166.61999999999998
	duration: 15.0

	setup duration: 0.0

	vehicle: 0
	vehicleInd: 3
	(orig, dest): (17, 60)
	(origRegion, destRegion): (0, 3)
	st: 185.46
	duration: 15.0

	setup duration: 0.0

	vehicle: 0
	vehicleInd: 4
	(orig, dest): (60, 0)
	(origRegion, destRegion): (3, 0)
	st: 242.08
	duration: 15.0


-------------------| COMPL. TIMES |-------------------

Vehicle 0 : 145.49000000000004
Vehicle 1 : 120.0
Vehicle 2 : 162.02
Vehicle 3 : 164.46999999999997
Vehicle 4 : 156.61999999999998
Vehicle 5 : 172.41
Vehicle 6 : 148.28
Vehicle 7 : 141.49
Vehicle 8 : 191.36
Vehicle 9 : 190.82000000000002
-------------------| STATISTICS |-------------------

    Vehicles used                           : 100.0
    Machines used                           : 100.0
    Max load (vehicles)                     : 60.4651
    Min load (vehicles)                     : 5.8824
    Mean load (vehicles)                    : 33.4508
    Min completion time                     : 45.1128
    Max completion time                     : 71.9398
    Mean completion time                    : 59.8857
    Avrg travel time (with vehicle)         : 51.3784
    Avrg travel time (only with vehicle)    : 31.3283
    Avrg travel time (no vehicle)           : 20.0501
    Avrg waiting time (machine travel)      : 0.1362
    Avrg waiting time (service)             : 4.0246
    Machines travel times (with vehicle)    : [45.1128, 52.6316, 56.391]
    Machines travel times (no vehicle)      : [18.797, 24.4361, 16.9173]
    Max load per vehicle                    : [5.8824, 44.186, 21.1538, 15.3846, 60.4651, 25.0, 13.4615, 52.9412, 37.2093, 58.8235]

----------------------------------------------------

TOTAL: 1592.9599999999998

Everything is awesome!
