Set parameter WLSAccessID
Set parameter WLSSecret
Set parameter LicenseID to value 2661775
Academic license 2661775 - for non-commercial use only - registered to me___@dcc.ufba.br
Loading line 2: methodType heur
Loading line 3: methodCode mslp
Loading line 4: seed 0
Loading line 5: threads 1
Loading line 6: greedy_service_order random
Loading line 7: outputFlagGrbMSLP 0
Loading line 8: mslpa 60000
Loading line 9: mslpr I
Loading line 10: maxtime 3600
Loading line 11: output ./logs/
Loading line 12: printsol 1
Loading line 13: solverMethod A
Loading line 14: alpha 0.05 # selected from preliminary experiments
Instance: lr204_t2_08R_08V_04I_03M

[17:31:17.553] Running Data.readData with file /dados/rmelo/PDPTW-SE/benchmark_multi_island_v5/official_experiments/multistartlp/official/set_01_pt_01/../../../../instances/orig_ams_fg/08R_08V_04I_04M/t2/lr204/
vehicles: Vehicle[Vehicle(0, 26), Vehicle(1, 32), Vehicle(2, 38), Vehicle(3, 26), Vehicle(4, 32), Vehicle(5, 38), Vehicle(6, 38), Vehicle(7, 26)]
vehicle_types: Vehicle[Vehicle(0, 26), Vehicle(1, 32), Vehicle(2, 38)]
Machine[Machine(0, Point[Point(32, 36, 0), Point(51, 37, 1), Point(28, 7, 2), Point(44, 18, 3)], 1.0), Machine(1, Point[Point(34, 38, 0), Point(50, 38, 1), Point(27, 8, 2), Point(44, 17, 3)], 1.0), Machine(2, Point[Point(31, 36, 0), Point(51, 38, 1), Point(26, 9, 2), Point(43, 17, 3)], 1.0)]
refs: [1, 3, 4, 5, 7, 8, 9, 10, 11, 13, 2, 12, 17, 14, 6, 16, 15, 1]
V: [1, 2, 3, 4, 5, 6, 7, 8, 9, 10, 11, 12, 13, 14, 15, 16, 17]
V_p: [2, 3, 4, 5, 6, 7, 8, 9]
V_d: [10, 11, 12, 13, 14, 15, 16, 17]
Vprime: [1, 2, 3, 4, 5, 6, 7, 8, 9, 10, 11, 12, 13, 14, 15, 16, 17, 18]
V: [1, 2, 3, 4, 5, 6, 7, 8, 9, 10, 11, 12, 13, 14, 15, 16, 17]
q: [0, 5, 9, 16, 12, 19, 8, 19, 2, -5, -9, -16, -12, -19, -8, -19, -2, 0]
H: [1, 2, 3]
f: [[1, 1, 1], [1, 1, 1], [1, 1, 1], [2, 2, 2], [1, 1, 1], [2, 2, 2], [3, 3, 3], [3, 3, 3], [3, 3, 3], [1, 1, 1], [2, 2, 2], [4, 4, 4], [4, 4, 4], [2, 2, 2], [1, 1, 1], [3, 3, 3], [1, 1, 1], [1, 1, 1]]
1 1 1 -> 0.0
1 2 1 -> 19.03
1 3 1 -> 29.27
1 4 1 -> 21.63
2 1 1 -> 19.03
2 2 1 -> 0.0
2 3 1 -> 37.8
2 4 1 -> 20.25
3 1 1 -> 29.27
3 2 1 -> 37.8
3 3 1 -> 0.0
3 4 1 -> 19.42
4 1 1 -> 21.63
4 2 1 -> 20.25
4 3 1 -> 19.42
4 4 1 -> 0.0
1 1 2 -> 0.0
1 2 2 -> 16.0
1 3 2 -> 30.81
1 4 2 -> 23.26
2 1 2 -> 16.0
2 2 2 -> 0.0
2 3 2 -> 37.8
2 4 2 -> 21.84
3 1 2 -> 30.81
3 2 2 -> 37.8
3 3 2 -> 0.0
3 4 2 -> 19.24
4 1 2 -> 23.26
4 2 2 -> 21.84
4 3 2 -> 19.24
4 4 2 -> 0.0
1 1 3 -> 0.0
1 2 3 -> 20.1
1 3 3 -> 27.46
1 4 3 -> 22.47
2 1 3 -> 20.1
2 2 3 -> 0.0
2 3 3 -> 38.29
2 4 3 -> 22.47
3 1 3 -> 27.46
3 2 3 -> 38.29
3 3 3 -> 0.0
3 4 3 -> 18.79
4 1 3 -> 22.47
4 2 3 -> 22.47
4 3 3 -> 18.79
4 4 3 -> 0.0
o: (1, 2, 3) => 20.1
o: (3, 1, 3) => 27.46
o: (3, 2, 3) => 38.29
o: (2, 1, 1) => 19.03
o: (1, 3, 2) => 30.81
o: (1, 4, 2) => 23.26
o: (2, 2, 1) => 0.0
o: (3, 3, 2) => 0.0
o: (3, 4, 2) => 19.24
o: (4, 3, 3) => 18.79
o: (4, 4, 3) => 0.0
o: (1, 3, 1) => 29.27
o: (1, 1, 2) => 0.0
o: (1, 4, 1) => 21.63
o: (3, 3, 1) => 0.0
o: (1, 2, 2) => 16.0
o: (3, 1, 2) => 30.81
o: (3, 4, 1) => 19.42
o: (4, 1, 3) => 22.47
o: (3, 2, 2) => 37.8
o: (4, 2, 3) => 22.47
o: (1, 1, 1) => 0.0
o: (2, 3, 3) => 38.29
o: (2, 4, 3) => 22.47
o: (4, 3, 2) => 19.24
o: (1, 2, 1) => 19.03
o: (3, 1, 1) => 29.27
o: (4, 4, 2) => 0.0
o: (3, 2, 1) => 37.8
o: (2, 1, 3) => 20.1
o: (4, 3, 1) => 19.42
o: (4, 1, 2) => 23.26
o: (4, 4, 1) => 0.0
o: (2, 2, 3) => 0.0
o: (4, 2, 2) => 21.84
o: (2, 3, 2) => 37.8
o: (2, 4, 2) => 21.84
o: (1, 3, 3) => 27.46
o: (1, 4, 3) => 22.47
o: (4, 1, 1) => 21.63
o: (3, 3, 3) => 0.0
o: (3, 4, 3) => 18.79
o: (4, 2, 1) => 20.25
o: (2, 3, 1) => 37.8
o: (2, 1, 2) => 16.0
o: (2, 4, 1) => 20.25
o: (1, 1, 3) => 0.0
o: (2, 2, 2) => 0.0

[58, 1109, 1099, 1045, 1035, 1073, 1078, 40]
JOBS in the order of refs (Vprime)
Node 1: Job(0, Point(35, 35, 0), 0, 0, 1000, 0, 0, 0)
Node 2: Job(7, Point(20, 50, 0), 5, 0, 968, 10, 0, 31)
Node 3: Job(8, Point(10, 43, 0), 9, 404, 481, 10, 0, 3)
Node 4: Job(9, Point(55, 60, 1), 16, 400, 497, 10, 0, 21)
Node 5: Job(11, Point(20, 65, 0), 12, 206, 325, 10, 0, 67)
Node 6: Job(12, Point(50, 35, 1), 19, 0, 975, 10, 0, 35)
Node 7: Job(15, Point(30, 5, 2), 8, 175, 300, 10, 0, 10)
Node 8: Job(16, Point(10, 20, 2), 19, 0, 960, 10, 0, 61)
Node 9: Job(17, Point(5, 30, 2), 2, 0, 959, 10, 0, 46)
Node 10: Job(31, Point(31, 52, 0), -5, 0, 972, 10, 7, 0)
Node 11: Job(3, Point(55, 45, 1), -9, 0, 967, 10, 8, 0)
Node 12: Job(21, Point(45, 20, 3), -16, 0, 971, 10, 9, 0)
Node 13: Job(67, Point(67, 5, 3), -12, 294, 401, 10, 11, 0)
Node 14: Job(35, Point(63, 65, 1), -19, 0, 948, 10, 12, 0)
Node 15: Job(10, Point(30, 60, 0), -8, 0, 964, 10, 15, 0)
Node 16: Job(61, Point(12, 24, 2), -19, 0, 964, 10, 16, 0)
Node 17: Job(46, Point(2, 48, 0), -2, 0, 954, 10, 17, 0)
Node 18: Job(0, Point(35, 35, 0), 0, 0, 1000, 0, 0, 0)

### Preprocessing Data ###
	-> arcs: 324 (100.0%)
	-> arc_removals: 93 (28.7%)
	-> arc_removals_is_loop: 18 (5.56%)
	-> arc_removals_is_delivery_to_pickup: 10 (3.09%)
	-> arc_removals_is_depot_begin_to_delivery: 8 (2.47%)
	-> arc_removals_is_pickup_to_depot_end: 8 (2.47%)
	-> arc_removals_is_dest_depot_begin: 16 (4.94%)
	-> arc_removals_is_orig_depot_end: 15 (4.63%)
	-> arc_removals_is_capacity_violated: 0 (0.0%)
	-> arc_removals_is_time_window_limited: 14 (4.32%)
	-> arc_removals_is_time_window_pairing_limited: 2 (0.62%)
	-> arc_removals_is_indirect_request_service_impossible: 2 (0.62%)
	-> gamma_vars: 0 (0%)
	-> feas_gamma_vars: 0 (0%)
	-> infeas_gamma_vars_is_next_mtrv_unreachable: 0 (0%)
	-> infeas_gamma_vars_is_iprime_jprime_eq_i_j: 0 (0%)
	-> machine_removal_for_an_arc: 0 (0.0%)
##########################

[17:31:27.931] Print configuration
------------------------------------------------------
"
[17:31:27.931] Running Multi Start Heuristic"
> Experiment started at 2025-10-14T17:31:27.931
> Instance: lr204_t2_08R_08V_04I_03M
> Algorithm Parameters:


	>Stop params:
		>  - rule ITERATIONS
		>  - argument 60000.0
		>  - maximum_time 3600

	>General params:
		>  - instPath /dados/rmelo/PDPTW-SE/benchmark_multi_island_v5/official_experiments/multistartlp/official/set_01_pt_01/../../../../instances/orig_ams_fg/08R_08V_04I_04M/t2/lr204/
		>  - name lr204
		>  - type t2
		>  - group 08R_08V_04I_03M
		>  - fullname lr204_t2_08R_08V_04I_03M
		>  - methodType heur
		>  - methodCode mslp
		>  - genconfigfile /dados/rmelo/PDPTW-SE/benchmark_multi_island_v5/official_experiments/multistartlp/official/set_01_pt_01/configs/genconfig_mslp.conf
		>  - genconfigfilename genconfig_mslp
		>  - greedy_service_order random
		>  - cutoff 0
		>  - cutoffmachs 3
		>  - num_machs 0
		>  - solver Gurobi
		>  - maxtime 3600
		>  - gurobiCuts 1
		>  - typeUserCut 0
		>  - mipPresolve -1
		>  - printsol 1
		>  - maxnodes -1
		>  - elevator 0
		>  - make_instance_feasible false
		>  - output /dados/rmelo/PDPTW-SE/benchmark_multi_island_v5/official_experiments/multistartlp/official/set_01_pt_01/logs
		>  - suff_outputs _seed_41
		>  - suff_csv _bash_2
		>  - epsilon 0.005
		>  - epsilonCap 0.5
		>  - warmStart false
		>  - seed 41
		>  - rng Random.MersenneTwister(41)
		>  - alpha 0.05
		>  - maxiter 1000000
		>  - outputFlagGrbMIP 0
		>  - outputFlagGrbMSLP 0
		>  - outputFlagGrbLMNS 0
		>  - mslpr I
		>  - mslpa 60000
		>  - lmnsr M
		>  - lmnsa 60
		>  - lmnsRepairTime 30.0
		>  - lmnsMIPFocus 0
		>  - lmnsGapToBiggerDestruction 50
		>  - lmnsGapToSmallerDestruction 95
		>  - lmnsWeightShawDistProx 1.0
		>  - lmnsWeightShawEarlProx 1.0
		>  - lmnsWeightShawSameRoute 1.0
		>  - lmnsWeightShawDemandSim 1.0
		>  - lmnsReqRApplyMIPStart true
		>  - lmnsAcceptanceCriteria H
		>  - lmnsMetropolisTemp 100.0
		>  - lmnsSimulatedAnnealingTemp 100.0
		>  - lmnsSimulatedAnnealingCool 0.95
		>  - mipmaxtime 3600
		>  - csvfilename /dados/rmelo/PDPTW-SE/benchmark_multi_island_v5/official_experiments/multistartlp/official/set_01_pt_01/logs/heur_mslp/outputs/csvresults_heur_mslp_bash_2.csv
		>  - solfilename /dados/rmelo/PDPTW-SE/benchmark_multi_island_v5/official_experiments/multistartlp/official/set_01_pt_01/logs/heur_mslp/solutions/08R_08V_04I_03M/lr204_sol_genconfig_mslp_seed_41.txt
		>  - timelineFilename /dados/rmelo/PDPTW-SE/benchmark_multi_island_v5/official_experiments/multistartlp/official/set_01_pt_01/logs/heur_mslp/timelines/08R_08V_04I_03M/lr204_timeline_genconfig_mslp_seed_41.txt
		>  - grbFilename /dados/rmelo/PDPTW-SE/benchmark_multi_island_v5/official_experiments/multistartlp/official/set_01_pt_01/logs/heur_mslp/gurobi/08R_08V_04I_03M/lr204_grb_genconfig_mslp_seed_41.log
		>  - threads 1
		>  - solverMethod AUTOMATIC

------------------------------------------------------

[17:31:28.043] Starting running MSLP
objValue;greedysol;iteration;time
876.28;891.72;1;0.000000
731.34;1111.63;3;0.301204
725.42;1101.61;2318;6.954013
724.66;1010.22;7236;20.813250
722.77;1010.22;15011;42.697964
722.19;1010.22;17039;48.469023
721.23;964.17;24810;70.292951

[17:34:48.898] Finished running MSLP
System CPU time: 27.50 seconds

[17:34:48.97] Post running MSLP
Best solution value: 721.23
Total time elapsed: 170.480705
Time to best: 70.292951
Iterations: 60000
Iterations to best: 24810
Improvements: 7
Infeasible solutions percentage: (0 / 60000) = 0.0000 %
(LP improvements)/(LP runs) = 59449/60000 = 99.0817 %
Mean LP improvement percentage: 14.1746 %
[17:34:49.223] Writing results to CSV file: /dados/rmelo/PDPTW-SE/benchmark_multi_island_v5/official_experiments/multistartlp/official/set_01_pt_01/logs/heur_mslp/outputs/csvresults_heur_mslp_bash_2.csv

[17:34:51.262] Saving solution to file:/dados/rmelo/PDPTW-SE/benchmark_multi_island_v5/official_experiments/multistartlp/official/set_01_pt_01/logs/heur_mslp/solutions/08R_08V_04I_03M/lr204_sol_genconfig_mslp_seed_41.txt

[17:34:51.262] Saving solution timeline to file: /dados/rmelo/PDPTW-SE/benchmark_multi_island_v5/official_experiments/multistartlp/official/set_01_pt_01/logs/heur_mslp/timelines/08R_08V_04I_03M/lr204_timeline_genconfig_mslp_seed_41.txt
---------------------| VEHICLES |---------------------

Vehicle 5 :
	id: 0
		node: 1
		(x, y, z): (35, 35, 0)
		dem: 0
		earl: 0
		lat: 1000
		servt: 0
		pid: 0
		did: 0
		servST: 70.47999999999999
		(h, h_ind): (-1, 0)
		load: 0.0

	Finished service at time: 70.47999999999999

	Using Machine: 1
		Task 0 -> Machine 1 (Station 1): 3.16
		Vehicle arrival at machine station: 73.63999999999999
		Waiting time until machine travel: 0.0

		Machine travel start time: 73.63999999999999
		Region 0 -> Region 1: 16.0
		Machine arrival at machine station: 89.63999999999999

		Machine 1 (Station 2)-> Task 12: 3.0
		Vehicle arrival at task: 92.63999999999999
		Waiting time until service start time: 0.0

	id: 12
		node: 6
		(x, y, z): (50, 35, 1)
		dem: 19
		earl: 0
		lat: 975
		servt: 10
		pid: 0
		did: 35
		servST: 92.63999999999999
		(h, h_ind): (1, 1)
		load: 19.0

	Finished service at time: 102.63999999999999

	Using Machine: 2
		Task 12 -> Machine 2 (Station 2): 3.16
		Vehicle arrival at machine station: 105.79999999999998
		Waiting time until machine travel: 0.0

		Machine travel start time: 105.79999999999998
		Region 1 -> Region 2: 38.29
		Machine arrival at machine station: 144.08999999999997

		Machine 2 (Station 3)-> Task 16: 19.42
		Vehicle arrival at task: 163.51
		Waiting time until service start time: 0.0

	id: 16
		node: 8
		(x, y, z): (10, 20, 2)
		dem: 19
		earl: 0
		lat: 960
		servt: 10
		pid: 0
		did: 61
		servST: 163.51
		(h, h_ind): (2, 1)
		load: 38.0

	Finished service at time: 173.51

	Task 16 -> Task 61: 4.47
	Vehicle arrival at task: 177.98
	Waiting time until service start time: 0.0

	id: 61
		node: 16
		(x, y, z): (12, 24, 2)
		dem: -19
		earl: 0
		lat: 964
		servt: 10
		pid: 16
		did: 0
		servST: 177.98
		(h, h_ind): (-1, 0)
		load: 19.0

	Finished service at time: 187.98

	Task 61 -> Task 17: 9.22
	Vehicle arrival at task: 197.2
	Waiting time until service start time: 0.0

	id: 17
		node: 9
		(x, y, z): (5, 30, 2)
		dem: 2
		earl: 0
		lat: 959
		servt: 10
		pid: 0
		did: 46
		servST: 197.2
		(h, h_ind): (-1, 0)
		load: 21.0

	Finished service at time: 207.2

	Task 17 -> Task 15: 35.36
	Vehicle arrival at task: 242.56
	Waiting time until service start time: 0.0

	id: 15
		node: 7
		(x, y, z): (30, 5, 2)
		dem: 8
		earl: 175
		lat: 300
		servt: 10
		pid: 0
		did: 10
		servST: 242.56
		(h, h_ind): (-1, 0)
		load: 29.0

	Finished service at time: 252.56

	Using Machine: 0
		Task 15 -> Machine 0 (Station 3): 2.83
		Vehicle arrival at machine station: 255.39000000000001
		Waiting time until machine travel: 0.0

		Machine travel start time: 255.39000000000001
		Region 2 -> Region 0: 29.27
		Machine arrival at machine station: 284.66

		Machine 0 (Station 1)-> Task 7: 18.44
		Vehicle arrival at task: 303.1
		Waiting time until service start time: 0.0

	id: 7
		node: 2
		(x, y, z): (20, 50, 0)
		dem: 5
		earl: 0
		lat: 968
		servt: 10
		pid: 0
		did: 31
		servST: 303.1
		(h, h_ind): (0, 1)
		load: 34.0

	Finished service at time: 313.1

	Task 7 -> Task 10: 14.14
	Vehicle arrival at task: 327.24
	Waiting time until service start time: 0.0

	id: 10
		node: 15
		(x, y, z): (30, 60, 0)
		dem: -8
		earl: 0
		lat: 964
		servt: 10
		pid: 15
		did: 0
		servST: 327.24
		(h, h_ind): (-1, 0)
		load: 26.0

	Finished service at time: 337.24

	Task 10 -> Task 31: 8.06
	Vehicle arrival at task: 345.3
	Waiting time until service start time: 0.0

	id: 31
		node: 10
		(x, y, z): (31, 52, 0)
		dem: -5
		earl: 0
		lat: 972
		servt: 10
		pid: 7
		did: 0
		servST: 345.3
		(h, h_ind): (-1, 0)
		load: 21.0

	Finished service at time: 355.3

	Task 31 -> Task 46: 29.27
	Vehicle arrival at task: 384.57
	Waiting time until service start time: 0.0

	id: 46
		node: 17
		(x, y, z): (2, 48, 0)
		dem: -2
		earl: 0
		lat: 954
		servt: 10
		pid: 17
		did: 0
		servST: 384.57
		(h, h_ind): (-1, 0)
		load: 19.0

	Finished service at time: 394.57

	Task 46 -> Task 8: 9.43
	Vehicle arrival at task: 404.0
	Waiting time until service start time: 0.0

	id: 8
		node: 3
		(x, y, z): (10, 43, 0)
		dem: 9
		earl: 404
		lat: 481
		servt: 10
		pid: 0
		did: 3
		servST: 404.0
		(h, h_ind): (-1, 0)
		load: 28.0

	Finished service at time: 414.0

	Using Machine: 1
		Task 8 -> Machine 1 (Station 1): 24.52
		Vehicle arrival at machine station: 438.52
		Waiting time until machine travel: 0.0

		Machine travel start time: 438.52
		Region 0 -> Region 1: 16.0
		Machine arrival at machine station: 454.52

		Machine 1 (Station 2)-> Task 3: 8.6
		Vehicle arrival at task: 463.12
		Waiting time until service start time: 0.0

	id: 3
		node: 11
		(x, y, z): (55, 45, 1)
		dem: -9
		earl: 0
		lat: 967
		servt: 10
		pid: 8
		did: 0
		servST: 463.12
		(h, h_ind): (1, 2)
		load: 19.0

	Finished service at time: 473.12

	Task 3 -> Task 9: 15.0
	Vehicle arrival at task: 488.12
	Waiting time until service start time: 0.0

	id: 9
		node: 4
		(x, y, z): (55, 60, 1)
		dem: 16
		earl: 400
		lat: 497
		servt: 10
		pid: 0
		did: 21
		servST: 488.12
		(h, h_ind): (-1, 0)
		load: 35.0

	Finished service at time: 498.12

	Task 9 -> Task 35: 9.43
	Vehicle arrival at task: 507.55
	Waiting time until service start time: 0.0

	id: 35
		node: 14
		(x, y, z): (63, 65, 1)
		dem: -19
		earl: 0
		lat: 948
		servt: 10
		pid: 12
		did: 0
		servST: 507.55
		(h, h_ind): (-1, 0)
		load: 16.0

	Finished service at time: 517.55

	Using Machine: 0
		Task 35 -> Machine 0 (Station 2): 30.46
		Vehicle arrival at machine station: 548.01
		Waiting time until machine travel: 0.0

		Machine travel start time: 548.01
		Region 1 -> Region 3: 20.25
		Machine arrival at machine station: 568.26

		Machine 0 (Station 4)-> Task 21: 2.24
		Vehicle arrival at task: 570.5
		Waiting time until service start time: 0.0

	id: 21
		node: 12
		(x, y, z): (45, 20, 3)
		dem: -16
		earl: 0
		lat: 971
		servt: 10
		pid: 9
		did: 0
		servST: 570.5
		(h, h_ind): (0, 4)
		load: 0.0

	Finished service at time: 580.5

	Using Machine: 0
		Task 21 -> Machine 0 (Station 4): 2.24
		Vehicle arrival at machine station: 582.74
		Waiting time until machine travel: 0.0

		Machine travel start time: 582.74
		Region 3 -> Region 0: 21.63
		Machine arrival at machine station: 604.37

		Machine 0 (Station 1)-> Task 0: 3.16
		Vehicle arrival at task: 607.53
		Waiting time until service start time: 0.0

	id: 0
		node: 18
		(x, y, z): (35, 35, 0)
		dem: 0
		earl: 0
		lat: 1000
		servt: 0
		pid: 0
		did: 0
		servST: 607.53
		(h, h_ind): (0, 5)
		load: 0.0


Vehicle 6 :
	id: 0
		node: 1
		(x, y, z): (35, 35, 0)
		dem: 0
		earl: 0
		lat: 1000
		servt: 0
		pid: 0
		did: 0
		servST: 209.74000000000004
		(h, h_ind): (-1, 0)
		load: 0.0

	Finished service at time: 209.74000000000004

	Task 0 -> Task 11: 33.54
	Vehicle arrival at task: 243.28000000000003
	Waiting time until service start time: 0.0

	id: 11
		node: 5
		(x, y, z): (20, 65, 0)
		dem: 12
		earl: 206
		lat: 325
		servt: 10
		pid: 0
		did: 67
		servST: 243.28000000000003
		(h, h_ind): (-1, 0)
		load: 12.0

	Finished service at time: 253.28000000000003

	Using Machine: 0
		Task 11 -> Machine 0 (Station 1): 31.38
		Vehicle arrival at machine station: 284.66
		Waiting time until machine travel: 0.0

		Machine travel start time: 284.66
		Region 0 -> Region 3: 21.63
		Machine arrival at machine station: 306.29

		Machine 0 (Station 4)-> Task 67: 26.42
		Vehicle arrival at task: 332.71000000000004
		Waiting time until service start time: 0.0

	id: 67
		node: 13
		(x, y, z): (67, 5, 3)
		dem: -12
		earl: 294
		lat: 401
		servt: 10
		pid: 11
		did: 0
		servST: 332.71000000000004
		(h, h_ind): (0, 2)
		load: 0.0

	Finished service at time: 342.71000000000004

	Using Machine: 0
		Task 67 -> Machine 0 (Station 4): 26.42
		Vehicle arrival at machine station: 369.13000000000005
		Waiting time until machine travel: 0.0

		Machine travel start time: 369.13000000000005
		Region 3 -> Region 0: 21.63
		Machine arrival at machine station: 390.76000000000005

		Machine 0 (Station 1)-> Task 0: 3.16
		Vehicle arrival at task: 393.9200000000001
		Waiting time until service start time: 0.0

	id: 0
		node: 18
		(x, y, z): (35, 35, 0)
		dem: 0
		earl: 0
		lat: 1000
		servt: 0
		pid: 0
		did: 0
		servST: 393.9200000000001
		(h, h_ind): (0, 3)
		load: 0.0


---------------------| MACHINES |---------------------

Machine 0 :
	setup duration: 29.27

	vehicle: 5
	vehicleInd: 7
	(orig, dest): (15, 7)
	(origRegion, destRegion): (2, 0)
	st: 255.39000000000001
	duration: 29.27

	setup duration: 0.0

	vehicle: 6
	vehicleInd: 3
	(orig, dest): (11, 67)
	(origRegion, destRegion): (0, 3)
	st: 284.66
	duration: 21.63

	setup duration: 0.0

	vehicle: 6
	vehicleInd: 4
	(orig, dest): (67, 0)
	(origRegion, destRegion): (3, 0)
	st: 369.13000000000005
	duration: 21.63

	setup duration: 19.03

	vehicle: 5
	vehicleInd: 15
	(orig, dest): (35, 21)
	(origRegion, destRegion): (1, 3)
	st: 548.01
	duration: 20.25

	setup duration: 0.0

	vehicle: 5
	vehicleInd: 16
	(orig, dest): (21, 0)
	(origRegion, destRegion): (3, 0)
	st: 582.74
	duration: 21.63


Machine 1 :
	setup duration: 0.0

	vehicle: 5
	vehicleInd: 2
	(orig, dest): (0, 12)
	(origRegion, destRegion): (0, 1)
	st: 73.63999999999999
	duration: 16.0

	setup duration: 16.0

	vehicle: 5
	vehicleInd: 12
	(orig, dest): (8, 3)
	(origRegion, destRegion): (0, 1)
	st: 438.52
	duration: 16.0


Machine 2 :
	setup duration: 20.1

	vehicle: 5
	vehicleInd: 3
	(orig, dest): (12, 16)
	(origRegion, destRegion): (1, 2)
	st: 105.79999999999998
	duration: 38.29


-------------------| COMPL. TIMES |-------------------

Vehicle 0 : 0.0
Vehicle 1 : 0.0
Vehicle 2 : 0.0
Vehicle 3 : 0.0
Vehicle 4 : 0.0
Vehicle 5 : 537.05
Vehicle 6 : 184.18000000000004
Vehicle 7 : 0.0
-------------------| STATISTICS |-------------------

    Vehicles used                           : 25.0
    Machines used                           : 100.0
    Max load (vehicles)                     : 100.0
    Min load (vehicles)                     : 31.5789
    Mean load (vehicles)                    : 65.7895
    Min completion time                     : 18.418
    Max completion time                     : 53.705
    Mean completion time                    : 36.0615
    Avrg travel time (with vehicle)         : 8.97
    Avrg travel time (only with vehicle)    : 6.1567
    Avrg travel time (no vehicle)           : 2.8133
    Avrg waiting time (machine travel)      : 0.0
    Avrg waiting time (service)             : 0.0
    Machines travel times (with vehicle)    : [16.271, 4.8, 5.839]
    Machines travel times (no vehicle)      : [4.83, 1.6, 2.01]
    Max load per vehicle                    : [0.0, 0.0, 0.0, 0.0, 0.0, 100.0, 31.5789, 0.0]

----------------------------------------------------

TOTAL: 721.23

Everything is awesome!
