Set parameter WLSAccessID
Set parameter WLSSecret
Set parameter LicenseID to value 2661775
Academic license 2661775 - for non-commercial use only - registered to me___@dcc.ufba.br
Loading line 2: methodType heur
Loading line 3: methodCode mslp
Loading line 4: seed 0
Loading line 5: threads 1
Loading line 6: greedy_service_order random
Loading line 7: outputFlagGrbMSLP 0
Loading line 8: mslpa 60000
Loading line 9: mslpr I
Loading line 10: maxtime 3600
Loading line 11: output ./logs/
Loading line 12: printsol 1
Loading line 13: solverMethod A
Instance: LR2_2_7_t2_40R_40V_04I_06M

[02:01:23.903] Running Data.readData with file /dados/rmelo/PDPTW-SE/benchmark_multi_island_v5/official_experiments/multistartlp/preliminar/set_01_pt_02/../../../../instances/orig_ams_fg/40R_40V_04I_06M/t2/LR2_2_7/
vehicles: Vehicle[Vehicle(0, 52), Vehicle(1, 65), Vehicle(2, 78), Vehicle(3, 52), Vehicle(4, 65), Vehicle(5, 52), Vehicle(6, 52), Vehicle(7, 65), Vehicle(8, 65), Vehicle(9, 65), Vehicle(10, 78), Vehicle(11, 78), Vehicle(12, 65), Vehicle(13, 52), Vehicle(14, 65), Vehicle(15, 52), Vehicle(16, 78), Vehicle(17, 52), Vehicle(18, 65), Vehicle(19, 65), Vehicle(20, 65), Vehicle(21, 78), Vehicle(22, 78), Vehicle(23, 78), Vehicle(24, 65), Vehicle(25, 78), Vehicle(26, 52), Vehicle(27, 65), Vehicle(28, 78), Vehicle(29, 78), Vehicle(30, 65), Vehicle(31, 65), Vehicle(32, 78), Vehicle(33, 65), Vehicle(34, 52), Vehicle(35, 65), Vehicle(36, 65), Vehicle(37, 78), Vehicle(38, 78), Vehicle(39, 65)]
vehicle_types: Vehicle[Vehicle(0, 52), Vehicle(1, 65), Vehicle(2, 78)]
Machine[Machine(0, Point[Point(77, 71, 0), Point(81, 64, 1), Point(60, 36, 2), Point(102, 98, 3)], 1.0), Machine(1, Point[Point(76, 71, 0), Point(82, 64, 1), Point(59, 39, 2), Point(103, 98, 3)], 1.0), Machine(2, Point[Point(75, 71, 0), Point(83, 65, 1), Point(57, 41, 2), Point(104, 97, 3)], 1.0), Machine(3, Point[Point(74, 71, 0), Point(84, 66, 1), Point(56, 43, 2), Point(105, 97, 3)], 1.0), Machine(4, Point[Point(73, 71, 0), Point(86, 66, 1), Point(55, 45, 2), Point(106, 97, 3)], 1.0), Machine(5, Point[Point(73, 70, 0), Point(87, 66, 1), Point(54, 48, 2), Point(107, 96, 3)], 1.0)]
refs: [1, 2, 3, 4, 6, 7, 8, 9, 11, 12, 15, 18, 19, 20, 21, 23, 24, 25, 26, 27, 29, 30, 31, 32, 35, 36, 38, 39, 42, 43, 44, 45, 46, 47, 50, 51, 53, 54, 56, 57, 62, 65, 64, 17, 79, 72, 58, 49, 75, 40, 73, 66, 61, 78, 52, 13, 71, 80, 22, 28, 16, 48, 81, 33, 14, 76, 70, 37, 10, 60, 55, 68, 41, 74, 34, 77, 63, 5, 67, 59, 69, 1]
V: [1, 2, 3, 4, 5, 6, 7, 8, 9, 10, 11, 12, 13, 14, 15, 16, 17, 18, 19, 20, 21, 22, 23, 24, 25, 26, 27, 28, 29, 30, 31, 32, 33, 34, 35, 36, 37, 38, 39, 40, 41, 42, 43, 44, 45, 46, 47, 48, 49, 50, 51, 52, 53, 54, 55, 56, 57, 58, 59, 60, 61, 62, 63, 64, 65, 66, 67, 68, 69, 70, 71, 72, 73, 74, 75, 76, 77, 78, 79, 80, 81]
V_p: [2, 3, 4, 5, 6, 7, 8, 9, 10, 11, 12, 13, 14, 15, 16, 17, 18, 19, 20, 21, 22, 23, 24, 25, 26, 27, 28, 29, 30, 31, 32, 33, 34, 35, 36, 37, 38, 39, 40, 41]
V_d: [42, 43, 44, 45, 46, 47, 48, 49, 50, 51, 52, 53, 54, 55, 56, 57, 58, 59, 60, 61, 62, 63, 64, 65, 66, 67, 68, 69, 70, 71, 72, 73, 74, 75, 76, 77, 78, 79, 80, 81]
Vprime: [1, 2, 3, 4, 5, 6, 7, 8, 9, 10, 11, 12, 13, 14, 15, 16, 17, 18, 19, 20, 21, 22, 23, 24, 25, 26, 27, 28, 29, 30, 31, 32, 33, 34, 35, 36, 37, 38, 39, 40, 41, 42, 43, 44, 45, 46, 47, 48, 49, 50, 51, 52, 53, 54, 55, 56, 57, 58, 59, 60, 61, 62, 63, 64, 65, 66, 67, 68, 69, 70, 71, 72, 73, 74, 75, 76, 77, 78, 79, 80, 81, 82]
V: [1, 2, 3, 4, 5, 6, 7, 8, 9, 10, 11, 12, 13, 14, 15, 16, 17, 18, 19, 20, 21, 22, 23, 24, 25, 26, 27, 28, 29, 30, 31, 32, 33, 34, 35, 36, 37, 38, 39, 40, 41, 42, 43, 44, 45, 46, 47, 48, 49, 50, 51, 52, 53, 54, 55, 56, 57, 58, 59, 60, 61, 62, 63, 64, 65, 66, 67, 68, 69, 70, 71, 72, 73, 74, 75, 76, 77, 78, 79, 80, 81]
q: [0, 7, 20, 14, 27, 22, 13, 8, 13, 9, 22, 19, 5, 8, 13, 13, 21, 12, 11, 13, 12, 24, 8, 20, 15, 6, 15, 20, 22, 26, 10, 9, 13, 16, 19, 17, 12, 9, 9, 29, 39, -7, -20, -14, -27, -22, -13, -8, -13, -9, -22, -19, -5, -8, -13, -13, -21, -12, -11, -13, -12, -24, -8, -20, -15, -6, -15, -20, -22, -26, -10, -9, -13, -16, -19, -17, -12, -9, -9, -29, -39, 0]
H: [1, 2, 3, 4, 5, 6]
f: [[1, 1, 1, 1, 1, 1], [3, 3, 3, 3, 3, 3], [3, 3, 3, 3, 3, 3], [3, 3, 3, 3, 3, 3], [4, 4, 4, 4, 4, 4], [1, 1, 1, 1, 1, 1], [2, 2, 2, 2, 2, 2], [1, 1, 1, 1, 1, 1], [3, 3, 3, 3, 3, 3], [4, 4, 4, 4, 4, 4], [1, 1, 1, 1, 1, 1], [2, 2, 2, 2, 2, 2], [3, 3, 3, 3, 3, 3], [1, 1, 1, 1, 1, 1], [4, 4, 4, 4, 4, 4], [2, 2, 2, 2, 2, 2], [4, 4, 4, 4, 4, 4], [3, 3, 3, 3, 3, 3], [3, 3, 3, 3, 3, 3], [3, 3, 3, 3, 3, 3], [4, 4, 4, 4, 4, 4], [4, 4, 4, 4, 4, 4], [2, 2, 2, 2, 2, 2], [2, 2, 2, 2, 2, 2], [1, 1, 1, 1, 1, 1], [2, 2, 2, 2, 2, 2], [1, 1, 1, 1, 1, 1], [2, 2, 2, 2, 2, 2], [2, 2, 2, 2, 2, 2], [1, 1, 1, 1, 1, 1], [1, 1, 1, 1, 1, 1], [2, 2, 2, 2, 2, 2], [1, 1, 1, 1, 1, 1], [4, 4, 4, 4, 4, 4], [3, 3, 3, 3, 3, 3], [2, 2, 2, 2, 2, 2], [2, 2, 2, 2, 2, 2], [1, 1, 1, 1, 1, 1], [1, 1, 1, 1, 1, 1], [2, 2, 2, 2, 2, 2], [2, 2, 2, 2, 2, 2], [3, 3, 3, 3, 3, 3], [4, 4, 4, 4, 4, 4], [3, 3, 3, 3, 3, 3], [2, 2, 2, 2, 2, 2], [4, 4, 4, 4, 4, 4], [3, 3, 3, 3, 3, 3], [1, 1, 1, 1, 1, 1], [1, 1, 1, 1, 1, 1], [3, 3, 3, 3, 3, 3], [4, 4, 4, 4, 4, 4], [3, 3, 3, 3, 3, 3], [3, 3, 3, 3, 3, 3], [1, 1, 1, 1, 1, 1], [3, 3, 3, 3, 3, 3], [2, 2, 2, 2, 2, 2], [4, 4, 4, 4, 4, 4], [3, 3, 3, 3, 3, 3], [3, 3, 3, 3, 3, 3], [2, 2, 2, 2, 2, 2], [2, 2, 2, 2, 2, 2], [2, 2, 2, 2, 2, 2], [1, 1, 1, 1, 1, 1], [2, 2, 2, 2, 2, 2], [1, 1, 1, 1, 1, 1], [3, 3, 3, 3, 3, 3], [1, 1, 1, 1, 1, 1], [2, 2, 2, 2, 2, 2], [1, 1, 1, 1, 1, 1], [1, 1, 1, 1, 1, 1], [1, 1, 1, 1, 1, 1], [2, 2, 2, 2, 2, 2], [1, 1, 1, 1, 1, 1], [3, 3, 3, 3, 3, 3], [4, 4, 4, 4, 4, 4], [1, 1, 1, 1, 1, 1], [3, 3, 3, 3, 3, 3], [1, 1, 1, 1, 1, 1], [2, 2, 2, 2, 2, 2], [3, 3, 3, 3, 3, 3], [4, 4, 4, 4, 4, 4], [1, 1, 1, 1, 1, 1]]
1 1 1 -> 0.0
1 2 1 -> 8.06
1 3 1 -> 38.91
1 4 1 -> 36.8
2 1 1 -> 8.06
2 2 1 -> 0.0
2 3 1 -> 35.0
2 4 1 -> 39.96
3 1 1 -> 38.91
3 2 1 -> 35.0
3 3 1 -> 0.0
3 4 1 -> 74.89
4 1 1 -> 36.8
4 2 1 -> 39.96
4 3 1 -> 74.89
4 4 1 -> 0.0
1 1 2 -> 0.0
1 2 2 -> 9.22
1 3 2 -> 36.24
1 4 2 -> 38.18
2 1 2 -> 9.22
2 2 2 -> 0.0
2 3 2 -> 33.97
2 4 2 -> 39.96
3 1 2 -> 36.24
3 2 2 -> 33.97
3 3 2 -> 0.0
3 4 2 -> 73.6
4 1 2 -> 38.18
4 2 2 -> 39.96
4 3 2 -> 73.6
4 4 2 -> 0.0
1 1 3 -> 0.0
1 2 3 -> 10.0
1 3 3 -> 34.99
1 4 3 -> 38.95
2 1 3 -> 10.0
2 2 3 -> 0.0
2 3 3 -> 35.38
2 4 3 -> 38.28
3 1 3 -> 34.99
3 2 3 -> 35.38
3 3 3 -> 0.0
3 4 3 -> 73.11
4 1 3 -> 38.95
4 2 3 -> 38.28
4 3 3 -> 73.11
4 4 3 -> 0.0
1 1 4 -> 0.0
1 2 4 -> 11.18
1 3 4 -> 33.29
1 4 4 -> 40.46
2 1 4 -> 11.18
2 2 4 -> 0.0
2 3 4 -> 36.24
2 4 4 -> 37.44
3 1 4 -> 33.29
3 2 4 -> 36.24
3 3 4 -> 0.0
3 4 4 -> 72.92
4 1 4 -> 40.46
4 2 4 -> 37.44
4 3 4 -> 72.92
4 4 4 -> 0.0
1 1 5 -> 0.0
1 2 5 -> 13.93
1 3 5 -> 31.62
1 4 5 -> 42.01
2 1 5 -> 13.93
2 2 5 -> 0.0
2 3 5 -> 37.44
2 4 5 -> 36.89
3 1 5 -> 31.62
3 2 5 -> 37.44
3 3 5 -> 0.0
3 4 5 -> 72.84
4 1 5 -> 42.01
4 2 5 -> 36.89
4 3 5 -> 72.84
4 4 5 -> 0.0
1 1 6 -> 0.0
1 2 6 -> 14.56
1 3 6 -> 29.07
1 4 6 -> 42.8
2 1 6 -> 14.56
2 2 6 -> 0.0
2 3 6 -> 37.59
2 4 6 -> 36.06
3 1 6 -> 29.07
3 2 6 -> 37.59
3 3 6 -> 0.0
3 4 6 -> 71.51
4 1 6 -> 42.8
4 2 6 -> 36.06
4 3 6 -> 71.51
4 4 6 -> 0.0
o: (1, 2, 3) => 10.0
o: (3, 1, 3) => 34.99
o: (1, 3, 5) => 31.62
o: (3, 2, 4) => 36.24
o: (1, 4, 5) => 42.01
o: (4, 3, 6) => 71.51
o: (4, 4, 6) => 0.0
o: (3, 2, 3) => 35.38
o: (3, 3, 5) => 0.0
o: (2, 1, 1) => 8.06
o: (3, 4, 5) => 72.84
o: (1, 3, 2) => 36.24
o: (1, 4, 2) => 38.18
o: (4, 3, 4) => 72.92
o: (2, 2, 1) => 0.0
o: (4, 4, 4) => 0.0
o: (3, 3, 2) => 0.0
o: (3, 4, 2) => 73.6
o: (4, 3, 3) => 73.11
o: (4, 4, 3) => 0.0
o: (1, 1, 5) => 0.0
o: (4, 1, 6) => 42.8
o: (1, 2, 5) => 13.93
o: (3, 1, 5) => 31.62
o: (1, 3, 1) => 38.91
o: (4, 2, 6) => 36.06
o: (1, 1, 2) => 0.0
o: (1, 4, 1) => 36.8
o: (2, 3, 6) => 37.59
o: (4, 1, 4) => 40.46
o: (3, 2, 5) => 37.44
o: (2, 4, 6) => 36.06
o: (3, 3, 1) => 0.0
o: (1, 2, 2) => 9.22
o: (3, 1, 2) => 36.24
o: (3, 4, 1) => 74.89
o: (4, 1, 3) => 38.95
o: (4, 2, 4) => 37.44
o: (3, 2, 2) => 33.97
o: (2, 3, 4) => 36.24
o: (4, 2, 3) => 38.28
o: (2, 4, 4) => 37.44
o: (4, 3, 5) => 72.84
o: (4, 4, 5) => 0.0
o: (1, 1, 1) => 0.0
o: (2, 3, 3) => 35.38
o: (2, 4, 3) => 38.28
o: (2, 1, 6) => 14.56
o: (4, 3, 2) => 73.6
o: (1, 2, 1) => 8.06
o: (3, 1, 1) => 38.91
o: (4, 4, 2) => 0.0
o: (2, 2, 6) => 0.0
o: (3, 2, 1) => 35.0
o: (2, 1, 4) => 11.18
o: (4, 1, 5) => 42.01
o: (2, 1, 3) => 10.0
o: (2, 2, 4) => 0.0
o: (4, 2, 5) => 36.89
o: (4, 3, 1) => 74.89
o: (1, 3, 6) => 29.07
o: (4, 1, 2) => 38.18
o: (4, 4, 1) => 0.0
o: (2, 2, 3) => 0.0
o: (2, 3, 5) => 37.44
o: (1, 4, 6) => 42.8
o: (2, 4, 5) => 36.89
o: (3, 3, 6) => 0.0
o: (4, 2, 2) => 39.96
o: (3, 4, 6) => 71.51
o: (1, 3, 4) => 33.29
o: (2, 3, 2) => 33.97
o: (1, 4, 4) => 40.46
o: (2, 4, 2) => 39.96
o: (1, 3, 3) => 34.99
o: (3, 3, 4) => 0.0
o: (1, 4, 3) => 38.95
o: (3, 4, 4) => 72.92
o: (4, 1, 1) => 36.8
o: (1, 1, 6) => 0.0
o: (2, 1, 5) => 13.93
o: (3, 3, 3) => 0.0
o: (3, 4, 3) => 73.11
o: (4, 2, 1) => 39.96
o: (1, 2, 6) => 14.56
o: (3, 1, 6) => 29.07
o: (2, 2, 5) => 0.0
o: (2, 3, 1) => 35.0
o: (1, 1, 4) => 0.0
o: (2, 1, 2) => 9.22
o: (2, 4, 1) => 39.96
o: (3, 2, 6) => 37.59
o: (1, 1, 3) => 0.0
o: (1, 2, 4) => 11.18
o: (2, 2, 2) => 0.0
o: (3, 1, 4) => 33.29

[118, 2732, 2722, 2643, 2633, 2708, 2686, 76]
JOBS in the order of refs (Vprime)
Node 1: Job(0, Point(70, 70, 0), 0, 0, 2535, 0, 0, 0)
Node 2: Job(2, Point(26, 50, 2), 7, 1490, 1730, 10, 0, 108)
Node 3: Job(3, Point(30, 57, 2), 20, 0, 2483, 10, 0, 95)
Node 4: Job(4, Point(29, 60, 2), 14, 0, 2483, 10, 0, 20)
Node 5: Job(6, Point(137, 137, 3), 27, 339, 579, 10, 0, 191)
Node 6: Job(8, Point(78, 111, 0), 22, 47, 287, 10, 0, 136)
Node 7: Job(9, Point(107, 25, 1), 13, 1035, 1275, 10, 0, 82)
Node 8: Job(10, Point(17, 138, 0), 8, 1670, 1910, 10, 0, 73)
Node 9: Job(12, Point(20, 69, 2), 13, 0, 2475, 10, 0, 164)
Node 10: Job(13, Point(121, 123, 3), 9, 0, 2452, 10, 0, 52)
Node 11: Job(18, Point(79, 72, 0), 22, 0, 2516, 10, 0, 138)
Node 12: Job(23, Point(78, 63, 1), 19, 0, 2515, 10, 0, 110)
Node 13: Job(25, Point(37, 79, 2), 5, 0, 2491, 10, 0, 87)
Node 14: Job(26, Point(64, 132, 0), 8, 170, 410, 10, 0, 173)
Node 15: Job(27, Point(133, 130, 3), 13, 0, 2438, 10, 0, 76)
Node 16: Job(31, Point(140, 42, 1), 13, 0, 2450, 10, 0, 15)
Node 17: Job(32, Point(121, 124, 3), 21, 539, 779, 10, 0, 127)
Node 18: Job(33, Point(42, 29, 2), 12, 0, 2476, 10, 0, 192)
Node 19: Job(35, Point(32, 6, 2), 11, 320, 560, 10, 0, 30)
Node 20: Job(36, Point(41, 36, 2), 13, 146, 386, 10, 0, 37)
Node 21: Job(38, Point(107, 102, 3), 12, 0, 2477, 10, 0, 19)
Node 22: Job(40, Point(132, 133, 3), 24, 0, 2437, 10, 0, 72)
Node 23: Job(41, Point(81, 57, 1), 8, 17, 257, 10, 0, 198)
Node 24: Job(42, Point(120, 52, 1), 20, 0, 2472, 10, 0, 43)
Node 25: Job(45, Point(82, 103, 0), 15, 0, 2490, 10, 0, 16)
Node 26: Job(47, Point(90, 44, 1), 6, 149, 389, 10, 0, 165)
Node 27: Job(50, Point(64, 138, 0), 15, 0, 2457, 10, 0, 124)
Node 28: Job(51, Point(98, 4, 1), 20, 0, 2454, 10, 0, 49)
Node 29: Job(56, Point(86, 40, 1), 22, 0, 2491, 10, 0, 11)
Node 30: Job(58, Point(59, 115, 0), 26, 1195, 1435, 10, 0, 86)
Node 31: Job(64, Point(37, 125, 0), 10, 0, 2461, 10, 0, 79)
Node 32: Job(65, Point(99, 34, 1), 9, 243, 483, 10, 0, 120)
Node 33: Job(66, Point(38, 122, 0), 13, 876, 1116, 10, 0, 55)
Node 34: Job(68, Point(109, 131, 3), 16, 0, 2453, 10, 0, 158)
Node 35: Job(74, Point(48, 47, 2), 19, 31, 271, 10, 0, 44)
Node 36: Job(75, Point(104, 73, 1), 17, 0, 2491, 10, 0, 169)
Node 37: Job(77, Point(103, 44, 1), 12, 0, 2483, 10, 0, 94)
Node 38: Job(78, Point(73, 96, 0), 9, 604, 844, 10, 0, 5)
Node 39: Job(80, Point(71, 70, 0), 9, 0, 2524, 10, 0, 119)
Node 40: Job(81, Point(83, 12, 1), 29, 0, 2466, 10, 0, 83)
Node 41: Job(88, Point(120, 22, 1), 39, 396, 636, 10, 0, 122)
Node 42: Job(108, Point(15, 18, 2), -7, 1540, 1780, 10, 2, 0)
Node 43: Job(95, Point(114, 109, 3), -20, 249, 489, 10, 3, 0)
Node 44: Job(20, Point(8, 87, 2), -14, 1545, 1785, 10, 4, 0)
Node 45: Job(191, Point(125, 68, 1), -27, 708, 948, 10, 6, 0)
Node 46: Job(136, Point(92, 138, 3), -22, 0, 2454, 10, 8, 0)
Node 47: Job(82, Point(36, 54, 2), -13, 1428, 1668, 10, 9, 0)
Node 48: Job(73, Point(39, 100, 0), -8, 0, 2482, 10, 10, 0)
Node 49: Job(164, Point(65, 80, 0), -13, 0, 2514, 10, 12, 0)
Node 50: Job(52, Point(61, 34, 2), -9, 1830, 2070, 10, 13, 0)
Node 51: Job(138, Point(100, 99, 3), -22, 1136, 1376, 10, 18, 0)
Node 52: Job(110, Point(16, 62, 2), -19, 1524, 1764, 10, 23, 0)
Node 53: Job(87, Point(34, 72, 2), -5, 0, 2489, 10, 25, 0)
Node 54: Job(173, Point(67, 120, 0), -8, 1375, 1615, 10, 26, 0)
Node 55: Job(76, Point(9, 19, 2), -13, 1431, 1671, 10, 27, 0)
Node 56: Job(15, Point(137, 7, 1), -13, 0, 2434, 10, 31, 0)
Node 57: Job(127, Point(138, 105, 3), -21, 0, 2449, 10, 32, 0)
Node 58: Job(192, Point(44, 36, 2), -12, 131, 371, 10, 33, 0)
Node 59: Job(30, Point(10, 86, 2), -11, 0, 2463, 10, 35, 0)
Node 60: Job(37, Point(106, 10, 1), -13, 1135, 1375, 10, 36, 0)
Node 61: Job(19, Point(104, 32, 1), -12, 0, 2475, 10, 38, 0)
Node 62: Job(72, Point(88, 29, 1), -24, 0, 2481, 10, 40, 0)
Node 63: Job(198, Point(8, 138, 0), -8, 1105, 1345, 10, 41, 0)
Node 64: Job(43, Point(113, 32, 1), -20, 0, 2468, 10, 42, 0)
Node 65: Job(16, Point(50, 106, 0), -15, 1221, 1461, 10, 45, 0)
Node 66: Job(165, Point(28, 62, 2), -6, 0, 2483, 10, 47, 0)
Node 67: Job(124, Point(85, 111, 0), -15, 952, 1192, 10, 50, 0)
Node 68: Job(49, Point(89, 24, 1), -20, 0, 2476, 10, 51, 0)
Node 69: Job(11, Point(37, 138, 0), -22, 0, 2450, 10, 56, 0)
Node 70: Job(86, Point(67, 96, 0), -26, 1908, 2148, 10, 58, 0)
Node 71: Job(79, Point(44, 116, 0), -10, 0, 2473, 10, 64, 0)
Node 72: Job(120, Point(92, 22, 1), -9, 0, 2473, 10, 65, 0)
Node 73: Job(55, Point(84, 88, 0), -13, 1365, 1605, 10, 66, 0)
Node 74: Job(158, Point(54, 41, 2), -16, 1065, 1305, 10, 68, 0)
Node 75: Job(44, Point(137, 101, 3), -19, 617, 857, 10, 74, 0)
Node 76: Job(169, Point(51, 92, 0), -17, 1731, 1971, 10, 75, 0)
Node 77: Job(94, Point(34, 20, 2), -12, 0, 2464, 10, 77, 0)
Node 78: Job(5, Point(69, 116, 0), -9, 0, 2479, 10, 78, 0)
Node 79: Job(119, Point(120, 60, 1), -9, 156, 396, 10, 80, 0)
Node 80: Job(83, Point(16, 92, 2), -29, 0, 2467, 10, 81, 0)
Node 81: Job(122, Point(117, 92, 3), -39, 0, 2474, 10, 88, 0)
Node 82: Job(0, Point(70, 70, 0), 0, 0, 2535, 0, 0, 0)

### Preprocessing Data ###
	-> arcs: 6724 (100.0%)
	-> arc_removals: 1526 (22.69%)
	-> arc_removals_is_loop: 82 (1.22%)
	-> arc_removals_is_delivery_to_pickup: 42 (0.62%)
	-> arc_removals_is_depot_begin_to_delivery: 40 (0.59%)
	-> arc_removals_is_pickup_to_depot_end: 40 (0.59%)
	-> arc_removals_is_dest_depot_begin: 80 (1.19%)
	-> arc_removals_is_orig_depot_end: 79 (1.17%)
	-> arc_removals_is_capacity_violated: 0 (0.0%)
	-> arc_removals_is_time_window_limited: 870 (12.94%)
	-> arc_removals_is_time_window_pairing_limited: 235 (3.49%)
	-> arc_removals_is_indirect_request_service_impossible: 58 (0.86%)
	-> gamma_vars: 0 (0%)
	-> feas_gamma_vars: 0 (0%)
	-> infeas_gamma_vars_is_next_mtrv_unreachable: 0 (0%)
	-> infeas_gamma_vars_is_iprime_jprime_eq_i_j: 0 (0%)
	-> machine_removal_for_an_arc: 0 (0.0%)
##########################

[02:01:36.41] Print configuration
------------------------------------------------------
"
[02:01:36.41] Running Multi Start Heuristic"
> Experiment started at 2025-10-03T02:01:36.410
> Instance: LR2_2_7_t2_40R_40V_04I_06M
> Algorithm Parameters:


	>Stop params:
		>  - rule ITERATIONS
		>  - argument 60000.0
		>  - maximum_time 3600

	>General params:
		>  - instPath /dados/rmelo/PDPTW-SE/benchmark_multi_island_v5/official_experiments/multistartlp/preliminar/set_01_pt_02/../../../../instances/orig_ams_fg/40R_40V_04I_06M/t2/LR2_2_7/
		>  - name LR2_2_7
		>  - type t2
		>  - group 40R_40V_04I_06M
		>  - fullname LR2_2_7_t2_40R_40V_04I_06M
		>  - methodType heur
		>  - methodCode mslp
		>  - genconfigfile /dados/rmelo/PDPTW-SE/benchmark_multi_island_v5/official_experiments/multistartlp/preliminar/set_01_pt_02/configs/genconfig_mslp.conf
		>  - genconfigfilename genconfig_mslp
		>  - greedy_service_order random
		>  - cutoff 0
		>  - cutoffmachs 6
		>  - num_machs 0
		>  - solver Gurobi
		>  - maxtime 3600
		>  - gurobiCuts 1
		>  - typeUserCut 0
		>  - mipPresolve -1
		>  - printsol 1
		>  - maxnodes -1
		>  - elevator 0
		>  - make_instance_feasible false
		>  - output /dados/rmelo/PDPTW-SE/benchmark_multi_island_v5/official_experiments/multistartlp/preliminar/set_01_pt_02/logs
		>  - suff_outputs _seed_94_alpha_20p
		>  - suff_csv _bash_4
		>  - epsilon 0.005
		>  - epsilonCap 0.5
		>  - warmStart false
		>  - seed 94
		>  - rng Random.MersenneTwister(94)
		>  - alpha 0.2
		>  - maxiter 1000000
		>  - outputFlagGrbMIP 0
		>  - outputFlagGrbMSLP 0
		>  - outputFlagGrbLMNS 0
		>  - mslpr I
		>  - mslpa 60000
		>  - lmnsr M
		>  - lmnsa 60
		>  - lmnsRepairTime 30.0
		>  - lmnsMIPFocus 0
		>  - lmnsGapToBiggerDestruction 50
		>  - lmnsGapToSmallerDestruction 95
		>  - lmnsWeightShawDistProx 1.0
		>  - lmnsWeightShawEarlProx 1.0
		>  - lmnsWeightShawSameRoute 1.0
		>  - lmnsWeightShawDemandSim 1.0
		>  - lmnsReqRApplyMIPStart true
		>  - lmnsAcceptanceCriteria H
		>  - lmnsMetropolisTemp 100.0
		>  - lmnsSimulatedAnnealingTemp 100.0
		>  - lmnsSimulatedAnnealingCool 0.95
		>  - mipmaxtime 3600
		>  - csvfilename /dados/rmelo/PDPTW-SE/benchmark_multi_island_v5/official_experiments/multistartlp/preliminar/set_01_pt_02/logs/heur_mslp/outputs/csvresults_heur_mslp_bash_4.csv
		>  - solfilename /dados/rmelo/PDPTW-SE/benchmark_multi_island_v5/official_experiments/multistartlp/preliminar/set_01_pt_02/logs/heur_mslp/solutions/40R_40V_04I_06M/LR2_2_7_sol_genconfig_mslp_seed_94_alpha_20p.txt
		>  - timelineFilename /dados/rmelo/PDPTW-SE/benchmark_multi_island_v5/official_experiments/multistartlp/preliminar/set_01_pt_02/logs/heur_mslp/timelines/40R_40V_04I_06M/LR2_2_7_timeline_genconfig_mslp_seed_94_alpha_20p.txt
		>  - grbFilename /dados/rmelo/PDPTW-SE/benchmark_multi_island_v5/official_experiments/multistartlp/preliminar/set_01_pt_02/logs/heur_mslp/gurobi/40R_40V_04I_06M/LR2_2_7_grb_genconfig_mslp_seed_94_alpha_20p.log
		>  - threads 1
		>  - solverMethod AUTOMATIC

------------------------------------------------------
objValue;greedysol;iteration;time
5967.32;6034.25;1;0.099848
5865.00;5930.24;2634;232.131917
5844.29;5975.17;5206;455.446055
5841.64;5999.78;5394;471.679794
5756.06;5765.87;19806;1729.952196
5736.76;5821.61;30140;2626.214472

[03:01:36.621] Finished running MSLP

[03:01:36.621] Post running MSLP
Best solution value: 5736.76
Total time elapsed: 3600.043347
Time to best: 2626.214472
Iterations: 41345
Iterations to best: 30140
Improvements: 6
Infeasible solutions percentage: (0 / 41345) = 0.0000 %
(LP improvements)/(LP runs) = 41341/41345 = 99.9903 %
Mean LP improvement percentage: 2.7177 %
[03:01:37.055] Writing results to CSV file: /dados/rmelo/PDPTW-SE/benchmark_multi_island_v5/official_experiments/multistartlp/preliminar/set_01_pt_02/logs/heur_mslp/outputs/csvresults_heur_mslp_bash_4.csv

[03:01:39.6] Saving solution to file:/dados/rmelo/PDPTW-SE/benchmark_multi_island_v5/official_experiments/multistartlp/preliminar/set_01_pt_02/logs/heur_mslp/solutions/40R_40V_04I_06M/LR2_2_7_sol_genconfig_mslp_seed_94_alpha_20p.txt

[03:01:39.6] Saving solution timeline to file: /dados/rmelo/PDPTW-SE/benchmark_multi_island_v5/official_experiments/multistartlp/preliminar/set_01_pt_02/logs/heur_mslp/timelines/40R_40V_04I_06M/LR2_2_7_timeline_genconfig_mslp_seed_94_alpha_20p.txt
---------------------| VEHICLES |---------------------

Vehicle 2 :
	id: 0
		node: 1
		(x, y, z): (70, 70, 0)
		dem: 0
		earl: 0
		lat: 2535
		servt: 0
		pid: 0
		did: 0
		servST: 44.84000000000018
		(h, h_ind): (-1, 0)
		load: 0.0

	Finished service at time: 44.84000000000018

	Using Machine: 5
		Task 0 -> Machine 5 (Station 1): 3.0
		Vehicle arrival at machine station: 47.84000000000018
		Waiting time until machine travel: 0.0

		Machine travel start time: 47.84000000000018
		Region 0 -> Region 2: 29.07
		Machine arrival at machine station: 76.91000000000018

		Machine 5 (Station 3)-> Task 74: 6.08
		Vehicle arrival at task: 82.99000000000018
		Waiting time until service start time: 0.0

	id: 74
		node: 35
		(x, y, z): (48, 47, 2)
		dem: 19
		earl: 31
		lat: 271
		servt: 10
		pid: 0
		did: 44
		servST: 82.99000000000018
		(h, h_ind): (5, 1)
		load: 19.0

	Finished service at time: 92.99000000000018

	Using Machine: 4
		Task 74 -> Machine 4 (Station 3): 7.28
		Vehicle arrival at machine station: 100.27000000000018
		Waiting time until machine travel: 0.0

		Machine travel start time: 100.27000000000018
		Region 2 -> Region 0: 31.62
		Machine arrival at machine station: 131.89000000000019

		Machine 4 (Station 1)-> Task 26: 61.66
		Vehicle arrival at task: 193.55000000000018
		Waiting time until service start time: 0.0

	id: 26
		node: 14
		(x, y, z): (64, 132, 0)
		dem: 8
		earl: 170
		lat: 410
		servt: 10
		pid: 0
		did: 173
		servST: 193.55000000000018
		(h, h_ind): (4, 1)
		load: 27.0

	Finished service at time: 203.55000000000018

	Using Machine: 0
		Task 26 -> Machine 0 (Station 1): 62.37
		Vehicle arrival at machine station: 265.9200000000002
		Waiting time until machine travel: 0.0

		Machine travel start time: 265.9200000000002
		Region 0 -> Region 1: 8.06
		Machine arrival at machine station: 273.9800000000002

		Machine 0 (Station 2)-> Task 47: 21.93
		Vehicle arrival at task: 295.9100000000002
		Waiting time until service start time: 0.0

	id: 47
		node: 26
		(x, y, z): (90, 44, 1)
		dem: 6
		earl: 149
		lat: 389
		servt: 10
		pid: 0
		did: 165
		servST: 295.9100000000002
		(h, h_ind): (0, 3)
		load: 33.0

	Finished service at time: 305.9100000000002

	Using Machine: 2
		Task 47 -> Machine 2 (Station 2): 22.14
		Vehicle arrival at machine station: 328.0500000000002
		Waiting time until machine travel: 0.0

		Machine travel start time: 328.0500000000002
		Region 1 -> Region 2: 35.38
		Machine arrival at machine station: 363.4300000000002

		Machine 2 (Station 3)-> Task 36: 16.76
		Vehicle arrival at task: 380.19000000000017
		Waiting time until service start time: 0.0

	id: 36
		node: 20
		(x, y, z): (41, 36, 2)
		dem: 13
		earl: 146
		lat: 386
		servt: 10
		pid: 0
		did: 37
		servST: 380.19000000000017
		(h, h_ind): (2, 1)
		load: 46.0

	Finished service at time: 390.19000000000017

	Using Machine: 5
		Task 36 -> Machine 5 (Station 3): 17.69
		Vehicle arrival at machine station: 407.88000000000017
		Waiting time until machine travel: 0.0

		Machine travel start time: 407.88000000000017
		Region 2 -> Region 3: 71.51
		Machine arrival at machine station: 479.39000000000016

		Machine 5 (Station 4)-> Task 6: 50.8
		Vehicle arrival at task: 530.1900000000002
		Waiting time until service start time: 0.0

	id: 6
		node: 5
		(x, y, z): (137, 137, 3)
		dem: 27
		earl: 339
		lat: 579
		servt: 10
		pid: 0
		did: 191
		servST: 530.1900000000002
		(h, h_ind): (5, 4)
		load: 73.0

	Finished service at time: 540.1900000000002

	Using Machine: 5
		Task 6 -> Machine 5 (Station 4): 50.8
		Vehicle arrival at machine station: 590.9900000000001
		Waiting time until machine travel: 0.0

		Machine travel start time: 590.9900000000001
		Region 3 -> Region 2: 71.51
		Machine arrival at machine station: 662.5000000000001

		Machine 5 (Station 3)-> Task 165: 29.53
		Vehicle arrival at task: 692.0300000000001
		Waiting time until service start time: 0.0

	id: 165
		node: 66
		(x, y, z): (28, 62, 2)
		dem: -6
		earl: 0
		lat: 2483
		servt: 10
		pid: 47
		did: 0
		servST: 692.0300000000001
		(h, h_ind): (5, 5)
		load: 67.0

	Finished service at time: 702.0300000000001

	Using Machine: 5
		Task 165 -> Machine 5 (Station 3): 29.53
		Vehicle arrival at machine station: 731.5600000000001
		Waiting time until machine travel: 0.0

		Machine travel start time: 731.5600000000001
		Region 2 -> Region 3: 71.51
		Machine arrival at machine station: 803.07

		Machine 5 (Station 4)-> Task 44: 30.41
		Vehicle arrival at task: 833.48
		Waiting time until service start time: 0.0

	id: 44
		node: 75
		(x, y, z): (137, 101, 3)
		dem: -19
		earl: 617
		lat: 857
		servt: 10
		pid: 74
		did: 0
		servST: 833.48
		(h, h_ind): (5, 6)
		load: 48.0

	Finished service at time: 843.48

	Using Machine: 5
		Task 44 -> Machine 5 (Station 4): 30.41
		Vehicle arrival at machine station: 873.89
		Waiting time until machine travel: 0.0

		Machine travel start time: 873.89
		Region 3 -> Region 1: 36.06
		Machine arrival at machine station: 909.95

		Machine 5 (Station 2)-> Task 191: 38.05
		Vehicle arrival at task: 948.0
		Waiting time until service start time: 0.0

	id: 191
		node: 45
		(x, y, z): (125, 68, 1)
		dem: -27
		earl: 708
		lat: 948
		servt: 10
		pid: 6
		did: 0
		servST: 948.0
		(h, h_ind): (5, 7)
		load: 21.0

	Finished service at time: 958.0

	Using Machine: 5
		Task 191 -> Machine 5 (Station 2): 38.05
		Vehicle arrival at machine station: 996.05
		Waiting time until machine travel: 0.0

		Machine travel start time: 996.05
		Region 1 -> Region 3: 36.06
		Machine arrival at machine station: 1032.11

		Machine 5 (Station 4)-> Task 13: 30.41
		Vehicle arrival at task: 1062.52
		Waiting time until service start time: 0.0

	id: 13
		node: 10
		(x, y, z): (121, 123, 3)
		dem: 9
		earl: 0
		lat: 2452
		servt: 10
		pid: 0
		did: 52
		servST: 1062.52
		(h, h_ind): (5, 8)
		load: 30.0

	Finished service at time: 1072.52

	Using Machine: 5
		Task 13 -> Machine 5 (Station 4): 30.41
		Vehicle arrival at machine station: 1102.93
		Waiting time until machine travel: 0.0

		Machine travel start time: 1102.93
		Region 3 -> Region 1: 36.06
		Machine arrival at machine station: 1138.99

		Machine 5 (Station 2)-> Task 9: 45.62
		Vehicle arrival at task: 1184.61
		Waiting time until service start time: 0.0

	id: 9
		node: 7
		(x, y, z): (107, 25, 1)
		dem: 13
		earl: 1035
		lat: 1275
		servt: 10
		pid: 0
		did: 82
		servST: 1184.6100000000001
		(h, h_ind): (5, 9)
		load: 43.0

	Finished service at time: 1194.6100000000001

	Task 9 -> Task 37: 15.03
	Vehicle arrival at task: 1209.64
	Waiting time until service start time: 0.0

	id: 37
		node: 60
		(x, y, z): (106, 10, 1)
		dem: -13
		earl: 1135
		lat: 1375
		servt: 10
		pid: 36
		did: 0
		servST: 1209.64
		(h, h_ind): (-1, 0)
		load: 30.0

	Finished service at time: 1219.64

	Task 37 -> Task 81: 23.09
	Vehicle arrival at task: 1242.73
	Waiting time until service start time: 0.0

	id: 81
		node: 40
		(x, y, z): (83, 12, 1)
		dem: 29
		earl: 0
		lat: 2466
		servt: 10
		pid: 0
		did: 83
		servST: 1242.73
		(h, h_ind): (-1, 0)
		load: 59.0

	Finished service at time: 1252.73

	Using Machine: 0
		Task 81 -> Machine 0 (Station 2): 52.04
		Vehicle arrival at machine station: 1304.77
		Waiting time until machine travel: 0.0

		Machine travel start time: 1304.77
		Region 1 -> Region 0: 8.06
		Machine arrival at machine station: 1312.83

		Machine 0 (Station 1)-> Task 45: 32.39
		Vehicle arrival at task: 1345.22
		Waiting time until service start time: 0.0

	id: 45
		node: 25
		(x, y, z): (82, 103, 0)
		dem: 15
		earl: 0
		lat: 2490
		servt: 10
		pid: 0
		did: 16
		servST: 1345.22
		(h, h_ind): (0, 6)
		load: 74.0

	Finished service at time: 1355.22

	Task 45 -> Task 173: 22.67
	Vehicle arrival at task: 1377.89
	Waiting time until service start time: 0.0

	id: 173
		node: 54
		(x, y, z): (67, 120, 0)
		dem: -8
		earl: 1375
		lat: 1615
		servt: 10
		pid: 26
		did: 0
		servST: 1377.89
		(h, h_ind): (-1, 0)
		load: 66.0

	Finished service at time: 1387.89

	Task 173 -> Task 16: 22.02
	Vehicle arrival at task: 1409.91
	Waiting time until service start time: 0.0

	id: 16
		node: 65
		(x, y, z): (50, 106, 0)
		dem: -15
		earl: 1221
		lat: 1461
		servt: 10
		pid: 45
		did: 0
		servST: 1409.91
		(h, h_ind): (-1, 0)
		load: 51.0

	Finished service at time: 1419.91

	Task 16 -> Task 58: 12.73
	Vehicle arrival at task: 1432.64
	Waiting time until service start time: 0.0

	id: 58
		node: 30
		(x, y, z): (59, 115, 0)
		dem: 26
		earl: 1195
		lat: 1435
		servt: 10
		pid: 0
		did: 86
		servST: 1432.64
		(h, h_ind): (-1, 0)
		load: 77.0

	Finished service at time: 1442.64

	Using Machine: 5
		Task 58 -> Machine 5 (Station 1): 47.13
		Vehicle arrival at machine station: 1489.7700000000002
		Waiting time until machine travel: 0.0

		Machine travel start time: 1489.7700000000002
		Region 0 -> Region 2: 29.07
		Machine arrival at machine station: 1518.8400000000001

		Machine 5 (Station 3)-> Task 82: 18.97
		Vehicle arrival at task: 1537.8100000000002
		Waiting time until service start time: 0.0

	id: 82
		node: 47
		(x, y, z): (36, 54, 2)
		dem: -13
		earl: 1428
		lat: 1668
		servt: 10
		pid: 9
		did: 0
		servST: 1537.8100000000002
		(h, h_ind): (5, 10)
		load: 64.0

	Finished service at time: 1547.8100000000002

	Task 82 -> Task 2: 10.77
	Vehicle arrival at task: 1558.5800000000002
	Waiting time until service start time: 0.0

	id: 2
		node: 2
		(x, y, z): (26, 50, 2)
		dem: 7
		earl: 1490
		lat: 1730
		servt: 10
		pid: 0
		did: 108
		servST: 1558.5800000000002
		(h, h_ind): (-1, 0)
		load: 71.0

	Finished service at time: 1568.5800000000002

	Task 2 -> Task 108: 33.84
	Vehicle arrival at task: 1602.42
	Waiting time until service start time: 0.0

	id: 108
		node: 42
		(x, y, z): (15, 18, 2)
		dem: -7
		earl: 1540
		lat: 1780
		servt: 10
		pid: 2
		did: 0
		servST: 1602.42
		(h, h_ind): (-1, 0)
		load: 64.0

	Finished service at time: 1612.42

	Task 108 -> Task 4: 44.27
	Vehicle arrival at task: 1656.69
	Waiting time until service start time: 0.0

	id: 4
		node: 4
		(x, y, z): (29, 60, 2)
		dem: 14
		earl: 0
		lat: 2483
		servt: 10
		pid: 0
		did: 20
		servST: 1656.69
		(h, h_ind): (-1, 0)
		load: 78.0

	Finished service at time: 1666.69

	Task 4 -> Task 20: 34.21
	Vehicle arrival at task: 1700.9
	Waiting time until service start time: 0.0

	id: 20
		node: 44
		(x, y, z): (8, 87, 2)
		dem: -14
		earl: 1545
		lat: 1785
		servt: 10
		pid: 4
		did: 0
		servST: 1700.9
		(h, h_ind): (-1, 0)
		load: 64.0

	Finished service at time: 1710.9

	Task 20 -> Task 83: 9.43
	Vehicle arrival at task: 1720.3300000000002
	Waiting time until service start time: 0.0

	id: 83
		node: 80
		(x, y, z): (16, 92, 2)
		dem: -29
		earl: 0
		lat: 2467
		servt: 10
		pid: 81
		did: 0
		servST: 1720.3300000000002
		(h, h_ind): (-1, 0)
		load: 35.0

	Finished service at time: 1730.3300000000002

	Task 83 -> Task 25: 24.7
	Vehicle arrival at task: 1755.0300000000002
	Waiting time until service start time: 0.0

	id: 25
		node: 13
		(x, y, z): (37, 79, 2)
		dem: 5
		earl: 0
		lat: 2491
		servt: 10
		pid: 0
		did: 87
		servST: 1755.0300000000002
		(h, h_ind): (-1, 0)
		load: 40.0

	Finished service at time: 1765.0300000000002

	Task 25 -> Task 87: 7.62
	Vehicle arrival at task: 1772.65
	Waiting time until service start time: 0.0

	id: 87
		node: 53
		(x, y, z): (34, 72, 2)
		dem: -5
		earl: 0
		lat: 2489
		servt: 10
		pid: 25
		did: 0
		servST: 1772.65
		(h, h_ind): (-1, 0)
		load: 35.0

	Finished service at time: 1782.65

	Using Machine: 5
		Task 87 -> Machine 5 (Station 3): 31.24
		Vehicle arrival at machine station: 1813.89
		Waiting time until machine travel: 0.0

		Machine travel start time: 1813.89
		Region 2 -> Region 1: 37.59
		Machine arrival at machine station: 1851.48

		Machine 5 (Station 2)-> Task 75: 18.38
		Vehicle arrival at task: 1869.8600000000001
		Waiting time until service start time: 0.0

	id: 75
		node: 36
		(x, y, z): (104, 73, 1)
		dem: 17
		earl: 0
		lat: 2491
		servt: 10
		pid: 0
		did: 169
		servST: 1869.8600000000001
		(h, h_ind): (5, 12)
		load: 52.0

	Finished service at time: 1879.8600000000001

	Using Machine: 3
		Task 75 -> Machine 3 (Station 2): 21.19
		Vehicle arrival at machine station: 1901.0500000000002
		Waiting time until machine travel: 0.0

		Machine travel start time: 1901.0500000000002
		Region 1 -> Region 0: 11.18
		Machine arrival at machine station: 1912.2300000000002

		Machine 3 (Station 1)-> Task 169: 31.14
		Vehicle arrival at task: 1943.3700000000003
		Waiting time until service start time: -0.0

	id: 169
		node: 76
		(x, y, z): (51, 92, 0)
		dem: -17
		earl: 1731
		lat: 1971
		servt: 10
		pid: 75
		did: 0
		servST: 1943.3700000000001
		(h, h_ind): (3, 4)
		load: 35.0

	Finished service at time: 1953.3700000000001

	Using Machine: 1
		Task 169 -> Machine 1 (Station 1): 32.65
		Vehicle arrival at machine station: 1986.0200000000002
		Waiting time until machine travel: 0.0

		Machine travel start time: 1986.0200000000002
		Region 0 -> Region 2: 36.24
		Machine arrival at machine station: 2022.2600000000002

		Machine 1 (Station 3)-> Task 52: 5.39
		Vehicle arrival at task: 2027.6500000000003
		Waiting time until service start time: 0.0

	id: 52
		node: 50
		(x, y, z): (61, 34, 2)
		dem: -9
		earl: 1830
		lat: 2070
		servt: 10
		pid: 13
		did: 0
		servST: 2027.6500000000003
		(h, h_ind): (1, 3)
		load: 26.0

	Finished service at time: 2037.6500000000003

	Using Machine: 0
		Task 52 -> Machine 0 (Station 3): 2.24
		Vehicle arrival at machine station: 2039.8900000000003
		Waiting time until machine travel: 0.0

		Machine travel start time: 2039.8900000000003
		Region 2 -> Region 0: 38.91
		Machine arrival at machine station: 2078.8

		Machine 0 (Station 1)-> Task 86: 26.93
		Vehicle arrival at task: 2105.73
		Waiting time until service start time: 0.0

	id: 86
		node: 70
		(x, y, z): (67, 96, 0)
		dem: -26
		earl: 1908
		lat: 2148
		servt: 10
		pid: 58
		did: 0
		servST: 2105.7300000000005
		(h, h_ind): (0, 10)
		load: 0.0

	Finished service at time: 2115.7300000000005

	Task 86 -> Task 0: 26.17
	Vehicle arrival at task: 2141.9000000000005
	Waiting time until service start time: 0.0

	id: 0
		node: 82
		(x, y, z): (70, 70, 0)
		dem: 0
		earl: 0
		lat: 2535
		servt: 0
		pid: 0
		did: 0
		servST: 2141.9000000000005
		(h, h_ind): (-1, 0)
		load: 0.0


Vehicle 19 :
	id: 0
		node: 1
		(x, y, z): (70, 70, 0)
		dem: 0
		earl: 0
		lat: 2535
		servt: 0
		pid: 0
		did: 0
		servST: 7.5899999999999395
		(h, h_ind): (-1, 0)
		load: 0.0

	Finished service at time: 7.5899999999999395

	Task 0 -> Task 8: 41.77
	Vehicle arrival at task: 49.35999999999994
	Waiting time until service start time: 0.0

	id: 8
		node: 6
		(x, y, z): (78, 111, 0)
		dem: 22
		earl: 47
		lat: 287
		servt: 10
		pid: 0
		did: 136
		servST: 49.35999999999994
		(h, h_ind): (-1, 0)
		load: 22.0

	Finished service at time: 59.35999999999994

	Task 8 -> Task 80: 41.59
	Vehicle arrival at task: 100.94999999999995
	Waiting time until service start time: 0.0

	id: 80
		node: 39
		(x, y, z): (71, 70, 0)
		dem: 9
		earl: 0
		lat: 2524
		servt: 10
		pid: 0
		did: 119
		servST: 100.94999999999995
		(h, h_ind): (-1, 0)
		load: 31.0

	Finished service at time: 110.94999999999995

	Using Machine: 0
		Task 80 -> Machine 0 (Station 1): 6.08
		Vehicle arrival at machine station: 117.02999999999994
		Waiting time until machine travel: 0.0

		Machine travel start time: 117.02999999999994
		Region 0 -> Region 3: 36.8
		Machine arrival at machine station: 153.82999999999993

		Machine 0 (Station 4)-> Task 136: 41.23
		Vehicle arrival at task: 195.05999999999992
		Waiting time until service start time: 0.0

	id: 136
		node: 46
		(x, y, z): (92, 138, 3)
		dem: -22
		earl: 0
		lat: 2454
		servt: 10
		pid: 8
		did: 0
		servST: 195.05999999999995
		(h, h_ind): (0, 2)
		load: 9.0

	Finished service at time: 205.05999999999995

	Using Machine: 5
		Task 136 -> Machine 5 (Station 4): 44.6
		Vehicle arrival at machine station: 249.65999999999994
		Waiting time until machine travel: 0.0

		Machine travel start time: 249.65999999999994
		Region 3 -> Region 1: 36.06
		Machine arrival at machine station: 285.7199999999999

		Machine 5 (Station 2)-> Task 42: 35.85
		Vehicle arrival at task: 321.56999999999994
		Waiting time until service start time: 0.0

	id: 42
		node: 24
		(x, y, z): (120, 52, 1)
		dem: 20
		earl: 0
		lat: 2472
		servt: 10
		pid: 0
		did: 43
		servST: 321.56999999999994
		(h, h_ind): (5, 3)
		load: 29.0

	Finished service at time: 331.56999999999994

	Task 42 -> Task 119: 8.0
	Vehicle arrival at task: 339.56999999999994
	Waiting time until service start time: 0.0

	id: 119
		node: 79
		(x, y, z): (120, 60, 1)
		dem: -9
		earl: 156
		lat: 396
		servt: 10
		pid: 80
		did: 0
		servST: 339.56999999999994
		(h, h_ind): (-1, 0)
		load: 20.0

	Finished service at time: 349.56999999999994

	Task 119 -> Task 31: 26.91
	Vehicle arrival at task: 376.47999999999996
	Waiting time until service start time: -0.0

	id: 31
		node: 16
		(x, y, z): (140, 42, 1)
		dem: 13
		earl: 0
		lat: 2450
		servt: 10
		pid: 0
		did: 15
		servST: 376.4799999999999
		(h, h_ind): (-1, 0)
		load: 33.0

	Finished service at time: 386.4799999999999

	Task 31 -> Task 15: 35.13
	Vehicle arrival at task: 421.6099999999999
	Waiting time until service start time: 0.0

	id: 15
		node: 56
		(x, y, z): (137, 7, 1)
		dem: -13
		earl: 0
		lat: 2434
		servt: 10
		pid: 31
		did: 0
		servST: 421.6099999999999
		(h, h_ind): (-1, 0)
		load: 20.0

	Finished service at time: 431.6099999999999

	Task 15 -> Task 65: 46.62
	Vehicle arrival at task: 478.2299999999999
	Waiting time until service start time: 0.0

	id: 65
		node: 32
		(x, y, z): (99, 34, 1)
		dem: 9
		earl: 243
		lat: 483
		servt: 10
		pid: 0
		did: 120
		servST: 478.2299999999999
		(h, h_ind): (-1, 0)
		load: 29.0

	Finished service at time: 488.2299999999999

	Task 65 -> Task 120: 13.89
	Vehicle arrival at task: 502.1199999999999
	Waiting time until service start time: 0.0

	id: 120
		node: 72
		(x, y, z): (92, 22, 1)
		dem: -9
		earl: 0
		lat: 2473
		servt: 10
		pid: 65
		did: 0
		servST: 502.1199999999999
		(h, h_ind): (-1, 0)
		load: 20.0

	Finished service at time: 512.1199999999999

	Task 120 -> Task 88: 28.0
	Vehicle arrival at task: 540.1199999999999
	Waiting time until service start time: 0.0

	id: 88
		node: 41
		(x, y, z): (120, 22, 1)
		dem: 39
		earl: 396
		lat: 636
		servt: 10
		pid: 0
		did: 122
		servST: 540.1199999999999
		(h, h_ind): (-1, 0)
		load: 59.0

	Finished service at time: 550.1199999999999

	Task 88 -> Task 43: 12.21
	Vehicle arrival at task: 562.3299999999999
	Waiting time until service start time: 0.0

	id: 43
		node: 64
		(x, y, z): (113, 32, 1)
		dem: -20
		earl: 0
		lat: 2468
		servt: 10
		pid: 42
		did: 0
		servST: 562.3299999999999
		(h, h_ind): (-1, 0)
		load: 39.0

	Finished service at time: 572.3299999999999

	Using Machine: 3
		Task 43 -> Machine 3 (Station 2): 44.69
		Vehicle arrival at machine station: 617.02
		Waiting time until machine travel: 0.0

		Machine travel start time: 617.02
		Region 1 -> Region 3: 37.44
		Machine arrival at machine station: 654.46

		Machine 3 (Station 4)-> Task 32: 31.38
		Vehicle arrival at task: 685.84
		Waiting time until service start time: 0.0

	id: 32
		node: 17
		(x, y, z): (121, 124, 3)
		dem: 21
		earl: 539
		lat: 779
		servt: 10
		pid: 0
		did: 127
		servST: 685.84
		(h, h_ind): (3, 1)
		load: 60.0

	Finished service at time: 695.84

	Task 32 -> Task 127: 25.5
	Vehicle arrival at task: 721.34
	Waiting time until service start time: 0.0

	id: 127
		node: 57
		(x, y, z): (138, 105, 3)
		dem: -21
		earl: 0
		lat: 2449
		servt: 10
		pid: 32
		did: 0
		servST: 721.34
		(h, h_ind): (-1, 0)
		load: 39.0

	Finished service at time: 731.34

	Task 127 -> Task 122: 24.7
	Vehicle arrival at task: 756.0400000000001
	Waiting time until service start time: 0.0

	id: 122
		node: 81
		(x, y, z): (117, 92, 3)
		dem: -39
		earl: 0
		lat: 2474
		servt: 10
		pid: 88
		did: 0
		servST: 756.0400000000001
		(h, h_ind): (-1, 0)
		load: 0.0

	Finished service at time: 766.0400000000001

	Using Machine: 2
		Task 122 -> Machine 2 (Station 4): 13.93
		Vehicle arrival at machine station: 779.97
		Waiting time until machine travel: 0.0

		Machine travel start time: 779.97
		Region 3 -> Region 0: 38.95
		Machine arrival at machine station: 818.9200000000001

		Machine 2 (Station 1)-> Task 78: 25.08
		Vehicle arrival at task: 844.0000000000001
		Waiting time until service start time: -0.0

	id: 78
		node: 38
		(x, y, z): (73, 96, 0)
		dem: 9
		earl: 604
		lat: 844
		servt: 10
		pid: 0
		did: 5
		servST: 844.0
		(h, h_ind): (2, 2)
		load: 9.0

	Finished service at time: 854.0

	Task 78 -> Task 66: 43.6
	Vehicle arrival at task: 897.6
	Waiting time until service start time: 0.0

	id: 66
		node: 33
		(x, y, z): (38, 122, 0)
		dem: 13
		earl: 876
		lat: 1116
		servt: 10
		pid: 0
		did: 55
		servST: 897.6
		(h, h_ind): (-1, 0)
		load: 22.0

	Finished service at time: 907.6

	Task 66 -> Task 64: 3.16
	Vehicle arrival at task: 910.76
	Waiting time until service start time: 0.0

	id: 64
		node: 31
		(x, y, z): (37, 125, 0)
		dem: 10
		earl: 0
		lat: 2461
		servt: 10
		pid: 0
		did: 79
		servST: 910.76
		(h, h_ind): (-1, 0)
		load: 32.0

	Finished service at time: 920.76

	Task 64 -> Task 79: 11.4
	Vehicle arrival at task: 932.16
	Waiting time until service start time: 0.0

	id: 79
		node: 71
		(x, y, z): (44, 116, 0)
		dem: -10
		earl: 0
		lat: 2473
		servt: 10
		pid: 64
		did: 0
		servST: 932.16
		(h, h_ind): (-1, 0)
		load: 22.0

	Finished service at time: 942.16

	Using Machine: 1
		Task 79 -> Machine 1 (Station 1): 55.22
		Vehicle arrival at machine station: 997.38
		Waiting time until machine travel: 0.0

		Machine travel start time: 997.38
		Region 0 -> Region 3: 38.18
		Machine arrival at machine station: 1035.56

		Machine 1 (Station 4)-> Task 68: 33.54
		Vehicle arrival at task: 1069.1
		Waiting time until service start time: 0.0

	id: 68
		node: 34
		(x, y, z): (109, 131, 3)
		dem: 16
		earl: 0
		lat: 2453
		servt: 10
		pid: 0
		did: 158
		servST: 1069.1
		(h, h_ind): (1, 1)
		load: 38.0

	Finished service at time: 1079.1

	Using Machine: 3
		Task 68 -> Machine 3 (Station 4): 34.23
		Vehicle arrival at machine station: 1113.33
		Waiting time until machine travel: 0.0

		Machine travel start time: 1113.33
		Region 3 -> Region 2: 72.92
		Machine arrival at machine station: 1186.25

		Machine 3 (Station 3)-> Task 158: 2.83
		Vehicle arrival at task: 1189.08
		Waiting time until service start time: 0.0

	id: 158
		node: 74
		(x, y, z): (54, 41, 2)
		dem: -16
		earl: 1065
		lat: 1305
		servt: 10
		pid: 68
		did: 0
		servST: 1189.08
		(h, h_ind): (3, 2)
		load: 22.0

	Finished service at time: 1199.08

	Using Machine: 3
		Task 158 -> Machine 3 (Station 3): 2.83
		Vehicle arrival at machine station: 1201.9099999999999
		Waiting time until machine travel: 110.08

		Machine travel start time: 1311.99
		Region 2 -> Region 0: 33.29
		Machine arrival at machine station: 1345.28

		Machine 3 (Station 1)-> Task 55: 19.72
		Vehicle arrival at task: 1365.0
		Waiting time until service start time: 0.0

	id: 55
		node: 73
		(x, y, z): (84, 88, 0)
		dem: -13
		earl: 1365
		lat: 1605
		servt: 10
		pid: 66
		did: 0
		servST: 1365.0
		(h, h_ind): (3, 3)
		load: 9.0

	Finished service at time: 1375.0

	Task 55 -> Task 5: 31.76
	Vehicle arrival at task: 1406.76
	Waiting time until service start time: 0.0

	id: 5
		node: 78
		(x, y, z): (69, 116, 0)
		dem: -9
		earl: 0
		lat: 2479
		servt: 10
		pid: 78
		did: 0
		servST: 1406.76
		(h, h_ind): (-1, 0)
		load: 0.0

	Finished service at time: 1416.76

	Using Machine: 0
		Task 5 -> Machine 0 (Station 1): 45.71
		Vehicle arrival at machine station: 1462.47
		Waiting time until machine travel: 0.0

		Machine travel start time: 1462.47
		Region 0 -> Region 1: 8.06
		Machine arrival at machine station: 1470.53

		Machine 0 (Station 2)-> Task 23: 3.16
		Vehicle arrival at task: 1473.69
		Waiting time until service start time: 0.0

	id: 23
		node: 12
		(x, y, z): (78, 63, 1)
		dem: 19
		earl: 0
		lat: 2515
		servt: 10
		pid: 0
		did: 110
		servST: 1473.69
		(h, h_ind): (0, 8)
		load: 19.0

	Finished service at time: 1483.69

	Using Machine: 2
		Task 23 -> Machine 2 (Station 2): 5.39
		Vehicle arrival at machine station: 1489.0800000000002
		Waiting time until machine travel: 0.0

		Machine travel start time: 1489.0800000000002
		Region 1 -> Region 2: 35.38
		Machine arrival at machine station: 1524.4600000000003

		Machine 2 (Station 3)-> Task 110: 46.07
		Vehicle arrival at task: 1570.5300000000002
		Waiting time until service start time: 0.0

	id: 110
		node: 52
		(x, y, z): (16, 62, 2)
		dem: -19
		earl: 1524
		lat: 1764
		servt: 10
		pid: 23
		did: 0
		servST: 1570.5300000000002
		(h, h_ind): (2, 3)
		load: 0.0

	Finished service at time: 1580.5300000000002

	Using Machine: 5
		Task 110 -> Machine 5 (Station 3): 40.5
		Vehicle arrival at machine station: 1621.0300000000002
		Waiting time until machine travel: 0.0

		Machine travel start time: 1621.0300000000002
		Region 2 -> Region 0: 29.07
		Machine arrival at machine station: 1650.1000000000001

		Machine 5 (Station 1)-> Task 0: 3.0
		Vehicle arrival at task: 1653.1000000000001
		Waiting time until service start time: 0.0

	id: 0
		node: 82
		(x, y, z): (70, 70, 0)
		dem: 0
		earl: 0
		lat: 2535
		servt: 0
		pid: 0
		did: 0
		servST: 1653.1000000000001
		(h, h_ind): (5, 11)
		load: 0.0


Vehicle 20 :
	id: 0
		node: 1
		(x, y, z): (70, 70, 0)
		dem: 0
		earl: 0
		lat: 2535
		servt: 0
		pid: 0
		did: 0
		servST: 38.19000000000059
		(h, h_ind): (-1, 0)
		load: 0.0

	Finished service at time: 38.19000000000059

	Using Machine: 0
		Task 0 -> Machine 0 (Station 1): 7.07
		Vehicle arrival at machine station: 45.26000000000059
		Waiting time until machine travel: 0.0

		Machine travel start time: 45.26000000000059
		Region 0 -> Region 1: 8.06
		Machine arrival at machine station: 53.32000000000059

		Machine 0 (Station 2)-> Task 41: 7.0
		Vehicle arrival at task: 60.32000000000059
		Waiting time until service start time: 0.0

	id: 41
		node: 23
		(x, y, z): (81, 57, 1)
		dem: 8
		earl: 17
		lat: 257
		servt: 10
		pid: 0
		did: 198
		servST: 60.32000000000059
		(h, h_ind): (0, 1)
		load: 8.0

	Finished service at time: 70.32000000000059

	Task 41 -> Task 77: 25.55
	Vehicle arrival at task: 95.87000000000059
	Waiting time until service start time: 0.0

	id: 77
		node: 37
		(x, y, z): (103, 44, 1)
		dem: 12
		earl: 0
		lat: 2483
		servt: 10
		pid: 0
		did: 94
		servST: 95.87000000000059
		(h, h_ind): (-1, 0)
		load: 20.0

	Finished service at time: 105.87000000000059

	Using Machine: 5
		Task 77 -> Machine 5 (Station 2): 27.2
		Vehicle arrival at machine station: 133.0700000000006
		Waiting time until machine travel: 0.0

		Machine travel start time: 133.0700000000006
		Region 1 -> Region 2: 37.59
		Machine arrival at machine station: 170.6600000000006

		Machine 5 (Station 3)-> Task 12: 39.96
		Vehicle arrival at task: 210.6200000000006
		Waiting time until service start time: 0.0

	id: 12
		node: 9
		(x, y, z): (20, 69, 2)
		dem: 13
		earl: 0
		lat: 2475
		servt: 10
		pid: 0
		did: 164
		servST: 210.6200000000006
		(h, h_ind): (5, 2)
		load: 33.0

	Finished service at time: 220.6200000000006

	Task 12 -> Task 3: 15.62
	Vehicle arrival at task: 236.2400000000006
	Waiting time until service start time: 0.0

	id: 3
		node: 3
		(x, y, z): (30, 57, 2)
		dem: 20
		earl: 0
		lat: 2483
		servt: 10
		pid: 0
		did: 95
		servST: 236.2400000000006
		(h, h_ind): (-1, 0)
		load: 53.0

	Finished service at time: 246.2400000000006

	Task 3 -> Task 33: 30.46
	Vehicle arrival at task: 276.7000000000006
	Waiting time until service start time: 0.0

	id: 33
		node: 18
		(x, y, z): (42, 29, 2)
		dem: 12
		earl: 0
		lat: 2476
		servt: 10
		pid: 0
		did: 192
		servST: 276.7000000000006
		(h, h_ind): (-1, 0)
		load: 65.0

	Finished service at time: 286.7000000000006

	Task 33 -> Task 94: 12.04
	Vehicle arrival at task: 298.74000000000063
	Waiting time until service start time: 0.0

	id: 94
		node: 77
		(x, y, z): (34, 20, 2)
		dem: -12
		earl: 0
		lat: 2464
		servt: 10
		pid: 77
		did: 0
		servST: 298.74000000000063
		(h, h_ind): (-1, 0)
		load: 53.0

	Finished service at time: 308.74000000000063

	Task 94 -> Task 35: 14.14
	Vehicle arrival at task: 322.8800000000006
	Waiting time until service start time: 0.0

	id: 35
		node: 19
		(x, y, z): (32, 6, 2)
		dem: 11
		earl: 320
		lat: 560
		servt: 10
		pid: 0
		did: 30
		servST: 322.8800000000006
		(h, h_ind): (-1, 0)
		load: 64.0

	Finished service at time: 332.8800000000006

	Task 35 -> Task 192: 32.31
	Vehicle arrival at task: 365.1900000000006
	Waiting time until service start time: 0.0

	id: 192
		node: 58
		(x, y, z): (44, 36, 2)
		dem: -12
		earl: 131
		lat: 371
		servt: 10
		pid: 33
		did: 0
		servST: 365.1900000000006
		(h, h_ind): (-1, 0)
		load: 52.0

	Finished service at time: 375.1900000000006

	Using Machine: 4
		Task 192 -> Machine 4 (Station 3): 14.21
		Vehicle arrival at machine station: 389.4000000000006
		Waiting time until machine travel: 0.0

		Machine travel start time: 389.4000000000006
		Region 2 -> Region 3: 72.84
		Machine arrival at machine station: 462.2400000000006

		Machine 4 (Station 4)-> Task 38: 5.1
		Vehicle arrival at task: 467.3400000000006
		Waiting time until service start time: 0.0

	id: 38
		node: 21
		(x, y, z): (107, 102, 3)
		dem: 12
		earl: 0
		lat: 2477
		servt: 10
		pid: 0
		did: 19
		servST: 467.3400000000006
		(h, h_ind): (4, 2)
		load: 64.0

	Finished service at time: 477.3400000000006

	Task 38 -> Task 95: 9.9
	Vehicle arrival at task: 487.2400000000006
	Waiting time until service start time: 0.0

	id: 95
		node: 43
		(x, y, z): (114, 109, 3)
		dem: -20
		earl: 249
		lat: 489
		servt: 10
		pid: 3
		did: 0
		servST: 487.2400000000006
		(h, h_ind): (-1, 0)
		load: 44.0

	Finished service at time: 497.2400000000006

	Using Machine: 0
		Task 95 -> Machine 0 (Station 4): 16.28
		Vehicle arrival at machine station: 513.5200000000006
		Waiting time until machine travel: 0.0

		Machine travel start time: 513.5200000000006
		Region 3 -> Region 0: 36.8
		Machine arrival at machine station: 550.3200000000005

		Machine 0 (Station 1)-> Task 50: 68.25
		Vehicle arrival at task: 618.5700000000005
		Waiting time until service start time: 0.0

	id: 50
		node: 27
		(x, y, z): (64, 138, 0)
		dem: 15
		earl: 0
		lat: 2457
		servt: 10
		pid: 0
		did: 124
		servST: 618.5700000000005
		(h, h_ind): (0, 4)
		load: 59.0

	Finished service at time: 628.5700000000005

	Using Machine: 4
		Task 50 -> Machine 4 (Station 1): 67.6
		Vehicle arrival at machine station: 696.1700000000005
		Waiting time until machine travel: 0.0

		Machine travel start time: 696.1700000000005
		Region 0 -> Region 2: 31.62
		Machine arrival at machine station: 727.7900000000005

		Machine 4 (Station 3)-> Task 30: 60.88
		Vehicle arrival at task: 788.6700000000005
		Waiting time until service start time: 0.0

	id: 30
		node: 59
		(x, y, z): (10, 86, 2)
		dem: -11
		earl: 0
		lat: 2463
		servt: 10
		pid: 35
		did: 0
		servST: 788.6700000000005
		(h, h_ind): (4, 3)
		load: 48.0

	Finished service at time: 798.6700000000005

	Using Machine: 4
		Task 30 -> Machine 4 (Station 3): 60.88
		Vehicle arrival at machine station: 859.5500000000005
		Waiting time until machine travel: 0.0

		Machine travel start time: 859.5500000000005
		Region 2 -> Region 1: 37.44
		Machine arrival at machine station: 896.9900000000005

		Machine 4 (Station 2)-> Task 19: 38.47
		Vehicle arrival at task: 935.4600000000005
		Waiting time until service start time: 0.0

	id: 19
		node: 61
		(x, y, z): (104, 32, 1)
		dem: -12
		earl: 0
		lat: 2475
		servt: 10
		pid: 38
		did: 0
		servST: 935.4600000000005
		(h, h_ind): (4, 4)
		load: 36.0

	Finished service at time: 945.4600000000005

	Task 19 -> Task 51: 28.64
	Vehicle arrival at task: 974.1000000000005
	Waiting time until service start time: 0.0

	id: 51
		node: 28
		(x, y, z): (98, 4, 1)
		dem: 20
		earl: 0
		lat: 2454
		servt: 10
		pid: 0
		did: 49
		servST: 974.1000000000005
		(h, h_ind): (-1, 0)
		load: 56.0

	Finished service at time: 984.1000000000005

	Task 51 -> Task 49: 21.93
	Vehicle arrival at task: 1006.0300000000004
	Waiting time until service start time: 0.0

	id: 49
		node: 68
		(x, y, z): (89, 24, 1)
		dem: -20
		earl: 0
		lat: 2476
		servt: 10
		pid: 51
		did: 0
		servST: 1006.0300000000004
		(h, h_ind): (-1, 0)
		load: 36.0

	Finished service at time: 1016.0300000000004

	Task 49 -> Task 56: 16.28
	Vehicle arrival at task: 1032.3100000000004
	Waiting time until service start time: 0.0

	id: 56
		node: 29
		(x, y, z): (86, 40, 1)
		dem: 22
		earl: 0
		lat: 2491
		servt: 10
		pid: 0
		did: 11
		servST: 1032.3100000000004
		(h, h_ind): (-1, 0)
		load: 58.0

	Finished service at time: 1042.3100000000004

	Using Machine: 0
		Task 56 -> Machine 0 (Station 2): 24.52
		Vehicle arrival at machine station: 1066.8300000000004
		Waiting time until machine travel: 0.0

		Machine travel start time: 1066.8300000000004
		Region 1 -> Region 0: 8.06
		Machine arrival at machine station: 1074.8900000000003

		Machine 0 (Station 1)-> Task 124: 40.79
		Vehicle arrival at task: 1115.6800000000003
		Waiting time until service start time: 0.0

	id: 124
		node: 67
		(x, y, z): (85, 111, 0)
		dem: -15
		earl: 952
		lat: 1192
		servt: 10
		pid: 50
		did: 0
		servST: 1115.6800000000003
		(h, h_ind): (0, 5)
		load: 43.0

	Finished service at time: 1125.6800000000003

	Task 124 -> Task 198: 81.6
	Vehicle arrival at task: 1207.2800000000002
	Waiting time until service start time: 0.0

	id: 198
		node: 63
		(x, y, z): (8, 138, 0)
		dem: -8
		earl: 1105
		lat: 1345
		servt: 10
		pid: 41
		did: 0
		servST: 1207.2800000000002
		(h, h_ind): (-1, 0)
		load: 35.0

	Finished service at time: 1217.2800000000002

	Task 198 -> Task 164: 81.32
	Vehicle arrival at task: 1298.6000000000001
	Waiting time until service start time: 0.0

	id: 164
		node: 49
		(x, y, z): (65, 80, 0)
		dem: -13
		earl: 0
		lat: 2514
		servt: 10
		pid: 12
		did: 0
		servST: 1298.6000000000001
		(h, h_ind): (-1, 0)
		load: 22.0

	Finished service at time: 1308.6000000000001

	Task 164 -> Task 18: 16.12
	Vehicle arrival at task: 1324.72
	Waiting time until service start time: 0.0

	id: 18
		node: 11
		(x, y, z): (79, 72, 0)
		dem: 22
		earl: 0
		lat: 2516
		servt: 10
		pid: 0
		did: 138
		servST: 1324.72
		(h, h_ind): (-1, 0)
		load: 44.0

	Finished service at time: 1334.72

	Using Machine: 0
		Task 18 -> Machine 0 (Station 1): 2.24
		Vehicle arrival at machine station: 1336.96
		Waiting time until machine travel: 0.0

		Machine travel start time: 1336.96
		Region 0 -> Region 3: 36.8
		Machine arrival at machine station: 1373.76

		Machine 0 (Station 4)-> Task 138: 2.24
		Vehicle arrival at task: 1376.0
		Waiting time until service start time: 0.0

	id: 138
		node: 51
		(x, y, z): (100, 99, 3)
		dem: -22
		earl: 1136
		lat: 1376
		servt: 10
		pid: 18
		did: 0
		servST: 1376.0
		(h, h_ind): (0, 7)
		load: 22.0

	Finished service at time: 1386.0

	Task 138 -> Task 40: 46.69
	Vehicle arrival at task: 1432.69
	Waiting time until service start time: 0.0

	id: 40
		node: 22
		(x, y, z): (132, 133, 3)
		dem: 24
		earl: 0
		lat: 2437
		servt: 10
		pid: 0
		did: 72
		servST: 1432.69
		(h, h_ind): (-1, 0)
		load: 46.0

	Finished service at time: 1442.69

	Task 40 -> Task 27: 3.16
	Vehicle arrival at task: 1445.8500000000001
	Waiting time until service start time: 0.0

	id: 27
		node: 15
		(x, y, z): (133, 130, 3)
		dem: 13
		earl: 0
		lat: 2438
		servt: 10
		pid: 0
		did: 76
		servST: 1445.8500000000001
		(h, h_ind): (-1, 0)
		load: 59.0

	Finished service at time: 1455.8500000000001

	Using Machine: 4
		Task 27 -> Machine 4 (Station 4): 42.64
		Vehicle arrival at machine station: 1498.4900000000002
		Waiting time until machine travel: 0.0

		Machine travel start time: 1498.4900000000002
		Region 3 -> Region 2: 72.84
		Machine arrival at machine station: 1571.3300000000002

		Machine 4 (Station 3)-> Task 76: 52.84
		Vehicle arrival at task: 1624.17
		Waiting time until service start time: 0.0

	id: 76
		node: 55
		(x, y, z): (9, 19, 2)
		dem: -13
		earl: 1431
		lat: 1671
		servt: 10
		pid: 27
		did: 0
		servST: 1624.1700000000003
		(h, h_ind): (4, 5)
		load: 46.0

	Finished service at time: 1634.1700000000003

	Using Machine: 1
		Task 76 -> Machine 1 (Station 3): 53.85
		Vehicle arrival at machine station: 1688.0200000000002
		Waiting time until machine travel: 0.0

		Machine travel start time: 1688.0200000000002
		Region 2 -> Region 1: 33.97
		Machine arrival at machine station: 1721.9900000000002

		Machine 1 (Station 2)-> Task 72: 35.51
		Vehicle arrival at task: 1757.5000000000002
		Waiting time until service start time: 0.0

	id: 72
		node: 62
		(x, y, z): (88, 29, 1)
		dem: -24
		earl: 0
		lat: 2481
		servt: 10
		pid: 40
		did: 0
		servST: 1757.5000000000002
		(h, h_ind): (1, 2)
		load: 22.0

	Finished service at time: 1767.5000000000002

	Using Machine: 0
		Task 72 -> Machine 0 (Station 2): 35.69
		Vehicle arrival at machine station: 1803.1900000000003
		Waiting time until machine travel: 0.0

		Machine travel start time: 1803.1900000000003
		Region 1 -> Region 0: 8.06
		Machine arrival at machine station: 1811.2500000000002

		Machine 0 (Station 1)-> Task 10: 89.94
		Vehicle arrival at task: 1901.1900000000003
		Waiting time until service start time: 0.0

	id: 10
		node: 8
		(x, y, z): (17, 138, 0)
		dem: 8
		earl: 1670
		lat: 1910
		servt: 10
		pid: 0
		did: 73
		servST: 1901.1900000000003
		(h, h_ind): (0, 9)
		load: 30.0

	Finished service at time: 1911.1900000000003

	Task 10 -> Task 11: 20.0
	Vehicle arrival at task: 1931.1900000000003
	Waiting time until service start time: 0.0

	id: 11
		node: 69
		(x, y, z): (37, 138, 0)
		dem: -22
		earl: 0
		lat: 2450
		servt: 10
		pid: 56
		did: 0
		servST: 1931.1900000000003
		(h, h_ind): (-1, 0)
		load: 8.0

	Finished service at time: 1941.1900000000003

	Task 11 -> Task 73: 38.05
	Vehicle arrival at task: 1979.2400000000002
	Waiting time until service start time: 0.0

	id: 73
		node: 48
		(x, y, z): (39, 100, 0)
		dem: -8
		earl: 0
		lat: 2482
		servt: 10
		pid: 10
		did: 0
		servST: 1979.2400000000002
		(h, h_ind): (-1, 0)
		load: 0.0

	Finished service at time: 1989.2400000000002

	Task 73 -> Task 0: 43.14
	Vehicle arrival at task: 2032.3800000000003
	Waiting time until service start time: 0.0

	id: 0
		node: 82
		(x, y, z): (70, 70, 0)
		dem: 0
		earl: 0
		lat: 2535
		servt: 0
		pid: 0
		did: 0
		servST: 2032.3800000000003
		(h, h_ind): (-1, 0)
		load: 0.0


---------------------| MACHINES |---------------------

Machine 0 :
	setup duration: 0.0

	vehicle: 20
	vehicleInd: 2
	(orig, dest): (0, 41)
	(origRegion, destRegion): (0, 1)
	st: 45.26000000000059
	duration: 8.06

	setup duration: 8.06

	vehicle: 19
	vehicleInd: 4
	(orig, dest): (80, 136)
	(origRegion, destRegion): (0, 3)
	st: 117.02999999999994
	duration: 36.8

	setup duration: 36.8

	vehicle: 2
	vehicleInd: 4
	(orig, dest): (26, 47)
	(origRegion, destRegion): (0, 1)
	st: 265.9200000000002
	duration: 8.06

	setup duration: 39.96

	vehicle: 20
	vehicleInd: 12
	(orig, dest): (95, 50)
	(origRegion, destRegion): (3, 0)
	st: 513.5200000000006
	duration: 36.8

	setup duration: 8.06

	vehicle: 20
	vehicleInd: 18
	(orig, dest): (56, 124)
	(origRegion, destRegion): (1, 0)
	st: 1066.8300000000004
	duration: 8.06

	setup duration: 8.06

	vehicle: 2
	vehicleInd: 14
	(orig, dest): (81, 45)
	(origRegion, destRegion): (1, 0)
	st: 1304.77
	duration: 8.06

	setup duration: 0.0

	vehicle: 20
	vehicleInd: 22
	(orig, dest): (18, 138)
	(origRegion, destRegion): (0, 3)
	st: 1336.96
	duration: 36.8

	setup duration: 36.8

	vehicle: 19
	vehicleInd: 24
	(orig, dest): (5, 23)
	(origRegion, destRegion): (0, 1)
	st: 1462.47
	duration: 8.06

	setup duration: 0.0

	vehicle: 20
	vehicleInd: 27
	(orig, dest): (72, 10)
	(origRegion, destRegion): (1, 0)
	st: 1803.1900000000003
	duration: 8.06

	setup duration: 38.91

	vehicle: 2
	vehicleInd: 29
	(orig, dest): (52, 86)
	(origRegion, destRegion): (2, 0)
	st: 2039.8900000000003
	duration: 38.91


Machine 1 :
	setup duration: 0.0

	vehicle: 19
	vehicleInd: 20
	(orig, dest): (79, 68)
	(origRegion, destRegion): (0, 3)
	st: 997.38
	duration: 38.18

	setup duration: 73.6

	vehicle: 20
	vehicleInd: 26
	(orig, dest): (76, 72)
	(origRegion, destRegion): (2, 1)
	st: 1688.0200000000002
	duration: 33.97

	setup duration: 9.22

	vehicle: 2
	vehicleInd: 28
	(orig, dest): (169, 52)
	(origRegion, destRegion): (0, 2)
	st: 1986.0200000000002
	duration: 36.24


Machine 2 :
	setup duration: 10.0

	vehicle: 2
	vehicleInd: 5
	(orig, dest): (47, 36)
	(origRegion, destRegion): (1, 2)
	st: 328.0500000000002
	duration: 35.38

	setup duration: 73.11

	vehicle: 19
	vehicleInd: 16
	(orig, dest): (122, 78)
	(origRegion, destRegion): (3, 0)
	st: 779.97
	duration: 38.95

	setup duration: 10.0

	vehicle: 19
	vehicleInd: 25
	(orig, dest): (23, 110)
	(origRegion, destRegion): (1, 2)
	st: 1489.0800000000002
	duration: 35.38


Machine 3 :
	setup duration: 11.18

	vehicle: 19
	vehicleInd: 13
	(orig, dest): (43, 32)
	(origRegion, destRegion): (1, 3)
	st: 617.02
	duration: 37.44

	setup duration: 0.0

	vehicle: 19
	vehicleInd: 21
	(orig, dest): (68, 158)
	(origRegion, destRegion): (3, 2)
	st: 1113.33
	duration: 72.92

	setup duration: 0.0

	vehicle: 19
	vehicleInd: 22
	(orig, dest): (158, 55)
	(origRegion, destRegion): (2, 0)
	st: 1311.99
	duration: 33.29

	setup duration: 11.18

	vehicle: 2
	vehicleInd: 27
	(orig, dest): (75, 169)
	(origRegion, destRegion): (1, 0)
	st: 1901.0500000000002
	duration: 11.18


Machine 4 :
	setup duration: 31.62

	vehicle: 2
	vehicleInd: 3
	(orig, dest): (74, 26)
	(origRegion, destRegion): (2, 0)
	st: 100.27000000000018
	duration: 31.62

	setup duration: 31.62

	vehicle: 20
	vehicleInd: 10
	(orig, dest): (192, 38)
	(origRegion, destRegion): (2, 3)
	st: 389.4000000000006
	duration: 72.84

	setup duration: 42.01

	vehicle: 20
	vehicleInd: 13
	(orig, dest): (50, 30)
	(origRegion, destRegion): (0, 2)
	st: 696.1700000000005
	duration: 31.62

	setup duration: 0.0

	vehicle: 20
	vehicleInd: 14
	(orig, dest): (30, 19)
	(origRegion, destRegion): (2, 1)
	st: 859.5500000000005
	duration: 37.44

	setup duration: 36.89

	vehicle: 20
	vehicleInd: 25
	(orig, dest): (27, 76)
	(origRegion, destRegion): (3, 2)
	st: 1498.4900000000002
	duration: 72.84


Machine 5 :
	setup duration: 0.0

	vehicle: 2
	vehicleInd: 2
	(orig, dest): (0, 74)
	(origRegion, destRegion): (0, 2)
	st: 47.84000000000018
	duration: 29.07

	setup duration: 37.59

	vehicle: 20
	vehicleInd: 4
	(orig, dest): (77, 12)
	(origRegion, destRegion): (1, 2)
	st: 133.0700000000006
	duration: 37.59

	setup duration: 71.51

	vehicle: 19
	vehicleInd: 5
	(orig, dest): (136, 42)
	(origRegion, destRegion): (3, 1)
	st: 249.65999999999994
	duration: 36.06

	setup duration: 37.59

	vehicle: 2
	vehicleInd: 6
	(orig, dest): (36, 6)
	(origRegion, destRegion): (2, 3)
	st: 407.88000000000017
	duration: 71.51

	setup duration: 0.0

	vehicle: 2
	vehicleInd: 7
	(orig, dest): (6, 165)
	(origRegion, destRegion): (3, 2)
	st: 590.9900000000001
	duration: 71.51

	setup duration: 0.0

	vehicle: 2
	vehicleInd: 8
	(orig, dest): (165, 44)
	(origRegion, destRegion): (2, 3)
	st: 731.5600000000001
	duration: 71.51

	setup duration: 0.0

	vehicle: 2
	vehicleInd: 9
	(orig, dest): (44, 191)
	(origRegion, destRegion): (3, 1)
	st: 873.89
	duration: 36.06

	setup duration: 0.0

	vehicle: 2
	vehicleInd: 10
	(orig, dest): (191, 13)
	(origRegion, destRegion): (1, 3)
	st: 996.05
	duration: 36.06

	setup duration: 0.0

	vehicle: 2
	vehicleInd: 11
	(orig, dest): (13, 9)
	(origRegion, destRegion): (3, 1)
	st: 1102.93
	duration: 36.06

	setup duration: 14.56

	vehicle: 2
	vehicleInd: 18
	(orig, dest): (58, 82)
	(origRegion, destRegion): (0, 2)
	st: 1489.7700000000002
	duration: 29.07

	setup duration: 0.0

	vehicle: 19
	vehicleInd: 26
	(orig, dest): (110, 0)
	(origRegion, destRegion): (2, 0)
	st: 1621.0300000000002
	duration: 29.07

	setup duration: 29.07

	vehicle: 2
	vehicleInd: 26
	(orig, dest): (87, 75)
	(origRegion, destRegion): (2, 1)
	st: 1813.89
	duration: 37.59


-------------------| COMPL. TIMES |-------------------

Vehicle 0 : 0.0
Vehicle 1 : 0.0
Vehicle 2 : 2097.0600000000004
Vehicle 3 : 0.0
Vehicle 4 : 0.0
Vehicle 5 : 0.0
Vehicle 6 : 0.0
Vehicle 7 : 0.0
Vehicle 8 : 0.0
Vehicle 9 : 0.0
Vehicle 10 : 0.0
Vehicle 11 : 0.0
Vehicle 12 : 0.0
Vehicle 13 : 0.0
Vehicle 14 : 0.0
Vehicle 15 : 0.0
Vehicle 16 : 0.0
Vehicle 17 : 0.0
Vehicle 18 : 0.0
Vehicle 19 : 1645.5100000000002
Vehicle 20 : 1994.1899999999998
Vehicle 21 : 0.0
Vehicle 22 : 0.0
Vehicle 23 : 0.0
Vehicle 24 : 0.0
Vehicle 25 : 0.0
Vehicle 26 : 0.0
Vehicle 27 : 0.0
Vehicle 28 : 0.0
Vehicle 29 : 0.0
Vehicle 30 : 0.0
Vehicle 31 : 0.0
Vehicle 32 : 0.0
Vehicle 33 : 0.0
Vehicle 34 : 0.0
Vehicle 35 : 0.0
Vehicle 36 : 0.0
Vehicle 37 : 0.0
Vehicle 38 : 0.0
Vehicle 39 : 0.0
-------------------| STATISTICS |-------------------

    Vehicles used                           : 7.5
    Machines used                           : 100.0
    Max load (vehicles)                     : 100.0
    Min load (vehicles)                     : 92.3077
    Mean load (vehicles)                    : 97.4359
    Min completion time                     : 64.9116
    Max completion time                     : 82.7243
    Mean completion time                    : 75.4341
    Avrg travel time (with vehicle)         : 13.4485
    Avrg travel time (only with vehicle)    : 8.7976
    Avrg travel time (no vehicle)           : 4.6509
    Avrg waiting time (machine travel)      : 2.2299
    Avrg waiting time (service)             : 2.2299
    Machines travel times (with vehicle)    : [14.7661, 7.5428, 8.0008, 6.9897, 15.3254, 28.0663]
    Machines travel times (no vehicle)      : [6.9684, 3.2671, 3.673, 0.8821, 5.6071, 7.5077]
    Max load per vehicle                    : [0.0, 0.0, 100.0, 0.0, 0.0, 0.0, 0.0, 0.0, 0.0, 0.0, 0.0, 0.0, 0.0, 0.0, 0.0, 0.0, 0.0, 0.0, 0.0, 92.3077, 100.0, 0.0, 0.0, 0.0, 0.0, 0.0, 0.0, 0.0, 0.0, 0.0, 0.0, 0.0, 0.0, 0.0, 0.0, 0.0, 0.0, 0.0, 0.0, 0.0]

----------------------------------------------------

TOTAL: 5736.76

Everything is awesome!
