-------------------| STATISTICS |-------------------

Vehicles used                           : 41.6667
Machines used                           : 100.0
Max load (vehicles)                     : 86.8421
Min load (vehicles)                     : 37.931
Mean load (vehicles)                    : 61.7551
Min completion time                     : 47.5826
Max completion time                     : 84.3304
Mean completion time                    : 69.5104
Avrg travel time (with vehicle)         : 35.8971
Avrg travel time (only with vehicle)    : 21.8986
Avrg travel time (no vehicle)           : 13.9986
Avrg waiting time (machine travel)      : 0.1852
Avrg waiting time (service)             : 0.1516
Machines travel times (with vehicle)    : [66.4609, 19.9957, 21.2348]
Machines travel times (no vehicle)      : [36.687, 0.0, 5.3087]
Max load per vehicle                    : [0.0, 64.5833, 37.931, 86.8421, 76.3158, 0.0, 0.0, 0.0, 0.0, 0.0, 43.1034, 0.0]

----------------------------------------------------

TOTAL: 799.3700000000001

Everything is awesome!
