-------------------| STATISTICS |-------------------

Vehicles used                           : 25.0
Machines used                           : 100.0
Max load (vehicles)                     : 100.0
Min load (vehicles)                     : 65.7895
Mean load (vehicles)                    : 82.8947
Min completion time                     : 39.867
Max completion time                     : 47.938
Mean completion time                    : 43.9025
Avrg travel time (with vehicle)         : 3.5
Avrg travel time (only with vehicle)    : 2.3333
Avrg travel time (no vehicle)           : 1.1667
Avrg waiting time (machine travel)      : 0.0
Avrg waiting time (service)             : 0.0
Machines travel times (with vehicle)    : [2.0, 5.0, 3.5]
Machines travel times (no vehicle)      : [0.5, 1.5, 1.5]
Max load per vehicle                    : [0.0, 0.0, 100.0, 0.0, 65.7895, 0.0, 0.0, 0.0]

----------------------------------------------------

TOTAL: 878.05

Everything is awesome!
