Set parameter WLSAccessID
Set parameter WLSSecret
Set parameter LicenseID to value 2661775
Academic license 2661775 - for non-commercial use only - registered to me___@dcc.ufba.br
Loading line 2: methodType heur
Loading line 3: methodCode mslp
Loading line 4: seed 0
Loading line 5: threads 1
Loading line 6: greedy_service_order random
Loading line 7: outputFlagGrbMSLP 0
Loading line 8: mslpa 60000
Loading line 9: mslpr I
Loading line 10: maxtime 3600
Loading line 11: output ./logs/
Loading line 12: printsol 1
Loading line 13: solverMethod A
Instance: lr106_t1_12R_12V_04F_03M

[11:13:07.616] Running Data.readData with file /dados/rmelo/PDPTW-SE/benchmark_multi_floor_v3/official_experiments/multistartlp/preliminar/set_01_pt_03/../../../../instances/orig_ams_fg/12R_12V_04F_04M/t1/lr106/
vehicles: Vehicle[Vehicle(0, 34), Vehicle(1, 43), Vehicle(2, 52), Vehicle(3, 52), Vehicle(4, 43), Vehicle(5, 34), Vehicle(6, 52), Vehicle(7, 43), Vehicle(8, 52), Vehicle(9, 34), Vehicle(10, 52), Vehicle(11, 43)]
vehicle_types: Vehicle[Vehicle(0, 34), Vehicle(1, 43), Vehicle(2, 52)]
Machine[Machine(0, Point[Point(36, 35, 0), Point(36, 35, 1), Point(36, 35, 2), Point(36, 35, 3)], 0.2), Machine(1, Point[Point(38, 35, 0), Point(38, 35, 1), Point(38, 35, 2), Point(38, 35, 3)], 0.2), Machine(2, Point[Point(34, 35, 0), Point(34, 35, 1), Point(34, 35, 2), Point(34, 35, 3)], 0.2)]
refs: [1, 3, 4, 5, 6, 7, 8, 10, 11, 13, 14, 15, 16, 21, 18, 25, 9, 17, 24, 23, 19, 12, 20, 22, 2, 1]
V: [1, 2, 3, 4, 5, 6, 7, 8, 9, 10, 11, 12, 13, 14, 15, 16, 17, 18, 19, 20, 21, 22, 23, 24, 25]
V_p: [2, 3, 4, 5, 6, 7, 8, 9, 10, 11, 12, 13]
V_d: [14, 15, 16, 17, 18, 19, 20, 21, 22, 23, 24, 25]
Vprime: [1, 2, 3, 4, 5, 6, 7, 8, 9, 10, 11, 12, 13, 14, 15, 16, 17, 18, 19, 20, 21, 22, 23, 24, 25, 26]
V: [1, 2, 3, 4, 5, 6, 7, 8, 9, 10, 11, 12, 13, 14, 15, 16, 17, 18, 19, 20, 21, 22, 23, 24, 25]
q: [0, 13, 26, 3, 9, 16, 8, 17, 11, 17, 16, 9, 21, -13, -26, -3, -9, -16, -8, -17, -11, -17, -16, -9, -21, 0]
H: [1, 2, 3]
f: [[1, 1, 1], [4, 4, 4], [2, 2, 2], [2, 2, 2], [3, 3, 3], [4, 4, 4], [2, 2, 2], [3, 3, 3], [1, 1, 1], [1, 1, 1], [3, 3, 3], [1, 1, 1], [1, 1, 1], [2, 2, 2], [4, 4, 4], [3, 3, 3], [1, 1, 1], [4, 4, 4], [2, 2, 2], [4, 4, 4], [3, 3, 3], [2, 2, 2], [2, 2, 2], [3, 3, 3], [2, 2, 2], [1, 1, 1]]
1 1 1 -> 0.0
1 2 1 -> 5.0
1 3 1 -> 10.0
1 4 1 -> 15.0
2 1 1 -> 5.0
2 2 1 -> 0.0
2 3 1 -> 5.0
2 4 1 -> 10.0
3 1 1 -> 10.0
3 2 1 -> 5.0
3 3 1 -> 0.0
3 4 1 -> 5.0
4 1 1 -> 15.0
4 2 1 -> 10.0
4 3 1 -> 5.0
4 4 1 -> 0.0
1 1 2 -> 0.0
1 2 2 -> 5.0
1 3 2 -> 10.0
1 4 2 -> 15.0
2 1 2 -> 5.0
2 2 2 -> 0.0
2 3 2 -> 5.0
2 4 2 -> 10.0
3 1 2 -> 10.0
3 2 2 -> 5.0
3 3 2 -> 0.0
3 4 2 -> 5.0
4 1 2 -> 15.0
4 2 2 -> 10.0
4 3 2 -> 5.0
4 4 2 -> 0.0
1 1 3 -> 0.0
1 2 3 -> 5.0
1 3 3 -> 10.0
1 4 3 -> 15.0
2 1 3 -> 5.0
2 2 3 -> 0.0
2 3 3 -> 5.0
2 4 3 -> 10.0
3 1 3 -> 10.0
3 2 3 -> 5.0
3 3 3 -> 0.0
3 4 3 -> 5.0
4 1 3 -> 15.0
4 2 3 -> 10.0
4 3 3 -> 5.0
4 4 3 -> 0.0
o: (1, 2, 3) => 5.0
o: (3, 1, 3) => 10.0
o: (3, 2, 3) => 5.0
o: (2, 1, 1) => 5.0
o: (1, 3, 2) => 10.0
o: (1, 4, 2) => 15.0
o: (2, 2, 1) => 0.0
o: (3, 3, 2) => 0.0
o: (3, 4, 2) => 5.0
o: (4, 3, 3) => 5.0
o: (4, 4, 3) => 0.0
o: (1, 3, 1) => 10.0
o: (1, 1, 2) => 0.0
o: (1, 4, 1) => 15.0
o: (3, 3, 1) => 0.0
o: (1, 2, 2) => 5.0
o: (3, 1, 2) => 10.0
o: (3, 4, 1) => 5.0
o: (4, 1, 3) => 15.0
o: (3, 2, 2) => 5.0
o: (4, 2, 3) => 10.0
o: (1, 1, 1) => 0.0
o: (2, 3, 3) => 5.0
o: (2, 4, 3) => 10.0
o: (4, 3, 2) => 5.0
o: (1, 2, 1) => 5.0
o: (3, 1, 1) => 10.0
o: (4, 4, 2) => 0.0
o: (3, 2, 1) => 5.0
o: (2, 1, 3) => 5.0
o: (4, 3, 1) => 5.0
o: (4, 1, 2) => 15.0
o: (4, 4, 1) => 0.0
o: (2, 2, 3) => 0.0
o: (4, 2, 2) => 10.0
o: (2, 3, 2) => 5.0
o: (2, 4, 2) => 10.0
o: (1, 3, 3) => 10.0
o: (1, 4, 3) => 15.0
o: (4, 1, 1) => 15.0
o: (3, 3, 3) => 0.0
o: (3, 4, 3) => 5.0
o: (4, 2, 1) => 10.0
o: (2, 3, 1) => 5.0
o: (2, 1, 2) => 5.0
o: (2, 4, 1) => 10.0
o: (1, 1, 3) => 0.0
o: (2, 2, 2) => 0.0

[79, 328, 318, 286, 276, 291, 261, 16]
JOBS in the order of refs (Vprime)
Node 1: Job(0, Point(35, 35, 0), 0, 0, 230, 0, 0, 0)
Node 2: Job(3, Point(55, 45, 3), 13, 0, 197, 10, 0, 77)
Node 3: Job(5, Point(15, 30, 1), 26, 0, 199, 10, 0, 60)
Node 4: Job(6, Point(25, 30, 1), 3, 89, 119, 10, 0, 89)
Node 5: Job(8, Point(10, 43, 2), 9, 85, 115, 10, 0, 17)
Node 6: Job(9, Point(55, 60, 3), 16, 87, 117, 10, 0, 35)
Node 7: Job(15, Point(30, 5, 1), 8, 51, 81, 10, 0, 87)
Node 8: Job(19, Point(15, 60, 2), 17, 66, 96, 10, 0, 82)
Node 9: Job(21, Point(45, 20, 0), 11, 0, 201, 10, 0, 67)
Node 10: Job(26, Point(45, 30, 0), 17, 0, 208, 10, 0, 22)
Node 11: Job(28, Point(41, 37, 2), 16, 29, 59, 10, 0, 73)
Node 12: Job(29, Point(64, 42, 0), 9, 53, 83, 10, 0, 78)
Node 13: Job(30, Point(40, 60, 0), 21, 61, 91, 10, 0, 1)
Node 14: Job(77, Point(53, 43, 1), -13, 169, 199, 10, 3, 0)
Node 15: Job(60, Point(17, 34, 3), -26, 152, 182, 10, 5, 0)
Node 16: Job(89, Point(26, 35, 2), -3, 166, 196, 10, 6, 0)
Node 17: Job(17, Point(5, 30, 0), -9, 147, 177, 10, 8, 0)
Node 18: Job(35, Point(63, 65, 3), -16, 133, 163, 10, 9, 0)
Node 19: Job(87, Point(28, 18, 1), -8, 83, 113, 10, 15, 0)
Node 20: Job(82, Point(15, 47, 3), -17, 0, 196, 10, 19, 0)
Node 21: Job(67, Point(67, 5, 2), -11, 73, 103, 10, 21, 0)
Node 22: Job(22, Point(45, 10, 1), -17, 87, 117, 10, 26, 0)
Node 23: Job(73, Point(44, 17, 1), -16, 68, 98, 10, 28, 0)
Node 24: Job(78, Point(61, 52, 2), -9, 99, 129, 10, 29, 0)
Node 25: Job(1, Point(41, 49, 1), -21, 0, 204, 10, 30, 0)
Node 26: Job(0, Point(35, 35, 0), 0, 0, 230, 0, 0, 0)

### Preprocessing Data ###
	-> arcs: 676 (100.0%)
	-> arc_removals: 599 (88.61%)
	-> arc_removals_is_loop: 26 (3.85%)
	-> arc_removals_is_delivery_to_pickup: 14 (2.07%)
	-> arc_removals_is_depot_begin_to_delivery: 12 (1.78%)
	-> arc_removals_is_pickup_to_depot_end: 12 (1.78%)
	-> arc_removals_is_dest_depot_begin: 24 (3.55%)
	-> arc_removals_is_orig_depot_end: 23 (3.4%)
	-> arc_removals_is_capacity_violated: 0 (0.0%)
	-> arc_removals_is_time_window_limited: 326 (48.22%)
	-> arc_removals_is_time_window_pairing_limited: 154 (22.78%)
	-> arc_removals_is_indirect_request_service_impossible: 8 (1.18%)
	-> gamma_vars: 0 (0%)
	-> feas_gamma_vars: 0 (0%)
	-> infeas_gamma_vars_is_next_mtrv_unreachable: 0 (0%)
	-> infeas_gamma_vars_is_iprime_jprime_eq_i_j: 0 (0%)
	-> machine_removal_for_an_arc: 0 (0.0%)
##########################

[11:13:17.436] Print configuration
------------------------------------------------------
"
[11:13:17.436] Running Multi Start Heuristic"
> Experiment started at 2025-10-08T11:13:17.436
> Instance: lr106_t1_12R_12V_04F_03M
> Algorithm Parameters:


	>Stop params:
		>  - rule ITERATIONS
		>  - argument 60000.0
		>  - maximum_time 3600

	>General params:
		>  - instPath /dados/rmelo/PDPTW-SE/benchmark_multi_floor_v3/official_experiments/multistartlp/preliminar/set_01_pt_03/../../../../instances/orig_ams_fg/12R_12V_04F_04M/t1/lr106/
		>  - name lr106
		>  - type t1
		>  - group 12R_12V_04F_03M
		>  - fullname lr106_t1_12R_12V_04F_03M
		>  - methodType heur
		>  - methodCode mslp
		>  - genconfigfile /dados/rmelo/PDPTW-SE/benchmark_multi_floor_v3/official_experiments/multistartlp/preliminar/set_01_pt_03/configs/genconfig_mslp.conf
		>  - genconfigfilename genconfig_mslp
		>  - greedy_service_order random
		>  - cutoff 0
		>  - cutoffmachs 3
		>  - num_machs 0
		>  - solver Gurobi
		>  - maxtime 3600
		>  - gurobiCuts 1
		>  - typeUserCut 0
		>  - mipPresolve -1
		>  - printsol 1
		>  - maxnodes -1
		>  - elevator 1
		>  - make_instance_feasible false
		>  - output /dados/rmelo/PDPTW-SE/benchmark_multi_floor_v3/official_experiments/multistartlp/preliminar/set_01_pt_03/logs
		>  - suff_outputs _seed_45_alpha_05p
		>  - suff_csv _bash_1
		>  - epsilon 0.005
		>  - epsilonCap 0.5
		>  - warmStart false
		>  - seed 45
		>  - rng Random.MersenneTwister(45)
		>  - alpha 0.05
		>  - maxiter 1000000
		>  - outputFlagGrbMIP 0
		>  - outputFlagGrbMSLP 0
		>  - outputFlagGrbLMNS 0
		>  - mslpr I
		>  - mslpa 60000
		>  - lmnsr M
		>  - lmnsa 60
		>  - lmnsRepairTime 30.0
		>  - lmnsMIPFocus 0
		>  - lmnsGapToBiggerDestruction 50
		>  - lmnsGapToSmallerDestruction 95
		>  - lmnsWeightShawDistProx 1.0
		>  - lmnsWeightShawEarlProx 1.0
		>  - lmnsWeightShawSameRoute 1.0
		>  - lmnsWeightShawDemandSim 1.0
		>  - lmnsReqRApplyMIPStart true
		>  - lmnsAcceptanceCriteria H
		>  - lmnsMetropolisTemp 100.0
		>  - lmnsSimulatedAnnealingTemp 100.0
		>  - lmnsSimulatedAnnealingCool 0.95
		>  - mipmaxtime 3600
		>  - csvfilename /dados/rmelo/PDPTW-SE/benchmark_multi_floor_v3/official_experiments/multistartlp/preliminar/set_01_pt_03/logs/heur_mslp/outputs/csvresults_heur_mslp_bash_1.csv
		>  - solfilename /dados/rmelo/PDPTW-SE/benchmark_multi_floor_v3/official_experiments/multistartlp/preliminar/set_01_pt_03/logs/heur_mslp/solutions/12R_12V_04F_03M/lr106_sol_genconfig_mslp_seed_45_alpha_05p.txt
		>  - timelineFilename /dados/rmelo/PDPTW-SE/benchmark_multi_floor_v3/official_experiments/multistartlp/preliminar/set_01_pt_03/logs/heur_mslp/timelines/12R_12V_04F_03M/lr106_timeline_genconfig_mslp_seed_45_alpha_05p.txt
		>  - grbFilename /dados/rmelo/PDPTW-SE/benchmark_multi_floor_v3/official_experiments/multistartlp/preliminar/set_01_pt_03/logs/heur_mslp/gurobi/12R_12V_04F_03M/lr106_grb_genconfig_mslp_seed_45_alpha_05p.log
		>  - threads 1
		>  - solverMethod AUTOMATIC

------------------------------------------------------

[11:13:17.541] Starting running MSLP
objValue;greedysol;iteration;time
1653.52;1872.18;1;0.003446
1572.81;1759.03;9;0.291884
1522.15;1670.66;12;0.296390
1490.04;1706.58;41;0.318590
1467.97;1674.42;273;0.620460
1441.71;1671.56;365;0.738050
1434.22;1703.46;1926;2.864165
1433.64;1709.46;7371;9.898228
1430.75;1704.11;7617;10.223733
1429.32;1715.75;15870;20.891402
1424.02;1703.36;19108;25.206420
1421.71;1709.89;33151;43.805368
1418.71;1703.46;35261;46.576274

[11:14:45.736] Finished running MSLP
System CPU time: 8.45 seconds

[11:14:45.806] Post running MSLP
Best solution value: 1418.71
Total time elapsed: 79.117222
Time to best: 46.576274
Iterations: 60000
Iterations to best: 35261
Improvements: 13
Infeasible solutions percentage: (41020 / 60000) = 68.3667 %
(LP improvements)/(LP runs) = 18980/18980 = 100.0000 %
Mean LP improvement percentage: 11.3972 %
[11:14:46.047] Writing results to CSV file: /dados/rmelo/PDPTW-SE/benchmark_multi_floor_v3/official_experiments/multistartlp/preliminar/set_01_pt_03/logs/heur_mslp/outputs/csvresults_heur_mslp_bash_1.csv

[11:14:48.044] Saving solution to file:/dados/rmelo/PDPTW-SE/benchmark_multi_floor_v3/official_experiments/multistartlp/preliminar/set_01_pt_03/logs/heur_mslp/solutions/12R_12V_04F_03M/lr106_sol_genconfig_mslp_seed_45_alpha_05p.txt

[11:14:48.045] Saving solution timeline to file: /dados/rmelo/PDPTW-SE/benchmark_multi_floor_v3/official_experiments/multistartlp/preliminar/set_01_pt_03/logs/heur_mslp/timelines/12R_12V_04F_03M/lr106_timeline_genconfig_mslp_seed_45_alpha_05p.txt
---------------------| VEHICLES |---------------------

Vehicle 0 :
	id: 0
		node: 1
		(x, y, z): (35, 35, 0)
		dem: 0
		earl: 0
		lat: 230
		servt: 0
		pid: 0
		did: 0
		servST: 38.13999999999999
		(h, h_ind): (-1, 0)
		load: 0.0

	Finished service at time: 38.13999999999999

	Task 0 -> Task 30: 25.5
	Vehicle arrival at task: 63.63999999999999
	Waiting time until service start time: 0.0

	id: 30
		node: 13
		(x, y, z): (40, 60, 0)
		dem: 21
		earl: 61
		lat: 91
		servt: 10
		pid: 0
		did: 1
		servST: 63.63999999999999
		(h, h_ind): (-1, 0)
		load: 21.0

	Finished service at time: 73.63999999999999

	Using Machine: 2
		Task 30 -> Machine 2 (Station 1): 25.71
		Vehicle arrival at machine station: 99.35
		Waiting time until machine travel: 0.0

		Machine travel start time: 99.35
		Region 0 -> Region 1: 5.0
		Machine arrival at machine station: 104.35

		Machine 2 (Station 2)-> Task 6: 10.3
		Vehicle arrival at task: 114.64999999999999
		Waiting time until service start time: 0.0

	id: 6
		node: 4
		(x, y, z): (25, 30, 1)
		dem: 3
		earl: 89
		lat: 119
		servt: 10
		pid: 0
		did: 89
		servST: 114.64999999999999
		(h, h_ind): (2, 3)
		load: 24.0

	Finished service at time: 124.64999999999999

	Task 6 -> Task 1: 24.84
	Vehicle arrival at task: 149.48999999999998
	Waiting time until service start time: 0.0

	id: 1
		node: 25
		(x, y, z): (41, 49, 1)
		dem: -21
		earl: 0
		lat: 204
		servt: 10
		pid: 30
		did: 0
		servST: 149.49
		(h, h_ind): (-1, 0)
		load: 3.0

	Finished service at time: 159.49

	Using Machine: 0
		Task 1 -> Machine 0 (Station 2): 14.87
		Vehicle arrival at machine station: 174.36
		Waiting time until machine travel: 0.0

		Machine travel start time: 174.36
		Region 1 -> Region 2: 5.0
		Machine arrival at machine station: 179.36

		Machine 0 (Station 3)-> Task 89: 10.0
		Vehicle arrival at task: 189.36
		Waiting time until service start time: 0.0

	id: 89
		node: 16
		(x, y, z): (26, 35, 2)
		dem: -3
		earl: 166
		lat: 196
		servt: 10
		pid: 6
		did: 0
		servST: 189.36
		(h, h_ind): (0, 6)
		load: 0.0

	Finished service at time: 199.36

	Using Machine: 2
		Task 89 -> Machine 2 (Station 3): 8.0
		Vehicle arrival at machine station: 207.36
		Waiting time until machine travel: 0.0

		Machine travel start time: 207.36
		Region 2 -> Region 0: 10.0
		Machine arrival at machine station: 217.36

		Machine 2 (Station 1)-> Task 0: 1.0
		Vehicle arrival at task: 218.36
		Waiting time until service start time: 0.0

	id: 0
		node: 26
		(x, y, z): (35, 35, 0)
		dem: 0
		earl: 0
		lat: 230
		servt: 0
		pid: 0
		did: 0
		servST: 218.36
		(h, h_ind): (2, 8)
		load: 0.0


Vehicle 1 :
	id: 0
		node: 1
		(x, y, z): (35, 35, 0)
		dem: 0
		earl: 0
		lat: 230
		servt: 0
		pid: 0
		did: 0
		servST: 0.0
		(h, h_ind): (-1, 0)
		load: 0.0

	Finished service at time: 0.0

	Task 0 -> Task 26: 11.18
	Vehicle arrival at task: 11.18
	Waiting time until service start time: 0.0

	id: 26
		node: 10
		(x, y, z): (45, 30, 0)
		dem: 17
		earl: 0
		lat: 208
		servt: 10
		pid: 0
		did: 22
		servST: 11.18
		(h, h_ind): (-1, 0)
		load: 17.0

	Finished service at time: 21.18

	Using Machine: 0
		Task 26 -> Machine 0 (Station 1): 10.3
		Vehicle arrival at machine station: 31.48
		Waiting time until machine travel: 0.0

		Machine travel start time: 31.48
		Region 0 -> Region 2: 10.0
		Machine arrival at machine station: 41.480000000000004

		Machine 0 (Station 3)-> Task 28: 5.39
		Vehicle arrival at task: 46.870000000000005
		Waiting time until service start time: 0.0

	id: 28
		node: 11
		(x, y, z): (41, 37, 2)
		dem: 16
		earl: 29
		lat: 59
		servt: 10
		pid: 0
		did: 73
		servST: 46.870000000000005
		(h, h_ind): (0, 2)
		load: 33.0

	Finished service at time: 56.870000000000005

	Using Machine: 1
		Task 28 -> Machine 1 (Station 3): 3.61
		Vehicle arrival at machine station: 60.480000000000004
		Waiting time until machine travel: 0.0

		Machine travel start time: 60.480000000000004
		Region 2 -> Region 1: 5.0
		Machine arrival at machine station: 65.48

		Machine 1 (Station 2)-> Task 73: 18.97
		Vehicle arrival at task: 84.45
		Waiting time until service start time: 0.0

	id: 73
		node: 23
		(x, y, z): (44, 17, 1)
		dem: -16
		earl: 68
		lat: 98
		servt: 10
		pid: 28
		did: 0
		servST: 84.45
		(h, h_ind): (1, 3)
		load: 17.0

	Finished service at time: 94.45

	Task 73 -> Task 22: 7.07
	Vehicle arrival at task: 101.52000000000001
	Waiting time until service start time: 0.0

	id: 22
		node: 22
		(x, y, z): (45, 10, 1)
		dem: -17
		earl: 87
		lat: 117
		servt: 10
		pid: 26
		did: 0
		servST: 101.52000000000001
		(h, h_ind): (-1, 0)
		load: 0.0

	Finished service at time: 111.52000000000001

	Using Machine: 2
		Task 22 -> Machine 2 (Station 2): 27.31
		Vehicle arrival at machine station: 138.83
		Waiting time until machine travel: 0.0

		Machine travel start time: 138.83
		Region 1 -> Region 0: 5.0
		Machine arrival at machine station: 143.83

		Machine 2 (Station 1)-> Task 0: 1.0
		Vehicle arrival at task: 144.83
		Waiting time until service start time: 0.0

	id: 0
		node: 26
		(x, y, z): (35, 35, 0)
		dem: 0
		earl: 0
		lat: 230
		servt: 0
		pid: 0
		did: 0
		servST: 144.83
		(h, h_ind): (2, 6)
		load: 0.0


Vehicle 3 :
	id: 0
		node: 1
		(x, y, z): (35, 35, 0)
		dem: 0
		earl: 0
		lat: 230
		servt: 0
		pid: 0
		did: 0
		servST: 48.349999999999994
		(h, h_ind): (-1, 0)
		load: 0.0

	Finished service at time: 48.349999999999994

	Using Machine: 2
		Task 0 -> Machine 2 (Station 1): 1.0
		Vehicle arrival at machine station: 49.349999999999994
		Waiting time until machine travel: 0.0

		Machine travel start time: 49.349999999999994
		Region 0 -> Region 2: 10.0
		Machine arrival at machine station: 59.349999999999994

		Machine 2 (Station 3)-> Task 8: 25.3
		Vehicle arrival at task: 84.64999999999999
		Waiting time until service start time: 0.35

	id: 8
		node: 5
		(x, y, z): (10, 43, 2)
		dem: 9
		earl: 85
		lat: 115
		servt: 10
		pid: 0
		did: 17
		servST: 85.0
		(h, h_ind): (2, 1)
		load: 9.0

	Finished service at time: 95.0

	Using Machine: 2
		Task 8 -> Machine 2 (Station 3): 25.3
		Vehicle arrival at machine station: 120.3
		Waiting time until machine travel: 0.0

		Machine travel start time: 120.3
		Region 2 -> Region 0: 10.0
		Machine arrival at machine station: 130.3

		Machine 2 (Station 1)-> Task 17: 29.43
		Vehicle arrival at task: 159.73000000000002
		Waiting time until service start time: -0.0

	id: 17
		node: 17
		(x, y, z): (5, 30, 0)
		dem: -9
		earl: 147
		lat: 177
		servt: 10
		pid: 8
		did: 0
		servST: 159.73
		(h, h_ind): (2, 5)
		load: 0.0

	Finished service at time: 169.73

	Task 17 -> Task 0: 30.41
	Vehicle arrival at task: 200.14
	Waiting time until service start time: 0.0

	id: 0
		node: 26
		(x, y, z): (35, 35, 0)
		dem: 0
		earl: 0
		lat: 230
		servt: 0
		pid: 0
		did: 0
		servST: 200.14
		(h, h_ind): (-1, 0)
		load: 0.0


Vehicle 4 :
	id: 0
		node: 1
		(x, y, z): (35, 35, 0)
		dem: 0
		earl: 0
		lat: 230
		servt: 0
		pid: 0
		did: 0
		servST: 13.869999999999987
		(h, h_ind): (-1, 0)
		load: 0.0

	Finished service at time: 13.869999999999987

	Using Machine: 0
		Task 0 -> Machine 0 (Station 1): 1.0
		Vehicle arrival at machine station: 14.869999999999987
		Waiting time until machine travel: 0.0

		Machine travel start time: 14.869999999999987
		Region 0 -> Region 1: 5.0
		Machine arrival at machine station: 19.869999999999987

		Machine 0 (Station 2)-> Task 5: 21.59
		Vehicle arrival at task: 41.45999999999999
		Waiting time until service start time: 0.0

	id: 5
		node: 3
		(x, y, z): (15, 30, 1)
		dem: 26
		earl: 0
		lat: 199
		servt: 10
		pid: 0
		did: 60
		servST: 41.45999999999999
		(h, h_ind): (0, 1)
		load: 26.0

	Finished service at time: 51.45999999999999

	Task 5 -> Task 15: 29.15
	Vehicle arrival at task: 80.60999999999999
	Waiting time until service start time: 0.0

	id: 15
		node: 7
		(x, y, z): (30, 5, 1)
		dem: 8
		earl: 51
		lat: 81
		servt: 10
		pid: 0
		did: 87
		servST: 80.60999999999999
		(h, h_ind): (-1, 0)
		load: 34.0

	Finished service at time: 90.60999999999999

	Task 15 -> Task 87: 13.15
	Vehicle arrival at task: 103.75999999999999
	Waiting time until service start time: 0.0

	id: 87
		node: 19
		(x, y, z): (28, 18, 1)
		dem: -8
		earl: 83
		lat: 113
		servt: 10
		pid: 15
		did: 0
		servST: 103.75999999999999
		(h, h_ind): (-1, 0)
		load: 26.0

	Finished service at time: 113.75999999999999

	Using Machine: 0
		Task 87 -> Machine 0 (Station 2): 18.79
		Vehicle arrival at machine station: 132.54999999999998
		Waiting time until machine travel: 0.0

		Machine travel start time: 132.54999999999998
		Region 1 -> Region 3: 10.0
		Machine arrival at machine station: 142.54999999999998

		Machine 0 (Station 4)-> Task 60: 19.03
		Vehicle arrival at task: 161.57999999999998
		Waiting time until service start time: 0.0

	id: 60
		node: 15
		(x, y, z): (17, 34, 3)
		dem: -26
		earl: 152
		lat: 182
		servt: 10
		pid: 5
		did: 0
		servST: 161.57999999999998
		(h, h_ind): (0, 4)
		load: 0.0

	Finished service at time: 171.57999999999998

	Using Machine: 1
		Task 60 -> Machine 1 (Station 4): 21.02
		Vehicle arrival at machine station: 192.6
		Waiting time until machine travel: 0.0

		Machine travel start time: 192.6
		Region 3 -> Region 0: 15.0
		Machine arrival at machine station: 207.6

		Machine 1 (Station 1)-> Task 0: 3.0
		Vehicle arrival at task: 210.6
		Waiting time until service start time: 0.0

	id: 0
		node: 26
		(x, y, z): (35, 35, 0)
		dem: 0
		earl: 0
		lat: 230
		servt: 0
		pid: 0
		did: 0
		servST: 210.6
		(h, h_ind): (1, 7)
		load: 0.0


Vehicle 5 :
	id: 0
		node: 1
		(x, y, z): (35, 35, 0)
		dem: 0
		earl: 0
		lat: 230
		servt: 0
		pid: 0
		did: 0
		servST: 20.97999999999999
		(h, h_ind): (-1, 0)
		load: 0.0

	Finished service at time: 20.97999999999999

	Using Machine: 1
		Task 0 -> Machine 1 (Station 1): 3.0
		Vehicle arrival at machine station: 23.97999999999999
		Waiting time until machine travel: 0.0

		Machine travel start time: 23.97999999999999
		Region 0 -> Region 2: 10.0
		Machine arrival at machine station: 33.97999999999999

		Machine 1 (Station 3)-> Task 19: 33.97
		Vehicle arrival at task: 67.94999999999999
		Waiting time until service start time: 0.0

	id: 19
		node: 8
		(x, y, z): (15, 60, 2)
		dem: 17
		earl: 66
		lat: 96
		servt: 10
		pid: 0
		did: 82
		servST: 67.94999999999999
		(h, h_ind): (1, 1)
		load: 17.0

	Finished service at time: 77.94999999999999

	Using Machine: 2
		Task 19 -> Machine 2 (Station 3): 31.4
		Vehicle arrival at machine station: 109.35
		Waiting time until machine travel: 0.0

		Machine travel start time: 109.35
		Region 2 -> Region 3: 5.0
		Machine arrival at machine station: 114.35

		Machine 2 (Station 4)-> Task 82: 22.47
		Vehicle arrival at task: 136.82
		Waiting time until service start time: 0.0

	id: 82
		node: 20
		(x, y, z): (15, 47, 3)
		dem: -17
		earl: 0
		lat: 196
		servt: 10
		pid: 19
		did: 0
		servST: 136.82
		(h, h_ind): (2, 4)
		load: 0.0

	Finished service at time: 146.82

	Using Machine: 2
		Task 82 -> Machine 2 (Station 4): 22.47
		Vehicle arrival at machine station: 169.29
		Waiting time until machine travel: 0.0

		Machine travel start time: 169.29
		Region 3 -> Region 0: 15.0
		Machine arrival at machine station: 184.29

		Machine 2 (Station 1)-> Task 0: 1.0
		Vehicle arrival at task: 185.29
		Waiting time until service start time: 0.0

	id: 0
		node: 26
		(x, y, z): (35, 35, 0)
		dem: 0
		earl: 0
		lat: 230
		servt: 0
		pid: 0
		did: 0
		servST: 185.29
		(h, h_ind): (2, 7)
		load: 0.0


Vehicle 6 :
	id: 0
		node: 1
		(x, y, z): (35, 35, 0)
		dem: 0
		earl: 0
		lat: 230
		servt: 0
		pid: 0
		did: 0
		servST: 0.0
		(h, h_ind): (-1, 0)
		load: 0.0

	Finished service at time: 0.0

	Task 0 -> Task 21: 18.03
	Vehicle arrival at task: 18.03
	Waiting time until service start time: 0.0

	id: 21
		node: 9
		(x, y, z): (45, 20, 0)
		dem: 11
		earl: 0
		lat: 201
		servt: 10
		pid: 0
		did: 67
		servST: 18.03
		(h, h_ind): (-1, 0)
		load: 11.0

	Finished service at time: 28.03

	Using Machine: 1
		Task 21 -> Machine 1 (Station 1): 16.55
		Vehicle arrival at machine station: 44.58
		Waiting time until machine travel: 0.0

		Machine travel start time: 44.58
		Region 0 -> Region 2: 10.0
		Machine arrival at machine station: 54.58

		Machine 1 (Station 3)-> Task 67: 41.73
		Vehicle arrival at task: 96.31
		Waiting time until service start time: 0.0

	id: 67
		node: 21
		(x, y, z): (67, 5, 2)
		dem: -11
		earl: 73
		lat: 103
		servt: 10
		pid: 21
		did: 0
		servST: 96.31
		(h, h_ind): (1, 2)
		load: 0.0

	Finished service at time: 106.31

	Using Machine: 0
		Task 67 -> Machine 0 (Station 3): 43.14
		Vehicle arrival at machine station: 149.45
		Waiting time until machine travel: 0.0

		Machine travel start time: 149.45
		Region 2 -> Region 0: 10.0
		Machine arrival at machine station: 159.45

		Machine 0 (Station 1)-> Task 0: 1.0
		Vehicle arrival at task: 160.45
		Waiting time until service start time: 0.0

	id: 0
		node: 26
		(x, y, z): (35, 35, 0)
		dem: 0
		earl: 0
		lat: 230
		servt: 0
		pid: 0
		did: 0
		servST: 160.45
		(h, h_ind): (0, 5)
		load: 0.0


Vehicle 7 :
	id: 0
		node: 1
		(x, y, z): (35, 35, 0)
		dem: 0
		earl: 0
		lat: 230
		servt: 0
		pid: 0
		did: 0
		servST: 68.35
		(h, h_ind): (-1, 0)
		load: 0.0

	Finished service at time: 68.35

	Using Machine: 2
		Task 0 -> Machine 2 (Station 1): 1.0
		Vehicle arrival at machine station: 69.35
		Waiting time until machine travel: 0.0

		Machine travel start time: 69.35
		Region 0 -> Region 3: 15.0
		Machine arrival at machine station: 84.35

		Machine 2 (Station 4)-> Task 9: 32.65
		Vehicle arrival at task: 117.0
		Waiting time until service start time: 0.0

	id: 9
		node: 6
		(x, y, z): (55, 60, 3)
		dem: 16
		earl: 87
		lat: 117
		servt: 10
		pid: 0
		did: 35
		servST: 117.0
		(h, h_ind): (2, 2)
		load: 16.0

	Finished service at time: 127.0

	Task 9 -> Task 35: 9.43
	Vehicle arrival at task: 136.43
	Waiting time until service start time: 0.0

	id: 35
		node: 18
		(x, y, z): (63, 65, 3)
		dem: -16
		earl: 133
		lat: 163
		servt: 10
		pid: 9
		did: 0
		servST: 136.43
		(h, h_ind): (-1, 0)
		load: 0.0

	Finished service at time: 146.43

	Using Machine: 0
		Task 35 -> Machine 0 (Station 4): 40.36
		Vehicle arrival at machine station: 186.79000000000002
		Waiting time until machine travel: 0.0

		Machine travel start time: 186.79000000000002
		Region 3 -> Region 0: 15.0
		Machine arrival at machine station: 201.79000000000002

		Machine 0 (Station 1)-> Task 0: 1.0
		Vehicle arrival at task: 202.79000000000002
		Waiting time until service start time: 0.0

	id: 0
		node: 26
		(x, y, z): (35, 35, 0)
		dem: 0
		earl: 0
		lat: 230
		servt: 0
		pid: 0
		did: 0
		servST: 202.79000000000002
		(h, h_ind): (0, 7)
		load: 0.0


Vehicle 10 :
	id: 0
		node: 1
		(x, y, z): (35, 35, 0)
		dem: 0
		earl: 0
		lat: 230
		servt: 0
		pid: 0
		did: 0
		servST: 23.64
		(h, h_ind): (-1, 0)
		load: 0.0

	Finished service at time: 23.64

	Task 0 -> Task 29: 29.83
	Vehicle arrival at task: 53.47
	Waiting time until service start time: 0.0

	id: 29
		node: 12
		(x, y, z): (64, 42, 0)
		dem: 9
		earl: 53
		lat: 83
		servt: 10
		pid: 0
		did: 78
		servST: 53.47
		(h, h_ind): (-1, 0)
		load: 9.0

	Finished service at time: 63.47

	Using Machine: 1
		Task 29 -> Machine 1 (Station 1): 26.93
		Vehicle arrival at machine station: 90.4
		Waiting time until machine travel: 0.0

		Machine travel start time: 90.4
		Region 0 -> Region 2: 10.0
		Machine arrival at machine station: 100.4

		Machine 1 (Station 3)-> Task 78: 28.6
		Vehicle arrival at task: 129.0
		Waiting time until service start time: 0.0

	id: 78
		node: 24
		(x, y, z): (61, 52, 2)
		dem: -9
		earl: 99
		lat: 129
		servt: 10
		pid: 29
		did: 0
		servST: 129.0
		(h, h_ind): (1, 4)
		load: 0.0

	Finished service at time: 139.0

	Using Machine: 1
		Task 78 -> Machine 1 (Station 3): 28.6
		Vehicle arrival at machine station: 167.6
		Waiting time until machine travel: 0.0

		Machine travel start time: 167.6
		Region 2 -> Region 0: 10.0
		Machine arrival at machine station: 177.6

		Machine 1 (Station 1)-> Task 0: 3.0
		Vehicle arrival at task: 180.6
		Waiting time until service start time: 0.0

	id: 0
		node: 26
		(x, y, z): (35, 35, 0)
		dem: 0
		earl: 0
		lat: 230
		servt: 0
		pid: 0
		did: 0
		servST: 180.6
		(h, h_ind): (1, 6)
		load: 0.0


Vehicle 11 :
	id: 0
		node: 1
		(x, y, z): (35, 35, 0)
		dem: 0
		earl: 0
		lat: 230
		servt: 0
		pid: 0
		did: 0
		servST: 85.41
		(h, h_ind): (-1, 0)
		load: 0.0

	Finished service at time: 85.41

	Using Machine: 0
		Task 0 -> Machine 0 (Station 1): 1.0
		Vehicle arrival at machine station: 86.41
		Waiting time until machine travel: 0.0

		Machine travel start time: 86.41
		Region 0 -> Region 3: 15.0
		Machine arrival at machine station: 101.41

		Machine 0 (Station 4)-> Task 3: 21.47
		Vehicle arrival at task: 122.88
		Waiting time until service start time: 0.0

	id: 3
		node: 2
		(x, y, z): (55, 45, 3)
		dem: 13
		earl: 0
		lat: 197
		servt: 10
		pid: 0
		did: 77
		servST: 122.88
		(h, h_ind): (0, 3)
		load: 13.0

	Finished service at time: 132.88

	Using Machine: 1
		Task 3 -> Machine 1 (Station 4): 19.72
		Vehicle arrival at machine station: 152.6
		Waiting time until machine travel: 0.0

		Machine travel start time: 152.6
		Region 3 -> Region 1: 10.0
		Machine arrival at machine station: 162.6

		Machine 1 (Station 2)-> Task 77: 17.0
		Vehicle arrival at task: 179.6
		Waiting time until service start time: 0.0

	id: 77
		node: 14
		(x, y, z): (53, 43, 1)
		dem: -13
		earl: 169
		lat: 199
		servt: 10
		pid: 3
		did: 0
		servST: 179.6
		(h, h_ind): (1, 5)
		load: 0.0

	Finished service at time: 189.6

	Using Machine: 0
		Task 77 -> Machine 0 (Station 2): 18.79
		Vehicle arrival at machine station: 208.39
		Waiting time until machine travel: 0.0

		Machine travel start time: 208.39
		Region 1 -> Region 0: 5.0
		Machine arrival at machine station: 213.39

		Machine 0 (Station 1)-> Task 0: 1.0
		Vehicle arrival at task: 214.39
		Waiting time until service start time: 0.0

	id: 0
		node: 26
		(x, y, z): (35, 35, 0)
		dem: 0
		earl: 0
		lat: 230
		servt: 0
		pid: 0
		did: 0
		servST: 214.39
		(h, h_ind): (0, 8)
		load: 0.0


---------------------| MACHINES |---------------------

Machine 0 :
	setup duration: 0.0

	vehicle: 4
	vehicleInd: 2
	(orig, dest): (0, 5)
	(origRegion, destRegion): (0, 1)
	st: 14.869999999999987
	duration: 5.0

	setup duration: 5.0

	vehicle: 1
	vehicleInd: 3
	(orig, dest): (26, 28)
	(origRegion, destRegion): (0, 2)
	st: 31.48
	duration: 10.0

	setup duration: 10.0

	vehicle: 11
	vehicleInd: 2
	(orig, dest): (0, 3)
	(origRegion, destRegion): (0, 3)
	st: 86.41
	duration: 15.0

	setup duration: 10.0

	vehicle: 4
	vehicleInd: 5
	(orig, dest): (87, 60)
	(origRegion, destRegion): (1, 3)
	st: 132.54999999999998
	duration: 10.0

	setup duration: 5.0

	vehicle: 6
	vehicleInd: 4
	(orig, dest): (67, 0)
	(origRegion, destRegion): (2, 0)
	st: 149.45
	duration: 10.0

	setup duration: 5.0

	vehicle: 0
	vehicleInd: 5
	(orig, dest): (1, 89)
	(origRegion, destRegion): (1, 2)
	st: 174.36
	duration: 5.0

	setup duration: 5.0

	vehicle: 7
	vehicleInd: 4
	(orig, dest): (35, 0)
	(origRegion, destRegion): (3, 0)
	st: 186.79000000000002
	duration: 15.0

	setup duration: 5.0

	vehicle: 11
	vehicleInd: 4
	(orig, dest): (77, 0)
	(origRegion, destRegion): (1, 0)
	st: 208.39
	duration: 5.0


Machine 1 :
	setup duration: 0.0

	vehicle: 5
	vehicleInd: 2
	(orig, dest): (0, 19)
	(origRegion, destRegion): (0, 2)
	st: 23.97999999999999
	duration: 10.0

	setup duration: 10.0

	vehicle: 6
	vehicleInd: 3
	(orig, dest): (21, 67)
	(origRegion, destRegion): (0, 2)
	st: 44.58
	duration: 10.0

	setup duration: 0.0

	vehicle: 1
	vehicleInd: 4
	(orig, dest): (28, 73)
	(origRegion, destRegion): (2, 1)
	st: 60.480000000000004
	duration: 5.0

	setup duration: 5.0

	vehicle: 10
	vehicleInd: 3
	(orig, dest): (29, 78)
	(origRegion, destRegion): (0, 2)
	st: 90.4
	duration: 10.0

	setup duration: 5.0

	vehicle: 11
	vehicleInd: 3
	(orig, dest): (3, 77)
	(origRegion, destRegion): (3, 1)
	st: 152.6
	duration: 10.0

	setup duration: 5.0

	vehicle: 10
	vehicleInd: 4
	(orig, dest): (78, 0)
	(origRegion, destRegion): (2, 0)
	st: 167.6
	duration: 10.0

	setup duration: 15.0

	vehicle: 4
	vehicleInd: 6
	(orig, dest): (60, 0)
	(origRegion, destRegion): (3, 0)
	st: 192.6
	duration: 15.0


Machine 2 :
	setup duration: 0.0

	vehicle: 3
	vehicleInd: 2
	(orig, dest): (0, 8)
	(origRegion, destRegion): (0, 2)
	st: 49.349999999999994
	duration: 10.0

	setup duration: 10.0

	vehicle: 7
	vehicleInd: 2
	(orig, dest): (0, 9)
	(origRegion, destRegion): (0, 3)
	st: 69.35
	duration: 15.0

	setup duration: 15.0

	vehicle: 0
	vehicleInd: 3
	(orig, dest): (30, 6)
	(origRegion, destRegion): (0, 1)
	st: 99.35
	duration: 5.0

	setup duration: 5.0

	vehicle: 5
	vehicleInd: 3
	(orig, dest): (19, 82)
	(origRegion, destRegion): (2, 3)
	st: 109.35
	duration: 5.0

	setup duration: 5.0

	vehicle: 3
	vehicleInd: 3
	(orig, dest): (8, 17)
	(origRegion, destRegion): (2, 0)
	st: 120.3
	duration: 10.0

	setup duration: 5.0

	vehicle: 1
	vehicleInd: 6
	(orig, dest): (22, 0)
	(origRegion, destRegion): (1, 0)
	st: 138.83
	duration: 5.0

	setup duration: 15.0

	vehicle: 5
	vehicleInd: 4
	(orig, dest): (82, 0)
	(origRegion, destRegion): (3, 0)
	st: 169.29
	duration: 15.0

	setup duration: 10.0

	vehicle: 0
	vehicleInd: 6
	(orig, dest): (89, 0)
	(origRegion, destRegion): (2, 0)
	st: 207.36
	duration: 10.0


-------------------| COMPL. TIMES |-------------------

Vehicle 0 : 180.22000000000003
Vehicle 1 : 144.83
Vehicle 2 : 0.0
Vehicle 3 : 151.79
Vehicle 4 : 196.73000000000002
Vehicle 5 : 164.31
Vehicle 6 : 160.45
Vehicle 7 : 134.44000000000003
Vehicle 8 : 0.0
Vehicle 9 : 0.0
Vehicle 10 : 156.95999999999998
Vehicle 11 : 128.98
-------------------| STATISTICS |-------------------

    Vehicles used                           : 75.0
    Machines used                           : 100.0
    Max load (vehicles)                     : 79.0698
    Min load (vehicles)                     : 17.3077
    Mean load (vehicles)                    : 44.4015
    Min completion time                     : 56.0783
    Max completion time                     : 85.5348
    Mean completion time                    : 68.5367
    Avrg travel time (with vehicle)         : 53.6232
    Avrg travel time (only with vehicle)    : 31.8841
    Avrg travel time (no vehicle)           : 21.7391
    Avrg waiting time (machine travel)      : 0.0
    Avrg waiting time (service)             : 0.2028
    Machines travel times (with vehicle)    : [52.1739, 47.8261, 60.8696]
    Machines travel times (no vehicle)      : [19.5652, 17.3913, 28.2609]
    Max load per vehicle                    : [70.5882, 76.7442, 0.0, 17.3077, 79.0698, 50.0, 21.1538, 37.2093, 0.0, 0.0, 17.3077, 30.2326]

----------------------------------------------------

TOTAL: 1418.7100000000003

Everything is awesome!
