-------------------| STATISTICS |-------------------

Vehicles used                           : 7.5
Machines used                           : 100.0
Max load (vehicles)                     : 92.3077
Min load (vehicles)                     : 89.2308
Mean load (vehicles)                    : 91.2821
Min completion time                     : 31.069
Max completion time                     : 85.2663
Mean completion time                    : 66.9915
Avrg travel time (with vehicle)         : 0.8284
Avrg travel time (only with vehicle)    : 0.7101
Avrg travel time (no vehicle)           : 0.1183
Avrg waiting time (machine travel)      : 0.0
Avrg waiting time (service)             : 0.0
Machines travel times (with vehicle)    : [0.5917, 0.1972, 0.1972, 1.1834, 1.9724]
Machines travel times (no vehicle)      : [0.0, 0.0, 0.0, 0.0, 0.5917]
Max load per vehicle                    : [0.0, 0.0, 0.0, 0.0, 89.2308, 0.0, 0.0, 92.3077, 0.0, 0.0, 0.0, 0.0, 0.0, 0.0, 0.0, 0.0, 0.0, 0.0, 0.0, 0.0, 0.0, 0.0, 92.3077, 0.0, 0.0, 0.0, 0.0, 0.0, 0.0, 0.0, 0.0, 0.0, 0.0, 0.0, 0.0, 0.0, 0.0, 0.0, 0.0, 0.0]

----------------------------------------------------

TOTAL: 5094.700000000001

Everything is awesome!
