Set parameter WLSAccessID
Set parameter WLSSecret
Set parameter LicenseID to value 2661775
Academic license 2661775 - for non-commercial use only - registered to me___@dcc.ufba.br
Loading line 2: methodType heur
Loading line 3: methodCode mslp
Loading line 4: seed 0
Loading line 5: threads 1
Loading line 6: greedy_service_order random
Loading line 7: outputFlagGrbMSLP 0
Loading line 8: mslpa 60000
Loading line 9: mslpr I
Loading line 10: maxtime 3600
Loading line 11: output ./logs/
Loading line 12: printsol 1
Loading line 13: solverMethod A
Instance: lr207_t2_12R_12V_02F_03M

[18:01:39.967] Running Data.readData with file /dados/rmelo/PDPTW-SE/benchmark_multi_floor_v3/official_experiments/multistartlp/preliminar/set_01_pt_03/../../../../instances/orig_ams_fg/12R_12V_02F_04M/t2/lr207/
vehicles: Vehicle[Vehicle(0, 26), Vehicle(1, 33), Vehicle(2, 40), Vehicle(3, 33), Vehicle(4, 40), Vehicle(5, 33), Vehicle(6, 40), Vehicle(7, 26), Vehicle(8, 26), Vehicle(9, 40), Vehicle(10, 40), Vehicle(11, 26)]
vehicle_types: Vehicle[Vehicle(0, 26), Vehicle(1, 33), Vehicle(2, 40)]
Machine[Machine(0, Point[Point(35, 39, 0), Point(35, 39, 1)], 0.2), Machine(1, Point[Point(37, 39, 0), Point(37, 39, 1)], 0.2), Machine(2, Point[Point(33, 39, 0), Point(33, 39, 1)], 0.2)]
refs: [1, 2, 3, 4, 5, 6, 7, 9, 10, 11, 12, 13, 14, 24, 8, 15, 19, 22, 16, 20, 17, 23, 21, 25, 18, 1]
V: [1, 2, 3, 4, 5, 6, 7, 8, 9, 10, 11, 12, 13, 14, 15, 16, 17, 18, 19, 20, 21, 22, 23, 24, 25]
V_p: [2, 3, 4, 5, 6, 7, 8, 9, 10, 11, 12, 13]
V_d: [14, 15, 16, 17, 18, 19, 20, 21, 22, 23, 24, 25]
Vprime: [1, 2, 3, 4, 5, 6, 7, 8, 9, 10, 11, 12, 13, 14, 15, 16, 17, 18, 19, 20, 21, 22, 23, 24, 25, 26]
V: [1, 2, 3, 4, 5, 6, 7, 8, 9, 10, 11, 12, 13, 14, 15, 16, 17, 18, 19, 20, 21, 22, 23, 24, 25]
q: [0, 10, 19, 3, 9, 16, 16, 20, 8, 19, 17, 9, 3, -10, -19, -3, -9, -16, -16, -20, -8, -19, -17, -9, -3, 0]
H: [1, 2, 3]
f: [[1, 1, 1], [1, 1, 1], [1, 1, 1], [2, 2, 2], [2, 2, 2], [1, 1, 1], [1, 1, 1], [1, 1, 1], [2, 2, 2], [2, 2, 2], [2, 2, 2], [1, 1, 1], [2, 2, 2], [2, 2, 2], [1, 1, 1], [2, 2, 2], [1, 1, 1], [2, 2, 2], [2, 2, 2], [2, 2, 2], [2, 2, 2], [1, 1, 1], [2, 2, 2], [2, 2, 2], [2, 2, 2], [1, 1, 1]]
1 1 1 -> 0.0
1 2 1 -> 5.0
2 1 1 -> 5.0
2 2 1 -> 0.0
1 1 2 -> 0.0
1 2 2 -> 5.0
2 1 2 -> 5.0
2 2 2 -> 0.0
1 1 3 -> 0.0
1 2 3 -> 5.0
2 1 3 -> 5.0
2 2 3 -> 0.0
o: (1, 2, 1) => 5.0
o: (1, 2, 3) => 5.0
o: (1, 1, 2) => 0.0
o: (1, 2, 2) => 5.0
o: (2, 1, 1) => 5.0
o: (2, 1, 3) => 5.0
o: (2, 2, 1) => 0.0
o: (2, 2, 3) => 0.0
o: (2, 1, 2) => 5.0
o: (1, 1, 1) => 0.0
o: (1, 1, 3) => 0.0
o: (2, 2, 2) => 0.0

[61, 1095, 1085, 1058, 1048, 1053, 1011, 6]
JOBS in the order of refs (Vprime)
Node 1: Job(0, Point(35, 35, 0), 0, 0, 1000, 0, 0, 0)
Node 2: Job(1, Point(41, 49, 0), 10, 0, 974, 10, 0, 90)
Node 3: Job(4, Point(55, 20, 0), 19, 620, 860, 10, 0, 13)
Node 4: Job(6, Point(25, 30, 1), 3, 345, 585, 10, 0, 32)
Node 5: Job(8, Point(10, 43, 1), 9, 323, 563, 10, 0, 47)
Node 6: Job(9, Point(55, 60, 0), 16, 329, 569, 10, 0, 72)
Node 7: Job(10, Point(30, 60, 0), 16, 485, 725, 10, 0, 35)
Node 8: Job(14, Point(15, 10, 0), 20, 0, 957, 10, 0, 49)
Node 9: Job(15, Point(30, 5, 1), 8, 118, 358, 10, 0, 38)
Node 10: Job(16, Point(10, 20, 1), 19, 0, 960, 10, 0, 82)
Node 11: Job(19, Point(15, 60, 1), 17, 0, 957, 10, 0, 66)
Node 12: Job(20, Point(45, 65, 0), 9, 0, 958, 10, 0, 93)
Node 13: Job(24, Point(65, 35, 1), 3, 0, 960, 10, 0, 44)
Node 14: Job(90, Point(31, 67, 1), -10, 0, 957, 10, 1, 0)
Node 15: Job(13, Point(30, 25, 0), -19, 639, 879, 10, 4, 0)
Node 16: Job(32, Point(35, 69, 1), -3, 0, 956, 10, 6, 0)
Node 17: Job(47, Point(8, 56, 0), -9, 0, 955, 10, 8, 0)
Node 18: Job(72, Point(47, 16, 1), -16, 0, 967, 10, 9, 0)
Node 19: Job(35, Point(63, 65, 1), -16, 630, 870, 10, 10, 0)
Node 20: Job(49, Point(6, 68, 1), -20, 401, 641, 10, 14, 0)
Node 21: Job(38, Point(5, 5, 1), -8, 234, 474, 10, 15, 0)
Node 22: Job(82, Point(15, 47, 0), -19, 0, 966, 10, 16, 0)
Node 23: Job(66, Point(49, 73, 1), -17, 523, 763, 10, 19, 0)
Node 24: Job(93, Point(18, 24, 1), -9, 729, 969, 10, 20, 0)
Node 25: Job(44, Point(11, 14, 1), -3, 167, 407, 10, 24, 0)
Node 26: Job(0, Point(35, 35, 0), 0, 0, 1000, 0, 0, 0)

### Preprocessing Data ###
	-> arcs: 676 (100.0%)
	-> arc_removals: 210 (31.07%)
	-> arc_removals_is_loop: 26 (3.85%)
	-> arc_removals_is_delivery_to_pickup: 14 (2.07%)
	-> arc_removals_is_depot_begin_to_delivery: 12 (1.78%)
	-> arc_removals_is_pickup_to_depot_end: 12 (1.78%)
	-> arc_removals_is_dest_depot_begin: 24 (3.55%)
	-> arc_removals_is_orig_depot_end: 23 (3.4%)
	-> arc_removals_is_capacity_violated: 0 (0.0%)
	-> arc_removals_is_time_window_limited: 72 (10.65%)
	-> arc_removals_is_time_window_pairing_limited: 21 (3.11%)
	-> arc_removals_is_indirect_request_service_impossible: 6 (0.89%)
	-> gamma_vars: 0 (0%)
	-> feas_gamma_vars: 0 (0%)
	-> infeas_gamma_vars_is_next_mtrv_unreachable: 0 (0%)
	-> infeas_gamma_vars_is_iprime_jprime_eq_i_j: 0 (0%)
	-> machine_removal_for_an_arc: 0 (0.0%)
##########################

[18:01:49.841] Print configuration
------------------------------------------------------
"
[18:01:49.841] Running Multi Start Heuristic"
> Experiment started at 2025-10-09T18:01:49.841
> Instance: lr207_t2_12R_12V_02F_03M
> Algorithm Parameters:


	>Stop params:
		>  - rule ITERATIONS
		>  - argument 60000.0
		>  - maximum_time 3600

	>General params:
		>  - instPath /dados/rmelo/PDPTW-SE/benchmark_multi_floor_v3/official_experiments/multistartlp/preliminar/set_01_pt_03/../../../../instances/orig_ams_fg/12R_12V_02F_04M/t2/lr207/
		>  - name lr207
		>  - type t2
		>  - group 12R_12V_02F_03M
		>  - fullname lr207_t2_12R_12V_02F_03M
		>  - methodType heur
		>  - methodCode mslp
		>  - genconfigfile /dados/rmelo/PDPTW-SE/benchmark_multi_floor_v3/official_experiments/multistartlp/preliminar/set_01_pt_03/configs/genconfig_mslp.conf
		>  - genconfigfilename genconfig_mslp
		>  - greedy_service_order random
		>  - cutoff 0
		>  - cutoffmachs 3
		>  - num_machs 0
		>  - solver Gurobi
		>  - maxtime 3600
		>  - gurobiCuts 1
		>  - typeUserCut 0
		>  - mipPresolve -1
		>  - printsol 1
		>  - maxnodes -1
		>  - elevator 1
		>  - make_instance_feasible false
		>  - output /dados/rmelo/PDPTW-SE/benchmark_multi_floor_v3/official_experiments/multistartlp/preliminar/set_01_pt_03/logs
		>  - suff_outputs _seed_87_alpha_15p
		>  - suff_csv _bash_3_rb
		>  - epsilon 0.005
		>  - epsilonCap 0.5
		>  - warmStart false
		>  - seed 87
		>  - rng Random.MersenneTwister(87)
		>  - alpha 0.15
		>  - maxiter 1000000
		>  - outputFlagGrbMIP 0
		>  - outputFlagGrbMSLP 0
		>  - outputFlagGrbLMNS 0
		>  - mslpr I
		>  - mslpa 60000
		>  - lmnsr M
		>  - lmnsa 60
		>  - lmnsRepairTime 30.0
		>  - lmnsMIPFocus 0
		>  - lmnsGapToBiggerDestruction 50
		>  - lmnsGapToSmallerDestruction 95
		>  - lmnsWeightShawDistProx 1.0
		>  - lmnsWeightShawEarlProx 1.0
		>  - lmnsWeightShawSameRoute 1.0
		>  - lmnsWeightShawDemandSim 1.0
		>  - lmnsReqRApplyMIPStart true
		>  - lmnsAcceptanceCriteria H
		>  - lmnsMetropolisTemp 100.0
		>  - lmnsSimulatedAnnealingTemp 100.0
		>  - lmnsSimulatedAnnealingCool 0.95
		>  - mipmaxtime 3600
		>  - csvfilename /dados/rmelo/PDPTW-SE/benchmark_multi_floor_v3/official_experiments/multistartlp/preliminar/set_01_pt_03/logs/heur_mslp/outputs/csvresults_heur_mslp_bash_3_rb.csv
		>  - solfilename /dados/rmelo/PDPTW-SE/benchmark_multi_floor_v3/official_experiments/multistartlp/preliminar/set_01_pt_03/logs/heur_mslp/solutions/12R_12V_02F_03M/lr207_sol_genconfig_mslp_seed_87_alpha_15p.txt
		>  - timelineFilename /dados/rmelo/PDPTW-SE/benchmark_multi_floor_v3/official_experiments/multistartlp/preliminar/set_01_pt_03/logs/heur_mslp/timelines/12R_12V_02F_03M/lr207_timeline_genconfig_mslp_seed_87_alpha_15p.txt
		>  - grbFilename /dados/rmelo/PDPTW-SE/benchmark_multi_floor_v3/official_experiments/multistartlp/preliminar/set_01_pt_03/logs/heur_mslp/gurobi/12R_12V_02F_03M/lr207_grb_genconfig_mslp_seed_87_alpha_15p.log
		>  - threads 1
		>  - solverMethod AUTOMATIC

------------------------------------------------------

[18:01:49.946] Starting running MSLP
objValue;greedysol;iteration;time
1435.14;1555.60;1;0.004859
1228.07;1530.36;2;0.297709
1225.06;1937.91;58;0.510216
1212.85;1622.29;99;0.693544
1198.36;1652.35;107;0.733533
1159.17;1577.37;117;0.777904
1157.40;1565.91;160;0.916828
1134.14;1678.39;333;1.658895
1113.37;1567.57;893;3.884590
1103.53;1629.27;20974;81.926112
1068.94;1657.91;55991;218.378068

[18:06:13.905] Finished running MSLP
System CPU time: 26.69 seconds

[18:06:13.975] Post running MSLP
Best solution value: 1068.94
Total time elapsed: 233.911446
Time to best: 218.378068
Iterations: 60000
Iterations to best: 55991
Improvements: 11
Infeasible solutions percentage: (0 / 60000) = 0.0000 %
(LP improvements)/(LP runs) = 59982/60000 = 99.9700 %
Mean LP improvement percentage: 13.2130 %
[18:06:14.219] Writing results to CSV file: /dados/rmelo/PDPTW-SE/benchmark_multi_floor_v3/official_experiments/multistartlp/preliminar/set_01_pt_03/logs/heur_mslp/outputs/csvresults_heur_mslp_bash_3_rb.csv

[18:06:16.254] Saving solution to file:/dados/rmelo/PDPTW-SE/benchmark_multi_floor_v3/official_experiments/multistartlp/preliminar/set_01_pt_03/logs/heur_mslp/solutions/12R_12V_02F_03M/lr207_sol_genconfig_mslp_seed_87_alpha_15p.txt

[18:06:16.254] Saving solution timeline to file: /dados/rmelo/PDPTW-SE/benchmark_multi_floor_v3/official_experiments/multistartlp/preliminar/set_01_pt_03/logs/heur_mslp/timelines/12R_12V_02F_03M/lr207_timeline_genconfig_mslp_seed_87_alpha_15p.txt
---------------------| VEHICLES |---------------------

Vehicle 8 :
	id: 0
		node: 1
		(x, y, z): (35, 35, 0)
		dem: 0
		earl: 0
		lat: 1000
		servt: 0
		pid: 0
		did: 0
		servST: 536.98
		(h, h_ind): (-1, 0)
		load: 0.0

	Finished service at time: 536.98

	Task 0 -> Task 9: 32.02
	Vehicle arrival at task: 569.0
	Waiting time until service start time: 0.0

	id: 9
		node: 6
		(x, y, z): (55, 60, 0)
		dem: 16
		earl: 329
		lat: 569
		servt: 10
		pid: 0
		did: 72
		servST: 569.0
		(h, h_ind): (-1, 0)
		load: 16.0

	Finished service at time: 579.0

	Task 9 -> Task 20: 11.18
	Vehicle arrival at task: 590.18
	Waiting time until service start time: 0.0

	id: 20
		node: 12
		(x, y, z): (45, 65, 0)
		dem: 9
		earl: 0
		lat: 958
		servt: 10
		pid: 0
		did: 93
		servST: 590.18
		(h, h_ind): (-1, 0)
		load: 25.0

	Finished service at time: 600.18

	Using Machine: 1
		Task 20 -> Machine 1 (Station 1): 27.2
		Vehicle arrival at machine station: 627.38
		Waiting time until machine travel: 0.0

		Machine travel start time: 627.38
		Region 0 -> Region 1: 5.0
		Machine arrival at machine station: 632.38

		Machine 1 (Station 2)-> Task 72: 25.08
		Vehicle arrival at task: 657.46
		Waiting time until service start time: 31.46

	id: 72
		node: 18
		(x, y, z): (47, 16, 1)
		dem: -16
		earl: 0
		lat: 967
		servt: 10
		pid: 9
		did: 0
		servST: 688.92
		(h, h_ind): (1, 2)
		load: 9.0

	Finished service at time: 698.92

	Task 72 -> Task 93: 30.08
	Vehicle arrival at task: 729.0
	Waiting time until service start time: 0.0

	id: 93
		node: 24
		(x, y, z): (18, 24, 1)
		dem: -9
		earl: 729
		lat: 969
		servt: 10
		pid: 20
		did: 0
		servST: 729.0
		(h, h_ind): (-1, 0)
		load: 0.0

	Finished service at time: 739.0

	Using Machine: 2
		Task 93 -> Machine 2 (Station 2): 21.21
		Vehicle arrival at machine station: 760.21
		Waiting time until machine travel: 0.0

		Machine travel start time: 760.21
		Region 1 -> Region 0: 5.0
		Machine arrival at machine station: 765.21

		Machine 2 (Station 1)-> Task 0: 4.47
		Vehicle arrival at task: 769.6800000000001
		Waiting time until service start time: 0.0

	id: 0
		node: 26
		(x, y, z): (35, 35, 0)
		dem: 0
		earl: 0
		lat: 1000
		servt: 0
		pid: 0
		did: 0
		servST: 769.6800000000001
		(h, h_ind): (2, 3)
		load: 0.0


Vehicle 10 :
	id: 0
		node: 1
		(x, y, z): (35, 35, 0)
		dem: 0
		earl: 0
		lat: 1000
		servt: 0
		pid: 0
		did: 0
		servST: 57.040000000000035
		(h, h_ind): (-1, 0)
		load: 0.0

	Finished service at time: 57.040000000000035

	Task 0 -> Task 1: 15.23
	Vehicle arrival at task: 72.27000000000004
	Waiting time until service start time: 0.0

	id: 1
		node: 2
		(x, y, z): (41, 49, 0)
		dem: 10
		earl: 0
		lat: 974
		servt: 10
		pid: 0
		did: 90
		servST: 72.27000000000004
		(h, h_ind): (-1, 0)
		load: 10.0

	Finished service at time: 82.27000000000004

	Using Machine: 1
		Task 1 -> Machine 1 (Station 1): 10.77
		Vehicle arrival at machine station: 93.04000000000003
		Waiting time until machine travel: 0.0

		Machine travel start time: 93.04000000000003
		Region 0 -> Region 1: 5.0
		Machine arrival at machine station: 98.04000000000003

		Machine 1 (Station 2)-> Task 90: 28.64
		Vehicle arrival at task: 126.68000000000004
		Waiting time until service start time: 0.0

	id: 90
		node: 14
		(x, y, z): (31, 67, 1)
		dem: -10
		earl: 0
		lat: 957
		servt: 10
		pid: 1
		did: 0
		servST: 126.68000000000004
		(h, h_ind): (1, 1)
		load: 0.0

	Finished service at time: 136.68000000000004

	Task 90 -> Task 24: 46.69
	Vehicle arrival at task: 183.37000000000003
	Waiting time until service start time: 0.0

	id: 24
		node: 13
		(x, y, z): (65, 35, 1)
		dem: 3
		earl: 0
		lat: 960
		servt: 10
		pid: 0
		did: 44
		servST: 183.37000000000003
		(h, h_ind): (-1, 0)
		load: 3.0

	Finished service at time: 193.37000000000003

	Task 24 -> Task 15: 46.1
	Vehicle arrival at task: 239.47000000000003
	Waiting time until service start time: 0.0

	id: 15
		node: 9
		(x, y, z): (30, 5, 1)
		dem: 8
		earl: 118
		lat: 358
		servt: 10
		pid: 0
		did: 38
		servST: 239.47000000000003
		(h, h_ind): (-1, 0)
		load: 11.0

	Finished service at time: 249.47000000000003

	Task 15 -> Task 16: 25.0
	Vehicle arrival at task: 274.47
	Waiting time until service start time: 0.0

	id: 16
		node: 10
		(x, y, z): (10, 20, 1)
		dem: 19
		earl: 0
		lat: 960
		servt: 10
		pid: 0
		did: 82
		servST: 274.47
		(h, h_ind): (-1, 0)
		load: 30.0

	Finished service at time: 284.47

	Task 16 -> Task 44: 6.08
	Vehicle arrival at task: 290.55
	Waiting time until service start time: 0.0

	id: 44
		node: 25
		(x, y, z): (11, 14, 1)
		dem: -3
		earl: 167
		lat: 407
		servt: 10
		pid: 24
		did: 0
		servST: 290.55
		(h, h_ind): (-1, 0)
		load: 27.0

	Finished service at time: 300.55

	Task 44 -> Task 38: 10.82
	Vehicle arrival at task: 311.37
	Waiting time until service start time: 0.0

	id: 38
		node: 21
		(x, y, z): (5, 5, 1)
		dem: -8
		earl: 234
		lat: 474
		servt: 10
		pid: 15
		did: 0
		servST: 311.37
		(h, h_ind): (-1, 0)
		load: 19.0

	Finished service at time: 321.37

	Task 38 -> Task 8: 38.33
	Vehicle arrival at task: 359.7
	Waiting time until service start time: 0.0

	id: 8
		node: 5
		(x, y, z): (10, 43, 1)
		dem: 9
		earl: 323
		lat: 563
		servt: 10
		pid: 0
		did: 47
		servST: 359.7
		(h, h_ind): (-1, 0)
		load: 28.0

	Finished service at time: 369.7

	Task 8 -> Task 6: 19.85
	Vehicle arrival at task: 389.55
	Waiting time until service start time: 0.0

	id: 6
		node: 4
		(x, y, z): (25, 30, 1)
		dem: 3
		earl: 345
		lat: 585
		servt: 10
		pid: 0
		did: 32
		servST: 389.55
		(h, h_ind): (-1, 0)
		load: 31.0

	Finished service at time: 399.55

	Using Machine: 2
		Task 6 -> Machine 2 (Station 2): 12.04
		Vehicle arrival at machine station: 411.59000000000003
		Waiting time until machine travel: 0.0

		Machine travel start time: 411.59000000000003
		Region 1 -> Region 0: 5.0
		Machine arrival at machine station: 416.59000000000003

		Machine 2 (Station 1)-> Task 82: 19.7
		Vehicle arrival at task: 436.29
		Waiting time until service start time: 0.0

	id: 82
		node: 22
		(x, y, z): (15, 47, 0)
		dem: -19
		earl: 0
		lat: 966
		servt: 10
		pid: 16
		did: 0
		servST: 436.29
		(h, h_ind): (2, 1)
		load: 12.0

	Finished service at time: 446.29

	Task 82 -> Task 47: 11.4
	Vehicle arrival at task: 457.69
	Waiting time until service start time: 0.0

	id: 47
		node: 17
		(x, y, z): (8, 56, 0)
		dem: -9
		earl: 0
		lat: 955
		servt: 10
		pid: 8
		did: 0
		servST: 457.69
		(h, h_ind): (-1, 0)
		load: 3.0

	Finished service at time: 467.69

	Task 47 -> Task 10: 22.36
	Vehicle arrival at task: 490.05
	Waiting time until service start time: 0.0

	id: 10
		node: 7
		(x, y, z): (30, 60, 0)
		dem: 16
		earl: 485
		lat: 725
		servt: 10
		pid: 0
		did: 35
		servST: 490.05
		(h, h_ind): (-1, 0)
		load: 19.0

	Finished service at time: 500.05

	Task 10 -> Task 14: 52.2
	Vehicle arrival at task: 552.25
	Waiting time until service start time: 0.0

	id: 14
		node: 8
		(x, y, z): (15, 10, 0)
		dem: 20
		earl: 0
		lat: 957
		servt: 10
		pid: 0
		did: 49
		servST: 552.25
		(h, h_ind): (-1, 0)
		load: 39.0

	Finished service at time: 562.25

	Using Machine: 2
		Task 14 -> Machine 2 (Station 1): 34.13
		Vehicle arrival at machine station: 596.38
		Waiting time until machine travel: 0.0

		Machine travel start time: 596.38
		Region 0 -> Region 1: 5.0
		Machine arrival at machine station: 601.38

		Machine 2 (Station 2)-> Task 49: 39.62
		Vehicle arrival at task: 641.0
		Waiting time until service start time: 0.0

	id: 49
		node: 20
		(x, y, z): (6, 68, 1)
		dem: -20
		earl: 401
		lat: 641
		servt: 10
		pid: 14
		did: 0
		servST: 641.0
		(h, h_ind): (2, 2)
		load: 19.0

	Finished service at time: 651.0

	Task 49 -> Task 19: 12.04
	Vehicle arrival at task: 663.04
	Waiting time until service start time: 0.0

	id: 19
		node: 11
		(x, y, z): (15, 60, 1)
		dem: 17
		earl: 0
		lat: 957
		servt: 10
		pid: 0
		did: 66
		servST: 663.04
		(h, h_ind): (-1, 0)
		load: 36.0

	Finished service at time: 673.04

	Task 19 -> Task 32: 21.93
	Vehicle arrival at task: 694.9699999999999
	Waiting time until service start time: 0.0

	id: 32
		node: 16
		(x, y, z): (35, 69, 1)
		dem: -3
		earl: 0
		lat: 956
		servt: 10
		pid: 6
		did: 0
		servST: 694.9699999999999
		(h, h_ind): (-1, 0)
		load: 33.0

	Finished service at time: 704.9699999999999

	Task 32 -> Task 35: 28.28
	Vehicle arrival at task: 733.2499999999999
	Waiting time until service start time: 0.0

	id: 35
		node: 19
		(x, y, z): (63, 65, 1)
		dem: -16
		earl: 630
		lat: 870
		servt: 10
		pid: 10
		did: 0
		servST: 733.2499999999999
		(h, h_ind): (-1, 0)
		load: 17.0

	Finished service at time: 743.2499999999999

	Task 35 -> Task 66: 16.12
	Vehicle arrival at task: 759.3699999999999
	Waiting time until service start time: 0.0

	id: 66
		node: 23
		(x, y, z): (49, 73, 1)
		dem: -17
		earl: 523
		lat: 763
		servt: 10
		pid: 19
		did: 0
		servST: 759.3699999999999
		(h, h_ind): (-1, 0)
		load: 0.0

	Finished service at time: 769.3699999999999

	Using Machine: 1
		Task 66 -> Machine 1 (Station 2): 36.06
		Vehicle arrival at machine station: 805.4299999999998
		Waiting time until machine travel: 0.0

		Machine travel start time: 805.4299999999998
		Region 1 -> Region 0: 5.0
		Machine arrival at machine station: 810.4299999999998

		Machine 1 (Station 1)-> Task 4: 26.17
		Vehicle arrival at task: 836.5999999999998
		Waiting time until service start time: 0.0

	id: 4
		node: 3
		(x, y, z): (55, 20, 0)
		dem: 19
		earl: 620
		lat: 860
		servt: 10
		pid: 0
		did: 13
		servST: 836.5999999999998
		(h, h_ind): (1, 3)
		load: 19.0

	Finished service at time: 846.5999999999998

	Task 4 -> Task 13: 25.5
	Vehicle arrival at task: 872.0999999999998
	Waiting time until service start time: 0.0

	id: 13
		node: 15
		(x, y, z): (30, 25, 0)
		dem: -19
		earl: 639
		lat: 879
		servt: 10
		pid: 4
		did: 0
		servST: 872.0999999999998
		(h, h_ind): (-1, 0)
		load: 0.0

	Finished service at time: 882.0999999999998

	Task 13 -> Task 0: 11.18
	Vehicle arrival at task: 893.2799999999997
	Waiting time until service start time: 0.0

	id: 0
		node: 26
		(x, y, z): (35, 35, 0)
		dem: 0
		earl: 0
		lat: 1000
		servt: 0
		pid: 0
		did: 0
		servST: 893.2799999999997
		(h, h_ind): (-1, 0)
		load: 0.0


---------------------| MACHINES |---------------------

Machine 1 :
	setup duration: 0.0

	vehicle: 10
	vehicleInd: 3
	(orig, dest): (1, 90)
	(origRegion, destRegion): (0, 1)
	st: 93.04000000000003
	duration: 5.0

	setup duration: 5.0

	vehicle: 8
	vehicleInd: 4
	(orig, dest): (20, 72)
	(origRegion, destRegion): (0, 1)
	st: 627.38
	duration: 5.0

	setup duration: 0.0

	vehicle: 10
	vehicleInd: 20
	(orig, dest): (66, 4)
	(origRegion, destRegion): (1, 0)
	st: 805.4299999999998
	duration: 5.0


Machine 2 :
	setup duration: 5.0

	vehicle: 10
	vehicleInd: 11
	(orig, dest): (6, 82)
	(origRegion, destRegion): (1, 0)
	st: 411.59000000000003
	duration: 5.0

	setup duration: 0.0

	vehicle: 10
	vehicleInd: 15
	(orig, dest): (14, 49)
	(origRegion, destRegion): (0, 1)
	st: 596.38
	duration: 5.0

	setup duration: 0.0

	vehicle: 8
	vehicleInd: 6
	(orig, dest): (93, 0)
	(origRegion, destRegion): (1, 0)
	st: 760.21
	duration: 5.0


-------------------| COMPL. TIMES |-------------------

Vehicle 0 : 0.0
Vehicle 1 : 0.0
Vehicle 2 : 0.0
Vehicle 3 : 0.0
Vehicle 4 : 0.0
Vehicle 5 : 0.0
Vehicle 6 : 0.0
Vehicle 7 : 0.0
Vehicle 8 : 232.70000000000005
Vehicle 9 : 0.0
Vehicle 10 : 836.2399999999997
Vehicle 11 : 0.0
-------------------| STATISTICS |-------------------

    Vehicles used                           : 16.6667
    Machines used                           : 66.6667
    Max load (vehicles)                     : 97.5
    Min load (vehicles)                     : 96.1538
    Mean load (vehicles)                    : 96.8269
    Min completion time                     : 23.27
    Max completion time                     : 83.624
    Mean completion time                    : 53.447
    Avrg travel time (with vehicle)         : 2.0
    Avrg travel time (only with vehicle)    : 1.5
    Avrg travel time (no vehicle)           : 0.5
    Avrg waiting time (machine travel)      : 0.0
    Avrg waiting time (service)             : 0.0
    Machines travel times (with vehicle)    : [0.0, 2.0, 2.0]
    Machines travel times (no vehicle)      : [0.0, 0.5, 0.5]
    Max load per vehicle                    : [0.0, 0.0, 0.0, 0.0, 0.0, 0.0, 0.0, 0.0, 96.1538, 0.0, 97.5, 0.0]

----------------------------------------------------

TOTAL: 1068.9399999999996

Everything is awesome!
