-------------------| STATISTICS |-------------------

Vehicles used                           : 100.0
Machines used                           : 100.0
Max load (vehicles)                     : 50.0
Min load (vehicles)                     : 17.3077
Mean load (vehicles)                    : 31.3844
Min completion time                     : 29.1826
Max completion time                     : 84.8
Mean completion time                    : 56.8623
Avrg travel time (with vehicle)         : 45.6449
Avrg travel time (only with vehicle)    : 26.8377
Avrg travel time (no vehicle)           : 18.8072
Avrg waiting time (machine travel)      : 0.0
Avrg waiting time (service)             : 12.3078
Machines travel times (with vehicle)    : [46.9261, 58.8435, 31.1652]
Machines travel times (no vehicle)      : [21.1, 21.8174, 13.5043]
Max load per vehicle                    : [20.5882, 46.5116, 17.3077, 35.2941, 50.0, 18.6047]

----------------------------------------------------

TOTAL: 784.7

Everything is awesome!
