Set parameter WLSAccessID
Set parameter WLSSecret
Set parameter LicenseID to value 2661775
Academic license 2661775 - for non-commercial use only - registered to me___@dcc.ufba.br
Loading line 2: methodType heur
Loading line 3: methodCode mslp
Loading line 4: seed 0
Loading line 5: threads 1
Loading line 6: greedy_service_order random
Loading line 7: outputFlagGrbMSLP 0
Loading line 8: mslpa 60000
Loading line 9: mslpr I
Loading line 10: maxtime 3600
Loading line 11: output ./logs/
Loading line 12: printsol 1
Loading line 13: solverMethod A
Instance: LR2_2_6_t2_40R_40V_04F_05M

[19:05:38.988] Running Data.readData with file /dados/rmelo/PDPTW-SE/benchmark_multi_floor_v3/official_experiments/multistartlp/preliminar/set_01_pt_04/../../../../instances/orig_ams_fg/40R_40V_04F_06M/t2/LR2_2_6/
vehicles: Vehicle[Vehicle(0, 54), Vehicle(1, 67), Vehicle(2, 80), Vehicle(3, 67), Vehicle(4, 80), Vehicle(5, 80), Vehicle(6, 67), Vehicle(7, 54), Vehicle(8, 67), Vehicle(9, 80), Vehicle(10, 54), Vehicle(11, 54), Vehicle(12, 54), Vehicle(13, 67), Vehicle(14, 80), Vehicle(15, 67), Vehicle(16, 67), Vehicle(17, 54), Vehicle(18, 80), Vehicle(19, 80), Vehicle(20, 80), Vehicle(21, 80), Vehicle(22, 67), Vehicle(23, 67), Vehicle(24, 80), Vehicle(25, 67), Vehicle(26, 80), Vehicle(27, 67), Vehicle(28, 67), Vehicle(29, 67), Vehicle(30, 54), Vehicle(31, 67), Vehicle(32, 67), Vehicle(33, 80), Vehicle(34, 80), Vehicle(35, 80), Vehicle(36, 54), Vehicle(37, 80), Vehicle(38, 67), Vehicle(39, 67)]
vehicle_types: Vehicle[Vehicle(0, 54), Vehicle(1, 67), Vehicle(2, 80)]
Machine[Machine(0, Point[Point(74, 70, 0), Point(74, 70, 1), Point(74, 70, 2), Point(74, 70, 3)], 0.2), Machine(1, Point[Point(76, 70, 0), Point(76, 70, 1), Point(76, 70, 2), Point(76, 70, 3)], 0.2), Machine(2, Point[Point(72, 70, 0), Point(72, 70, 1), Point(72, 70, 2), Point(72, 70, 3)], 0.2), Machine(3, Point[Point(78, 70, 0), Point(78, 70, 1), Point(78, 70, 2), Point(78, 70, 3)], 0.2), Machine(4, Point[Point(80, 70, 0), Point(80, 70, 1), Point(80, 70, 2), Point(80, 70, 3)], 0.2)]
refs: [1, 3, 4, 5, 6, 7, 8, 10, 11, 12, 13, 15, 16, 17, 19, 20, 21, 22, 23, 24, 25, 26, 27, 28, 29, 30, 32, 33, 34, 36, 37, 38, 42, 43, 44, 45, 46, 47, 49, 50, 51, 76, 64, 31, 68, 75, 52, 54, 61, 57, 18, 67, 80, 41, 48, 55, 14, 9, 40, 77, 35, 79, 65, 78, 72, 70, 58, 74, 39, 71, 56, 59, 63, 60, 66, 2, 81, 53, 73, 62, 69, 1]
V: [1, 2, 3, 4, 5, 6, 7, 8, 9, 10, 11, 12, 13, 14, 15, 16, 17, 18, 19, 20, 21, 22, 23, 24, 25, 26, 27, 28, 29, 30, 31, 32, 33, 34, 35, 36, 37, 38, 39, 40, 41, 42, 43, 44, 45, 46, 47, 48, 49, 50, 51, 52, 53, 54, 55, 56, 57, 58, 59, 60, 61, 62, 63, 64, 65, 66, 67, 68, 69, 70, 71, 72, 73, 74, 75, 76, 77, 78, 79, 80, 81]
V_p: [2, 3, 4, 5, 6, 7, 8, 9, 10, 11, 12, 13, 14, 15, 16, 17, 18, 19, 20, 21, 22, 23, 24, 25, 26, 27, 28, 29, 30, 31, 32, 33, 34, 35, 36, 37, 38, 39, 40, 41]
V_d: [42, 43, 44, 45, 46, 47, 48, 49, 50, 51, 52, 53, 54, 55, 56, 57, 58, 59, 60, 61, 62, 63, 64, 65, 66, 67, 68, 69, 70, 71, 72, 73, 74, 75, 76, 77, 78, 79, 80, 81]
Vprime: [1, 2, 3, 4, 5, 6, 7, 8, 9, 10, 11, 12, 13, 14, 15, 16, 17, 18, 19, 20, 21, 22, 23, 24, 25, 26, 27, 28, 29, 30, 31, 32, 33, 34, 35, 36, 37, 38, 39, 40, 41, 42, 43, 44, 45, 46, 47, 48, 49, 50, 51, 52, 53, 54, 55, 56, 57, 58, 59, 60, 61, 62, 63, 64, 65, 66, 67, 68, 69, 70, 71, 72, 73, 74, 75, 76, 77, 78, 79, 80, 81, 82]
V: [1, 2, 3, 4, 5, 6, 7, 8, 9, 10, 11, 12, 13, 14, 15, 16, 17, 18, 19, 20, 21, 22, 23, 24, 25, 26, 27, 28, 29, 30, 31, 32, 33, 34, 35, 36, 37, 38, 39, 40, 41, 42, 43, 44, 45, 46, 47, 48, 49, 50, 51, 52, 53, 54, 55, 56, 57, 58, 59, 60, 61, 62, 63, 64, 65, 66, 67, 68, 69, 70, 71, 72, 73, 74, 75, 76, 77, 78, 79, 80, 81]
q: [0, 20, 14, 26, 27, 22, 8, 9, 11, 40, 25, 22, 18, 17, 19, 27, 5, 13, 20, 14, 13, 21, 12, 30, 13, 12, 24, 8, 20, 15, 6, 10, 22, 20, 26, 1, 13, 9, 37, 17, 1, -20, -14, -26, -27, -22, -8, -9, -11, -40, -25, -22, -18, -17, -19, -27, -5, -13, -20, -14, -13, -21, -12, -30, -13, -12, -24, -8, -20, -15, -6, -10, -22, -20, -26, -1, -13, -9, -37, -17, -1, 0]
H: [1, 2, 3, 4, 5]
f: [[1, 1, 1, 1, 1], [4, 4, 4, 4, 4], [3, 3, 3, 3, 3], [4, 4, 4, 4, 4], [3, 3, 3, 3, 3], [2, 2, 2, 2, 2], [1, 1, 1, 1, 1], [1, 1, 1, 1, 1], [4, 4, 4, 4, 4], [4, 4, 4, 4, 4], [3, 3, 3, 3, 3], [4, 4, 4, 4, 4], [4, 4, 4, 4, 4], [4, 4, 4, 4, 4], [4, 4, 4, 4, 4], [1, 1, 1, 1, 1], [2, 2, 2, 2, 2], [4, 4, 4, 4, 4], [3, 3, 3, 3, 3], [3, 3, 3, 3, 3], [3, 3, 3, 3, 3], [2, 2, 2, 2, 2], [1, 1, 1, 1, 1], [2, 2, 2, 2, 2], [1, 1, 1, 1, 1], [1, 1, 1, 1, 1], [1, 1, 1, 1, 1], [2, 2, 2, 2, 2], [4, 4, 4, 4, 4], [1, 1, 1, 1, 1], [1, 1, 1, 1, 1], [2, 2, 2, 2, 2], [4, 4, 4, 4, 4], [2, 2, 2, 2, 2], [4, 4, 4, 4, 4], [1, 1, 1, 1, 1], [2, 2, 2, 2, 2], [1, 1, 1, 1, 1], [2, 2, 2, 2, 2], [4, 4, 4, 4, 4], [1, 1, 1, 1, 1], [1, 1, 1, 1, 1], [2, 2, 2, 2, 2], [1, 1, 1, 1, 1], [4, 4, 4, 4, 4], [3, 3, 3, 3, 3], [2, 2, 2, 2, 2], [4, 4, 4, 4, 4], [2, 2, 2, 2, 2], [4, 4, 4, 4, 4], [3, 3, 3, 3, 3], [3, 3, 3, 3, 3], [1, 1, 1, 1, 1], [4, 4, 4, 4, 4], [2, 2, 2, 2, 2], [3, 3, 3, 3, 3], [4, 4, 4, 4, 4], [2, 2, 2, 2, 2], [4, 4, 4, 4, 4], [3, 3, 3, 3, 3], [3, 3, 3, 3, 3], [4, 4, 4, 4, 4], [3, 3, 3, 3, 3], [2, 2, 2, 2, 2], [1, 1, 1, 1, 1], [3, 3, 3, 3, 3], [4, 4, 4, 4, 4], [3, 3, 3, 3, 3], [4, 4, 4, 4, 4], [3, 3, 3, 3, 3], [2, 2, 2, 2, 2], [2, 2, 2, 2, 2], [2, 2, 2, 2, 2], [4, 4, 4, 4, 4], [2, 2, 2, 2, 2], [1, 1, 1, 1, 1], [1, 1, 1, 1, 1], [4, 4, 4, 4, 4], [4, 4, 4, 4, 4], [3, 3, 3, 3, 3], [4, 4, 4, 4, 4], [1, 1, 1, 1, 1]]
1 1 1 -> 0.0
1 2 1 -> 5.0
1 3 1 -> 10.0
1 4 1 -> 15.0
2 1 1 -> 5.0
2 2 1 -> 0.0
2 3 1 -> 5.0
2 4 1 -> 10.0
3 1 1 -> 10.0
3 2 1 -> 5.0
3 3 1 -> 0.0
3 4 1 -> 5.0
4 1 1 -> 15.0
4 2 1 -> 10.0
4 3 1 -> 5.0
4 4 1 -> 0.0
1 1 2 -> 0.0
1 2 2 -> 5.0
1 3 2 -> 10.0
1 4 2 -> 15.0
2 1 2 -> 5.0
2 2 2 -> 0.0
2 3 2 -> 5.0
2 4 2 -> 10.0
3 1 2 -> 10.0
3 2 2 -> 5.0
3 3 2 -> 0.0
3 4 2 -> 5.0
4 1 2 -> 15.0
4 2 2 -> 10.0
4 3 2 -> 5.0
4 4 2 -> 0.0
1 1 3 -> 0.0
1 2 3 -> 5.0
1 3 3 -> 10.0
1 4 3 -> 15.0
2 1 3 -> 5.0
2 2 3 -> 0.0
2 3 3 -> 5.0
2 4 3 -> 10.0
3 1 3 -> 10.0
3 2 3 -> 5.0
3 3 3 -> 0.0
3 4 3 -> 5.0
4 1 3 -> 15.0
4 2 3 -> 10.0
4 3 3 -> 5.0
4 4 3 -> 0.0
1 1 4 -> 0.0
1 2 4 -> 5.0
1 3 4 -> 10.0
1 4 4 -> 15.0
2 1 4 -> 5.0
2 2 4 -> 0.0
2 3 4 -> 5.0
2 4 4 -> 10.0
3 1 4 -> 10.0
3 2 4 -> 5.0
3 3 4 -> 0.0
3 4 4 -> 5.0
4 1 4 -> 15.0
4 2 4 -> 10.0
4 3 4 -> 5.0
4 4 4 -> 0.0
1 1 5 -> 0.0
1 2 5 -> 5.0
1 3 5 -> 10.0
1 4 5 -> 15.0
2 1 5 -> 5.0
2 2 5 -> 0.0
2 3 5 -> 5.0
2 4 5 -> 10.0
3 1 5 -> 10.0
3 2 5 -> 5.0
3 3 5 -> 0.0
3 4 5 -> 5.0
4 1 5 -> 15.0
4 2 5 -> 10.0
4 3 5 -> 5.0
4 4 5 -> 0.0
o: (1, 2, 3) => 5.0
o: (3, 1, 3) => 10.0
o: (1, 3, 5) => 10.0
o: (3, 2, 4) => 5.0
o: (1, 4, 5) => 15.0
o: (3, 2, 3) => 5.0
o: (3, 3, 5) => 0.0
o: (2, 1, 1) => 5.0
o: (3, 4, 5) => 5.0
o: (1, 3, 2) => 10.0
o: (1, 4, 2) => 15.0
o: (4, 3, 4) => 5.0
o: (2, 2, 1) => 0.0
o: (4, 4, 4) => 0.0
o: (3, 3, 2) => 0.0
o: (3, 4, 2) => 5.0
o: (4, 3, 3) => 5.0
o: (4, 4, 3) => 0.0
o: (1, 1, 5) => 0.0
o: (1, 2, 5) => 5.0
o: (3, 1, 5) => 10.0
o: (1, 3, 1) => 10.0
o: (1, 1, 2) => 0.0
o: (1, 4, 1) => 15.0
o: (4, 1, 4) => 15.0
o: (3, 2, 5) => 5.0
o: (3, 3, 1) => 0.0
o: (1, 2, 2) => 5.0
o: (3, 1, 2) => 10.0
o: (3, 4, 1) => 5.0
o: (4, 1, 3) => 15.0
o: (4, 2, 4) => 10.0
o: (3, 2, 2) => 5.0
o: (2, 3, 4) => 5.0
o: (4, 2, 3) => 10.0
o: (2, 4, 4) => 10.0
o: (4, 3, 5) => 5.0
o: (4, 4, 5) => 0.0
o: (1, 1, 1) => 0.0
o: (2, 3, 3) => 5.0
o: (2, 4, 3) => 10.0
o: (4, 3, 2) => 5.0
o: (1, 2, 1) => 5.0
o: (3, 1, 1) => 10.0
o: (4, 4, 2) => 0.0
o: (3, 2, 1) => 5.0
o: (2, 1, 4) => 5.0
o: (4, 1, 5) => 15.0
o: (2, 1, 3) => 5.0
o: (2, 2, 4) => 0.0
o: (4, 2, 5) => 10.0
o: (4, 3, 1) => 5.0
o: (4, 1, 2) => 15.0
o: (4, 4, 1) => 0.0
o: (2, 2, 3) => 0.0
o: (2, 3, 5) => 5.0
o: (2, 4, 5) => 10.0
o: (4, 2, 2) => 10.0
o: (1, 3, 4) => 10.0
o: (2, 3, 2) => 5.0
o: (1, 4, 4) => 15.0
o: (2, 4, 2) => 10.0
o: (1, 3, 3) => 10.0
o: (3, 3, 4) => 0.0
o: (1, 4, 3) => 15.0
o: (3, 4, 4) => 5.0
o: (4, 1, 1) => 15.0
o: (2, 1, 5) => 5.0
o: (3, 3, 3) => 0.0
o: (3, 4, 3) => 5.0
o: (4, 2, 1) => 10.0
o: (2, 2, 5) => 0.0
o: (2, 3, 1) => 5.0
o: (1, 1, 4) => 0.0
o: (2, 1, 2) => 5.0
o: (2, 4, 1) => 10.0
o: (1, 1, 3) => 0.0
o: (1, 2, 4) => 5.0
o: (2, 2, 2) => 0.0
o: (3, 1, 4) => 10.0

[121, 2739, 2729, 2640, 2630, 2645, 2566, 16]
JOBS in the order of refs (Vprime)
Node 1: Job(0, Point(70, 70, 0), 0, 0, 2535, 0, 0, 0)
Node 2: Job(3, Point(30, 57, 3), 20, 861, 1101, 10, 0, 173)
Node 3: Job(4, Point(29, 60, 2), 14, 49, 289, 10, 0, 118)
Node 4: Job(5, Point(69, 116, 3), 26, 1317, 1557, 10, 0, 39)
Node 5: Job(6, Point(137, 137, 2), 27, 339, 579, 10, 0, 154)
Node 6: Job(8, Point(78, 111, 1), 22, 47, 287, 10, 0, 170)
Node 7: Job(10, Point(17, 138, 0), 8, 1670, 1910, 10, 0, 73)
Node 8: Job(13, Point(121, 123, 0), 9, 968, 1208, 10, 0, 85)
Node 9: Job(14, Point(22, 104, 3), 11, 865, 1105, 10, 0, 113)
Node 10: Job(15, Point(137, 7, 3), 40, 563, 803, 10, 0, 98)
Node 11: Job(16, Point(50, 106, 2), 25, 1221, 1461, 10, 0, 22)
Node 12: Job(18, Point(79, 72, 3), 22, 0, 2516, 10, 0, 143)
Node 13: Job(19, Point(104, 32, 3), 18, 479, 719, 10, 0, 188)
Node 14: Job(20, Point(8, 87, 3), 17, 1545, 1785, 10, 0, 54)
Node 15: Job(23, Point(78, 63, 3), 19, 10, 250, 10, 0, 66)
Node 16: Job(24, Point(95, 135, 0), 27, 1542, 1782, 10, 0, 86)
Node 17: Job(25, Point(37, 79, 1), 5, 0, 2491, 10, 0, 17)
Node 18: Job(27, Point(133, 130, 3), 13, 0, 2438, 10, 0, 11)
Node 19: Job(28, Point(39, 13, 2), 20, 1443, 1683, 10, 0, 52)
Node 20: Job(30, Point(10, 86, 2), 14, 0, 2463, 10, 0, 176)
Node 21: Job(31, Point(140, 42, 2), 13, 342, 582, 10, 0, 44)
Node 22: Job(32, Point(121, 124, 1), 21, 539, 779, 10, 0, 183)
Node 23: Job(33, Point(42, 29, 0), 12, 180, 420, 10, 0, 120)
Node 24: Job(34, Point(44, 58, 1), 30, 28, 268, 10, 0, 179)
Node 25: Job(36, Point(41, 36, 0), 13, 146, 386, 10, 0, 162)
Node 26: Job(38, Point(107, 102, 0), 12, 0, 2477, 10, 0, 159)
Node 27: Job(40, Point(132, 133, 0), 24, 499, 739, 10, 0, 99)
Node 28: Job(41, Point(81, 57, 1), 8, 17, 257, 10, 0, 169)
Node 29: Job(42, Point(120, 52, 3), 20, 1437, 1677, 10, 0, 51)
Node 30: Job(45, Point(82, 103, 0), 15, 0, 2490, 10, 0, 161)
Node 31: Job(47, Point(90, 44, 0), 6, 149, 389, 10, 0, 92)
Node 32: Job(48, Point(139, 73, 1), 10, 288, 528, 10, 0, 107)
Node 33: Job(56, Point(86, 40, 3), 22, 0, 2491, 10, 0, 116)
Node 34: Job(57, Point(69, 115, 1), 20, 0, 2480, 10, 0, 112)
Node 35: Job(58, Point(59, 115, 3), 26, 1195, 1435, 10, 0, 127)
Node 36: Job(59, Point(105, 2, 0), 1, 0, 2449, 10, 0, 1)
Node 37: Job(61, Point(104, 54, 1), 13, 150, 390, 10, 0, 193)
Node 38: Job(65, Point(99, 34, 0), 9, 243, 483, 10, 0, 84)
Node 39: Job(67, Point(85, 75, 1), 37, 0, 2510, 10, 0, 163)
Node 40: Job(69, Point(103, 77, 3), 17, 1102, 1342, 10, 0, 114)
Node 41: Job(70, Point(47, 83, 0), 1, 1211, 1451, 10, 0, 155)
Node 42: Job(173, Point(67, 120, 0), -20, 1375, 1615, 10, 3, 0)
Node 43: Job(118, Point(108, 30, 1), -14, 323, 563, 10, 4, 0)
Node 44: Job(39, Point(83, 38, 0), -26, 1846, 2086, 10, 5, 0)
Node 45: Job(154, Point(58, 95, 3), -27, 0, 2498, 10, 6, 0)
Node 46: Job(170, Point(12, 84, 2), -22, 735, 975, 10, 8, 0)
Node 47: Job(73, Point(39, 100, 1), -8, 0, 2482, 10, 10, 0)
Node 48: Job(85, Point(27, 104, 3), -9, 1949, 2189, 10, 13, 0)
Node 49: Job(113, Point(37, 73, 1), -11, 0, 2492, 10, 14, 0)
Node 50: Job(98, Point(18, 104, 3), -40, 1287, 1527, 10, 15, 0)
Node 51: Job(22, Point(80, 103, 2), -25, 1428, 1668, 10, 16, 0)
Node 52: Job(143, Point(120, 47, 2), -22, 100, 340, 10, 18, 0)
Node 53: Job(188, Point(15, 9, 0), -18, 1581, 1821, 10, 19, 0)
Node 54: Job(54, Point(13, 48, 3), -17, 1622, 1862, 10, 20, 0)
Node 55: Job(66, Point(38, 122, 1), -19, 876, 1116, 10, 23, 0)
Node 56: Job(86, Point(67, 96, 2), -27, 1908, 2148, 10, 24, 0)
Node 57: Job(17, Point(46, 112, 3), -5, 1084, 1324, 10, 25, 0)
Node 58: Job(11, Point(37, 138, 1), -13, 0, 2450, 10, 27, 0)
Node 59: Job(52, Point(61, 34, 3), -20, 1830, 2070, 10, 28, 0)
Node 60: Job(176, Point(20, 106, 2), -14, 1041, 1281, 10, 30, 0)
Node 61: Job(44, Point(137, 101, 2), -13, 617, 857, 10, 31, 0)
Node 62: Job(183, Point(66, 91, 3), -21, 0, 2504, 10, 32, 0)
Node 63: Job(120, Point(92, 22, 2), -12, 700, 940, 10, 33, 0)
Node 64: Job(179, Point(60, 23, 1), -30, 155, 395, 10, 34, 0)
Node 65: Job(162, Point(58, 11, 0), -13, 448, 688, 10, 36, 0)
Node 66: Job(159, Point(136, 123, 2), -12, 1214, 1454, 10, 38, 0)
Node 67: Job(99, Point(70, 83, 3), -24, 0, 2512, 10, 40, 0)
Node 68: Job(169, Point(51, 92, 2), -8, 1731, 1971, 10, 41, 0)
Node 69: Job(51, Point(98, 4, 3), -20, 0, 2454, 10, 42, 0)
Node 70: Job(161, Point(46, 133, 2), -15, 242, 482, 10, 45, 0)
Node 71: Job(92, Point(102, 52, 1), -6, 0, 2489, 10, 47, 0)
Node 72: Job(107, Point(110, 99, 1), -10, 1151, 1391, 10, 48, 0)
Node 73: Job(116, Point(89, 39, 1), -22, 36, 276, 10, 56, 0)
Node 74: Job(112, Point(123, 84, 3), -20, 1606, 1846, 10, 57, 0)
Node 75: Job(127, Point(138, 105, 1), -26, 1554, 1794, 10, 58, 0)
Node 76: Job(1, Point(101, 0, 0), -1, 1932, 2172, 10, 59, 0)
Node 77: Job(193, Point(137, 127, 0), -13, 0, 2438, 10, 61, 0)
Node 78: Job(84, Point(56, 139, 3), -9, 1179, 1419, 10, 65, 0)
Node 79: Job(163, Point(54, 78, 3), -37, 2139, 2379, 10, 67, 0)
Node 80: Job(114, Point(115, 124, 2), -17, 0, 2455, 10, 69, 0)
Node 81: Job(155, Point(117, 4, 3), -1, 1614, 1854, 10, 70, 0)
Node 82: Job(0, Point(70, 70, 0), 0, 0, 2535, 0, 0, 0)

### Preprocessing Data ###
	-> arcs: 6724 (100.0%)
	-> arc_removals: 3126 (46.49%)
	-> arc_removals_is_loop: 82 (1.22%)
	-> arc_removals_is_delivery_to_pickup: 42 (0.62%)
	-> arc_removals_is_depot_begin_to_delivery: 40 (0.59%)
	-> arc_removals_is_pickup_to_depot_end: 40 (0.59%)
	-> arc_removals_is_dest_depot_begin: 80 (1.19%)
	-> arc_removals_is_orig_depot_end: 79 (1.17%)
	-> arc_removals_is_capacity_violated: 0 (0.0%)
	-> arc_removals_is_time_window_limited: 2050 (30.49%)
	-> arc_removals_is_time_window_pairing_limited: 505 (7.51%)
	-> arc_removals_is_indirect_request_service_impossible: 208 (3.09%)
	-> gamma_vars: 0 (0%)
	-> feas_gamma_vars: 0 (0%)
	-> infeas_gamma_vars_is_next_mtrv_unreachable: 0 (0%)
	-> infeas_gamma_vars_is_iprime_jprime_eq_i_j: 0 (0%)
	-> machine_removal_for_an_arc: 0 (0.0%)
##########################

[19:05:51.435] Print configuration
------------------------------------------------------
"
[19:05:51.435] Running Multi Start Heuristic"
> Experiment started at 2025-10-09T19:05:51.435
> Instance: LR2_2_6_t2_40R_40V_04F_05M
> Algorithm Parameters:


	>Stop params:
		>  - rule ITERATIONS
		>  - argument 60000.0
		>  - maximum_time 3600

	>General params:
		>  - instPath /dados/rmelo/PDPTW-SE/benchmark_multi_floor_v3/official_experiments/multistartlp/preliminar/set_01_pt_04/../../../../instances/orig_ams_fg/40R_40V_04F_06M/t2/LR2_2_6/
		>  - name LR2_2_6
		>  - type t2
		>  - group 40R_40V_04F_05M
		>  - fullname LR2_2_6_t2_40R_40V_04F_05M
		>  - methodType heur
		>  - methodCode mslp
		>  - genconfigfile /dados/rmelo/PDPTW-SE/benchmark_multi_floor_v3/official_experiments/multistartlp/preliminar/set_01_pt_04/configs/genconfig_mslp.conf
		>  - genconfigfilename genconfig_mslp
		>  - greedy_service_order random
		>  - cutoff 0
		>  - cutoffmachs 5
		>  - num_machs 0
		>  - solver Gurobi
		>  - maxtime 3600
		>  - gurobiCuts 1
		>  - typeUserCut 0
		>  - mipPresolve -1
		>  - printsol 1
		>  - maxnodes -1
		>  - elevator 1
		>  - make_instance_feasible false
		>  - output /dados/rmelo/PDPTW-SE/benchmark_multi_floor_v3/official_experiments/multistartlp/preliminar/set_01_pt_04/logs
		>  - suff_outputs _seed_157_alpha_05p
		>  - suff_csv _bash_1_rb
		>  - epsilon 0.005
		>  - epsilonCap 0.5
		>  - warmStart false
		>  - seed 157
		>  - rng Random.MersenneTwister(157)
		>  - alpha 0.05
		>  - maxiter 1000000
		>  - outputFlagGrbMIP 0
		>  - outputFlagGrbMSLP 0
		>  - outputFlagGrbLMNS 0
		>  - mslpr I
		>  - mslpa 60000
		>  - lmnsr M
		>  - lmnsa 60
		>  - lmnsRepairTime 30.0
		>  - lmnsMIPFocus 0
		>  - lmnsGapToBiggerDestruction 50
		>  - lmnsGapToSmallerDestruction 95
		>  - lmnsWeightShawDistProx 1.0
		>  - lmnsWeightShawEarlProx 1.0
		>  - lmnsWeightShawSameRoute 1.0
		>  - lmnsWeightShawDemandSim 1.0
		>  - lmnsReqRApplyMIPStart true
		>  - lmnsAcceptanceCriteria H
		>  - lmnsMetropolisTemp 100.0
		>  - lmnsSimulatedAnnealingTemp 100.0
		>  - lmnsSimulatedAnnealingCool 0.95
		>  - mipmaxtime 3600
		>  - csvfilename /dados/rmelo/PDPTW-SE/benchmark_multi_floor_v3/official_experiments/multistartlp/preliminar/set_01_pt_04/logs/heur_mslp/outputs/csvresults_heur_mslp_bash_1_rb.csv
		>  - solfilename /dados/rmelo/PDPTW-SE/benchmark_multi_floor_v3/official_experiments/multistartlp/preliminar/set_01_pt_04/logs/heur_mslp/solutions/40R_40V_04F_05M/LR2_2_6_sol_genconfig_mslp_seed_157_alpha_05p.txt
		>  - timelineFilename /dados/rmelo/PDPTW-SE/benchmark_multi_floor_v3/official_experiments/multistartlp/preliminar/set_01_pt_04/logs/heur_mslp/timelines/40R_40V_04F_05M/LR2_2_6_timeline_genconfig_mslp_seed_157_alpha_05p.txt
		>  - grbFilename /dados/rmelo/PDPTW-SE/benchmark_multi_floor_v3/official_experiments/multistartlp/preliminar/set_01_pt_04/logs/heur_mslp/gurobi/40R_40V_04F_05M/LR2_2_6_grb_genconfig_mslp_seed_157_alpha_05p.log
		>  - threads 1
		>  - solverMethod AUTOMATIC

------------------------------------------------------

[19:05:51.571] Starting running MSLP
objValue;greedysol;iteration;time
9587.70;9891.61;1;0.048375
9506.90;9710.11;2;0.517346
8373.88;8440.69;8;1.056978
8359.75;8740.88;160;9.831248
8285.59;8787.91;198;11.933786
8231.06;8475.28;447;26.345739
8194.33;8427.81;749;44.215599
8122.27;8366.33;984;57.999860
8116.23;8310.81;2194;127.588920
8044.61;8198.08;3346;194.267644
8020.56;8301.97;19742;1095.478915
7848.87;8135.73;24426;1336.833315

[20:03:02.789] Finished running MSLP
System CPU time: 43.55 seconds

[20:03:02.878] Post running MSLP
Best solution value: 7848.87
Total time elapsed: 3360.639708
Time to best: 1336.833315
Iterations: 60000
Iterations to best: 24426
Improvements: 12
Infeasible solutions percentage: (0 / 60000) = 0.0000 %
(LP improvements)/(LP runs) = 60000/60000 = 100.0000 %
Mean LP improvement percentage: 3.1462 %
[20:03:03.196] Writing results to CSV file: /dados/rmelo/PDPTW-SE/benchmark_multi_floor_v3/official_experiments/multistartlp/preliminar/set_01_pt_04/logs/heur_mslp/outputs/csvresults_heur_mslp_bash_1_rb.csv

[20:03:05.755] Saving solution to file:/dados/rmelo/PDPTW-SE/benchmark_multi_floor_v3/official_experiments/multistartlp/preliminar/set_01_pt_04/logs/heur_mslp/solutions/40R_40V_04F_05M/LR2_2_6_sol_genconfig_mslp_seed_157_alpha_05p.txt

[20:03:05.755] Saving solution timeline to file: /dados/rmelo/PDPTW-SE/benchmark_multi_floor_v3/official_experiments/multistartlp/preliminar/set_01_pt_04/logs/heur_mslp/timelines/40R_40V_04F_05M/LR2_2_6_timeline_genconfig_mslp_seed_157_alpha_05p.txt
---------------------| VEHICLES |---------------------

Vehicle 8 :
	id: 0
		node: 1
		(x, y, z): (70, 70, 0)
		dem: 0
		earl: 0
		lat: 2535
		servt: 0
		pid: 0
		did: 0
		servST: 66.24000000000001
		(h, h_ind): (-1, 0)
		load: 0.0

	Finished service at time: 66.24000000000001

	Using Machine: 2
		Task 0 -> Machine 2 (Station 1): 2.0
		Vehicle arrival at machine station: 68.24000000000001
		Waiting time until machine travel: 0.0

		Machine travel start time: 68.24000000000001
		Region 0 -> Region 1: 5.0
		Machine arrival at machine station: 73.24000000000001

		Machine 2 (Station 2)-> Task 34: 30.46
		Vehicle arrival at task: 103.70000000000002
		Waiting time until service start time: 0.0

	id: 34
		node: 24
		(x, y, z): (44, 58, 1)
		dem: 30
		earl: 28
		lat: 268
		servt: 10
		pid: 0
		did: 179
		servST: 103.70000000000002
		(h, h_ind): (2, 1)
		load: 30.0

	Finished service at time: 113.70000000000002

	Task 34 -> Task 61: 60.13
	Vehicle arrival at task: 173.83
	Waiting time until service start time: 0.0

	id: 61
		node: 37
		(x, y, z): (104, 54, 1)
		dem: 13
		earl: 150
		lat: 390
		servt: 10
		pid: 0
		did: 193
		servST: 173.83
		(h, h_ind): (-1, 0)
		load: 43.0

	Finished service at time: 183.83

	Task 61 -> Task 8: 62.65
	Vehicle arrival at task: 246.48000000000002
	Waiting time until service start time: 0.0

	id: 8
		node: 6
		(x, y, z): (78, 111, 1)
		dem: 22
		earl: 47
		lat: 287
		servt: 10
		pid: 0
		did: 170
		servST: 246.48000000000002
		(h, h_ind): (-1, 0)
		load: 65.0

	Finished service at time: 256.48

	Task 8 -> Task 179: 89.82
	Vehicle arrival at task: 346.3
	Waiting time until service start time: 0.0

	id: 179
		node: 64
		(x, y, z): (60, 23, 1)
		dem: -30
		earl: 155
		lat: 395
		servt: 10
		pid: 34
		did: 0
		servST: 346.3
		(h, h_ind): (-1, 0)
		load: 35.0

	Finished service at time: 356.3

	Using Machine: 4
		Task 179 -> Machine 4 (Station 2): 51.08
		Vehicle arrival at machine station: 407.38
		Waiting time until machine travel: 0.0

		Machine travel start time: 407.38
		Region 1 -> Region 0: 5.0
		Machine arrival at machine station: 412.38

		Machine 4 (Station 1)-> Task 65: 40.71
		Vehicle arrival at task: 453.09
		Waiting time until service start time: 0.0

	id: 65
		node: 38
		(x, y, z): (99, 34, 0)
		dem: 9
		earl: 243
		lat: 483
		servt: 10
		pid: 0
		did: 84
		servST: 453.09
		(h, h_ind): (4, 6)
		load: 44.0

	Finished service at time: 463.09

	Task 65 -> Task 193: 100.46
	Vehicle arrival at task: 563.55
	Waiting time until service start time: 0.0

	id: 193
		node: 77
		(x, y, z): (137, 127, 0)
		dem: -13
		earl: 0
		lat: 2438
		servt: 10
		pid: 61
		did: 0
		servST: 563.55
		(h, h_ind): (-1, 0)
		load: 31.0

	Finished service at time: 573.55

	Task 193 -> Task 40: 7.81
	Vehicle arrival at task: 581.3599999999999
	Waiting time until service start time: 0.0

	id: 40
		node: 27
		(x, y, z): (132, 133, 0)
		dem: 24
		earl: 499
		lat: 739
		servt: 10
		pid: 0
		did: 99
		servST: 581.3599999999999
		(h, h_ind): (-1, 0)
		load: 55.0

	Finished service at time: 591.3599999999999

	Using Machine: 2
		Task 40 -> Machine 2 (Station 1): 87.0
		Vehicle arrival at machine station: 678.3599999999999
		Waiting time until machine travel: 0.0

		Machine travel start time: 678.3599999999999
		Region 0 -> Region 2: 10.0
		Machine arrival at machine station: 688.3599999999999

		Machine 2 (Station 3)-> Task 170: 61.61
		Vehicle arrival at task: 749.9699999999999
		Waiting time until service start time: 0.0

	id: 170
		node: 46
		(x, y, z): (12, 84, 2)
		dem: -22
		earl: 735
		lat: 975
		servt: 10
		pid: 8
		did: 0
		servST: 749.9699999999999
		(h, h_ind): (2, 5)
		load: 33.0

	Finished service at time: 759.9699999999999

	Task 170 -> Task 30: 2.83
	Vehicle arrival at task: 762.8
	Waiting time until service start time: 0.0

	id: 30
		node: 20
		(x, y, z): (10, 86, 2)
		dem: 14
		earl: 0
		lat: 2463
		servt: 10
		pid: 0
		did: 176
		servST: 762.8
		(h, h_ind): (-1, 0)
		load: 47.0

	Finished service at time: 772.8

	Using Machine: 2
		Task 30 -> Machine 2 (Station 3): 64.03
		Vehicle arrival at machine station: 836.8299999999999
		Waiting time until machine travel: 0.0

		Machine travel start time: 836.8299999999999
		Region 2 -> Region 3: 5.0
		Machine arrival at machine station: 841.8299999999999

		Machine 2 (Station 4)-> Task 14: 60.46
		Vehicle arrival at task: 902.29
		Waiting time until service start time: 0.0

	id: 14
		node: 9
		(x, y, z): (22, 104, 3)
		dem: 11
		earl: 865
		lat: 1105
		servt: 10
		pid: 0
		did: 113
		servST: 902.29
		(h, h_ind): (2, 6)
		load: 58.0

	Finished service at time: 912.29

	Using Machine: 2
		Task 14 -> Machine 2 (Station 4): 60.46
		Vehicle arrival at machine station: 972.75
		Waiting time until machine travel: 0.0

		Machine travel start time: 972.75
		Region 3 -> Region 2: 5.0
		Machine arrival at machine station: 977.75

		Machine 2 (Station 3)-> Task 176: 63.25
		Vehicle arrival at task: 1041.0
		Waiting time until service start time: 0.0

	id: 176
		node: 60
		(x, y, z): (20, 106, 2)
		dem: -14
		earl: 1041
		lat: 1281
		servt: 10
		pid: 30
		did: 0
		servST: 1041.0
		(h, h_ind): (2, 8)
		load: 44.0

	Finished service at time: 1051.0

	Using Machine: 2
		Task 176 -> Machine 2 (Station 3): 63.25
		Vehicle arrival at machine station: 1114.25
		Waiting time until machine travel: 0.0

		Machine travel start time: 1114.25
		Region 2 -> Region 1: 5.0
		Machine arrival at machine station: 1119.25

		Machine 2 (Station 2)-> Task 57: 45.1
		Vehicle arrival at task: 1164.35
		Waiting time until service start time: 0.0

	id: 57
		node: 34
		(x, y, z): (69, 115, 1)
		dem: 20
		earl: 0
		lat: 2480
		servt: 10
		pid: 0
		did: 112
		servST: 1164.35
		(h, h_ind): (2, 9)
		load: 64.0

	Finished service at time: 1174.35

	Using Machine: 2
		Task 57 -> Machine 2 (Station 2): 45.1
		Vehicle arrival at machine station: 1219.4499999999998
		Waiting time until machine travel: 0.0

		Machine travel start time: 1219.4499999999998
		Region 1 -> Region 3: 10.0
		Machine arrival at machine station: 1229.4499999999998

		Machine 2 (Station 4)-> Task 99: 13.15
		Vehicle arrival at task: 1242.6
		Waiting time until service start time: 0.0

	id: 99
		node: 67
		(x, y, z): (70, 83, 3)
		dem: -24
		earl: 0
		lat: 2512
		servt: 10
		pid: 40
		did: 0
		servST: 1242.6
		(h, h_ind): (2, 10)
		load: 40.0

	Finished service at time: 1252.6

	Task 99 -> Task 84: 57.72
	Vehicle arrival at task: 1310.32
	Waiting time until service start time: 0.0

	id: 84
		node: 78
		(x, y, z): (56, 139, 3)
		dem: -9
		earl: 1179
		lat: 1419
		servt: 10
		pid: 65
		did: 0
		servST: 1310.32
		(h, h_ind): (-1, 0)
		load: 31.0

	Finished service at time: 1320.32

	Task 84 -> Task 5: 26.42
	Vehicle arrival at task: 1346.74
	Waiting time until service start time: 0.0

	id: 5
		node: 4
		(x, y, z): (69, 116, 3)
		dem: 26
		earl: 1317
		lat: 1557
		servt: 10
		pid: 0
		did: 39
		servST: 1346.74
		(h, h_ind): (-1, 0)
		load: 57.0

	Finished service at time: 1356.74

	Using Machine: 2
		Task 5 -> Machine 2 (Station 4): 46.1
		Vehicle arrival at machine station: 1402.84
		Waiting time until machine travel: 0.0

		Machine travel start time: 1402.84
		Region 3 -> Region 0: 15.0
		Machine arrival at machine station: 1417.84

		Machine 2 (Station 1)-> Task 70: 28.18
		Vehicle arrival at task: 1446.02
		Waiting time until service start time: 0.0

	id: 70
		node: 41
		(x, y, z): (47, 83, 0)
		dem: 1
		earl: 1211
		lat: 1451
		servt: 10
		pid: 0
		did: 155
		servST: 1446.02
		(h, h_ind): (2, 12)
		load: 58.0

	Finished service at time: 1456.02

	Using Machine: 2
		Task 70 -> Machine 2 (Station 1): 28.18
		Vehicle arrival at machine station: 1484.2
		Waiting time until machine travel: 0.0

		Machine travel start time: 1484.2
		Region 0 -> Region 1: 5.0
		Machine arrival at machine station: 1489.2

		Machine 2 (Station 2)-> Task 113: 35.13
		Vehicle arrival at task: 1524.3300000000002
		Waiting time until service start time: 0.0

	id: 113
		node: 49
		(x, y, z): (37, 73, 1)
		dem: -11
		earl: 0
		lat: 2492
		servt: 10
		pid: 14
		did: 0
		servST: 1524.3300000000002
		(h, h_ind): (2, 13)
		load: 47.0

	Finished service at time: 1534.3300000000002

	Using Machine: 2
		Task 113 -> Machine 2 (Station 2): 35.13
		Vehicle arrival at machine station: 1569.4600000000003
		Waiting time until machine travel: 0.0

		Machine travel start time: 1569.4600000000003
		Region 1 -> Region 3: 10.0
		Machine arrival at machine station: 1579.4600000000003

		Machine 2 (Station 4)-> Task 42: 51.26
		Vehicle arrival at task: 1630.7200000000003
		Waiting time until service start time: 0.0

	id: 42
		node: 29
		(x, y, z): (120, 52, 3)
		dem: 20
		earl: 1437
		lat: 1677
		servt: 10
		pid: 0
		did: 51
		servST: 1630.7200000000003
		(h, h_ind): (2, 14)
		load: 67.0

	Finished service at time: 1640.7200000000003

	Task 42 -> Task 155: 48.09
	Vehicle arrival at task: 1688.8100000000002
	Waiting time until service start time: 0.0

	id: 155
		node: 81
		(x, y, z): (117, 4, 3)
		dem: -1
		earl: 1614
		lat: 1854
		servt: 10
		pid: 70
		did: 0
		servST: 1688.8100000000002
		(h, h_ind): (-1, 0)
		load: 66.0

	Finished service at time: 1698.8100000000002

	Task 155 -> Task 51: 19.0
	Vehicle arrival at task: 1717.8100000000002
	Waiting time until service start time: 0.0

	id: 51
		node: 69
		(x, y, z): (98, 4, 3)
		dem: -20
		earl: 0
		lat: 2454
		servt: 10
		pid: 42
		did: 0
		servST: 1717.8100000000002
		(h, h_ind): (-1, 0)
		load: 46.0

	Finished service at time: 1727.8100000000002

	Task 51 -> Task 112: 83.82
	Vehicle arrival at task: 1811.63
	Waiting time until service start time: 0.0

	id: 112
		node: 74
		(x, y, z): (123, 84, 3)
		dem: -20
		earl: 1606
		lat: 1846
		servt: 10
		pid: 57
		did: 0
		servST: 1811.63
		(h, h_ind): (-1, 0)
		load: 26.0

	Finished service at time: 1821.63

	Using Machine: 4
		Task 112 -> Machine 4 (Station 4): 45.22
		Vehicle arrival at machine station: 1866.8500000000001
		Waiting time until machine travel: 0.0

		Machine travel start time: 1866.8500000000001
		Region 3 -> Region 0: 15.0
		Machine arrival at machine station: 1881.8500000000001

		Machine 4 (Station 1)-> Task 39: 32.14
		Vehicle arrival at task: 1913.9900000000002
		Waiting time until service start time: 0.0

	id: 39
		node: 44
		(x, y, z): (83, 38, 0)
		dem: -26
		earl: 1846
		lat: 2086
		servt: 10
		pid: 5
		did: 0
		servST: 1913.9900000000002
		(h, h_ind): (4, 17)
		load: 0.0

	Finished service at time: 1923.9900000000002

	Task 39 -> Task 59: 42.19
	Vehicle arrival at task: 1966.1800000000003
	Waiting time until service start time: 0.0

	id: 59
		node: 36
		(x, y, z): (105, 2, 0)
		dem: 1
		earl: 0
		lat: 2449
		servt: 10
		pid: 0
		did: 1
		servST: 1966.1800000000003
		(h, h_ind): (-1, 0)
		load: 1.0

	Finished service at time: 1976.1800000000003

	Task 59 -> Task 1: 4.47
	Vehicle arrival at task: 1980.6500000000003
	Waiting time until service start time: 0.0

	id: 1
		node: 76
		(x, y, z): (101, 0, 0)
		dem: -1
		earl: 1932
		lat: 2172
		servt: 10
		pid: 59
		did: 0
		servST: 1980.6500000000003
		(h, h_ind): (-1, 0)
		load: 0.0

	Finished service at time: 1990.6500000000003

	Task 1 -> Task 0: 76.56
	Vehicle arrival at task: 2067.2100000000005
	Waiting time until service start time: 0.0

	id: 0
		node: 82
		(x, y, z): (70, 70, 0)
		dem: 0
		earl: 0
		lat: 2535
		servt: 0
		pid: 0
		did: 0
		servST: 2067.2100000000005
		(h, h_ind): (-1, 0)
		load: 0.0


Vehicle 9 :
	id: 0
		node: 1
		(x, y, z): (70, 70, 0)
		dem: 0
		earl: 0
		lat: 2535
		servt: 0
		pid: 0
		did: 0
		servST: 1.7300000000001745
		(h, h_ind): (-1, 0)
		load: 0.0

	Finished service at time: 1.7300000000001745

	Task 0 -> Task 45: 35.11
	Vehicle arrival at task: 36.840000000000174
	Waiting time until service start time: 0.0

	id: 45
		node: 30
		(x, y, z): (82, 103, 0)
		dem: 15
		earl: 0
		lat: 2490
		servt: 10
		pid: 0
		did: 161
		servST: 36.840000000000174
		(h, h_ind): (-1, 0)
		load: 15.0

	Finished service at time: 46.840000000000174

	Using Machine: 4
		Task 45 -> Machine 4 (Station 1): 33.06
		Vehicle arrival at machine station: 79.90000000000018
		Waiting time until machine travel: 0.0

		Machine travel start time: 79.90000000000018
		Region 0 -> Region 3: 15.0
		Machine arrival at machine station: 94.90000000000018

		Machine 4 (Station 4)-> Task 18: 2.24
		Vehicle arrival at task: 97.14000000000017
		Waiting time until service start time: 0.0

	id: 18
		node: 12
		(x, y, z): (79, 72, 3)
		dem: 22
		earl: 0
		lat: 2516
		servt: 10
		pid: 0
		did: 143
		servST: 97.14000000000019
		(h, h_ind): (4, 1)
		load: 37.0

	Finished service at time: 107.14000000000019

	Using Machine: 4
		Task 18 -> Machine 4 (Station 4): 2.24
		Vehicle arrival at machine station: 109.38000000000018
		Waiting time until machine travel: 0.0

		Machine travel start time: 109.38000000000018
		Region 3 -> Region 0: 15.0
		Machine arrival at machine station: 124.38000000000018

		Machine 4 (Station 1)-> Task 47: 27.86
		Vehicle arrival at task: 152.24000000000018
		Waiting time until service start time: 0.0

	id: 47
		node: 31
		(x, y, z): (90, 44, 0)
		dem: 6
		earl: 149
		lat: 389
		servt: 10
		pid: 0
		did: 92
		servST: 152.24000000000018
		(h, h_ind): (4, 2)
		load: 43.0

	Finished service at time: 162.24000000000018

	Using Machine: 4
		Task 47 -> Machine 4 (Station 1): 27.86
		Vehicle arrival at machine station: 190.1000000000002
		Waiting time until machine travel: 0.0

		Machine travel start time: 190.1000000000002
		Region 0 -> Region 3: 15.0
		Machine arrival at machine station: 205.1000000000002

		Machine 4 (Station 4)-> Task 23: 7.28
		Vehicle arrival at task: 212.3800000000002
		Waiting time until service start time: 0.0

	id: 23
		node: 15
		(x, y, z): (78, 63, 3)
		dem: 19
		earl: 10
		lat: 250
		servt: 10
		pid: 0
		did: 66
		servST: 212.3800000000002
		(h, h_ind): (4, 3)
		load: 62.0

	Finished service at time: 222.3800000000002

	Using Machine: 4
		Task 23 -> Machine 4 (Station 4): 7.28
		Vehicle arrival at machine station: 229.6600000000002
		Waiting time until machine travel: 0.0

		Machine travel start time: 229.6600000000002
		Region 3 -> Region 1: 10.0
		Machine arrival at machine station: 239.6600000000002

		Machine 4 (Station 2)-> Task 41: 13.04
		Vehicle arrival at task: 252.7000000000002
		Waiting time until service start time: 0.0

	id: 41
		node: 28
		(x, y, z): (81, 57, 1)
		dem: 8
		earl: 17
		lat: 257
		servt: 10
		pid: 0
		did: 169
		servST: 252.7000000000002
		(h, h_ind): (4, 4)
		load: 70.0

	Finished service at time: 262.70000000000016

	Using Machine: 4
		Task 41 -> Machine 4 (Station 2): 13.04
		Vehicle arrival at machine station: 275.7400000000002
		Waiting time until machine travel: 0.0

		Machine travel start time: 275.7400000000002
		Region 1 -> Region 2: 5.0
		Machine arrival at machine station: 280.7400000000002

		Machine 4 (Station 3)-> Task 143: 46.14
		Vehicle arrival at task: 326.88000000000017
		Waiting time until service start time: 0.0

	id: 143
		node: 52
		(x, y, z): (120, 47, 2)
		dem: -22
		earl: 100
		lat: 340
		servt: 10
		pid: 18
		did: 0
		servST: 326.88000000000017
		(h, h_ind): (4, 5)
		load: 48.0

	Finished service at time: 336.88000000000017

	Task 143 -> Task 161: 113.45
	Vehicle arrival at task: 450.33000000000015
	Waiting time until service start time: 0.0

	id: 161
		node: 70
		(x, y, z): (46, 133, 2)
		dem: -15
		earl: 242
		lat: 482
		servt: 10
		pid: 45
		did: 0
		servST: 450.33000000000015
		(h, h_ind): (-1, 0)
		load: 33.0

	Finished service at time: 460.33000000000015

	Using Machine: 2
		Task 161 -> Machine 2 (Station 3): 68.15
		Vehicle arrival at machine station: 528.4800000000001
		Waiting time until machine travel: 0.0

		Machine travel start time: 528.4800000000001
		Region 2 -> Region 1: 5.0
		Machine arrival at machine station: 533.4800000000001

		Machine 2 (Station 2)-> Task 25: 36.14
		Vehicle arrival at task: 569.6200000000001
		Waiting time until service start time: 0.0

	id: 25
		node: 17
		(x, y, z): (37, 79, 1)
		dem: 5
		earl: 0
		lat: 2491
		servt: 10
		pid: 0
		did: 17
		servST: 569.6200000000001
		(h, h_ind): (2, 4)
		load: 38.0

	Finished service at time: 579.6200000000001

	Task 25 -> Task 32: 95.29
	Vehicle arrival at task: 674.9100000000001
	Waiting time until service start time: 0.0

	id: 32
		node: 22
		(x, y, z): (121, 124, 1)
		dem: 21
		earl: 539
		lat: 779
		servt: 10
		pid: 0
		did: 183
		servST: 674.9100000000001
		(h, h_ind): (-1, 0)
		load: 59.0

	Finished service at time: 684.9100000000001

	Task 32 -> Task 92: 74.46
	Vehicle arrival at task: 759.3700000000001
	Waiting time until service start time: 0.0

	id: 92
		node: 71
		(x, y, z): (102, 52, 1)
		dem: -6
		earl: 0
		lat: 2489
		servt: 10
		pid: 47
		did: 0
		servST: 759.3700000000001
		(h, h_ind): (-1, 0)
		load: 53.0

	Finished service at time: 769.3700000000001

	Using Machine: 4
		Task 92 -> Machine 4 (Station 2): 28.43
		Vehicle arrival at machine station: 797.8000000000001
		Waiting time until machine travel: 0.0

		Machine travel start time: 797.8000000000001
		Region 1 -> Region 3: 10.0
		Machine arrival at machine station: 807.8000000000001

		Machine 4 (Station 4)-> Task 183: 25.24
		Vehicle arrival at task: 833.0400000000001
		Waiting time until service start time: 0.0

	id: 183
		node: 62
		(x, y, z): (66, 91, 3)
		dem: -21
		earl: 0
		lat: 2504
		servt: 10
		pid: 32
		did: 0
		servST: 833.0400000000001
		(h, h_ind): (4, 11)
		load: 32.0

	Finished service at time: 843.0400000000001

	Using Machine: 2
		Task 183 -> Machine 2 (Station 4): 21.84
		Vehicle arrival at machine station: 864.8800000000001
		Waiting time until machine travel: 0.0

		Machine travel start time: 864.8800000000001
		Region 3 -> Region 1: 10.0
		Machine arrival at machine station: 874.8800000000001

		Machine 2 (Station 2)-> Task 66: 62.13
		Vehicle arrival at task: 937.0100000000001
		Waiting time until service start time: 0.0

	id: 66
		node: 55
		(x, y, z): (38, 122, 1)
		dem: -19
		earl: 876
		lat: 1116
		servt: 10
		pid: 23
		did: 0
		servST: 937.0100000000001
		(h, h_ind): (2, 7)
		load: 13.0

	Finished service at time: 947.0100000000001

	Using Machine: 3
		Task 66 -> Machine 3 (Station 2): 65.6
		Vehicle arrival at machine station: 1012.6100000000001
		Waiting time until machine travel: 0.0

		Machine travel start time: 1012.6100000000001
		Region 1 -> Region 0: 5.0
		Machine arrival at machine station: 1017.6100000000001

		Machine 3 (Station 1)-> Task 13: 68.25
		Vehicle arrival at task: 1085.8600000000001
		Waiting time until service start time: 0.0

	id: 13
		node: 8
		(x, y, z): (121, 123, 0)
		dem: 9
		earl: 968
		lat: 1208
		servt: 10
		pid: 0
		did: 85
		servST: 1085.8600000000001
		(h, h_ind): (3, 4)
		load: 22.0

	Finished service at time: 1095.8600000000001

	Task 13 -> Task 38: 25.24
	Vehicle arrival at task: 1121.1000000000001
	Waiting time until service start time: 0.0

	id: 38
		node: 26
		(x, y, z): (107, 102, 0)
		dem: 12
		earl: 0
		lat: 2477
		servt: 10
		pid: 0
		did: 159
		servST: 1121.1000000000001
		(h, h_ind): (-1, 0)
		load: 34.0

	Finished service at time: 1131.1000000000001

	Using Machine: 4
		Task 38 -> Machine 4 (Station 1): 41.87
		Vehicle arrival at machine station: 1172.97
		Waiting time until machine travel: 0.0

		Machine travel start time: 1172.97
		Region 0 -> Region 3: 15.0
		Machine arrival at machine station: 1187.97

		Machine 4 (Station 4)-> Task 58: 49.66
		Vehicle arrival at task: 1237.63
		Waiting time until service start time: 0.0

	id: 58
		node: 35
		(x, y, z): (59, 115, 3)
		dem: 26
		earl: 1195
		lat: 1435
		servt: 10
		pid: 0
		did: 127
		servST: 1237.63
		(h, h_ind): (4, 13)
		load: 60.0

	Finished service at time: 1247.63

	Task 58 -> Task 17: 13.34
	Vehicle arrival at task: 1260.97
	Waiting time until service start time: 0.0

	id: 17
		node: 57
		(x, y, z): (46, 112, 3)
		dem: -5
		earl: 1084
		lat: 1324
		servt: 10
		pid: 25
		did: 0
		servST: 1260.97
		(h, h_ind): (-1, 0)
		load: 55.0

	Finished service at time: 1270.97

	Task 17 -> Task 69: 66.89
	Vehicle arrival at task: 1337.8600000000001
	Waiting time until service start time: 0.0

	id: 69
		node: 40
		(x, y, z): (103, 77, 3)
		dem: 17
		earl: 1102
		lat: 1342
		servt: 10
		pid: 0
		did: 114
		servST: 1337.8600000000001
		(h, h_ind): (-1, 0)
		load: 72.0

	Finished service at time: 1347.8600000000001

	Using Machine: 4
		Task 69 -> Machine 4 (Station 4): 24.04
		Vehicle arrival at machine station: 1371.9
		Waiting time until machine travel: 0.0

		Machine travel start time: 1371.9
		Region 3 -> Region 2: 5.0
		Machine arrival at machine station: 1376.9

		Machine 4 (Station 3)-> Task 159: 77.1
		Vehicle arrival at task: 1454.0
		Waiting time until service start time: 0.0

	id: 159
		node: 66
		(x, y, z): (136, 123, 2)
		dem: -12
		earl: 1214
		lat: 1454
		servt: 10
		pid: 38
		did: 0
		servST: 1454.0
		(h, h_ind): (4, 14)
		load: 60.0

	Finished service at time: 1464.0

	Task 159 -> Task 114: 21.02
	Vehicle arrival at task: 1485.02
	Waiting time until service start time: 11.5

	id: 114
		node: 80
		(x, y, z): (115, 124, 2)
		dem: -17
		earl: 0
		lat: 2455
		servt: 10
		pid: 69
		did: 0
		servST: 1496.52
		(h, h_ind): (-1, 0)
		load: 43.0

	Finished service at time: 1506.52

	Task 114 -> Task 28: 134.53
	Vehicle arrival at task: 1641.05
	Waiting time until service start time: 0.0

	id: 28
		node: 19
		(x, y, z): (39, 13, 2)
		dem: 20
		earl: 1443
		lat: 1683
		servt: 10
		pid: 0
		did: 52
		servST: 1641.05
		(h, h_ind): (-1, 0)
		load: 63.0

	Finished service at time: 1651.05

	Using Machine: 4
		Task 28 -> Machine 4 (Station 3): 70.21
		Vehicle arrival at machine station: 1721.26
		Waiting time until machine travel: 0.0

		Machine travel start time: 1721.26
		Region 2 -> Region 1: 5.0
		Machine arrival at machine station: 1726.26

		Machine 4 (Station 2)-> Task 127: 67.74
		Vehicle arrival at task: 1794.0
		Waiting time until service start time: 0.0

	id: 127
		node: 75
		(x, y, z): (138, 105, 1)
		dem: -26
		earl: 1554
		lat: 1794
		servt: 10
		pid: 58
		did: 0
		servST: 1794.0
		(h, h_ind): (4, 16)
		load: 37.0

	Finished service at time: 1804.0

	Using Machine: 3
		Task 127 -> Machine 3 (Station 2): 69.46
		Vehicle arrival at machine station: 1873.46
		Waiting time until machine travel: 30.5

		Machine travel start time: 1903.9600000000003
		Region 1 -> Region 2: 5.0
		Machine arrival at machine station: 1908.9600000000003

		Machine 3 (Station 3)-> Task 169: 34.83
		Vehicle arrival at task: 1943.7900000000002
		Waiting time until service start time: 0.0

	id: 169
		node: 68
		(x, y, z): (51, 92, 2)
		dem: -8
		earl: 1731
		lat: 1971
		servt: 10
		pid: 41
		did: 0
		servST: 1943.7900000000002
		(h, h_ind): (3, 5)
		load: 29.0

	Finished service at time: 1953.7900000000002

	Using Machine: 3
		Task 169 -> Machine 3 (Station 3): 34.83
		Vehicle arrival at machine station: 1988.6200000000001
		Waiting time until machine travel: 0.0

		Machine travel start time: 1988.6200000000001
		Region 2 -> Region 1: 5.0
		Machine arrival at machine station: 1993.6200000000001

		Machine 3 (Station 2)-> Task 67: 8.6
		Vehicle arrival at task: 2002.22
		Waiting time until service start time: 0.0

	id: 67
		node: 39
		(x, y, z): (85, 75, 1)
		dem: 37
		earl: 0
		lat: 2510
		servt: 10
		pid: 0
		did: 163
		servST: 2002.22
		(h, h_ind): (3, 6)
		load: 66.0

	Finished service at time: 2012.22

	Using Machine: 4
		Task 67 -> Machine 4 (Station 2): 7.07
		Vehicle arrival at machine station: 2019.29
		Waiting time until machine travel: 0.0

		Machine travel start time: 2019.29
		Region 1 -> Region 3: 10.0
		Machine arrival at machine station: 2029.29

		Machine 4 (Station 4)-> Task 52: 40.71
		Vehicle arrival at task: 2070.0
		Waiting time until service start time: 0.0

	id: 52
		node: 59
		(x, y, z): (61, 34, 3)
		dem: -20
		earl: 1830
		lat: 2070
		servt: 10
		pid: 28
		did: 0
		servST: 2070.0
		(h, h_ind): (4, 18)
		load: 46.0

	Finished service at time: 2080.0

	Task 52 -> Task 163: 44.55
	Vehicle arrival at task: 2124.55
	Waiting time until service start time: 14.45

	id: 163
		node: 79
		(x, y, z): (54, 78, 3)
		dem: -37
		earl: 2139
		lat: 2379
		servt: 10
		pid: 67
		did: 0
		servST: 2139.0
		(h, h_ind): (-1, 0)
		load: 9.0

	Finished service at time: 2149.0

	Task 163 -> Task 85: 37.48
	Vehicle arrival at task: 2186.48
	Waiting time until service start time: 0.0

	id: 85
		node: 48
		(x, y, z): (27, 104, 3)
		dem: -9
		earl: 1949
		lat: 2189
		servt: 10
		pid: 13
		did: 0
		servST: 2186.48
		(h, h_ind): (-1, 0)
		load: 0.0

	Finished service at time: 2196.48

	Using Machine: 2
		Task 85 -> Machine 2 (Station 4): 56.4
		Vehicle arrival at machine station: 2252.88
		Waiting time until machine travel: 0.0

		Machine travel start time: 2252.88
		Region 3 -> Region 0: 15.0
		Machine arrival at machine station: 2267.88

		Machine 2 (Station 1)-> Task 0: 2.0
		Vehicle arrival at task: 2269.88
		Waiting time until service start time: 0.0

	id: 0
		node: 82
		(x, y, z): (70, 70, 0)
		dem: 0
		earl: 0
		lat: 2535
		servt: 0
		pid: 0
		did: 0
		servST: 2269.88
		(h, h_ind): (2, 19)
		load: 0.0


Vehicle 19 :
	id: 0
		node: 1
		(x, y, z): (70, 70, 0)
		dem: 0
		earl: 0
		lat: 2535
		servt: 0
		pid: 0
		did: 0
		servST: 89.52000000000002
		(h, h_ind): (-1, 0)
		load: 0.0

	Finished service at time: 89.52000000000002

	Using Machine: 1
		Task 0 -> Machine 1 (Station 1): 6.0
		Vehicle arrival at machine station: 95.52000000000002
		Waiting time until machine travel: 0.0

		Machine travel start time: 95.52000000000002
		Region 0 -> Region 2: 10.0
		Machine arrival at machine station: 105.52000000000002

		Machine 1 (Station 3)-> Task 4: 48.05
		Vehicle arrival at task: 153.57000000000002
		Waiting time until service start time: 0.0

	id: 4
		node: 3
		(x, y, z): (29, 60, 2)
		dem: 14
		earl: 49
		lat: 289
		servt: 10
		pid: 0
		did: 118
		servST: 153.57000000000002
		(h, h_ind): (1, 1)
		load: 14.0

	Finished service at time: 163.57000000000002

	Using Machine: 2
		Task 4 -> Machine 2 (Station 3): 44.15
		Vehicle arrival at machine station: 207.72000000000003
		Waiting time until machine travel: 0.0

		Machine travel start time: 207.72000000000003
		Region 2 -> Region 0: 10.0
		Machine arrival at machine station: 217.72000000000003

		Machine 2 (Station 1)-> Task 33: 50.8
		Vehicle arrival at task: 268.52000000000004
		Waiting time until service start time: 0.0

	id: 33
		node: 23
		(x, y, z): (42, 29, 0)
		dem: 12
		earl: 180
		lat: 420
		servt: 10
		pid: 0
		did: 120
		servST: 268.52000000000004
		(h, h_ind): (2, 2)
		load: 26.0

	Finished service at time: 278.52000000000004

	Task 33 -> Task 36: 7.07
	Vehicle arrival at task: 285.59000000000003
	Waiting time until service start time: 0.0

	id: 36
		node: 25
		(x, y, z): (41, 36, 0)
		dem: 13
		earl: 146
		lat: 386
		servt: 10
		pid: 0
		did: 162
		servST: 285.59000000000003
		(h, h_ind): (-1, 0)
		load: 39.0

	Finished service at time: 295.59000000000003

	Using Machine: 2
		Task 36 -> Machine 2 (Station 1): 46.01
		Vehicle arrival at machine station: 341.6
		Waiting time until machine travel: 0.0

		Machine travel start time: 341.6
		Region 0 -> Region 1: 5.0
		Machine arrival at machine station: 346.6

		Machine 2 (Station 2)-> Task 118: 53.81
		Vehicle arrival at task: 400.41
		Waiting time until service start time: 0.0

	id: 118
		node: 43
		(x, y, z): (108, 30, 1)
		dem: -14
		earl: 323
		lat: 563
		servt: 10
		pid: 4
		did: 0
		servST: 400.41
		(h, h_ind): (2, 3)
		load: 25.0

	Finished service at time: 410.41

	Task 118 -> Task 48: 53.01
	Vehicle arrival at task: 463.42
	Waiting time until service start time: 0.0

	id: 48
		node: 32
		(x, y, z): (139, 73, 1)
		dem: 10
		earl: 288
		lat: 528
		servt: 10
		pid: 0
		did: 107
		servST: 463.42
		(h, h_ind): (-1, 0)
		load: 35.0

	Finished service at time: 473.42

	Using Machine: 4
		Task 48 -> Machine 4 (Station 2): 59.08
		Vehicle arrival at machine station: 532.5
		Waiting time until machine travel: 0.0

		Machine travel start time: 532.5
		Region 1 -> Region 0: 5.0
		Machine arrival at machine station: 537.5

		Machine 4 (Station 1)-> Task 162: 62.97
		Vehicle arrival at task: 600.47
		Waiting time until service start time: 0.0

	id: 162
		node: 65
		(x, y, z): (58, 11, 0)
		dem: -13
		earl: 448
		lat: 688
		servt: 10
		pid: 36
		did: 0
		servST: 600.47
		(h, h_ind): (4, 7)
		load: 22.0

	Finished service at time: 610.47

	Using Machine: 4
		Task 162 -> Machine 4 (Station 1): 62.97
		Vehicle arrival at machine station: 673.44
		Waiting time until machine travel: 0.0

		Machine travel start time: 673.44
		Region 0 -> Region 3: 15.0
		Machine arrival at machine station: 688.44

		Machine 4 (Station 4)-> Task 15: 84.96
		Vehicle arrival at task: 773.4000000000001
		Waiting time until service start time: 13.31

	id: 15
		node: 10
		(x, y, z): (137, 7, 3)
		dem: 40
		earl: 563
		lat: 803
		servt: 10
		pid: 0
		did: 98
		servST: 786.71
		(h, h_ind): (4, 9)
		load: 62.0

	Finished service at time: 796.71

	Using Machine: 1
		Task 15 -> Machine 1 (Station 4): 87.69
		Vehicle arrival at machine station: 884.4000000000001
		Waiting time until machine travel: -0.0

		Machine travel start time: 884.4
		Region 3 -> Region 2: 5.0
		Machine arrival at machine station: 889.4

		Machine 1 (Station 3)-> Task 120: 50.6
		Vehicle arrival at task: 940.0
		Waiting time until service start time: 0.0

	id: 120
		node: 63
		(x, y, z): (92, 22, 2)
		dem: -12
		earl: 700
		lat: 940
		servt: 10
		pid: 33
		did: 0
		servST: 940.0
		(h, h_ind): (1, 2)
		load: 50.0

	Finished service at time: 950.0

	Using Machine: 4
		Task 120 -> Machine 4 (Station 3): 49.48
		Vehicle arrival at machine station: 999.48
		Waiting time until machine travel: 163.49

		Machine travel start time: 1162.97
		Region 2 -> Region 1: 5.0
		Machine arrival at machine station: 1167.97

		Machine 4 (Station 2)-> Task 107: 41.73
		Vehicle arrival at task: 1209.7
		Waiting time until service start time: 181.3

	id: 107
		node: 72
		(x, y, z): (110, 99, 1)
		dem: -10
		earl: 1151
		lat: 1391
		servt: 10
		pid: 48
		did: 0
		servST: 1391.0
		(h, h_ind): (4, 12)
		load: 40.0

	Finished service at time: 1401.0

	Using Machine: 0
		Task 107 -> Machine 0 (Station 2): 46.23
		Vehicle arrival at machine station: 1447.23
		Waiting time until machine travel: 4.26

		Machine travel start time: 1451.49
		Region 1 -> Region 3: 10.0
		Machine arrival at machine station: 1461.49

		Machine 0 (Station 4)-> Task 98: 65.51
		Vehicle arrival at task: 1527.0
		Waiting time until service start time: 0.0

	id: 98
		node: 50
		(x, y, z): (18, 104, 3)
		dem: -40
		earl: 1287
		lat: 1527
		servt: 10
		pid: 15
		did: 0
		servST: 1527.0
		(h, h_ind): (0, 3)
		load: 0.0

	Finished service at time: 1537.0

	Task 98 -> Task 20: 19.72
	Vehicle arrival at task: 1556.72
	Waiting time until service start time: 0.0

	id: 20
		node: 14
		(x, y, z): (8, 87, 3)
		dem: 17
		earl: 1545
		lat: 1785
		servt: 10
		pid: 0
		did: 54
		servST: 1556.72
		(h, h_ind): (-1, 0)
		load: 17.0

	Finished service at time: 1566.72

	Task 20 -> Task 54: 39.32
	Vehicle arrival at task: 1606.04
	Waiting time until service start time: 15.96

	id: 54
		node: 54
		(x, y, z): (13, 48, 3)
		dem: -17
		earl: 1622
		lat: 1862
		servt: 10
		pid: 20
		did: 0
		servST: 1622.0
		(h, h_ind): (-1, 0)
		load: 0.0

	Finished service at time: 1632.0

	Using Machine: 2
		Task 54 -> Machine 2 (Station 4): 62.97
		Vehicle arrival at machine station: 1694.97
		Waiting time until machine travel: 0.0

		Machine travel start time: 1694.97
		Region 3 -> Region 0: 15.0
		Machine arrival at machine station: 1709.97

		Machine 2 (Station 1)-> Task 0: 2.0
		Vehicle arrival at task: 1711.97
		Waiting time until service start time: 0.0

	id: 0
		node: 82
		(x, y, z): (70, 70, 0)
		dem: 0
		earl: 0
		lat: 2535
		servt: 0
		pid: 0
		did: 0
		servST: 1711.97
		(h, h_ind): (2, 15)
		load: 0.0


Vehicle 23 :
	id: 0
		node: 1
		(x, y, z): (70, 70, 0)
		dem: 0
		earl: 0
		lat: 2535
		servt: 0
		pid: 0
		did: 0
		servST: 129.3699999999999
		(h, h_ind): (-1, 0)
		load: 0.0

	Finished service at time: 129.3699999999999

	Using Machine: 0
		Task 0 -> Machine 0 (Station 1): 4.0
		Vehicle arrival at machine station: 133.3699999999999
		Waiting time until machine travel: 0.0

		Machine travel start time: 133.3699999999999
		Region 0 -> Region 3: 15.0
		Machine arrival at machine station: 148.3699999999999

		Machine 0 (Station 4)-> Task 56: 32.31
		Vehicle arrival at task: 180.6799999999999
		Waiting time until service start time: 0.0

	id: 56
		node: 33
		(x, y, z): (86, 40, 3)
		dem: 22
		earl: 0
		lat: 2491
		servt: 10
		pid: 0
		did: 116
		servST: 180.6799999999999
		(h, h_ind): (0, 1)
		load: 22.0

	Finished service at time: 190.6799999999999

	Using Machine: 3
		Task 56 -> Machine 3 (Station 4): 31.05
		Vehicle arrival at machine station: 221.7299999999999
		Waiting time until machine travel: 0.0

		Machine travel start time: 221.7299999999999
		Region 3 -> Region 1: 10.0
		Machine arrival at machine station: 231.7299999999999

		Machine 3 (Station 2)-> Task 116: 32.89
		Vehicle arrival at task: 264.6199999999999
		Waiting time until service start time: 0.0

	id: 116
		node: 73
		(x, y, z): (89, 39, 1)
		dem: -22
		earl: 36
		lat: 276
		servt: 10
		pid: 56
		did: 0
		servST: 264.6199999999999
		(h, h_ind): (3, 1)
		load: 0.0

	Finished service at time: 274.6199999999999

	Using Machine: 3
		Task 116 -> Machine 3 (Station 2): 32.89
		Vehicle arrival at machine station: 307.5099999999999
		Waiting time until machine travel: 0.0

		Machine travel start time: 307.5099999999999
		Region 1 -> Region 2: 5.0
		Machine arrival at machine station: 312.5099999999999

		Machine 3 (Station 3)-> Task 31: 68.03
		Vehicle arrival at task: 380.53999999999985
		Waiting time until service start time: 0.0

	id: 31
		node: 21
		(x, y, z): (140, 42, 2)
		dem: 13
		earl: 342
		lat: 582
		servt: 10
		pid: 0
		did: 44
		servST: 380.5399999999999
		(h, h_ind): (3, 2)
		load: 13.0

	Finished service at time: 390.5399999999999

	Task 31 -> Task 6: 95.05
	Vehicle arrival at task: 485.5899999999999
	Waiting time until service start time: 0.0

	id: 6
		node: 5
		(x, y, z): (137, 137, 2)
		dem: 27
		earl: 339
		lat: 579
		servt: 10
		pid: 0
		did: 154
		servST: 485.5899999999999
		(h, h_ind): (-1, 0)
		load: 40.0

	Finished service at time: 495.5899999999999

	Using Machine: 4
		Task 6 -> Machine 4 (Station 3): 87.97
		Vehicle arrival at machine station: 583.56
		Waiting time until machine travel: 0.0

		Machine travel start time: 583.56
		Region 2 -> Region 3: 5.0
		Machine arrival at machine station: 588.56

		Machine 4 (Station 4)-> Task 19: 44.94
		Vehicle arrival at task: 633.5
		Waiting time until service start time: 0.0

	id: 19
		node: 13
		(x, y, z): (104, 32, 3)
		dem: 18
		earl: 479
		lat: 719
		servt: 10
		pid: 0
		did: 188
		servST: 633.5
		(h, h_ind): (4, 8)
		load: 58.0

	Finished service at time: 643.5

	Using Machine: 4
		Task 19 -> Machine 4 (Station 4): 44.94
		Vehicle arrival at machine station: 688.44
		Waiting time until machine travel: 0.0

		Machine travel start time: 688.44
		Region 3 -> Region 2: 5.0
		Machine arrival at machine station: 693.44

		Machine 4 (Station 3)-> Task 44: 64.88
		Vehicle arrival at task: 758.32
		Waiting time until service start time: 0.0

	id: 44
		node: 61
		(x, y, z): (137, 101, 2)
		dem: -13
		earl: 617
		lat: 857
		servt: 10
		pid: 31
		did: 0
		servST: 758.32
		(h, h_ind): (4, 10)
		load: 45.0

	Finished service at time: 768.32

	Using Machine: 3
		Task 44 -> Machine 3 (Station 3): 66.65
		Vehicle arrival at machine station: 834.97
		Waiting time until machine travel: 0.0

		Machine travel start time: 834.97
		Region 2 -> Region 3: 5.0
		Machine arrival at machine station: 839.97

		Machine 3 (Station 4)-> Task 154: 32.02
		Vehicle arrival at task: 871.99
		Waiting time until service start time: 0.0

	id: 154
		node: 45
		(x, y, z): (58, 95, 3)
		dem: -27
		earl: 0
		lat: 2498
		servt: 10
		pid: 6
		did: 0
		servST: 871.99
		(h, h_ind): (3, 3)
		load: 18.0

	Finished service at time: 881.99

	Task 154 -> Task 27: 82.76
	Vehicle arrival at task: 964.75
	Waiting time until service start time: 0.0

	id: 27
		node: 18
		(x, y, z): (133, 130, 3)
		dem: 13
		earl: 0
		lat: 2438
		servt: 10
		pid: 0
		did: 11
		servST: 964.75
		(h, h_ind): (-1, 0)
		load: 31.0

	Finished service at time: 974.75

	Task 27 -> Task 3: 126.25
	Vehicle arrival at task: 1101.0
	Waiting time until service start time: 0.0

	id: 3
		node: 2
		(x, y, z): (30, 57, 3)
		dem: 20
		earl: 861
		lat: 1101
		servt: 10
		pid: 0
		did: 173
		servST: 1101.0
		(h, h_ind): (-1, 0)
		load: 51.0

	Finished service at time: 1111.0

	Using Machine: 0
		Task 3 -> Machine 0 (Station 4): 45.88
		Vehicle arrival at machine station: 1156.88
		Waiting time until machine travel: 0.0

		Machine travel start time: 1156.88
		Region 3 -> Region 1: 10.0
		Machine arrival at machine station: 1166.88

		Machine 0 (Station 2)-> Task 11: 77.41
		Vehicle arrival at task: 1244.2900000000002
		Waiting time until service start time: 0.0

	id: 11
		node: 58
		(x, y, z): (37, 138, 1)
		dem: -13
		earl: 0
		lat: 2450
		servt: 10
		pid: 27
		did: 0
		servST: 1244.2900000000002
		(h, h_ind): (0, 2)
		load: 38.0

	Finished service at time: 1254.2900000000002

	Using Machine: 2
		Task 11 -> Machine 2 (Station 2): 76.48
		Vehicle arrival at machine station: 1330.7700000000002
		Waiting time until machine travel: 0.0

		Machine travel start time: 1330.7700000000002
		Region 1 -> Region 2: 5.0
		Machine arrival at machine station: 1335.7700000000002

		Machine 2 (Station 3)-> Task 16: 42.19
		Vehicle arrival at task: 1377.9600000000003
		Waiting time until service start time: 0.0

	id: 16
		node: 11
		(x, y, z): (50, 106, 2)
		dem: 25
		earl: 1221
		lat: 1461
		servt: 10
		pid: 0
		did: 22
		servST: 1377.9600000000003
		(h, h_ind): (2, 11)
		load: 63.0

	Finished service at time: 1387.9600000000003

	Task 16 -> Task 22: 30.15
	Vehicle arrival at task: 1418.1100000000004
	Waiting time until service start time: 9.89

	id: 22
		node: 51
		(x, y, z): (80, 103, 2)
		dem: -25
		earl: 1428
		lat: 1668
		servt: 10
		pid: 16
		did: 0
		servST: 1428.0
		(h, h_ind): (-1, 0)
		load: 38.0

	Finished service at time: 1438.0

	Using Machine: 4
		Task 22 -> Machine 4 (Station 3): 33.0
		Vehicle arrival at machine station: 1471.0
		Waiting time until machine travel: 0.0

		Machine travel start time: 1471.0
		Region 2 -> Region 0: 10.0
		Machine arrival at machine station: 1481.0

		Machine 4 (Station 1)-> Task 24: 66.71
		Vehicle arrival at task: 1547.71
		Waiting time until service start time: 0.0

	id: 24
		node: 16
		(x, y, z): (95, 135, 0)
		dem: 27
		earl: 1542
		lat: 1782
		servt: 10
		pid: 0
		did: 86
		servST: 1547.71
		(h, h_ind): (4, 15)
		load: 65.0

	Finished service at time: 1557.71

	Task 24 -> Task 173: 31.76
	Vehicle arrival at task: 1589.47
	Waiting time until service start time: 0.0

	id: 173
		node: 42
		(x, y, z): (67, 120, 0)
		dem: -20
		earl: 1375
		lat: 1615
		servt: 10
		pid: 3
		did: 0
		servST: 1589.47
		(h, h_ind): (-1, 0)
		load: 45.0

	Finished service at time: 1599.47

	Task 173 -> Task 10: 53.14
	Vehicle arrival at task: 1652.6100000000001
	Waiting time until service start time: 17.39

	id: 10
		node: 7
		(x, y, z): (17, 138, 0)
		dem: 8
		earl: 1670
		lat: 1910
		servt: 10
		pid: 0
		did: 73
		servST: 1670.0
		(h, h_ind): (-1, 0)
		load: 53.0

	Finished service at time: 1680.0

	Task 10 -> Task 188: 129.02
	Vehicle arrival at task: 1809.02
	Waiting time until service start time: 0.0

	id: 188
		node: 53
		(x, y, z): (15, 9, 0)
		dem: -18
		earl: 1581
		lat: 1821
		servt: 10
		pid: 19
		did: 0
		servST: 1809.02
		(h, h_ind): (-1, 0)
		load: 35.0

	Finished service at time: 1819.02

	Using Machine: 2
		Task 188 -> Machine 2 (Station 1): 83.49
		Vehicle arrival at machine station: 1902.51
		Waiting time until machine travel: 0.0

		Machine travel start time: 1902.51
		Region 0 -> Region 1: 5.0
		Machine arrival at machine station: 1907.51

		Machine 2 (Station 2)-> Task 73: 44.6
		Vehicle arrival at task: 1952.11
		Waiting time until service start time: 0.0

	id: 73
		node: 47
		(x, y, z): (39, 100, 1)
		dem: -8
		earl: 0
		lat: 2482
		servt: 10
		pid: 10
		did: 0
		servST: 1952.11
		(h, h_ind): (2, 16)
		load: 27.0

	Finished service at time: 1962.11

	Using Machine: 2
		Task 73 -> Machine 2 (Station 2): 44.6
		Vehicle arrival at machine station: 2006.7099999999998
		Waiting time until machine travel: 0.0

		Machine travel start time: 2006.7099999999998
		Region 1 -> Region 2: 5.0
		Machine arrival at machine station: 2011.7099999999998

		Machine 2 (Station 3)-> Task 86: 26.48
		Vehicle arrival at task: 2038.1899999999998
		Waiting time until service start time: 0.0

	id: 86
		node: 56
		(x, y, z): (67, 96, 2)
		dem: -27
		earl: 1908
		lat: 2148
		servt: 10
		pid: 24
		did: 0
		servST: 2038.1899999999998
		(h, h_ind): (2, 17)
		load: 0.0

	Finished service at time: 2048.1899999999996

	Using Machine: 2
		Task 86 -> Machine 2 (Station 3): 26.48
		Vehicle arrival at machine station: 2074.6699999999996
		Waiting time until machine travel: 0.0

		Machine travel start time: 2074.6699999999996
		Region 2 -> Region 0: 10.0
		Machine arrival at machine station: 2084.6699999999996

		Machine 2 (Station 1)-> Task 0: 2.0
		Vehicle arrival at task: 2086.6699999999996
		Waiting time until service start time: 0.0

	id: 0
		node: 82
		(x, y, z): (70, 70, 0)
		dem: 0
		earl: 0
		lat: 2535
		servt: 0
		pid: 0
		did: 0
		servST: 2086.6699999999996
		(h, h_ind): (2, 18)
		load: 0.0


---------------------| MACHINES |---------------------

Machine 0 :
	setup duration: 0.0

	vehicle: 23
	vehicleInd: 2
	(orig, dest): (0, 56)
	(origRegion, destRegion): (0, 3)
	st: 133.3699999999999
	duration: 15.0

	setup duration: 0.0

	vehicle: 23
	vehicleInd: 11
	(orig, dest): (3, 11)
	(origRegion, destRegion): (3, 1)
	st: 1156.88
	duration: 10.0

	setup duration: 0.0

	vehicle: 19
	vehicleInd: 11
	(orig, dest): (107, 98)
	(origRegion, destRegion): (1, 3)
	st: 1451.49
	duration: 10.0


Machine 1 :
	setup duration: 0.0

	vehicle: 19
	vehicleInd: 2
	(orig, dest): (0, 4)
	(origRegion, destRegion): (0, 2)
	st: 95.52000000000002
	duration: 10.0

	setup duration: 5.0

	vehicle: 19
	vehicleInd: 9
	(orig, dest): (15, 120)
	(origRegion, destRegion): (3, 2)
	st: 884.4
	duration: 5.0


Machine 2 :
	setup duration: 0.0

	vehicle: 8
	vehicleInd: 2
	(orig, dest): (0, 34)
	(origRegion, destRegion): (0, 1)
	st: 68.24000000000001
	duration: 5.0

	setup duration: 5.0

	vehicle: 19
	vehicleInd: 3
	(orig, dest): (4, 33)
	(origRegion, destRegion): (2, 0)
	st: 207.72000000000003
	duration: 10.0

	setup duration: 0.0

	vehicle: 19
	vehicleInd: 5
	(orig, dest): (36, 118)
	(origRegion, destRegion): (0, 1)
	st: 341.6
	duration: 5.0

	setup duration: 5.0

	vehicle: 9
	vehicleInd: 9
	(orig, dest): (161, 25)
	(origRegion, destRegion): (2, 1)
	st: 528.4800000000001
	duration: 5.0

	setup duration: 5.0

	vehicle: 8
	vehicleInd: 9
	(orig, dest): (40, 170)
	(origRegion, destRegion): (0, 2)
	st: 678.3599999999999
	duration: 10.0

	setup duration: 0.0

	vehicle: 8
	vehicleInd: 11
	(orig, dest): (30, 14)
	(origRegion, destRegion): (2, 3)
	st: 836.8299999999999
	duration: 5.0

	setup duration: 0.0

	vehicle: 9
	vehicleInd: 13
	(orig, dest): (183, 66)
	(origRegion, destRegion): (3, 1)
	st: 864.8800000000001
	duration: 10.0

	setup duration: 10.0

	vehicle: 8
	vehicleInd: 12
	(orig, dest): (14, 176)
	(origRegion, destRegion): (3, 2)
	st: 972.75
	duration: 5.0

	setup duration: 0.0

	vehicle: 8
	vehicleInd: 13
	(orig, dest): (176, 57)
	(origRegion, destRegion): (2, 1)
	st: 1114.25
	duration: 5.0

	setup duration: 0.0

	vehicle: 8
	vehicleInd: 14
	(orig, dest): (57, 99)
	(origRegion, destRegion): (1, 3)
	st: 1219.4499999999998
	duration: 10.0

	setup duration: 10.0

	vehicle: 23
	vehicleInd: 12
	(orig, dest): (11, 16)
	(origRegion, destRegion): (1, 2)
	st: 1330.7700000000002
	duration: 5.0

	setup duration: 5.0

	vehicle: 8
	vehicleInd: 17
	(orig, dest): (5, 70)
	(origRegion, destRegion): (3, 0)
	st: 1402.84
	duration: 15.0

	setup duration: 0.0

	vehicle: 8
	vehicleInd: 18
	(orig, dest): (70, 113)
	(origRegion, destRegion): (0, 1)
	st: 1484.2
	duration: 5.0

	setup duration: 0.0

	vehicle: 8
	vehicleInd: 19
	(orig, dest): (113, 42)
	(origRegion, destRegion): (1, 3)
	st: 1569.4600000000003
	duration: 10.0

	setup duration: 0.0

	vehicle: 19
	vehicleInd: 14
	(orig, dest): (54, 0)
	(origRegion, destRegion): (3, 0)
	st: 1694.97
	duration: 15.0

	setup duration: 0.0

	vehicle: 23
	vehicleInd: 18
	(orig, dest): (188, 73)
	(origRegion, destRegion): (0, 1)
	st: 1902.51
	duration: 5.0

	setup duration: 0.0

	vehicle: 23
	vehicleInd: 19
	(orig, dest): (73, 86)
	(origRegion, destRegion): (1, 2)
	st: 2006.7099999999998
	duration: 5.0

	setup duration: 0.0

	vehicle: 23
	vehicleInd: 20
	(orig, dest): (86, 0)
	(origRegion, destRegion): (2, 0)
	st: 2074.6699999999996
	duration: 10.0

	setup duration: 15.0

	vehicle: 9
	vehicleInd: 28
	(orig, dest): (85, 0)
	(origRegion, destRegion): (3, 0)
	st: 2252.88
	duration: 15.0


Machine 3 :
	setup duration: 15.0

	vehicle: 23
	vehicleInd: 3
	(orig, dest): (56, 116)
	(origRegion, destRegion): (3, 1)
	st: 221.7299999999999
	duration: 10.0

	setup duration: 0.0

	vehicle: 23
	vehicleInd: 4
	(orig, dest): (116, 31)
	(origRegion, destRegion): (1, 2)
	st: 307.5099999999999
	duration: 5.0

	setup duration: 0.0

	vehicle: 23
	vehicleInd: 8
	(orig, dest): (44, 154)
	(origRegion, destRegion): (2, 3)
	st: 834.97
	duration: 5.0

	setup duration: 10.0

	vehicle: 9
	vehicleInd: 14
	(orig, dest): (66, 13)
	(origRegion, destRegion): (1, 0)
	st: 1012.6100000000001
	duration: 5.0

	setup duration: 5.0

	vehicle: 9
	vehicleInd: 23
	(orig, dest): (127, 169)
	(origRegion, destRegion): (1, 2)
	st: 1903.9600000000003
	duration: 5.0

	setup duration: 0.0

	vehicle: 9
	vehicleInd: 24
	(orig, dest): (169, 67)
	(origRegion, destRegion): (2, 1)
	st: 1988.6200000000001
	duration: 5.0


Machine 4 :
	setup duration: 0.0

	vehicle: 9
	vehicleInd: 3
	(orig, dest): (45, 18)
	(origRegion, destRegion): (0, 3)
	st: 79.90000000000018
	duration: 15.0

	setup duration: 0.0

	vehicle: 9
	vehicleInd: 4
	(orig, dest): (18, 47)
	(origRegion, destRegion): (3, 0)
	st: 109.38000000000018
	duration: 15.0

	setup duration: 0.0

	vehicle: 9
	vehicleInd: 5
	(orig, dest): (47, 23)
	(origRegion, destRegion): (0, 3)
	st: 190.1000000000002
	duration: 15.0

	setup duration: 0.0

	vehicle: 9
	vehicleInd: 6
	(orig, dest): (23, 41)
	(origRegion, destRegion): (3, 1)
	st: 229.6600000000002
	duration: 10.0

	setup duration: 0.0

	vehicle: 9
	vehicleInd: 7
	(orig, dest): (41, 143)
	(origRegion, destRegion): (1, 2)
	st: 275.7400000000002
	duration: 5.0

	setup duration: 5.0

	vehicle: 8
	vehicleInd: 6
	(orig, dest): (179, 65)
	(origRegion, destRegion): (1, 0)
	st: 407.38
	duration: 5.0

	setup duration: 5.0

	vehicle: 19
	vehicleInd: 7
	(orig, dest): (48, 162)
	(origRegion, destRegion): (1, 0)
	st: 532.5
	duration: 5.0

	setup duration: 10.0

	vehicle: 23
	vehicleInd: 6
	(orig, dest): (6, 19)
	(origRegion, destRegion): (2, 3)
	st: 583.56
	duration: 5.0

	setup duration: 15.0

	vehicle: 19
	vehicleInd: 8
	(orig, dest): (162, 15)
	(origRegion, destRegion): (0, 3)
	st: 673.44
	duration: 15.0

	setup duration: 0.0

	vehicle: 23
	vehicleInd: 7
	(orig, dest): (19, 44)
	(origRegion, destRegion): (3, 2)
	st: 688.44
	duration: 5.0

	setup duration: 5.0

	vehicle: 9
	vehicleInd: 12
	(orig, dest): (92, 183)
	(origRegion, destRegion): (1, 3)
	st: 797.8000000000001
	duration: 10.0

	setup duration: 5.0

	vehicle: 19
	vehicleInd: 10
	(orig, dest): (120, 107)
	(origRegion, destRegion): (2, 1)
	st: 1162.97
	duration: 5.0

	setup duration: 5.0

	vehicle: 9
	vehicleInd: 16
	(orig, dest): (38, 58)
	(origRegion, destRegion): (0, 3)
	st: 1172.97
	duration: 15.0

	setup duration: 0.0

	vehicle: 9
	vehicleInd: 19
	(orig, dest): (69, 159)
	(origRegion, destRegion): (3, 2)
	st: 1371.9
	duration: 5.0

	setup duration: 0.0

	vehicle: 23
	vehicleInd: 14
	(orig, dest): (22, 24)
	(origRegion, destRegion): (2, 0)
	st: 1471.0
	duration: 10.0

	setup duration: 10.0

	vehicle: 9
	vehicleInd: 22
	(orig, dest): (28, 127)
	(origRegion, destRegion): (2, 1)
	st: 1721.26
	duration: 5.0

	setup duration: 10.0

	vehicle: 8
	vehicleInd: 23
	(orig, dest): (112, 39)
	(origRegion, destRegion): (3, 0)
	st: 1866.8500000000001
	duration: 15.0

	setup duration: 5.0

	vehicle: 9
	vehicleInd: 25
	(orig, dest): (67, 52)
	(origRegion, destRegion): (1, 3)
	st: 2019.29
	duration: 10.0


-------------------| COMPL. TIMES |-------------------

Vehicle 0 : 0.0
Vehicle 1 : 0.0
Vehicle 2 : 0.0
Vehicle 3 : 0.0
Vehicle 4 : 0.0
Vehicle 5 : 0.0
Vehicle 6 : 0.0
Vehicle 7 : 0.0
Vehicle 8 : 2000.9700000000005
Vehicle 9 : 2268.15
Vehicle 10 : 0.0
Vehicle 11 : 0.0
Vehicle 12 : 0.0
Vehicle 13 : 0.0
Vehicle 14 : 0.0
Vehicle 15 : 0.0
Vehicle 16 : 0.0
Vehicle 17 : 0.0
Vehicle 18 : 0.0
Vehicle 19 : 1622.45
Vehicle 20 : 0.0
Vehicle 21 : 0.0
Vehicle 22 : 0.0
Vehicle 23 : 1957.2999999999997
Vehicle 24 : 0.0
Vehicle 25 : 0.0
Vehicle 26 : 0.0
Vehicle 27 : 0.0
Vehicle 28 : 0.0
Vehicle 29 : 0.0
Vehicle 30 : 0.0
Vehicle 31 : 0.0
Vehicle 32 : 0.0
Vehicle 33 : 0.0
Vehicle 34 : 0.0
Vehicle 35 : 0.0
Vehicle 36 : 0.0
Vehicle 37 : 0.0
Vehicle 38 : 0.0
Vehicle 39 : 0.0
-------------------| STATISTICS |-------------------

    Vehicles used                           : 10.0
    Machines used                           : 100.0
    Max load (vehicles)                     : 100.0
    Min load (vehicles)                     : 77.5
    Mean load (vehicles)                    : 91.1287
    Min completion time                     : 64.002
    Max completion time                     : 89.4734
    Mean completion time                    : 77.405
    Avrg travel time (with vehicle)         : 4.5365
    Avrg travel time (only with vehicle)    : 3.2347
    Avrg travel time (no vehicle)           : 1.3018
    Avrg waiting time (machine travel)      : 2.921
    Avrg waiting time (service)             : 2.3683
    Machines travel times (with vehicle)    : [1.3807, 0.789, 8.284, 2.5641, 9.6647]
    Machines travel times (no vehicle)      : [0.0, 0.1972, 2.1696, 1.1834, 2.9586]
    Max load per vehicle                    : [0.0, 0.0, 0.0, 0.0, 0.0, 0.0, 0.0, 0.0, 100.0, 90.0, 0.0, 0.0, 0.0, 0.0, 0.0, 0.0, 0.0, 0.0, 0.0, 77.5, 0.0, 0.0, 0.0, 97.0149, 0.0, 0.0, 0.0, 0.0, 0.0, 0.0, 0.0, 0.0, 0.0, 0.0, 0.0, 0.0, 0.0, 0.0, 0.0, 0.0]

----------------------------------------------------

TOTAL: 7848.87

Everything is awesome!
