-------------------| STATISTICS |-------------------

Vehicles used                           : 38.3333
Machines used                           : 100.0
Max load (vehicles)                     : 86.1111
Min load (vehicles)                     : 23.6111
Mean load (vehicles)                    : 49.8471
Min completion time                     : 22.7729
Max completion time                     : 94.0931
Mean completion time                    : 67.4379
Avrg travel time (with vehicle)         : 9.5952
Avrg travel time (only with vehicle)    : 6.0463
Avrg travel time (no vehicle)           : 3.5489
Avrg waiting time (machine travel)      : 0.5708
Avrg waiting time (service)             : 13.5441
Machines travel times (with vehicle)    : [3.1546, 14.1956, 3.9432, 6.3091, 14.1956, 15.7729]
Machines travel times (no vehicle)      : [0.7886, 5.5205, 1.5773, 2.3659, 5.5205, 5.5205]
Max load per vehicle                    : [0.0, 0.0, 0.0, 0.0, 0.0, 56.8966, 0.0, 81.9444, 56.9767, 0.0, 0.0, 23.6111, 0.0, 0.0, 69.4444, 52.3256, 44.4444, 0.0, 0.0, 0.0, 0.0, 0.0, 0.0, 68.9655, 31.0345, 0.0, 86.1111, 27.7778, 62.7907, 0.0, 53.4884, 39.5349, 0.0, 0.0, 0.0, 0.0, 34.7222, 37.2093, 0.0, 26.7442, 40.6977, 0.0, 0.0, 0.0, 0.0, 0.0, 0.0, 63.9535, 0.0, 84.4828, 0.0, 31.3953, 0.0, 37.2093, 0.0, 0.0, 34.7222, 0.0, 0.0, 0.0]

----------------------------------------------------

TOTAL: 9833.789999999999

Everything is awesome!
