Set parameter WLSAccessID
Set parameter WLSSecret
Set parameter LicenseID to value 2661775
Academic license 2661775 - for non-commercial use only - registered to me___@dcc.ufba.br
Loading line 2: methodType heur
Loading line 3: methodCode mslp
Loading line 4: seed 0
Loading line 5: threads 1
Loading line 6: greedy_service_order random
Loading line 7: outputFlagGrbMSLP 0
Loading line 8: mslpa 60000
Loading line 9: mslpr I
Loading line 10: maxtime 3600
Loading line 11: output ./logs/
Loading line 12: printsol 1
Loading line 13: solverMethod A
Loading line 14: alpha 0.05 # selected from preliminary experiments
Instance: lr202_t2_08R_08V_02I_04M

[16:32:43.812] Running Data.readData with file /dados/rmelo/PDPTW-SE/benchmark_multi_island_v5/official_experiments/multistartlp/official/set_01_pt_02/../../../../instances/orig_ams_fg/08R_08V_02I_04M/t2/lr202/
vehicles: Vehicle[Vehicle(0, 30), Vehicle(1, 38), Vehicle(2, 46), Vehicle(3, 38), Vehicle(4, 46), Vehicle(5, 46), Vehicle(6, 30), Vehicle(7, 46)]
vehicle_types: Vehicle[Vehicle(0, 30), Vehicle(1, 38), Vehicle(2, 46)]
Machine[Machine(0, Point[Point(37, 34, 0), Point(28, 27, 1)], 1.0), Machine(1, Point[Point(38, 34, 0), Point(27, 28, 1)], 1.0), Machine(2, Point[Point(38, 33, 0), Point(26, 29, 1)], 1.0), Machine(3, Point[Point(39, 33, 0), Point(25, 30, 1)], 1.0)]
refs: [1, 2, 3, 4, 5, 6, 7, 8, 9, 11, 17, 14, 16, 13, 10, 15, 12, 1]
V: [1, 2, 3, 4, 5, 6, 7, 8, 9, 10, 11, 12, 13, 14, 15, 16, 17]
V_p: [2, 3, 4, 5, 6, 7, 8, 9]
V_d: [10, 11, 12, 13, 14, 15, 16, 17]
Vprime: [1, 2, 3, 4, 5, 6, 7, 8, 9, 10, 11, 12, 13, 14, 15, 16, 17, 18]
V: [1, 2, 3, 4, 5, 6, 7, 8, 9, 10, 11, 12, 13, 14, 15, 16, 17]
q: [0, 7, 13, 9, 16, 12, 19, 23, 20, -7, -13, -9, -16, -12, -19, -23, -20, 0]
H: [1, 2, 3, 4]
f: [[1, 1, 1, 1], [2, 2, 2, 2], [1, 1, 1, 1], [2, 2, 2, 2], [1, 1, 1, 1], [1, 1, 1, 1], [1, 1, 1, 1], [2, 2, 2, 2], [2, 2, 2, 2], [2, 2, 2, 2], [2, 2, 2, 2], [1, 1, 1, 1], [1, 1, 1, 1], [1, 1, 1, 1], [1, 1, 1, 1], [2, 2, 2, 2], [2, 2, 2, 2], [1, 1, 1, 1]]
1 1 1 -> 0.0
1 2 1 -> 11.4
2 1 1 -> 11.4
2 2 1 -> 0.0
1 1 2 -> 0.0
1 2 2 -> 12.53
2 1 2 -> 12.53
2 2 2 -> 0.0
1 1 3 -> 0.0
1 2 3 -> 12.65
2 1 3 -> 12.65
2 2 3 -> 0.0
1 1 4 -> 0.0
1 2 4 -> 14.32
2 1 4 -> 14.32
2 2 4 -> 0.0
o: (1, 2, 1) => 11.4
o: (1, 2, 3) => 12.65
o: (1, 1, 2) => 0.0
o: (2, 1, 4) => 14.32
o: (1, 2, 2) => 12.53
o: (2, 1, 1) => 11.4
o: (2, 1, 3) => 12.65
o: (2, 2, 4) => 0.0
o: (2, 2, 1) => 0.0
o: (2, 2, 3) => 0.0
o: (2, 1, 2) => 12.53
o: (1, 1, 4) => 0.0
o: (1, 1, 1) => 0.0
o: (1, 1, 3) => 0.0
o: (1, 2, 4) => 14.32
o: (2, 2, 2) => 0.0

[70, 1083, 1073, 1049, 1039, 1053, 1030, 16]
JOBS in the order of refs (Vprime)
Node 1: Job(0, Point(35, 35, 0), 0, 0, 1000, 0, 0, 0)
Node 2: Job(2, Point(35, 17, 1), 7, 0, 972, 10, 0, 43)
Node 3: Job(3, Point(55, 45, 0), 13, 0, 967, 10, 0, 100)
Node 4: Job(8, Point(10, 43, 1), 9, 404, 481, 10, 0, 55)
Node 5: Job(9, Point(55, 60, 0), 16, 400, 497, 10, 0, 90)
Node 6: Job(11, Point(20, 65, 0), 12, 206, 325, 10, 0, 51)
Node 7: Job(12, Point(50, 35, 0), 19, 0, 975, 10, 0, 26)
Node 8: Job(13, Point(30, 25, 1), 23, 690, 827, 10, 0, 60)
Node 9: Job(14, Point(15, 10, 1), 20, 32, 243, 10, 0, 44)
Node 10: Job(43, Point(23, 3, 1), -7, 620, 705, 10, 2, 0)
Node 11: Job(100, Point(18, 18, 1), -13, 798, 965, 10, 3, 0)
Node 12: Job(55, Point(63, 23, 0), -9, 620, 739, 10, 8, 0)
Node 13: Job(90, Point(31, 67, 0), -16, 392, 487, 10, 9, 0)
Node 14: Job(51, Point(49, 58, 0), -12, 348, 453, 10, 11, 0)
Node 15: Job(26, Point(45, 30, 0), -19, 0, 978, 10, 12, 0)
Node 16: Job(60, Point(17, 34, 1), -23, 721, 862, 10, 13, 0)
Node 17: Job(44, Point(11, 14, 1), -20, 233, 340, 10, 14, 0)
Node 18: Job(0, Point(35, 35, 0), 0, 0, 1000, 0, 0, 0)

### Preprocessing Data ###
	-> arcs: 324 (100.0%)
	-> arc_removals: 167 (51.54%)
	-> arc_removals_is_loop: 18 (5.56%)
	-> arc_removals_is_delivery_to_pickup: 10 (3.09%)
	-> arc_removals_is_depot_begin_to_delivery: 8 (2.47%)
	-> arc_removals_is_pickup_to_depot_end: 8 (2.47%)
	-> arc_removals_is_dest_depot_begin: 16 (4.94%)
	-> arc_removals_is_orig_depot_end: 15 (4.63%)
	-> arc_removals_is_capacity_violated: 0 (0.0%)
	-> arc_removals_is_time_window_limited: 60 (18.52%)
	-> arc_removals_is_time_window_pairing_limited: 23 (7.1%)
	-> arc_removals_is_indirect_request_service_impossible: 9 (2.78%)
	-> gamma_vars: 0 (0%)
	-> feas_gamma_vars: 0 (0%)
	-> infeas_gamma_vars_is_next_mtrv_unreachable: 0 (0%)
	-> infeas_gamma_vars_is_iprime_jprime_eq_i_j: 0 (0%)
	-> machine_removal_for_an_arc: 0 (0.0%)
##########################

[16:32:53.92] Print configuration
------------------------------------------------------
"
[16:32:53.92] Running Multi Start Heuristic"
> Experiment started at 2025-10-15T16:32:53.920
> Instance: lr202_t2_08R_08V_02I_04M
> Algorithm Parameters:


	>Stop params:
		>  - rule ITERATIONS
		>  - argument 60000.0
		>  - maximum_time 3600

	>General params:
		>  - instPath /dados/rmelo/PDPTW-SE/benchmark_multi_island_v5/official_experiments/multistartlp/official/set_01_pt_02/../../../../instances/orig_ams_fg/08R_08V_02I_04M/t2/lr202/
		>  - name lr202
		>  - type t2
		>  - group 08R_08V_02I_04M
		>  - fullname lr202_t2_08R_08V_02I_04M
		>  - methodType heur
		>  - methodCode mslp
		>  - genconfigfile /dados/rmelo/PDPTW-SE/benchmark_multi_island_v5/official_experiments/multistartlp/official/set_01_pt_02/configs/genconfig_mslp.conf
		>  - genconfigfilename genconfig_mslp
		>  - greedy_service_order random
		>  - cutoff 0
		>  - cutoffmachs 4
		>  - num_machs 0
		>  - solver Gurobi
		>  - maxtime 3600
		>  - gurobiCuts 1
		>  - typeUserCut 0
		>  - mipPresolve -1
		>  - printsol 1
		>  - maxnodes -1
		>  - elevator 0
		>  - make_instance_feasible false
		>  - output /dados/rmelo/PDPTW-SE/benchmark_multi_island_v5/official_experiments/multistartlp/official/set_01_pt_02/logs
		>  - suff_outputs _seed_109
		>  - suff_csv _bash_1
		>  - epsilon 0.005
		>  - epsilonCap 0.5
		>  - warmStart false
		>  - seed 109
		>  - rng Random.MersenneTwister(109)
		>  - alpha 0.05
		>  - maxiter 1000000
		>  - outputFlagGrbMIP 0
		>  - outputFlagGrbMSLP 0
		>  - outputFlagGrbLMNS 0
		>  - mslpr I
		>  - mslpa 60000
		>  - lmnsr M
		>  - lmnsa 60
		>  - lmnsRepairTime 30.0
		>  - lmnsMIPFocus 0
		>  - lmnsGapToBiggerDestruction 50
		>  - lmnsGapToSmallerDestruction 95
		>  - lmnsWeightShawDistProx 1.0
		>  - lmnsWeightShawEarlProx 1.0
		>  - lmnsWeightShawSameRoute 1.0
		>  - lmnsWeightShawDemandSim 1.0
		>  - lmnsReqRApplyMIPStart true
		>  - lmnsAcceptanceCriteria H
		>  - lmnsMetropolisTemp 100.0
		>  - lmnsSimulatedAnnealingTemp 100.0
		>  - lmnsSimulatedAnnealingCool 0.95
		>  - mipmaxtime 3600
		>  - csvfilename /dados/rmelo/PDPTW-SE/benchmark_multi_island_v5/official_experiments/multistartlp/official/set_01_pt_02/logs/heur_mslp/outputs/csvresults_heur_mslp_bash_1.csv
		>  - solfilename /dados/rmelo/PDPTW-SE/benchmark_multi_island_v5/official_experiments/multistartlp/official/set_01_pt_02/logs/heur_mslp/solutions/08R_08V_02I_04M/lr202_sol_genconfig_mslp_seed_109.txt
		>  - timelineFilename /dados/rmelo/PDPTW-SE/benchmark_multi_island_v5/official_experiments/multistartlp/official/set_01_pt_02/logs/heur_mslp/timelines/08R_08V_02I_04M/lr202_timeline_genconfig_mslp_seed_109.txt
		>  - grbFilename /dados/rmelo/PDPTW-SE/benchmark_multi_island_v5/official_experiments/multistartlp/official/set_01_pt_02/logs/heur_mslp/gurobi/08R_08V_02I_04M/lr202_grb_genconfig_mslp_seed_109.log
		>  - threads 1
		>  - solverMethod AUTOMATIC

------------------------------------------------------

[16:32:54.061] Starting running MSLP
objValue;greedysol;iteration;time
883.25;1376.60;1;0.000000
882.93;1337.84;3;0.294276
774.48;1337.84;4;0.297373
759.86;1339.07;9;0.306117
748.22;1312.34;17;0.321616
737.29;1339.07;38;0.362829
715.30;1350.51;170;0.653767
701.41;1337.84;848;2.143939
694.10;1312.34;9828;21.932210

[16:35:41.567] Finished running MSLP
System CPU time: 33.57 seconds

[16:35:41.638] Post running MSLP
Best solution value: 694.10
Total time elapsed: 132.757198
Time to best: 21.932210
Iterations: 60000
Iterations to best: 9828
Improvements: 9
Infeasible solutions percentage: (0 / 60000) = 0.0000 %
(LP improvements)/(LP runs) = 60000/60000 = 100.0000 %
Mean LP improvement percentage: 34.7978 %
[16:35:41.883] Writing results to CSV file: /dados/rmelo/PDPTW-SE/benchmark_multi_island_v5/official_experiments/multistartlp/official/set_01_pt_02/logs/heur_mslp/outputs/csvresults_heur_mslp_bash_1.csv

[16:35:43.866] Saving solution to file:/dados/rmelo/PDPTW-SE/benchmark_multi_island_v5/official_experiments/multistartlp/official/set_01_pt_02/logs/heur_mslp/solutions/08R_08V_02I_04M/lr202_sol_genconfig_mslp_seed_109.txt

[16:35:43.866] Saving solution timeline to file: /dados/rmelo/PDPTW-SE/benchmark_multi_island_v5/official_experiments/multistartlp/official/set_01_pt_02/logs/heur_mslp/timelines/08R_08V_02I_04M/lr202_timeline_genconfig_mslp_seed_109.txt
---------------------| VEHICLES |---------------------

Vehicle 3 :
	id: 0
		node: 1
		(x, y, z): (35, 35, 0)
		dem: 0
		earl: 0
		lat: 1000
		servt: 0
		pid: 0
		did: 0
		servST: 196.14
		(h, h_ind): (-1, 0)
		load: 0.0

	Finished service at time: 196.14

	Using Machine: 0
		Task 0 -> Machine 0 (Station 1): 2.24
		Vehicle arrival at machine station: 198.38
		Waiting time until machine travel: 0.0

		Machine travel start time: 198.38
		Region 0 -> Region 1: 11.4
		Machine arrival at machine station: 209.78

		Machine 0 (Station 2)-> Task 14: 21.4
		Vehicle arrival at task: 231.18
		Waiting time until service start time: 0.0

	id: 14
		node: 9
		(x, y, z): (15, 10, 1)
		dem: 20
		earl: 32
		lat: 243
		servt: 10
		pid: 0
		did: 44
		servST: 231.18
		(h, h_ind): (0, 1)
		load: 20.0

	Finished service at time: 241.18

	Task 14 -> Task 44: 5.66
	Vehicle arrival at task: 246.84
	Waiting time until service start time: 0.0

	id: 44
		node: 17
		(x, y, z): (11, 14, 1)
		dem: -20
		earl: 233
		lat: 340
		servt: 10
		pid: 14
		did: 0
		servST: 246.84
		(h, h_ind): (-1, 0)
		load: 0.0

	Finished service at time: 256.84000000000003

	Using Machine: 0
		Task 44 -> Machine 0 (Station 2): 21.4
		Vehicle arrival at machine station: 278.24
		Waiting time until machine travel: 0.0

		Machine travel start time: 278.24
		Region 1 -> Region 0: 11.4
		Machine arrival at machine station: 289.64

		Machine 0 (Station 1)-> Task 11: 35.36
		Vehicle arrival at task: 325.0
		Waiting time until service start time: 0.0

	id: 11
		node: 6
		(x, y, z): (20, 65, 0)
		dem: 12
		earl: 206
		lat: 325
		servt: 10
		pid: 0
		did: 51
		servST: 325.0
		(h, h_ind): (0, 2)
		load: 12.0

	Finished service at time: 335.0

	Task 11 -> Task 51: 29.83
	Vehicle arrival at task: 364.83
	Waiting time until service start time: 18.85

	id: 51
		node: 14
		(x, y, z): (49, 58, 0)
		dem: -12
		earl: 348
		lat: 453
		servt: 10
		pid: 11
		did: 0
		servST: 383.68
		(h, h_ind): (-1, 0)
		load: 0.0

	Finished service at time: 393.68

	Task 51 -> Task 9: 6.32
	Vehicle arrival at task: 400.0
	Waiting time until service start time: 0.0

	id: 9
		node: 5
		(x, y, z): (55, 60, 0)
		dem: 16
		earl: 400
		lat: 497
		servt: 10
		pid: 0
		did: 90
		servST: 400.0
		(h, h_ind): (-1, 0)
		load: 16.0

	Finished service at time: 410.0

	Task 9 -> Task 90: 25.0
	Vehicle arrival at task: 435.0
	Waiting time until service start time: 0.0

	id: 90
		node: 13
		(x, y, z): (31, 67, 0)
		dem: -16
		earl: 392
		lat: 487
		servt: 10
		pid: 9
		did: 0
		servST: 435.0
		(h, h_ind): (-1, 0)
		load: 0.0

	Finished service at time: 445.0

	Task 90 -> Task 0: 32.25
	Vehicle arrival at task: 477.25
	Waiting time until service start time: 0.0

	id: 0
		node: 18
		(x, y, z): (35, 35, 0)
		dem: 0
		earl: 0
		lat: 1000
		servt: 0
		pid: 0
		did: 0
		servST: 477.25
		(h, h_ind): (-1, 0)
		load: 0.0


Vehicle 4 :
	id: 0
		node: 1
		(x, y, z): (35, 35, 0)
		dem: 0
		earl: 0
		lat: 1000
		servt: 0
		pid: 0
		did: 0
		servST: 422.1000000000001
		(h, h_ind): (-1, 0)
		load: 0.0

	Finished service at time: 422.1000000000001

	Using Machine: 2
		Task 0 -> Machine 2 (Station 1): 3.61
		Vehicle arrival at machine station: 425.7100000000001
		Waiting time until machine travel: 0.0

		Machine travel start time: 425.7100000000001
		Region 0 -> Region 1: 12.65
		Machine arrival at machine station: 438.36000000000007

		Machine 2 (Station 2)-> Task 8: 21.26
		Vehicle arrival at task: 459.62000000000006
		Waiting time until service start time: 0.0

	id: 8
		node: 4
		(x, y, z): (10, 43, 1)
		dem: 9
		earl: 404
		lat: 481
		servt: 10
		pid: 0
		did: 55
		servST: 459.6200000000001
		(h, h_ind): (2, 1)
		load: 9.0

	Finished service at time: 469.6200000000001

	Task 8 -> Task 2: 36.07
	Vehicle arrival at task: 505.6900000000001
	Waiting time until service start time: 0.0

	id: 2
		node: 2
		(x, y, z): (35, 17, 1)
		dem: 7
		earl: 0
		lat: 972
		servt: 10
		pid: 0
		did: 43
		servST: 505.6900000000001
		(h, h_ind): (-1, 0)
		load: 16.0

	Finished service at time: 515.69

	Using Machine: 0
		Task 2 -> Machine 0 (Station 2): 12.21
		Vehicle arrival at machine station: 527.9000000000001
		Waiting time until machine travel: 0.0

		Machine travel start time: 527.9000000000001
		Region 1 -> Region 0: 11.4
		Machine arrival at machine station: 539.3000000000001

		Machine 0 (Station 1)-> Task 12: 13.04
		Vehicle arrival at task: 552.34
		Waiting time until service start time: 0.0

	id: 12
		node: 7
		(x, y, z): (50, 35, 0)
		dem: 19
		earl: 0
		lat: 975
		servt: 10
		pid: 0
		did: 26
		servST: 552.34
		(h, h_ind): (0, 3)
		load: 35.0

	Finished service at time: 562.34

	Task 12 -> Task 26: 7.07
	Vehicle arrival at task: 569.4100000000001
	Waiting time until service start time: 0.0

	id: 26
		node: 15
		(x, y, z): (45, 30, 0)
		dem: -19
		earl: 0
		lat: 978
		servt: 10
		pid: 12
		did: 0
		servST: 569.4100000000001
		(h, h_ind): (-1, 0)
		load: 16.0

	Finished service at time: 579.4100000000001

	Task 26 -> Task 3: 18.03
	Vehicle arrival at task: 597.44
	Waiting time until service start time: 0.0

	id: 3
		node: 3
		(x, y, z): (55, 45, 0)
		dem: 13
		earl: 0
		lat: 967
		servt: 10
		pid: 0
		did: 100
		servST: 597.44
		(h, h_ind): (-1, 0)
		load: 29.0

	Finished service at time: 607.44

	Task 3 -> Task 55: 23.41
	Vehicle arrival at task: 630.85
	Waiting time until service start time: 0.0

	id: 55
		node: 12
		(x, y, z): (63, 23, 0)
		dem: -9
		earl: 620
		lat: 739
		servt: 10
		pid: 8
		did: 0
		servST: 630.85
		(h, h_ind): (-1, 0)
		load: 20.0

	Finished service at time: 640.85

	Using Machine: 0
		Task 55 -> Machine 0 (Station 1): 28.23
		Vehicle arrival at machine station: 669.08
		Waiting time until machine travel: 0.0

		Machine travel start time: 669.08
		Region 0 -> Region 1: 11.4
		Machine arrival at machine station: 680.48

		Machine 0 (Station 2)-> Task 43: 24.52
		Vehicle arrival at task: 705.0
		Waiting time until service start time: 0.0

	id: 43
		node: 10
		(x, y, z): (23, 3, 1)
		dem: -7
		earl: 620
		lat: 705
		servt: 10
		pid: 2
		did: 0
		servST: 705.0
		(h, h_ind): (0, 4)
		load: 13.0

	Finished service at time: 715.0

	Task 43 -> Task 13: 23.09
	Vehicle arrival at task: 738.09
	Waiting time until service start time: 0.0

	id: 13
		node: 8
		(x, y, z): (30, 25, 1)
		dem: 23
		earl: 690
		lat: 827
		servt: 10
		pid: 0
		did: 60
		servST: 738.09
		(h, h_ind): (-1, 0)
		load: 36.0

	Finished service at time: 748.09

	Task 13 -> Task 60: 15.81
	Vehicle arrival at task: 763.9
	Waiting time until service start time: 0.0

	id: 60
		node: 16
		(x, y, z): (17, 34, 1)
		dem: -23
		earl: 721
		lat: 862
		servt: 10
		pid: 13
		did: 0
		servST: 763.9000000000001
		(h, h_ind): (-1, 0)
		load: 13.0

	Finished service at time: 773.9000000000001

	Task 60 -> Task 100: 16.03
	Vehicle arrival at task: 789.9300000000001
	Waiting time until service start time: 8.07

	id: 100
		node: 11
		(x, y, z): (18, 18, 1)
		dem: -13
		earl: 798
		lat: 965
		servt: 10
		pid: 3
		did: 0
		servST: 798.0
		(h, h_ind): (-1, 0)
		load: 0.0

	Finished service at time: 808.0

	Using Machine: 0
		Task 100 -> Machine 0 (Station 2): 13.45
		Vehicle arrival at machine station: 821.45
		Waiting time until machine travel: 0.0

		Machine travel start time: 821.45
		Region 1 -> Region 0: 11.4
		Machine arrival at machine station: 832.85

		Machine 0 (Station 1)-> Task 0: 2.24
		Vehicle arrival at task: 835.09
		Waiting time until service start time: 0.0

	id: 0
		node: 18
		(x, y, z): (35, 35, 0)
		dem: 0
		earl: 0
		lat: 1000
		servt: 0
		pid: 0
		did: 0
		servST: 835.09
		(h, h_ind): (0, 5)
		load: 0.0


---------------------| MACHINES |---------------------

Machine 0 :
	setup duration: 0.0

	vehicle: 3
	vehicleInd: 2
	(orig, dest): (0, 14)
	(origRegion, destRegion): (0, 1)
	st: 198.38
	duration: 11.4

	setup duration: 0.0

	vehicle: 3
	vehicleInd: 4
	(orig, dest): (44, 11)
	(origRegion, destRegion): (1, 0)
	st: 278.24
	duration: 11.4

	setup duration: 11.4

	vehicle: 4
	vehicleInd: 4
	(orig, dest): (2, 12)
	(origRegion, destRegion): (1, 0)
	st: 527.9000000000001
	duration: 11.4

	setup duration: 0.0

	vehicle: 4
	vehicleInd: 8
	(orig, dest): (55, 43)
	(origRegion, destRegion): (0, 1)
	st: 669.08
	duration: 11.4

	setup duration: 0.0

	vehicle: 4
	vehicleInd: 12
	(orig, dest): (100, 0)
	(origRegion, destRegion): (1, 0)
	st: 821.45
	duration: 11.4


Machine 2 :
	setup duration: 0.0

	vehicle: 4
	vehicleInd: 2
	(orig, dest): (0, 8)
	(origRegion, destRegion): (0, 1)
	st: 425.7100000000001
	duration: 12.65


-------------------| COMPL. TIMES |-------------------

Vehicle 0 : 0.0
Vehicle 1 : 0.0
Vehicle 2 : 0.0
Vehicle 3 : 281.11
Vehicle 4 : 412.98999999999995
Vehicle 5 : 0.0
Vehicle 6 : 0.0
Vehicle 7 : 0.0
-------------------| STATISTICS |-------------------

    Vehicles used                           : 25.0
    Machines used                           : 50.0
    Max load (vehicles)                     : 78.2609
    Min load (vehicles)                     : 52.6316
    Mean load (vehicles)                    : 65.4462
    Min completion time                     : 28.111
    Max completion time                     : 41.299
    Mean completion time                    : 34.705
    Avrg travel time (with vehicle)         : 4.0525
    Avrg travel time (only with vehicle)    : 3.4825
    Avrg travel time (no vehicle)           : 0.57
    Avrg waiting time (machine travel)      : 0.0
    Avrg waiting time (service)             : 0.977
    Machines travel times (with vehicle)    : [6.84, 0.0, 1.265, 0.0]
    Machines travel times (no vehicle)      : [1.14, 0.0, 0.0, 0.0]
    Max load per vehicle                    : [0.0, 0.0, 0.0, 52.6316, 78.2609, 0.0, 0.0, 0.0]

----------------------------------------------------

TOTAL: 694.0999999999999

Everything is awesome!
