-------------------| STATISTICS |-------------------

Vehicles used                           : 16.6667
Machines used                           : 75.0
Max load (vehicles)                     : 100.0
Min load (vehicles)                     : 50.0
Mean load (vehicles)                    : 75.0
Min completion time                     : 16.16
Max completion time                     : 67.573
Mean completion time                    : 41.8665
Avrg travel time (with vehicle)         : 1.7233
Avrg travel time (only with vehicle)    : 1.39
Avrg travel time (no vehicle)           : 0.3333
Avrg waiting time (machine travel)      : 0.0
Avrg waiting time (service)             : 0.0
Machines travel times (with vehicle)    : [2.126, 2.0, 1.044, 0.0]
Machines travel times (no vehicle)      : [0.0, 1.0, 0.0, 0.0]
Max load per vehicle                    : [0.0, 50.0, 100.0, 0.0, 0.0, 0.0, 0.0, 0.0, 0.0, 0.0, 0.0, 0.0]

----------------------------------------------------

TOTAL: 837.3300000000002

Everything is awesome!
