Set parameter WLSAccessID
Set parameter WLSSecret
Set parameter LicenseID to value 2661775
Academic license 2661775 - for non-commercial use only - registered to me___@dcc.ufba.br
Loading line 2: methodType heur
Loading line 3: methodCode mslp
Loading line 4: seed 0
Loading line 5: threads 1
Loading line 6: greedy_service_order random
Loading line 7: outputFlagGrbMSLP 0
Loading line 8: mslpa 60000
Loading line 9: mslpr I
Loading line 10: maxtime 3600
Loading line 11: output ./logs/
Loading line 12: printsol 1
Loading line 13: solverMethod A
Loading line 14: alpha 0.05 # selected from preliminary experiments
Instance: LR2_2_1_t2_60R_60V_04I_06M

[00:57:54.219] Running Data.readData with file /dados/rmelo/PDPTW-SE/benchmark_multi_island_v5/official_experiments/multistartlp/official/set_01_pt_02/../../../../instances/orig_ams_fg/60R_60V_04I_06M/t2/LR2_2_1/
vehicles: Vehicle[Vehicle(0, 54), Vehicle(1, 67), Vehicle(2, 80), Vehicle(3, 67), Vehicle(4, 54), Vehicle(5, 80), Vehicle(6, 54), Vehicle(7, 67), Vehicle(8, 80), Vehicle(9, 67), Vehicle(10, 67), Vehicle(11, 54), Vehicle(12, 67), Vehicle(13, 54), Vehicle(14, 54), Vehicle(15, 67), Vehicle(16, 80), Vehicle(17, 80), Vehicle(18, 80), Vehicle(19, 54), Vehicle(20, 67), Vehicle(21, 54), Vehicle(22, 80), Vehicle(23, 67), Vehicle(24, 80), Vehicle(25, 67), Vehicle(26, 54), Vehicle(27, 67), Vehicle(28, 80), Vehicle(29, 54), Vehicle(30, 54), Vehicle(31, 54), Vehicle(32, 54), Vehicle(33, 67), Vehicle(34, 67), Vehicle(35, 80), Vehicle(36, 67), Vehicle(37, 54), Vehicle(38, 54), Vehicle(39, 67), Vehicle(40, 54), Vehicle(41, 54), Vehicle(42, 80), Vehicle(43, 54), Vehicle(44, 80), Vehicle(45, 67), Vehicle(46, 67), Vehicle(47, 80), Vehicle(48, 80), Vehicle(49, 67), Vehicle(50, 80), Vehicle(51, 67), Vehicle(52, 54), Vehicle(53, 80), Vehicle(54, 80), Vehicle(55, 54), Vehicle(56, 54), Vehicle(57, 54), Vehicle(58, 54), Vehicle(59, 54)]
vehicle_types: Vehicle[Vehicle(0, 54), Vehicle(1, 67), Vehicle(2, 80)]
Machine[Machine(0, Point[Point(70, 68, 0), Point(56, 80, 1), Point(81, 71, 2), Point(80, 62, 3)], 1.0), Machine(1, Point[Point(70, 66, 0), Point(57, 81, 1), Point(79, 75, 2), Point(77, 60, 3)], 1.0), Machine(2, Point[Point(68, 70, 0), Point(58, 82, 1), Point(79, 77, 2), Point(82, 62, 3)], 1.0), Machine(3, Point[Point(70, 65, 0), Point(59, 82, 1), Point(83, 71, 2), Point(77, 57, 3)], 1.0), Machine(4, Point[Point(66, 70, 0), Point(60, 83, 1), Point(80, 78, 2), Point(84, 61, 3)], 1.0), Machine(5, Point[Point(64, 71, 0), Point(61, 84, 1), Point(85, 70, 2), Point(86, 61, 3)], 1.0)]
refs: [1, 2, 4, 5, 8, 9, 11, 13, 14, 15, 16, 17, 18, 19, 20, 21, 22, 24, 25, 26, 27, 29, 32, 34, 37, 38, 39, 42, 44, 45, 47, 48, 49, 50, 51, 52, 54, 55, 57, 58, 60, 61, 68, 70, 72, 73, 76, 77, 78, 80, 81, 83, 84, 85, 86, 90, 91, 93, 94, 97, 98, 59, 92, 65, 31, 101, 104, 119, 40, 3, 115, 114, 7, 121, 35, 56, 63, 113, 87, 28, 64, 111, 82, 33, 53, 117, 118, 107, 95, 100, 103, 96, 105, 6, 43, 110, 99, 88, 108, 120, 74, 109, 106, 36, 89, 112, 69, 116, 62, 41, 102, 67, 79, 12, 30, 71, 66, 75, 46, 23, 10, 1]
V: [1, 2, 3, 4, 5, 6, 7, 8, 9, 10, 11, 12, 13, 14, 15, 16, 17, 18, 19, 20, 21, 22, 23, 24, 25, 26, 27, 28, 29, 30, 31, 32, 33, 34, 35, 36, 37, 38, 39, 40, 41, 42, 43, 44, 45, 46, 47, 48, 49, 50, 51, 52, 53, 54, 55, 56, 57, 58, 59, 60, 61, 62, 63, 64, 65, 66, 67, 68, 69, 70, 71, 72, 73, 74, 75, 76, 77, 78, 79, 80, 81, 82, 83, 84, 85, 86, 87, 88, 89, 90, 91, 92, 93, 94, 95, 96, 97, 98, 99, 100, 101, 102, 103, 104, 105, 106, 107, 108, 109, 110, 111, 112, 113, 114, 115, 116, 117, 118, 119, 120, 121]
V_p: [2, 3, 4, 5, 6, 7, 8, 9, 10, 11, 12, 13, 14, 15, 16, 17, 18, 19, 20, 21, 22, 23, 24, 25, 26, 27, 28, 29, 30, 31, 32, 33, 34, 35, 36, 37, 38, 39, 40, 41, 42, 43, 44, 45, 46, 47, 48, 49, 50, 51, 52, 53, 54, 55, 56, 57, 58, 59, 60, 61]
V_d: [62, 63, 64, 65, 66, 67, 68, 69, 70, 71, 72, 73, 74, 75, 76, 77, 78, 79, 80, 81, 82, 83, 84, 85, 86, 87, 88, 89, 90, 91, 92, 93, 94, 95, 96, 97, 98, 99, 100, 101, 102, 103, 104, 105, 106, 107, 108, 109, 110, 111, 112, 113, 114, 115, 116, 117, 118, 119, 120, 121]
Vprime: [1, 2, 3, 4, 5, 6, 7, 8, 9, 10, 11, 12, 13, 14, 15, 16, 17, 18, 19, 20, 21, 22, 23, 24, 25, 26, 27, 28, 29, 30, 31, 32, 33, 34, 35, 36, 37, 38, 39, 40, 41, 42, 43, 44, 45, 46, 47, 48, 49, 50, 51, 52, 53, 54, 55, 56, 57, 58, 59, 60, 61, 62, 63, 64, 65, 66, 67, 68, 69, 70, 71, 72, 73, 74, 75, 76, 77, 78, 79, 80, 81, 82, 83, 84, 85, 86, 87, 88, 89, 90, 91, 92, 93, 94, 95, 96, 97, 98, 99, 100, 101, 102, 103, 104, 105, 106, 107, 108, 109, 110, 111, 112, 113, 114, 115, 116, 117, 118, 119, 120, 121, 122]
V: [1, 2, 3, 4, 5, 6, 7, 8, 9, 10, 11, 12, 13, 14, 15, 16, 17, 18, 19, 20, 21, 22, 23, 24, 25, 26, 27, 28, 29, 30, 31, 32, 33, 34, 35, 36, 37, 38, 39, 40, 41, 42, 43, 44, 45, 46, 47, 48, 49, 50, 51, 52, 53, 54, 55, 56, 57, 58, 59, 60, 61, 62, 63, 64, 65, 66, 67, 68, 69, 70, 71, 72, 73, 74, 75, 76, 77, 78, 79, 80, 81, 82, 83, 84, 85, 86, 87, 88, 89, 90, 91, 92, 93, 94, 95, 96, 97, 98, 99, 100, 101, 102, 103, 104, 105, 106, 107, 108, 109, 110, 111, 112, 113, 114, 115, 116, 117, 118, 119, 120, 121]
q: [0, 9, 20, 14, 22, 13, 5, 9, 40, 25, 22, 18, 8, 19, 8, 13, 20, 13, 21, 12, 30, 13, 8, 36, 6, 10, 15, 23, 22, 20, 1, 34, 13, 20, 32, 10, 13, 37, 17, 25, 31, 19, 15, 1, 9, 7, 25, 15, 16, 20, 4, 32, 35, 16, 20, 35, 13, 23, 20, 18, 16, -9, -20, -14, -22, -13, -5, -9, -40, -25, -22, -18, -8, -19, -8, -13, -20, -13, -21, -12, -30, -13, -8, -36, -6, -10, -15, -23, -22, -20, -1, -34, -13, -20, -32, -10, -13, -37, -17, -25, -31, -19, -15, -1, -9, -7, -25, -15, -16, -20, -4, -32, -35, -16, -20, -35, -13, -23, -20, -18, -16, 0]
H: [1, 2, 3, 4, 5, 6]
f: [[1, 1, 1, 1, 1, 1], [4, 4, 4, 4, 4, 4], [1, 1, 1, 1, 1, 1], [1, 1, 1, 1, 1, 1], [2, 2, 2, 2, 2, 2], [4, 4, 4, 4, 4, 4], [2, 2, 2, 2, 2, 2], [3, 3, 3, 3, 3, 3], [4, 4, 4, 4, 4, 4], [2, 2, 2, 2, 2, 2], [3, 3, 3, 3, 3, 3], [4, 4, 4, 4, 4, 4], [3, 3, 3, 3, 3, 3], [4, 4, 4, 4, 4, 4], [2, 2, 2, 2, 2, 2], [3, 3, 3, 3, 3, 3], [1, 1, 1, 1, 1, 1], [4, 4, 4, 4, 4, 4], [3, 3, 3, 3, 3, 3], [1, 1, 1, 1, 1, 1], [1, 1, 1, 1, 1, 1], [1, 1, 1, 1, 1, 1], [4, 4, 4, 4, 4, 4], [4, 4, 4, 4, 4, 4], [4, 4, 4, 4, 4, 4], [3, 3, 3, 3, 3, 3], [4, 4, 4, 4, 4, 4], [2, 2, 2, 2, 2, 2], [4, 4, 4, 4, 4, 4], [2, 2, 2, 2, 2, 2], [4, 4, 4, 4, 4, 4], [3, 3, 3, 3, 3, 3], [4, 4, 4, 4, 4, 4], [1, 1, 1, 1, 1, 1], [1, 1, 1, 1, 1, 1], [2, 2, 2, 2, 2, 2], [2, 2, 2, 2, 2, 2], [3, 3, 3, 3, 3, 3], [3, 3, 3, 3, 3, 3], [3, 3, 3, 3, 3, 3], [2, 2, 2, 2, 2, 2], [1, 1, 1, 1, 1, 1], [1, 1, 1, 1, 1, 1], [2, 2, 2, 2, 2, 2], [2, 2, 2, 2, 2, 2], [2, 2, 2, 2, 2, 2], [2, 2, 2, 2, 2, 2], [1, 1, 1, 1, 1, 1], [3, 3, 3, 3, 3, 3], [1, 1, 1, 1, 1, 1], [1, 1, 1, 1, 1, 1], [4, 4, 4, 4, 4, 4], [1, 1, 1, 1, 1, 1], [2, 2, 2, 2, 2, 2], [1, 1, 1, 1, 1, 1], [1, 1, 1, 1, 1, 1], [3, 3, 3, 3, 3, 3], [4, 4, 4, 4, 4, 4], [4, 4, 4, 4, 4, 4], [4, 4, 4, 4, 4, 4], [2, 2, 2, 2, 2, 2], [4, 4, 4, 4, 4, 4], [1, 1, 1, 1, 1, 1], [2, 2, 2, 2, 2, 2], [3, 3, 3, 3, 3, 3], [4, 4, 4, 4, 4, 4], [2, 2, 2, 2, 2, 2], [3, 3, 3, 3, 3, 3], [4, 4, 4, 4, 4, 4], [1, 1, 1, 1, 1, 1], [3, 3, 3, 3, 3, 3], [4, 4, 4, 4, 4, 4], [3, 3, 3, 3, 3, 3], [4, 4, 4, 4, 4, 4], [3, 3, 3, 3, 3, 3], [3, 3, 3, 3, 3, 3], [1, 1, 1, 1, 1, 1], [3, 3, 3, 3, 3, 3], [3, 3, 3, 3, 3, 3], [1, 1, 1, 1, 1, 1], [2, 2, 2, 2, 2, 2], [1, 1, 1, 1, 1, 1], [3, 3, 3, 3, 3, 3], [4, 4, 4, 4, 4, 4], [4, 4, 4, 4, 4, 4], [3, 3, 3, 3, 3, 3], [3, 3, 3, 3, 3, 3], [2, 2, 2, 2, 2, 2], [4, 4, 4, 4, 4, 4], [2, 2, 2, 2, 2, 2], [4, 4, 4, 4, 4, 4], [3, 3, 3, 3, 3, 3], [4, 4, 4, 4, 4, 4], [2, 2, 2, 2, 2, 2], [3, 3, 3, 3, 3, 3], [2, 2, 2, 2, 2, 2], [2, 2, 2, 2, 2, 2], [1, 1, 1, 1, 1, 1], [3, 3, 3, 3, 3, 3], [3, 3, 3, 3, 3, 3], [2, 2, 2, 2, 2, 2], [2, 2, 2, 2, 2, 2], [2, 2, 2, 2, 2, 2], [2, 2, 2, 2, 2, 2], [1, 1, 1, 1, 1, 1], [2, 2, 2, 2, 2, 2], [2, 2, 2, 2, 2, 2], [2, 2, 2, 2, 2, 2], [3, 3, 3, 3, 3, 3], [1, 1, 1, 1, 1, 1], [2, 2, 2, 2, 2, 2], [4, 4, 4, 4, 4, 4], [3, 3, 3, 3, 3, 3], [1, 1, 1, 1, 1, 1], [4, 4, 4, 4, 4, 4], [2, 2, 2, 2, 2, 2], [1, 1, 1, 1, 1, 1], [4, 4, 4, 4, 4, 4], [2, 2, 2, 2, 2, 2], [4, 4, 4, 4, 4, 4], [2, 2, 2, 2, 2, 2], [1, 1, 1, 1, 1, 1]]
1 1 1 -> 0.0
1 2 1 -> 18.44
1 3 1 -> 11.4
1 4 1 -> 11.66
2 1 1 -> 18.44
2 2 1 -> 0.0
2 3 1 -> 26.57
2 4 1 -> 30.0
3 1 1 -> 11.4
3 2 1 -> 26.57
3 3 1 -> 0.0
3 4 1 -> 9.06
4 1 1 -> 11.66
4 2 1 -> 30.0
4 3 1 -> 9.06
4 4 1 -> 0.0
1 1 2 -> 0.0
1 2 2 -> 19.85
1 3 2 -> 12.73
1 4 2 -> 9.22
2 1 2 -> 19.85
2 2 2 -> 0.0
2 3 2 -> 22.8
2 4 2 -> 29.0
3 1 2 -> 12.73
3 2 2 -> 22.8
3 3 2 -> 0.0
3 4 2 -> 15.13
4 1 2 -> 9.22
4 2 2 -> 29.0
4 3 2 -> 15.13
4 4 2 -> 0.0
1 1 3 -> 0.0
1 2 3 -> 15.62
1 3 3 -> 13.04
1 4 3 -> 16.12
2 1 3 -> 15.62
2 2 3 -> 0.0
2 3 3 -> 21.59
2 4 3 -> 31.24
3 1 3 -> 13.04
3 2 3 -> 21.59
3 3 3 -> 0.0
3 4 3 -> 15.3
4 1 3 -> 16.12
4 2 3 -> 31.24
4 3 3 -> 15.3
4 4 3 -> 0.0
1 1 4 -> 0.0
1 2 4 -> 20.25
1 3 4 -> 14.32
1 4 4 -> 10.63
2 1 4 -> 20.25
2 2 4 -> 0.0
2 3 4 -> 26.4
2 4 4 -> 30.81
3 1 4 -> 14.32
3 2 4 -> 26.4
3 3 4 -> 0.0
3 4 4 -> 15.23
4 1 4 -> 10.63
4 2 4 -> 30.81
4 3 4 -> 15.23
4 4 4 -> 0.0
1 1 5 -> 0.0
1 2 5 -> 14.32
1 3 5 -> 16.12
1 4 5 -> 20.12
2 1 5 -> 14.32
2 2 5 -> 0.0
2 3 5 -> 20.62
2 4 5 -> 32.56
3 1 5 -> 16.12
3 2 5 -> 20.62
3 3 5 -> 0.0
3 4 5 -> 17.46
4 1 5 -> 20.12
4 2 5 -> 32.56
4 3 5 -> 17.46
4 4 5 -> 0.0
1 1 6 -> 0.0
1 2 6 -> 13.34
1 3 6 -> 21.02
1 4 6 -> 24.17
2 1 6 -> 13.34
2 2 6 -> 0.0
2 3 6 -> 27.78
2 4 6 -> 33.97
3 1 6 -> 21.02
3 2 6 -> 27.78
3 3 6 -> 0.0
3 4 6 -> 9.06
4 1 6 -> 24.17
4 2 6 -> 33.97
4 3 6 -> 9.06
4 4 6 -> 0.0
o: (1, 2, 3) => 15.62
o: (3, 1, 3) => 13.04
o: (1, 3, 5) => 16.12
o: (3, 2, 4) => 26.4
o: (1, 4, 5) => 20.12
o: (4, 3, 6) => 9.06
o: (4, 4, 6) => 0.0
o: (3, 2, 3) => 21.59
o: (3, 3, 5) => 0.0
o: (2, 1, 1) => 18.44
o: (3, 4, 5) => 17.46
o: (1, 3, 2) => 12.73
o: (1, 4, 2) => 9.22
o: (4, 3, 4) => 15.23
o: (2, 2, 1) => 0.0
o: (4, 4, 4) => 0.0
o: (3, 3, 2) => 0.0
o: (3, 4, 2) => 15.13
o: (4, 3, 3) => 15.3
o: (4, 4, 3) => 0.0
o: (1, 1, 5) => 0.0
o: (4, 1, 6) => 24.17
o: (1, 2, 5) => 14.32
o: (3, 1, 5) => 16.12
o: (1, 3, 1) => 11.4
o: (4, 2, 6) => 33.97
o: (1, 1, 2) => 0.0
o: (1, 4, 1) => 11.66
o: (2, 3, 6) => 27.78
o: (4, 1, 4) => 10.63
o: (3, 2, 5) => 20.62
o: (2, 4, 6) => 33.97
o: (3, 3, 1) => 0.0
o: (1, 2, 2) => 19.85
o: (3, 1, 2) => 12.73
o: (3, 4, 1) => 9.06
o: (4, 1, 3) => 16.12
o: (4, 2, 4) => 30.81
o: (3, 2, 2) => 22.8
o: (2, 3, 4) => 26.4
o: (4, 2, 3) => 31.24
o: (2, 4, 4) => 30.81
o: (4, 3, 5) => 17.46
o: (4, 4, 5) => 0.0
o: (1, 1, 1) => 0.0
o: (2, 3, 3) => 21.59
o: (2, 4, 3) => 31.24
o: (2, 1, 6) => 13.34
o: (4, 3, 2) => 15.13
o: (1, 2, 1) => 18.44
o: (3, 1, 1) => 11.4
o: (4, 4, 2) => 0.0
o: (2, 2, 6) => 0.0
o: (3, 2, 1) => 26.57
o: (2, 1, 4) => 20.25
o: (4, 1, 5) => 20.12
o: (2, 1, 3) => 15.62
o: (2, 2, 4) => 0.0
o: (4, 2, 5) => 32.56
o: (4, 3, 1) => 9.06
o: (1, 3, 6) => 21.02
o: (4, 1, 2) => 9.22
o: (4, 4, 1) => 0.0
o: (2, 2, 3) => 0.0
o: (2, 3, 5) => 20.62
o: (1, 4, 6) => 24.17
o: (2, 4, 5) => 32.56
o: (3, 3, 6) => 0.0
o: (4, 2, 2) => 29.0
o: (3, 4, 6) => 9.06
o: (1, 3, 4) => 14.32
o: (2, 3, 2) => 22.8
o: (1, 4, 4) => 10.63
o: (2, 4, 2) => 29.0
o: (1, 3, 3) => 13.04
o: (3, 3, 4) => 0.0
o: (1, 4, 3) => 16.12
o: (3, 4, 4) => 15.23
o: (4, 1, 1) => 11.66
o: (1, 1, 6) => 0.0
o: (2, 1, 5) => 14.32
o: (3, 3, 3) => 0.0
o: (3, 4, 3) => 15.3
o: (4, 2, 1) => 30.0
o: (1, 2, 6) => 13.34
o: (3, 1, 6) => 21.02
o: (2, 2, 5) => 0.0
o: (2, 3, 1) => 26.57
o: (1, 1, 4) => 0.0
o: (2, 1, 2) => 19.85
o: (2, 4, 1) => 30.0
o: (3, 2, 6) => 27.78
o: (1, 1, 3) => 0.0
o: (1, 2, 4) => 20.25
o: (2, 2, 2) => 0.0
o: (3, 1, 4) => 14.32

[121, 2724, 2714, 2633, 2623, 2657, 2604, 35]
JOBS in the order of refs (Vprime)
Node 1: Job(0, Point(70, 70, 0), 0, 0, 2535, 0, 0, 0)
Node 2: Job(1, Point(101, 0, 3), 9, 1973, 2130, 10, 0, 72)
Node 3: Job(3, Point(30, 57, 0), 20, 912, 1050, 10, 0, 113)
Node 4: Job(4, Point(29, 60, 0), 14, 138, 199, 10, 0, 79)
Node 5: Job(8, Point(78, 111, 1), 22, 112, 222, 10, 0, 40)
Node 6: Job(9, Point(107, 25, 3), 13, 1133, 1176, 10, 0, 129)
Node 7: Job(11, Point(37, 138, 1), 5, 866, 932, 10, 0, 141)
Node 8: Job(13, Point(121, 123, 2), 9, 1009, 1167, 10, 0, 187)
Node 9: Job(15, Point(137, 7, 3), 40, 631, 735, 10, 0, 51)
Node 10: Job(16, Point(50, 106, 1), 25, 1254, 1429, 10, 0, 2)
Node 11: Job(18, Point(79, 72, 2), 22, 9, 147, 10, 0, 178)
Node 12: Job(19, Point(104, 32, 3), 18, 528, 670, 10, 0, 175)
Node 13: Job(21, Point(109, 139, 2), 8, 469, 555, 10, 0, 6)
Node 14: Job(23, Point(78, 63, 3), 19, 10, 128, 10, 0, 195)
Node 15: Job(26, Point(64, 132, 1), 8, 168, 411, 10, 0, 45)
Node 16: Job(27, Point(133, 130, 2), 13, 900, 998, 10, 0, 68)
Node 17: Job(28, Point(39, 13, 0), 20, 1490, 1637, 10, 0, 76)
Node 18: Job(31, Point(140, 42, 3), 13, 412, 512, 10, 0, 167)
Node 19: Job(32, Point(121, 124, 2), 21, 575, 744, 10, 0, 107)
Node 20: Job(33, Point(42, 29, 0), 12, 238, 362, 10, 0, 35)
Node 21: Job(34, Point(44, 58, 0), 30, 47, 182, 10, 0, 78)
Node 22: Job(36, Point(41, 36, 0), 13, 203, 328, 10, 0, 165)
Node 23: Job(41, Point(81, 57, 3), 8, 33, 104, 10, 0, 101)
Node 24: Job(43, Point(113, 32, 3), 36, 589, 683, 10, 0, 42)
Node 25: Job(47, Point(90, 44, 3), 6, 240, 298, 10, 0, 65)
Node 26: Job(48, Point(139, 73, 2), 10, 339, 477, 10, 0, 184)
Node 27: Job(49, Point(89, 24, 3), 15, 1226, 1302, 10, 0, 185)
Node 28: Job(53, Point(60, 84, 1), 23, 1914, 2059, 10, 0, 154)
Node 29: Job(56, Point(86, 40, 3), 22, 80, 192, 10, 0, 118)
Node 30: Job(57, Point(69, 115, 1), 20, 836, 1006, 10, 0, 126)
Node 31: Job(59, Point(105, 2, 3), 1, 891, 1019, 10, 0, 140)
Node 32: Job(60, Point(107, 77, 2), 34, 83, 219, 10, 0, 119)
Node 33: Job(61, Point(104, 54, 3), 13, 208, 333, 10, 0, 143)
Node 34: Job(62, Point(54, 33, 0), 20, 118, 204, 10, 0, 5)
Node 35: Job(63, Point(32, 52, 0), 32, 557, 771, 10, 0, 55)
Node 36: Job(64, Point(37, 125, 1), 10, 1328, 1540, 10, 0, 163)
Node 37: Job(66, Point(38, 122, 1), 13, 941, 1052, 10, 0, 123)
Node 38: Job(67, Point(85, 75, 2), 37, 22, 186, 10, 0, 108)
Node 39: Job(69, Point(103, 77, 2), 17, 1203, 1242, 10, 0, 156)
Node 40: Job(71, Point(139, 68, 2), 25, 275, 472, 10, 0, 191)
Node 41: Job(73, Point(39, 100, 1), 31, 274, 374, 10, 0, 91)
Node 42: Job(74, Point(48, 47, 0), 19, 94, 161, 10, 0, 161)
Node 43: Job(82, Point(36, 54, 0), 15, 1482, 1614, 10, 0, 153)
Node 44: Job(85, Point(27, 104, 1), 1, 2014, 2124, 10, 0, 46)
Node 45: Job(89, Point(54, 106, 1), 9, 1204, 1270, 10, 0, 109)
Node 46: Job(90, Point(63, 129, 1), 7, 817, 954, 10, 0, 166)
Node 47: Job(93, Point(13, 129, 1), 25, 1414, 1517, 10, 0, 83)
Node 48: Job(94, Point(34, 20, 0), 15, 636, 689, 10, 0, 180)
Node 49: Job(95, Point(114, 109, 2), 16, 326, 412, 10, 0, 75)
Node 50: Job(97, Point(33, 0, 0), 20, 1920, 2060, 10, 0, 52)
Node 51: Job(100, Point(12, 48, 0), 4, 234, 351, 10, 0, 133)
Node 52: Job(103, Point(116, 22, 3), 32, 558, 663, 10, 0, 81)
Node 53: Job(104, Point(27, 46, 0), 35, 839, 953, 10, 0, 96)
Node 54: Job(105, Point(19, 120, 1), 16, 1102, 1107, 10, 0, 12)
Node 55: Job(106, Point(23, 39, 0), 20, 1419, 1514, 10, 0, 39)
Node 56: Job(111, Point(61, 57, 0), 35, 1486, 1633, 10, 0, 86)
Node 57: Job(112, Point(123, 84, 2), 13, 1652, 1800, 10, 0, 80)
Node 58: Job(116, Point(89, 39, 3), 23, 101, 190, 10, 0, 92)
Node 59: Job(117, Point(65, 0, 3), 20, 282, 432, 10, 0, 58)
Node 60: Job(120, Point(92, 22, 3), 18, 758, 882, 10, 0, 29)
Node 61: Job(121, Point(2, 106, 1), 16, 1541, 1673, 10, 0, 10)
Node 62: Job(72, Point(88, 29, 3), -9, 2254, 2377, 10, 1, 0)
Node 63: Job(113, Point(37, 73, 0), -20, 1358, 1449, 10, 3, 0)
Node 64: Job(79, Point(44, 116, 1), -14, 199, 345, 10, 4, 0)
Node 65: Job(40, Point(132, 133, 2), -22, 571, 667, 10, 8, 0)
Node 66: Job(129, Point(110, 28, 3), -13, 1236, 1328, 10, 9, 0)
Node 67: Job(141, Point(49, 140, 1), -5, 944, 1048, 10, 11, 0)
Node 68: Job(187, Point(104, 139, 2), -9, 1338, 1466, 10, 13, 0)
Node 69: Job(51, Point(98, 4, 3), -40, 694, 847, 10, 15, 0)
Node 70: Job(2, Point(26, 50, 0), -25, 1552, 1667, 10, 16, 0)
Node 71: Job(178, Point(138, 78, 2), -22, 787, 951, 10, 18, 0)
Node 72: Job(175, Point(90, 14, 3), -18, 1866, 1965, 10, 19, 0)
Node 73: Job(6, Point(137, 137, 2), -8, 378, 539, 10, 21, 0)
Node 74: Job(195, Point(138, 24, 3), -19, 705, 851, 10, 23, 0)
Node 75: Job(45, Point(82, 103, 2), -8, 185, 273, 10, 26, 0)
Node 76: Job(68, Point(109, 131, 2), -13, 899, 1031, 10, 27, 0)
Node 77: Job(76, Point(9, 19, 0), -20, 1472, 1631, 10, 28, 0)
Node 78: Job(167, Point(137, 84, 2), -13, 473, 552, 10, 31, 0)
Node 79: Job(107, Point(110, 99, 2), -21, 1227, 1315, 10, 32, 0)
Node 80: Job(35, Point(32, 6, 0), -12, 401, 479, 10, 33, 0)
Node 81: Job(78, Point(73, 96, 1), -30, 656, 793, 10, 34, 0)
Node 82: Job(165, Point(28, 62, 0), -13, 815, 873, 10, 36, 0)
Node 83: Job(101, Point(139, 72, 2), -8, 1349, 1466, 10, 41, 0)
Node 84: Job(42, Point(120, 52, 3), -36, 1517, 1598, 10, 43, 0)
Node 85: Job(65, Point(99, 34, 3), -6, 295, 432, 10, 47, 0)
Node 86: Job(184, Point(119, 73, 2), -10, 476, 581, 10, 48, 0)
Node 87: Job(185, Point(135, 65, 2), -15, 1313, 1517, 10, 49, 0)
Node 88: Job(154, Point(58, 95, 1), -23, 1949, 2050, 10, 53, 0)
Node 89: Job(118, Point(108, 30, 3), -22, 381, 504, 10, 56, 0)
Node 90: Job(126, Point(40, 113, 1), -20, 1838, 2094, 10, 57, 0)
Node 91: Job(140, Point(112, 13, 3), -1, 2095, 2224, 10, 59, 0)
Node 92: Job(119, Point(120, 60, 2), -34, 216, 337, 10, 60, 0)
Node 93: Job(143, Point(120, 47, 3), -13, 129, 312, 10, 61, 0)
Node 94: Job(5, Point(69, 116, 1), -20, 1381, 1493, 10, 62, 0)
Node 95: Job(55, Point(84, 88, 2), -32, 1428, 1541, 10, 63, 0)
Node 96: Job(163, Point(54, 78, 1), -10, 2204, 2315, 10, 64, 0)
Node 97: Job(123, Point(26, 130, 1), -13, 1089, 1172, 10, 66, 0)
Node 98: Job(108, Point(15, 18, 0), -37, 1581, 1739, 10, 67, 0)
Node 99: Job(156, Point(97, 115, 2), -17, 1478, 1589, 10, 69, 0)
Node 100: Job(191, Point(125, 68, 2), -25, 793, 863, 10, 71, 0)
Node 101: Job(91, Point(33, 117, 1), -31, 365, 507, 10, 73, 0)
Node 102: Job(161, Point(46, 133, 1), -19, 321, 403, 10, 74, 0)
Node 103: Job(153, Point(35, 90, 1), -15, 1790, 1896, 10, 82, 0)
Node 104: Job(46, Point(10, 111, 1), -1, 1975, 2088, 10, 85, 0)
Node 105: Job(109, Point(18, 70, 0), -9, 1531, 1717, 10, 89, 0)
Node 106: Job(166, Point(55, 127, 1), -7, 1028, 1160, 10, 90, 0)
Node 107: Job(83, Point(16, 92, 1), -25, 1430, 1561, 10, 93, 0)
Node 108: Job(180, Point(29, 94, 1), -15, 1099, 1240, 10, 94, 0)
Node 109: Job(75, Point(104, 73, 2), -16, 990, 1124, 10, 95, 0)
Node 110: Job(52, Point(61, 34, 0), -20, 1910, 1991, 10, 97, 0)
Node 111: Job(133, Point(50, 112, 1), -4, 929, 1045, 10, 100, 0)
Node 112: Job(81, Point(83, 12, 3), -32, 911, 1050, 10, 103, 0)
Node 113: Job(96, Point(86, 80, 2), -35, 1464, 1652, 10, 104, 0)
Node 114: Job(12, Point(20, 69, 0), -16, 1472, 1673, 10, 105, 0)
Node 115: Job(39, Point(83, 38, 3), -20, 1885, 2046, 10, 106, 0)
Node 116: Job(86, Point(67, 96, 1), -35, 1975, 2081, 10, 111, 0)
Node 117: Job(80, Point(71, 70, 0), -13, 1916, 2047, 10, 112, 0)
Node 118: Job(92, Point(102, 52, 3), -23, 625, 766, 10, 116, 0)
Node 119: Job(58, Point(59, 115, 1), -20, 1239, 1392, 10, 117, 0)
Node 120: Job(29, Point(120, 14, 3), -18, 1030, 1159, 10, 120, 0)
Node 121: Job(10, Point(17, 138, 1), -16, 1719, 1861, 10, 121, 0)
Node 122: Job(0, Point(70, 70, 0), 0, 0, 2535, 0, 0, 0)

### Preprocessing Data ###
	-> arcs: 14884 (100.0%)
	-> arc_removals: 10696 (71.86%)
	-> arc_removals_is_loop: 122 (0.82%)
	-> arc_removals_is_delivery_to_pickup: 62 (0.42%)
	-> arc_removals_is_depot_begin_to_delivery: 60 (0.4%)
	-> arc_removals_is_pickup_to_depot_end: 60 (0.4%)
	-> arc_removals_is_dest_depot_begin: 120 (0.81%)
	-> arc_removals_is_orig_depot_end: 119 (0.8%)
	-> arc_removals_is_capacity_violated: 0 (0.0%)
	-> arc_removals_is_time_window_limited: 6967 (46.81%)
	-> arc_removals_is_time_window_pairing_limited: 2435 (16.36%)
	-> arc_removals_is_indirect_request_service_impossible: 751 (5.05%)
	-> gamma_vars: 0 (0%)
	-> feas_gamma_vars: 0 (0%)
	-> infeas_gamma_vars_is_next_mtrv_unreachable: 0 (0%)
	-> infeas_gamma_vars_is_iprime_jprime_eq_i_j: 0 (0%)
	-> machine_removal_for_an_arc: 0 (0.0%)
##########################

[00:58:04.375] Print configuration
------------------------------------------------------
"
[00:58:04.375] Running Multi Start Heuristic"
> Experiment started at 2025-10-17T00:58:04.375
> Instance: LR2_2_1_t2_60R_60V_04I_06M
> Algorithm Parameters:


	>Stop params:
		>  - rule ITERATIONS
		>  - argument 60000.0
		>  - maximum_time 3600

	>General params:
		>  - instPath /dados/rmelo/PDPTW-SE/benchmark_multi_island_v5/official_experiments/multistartlp/official/set_01_pt_02/../../../../instances/orig_ams_fg/60R_60V_04I_06M/t2/LR2_2_1/
		>  - name LR2_2_1
		>  - type t2
		>  - group 60R_60V_04I_06M
		>  - fullname LR2_2_1_t2_60R_60V_04I_06M
		>  - methodType heur
		>  - methodCode mslp
		>  - genconfigfile /dados/rmelo/PDPTW-SE/benchmark_multi_island_v5/official_experiments/multistartlp/official/set_01_pt_02/configs/genconfig_mslp.conf
		>  - genconfigfilename genconfig_mslp
		>  - greedy_service_order random
		>  - cutoff 0
		>  - cutoffmachs 6
		>  - num_machs 0
		>  - solver Gurobi
		>  - maxtime 3600
		>  - gurobiCuts 1
		>  - typeUserCut 0
		>  - mipPresolve -1
		>  - printsol 1
		>  - maxnodes -1
		>  - elevator 0
		>  - make_instance_feasible false
		>  - output /dados/rmelo/PDPTW-SE/benchmark_multi_island_v5/official_experiments/multistartlp/official/set_01_pt_02/logs
		>  - suff_outputs _seed_160
		>  - suff_csv _bash_4
		>  - epsilon 0.005
		>  - epsilonCap 0.5
		>  - warmStart false
		>  - seed 160
		>  - rng Random.MersenneTwister(160)
		>  - alpha 0.05
		>  - maxiter 1000000
		>  - outputFlagGrbMIP 0
		>  - outputFlagGrbMSLP 0
		>  - outputFlagGrbLMNS 0
		>  - mslpr I
		>  - mslpa 60000
		>  - lmnsr M
		>  - lmnsa 60
		>  - lmnsRepairTime 30.0
		>  - lmnsMIPFocus 0
		>  - lmnsGapToBiggerDestruction 50
		>  - lmnsGapToSmallerDestruction 95
		>  - lmnsWeightShawDistProx 1.0
		>  - lmnsWeightShawEarlProx 1.0
		>  - lmnsWeightShawSameRoute 1.0
		>  - lmnsWeightShawDemandSim 1.0
		>  - lmnsReqRApplyMIPStart true
		>  - lmnsAcceptanceCriteria H
		>  - lmnsMetropolisTemp 100.0
		>  - lmnsSimulatedAnnealingTemp 100.0
		>  - lmnsSimulatedAnnealingCool 0.95
		>  - mipmaxtime 3600
		>  - csvfilename /dados/rmelo/PDPTW-SE/benchmark_multi_island_v5/official_experiments/multistartlp/official/set_01_pt_02/logs/heur_mslp/outputs/csvresults_heur_mslp_bash_4.csv
		>  - solfilename /dados/rmelo/PDPTW-SE/benchmark_multi_island_v5/official_experiments/multistartlp/official/set_01_pt_02/logs/heur_mslp/solutions/60R_60V_04I_06M/LR2_2_1_sol_genconfig_mslp_seed_160.txt
		>  - timelineFilename /dados/rmelo/PDPTW-SE/benchmark_multi_island_v5/official_experiments/multistartlp/official/set_01_pt_02/logs/heur_mslp/timelines/60R_60V_04I_06M/LR2_2_1_timeline_genconfig_mslp_seed_160.txt
		>  - grbFilename /dados/rmelo/PDPTW-SE/benchmark_multi_island_v5/official_experiments/multistartlp/official/set_01_pt_02/logs/heur_mslp/gurobi/60R_60V_04I_06M/LR2_2_1_grb_genconfig_mslp_seed_160.log
		>  - threads 1
		>  - solverMethod AUTOMATIC

------------------------------------------------------

[00:58:04.482] Starting running MSLP
objValue;greedysol;iteration;time
14213.18;15694.54;1;0.053603
14133.22;14968.39;2;0.416124
12658.19;13222.48;7;0.948265
12639.91;13639.94;337;19.001175
12446.60;13030.02;1533;84.602282
12264.15;12748.20;2066;113.882193
12104.38;12884.23;10424;571.357155
11853.20;12550.37;28936;1587.247384

[01:53:41.852] Finished running MSLP
System CPU time: 31.09 seconds

[01:53:41.921] Post running MSLP
Best solution value: 11853.20
Total time elapsed: 3282.099489
Time to best: 1587.247384
Iterations: 60000
Iterations to best: 28936
Improvements: 8
Infeasible solutions percentage: (4729 / 60000) = 7.8817 %
(LP improvements)/(LP runs) = 55271/55271 = 100.0000 %
Mean LP improvement percentage: 5.9370 %
[01:53:42.164] Writing results to CSV file: /dados/rmelo/PDPTW-SE/benchmark_multi_island_v5/official_experiments/multistartlp/official/set_01_pt_02/logs/heur_mslp/outputs/csvresults_heur_mslp_bash_4.csv

[01:53:44.188] Saving solution to file:/dados/rmelo/PDPTW-SE/benchmark_multi_island_v5/official_experiments/multistartlp/official/set_01_pt_02/logs/heur_mslp/solutions/60R_60V_04I_06M/LR2_2_1_sol_genconfig_mslp_seed_160.txt

[01:53:44.189] Saving solution timeline to file: /dados/rmelo/PDPTW-SE/benchmark_multi_island_v5/official_experiments/multistartlp/official/set_01_pt_02/logs/heur_mslp/timelines/60R_60V_04I_06M/LR2_2_1_timeline_genconfig_mslp_seed_160.txt
---------------------| VEHICLES |---------------------

Vehicle 1 :
	id: 0
		node: 1
		(x, y, z): (70, 70, 0)
		dem: 0
		earl: 0
		lat: 2535
		servt: 0
		pid: 0
		did: 0
		servST: 140.20000000000002
		(h, h_ind): (-1, 0)
		load: 0.0

	Finished service at time: 140.20000000000002

	Using Machine: 0
		Task 0 -> Machine 0 (Station 1): 2.0
		Vehicle arrival at machine station: 142.20000000000002
		Waiting time until machine travel: 0.0

		Machine travel start time: 142.20000000000002
		Region 0 -> Region 3: 11.66
		Machine arrival at machine station: 153.86

		Machine 0 (Station 4)-> Task 56: 22.8
		Vehicle arrival at task: 176.66000000000003
		Waiting time until service start time: 15.34

	id: 56
		node: 29
		(x, y, z): (86, 40, 3)
		dem: 22
		earl: 80
		lat: 192
		servt: 10
		pid: 0
		did: 118
		servST: 192.0
		(h, h_ind): (0, 1)
		load: 22.0

	Finished service at time: 202.0

	Task 56 -> Task 47: 5.66
	Vehicle arrival at task: 207.66
	Waiting time until service start time: 32.34

	id: 47
		node: 25
		(x, y, z): (90, 44, 3)
		dem: 6
		earl: 240
		lat: 298
		servt: 10
		pid: 0
		did: 65
		servST: 240.0
		(h, h_ind): (-1, 0)
		load: 28.0

	Finished service at time: 250.0

	Task 47 -> Task 117: 50.61
	Vehicle arrival at task: 300.61
	Waiting time until service start time: 0.0

	id: 117
		node: 59
		(x, y, z): (65, 0, 3)
		dem: 20
		earl: 282
		lat: 432
		servt: 10
		pid: 0
		did: 58
		servST: 300.61
		(h, h_ind): (-1, 0)
		load: 48.0

	Finished service at time: 310.61

	Task 117 -> Task 65: 48.08
	Vehicle arrival at task: 358.69
	Waiting time until service start time: 73.31

	id: 65
		node: 85
		(x, y, z): (99, 34, 3)
		dem: -6
		earl: 295
		lat: 432
		servt: 10
		pid: 47
		did: 0
		servST: 432.0
		(h, h_ind): (-1, 0)
		load: 42.0

	Finished service at time: 442.0

	Task 65 -> Task 118: 9.85
	Vehicle arrival at task: 451.85
	Waiting time until service start time: 52.15

	id: 118
		node: 89
		(x, y, z): (108, 30, 3)
		dem: -22
		earl: 381
		lat: 504
		servt: 10
		pid: 56
		did: 0
		servST: 504.0
		(h, h_ind): (-1, 0)
		load: 20.0

	Finished service at time: 514.0

	Task 118 -> Task 103: 11.31
	Vehicle arrival at task: 525.31
	Waiting time until service start time: 32.69

	id: 103
		node: 52
		(x, y, z): (116, 22, 3)
		dem: 32
		earl: 558
		lat: 663
		servt: 10
		pid: 0
		did: 81
		servST: 558.0
		(h, h_ind): (-1, 0)
		load: 52.0

	Finished service at time: 568.0

	Using Machine: 3
		Task 103 -> Machine 3 (Station 4): 52.4
		Vehicle arrival at machine station: 620.4
		Waiting time until machine travel: 0.0

		Machine travel start time: 620.4
		Region 3 -> Region 0: 10.63
		Machine arrival at machine station: 631.03

		Machine 3 (Station 1)-> Task 94: 57.63
		Vehicle arrival at task: 688.66
		Waiting time until service start time: 0.0

	id: 94
		node: 48
		(x, y, z): (34, 20, 0)
		dem: 15
		earl: 636
		lat: 689
		servt: 10
		pid: 0
		did: 180
		servST: 688.66
		(h, h_ind): (3, 3)
		load: 67.0

	Finished service at time: 698.66

	Using Machine: 1
		Task 94 -> Machine 1 (Station 1): 58.41
		Vehicle arrival at machine station: 757.0699999999999
		Waiting time until machine travel: 0.0

		Machine travel start time: 757.0699999999999
		Region 0 -> Region 3: 9.22
		Machine arrival at machine station: 766.29

		Machine 1 (Station 4)-> Task 81: 48.37
		Vehicle arrival at task: 814.66
		Waiting time until service start time: 96.34

	id: 81
		node: 112
		(x, y, z): (83, 12, 3)
		dem: -32
		earl: 911
		lat: 1050
		servt: 10
		pid: 103
		did: 0
		servST: 911.0
		(h, h_ind): (1, 6)
		load: 35.0

	Finished service at time: 921.0

	Using Machine: 1
		Task 81 -> Machine 1 (Station 4): 48.37
		Vehicle arrival at machine station: 969.37
		Waiting time until machine travel: 0.0

		Machine travel start time: 969.37
		Region 3 -> Region 1: 29.0
		Machine arrival at machine station: 998.37

		Machine 1 (Station 2)-> Task 180: 30.87
		Vehicle arrival at task: 1029.24
		Waiting time until service start time: 88.94

	id: 180
		node: 108
		(x, y, z): (29, 94, 1)
		dem: -15
		earl: 1099
		lat: 1240
		servt: 10
		pid: 94
		did: 0
		servST: 1118.1799999999998
		(h, h_ind): (1, 7)
		load: 20.0

	Finished service at time: 1128.1799999999998

	Using Machine: 1
		Task 180 -> Machine 1 (Station 2): 30.87
		Vehicle arrival at machine station: 1159.0499999999997
		Waiting time until machine travel: 0.0

		Machine travel start time: 1159.05
		Region 1 -> Region 3: 29.0
		Machine arrival at machine station: 1188.05

		Machine 1 (Station 4)-> Task 49: 37.95
		Vehicle arrival at task: 1226.0
		Waiting time until service start time: 0.0

	id: 49
		node: 27
		(x, y, z): (89, 24, 3)
		dem: 15
		earl: 1226
		lat: 1302
		servt: 10
		pid: 0
		did: 185
		servST: 1226.0
		(h, h_ind): (1, 8)
		load: 35.0

	Finished service at time: 1236.0

	Using Machine: 3
		Task 49 -> Machine 3 (Station 4): 35.11
		Vehicle arrival at machine station: 1271.11
		Waiting time until machine travel: 0.0

		Machine travel start time: 1271.11
		Region 3 -> Region 1: 30.81
		Machine arrival at machine station: 1301.9199999999998

		Machine 3 (Station 2)-> Task 58: 33.0
		Vehicle arrival at task: 1334.9199999999998
		Waiting time until service start time: 0.0

	id: 58
		node: 119
		(x, y, z): (59, 115, 1)
		dem: -20
		earl: 1239
		lat: 1392
		servt: 10
		pid: 117
		did: 0
		servST: 1334.9199999999998
		(h, h_ind): (3, 8)
		load: 15.0

	Finished service at time: 1344.9199999999998

	Using Machine: 4
		Task 58 -> Machine 4 (Station 2): 32.02
		Vehicle arrival at machine station: 1376.9399999999998
		Waiting time until machine travel: 0.0

		Machine travel start time: 1376.9399999999998
		Region 1 -> Region 2: 20.62
		Machine arrival at machine station: 1397.5599999999997

		Machine 4 (Station 3)-> Task 185: 56.52
		Vehicle arrival at task: 1454.0799999999997
		Waiting time until service start time: 0.0

	id: 185
		node: 87
		(x, y, z): (135, 65, 2)
		dem: -15
		earl: 1313
		lat: 1517
		servt: 10
		pid: 49
		did: 0
		servST: 1454.08
		(h, h_ind): (4, 11)
		load: 0.0

	Finished service at time: 1464.08

	Using Machine: 0
		Task 185 -> Machine 0 (Station 3): 54.33
		Vehicle arrival at machine station: 1518.4099999999999
		Waiting time until machine travel: 0.0

		Machine travel start time: 1518.4099999999999
		Region 2 -> Region 0: 11.4
		Machine arrival at machine station: 1529.81

		Machine 0 (Station 1)-> Task 0: 2.0
		Vehicle arrival at task: 1531.81
		Waiting time until service start time: 0.0

	id: 0
		node: 122
		(x, y, z): (70, 70, 0)
		dem: 0
		earl: 0
		lat: 2535
		servt: 0
		pid: 0
		did: 0
		servST: 1531.81
		(h, h_ind): (0, 5)
		load: 0.0


Vehicle 2 :
	id: 0
		node: 1
		(x, y, z): (70, 70, 0)
		dem: 0
		earl: 0
		lat: 2535
		servt: 0
		pid: 0
		did: 0
		servST: 85.78
		(h, h_ind): (-1, 0)
		load: 0.0

	Finished service at time: 85.78

	Using Machine: 1
		Task 0 -> Machine 1 (Station 1): 4.0
		Vehicle arrival at machine station: 89.78
		Waiting time until machine travel: 0.0

		Machine travel start time: 89.78
		Region 0 -> Region 3: 9.22
		Machine arrival at machine station: 99.0

		Machine 1 (Station 4)-> Task 41: 5.0
		Vehicle arrival at task: 104.0
		Waiting time until service start time: 0.0

	id: 41
		node: 23
		(x, y, z): (81, 57, 3)
		dem: 8
		earl: 33
		lat: 104
		servt: 10
		pid: 0
		did: 101
		servST: 104.0
		(h, h_ind): (1, 1)
		load: 8.0

	Finished service at time: 114.0

	Using Machine: 1
		Task 41 -> Machine 1 (Station 4): 5.0
		Vehicle arrival at machine station: 119.0
		Waiting time until machine travel: 97.67

		Machine travel start time: 216.67000000000002
		Region 3 -> Region 0: 9.22
		Machine arrival at machine station: 225.89000000000001

		Machine 1 (Station 1)-> Task 100: 60.73
		Vehicle arrival at task: 286.62
		Waiting time until service start time: 0.0

	id: 100
		node: 51
		(x, y, z): (12, 48, 0)
		dem: 4
		earl: 234
		lat: 351
		servt: 10
		pid: 0
		did: 133
		servST: 286.62
		(h, h_ind): (1, 3)
		load: 12.0

	Finished service at time: 296.62

	Task 100 -> Task 36: 31.38
	Vehicle arrival at task: 328.0
	Waiting time until service start time: 0.0

	id: 36
		node: 22
		(x, y, z): (41, 36, 0)
		dem: 13
		earl: 203
		lat: 328
		servt: 10
		pid: 0
		did: 165
		servST: 328.0
		(h, h_ind): (-1, 0)
		load: 25.0

	Finished service at time: 338.0

	Task 36 -> Task 33: 7.07
	Vehicle arrival at task: 345.07
	Waiting time until service start time: 16.93

	id: 33
		node: 20
		(x, y, z): (42, 29, 0)
		dem: 12
		earl: 238
		lat: 362
		servt: 10
		pid: 0
		did: 35
		servST: 362.0
		(h, h_ind): (-1, 0)
		load: 37.0

	Finished service at time: 372.0

	Task 33 -> Task 35: 25.08
	Vehicle arrival at task: 397.08
	Waiting time until service start time: 3.92

	id: 35
		node: 80
		(x, y, z): (32, 6, 0)
		dem: -12
		earl: 401
		lat: 479
		servt: 10
		pid: 33
		did: 0
		servST: 401.0
		(h, h_ind): (-1, 0)
		load: 25.0

	Finished service at time: 411.0

	Using Machine: 3
		Task 35 -> Machine 3 (Station 1): 70.18
		Vehicle arrival at machine station: 481.18
		Waiting time until machine travel: 53.36

		Machine travel start time: 534.54
		Region 0 -> Region 3: 10.63
		Machine arrival at machine station: 545.17

		Machine 3 (Station 4)-> Task 43: 43.83
		Vehicle arrival at task: 589.0
		Waiting time until service start time: 0.0

	id: 43
		node: 24
		(x, y, z): (113, 32, 3)
		dem: 36
		earl: 589
		lat: 683
		servt: 10
		pid: 0
		did: 42
		servST: 589.0
		(h, h_ind): (3, 2)
		load: 61.0

	Finished service at time: 599.0

	Task 43 -> Task 19: 9.0
	Vehicle arrival at task: 608.0
	Waiting time until service start time: 0.0

	id: 19
		node: 12
		(x, y, z): (104, 32, 3)
		dem: 18
		earl: 528
		lat: 670
		servt: 10
		pid: 0
		did: 175
		servST: 608.0
		(h, h_ind): (-1, 0)
		load: 79.0

	Finished service at time: 618.0

	Using Machine: 3
		Task 19 -> Machine 3 (Station 4): 36.8
		Vehicle arrival at machine station: 654.8
		Waiting time until machine travel: 0.0

		Machine travel start time: 654.8
		Region 3 -> Region 0: 10.63
		Machine arrival at machine station: 665.43

		Machine 3 (Station 1)-> Task 165: 42.11
		Vehicle arrival at task: 707.54
		Waiting time until service start time: 165.46

	id: 165
		node: 82
		(x, y, z): (28, 62, 0)
		dem: -13
		earl: 815
		lat: 873
		servt: 10
		pid: 36
		did: 0
		servST: 873.0
		(h, h_ind): (3, 4)
		load: 66.0

	Finished service at time: 883.0

	Using Machine: 4
		Task 165 -> Machine 4 (Station 1): 38.83
		Vehicle arrival at machine station: 921.83
		Waiting time until machine travel: 0.0

		Machine travel start time: 921.83
		Region 0 -> Region 1: 14.32
		Machine arrival at machine station: 936.1500000000001

		Machine 4 (Station 2)-> Task 133: 30.68
		Vehicle arrival at task: 966.83
		Waiting time until service start time: 59.55

	id: 133
		node: 111
		(x, y, z): (50, 112, 1)
		dem: -4
		earl: 929
		lat: 1045
		servt: 10
		pid: 100
		did: 0
		servST: 1026.38
		(h, h_ind): (4, 8)
		load: 62.0

	Finished service at time: 1036.38

	Task 133 -> Task 66: 15.62
	Vehicle arrival at task: 1052.0
	Waiting time until service start time: 0.0

	id: 66
		node: 37
		(x, y, z): (38, 122, 1)
		dem: 13
		earl: 941
		lat: 1052
		servt: 10
		pid: 0
		did: 123
		servST: 1052.0
		(h, h_ind): (-1, 0)
		load: 75.0

	Finished service at time: 1062.0

	Task 66 -> Task 123: 14.42
	Vehicle arrival at task: 1076.42
	Waiting time until service start time: 12.58

	id: 123
		node: 97
		(x, y, z): (26, 130, 1)
		dem: -13
		earl: 1089
		lat: 1172
		servt: 10
		pid: 66
		did: 0
		servST: 1089.0
		(h, h_ind): (-1, 0)
		load: 62.0

	Finished service at time: 1099.0

	Using Machine: 2
		Task 123 -> Machine 2 (Station 2): 57.69
		Vehicle arrival at machine station: 1156.69
		Waiting time until machine travel: 39.72

		Machine travel start time: 1196.41
		Region 1 -> Region 2: 21.59
		Machine arrival at machine station: 1218.0

		Machine 2 (Station 3)-> Task 69: 24.0
		Vehicle arrival at task: 1242.0
		Waiting time until service start time: 0.0

	id: 69
		node: 39
		(x, y, z): (103, 77, 2)
		dem: 17
		earl: 1203
		lat: 1242
		servt: 10
		pid: 0
		did: 156
		servST: 1242.0
		(h, h_ind): (2, 2)
		load: 79.0

	Finished service at time: 1252.0

	Task 69 -> Task 101: 36.35
	Vehicle arrival at task: 1288.35
	Waiting time until service start time: 60.65

	id: 101
		node: 83
		(x, y, z): (139, 72, 2)
		dem: -8
		earl: 1349
		lat: 1466
		servt: 10
		pid: 41
		did: 0
		servST: 1349.0
		(h, h_ind): (-1, 0)
		load: 71.0

	Finished service at time: 1359.0

	Task 101 -> Task 156: 60.11
	Vehicle arrival at task: 1419.11
	Waiting time until service start time: 58.89

	id: 156
		node: 99
		(x, y, z): (97, 115, 2)
		dem: -17
		earl: 1478
		lat: 1589
		servt: 10
		pid: 69
		did: 0
		servST: 1478.0
		(h, h_ind): (-1, 0)
		load: 54.0

	Finished service at time: 1488.0

	Using Machine: 4
		Task 156 -> Machine 4 (Station 3): 40.72
		Vehicle arrival at machine station: 1528.72
		Waiting time until machine travel: 14.71

		Machine travel start time: 1543.43
		Region 2 -> Region 3: 17.46
		Machine arrival at machine station: 1560.89

		Machine 4 (Station 4)-> Task 42: 37.11
		Vehicle arrival at task: 1598.0
		Waiting time until service start time: 0.0

	id: 42
		node: 84
		(x, y, z): (120, 52, 3)
		dem: -36
		earl: 1517
		lat: 1598
		servt: 10
		pid: 43
		did: 0
		servST: 1598.0
		(h, h_ind): (4, 13)
		load: 18.0

	Finished service at time: 1608.0

	Task 42 -> Task 175: 48.41
	Vehicle arrival at task: 1656.41
	Waiting time until service start time: 209.59

	id: 175
		node: 72
		(x, y, z): (90, 14, 3)
		dem: -18
		earl: 1866
		lat: 1965
		servt: 10
		pid: 19
		did: 0
		servST: 1866.0
		(h, h_ind): (-1, 0)
		load: 0.0

	Finished service at time: 1876.0

	Using Machine: 3
		Task 175 -> Machine 3 (Station 4): 44.92
		Vehicle arrival at machine station: 1920.92
		Waiting time until machine travel: 0.0

		Machine travel start time: 1920.92
		Region 3 -> Region 0: 10.63
		Machine arrival at machine station: 1931.5500000000002

		Machine 3 (Station 1)-> Task 0: 5.0
		Vehicle arrival at task: 1936.5500000000002
		Waiting time until service start time: 0.0

	id: 0
		node: 122
		(x, y, z): (70, 70, 0)
		dem: 0
		earl: 0
		lat: 2535
		servt: 0
		pid: 0
		did: 0
		servST: 1936.5500000000002
		(h, h_ind): (3, 11)
		load: 0.0


Vehicle 17 :
	id: 0
		node: 1
		(x, y, z): (70, 70, 0)
		dem: 0
		earl: 0
		lat: 2535
		servt: 0
		pid: 0
		did: 0
		servST: 42.87000000000004
		(h, h_ind): (-1, 0)
		load: 0.0

	Finished service at time: 42.87000000000004

	Using Machine: 2
		Task 0 -> Machine 2 (Station 1): 2.0
		Vehicle arrival at machine station: 44.87000000000004
		Waiting time until machine travel: 0.0

		Machine travel start time: 44.87000000000004
		Region 0 -> Region 2: 13.04
		Machine arrival at machine station: 57.91000000000004

		Machine 2 (Station 3)-> Task 18: 5.0
		Vehicle arrival at task: 62.91000000000004
		Waiting time until service start time: 0.0

	id: 18
		node: 11
		(x, y, z): (79, 72, 2)
		dem: 22
		earl: 9
		lat: 147
		servt: 10
		pid: 0
		did: 178
		servST: 62.91000000000004
		(h, h_ind): (2, 1)
		load: 22.0

	Finished service at time: 72.91000000000004

	Using Machine: 4
		Task 18 -> Machine 4 (Station 3): 6.08
		Vehicle arrival at machine station: 78.99000000000004
		Waiting time until machine travel: 0.0

		Machine travel start time: 78.99000000000004
		Region 2 -> Region 1: 20.62
		Machine arrival at machine station: 99.61000000000004

		Machine 4 (Station 2)-> Task 8: 33.29
		Vehicle arrival at task: 132.90000000000003
		Waiting time until service start time: 0.0

	id: 8
		node: 5
		(x, y, z): (78, 111, 1)
		dem: 22
		earl: 112
		lat: 222
		servt: 10
		pid: 0
		did: 40
		servST: 132.90000000000003
		(h, h_ind): (4, 1)
		load: 44.0

	Finished service at time: 142.90000000000003

	Task 8 -> Task 26: 25.24
	Vehicle arrival at task: 168.14000000000004
	Waiting time until service start time: -0.0

	id: 26
		node: 15
		(x, y, z): (64, 132, 1)
		dem: 8
		earl: 168
		lat: 411
		servt: 10
		pid: 0
		did: 45
		servST: 168.14000000000001
		(h, h_ind): (-1, 0)
		load: 52.0

	Finished service at time: 178.14000000000001

	Using Machine: 4
		Task 26 -> Machine 4 (Station 2): 49.16
		Vehicle arrival at machine station: 227.3
		Waiting time until machine travel: 0.0

		Machine travel start time: 227.3
		Region 1 -> Region 2: 20.62
		Machine arrival at machine station: 247.92000000000002

		Machine 4 (Station 3)-> Task 45: 25.08
		Vehicle arrival at task: 273.0
		Waiting time until service start time: 0.0

	id: 45
		node: 75
		(x, y, z): (82, 103, 2)
		dem: -8
		earl: 185
		lat: 273
		servt: 10
		pid: 26
		did: 0
		servST: 273.0
		(h, h_ind): (4, 3)
		load: 44.0

	Finished service at time: 283.0

	Using Machine: 4
		Task 45 -> Machine 4 (Station 3): 25.08
		Vehicle arrival at machine station: 308.08
		Waiting time until machine travel: 0.0

		Machine travel start time: 308.08
		Region 2 -> Region 1: 20.62
		Machine arrival at machine station: 328.7

		Machine 4 (Station 2)-> Task 73: 27.02
		Vehicle arrival at task: 355.71999999999997
		Waiting time until service start time: 0.0

	id: 73
		node: 41
		(x, y, z): (39, 100, 1)
		dem: 31
		earl: 274
		lat: 374
		servt: 10
		pid: 0
		did: 91
		servST: 355.71999999999997
		(h, h_ind): (4, 4)
		load: 75.0

	Finished service at time: 365.71999999999997

	Task 73 -> Task 91: 18.03
	Vehicle arrival at task: 383.75
	Waiting time until service start time: 123.25

	id: 91
		node: 101
		(x, y, z): (33, 117, 1)
		dem: -31
		earl: 365
		lat: 507
		servt: 10
		pid: 73
		did: 0
		servST: 507.0
		(h, h_ind): (-1, 0)
		load: 44.0

	Finished service at time: 517.0

	Using Machine: 4
		Task 91 -> Machine 4 (Station 2): 43.42
		Vehicle arrival at machine station: 560.42
		Waiting time until machine travel: 10.27

		Machine travel start time: 570.69
		Region 1 -> Region 2: 20.62
		Machine arrival at machine station: 591.3100000000001

		Machine 4 (Station 3)-> Task 40: 75.69
		Vehicle arrival at task: 667.0
		Waiting time until service start time: 0.0

	id: 40
		node: 65
		(x, y, z): (132, 133, 2)
		dem: -22
		earl: 571
		lat: 667
		servt: 10
		pid: 8
		did: 0
		servST: 667.0
		(h, h_ind): (4, 6)
		load: 22.0

	Finished service at time: 677.0

	Task 40 -> Task 178: 55.33
	Vehicle arrival at task: 732.33
	Waiting time until service start time: 54.67

	id: 178
		node: 71
		(x, y, z): (138, 78, 2)
		dem: -22
		earl: 787
		lat: 951
		servt: 10
		pid: 18
		did: 0
		servST: 787.0
		(h, h_ind): (-1, 0)
		load: 0.0

	Finished service at time: 797.0

	Using Machine: 3
		Task 178 -> Machine 3 (Station 3): 55.44
		Vehicle arrival at machine station: 852.44
		Waiting time until machine travel: 39.23

		Machine travel start time: 891.67
		Region 2 -> Region 0: 14.32
		Machine arrival at machine station: 905.99

		Machine 3 (Station 1)-> Task 104: 47.01
		Vehicle arrival at task: 953.0
		Waiting time until service start time: 0.0

	id: 104
		node: 53
		(x, y, z): (27, 46, 0)
		dem: 35
		earl: 839
		lat: 953
		servt: 10
		pid: 0
		did: 96
		servST: 953.0
		(h, h_ind): (3, 6)
		load: 35.0

	Finished service at time: 963.0

	Task 104 -> Task 3: 11.4
	Vehicle arrival at task: 974.4
	Waiting time until service start time: 75.6

	id: 3
		node: 3
		(x, y, z): (30, 57, 0)
		dem: 20
		earl: 912
		lat: 1050
		servt: 10
		pid: 0
		did: 113
		servST: 1050.0
		(h, h_ind): (-1, 0)
		load: 55.0

	Finished service at time: 1060.0

	Using Machine: 3
		Task 3 -> Machine 3 (Station 1): 40.79
		Vehicle arrival at machine station: 1100.79
		Waiting time until machine travel: 0.0

		Machine travel start time: 1100.79
		Region 0 -> Region 3: 10.63
		Machine arrival at machine station: 1111.42

		Machine 3 (Station 4)-> Task 9: 43.86
		Vehicle arrival at task: 1155.28
		Waiting time until service start time: 20.72

	id: 9
		node: 6
		(x, y, z): (107, 25, 3)
		dem: 13
		earl: 1133
		lat: 1176
		servt: 10
		pid: 0
		did: 129
		servST: 1176.0
		(h, h_ind): (3, 7)
		load: 68.0

	Finished service at time: 1186.0

	Task 9 -> Task 129: 4.24
	Vehicle arrival at task: 1190.24
	Waiting time until service start time: 45.76

	id: 129
		node: 66
		(x, y, z): (110, 28, 3)
		dem: -13
		earl: 1236
		lat: 1328
		servt: 10
		pid: 9
		did: 0
		servST: 1236.0
		(h, h_ind): (-1, 0)
		load: 55.0

	Finished service at time: 1246.0

	Using Machine: 5
		Task 129 -> Machine 5 (Station 4): 40.8
		Vehicle arrival at machine station: 1286.8
		Waiting time until machine travel: 0.0

		Machine travel start time: 1286.8
		Region 3 -> Region 1: 33.97
		Machine arrival at machine station: 1320.77

		Machine 5 (Station 2)-> Task 16: 24.6
		Vehicle arrival at task: 1345.37
		Waiting time until service start time: 0.0

	id: 16
		node: 10
		(x, y, z): (50, 106, 1)
		dem: 25
		earl: 1254
		lat: 1429
		servt: 10
		pid: 0
		did: 2
		servST: 1345.37
		(h, h_ind): (5, 12)
		load: 80.0

	Finished service at time: 1355.37

	Using Machine: 5
		Task 16 -> Machine 5 (Station 2): 24.6
		Vehicle arrival at machine station: 1379.9699999999998
		Waiting time until machine travel: 0.0

		Machine travel start time: 1379.9699999999998
		Region 1 -> Region 0: 13.34
		Machine arrival at machine station: 1393.3099999999997

		Machine 5 (Station 1)-> Task 113: 27.07
		Vehicle arrival at task: 1420.3799999999997
		Waiting time until service start time: 28.62

	id: 113
		node: 63
		(x, y, z): (37, 73, 0)
		dem: -20
		earl: 1358
		lat: 1449
		servt: 10
		pid: 3
		did: 0
		servST: 1449.0
		(h, h_ind): (5, 13)
		load: 60.0

	Finished service at time: 1459.0

	Task 113 -> Task 2: 25.5
	Vehicle arrival at task: 1484.5
	Waiting time until service start time: 67.5

	id: 2
		node: 70
		(x, y, z): (26, 50, 0)
		dem: -25
		earl: 1552
		lat: 1667
		servt: 10
		pid: 16
		did: 0
		servST: 1552.0
		(h, h_ind): (-1, 0)
		load: 35.0

	Finished service at time: 1562.0

	Using Machine: 4
		Task 2 -> Machine 4 (Station 1): 44.72
		Vehicle arrival at machine station: 1606.72
		Waiting time until machine travel: 0.0

		Machine travel start time: 1606.72
		Region 0 -> Region 2: 16.12
		Machine arrival at machine station: 1622.84

		Machine 4 (Station 3)-> Task 96: 6.32
		Vehicle arrival at task: 1629.1599999999999
		Waiting time until service start time: 0.0

	id: 96
		node: 113
		(x, y, z): (86, 80, 2)
		dem: -35
		earl: 1464
		lat: 1652
		servt: 10
		pid: 104
		did: 0
		servST: 1629.16
		(h, h_ind): (4, 14)
		load: 0.0

	Finished service at time: 1639.16

	Using Machine: 2
		Task 96 -> Machine 2 (Station 3): 7.62
		Vehicle arrival at machine station: 1646.78
		Waiting time until machine travel: 0.0

		Machine travel start time: 1646.78
		Region 2 -> Region 0: 13.04
		Machine arrival at machine station: 1659.82

		Machine 2 (Station 1)-> Task 0: 2.0
		Vehicle arrival at task: 1661.82
		Waiting time until service start time: 0.0

	id: 0
		node: 122
		(x, y, z): (70, 70, 0)
		dem: 0
		earl: 0
		lat: 2535
		servt: 0
		pid: 0
		did: 0
		servST: 1661.82
		(h, h_ind): (2, 3)
		load: 0.0


Vehicle 28 :
	id: 0
		node: 1
		(x, y, z): (70, 70, 0)
		dem: 0
		earl: 0
		lat: 2535
		servt: 0
		pid: 0
		did: 0
		servST: 102.48000000000002
		(h, h_ind): (-1, 0)
		load: 0.0

	Finished service at time: 102.48000000000002

	Using Machine: 3
		Task 0 -> Machine 3 (Station 1): 5.0
		Vehicle arrival at machine station: 107.48000000000002
		Waiting time until machine travel: 0.0

		Machine travel start time: 107.48000000000002
		Region 0 -> Region 3: 10.63
		Machine arrival at machine station: 118.11000000000001

		Machine 3 (Station 4)-> Task 116: 21.63
		Vehicle arrival at task: 139.74
		Waiting time until service start time: 0.0

	id: 116
		node: 58
		(x, y, z): (89, 39, 3)
		dem: 23
		earl: 101
		lat: 190
		servt: 10
		pid: 0
		did: 92
		servST: 139.74
		(h, h_ind): (3, 1)
		load: 23.0

	Finished service at time: 149.74

	Using Machine: 5
		Task 116 -> Machine 5 (Station 4): 22.2
		Vehicle arrival at machine station: 171.94
		Waiting time until machine travel: 0.0

		Machine travel start time: 171.94
		Region 3 -> Region 2: 9.06
		Machine arrival at machine station: 181.0

		Machine 5 (Station 3)-> Task 67: 5.0
		Vehicle arrival at task: 186.0
		Waiting time until service start time: 0.0

	id: 67
		node: 38
		(x, y, z): (85, 75, 2)
		dem: 37
		earl: 22
		lat: 186
		servt: 10
		pid: 0
		did: 108
		servST: 186.0
		(h, h_ind): (5, 1)
		load: 60.0

	Finished service at time: 196.0

	Using Machine: 5
		Task 67 -> Machine 5 (Station 3): 5.0
		Vehicle arrival at machine station: 201.0
		Waiting time until machine travel: 0.0

		Machine travel start time: 201.0
		Region 2 -> Region 3: 9.06
		Machine arrival at machine station: 210.06

		Machine 5 (Station 4)-> Task 61: 19.31
		Vehicle arrival at task: 229.37
		Waiting time until service start time: 55.17

	id: 61
		node: 33
		(x, y, z): (104, 54, 3)
		dem: 13
		earl: 208
		lat: 333
		servt: 10
		pid: 0
		did: 143
		servST: 284.54
		(h, h_ind): (5, 2)
		load: 73.0

	Finished service at time: 294.54

	Task 61 -> Task 143: 17.46
	Vehicle arrival at task: 312.0
	Waiting time until service start time: 0.0

	id: 143
		node: 93
		(x, y, z): (120, 47, 3)
		dem: -13
		earl: 129
		lat: 312
		servt: 10
		pid: 61
		did: 0
		servST: 312.0
		(h, h_ind): (-1, 0)
		load: 60.0

	Finished service at time: 322.0

	Using Machine: 5
		Task 143 -> Machine 5 (Station 4): 36.77
		Vehicle arrival at machine station: 358.77
		Waiting time until machine travel: 5.82

		Machine travel start time: 364.59000000000003
		Region 3 -> Region 2: 9.06
		Machine arrival at machine station: 373.65000000000003

		Machine 5 (Station 3)-> Task 48: 54.08
		Vehicle arrival at task: 427.73
		Waiting time until service start time: 0.0

	id: 48
		node: 26
		(x, y, z): (139, 73, 2)
		dem: 10
		earl: 339
		lat: 477
		servt: 10
		pid: 0
		did: 184
		servST: 427.73
		(h, h_ind): (5, 4)
		load: 70.0

	Finished service at time: 437.73

	Task 48 -> Task 184: 20.0
	Vehicle arrival at task: 457.73
	Waiting time until service start time: 18.27

	id: 184
		node: 86
		(x, y, z): (119, 73, 2)
		dem: -10
		earl: 476
		lat: 581
		servt: 10
		pid: 48
		did: 0
		servST: 476.0
		(h, h_ind): (-1, 0)
		load: 60.0

	Finished service at time: 486.0

	Using Machine: 5
		Task 184 -> Machine 5 (Station 3): 34.13
		Vehicle arrival at machine station: 520.13
		Waiting time until machine travel: 0.0

		Machine travel start time: 520.13
		Region 2 -> Region 3: 9.06
		Machine arrival at machine station: 529.1899999999999

		Machine 5 (Station 4)-> Task 92: 18.36
		Vehicle arrival at task: 547.55
		Waiting time until service start time: 137.48

	id: 92
		node: 118
		(x, y, z): (102, 52, 3)
		dem: -23
		earl: 625
		lat: 766
		servt: 10
		pid: 116
		did: 0
		servST: 685.03
		(h, h_ind): (5, 6)
		load: 37.0

	Finished service at time: 695.03

	Using Machine: 1
		Task 92 -> Machine 1 (Station 4): 26.25
		Vehicle arrival at machine station: 721.28
		Waiting time until machine travel: 0.0

		Machine travel start time: 721.28
		Region 3 -> Region 0: 9.22
		Machine arrival at machine station: 730.5

		Machine 1 (Station 1)-> Task 63: 40.5
		Vehicle arrival at task: 771.0
		Waiting time until service start time: 0.0

	id: 63
		node: 35
		(x, y, z): (32, 52, 0)
		dem: 32
		earl: 557
		lat: 771
		servt: 10
		pid: 0
		did: 55
		servST: 771.0
		(h, h_ind): (1, 5)
		load: 69.0

	Finished service at time: 781.0

	Using Machine: 3
		Task 63 -> Machine 3 (Station 1): 40.16
		Vehicle arrival at machine station: 821.16
		Waiting time until machine travel: 44.65

		Machine travel start time: 865.81
		Region 0 -> Region 3: 10.63
		Machine arrival at machine station: 876.4399999999999

		Machine 3 (Station 4)-> Task 59: 61.72
		Vehicle arrival at task: 938.16
		Waiting time until service start time: 58.66

	id: 59
		node: 31
		(x, y, z): (105, 2, 3)
		dem: 1
		earl: 891
		lat: 1019
		servt: 10
		pid: 0
		did: 140
		servST: 996.8200000000002
		(h, h_ind): (3, 5)
		load: 70.0

	Finished service at time: 1006.8200000000002

	Using Machine: 5
		Task 59 -> Machine 5 (Station 4): 61.98
		Vehicle arrival at machine station: 1068.8000000000002
		Waiting time until machine travel: 0.0

		Machine travel start time: 1068.8000000000002
		Region 3 -> Region 2: 9.06
		Machine arrival at machine station: 1077.8600000000001

		Machine 5 (Station 3)-> Task 13: 64.07
		Vehicle arrival at task: 1141.93
		Waiting time until service start time: 25.07

	id: 13
		node: 8
		(x, y, z): (121, 123, 2)
		dem: 9
		earl: 1009
		lat: 1167
		servt: 10
		pid: 0
		did: 187
		servST: 1167.0
		(h, h_ind): (5, 9)
		load: 79.0

	Finished service at time: 1177.0

	Task 13 -> Task 187: 23.35
	Vehicle arrival at task: 1200.35
	Waiting time until service start time: 137.65

	id: 187
		node: 68
		(x, y, z): (104, 139, 2)
		dem: -9
		earl: 1338
		lat: 1466
		servt: 10
		pid: 13
		did: 0
		servST: 1338.0
		(h, h_ind): (-1, 0)
		load: 70.0

	Finished service at time: 1348.0

	Task 187 -> Task 55: 54.78
	Vehicle arrival at task: 1402.78
	Waiting time until service start time: 25.22

	id: 55
		node: 95
		(x, y, z): (84, 88, 2)
		dem: -32
		earl: 1428
		lat: 1541
		servt: 10
		pid: 63
		did: 0
		servST: 1428.0
		(h, h_ind): (-1, 0)
		load: 38.0

	Finished service at time: 1438.0

	Using Machine: 4
		Task 55 -> Machine 4 (Station 3): 10.77
		Vehicle arrival at machine station: 1448.77
		Waiting time until machine travel: 40.41

		Machine travel start time: 1489.1800000000003
		Region 2 -> Region 0: 16.12
		Machine arrival at machine station: 1505.3000000000002

		Machine 4 (Station 1)-> Task 82: 34.0
		Vehicle arrival at task: 1539.3000000000002
		Waiting time until service start time: 0.0

	id: 82
		node: 43
		(x, y, z): (36, 54, 0)
		dem: 15
		earl: 1482
		lat: 1614
		servt: 10
		pid: 0
		did: 153
		servST: 1539.3000000000002
		(h, h_ind): (4, 12)
		load: 53.0

	Finished service at time: 1549.3000000000002

	Task 82 -> Task 28: 41.11
	Vehicle arrival at task: 1590.41
	Waiting time until service start time: 0.0

	id: 28
		node: 17
		(x, y, z): (39, 13, 0)
		dem: 20
		earl: 1490
		lat: 1637
		servt: 10
		pid: 0
		did: 76
		servST: 1590.41
		(h, h_ind): (-1, 0)
		load: 73.0

	Finished service at time: 1600.41

	Task 28 -> Task 76: 30.59
	Vehicle arrival at task: 1631.0
	Waiting time until service start time: 0.0

	id: 76
		node: 77
		(x, y, z): (9, 19, 0)
		dem: -20
		earl: 1472
		lat: 1631
		servt: 10
		pid: 28
		did: 0
		servST: 1631.0
		(h, h_ind): (-1, 0)
		load: 53.0

	Finished service at time: 1641.0

	Task 76 -> Task 108: 6.08
	Vehicle arrival at task: 1647.08
	Waiting time until service start time: 40.18

	id: 108
		node: 98
		(x, y, z): (15, 18, 0)
		dem: -37
		earl: 1581
		lat: 1739
		servt: 10
		pid: 67
		did: 0
		servST: 1687.26
		(h, h_ind): (-1, 0)
		load: 16.0

	Finished service at time: 1697.26

	Using Machine: 5
		Task 108 -> Machine 5 (Station 1): 72.18
		Vehicle arrival at machine station: 1769.44
		Waiting time until machine travel: 0.0

		Machine travel start time: 1769.44
		Region 0 -> Region 1: 13.34
		Machine arrival at machine station: 1782.78

		Machine 5 (Station 2)-> Task 153: 26.68
		Vehicle arrival at task: 1809.46
		Waiting time until service start time: 0.0

	id: 153
		node: 103
		(x, y, z): (35, 90, 1)
		dem: -15
		earl: 1790
		lat: 1896
		servt: 10
		pid: 82
		did: 0
		servST: 1809.46
		(h, h_ind): (5, 17)
		load: 1.0

	Finished service at time: 1819.46

	Using Machine: 5
		Task 153 -> Machine 5 (Station 2): 26.68
		Vehicle arrival at machine station: 1846.14
		Waiting time until machine travel: 0.0

		Machine travel start time: 1846.14
		Region 1 -> Region 0: 13.34
		Machine arrival at machine station: 1859.48

		Machine 5 (Station 1)-> Task 97: 77.47
		Vehicle arrival at task: 1936.95
		Waiting time until service start time: 0.0

	id: 97
		node: 50
		(x, y, z): (33, 0, 0)
		dem: 20
		earl: 1920
		lat: 2060
		servt: 10
		pid: 0
		did: 52
		servST: 1936.95
		(h, h_ind): (5, 18)
		load: 21.0

	Finished service at time: 1946.95

	Task 97 -> Task 52: 44.05
	Vehicle arrival at task: 1991.0
	Waiting time until service start time: 0.0

	id: 52
		node: 110
		(x, y, z): (61, 34, 0)
		dem: -20
		earl: 1910
		lat: 1991
		servt: 10
		pid: 97
		did: 0
		servST: 1991.0
		(h, h_ind): (-1, 0)
		load: 1.0

	Finished service at time: 2001.0

	Using Machine: 3
		Task 52 -> Machine 3 (Station 1): 32.28
		Vehicle arrival at machine station: 2033.28
		Waiting time until machine travel: 24.24

		Machine travel start time: 2057.52
		Region 0 -> Region 3: 10.63
		Machine arrival at machine station: 2068.15

		Machine 3 (Station 4)-> Task 1: 61.85
		Vehicle arrival at task: 2130.0
		Waiting time until service start time: 0.0

	id: 1
		node: 2
		(x, y, z): (101, 0, 3)
		dem: 9
		earl: 1973
		lat: 2130
		servt: 10
		pid: 0
		did: 72
		servST: 2130.0
		(h, h_ind): (3, 12)
		load: 10.0

	Finished service at time: 2140.0

	Task 1 -> Task 140: 17.03
	Vehicle arrival at task: 2157.03
	Waiting time until service start time: 0.0

	id: 140
		node: 91
		(x, y, z): (112, 13, 3)
		dem: -1
		earl: 2095
		lat: 2224
		servt: 10
		pid: 59
		did: 0
		servST: 2157.03
		(h, h_ind): (-1, 0)
		load: 9.0

	Finished service at time: 2167.03

	Task 140 -> Task 72: 28.84
	Vehicle arrival at task: 2195.8700000000003
	Waiting time until service start time: 58.13

	id: 72
		node: 62
		(x, y, z): (88, 29, 3)
		dem: -9
		earl: 2254
		lat: 2377
		servt: 10
		pid: 1
		did: 0
		servST: 2254.0
		(h, h_ind): (-1, 0)
		load: 0.0

	Finished service at time: 2264.0

	Using Machine: 3
		Task 72 -> Machine 3 (Station 4): 30.08
		Vehicle arrival at machine station: 2294.08
		Waiting time until machine travel: 0.0

		Machine travel start time: 2294.08
		Region 3 -> Region 0: 10.63
		Machine arrival at machine station: 2304.71

		Machine 3 (Station 1)-> Task 0: 5.0
		Vehicle arrival at task: 2309.71
		Waiting time until service start time: 0.0

	id: 0
		node: 122
		(x, y, z): (70, 70, 0)
		dem: 0
		earl: 0
		lat: 2535
		servt: 0
		pid: 0
		did: 0
		servST: 2309.71
		(h, h_ind): (3, 13)
		load: 0.0


Vehicle 32 :
	id: 0
		node: 1
		(x, y, z): (70, 70, 0)
		dem: 0
		earl: 0
		lat: 2535
		servt: 0
		pid: 0
		did: 0
		servST: 99.80000000000005
		(h, h_ind): (-1, 0)
		load: 0.0

	Finished service at time: 99.80000000000005

	Task 0 -> Task 74: 31.83
	Vehicle arrival at task: 131.63000000000005
	Waiting time until service start time: 0.0

	id: 74
		node: 42
		(x, y, z): (48, 47, 0)
		dem: 19
		earl: 94
		lat: 161
		servt: 10
		pid: 0
		did: 161
		servST: 131.63000000000005
		(h, h_ind): (-1, 0)
		load: 19.0

	Finished service at time: 141.63000000000005

	Task 74 -> Task 4: 23.02
	Vehicle arrival at task: 164.65000000000006
	Waiting time until service start time: -0.0

	id: 4
		node: 4
		(x, y, z): (29, 60, 0)
		dem: 14
		earl: 138
		lat: 199
		servt: 10
		pid: 0
		did: 79
		servST: 164.65000000000003
		(h, h_ind): (-1, 0)
		load: 33.0

	Finished service at time: 174.65000000000003

	Using Machine: 4
		Task 4 -> Machine 4 (Station 1): 38.33
		Vehicle arrival at machine station: 212.98000000000002
		Waiting time until machine travel: 0.0

		Machine travel start time: 212.98000000000002
		Region 0 -> Region 1: 14.32
		Machine arrival at machine station: 227.3

		Machine 4 (Station 2)-> Task 79: 36.67
		Vehicle arrival at task: 263.97
		Waiting time until service start time: 38.53

	id: 79
		node: 64
		(x, y, z): (44, 116, 1)
		dem: -14
		earl: 199
		lat: 345
		servt: 10
		pid: 4
		did: 0
		servST: 302.49999999999994
		(h, h_ind): (4, 2)
		load: 19.0

	Finished service at time: 312.49999999999994

	Task 79 -> Task 161: 17.12
	Vehicle arrival at task: 329.61999999999995
	Waiting time until service start time: 0.0

	id: 161
		node: 102
		(x, y, z): (46, 133, 1)
		dem: -19
		earl: 321
		lat: 403
		servt: 10
		pid: 74
		did: 0
		servST: 329.61999999999995
		(h, h_ind): (-1, 0)
		load: 0.0

	Finished service at time: 339.61999999999995

	Using Machine: 4
		Task 161 -> Machine 4 (Station 2): 51.92
		Vehicle arrival at machine station: 391.53999999999996
		Waiting time until machine travel: 0.0

		Machine travel start time: 391.53999999999996
		Region 1 -> Region 2: 20.62
		Machine arrival at machine station: 412.15999999999997

		Machine 4 (Station 3)-> Task 71: 59.84
		Vehicle arrival at task: 472.0
		Waiting time until service start time: 0.0

	id: 71
		node: 40
		(x, y, z): (139, 68, 2)
		dem: 25
		earl: 275
		lat: 472
		servt: 10
		pid: 0
		did: 191
		servST: 472.0
		(h, h_ind): (4, 5)
		load: 25.0

	Finished service at time: 482.0

	Task 71 -> Task 191: 14.0
	Vehicle arrival at task: 496.0
	Waiting time until service start time: 297.0

	id: 191
		node: 100
		(x, y, z): (125, 68, 2)
		dem: -25
		earl: 793
		lat: 863
		servt: 10
		pid: 71
		did: 0
		servST: 793.0
		(h, h_ind): (-1, 0)
		load: 0.0

	Finished service at time: 803.0

	Using Machine: 0
		Task 191 -> Machine 0 (Station 3): 44.1
		Vehicle arrival at machine station: 847.1
		Waiting time until machine travel: 0.0

		Machine travel start time: 847.1
		Region 2 -> Region 0: 11.4
		Machine arrival at machine station: 858.5

		Machine 0 (Station 1)-> Task 0: 2.0
		Vehicle arrival at task: 860.5
		Waiting time until service start time: 0.0

	id: 0
		node: 122
		(x, y, z): (70, 70, 0)
		dem: 0
		earl: 0
		lat: 2535
		servt: 0
		pid: 0
		did: 0
		servST: 860.5
		(h, h_ind): (0, 4)
		load: 0.0


Vehicle 44 :
	id: 0
		node: 1
		(x, y, z): (70, 70, 0)
		dem: 0
		earl: 0
		lat: 2535
		servt: 0
		pid: 0
		did: 0
		servST: 111.62
		(h, h_ind): (-1, 0)
		load: 0.0

	Finished service at time: 111.62

	Using Machine: 1
		Task 0 -> Machine 1 (Station 1): 4.0
		Vehicle arrival at machine station: 115.62
		Waiting time until machine travel: 0.0

		Machine travel start time: 115.62
		Region 0 -> Region 3: 9.22
		Machine arrival at machine station: 124.84

		Machine 1 (Station 4)-> Task 23: 3.16
		Vehicle arrival at task: 128.0
		Waiting time until service start time: 0.0

	id: 23
		node: 14
		(x, y, z): (78, 63, 3)
		dem: 19
		earl: 10
		lat: 128
		servt: 10
		pid: 0
		did: 195
		servST: 128.0
		(h, h_ind): (1, 2)
		load: 19.0

	Finished service at time: 138.0

	Using Machine: 0
		Task 23 -> Machine 0 (Station 4): 2.24
		Vehicle arrival at machine station: 140.24
		Waiting time until machine travel: 13.62

		Machine travel start time: 153.86
		Region 3 -> Region 0: 11.66
		Machine arrival at machine station: 165.52

		Machine 0 (Station 1)-> Task 62: 38.48
		Vehicle arrival at task: 204.0
		Waiting time until service start time: 0.0

	id: 62
		node: 34
		(x, y, z): (54, 33, 0)
		dem: 20
		earl: 118
		lat: 204
		servt: 10
		pid: 0
		did: 5
		servST: 204.0
		(h, h_ind): (0, 2)
		load: 39.0

	Finished service at time: 214.0

	Using Machine: 1
		Task 62 -> Machine 1 (Station 1): 36.67
		Vehicle arrival at machine station: 250.67000000000002
		Waiting time until machine travel: 99.8

		Machine travel start time: 350.47
		Region 0 -> Region 2: 12.73
		Machine arrival at machine station: 363.20000000000005

		Machine 1 (Station 3)-> Task 95: 48.8
		Vehicle arrival at task: 412.00000000000006
		Waiting time until service start time: -0.0

	id: 95
		node: 49
		(x, y, z): (114, 109, 2)
		dem: 16
		earl: 326
		lat: 412
		servt: 10
		pid: 0
		did: 75
		servST: 412.0
		(h, h_ind): (1, 4)
		load: 55.0

	Finished service at time: 422.0

	Task 95 -> Task 21: 30.41
	Vehicle arrival at task: 452.41
	Waiting time until service start time: 16.59

	id: 21
		node: 13
		(x, y, z): (109, 139, 2)
		dem: 8
		earl: 469
		lat: 555
		servt: 10
		pid: 0
		did: 6
		servST: 469.0
		(h, h_ind): (-1, 0)
		load: 63.0

	Finished service at time: 479.0

	Task 21 -> Task 6: 28.07
	Vehicle arrival at task: 507.07
	Waiting time until service start time: 0.0

	id: 6
		node: 73
		(x, y, z): (137, 137, 2)
		dem: -8
		earl: 378
		lat: 539
		servt: 10
		pid: 21
		did: 0
		servST: 507.07
		(h, h_ind): (-1, 0)
		load: 55.0

	Finished service at time: 517.0699999999999

	Using Machine: 5
		Task 6 -> Machine 5 (Station 3): 84.81
		Vehicle arrival at machine station: 601.8799999999999
		Waiting time until machine travel: 31.14

		Machine travel start time: 633.0200000000001
		Region 2 -> Region 3: 9.06
		Machine arrival at machine station: 642.08

		Machine 5 (Station 4)-> Task 195: 63.82
		Vehicle arrival at task: 705.9000000000001
		Waiting time until service start time: 0.0

	id: 195
		node: 74
		(x, y, z): (138, 24, 3)
		dem: -19
		earl: 705
		lat: 851
		servt: 10
		pid: 23
		did: 0
		servST: 705.9000000000001
		(h, h_ind): (5, 7)
		load: 36.0

	Finished service at time: 715.9000000000001

	Task 195 -> Task 15: 17.03
	Vehicle arrival at task: 732.9300000000001
	Waiting time until service start time: 0.0

	id: 15
		node: 9
		(x, y, z): (137, 7, 3)
		dem: 40
		earl: 631
		lat: 735
		servt: 10
		pid: 0
		did: 51
		servST: 732.9300000000001
		(h, h_ind): (-1, 0)
		load: 76.0

	Finished service at time: 742.9300000000001

	Task 15 -> Task 51: 39.12
	Vehicle arrival at task: 782.0500000000001
	Waiting time until service start time: 0.0

	id: 51
		node: 69
		(x, y, z): (98, 4, 3)
		dem: -40
		earl: 694
		lat: 847
		servt: 10
		pid: 15
		did: 0
		servST: 782.0500000000001
		(h, h_ind): (-1, 0)
		load: 36.0

	Finished service at time: 792.0500000000001

	Task 51 -> Task 120: 18.97
	Vehicle arrival at task: 811.0200000000001
	Waiting time until service start time: 0.0

	id: 120
		node: 60
		(x, y, z): (92, 22, 3)
		dem: 18
		earl: 758
		lat: 882
		servt: 10
		pid: 0
		did: 29
		servST: 811.0200000000001
		(h, h_ind): (-1, 0)
		load: 54.0

	Finished service at time: 821.0200000000001

	Using Machine: 5
		Task 120 -> Machine 5 (Station 4): 39.46
		Vehicle arrival at machine station: 860.4800000000001
		Waiting time until machine travel: 0.0

		Machine travel start time: 860.4800000000001
		Region 3 -> Region 2: 9.06
		Machine arrival at machine station: 869.5400000000001

		Machine 5 (Station 3)-> Task 27: 76.84
		Vehicle arrival at task: 946.3800000000001
		Waiting time until service start time: 0.0

	id: 27
		node: 16
		(x, y, z): (133, 130, 2)
		dem: 13
		earl: 900
		lat: 998
		servt: 10
		pid: 0
		did: 68
		servST: 946.3800000000001
		(h, h_ind): (5, 8)
		load: 67.0

	Finished service at time: 956.3800000000001

	Task 27 -> Task 68: 24.02
	Vehicle arrival at task: 980.4000000000001
	Waiting time until service start time: 0.0

	id: 68
		node: 76
		(x, y, z): (109, 131, 2)
		dem: -13
		earl: 899
		lat: 1031
		servt: 10
		pid: 27
		did: 0
		servST: 980.4000000000001
		(h, h_ind): (-1, 0)
		load: 54.0

	Finished service at time: 990.4000000000001

	Task 68 -> Task 75: 58.22
	Vehicle arrival at task: 1048.6200000000001
	Waiting time until service start time: 0.0

	id: 75
		node: 109
		(x, y, z): (104, 73, 2)
		dem: -16
		earl: 990
		lat: 1124
		servt: 10
		pid: 95
		did: 0
		servST: 1048.6200000000001
		(h, h_ind): (-1, 0)
		load: 38.0

	Finished service at time: 1058.6200000000001

	Using Machine: 5
		Task 75 -> Machine 5 (Station 3): 19.24
		Vehicle arrival at machine station: 1077.8600000000001
		Waiting time until machine travel: 0.0

		Machine travel start time: 1077.8600000000001
		Region 2 -> Region 3: 9.06
		Machine arrival at machine station: 1086.92

		Machine 5 (Station 4)-> Task 29: 58.01
		Vehicle arrival at task: 1144.93
		Waiting time until service start time: 0.0

	id: 29
		node: 120
		(x, y, z): (120, 14, 3)
		dem: -18
		earl: 1030
		lat: 1159
		servt: 10
		pid: 120
		did: 0
		servST: 1144.93
		(h, h_ind): (5, 10)
		load: 20.0

	Finished service at time: 1154.93

	Using Machine: 5
		Task 29 -> Machine 5 (Station 4): 58.01
		Vehicle arrival at machine station: 1212.94
		Waiting time until machine travel: 0.0

		Machine travel start time: 1212.94
		Region 3 -> Region 1: 33.97
		Machine arrival at machine station: 1246.91

		Machine 5 (Station 2)-> Task 89: 23.09
		Vehicle arrival at task: 1270.0
		Waiting time until service start time: 0.0

	id: 89
		node: 45
		(x, y, z): (54, 106, 1)
		dem: 9
		earl: 1204
		lat: 1270
		servt: 10
		pid: 0
		did: 109
		servST: 1270.0
		(h, h_ind): (5, 11)
		load: 29.0

	Finished service at time: 1280.0

	Task 89 -> Task 5: 18.03
	Vehicle arrival at task: 1298.03
	Waiting time until service start time: 82.97

	id: 5
		node: 94
		(x, y, z): (69, 116, 1)
		dem: -20
		earl: 1381
		lat: 1493
		servt: 10
		pid: 62
		did: 0
		servST: 1381.0
		(h, h_ind): (-1, 0)
		load: 9.0

	Finished service at time: 1391.0

	Using Machine: 5
		Task 5 -> Machine 5 (Station 2): 32.98
		Vehicle arrival at machine station: 1423.98
		Waiting time until machine travel: 0.0

		Machine travel start time: 1423.98
		Region 1 -> Region 0: 13.34
		Machine arrival at machine station: 1437.32

		Machine 5 (Station 1)-> Task 106: 52.01
		Vehicle arrival at task: 1489.33
		Waiting time until service start time: 0.0

	id: 106
		node: 55
		(x, y, z): (23, 39, 0)
		dem: 20
		earl: 1419
		lat: 1514
		servt: 10
		pid: 0
		did: 39
		servST: 1489.33
		(h, h_ind): (5, 14)
		load: 29.0

	Finished service at time: 1499.33

	Task 106 -> Task 109: 31.4
	Vehicle arrival at task: 1530.73
	Waiting time until service start time: 0.27

	id: 109
		node: 105
		(x, y, z): (18, 70, 0)
		dem: -9
		earl: 1531
		lat: 1717
		servt: 10
		pid: 89
		did: 0
		servST: 1531.0
		(h, h_ind): (-1, 0)
		load: 20.0

	Finished service at time: 1541.0

	Using Machine: 5
		Task 109 -> Machine 5 (Station 1): 46.01
		Vehicle arrival at machine station: 1587.01
		Waiting time until machine travel: 0.0

		Machine travel start time: 1587.01
		Region 0 -> Region 1: 13.34
		Machine arrival at machine station: 1600.35

		Machine 5 (Station 2)-> Task 121: 62.97
		Vehicle arrival at task: 1663.32
		Waiting time until service start time: 9.68

	id: 121
		node: 61
		(x, y, z): (2, 106, 1)
		dem: 16
		earl: 1541
		lat: 1673
		servt: 10
		pid: 0
		did: 10
		servST: 1673.0
		(h, h_ind): (5, 16)
		load: 36.0

	Finished service at time: 1683.0

	Task 121 -> Task 10: 35.34
	Vehicle arrival at task: 1718.34
	Waiting time until service start time: 0.66

	id: 10
		node: 121
		(x, y, z): (17, 138, 1)
		dem: -16
		earl: 1719
		lat: 1861
		servt: 10
		pid: 121
		did: 0
		servST: 1719.0
		(h, h_ind): (-1, 0)
		load: 20.0

	Finished service at time: 1729.0

	Using Machine: 3
		Task 10 -> Machine 3 (Station 2): 70.0
		Vehicle arrival at machine station: 1799.0
		Waiting time until machine travel: 0.0

		Machine travel start time: 1799.0
		Region 1 -> Region 3: 30.81
		Machine arrival at machine station: 1829.81

		Machine 3 (Station 4)-> Task 39: 19.92
		Vehicle arrival at task: 1849.73
		Waiting time until service start time: 35.27

	id: 39
		node: 115
		(x, y, z): (83, 38, 3)
		dem: -20
		earl: 1885
		lat: 2046
		servt: 10
		pid: 106
		did: 0
		servST: 1885.0
		(h, h_ind): (3, 10)
		load: 0.0

	Finished service at time: 1895.0

	Using Machine: 1
		Task 39 -> Machine 1 (Station 4): 22.8
		Vehicle arrival at machine station: 1917.8
		Waiting time until machine travel: 0.0

		Machine travel start time: 1917.8
		Region 3 -> Region 1: 29.0
		Machine arrival at machine station: 1946.8

		Machine 1 (Station 2)-> Task 53: 4.24
		Vehicle arrival at task: 1951.04
		Waiting time until service start time: 0.0

	id: 53
		node: 28
		(x, y, z): (60, 84, 1)
		dem: 23
		earl: 1914
		lat: 2059
		servt: 10
		pid: 0
		did: 154
		servST: 1951.04
		(h, h_ind): (1, 9)
		load: 23.0

	Finished service at time: 1961.04

	Task 53 -> Task 154: 11.18
	Vehicle arrival at task: 1972.22
	Waiting time until service start time: 0.0

	id: 154
		node: 88
		(x, y, z): (58, 95, 1)
		dem: -23
		earl: 1949
		lat: 2050
		servt: 10
		pid: 53
		did: 0
		servST: 1972.22
		(h, h_ind): (-1, 0)
		load: 0.0

	Finished service at time: 1982.22

	Using Machine: 4
		Task 154 -> Machine 4 (Station 2): 12.17
		Vehicle arrival at machine station: 1994.39
		Waiting time until machine travel: 0.0

		Machine travel start time: 1994.39
		Region 1 -> Region 0: 14.32
		Machine arrival at machine station: 2008.71

		Machine 4 (Station 1)-> Task 0: 4.0
		Vehicle arrival at task: 2012.71
		Waiting time until service start time: 0.0

	id: 0
		node: 122
		(x, y, z): (70, 70, 0)
		dem: 0
		earl: 0
		lat: 2535
		servt: 0
		pid: 0
		did: 0
		servST: 2012.71
		(h, h_ind): (4, 16)
		load: 0.0


Vehicle 54 :
	id: 0
		node: 1
		(x, y, z): (70, 70, 0)
		dem: 0
		earl: 0
		lat: 2535
		servt: 0
		pid: 0
		did: 0
		servST: 114.42
		(h, h_ind): (-1, 0)
		load: 0.0

	Finished service at time: 114.42

	Task 0 -> Task 34: 28.64
	Vehicle arrival at task: 143.06
	Waiting time until service start time: 0.0

	id: 34
		node: 21
		(x, y, z): (44, 58, 0)
		dem: 30
		earl: 47
		lat: 182
		servt: 10
		pid: 0
		did: 78
		servST: 143.06
		(h, h_ind): (-1, 0)
		load: 30.0

	Finished service at time: 153.06

	Using Machine: 0
		Task 34 -> Machine 0 (Station 1): 27.86
		Vehicle arrival at machine station: 180.92000000000002
		Waiting time until machine travel: 0.0

		Machine travel start time: 180.92000000000002
		Region 0 -> Region 2: 11.4
		Machine arrival at machine station: 192.32000000000002

		Machine 0 (Station 3)-> Task 60: 26.68
		Vehicle arrival at task: 219.00000000000003
		Waiting time until service start time: -0.0

	id: 60
		node: 32
		(x, y, z): (107, 77, 2)
		dem: 34
		earl: 83
		lat: 219
		servt: 10
		pid: 0
		did: 119
		servST: 219.0
		(h, h_ind): (0, 3)
		load: 64.0

	Finished service at time: 229.0

	Task 60 -> Task 119: 21.4
	Vehicle arrival at task: 250.4
	Waiting time until service start time: 58.73

	id: 119
		node: 92
		(x, y, z): (120, 60, 2)
		dem: -34
		earl: 216
		lat: 337
		servt: 10
		pid: 60
		did: 0
		servST: 309.13000000000005
		(h, h_ind): (-1, 0)
		load: 30.0

	Finished service at time: 319.13000000000005

	Using Machine: 5
		Task 119 -> Machine 5 (Station 3): 36.4
		Vehicle arrival at machine station: 355.53000000000003
		Waiting time until machine travel: 0.0

		Machine travel start time: 355.53000000000003
		Region 2 -> Region 3: 9.06
		Machine arrival at machine station: 364.59000000000003

		Machine 5 (Station 4)-> Task 31: 57.25
		Vehicle arrival at task: 421.84000000000003
		Waiting time until service start time: 0.0

	id: 31
		node: 18
		(x, y, z): (140, 42, 3)
		dem: 13
		earl: 412
		lat: 512
		servt: 10
		pid: 0
		did: 167
		servST: 421.84000000000003
		(h, h_ind): (5, 3)
		load: 43.0

	Finished service at time: 431.84000000000003

	Using Machine: 5
		Task 31 -> Machine 5 (Station 4): 57.25
		Vehicle arrival at machine station: 489.09000000000003
		Waiting time until machine travel: -0.0

		Machine travel start time: 489.09
		Region 3 -> Region 2: 9.06
		Machine arrival at machine station: 498.15

		Machine 5 (Station 3)-> Task 167: 53.85
		Vehicle arrival at task: 552.0
		Waiting time until service start time: 0.0

	id: 167
		node: 78
		(x, y, z): (137, 84, 2)
		dem: -13
		earl: 473
		lat: 552
		servt: 10
		pid: 31
		did: 0
		servST: 552.0
		(h, h_ind): (5, 5)
		load: 30.0

	Finished service at time: 562.0

	Task 167 -> Task 32: 43.08
	Vehicle arrival at task: 605.08
	Waiting time until service start time: 0.0

	id: 32
		node: 19
		(x, y, z): (121, 124, 2)
		dem: 21
		earl: 575
		lat: 744
		servt: 10
		pid: 0
		did: 107
		servST: 605.08
		(h, h_ind): (-1, 0)
		load: 51.0

	Finished service at time: 615.08

	Using Machine: 4
		Task 32 -> Machine 4 (Station 3): 61.62
		Vehicle arrival at machine station: 676.7
		Waiting time until machine travel: 77.3

		Machine travel start time: 754.0
		Region 2 -> Region 1: 20.62
		Machine arrival at machine station: 774.62

		Machine 4 (Station 2)-> Task 78: 18.38
		Vehicle arrival at task: 793.0
		Waiting time until service start time: 0.0

	id: 78
		node: 81
		(x, y, z): (73, 96, 1)
		dem: -30
		earl: 656
		lat: 793
		servt: 10
		pid: 34
		did: 0
		servST: 793.0
		(h, h_ind): (4, 7)
		load: 21.0

	Finished service at time: 803.0

	Task 78 -> Task 90: 34.48
	Vehicle arrival at task: 837.48
	Waiting time until service start time: 57.01

	id: 90
		node: 46
		(x, y, z): (63, 129, 1)
		dem: 7
		earl: 817
		lat: 954
		servt: 10
		pid: 0
		did: 166
		servST: 894.49
		(h, h_ind): (-1, 0)
		load: 28.0

	Finished service at time: 904.49

	Task 90 -> Task 11: 27.51
	Vehicle arrival at task: 932.0
	Waiting time until service start time: 0.0

	id: 11
		node: 7
		(x, y, z): (37, 138, 1)
		dem: 5
		earl: 866
		lat: 932
		servt: 10
		pid: 0
		did: 141
		servST: 932.0
		(h, h_ind): (-1, 0)
		load: 33.0

	Finished service at time: 942.0

	Task 11 -> Task 141: 12.17
	Vehicle arrival at task: 954.17
	Waiting time until service start time: 9.81

	id: 141
		node: 67
		(x, y, z): (49, 140, 1)
		dem: -5
		earl: 944
		lat: 1048
		servt: 10
		pid: 11
		did: 0
		servST: 963.98
		(h, h_ind): (-1, 0)
		load: 28.0

	Finished service at time: 973.98

	Task 141 -> Task 57: 32.02
	Vehicle arrival at task: 1006.0
	Waiting time until service start time: 0.0

	id: 57
		node: 30
		(x, y, z): (69, 115, 1)
		dem: 20
		earl: 836
		lat: 1006
		servt: 10
		pid: 0
		did: 126
		servST: 1006.0
		(h, h_ind): (-1, 0)
		load: 48.0

	Finished service at time: 1016.0

	Task 57 -> Task 166: 18.44
	Vehicle arrival at task: 1034.44
	Waiting time until service start time: 20.89

	id: 166
		node: 106
		(x, y, z): (55, 127, 1)
		dem: -7
		earl: 1028
		lat: 1160
		servt: 10
		pid: 90
		did: 0
		servST: 1055.33
		(h, h_ind): (-1, 0)
		load: 41.0

	Finished service at time: 1065.33

	Task 166 -> Task 105: 36.67
	Vehicle arrival at task: 1102.0
	Waiting time until service start time: 0.0

	id: 105
		node: 54
		(x, y, z): (19, 120, 1)
		dem: 16
		earl: 1102
		lat: 1107
		servt: 10
		pid: 0
		did: 12
		servST: 1102.0
		(h, h_ind): (-1, 0)
		load: 57.0

	Finished service at time: 1112.0

	Using Machine: 4
		Task 105 -> Machine 4 (Station 2): 55.23
		Vehicle arrival at machine station: 1167.23
		Waiting time until machine travel: 0.0

		Machine travel start time: 1167.23
		Region 1 -> Region 2: 20.62
		Machine arrival at machine station: 1187.85

		Machine 4 (Station 3)-> Task 107: 36.62
		Vehicle arrival at task: 1224.4699999999998
		Waiting time until service start time: 2.53

	id: 107
		node: 79
		(x, y, z): (110, 99, 2)
		dem: -21
		earl: 1227
		lat: 1315
		servt: 10
		pid: 32
		did: 0
		servST: 1227.0
		(h, h_ind): (4, 9)
		load: 36.0

	Finished service at time: 1237.0

	Using Machine: 4
		Task 107 -> Machine 4 (Station 3): 36.62
		Vehicle arrival at machine station: 1273.62
		Waiting time until machine travel: 0.0

		Machine travel start time: 1273.62
		Region 2 -> Region 1: 20.62
		Machine arrival at machine station: 1294.2399999999998

		Machine 4 (Station 2)-> Task 64: 47.89
		Vehicle arrival at task: 1342.1299999999999
		Waiting time until service start time: 37.54

	id: 64
		node: 36
		(x, y, z): (37, 125, 1)
		dem: 10
		earl: 1328
		lat: 1540
		servt: 10
		pid: 0
		did: 163
		servST: 1379.67
		(h, h_ind): (4, 10)
		load: 46.0

	Finished service at time: 1389.67

	Task 64 -> Task 93: 24.33
	Vehicle arrival at task: 1414.0
	Waiting time until service start time: 0.0

	id: 93
		node: 47
		(x, y, z): (13, 129, 1)
		dem: 25
		earl: 1414
		lat: 1517
		servt: 10
		pid: 0
		did: 83
		servST: 1414.0
		(h, h_ind): (-1, 0)
		load: 71.0

	Finished service at time: 1424.0

	Task 93 -> Task 83: 37.12
	Vehicle arrival at task: 1461.12
	Waiting time until service start time: 0.0

	id: 83
		node: 107
		(x, y, z): (16, 92, 1)
		dem: -25
		earl: 1430
		lat: 1561
		servt: 10
		pid: 93
		did: 0
		servST: 1461.12
		(h, h_ind): (-1, 0)
		load: 46.0

	Finished service at time: 1471.12

	Using Machine: 5
		Task 83 -> Machine 5 (Station 2): 45.71
		Vehicle arrival at machine station: 1516.83
		Waiting time until machine travel: 6.06

		Machine travel start time: 1522.8899999999999
		Region 1 -> Region 0: 13.34
		Machine arrival at machine station: 1536.2299999999998

		Machine 5 (Station 1)-> Task 12: 44.05
		Vehicle arrival at task: 1580.2799999999997
		Waiting time until service start time: 0.0

	id: 12
		node: 114
		(x, y, z): (20, 69, 0)
		dem: -16
		earl: 1472
		lat: 1673
		servt: 10
		pid: 105
		did: 0
		servST: 1580.28
		(h, h_ind): (5, 15)
		load: 30.0

	Finished service at time: 1590.28

	Task 12 -> Task 111: 42.72
	Vehicle arrival at task: 1633.0
	Waiting time until service start time: 0.0

	id: 111
		node: 56
		(x, y, z): (61, 57, 0)
		dem: 35
		earl: 1486
		lat: 1633
		servt: 10
		pid: 0
		did: 86
		servST: 1633.0
		(h, h_ind): (-1, 0)
		load: 65.0

	Finished service at time: 1643.0

	Using Machine: 3
		Task 111 -> Machine 3 (Station 1): 12.04
		Vehicle arrival at machine station: 1655.04
		Waiting time until machine travel: 79.01

		Machine travel start time: 1734.05
		Region 0 -> Region 2: 14.32
		Machine arrival at machine station: 1748.37

		Machine 3 (Station 3)-> Task 112: 42.06
		Vehicle arrival at task: 1790.4299999999998
		Waiting time until service start time: 0.0

	id: 112
		node: 57
		(x, y, z): (123, 84, 2)
		dem: 13
		earl: 1652
		lat: 1800
		servt: 10
		pid: 0
		did: 80
		servST: 1790.43
		(h, h_ind): (3, 9)
		load: 78.0

	Finished service at time: 1800.43

	Using Machine: 4
		Task 112 -> Machine 4 (Station 3): 43.42
		Vehicle arrival at machine station: 1843.8500000000001
		Waiting time until machine travel: 0.0

		Machine travel start time: 1843.8500000000001
		Region 2 -> Region 1: 20.62
		Machine arrival at machine station: 1864.47

		Machine 4 (Station 2)-> Task 126: 36.06
		Vehicle arrival at task: 1900.53
		Waiting time until service start time: 0.0

	id: 126
		node: 90
		(x, y, z): (40, 113, 1)
		dem: -20
		earl: 1838
		lat: 2094
		servt: 10
		pid: 57
		did: 0
		servST: 1900.5300000000002
		(h, h_ind): (4, 15)
		load: 58.0

	Finished service at time: 1910.5300000000002

	Using Machine: 2
		Task 126 -> Machine 2 (Station 2): 35.85
		Vehicle arrival at machine station: 1946.38
		Waiting time until machine travel: 0.0

		Machine travel start time: 1946.38
		Region 1 -> Region 0: 15.62
		Machine arrival at machine station: 1962.0

		Machine 2 (Station 1)-> Task 80: 3.0
		Vehicle arrival at task: 1965.0
		Waiting time until service start time: 0.0

	id: 80
		node: 117
		(x, y, z): (71, 70, 0)
		dem: -13
		earl: 1916
		lat: 2047
		servt: 10
		pid: 112
		did: 0
		servST: 1965.0
		(h, h_ind): (2, 4)
		load: 45.0

	Finished service at time: 1975.0

	Using Machine: 5
		Task 80 -> Machine 5 (Station 1): 7.07
		Vehicle arrival at machine station: 1982.07
		Waiting time until machine travel: 0.0

		Machine travel start time: 1982.07
		Region 0 -> Region 1: 13.34
		Machine arrival at machine station: 1995.4099999999999

		Machine 5 (Station 2)-> Task 86: 13.42
		Vehicle arrival at task: 2008.83
		Waiting time until service start time: 0.0

	id: 86
		node: 116
		(x, y, z): (67, 96, 1)
		dem: -35
		earl: 1975
		lat: 2081
		servt: 10
		pid: 111
		did: 0
		servST: 2008.83
		(h, h_ind): (5, 19)
		load: 10.0

	Finished service at time: 2018.83

	Task 86 -> Task 85: 40.79
	Vehicle arrival at task: 2059.62
	Waiting time until service start time: 0.0

	id: 85
		node: 44
		(x, y, z): (27, 104, 1)
		dem: 1
		earl: 2014
		lat: 2124
		servt: 10
		pid: 0
		did: 46
		servST: 2059.62
		(h, h_ind): (-1, 0)
		load: 11.0

	Finished service at time: 2069.62

	Task 85 -> Task 46: 18.38
	Vehicle arrival at task: 2088.0
	Waiting time until service start time: 0.0

	id: 46
		node: 104
		(x, y, z): (10, 111, 1)
		dem: -1
		earl: 1975
		lat: 2088
		servt: 10
		pid: 85
		did: 0
		servST: 2088.0
		(h, h_ind): (-1, 0)
		load: 10.0

	Finished service at time: 2098.0

	Task 46 -> Task 163: 55.0
	Vehicle arrival at task: 2153.0
	Waiting time until service start time: 51.0

	id: 163
		node: 96
		(x, y, z): (54, 78, 1)
		dem: -10
		earl: 2204
		lat: 2315
		servt: 10
		pid: 64
		did: 0
		servST: 2204.0
		(h, h_ind): (-1, 0)
		load: 0.0

	Finished service at time: 2214.0

	Using Machine: 0
		Task 163 -> Machine 0 (Station 2): 2.83
		Vehicle arrival at machine station: 2216.83
		Waiting time until machine travel: 0.0

		Machine travel start time: 2216.83
		Region 1 -> Region 0: 18.44
		Machine arrival at machine station: 2235.27

		Machine 0 (Station 1)-> Task 0: 2.0
		Vehicle arrival at task: 2237.27
		Waiting time until service start time: 0.0

	id: 0
		node: 122
		(x, y, z): (70, 70, 0)
		dem: 0
		earl: 0
		lat: 2535
		servt: 0
		pid: 0
		did: 0
		servST: 2237.27
		(h, h_ind): (0, 6)
		load: 0.0


---------------------| MACHINES |---------------------

Machine 0 :
	setup duration: 0.0

	vehicle: 1
	vehicleInd: 2
	(orig, dest): (0, 56)
	(origRegion, destRegion): (0, 3)
	st: 142.20000000000002
	duration: 11.66

	setup duration: 0.0

	vehicle: 44
	vehicleInd: 3
	(orig, dest): (23, 62)
	(origRegion, destRegion): (3, 0)
	st: 153.86
	duration: 11.66

	setup duration: 0.0

	vehicle: 54
	vehicleInd: 3
	(orig, dest): (34, 60)
	(origRegion, destRegion): (0, 2)
	st: 180.92000000000002
	duration: 11.4

	setup duration: 0.0

	vehicle: 32
	vehicleInd: 8
	(orig, dest): (191, 0)
	(origRegion, destRegion): (2, 0)
	st: 847.1
	duration: 11.4

	setup duration: 11.4

	vehicle: 1
	vehicleInd: 14
	(orig, dest): (185, 0)
	(origRegion, destRegion): (2, 0)
	st: 1518.4099999999999
	duration: 11.4

	setup duration: 18.44

	vehicle: 54
	vehicleInd: 28
	(orig, dest): (163, 0)
	(origRegion, destRegion): (1, 0)
	st: 2216.83
	duration: 18.44


Machine 1 :
	setup duration: 0.0

	vehicle: 2
	vehicleInd: 2
	(orig, dest): (0, 41)
	(origRegion, destRegion): (0, 3)
	st: 89.78
	duration: 9.22

	setup duration: 9.22

	vehicle: 44
	vehicleInd: 2
	(orig, dest): (0, 23)
	(origRegion, destRegion): (0, 3)
	st: 115.62
	duration: 9.22

	setup duration: 0.0

	vehicle: 2
	vehicleInd: 3
	(orig, dest): (41, 100)
	(origRegion, destRegion): (3, 0)
	st: 216.67000000000002
	duration: 9.22

	setup duration: 0.0

	vehicle: 44
	vehicleInd: 4
	(orig, dest): (62, 95)
	(origRegion, destRegion): (0, 2)
	st: 350.47
	duration: 12.73

	setup duration: 15.13

	vehicle: 28
	vehicleInd: 9
	(orig, dest): (92, 63)
	(origRegion, destRegion): (3, 0)
	st: 721.28
	duration: 9.22

	setup duration: 0.0

	vehicle: 1
	vehicleInd: 9
	(orig, dest): (94, 81)
	(origRegion, destRegion): (0, 3)
	st: 757.0699999999999
	duration: 9.22

	setup duration: 0.0

	vehicle: 1
	vehicleInd: 10
	(orig, dest): (81, 180)
	(origRegion, destRegion): (3, 1)
	st: 969.37
	duration: 29.0

	setup duration: 0.0

	vehicle: 1
	vehicleInd: 11
	(orig, dest): (180, 49)
	(origRegion, destRegion): (1, 3)
	st: 1159.05
	duration: 29.0

	setup duration: 0.0

	vehicle: 44
	vehicleInd: 22
	(orig, dest): (39, 53)
	(origRegion, destRegion): (3, 1)
	st: 1917.8
	duration: 29.0


Machine 2 :
	setup duration: 0.0

	vehicle: 17
	vehicleInd: 2
	(orig, dest): (0, 18)
	(origRegion, destRegion): (0, 2)
	st: 44.87000000000004
	duration: 13.04

	setup duration: 21.59

	vehicle: 2
	vehicleInd: 13
	(orig, dest): (123, 69)
	(origRegion, destRegion): (1, 2)
	st: 1196.41
	duration: 21.59

	setup duration: 0.0

	vehicle: 17
	vehicleInd: 18
	(orig, dest): (96, 0)
	(origRegion, destRegion): (2, 0)
	st: 1646.78
	duration: 13.04

	setup duration: 15.62

	vehicle: 54
	vehicleInd: 23
	(orig, dest): (126, 80)
	(origRegion, destRegion): (1, 0)
	st: 1946.38
	duration: 15.62


Machine 3 :
	setup duration: 0.0

	vehicle: 28
	vehicleInd: 2
	(orig, dest): (0, 116)
	(origRegion, destRegion): (0, 3)
	st: 107.48000000000002
	duration: 10.63

	setup duration: 10.63

	vehicle: 2
	vehicleInd: 7
	(orig, dest): (35, 43)
	(origRegion, destRegion): (0, 3)
	st: 534.54
	duration: 10.63

	setup duration: 0.0

	vehicle: 1
	vehicleInd: 8
	(orig, dest): (103, 94)
	(origRegion, destRegion): (3, 0)
	st: 620.4
	duration: 10.63

	setup duration: 10.63

	vehicle: 2
	vehicleInd: 9
	(orig, dest): (19, 165)
	(origRegion, destRegion): (3, 0)
	st: 654.8
	duration: 10.63

	setup duration: 0.0

	vehicle: 28
	vehicleInd: 10
	(orig, dest): (63, 59)
	(origRegion, destRegion): (0, 3)
	st: 865.81
	duration: 10.63

	setup duration: 15.23

	vehicle: 17
	vehicleInd: 10
	(orig, dest): (178, 104)
	(origRegion, destRegion): (2, 0)
	st: 891.67
	duration: 14.32

	setup duration: 0.0

	vehicle: 17
	vehicleInd: 12
	(orig, dest): (3, 9)
	(origRegion, destRegion): (0, 3)
	st: 1100.79
	duration: 10.63

	setup duration: 0.0

	vehicle: 1
	vehicleInd: 12
	(orig, dest): (49, 58)
	(origRegion, destRegion): (3, 1)
	st: 1271.11
	duration: 30.81

	setup duration: 20.25

	vehicle: 54
	vehicleInd: 21
	(orig, dest): (111, 112)
	(origRegion, destRegion): (0, 2)
	st: 1734.05
	duration: 14.32

	setup duration: 26.4

	vehicle: 44
	vehicleInd: 21
	(orig, dest): (10, 39)
	(origRegion, destRegion): (1, 3)
	st: 1799.0
	duration: 30.81

	setup duration: 0.0

	vehicle: 2
	vehicleInd: 18
	(orig, dest): (175, 0)
	(origRegion, destRegion): (3, 0)
	st: 1920.92
	duration: 10.63

	setup duration: 0.0

	vehicle: 28
	vehicleInd: 21
	(orig, dest): (52, 1)
	(origRegion, destRegion): (0, 3)
	st: 2057.52
	duration: 10.63

	setup duration: 0.0

	vehicle: 28
	vehicleInd: 24
	(orig, dest): (72, 0)
	(origRegion, destRegion): (3, 0)
	st: 2294.08
	duration: 10.63


Machine 4 :
	setup duration: 16.12

	vehicle: 17
	vehicleInd: 3
	(orig, dest): (18, 8)
	(origRegion, destRegion): (2, 1)
	st: 78.99000000000004
	duration: 20.62

	setup duration: 14.32

	vehicle: 32
	vehicleInd: 4
	(orig, dest): (4, 79)
	(origRegion, destRegion): (0, 1)
	st: 212.98000000000002
	duration: 14.32

	setup duration: 0.0

	vehicle: 17
	vehicleInd: 5
	(orig, dest): (26, 45)
	(origRegion, destRegion): (1, 2)
	st: 227.3
	duration: 20.62

	setup duration: 0.0

	vehicle: 17
	vehicleInd: 6
	(orig, dest): (45, 73)
	(origRegion, destRegion): (2, 1)
	st: 308.08
	duration: 20.62

	setup duration: 0.0

	vehicle: 32
	vehicleInd: 6
	(orig, dest): (161, 71)
	(origRegion, destRegion): (1, 2)
	st: 391.53999999999996
	duration: 20.62

	setup duration: 20.62

	vehicle: 17
	vehicleInd: 8
	(orig, dest): (91, 40)
	(origRegion, destRegion): (1, 2)
	st: 570.69
	duration: 20.62

	setup duration: 0.0

	vehicle: 54
	vehicleInd: 8
	(orig, dest): (32, 78)
	(origRegion, destRegion): (2, 1)
	st: 754.0
	duration: 20.62

	setup duration: 14.32

	vehicle: 2
	vehicleInd: 10
	(orig, dest): (165, 133)
	(origRegion, destRegion): (0, 1)
	st: 921.83
	duration: 14.32

	setup duration: 0.0

	vehicle: 54
	vehicleInd: 15
	(orig, dest): (105, 107)
	(origRegion, destRegion): (1, 2)
	st: 1167.23
	duration: 20.62

	setup duration: 0.0

	vehicle: 54
	vehicleInd: 16
	(orig, dest): (107, 64)
	(origRegion, destRegion): (2, 1)
	st: 1273.62
	duration: 20.62

	setup duration: 0.0

	vehicle: 1
	vehicleInd: 13
	(orig, dest): (58, 185)
	(origRegion, destRegion): (1, 2)
	st: 1376.9399999999998
	duration: 20.62

	setup duration: 0.0

	vehicle: 28
	vehicleInd: 14
	(orig, dest): (55, 82)
	(origRegion, destRegion): (2, 0)
	st: 1489.1800000000003
	duration: 16.12

	setup duration: 16.12

	vehicle: 2
	vehicleInd: 16
	(orig, dest): (156, 42)
	(origRegion, destRegion): (2, 3)
	st: 1543.43
	duration: 17.46

	setup duration: 20.12

	vehicle: 17
	vehicleInd: 17
	(orig, dest): (2, 96)
	(origRegion, destRegion): (0, 2)
	st: 1606.72
	duration: 16.12

	setup duration: 0.0

	vehicle: 54
	vehicleInd: 22
	(orig, dest): (112, 126)
	(origRegion, destRegion): (2, 1)
	st: 1843.8500000000001
	duration: 20.62

	setup duration: 0.0

	vehicle: 44
	vehicleInd: 24
	(orig, dest): (154, 0)
	(origRegion, destRegion): (1, 0)
	st: 1994.39
	duration: 14.32


Machine 5 :
	setup duration: 24.17

	vehicle: 28
	vehicleInd: 3
	(orig, dest): (116, 67)
	(origRegion, destRegion): (3, 2)
	st: 171.94
	duration: 9.06

	setup duration: 0.0

	vehicle: 28
	vehicleInd: 4
	(orig, dest): (67, 61)
	(origRegion, destRegion): (2, 3)
	st: 201.0
	duration: 9.06

	setup duration: 9.06

	vehicle: 54
	vehicleInd: 5
	(orig, dest): (119, 31)
	(origRegion, destRegion): (2, 3)
	st: 355.53000000000003
	duration: 9.06

	setup duration: 0.0

	vehicle: 28
	vehicleInd: 6
	(orig, dest): (143, 48)
	(origRegion, destRegion): (3, 2)
	st: 364.59000000000003
	duration: 9.06

	setup duration: 9.06

	vehicle: 54
	vehicleInd: 6
	(orig, dest): (31, 167)
	(origRegion, destRegion): (3, 2)
	st: 489.09
	duration: 9.06

	setup duration: 0.0

	vehicle: 28
	vehicleInd: 8
	(orig, dest): (184, 92)
	(origRegion, destRegion): (2, 3)
	st: 520.13
	duration: 9.06

	setup duration: 9.06

	vehicle: 44
	vehicleInd: 7
	(orig, dest): (6, 195)
	(origRegion, destRegion): (2, 3)
	st: 633.0200000000001
	duration: 9.06

	setup duration: 0.0

	vehicle: 44
	vehicleInd: 11
	(orig, dest): (120, 27)
	(origRegion, destRegion): (3, 2)
	st: 860.4800000000001
	duration: 9.06

	setup duration: 9.06

	vehicle: 28
	vehicleInd: 11
	(orig, dest): (59, 13)
	(origRegion, destRegion): (3, 2)
	st: 1068.8000000000002
	duration: 9.06

	setup duration: 0.0

	vehicle: 44
	vehicleInd: 14
	(orig, dest): (75, 29)
	(origRegion, destRegion): (2, 3)
	st: 1077.8600000000001
	duration: 9.06

	setup duration: 0.0

	vehicle: 44
	vehicleInd: 15
	(orig, dest): (29, 89)
	(origRegion, destRegion): (3, 1)
	st: 1212.94
	duration: 33.97

	setup duration: 33.97

	vehicle: 17
	vehicleInd: 14
	(orig, dest): (129, 16)
	(origRegion, destRegion): (3, 1)
	st: 1286.8
	duration: 33.97

	setup duration: 0.0

	vehicle: 17
	vehicleInd: 15
	(orig, dest): (16, 113)
	(origRegion, destRegion): (1, 0)
	st: 1379.9699999999998
	duration: 13.34

	setup duration: 13.34

	vehicle: 44
	vehicleInd: 17
	(orig, dest): (5, 106)
	(origRegion, destRegion): (1, 0)
	st: 1423.98
	duration: 13.34

	setup duration: 13.34

	vehicle: 54
	vehicleInd: 19
	(orig, dest): (83, 12)
	(origRegion, destRegion): (1, 0)
	st: 1522.8899999999999
	duration: 13.34

	setup duration: 0.0

	vehicle: 44
	vehicleInd: 19
	(orig, dest): (109, 121)
	(origRegion, destRegion): (0, 1)
	st: 1587.01
	duration: 13.34

	setup duration: 13.34

	vehicle: 28
	vehicleInd: 18
	(orig, dest): (108, 153)
	(origRegion, destRegion): (0, 1)
	st: 1769.44
	duration: 13.34

	setup duration: 0.0

	vehicle: 28
	vehicleInd: 19
	(orig, dest): (153, 97)
	(origRegion, destRegion): (1, 0)
	st: 1846.14
	duration: 13.34

	setup duration: 0.0

	vehicle: 54
	vehicleInd: 24
	(orig, dest): (80, 86)
	(origRegion, destRegion): (0, 1)
	st: 1982.07
	duration: 13.34


-------------------| COMPL. TIMES |-------------------

Vehicle 0 : 0.0
Vehicle 1 : 1391.61
Vehicle 2 : 1850.7700000000002
Vehicle 3 : 0.0
Vehicle 4 : 0.0
Vehicle 5 : 0.0
Vehicle 6 : 0.0
Vehicle 7 : 0.0
Vehicle 8 : 0.0
Vehicle 9 : 0.0
Vehicle 10 : 0.0
Vehicle 11 : 0.0
Vehicle 12 : 0.0
Vehicle 13 : 0.0
Vehicle 14 : 0.0
Vehicle 15 : 0.0
Vehicle 16 : 0.0
Vehicle 17 : 1618.9499999999998
Vehicle 18 : 0.0
Vehicle 19 : 0.0
Vehicle 20 : 0.0
Vehicle 21 : 0.0
Vehicle 22 : 0.0
Vehicle 23 : 0.0
Vehicle 24 : 0.0
Vehicle 25 : 0.0
Vehicle 26 : 0.0
Vehicle 27 : 0.0
Vehicle 28 : 2207.23
Vehicle 29 : 0.0
Vehicle 30 : 0.0
Vehicle 31 : 0.0
Vehicle 32 : 760.6999999999999
Vehicle 33 : 0.0
Vehicle 34 : 0.0
Vehicle 35 : 0.0
Vehicle 36 : 0.0
Vehicle 37 : 0.0
Vehicle 38 : 0.0
Vehicle 39 : 0.0
Vehicle 40 : 0.0
Vehicle 41 : 0.0
Vehicle 42 : 0.0
Vehicle 43 : 0.0
Vehicle 44 : 1901.0900000000001
Vehicle 45 : 0.0
Vehicle 46 : 0.0
Vehicle 47 : 0.0
Vehicle 48 : 0.0
Vehicle 49 : 0.0
Vehicle 50 : 0.0
Vehicle 51 : 0.0
Vehicle 52 : 0.0
Vehicle 53 : 0.0
Vehicle 54 : 2122.85
Vehicle 55 : 0.0
Vehicle 56 : 0.0
Vehicle 57 : 0.0
Vehicle 58 : 0.0
Vehicle 59 : 0.0
-------------------| STATISTICS |-------------------

    Vehicles used                           : 11.6667
    Machines used                           : 100.0
    Max load (vehicles)                     : 100.0
    Min load (vehicles)                     : 61.1111
    Mean load (vehicles)                    : 93.0159
    Min completion time                     : 30.0079
    Max completion time                     : 87.0702
    Mean completion time                    : 66.7974
    Avrg travel time (with vehicle)         : 9.4172
    Avrg travel time (only with vehicle)    : 6.7179
    Avrg travel time (no vehicle)           : 2.6993
    Avrg waiting time (machine travel)      : 4.9467
    Avrg waiting time (service)             : 17.4924
    Machines travel times (with vehicle)    : [4.1736, 6.7132, 3.9645, 10.6142, 15.798, 15.2394]
    Machines travel times (no vehicle)      : [1.1771, 0.9606, 1.4679, 3.2797, 4.0087, 5.3018]
    Max load per vehicle                    : [0.0, 100.0, 98.75, 0.0, 0.0, 0.0, 0.0, 0.0, 0.0, 0.0, 0.0, 0.0, 0.0, 0.0, 0.0, 0.0, 0.0, 100.0, 0.0, 0.0, 0.0, 0.0, 0.0, 0.0, 0.0, 0.0, 0.0, 0.0, 98.75, 0.0, 0.0, 0.0, 61.1111, 0.0, 0.0, 0.0, 0.0, 0.0, 0.0, 0.0, 0.0, 0.0, 0.0, 0.0, 95.0, 0.0, 0.0, 0.0, 0.0, 0.0, 0.0, 0.0, 0.0, 0.0, 97.5, 0.0, 0.0, 0.0, 0.0, 0.0]

----------------------------------------------------

TOTAL: 11853.199999999999

Everything is awesome!
