-------------------| STATISTICS |-------------------

Vehicles used                           : 43.3333
Machines used                           : 100.0
Max load (vehicles)                     : 96.1538
Min load (vehicles)                     : 20.0
Mean load (vehicles)                    : 55.0641
Min completion time                     : 36.1571
Max completion time                     : 98.494
Mean completion time                    : 66.1775
Avrg travel time (with vehicle)         : 12.2503
Avrg travel time (only with vehicle)    : 7.723
Avrg travel time (no vehicle)           : 4.5273
Avrg waiting time (machine travel)      : 1.5063
Avrg waiting time (service)             : 21.1528
Machines travel times (with vehicle)    : [11.984, 7.9893, 10.6525, 15.3129, 15.3129]
Machines travel times (no vehicle)      : [5.3262, 2.6631, 4.6605, 5.992, 3.9947]
Max load per vehicle                    : [88.4615, 83.0769, 0.0, 0.0, 71.1538, 40.0, 30.7692, 20.0, 51.9231, 51.9231, 55.3846, 76.9231, 0.0, 0.0, 0.0, 0.0, 0.0, 96.1538, 92.3077, 52.3077, 53.8462, 27.6923, 0.0, 0.0, 0.0, 0.0, 0.0, 67.9487, 0.0, 0.0, 0.0, 47.4359, 0.0, 0.0, 29.2308, 26.1538, 26.1538, 69.2308, 55.1282, 0.0, 35.3846, 0.0, 0.0, 0.0, 0.0, 0.0, 60.0, 79.4872, 0.0, 0.0, 0.0, 0.0, 0.0, 0.0, 0.0, 0.0, 0.0, 0.0, 0.0, 43.5897]

----------------------------------------------------

TOTAL: 12921.82

Everything is awesome!
