-------------------| STATISTICS |-------------------

Vehicles used                           : 36.6667
Machines used                           : 100.0
Max load (vehicles)                     : 100.0
Min load (vehicles)                     : 15.3846
Mean load (vehicles)                    : 56.1364
Min completion time                     : 35.8288
Max completion time                     : 97.8201
Mean completion time                    : 56.2925
Avrg travel time (with vehicle)         : 7.8517
Avrg travel time (only with vehicle)    : 5.0164
Avrg travel time (no vehicle)           : 2.8353
Avrg waiting time (machine travel)      : 0.66
Avrg waiting time (service)             : 15.7492
Machines travel times (with vehicle)    : [5.4526, 10.9051, 0.5453, 11.9956, 10.3599]
Machines travel times (no vehicle)      : [2.181, 4.9073, 0.0, 4.3621, 2.7263]
Max load per vehicle                    : [47.6923, 67.6923, 0.0, 0.0, 0.0, 0.0, 0.0, 0.0, 0.0, 0.0, 0.0, 0.0, 61.5385, 0.0, 69.2308, 0.0, 48.7179, 86.5385, 0.0, 0.0, 0.0, 24.359, 44.2308, 25.641, 76.9231, 0.0, 23.0769, 0.0, 83.3333, 0.0, 0.0, 0.0, 0.0, 0.0, 0.0, 0.0, 0.0, 0.0, 36.5385, 0.0, 76.9231, 0.0, 0.0, 0.0, 96.1538, 66.6667, 100.0, 38.4615, 16.6667, 0.0, 0.0, 0.0, 0.0, 0.0, 0.0, 15.3846, 69.2308, 60.0, 0.0, 0.0]

----------------------------------------------------

TOTAL: 11356.44

Everything is awesome!
