-------------------| STATISTICS |-------------------

Vehicles used                           : 87.5
Machines used                           : 100.0
Max load (vehicles)                     : 86.5385
Min load (vehicles)                     : 16.2791
Mean load (vehicles)                    : 36.7128
Min completion time                     : 49.4826
Max completion time                     : 78.8261
Mean completion time                    : 58.8118
Avrg travel time (with vehicle)         : 19.5536
Avrg travel time (only with vehicle)    : 13.9971
Avrg travel time (no vehicle)           : 5.5565
Avrg waiting time (machine travel)      : 0.4336
Avrg waiting time (service)             : 19.5611
Machines travel times (with vehicle)    : [24.0522, 17.1304, 17.4783]
Machines travel times (no vehicle)      : [8.0174, 4.2826, 4.3696]
Max load per vehicle                    : [0.0, 46.5116, 86.5385, 20.9302, 27.907, 35.2941, 23.5294, 16.2791]

----------------------------------------------------

TOTAL: 946.8700000000001

Everything is awesome!
