Set parameter WLSAccessID
Set parameter WLSSecret
Set parameter LicenseID to value 2661775
Academic license 2661775 - for non-commercial use only - registered to me___@dcc.ufba.br
Loading line 2: methodType heur
Loading line 3: methodCode mslp
Loading line 4: seed 0
Loading line 5: threads 1
Loading line 6: greedy_service_order random
Loading line 7: outputFlagGrbMSLP 0
Loading line 8: mslpa 60000
Loading line 9: mslpr I
Loading line 10: maxtime 3600
Loading line 11: output ./logs/
Loading line 12: printsol 1
Loading line 13: solverMethod A
Loading line 14: alpha 0.05 # selected from preliminary experiments
Instance: lr204_t2_10R_10V_04I_04M

[19:38:31.763] Running Data.readData with file /dados/rmelo/PDPTW-SE/benchmark_multi_island_v5/official_experiments/multistartlp/official/set_01_pt_01/../../../../instances/orig_ams_fg/10R_10V_04I_04M/t2/lr204/
vehicles: Vehicle[Vehicle(0, 26), Vehicle(1, 32), Vehicle(2, 38), Vehicle(3, 26), Vehicle(4, 32), Vehicle(5, 38), Vehicle(6, 38), Vehicle(7, 26), Vehicle(8, 38), Vehicle(9, 32)]
vehicle_types: Vehicle[Vehicle(0, 26), Vehicle(1, 32), Vehicle(2, 38)]
Machine[Machine(0, Point[Point(38, 35, 0), Point(21, 18, 1), Point(22, 42, 2), Point(44, 18, 3)], 1.0), Machine(1, Point[Point(39, 35, 0), Point(22, 18, 1), Point(23, 43, 2), Point(44, 17, 3)], 1.0), Machine(2, Point[Point(40, 35, 0), Point(18, 21, 1), Point(23, 44, 2), Point(43, 17, 3)], 1.0), Machine(3, Point[Point(37, 38, 0), Point(18, 22, 1), Point(24, 44, 2), Point(43, 16, 3)], 1.0)]
refs: [1, 3, 4, 5, 7, 8, 9, 10, 11, 12, 13, 15, 2, 14, 20, 16, 6, 19, 18, 17, 21, 1]
V: [1, 2, 3, 4, 5, 6, 7, 8, 9, 10, 11, 12, 13, 14, 15, 16, 17, 18, 19, 20, 21]
V_p: [2, 3, 4, 5, 6, 7, 8, 9, 10, 11]
V_d: [12, 13, 14, 15, 16, 17, 18, 19, 20, 21]
Vprime: [1, 2, 3, 4, 5, 6, 7, 8, 9, 10, 11, 12, 13, 14, 15, 16, 17, 18, 19, 20, 21, 22]
V: [1, 2, 3, 4, 5, 6, 7, 8, 9, 10, 11, 12, 13, 14, 15, 16, 17, 18, 19, 20, 21]
q: [0, 5, 9, 16, 12, 19, 8, 19, 2, 12, 17, -5, -9, -16, -12, -19, -8, -19, -2, -12, -17, 0]
H: [1, 2, 3, 4]
f: [[1, 1, 1, 1], [3, 3, 3, 3], [3, 3, 3, 3], [1, 1, 1, 1], [3, 3, 3, 3], [1, 1, 1, 1], [2, 2, 2, 2], [2, 2, 2, 2], [2, 2, 2, 2], [3, 3, 3, 3], [3, 3, 3, 3], [3, 3, 3, 3], [1, 1, 1, 1], [4, 4, 4, 4], [4, 4, 4, 4], [1, 1, 1, 1], [3, 3, 3, 3], [2, 2, 2, 2], [3, 3, 3, 3], [2, 2, 2, 2], [3, 3, 3, 3], [1, 1, 1, 1]]
1 1 1 -> 0.0
1 2 1 -> 24.04
1 3 1 -> 17.46
1 4 1 -> 18.03
2 1 1 -> 24.04
2 2 1 -> 0.0
2 3 1 -> 24.02
2 4 1 -> 23.0
3 1 1 -> 17.46
3 2 1 -> 24.02
3 3 1 -> 0.0
3 4 1 -> 32.56
4 1 1 -> 18.03
4 2 1 -> 23.0
4 3 1 -> 32.56
4 4 1 -> 0.0
1 1 2 -> 0.0
1 2 2 -> 24.04
1 3 2 -> 17.89
1 4 2 -> 18.68
2 1 2 -> 24.04
2 2 2 -> 0.0
2 3 2 -> 25.02
2 4 2 -> 22.02
3 1 2 -> 17.89
3 2 2 -> 25.02
3 3 2 -> 0.0
3 4 2 -> 33.42
4 1 2 -> 18.68
4 2 2 -> 22.02
4 3 2 -> 33.42
4 4 2 -> 0.0
1 1 3 -> 0.0
1 2 3 -> 26.08
1 3 3 -> 19.24
1 4 3 -> 18.25
2 1 3 -> 26.08
2 2 3 -> 0.0
2 3 3 -> 23.54
2 4 3 -> 25.32
3 1 3 -> 19.24
3 2 3 -> 23.54
3 3 3 -> 0.0
3 4 3 -> 33.6
4 1 3 -> 18.25
4 2 3 -> 25.32
4 3 3 -> 33.6
4 4 3 -> 0.0
1 1 4 -> 0.0
1 2 4 -> 24.84
1 3 4 -> 14.32
1 4 4 -> 22.8
2 1 4 -> 24.84
2 2 4 -> 0.0
2 3 4 -> 22.8
2 4 4 -> 25.71
3 1 4 -> 14.32
3 2 4 -> 22.8
3 3 4 -> 0.0
3 4 4 -> 33.84
4 1 4 -> 22.8
4 2 4 -> 25.71
4 3 4 -> 33.84
4 4 4 -> 0.0
o: (1, 2, 3) => 26.08
o: (3, 1, 3) => 19.24
o: (3, 2, 4) => 22.8
o: (3, 2, 3) => 23.54
o: (2, 1, 1) => 24.04
o: (1, 3, 2) => 17.89
o: (1, 4, 2) => 18.68
o: (4, 3, 4) => 33.84
o: (2, 2, 1) => 0.0
o: (4, 4, 4) => 0.0
o: (3, 3, 2) => 0.0
o: (3, 4, 2) => 33.42
o: (4, 3, 3) => 33.6
o: (4, 4, 3) => 0.0
o: (1, 3, 1) => 17.46
o: (1, 1, 2) => 0.0
o: (1, 4, 1) => 18.03
o: (4, 1, 4) => 22.8
o: (3, 3, 1) => 0.0
o: (1, 2, 2) => 24.04
o: (3, 1, 2) => 17.89
o: (3, 4, 1) => 32.56
o: (4, 1, 3) => 18.25
o: (4, 2, 4) => 25.71
o: (3, 2, 2) => 25.02
o: (2, 3, 4) => 22.8
o: (4, 2, 3) => 25.32
o: (2, 4, 4) => 25.71
o: (1, 1, 1) => 0.0
o: (2, 3, 3) => 23.54
o: (2, 4, 3) => 25.32
o: (4, 3, 2) => 33.42
o: (1, 2, 1) => 24.04
o: (3, 1, 1) => 17.46
o: (4, 4, 2) => 0.0
o: (3, 2, 1) => 24.02
o: (2, 1, 4) => 24.84
o: (2, 1, 3) => 26.08
o: (2, 2, 4) => 0.0
o: (4, 3, 1) => 32.56
o: (4, 1, 2) => 18.68
o: (4, 4, 1) => 0.0
o: (2, 2, 3) => 0.0
o: (4, 2, 2) => 22.02
o: (1, 3, 4) => 14.32
o: (2, 3, 2) => 25.02
o: (1, 4, 4) => 22.8
o: (2, 4, 2) => 22.02
o: (1, 3, 3) => 19.24
o: (3, 3, 4) => 0.0
o: (1, 4, 3) => 18.25
o: (3, 4, 4) => 33.84
o: (4, 1, 1) => 18.03
o: (3, 3, 3) => 0.0
o: (3, 4, 3) => 33.6
o: (4, 2, 1) => 23.0
o: (2, 3, 1) => 24.02
o: (1, 1, 4) => 0.0
o: (2, 1, 2) => 24.04
o: (2, 4, 1) => 23.0
o: (1, 1, 3) => 0.0
o: (1, 2, 4) => 24.84
o: (2, 2, 2) => 0.0
o: (3, 1, 4) => 14.32

[58, 1094, 1084, 1051, 1041, 1074, 1069, 35]
JOBS in the order of refs (Vprime)
Node 1: Job(0, Point(35, 35, 0), 0, 0, 1000, 0, 0, 0)
Node 2: Job(7, Point(20, 50, 2), 5, 0, 968, 10, 0, 31)
Node 3: Job(8, Point(10, 43, 2), 9, 404, 481, 10, 0, 3)
Node 4: Job(9, Point(55, 60, 0), 16, 400, 497, 10, 0, 21)
Node 5: Job(11, Point(20, 65, 2), 12, 206, 325, 10, 0, 67)
Node 6: Job(12, Point(50, 35, 0), 19, 0, 975, 10, 0, 35)
Node 7: Job(15, Point(30, 5, 1), 8, 175, 300, 10, 0, 10)
Node 8: Job(16, Point(10, 20, 1), 19, 0, 960, 10, 0, 61)
Node 9: Job(17, Point(5, 30, 1), 2, 0, 959, 10, 0, 46)
Node 10: Job(18, Point(20, 40, 2), 12, 0, 974, 10, 0, 37)
Node 11: Job(19, Point(15, 60, 2), 17, 0, 957, 10, 0, 88)
Node 12: Job(31, Point(31, 52, 2), -5, 0, 972, 10, 7, 0)
Node 13: Job(3, Point(55, 45, 0), -9, 0, 967, 10, 8, 0)
Node 14: Job(21, Point(45, 20, 3), -16, 0, 971, 10, 9, 0)
Node 15: Job(67, Point(67, 5, 3), -12, 294, 401, 10, 11, 0)
Node 16: Job(35, Point(63, 65, 0), -19, 0, 948, 10, 12, 0)
Node 17: Job(10, Point(30, 60, 2), -8, 0, 964, 10, 15, 0)
Node 18: Job(61, Point(12, 24, 1), -19, 0, 964, 10, 16, 0)
Node 19: Job(46, Point(2, 48, 2), -2, 0, 954, 10, 17, 0)
Node 20: Job(37, Point(20, 20, 1), -12, 0, 968, 10, 18, 0)
Node 21: Job(88, Point(26, 52, 2), -17, 0, 970, 10, 19, 0)
Node 22: Job(0, Point(35, 35, 0), 0, 0, 1000, 0, 0, 0)

### Preprocessing Data ###
	-> arcs: 484 (100.0%)
	-> arc_removals: 111 (22.93%)
	-> arc_removals_is_loop: 22 (4.55%)
	-> arc_removals_is_delivery_to_pickup: 12 (2.48%)
	-> arc_removals_is_depot_begin_to_delivery: 10 (2.07%)
	-> arc_removals_is_pickup_to_depot_end: 10 (2.07%)
	-> arc_removals_is_dest_depot_begin: 20 (4.13%)
	-> arc_removals_is_orig_depot_end: 19 (3.93%)
	-> arc_removals_is_capacity_violated: 0 (0.0%)
	-> arc_removals_is_time_window_limited: 14 (2.89%)
	-> arc_removals_is_time_window_pairing_limited: 2 (0.41%)
	-> arc_removals_is_indirect_request_service_impossible: 2 (0.41%)
	-> gamma_vars: 0 (0%)
	-> feas_gamma_vars: 0 (0%)
	-> infeas_gamma_vars_is_next_mtrv_unreachable: 0 (0%)
	-> infeas_gamma_vars_is_iprime_jprime_eq_i_j: 0 (0%)
	-> machine_removal_for_an_arc: 0 (0.0%)
##########################

[19:38:42.064] Print configuration
------------------------------------------------------
"
[19:38:42.064] Running Multi Start Heuristic"
> Experiment started at 2025-10-14T19:38:42.064
> Instance: lr204_t2_10R_10V_04I_04M
> Algorithm Parameters:


	>Stop params:
		>  - rule ITERATIONS
		>  - argument 60000.0
		>  - maximum_time 3600

	>General params:
		>  - instPath /dados/rmelo/PDPTW-SE/benchmark_multi_island_v5/official_experiments/multistartlp/official/set_01_pt_01/../../../../instances/orig_ams_fg/10R_10V_04I_04M/t2/lr204/
		>  - name lr204
		>  - type t2
		>  - group 10R_10V_04I_04M
		>  - fullname lr204_t2_10R_10V_04I_04M
		>  - methodType heur
		>  - methodCode mslp
		>  - genconfigfile /dados/rmelo/PDPTW-SE/benchmark_multi_island_v5/official_experiments/multistartlp/official/set_01_pt_01/configs/genconfig_mslp.conf
		>  - genconfigfilename genconfig_mslp
		>  - greedy_service_order random
		>  - cutoff 0
		>  - cutoffmachs 4
		>  - num_machs 0
		>  - solver Gurobi
		>  - maxtime 3600
		>  - gurobiCuts 1
		>  - typeUserCut 0
		>  - mipPresolve -1
		>  - printsol 1
		>  - maxnodes -1
		>  - elevator 0
		>  - make_instance_feasible false
		>  - output /dados/rmelo/PDPTW-SE/benchmark_multi_island_v5/official_experiments/multistartlp/official/set_01_pt_01/logs
		>  - suff_outputs _seed_41
		>  - suff_csv _bash_2
		>  - epsilon 0.005
		>  - epsilonCap 0.5
		>  - warmStart false
		>  - seed 41
		>  - rng Random.MersenneTwister(41)
		>  - alpha 0.05
		>  - maxiter 1000000
		>  - outputFlagGrbMIP 0
		>  - outputFlagGrbMSLP 0
		>  - outputFlagGrbLMNS 0
		>  - mslpr I
		>  - mslpa 60000
		>  - lmnsr M
		>  - lmnsa 60
		>  - lmnsRepairTime 30.0
		>  - lmnsMIPFocus 0
		>  - lmnsGapToBiggerDestruction 50
		>  - lmnsGapToSmallerDestruction 95
		>  - lmnsWeightShawDistProx 1.0
		>  - lmnsWeightShawEarlProx 1.0
		>  - lmnsWeightShawSameRoute 1.0
		>  - lmnsWeightShawDemandSim 1.0
		>  - lmnsReqRApplyMIPStart true
		>  - lmnsAcceptanceCriteria H
		>  - lmnsMetropolisTemp 100.0
		>  - lmnsSimulatedAnnealingTemp 100.0
		>  - lmnsSimulatedAnnealingCool 0.95
		>  - mipmaxtime 3600
		>  - csvfilename /dados/rmelo/PDPTW-SE/benchmark_multi_island_v5/official_experiments/multistartlp/official/set_01_pt_01/logs/heur_mslp/outputs/csvresults_heur_mslp_bash_2.csv
		>  - solfilename /dados/rmelo/PDPTW-SE/benchmark_multi_island_v5/official_experiments/multistartlp/official/set_01_pt_01/logs/heur_mslp/solutions/10R_10V_04I_04M/lr204_sol_genconfig_mslp_seed_41.txt
		>  - timelineFilename /dados/rmelo/PDPTW-SE/benchmark_multi_island_v5/official_experiments/multistartlp/official/set_01_pt_01/logs/heur_mslp/timelines/10R_10V_04I_04M/lr204_timeline_genconfig_mslp_seed_41.txt
		>  - grbFilename /dados/rmelo/PDPTW-SE/benchmark_multi_island_v5/official_experiments/multistartlp/official/set_01_pt_01/logs/heur_mslp/gurobi/10R_10V_04I_04M/lr204_grb_genconfig_mslp_seed_41.log
		>  - threads 1
		>  - solverMethod AUTOMATIC

------------------------------------------------------

[19:38:42.177] Starting running MSLP
objValue;greedysol;iteration;time
921.01;936.01;1;0.004437
918.55;948.98;3;0.347980
886.00;946.05;21;0.417466
865.63;940.32;42;0.520328
862.59;994.74;66;0.631843
830.33;1086.12;87;0.726442
826.93;933.96;263;1.496878
814.79;1022.47;575;2.878173
813.46;1196.80;1518;7.029965
801.72;1185.75;2417;11.013587
799.09;1182.43;3595;16.110680
798.66;1121.53;4674;20.797176
794.33;1132.56;6405;28.334278
790.17;1113.04;12445;54.705888
786.54;1122.18;18377;80.728895

[19:43:33.711] Finished running MSLP
System CPU time: 27.93 seconds

[19:43:33.784] Post running MSLP
Best solution value: 786.54
Total time elapsed: 263.009770
Time to best: 80.728895
Iterations: 60000
Iterations to best: 18377
Improvements: 15
Infeasible solutions percentage: (0 / 60000) = 0.0000 %
(LP improvements)/(LP runs) = 56607/60000 = 94.3450 %
Mean LP improvement percentage: 8.2317 %
[19:43:34.035] Writing results to CSV file: /dados/rmelo/PDPTW-SE/benchmark_multi_island_v5/official_experiments/multistartlp/official/set_01_pt_01/logs/heur_mslp/outputs/csvresults_heur_mslp_bash_2.csv

[19:43:36.099] Saving solution to file:/dados/rmelo/PDPTW-SE/benchmark_multi_island_v5/official_experiments/multistartlp/official/set_01_pt_01/logs/heur_mslp/solutions/10R_10V_04I_04M/lr204_sol_genconfig_mslp_seed_41.txt

[19:43:36.099] Saving solution timeline to file: /dados/rmelo/PDPTW-SE/benchmark_multi_island_v5/official_experiments/multistartlp/official/set_01_pt_01/logs/heur_mslp/timelines/10R_10V_04I_04M/lr204_timeline_genconfig_mslp_seed_41.txt
---------------------| VEHICLES |---------------------

Vehicle 5 :
	id: 0
		node: 1
		(x, y, z): (35, 35, 0)
		dem: 0
		earl: 0
		lat: 1000
		servt: 0
		pid: 0
		did: 0
		servST: 19.46999999999997
		(h, h_ind): (-1, 0)
		load: 0.0

	Finished service at time: 19.46999999999997

	Using Machine: 0
		Task 0 -> Machine 0 (Station 1): 3.0
		Vehicle arrival at machine station: 22.46999999999997
		Waiting time until machine travel: 0.0

		Machine travel start time: 22.46999999999997
		Region 0 -> Region 2: 17.46
		Machine arrival at machine station: 39.92999999999997

		Machine 0 (Station 3)-> Task 18: 2.83
		Vehicle arrival at task: 42.75999999999997
		Waiting time until service start time: 0.0

	id: 18
		node: 10
		(x, y, z): (20, 40, 2)
		dem: 12
		earl: 0
		lat: 974
		servt: 10
		pid: 0
		did: 37
		servST: 42.75999999999997
		(h, h_ind): (0, 1)
		load: 12.0

	Finished service at time: 52.75999999999997

	Using Machine: 0
		Task 18 -> Machine 0 (Station 3): 2.83
		Vehicle arrival at machine station: 55.58999999999997
		Waiting time until machine travel: 0.0

		Machine travel start time: 55.58999999999997
		Region 2 -> Region 1: 24.02
		Machine arrival at machine station: 79.60999999999997

		Machine 0 (Station 2)-> Task 37: 2.24
		Vehicle arrival at task: 81.84999999999997
		Waiting time until service start time: 0.0

	id: 37
		node: 20
		(x, y, z): (20, 20, 1)
		dem: -12
		earl: 0
		lat: 968
		servt: 10
		pid: 18
		did: 0
		servST: 81.84999999999997
		(h, h_ind): (0, 2)
		load: 0.0

	Finished service at time: 91.84999999999997

	Task 37 -> Task 17: 18.03
	Vehicle arrival at task: 109.87999999999997
	Waiting time until service start time: 0.0

	id: 17
		node: 9
		(x, y, z): (5, 30, 1)
		dem: 2
		earl: 0
		lat: 959
		servt: 10
		pid: 0
		did: 46
		servST: 109.87999999999997
		(h, h_ind): (-1, 0)
		load: 2.0

	Finished service at time: 119.87999999999997

	Task 17 -> Task 16: 11.18
	Vehicle arrival at task: 131.05999999999997
	Waiting time until service start time: 0.0

	id: 16
		node: 8
		(x, y, z): (10, 20, 1)
		dem: 19
		earl: 0
		lat: 960
		servt: 10
		pid: 0
		did: 61
		servST: 131.05999999999997
		(h, h_ind): (-1, 0)
		load: 21.0

	Finished service at time: 141.05999999999997

	Task 16 -> Task 61: 4.47
	Vehicle arrival at task: 145.52999999999997
	Waiting time until service start time: 0.0

	id: 61
		node: 18
		(x, y, z): (12, 24, 1)
		dem: -19
		earl: 0
		lat: 964
		servt: 10
		pid: 16
		did: 0
		servST: 145.52999999999997
		(h, h_ind): (-1, 0)
		load: 2.0

	Finished service at time: 155.52999999999997

	Task 61 -> Task 15: 26.17
	Vehicle arrival at task: 181.7
	Waiting time until service start time: -0.0

	id: 15
		node: 7
		(x, y, z): (30, 5, 1)
		dem: 8
		earl: 175
		lat: 300
		servt: 10
		pid: 0
		did: 10
		servST: 181.69999999999996
		(h, h_ind): (-1, 0)
		load: 10.0

	Finished service at time: 191.69999999999996

	Using Machine: 0
		Task 15 -> Machine 0 (Station 2): 15.81
		Vehicle arrival at machine station: 207.50999999999996
		Waiting time until machine travel: 0.0

		Machine travel start time: 207.50999999999996
		Region 1 -> Region 2: 24.02
		Machine arrival at machine station: 231.52999999999997

		Machine 0 (Station 3)-> Task 46: 20.88
		Vehicle arrival at task: 252.40999999999997
		Waiting time until service start time: 0.0

	id: 46
		node: 19
		(x, y, z): (2, 48, 2)
		dem: -2
		earl: 0
		lat: 954
		servt: 10
		pid: 17
		did: 0
		servST: 252.40999999999997
		(h, h_ind): (0, 3)
		load: 8.0

	Finished service at time: 262.40999999999997

	Task 46 -> Task 19: 17.69
	Vehicle arrival at task: 280.09999999999997
	Waiting time until service start time: 0.0

	id: 19
		node: 11
		(x, y, z): (15, 60, 2)
		dem: 17
		earl: 0
		lat: 957
		servt: 10
		pid: 0
		did: 88
		servST: 280.09999999999997
		(h, h_ind): (-1, 0)
		load: 25.0

	Finished service at time: 290.09999999999997

	Task 19 -> Task 11: 7.07
	Vehicle arrival at task: 297.16999999999996
	Waiting time until service start time: 0.0

	id: 11
		node: 5
		(x, y, z): (20, 65, 2)
		dem: 12
		earl: 206
		lat: 325
		servt: 10
		pid: 0
		did: 67
		servST: 297.16999999999996
		(h, h_ind): (-1, 0)
		load: 37.0

	Finished service at time: 307.16999999999996

	Task 11 -> Task 88: 14.32
	Vehicle arrival at task: 321.48999999999995
	Waiting time until service start time: 0.0

	id: 88
		node: 21
		(x, y, z): (26, 52, 2)
		dem: -17
		earl: 0
		lat: 970
		servt: 10
		pid: 19
		did: 0
		servST: 321.48999999999995
		(h, h_ind): (-1, 0)
		load: 20.0

	Finished service at time: 331.48999999999995

	Using Machine: 3
		Task 88 -> Machine 3 (Station 3): 8.25
		Vehicle arrival at machine station: 339.73999999999995
		Waiting time until machine travel: 0.0

		Machine travel start time: 339.73999999999995
		Region 2 -> Region 3: 33.84
		Machine arrival at machine station: 373.5799999999999

		Machine 3 (Station 4)-> Task 67: 26.4
		Vehicle arrival at task: 399.9799999999999
		Waiting time until service start time: 0.0

	id: 67
		node: 15
		(x, y, z): (67, 5, 3)
		dem: -12
		earl: 294
		lat: 401
		servt: 10
		pid: 11
		did: 0
		servST: 399.97999999999996
		(h, h_ind): (3, 1)
		load: 8.0

	Finished service at time: 409.97999999999996

	Using Machine: 0
		Task 67 -> Machine 0 (Station 4): 26.42
		Vehicle arrival at machine station: 436.4
		Waiting time until machine travel: 0.0

		Machine travel start time: 436.4
		Region 3 -> Region 2: 32.56
		Machine arrival at machine station: 468.96

		Machine 0 (Station 3)-> Task 8: 12.04
		Vehicle arrival at task: 481.0
		Waiting time until service start time: 0.0

	id: 8
		node: 3
		(x, y, z): (10, 43, 2)
		dem: 9
		earl: 404
		lat: 481
		servt: 10
		pid: 0
		did: 3
		servST: 481.0
		(h, h_ind): (0, 4)
		load: 17.0

	Finished service at time: 491.0

	Task 8 -> Task 7: 12.21
	Vehicle arrival at task: 503.21
	Waiting time until service start time: 0.0

	id: 7
		node: 2
		(x, y, z): (20, 50, 2)
		dem: 5
		earl: 0
		lat: 968
		servt: 10
		pid: 0
		did: 31
		servST: 503.21
		(h, h_ind): (-1, 0)
		load: 22.0

	Finished service at time: 513.21

	Task 7 -> Task 10: 14.14
	Vehicle arrival at task: 527.35
	Waiting time until service start time: 0.0

	id: 10
		node: 17
		(x, y, z): (30, 60, 2)
		dem: -8
		earl: 0
		lat: 964
		servt: 10
		pid: 15
		did: 0
		servST: 527.35
		(h, h_ind): (-1, 0)
		load: 14.0

	Finished service at time: 537.35

	Task 10 -> Task 31: 8.06
	Vehicle arrival at task: 545.41
	Waiting time until service start time: 0.0

	id: 31
		node: 12
		(x, y, z): (31, 52, 2)
		dem: -5
		earl: 0
		lat: 972
		servt: 10
		pid: 7
		did: 0
		servST: 545.4100000000001
		(h, h_ind): (-1, 0)
		load: 9.0

	Finished service at time: 555.4100000000001

	Using Machine: 3
		Task 31 -> Machine 3 (Station 3): 10.63
		Vehicle arrival at machine station: 566.0400000000001
		Waiting time until machine travel: 0.0

		Machine travel start time: 566.0400000000001
		Region 2 -> Region 0: 14.32
		Machine arrival at machine station: 580.3600000000001

		Machine 3 (Station 1)-> Task 3: 19.31
		Vehicle arrival at task: 599.6700000000001
		Waiting time until service start time: 0.0

	id: 3
		node: 13
		(x, y, z): (55, 45, 0)
		dem: -9
		earl: 0
		lat: 967
		servt: 10
		pid: 8
		did: 0
		servST: 599.6700000000001
		(h, h_ind): (3, 2)
		load: 0.0

	Finished service at time: 609.6700000000001

	Task 3 -> Task 0: 22.36
	Vehicle arrival at task: 632.0300000000001
	Waiting time until service start time: 0.0

	id: 0
		node: 22
		(x, y, z): (35, 35, 0)
		dem: 0
		earl: 0
		lat: 1000
		servt: 0
		pid: 0
		did: 0
		servST: 632.0300000000001
		(h, h_ind): (-1, 0)
		load: 0.0


Vehicle 6 :
	id: 0
		node: 1
		(x, y, z): (35, 35, 0)
		dem: 0
		earl: 0
		lat: 1000
		servt: 0
		pid: 0
		did: 0
		servST: 322.87
		(h, h_ind): (-1, 0)
		load: 0.0

	Finished service at time: 322.87

	Task 0 -> Task 12: 15.0
	Vehicle arrival at task: 337.87
	Waiting time until service start time: 0.0

	id: 12
		node: 6
		(x, y, z): (50, 35, 0)
		dem: 19
		earl: 0
		lat: 975
		servt: 10
		pid: 0
		did: 35
		servST: 337.87
		(h, h_ind): (-1, 0)
		load: 19.0

	Finished service at time: 347.87

	Task 12 -> Task 35: 32.7
	Vehicle arrival at task: 380.57
	Waiting time until service start time: 0.0

	id: 35
		node: 16
		(x, y, z): (63, 65, 0)
		dem: -19
		earl: 0
		lat: 948
		servt: 10
		pid: 12
		did: 0
		servST: 380.57
		(h, h_ind): (-1, 0)
		load: 0.0

	Finished service at time: 390.57

	Task 35 -> Task 9: 9.43
	Vehicle arrival at task: 400.0
	Waiting time until service start time: 0.0

	id: 9
		node: 4
		(x, y, z): (55, 60, 0)
		dem: 16
		earl: 400
		lat: 497
		servt: 10
		pid: 0
		did: 21
		servST: 400.0
		(h, h_ind): (-1, 0)
		load: 16.0

	Finished service at time: 410.0

	Using Machine: 2
		Task 9 -> Machine 2 (Station 1): 29.15
		Vehicle arrival at machine station: 439.15
		Waiting time until machine travel: 0.0

		Machine travel start time: 439.15
		Region 0 -> Region 3: 18.25
		Machine arrival at machine station: 457.4

		Machine 2 (Station 4)-> Task 21: 3.61
		Vehicle arrival at task: 461.01
		Waiting time until service start time: 0.0

	id: 21
		node: 14
		(x, y, z): (45, 20, 3)
		dem: -16
		earl: 0
		lat: 971
		servt: 10
		pid: 9
		did: 0
		servST: 461.01
		(h, h_ind): (2, 1)
		load: 0.0

	Finished service at time: 471.01

	Using Machine: 1
		Task 21 -> Machine 1 (Station 4): 3.16
		Vehicle arrival at machine station: 474.17
		Waiting time until machine travel: 0.0

		Machine travel start time: 474.17
		Region 3 -> Region 0: 18.68
		Machine arrival at machine station: 492.85

		Machine 1 (Station 1)-> Task 0: 4.0
		Vehicle arrival at task: 496.85
		Waiting time until service start time: 0.0

	id: 0
		node: 22
		(x, y, z): (35, 35, 0)
		dem: 0
		earl: 0
		lat: 1000
		servt: 0
		pid: 0
		did: 0
		servST: 496.85
		(h, h_ind): (1, 1)
		load: 0.0


---------------------| MACHINES |---------------------

Machine 0 :
	setup duration: 0.0

	vehicle: 5
	vehicleInd: 2
	(orig, dest): (0, 18)
	(origRegion, destRegion): (0, 2)
	st: 22.46999999999997
	duration: 17.46

	setup duration: 0.0

	vehicle: 5
	vehicleInd: 3
	(orig, dest): (18, 37)
	(origRegion, destRegion): (2, 1)
	st: 55.58999999999997
	duration: 24.02

	setup duration: 0.0

	vehicle: 5
	vehicleInd: 8
	(orig, dest): (15, 46)
	(origRegion, destRegion): (1, 2)
	st: 207.50999999999996
	duration: 24.02

	setup duration: 32.56

	vehicle: 5
	vehicleInd: 13
	(orig, dest): (67, 8)
	(origRegion, destRegion): (3, 2)
	st: 436.4
	duration: 32.56


Machine 1 :
	setup duration: 18.68

	vehicle: 6
	vehicleInd: 6
	(orig, dest): (21, 0)
	(origRegion, destRegion): (3, 0)
	st: 474.17
	duration: 18.68


Machine 2 :
	setup duration: 0.0

	vehicle: 6
	vehicleInd: 5
	(orig, dest): (9, 21)
	(origRegion, destRegion): (0, 3)
	st: 439.15
	duration: 18.25


Machine 3 :
	setup duration: 14.32

	vehicle: 5
	vehicleInd: 12
	(orig, dest): (88, 67)
	(origRegion, destRegion): (2, 3)
	st: 339.73999999999995
	duration: 33.84

	setup duration: 33.84

	vehicle: 5
	vehicleInd: 17
	(orig, dest): (31, 3)
	(origRegion, destRegion): (2, 0)
	st: 566.0400000000001
	duration: 14.32


-------------------| COMPL. TIMES |-------------------

Vehicle 0 : 0.0
Vehicle 1 : 0.0
Vehicle 2 : 0.0
Vehicle 3 : 0.0
Vehicle 4 : 0.0
Vehicle 5 : 612.5600000000002
Vehicle 6 : 173.98000000000002
Vehicle 7 : 0.0
Vehicle 8 : 0.0
Vehicle 9 : 0.0
-------------------| STATISTICS |-------------------

    Vehicles used                           : 20.0
    Machines used                           : 100.0
    Max load (vehicles)                     : 97.3684
    Min load (vehicles)                     : 50.0
    Mean load (vehicles)                    : 73.6842
    Min completion time                     : 17.398
    Max completion time                     : 61.256
    Mean completion time                    : 39.327
    Avrg travel time (with vehicle)         : 7.0637
    Avrg travel time (only with vehicle)    : 4.5787
    Avrg travel time (no vehicle)           : 2.485
    Avrg waiting time (machine travel)      : 0.0
    Avrg waiting time (service)             : 0.0
    Machines travel times (with vehicle)    : [13.062, 3.736, 1.825, 9.632]
    Machines travel times (no vehicle)      : [3.256, 1.868, 0.0, 4.816]
    Max load per vehicle                    : [0.0, 0.0, 0.0, 0.0, 0.0, 97.3684, 50.0, 0.0, 0.0, 0.0]

----------------------------------------------------

TOTAL: 786.5400000000002

Everything is awesome!
