Set parameter WLSAccessID
Set parameter WLSSecret
Set parameter LicenseID to value 2661775
Academic license 2661775 - for non-commercial use only - registered to me___@dcc.ufba.br
Loading line 2: methodType heur
Loading line 3: methodCode mslp
Loading line 4: seed 0
Loading line 5: threads 1
Loading line 6: greedy_service_order random
Loading line 7: outputFlagGrbMSLP 0
Loading line 8: mslpa 60000
Loading line 9: mslpr I
Loading line 10: maxtime 3600
Loading line 11: output ./logs/
Loading line 12: printsol 1
Loading line 13: solverMethod A
Loading line 14: alpha 0.05 # selected from preliminary experiments
Instance: LR1_2_4_t1_40R_40V_04I_06M

[04:53:53.894] Running Data.readData with file /dados/rmelo/PDPTW-SE/benchmark_multi_island_v5/official_experiments/multistartlp/official/set_01_pt_01/../../../../instances/orig_ams_fg/40R_40V_04I_06M/t1/LR1_2_4/
vehicles: Vehicle[Vehicle(0, 58), Vehicle(1, 72), Vehicle(2, 86), Vehicle(3, 72), Vehicle(4, 58), Vehicle(5, 58), Vehicle(6, 72), Vehicle(7, 72), Vehicle(8, 86), Vehicle(9, 58), Vehicle(10, 86), Vehicle(11, 72), Vehicle(12, 86), Vehicle(13, 86), Vehicle(14, 72), Vehicle(15, 72), Vehicle(16, 86), Vehicle(17, 72), Vehicle(18, 72), Vehicle(19, 86), Vehicle(20, 72), Vehicle(21, 86), Vehicle(22, 58), Vehicle(23, 86), Vehicle(24, 72), Vehicle(25, 86), Vehicle(26, 58), Vehicle(27, 58), Vehicle(28, 58), Vehicle(29, 86), Vehicle(30, 58), Vehicle(31, 72), Vehicle(32, 86), Vehicle(33, 58), Vehicle(34, 86), Vehicle(35, 72), Vehicle(36, 86), Vehicle(37, 72), Vehicle(38, 72), Vehicle(39, 58)]
vehicle_types: Vehicle[Vehicle(0, 58), Vehicle(1, 72), Vehicle(2, 86)]
Machine[Machine(0, Point[Point(62, 82, 0), Point(95, 62, 1), Point(72, 93, 2), Point(56, 94, 3)], 1.0), Machine(1, Point[Point(62, 81, 0), Point(92, 58, 1), Point(73, 92, 2), Point(55, 94, 3)], 1.0), Machine(2, Point[Point(62, 80, 0), Point(91, 57, 1), Point(75, 91, 2), Point(59, 99, 3)], 1.0), Machine(3, Point[Point(63, 80, 0), Point(91, 56, 1), Point(71, 96, 2), Point(53, 94, 3)], 1.0), Machine(4, Point[Point(64, 79, 0), Point(90, 55, 1), Point(77, 90, 2), Point(59, 101, 3)], 1.0), Machine(5, Point[Point(64, 78, 0), Point(98, 62, 1), Point(78, 89, 2), Point(52, 94, 3)], 1.0)]
refs: [1, 3, 4, 6, 7, 8, 9, 10, 11, 12, 13, 14, 16, 17, 18, 19, 20, 21, 22, 23, 24, 25, 29, 30, 31, 32, 33, 34, 36, 39, 40, 42, 43, 44, 45, 46, 48, 49, 50, 51, 52, 64, 69, 75, 28, 27, 58, 72, 76, 80, 35, 38, 81, 37, 65, 61, 41, 77, 59, 57, 63, 53, 54, 74, 70, 66, 67, 56, 78, 60, 71, 55, 5, 62, 2, 73, 47, 79, 26, 68, 15, 1]
V: [1, 2, 3, 4, 5, 6, 7, 8, 9, 10, 11, 12, 13, 14, 15, 16, 17, 18, 19, 20, 21, 22, 23, 24, 25, 26, 27, 28, 29, 30, 31, 32, 33, 34, 35, 36, 37, 38, 39, 40, 41, 42, 43, 44, 45, 46, 47, 48, 49, 50, 51, 52, 53, 54, 55, 56, 57, 58, 59, 60, 61, 62, 63, 64, 65, 66, 67, 68, 69, 70, 71, 72, 73, 74, 75, 76, 77, 78, 79, 80, 81]
V_p: [2, 3, 4, 5, 6, 7, 8, 9, 10, 11, 12, 13, 14, 15, 16, 17, 18, 19, 20, 21, 22, 23, 24, 25, 26, 27, 28, 29, 30, 31, 32, 33, 34, 35, 36, 37, 38, 39, 40, 41]
V_d: [42, 43, 44, 45, 46, 47, 48, 49, 50, 51, 52, 53, 54, 55, 56, 57, 58, 59, 60, 61, 62, 63, 64, 65, 66, 67, 68, 69, 70, 71, 72, 73, 74, 75, 76, 77, 78, 79, 80, 81]
Vprime: [1, 2, 3, 4, 5, 6, 7, 8, 9, 10, 11, 12, 13, 14, 15, 16, 17, 18, 19, 20, 21, 22, 23, 24, 25, 26, 27, 28, 29, 30, 31, 32, 33, 34, 35, 36, 37, 38, 39, 40, 41, 42, 43, 44, 45, 46, 47, 48, 49, 50, 51, 52, 53, 54, 55, 56, 57, 58, 59, 60, 61, 62, 63, 64, 65, 66, 67, 68, 69, 70, 71, 72, 73, 74, 75, 76, 77, 78, 79, 80, 81, 82]
V: [1, 2, 3, 4, 5, 6, 7, 8, 9, 10, 11, 12, 13, 14, 15, 16, 17, 18, 19, 20, 21, 22, 23, 24, 25, 26, 27, 28, 29, 30, 31, 32, 33, 34, 35, 36, 37, 38, 39, 40, 41, 42, 43, 44, 45, 46, 47, 48, 49, 50, 51, 52, 53, 54, 55, 56, 57, 58, 59, 60, 61, 62, 63, 64, 65, 66, 67, 68, 69, 70, 71, 72, 73, 74, 75, 76, 77, 78, 79, 80, 81]
q: [0, 8, 39, 14, 22, 21, 23, 18, 16, 15, 13, 24, 11, 7, 43, 18, 9, 31, 13, 8, 7, 18, 15, 9, 23, 30, 25, 35, 9, 17, 12, 15, 6, 36, 17, 5, 20, 32, 20, 21, 4, -8, -39, -14, -22, -21, -23, -18, -16, -15, -13, -24, -11, -7, -43, -18, -9, -31, -13, -8, -7, -18, -15, -9, -23, -30, -25, -35, -9, -17, -12, -15, -6, -36, -17, -5, -20, -32, -20, -21, -4, 0]
H: [1, 2, 3, 4, 5, 6]
f: [[1, 1, 1, 1, 1, 1], [3, 3, 3, 3, 3, 3], [2, 2, 2, 2, 2, 2], [4, 4, 4, 4, 4, 4], [2, 2, 2, 2, 2, 2], [3, 3, 3, 3, 3, 3], [4, 4, 4, 4, 4, 4], [2, 2, 2, 2, 2, 2], [1, 1, 1, 1, 1, 1], [2, 2, 2, 2, 2, 2], [1, 1, 1, 1, 1, 1], [3, 3, 3, 3, 3, 3], [4, 4, 4, 4, 4, 4], [4, 4, 4, 4, 4, 4], [3, 3, 3, 3, 3, 3], [4, 4, 4, 4, 4, 4], [2, 2, 2, 2, 2, 2], [2, 2, 2, 2, 2, 2], [1, 1, 1, 1, 1, 1], [4, 4, 4, 4, 4, 4], [4, 4, 4, 4, 4, 4], [2, 2, 2, 2, 2, 2], [1, 1, 1, 1, 1, 1], [2, 2, 2, 2, 2, 2], [1, 1, 1, 1, 1, 1], [1, 1, 1, 1, 1, 1], [2, 2, 2, 2, 2, 2], [4, 4, 4, 4, 4, 4], [1, 1, 1, 1, 1, 1], [4, 4, 4, 4, 4, 4], [2, 2, 2, 2, 2, 2], [1, 1, 1, 1, 1, 1], [2, 2, 2, 2, 2, 2], [2, 2, 2, 2, 2, 2], [3, 3, 3, 3, 3, 3], [1, 1, 1, 1, 1, 1], [1, 1, 1, 1, 1, 1], [3, 3, 3, 3, 3, 3], [4, 4, 4, 4, 4, 4], [4, 4, 4, 4, 4, 4], [2, 2, 2, 2, 2, 2], [3, 3, 3, 3, 3, 3], [2, 2, 2, 2, 2, 2], [4, 4, 4, 4, 4, 4], [2, 2, 2, 2, 2, 2], [3, 3, 3, 3, 3, 3], [4, 4, 4, 4, 4, 4], [2, 2, 2, 2, 2, 2], [4, 4, 4, 4, 4, 4], [2, 2, 2, 2, 2, 2], [1, 1, 1, 1, 1, 1], [3, 3, 3, 3, 3, 3], [4, 4, 4, 4, 4, 4], [4, 4, 4, 4, 4, 4], [3, 3, 3, 3, 3, 3], [4, 4, 4, 4, 4, 4], [2, 2, 2, 2, 2, 2], [2, 2, 2, 2, 2, 2], [1, 1, 1, 1, 1, 1], [4, 4, 4, 4, 4, 4], [4, 4, 4, 4, 4, 4], [2, 2, 2, 2, 2, 2], [4, 4, 4, 4, 4, 4], [2, 2, 2, 2, 2, 2], [4, 4, 4, 4, 4, 4], [1, 1, 1, 1, 1, 1], [2, 2, 2, 2, 2, 2], [1, 1, 1, 1, 1, 1], [1, 1, 1, 1, 1, 1], [3, 3, 3, 3, 3, 3], [2, 2, 2, 2, 2, 2], [1, 1, 1, 1, 1, 1], [2, 2, 2, 2, 2, 2], [2, 2, 2, 2, 2, 2], [3, 3, 3, 3, 3, 3], [1, 1, 1, 1, 1, 1], [1, 1, 1, 1, 1, 1], [4, 4, 4, 4, 4, 4], [1, 1, 1, 1, 1, 1], [4, 4, 4, 4, 4, 4], [2, 2, 2, 2, 2, 2], [1, 1, 1, 1, 1, 1]]
1 1 1 -> 0.0
1 2 1 -> 38.59
1 3 1 -> 14.87
1 4 1 -> 13.42
2 1 1 -> 38.59
2 2 1 -> 0.0
2 3 1 -> 38.6
2 4 1 -> 50.45
3 1 1 -> 14.87
3 2 1 -> 38.6
3 3 1 -> 0.0
3 4 1 -> 16.03
4 1 1 -> 13.42
4 2 1 -> 50.45
4 3 1 -> 16.03
4 4 1 -> 0.0
1 1 2 -> 0.0
1 2 2 -> 37.8
1 3 2 -> 15.56
1 4 2 -> 14.76
2 1 2 -> 37.8
2 2 2 -> 0.0
2 3 2 -> 38.95
2 4 2 -> 51.62
3 1 2 -> 15.56
3 2 2 -> 38.95
3 3 2 -> 0.0
3 4 2 -> 18.11
4 1 2 -> 14.76
4 2 2 -> 51.62
4 3 2 -> 18.11
4 4 2 -> 0.0
1 1 3 -> 0.0
1 2 3 -> 37.01
1 3 3 -> 17.03
1 4 3 -> 19.24
2 1 3 -> 37.01
2 2 3 -> 0.0
2 3 3 -> 37.58
2 4 3 -> 52.8
3 1 3 -> 17.03
3 2 3 -> 37.58
3 3 3 -> 0.0
3 4 3 -> 17.89
4 1 3 -> 19.24
4 2 3 -> 52.8
4 3 3 -> 17.89
4 4 3 -> 0.0
1 1 4 -> 0.0
1 2 4 -> 36.88
1 3 4 -> 17.89
1 4 4 -> 17.2
2 1 4 -> 36.88
2 2 4 -> 0.0
2 3 4 -> 44.72
2 4 4 -> 53.74
3 1 4 -> 17.89
3 2 4 -> 44.72
3 3 4 -> 0.0
3 4 4 -> 18.11
4 1 4 -> 17.2
4 2 4 -> 53.74
4 3 4 -> 18.11
4 4 4 -> 0.0
1 1 5 -> 0.0
1 2 5 -> 35.38
1 3 5 -> 17.03
1 4 5 -> 22.56
2 1 5 -> 35.38
2 2 5 -> 0.0
2 3 5 -> 37.34
2 4 5 -> 55.47
3 1 5 -> 17.03
3 2 5 -> 37.34
3 3 5 -> 0.0
3 4 5 -> 21.1
4 1 5 -> 22.56
4 2 5 -> 55.47
4 3 5 -> 21.1
4 4 5 -> 0.0
1 1 6 -> 0.0
1 2 6 -> 37.58
1 3 6 -> 17.8
1 4 6 -> 20.0
2 1 6 -> 37.58
2 2 6 -> 0.0
2 3 6 -> 33.6
2 4 6 -> 56.04
3 1 6 -> 17.8
3 2 6 -> 33.6
3 3 6 -> 0.0
3 4 6 -> 26.48
4 1 6 -> 20.0
4 2 6 -> 56.04
4 3 6 -> 26.48
4 4 6 -> 0.0
o: (1, 2, 3) => 37.01
o: (3, 1, 3) => 17.03
o: (1, 3, 5) => 17.03
o: (3, 2, 4) => 44.72
o: (1, 4, 5) => 22.56
o: (4, 3, 6) => 26.48
o: (4, 4, 6) => 0.0
o: (3, 2, 3) => 37.58
o: (3, 3, 5) => 0.0
o: (2, 1, 1) => 38.59
o: (3, 4, 5) => 21.1
o: (1, 3, 2) => 15.56
o: (1, 4, 2) => 14.76
o: (4, 3, 4) => 18.11
o: (2, 2, 1) => 0.0
o: (4, 4, 4) => 0.0
o: (3, 3, 2) => 0.0
o: (3, 4, 2) => 18.11
o: (4, 3, 3) => 17.89
o: (4, 4, 3) => 0.0
o: (1, 1, 5) => 0.0
o: (4, 1, 6) => 20.0
o: (1, 2, 5) => 35.38
o: (3, 1, 5) => 17.03
o: (1, 3, 1) => 14.87
o: (4, 2, 6) => 56.04
o: (1, 1, 2) => 0.0
o: (1, 4, 1) => 13.42
o: (2, 3, 6) => 33.6
o: (4, 1, 4) => 17.2
o: (3, 2, 5) => 37.34
o: (2, 4, 6) => 56.04
o: (3, 3, 1) => 0.0
o: (1, 2, 2) => 37.8
o: (3, 1, 2) => 15.56
o: (3, 4, 1) => 16.03
o: (4, 1, 3) => 19.24
o: (4, 2, 4) => 53.74
o: (3, 2, 2) => 38.95
o: (2, 3, 4) => 44.72
o: (4, 2, 3) => 52.8
o: (2, 4, 4) => 53.74
o: (4, 3, 5) => 21.1
o: (4, 4, 5) => 0.0
o: (1, 1, 1) => 0.0
o: (2, 3, 3) => 37.58
o: (2, 4, 3) => 52.8
o: (2, 1, 6) => 37.58
o: (4, 3, 2) => 18.11
o: (1, 2, 1) => 38.59
o: (3, 1, 1) => 14.87
o: (4, 4, 2) => 0.0
o: (2, 2, 6) => 0.0
o: (3, 2, 1) => 38.6
o: (2, 1, 4) => 36.88
o: (4, 1, 5) => 22.56
o: (2, 1, 3) => 37.01
o: (2, 2, 4) => 0.0
o: (4, 2, 5) => 55.47
o: (4, 3, 1) => 16.03
o: (1, 3, 6) => 17.8
o: (4, 1, 2) => 14.76
o: (4, 4, 1) => 0.0
o: (2, 2, 3) => 0.0
o: (2, 3, 5) => 37.34
o: (1, 4, 6) => 20.0
o: (2, 4, 5) => 55.47
o: (3, 3, 6) => 0.0
o: (4, 2, 2) => 51.62
o: (3, 4, 6) => 26.48
o: (1, 3, 4) => 17.89
o: (2, 3, 2) => 38.95
o: (1, 4, 4) => 17.2
o: (2, 4, 2) => 51.62
o: (1, 3, 3) => 17.03
o: (3, 3, 4) => 0.0
o: (1, 4, 3) => 19.24
o: (3, 4, 4) => 18.11
o: (4, 1, 1) => 13.42
o: (1, 1, 6) => 0.0
o: (2, 1, 5) => 35.38
o: (3, 3, 3) => 0.0
o: (3, 4, 3) => 17.89
o: (4, 2, 1) => 50.45
o: (1, 2, 6) => 37.58
o: (3, 1, 6) => 17.8
o: (2, 2, 5) => 0.0
o: (2, 3, 1) => 38.6
o: (1, 1, 4) => 0.0
o: (2, 1, 2) => 37.8
o: (2, 4, 1) => 50.45
o: (3, 2, 6) => 33.6
o: (1, 1, 3) => 0.0
o: (1, 2, 4) => 36.88
o: (2, 2, 2) => 0.0
o: (3, 1, 4) => 17.89

[130, 827, 817, 737, 727, 783, 748, 58]
JOBS in the order of refs (Vprime)
Node 1: Job(0, Point(70, 70, 0), 0, 0, 634, 0, 0, 0)
Node 2: Job(2, Point(109, 139, 2), 8, 0, 545, 10, 0, 121)
Node 3: Job(3, Point(120, 22, 1), 39, 124, 134, 10, 0, 131)
Node 4: Job(6, Point(12, 138, 3), 14, 285, 295, 10, 0, 177)
Node 5: Job(7, Point(86, 40, 1), 22, 0, 590, 10, 0, 41)
Node 6: Job(8, Point(121, 124, 2), 21, 0, 550, 10, 0, 40)
Node 7: Job(10, Point(40, 113, 3), 23, 0, 572, 10, 0, 104)
Node 8: Job(11, Point(129, 24, 1), 18, 0, 550, 10, 0, 158)
Node 9: Job(12, Point(12, 84, 0), 16, 0, 565, 10, 0, 178)
Node 10: Job(14, Point(102, 52, 1), 15, 0, 588, 10, 0, 197)
Node 11: Job(15, Point(41, 36, 0), 13, 61, 71, 10, 0, 54)
Node 12: Job(16, Point(132, 133, 2), 24, 0, 536, 10, 0, 60)
Node 13: Job(19, Point(22, 104, 3), 11, 0, 566, 10, 0, 198)
Node 14: Job(20, Point(46, 133, 3), 7, 0, 557, 10, 0, 58)
Node 15: Job(21, Point(138, 78, 2), 43, 0, 556, 10, 0, 123)
Node 16: Job(23, Point(18, 104, 3), 18, 347, 357, 10, 0, 114)
Node 17: Job(27, Point(101, 0, 1), 9, 0, 548, 10, 0, 64)
Node 18: Job(28, Point(90, 14, 1), 31, 0, 565, 10, 0, 182)
Node 19: Job(29, Point(20, 69, 0), 13, 388, 398, 10, 0, 110)
Node 20: Job(30, Point(64, 132, 3), 8, 67, 77, 10, 0, 98)
Node 21: Job(34, Point(63, 129, 3), 7, 216, 226, 10, 0, 118)
Node 22: Job(36, Point(108, 30, 1), 18, 0, 569, 10, 0, 91)
Node 23: Job(43, Point(13, 48, 0), 15, 0, 563, 10, 0, 95)
Node 24: Job(44, Point(113, 35, 1), 9, 0, 569, 10, 0, 172)
Node 25: Job(45, Point(60, 84, 0), 23, 0, 607, 10, 0, 138)
Node 26: Job(46, Point(44, 58, 0), 30, 0, 596, 10, 0, 125)
Node 27: Job(51, Point(139, 68, 1), 25, 0, 555, 10, 0, 126)
Node 28: Job(52, Point(58, 95, 3), 35, 495, 505, 10, 0, 97)
Node 29: Job(56, Point(54, 41, 0), 9, 0, 591, 10, 0, 188)
Node 30: Job(62, Point(55, 127, 3), 17, 0, 566, 10, 0, 111)
Node 31: Job(63, Point(103, 44, 1), 12, 54, 64, 10, 0, 150)
Node 32: Job(65, Point(16, 62, 0), 15, 0, 570, 10, 0, 96)
Node 33: Job(67, Point(90, 44, 1), 6, 62, 72, 10, 0, 5)
Node 34: Job(68, Point(113, 32, 1), 36, 154, 164, 10, 0, 116)
Node 35: Job(69, Point(104, 73, 2), 17, 0, 590, 10, 0, 1)
Node 36: Job(70, Point(36, 38, 0), 5, 0, 578, 10, 0, 164)
Node 37: Job(72, Point(54, 33, 0), 20, 0, 584, 10, 0, 71)
Node 38: Job(73, Point(70, 94, 2), 32, 24, 34, 10, 0, 194)
Node 39: Job(74, Point(35, 90, 3), 20, 456, 466, 10, 0, 39)
Node 40: Job(77, Point(10, 111, 3), 21, 0, 552, 10, 0, 127)
Node 41: Job(79, Point(113, 45, 1), 4, 0, 575, 10, 0, 18)
Node 42: Job(121, Point(85, 111, 2), -8, 0, 581, 10, 2, 0)
Node 43: Job(131, Point(138, 24, 1), -39, 0, 542, 10, 3, 0)
Node 44: Job(177, Point(13, 129, 3), -14, 361, 371, 10, 6, 0)
Node 45: Job(41, Point(81, 36, 1), -22, 0, 589, 10, 7, 0)
Node 46: Job(40, Point(92, 138, 2), -21, 412, 422, 10, 8, 0)
Node 47: Job(104, Point(38, 122, 3), -23, 0, 563, 10, 10, 0)
Node 48: Job(158, Point(120, 47, 1), -18, 0, 569, 10, 11, 0)
Node 49: Job(178, Point(20, 106, 3), -16, 0, 563, 10, 12, 0)
Node 50: Job(197, Point(93, 61, 1), -15, 531, 541, 10, 14, 0)
Node 51: Job(54, Point(32, 52, 0), -13, 0, 582, 10, 15, 0)
Node 52: Job(60, Point(73, 96, 2), -24, 0, 598, 10, 16, 0)
Node 53: Job(198, Point(27, 104, 3), -11, 0, 570, 10, 19, 0)
Node 54: Job(58, Point(5, 99, 3), -7, 0, 553, 10, 20, 0)
Node 55: Job(123, Point(137, 84, 2), -43, 0, 556, 10, 21, 0)
Node 56: Job(114, Point(29, 94, 3), -18, 0, 577, 10, 23, 0)
Node 57: Job(64, Point(97, 12, 1), -9, 0, 561, 10, 27, 0)
Node 58: Job(182, Point(89, 24, 1), -31, 0, 575, 10, 28, 0)
Node 59: Job(110, Point(34, 72, 0), -13, 0, 588, 10, 29, 0)
Node 60: Job(98, Point(49, 140, 3), -8, 0, 551, 10, 30, 0)
Node 61: Job(118, Point(59, 115, 3), -7, 324, 334, 10, 34, 0)
Node 62: Job(91, Point(83, 38, 1), -18, 0, 590, 10, 36, 0)
Node 63: Job(95, Point(19, 120, 3), -15, 271, 281, 10, 43, 0)
Node 64: Job(172, Point(120, 52, 1), -9, 384, 394, 10, 44, 0)
Node 65: Job(138, Point(55, 102, 3), -23, 0, 589, 10, 45, 0)
Node 66: Job(125, Point(30, 57, 0), -30, 240, 250, 10, 46, 0)
Node 67: Job(126, Point(139, 72, 1), -25, 0, 555, 10, 51, 0)
Node 68: Job(97, Point(58, 80, 0), -35, 0, 609, 10, 52, 0)
Node 69: Job(188, Point(44, 36, 0), -9, 0, 582, 10, 56, 0)
Node 70: Job(111, Point(80, 103, 2), -17, 382, 392, 10, 62, 0)
Node 71: Job(150, Point(99, 34, 1), -12, 0, 578, 10, 63, 0)
Node 72: Job(96, Point(18, 70, 0), -15, 401, 411, 10, 65, 0)
Node 73: Job(5, Point(116, 22, 1), -6, 0, 558, 10, 67, 0)
Node 74: Job(116, Point(110, 28, 1), -36, 315, 325, 10, 68, 0)
Node 75: Job(1, Point(107, 77, 2), -17, 0, 587, 10, 69, 0)
Node 76: Job(164, Point(36, 54, 0), -5, 0, 587, 10, 70, 0)
Node 77: Job(71, Point(15, 4, 0), -20, 111, 121, 10, 72, 0)
Node 78: Job(194, Point(56, 129, 3), -32, 0, 564, 10, 73, 0)
Node 79: Job(39, Point(47, 83, 0), -20, 0, 598, 10, 74, 0)
Node 80: Job(127, Point(2, 106, 3), -21, 0, 548, 10, 77, 0)
Node 81: Job(18, Point(104, 54, 1), -4, 0, 587, 10, 79, 0)
Node 82: Job(0, Point(70, 70, 0), 0, 0, 634, 0, 0, 0)

### Preprocessing Data ###
	-> arcs: 6724 (100.0%)
	-> arc_removals: 2507 (37.28%)
	-> arc_removals_is_loop: 82 (1.22%)
	-> arc_removals_is_delivery_to_pickup: 42 (0.62%)
	-> arc_removals_is_depot_begin_to_delivery: 40 (0.59%)
	-> arc_removals_is_pickup_to_depot_end: 40 (0.59%)
	-> arc_removals_is_dest_depot_begin: 80 (1.19%)
	-> arc_removals_is_orig_depot_end: 79 (1.17%)
	-> arc_removals_is_capacity_violated: 0 (0.0%)
	-> arc_removals_is_time_window_limited: 1216 (18.08%)
	-> arc_removals_is_time_window_pairing_limited: 846 (12.58%)
	-> arc_removals_is_indirect_request_service_impossible: 82 (1.22%)
	-> gamma_vars: 0 (0%)
	-> feas_gamma_vars: 0 (0%)
	-> infeas_gamma_vars_is_next_mtrv_unreachable: 0 (0%)
	-> infeas_gamma_vars_is_iprime_jprime_eq_i_j: 0 (0%)
	-> machine_removal_for_an_arc: 0 (0.0%)
##########################

[04:54:04.11] Print configuration
------------------------------------------------------
"
[04:54:04.11] Running Multi Start Heuristic"
> Experiment started at 2025-10-15T04:54:04.110
> Instance: LR1_2_4_t1_40R_40V_04I_06M
> Algorithm Parameters:


	>Stop params:
		>  - rule ITERATIONS
		>  - argument 60000.0
		>  - maximum_time 3600

	>General params:
		>  - instPath /dados/rmelo/PDPTW-SE/benchmark_multi_island_v5/official_experiments/multistartlp/official/set_01_pt_01/../../../../instances/orig_ams_fg/40R_40V_04I_06M/t1/LR1_2_4/
		>  - name LR1_2_4
		>  - type t1
		>  - group 40R_40V_04I_06M
		>  - fullname LR1_2_4_t1_40R_40V_04I_06M
		>  - methodType heur
		>  - methodCode mslp
		>  - genconfigfile /dados/rmelo/PDPTW-SE/benchmark_multi_island_v5/official_experiments/multistartlp/official/set_01_pt_01/configs/genconfig_mslp.conf
		>  - genconfigfilename genconfig_mslp
		>  - greedy_service_order random
		>  - cutoff 0
		>  - cutoffmachs 6
		>  - num_machs 0
		>  - solver Gurobi
		>  - maxtime 3600
		>  - gurobiCuts 1
		>  - typeUserCut 0
		>  - mipPresolve -1
		>  - printsol 1
		>  - maxnodes -1
		>  - elevator 0
		>  - make_instance_feasible false
		>  - output /dados/rmelo/PDPTW-SE/benchmark_multi_island_v5/official_experiments/multistartlp/official/set_01_pt_01/logs
		>  - suff_outputs _seed_24
		>  - suff_csv _bash_1
		>  - epsilon 0.005
		>  - epsilonCap 0.5
		>  - warmStart false
		>  - seed 24
		>  - rng Random.MersenneTwister(24)
		>  - alpha 0.05
		>  - maxiter 1000000
		>  - outputFlagGrbMIP 0
		>  - outputFlagGrbMSLP 0
		>  - outputFlagGrbLMNS 0
		>  - mslpr I
		>  - mslpa 60000
		>  - lmnsr M
		>  - lmnsa 60
		>  - lmnsRepairTime 30.0
		>  - lmnsMIPFocus 0
		>  - lmnsGapToBiggerDestruction 50
		>  - lmnsGapToSmallerDestruction 95
		>  - lmnsWeightShawDistProx 1.0
		>  - lmnsWeightShawEarlProx 1.0
		>  - lmnsWeightShawSameRoute 1.0
		>  - lmnsWeightShawDemandSim 1.0
		>  - lmnsReqRApplyMIPStart true
		>  - lmnsAcceptanceCriteria H
		>  - lmnsMetropolisTemp 100.0
		>  - lmnsSimulatedAnnealingTemp 100.0
		>  - lmnsSimulatedAnnealingCool 0.95
		>  - mipmaxtime 3600
		>  - csvfilename /dados/rmelo/PDPTW-SE/benchmark_multi_island_v5/official_experiments/multistartlp/official/set_01_pt_01/logs/heur_mslp/outputs/csvresults_heur_mslp_bash_1.csv
		>  - solfilename /dados/rmelo/PDPTW-SE/benchmark_multi_island_v5/official_experiments/multistartlp/official/set_01_pt_01/logs/heur_mslp/solutions/40R_40V_04I_06M/LR1_2_4_sol_genconfig_mslp_seed_24.txt
		>  - timelineFilename /dados/rmelo/PDPTW-SE/benchmark_multi_island_v5/official_experiments/multistartlp/official/set_01_pt_01/logs/heur_mslp/timelines/40R_40V_04I_06M/LR1_2_4_timeline_genconfig_mslp_seed_24.txt
		>  - grbFilename /dados/rmelo/PDPTW-SE/benchmark_multi_island_v5/official_experiments/multistartlp/official/set_01_pt_01/logs/heur_mslp/gurobi/40R_40V_04I_06M/LR1_2_4_grb_genconfig_mslp_seed_24.log
		>  - threads 1
		>  - solverMethod AUTOMATIC

------------------------------------------------------

[04:54:04.247] Starting running MSLP
objValue;greedysol;iteration;time
4780.66;5037.96;1;0.024019
4772.70;4918.94;13;0.523000
4420.13;4481.00;15;0.577787
4416.38;4587.55;22;0.710443
4217.49;4295.13;57;1.307527
4180.15;4230.85;186;3.444440
4172.98;4463.41;519;8.616152
3888.73;4001.62;1203;18.975424
3701.80;3765.35;12669;197.068284

[05:09:53.844] Finished running MSLP
System CPU time: 8.59 seconds

[05:09:53.915] Post running MSLP
Best solution value: 3701.80
Total time elapsed: 935.235204
Time to best: 197.068284
Iterations: 60000
Iterations to best: 12669
Improvements: 9
Infeasible solutions percentage: (47121 / 60000) = 78.5350 %
(LP improvements)/(LP runs) = 12879/12879 = 100.0000 %
Mean LP improvement percentage: 3.1078 %
[05:09:54.177] Writing results to CSV file: /dados/rmelo/PDPTW-SE/benchmark_multi_island_v5/official_experiments/multistartlp/official/set_01_pt_01/logs/heur_mslp/outputs/csvresults_heur_mslp_bash_1.csv

[05:09:56.256] Saving solution to file:/dados/rmelo/PDPTW-SE/benchmark_multi_island_v5/official_experiments/multistartlp/official/set_01_pt_01/logs/heur_mslp/solutions/40R_40V_04I_06M/LR1_2_4_sol_genconfig_mslp_seed_24.txt

[05:09:56.256] Saving solution timeline to file: /dados/rmelo/PDPTW-SE/benchmark_multi_island_v5/official_experiments/multistartlp/official/set_01_pt_01/logs/heur_mslp/timelines/40R_40V_04I_06M/LR1_2_4_timeline_genconfig_mslp_seed_24.txt
---------------------| VEHICLES |---------------------

Vehicle 1 :
	id: 0
		node: 1
		(x, y, z): (70, 70, 0)
		dem: 0
		earl: 0
		lat: 634
		servt: 0
		pid: 0
		did: 0
		servST: 10.569999999999979
		(h, h_ind): (-1, 0)
		load: 0.0

	Finished service at time: 10.569999999999979

	Task 0 -> Task 12: 59.67
	Vehicle arrival at task: 70.23999999999998
	Waiting time until service start time: 0.0

	id: 12
		node: 9
		(x, y, z): (12, 84, 0)
		dem: 16
		earl: 0
		lat: 565
		servt: 10
		pid: 0
		did: 178
		servST: 70.23999999999998
		(h, h_ind): (-1, 0)
		load: 16.0

	Finished service at time: 80.23999999999998

	Task 12 -> Task 43: 36.01
	Vehicle arrival at task: 116.24999999999997
	Waiting time until service start time: 0.0

	id: 43
		node: 23
		(x, y, z): (13, 48, 0)
		dem: 15
		earl: 0
		lat: 563
		servt: 10
		pid: 0
		did: 95
		servST: 116.24999999999999
		(h, h_ind): (-1, 0)
		load: 31.0

	Finished service at time: 126.24999999999999

	Using Machine: 1
		Task 43 -> Machine 1 (Station 1): 59.08
		Vehicle arrival at machine station: 185.32999999999998
		Waiting time until machine travel: 0.0

		Machine travel start time: 185.32999999999998
		Region 0 -> Region 3: 14.76
		Machine arrival at machine station: 200.08999999999997

		Machine 1 (Station 4)-> Task 178: 37.0
		Vehicle arrival at task: 237.08999999999997
		Waiting time until service start time: 0.0

	id: 178
		node: 49
		(x, y, z): (20, 106, 3)
		dem: -16
		earl: 0
		lat: 563
		servt: 10
		pid: 12
		did: 0
		servST: 237.08999999999997
		(h, h_ind): (1, 1)
		load: 15.0

	Finished service at time: 247.08999999999997

	Task 178 -> Task 77: 11.18
	Vehicle arrival at task: 258.27
	Waiting time until service start time: 0.0

	id: 77
		node: 40
		(x, y, z): (10, 111, 3)
		dem: 21
		earl: 0
		lat: 552
		servt: 10
		pid: 0
		did: 127
		servST: 258.27
		(h, h_ind): (-1, 0)
		load: 36.0

	Finished service at time: 268.27

	Task 77 -> Task 95: 12.73
	Vehicle arrival at task: 281.0
	Waiting time until service start time: 0.0

	id: 95
		node: 63
		(x, y, z): (19, 120, 3)
		dem: -15
		earl: 271
		lat: 281
		servt: 10
		pid: 43
		did: 0
		servST: 281.0
		(h, h_ind): (-1, 0)
		load: 21.0

	Finished service at time: 291.0

	Task 95 -> Task 127: 22.02
	Vehicle arrival at task: 313.02
	Waiting time until service start time: 7.86

	id: 127
		node: 80
		(x, y, z): (2, 106, 3)
		dem: -21
		earl: 0
		lat: 548
		servt: 10
		pid: 77
		did: 0
		servST: 320.88
		(h, h_ind): (-1, 0)
		load: 0.0

	Finished service at time: 330.88

	Task 127 -> Task 23: 16.12
	Vehicle arrival at task: 347.0
	Waiting time until service start time: 0.0

	id: 23
		node: 16
		(x, y, z): (18, 104, 3)
		dem: 18
		earl: 347
		lat: 357
		servt: 10
		pid: 0
		did: 114
		servST: 347.0
		(h, h_ind): (-1, 0)
		load: 18.0

	Finished service at time: 357.0

	Task 23 -> Task 114: 14.87
	Vehicle arrival at task: 371.87
	Waiting time until service start time: 0.0

	id: 114
		node: 56
		(x, y, z): (29, 94, 3)
		dem: -18
		earl: 0
		lat: 577
		servt: 10
		pid: 23
		did: 0
		servST: 371.87
		(h, h_ind): (-1, 0)
		load: 0.0

	Finished service at time: 381.87

	Using Machine: 1
		Task 114 -> Machine 1 (Station 4): 26.0
		Vehicle arrival at machine station: 407.87
		Waiting time until machine travel: 0.0

		Machine travel start time: 407.87
		Region 3 -> Region 0: 14.76
		Machine arrival at machine station: 422.63

		Machine 1 (Station 1)-> Task 0: 13.6
		Vehicle arrival at task: 436.23
		Waiting time until service start time: 0.0

	id: 0
		node: 82
		(x, y, z): (70, 70, 0)
		dem: 0
		earl: 0
		lat: 634
		servt: 0
		pid: 0
		did: 0
		servST: 436.23
		(h, h_ind): (1, 2)
		load: 0.0


Vehicle 18 :
	id: 0
		node: 1
		(x, y, z): (70, 70, 0)
		dem: 0
		earl: 0
		lat: 634
		servt: 0
		pid: 0
		did: 0
		servST: 11.569999999999995
		(h, h_ind): (-1, 0)
		load: 0.0

	Finished service at time: 11.569999999999995

	Using Machine: 2
		Task 0 -> Machine 2 (Station 1): 12.81
		Vehicle arrival at machine station: 24.379999999999995
		Waiting time until machine travel: 0.0

		Machine travel start time: 24.379999999999995
		Region 0 -> Region 3: 19.24
		Machine arrival at machine station: 43.61999999999999

		Machine 2 (Station 4)-> Task 30: 33.38
		Vehicle arrival at task: 77.0
		Waiting time until service start time: 0.0

	id: 30
		node: 20
		(x, y, z): (64, 132, 3)
		dem: 8
		earl: 67
		lat: 77
		servt: 10
		pid: 0
		did: 98
		servST: 77.0
		(h, h_ind): (2, 1)
		load: 8.0

	Finished service at time: 87.0

	Task 30 -> Task 62: 10.3
	Vehicle arrival at task: 97.3
	Waiting time until service start time: 0.0

	id: 62
		node: 30
		(x, y, z): (55, 127, 3)
		dem: 17
		earl: 0
		lat: 566
		servt: 10
		pid: 0
		did: 111
		servST: 97.3
		(h, h_ind): (-1, 0)
		load: 25.0

	Finished service at time: 107.3

	Task 62 -> Task 98: 14.32
	Vehicle arrival at task: 121.62
	Waiting time until service start time: 66.58

	id: 98
		node: 60
		(x, y, z): (49, 140, 3)
		dem: -8
		earl: 0
		lat: 551
		servt: 10
		pid: 30
		did: 0
		servST: 188.2
		(h, h_ind): (-1, 0)
		load: 17.0

	Finished service at time: 198.2

	Task 98 -> Task 34: 17.8
	Vehicle arrival at task: 216.0
	Waiting time until service start time: 0.0

	id: 34
		node: 21
		(x, y, z): (63, 129, 3)
		dem: 7
		earl: 216
		lat: 226
		servt: 10
		pid: 0
		did: 118
		servST: 216.0
		(h, h_ind): (-1, 0)
		load: 24.0

	Finished service at time: 226.0

	Using Machine: 0
		Task 34 -> Machine 0 (Station 4): 35.69
		Vehicle arrival at machine station: 261.69
		Waiting time until machine travel: 0.0

		Machine travel start time: 261.69
		Region 3 -> Region 0: 13.42
		Machine arrival at machine station: 275.11

		Machine 0 (Station 1)-> Task 45: 2.83
		Vehicle arrival at task: 277.94
		Waiting time until service start time: 0.0

	id: 45
		node: 25
		(x, y, z): (60, 84, 0)
		dem: 23
		earl: 0
		lat: 607
		servt: 10
		pid: 0
		did: 138
		servST: 277.94
		(h, h_ind): (0, 3)
		load: 47.0

	Finished service at time: 287.94

	Using Machine: 0
		Task 45 -> Machine 0 (Station 1): 2.83
		Vehicle arrival at machine station: 290.77
		Waiting time until machine travel: 0.0

		Machine travel start time: 290.77
		Region 0 -> Region 3: 13.42
		Machine arrival at machine station: 304.19

		Machine 0 (Station 4)-> Task 118: 21.21
		Vehicle arrival at task: 325.4
		Waiting time until service start time: 0.0

	id: 118
		node: 61
		(x, y, z): (59, 115, 3)
		dem: -7
		earl: 324
		lat: 334
		servt: 10
		pid: 34
		did: 0
		servST: 325.4
		(h, h_ind): (0, 4)
		load: 40.0

	Finished service at time: 335.4

	Using Machine: 2
		Task 118 -> Machine 2 (Station 4): 16.0
		Vehicle arrival at machine station: 351.4
		Waiting time until machine travel: 0.0

		Machine travel start time: 351.4
		Region 3 -> Region 2: 17.89
		Machine arrival at machine station: 369.28999999999996

		Machine 2 (Station 3)-> Task 111: 13.0
		Vehicle arrival at task: 382.28999999999996
		Waiting time until service start time: 0.0

	id: 111
		node: 70
		(x, y, z): (80, 103, 2)
		dem: -17
		earl: 382
		lat: 392
		servt: 10
		pid: 62
		did: 0
		servST: 382.28999999999996
		(h, h_ind): (2, 2)
		load: 23.0

	Finished service at time: 392.28999999999996

	Using Machine: 2
		Task 111 -> Machine 2 (Station 3): 13.0
		Vehicle arrival at machine station: 405.28999999999996
		Waiting time until machine travel: 0.0

		Machine travel start time: 405.28999999999996
		Region 2 -> Region 3: 17.89
		Machine arrival at machine station: 423.17999999999995

		Machine 2 (Station 4)-> Task 138: 5.0
		Vehicle arrival at task: 428.17999999999995
		Waiting time until service start time: 0.0

	id: 138
		node: 65
		(x, y, z): (55, 102, 3)
		dem: -23
		earl: 0
		lat: 589
		servt: 10
		pid: 45
		did: 0
		servST: 428.17999999999995
		(h, h_ind): (2, 3)
		load: 0.0

	Finished service at time: 438.17999999999995

	Task 138 -> Task 74: 23.32
	Vehicle arrival at task: 461.49999999999994
	Waiting time until service start time: 0.0

	id: 74
		node: 39
		(x, y, z): (35, 90, 3)
		dem: 20
		earl: 456
		lat: 466
		servt: 10
		pid: 0
		did: 39
		servST: 461.49999999999994
		(h, h_ind): (-1, 0)
		load: 20.0

	Finished service at time: 471.49999999999994

	Using Machine: 1
		Task 74 -> Machine 1 (Station 4): 20.4
		Vehicle arrival at machine station: 491.8999999999999
		Waiting time until machine travel: 0.0

		Machine travel start time: 491.8999999999999
		Region 3 -> Region 0: 14.76
		Machine arrival at machine station: 506.6599999999999

		Machine 1 (Station 1)-> Task 39: 15.13
		Vehicle arrival at task: 521.79
		Waiting time until service start time: 0.0

	id: 39
		node: 79
		(x, y, z): (47, 83, 0)
		dem: -20
		earl: 0
		lat: 598
		servt: 10
		pid: 74
		did: 0
		servST: 521.79
		(h, h_ind): (1, 3)
		load: 0.0

	Finished service at time: 531.79

	Task 39 -> Task 0: 26.42
	Vehicle arrival at task: 558.2099999999999
	Waiting time until service start time: 0.0

	id: 0
		node: 82
		(x, y, z): (70, 70, 0)
		dem: 0
		earl: 0
		lat: 634
		servt: 0
		pid: 0
		did: 0
		servST: 558.2099999999999
		(h, h_ind): (-1, 0)
		load: 0.0


Vehicle 21 :
	id: 0
		node: 1
		(x, y, z): (70, 70, 0)
		dem: 0
		earl: 0
		lat: 634
		servt: 0
		pid: 0
		did: 0
		servST: 2.4700000000000006
		(h, h_ind): (-1, 0)
		load: 0.0

	Finished service at time: 2.4700000000000006

	Using Machine: 0
		Task 0 -> Machine 0 (Station 1): 14.42
		Vehicle arrival at machine station: 16.89
		Waiting time until machine travel: 0.0

		Machine travel start time: 16.89
		Region 0 -> Region 2: 14.87
		Machine arrival at machine station: 31.759999999999998

		Machine 0 (Station 3)-> Task 73: 2.24
		Vehicle arrival at task: 34.0
		Waiting time until service start time: 0.0

	id: 73
		node: 38
		(x, y, z): (70, 94, 2)
		dem: 32
		earl: 24
		lat: 34
		servt: 10
		pid: 0
		did: 194
		servST: 34.0
		(h, h_ind): (0, 1)
		load: 32.0

	Finished service at time: 44.0

	Using Machine: 0
		Task 73 -> Machine 0 (Station 3): 2.24
		Vehicle arrival at machine station: 46.24
		Waiting time until machine travel: 0.0

		Machine travel start time: 46.24
		Region 2 -> Region 3: 16.03
		Machine arrival at machine station: 62.27

		Machine 0 (Station 4)-> Task 194: 35.0
		Vehicle arrival at task: 97.27000000000001
		Waiting time until service start time: 8.78

	id: 194
		node: 78
		(x, y, z): (56, 129, 3)
		dem: -32
		earl: 0
		lat: 564
		servt: 10
		pid: 73
		did: 0
		servST: 106.05
		(h, h_ind): (0, 2)
		load: 0.0

	Finished service at time: 116.05

	Task 194 -> Task 20: 10.77
	Vehicle arrival at task: 126.82
	Waiting time until service start time: 0.0

	id: 20
		node: 14
		(x, y, z): (46, 133, 3)
		dem: 7
		earl: 0
		lat: 557
		servt: 10
		pid: 0
		did: 58
		servST: 126.82
		(h, h_ind): (-1, 0)
		load: 7.0

	Finished service at time: 136.82

	Task 20 -> Task 10: 20.88
	Vehicle arrival at task: 157.7
	Waiting time until service start time: 0.0

	id: 10
		node: 7
		(x, y, z): (40, 113, 3)
		dem: 23
		earl: 0
		lat: 572
		servt: 10
		pid: 0
		did: 104
		servST: 157.7
		(h, h_ind): (-1, 0)
		load: 30.0

	Finished service at time: 167.7

	Task 10 -> Task 19: 20.12
	Vehicle arrival at task: 187.82
	Waiting time until service start time: 0.0

	id: 19
		node: 13
		(x, y, z): (22, 104, 3)
		dem: 11
		earl: 0
		lat: 566
		servt: 10
		pid: 0
		did: 198
		servST: 187.82
		(h, h_ind): (-1, 0)
		load: 41.0

	Finished service at time: 197.82

	Task 19 -> Task 198: 5.0
	Vehicle arrival at task: 202.82
	Waiting time until service start time: 0.0

	id: 198
		node: 53
		(x, y, z): (27, 104, 3)
		dem: -11
		earl: 0
		lat: 570
		servt: 10
		pid: 19
		did: 0
		servST: 202.82
		(h, h_ind): (-1, 0)
		load: 30.0

	Finished service at time: 212.82

	Task 198 -> Task 58: 22.56
	Vehicle arrival at task: 235.38
	Waiting time until service start time: 0.0

	id: 58
		node: 54
		(x, y, z): (5, 99, 3)
		dem: -7
		earl: 0
		lat: 553
		servt: 10
		pid: 20
		did: 0
		servST: 235.38
		(h, h_ind): (-1, 0)
		load: 23.0

	Finished service at time: 245.38

	Task 58 -> Task 6: 39.62
	Vehicle arrival at task: 285.0
	Waiting time until service start time: 0.0

	id: 6
		node: 4
		(x, y, z): (12, 138, 3)
		dem: 14
		earl: 285
		lat: 295
		servt: 10
		pid: 0
		did: 177
		servST: 285.0
		(h, h_ind): (-1, 0)
		load: 37.0

	Finished service at time: 295.0

	Task 6 -> Task 104: 30.53
	Vehicle arrival at task: 325.53
	Waiting time until service start time: 0.0

	id: 104
		node: 47
		(x, y, z): (38, 122, 3)
		dem: -23
		earl: 0
		lat: 563
		servt: 10
		pid: 10
		did: 0
		servST: 325.53
		(h, h_ind): (-1, 0)
		load: 14.0

	Finished service at time: 335.53

	Task 104 -> Task 177: 25.96
	Vehicle arrival at task: 361.48999999999995
	Waiting time until service start time: 0.0

	id: 177
		node: 44
		(x, y, z): (13, 129, 3)
		dem: -14
		earl: 361
		lat: 371
		servt: 10
		pid: 6
		did: 0
		servST: 361.48999999999995
		(h, h_ind): (-1, 0)
		load: 0.0

	Finished service at time: 371.48999999999995

	Using Machine: 5
		Task 177 -> Machine 5 (Station 4): 52.4
		Vehicle arrival at machine station: 423.88999999999993
		Waiting time until machine travel: 0.0

		Machine travel start time: 423.88999999999993
		Region 3 -> Region 0: 20.0
		Machine arrival at machine station: 443.88999999999993

		Machine 5 (Station 1)-> Task 0: 10.0
		Vehicle arrival at task: 453.88999999999993
		Waiting time until service start time: 0.0

	id: 0
		node: 82
		(x, y, z): (70, 70, 0)
		dem: 0
		earl: 0
		lat: 634
		servt: 0
		pid: 0
		did: 0
		servST: 453.88999999999993
		(h, h_ind): (5, 2)
		load: 0.0


Vehicle 25 :
	id: 0
		node: 1
		(x, y, z): (70, 70, 0)
		dem: 0
		earl: 0
		lat: 634
		servt: 0
		pid: 0
		did: 0
		servST: 10.159999999999997
		(h, h_ind): (-1, 0)
		load: 0.0

	Finished service at time: 10.159999999999997

	Task 0 -> Task 46: 28.64
	Vehicle arrival at task: 38.8
	Waiting time until service start time: 0.0

	id: 46
		node: 26
		(x, y, z): (44, 58, 0)
		dem: 30
		earl: 0
		lat: 596
		servt: 10
		pid: 0
		did: 125
		servST: 38.8
		(h, h_ind): (-1, 0)
		load: 30.0

	Finished service at time: 48.8

	Task 46 -> Task 15: 22.2
	Vehicle arrival at task: 71.0
	Waiting time until service start time: 0.0

	id: 15
		node: 11
		(x, y, z): (41, 36, 0)
		dem: 13
		earl: 61
		lat: 71
		servt: 10
		pid: 0
		did: 54
		servST: 71.0
		(h, h_ind): (-1, 0)
		load: 43.0

	Finished service at time: 81.0

	Task 15 -> Task 70: 5.39
	Vehicle arrival at task: 86.39
	Waiting time until service start time: 0.0

	id: 70
		node: 36
		(x, y, z): (36, 38, 0)
		dem: 5
		earl: 0
		lat: 578
		servt: 10
		pid: 0
		did: 164
		servST: 86.39
		(h, h_ind): (-1, 0)
		load: 48.0

	Finished service at time: 96.39

	Task 70 -> Task 164: 16.0
	Vehicle arrival at task: 112.39
	Waiting time until service start time: 0.0

	id: 164
		node: 76
		(x, y, z): (36, 54, 0)
		dem: -5
		earl: 0
		lat: 587
		servt: 10
		pid: 70
		did: 0
		servST: 112.39
		(h, h_ind): (-1, 0)
		load: 43.0

	Finished service at time: 122.39

	Task 164 -> Task 56: 22.2
	Vehicle arrival at task: 144.59
	Waiting time until service start time: 56.57

	id: 56
		node: 29
		(x, y, z): (54, 41, 0)
		dem: 9
		earl: 0
		lat: 591
		servt: 10
		pid: 0
		did: 188
		servST: 201.16
		(h, h_ind): (-1, 0)
		load: 52.0

	Finished service at time: 211.16

	Task 56 -> Task 125: 28.84
	Vehicle arrival at task: 240.0
	Waiting time until service start time: 0.0

	id: 125
		node: 66
		(x, y, z): (30, 57, 0)
		dem: -30
		earl: 240
		lat: 250
		servt: 10
		pid: 46
		did: 0
		servST: 240.0
		(h, h_ind): (-1, 0)
		load: 22.0

	Finished service at time: 250.0

	Task 125 -> Task 188: 25.24
	Vehicle arrival at task: 275.24
	Waiting time until service start time: 4.87

	id: 188
		node: 69
		(x, y, z): (44, 36, 0)
		dem: -9
		earl: 0
		lat: 582
		servt: 10
		pid: 56
		did: 0
		servST: 280.11
		(h, h_ind): (-1, 0)
		load: 13.0

	Finished service at time: 290.11

	Task 188 -> Task 65: 38.21
	Vehicle arrival at task: 328.32
	Waiting time until service start time: 0.0

	id: 65
		node: 32
		(x, y, z): (16, 62, 0)
		dem: 15
		earl: 0
		lat: 570
		servt: 10
		pid: 0
		did: 96
		servST: 328.32
		(h, h_ind): (-1, 0)
		load: 28.0

	Finished service at time: 338.32

	Task 65 -> Task 54: 18.87
	Vehicle arrival at task: 357.19
	Waiting time until service start time: 0.0

	id: 54
		node: 51
		(x, y, z): (32, 52, 0)
		dem: -13
		earl: 0
		lat: 582
		servt: 10
		pid: 15
		did: 0
		servST: 357.19
		(h, h_ind): (-1, 0)
		load: 15.0

	Finished service at time: 367.19

	Task 54 -> Task 29: 20.81
	Vehicle arrival at task: 388.0
	Waiting time until service start time: 0.0

	id: 29
		node: 19
		(x, y, z): (20, 69, 0)
		dem: 13
		earl: 388
		lat: 398
		servt: 10
		pid: 0
		did: 110
		servST: 388.0
		(h, h_ind): (-1, 0)
		load: 28.0

	Finished service at time: 398.0

	Task 29 -> Task 96: 2.24
	Vehicle arrival at task: 400.24
	Waiting time until service start time: 10.76

	id: 96
		node: 72
		(x, y, z): (18, 70, 0)
		dem: -15
		earl: 401
		lat: 411
		servt: 10
		pid: 65
		did: 0
		servST: 411.0
		(h, h_ind): (-1, 0)
		load: 13.0

	Finished service at time: 421.0

	Task 96 -> Task 110: 16.12
	Vehicle arrival at task: 437.12
	Waiting time until service start time: 0.0

	id: 110
		node: 59
		(x, y, z): (34, 72, 0)
		dem: -13
		earl: 0
		lat: 588
		servt: 10
		pid: 29
		did: 0
		servST: 437.12
		(h, h_ind): (-1, 0)
		load: 0.0

	Finished service at time: 447.12

	Using Machine: 0
		Task 110 -> Machine 0 (Station 1): 29.73
		Vehicle arrival at machine station: 476.85
		Waiting time until machine travel: 2.49

		Machine travel start time: 479.34
		Region 0 -> Region 3: 13.42
		Machine arrival at machine station: 492.76

		Machine 0 (Station 4)-> Task 52: 2.24
		Vehicle arrival at task: 495.0
		Waiting time until service start time: 0.0

	id: 52
		node: 28
		(x, y, z): (58, 95, 3)
		dem: 35
		earl: 495
		lat: 505
		servt: 10
		pid: 0
		did: 97
		servST: 495.0
		(h, h_ind): (0, 5)
		load: 35.0

	Finished service at time: 505.0

	Using Machine: 0
		Task 52 -> Machine 0 (Station 4): 2.24
		Vehicle arrival at machine station: 507.24
		Waiting time until machine travel: 0.0

		Machine travel start time: 507.24
		Region 3 -> Region 0: 13.42
		Machine arrival at machine station: 520.66

		Machine 0 (Station 1)-> Task 97: 4.47
		Vehicle arrival at task: 525.13
		Waiting time until service start time: 0.0

	id: 97
		node: 68
		(x, y, z): (58, 80, 0)
		dem: -35
		earl: 0
		lat: 609
		servt: 10
		pid: 52
		did: 0
		servST: 525.13
		(h, h_ind): (0, 6)
		load: 0.0

	Finished service at time: 535.13

	Task 97 -> Task 0: 15.62
	Vehicle arrival at task: 550.75
	Waiting time until service start time: 0.0

	id: 0
		node: 82
		(x, y, z): (70, 70, 0)
		dem: 0
		earl: 0
		lat: 634
		servt: 0
		pid: 0
		did: 0
		servST: 550.75
		(h, h_ind): (-1, 0)
		load: 0.0


Vehicle 27 :
	id: 0
		node: 1
		(x, y, z): (70, 70, 0)
		dem: 0
		earl: 0
		lat: 634
		servt: 0
		pid: 0
		did: 0
		servST: 0.8699999999999974
		(h, h_ind): (-1, 0)
		load: 0.0

	Finished service at time: 0.8699999999999974

	Using Machine: 3
		Task 0 -> Machine 3 (Station 1): 12.21
		Vehicle arrival at machine station: 13.079999999999998
		Waiting time until machine travel: 0.0

		Machine travel start time: 13.079999999999998
		Region 0 -> Region 1: 36.88
		Machine arrival at machine station: 49.96

		Machine 3 (Station 2)-> Task 67: 12.04
		Vehicle arrival at task: 62.0
		Waiting time until service start time: 0.0

	id: 67
		node: 33
		(x, y, z): (90, 44, 1)
		dem: 6
		earl: 62
		lat: 72
		servt: 10
		pid: 0
		did: 5
		servST: 62.0
		(h, h_ind): (3, 1)
		load: 6.0

	Finished service at time: 72.0

	Task 67 -> Task 36: 22.8
	Vehicle arrival at task: 94.8
	Waiting time until service start time: 0.0

	id: 36
		node: 22
		(x, y, z): (108, 30, 1)
		dem: 18
		earl: 0
		lat: 569
		servt: 10
		pid: 0
		did: 91
		servST: 94.8
		(h, h_ind): (-1, 0)
		load: 24.0

	Finished service at time: 104.8

	Task 36 -> Task 5: 11.31
	Vehicle arrival at task: 116.11
	Waiting time until service start time: 0.0

	id: 5
		node: 73
		(x, y, z): (116, 22, 1)
		dem: -6
		earl: 0
		lat: 558
		servt: 10
		pid: 67
		did: 0
		servST: 116.11
		(h, h_ind): (-1, 0)
		load: 18.0

	Finished service at time: 126.11

	Task 5 -> Task 3: 4.0
	Vehicle arrival at task: 130.11
	Waiting time until service start time: 0.0

	id: 3
		node: 3
		(x, y, z): (120, 22, 1)
		dem: 39
		earl: 124
		lat: 134
		servt: 10
		pid: 0
		did: 131
		servST: 130.11
		(h, h_ind): (-1, 0)
		load: 57.0

	Finished service at time: 140.11

	Task 3 -> Task 131: 18.11
	Vehicle arrival at task: 158.22000000000003
	Waiting time until service start time: 0.0

	id: 131
		node: 43
		(x, y, z): (138, 24, 1)
		dem: -39
		earl: 0
		lat: 542
		servt: 10
		pid: 3
		did: 0
		servST: 158.22000000000003
		(h, h_ind): (-1, 0)
		load: 18.0

	Finished service at time: 168.22000000000003

	Task 131 -> Task 27: 44.1
	Vehicle arrival at task: 212.32000000000002
	Waiting time until service start time: 0.0

	id: 27
		node: 17
		(x, y, z): (101, 0, 1)
		dem: 9
		earl: 0
		lat: 548
		servt: 10
		pid: 0
		did: 64
		servST: 212.32000000000002
		(h, h_ind): (-1, 0)
		load: 27.0

	Finished service at time: 222.32000000000002

	Task 27 -> Task 28: 17.8
	Vehicle arrival at task: 240.12000000000003
	Waiting time until service start time: 0.0

	id: 28
		node: 18
		(x, y, z): (90, 14, 1)
		dem: 31
		earl: 0
		lat: 565
		servt: 10
		pid: 0
		did: 182
		servST: 240.12000000000003
		(h, h_ind): (-1, 0)
		load: 58.0

	Finished service at time: 250.12000000000003

	Task 28 -> Task 64: 7.28
	Vehicle arrival at task: 257.40000000000003
	Waiting time until service start time: 0.0

	id: 64
		node: 57
		(x, y, z): (97, 12, 1)
		dem: -9
		earl: 0
		lat: 561
		servt: 10
		pid: 27
		did: 0
		servST: 257.40000000000003
		(h, h_ind): (-1, 0)
		load: 49.0

	Finished service at time: 267.40000000000003

	Task 64 -> Task 182: 14.42
	Vehicle arrival at task: 281.82000000000005
	Waiting time until service start time: 0.0

	id: 182
		node: 58
		(x, y, z): (89, 24, 1)
		dem: -31
		earl: 0
		lat: 575
		servt: 10
		pid: 28
		did: 0
		servST: 281.82000000000005
		(h, h_ind): (-1, 0)
		load: 18.0

	Finished service at time: 291.82000000000005

	Task 182 -> Task 91: 15.23
	Vehicle arrival at task: 307.05000000000007
	Waiting time until service start time: 0.0

	id: 91
		node: 62
		(x, y, z): (83, 38, 1)
		dem: -18
		earl: 0
		lat: 590
		servt: 10
		pid: 36
		did: 0
		servST: 307.05000000000007
		(h, h_ind): (-1, 0)
		load: 0.0

	Finished service at time: 317.05000000000007

	Using Machine: 4
		Task 91 -> Machine 4 (Station 2): 18.38
		Vehicle arrival at machine station: 335.43000000000006
		Waiting time until machine travel: 0.0

		Machine travel start time: 335.43000000000006
		Region 1 -> Region 0: 35.38
		Machine arrival at machine station: 370.81000000000006

		Machine 4 (Station 1)-> Task 0: 10.82
		Vehicle arrival at task: 381.63000000000005
		Waiting time until service start time: 0.0

	id: 0
		node: 82
		(x, y, z): (70, 70, 0)
		dem: 0
		earl: 0
		lat: 634
		servt: 0
		pid: 0
		did: 0
		servST: 381.63000000000005
		(h, h_ind): (4, 2)
		load: 0.0


Vehicle 31 :
	id: 0
		node: 1
		(x, y, z): (70, 70, 0)
		dem: 0
		earl: 0
		lat: 634
		servt: 0
		pid: 0
		did: 0
		servST: 15.049999999999997
		(h, h_ind): (-1, 0)
		load: 0.0

	Finished service at time: 15.049999999999997

	Using Machine: 5
		Task 0 -> Machine 5 (Station 1): 10.0
		Vehicle arrival at machine station: 25.049999999999997
		Waiting time until machine travel: 0.0

		Machine travel start time: 25.049999999999997
		Region 0 -> Region 2: 17.8
		Machine arrival at machine station: 42.849999999999994

		Machine 5 (Station 3)-> Task 21: 61.0
		Vehicle arrival at task: 103.85
		Waiting time until service start time: 0.0

	id: 21
		node: 15
		(x, y, z): (138, 78, 2)
		dem: 43
		earl: 0
		lat: 556
		servt: 10
		pid: 0
		did: 123
		servST: 103.85
		(h, h_ind): (5, 1)
		load: 43.0

	Finished service at time: 113.85

	Task 21 -> Task 8: 49.04
	Vehicle arrival at task: 162.89
	Waiting time until service start time: 0.0

	id: 8
		node: 6
		(x, y, z): (121, 124, 2)
		dem: 21
		earl: 0
		lat: 550
		servt: 10
		pid: 0
		did: 40
		servST: 162.89
		(h, h_ind): (-1, 0)
		load: 64.0

	Finished service at time: 172.89

	Task 8 -> Task 2: 19.21
	Vehicle arrival at task: 192.1
	Waiting time until service start time: 0.0

	id: 2
		node: 2
		(x, y, z): (109, 139, 2)
		dem: 8
		earl: 0
		lat: 545
		servt: 10
		pid: 0
		did: 121
		servST: 192.1
		(h, h_ind): (-1, 0)
		load: 72.0

	Finished service at time: 202.1

	Task 2 -> Task 123: 61.72
	Vehicle arrival at task: 263.82
	Waiting time until service start time: 0.0

	id: 123
		node: 55
		(x, y, z): (137, 84, 2)
		dem: -43
		earl: 0
		lat: 556
		servt: 10
		pid: 21
		did: 0
		servST: 263.82
		(h, h_ind): (-1, 0)
		load: 29.0

	Finished service at time: 273.82

	Task 123 -> Task 69: 34.79
	Vehicle arrival at task: 308.61
	Waiting time until service start time: 0.0

	id: 69
		node: 35
		(x, y, z): (104, 73, 2)
		dem: 17
		earl: 0
		lat: 590
		servt: 10
		pid: 0
		did: 1
		servST: 308.61
		(h, h_ind): (-1, 0)
		load: 46.0

	Finished service at time: 318.61

	Task 69 -> Task 1: 5.0
	Vehicle arrival at task: 323.61
	Waiting time until service start time: 0.0

	id: 1
		node: 75
		(x, y, z): (107, 77, 2)
		dem: -17
		earl: 0
		lat: 587
		servt: 10
		pid: 69
		did: 0
		servST: 323.61
		(h, h_ind): (-1, 0)
		load: 29.0

	Finished service at time: 333.61

	Task 1 -> Task 121: 40.5
	Vehicle arrival at task: 374.11
	Waiting time until service start time: 0.0

	id: 121
		node: 42
		(x, y, z): (85, 111, 2)
		dem: -8
		earl: 0
		lat: 581
		servt: 10
		pid: 2
		did: 0
		servST: 374.11
		(h, h_ind): (-1, 0)
		load: 21.0

	Finished service at time: 384.11

	Task 121 -> Task 40: 27.89
	Vehicle arrival at task: 412.0
	Waiting time until service start time: 0.0

	id: 40
		node: 46
		(x, y, z): (92, 138, 2)
		dem: -21
		earl: 412
		lat: 422
		servt: 10
		pid: 8
		did: 0
		servST: 412.0
		(h, h_ind): (-1, 0)
		load: 0.0

	Finished service at time: 422.0

	Task 40 -> Task 16: 40.31
	Vehicle arrival at task: 462.31
	Waiting time until service start time: 0.0

	id: 16
		node: 12
		(x, y, z): (132, 133, 2)
		dem: 24
		earl: 0
		lat: 536
		servt: 10
		pid: 0
		did: 60
		servST: 462.31
		(h, h_ind): (-1, 0)
		load: 24.0

	Finished service at time: 472.31

	Task 16 -> Task 60: 69.64
	Vehicle arrival at task: 541.95
	Waiting time until service start time: 0.0

	id: 60
		node: 52
		(x, y, z): (73, 96, 2)
		dem: -24
		earl: 0
		lat: 598
		servt: 10
		pid: 16
		did: 0
		servST: 541.95
		(h, h_ind): (-1, 0)
		load: 0.0

	Finished service at time: 551.95

	Using Machine: 3
		Task 60 -> Machine 3 (Station 3): 2.0
		Vehicle arrival at machine station: 553.95
		Waiting time until machine travel: 0.0

		Machine travel start time: 553.95
		Region 2 -> Region 0: 17.89
		Machine arrival at machine station: 571.84

		Machine 3 (Station 1)-> Task 0: 12.21
		Vehicle arrival at task: 584.0500000000001
		Waiting time until service start time: 0.0

	id: 0
		node: 82
		(x, y, z): (70, 70, 0)
		dem: 0
		earl: 0
		lat: 634
		servt: 0
		pid: 0
		did: 0
		servST: 584.0500000000001
		(h, h_ind): (3, 2)
		load: 0.0


Vehicle 35 :
	id: 0
		node: 1
		(x, y, z): (70, 70, 0)
		dem: 0
		earl: 0
		lat: 634
		servt: 0
		pid: 0
		did: 0
		servST: 0.769999999999996
		(h, h_ind): (-1, 0)
		load: 0.0

	Finished service at time: 0.769999999999996

	Using Machine: 4
		Task 0 -> Machine 4 (Station 1): 10.82
		Vehicle arrival at machine station: 11.589999999999996
		Waiting time until machine travel: 0.0

		Machine travel start time: 11.589999999999996
		Region 0 -> Region 1: 35.38
		Machine arrival at machine station: 46.97

		Machine 4 (Station 2)-> Task 63: 17.03
		Vehicle arrival at task: 64.0
		Waiting time until service start time: 0.0

	id: 63
		node: 31
		(x, y, z): (103, 44, 1)
		dem: 12
		earl: 54
		lat: 64
		servt: 10
		pid: 0
		did: 150
		servST: 64.0
		(h, h_ind): (4, 1)
		load: 12.0

	Finished service at time: 74.0

	Task 63 -> Task 7: 17.46
	Vehicle arrival at task: 91.46000000000001
	Waiting time until service start time: 0.0

	id: 7
		node: 5
		(x, y, z): (86, 40, 1)
		dem: 22
		earl: 0
		lat: 590
		servt: 10
		pid: 0
		did: 41
		servST: 91.46000000000001
		(h, h_ind): (-1, 0)
		load: 34.0

	Finished service at time: 101.46000000000001

	Task 7 -> Task 41: 6.4
	Vehicle arrival at task: 107.86000000000001
	Waiting time until service start time: 0.0

	id: 41
		node: 45
		(x, y, z): (81, 36, 1)
		dem: -22
		earl: 0
		lat: 589
		servt: 10
		pid: 7
		did: 0
		servST: 107.86000000000001
		(h, h_ind): (-1, 0)
		load: 12.0

	Finished service at time: 117.86000000000001

	Task 41 -> Task 150: 18.11
	Vehicle arrival at task: 135.97000000000003
	Waiting time until service start time: 3.89

	id: 150
		node: 71
		(x, y, z): (99, 34, 1)
		dem: -12
		earl: 0
		lat: 578
		servt: 10
		pid: 63
		did: 0
		servST: 139.86
		(h, h_ind): (-1, 0)
		load: 0.0

	Finished service at time: 149.86

	Task 150 -> Task 68: 14.14
	Vehicle arrival at task: 164.0
	Waiting time until service start time: 0.0

	id: 68
		node: 34
		(x, y, z): (113, 32, 1)
		dem: 36
		earl: 154
		lat: 164
		servt: 10
		pid: 0
		did: 116
		servST: 164.0
		(h, h_ind): (-1, 0)
		load: 36.0

	Finished service at time: 174.0

	Task 68 -> Task 51: 44.41
	Vehicle arrival at task: 218.41
	Waiting time until service start time: 0.0

	id: 51
		node: 27
		(x, y, z): (139, 68, 1)
		dem: 25
		earl: 0
		lat: 555
		servt: 10
		pid: 0
		did: 126
		servST: 218.41
		(h, h_ind): (-1, 0)
		load: 61.0

	Finished service at time: 228.41

	Task 51 -> Task 126: 4.0
	Vehicle arrival at task: 232.41
	Waiting time until service start time: 0.0

	id: 126
		node: 67
		(x, y, z): (139, 72, 1)
		dem: -25
		earl: 0
		lat: 555
		servt: 10
		pid: 51
		did: 0
		servST: 232.41
		(h, h_ind): (-1, 0)
		load: 36.0

	Finished service at time: 242.41

	Task 126 -> Task 44: 45.22
	Vehicle arrival at task: 287.63
	Waiting time until service start time: 9.75

	id: 44
		node: 24
		(x, y, z): (113, 35, 1)
		dem: 9
		earl: 0
		lat: 569
		servt: 10
		pid: 0
		did: 172
		servST: 297.38
		(h, h_ind): (-1, 0)
		load: 45.0

	Finished service at time: 307.38

	Task 44 -> Task 116: 7.62
	Vehicle arrival at task: 315.0
	Waiting time until service start time: 0.0

	id: 116
		node: 74
		(x, y, z): (110, 28, 1)
		dem: -36
		earl: 315
		lat: 325
		servt: 10
		pid: 68
		did: 0
		servST: 315.0
		(h, h_ind): (-1, 0)
		load: 9.0

	Finished service at time: 325.0

	Task 116 -> Task 14: 25.3
	Vehicle arrival at task: 350.3
	Waiting time until service start time: 5.7

	id: 14
		node: 10
		(x, y, z): (102, 52, 1)
		dem: 15
		earl: 0
		lat: 588
		servt: 10
		pid: 0
		did: 197
		servST: 356.0
		(h, h_ind): (-1, 0)
		load: 24.0

	Finished service at time: 366.0

	Task 14 -> Task 172: 18.0
	Vehicle arrival at task: 384.0
	Waiting time until service start time: 0.0

	id: 172
		node: 64
		(x, y, z): (120, 52, 1)
		dem: -9
		earl: 384
		lat: 394
		servt: 10
		pid: 44
		did: 0
		servST: 384.0
		(h, h_ind): (-1, 0)
		load: 15.0

	Finished service at time: 394.0

	Task 172 -> Task 79: 9.9
	Vehicle arrival at task: 403.9
	Waiting time until service start time: 0.0

	id: 79
		node: 41
		(x, y, z): (113, 45, 1)
		dem: 4
		earl: 0
		lat: 575
		servt: 10
		pid: 0
		did: 18
		servST: 403.9
		(h, h_ind): (-1, 0)
		load: 19.0

	Finished service at time: 413.9

	Task 79 -> Task 11: 26.4
	Vehicle arrival at task: 440.29999999999995
	Waiting time until service start time: 0.0

	id: 11
		node: 8
		(x, y, z): (129, 24, 1)
		dem: 18
		earl: 0
		lat: 550
		servt: 10
		pid: 0
		did: 158
		servST: 440.29999999999995
		(h, h_ind): (-1, 0)
		load: 37.0

	Finished service at time: 450.29999999999995

	Task 11 -> Task 158: 24.7
	Vehicle arrival at task: 474.99999999999994
	Waiting time until service start time: 0.0

	id: 158
		node: 48
		(x, y, z): (120, 47, 1)
		dem: -18
		earl: 0
		lat: 569
		servt: 10
		pid: 11
		did: 0
		servST: 474.99999999999994
		(h, h_ind): (-1, 0)
		load: 19.0

	Finished service at time: 484.99999999999994

	Task 158 -> Task 18: 17.46
	Vehicle arrival at task: 502.4599999999999
	Waiting time until service start time: 5.5

	id: 18
		node: 81
		(x, y, z): (104, 54, 1)
		dem: -4
		earl: 0
		lat: 587
		servt: 10
		pid: 79
		did: 0
		servST: 507.96
		(h, h_ind): (-1, 0)
		load: 15.0

	Finished service at time: 517.96

	Task 18 -> Task 197: 13.04
	Vehicle arrival at task: 531.0
	Waiting time until service start time: 0.0

	id: 197
		node: 50
		(x, y, z): (93, 61, 1)
		dem: -15
		earl: 531
		lat: 541
		servt: 10
		pid: 14
		did: 0
		servST: 531.0
		(h, h_ind): (-1, 0)
		load: 0.0

	Finished service at time: 541.0

	Using Machine: 5
		Task 197 -> Machine 5 (Station 2): 5.1
		Vehicle arrival at machine station: 546.1
		Waiting time until machine travel: 0.0

		Machine travel start time: 546.1
		Region 1 -> Region 0: 37.58
		Machine arrival at machine station: 583.6800000000001

		Machine 5 (Station 1)-> Task 0: 10.0
		Vehicle arrival at task: 593.6800000000001
		Waiting time until service start time: 0.0

	id: 0
		node: 82
		(x, y, z): (70, 70, 0)
		dem: 0
		earl: 0
		lat: 634
		servt: 0
		pid: 0
		did: 0
		servST: 593.6800000000001
		(h, h_ind): (5, 3)
		load: 0.0


Vehicle 36 :
	id: 0
		node: 1
		(x, y, z): (70, 70, 0)
		dem: 0
		earl: 0
		lat: 634
		servt: 0
		pid: 0
		did: 0
		servST: 12.089999999999996
		(h, h_ind): (-1, 0)
		load: 0.0

	Finished service at time: 12.089999999999996

	Task 0 -> Task 72: 40.31
	Vehicle arrival at task: 52.4
	Waiting time until service start time: 0.0

	id: 72
		node: 37
		(x, y, z): (54, 33, 0)
		dem: 20
		earl: 0
		lat: 584
		servt: 10
		pid: 0
		did: 71
		servST: 52.4
		(h, h_ind): (-1, 0)
		load: 20.0

	Finished service at time: 62.4

	Task 72 -> Task 71: 48.6
	Vehicle arrival at task: 111.0
	Waiting time until service start time: 0.0

	id: 71
		node: 77
		(x, y, z): (15, 4, 0)
		dem: -20
		earl: 111
		lat: 121
		servt: 10
		pid: 72
		did: 0
		servST: 111.0
		(h, h_ind): (-1, 0)
		load: 0.0

	Finished service at time: 121.0

	Task 71 -> Task 0: 85.91
	Vehicle arrival at task: 206.91
	Waiting time until service start time: 0.0

	id: 0
		node: 82
		(x, y, z): (70, 70, 0)
		dem: 0
		earl: 0
		lat: 634
		servt: 0
		pid: 0
		did: 0
		servST: 206.91
		(h, h_ind): (-1, 0)
		load: 0.0


---------------------| MACHINES |---------------------

Machine 0 :
	setup duration: 0.0

	vehicle: 21
	vehicleInd: 2
	(orig, dest): (0, 73)
	(origRegion, destRegion): (0, 2)
	st: 16.89
	duration: 14.87

	setup duration: 0.0

	vehicle: 21
	vehicleInd: 3
	(orig, dest): (73, 194)
	(origRegion, destRegion): (2, 3)
	st: 46.24
	duration: 16.03

	setup duration: 0.0

	vehicle: 18
	vehicleInd: 6
	(orig, dest): (34, 45)
	(origRegion, destRegion): (3, 0)
	st: 261.69
	duration: 13.42

	setup duration: 0.0

	vehicle: 18
	vehicleInd: 7
	(orig, dest): (45, 118)
	(origRegion, destRegion): (0, 3)
	st: 290.77
	duration: 13.42

	setup duration: 13.42

	vehicle: 25
	vehicleInd: 14
	(orig, dest): (110, 52)
	(origRegion, destRegion): (0, 3)
	st: 479.34
	duration: 13.42

	setup duration: 0.0

	vehicle: 25
	vehicleInd: 15
	(orig, dest): (52, 97)
	(origRegion, destRegion): (3, 0)
	st: 507.24
	duration: 13.42


Machine 1 :
	setup duration: 0.0

	vehicle: 1
	vehicleInd: 4
	(orig, dest): (43, 178)
	(origRegion, destRegion): (0, 3)
	st: 185.32999999999998
	duration: 14.76

	setup duration: 0.0

	vehicle: 1
	vehicleInd: 10
	(orig, dest): (114, 0)
	(origRegion, destRegion): (3, 0)
	st: 407.87
	duration: 14.76

	setup duration: 14.76

	vehicle: 18
	vehicleInd: 11
	(orig, dest): (74, 39)
	(origRegion, destRegion): (3, 0)
	st: 491.8999999999999
	duration: 14.76


Machine 2 :
	setup duration: 0.0

	vehicle: 18
	vehicleInd: 2
	(orig, dest): (0, 30)
	(origRegion, destRegion): (0, 3)
	st: 24.379999999999995
	duration: 19.24

	setup duration: 0.0

	vehicle: 18
	vehicleInd: 8
	(orig, dest): (118, 111)
	(origRegion, destRegion): (3, 2)
	st: 351.4
	duration: 17.89

	setup duration: 0.0

	vehicle: 18
	vehicleInd: 9
	(orig, dest): (111, 138)
	(origRegion, destRegion): (2, 3)
	st: 405.28999999999996
	duration: 17.89


Machine 3 :
	setup duration: 0.0

	vehicle: 27
	vehicleInd: 2
	(orig, dest): (0, 67)
	(origRegion, destRegion): (0, 1)
	st: 13.079999999999998
	duration: 36.88

	setup duration: 44.72

	vehicle: 31
	vehicleInd: 12
	(orig, dest): (60, 0)
	(origRegion, destRegion): (2, 0)
	st: 553.95
	duration: 17.89


Machine 4 :
	setup duration: 0.0

	vehicle: 35
	vehicleInd: 2
	(orig, dest): (0, 63)
	(origRegion, destRegion): (0, 1)
	st: 11.589999999999996
	duration: 35.38

	setup duration: 0.0

	vehicle: 27
	vehicleInd: 12
	(orig, dest): (91, 0)
	(origRegion, destRegion): (1, 0)
	st: 335.43000000000006
	duration: 35.38


Machine 5 :
	setup duration: 0.0

	vehicle: 31
	vehicleInd: 2
	(orig, dest): (0, 21)
	(origRegion, destRegion): (0, 2)
	st: 25.049999999999997
	duration: 17.8

	setup duration: 26.48

	vehicle: 21
	vehicleInd: 12
	(orig, dest): (177, 0)
	(origRegion, destRegion): (3, 0)
	st: 423.88999999999993
	duration: 20.0

	setup duration: 37.58

	vehicle: 35
	vehicleInd: 18
	(orig, dest): (197, 0)
	(origRegion, destRegion): (1, 0)
	st: 546.1
	duration: 37.58


-------------------| COMPL. TIMES |-------------------

Vehicle 0 : 0.0
Vehicle 1 : 425.66
Vehicle 2 : 0.0
Vehicle 3 : 0.0
Vehicle 4 : 0.0
Vehicle 5 : 0.0
Vehicle 6 : 0.0
Vehicle 7 : 0.0
Vehicle 8 : 0.0
Vehicle 9 : 0.0
Vehicle 10 : 0.0
Vehicle 11 : 0.0
Vehicle 12 : 0.0
Vehicle 13 : 0.0
Vehicle 14 : 0.0
Vehicle 15 : 0.0
Vehicle 16 : 0.0
Vehicle 17 : 0.0
Vehicle 18 : 546.6399999999999
Vehicle 19 : 0.0
Vehicle 20 : 0.0
Vehicle 21 : 451.4199999999999
Vehicle 22 : 0.0
Vehicle 23 : 0.0
Vehicle 24 : 0.0
Vehicle 25 : 540.59
Vehicle 26 : 0.0
Vehicle 27 : 380.76000000000005
Vehicle 28 : 0.0
Vehicle 29 : 0.0
Vehicle 30 : 0.0
Vehicle 31 : 569.0000000000001
Vehicle 32 : 0.0
Vehicle 33 : 0.0
Vehicle 34 : 0.0
Vehicle 35 : 592.9100000000001
Vehicle 36 : 194.82
Vehicle 37 : 0.0
Vehicle 38 : 0.0
Vehicle 39 : 0.0
-------------------| STATISTICS |-------------------

    Vehicles used                           : 20.0
    Machines used                           : 100.0
    Max load (vehicles)                     : 100.0
    Min load (vehicles)                     : 23.2558
    Mean load (vehicles)                    : 66.4244
    Min completion time                     : 30.7287
    Max completion time                     : 93.5189
    Mean completion time                    : 72.985
    Avrg travel time (with vehicle)         : 13.7158
    Avrg travel time (only with vehicle)    : 10.1154
    Avrg travel time (no vehicle)           : 3.6004
    Avrg waiting time (machine travel)      : 0.0576
    Avrg waiting time (service)             : 0.2042
    Machines travel times (with vehicle)    : [15.4574, 9.3123, 8.6782, 15.6924, 11.1609, 21.9937]
    Machines travel times (no vehicle)      : [2.1167, 2.3281, 0.0, 7.0536, 0.0, 10.1041]
    Max load per vehicle                    : [0.0, 50.0, 0.0, 0.0, 0.0, 0.0, 0.0, 0.0, 0.0, 0.0, 0.0, 0.0, 0.0, 0.0, 0.0, 0.0, 0.0, 0.0, 65.2778, 0.0, 0.0, 47.6744, 0.0, 0.0, 0.0, 60.4651, 0.0, 100.0, 0.0, 0.0, 0.0, 100.0, 0.0, 0.0, 0.0, 84.7222, 23.2558, 0.0, 0.0, 0.0]

----------------------------------------------------

TOTAL: 3701.8000000000006

Everything is awesome!
