-------------------| STATISTICS |-------------------

Vehicles used                           : 10.0
Machines used                           : 100.0
Max load (vehicles)                     : 90.7692
Min load (vehicles)                     : 75.3846
Mean load (vehicles)                    : 82.8846
Min completion time                     : 20.7057
Max completion time                     : 90.8765
Mean completion time                    : 61.7401
Avrg travel time (with vehicle)         : 3.5897
Avrg travel time (only with vehicle)    : 2.6824
Avrg travel time (no vehicle)           : 0.9073
Avrg waiting time (machine travel)      : 0.0
Avrg waiting time (service)             : 0.0
Machines travel times (with vehicle)    : [0.3945, 2.7613, 1.7751, 5.1282, 7.8895]
Machines travel times (no vehicle)      : [0.0, 0.789, 0.0, 1.3807, 2.3669]
Max load per vehicle                    : [0.0, 75.3846, 0.0, 0.0, 0.0, 0.0, 0.0, 0.0, 0.0, 0.0, 85.8974, 0.0, 0.0, 0.0, 0.0, 0.0, 0.0, 0.0, 0.0, 0.0, 0.0, 0.0, 0.0, 0.0, 0.0, 0.0, 0.0, 90.7692, 0.0, 0.0, 0.0, 0.0, 0.0, 0.0, 0.0, 0.0, 0.0, 79.4872, 0.0, 0.0]

----------------------------------------------------

TOTAL: 6260.45

Everything is awesome!
