Set parameter WLSAccessID
Set parameter WLSSecret
Set parameter LicenseID to value 2661775
Academic license 2661775 - for non-commercial use only - registered to me___@dcc.ufba.br
Loading line 2: methodType heur
Loading line 3: methodCode mslp
Loading line 4: seed 0
Loading line 5: threads 1
Loading line 6: greedy_service_order random
Loading line 7: outputFlagGrbMSLP 0
Loading line 8: mslpa 60000
Loading line 9: mslpr I
Loading line 10: maxtime 3600
Loading line 11: output ./logs/
Loading line 12: printsol 1
Loading line 13: solverMethod A
Loading line 14: alpha 0.05 # selected from preliminary experiments
Instance: LR2_2_4_t2_40R_40V_02F_06M

[15:26:03.717] Running Data.readData with file /dados/rmelo/PDPTW-SE/benchmark_multi_floor_v3/official_experiments/multistartlp/official/set_01_pt_01/../../../../instances/orig_ams_fg/40R_40V_02F_06M/t2/LR2_2_4/
vehicles: Vehicle[Vehicle(0, 52), Vehicle(1, 65), Vehicle(2, 78), Vehicle(3, 52), Vehicle(4, 65), Vehicle(5, 52), Vehicle(6, 65), Vehicle(7, 52), Vehicle(8, 52), Vehicle(9, 65), Vehicle(10, 78), Vehicle(11, 65), Vehicle(12, 65), Vehicle(13, 65), Vehicle(14, 52), Vehicle(15, 78), Vehicle(16, 78), Vehicle(17, 52), Vehicle(18, 65), Vehicle(19, 65), Vehicle(20, 52), Vehicle(21, 65), Vehicle(22, 52), Vehicle(23, 65), Vehicle(24, 78), Vehicle(25, 52), Vehicle(26, 78), Vehicle(27, 65), Vehicle(28, 65), Vehicle(29, 52), Vehicle(30, 65), Vehicle(31, 78), Vehicle(32, 78), Vehicle(33, 78), Vehicle(34, 65), Vehicle(35, 52), Vehicle(36, 65), Vehicle(37, 78), Vehicle(38, 65), Vehicle(39, 78)]
vehicle_types: Vehicle[Vehicle(0, 52), Vehicle(1, 65), Vehicle(2, 78)]
Machine[Machine(0, Point[Point(73, 70, 0), Point(73, 70, 1)], 0.2), Machine(1, Point[Point(69, 70, 0), Point(69, 70, 1)], 0.2), Machine(2, Point[Point(75, 70, 0), Point(75, 70, 1)], 0.2), Machine(3, Point[Point(67, 70, 0), Point(67, 70, 1)], 0.2), Machine(4, Point[Point(77, 70, 0), Point(77, 70, 1)], 0.2), Machine(5, Point[Point(65, 70, 0), Point(65, 70, 1)], 0.2)]
refs: [1, 2, 3, 8, 9, 11, 12, 13, 15, 16, 17, 19, 22, 25, 26, 27, 28, 29, 31, 33, 34, 36, 37, 38, 39, 40, 41, 42, 43, 44, 47, 48, 50, 52, 55, 56, 57, 58, 59, 60, 61, 80, 45, 74, 78, 76, 35, 79, 81, 54, 4, 46, 5, 73, 49, 10, 21, 14, 67, 62, 51, 53, 30, 18, 64, 75, 24, 72, 66, 63, 71, 23, 69, 7, 77, 68, 65, 20, 32, 6, 70, 1]
V: [1, 2, 3, 4, 5, 6, 7, 8, 9, 10, 11, 12, 13, 14, 15, 16, 17, 18, 19, 20, 21, 22, 23, 24, 25, 26, 27, 28, 29, 30, 31, 32, 33, 34, 35, 36, 37, 38, 39, 40, 41, 42, 43, 44, 45, 46, 47, 48, 49, 50, 51, 52, 53, 54, 55, 56, 57, 58, 59, 60, 61, 62, 63, 64, 65, 66, 67, 68, 69, 70, 71, 72, 73, 74, 75, 76, 77, 78, 79, 80, 81]
V_p: [2, 3, 4, 5, 6, 7, 8, 9, 10, 11, 12, 13, 14, 15, 16, 17, 18, 19, 20, 21, 22, 23, 24, 25, 26, 27, 28, 29, 30, 31, 32, 33, 34, 35, 36, 37, 38, 39, 40, 41]
V_d: [42, 43, 44, 45, 46, 47, 48, 49, 50, 51, 52, 53, 54, 55, 56, 57, 58, 59, 60, 61, 62, 63, 64, 65, 66, 67, 68, 69, 70, 71, 72, 73, 74, 75, 76, 77, 78, 79, 80, 81]
Vprime: [1, 2, 3, 4, 5, 6, 7, 8, 9, 10, 11, 12, 13, 14, 15, 16, 17, 18, 19, 20, 21, 22, 23, 24, 25, 26, 27, 28, 29, 30, 31, 32, 33, 34, 35, 36, 37, 38, 39, 40, 41, 42, 43, 44, 45, 46, 47, 48, 49, 50, 51, 52, 53, 54, 55, 56, 57, 58, 59, 60, 61, 62, 63, 64, 65, 66, 67, 68, 69, 70, 71, 72, 73, 74, 75, 76, 77, 78, 79, 80, 81, 82]
V: [1, 2, 3, 4, 5, 6, 7, 8, 9, 10, 11, 12, 13, 14, 15, 16, 17, 18, 19, 20, 21, 22, 23, 24, 25, 26, 27, 28, 29, 30, 31, 32, 33, 34, 35, 36, 37, 38, 39, 40, 41, 42, 43, 44, 45, 46, 47, 48, 49, 50, 51, 52, 53, 54, 55, 56, 57, 58, 59, 60, 61, 62, 63, 64, 65, 66, 67, 68, 69, 70, 71, 72, 73, 74, 75, 76, 77, 78, 79, 80, 81]
q: [0, 9, 13, 10, 22, 17, 8, 15, 27, 8, 20, 13, 11, 8, 20, 36, 15, 6, 15, 15, 16, 1, 34, 13, 20, 10, 9, 13, 37, 1, 31, 19, 12, 9, 10, 18, 1, 21, 39, 20, 15, -9, -13, -10, -22, -17, -8, -15, -27, -8, -20, -13, -11, -8, -20, -36, -15, -6, -15, -15, -16, -1, -34, -13, -20, -10, -9, -13, -37, -1, -31, -19, -12, -9, -10, -18, -1, -21, -39, -20, -15, 0]
H: [1, 2, 3, 4, 5, 6]
f: [[1, 1, 1, 1, 1, 1], [1, 1, 1, 1, 1, 1], [1, 1, 1, 1, 1, 1], [1, 1, 1, 1, 1, 1], [2, 2, 2, 2, 2, 2], [2, 2, 2, 2, 2, 2], [1, 1, 1, 1, 1, 1], [1, 1, 1, 1, 1, 1], [2, 2, 2, 2, 2, 2], [2, 2, 2, 2, 2, 2], [2, 2, 2, 2, 2, 2], [2, 2, 2, 2, 2, 2], [2, 2, 2, 2, 2, 2], [1, 1, 1, 1, 1, 1], [2, 2, 2, 2, 2, 2], [2, 2, 2, 2, 2, 2], [2, 2, 2, 2, 2, 2], [1, 1, 1, 1, 1, 1], [1, 1, 1, 1, 1, 1], [1, 1, 1, 1, 1, 1], [2, 2, 2, 2, 2, 2], [1, 1, 1, 1, 1, 1], [1, 1, 1, 1, 1, 1], [2, 2, 2, 2, 2, 2], [1, 1, 1, 1, 1, 1], [2, 2, 2, 2, 2, 2], [2, 2, 2, 2, 2, 2], [1, 1, 1, 1, 1, 1], [2, 2, 2, 2, 2, 2], [2, 2, 2, 2, 2, 2], [2, 2, 2, 2, 2, 2], [1, 1, 1, 1, 1, 1], [1, 1, 1, 1, 1, 1], [2, 2, 2, 2, 2, 2], [2, 2, 2, 2, 2, 2], [1, 1, 1, 1, 1, 1], [1, 1, 1, 1, 1, 1], [1, 1, 1, 1, 1, 1], [1, 1, 1, 1, 1, 1], [2, 2, 2, 2, 2, 2], [2, 2, 2, 2, 2, 2], [1, 1, 1, 1, 1, 1], [2, 2, 2, 2, 2, 2], [1, 1, 1, 1, 1, 1], [1, 1, 1, 1, 1, 1], [1, 1, 1, 1, 1, 1], [1, 1, 1, 1, 1, 1], [1, 1, 1, 1, 1, 1], [2, 2, 2, 2, 2, 2], [1, 1, 1, 1, 1, 1], [2, 2, 2, 2, 2, 2], [1, 1, 1, 1, 1, 1], [1, 1, 1, 1, 1, 1], [1, 1, 1, 1, 1, 1], [1, 1, 1, 1, 1, 1], [1, 1, 1, 1, 1, 1], [2, 2, 2, 2, 2, 2], [1, 1, 1, 1, 1, 1], [1, 1, 1, 1, 1, 1], [1, 1, 1, 1, 1, 1], [1, 1, 1, 1, 1, 1], [1, 1, 1, 1, 1, 1], [1, 1, 1, 1, 1, 1], [1, 1, 1, 1, 1, 1], [1, 1, 1, 1, 1, 1], [2, 2, 2, 2, 2, 2], [1, 1, 1, 1, 1, 1], [2, 2, 2, 2, 2, 2], [2, 2, 2, 2, 2, 2], [2, 2, 2, 2, 2, 2], [1, 1, 1, 1, 1, 1], [2, 2, 2, 2, 2, 2], [1, 1, 1, 1, 1, 1], [1, 1, 1, 1, 1, 1], [1, 1, 1, 1, 1, 1], [1, 1, 1, 1, 1, 1], [1, 1, 1, 1, 1, 1], [1, 1, 1, 1, 1, 1], [1, 1, 1, 1, 1, 1], [2, 2, 2, 2, 2, 2], [1, 1, 1, 1, 1, 1], [1, 1, 1, 1, 1, 1]]
1 1 1 -> 0.0
1 2 1 -> 5.0
2 1 1 -> 5.0
2 2 1 -> 0.0
1 1 2 -> 0.0
1 2 2 -> 5.0
2 1 2 -> 5.0
2 2 2 -> 0.0
1 1 3 -> 0.0
1 2 3 -> 5.0
2 1 3 -> 5.0
2 2 3 -> 0.0
1 1 4 -> 0.0
1 2 4 -> 5.0
2 1 4 -> 5.0
2 2 4 -> 0.0
1 1 5 -> 0.0
1 2 5 -> 5.0
2 1 5 -> 5.0
2 2 5 -> 0.0
1 1 6 -> 0.0
1 2 6 -> 5.0
2 1 6 -> 5.0
2 2 6 -> 0.0
o: (1, 2, 1) => 5.0
o: (1, 2, 5) => 5.0
o: (1, 2, 3) => 5.0
o: (1, 1, 2) => 0.0
o: (2, 2, 6) => 0.0
o: (2, 1, 4) => 5.0
o: (1, 2, 2) => 5.0
o: (1, 1, 6) => 0.0
o: (2, 1, 1) => 5.0
o: (2, 1, 5) => 5.0
o: (2, 1, 3) => 5.0
o: (2, 2, 4) => 0.0
o: (1, 2, 6) => 5.0
o: (2, 2, 1) => 0.0
o: (2, 2, 5) => 0.0
o: (2, 2, 3) => 0.0
o: (2, 1, 2) => 5.0
o: (1, 1, 4) => 0.0
o: (1, 1, 1) => 0.0
o: (1, 1, 5) => 0.0
o: (1, 1, 3) => 0.0
o: (1, 2, 4) => 5.0
o: (2, 2, 2) => 0.0
o: (2, 1, 6) => 5.0

[118, 2717, 2707, 2637, 2627, 2632, 2546, 6]
JOBS in the order of refs (Vprime)
Node 1: Job(0, Point(70, 70, 0), 0, 0, 2535, 0, 0, 0)
Node 2: Job(1, Point(101, 0, 0), 9, 1973, 2130, 10, 0, 172)
Node 3: Job(9, Point(107, 25, 0), 13, 1133, 1176, 10, 0, 71)
Node 4: Job(17, Point(46, 112, 0), 10, 1133, 1274, 10, 0, 153)
Node 5: Job(18, Point(79, 72, 1), 22, 0, 2516, 10, 0, 167)
Node 6: Job(20, Point(8, 87, 1), 17, 1615, 1714, 10, 0, 164)
Node 7: Job(21, Point(109, 139, 0), 8, 469, 555, 10, 0, 57)
Node 8: Job(22, Point(80, 103, 0), 15, 1484, 1613, 10, 0, 171)
Node 9: Job(24, Point(95, 135, 1), 27, 0, 2456, 10, 0, 199)
Node 10: Job(26, Point(64, 132, 1), 8, 0, 2463, 10, 0, 82)
Node 11: Job(28, Point(39, 13, 1), 20, 0, 2461, 10, 0, 10)
Node 12: Job(31, Point(140, 42, 1), 13, 0, 2450, 10, 0, 72)
Node 13: Job(35, Point(32, 6, 1), 11, 401, 479, 10, 0, 11)
Node 14: Job(41, Point(81, 57, 0), 8, 33, 104, 10, 0, 143)
Node 15: Job(42, Point(120, 52, 1), 20, 0, 2472, 10, 0, 75)
Node 16: Job(43, Point(113, 32, 1), 36, 0, 2468, 10, 0, 19)
Node 17: Job(45, Point(82, 103, 1), 15, 0, 2490, 10, 0, 34)
Node 18: Job(47, Point(90, 44, 0), 6, 0, 2493, 10, 0, 23)
Node 19: Job(50, Point(64, 138, 0), 15, 0, 2457, 10, 0, 104)
Node 20: Job(54, Point(13, 48, 0), 15, 0, 2464, 10, 0, 93)
Node 21: Job(55, Point(84, 88, 1), 16, 0, 2503, 10, 0, 78)
Node 22: Job(59, Point(105, 2, 0), 1, 0, 2449, 10, 0, 81)
Node 23: Job(60, Point(107, 77, 0), 34, 0, 2488, 10, 0, 48)
Node 24: Job(61, Point(104, 54, 1), 13, 208, 333, 10, 0, 29)
Node 25: Job(62, Point(54, 33, 0), 20, 118, 204, 10, 0, 97)
Node 26: Job(64, Point(37, 125, 1), 10, 0, 2461, 10, 0, 163)
Node 27: Job(65, Point(99, 34, 1), 9, 0, 2479, 10, 0, 37)
Node 28: Job(66, Point(38, 122, 0), 13, 941, 1052, 10, 0, 133)
Node 29: Job(67, Point(85, 75, 1), 37, 0, 2510, 10, 0, 102)
Node 30: Job(70, Point(47, 83, 1), 1, 0, 2499, 10, 0, 94)
Node 31: Job(73, Point(39, 100, 1), 31, 0, 2482, 10, 0, 121)
Node 32: Job(74, Point(48, 47, 0), 19, 94, 161, 10, 0, 36)
Node 33: Job(77, Point(103, 44, 0), 12, 0, 2483, 10, 0, 112)
Node 34: Job(80, Point(71, 70, 1), 9, 0, 2524, 10, 0, 13)
Node 35: Job(83, Point(16, 92, 1), 10, 0, 2467, 10, 0, 165)
Node 36: Job(84, Point(56, 139, 0), 18, 0, 2455, 10, 0, 108)
Node 37: Job(85, Point(27, 104, 0), 1, 0, 2471, 10, 0, 98)
Node 38: Job(87, Point(34, 72, 0), 21, 0, 2489, 10, 0, 33)
Node 39: Job(88, Point(120, 22, 0), 39, 440, 591, 10, 0, 51)
Node 40: Job(91, Point(33, 117, 1), 20, 0, 2466, 10, 0, 12)
Node 41: Job(92, Point(102, 52, 1), 15, 0, 2489, 10, 0, 120)
Node 42: Job(172, Point(97, 12, 0), -9, 0, 2462, 10, 1, 0)
Node 43: Job(71, Point(139, 68, 1), -13, 0, 2456, 10, 9, 0)
Node 44: Job(153, Point(35, 90, 0), -10, 0, 2485, 10, 17, 0)
Node 45: Job(167, Point(137, 84, 0), -22, 0, 2457, 10, 18, 0)
Node 46: Job(164, Point(65, 80, 0), -17, 0, 2514, 10, 20, 0)
Node 47: Job(57, Point(69, 115, 0), -8, 0, 2480, 10, 21, 0)
Node 48: Job(171, Point(66, 82, 0), -15, 0, 2513, 10, 22, 0)
Node 49: Job(199, Point(81, 36, 1), -27, 0, 2490, 10, 24, 0)
Node 50: Job(82, Point(36, 54, 0), -8, 1482, 1614, 10, 26, 0)
Node 51: Job(10, Point(17, 138, 1), -20, 0, 2439, 10, 28, 0)
Node 52: Job(72, Point(88, 29, 0), -13, 0, 2481, 10, 31, 0)
Node 53: Job(11, Point(37, 138, 0), -11, 0, 2450, 10, 35, 0)
Node 54: Job(143, Point(120, 47, 0), -8, 0, 2470, 10, 41, 0)
Node 55: Job(75, Point(104, 73, 0), -20, 0, 2491, 10, 42, 0)
Node 56: Job(19, Point(104, 32, 0), -36, 0, 2475, 10, 43, 0)
Node 57: Job(34, Point(44, 58, 1), -15, 0, 2497, 10, 45, 0)
Node 58: Job(23, Point(78, 63, 0), -6, 0, 2515, 10, 47, 0)
Node 59: Job(104, Point(27, 46, 0), -15, 0, 2476, 10, 50, 0)
Node 60: Job(93, Point(13, 129, 0), -15, 0, 2443, 10, 54, 0)
Node 61: Job(78, Point(73, 96, 0), -16, 0, 2499, 10, 55, 0)
Node 62: Job(81, Point(83, 12, 0), -1, 0, 2466, 10, 59, 0)
Node 63: Job(48, Point(139, 73, 0), -34, 0, 2456, 10, 60, 0)
Node 64: Job(29, Point(120, 14, 0), -13, 0, 2450, 10, 61, 0)
Node 65: Job(97, Point(33, 0, 0), -20, 0, 2446, 10, 62, 0)
Node 66: Job(163, Point(54, 78, 1), -10, 0, 2508, 10, 64, 0)
Node 67: Job(37, Point(106, 10, 0), -9, 0, 2456, 10, 65, 0)
Node 68: Job(133, Point(50, 112, 1), -13, 0, 2479, 10, 66, 0)
Node 69: Job(102, Point(109, 78, 1), -37, 0, 2486, 10, 67, 0)
Node 70: Job(94, Point(34, 20, 1), -1, 0, 2464, 10, 70, 0)
Node 71: Job(121, Point(2, 106, 0), -31, 1541, 1673, 10, 73, 0)
Node 72: Job(36, Point(41, 36, 1), -19, 0, 2481, 10, 74, 0)
Node 73: Job(112, Point(123, 84, 0), -12, 0, 2471, 10, 77, 0)
Node 74: Job(13, Point(121, 123, 0), -9, 0, 2452, 10, 80, 0)
Node 75: Job(165, Point(28, 62, 0), -10, 0, 2483, 10, 83, 0)
Node 76: Job(108, Point(15, 18, 0), -18, 0, 2450, 10, 84, 0)
Node 77: Job(98, Point(18, 104, 0), -1, 1350, 1463, 10, 85, 0)
Node 78: Job(33, Point(42, 29, 0), -21, 0, 2476, 10, 87, 0)
Node 79: Job(51, Point(98, 4, 0), -39, 0, 2454, 10, 88, 0)
Node 80: Job(12, Point(20, 69, 1), -20, 0, 2475, 10, 91, 0)
Node 81: Job(120, Point(92, 22, 0), -15, 0, 2473, 10, 92, 0)
Node 82: Job(0, Point(70, 70, 0), 0, 0, 2535, 0, 0, 0)

### Preprocessing Data ###
	-> arcs: 6724 (100.0%)
	-> arc_removals: 677 (10.07%)
	-> arc_removals_is_loop: 82 (1.22%)
	-> arc_removals_is_delivery_to_pickup: 42 (0.62%)
	-> arc_removals_is_depot_begin_to_delivery: 40 (0.59%)
	-> arc_removals_is_pickup_to_depot_end: 40 (0.59%)
	-> arc_removals_is_dest_depot_begin: 80 (1.19%)
	-> arc_removals_is_orig_depot_end: 79 (1.17%)
	-> arc_removals_is_capacity_violated: 0 (0.0%)
	-> arc_removals_is_time_window_limited: 294 (4.37%)
	-> arc_removals_is_time_window_pairing_limited: 13 (0.19%)
	-> arc_removals_is_indirect_request_service_impossible: 7 (0.1%)
	-> gamma_vars: 0 (0%)
	-> feas_gamma_vars: 0 (0%)
	-> infeas_gamma_vars_is_next_mtrv_unreachable: 0 (0%)
	-> infeas_gamma_vars_is_iprime_jprime_eq_i_j: 0 (0%)
	-> machine_removal_for_an_arc: 0 (0.0%)
##########################

[15:26:13.831] Print configuration
------------------------------------------------------
"
[15:26:13.831] Running Multi Start Heuristic"
> Experiment started at 2025-10-15T15:26:13.831
> Instance: LR2_2_4_t2_40R_40V_02F_06M
> Algorithm Parameters:


	>Stop params:
		>  - rule ITERATIONS
		>  - argument 60000.0
		>  - maximum_time 3600

	>General params:
		>  - instPath /dados/rmelo/PDPTW-SE/benchmark_multi_floor_v3/official_experiments/multistartlp/official/set_01_pt_01/../../../../instances/orig_ams_fg/40R_40V_02F_06M/t2/LR2_2_4/
		>  - name LR2_2_4
		>  - type t2
		>  - group 40R_40V_02F_06M
		>  - fullname LR2_2_4_t2_40R_40V_02F_06M
		>  - methodType heur
		>  - methodCode mslp
		>  - genconfigfile /dados/rmelo/PDPTW-SE/benchmark_multi_floor_v3/official_experiments/multistartlp/official/set_01_pt_01/configs/genconfig_mslp.conf
		>  - genconfigfilename genconfig_mslp
		>  - greedy_service_order random
		>  - cutoff 0
		>  - cutoffmachs 6
		>  - num_machs 0
		>  - solver Gurobi
		>  - maxtime 3600
		>  - gurobiCuts 1
		>  - typeUserCut 0
		>  - mipPresolve -1
		>  - printsol 1
		>  - maxnodes -1
		>  - elevator 1
		>  - make_instance_feasible false
		>  - output /dados/rmelo/PDPTW-SE/benchmark_multi_floor_v3/official_experiments/multistartlp/official/set_01_pt_01/logs
		>  - suff_outputs _seed_92
		>  - suff_csv _bash_5
		>  - epsilon 0.005
		>  - epsilonCap 0.5
		>  - warmStart false
		>  - seed 92
		>  - rng Random.MersenneTwister(92)
		>  - alpha 0.05
		>  - maxiter 1000000
		>  - outputFlagGrbMIP 0
		>  - outputFlagGrbMSLP 0
		>  - outputFlagGrbLMNS 0
		>  - mslpr I
		>  - mslpa 60000
		>  - lmnsr M
		>  - lmnsa 60
		>  - lmnsRepairTime 30.0
		>  - lmnsMIPFocus 0
		>  - lmnsGapToBiggerDestruction 50
		>  - lmnsGapToSmallerDestruction 95
		>  - lmnsWeightShawDistProx 1.0
		>  - lmnsWeightShawEarlProx 1.0
		>  - lmnsWeightShawSameRoute 1.0
		>  - lmnsWeightShawDemandSim 1.0
		>  - lmnsReqRApplyMIPStart true
		>  - lmnsAcceptanceCriteria H
		>  - lmnsMetropolisTemp 100.0
		>  - lmnsSimulatedAnnealingTemp 100.0
		>  - lmnsSimulatedAnnealingCool 0.95
		>  - mipmaxtime 3600
		>  - csvfilename /dados/rmelo/PDPTW-SE/benchmark_multi_floor_v3/official_experiments/multistartlp/official/set_01_pt_01/logs/heur_mslp/outputs/csvresults_heur_mslp_bash_5.csv
		>  - solfilename /dados/rmelo/PDPTW-SE/benchmark_multi_floor_v3/official_experiments/multistartlp/official/set_01_pt_01/logs/heur_mslp/solutions/40R_40V_02F_06M/LR2_2_4_sol_genconfig_mslp_seed_92.txt
		>  - timelineFilename /dados/rmelo/PDPTW-SE/benchmark_multi_floor_v3/official_experiments/multistartlp/official/set_01_pt_01/logs/heur_mslp/timelines/40R_40V_02F_06M/LR2_2_4_timeline_genconfig_mslp_seed_92.txt
		>  - grbFilename /dados/rmelo/PDPTW-SE/benchmark_multi_floor_v3/official_experiments/multistartlp/official/set_01_pt_01/logs/heur_mslp/gurobi/40R_40V_02F_06M/LR2_2_4_grb_genconfig_mslp_seed_92.log
		>  - threads 1
		>  - solverMethod AUTOMATIC

------------------------------------------------------

[15:26:13.938] Starting running MSLP
objValue;greedysol;iteration;time
6172.77;6231.86;1;0.063052
5618.69;5721.53;10;0.842662
5471.01;5471.01;66;4.143629
5274.76;5365.85;367;21.410517
5201.87;5224.28;3278;189.925174
5090.08;5106.55;7326;424.693952
5083.47;5094.12;31182;1803.008905

[16:24:59.584] Finished running MSLP
System CPU time: 36.56 seconds

[16:24:59.656] Post running MSLP
Best solution value: 5083.47
Total time elapsed: 3465.579860
Time to best: 1803.008905
Iterations: 60000
Iterations to best: 31182
Improvements: 7
Infeasible solutions percentage: (0 / 60000) = 0.0000 %
(LP improvements)/(LP runs) = 59381/60000 = 98.9683 %
Mean LP improvement percentage: 1.9041 %
[16:24:59.912] Writing results to CSV file: /dados/rmelo/PDPTW-SE/benchmark_multi_floor_v3/official_experiments/multistartlp/official/set_01_pt_01/logs/heur_mslp/outputs/csvresults_heur_mslp_bash_5.csv

[16:25:02.063] Saving solution to file:/dados/rmelo/PDPTW-SE/benchmark_multi_floor_v3/official_experiments/multistartlp/official/set_01_pt_01/logs/heur_mslp/solutions/40R_40V_02F_06M/LR2_2_4_sol_genconfig_mslp_seed_92.txt

[16:25:02.064] Saving solution timeline to file: /dados/rmelo/PDPTW-SE/benchmark_multi_floor_v3/official_experiments/multistartlp/official/set_01_pt_01/logs/heur_mslp/timelines/40R_40V_02F_06M/LR2_2_4_timeline_genconfig_mslp_seed_92.txt
---------------------| VEHICLES |---------------------

Vehicle 19 :
	id: 0
		node: 1
		(x, y, z): (70, 70, 0)
		dem: 0
		earl: 0
		lat: 2535
		servt: 0
		pid: 0
		did: 0
		servST: 10.650000000000002
		(h, h_ind): (-1, 0)
		load: 0.0

	Finished service at time: 10.650000000000002

	Using Machine: 1
		Task 0 -> Machine 1 (Station 1): 1.0
		Vehicle arrival at machine station: 11.650000000000002
		Waiting time until machine travel: 0.0

		Machine travel start time: 11.650000000000002
		Region 0 -> Region 1: 5.0
		Machine arrival at machine station: 16.650000000000002

		Machine 1 (Station 2)-> Task 70: 25.55
		Vehicle arrival at task: 42.2
		Waiting time until service start time: 0.0

	id: 70
		node: 30
		(x, y, z): (47, 83, 1)
		dem: 1
		earl: 0
		lat: 2499
		servt: 10
		pid: 0
		did: 94
		servST: 42.2
		(h, h_ind): (1, 1)
		load: 1.0

	Finished service at time: 52.2

	Using Machine: 5
		Task 70 -> Machine 5 (Station 2): 22.2
		Vehicle arrival at machine station: 74.4
		Waiting time until machine travel: 0.0

		Machine travel start time: 74.4
		Region 1 -> Region 0: 5.0
		Machine arrival at machine station: 79.4

		Machine 5 (Station 1)-> Task 62: 38.6
		Vehicle arrival at task: 118.0
		Waiting time until service start time: 0.0

	id: 62
		node: 25
		(x, y, z): (54, 33, 0)
		dem: 20
		earl: 118
		lat: 204
		servt: 10
		pid: 0
		did: 97
		servST: 118.0
		(h, h_ind): (5, 1)
		load: 21.0

	Finished service at time: 128.0

	Using Machine: 5
		Task 62 -> Machine 5 (Station 1): 38.6
		Vehicle arrival at machine station: 166.6
		Waiting time until machine travel: 0.0

		Machine travel start time: 166.6
		Region 0 -> Region 1: 5.0
		Machine arrival at machine station: 171.6

		Machine 5 (Station 2)-> Task 94: 58.83
		Vehicle arrival at task: 230.43
		Waiting time until service start time: 0.0

	id: 94
		node: 70
		(x, y, z): (34, 20, 1)
		dem: -1
		earl: 0
		lat: 2464
		servt: 10
		pid: 70
		did: 0
		servST: 230.43
		(h, h_ind): (5, 2)
		load: 20.0

	Finished service at time: 240.43

	Task 94 -> Task 80: 62.2
	Vehicle arrival at task: 302.63
	Waiting time until service start time: 0.0

	id: 80
		node: 34
		(x, y, z): (71, 70, 1)
		dem: 9
		earl: 0
		lat: 2524
		servt: 10
		pid: 0
		did: 13
		servST: 302.63
		(h, h_ind): (-1, 0)
		load: 29.0

	Finished service at time: 312.63

	Task 80 -> Task 18: 8.25
	Vehicle arrival at task: 320.88
	Waiting time until service start time: 0.0

	id: 18
		node: 5
		(x, y, z): (79, 72, 1)
		dem: 22
		earl: 0
		lat: 2516
		servt: 10
		pid: 0
		did: 167
		servST: 320.88
		(h, h_ind): (-1, 0)
		load: 51.0

	Finished service at time: 330.88

	Using Machine: 4
		Task 18 -> Machine 4 (Station 2): 2.83
		Vehicle arrival at machine station: 333.71
		Waiting time until machine travel: 0.0

		Machine travel start time: 333.71
		Region 1 -> Region 0: 5.0
		Machine arrival at machine station: 338.71

		Machine 4 (Station 1)-> Task 167: 61.61
		Vehicle arrival at task: 400.32
		Waiting time until service start time: 0.0

	id: 167
		node: 45
		(x, y, z): (137, 84, 0)
		dem: -22
		earl: 0
		lat: 2457
		servt: 10
		pid: 18
		did: 0
		servST: 400.32
		(h, h_ind): (4, 2)
		load: 29.0

	Finished service at time: 410.32

	Task 167 -> Task 13: 42.15
	Vehicle arrival at task: 452.46999999999997
	Waiting time until service start time: 0.0

	id: 13
		node: 74
		(x, y, z): (121, 123, 0)
		dem: -9
		earl: 0
		lat: 2452
		servt: 10
		pid: 80
		did: 0
		servST: 452.46999999999997
		(h, h_ind): (-1, 0)
		load: 20.0

	Finished service at time: 462.46999999999997

	Task 13 -> Task 21: 20.0
	Vehicle arrival at task: 482.46999999999997
	Waiting time until service start time: 0.0

	id: 21
		node: 7
		(x, y, z): (109, 139, 0)
		dem: 8
		earl: 469
		lat: 555
		servt: 10
		pid: 0
		did: 57
		servST: 482.46999999999997
		(h, h_ind): (-1, 0)
		load: 28.0

	Finished service at time: 492.46999999999997

	Task 21 -> Task 50: 45.01
	Vehicle arrival at task: 537.48
	Waiting time until service start time: 0.0

	id: 50
		node: 19
		(x, y, z): (64, 138, 0)
		dem: 15
		earl: 0
		lat: 2457
		servt: 10
		pid: 0
		did: 104
		servST: 537.48
		(h, h_ind): (-1, 0)
		load: 43.0

	Finished service at time: 547.48

	Task 50 -> Task 87: 72.5
	Vehicle arrival at task: 619.98
	Waiting time until service start time: 0.0

	id: 87
		node: 38
		(x, y, z): (34, 72, 0)
		dem: 21
		earl: 0
		lat: 2489
		servt: 10
		pid: 0
		did: 33
		servST: 619.98
		(h, h_ind): (-1, 0)
		load: 64.0

	Finished service at time: 629.98

	Task 87 -> Task 104: 26.93
	Vehicle arrival at task: 656.91
	Waiting time until service start time: 0.0

	id: 104
		node: 59
		(x, y, z): (27, 46, 0)
		dem: -15
		earl: 0
		lat: 2476
		servt: 10
		pid: 50
		did: 0
		servST: 656.91
		(h, h_ind): (-1, 0)
		load: 49.0

	Finished service at time: 666.91

	Task 104 -> Task 97: 46.39
	Vehicle arrival at task: 713.3
	Waiting time until service start time: 0.0

	id: 97
		node: 65
		(x, y, z): (33, 0, 0)
		dem: -20
		earl: 0
		lat: 2446
		servt: 10
		pid: 62
		did: 0
		servST: 713.3
		(h, h_ind): (-1, 0)
		load: 29.0

	Finished service at time: 723.3

	Task 97 -> Task 33: 30.36
	Vehicle arrival at task: 753.66
	Waiting time until service start time: 0.0

	id: 33
		node: 78
		(x, y, z): (42, 29, 0)
		dem: -21
		earl: 0
		lat: 2476
		servt: 10
		pid: 87
		did: 0
		servST: 753.66
		(h, h_ind): (-1, 0)
		load: 8.0

	Finished service at time: 763.66

	Using Machine: 4
		Task 33 -> Machine 4 (Station 1): 53.91
		Vehicle arrival at machine station: 817.5699999999999
		Waiting time until machine travel: 0.0

		Machine travel start time: 817.5699999999999
		Region 0 -> Region 1: 5.0
		Machine arrival at machine station: 822.5699999999999

		Machine 4 (Station 2)-> Task 43: 52.35
		Vehicle arrival at task: 874.92
		Waiting time until service start time: 0.0

	id: 43
		node: 16
		(x, y, z): (113, 32, 1)
		dem: 36
		earl: 0
		lat: 2468
		servt: 10
		pid: 0
		did: 19
		servST: 874.92
		(h, h_ind): (4, 4)
		load: 44.0

	Finished service at time: 884.92

	Using Machine: 4
		Task 43 -> Machine 4 (Station 2): 52.35
		Vehicle arrival at machine station: 937.27
		Waiting time until machine travel: 0.0

		Machine travel start time: 937.27
		Region 1 -> Region 0: 5.0
		Machine arrival at machine station: 942.27

		Machine 4 (Station 1)-> Task 57: 45.71
		Vehicle arrival at task: 987.98
		Waiting time until service start time: 0.0

	id: 57
		node: 47
		(x, y, z): (69, 115, 0)
		dem: -8
		earl: 0
		lat: 2480
		servt: 10
		pid: 21
		did: 0
		servST: 987.98
		(h, h_ind): (4, 5)
		load: 36.0

	Finished service at time: 997.98

	Task 57 -> Task 66: 31.78
	Vehicle arrival at task: 1029.76
	Waiting time until service start time: 0.0

	id: 66
		node: 28
		(x, y, z): (38, 122, 0)
		dem: 13
		earl: 941
		lat: 1052
		servt: 10
		pid: 0
		did: 133
		servST: 1029.76
		(h, h_ind): (-1, 0)
		load: 49.0

	Finished service at time: 1039.76

	Task 66 -> Task 19: 111.61
	Vehicle arrival at task: 1151.37
	Waiting time until service start time: 0.0

	id: 19
		node: 56
		(x, y, z): (104, 32, 0)
		dem: -36
		earl: 0
		lat: 2475
		servt: 10
		pid: 43
		did: 0
		servST: 1151.37
		(h, h_ind): (-1, 0)
		load: 13.0

	Finished service at time: 1161.37

	Task 19 -> Task 9: 7.62
	Vehicle arrival at task: 1168.9899999999998
	Waiting time until service start time: 0.0

	id: 9
		node: 3
		(x, y, z): (107, 25, 0)
		dem: 13
		earl: 1133
		lat: 1176
		servt: 10
		pid: 0
		did: 71
		servST: 1168.9899999999998
		(h, h_ind): (-1, 0)
		load: 26.0

	Finished service at time: 1178.9899999999998

	Using Machine: 4
		Task 9 -> Machine 4 (Station 1): 54.08
		Vehicle arrival at machine station: 1233.0699999999997
		Waiting time until machine travel: 0.0

		Machine travel start time: 1233.0699999999997
		Region 0 -> Region 1: 5.0
		Machine arrival at machine station: 1238.0699999999997

		Machine 4 (Station 2)-> Task 55: 19.31
		Vehicle arrival at task: 1257.3799999999997
		Waiting time until service start time: 0.0

	id: 55
		node: 21
		(x, y, z): (84, 88, 1)
		dem: 16
		earl: 0
		lat: 2503
		servt: 10
		pid: 0
		did: 78
		servST: 1257.3799999999997
		(h, h_ind): (4, 6)
		load: 42.0

	Finished service at time: 1267.3799999999997

	Task 55 -> Task 133: 41.62
	Vehicle arrival at task: 1308.9999999999995
	Waiting time until service start time: 0.0

	id: 133
		node: 68
		(x, y, z): (50, 112, 1)
		dem: -13
		earl: 0
		lat: 2479
		servt: 10
		pid: 66
		did: 0
		servST: 1308.9999999999995
		(h, h_ind): (-1, 0)
		load: 29.0

	Finished service at time: 1318.9999999999995

	Task 133 -> Task 64: 18.38
	Vehicle arrival at task: 1337.3799999999997
	Waiting time until service start time: 0.0

	id: 64
		node: 26
		(x, y, z): (37, 125, 1)
		dem: 10
		earl: 0
		lat: 2461
		servt: 10
		pid: 0
		did: 163
		servST: 1337.3799999999997
		(h, h_ind): (-1, 0)
		load: 39.0

	Finished service at time: 1347.3799999999997

	Task 64 -> Task 91: 8.94
	Vehicle arrival at task: 1356.3199999999997
	Waiting time until service start time: 0.0

	id: 91
		node: 40
		(x, y, z): (33, 117, 1)
		dem: 20
		earl: 0
		lat: 2466
		servt: 10
		pid: 0
		did: 12
		servST: 1356.3199999999997
		(h, h_ind): (-1, 0)
		load: 59.0

	Finished service at time: 1366.3199999999997

	Task 91 -> Task 12: 49.73
	Vehicle arrival at task: 1416.0499999999997
	Waiting time until service start time: 0.0

	id: 12
		node: 80
		(x, y, z): (20, 69, 1)
		dem: -20
		earl: 0
		lat: 2475
		servt: 10
		pid: 91
		did: 0
		servST: 1416.0499999999997
		(h, h_ind): (-1, 0)
		load: 39.0

	Finished service at time: 1426.0499999999997

	Task 12 -> Task 163: 35.17
	Vehicle arrival at task: 1461.2199999999998
	Waiting time until service start time: 0.0

	id: 163
		node: 66
		(x, y, z): (54, 78, 1)
		dem: -10
		earl: 0
		lat: 2508
		servt: 10
		pid: 64
		did: 0
		servST: 1461.2199999999998
		(h, h_ind): (-1, 0)
		load: 29.0

	Finished service at time: 1471.2199999999998

	Task 163 -> Task 73: 26.63
	Vehicle arrival at task: 1497.85
	Waiting time until service start time: 0.0

	id: 73
		node: 31
		(x, y, z): (39, 100, 1)
		dem: 31
		earl: 0
		lat: 2482
		servt: 10
		pid: 0
		did: 121
		servST: 1497.85
		(h, h_ind): (-1, 0)
		load: 60.0

	Finished service at time: 1507.85

	Using Machine: 5
		Task 73 -> Machine 5 (Station 2): 39.7
		Vehicle arrival at machine station: 1547.55
		Waiting time until machine travel: 0.0

		Machine travel start time: 1547.55
		Region 1 -> Region 0: 5.0
		Machine arrival at machine station: 1552.55

		Machine 5 (Station 1)-> Task 121: 72.56
		Vehicle arrival at task: 1625.11
		Waiting time until service start time: 0.0

	id: 121
		node: 71
		(x, y, z): (2, 106, 0)
		dem: -31
		earl: 1541
		lat: 1673
		servt: 10
		pid: 73
		did: 0
		servST: 1625.11
		(h, h_ind): (5, 5)
		load: 29.0

	Finished service at time: 1635.11

	Using Machine: 5
		Task 121 -> Machine 5 (Station 1): 72.56
		Vehicle arrival at machine station: 1707.6699999999998
		Waiting time until machine travel: 0.0

		Machine travel start time: 1707.6699999999998
		Region 0 -> Region 1: 5.0
		Machine arrival at machine station: 1712.6699999999998

		Machine 5 (Station 2)-> Task 24: 71.59
		Vehicle arrival at task: 1784.2599999999998
		Waiting time until service start time: 0.0

	id: 24
		node: 9
		(x, y, z): (95, 135, 1)
		dem: 27
		earl: 0
		lat: 2456
		servt: 10
		pid: 0
		did: 199
		servST: 1784.2599999999998
		(h, h_ind): (5, 7)
		load: 56.0

	Finished service at time: 1794.2599999999998

	Task 24 -> Task 71: 80.16
	Vehicle arrival at task: 1874.4199999999998
	Waiting time until service start time: 0.0

	id: 71
		node: 43
		(x, y, z): (139, 68, 1)
		dem: -13
		earl: 0
		lat: 2456
		servt: 10
		pid: 9
		did: 0
		servST: 1874.4199999999998
		(h, h_ind): (-1, 0)
		load: 43.0

	Finished service at time: 1884.4199999999998

	Task 71 -> Task 42: 24.84
	Vehicle arrival at task: 1909.2599999999998
	Waiting time until service start time: 0.0

	id: 42
		node: 15
		(x, y, z): (120, 52, 1)
		dem: 20
		earl: 0
		lat: 2472
		servt: 10
		pid: 0
		did: 75
		servST: 1909.2599999999998
		(h, h_ind): (-1, 0)
		load: 63.0

	Finished service at time: 1919.2599999999998

	Task 42 -> Task 199: 42.15
	Vehicle arrival at task: 1961.4099999999999
	Waiting time until service start time: 0.0

	id: 199
		node: 49
		(x, y, z): (81, 36, 1)
		dem: -27
		earl: 0
		lat: 2490
		servt: 10
		pid: 24
		did: 0
		servST: 1961.4099999999999
		(h, h_ind): (-1, 0)
		load: 36.0

	Finished service at time: 1971.4099999999999

	Using Machine: 4
		Task 199 -> Machine 4 (Station 2): 34.23
		Vehicle arrival at machine station: 2005.6399999999999
		Waiting time until machine travel: 0.0

		Machine travel start time: 2005.6399999999999
		Region 1 -> Region 0: 5.0
		Machine arrival at machine station: 2010.6399999999999

		Machine 4 (Station 1)-> Task 77: 36.77
		Vehicle arrival at task: 2047.4099999999999
		Waiting time until service start time: 0.0

	id: 77
		node: 33
		(x, y, z): (103, 44, 0)
		dem: 12
		earl: 0
		lat: 2483
		servt: 10
		pid: 0
		did: 112
		servST: 2047.4099999999999
		(h, h_ind): (4, 7)
		load: 48.0

	Finished service at time: 2057.41

	Task 77 -> Task 75: 29.02
	Vehicle arrival at task: 2086.43
	Waiting time until service start time: 0.0

	id: 75
		node: 55
		(x, y, z): (104, 73, 0)
		dem: -20
		earl: 0
		lat: 2491
		servt: 10
		pid: 42
		did: 0
		servST: 2086.43
		(h, h_ind): (-1, 0)
		load: 28.0

	Finished service at time: 2096.43

	Task 75 -> Task 112: 21.95
	Vehicle arrival at task: 2118.3799999999997
	Waiting time until service start time: 0.0

	id: 112
		node: 73
		(x, y, z): (123, 84, 0)
		dem: -12
		earl: 0
		lat: 2471
		servt: 10
		pid: 77
		did: 0
		servST: 2118.3799999999997
		(h, h_ind): (-1, 0)
		load: 16.0

	Finished service at time: 2128.3799999999997

	Task 112 -> Task 78: 51.42
	Vehicle arrival at task: 2179.7999999999997
	Waiting time until service start time: 0.0

	id: 78
		node: 61
		(x, y, z): (73, 96, 0)
		dem: -16
		earl: 0
		lat: 2499
		servt: 10
		pid: 55
		did: 0
		servST: 2179.7999999999997
		(h, h_ind): (-1, 0)
		load: 0.0

	Finished service at time: 2189.7999999999997

	Using Machine: 4
		Task 78 -> Machine 4 (Station 1): 26.31
		Vehicle arrival at machine station: 2216.1099999999997
		Waiting time until machine travel: 0.0

		Machine travel start time: 2216.1099999999997
		Region 0 -> Region 1: 5.0
		Machine arrival at machine station: 2221.1099999999997

		Machine 4 (Station 2)-> Task 67: 9.43
		Vehicle arrival at task: 2230.5399999999995
		Waiting time until service start time: 0.0

	id: 67
		node: 29
		(x, y, z): (85, 75, 1)
		dem: 37
		earl: 0
		lat: 2510
		servt: 10
		pid: 0
		did: 102
		servST: 2230.5399999999995
		(h, h_ind): (4, 8)
		load: 37.0

	Finished service at time: 2240.5399999999995

	Task 67 -> Task 102: 24.19
	Vehicle arrival at task: 2264.7299999999996
	Waiting time until service start time: 0.0

	id: 102
		node: 69
		(x, y, z): (109, 78, 1)
		dem: -37
		earl: 0
		lat: 2486
		servt: 10
		pid: 67
		did: 0
		servST: 2264.7299999999996
		(h, h_ind): (-1, 0)
		load: 0.0

	Finished service at time: 2274.7299999999996

	Using Machine: 0
		Task 102 -> Machine 0 (Station 2): 36.88
		Vehicle arrival at machine station: 2311.6099999999997
		Waiting time until machine travel: 0.0

		Machine travel start time: 2311.6099999999997
		Region 1 -> Region 0: 5.0
		Machine arrival at machine station: 2316.6099999999997

		Machine 0 (Station 1)-> Task 0: 3.0
		Vehicle arrival at task: 2319.6099999999997
		Waiting time until service start time: 0.0

	id: 0
		node: 82
		(x, y, z): (70, 70, 0)
		dem: 0
		earl: 0
		lat: 2535
		servt: 0
		pid: 0
		did: 0
		servST: 2319.6099999999997
		(h, h_ind): (0, 2)
		load: 0.0


Vehicle 24 :
	id: 0
		node: 1
		(x, y, z): (70, 70, 0)
		dem: 0
		earl: 0
		lat: 2535
		servt: 0
		pid: 0
		did: 0
		servST: 0.0
		(h, h_ind): (-1, 0)
		load: 0.0

	Finished service at time: 0.0

	Using Machine: 0
		Task 0 -> Machine 0 (Station 1): 3.0
		Vehicle arrival at machine station: 3.0
		Waiting time until machine travel: 0.0

		Machine travel start time: 3.0
		Region 0 -> Region 1: 5.0
		Machine arrival at machine station: 8.0

		Machine 0 (Station 2)-> Task 31: 72.62
		Vehicle arrival at task: 80.62
		Waiting time until service start time: 0.0

	id: 31
		node: 12
		(x, y, z): (140, 42, 1)
		dem: 13
		earl: 0
		lat: 2450
		servt: 10
		pid: 0
		did: 72
		servST: 80.62
		(h, h_ind): (0, 1)
		load: 13.0

	Finished service at time: 90.62

	Using Machine: 4
		Task 31 -> Machine 4 (Station 2): 68.94
		Vehicle arrival at machine station: 159.56
		Waiting time until machine travel: 0.0

		Machine travel start time: 159.56
		Region 1 -> Region 0: 5.0
		Machine arrival at machine station: 164.56

		Machine 4 (Station 1)-> Task 60: 30.81
		Vehicle arrival at task: 195.37
		Waiting time until service start time: 0.0

	id: 60
		node: 23
		(x, y, z): (107, 77, 0)
		dem: 34
		earl: 0
		lat: 2488
		servt: 10
		pid: 0
		did: 48
		servST: 195.37
		(h, h_ind): (4, 1)
		load: 47.0

	Finished service at time: 205.37

	Task 60 -> Task 48: 32.25
	Vehicle arrival at task: 237.62
	Waiting time until service start time: 0.0

	id: 48
		node: 63
		(x, y, z): (139, 73, 0)
		dem: -34
		earl: 0
		lat: 2456
		servt: 10
		pid: 60
		did: 0
		servST: 237.62
		(h, h_ind): (-1, 0)
		load: 13.0

	Finished service at time: 247.62

	Task 48 -> Task 72: 67.36
	Vehicle arrival at task: 314.98
	Waiting time until service start time: 0.0

	id: 72
		node: 52
		(x, y, z): (88, 29, 0)
		dem: -13
		earl: 0
		lat: 2481
		servt: 10
		pid: 31
		did: 0
		servST: 314.98
		(h, h_ind): (-1, 0)
		load: 0.0

	Finished service at time: 324.98

	Using Machine: 3
		Task 72 -> Machine 3 (Station 1): 46.07
		Vehicle arrival at machine station: 371.05
		Waiting time until machine travel: 0.0

		Machine travel start time: 371.05
		Region 0 -> Region 1: 5.0
		Machine arrival at machine station: 376.05

		Machine 3 (Station 2)-> Task 28: 63.51
		Vehicle arrival at task: 439.56
		Waiting time until service start time: 0.0

	id: 28
		node: 11
		(x, y, z): (39, 13, 1)
		dem: 20
		earl: 0
		lat: 2461
		servt: 10
		pid: 0
		did: 10
		servST: 439.56
		(h, h_ind): (3, 2)
		load: 20.0

	Finished service at time: 449.56

	Task 28 -> Task 35: 9.9
	Vehicle arrival at task: 459.46
	Waiting time until service start time: 0.0

	id: 35
		node: 13
		(x, y, z): (32, 6, 1)
		dem: 11
		earl: 401
		lat: 479
		servt: 10
		pid: 0
		did: 11
		servST: 459.46
		(h, h_ind): (-1, 0)
		load: 31.0

	Finished service at time: 469.46

	Task 35 -> Task 10: 132.85
	Vehicle arrival at task: 602.31
	Waiting time until service start time: 0.0

	id: 10
		node: 51
		(x, y, z): (17, 138, 1)
		dem: -20
		earl: 0
		lat: 2439
		servt: 10
		pid: 28
		did: 0
		servST: 602.31
		(h, h_ind): (-1, 0)
		load: 11.0

	Finished service at time: 612.31

	Using Machine: 5
		Task 10 -> Machine 5 (Station 2): 83.23
		Vehicle arrival at machine station: 695.54
		Waiting time until machine travel: 0.0

		Machine travel start time: 695.54
		Region 1 -> Region 0: 5.0
		Machine arrival at machine station: 700.54

		Machine 5 (Station 1)-> Task 84: 69.58
		Vehicle arrival at task: 770.12
		Waiting time until service start time: 0.0

	id: 84
		node: 36
		(x, y, z): (56, 139, 0)
		dem: 18
		earl: 0
		lat: 2455
		servt: 10
		pid: 0
		did: 108
		servST: 770.12
		(h, h_ind): (5, 3)
		load: 29.0

	Finished service at time: 780.12

	Task 84 -> Task 85: 45.45
	Vehicle arrival at task: 825.57
	Waiting time until service start time: 0.0

	id: 85
		node: 37
		(x, y, z): (27, 104, 0)
		dem: 1
		earl: 0
		lat: 2471
		servt: 10
		pid: 0
		did: 98
		servST: 825.57
		(h, h_ind): (-1, 0)
		load: 30.0

	Finished service at time: 835.57

	Task 85 -> Task 54: 57.72
	Vehicle arrival at task: 893.2900000000001
	Waiting time until service start time: 0.0

	id: 54
		node: 20
		(x, y, z): (13, 48, 0)
		dem: 15
		earl: 0
		lat: 2464
		servt: 10
		pid: 0
		did: 93
		servST: 893.2900000000001
		(h, h_ind): (-1, 0)
		load: 45.0

	Finished service at time: 903.2900000000001

	Task 54 -> Task 108: 30.07
	Vehicle arrival at task: 933.3600000000001
	Waiting time until service start time: 0.0

	id: 108
		node: 76
		(x, y, z): (15, 18, 0)
		dem: -18
		earl: 0
		lat: 2450
		servt: 10
		pid: 84
		did: 0
		servST: 933.3600000000001
		(h, h_ind): (-1, 0)
		load: 27.0

	Finished service at time: 943.3600000000001

	Using Machine: 5
		Task 108 -> Machine 5 (Station 1): 72.14
		Vehicle arrival at machine station: 1015.5000000000001
		Waiting time until machine travel: 0.0

		Machine travel start time: 1015.5000000000001
		Region 0 -> Region 1: 5.0
		Machine arrival at machine station: 1020.5000000000001

		Machine 5 (Station 2)-> Task 26: 62.01
		Vehicle arrival at task: 1082.5100000000002
		Waiting time until service start time: 0.0

	id: 26
		node: 10
		(x, y, z): (64, 132, 1)
		dem: 8
		earl: 0
		lat: 2463
		servt: 10
		pid: 0
		did: 82
		servST: 1082.5100000000002
		(h, h_ind): (5, 4)
		load: 35.0

	Finished service at time: 1092.5100000000002

	Task 26 -> Task 45: 34.13
	Vehicle arrival at task: 1126.6400000000003
	Waiting time until service start time: 0.0

	id: 45
		node: 17
		(x, y, z): (82, 103, 1)
		dem: 15
		earl: 0
		lat: 2490
		servt: 10
		pid: 0
		did: 34
		servST: 1126.6400000000003
		(h, h_ind): (-1, 0)
		load: 50.0

	Finished service at time: 1136.6400000000003

	Using Machine: 3
		Task 45 -> Machine 3 (Station 2): 36.25
		Vehicle arrival at machine station: 1172.8900000000003
		Waiting time until machine travel: 0.0

		Machine travel start time: 1172.8900000000003
		Region 1 -> Region 0: 5.0
		Machine arrival at machine station: 1177.8900000000003

		Machine 3 (Station 1)-> Task 17: 46.96
		Vehicle arrival at task: 1224.8500000000004
		Waiting time until service start time: 0.0

	id: 17
		node: 4
		(x, y, z): (46, 112, 0)
		dem: 10
		earl: 1133
		lat: 1274
		servt: 10
		pid: 0
		did: 153
		servST: 1224.8500000000004
		(h, h_ind): (3, 3)
		load: 60.0

	Finished service at time: 1234.8500000000004

	Task 17 -> Task 93: 37.12
	Vehicle arrival at task: 1271.9700000000003
	Waiting time until service start time: 0.0

	id: 93
		node: 60
		(x, y, z): (13, 129, 0)
		dem: -15
		earl: 0
		lat: 2443
		servt: 10
		pid: 54
		did: 0
		servST: 1271.9700000000003
		(h, h_ind): (-1, 0)
		load: 45.0

	Finished service at time: 1281.9700000000003

	Task 93 -> Task 153: 44.78
	Vehicle arrival at task: 1326.7500000000002
	Waiting time until service start time: 0.0

	id: 153
		node: 44
		(x, y, z): (35, 90, 0)
		dem: -10
		earl: 0
		lat: 2485
		servt: 10
		pid: 17
		did: 0
		servST: 1326.7500000000002
		(h, h_ind): (-1, 0)
		load: 35.0

	Finished service at time: 1336.7500000000002

	Task 153 -> Task 11: 48.04
	Vehicle arrival at task: 1384.7900000000002
	Waiting time until service start time: 0.0

	id: 11
		node: 53
		(x, y, z): (37, 138, 0)
		dem: -11
		earl: 0
		lat: 2450
		servt: 10
		pid: 35
		did: 0
		servST: 1384.7900000000002
		(h, h_ind): (-1, 0)
		load: 24.0

	Finished service at time: 1394.7900000000002

	Task 11 -> Task 98: 38.95
	Vehicle arrival at task: 1433.7400000000002
	Waiting time until service start time: 0.0

	id: 98
		node: 77
		(x, y, z): (18, 104, 0)
		dem: -1
		earl: 1350
		lat: 1463
		servt: 10
		pid: 85
		did: 0
		servST: 1433.7400000000002
		(h, h_ind): (-1, 0)
		load: 23.0

	Finished service at time: 1443.7400000000002

	Task 98 -> Task 22: 62.01
	Vehicle arrival at task: 1505.7500000000002
	Waiting time until service start time: 0.0

	id: 22
		node: 8
		(x, y, z): (80, 103, 0)
		dem: 15
		earl: 1484
		lat: 1613
		servt: 10
		pid: 0
		did: 171
		servST: 1505.7500000000002
		(h, h_ind): (-1, 0)
		load: 38.0

	Finished service at time: 1515.7500000000002

	Task 22 -> Task 82: 65.86
	Vehicle arrival at task: 1581.6100000000001
	Waiting time until service start time: 0.0

	id: 82
		node: 50
		(x, y, z): (36, 54, 0)
		dem: -8
		earl: 1482
		lat: 1614
		servt: 10
		pid: 26
		did: 0
		servST: 1581.6100000000001
		(h, h_ind): (-1, 0)
		load: 30.0

	Finished service at time: 1591.6100000000001

	Using Machine: 5
		Task 82 -> Machine 5 (Station 1): 33.12
		Vehicle arrival at machine station: 1624.73
		Waiting time until machine travel: 0.0

		Machine travel start time: 1624.73
		Region 0 -> Region 1: 5.0
		Machine arrival at machine station: 1629.73

		Machine 5 (Station 2)-> Task 20: 59.48
		Vehicle arrival at task: 1689.21
		Waiting time until service start time: 0.0

	id: 20
		node: 6
		(x, y, z): (8, 87, 1)
		dem: 17
		earl: 1615
		lat: 1714
		servt: 10
		pid: 0
		did: 164
		servST: 1689.21
		(h, h_ind): (5, 6)
		load: 47.0

	Finished service at time: 1699.21

	Task 20 -> Task 83: 9.43
	Vehicle arrival at task: 1708.64
	Waiting time until service start time: 0.0

	id: 83
		node: 35
		(x, y, z): (16, 92, 1)
		dem: 10
		earl: 0
		lat: 2467
		servt: 10
		pid: 0
		did: 165
		servST: 1708.64
		(h, h_ind): (-1, 0)
		load: 57.0

	Finished service at time: 1718.64

	Task 83 -> Task 34: 44.05
	Vehicle arrival at task: 1762.69
	Waiting time until service start time: 0.0

	id: 34
		node: 57
		(x, y, z): (44, 58, 1)
		dem: -15
		earl: 0
		lat: 2497
		servt: 10
		pid: 45
		did: 0
		servST: 1762.69
		(h, h_ind): (-1, 0)
		load: 42.0

	Finished service at time: 1772.69

	Using Machine: 5
		Task 34 -> Machine 5 (Station 2): 24.19
		Vehicle arrival at machine station: 1796.88
		Waiting time until machine travel: 0.0

		Machine travel start time: 1796.88
		Region 1 -> Region 0: 5.0
		Machine arrival at machine station: 1801.88

		Machine 5 (Station 1)-> Task 165: 37.85
		Vehicle arrival at task: 1839.73
		Waiting time until service start time: 0.0

	id: 165
		node: 75
		(x, y, z): (28, 62, 0)
		dem: -10
		earl: 0
		lat: 2483
		servt: 10
		pid: 83
		did: 0
		servST: 1839.73
		(h, h_ind): (5, 8)
		load: 32.0

	Finished service at time: 1849.73

	Task 165 -> Task 171: 42.94
	Vehicle arrival at task: 1892.67
	Waiting time until service start time: 0.0

	id: 171
		node: 48
		(x, y, z): (66, 82, 0)
		dem: -15
		earl: 0
		lat: 2513
		servt: 10
		pid: 22
		did: 0
		servST: 1892.67
		(h, h_ind): (-1, 0)
		load: 17.0

	Finished service at time: 1902.67

	Task 171 -> Task 164: 2.24
	Vehicle arrival at task: 1904.91
	Waiting time until service start time: 0.0

	id: 164
		node: 46
		(x, y, z): (65, 80, 0)
		dem: -17
		earl: 0
		lat: 2514
		servt: 10
		pid: 20
		did: 0
		servST: 1904.91
		(h, h_ind): (-1, 0)
		load: 0.0

	Finished service at time: 1914.91

	Task 164 -> Task 59: 87.66
	Vehicle arrival at task: 2002.5700000000002
	Waiting time until service start time: 0.0

	id: 59
		node: 22
		(x, y, z): (105, 2, 0)
		dem: 1
		earl: 0
		lat: 2449
		servt: 10
		pid: 0
		did: 81
		servST: 2002.5700000000002
		(h, h_ind): (-1, 0)
		load: 1.0

	Finished service at time: 2012.5700000000002

	Task 59 -> Task 1: 4.47
	Vehicle arrival at task: 2017.0400000000002
	Waiting time until service start time: 0.0

	id: 1
		node: 2
		(x, y, z): (101, 0, 0)
		dem: 9
		earl: 1973
		lat: 2130
		servt: 10
		pid: 0
		did: 172
		servST: 2017.0400000000002
		(h, h_ind): (-1, 0)
		load: 10.0

	Finished service at time: 2027.0400000000002

	Task 1 -> Task 172: 12.65
	Vehicle arrival at task: 2039.6900000000003
	Waiting time until service start time: 0.0

	id: 172
		node: 42
		(x, y, z): (97, 12, 0)
		dem: -9
		earl: 0
		lat: 2462
		servt: 10
		pid: 1
		did: 0
		servST: 2039.6900000000003
		(h, h_ind): (-1, 0)
		load: 1.0

	Finished service at time: 2049.6900000000005

	Task 172 -> Task 81: 14.0
	Vehicle arrival at task: 2063.6900000000005
	Waiting time until service start time: 0.0

	id: 81
		node: 62
		(x, y, z): (83, 12, 0)
		dem: -1
		earl: 0
		lat: 2466
		servt: 10
		pid: 59
		did: 0
		servST: 2063.6900000000005
		(h, h_ind): (-1, 0)
		load: 0.0

	Finished service at time: 2073.6900000000005

	Task 81 -> Task 0: 59.44
	Vehicle arrival at task: 2133.1300000000006
	Waiting time until service start time: 0.0

	id: 0
		node: 82
		(x, y, z): (70, 70, 0)
		dem: 0
		earl: 0
		lat: 2535
		servt: 0
		pid: 0
		did: 0
		servST: 2133.1300000000006
		(h, h_ind): (-1, 0)
		load: 0.0


Vehicle 33 :
	id: 0
		node: 1
		(x, y, z): (70, 70, 0)
		dem: 0
		earl: 0
		lat: 2535
		servt: 0
		pid: 0
		did: 0
		servST: 16.94000000000004
		(h, h_ind): (-1, 0)
		load: 0.0

	Finished service at time: 16.94000000000004

	Task 0 -> Task 47: 32.8
	Vehicle arrival at task: 49.74000000000004
	Waiting time until service start time: 0.0

	id: 47
		node: 18
		(x, y, z): (90, 44, 0)
		dem: 6
		earl: 0
		lat: 2493
		servt: 10
		pid: 0
		did: 23
		servST: 49.74000000000004
		(h, h_ind): (-1, 0)
		load: 6.0

	Finished service at time: 59.74000000000004

	Task 47 -> Task 41: 15.81
	Vehicle arrival at task: 75.55000000000004
	Waiting time until service start time: 0.0

	id: 41
		node: 14
		(x, y, z): (81, 57, 0)
		dem: 8
		earl: 33
		lat: 104
		servt: 10
		pid: 0
		did: 143
		servST: 75.55000000000004
		(h, h_ind): (-1, 0)
		load: 14.0

	Finished service at time: 85.55000000000004

	Task 41 -> Task 23: 6.71
	Vehicle arrival at task: 92.26000000000003
	Waiting time until service start time: 0.0

	id: 23
		node: 58
		(x, y, z): (78, 63, 0)
		dem: -6
		earl: 0
		lat: 2515
		servt: 10
		pid: 47
		did: 0
		servST: 92.26000000000005
		(h, h_ind): (-1, 0)
		load: 8.0

	Finished service at time: 102.26000000000005

	Task 23 -> Task 74: 34.0
	Vehicle arrival at task: 136.26000000000005
	Waiting time until service start time: 0.0

	id: 74
		node: 32
		(x, y, z): (48, 47, 0)
		dem: 19
		earl: 94
		lat: 161
		servt: 10
		pid: 0
		did: 36
		servST: 136.26000000000005
		(h, h_ind): (-1, 0)
		load: 27.0

	Finished service at time: 146.26000000000005

	Using Machine: 3
		Task 74 -> Machine 3 (Station 1): 29.83
		Vehicle arrival at machine station: 176.09000000000003
		Waiting time until machine travel: 0.0

		Machine travel start time: 176.09000000000003
		Region 0 -> Region 1: 5.0
		Machine arrival at machine station: 181.09000000000003

		Machine 3 (Station 2)-> Task 36: 42.8
		Vehicle arrival at task: 223.89000000000004
		Waiting time until service start time: -0.0

	id: 36
		node: 72
		(x, y, z): (41, 36, 1)
		dem: -19
		earl: 0
		lat: 2481
		servt: 10
		pid: 74
		did: 0
		servST: 223.89000000000001
		(h, h_ind): (3, 1)
		load: 8.0

	Finished service at time: 233.89000000000001

	Task 36 -> Task 65: 58.03
	Vehicle arrival at task: 291.92
	Waiting time until service start time: 0.0

	id: 65
		node: 27
		(x, y, z): (99, 34, 1)
		dem: 9
		earl: 0
		lat: 2479
		servt: 10
		pid: 0
		did: 37
		servST: 291.92
		(h, h_ind): (-1, 0)
		load: 17.0

	Finished service at time: 301.92

	Task 65 -> Task 92: 18.25
	Vehicle arrival at task: 320.17
	Waiting time until service start time: 0.0

	id: 92
		node: 41
		(x, y, z): (102, 52, 1)
		dem: 15
		earl: 0
		lat: 2489
		servt: 10
		pid: 0
		did: 120
		servST: 320.17
		(h, h_ind): (-1, 0)
		load: 32.0

	Finished service at time: 330.17

	Task 92 -> Task 61: 2.83
	Vehicle arrival at task: 333.0
	Waiting time until service start time: 0.0

	id: 61
		node: 24
		(x, y, z): (104, 54, 1)
		dem: 13
		earl: 208
		lat: 333
		servt: 10
		pid: 0
		did: 29
		servST: 333.0
		(h, h_ind): (-1, 0)
		load: 45.0

	Finished service at time: 343.0

	Using Machine: 4
		Task 61 -> Machine 4 (Station 2): 31.38
		Vehicle arrival at machine station: 374.38
		Waiting time until machine travel: 0.0

		Machine travel start time: 374.38
		Region 1 -> Region 0: 5.0
		Machine arrival at machine station: 379.38

		Machine 4 (Station 1)-> Task 120: 50.29
		Vehicle arrival at task: 429.67
		Waiting time until service start time: 0.0

	id: 120
		node: 81
		(x, y, z): (92, 22, 0)
		dem: -15
		earl: 0
		lat: 2473
		servt: 10
		pid: 92
		did: 0
		servST: 429.67
		(h, h_ind): (4, 3)
		load: 30.0

	Finished service at time: 439.67

	Task 120 -> Task 88: 28.0
	Vehicle arrival at task: 467.67
	Waiting time until service start time: 0.0

	id: 88
		node: 39
		(x, y, z): (120, 22, 0)
		dem: 39
		earl: 440
		lat: 591
		servt: 10
		pid: 0
		did: 51
		servST: 467.67
		(h, h_ind): (-1, 0)
		load: 69.0

	Finished service at time: 477.67

	Task 88 -> Task 37: 18.44
	Vehicle arrival at task: 496.11
	Waiting time until service start time: 0.0

	id: 37
		node: 67
		(x, y, z): (106, 10, 0)
		dem: -9
		earl: 0
		lat: 2456
		servt: 10
		pid: 65
		did: 0
		servST: 496.11
		(h, h_ind): (-1, 0)
		load: 60.0

	Finished service at time: 506.11

	Task 37 -> Task 51: 10.0
	Vehicle arrival at task: 516.11
	Waiting time until service start time: 0.0

	id: 51
		node: 79
		(x, y, z): (98, 4, 0)
		dem: -39
		earl: 0
		lat: 2454
		servt: 10
		pid: 88
		did: 0
		servST: 516.11
		(h, h_ind): (-1, 0)
		load: 21.0

	Finished service at time: 526.11

	Task 51 -> Task 29: 24.17
	Vehicle arrival at task: 550.28
	Waiting time until service start time: 0.0

	id: 29
		node: 64
		(x, y, z): (120, 14, 0)
		dem: -13
		earl: 0
		lat: 2450
		servt: 10
		pid: 61
		did: 0
		servST: 550.28
		(h, h_ind): (-1, 0)
		load: 8.0

	Finished service at time: 560.28

	Task 29 -> Task 143: 33.0
	Vehicle arrival at task: 593.28
	Waiting time until service start time: 0.0

	id: 143
		node: 54
		(x, y, z): (120, 47, 0)
		dem: -8
		earl: 0
		lat: 2470
		servt: 10
		pid: 41
		did: 0
		servST: 593.28
		(h, h_ind): (-1, 0)
		load: 0.0

	Finished service at time: 603.28

	Task 143 -> Task 0: 55.04
	Vehicle arrival at task: 658.3199999999999
	Waiting time until service start time: 0.0

	id: 0
		node: 82
		(x, y, z): (70, 70, 0)
		dem: 0
		earl: 0
		lat: 2535
		servt: 0
		pid: 0
		did: 0
		servST: 658.3199999999999
		(h, h_ind): (-1, 0)
		load: 0.0


---------------------| MACHINES |---------------------

Machine 0 :
	setup duration: 0.0

	vehicle: 24
	vehicleInd: 2
	(orig, dest): (0, 31)
	(origRegion, destRegion): (0, 1)
	st: 3.0
	duration: 5.0

	setup duration: 0.0

	vehicle: 19
	vehicleInd: 38
	(orig, dest): (102, 0)
	(origRegion, destRegion): (1, 0)
	st: 2311.6099999999997
	duration: 5.0


Machine 1 :
	setup duration: 0.0

	vehicle: 19
	vehicleInd: 2
	(orig, dest): (0, 70)
	(origRegion, destRegion): (0, 1)
	st: 11.650000000000002
	duration: 5.0


Machine 3 :
	setup duration: 0.0

	vehicle: 33
	vehicleInd: 6
	(orig, dest): (74, 36)
	(origRegion, destRegion): (0, 1)
	st: 176.09000000000003
	duration: 5.0

	setup duration: 5.0

	vehicle: 24
	vehicleInd: 6
	(orig, dest): (72, 28)
	(origRegion, destRegion): (0, 1)
	st: 371.05
	duration: 5.0

	setup duration: 0.0

	vehicle: 24
	vehicleInd: 15
	(orig, dest): (45, 17)
	(origRegion, destRegion): (1, 0)
	st: 1172.8900000000003
	duration: 5.0


Machine 4 :
	setup duration: 5.0

	vehicle: 24
	vehicleInd: 3
	(orig, dest): (31, 60)
	(origRegion, destRegion): (1, 0)
	st: 159.56
	duration: 5.0

	setup duration: 5.0

	vehicle: 19
	vehicleInd: 7
	(orig, dest): (18, 167)
	(origRegion, destRegion): (1, 0)
	st: 333.71
	duration: 5.0

	setup duration: 5.0

	vehicle: 33
	vehicleInd: 10
	(orig, dest): (61, 120)
	(origRegion, destRegion): (1, 0)
	st: 374.38
	duration: 5.0

	setup duration: 0.0

	vehicle: 19
	vehicleInd: 15
	(orig, dest): (33, 43)
	(origRegion, destRegion): (0, 1)
	st: 817.5699999999999
	duration: 5.0

	setup duration: 0.0

	vehicle: 19
	vehicleInd: 16
	(orig, dest): (43, 57)
	(origRegion, destRegion): (1, 0)
	st: 937.27
	duration: 5.0

	setup duration: 0.0

	vehicle: 19
	vehicleInd: 20
	(orig, dest): (9, 55)
	(origRegion, destRegion): (0, 1)
	st: 1233.0699999999997
	duration: 5.0

	setup duration: 0.0

	vehicle: 19
	vehicleInd: 32
	(orig, dest): (199, 77)
	(origRegion, destRegion): (1, 0)
	st: 2005.6399999999999
	duration: 5.0

	setup duration: 0.0

	vehicle: 19
	vehicleInd: 36
	(orig, dest): (78, 67)
	(origRegion, destRegion): (0, 1)
	st: 2216.1099999999997
	duration: 5.0


Machine 5 :
	setup duration: 5.0

	vehicle: 19
	vehicleInd: 3
	(orig, dest): (70, 62)
	(origRegion, destRegion): (1, 0)
	st: 74.4
	duration: 5.0

	setup duration: 0.0

	vehicle: 19
	vehicleInd: 4
	(orig, dest): (62, 94)
	(origRegion, destRegion): (0, 1)
	st: 166.6
	duration: 5.0

	setup duration: 0.0

	vehicle: 24
	vehicleInd: 9
	(orig, dest): (10, 84)
	(origRegion, destRegion): (1, 0)
	st: 695.54
	duration: 5.0

	setup duration: 0.0

	vehicle: 24
	vehicleInd: 13
	(orig, dest): (108, 26)
	(origRegion, destRegion): (0, 1)
	st: 1015.5000000000001
	duration: 5.0

	setup duration: 0.0

	vehicle: 19
	vehicleInd: 27
	(orig, dest): (73, 121)
	(origRegion, destRegion): (1, 0)
	st: 1547.55
	duration: 5.0

	setup duration: 0.0

	vehicle: 24
	vehicleInd: 22
	(orig, dest): (82, 20)
	(origRegion, destRegion): (0, 1)
	st: 1624.73
	duration: 5.0

	setup duration: 5.0

	vehicle: 19
	vehicleInd: 28
	(orig, dest): (121, 24)
	(origRegion, destRegion): (0, 1)
	st: 1707.6699999999998
	duration: 5.0

	setup duration: 0.0

	vehicle: 24
	vehicleInd: 25
	(orig, dest): (34, 165)
	(origRegion, destRegion): (1, 0)
	st: 1796.88
	duration: 5.0


-------------------| COMPL. TIMES |-------------------

Vehicle 0 : 0.0
Vehicle 1 : 0.0
Vehicle 2 : 0.0
Vehicle 3 : 0.0
Vehicle 4 : 0.0
Vehicle 5 : 0.0
Vehicle 6 : 0.0
Vehicle 7 : 0.0
Vehicle 8 : 0.0
Vehicle 9 : 0.0
Vehicle 10 : 0.0
Vehicle 11 : 0.0
Vehicle 12 : 0.0
Vehicle 13 : 0.0
Vehicle 14 : 0.0
Vehicle 15 : 0.0
Vehicle 16 : 0.0
Vehicle 17 : 0.0
Vehicle 18 : 0.0
Vehicle 19 : 2308.9599999999996
Vehicle 20 : 0.0
Vehicle 21 : 0.0
Vehicle 22 : 0.0
Vehicle 23 : 0.0
Vehicle 24 : 2133.1300000000006
Vehicle 25 : 0.0
Vehicle 26 : 0.0
Vehicle 27 : 0.0
Vehicle 28 : 0.0
Vehicle 29 : 0.0
Vehicle 30 : 0.0
Vehicle 31 : 0.0
Vehicle 32 : 0.0
Vehicle 33 : 641.3799999999999
Vehicle 34 : 0.0
Vehicle 35 : 0.0
Vehicle 36 : 0.0
Vehicle 37 : 0.0
Vehicle 38 : 0.0
Vehicle 39 : 0.0
-------------------| STATISTICS |-------------------

    Vehicles used                           : 7.5
    Machines used                           : 83.3333
    Max load (vehicles)                     : 98.4615
    Min load (vehicles)                     : 76.9231
    Mean load (vehicles)                    : 87.9487
    Min completion time                     : 25.301
    Max completion time                     : 91.0832
    Mean completion time                    : 66.8438
    Avrg travel time (with vehicle)         : 1.1045
    Avrg travel time (only with vehicle)    : 0.8679
    Avrg travel time (no vehicle)           : 0.2367
    Avrg waiting time (machine travel)      : 0.0
    Avrg waiting time (service)             : 0.0
    Machines travel times (with vehicle)    : [0.3945, 0.1972, 0.0, 0.789, 2.1696, 1.9724]
    Machines travel times (no vehicle)      : [0.0, 0.0, 0.0, 0.1972, 0.5917, 0.3945]
    Max load per vehicle                    : [0.0, 0.0, 0.0, 0.0, 0.0, 0.0, 0.0, 0.0, 0.0, 0.0, 0.0, 0.0, 0.0, 0.0, 0.0, 0.0, 0.0, 0.0, 0.0, 98.4615, 0.0, 0.0, 0.0, 0.0, 76.9231, 0.0, 0.0, 0.0, 0.0, 0.0, 0.0, 0.0, 0.0, 88.4615, 0.0, 0.0, 0.0, 0.0, 0.0, 0.0]

----------------------------------------------------

TOTAL: 5083.469999999999

Everything is awesome!
