-------------------| STATISTICS |-------------------

Vehicles used                           : 52.5
Machines used                           : 100.0
Max load (vehicles)                     : 81.9444
Min load (vehicles)                     : 18.6047
Mean load (vehicles)                    : 40.406
Min completion time                     : 33.6625
Max completion time                     : 97.8155
Mean completion time                    : 70.8544
Avrg travel time (with vehicle)         : 32.1767
Avrg travel time (only with vehicle)    : 18.9274
Avrg travel time (no vehicle)           : 13.2492
Avrg waiting time (machine travel)      : 1.629
Avrg waiting time (service)             : 12.8736
Machines travel times (with vehicle)    : [33.123, 28.3912, 33.123, 26.8139, 39.4322]
Machines travel times (no vehicle)      : [14.9842, 11.8297, 12.6183, 11.041, 15.7729]
Max load per vehicle                    : [0.0, 20.8333, 18.6047, 55.814, 26.3889, 0.0, 18.6047, 0.0, 0.0, 62.069, 0.0, 38.8889, 0.0, 45.8333, 44.4444, 0.0, 23.6111, 0.0, 30.2326, 0.0, 81.9444, 0.0, 19.7674, 39.6552, 46.5517, 76.7442, 0.0, 52.7778, 0.0, 54.1667, 0.0, 18.6047, 0.0, 33.3333, 0.0, 39.6552, 0.0, 0.0, 0.0, 0.0]

----------------------------------------------------

TOTAL: 9433.55

Everything is awesome!
