-------------------| STATISTICS |-------------------

Vehicles used                           : 16.6667
Machines used                           : 100.0
Max load (vehicles)                     : 92.1053
Min load (vehicles)                     : 68.4211
Mean load (vehicles)                    : 80.2632
Min completion time                     : 27.93
Max completion time                     : 55.134
Mean completion time                    : 41.532
Avrg travel time (with vehicle)         : 1.5792
Avrg travel time (only with vehicle)    : 1.053
Avrg travel time (no vehicle)           : 0.5262
Avrg waiting time (machine travel)      : 0.0
Avrg waiting time (service)             : 0.0
Machines travel times (with vehicle)    : [1.063, 2.0, 1.044, 2.21]
Machines travel times (no vehicle)      : [0.0, 1.0, 0.0, 1.105]
Max load per vehicle                    : [0.0, 0.0, 0.0, 0.0, 0.0, 0.0, 0.0, 0.0, 0.0, 68.4211, 0.0, 92.1053]

----------------------------------------------------

TOTAL: 830.6399999999999

Everything is awesome!
