Set parameter WLSAccessID
Set parameter WLSSecret
Set parameter LicenseID to value 2661775
Academic license 2661775 - for non-commercial use only - registered to me___@dcc.ufba.br
Loading line 2: methodType heur
Loading line 3: methodCode mslp
Loading line 4: seed 0
Loading line 5: threads 1
Loading line 6: greedy_service_order random
Loading line 7: outputFlagGrbMSLP 0
Loading line 8: mslpa 60000
Loading line 9: mslpr I
Loading line 10: maxtime 3600
Loading line 11: output ./logs/
Loading line 12: printsol 1
Loading line 13: solverMethod A
Instance: LR1_2_8_t1_40R_40V_04I_06M

[03:09:16.008] Running Data.readData with file /dados/rmelo/PDPTW-SE/benchmark_multi_island_v5/official_experiments/multistartlp/preliminar/set_01_pt_02/../../../../instances/orig_ams_fg/40R_40V_04I_06M/t1/LR1_2_8/
vehicles: Vehicle[Vehicle(0, 58), Vehicle(1, 72), Vehicle(2, 86), Vehicle(3, 58), Vehicle(4, 86), Vehicle(5, 58), Vehicle(6, 86), Vehicle(7, 58), Vehicle(8, 72), Vehicle(9, 86), Vehicle(10, 86), Vehicle(11, 58), Vehicle(12, 58), Vehicle(13, 58), Vehicle(14, 86), Vehicle(15, 86), Vehicle(16, 58), Vehicle(17, 72), Vehicle(18, 58), Vehicle(19, 72), Vehicle(20, 86), Vehicle(21, 72), Vehicle(22, 58), Vehicle(23, 58), Vehicle(24, 72), Vehicle(25, 58), Vehicle(26, 72), Vehicle(27, 86), Vehicle(28, 72), Vehicle(29, 72), Vehicle(30, 72), Vehicle(31, 58), Vehicle(32, 86), Vehicle(33, 86), Vehicle(34, 86), Vehicle(35, 86), Vehicle(36, 58), Vehicle(37, 58), Vehicle(38, 72), Vehicle(39, 58)]
vehicle_types: Vehicle[Vehicle(0, 58), Vehicle(1, 72), Vehicle(2, 86)]
Machine[Machine(0, Point[Point(70, 73, 0), Point(88, 75, 1), Point(53, 43, 2), Point(88, 42, 3)], 1.0), Machine(1, Point[Point(67, 71, 0), Point(90, 74, 1), Point(52, 44, 2), Point(87, 42, 3)], 1.0), Machine(2, Point[Point(70, 74, 0), Point(85, 78, 1), Point(51, 46, 2), Point(87, 41, 3)], 1.0), Machine(3, Point[Point(71, 75, 0), Point(85, 79, 1), Point(51, 47, 2), Point(86, 41, 3)], 1.0), Machine(4, Point[Point(71, 76, 0), Point(84, 80, 1), Point(50, 49, 2), Point(85, 40, 3)], 1.0), Machine(5, Point[Point(71, 78, 0), Point(93, 74, 1), Point(49, 51, 2), Point(85, 39, 3)], 1.0)]
refs: [1, 2, 3, 4, 6, 8, 9, 11, 12, 14, 19, 20, 21, 22, 23, 25, 26, 28, 30, 31, 32, 33, 34, 35, 38, 39, 40, 42, 43, 45, 46, 47, 49, 50, 52, 53, 54, 55, 57, 59, 60, 66, 81, 36, 77, 44, 27, 56, 75, 17, 67, 63, 73, 79, 48, 41, 62, 24, 5, 70, 71, 13, 72, 7, 15, 58, 51, 69, 65, 64, 61, 78, 16, 18, 74, 76, 68, 37, 29, 80, 10, 1]
V: [1, 2, 3, 4, 5, 6, 7, 8, 9, 10, 11, 12, 13, 14, 15, 16, 17, 18, 19, 20, 21, 22, 23, 24, 25, 26, 27, 28, 29, 30, 31, 32, 33, 34, 35, 36, 37, 38, 39, 40, 41, 42, 43, 44, 45, 46, 47, 48, 49, 50, 51, 52, 53, 54, 55, 56, 57, 58, 59, 60, 61, 62, 63, 64, 65, 66, 67, 68, 69, 70, 71, 72, 73, 74, 75, 76, 77, 78, 79, 80, 81]
V_p: [2, 3, 4, 5, 6, 7, 8, 9, 10, 11, 12, 13, 14, 15, 16, 17, 18, 19, 20, 21, 22, 23, 24, 25, 26, 27, 28, 29, 30, 31, 32, 33, 34, 35, 36, 37, 38, 39, 40, 41]
V_d: [42, 43, 44, 45, 46, 47, 48, 49, 50, 51, 52, 53, 54, 55, 56, 57, 58, 59, 60, 61, 62, 63, 64, 65, 66, 67, 68, 69, 70, 71, 72, 73, 74, 75, 76, 77, 78, 79, 80, 81]
Vprime: [1, 2, 3, 4, 5, 6, 7, 8, 9, 10, 11, 12, 13, 14, 15, 16, 17, 18, 19, 20, 21, 22, 23, 24, 25, 26, 27, 28, 29, 30, 31, 32, 33, 34, 35, 36, 37, 38, 39, 40, 41, 42, 43, 44, 45, 46, 47, 48, 49, 50, 51, 52, 53, 54, 55, 56, 57, 58, 59, 60, 61, 62, 63, 64, 65, 66, 67, 68, 69, 70, 71, 72, 73, 74, 75, 76, 77, 78, 79, 80, 81, 82]
V: [1, 2, 3, 4, 5, 6, 7, 8, 9, 10, 11, 12, 13, 14, 15, 16, 17, 18, 19, 20, 21, 22, 23, 24, 25, 26, 27, 28, 29, 30, 31, 32, 33, 34, 35, 36, 37, 38, 39, 40, 41, 42, 43, 44, 45, 46, 47, 48, 49, 50, 51, 52, 53, 54, 55, 56, 57, 58, 59, 60, 61, 62, 63, 64, 65, 66, 67, 68, 69, 70, 71, 72, 73, 74, 75, 76, 77, 78, 79, 80, 81]
q: [0, 34, 8, 39, 14, 16, 27, 13, 24, 43, 13, 8, 30, 12, 7, 18, 33, 12, 15, 9, 23, 17, 23, 9, 35, 18, 32, 9, 31, 26, 9, 27, 12, 10, 1, 6, 36, 17, 33, 21, 4, -34, -8, -39, -14, -16, -27, -13, -24, -43, -13, -8, -30, -12, -7, -18, -33, -12, -15, -9, -23, -17, -23, -9, -35, -18, -32, -9, -31, -26, -9, -27, -12, -10, -1, -6, -36, -17, -33, -21, -4, 0]
H: [1, 2, 3, 4, 5, 6]
f: [[1, 1, 1, 1, 1, 1], [2, 2, 2, 2, 2, 2], [2, 2, 2, 2, 2, 2], [4, 4, 4, 4, 4, 4], [1, 1, 1, 1, 1, 1], [3, 3, 3, 3, 3, 3], [1, 1, 1, 1, 1, 1], [3, 3, 3, 3, 3, 3], [2, 2, 2, 2, 2, 2], [2, 2, 2, 2, 2, 2], [3, 3, 3, 3, 3, 3], [1, 1, 1, 1, 1, 1], [2, 2, 2, 2, 2, 2], [3, 3, 3, 3, 3, 3], [1, 1, 1, 1, 1, 1], [4, 4, 4, 4, 4, 4], [3, 3, 3, 3, 3, 3], [2, 2, 2, 2, 2, 2], [3, 3, 3, 3, 3, 3], [4, 4, 4, 4, 4, 4], [1, 1, 1, 1, 1, 1], [3, 3, 3, 3, 3, 3], [2, 2, 2, 2, 2, 2], [4, 4, 4, 4, 4, 4], [1, 1, 1, 1, 1, 1], [2, 2, 2, 2, 2, 2], [3, 3, 3, 3, 3, 3], [3, 3, 3, 3, 3, 3], [1, 1, 1, 1, 1, 1], [1, 1, 1, 1, 1, 1], [1, 1, 1, 1, 1, 1], [4, 4, 4, 4, 4, 4], [4, 4, 4, 4, 4, 4], [4, 4, 4, 4, 4, 4], [4, 4, 4, 4, 4, 4], [4, 4, 4, 4, 4, 4], [4, 4, 4, 4, 4, 4], [2, 2, 2, 2, 2, 2], [4, 4, 4, 4, 4, 4], [1, 1, 1, 1, 1, 1], [4, 4, 4, 4, 4, 4], [2, 2, 2, 2, 2, 2], [2, 2, 2, 2, 2, 2], [4, 4, 4, 4, 4, 4], [1, 1, 1, 1, 1, 1], [1, 1, 1, 1, 1, 1], [1, 1, 1, 1, 1, 1], [3, 3, 3, 3, 3, 3], [2, 2, 2, 2, 2, 2], [2, 2, 2, 2, 2, 2], [3, 3, 3, 3, 3, 3], [1, 1, 1, 1, 1, 1], [2, 2, 2, 2, 2, 2], [3, 3, 3, 3, 3, 3], [1, 1, 1, 1, 1, 1], [4, 4, 4, 4, 4, 4], [3, 3, 3, 3, 3, 3], [2, 2, 2, 2, 2, 2], [3, 3, 3, 3, 3, 3], [4, 4, 4, 4, 4, 4], [1, 1, 1, 1, 1, 1], [1, 1, 1, 1, 1, 1], [2, 2, 2, 2, 2, 2], [4, 4, 4, 4, 4, 4], [1, 1, 1, 1, 1, 1], [2, 2, 2, 2, 2, 2], [3, 3, 3, 3, 3, 3], [3, 3, 3, 3, 3, 3], [1, 1, 1, 1, 1, 1], [1, 1, 1, 1, 1, 1], [2, 2, 2, 2, 2, 2], [4, 4, 4, 4, 4, 4], [4, 4, 4, 4, 4, 4], [4, 4, 4, 4, 4, 4], [4, 4, 4, 4, 4, 4], [4, 4, 4, 4, 4, 4], [4, 4, 4, 4, 4, 4], [2, 2, 2, 2, 2, 2], [4, 4, 4, 4, 4, 4], [1, 1, 1, 1, 1, 1], [4, 4, 4, 4, 4, 4], [1, 1, 1, 1, 1, 1]]
1 1 1 -> 0.0
1 2 1 -> 18.11
1 3 1 -> 34.48
1 4 1 -> 35.85
2 1 1 -> 18.11
2 2 1 -> 0.0
2 3 1 -> 47.42
2 4 1 -> 33.0
3 1 1 -> 34.48
3 2 1 -> 47.42
3 3 1 -> 0.0
3 4 1 -> 35.01
4 1 1 -> 35.85
4 2 1 -> 33.0
4 3 1 -> 35.01
4 4 1 -> 0.0
1 1 2 -> 0.0
1 2 2 -> 23.19
1 3 2 -> 30.89
1 4 2 -> 35.23
2 1 2 -> 23.19
2 2 2 -> 0.0
2 3 2 -> 48.41
2 4 2 -> 32.14
3 1 2 -> 30.89
3 2 2 -> 48.41
3 3 2 -> 0.0
3 4 2 -> 35.06
4 1 2 -> 35.23
4 2 2 -> 32.14
4 3 2 -> 35.06
4 4 2 -> 0.0
1 1 3 -> 0.0
1 2 3 -> 15.52
1 3 3 -> 33.84
1 4 3 -> 37.12
2 1 3 -> 15.52
2 2 3 -> 0.0
2 3 3 -> 46.69
2 4 3 -> 37.05
3 1 3 -> 33.84
3 2 3 -> 46.69
3 3 3 -> 0.0
3 4 3 -> 36.35
4 1 3 -> 37.12
4 2 3 -> 37.05
4 3 3 -> 36.35
4 4 3 -> 0.0
1 1 4 -> 0.0
1 2 4 -> 14.56
1 3 4 -> 34.41
1 4 4 -> 37.16
2 1 4 -> 14.56
2 2 4 -> 0.0
2 3 4 -> 46.69
2 4 4 -> 38.01
3 1 4 -> 34.41
3 2 4 -> 46.69
3 3 4 -> 0.0
3 4 4 -> 35.51
4 1 4 -> 37.16
4 2 4 -> 38.01
4 3 4 -> 35.51
4 4 4 -> 0.0
1 1 5 -> 0.0
1 2 5 -> 13.6
1 3 5 -> 34.21
1 4 5 -> 38.63
2 1 5 -> 13.6
2 2 5 -> 0.0
2 3 5 -> 46.01
2 4 5 -> 40.01
3 1 5 -> 34.21
3 2 5 -> 46.01
3 3 5 -> 0.0
3 4 5 -> 36.14
4 1 5 -> 38.63
4 2 5 -> 40.01
4 3 5 -> 36.14
4 4 5 -> 0.0
1 1 6 -> 0.0
1 2 6 -> 22.36
1 3 6 -> 34.83
1 4 6 -> 41.44
2 1 6 -> 22.36
2 2 6 -> 0.0
2 3 6 -> 49.65
2 4 6 -> 35.9
3 1 6 -> 34.83
3 2 6 -> 49.65
3 3 6 -> 0.0
3 4 6 -> 37.95
4 1 6 -> 41.44
4 2 6 -> 35.9
4 3 6 -> 37.95
4 4 6 -> 0.0
o: (1, 2, 3) => 15.52
o: (3, 1, 3) => 33.84
o: (1, 3, 5) => 34.21
o: (3, 2, 4) => 46.69
o: (1, 4, 5) => 38.63
o: (4, 3, 6) => 37.95
o: (4, 4, 6) => 0.0
o: (3, 2, 3) => 46.69
o: (3, 3, 5) => 0.0
o: (2, 1, 1) => 18.11
o: (3, 4, 5) => 36.14
o: (1, 3, 2) => 30.89
o: (1, 4, 2) => 35.23
o: (4, 3, 4) => 35.51
o: (2, 2, 1) => 0.0
o: (4, 4, 4) => 0.0
o: (3, 3, 2) => 0.0
o: (3, 4, 2) => 35.06
o: (4, 3, 3) => 36.35
o: (4, 4, 3) => 0.0
o: (1, 1, 5) => 0.0
o: (4, 1, 6) => 41.44
o: (1, 2, 5) => 13.6
o: (3, 1, 5) => 34.21
o: (1, 3, 1) => 34.48
o: (4, 2, 6) => 35.9
o: (1, 1, 2) => 0.0
o: (1, 4, 1) => 35.85
o: (2, 3, 6) => 49.65
o: (4, 1, 4) => 37.16
o: (3, 2, 5) => 46.01
o: (2, 4, 6) => 35.9
o: (3, 3, 1) => 0.0
o: (1, 2, 2) => 23.19
o: (3, 1, 2) => 30.89
o: (3, 4, 1) => 35.01
o: (4, 1, 3) => 37.12
o: (4, 2, 4) => 38.01
o: (3, 2, 2) => 48.41
o: (2, 3, 4) => 46.69
o: (4, 2, 3) => 37.05
o: (2, 4, 4) => 38.01
o: (4, 3, 5) => 36.14
o: (4, 4, 5) => 0.0
o: (1, 1, 1) => 0.0
o: (2, 3, 3) => 46.69
o: (2, 4, 3) => 37.05
o: (2, 1, 6) => 22.36
o: (4, 3, 2) => 35.06
o: (1, 2, 1) => 18.11
o: (3, 1, 1) => 34.48
o: (4, 4, 2) => 0.0
o: (2, 2, 6) => 0.0
o: (3, 2, 1) => 47.42
o: (2, 1, 4) => 14.56
o: (4, 1, 5) => 38.63
o: (2, 1, 3) => 15.52
o: (2, 2, 4) => 0.0
o: (4, 2, 5) => 40.01
o: (4, 3, 1) => 35.01
o: (1, 3, 6) => 34.83
o: (4, 1, 2) => 35.23
o: (4, 4, 1) => 0.0
o: (2, 2, 3) => 0.0
o: (2, 3, 5) => 46.01
o: (1, 4, 6) => 41.44
o: (2, 4, 5) => 40.01
o: (3, 3, 6) => 0.0
o: (4, 2, 2) => 32.14
o: (3, 4, 6) => 37.95
o: (1, 3, 4) => 34.41
o: (2, 3, 2) => 48.41
o: (1, 4, 4) => 37.16
o: (2, 4, 2) => 32.14
o: (1, 3, 3) => 33.84
o: (3, 3, 4) => 0.0
o: (1, 4, 3) => 37.12
o: (3, 4, 4) => 35.51
o: (4, 1, 1) => 35.85
o: (1, 1, 6) => 0.0
o: (2, 1, 5) => 13.6
o: (3, 3, 3) => 0.0
o: (3, 4, 3) => 36.35
o: (4, 2, 1) => 33.0
o: (1, 2, 6) => 22.36
o: (3, 1, 6) => 34.83
o: (2, 2, 5) => 0.0
o: (2, 3, 1) => 47.42
o: (1, 1, 4) => 0.0
o: (2, 1, 2) => 23.19
o: (2, 4, 1) => 33.0
o: (3, 2, 6) => 49.65
o: (1, 1, 3) => 0.0
o: (1, 2, 4) => 14.56
o: (2, 2, 2) => 0.0
o: (3, 1, 4) => 34.41

[130, 821, 811, 733, 723, 772, 735, 51]
JOBS in the order of refs (Vprime)
Node 1: Job(0, Point(70, 70, 0), 0, 0, 634, 0, 0, 0)
Node 2: Job(1, Point(107, 77, 1), 34, 0, 587, 10, 0, 103)
Node 3: Job(2, Point(109, 139, 1), 8, 0, 545, 10, 0, 200)
Node 4: Job(3, Point(120, 22, 3), 39, 114, 144, 10, 0, 50)
Node 5: Job(6, Point(12, 138, 0), 14, 275, 305, 10, 0, 173)
Node 6: Job(12, Point(12, 84, 2), 16, 0, 565, 10, 0, 58)
Node 7: Job(13, Point(44, 116, 0), 27, 0, 572, 10, 0, 38)
Node 8: Job(15, Point(41, 36, 2), 13, 51, 81, 10, 0, 70)
Node 9: Job(16, Point(132, 133, 1), 24, 0, 536, 10, 0, 170)
Node 10: Job(21, Point(138, 78, 1), 43, 0, 556, 10, 0, 26)
Node 11: Job(29, Point(20, 69, 2), 13, 378, 408, 10, 0, 110)
Node 12: Job(30, Point(64, 132, 0), 8, 62, 92, 10, 0, 83)
Node 13: Job(31, Point(115, 82, 1), 30, 0, 578, 10, 0, 154)
Node 14: Job(33, Point(30, 21, 2), 12, 0, 561, 10, 0, 186)
Node 15: Job(34, Point(63, 129, 0), 7, 206, 236, 10, 0, 62)
Node 16: Job(36, Point(108, 30, 3), 18, 0, 569, 10, 0, 55)
Node 17: Job(37, Point(37, 73, 2), 33, 0, 591, 10, 0, 82)
Node 18: Job(40, Point(92, 138, 1), 12, 402, 432, 10, 0, 35)
Node 19: Job(43, Point(13, 48, 2), 15, 0, 563, 10, 0, 4)
Node 20: Job(44, Point(113, 35, 3), 9, 0, 569, 10, 0, 137)
Node 21: Job(45, Point(60, 84, 0), 23, 0, 607, 10, 0, 138)
Node 22: Job(47, Point(8, 87, 2), 17, 0, 560, 10, 0, 19)
Node 23: Job(48, Point(116, 105, 1), 23, 0, 567, 10, 0, 148)
Node 24: Job(49, Point(117, 4, 3), 9, 0, 543, 10, 0, 7)
Node 25: Job(52, Point(58, 95, 0), 35, 485, 515, 10, 0, 24)
Node 26: Job(53, Point(103, 119, 1), 18, 0, 565, 10, 0, 76)
Node 27: Job(54, Point(32, 52, 2), 32, 0, 582, 10, 0, 65)
Node 28: Job(56, Point(54, 41, 2), 9, 0, 591, 10, 0, 129)
Node 29: Job(57, Point(39, 100, 0), 31, 0, 581, 10, 0, 97)
Node 30: Job(59, Point(67, 96, 0), 26, 0, 598, 10, 0, 88)
Node 31: Job(60, Point(73, 96, 0), 9, 0, 598, 10, 0, 81)
Node 32: Job(61, Point(112, 13, 3), 27, 0, 554, 10, 0, 180)
Node 33: Job(63, Point(103, 44, 3), 12, 42, 72, 10, 0, 25)
Node 34: Job(64, Point(97, 12, 3), 10, 0, 561, 10, 0, 27)
Node 35: Job(66, Point(140, 36, 3), 1, 0, 547, 10, 0, 158)
Node 36: Job(67, Point(90, 44, 3), 6, 52, 82, 10, 0, 172)
Node 37: Job(68, Point(113, 32, 3), 36, 144, 174, 10, 0, 116)
Node 38: Job(69, Point(104, 73, 1), 17, 0, 590, 10, 0, 51)
Node 39: Job(75, Point(88, 29, 3), 33, 550, 580, 10, 0, 41)
Node 40: Job(77, Point(10, 111, 0), 21, 0, 552, 10, 0, 198)
Node 41: Job(79, Point(113, 45, 3), 4, 0, 575, 10, 0, 14)
Node 42: Job(103, Point(103, 82, 1), -34, 0, 589, 10, 1, 0)
Node 43: Job(200, Point(95, 135, 1), -8, 401, 431, 10, 2, 0)
Node 44: Job(50, Point(140, 42, 3), -39, 0, 549, 10, 3, 0)
Node 45: Job(173, Point(33, 117, 0), -14, 0, 565, 10, 6, 0)
Node 46: Job(58, Point(5, 99, 0), -16, 0, 553, 10, 12, 0)
Node 47: Job(38, Point(50, 112, 0), -27, 0, 578, 10, 13, 0)
Node 48: Job(70, Point(36, 38, 2), -13, 0, 578, 10, 15, 0)
Node 49: Job(170, Point(136, 123, 1), -24, 319, 349, 10, 16, 0)
Node 50: Job(26, Point(139, 73, 1), -43, 0, 555, 10, 21, 0)
Node 51: Job(110, Point(34, 72, 2), -13, 0, 588, 10, 29, 0)
Node 52: Job(83, Point(51, 92, 0), -8, 0, 595, 10, 30, 0)
Node 53: Job(154, Point(86, 80, 1), -30, 0, 606, 10, 31, 0)
Node 54: Job(186, Point(15, 18, 2), -12, 0, 549, 10, 33, 0)
Node 55: Job(62, Point(55, 127, 0), -7, 0, 566, 10, 34, 0)
Node 56: Job(55, Point(89, 39, 3), -18, 0, 588, 10, 36, 0)
Node 57: Job(82, Point(10, 86, 2), -33, 0, 562, 10, 37, 0)
Node 58: Job(35, Point(82, 100, 1), -12, 0, 592, 10, 40, 0)
Node 59: Job(4, Point(48, 47, 2), -15, 0, 593, 10, 43, 0)
Node 60: Job(137, Point(104, 32, 3), -9, 0, 574, 10, 44, 0)
Node 61: Job(138, Point(55, 102, 0), -23, 0, 589, 10, 45, 0)
Node 62: Job(19, Point(22, 104, 0), -17, 0, 566, 10, 47, 0)
Node 63: Job(148, Point(123, 84, 1), -23, 0, 570, 10, 48, 0)
Node 64: Job(7, Point(86, 40, 3), -9, 0, 590, 10, 49, 0)
Node 65: Job(24, Point(66, 82, 0), -35, 0, 612, 10, 52, 0)
Node 66: Job(76, Point(109, 131, 1), -18, 226, 256, 10, 53, 0)
Node 67: Job(65, Point(16, 62, 2), -32, 0, 570, 10, 54, 0)
Node 68: Job(129, Point(23, 39, 2), -9, 0, 568, 10, 56, 0)
Node 69: Job(97, Point(58, 80, 0), -31, 0, 609, 10, 57, 0)
Node 70: Job(88, Point(69, 116, 0), -26, 0, 578, 10, 59, 0)
Node 71: Job(81, Point(85, 75, 1), -9, 0, 609, 10, 60, 0)
Node 72: Job(180, Point(106, 10, 3), -27, 0, 555, 10, 61, 0)
Node 73: Job(25, Point(107, 25, 3), -12, 0, 566, 10, 63, 0)
Node 74: Job(27, Point(101, 0, 3), -10, 0, 548, 10, 64, 0)
Node 75: Job(158, Point(120, 47, 3), -1, 0, 569, 10, 66, 0)
Node 76: Job(172, Point(120, 52, 3), -6, 374, 404, 10, 67, 0)
Node 77: Job(116, Point(110, 28, 3), -36, 305, 335, 10, 68, 0)
Node 78: Job(51, Point(139, 68, 1), -17, 0, 555, 10, 69, 0)
Node 79: Job(41, Point(81, 36, 3), -33, 0, 589, 10, 75, 0)
Node 80: Job(198, Point(27, 104, 0), -21, 0, 570, 10, 77, 0)
Node 81: Job(14, Point(102, 52, 3), -4, 0, 588, 10, 79, 0)
Node 82: Job(0, Point(70, 70, 0), 0, 0, 634, 0, 0, 0)

### Preprocessing Data ###
	-> arcs: 6724 (100.0%)
	-> arc_removals: 1921 (28.57%)
	-> arc_removals_is_loop: 82 (1.22%)
	-> arc_removals_is_delivery_to_pickup: 42 (0.62%)
	-> arc_removals_is_depot_begin_to_delivery: 40 (0.59%)
	-> arc_removals_is_pickup_to_depot_end: 40 (0.59%)
	-> arc_removals_is_dest_depot_begin: 80 (1.19%)
	-> arc_removals_is_orig_depot_end: 79 (1.17%)
	-> arc_removals_is_capacity_violated: 0 (0.0%)
	-> arc_removals_is_time_window_limited: 806 (11.99%)
	-> arc_removals_is_time_window_pairing_limited: 707 (10.51%)
	-> arc_removals_is_indirect_request_service_impossible: 45 (0.67%)
	-> gamma_vars: 0 (0%)
	-> feas_gamma_vars: 0 (0%)
	-> infeas_gamma_vars_is_next_mtrv_unreachable: 0 (0%)
	-> infeas_gamma_vars_is_iprime_jprime_eq_i_j: 0 (0%)
	-> machine_removal_for_an_arc: 0 (0.0%)
##########################

[03:09:28.497] Print configuration
------------------------------------------------------
"
[03:09:28.497] Running Multi Start Heuristic"
> Experiment started at 2025-10-07T03:09:28.497
> Instance: LR1_2_8_t1_40R_40V_04I_06M
> Algorithm Parameters:


	>Stop params:
		>  - rule ITERATIONS
		>  - argument 60000.0
		>  - maximum_time 3600

	>General params:
		>  - instPath /dados/rmelo/PDPTW-SE/benchmark_multi_island_v5/official_experiments/multistartlp/preliminar/set_01_pt_02/../../../../instances/orig_ams_fg/40R_40V_04I_06M/t1/LR1_2_8/
		>  - name LR1_2_8
		>  - type t1
		>  - group 40R_40V_04I_06M
		>  - fullname LR1_2_8_t1_40R_40V_04I_06M
		>  - methodType heur
		>  - methodCode mslp
		>  - genconfigfile /dados/rmelo/PDPTW-SE/benchmark_multi_island_v5/official_experiments/multistartlp/preliminar/set_01_pt_02/configs/genconfig_mslp.conf
		>  - genconfigfilename genconfig_mslp
		>  - greedy_service_order random
		>  - cutoff 0
		>  - cutoffmachs 6
		>  - num_machs 0
		>  - solver Gurobi
		>  - maxtime 3600
		>  - gurobiCuts 1
		>  - typeUserCut 0
		>  - mipPresolve -1
		>  - printsol 1
		>  - maxnodes -1
		>  - elevator 0
		>  - make_instance_feasible false
		>  - output /dados/rmelo/PDPTW-SE/benchmark_multi_island_v5/official_experiments/multistartlp/preliminar/set_01_pt_02/logs
		>  - suff_outputs _seed_157_alpha_20p
		>  - suff_csv _bash_4
		>  - epsilon 0.005
		>  - epsilonCap 0.5
		>  - warmStart false
		>  - seed 157
		>  - rng Random.MersenneTwister(157)
		>  - alpha 0.2
		>  - maxiter 1000000
		>  - outputFlagGrbMIP 0
		>  - outputFlagGrbMSLP 0
		>  - outputFlagGrbLMNS 0
		>  - mslpr I
		>  - mslpa 60000
		>  - lmnsr M
		>  - lmnsa 60
		>  - lmnsRepairTime 30.0
		>  - lmnsMIPFocus 0
		>  - lmnsGapToBiggerDestruction 50
		>  - lmnsGapToSmallerDestruction 95
		>  - lmnsWeightShawDistProx 1.0
		>  - lmnsWeightShawEarlProx 1.0
		>  - lmnsWeightShawSameRoute 1.0
		>  - lmnsWeightShawDemandSim 1.0
		>  - lmnsReqRApplyMIPStart true
		>  - lmnsAcceptanceCriteria H
		>  - lmnsMetropolisTemp 100.0
		>  - lmnsSimulatedAnnealingTemp 100.0
		>  - lmnsSimulatedAnnealingCool 0.95
		>  - mipmaxtime 3600
		>  - csvfilename /dados/rmelo/PDPTW-SE/benchmark_multi_island_v5/official_experiments/multistartlp/preliminar/set_01_pt_02/logs/heur_mslp/outputs/csvresults_heur_mslp_bash_4.csv
		>  - solfilename /dados/rmelo/PDPTW-SE/benchmark_multi_island_v5/official_experiments/multistartlp/preliminar/set_01_pt_02/logs/heur_mslp/solutions/40R_40V_04I_06M/LR1_2_8_sol_genconfig_mslp_seed_157_alpha_20p.txt
		>  - timelineFilename /dados/rmelo/PDPTW-SE/benchmark_multi_island_v5/official_experiments/multistartlp/preliminar/set_01_pt_02/logs/heur_mslp/timelines/40R_40V_04I_06M/LR1_2_8_timeline_genconfig_mslp_seed_157_alpha_20p.txt
		>  - grbFilename /dados/rmelo/PDPTW-SE/benchmark_multi_island_v5/official_experiments/multistartlp/preliminar/set_01_pt_02/logs/heur_mslp/gurobi/40R_40V_04I_06M/LR1_2_8_grb_genconfig_mslp_seed_157_alpha_20p.log
		>  - threads 1
		>  - solverMethod AUTOMATIC

------------------------------------------------------
objValue;greedysol;iteration;time
4268.33;4281.05;1;0.037878
3970.97;4071.73;16;1.350986
3781.58;3824.03;26;1.774614
3596.36;3645.97;118;5.330578
3466.13;3491.96;1057;41.508008
3409.14;3451.93;26855;1047.896144

[03:48:21.293] Finished running MSLP

[03:48:21.293] Post running MSLP
Best solution value: 3409.14
Total time elapsed: 2332.661120
Time to best: 1047.896144
Iterations: 60000
Iterations to best: 26855
Improvements: 6
Infeasible solutions percentage: (16004 / 60000) = 26.6733 %
(LP improvements)/(LP runs) = 43991/43996 = 99.9886 %
Mean LP improvement percentage: 2.7121 %
[03:48:21.728] Writing results to CSV file: /dados/rmelo/PDPTW-SE/benchmark_multi_island_v5/official_experiments/multistartlp/preliminar/set_01_pt_02/logs/heur_mslp/outputs/csvresults_heur_mslp_bash_4.csv

[03:48:24.394] Saving solution to file:/dados/rmelo/PDPTW-SE/benchmark_multi_island_v5/official_experiments/multistartlp/preliminar/set_01_pt_02/logs/heur_mslp/solutions/40R_40V_04I_06M/LR1_2_8_sol_genconfig_mslp_seed_157_alpha_20p.txt

[03:48:24.394] Saving solution timeline to file: /dados/rmelo/PDPTW-SE/benchmark_multi_island_v5/official_experiments/multistartlp/preliminar/set_01_pt_02/logs/heur_mslp/timelines/40R_40V_04I_06M/LR1_2_8_timeline_genconfig_mslp_seed_157_alpha_20p.txt
---------------------| VEHICLES |---------------------

Vehicle 3 :
	id: 0
		node: 1
		(x, y, z): (70, 70, 0)
		dem: 0
		earl: 0
		lat: 634
		servt: 0
		pid: 0
		did: 0
		servST: 0.0
		(h, h_ind): (-1, 0)
		load: 0.0

	Finished service at time: 0.0

	Using Machine: 2
		Task 0 -> Machine 2 (Station 1): 4.0
		Vehicle arrival at machine station: 4.0
		Waiting time until machine travel: 0.0

		Machine travel start time: 4.0
		Region 0 -> Region 2: 33.84
		Machine arrival at machine station: 37.84

		Machine 2 (Station 3)-> Task 56: 5.83
		Vehicle arrival at task: 43.67
		Waiting time until service start time: 0.0

	id: 56
		node: 28
		(x, y, z): (54, 41, 2)
		dem: 9
		earl: 0
		lat: 591
		servt: 10
		pid: 0
		did: 129
		servST: 43.67
		(h, h_ind): (2, 1)
		load: 9.0

	Finished service at time: 53.67

	Task 56 -> Task 15: 13.93
	Vehicle arrival at task: 67.6
	Waiting time until service start time: 0.0

	id: 15
		node: 8
		(x, y, z): (41, 36, 2)
		dem: 13
		earl: 51
		lat: 81
		servt: 10
		pid: 0
		did: 70
		servST: 67.6
		(h, h_ind): (-1, 0)
		load: 22.0

	Finished service at time: 77.6

	Task 15 -> Task 33: 18.6
	Vehicle arrival at task: 96.19999999999999
	Waiting time until service start time: 0.0

	id: 33
		node: 14
		(x, y, z): (30, 21, 2)
		dem: 12
		earl: 0
		lat: 561
		servt: 10
		pid: 0
		did: 186
		servST: 96.19999999999999
		(h, h_ind): (-1, 0)
		load: 34.0

	Finished service at time: 106.19999999999999

	Task 33 -> Task 186: 15.3
	Vehicle arrival at task: 121.49999999999999
	Waiting time until service start time: 0.0

	id: 186
		node: 54
		(x, y, z): (15, 18, 2)
		dem: -12
		earl: 0
		lat: 549
		servt: 10
		pid: 33
		did: 0
		servST: 121.49999999999999
		(h, h_ind): (-1, 0)
		load: 22.0

	Finished service at time: 131.5

	Task 186 -> Task 43: 30.07
	Vehicle arrival at task: 161.57
	Waiting time until service start time: 0.0

	id: 43
		node: 19
		(x, y, z): (13, 48, 2)
		dem: 15
		earl: 0
		lat: 563
		servt: 10
		pid: 0
		did: 4
		servST: 161.57
		(h, h_ind): (-1, 0)
		load: 37.0

	Finished service at time: 171.57

	Task 43 -> Task 129: 13.45
	Vehicle arrival at task: 185.01999999999998
	Waiting time until service start time: 0.0

	id: 129
		node: 68
		(x, y, z): (23, 39, 2)
		dem: -9
		earl: 0
		lat: 568
		servt: 10
		pid: 56
		did: 0
		servST: 185.01999999999998
		(h, h_ind): (-1, 0)
		load: 28.0

	Finished service at time: 195.01999999999998

	Task 129 -> Task 70: 13.04
	Vehicle arrival at task: 208.05999999999997
	Waiting time until service start time: 0.0

	id: 70
		node: 48
		(x, y, z): (36, 38, 2)
		dem: -13
		earl: 0
		lat: 578
		servt: 10
		pid: 15
		did: 0
		servST: 208.05999999999997
		(h, h_ind): (-1, 0)
		load: 15.0

	Finished service at time: 218.05999999999997

	Task 70 -> Task 4: 15.0
	Vehicle arrival at task: 233.05999999999997
	Waiting time until service start time: 0.0

	id: 4
		node: 59
		(x, y, z): (48, 47, 2)
		dem: -15
		earl: 0
		lat: 593
		servt: 10
		pid: 43
		did: 0
		servST: 233.05999999999997
		(h, h_ind): (-1, 0)
		load: 0.0

	Finished service at time: 243.05999999999997

	Task 4 -> Task 37: 28.23
	Vehicle arrival at task: 271.28999999999996
	Waiting time until service start time: 0.0

	id: 37
		node: 17
		(x, y, z): (37, 73, 2)
		dem: 33
		earl: 0
		lat: 591
		servt: 10
		pid: 0
		did: 82
		servST: 271.28999999999996
		(h, h_ind): (-1, 0)
		load: 33.0

	Finished service at time: 281.28999999999996

	Task 37 -> Task 12: 27.31
	Vehicle arrival at task: 308.59999999999997
	Waiting time until service start time: 0.0

	id: 12
		node: 6
		(x, y, z): (12, 84, 2)
		dem: 16
		earl: 0
		lat: 565
		servt: 10
		pid: 0
		did: 58
		servST: 308.59999999999997
		(h, h_ind): (-1, 0)
		load: 49.0

	Finished service at time: 318.59999999999997

	Task 12 -> Task 82: 2.83
	Vehicle arrival at task: 321.42999999999995
	Waiting time until service start time: 0.0

	id: 82
		node: 57
		(x, y, z): (10, 86, 2)
		dem: -33
		earl: 0
		lat: 562
		servt: 10
		pid: 37
		did: 0
		servST: 321.42999999999995
		(h, h_ind): (-1, 0)
		load: 16.0

	Finished service at time: 331.42999999999995

	Task 82 -> Task 47: 2.24
	Vehicle arrival at task: 333.66999999999996
	Waiting time until service start time: 0.0

	id: 47
		node: 22
		(x, y, z): (8, 87, 2)
		dem: 17
		earl: 0
		lat: 560
		servt: 10
		pid: 0
		did: 19
		servST: 333.66999999999996
		(h, h_ind): (-1, 0)
		load: 33.0

	Finished service at time: 343.66999999999996

	Using Machine: 5
		Task 47 -> Machine 5 (Station 3): 54.56
		Vehicle arrival at machine station: 398.22999999999996
		Waiting time until machine travel: 0.0

		Machine travel start time: 398.22999999999996
		Region 2 -> Region 0: 34.83
		Machine arrival at machine station: 433.05999999999995

		Machine 5 (Station 1)-> Task 19: 55.47
		Vehicle arrival at task: 488.53
		Waiting time until service start time: 0.0

	id: 19
		node: 62
		(x, y, z): (22, 104, 0)
		dem: -17
		earl: 0
		lat: 566
		servt: 10
		pid: 47
		did: 0
		servST: 488.53
		(h, h_ind): (5, 2)
		load: 16.0

	Finished service at time: 498.53

	Task 19 -> Task 58: 17.72
	Vehicle arrival at task: 516.25
	Waiting time until service start time: 0.0

	id: 58
		node: 46
		(x, y, z): (5, 99, 0)
		dem: -16
		earl: 0
		lat: 553
		servt: 10
		pid: 12
		did: 0
		servST: 516.25
		(h, h_ind): (-1, 0)
		load: 0.0

	Finished service at time: 526.25

	Task 58 -> Task 0: 71.18
	Vehicle arrival at task: 597.4300000000001
	Waiting time until service start time: 0.0

	id: 0
		node: 82
		(x, y, z): (70, 70, 0)
		dem: 0
		earl: 0
		lat: 634
		servt: 0
		pid: 0
		did: 0
		servST: 597.4300000000001
		(h, h_ind): (-1, 0)
		load: 0.0


Vehicle 8 :
	id: 0
		node: 1
		(x, y, z): (70, 70, 0)
		dem: 0
		earl: 0
		lat: 634
		servt: 0
		pid: 0
		did: 0
		servST: 0.0
		(h, h_ind): (-1, 0)
		load: 0.0

	Finished service at time: 0.0

	Task 0 -> Task 45: 17.2
	Vehicle arrival at task: 17.2
	Waiting time until service start time: 0.0

	id: 45
		node: 21
		(x, y, z): (60, 84, 0)
		dem: 23
		earl: 0
		lat: 607
		servt: 10
		pid: 0
		did: 138
		servST: 17.2
		(h, h_ind): (-1, 0)
		load: 23.0

	Finished service at time: 27.2

	Task 45 -> Task 57: 26.4
	Vehicle arrival at task: 53.599999999999994
	Waiting time until service start time: 0.0

	id: 57
		node: 29
		(x, y, z): (39, 100, 0)
		dem: 31
		earl: 0
		lat: 581
		servt: 10
		pid: 0
		did: 97
		servST: 53.599999999999994
		(h, h_ind): (-1, 0)
		load: 54.0

	Finished service at time: 63.599999999999994

	Task 57 -> Task 138: 16.12
	Vehicle arrival at task: 79.72
	Waiting time until service start time: 0.0

	id: 138
		node: 61
		(x, y, z): (55, 102, 0)
		dem: -23
		earl: 0
		lat: 589
		servt: 10
		pid: 45
		did: 0
		servST: 79.72
		(h, h_ind): (-1, 0)
		load: 31.0

	Finished service at time: 89.72

	Task 138 -> Task 97: 22.2
	Vehicle arrival at task: 111.92
	Waiting time until service start time: 0.0

	id: 97
		node: 69
		(x, y, z): (58, 80, 0)
		dem: -31
		earl: 0
		lat: 609
		servt: 10
		pid: 57
		did: 0
		servST: 111.92
		(h, h_ind): (-1, 0)
		load: 0.0

	Finished service at time: 121.92

	Task 97 -> Task 60: 21.93
	Vehicle arrival at task: 143.85
	Waiting time until service start time: 0.0

	id: 60
		node: 31
		(x, y, z): (73, 96, 0)
		dem: 9
		earl: 0
		lat: 598
		servt: 10
		pid: 0
		did: 81
		servST: 143.85
		(h, h_ind): (-1, 0)
		load: 9.0

	Finished service at time: 153.85

	Using Machine: 4
		Task 60 -> Machine 4 (Station 1): 20.1
		Vehicle arrival at machine station: 173.95
		Waiting time until machine travel: 0.0

		Machine travel start time: 173.95
		Region 0 -> Region 1: 13.6
		Machine arrival at machine station: 187.54999999999998

		Machine 4 (Station 2)-> Task 53: 43.38
		Vehicle arrival at task: 230.92999999999998
		Waiting time until service start time: 0.0

	id: 53
		node: 26
		(x, y, z): (103, 119, 1)
		dem: 18
		earl: 0
		lat: 565
		servt: 10
		pid: 0
		did: 76
		servST: 230.93
		(h, h_ind): (4, 1)
		load: 27.0

	Finished service at time: 240.93

	Task 53 -> Task 76: 13.42
	Vehicle arrival at task: 254.35
	Waiting time until service start time: 0.0

	id: 76
		node: 66
		(x, y, z): (109, 131, 1)
		dem: -18
		earl: 226
		lat: 256
		servt: 10
		pid: 53
		did: 0
		servST: 254.35000000000002
		(h, h_ind): (-1, 0)
		load: 9.0

	Finished service at time: 264.35

	Task 76 -> Task 2: 8.0
	Vehicle arrival at task: 272.35
	Waiting time until service start time: 0.0

	id: 2
		node: 3
		(x, y, z): (109, 139, 1)
		dem: 8
		earl: 0
		lat: 545
		servt: 10
		pid: 0
		did: 200
		servST: 272.35
		(h, h_ind): (-1, 0)
		load: 17.0

	Finished service at time: 282.35

	Task 2 -> Task 48: 34.71
	Vehicle arrival at task: 317.06
	Waiting time until service start time: 0.0

	id: 48
		node: 23
		(x, y, z): (116, 105, 1)
		dem: 23
		earl: 0
		lat: 567
		servt: 10
		pid: 0
		did: 148
		servST: 317.06
		(h, h_ind): (-1, 0)
		load: 40.0

	Finished service at time: 327.06

	Task 48 -> Task 148: 22.14
	Vehicle arrival at task: 349.2
	Waiting time until service start time: 0.0

	id: 148
		node: 63
		(x, y, z): (123, 84, 1)
		dem: -23
		earl: 0
		lat: 570
		servt: 10
		pid: 48
		did: 0
		servST: 349.2
		(h, h_ind): (-1, 0)
		load: 17.0

	Finished service at time: 359.2

	Task 148 -> Task 200: 58.18
	Vehicle arrival at task: 417.38
	Waiting time until service start time: 0.0

	id: 200
		node: 43
		(x, y, z): (95, 135, 1)
		dem: -8
		earl: 401
		lat: 431
		servt: 10
		pid: 2
		did: 0
		servST: 417.38
		(h, h_ind): (-1, 0)
		load: 9.0

	Finished service at time: 427.38

	Task 200 -> Task 40: 4.24
	Vehicle arrival at task: 431.62
	Waiting time until service start time: 0.0

	id: 40
		node: 18
		(x, y, z): (92, 138, 1)
		dem: 12
		earl: 402
		lat: 432
		servt: 10
		pid: 0
		did: 35
		servST: 431.62
		(h, h_ind): (-1, 0)
		load: 21.0

	Finished service at time: 441.62

	Task 40 -> Task 81: 63.39
	Vehicle arrival at task: 505.01
	Waiting time until service start time: 0.0

	id: 81
		node: 71
		(x, y, z): (85, 75, 1)
		dem: -9
		earl: 0
		lat: 609
		servt: 10
		pid: 60
		did: 0
		servST: 505.01
		(h, h_ind): (-1, 0)
		load: 12.0

	Finished service at time: 515.01

	Task 81 -> Task 35: 25.18
	Vehicle arrival at task: 540.1899999999999
	Waiting time until service start time: 0.0

	id: 35
		node: 58
		(x, y, z): (82, 100, 1)
		dem: -12
		earl: 0
		lat: 592
		servt: 10
		pid: 40
		did: 0
		servST: 540.1899999999999
		(h, h_ind): (-1, 0)
		load: 0.0

	Finished service at time: 550.1899999999999

	Using Machine: 4
		Task 35 -> Machine 4 (Station 2): 20.1
		Vehicle arrival at machine station: 570.29
		Waiting time until machine travel: 0.0

		Machine travel start time: 570.29
		Region 1 -> Region 0: 13.6
		Machine arrival at machine station: 583.89

		Machine 4 (Station 1)-> Task 0: 6.08
		Vehicle arrival at task: 589.97
		Waiting time until service start time: -0.0

	id: 0
		node: 82
		(x, y, z): (70, 70, 0)
		dem: 0
		earl: 0
		lat: 634
		servt: 0
		pid: 0
		did: 0
		servST: 589.9699999999999
		(h, h_ind): (4, 2)
		load: 0.0


Vehicle 12 :
	id: 0
		node: 1
		(x, y, z): (70, 70, 0)
		dem: 0
		earl: 0
		lat: 634
		servt: 0
		pid: 0
		did: 0
		servST: 32.79
		(h, h_ind): (-1, 0)
		load: 0.0

	Finished service at time: 32.79

	Using Machine: 3
		Task 0 -> Machine 3 (Station 1): 5.1
		Vehicle arrival at machine station: 37.89
		Waiting time until machine travel: 0.0

		Machine travel start time: 37.89
		Region 0 -> Region 3: 37.16
		Machine arrival at machine station: 75.05

		Machine 3 (Station 4)-> Task 3: 38.95
		Vehicle arrival at task: 114.0
		Waiting time until service start time: 0.0

	id: 3
		node: 4
		(x, y, z): (120, 22, 3)
		dem: 39
		earl: 114
		lat: 144
		servt: 10
		pid: 0
		did: 50
		servST: 114.0
		(h, h_ind): (3, 1)
		load: 39.0

	Finished service at time: 124.0

	Task 3 -> Task 36: 14.42
	Vehicle arrival at task: 138.42
	Waiting time until service start time: 0.0

	id: 36
		node: 16
		(x, y, z): (108, 30, 3)
		dem: 18
		earl: 0
		lat: 569
		servt: 10
		pid: 0
		did: 55
		servST: 138.42000000000002
		(h, h_ind): (-1, 0)
		load: 57.0

	Finished service at time: 148.42000000000002

	Task 36 -> Task 55: 21.02
	Vehicle arrival at task: 169.44000000000003
	Waiting time until service start time: 0.0

	id: 55
		node: 56
		(x, y, z): (89, 39, 3)
		dem: -18
		earl: 0
		lat: 588
		servt: 10
		pid: 36
		did: 0
		servST: 169.44000000000003
		(h, h_ind): (-1, 0)
		load: 39.0

	Finished service at time: 179.44000000000003

	Task 55 -> Task 50: 51.09
	Vehicle arrival at task: 230.53000000000003
	Waiting time until service start time: 0.0

	id: 50
		node: 44
		(x, y, z): (140, 42, 3)
		dem: -39
		earl: 0
		lat: 549
		servt: 10
		pid: 3
		did: 0
		servST: 230.53000000000003
		(h, h_ind): (-1, 0)
		load: 0.0

	Finished service at time: 240.53000000000003

	Using Machine: 3
		Task 50 -> Machine 3 (Station 4): 54.01
		Vehicle arrival at machine station: 294.54
		Waiting time until machine travel: 0.0

		Machine travel start time: 294.54
		Region 3 -> Region 2: 35.51
		Machine arrival at machine station: 330.05

		Machine 3 (Station 3)-> Task 54: 19.65
		Vehicle arrival at task: 349.7
		Waiting time until service start time: 0.0

	id: 54
		node: 27
		(x, y, z): (32, 52, 2)
		dem: 32
		earl: 0
		lat: 582
		servt: 10
		pid: 0
		did: 65
		servST: 349.70000000000005
		(h, h_ind): (3, 2)
		load: 32.0

	Finished service at time: 359.70000000000005

	Task 54 -> Task 65: 18.87
	Vehicle arrival at task: 378.57000000000005
	Waiting time until service start time: 0.0

	id: 65
		node: 67
		(x, y, z): (16, 62, 2)
		dem: -32
		earl: 0
		lat: 570
		servt: 10
		pid: 54
		did: 0
		servST: 378.57000000000005
		(h, h_ind): (-1, 0)
		load: 0.0

	Finished service at time: 388.57000000000005

	Task 65 -> Task 29: 8.06
	Vehicle arrival at task: 396.63000000000005
	Waiting time until service start time: 0.0

	id: 29
		node: 11
		(x, y, z): (20, 69, 2)
		dem: 13
		earl: 378
		lat: 408
		servt: 10
		pid: 0
		did: 110
		servST: 396.63000000000005
		(h, h_ind): (-1, 0)
		load: 13.0

	Finished service at time: 406.63000000000005

	Task 29 -> Task 110: 14.32
	Vehicle arrival at task: 420.95000000000005
	Waiting time until service start time: 0.0

	id: 110
		node: 51
		(x, y, z): (34, 72, 2)
		dem: -13
		earl: 0
		lat: 588
		servt: 10
		pid: 29
		did: 0
		servST: 420.95000000000005
		(h, h_ind): (-1, 0)
		load: 0.0

	Finished service at time: 430.95000000000005

	Using Machine: 1
		Task 110 -> Machine 1 (Station 3): 33.29
		Vehicle arrival at machine station: 464.24000000000007
		Waiting time until machine travel: 0.0

		Machine travel start time: 464.24000000000007
		Region 2 -> Region 0: 30.89
		Machine arrival at machine station: 495.13000000000005

		Machine 1 (Station 1)-> Task 0: 3.16
		Vehicle arrival at task: 498.2900000000001
		Waiting time until service start time: 0.0

	id: 0
		node: 82
		(x, y, z): (70, 70, 0)
		dem: 0
		earl: 0
		lat: 634
		servt: 0
		pid: 0
		did: 0
		servST: 498.2900000000001
		(h, h_ind): (1, 2)
		load: 0.0


Vehicle 18 :
	id: 0
		node: 1
		(x, y, z): (70, 70, 0)
		dem: 0
		earl: 0
		lat: 634
		servt: 0
		pid: 0
		did: 0
		servST: 0.0
		(h, h_ind): (-1, 0)
		load: 0.0

	Finished service at time: 0.0

	Using Machine: 0
		Task 0 -> Machine 0 (Station 1): 3.0
		Vehicle arrival at machine station: 3.0
		Waiting time until machine travel: 0.0

		Machine travel start time: 3.0
		Region 0 -> Region 3: 35.85
		Machine arrival at machine station: 38.85

		Machine 0 (Station 4)-> Task 63: 15.13
		Vehicle arrival at task: 53.980000000000004
		Waiting time until service start time: 0.0

	id: 63
		node: 33
		(x, y, z): (103, 44, 3)
		dem: 12
		earl: 42
		lat: 72
		servt: 10
		pid: 0
		did: 25
		servST: 53.980000000000004
		(h, h_ind): (0, 1)
		load: 12.0

	Finished service at time: 63.980000000000004

	Task 63 -> Task 25: 19.42
	Vehicle arrival at task: 83.4
	Waiting time until service start time: 0.0

	id: 25
		node: 73
		(x, y, z): (107, 25, 3)
		dem: -12
		earl: 0
		lat: 566
		servt: 10
		pid: 63
		did: 0
		servST: 83.4
		(h, h_ind): (-1, 0)
		load: 0.0

	Finished service at time: 93.4

	Using Machine: 0
		Task 25 -> Machine 0 (Station 4): 25.5
		Vehicle arrival at machine station: 118.9
		Waiting time until machine travel: 0.0

		Machine travel start time: 118.9
		Region 3 -> Region 0: 35.85
		Machine arrival at machine station: 154.75

		Machine 0 (Station 1)-> Task 59: 23.19
		Vehicle arrival at task: 177.94
		Waiting time until service start time: 0.0

	id: 59
		node: 30
		(x, y, z): (67, 96, 0)
		dem: 26
		earl: 0
		lat: 598
		servt: 10
		pid: 0
		did: 88
		servST: 177.94
		(h, h_ind): (0, 2)
		load: 26.0

	Finished service at time: 187.94

	Task 59 -> Task 88: 20.1
	Vehicle arrival at task: 208.04
	Waiting time until service start time: 0.0

	id: 88
		node: 70
		(x, y, z): (69, 116, 0)
		dem: -26
		earl: 0
		lat: 578
		servt: 10
		pid: 59
		did: 0
		servST: 208.04
		(h, h_ind): (-1, 0)
		load: 0.0

	Finished service at time: 218.04

	Task 88 -> Task 34: 14.32
	Vehicle arrival at task: 232.35999999999999
	Waiting time until service start time: 0.0

	id: 34
		node: 15
		(x, y, z): (63, 129, 0)
		dem: 7
		earl: 206
		lat: 236
		servt: 10
		pid: 0
		did: 62
		servST: 232.35999999999999
		(h, h_ind): (-1, 0)
		load: 7.0

	Finished service at time: 242.35999999999999

	Task 34 -> Task 6: 51.79
	Vehicle arrival at task: 294.15
	Waiting time until service start time: 0.0

	id: 6
		node: 5
		(x, y, z): (12, 138, 0)
		dem: 14
		earl: 275
		lat: 305
		servt: 10
		pid: 0
		did: 173
		servST: 294.15
		(h, h_ind): (-1, 0)
		load: 21.0

	Finished service at time: 304.15

	Task 6 -> Task 62: 44.38
	Vehicle arrival at task: 348.53
	Waiting time until service start time: 0.0

	id: 62
		node: 55
		(x, y, z): (55, 127, 0)
		dem: -7
		earl: 0
		lat: 566
		servt: 10
		pid: 34
		did: 0
		servST: 348.53
		(h, h_ind): (-1, 0)
		load: 14.0

	Finished service at time: 358.53

	Task 62 -> Task 77: 47.76
	Vehicle arrival at task: 406.28999999999996
	Waiting time until service start time: 0.0

	id: 77
		node: 40
		(x, y, z): (10, 111, 0)
		dem: 21
		earl: 0
		lat: 552
		servt: 10
		pid: 0
		did: 198
		servST: 406.28999999999996
		(h, h_ind): (-1, 0)
		load: 35.0

	Finished service at time: 416.28999999999996

	Task 77 -> Task 173: 23.77
	Vehicle arrival at task: 440.05999999999995
	Waiting time until service start time: 0.0

	id: 173
		node: 45
		(x, y, z): (33, 117, 0)
		dem: -14
		earl: 0
		lat: 565
		servt: 10
		pid: 6
		did: 0
		servST: 440.05999999999995
		(h, h_ind): (-1, 0)
		load: 21.0

	Finished service at time: 450.05999999999995

	Task 173 -> Task 198: 14.32
	Vehicle arrival at task: 464.37999999999994
	Waiting time until service start time: 0.0

	id: 198
		node: 80
		(x, y, z): (27, 104, 0)
		dem: -21
		earl: 0
		lat: 570
		servt: 10
		pid: 77
		did: 0
		servST: 464.37999999999994
		(h, h_ind): (-1, 0)
		load: 0.0

	Finished service at time: 474.37999999999994

	Task 198 -> Task 52: 32.28
	Vehicle arrival at task: 506.65999999999997
	Waiting time until service start time: 0.0

	id: 52
		node: 25
		(x, y, z): (58, 95, 0)
		dem: 35
		earl: 485
		lat: 515
		servt: 10
		pid: 0
		did: 24
		servST: 506.65999999999997
		(h, h_ind): (-1, 0)
		load: 35.0

	Finished service at time: 516.66

	Task 52 -> Task 24: 15.26
	Vehicle arrival at task: 531.92
	Waiting time until service start time: 0.0

	id: 24
		node: 65
		(x, y, z): (66, 82, 0)
		dem: -35
		earl: 0
		lat: 612
		servt: 10
		pid: 52
		did: 0
		servST: 531.92
		(h, h_ind): (-1, 0)
		load: 0.0

	Finished service at time: 541.92

	Task 24 -> Task 0: 12.65
	Vehicle arrival at task: 554.5699999999999
	Waiting time until service start time: 0.0

	id: 0
		node: 82
		(x, y, z): (70, 70, 0)
		dem: 0
		earl: 0
		lat: 634
		servt: 0
		pid: 0
		did: 0
		servST: 554.5699999999999
		(h, h_ind): (-1, 0)
		load: 0.0


Vehicle 27 :
	id: 0
		node: 1
		(x, y, z): (70, 70, 0)
		dem: 0
		earl: 0
		lat: 634
		servt: 0
		pid: 0
		did: 0
		servST: 12.830000000000187
		(h, h_ind): (-1, 0)
		load: 0.0

	Finished service at time: 12.830000000000187

	Using Machine: 1
		Task 0 -> Machine 1 (Station 1): 3.16
		Vehicle arrival at machine station: 15.990000000000187
		Waiting time until machine travel: 0.0

		Machine travel start time: 15.990000000000187
		Region 0 -> Region 3: 35.23
		Machine arrival at machine station: 51.220000000000184

		Machine 1 (Station 4)-> Task 67: 3.61
		Vehicle arrival at task: 54.83000000000018
		Waiting time until service start time: 0.0

	id: 67
		node: 36
		(x, y, z): (90, 44, 3)
		dem: 6
		earl: 52
		lat: 82
		servt: 10
		pid: 0
		did: 172
		servST: 54.83000000000018
		(h, h_ind): (1, 1)
		load: 6.0

	Finished service at time: 64.83000000000018

	Task 67 -> Task 66: 50.64
	Vehicle arrival at task: 115.47000000000018
	Waiting time until service start time: 0.0

	id: 66
		node: 35
		(x, y, z): (140, 36, 3)
		dem: 1
		earl: 0
		lat: 547
		servt: 10
		pid: 0
		did: 158
		servST: 115.47000000000018
		(h, h_ind): (-1, 0)
		load: 7.0

	Finished service at time: 125.47000000000018

	Task 66 -> Task 44: 27.02
	Vehicle arrival at task: 152.49000000000018
	Waiting time until service start time: 0.0

	id: 44
		node: 20
		(x, y, z): (113, 35, 3)
		dem: 9
		earl: 0
		lat: 569
		servt: 10
		pid: 0
		did: 137
		servST: 152.49000000000018
		(h, h_ind): (-1, 0)
		load: 16.0

	Finished service at time: 162.49000000000018

	Task 44 -> Task 68: 3.0
	Vehicle arrival at task: 165.49000000000018
	Waiting time until service start time: 0.0

	id: 68
		node: 37
		(x, y, z): (113, 32, 3)
		dem: 36
		earl: 144
		lat: 174
		servt: 10
		pid: 0
		did: 116
		servST: 165.49000000000018
		(h, h_ind): (-1, 0)
		load: 52.0

	Finished service at time: 175.49000000000018

	Task 68 -> Task 64: 25.61
	Vehicle arrival at task: 201.1000000000002
	Waiting time until service start time: -0.0

	id: 64
		node: 34
		(x, y, z): (97, 12, 3)
		dem: 10
		earl: 0
		lat: 561
		servt: 10
		pid: 0
		did: 27
		servST: 201.10000000000016
		(h, h_ind): (-1, 0)
		load: 62.0

	Finished service at time: 211.10000000000016

	Task 64 -> Task 49: 21.54
	Vehicle arrival at task: 232.64000000000016
	Waiting time until service start time: 0.0

	id: 49
		node: 24
		(x, y, z): (117, 4, 3)
		dem: 9
		earl: 0
		lat: 543
		servt: 10
		pid: 0
		did: 7
		servST: 232.64000000000016
		(h, h_ind): (-1, 0)
		load: 71.0

	Finished service at time: 242.64000000000016

	Task 49 -> Task 27: 16.49
	Vehicle arrival at task: 259.13000000000017
	Waiting time until service start time: 0.0

	id: 27
		node: 74
		(x, y, z): (101, 0, 3)
		dem: -10
		earl: 0
		lat: 548
		servt: 10
		pid: 64
		did: 0
		servST: 259.13000000000017
		(h, h_ind): (-1, 0)
		load: 61.0

	Finished service at time: 269.13000000000017

	Task 27 -> Task 137: 32.14
	Vehicle arrival at task: 301.27000000000015
	Waiting time until service start time: 0.0

	id: 137
		node: 60
		(x, y, z): (104, 32, 3)
		dem: -9
		earl: 0
		lat: 574
		servt: 10
		pid: 44
		did: 0
		servST: 301.27000000000015
		(h, h_ind): (-1, 0)
		load: 52.0

	Finished service at time: 311.27000000000015

	Task 137 -> Task 116: 7.21
	Vehicle arrival at task: 318.48000000000013
	Waiting time until service start time: 0.0

	id: 116
		node: 77
		(x, y, z): (110, 28, 3)
		dem: -36
		earl: 305
		lat: 335
		servt: 10
		pid: 68
		did: 0
		servST: 318.48000000000013
		(h, h_ind): (-1, 0)
		load: 16.0

	Finished service at time: 328.48000000000013

	Task 116 -> Task 79: 17.26
	Vehicle arrival at task: 345.7400000000001
	Waiting time until service start time: 0.0

	id: 79
		node: 41
		(x, y, z): (113, 45, 3)
		dem: 4
		earl: 0
		lat: 575
		servt: 10
		pid: 0
		did: 14
		servST: 345.7400000000001
		(h, h_ind): (-1, 0)
		load: 20.0

	Finished service at time: 355.7400000000001

	Task 79 -> Task 158: 7.28
	Vehicle arrival at task: 363.0200000000001
	Waiting time until service start time: 0.0

	id: 158
		node: 75
		(x, y, z): (120, 47, 3)
		dem: -1
		earl: 0
		lat: 569
		servt: 10
		pid: 66
		did: 0
		servST: 363.0200000000001
		(h, h_ind): (-1, 0)
		load: 19.0

	Finished service at time: 373.0200000000001

	Task 158 -> Task 172: 5.0
	Vehicle arrival at task: 378.0200000000001
	Waiting time until service start time: 0.0

	id: 172
		node: 76
		(x, y, z): (120, 52, 3)
		dem: -6
		earl: 374
		lat: 404
		servt: 10
		pid: 67
		did: 0
		servST: 378.0200000000001
		(h, h_ind): (-1, 0)
		load: 13.0

	Finished service at time: 388.0200000000001

	Task 172 -> Task 7: 36.06
	Vehicle arrival at task: 424.0800000000001
	Waiting time until service start time: 0.0

	id: 7
		node: 64
		(x, y, z): (86, 40, 3)
		dem: -9
		earl: 0
		lat: 590
		servt: 10
		pid: 49
		did: 0
		servST: 424.0800000000001
		(h, h_ind): (-1, 0)
		load: 4.0

	Finished service at time: 434.0800000000001

	Task 7 -> Task 14: 20.0
	Vehicle arrival at task: 454.0800000000001
	Waiting time until service start time: 0.0

	id: 14
		node: 81
		(x, y, z): (102, 52, 3)
		dem: -4
		earl: 0
		lat: 588
		servt: 10
		pid: 79
		did: 0
		servST: 454.0800000000001
		(h, h_ind): (-1, 0)
		load: 0.0

	Finished service at time: 464.0800000000001

	Task 14 -> Task 61: 40.26
	Vehicle arrival at task: 504.3400000000001
	Waiting time until service start time: 0.0

	id: 61
		node: 32
		(x, y, z): (112, 13, 3)
		dem: 27
		earl: 0
		lat: 554
		servt: 10
		pid: 0
		did: 180
		servST: 504.3400000000001
		(h, h_ind): (-1, 0)
		load: 27.0

	Finished service at time: 514.3400000000001

	Task 61 -> Task 180: 6.71
	Vehicle arrival at task: 521.0500000000002
	Waiting time until service start time: -0.0

	id: 180
		node: 72
		(x, y, z): (106, 10, 3)
		dem: -27
		earl: 0
		lat: 555
		servt: 10
		pid: 61
		did: 0
		servST: 521.0500000000001
		(h, h_ind): (-1, 0)
		load: 0.0

	Finished service at time: 531.0500000000001

	Task 180 -> Task 75: 26.17
	Vehicle arrival at task: 557.22
	Waiting time until service start time: 0.0

	id: 75
		node: 39
		(x, y, z): (88, 29, 3)
		dem: 33
		earl: 550
		lat: 580
		servt: 10
		pid: 0
		did: 41
		servST: 557.22
		(h, h_ind): (-1, 0)
		load: 33.0

	Finished service at time: 567.22

	Task 75 -> Task 41: 9.9
	Vehicle arrival at task: 577.12
	Waiting time until service start time: 0.0

	id: 41
		node: 79
		(x, y, z): (81, 36, 3)
		dem: -33
		earl: 0
		lat: 589
		servt: 10
		pid: 75
		did: 0
		servST: 577.12
		(h, h_ind): (-1, 0)
		load: 0.0

	Finished service at time: 587.12

	Using Machine: 1
		Task 41 -> Machine 1 (Station 4): 8.49
		Vehicle arrival at machine station: 595.61
		Waiting time until machine travel: 0.0

		Machine travel start time: 595.61
		Region 3 -> Region 0: 35.23
		Machine arrival at machine station: 630.84

		Machine 1 (Station 1)-> Task 0: 3.16
		Vehicle arrival at task: 634.0
		Waiting time until service start time: 0.0

	id: 0
		node: 82
		(x, y, z): (70, 70, 0)
		dem: 0
		earl: 0
		lat: 634
		servt: 0
		pid: 0
		did: 0
		servST: 634.0
		(h, h_ind): (1, 3)
		load: 0.0


Vehicle 30 :
	id: 0
		node: 1
		(x, y, z): (70, 70, 0)
		dem: 0
		earl: 0
		lat: 634
		servt: 0
		pid: 0
		did: 0
		servST: 0.0
		(h, h_ind): (-1, 0)
		load: 0.0

	Finished service at time: 0.0

	Task 0 -> Task 13: 52.84
	Vehicle arrival at task: 52.84
	Waiting time until service start time: 0.0

	id: 13
		node: 7
		(x, y, z): (44, 116, 0)
		dem: 27
		earl: 0
		lat: 572
		servt: 10
		pid: 0
		did: 38
		servST: 52.84
		(h, h_ind): (-1, 0)
		load: 27.0

	Finished service at time: 62.84

	Task 13 -> Task 30: 25.61
	Vehicle arrival at task: 88.45
	Waiting time until service start time: 0.0

	id: 30
		node: 12
		(x, y, z): (64, 132, 0)
		dem: 8
		earl: 62
		lat: 92
		servt: 10
		pid: 0
		did: 83
		servST: 88.45
		(h, h_ind): (-1, 0)
		load: 35.0

	Finished service at time: 98.45

	Task 30 -> Task 38: 24.41
	Vehicle arrival at task: 122.86
	Waiting time until service start time: 0.0

	id: 38
		node: 47
		(x, y, z): (50, 112, 0)
		dem: -27
		earl: 0
		lat: 578
		servt: 10
		pid: 13
		did: 0
		servST: 122.86
		(h, h_ind): (-1, 0)
		load: 8.0

	Finished service at time: 132.86

	Task 38 -> Task 83: 20.02
	Vehicle arrival at task: 152.88000000000002
	Waiting time until service start time: -0.0

	id: 83
		node: 52
		(x, y, z): (51, 92, 0)
		dem: -8
		earl: 0
		lat: 595
		servt: 10
		pid: 30
		did: 0
		servST: 152.88
		(h, h_ind): (-1, 0)
		load: 0.0

	Finished service at time: 162.88

	Using Machine: 5
		Task 83 -> Machine 5 (Station 1): 24.41
		Vehicle arrival at machine station: 187.29
		Waiting time until machine travel: 0.0

		Machine travel start time: 187.29
		Region 0 -> Region 1: 22.36
		Machine arrival at machine station: 209.64999999999998

		Machine 5 (Station 2)-> Task 69: 11.05
		Vehicle arrival at task: 220.7
		Waiting time until service start time: 0.0

	id: 69
		node: 38
		(x, y, z): (104, 73, 1)
		dem: 17
		earl: 0
		lat: 590
		servt: 10
		pid: 0
		did: 51
		servST: 220.7
		(h, h_ind): (5, 1)
		load: 17.0

	Finished service at time: 230.7

	Task 69 -> Task 1: 5.0
	Vehicle arrival at task: 235.7
	Waiting time until service start time: 0.0

	id: 1
		node: 2
		(x, y, z): (107, 77, 1)
		dem: 34
		earl: 0
		lat: 587
		servt: 10
		pid: 0
		did: 103
		servST: 235.7
		(h, h_ind): (-1, 0)
		load: 51.0

	Finished service at time: 245.7

	Task 1 -> Task 103: 6.4
	Vehicle arrival at task: 252.1
	Waiting time until service start time: 0.0

	id: 103
		node: 42
		(x, y, z): (103, 82, 1)
		dem: -34
		earl: 0
		lat: 589
		servt: 10
		pid: 1
		did: 0
		servST: 252.1
		(h, h_ind): (-1, 0)
		load: 17.0

	Finished service at time: 262.1

	Task 103 -> Task 16: 58.67
	Vehicle arrival at task: 320.77000000000004
	Waiting time until service start time: -0.0

	id: 16
		node: 9
		(x, y, z): (132, 133, 1)
		dem: 24
		earl: 0
		lat: 536
		servt: 10
		pid: 0
		did: 170
		servST: 320.77
		(h, h_ind): (-1, 0)
		load: 41.0

	Finished service at time: 330.77

	Task 16 -> Task 170: 10.77
	Vehicle arrival at task: 341.53999999999996
	Waiting time until service start time: 0.0

	id: 170
		node: 49
		(x, y, z): (136, 123, 1)
		dem: -24
		earl: 319
		lat: 349
		servt: 10
		pid: 16
		did: 0
		servST: 341.53999999999996
		(h, h_ind): (-1, 0)
		load: 17.0

	Finished service at time: 351.53999999999996

	Task 170 -> Task 21: 45.04
	Vehicle arrival at task: 396.58
	Waiting time until service start time: 0.0

	id: 21
		node: 10
		(x, y, z): (138, 78, 1)
		dem: 43
		earl: 0
		lat: 556
		servt: 10
		pid: 0
		did: 26
		servST: 396.58
		(h, h_ind): (-1, 0)
		load: 60.0

	Finished service at time: 406.58

	Task 21 -> Task 26: 5.1
	Vehicle arrival at task: 411.68
	Waiting time until service start time: 0.0

	id: 26
		node: 50
		(x, y, z): (139, 73, 1)
		dem: -43
		earl: 0
		lat: 555
		servt: 10
		pid: 21
		did: 0
		servST: 411.68
		(h, h_ind): (-1, 0)
		load: 17.0

	Finished service at time: 421.68

	Task 26 -> Task 31: 25.63
	Vehicle arrival at task: 447.31
	Waiting time until service start time: 0.0

	id: 31
		node: 13
		(x, y, z): (115, 82, 1)
		dem: 30
		earl: 0
		lat: 578
		servt: 10
		pid: 0
		did: 154
		servST: 447.31
		(h, h_ind): (-1, 0)
		load: 47.0

	Finished service at time: 457.31

	Task 31 -> Task 51: 27.78
	Vehicle arrival at task: 485.09000000000003
	Waiting time until service start time: 0.0

	id: 51
		node: 78
		(x, y, z): (139, 68, 1)
		dem: -17
		earl: 0
		lat: 555
		servt: 10
		pid: 69
		did: 0
		servST: 485.09000000000003
		(h, h_ind): (-1, 0)
		load: 30.0

	Finished service at time: 495.09000000000003

	Task 51 -> Task 154: 54.34
	Vehicle arrival at task: 549.4300000000001
	Waiting time until service start time: 0.0

	id: 154
		node: 53
		(x, y, z): (86, 80, 1)
		dem: -30
		earl: 0
		lat: 606
		servt: 10
		pid: 31
		did: 0
		servST: 549.4300000000001
		(h, h_ind): (-1, 0)
		load: 0.0

	Finished service at time: 559.4300000000001

	Using Machine: 3
		Task 154 -> Machine 3 (Station 2): 1.41
		Vehicle arrival at machine station: 560.84
		Waiting time until machine travel: 0.0

		Machine travel start time: 560.84
		Region 1 -> Region 0: 14.56
		Machine arrival at machine station: 575.4

		Machine 3 (Station 1)-> Task 0: 5.1
		Vehicle arrival at task: 580.5
		Waiting time until service start time: 0.0

	id: 0
		node: 82
		(x, y, z): (70, 70, 0)
		dem: 0
		earl: 0
		lat: 634
		servt: 0
		pid: 0
		did: 0
		servST: 580.5
		(h, h_ind): (3, 3)
		load: 0.0


---------------------| MACHINES |---------------------

Machine 0 :
	setup duration: 0.0

	vehicle: 18
	vehicleInd: 2
	(orig, dest): (0, 63)
	(origRegion, destRegion): (0, 3)
	st: 3.0
	duration: 35.85

	setup duration: 0.0

	vehicle: 18
	vehicleInd: 4
	(orig, dest): (25, 59)
	(origRegion, destRegion): (3, 0)
	st: 118.9
	duration: 35.85


Machine 1 :
	setup duration: 0.0

	vehicle: 27
	vehicleInd: 2
	(orig, dest): (0, 67)
	(origRegion, destRegion): (0, 3)
	st: 15.990000000000187
	duration: 35.23

	setup duration: 35.06

	vehicle: 12
	vehicleInd: 10
	(orig, dest): (110, 0)
	(origRegion, destRegion): (2, 0)
	st: 464.24000000000007
	duration: 30.89

	setup duration: 35.23

	vehicle: 27
	vehicleInd: 20
	(orig, dest): (41, 0)
	(origRegion, destRegion): (3, 0)
	st: 595.61
	duration: 35.23


Machine 2 :
	setup duration: 0.0

	vehicle: 3
	vehicleInd: 2
	(orig, dest): (0, 56)
	(origRegion, destRegion): (0, 2)
	st: 4.0
	duration: 33.84


Machine 3 :
	setup duration: 0.0

	vehicle: 12
	vehicleInd: 2
	(orig, dest): (0, 3)
	(origRegion, destRegion): (0, 3)
	st: 37.89
	duration: 37.16

	setup duration: 0.0

	vehicle: 12
	vehicleInd: 6
	(orig, dest): (50, 54)
	(origRegion, destRegion): (3, 2)
	st: 294.54
	duration: 35.51

	setup duration: 46.69

	vehicle: 30
	vehicleInd: 16
	(orig, dest): (154, 0)
	(origRegion, destRegion): (1, 0)
	st: 560.84
	duration: 14.56


Machine 4 :
	setup duration: 0.0

	vehicle: 8
	vehicleInd: 7
	(orig, dest): (60, 53)
	(origRegion, destRegion): (0, 1)
	st: 173.95
	duration: 13.6

	setup duration: 0.0

	vehicle: 8
	vehicleInd: 16
	(orig, dest): (35, 0)
	(origRegion, destRegion): (1, 0)
	st: 570.29
	duration: 13.6


Machine 5 :
	setup duration: 0.0

	vehicle: 30
	vehicleInd: 6
	(orig, dest): (83, 69)
	(origRegion, destRegion): (0, 1)
	st: 187.29
	duration: 22.36

	setup duration: 49.65

	vehicle: 3
	vehicleInd: 14
	(orig, dest): (47, 19)
	(origRegion, destRegion): (2, 0)
	st: 398.22999999999996
	duration: 34.83


-------------------| COMPL. TIMES |-------------------

Vehicle 0 : 0.0
Vehicle 1 : 0.0
Vehicle 2 : 0.0
Vehicle 3 : 597.4300000000001
Vehicle 4 : 0.0
Vehicle 5 : 0.0
Vehicle 6 : 0.0
Vehicle 7 : 0.0
Vehicle 8 : 589.9699999999999
Vehicle 9 : 0.0
Vehicle 10 : 0.0
Vehicle 11 : 0.0
Vehicle 12 : 465.50000000000006
Vehicle 13 : 0.0
Vehicle 14 : 0.0
Vehicle 15 : 0.0
Vehicle 16 : 0.0
Vehicle 17 : 0.0
Vehicle 18 : 554.5699999999999
Vehicle 19 : 0.0
Vehicle 20 : 0.0
Vehicle 21 : 0.0
Vehicle 22 : 0.0
Vehicle 23 : 0.0
Vehicle 24 : 0.0
Vehicle 25 : 0.0
Vehicle 26 : 0.0
Vehicle 27 : 621.1699999999998
Vehicle 28 : 0.0
Vehicle 29 : 0.0
Vehicle 30 : 580.5
Vehicle 31 : 0.0
Vehicle 32 : 0.0
Vehicle 33 : 0.0
Vehicle 34 : 0.0
Vehicle 35 : 0.0
Vehicle 36 : 0.0
Vehicle 37 : 0.0
Vehicle 38 : 0.0
Vehicle 39 : 0.0
-------------------| STATISTICS |-------------------

    Vehicles used                           : 15.0
    Machines used                           : 100.0
    Max load (vehicles)                     : 98.2759
    Min load (vehicles)                     : 60.3448
    Mean load (vehicles)                    : 80.6658
    Min completion time                     : 73.4227
    Max completion time                     : 97.9763
    Mean completion time                    : 89.6199
    Avrg travel time (with vehicle)         : 14.3307
    Avrg travel time (only with vehicle)    : 9.9503
    Avrg travel time (no vehicle)           : 4.3804
    Avrg waiting time (machine travel)      : 0.0
    Avrg waiting time (service)             : 0.1654
    Machines travel times (with vehicle)    : [11.3091, 27.0726, 5.3375, 21.123, 4.2902, 16.8517]
    Machines travel times (no vehicle)      : [0.0, 11.0868, 0.0, 7.3644, 0.0, 7.8312]
    Max load per vehicle                    : [0.0, 0.0, 0.0, 84.4828, 0.0, 0.0, 0.0, 0.0, 75.0, 0.0, 0.0, 0.0, 98.2759, 0.0, 0.0, 0.0, 0.0, 0.0, 60.3448, 0.0, 0.0, 0.0, 0.0, 0.0, 0.0, 0.0, 0.0, 82.5581, 0.0, 0.0, 83.3333, 0.0, 0.0, 0.0, 0.0, 0.0, 0.0, 0.0, 0.0, 0.0]

----------------------------------------------------

TOTAL: 3409.14

Everything is awesome!
