-------------------| STATISTICS |-------------------

Vehicles used                           : 33.3333
Machines used                           : 66.6667
Max load (vehicles)                     : 93.1034
Min load (vehicles)                     : 50.0
Mean load (vehicles)                    : 72.6633
Min completion time                     : 39.4304
Max completion time                     : 93.5478
Mean completion time                    : 77.9054
Avrg travel time (with vehicle)         : 12.4478
Avrg travel time (only with vehicle)    : 9.9696
Avrg travel time (no vehicle)           : 2.4783
Avrg waiting time (machine travel)      : 0.0
Avrg waiting time (service)             : 0.0
Machines travel times (with vehicle)    : [5.0696, 19.8261, 0.0]
Machines travel times (no vehicle)      : [0.0, 4.9565, 0.0]
Max load per vehicle                    : [50.0, 0.0, 93.1034, 0.0, 57.8947, 0.0, 0.0, 89.6552, 0.0, 0.0, 0.0, 0.0]

----------------------------------------------------

TOTAL: 716.7299999999999

Everything is awesome!
