Set parameter WLSAccessID
Set parameter WLSSecret
Set parameter LicenseID to value 2661775
Academic license 2661775 - for non-commercial use only - registered to me___@dcc.ufba.br
Loading line 2: methodType heur
Loading line 3: methodCode mslp
Loading line 4: seed 0
Loading line 5: threads 1
Loading line 6: greedy_service_order random
Loading line 7: outputFlagGrbMSLP 0
Loading line 8: mslpa 60000
Loading line 9: mslpr I
Loading line 10: maxtime 3600
Loading line 11: output ./logs/
Loading line 12: printsol 1
Loading line 13: solverMethod A
Loading line 14: alpha 0.05 # selected from preliminary experiments
Instance: LR2_2_2_t2_40R_40V_02F_06M

[15:13:57.521] Running Data.readData with file /dados/rmelo/PDPTW-SE/benchmark_multi_floor_v3/official_experiments/multistartlp/official/set_01_pt_02/../../../../instances/orig_ams_fg/40R_40V_02F_06M/t2/LR2_2_2/
vehicles: Vehicle[Vehicle(0, 54), Vehicle(1, 67), Vehicle(2, 80), Vehicle(3, 80), Vehicle(4, 54), Vehicle(5, 80), Vehicle(6, 54), Vehicle(7, 80), Vehicle(8, 80), Vehicle(9, 54), Vehicle(10, 67), Vehicle(11, 54), Vehicle(12, 80), Vehicle(13, 80), Vehicle(14, 54), Vehicle(15, 80), Vehicle(16, 80), Vehicle(17, 80), Vehicle(18, 80), Vehicle(19, 67), Vehicle(20, 67), Vehicle(21, 80), Vehicle(22, 67), Vehicle(23, 54), Vehicle(24, 80), Vehicle(25, 54), Vehicle(26, 67), Vehicle(27, 80), Vehicle(28, 67), Vehicle(29, 67), Vehicle(30, 80), Vehicle(31, 54), Vehicle(32, 54), Vehicle(33, 54), Vehicle(34, 54), Vehicle(35, 80), Vehicle(36, 80), Vehicle(37, 80), Vehicle(38, 54), Vehicle(39, 67)]
vehicle_types: Vehicle[Vehicle(0, 54), Vehicle(1, 67), Vehicle(2, 80)]
Machine[Machine(0, Point[Point(72, 66, 0), Point(72, 66, 1)], 0.2), Machine(1, Point[Point(74, 66, 0), Point(74, 66, 1)], 0.2), Machine(2, Point[Point(70, 66, 0), Point(70, 66, 1)], 0.2), Machine(3, Point[Point(76, 66, 0), Point(76, 66, 1)], 0.2), Machine(4, Point[Point(68, 66, 0), Point(68, 66, 1)], 0.2), Machine(5, Point[Point(78, 66, 0), Point(78, 66, 1)], 0.2)]
refs: [1, 2, 4, 5, 7, 8, 9, 10, 11, 12, 13, 16, 18, 19, 20, 22, 23, 24, 25, 26, 27, 28, 30, 31, 32, 34, 37, 38, 39, 41, 42, 43, 44, 45, 46, 47, 48, 49, 50, 52, 54, 76, 80, 15, 72, 62, 14, 63, 69, 40, 61, 29, 66, 74, 73, 36, 3, 65, 59, 57, 60, 70, 55, 6, 67, 35, 81, 71, 78, 75, 53, 77, 51, 79, 21, 17, 56, 58, 33, 64, 68, 1]
V: [1, 2, 3, 4, 5, 6, 7, 8, 9, 10, 11, 12, 13, 14, 15, 16, 17, 18, 19, 20, 21, 22, 23, 24, 25, 26, 27, 28, 29, 30, 31, 32, 33, 34, 35, 36, 37, 38, 39, 40, 41, 42, 43, 44, 45, 46, 47, 48, 49, 50, 51, 52, 53, 54, 55, 56, 57, 58, 59, 60, 61, 62, 63, 64, 65, 66, 67, 68, 69, 70, 71, 72, 73, 74, 75, 76, 77, 78, 79, 80, 81]
V_p: [2, 3, 4, 5, 6, 7, 8, 9, 10, 11, 12, 13, 14, 15, 16, 17, 18, 19, 20, 21, 22, 23, 24, 25, 26, 27, 28, 29, 30, 31, 32, 33, 34, 35, 36, 37, 38, 39, 40, 41]
V_d: [42, 43, 44, 45, 46, 47, 48, 49, 50, 51, 52, 53, 54, 55, 56, 57, 58, 59, 60, 61, 62, 63, 64, 65, 66, 67, 68, 69, 70, 71, 72, 73, 74, 75, 76, 77, 78, 79, 80, 81]
Vprime: [1, 2, 3, 4, 5, 6, 7, 8, 9, 10, 11, 12, 13, 14, 15, 16, 17, 18, 19, 20, 21, 22, 23, 24, 25, 26, 27, 28, 29, 30, 31, 32, 33, 34, 35, 36, 37, 38, 39, 40, 41, 42, 43, 44, 45, 46, 47, 48, 49, 50, 51, 52, 53, 54, 55, 56, 57, 58, 59, 60, 61, 62, 63, 64, 65, 66, 67, 68, 69, 70, 71, 72, 73, 74, 75, 76, 77, 78, 79, 80, 81, 82]
V: [1, 2, 3, 4, 5, 6, 7, 8, 9, 10, 11, 12, 13, 14, 15, 16, 17, 18, 19, 20, 21, 22, 23, 24, 25, 26, 27, 28, 29, 30, 31, 32, 33, 34, 35, 36, 37, 38, 39, 40, 41, 42, 43, 44, 45, 46, 47, 48, 49, 50, 51, 52, 53, 54, 55, 56, 57, 58, 59, 60, 61, 62, 63, 64, 65, 66, 67, 68, 69, 70, 71, 72, 73, 74, 75, 76, 77, 78, 79, 80, 81]
q: [0, 7, 14, 26, 22, 13, 13, 9, 40, 25, 10, 19, 8, 20, 14, 21, 12, 30, 11, 13, 13, 24, 20, 12, 15, 6, 22, 20, 26, 34, 13, 20, 32, 10, 9, 13, 37, 16, 17, 25, 19, -7, -14, -26, -22, -13, -13, -9, -40, -25, -10, -19, -8, -20, -14, -21, -12, -30, -11, -13, -13, -24, -20, -12, -15, -6, -22, -20, -26, -34, -13, -20, -32, -10, -9, -13, -37, -16, -17, -25, -19, 0]
H: [1, 2, 3, 4, 5, 6]
f: [[1, 1, 1, 1, 1, 1], [2, 2, 2, 2, 2, 2], [2, 2, 2, 2, 2, 2], [1, 1, 1, 1, 1, 1], [1, 1, 1, 1, 1, 1], [1, 1, 1, 1, 1, 1], [2, 2, 2, 2, 2, 2], [2, 2, 2, 2, 2, 2], [1, 1, 1, 1, 1, 1], [2, 2, 2, 2, 2, 2], [2, 2, 2, 2, 2, 2], [2, 2, 2, 2, 2, 2], [1, 1, 1, 1, 1, 1], [2, 2, 2, 2, 2, 2], [1, 1, 1, 1, 1, 1], [2, 2, 2, 2, 2, 2], [2, 2, 2, 2, 2, 2], [2, 2, 2, 2, 2, 2], [2, 2, 2, 2, 2, 2], [1, 1, 1, 1, 1, 1], [1, 1, 1, 1, 1, 1], [2, 2, 2, 2, 2, 2], [2, 2, 2, 2, 2, 2], [1, 1, 1, 1, 1, 1], [1, 1, 1, 1, 1, 1], [2, 2, 2, 2, 2, 2], [1, 1, 1, 1, 1, 1], [1, 1, 1, 1, 1, 1], [1, 1, 1, 1, 1, 1], [2, 2, 2, 2, 2, 2], [1, 1, 1, 1, 1, 1], [2, 2, 2, 2, 2, 2], [2, 2, 2, 2, 2, 2], [2, 2, 2, 2, 2, 2], [2, 2, 2, 2, 2, 2], [2, 2, 2, 2, 2, 2], [1, 1, 1, 1, 1, 1], [2, 2, 2, 2, 2, 2], [1, 1, 1, 1, 1, 1], [1, 1, 1, 1, 1, 1], [1, 1, 1, 1, 1, 1], [2, 2, 2, 2, 2, 2], [2, 2, 2, 2, 2, 2], [2, 2, 2, 2, 2, 2], [1, 1, 1, 1, 1, 1], [2, 2, 2, 2, 2, 2], [2, 2, 2, 2, 2, 2], [1, 1, 1, 1, 1, 1], [2, 2, 2, 2, 2, 2], [2, 2, 2, 2, 2, 2], [2, 2, 2, 2, 2, 2], [1, 1, 1, 1, 1, 1], [2, 2, 2, 2, 2, 2], [1, 1, 1, 1, 1, 1], [2, 2, 2, 2, 2, 2], [2, 2, 2, 2, 2, 2], [2, 2, 2, 2, 2, 2], [2, 2, 2, 2, 2, 2], [2, 2, 2, 2, 2, 2], [2, 2, 2, 2, 2, 2], [2, 2, 2, 2, 2, 2], [2, 2, 2, 2, 2, 2], [2, 2, 2, 2, 2, 2], [2, 2, 2, 2, 2, 2], [1, 1, 1, 1, 1, 1], [1, 1, 1, 1, 1, 1], [2, 2, 2, 2, 2, 2], [2, 2, 2, 2, 2, 2], [1, 1, 1, 1, 1, 1], [2, 2, 2, 2, 2, 2], [2, 2, 2, 2, 2, 2], [2, 2, 2, 2, 2, 2], [2, 2, 2, 2, 2, 2], [2, 2, 2, 2, 2, 2], [1, 1, 1, 1, 1, 1], [2, 2, 2, 2, 2, 2], [2, 2, 2, 2, 2, 2], [2, 2, 2, 2, 2, 2], [1, 1, 1, 1, 1, 1], [1, 1, 1, 1, 1, 1], [1, 1, 1, 1, 1, 1], [1, 1, 1, 1, 1, 1]]
1 1 1 -> 0.0
1 2 1 -> 5.0
2 1 1 -> 5.0
2 2 1 -> 0.0
1 1 2 -> 0.0
1 2 2 -> 5.0
2 1 2 -> 5.0
2 2 2 -> 0.0
1 1 3 -> 0.0
1 2 3 -> 5.0
2 1 3 -> 5.0
2 2 3 -> 0.0
1 1 4 -> 0.0
1 2 4 -> 5.0
2 1 4 -> 5.0
2 2 4 -> 0.0
1 1 5 -> 0.0
1 2 5 -> 5.0
2 1 5 -> 5.0
2 2 5 -> 0.0
1 1 6 -> 0.0
1 2 6 -> 5.0
2 1 6 -> 5.0
2 2 6 -> 0.0
o: (1, 2, 1) => 5.0
o: (1, 2, 5) => 5.0
o: (1, 2, 3) => 5.0
o: (1, 1, 2) => 0.0
o: (2, 2, 6) => 0.0
o: (2, 1, 4) => 5.0
o: (1, 2, 2) => 5.0
o: (1, 1, 6) => 0.0
o: (2, 1, 1) => 5.0
o: (2, 1, 5) => 5.0
o: (2, 1, 3) => 5.0
o: (2, 2, 4) => 0.0
o: (1, 2, 6) => 5.0
o: (2, 2, 1) => 0.0
o: (2, 2, 5) => 0.0
o: (2, 2, 3) => 0.0
o: (2, 1, 2) => 5.0
o: (1, 1, 4) => 0.0
o: (1, 1, 1) => 0.0
o: (1, 1, 5) => 0.0
o: (1, 1, 3) => 0.0
o: (1, 2, 4) => 5.0
o: (2, 2, 2) => 0.0
o: (2, 1, 6) => 5.0

[121, 2721, 2711, 2639, 2629, 2634, 2546, 6]
JOBS in the order of refs (Vprime)
Node 1: Job(0, Point(70, 70, 0), 0, 0, 2535, 0, 0, 0)
Node 2: Job(2, Point(26, 50, 1), 7, 1552, 1667, 10, 0, 169)
Node 3: Job(4, Point(29, 60, 1), 14, 138, 199, 10, 0, 192)
Node 4: Job(5, Point(69, 116, 0), 26, 1381, 1493, 10, 0, 22)
Node 5: Job(8, Point(78, 111, 0), 22, 112, 222, 10, 0, 151)
Node 6: Job(9, Point(107, 25, 0), 13, 1133, 1176, 10, 0, 101)
Node 7: Job(12, Point(20, 69, 1), 13, 1472, 1673, 10, 0, 20)
Node 8: Job(13, Point(121, 123, 1), 9, 1009, 1167, 10, 0, 102)
Node 9: Job(15, Point(137, 7, 0), 40, 631, 735, 10, 0, 140)
Node 10: Job(16, Point(50, 106, 1), 25, 1254, 1429, 10, 0, 59)
Node 11: Job(17, Point(46, 112, 1), 10, 1133, 1274, 10, 0, 97)
Node 12: Job(23, Point(78, 63, 1), 19, 10, 128, 10, 0, 41)
Node 13: Job(26, Point(64, 132, 0), 8, 168, 411, 10, 0, 124)
Node 14: Job(29, Point(120, 14, 1), 20, 1030, 1159, 10, 0, 160)
Node 15: Job(30, Point(10, 86, 0), 14, 0, 2463, 10, 0, 153)
Node 16: Job(32, Point(121, 124, 1), 21, 575, 744, 10, 0, 55)
Node 17: Job(33, Point(42, 29, 1), 12, 238, 362, 10, 0, 3)
Node 18: Job(34, Point(44, 58, 1), 30, 47, 182, 10, 0, 117)
Node 19: Job(35, Point(32, 6, 1), 11, 401, 479, 10, 0, 94)
Node 20: Job(36, Point(41, 36, 0), 13, 203, 328, 10, 0, 82)
Node 21: Job(37, Point(106, 10, 0), 13, 1229, 1282, 10, 0, 96)
Node 22: Job(40, Point(132, 133, 1), 24, 571, 667, 10, 0, 146)
Node 23: Job(42, Point(120, 52, 1), 20, 1517, 1598, 10, 0, 75)
Node 24: Job(44, Point(137, 101, 0), 12, 720, 755, 10, 0, 7)
Node 25: Job(45, Point(82, 103, 0), 15, 0, 2490, 10, 0, 133)
Node 26: Job(47, Point(90, 44, 1), 6, 240, 298, 10, 0, 48)
Node 27: Job(56, Point(86, 40, 0), 22, 0, 2491, 10, 0, 199)
Node 28: Job(57, Point(69, 115, 0), 20, 0, 2480, 10, 0, 148)
Node 29: Job(58, Point(59, 115, 0), 26, 1239, 1392, 10, 0, 182)
Node 30: Job(60, Point(107, 77, 1), 34, 0, 2488, 10, 0, 168)
Node 31: Job(61, Point(104, 54, 0), 13, 208, 333, 10, 0, 73)
Node 32: Job(62, Point(54, 33, 1), 20, 118, 204, 10, 0, 179)
Node 33: Job(63, Point(32, 52, 1), 32, 557, 771, 10, 0, 70)
Node 34: Job(64, Point(37, 125, 1), 10, 0, 2461, 10, 0, 189)
Node 35: Job(65, Point(99, 34, 1), 9, 295, 432, 10, 0, 31)
Node 36: Job(66, Point(38, 122, 1), 13, 941, 1052, 10, 0, 25)
Node 37: Job(67, Point(85, 75, 0), 37, 0, 2510, 10, 0, 80)
Node 38: Job(68, Point(109, 131, 1), 16, 899, 1031, 10, 0, 86)
Node 39: Job(69, Point(103, 77, 0), 17, 1203, 1242, 10, 0, 46)
Node 40: Job(71, Point(139, 68, 0), 25, 275, 472, 10, 0, 103)
Node 41: Job(74, Point(48, 47, 0), 19, 94, 161, 10, 0, 134)
Node 42: Job(169, Point(51, 92, 1), -7, 1797, 1905, 10, 2, 0)
Node 43: Job(192, Point(44, 36, 1), -14, 211, 290, 10, 4, 0)
Node 44: Job(22, Point(80, 103, 1), -26, 1484, 1613, 10, 5, 0)
Node 45: Job(151, Point(82, 100, 0), -22, 411, 543, 10, 8, 0)
Node 46: Job(101, Point(139, 72, 1), -13, 1349, 1466, 10, 9, 0)
Node 47: Job(20, Point(8, 87, 1), -13, 1615, 1714, 10, 12, 0)
Node 48: Job(102, Point(109, 78, 0), -9, 957, 1132, 10, 13, 0)
Node 49: Job(140, Point(112, 13, 1), -40, 0, 2455, 10, 15, 0)
Node 50: Job(59, Point(105, 2, 1), -25, 0, 2449, 10, 16, 0)
Node 51: Job(97, Point(33, 0, 1), -10, 1920, 2060, 10, 17, 0)
Node 52: Job(41, Point(81, 57, 0), -19, 33, 104, 10, 23, 0)
Node 53: Job(124, Point(85, 111, 1), -8, 1035, 1109, 10, 26, 0)
Node 54: Job(160, Point(129, 24, 0), -20, 1341, 1458, 10, 29, 0)
Node 55: Job(153, Point(35, 90, 1), -14, 1790, 1896, 10, 30, 0)
Node 56: Job(55, Point(84, 88, 1), -21, 1428, 1541, 10, 32, 0)
Node 57: Job(3, Point(30, 57, 1), -12, 912, 1050, 10, 33, 0)
Node 58: Job(117, Point(65, 0, 1), -30, 282, 432, 10, 34, 0)
Node 59: Job(94, Point(34, 20, 1), -11, 636, 689, 10, 35, 0)
Node 60: Job(82, Point(36, 54, 1), -13, 1482, 1614, 10, 36, 0)
Node 61: Job(96, Point(86, 80, 1), -13, 1464, 1652, 10, 37, 0)
Node 62: Job(146, Point(139, 110, 1), -24, 765, 887, 10, 40, 0)
Node 63: Job(75, Point(104, 73, 1), -20, 0, 2491, 10, 42, 0)
Node 64: Job(7, Point(103, 119, 1), -12, 1329, 1463, 10, 44, 0)
Node 65: Job(133, Point(50, 112, 0), -15, 929, 1045, 10, 45, 0)
Node 66: Job(48, Point(139, 73, 0), -6, 339, 477, 10, 47, 0)
Node 67: Job(199, Point(81, 36, 1), -22, 237, 382, 10, 56, 0)
Node 68: Job(148, Point(58, 80, 1), -20, 1820, 1976, 10, 57, 0)
Node 69: Job(182, Point(4, 44, 0), -26, 1665, 1780, 10, 58, 0)
Node 70: Job(168, Point(79, 80, 1), -34, 0, 2512, 10, 60, 0)
Node 71: Job(73, Point(39, 100, 1), -13, 0, 2482, 10, 61, 0)
Node 72: Job(179, Point(60, 23, 1), -20, 224, 325, 10, 62, 0)
Node 73: Job(70, Point(47, 83, 1), -32, 1280, 1381, 10, 63, 0)
Node 74: Job(189, Point(5, 99, 1), -10, 0, 2454, 10, 64, 0)
Node 75: Job(31, Point(140, 42, 0), -9, 412, 512, 10, 65, 0)
Node 76: Job(25, Point(37, 79, 1), -13, 0, 2491, 10, 66, 0)
Node 77: Job(80, Point(71, 70, 1), -37, 1916, 2047, 10, 67, 0)
Node 78: Job(86, Point(67, 96, 1), -16, 1975, 2081, 10, 68, 0)
Node 79: Job(46, Point(10, 111, 0), -17, 1975, 2088, 10, 69, 0)
Node 80: Job(103, Point(116, 22, 0), -25, 558, 663, 10, 71, 0)
Node 81: Job(134, Point(23, 19, 0), -19, 669, 824, 10, 74, 0)
Node 82: Job(0, Point(70, 70, 0), 0, 0, 2535, 0, 0, 0)

### Preprocessing Data ###
	-> arcs: 6724 (100.0%)
	-> arc_removals: 3734 (55.53%)
	-> arc_removals_is_loop: 82 (1.22%)
	-> arc_removals_is_delivery_to_pickup: 42 (0.62%)
	-> arc_removals_is_depot_begin_to_delivery: 40 (0.59%)
	-> arc_removals_is_pickup_to_depot_end: 40 (0.59%)
	-> arc_removals_is_dest_depot_begin: 80 (1.19%)
	-> arc_removals_is_orig_depot_end: 79 (1.17%)
	-> arc_removals_is_capacity_violated: 0 (0.0%)
	-> arc_removals_is_time_window_limited: 2363 (35.14%)
	-> arc_removals_is_time_window_pairing_limited: 696 (10.35%)
	-> arc_removals_is_indirect_request_service_impossible: 312 (4.64%)
	-> gamma_vars: 0 (0%)
	-> feas_gamma_vars: 0 (0%)
	-> infeas_gamma_vars_is_next_mtrv_unreachable: 0 (0%)
	-> infeas_gamma_vars_is_iprime_jprime_eq_i_j: 0 (0%)
	-> machine_removal_for_an_arc: 0 (0.0%)
##########################

[15:14:07.855] Print configuration
------------------------------------------------------
"
[15:14:07.855] Running Multi Start Heuristic"
> Experiment started at 2025-10-16T15:14:07.855
> Instance: LR2_2_2_t2_40R_40V_02F_06M
> Algorithm Parameters:


	>Stop params:
		>  - rule ITERATIONS
		>  - argument 60000.0
		>  - maximum_time 3600

	>General params:
		>  - instPath /dados/rmelo/PDPTW-SE/benchmark_multi_floor_v3/official_experiments/multistartlp/official/set_01_pt_02/../../../../instances/orig_ams_fg/40R_40V_02F_06M/t2/LR2_2_2/
		>  - name LR2_2_2
		>  - type t2
		>  - group 40R_40V_02F_06M
		>  - fullname LR2_2_2_t2_40R_40V_02F_06M
		>  - methodType heur
		>  - methodCode mslp
		>  - genconfigfile /dados/rmelo/PDPTW-SE/benchmark_multi_floor_v3/official_experiments/multistartlp/official/set_01_pt_02/configs/genconfig_mslp.conf
		>  - genconfigfilename genconfig_mslp
		>  - greedy_service_order random
		>  - cutoff 0
		>  - cutoffmachs 6
		>  - num_machs 0
		>  - solver Gurobi
		>  - maxtime 3600
		>  - gurobiCuts 1
		>  - typeUserCut 0
		>  - mipPresolve -1
		>  - printsol 1
		>  - maxnodes -1
		>  - elevator 1
		>  - make_instance_feasible false
		>  - output /dados/rmelo/PDPTW-SE/benchmark_multi_floor_v3/official_experiments/multistartlp/official/set_01_pt_02/logs
		>  - suff_outputs _seed_126
		>  - suff_csv _bash_2
		>  - epsilon 0.005
		>  - epsilonCap 0.5
		>  - warmStart false
		>  - seed 126
		>  - rng Random.MersenneTwister(126)
		>  - alpha 0.05
		>  - maxiter 1000000
		>  - outputFlagGrbMIP 0
		>  - outputFlagGrbMSLP 0
		>  - outputFlagGrbLMNS 0
		>  - mslpr I
		>  - mslpa 60000
		>  - lmnsr M
		>  - lmnsa 60
		>  - lmnsRepairTime 30.0
		>  - lmnsMIPFocus 0
		>  - lmnsGapToBiggerDestruction 50
		>  - lmnsGapToSmallerDestruction 95
		>  - lmnsWeightShawDistProx 1.0
		>  - lmnsWeightShawEarlProx 1.0
		>  - lmnsWeightShawSameRoute 1.0
		>  - lmnsWeightShawDemandSim 1.0
		>  - lmnsReqRApplyMIPStart true
		>  - lmnsAcceptanceCriteria H
		>  - lmnsMetropolisTemp 100.0
		>  - lmnsSimulatedAnnealingTemp 100.0
		>  - lmnsSimulatedAnnealingCool 0.95
		>  - mipmaxtime 3600
		>  - csvfilename /dados/rmelo/PDPTW-SE/benchmark_multi_floor_v3/official_experiments/multistartlp/official/set_01_pt_02/logs/heur_mslp/outputs/csvresults_heur_mslp_bash_2.csv
		>  - solfilename /dados/rmelo/PDPTW-SE/benchmark_multi_floor_v3/official_experiments/multistartlp/official/set_01_pt_02/logs/heur_mslp/solutions/40R_40V_02F_06M/LR2_2_2_sol_genconfig_mslp_seed_126.txt
		>  - timelineFilename /dados/rmelo/PDPTW-SE/benchmark_multi_floor_v3/official_experiments/multistartlp/official/set_01_pt_02/logs/heur_mslp/timelines/40R_40V_02F_06M/LR2_2_2_timeline_genconfig_mslp_seed_126.txt
		>  - grbFilename /dados/rmelo/PDPTW-SE/benchmark_multi_floor_v3/official_experiments/multistartlp/official/set_01_pt_02/logs/heur_mslp/gurobi/40R_40V_02F_06M/LR2_2_2_grb_genconfig_mslp_seed_126.log
		>  - threads 1
		>  - solverMethod AUTOMATIC

------------------------------------------------------

[15:14:07.965] Starting running MSLP
objValue;greedysol;iteration;time
7683.01;8620.61;1;0.023213
7593.59;8120.55;280;7.607201
7394.42;7692.93;878;22.768856
7253.25;7618.36;1768;46.280799
7198.01;7550.99;7149;207.433174
7174.87;7490.34;23410;737.582656

[15:48:04.497] Finished running MSLP
System CPU time: 40.63 seconds

[15:48:04.597] Post running MSLP
Best solution value: 7174.87
Total time elapsed: 1983.964027
Time to best: 737.582656
Iterations: 60000
Iterations to best: 23410
Improvements: 6
Infeasible solutions percentage: (181 / 60000) = 0.3017 %
(LP improvements)/(LP runs) = 59819/59819 = 100.0000 %
Mean LP improvement percentage: 7.4890 %
[15:48:04.95] Writing results to CSV file: /dados/rmelo/PDPTW-SE/benchmark_multi_floor_v3/official_experiments/multistartlp/official/set_01_pt_02/logs/heur_mslp/outputs/csvresults_heur_mslp_bash_2.csv

[15:48:07.817] Saving solution to file:/dados/rmelo/PDPTW-SE/benchmark_multi_floor_v3/official_experiments/multistartlp/official/set_01_pt_02/logs/heur_mslp/solutions/40R_40V_02F_06M/LR2_2_2_sol_genconfig_mslp_seed_126.txt

[15:48:07.817] Saving solution timeline to file: /dados/rmelo/PDPTW-SE/benchmark_multi_floor_v3/official_experiments/multistartlp/official/set_01_pt_02/logs/heur_mslp/timelines/40R_40V_02F_06M/LR2_2_2_timeline_genconfig_mslp_seed_126.txt
---------------------| VEHICLES |---------------------

Vehicle 5 :
	id: 0
		node: 1
		(x, y, z): (70, 70, 0)
		dem: 0
		earl: 0
		lat: 2535
		servt: 0
		pid: 0
		did: 0
		servST: 108.26999999999998
		(h, h_ind): (-1, 0)
		load: 0.0

	Finished service at time: 108.26999999999998

	Using Machine: 4
		Task 0 -> Machine 4 (Station 1): 4.47
		Vehicle arrival at machine station: 112.73999999999998
		Waiting time until machine travel: 0.0

		Machine travel start time: 112.73999999999998
		Region 0 -> Region 1: 5.0
		Machine arrival at machine station: 117.73999999999998

		Machine 4 (Station 2)-> Task 4: 39.46
		Vehicle arrival at task: 157.2
		Waiting time until service start time: 0.0

	id: 4
		node: 3
		(x, y, z): (29, 60, 1)
		dem: 14
		earl: 138
		lat: 199
		servt: 10
		pid: 0
		did: 192
		servST: 157.2
		(h, h_ind): (4, 1)
		load: 14.0

	Finished service at time: 167.2

	Task 4 -> Task 62: 36.8
	Vehicle arrival at task: 204.0
	Waiting time until service start time: 0.0

	id: 62
		node: 32
		(x, y, z): (54, 33, 1)
		dem: 20
		earl: 118
		lat: 204
		servt: 10
		pid: 0
		did: 179
		servST: 204.0
		(h, h_ind): (-1, 0)
		load: 34.0

	Finished service at time: 214.0

	Task 62 -> Task 192: 10.44
	Vehicle arrival at task: 224.44
	Waiting time until service start time: 13.73

	id: 192
		node: 43
		(x, y, z): (44, 36, 1)
		dem: -14
		earl: 211
		lat: 290
		servt: 10
		pid: 4
		did: 0
		servST: 238.16999999999996
		(h, h_ind): (-1, 0)
		load: 20.0

	Finished service at time: 248.16999999999996

	Task 192 -> Task 179: 20.62
	Vehicle arrival at task: 268.78999999999996
	Waiting time until service start time: 0.0

	id: 179
		node: 72
		(x, y, z): (60, 23, 1)
		dem: -20
		earl: 224
		lat: 325
		servt: 10
		pid: 62
		did: 0
		servST: 268.78999999999996
		(h, h_ind): (-1, 0)
		load: 0.0

	Finished service at time: 278.78999999999996

	Task 179 -> Task 65: 40.52
	Vehicle arrival at task: 319.30999999999995
	Waiting time until service start time: 0.0

	id: 65
		node: 35
		(x, y, z): (99, 34, 1)
		dem: 9
		earl: 295
		lat: 432
		servt: 10
		pid: 0
		did: 31
		servST: 319.30999999999995
		(h, h_ind): (-1, 0)
		load: 9.0

	Finished service at time: 329.30999999999995

	Using Machine: 5
		Task 65 -> Machine 5 (Station 2): 38.28
		Vehicle arrival at machine station: 367.5899999999999
		Waiting time until machine travel: 0.0

		Machine travel start time: 367.5899999999999
		Region 1 -> Region 0: 5.0
		Machine arrival at machine station: 372.5899999999999

		Machine 5 (Station 1)-> Task 31: 66.48
		Vehicle arrival at task: 439.06999999999994
		Waiting time until service start time: 0.0

	id: 31
		node: 75
		(x, y, z): (140, 42, 0)
		dem: -9
		earl: 412
		lat: 512
		servt: 10
		pid: 65
		did: 0
		servST: 439.06999999999994
		(h, h_ind): (5, 4)
		load: 0.0

	Finished service at time: 449.06999999999994

	Using Machine: 5
		Task 31 -> Machine 5 (Station 1): 66.48
		Vehicle arrival at machine station: 515.55
		Waiting time until machine travel: 0.0

		Machine travel start time: 515.55
		Region 0 -> Region 1: 5.0
		Machine arrival at machine station: 520.55

		Machine 5 (Station 2)-> Task 40: 86.05
		Vehicle arrival at task: 606.5999999999999
		Waiting time until service start time: 0.0

	id: 40
		node: 22
		(x, y, z): (132, 133, 1)
		dem: 24
		earl: 571
		lat: 667
		servt: 10
		pid: 0
		did: 146
		servST: 606.5999999999999
		(h, h_ind): (5, 5)
		load: 24.0

	Finished service at time: 616.5999999999999

	Task 40 -> Task 32: 14.21
	Vehicle arrival at task: 630.81
	Waiting time until service start time: 0.0

	id: 32
		node: 16
		(x, y, z): (121, 124, 1)
		dem: 21
		earl: 575
		lat: 744
		servt: 10
		pid: 0
		did: 55
		servST: 630.81
		(h, h_ind): (-1, 0)
		load: 45.0

	Finished service at time: 640.81

	Task 32 -> Task 63: 114.48
	Vehicle arrival at task: 755.29
	Waiting time until service start time: 0.0

	id: 63
		node: 33
		(x, y, z): (32, 52, 1)
		dem: 32
		earl: 557
		lat: 771
		servt: 10
		pid: 0
		did: 70
		servST: 755.29
		(h, h_ind): (-1, 0)
		load: 77.0

	Finished service at time: 765.29

	Task 63 -> Task 146: 121.71
	Vehicle arrival at task: 887.0
	Waiting time until service start time: 0.0

	id: 146
		node: 62
		(x, y, z): (139, 110, 1)
		dem: -24
		earl: 765
		lat: 887
		servt: 10
		pid: 40
		did: 0
		servST: 887.0
		(h, h_ind): (-1, 0)
		load: 53.0

	Finished service at time: 897.0

	Task 146 -> Task 68: 36.62
	Vehicle arrival at task: 933.62
	Waiting time until service start time: 50.96

	id: 68
		node: 38
		(x, y, z): (109, 131, 1)
		dem: 16
		earl: 899
		lat: 1031
		servt: 10
		pid: 0
		did: 86
		servST: 984.58
		(h, h_ind): (-1, 0)
		load: 69.0

	Finished service at time: 994.58

	Task 68 -> Task 13: 14.42
	Vehicle arrival at task: 1009.0
	Waiting time until service start time: 0.0

	id: 13
		node: 8
		(x, y, z): (121, 123, 1)
		dem: 9
		earl: 1009
		lat: 1167
		servt: 10
		pid: 0
		did: 102
		servST: 1009.0
		(h, h_ind): (-1, 0)
		load: 78.0

	Finished service at time: 1019.0

	Using Machine: 5
		Task 13 -> Machine 5 (Station 2): 71.4
		Vehicle arrival at machine station: 1090.4
		Waiting time until machine travel: 0.0

		Machine travel start time: 1090.4
		Region 1 -> Region 0: 5.0
		Machine arrival at machine station: 1095.4

		Machine 5 (Station 1)-> Task 102: 33.24
		Vehicle arrival at task: 1128.64
		Waiting time until service start time: 0.0

	id: 102
		node: 48
		(x, y, z): (109, 78, 0)
		dem: -9
		earl: 957
		lat: 1132
		servt: 10
		pid: 13
		did: 0
		servST: 1128.64
		(h, h_ind): (5, 7)
		load: 69.0

	Finished service at time: 1138.64

	Using Machine: 5
		Task 102 -> Machine 5 (Station 1): 33.24
		Vehicle arrival at machine station: 1171.88
		Waiting time until machine travel: 0.0

		Machine travel start time: 1171.88
		Region 0 -> Region 1: 5.0
		Machine arrival at machine station: 1176.88

		Machine 5 (Station 2)-> Task 17: 56.04
		Vehicle arrival at task: 1232.92
		Waiting time until service start time: 0.0

	id: 17
		node: 11
		(x, y, z): (46, 112, 1)
		dem: 10
		earl: 1133
		lat: 1274
		servt: 10
		pid: 0
		did: 97
		servST: 1232.92
		(h, h_ind): (5, 8)
		load: 79.0

	Finished service at time: 1242.92

	Task 17 -> Task 70: 29.02
	Vehicle arrival at task: 1271.94
	Waiting time until service start time: 8.06

	id: 70
		node: 73
		(x, y, z): (47, 83, 1)
		dem: -32
		earl: 1280
		lat: 1381
		servt: 10
		pid: 63
		did: 0
		servST: 1280.0
		(h, h_ind): (-1, 0)
		load: 47.0

	Finished service at time: 1290.0

	Using Machine: 4
		Task 70 -> Machine 4 (Station 2): 27.02
		Vehicle arrival at machine station: 1317.02
		Waiting time until machine travel: 0.0

		Machine travel start time: 1317.02
		Region 1 -> Region 0: 5.0
		Machine arrival at machine station: 1322.02

		Machine 4 (Station 1)-> Task 58: 49.82
		Vehicle arrival at task: 1371.84
		Waiting time until service start time: 0.0

	id: 58
		node: 29
		(x, y, z): (59, 115, 0)
		dem: 26
		earl: 1239
		lat: 1392
		servt: 10
		pid: 0
		did: 182
		servST: 1371.84
		(h, h_ind): (4, 6)
		load: 73.0

	Finished service at time: 1381.84

	Using Machine: 3
		Task 58 -> Machine 3 (Station 1): 51.87
		Vehicle arrival at machine station: 1433.7099999999998
		Waiting time until machine travel: 0.0

		Machine travel start time: 1433.7099999999998
		Region 0 -> Region 1: 5.0
		Machine arrival at machine station: 1438.7099999999998

		Machine 3 (Station 2)-> Task 55: 23.41
		Vehicle arrival at task: 1462.12
		Waiting time until service start time: 0.0

	id: 55
		node: 56
		(x, y, z): (84, 88, 1)
		dem: -21
		earl: 1428
		lat: 1541
		servt: 10
		pid: 32
		did: 0
		servST: 1462.12
		(h, h_ind): (3, 2)
		load: 52.0

	Finished service at time: 1472.12

	Task 55 -> Task 42: 50.91
	Vehicle arrival at task: 1523.03
	Waiting time until service start time: 0.0

	id: 42
		node: 23
		(x, y, z): (120, 52, 1)
		dem: 20
		earl: 1517
		lat: 1598
		servt: 10
		pid: 0
		did: 75
		servST: 1523.03
		(h, h_ind): (-1, 0)
		load: 72.0

	Finished service at time: 1533.03

	Using Machine: 1
		Task 42 -> Machine 1 (Station 2): 48.08
		Vehicle arrival at machine station: 1581.11
		Waiting time until machine travel: 5.51

		Machine travel start time: 1586.62
		Region 1 -> Region 0: 5.0
		Machine arrival at machine station: 1591.62

		Machine 1 (Station 1)-> Task 182: 73.38
		Vehicle arrival at task: 1665.0
		Waiting time until service start time: 0.0

	id: 182
		node: 69
		(x, y, z): (4, 44, 0)
		dem: -26
		earl: 1665
		lat: 1780
		servt: 10
		pid: 58
		did: 0
		servST: 1665.0
		(h, h_ind): (1, 2)
		load: 46.0

	Finished service at time: 1675.0

	Using Machine: 5
		Task 182 -> Machine 5 (Station 1): 77.2
		Vehicle arrival at machine station: 1752.2
		Waiting time until machine travel: 24.04

		Machine travel start time: 1776.24
		Region 0 -> Region 1: 5.0
		Machine arrival at machine station: 1781.24

		Machine 5 (Station 2)-> Task 75: 26.93
		Vehicle arrival at task: 1808.17
		Waiting time until service start time: 0.0

	id: 75
		node: 63
		(x, y, z): (104, 73, 1)
		dem: -20
		earl: 0
		lat: 2491
		servt: 10
		pid: 42
		did: 0
		servST: 1808.17
		(h, h_ind): (5, 12)
		load: 26.0

	Finished service at time: 1818.17

	Task 75 -> Task 97: 101.83
	Vehicle arrival at task: 1920.0
	Waiting time until service start time: 0.0

	id: 97
		node: 51
		(x, y, z): (33, 0, 1)
		dem: -10
		earl: 1920
		lat: 2060
		servt: 10
		pid: 17
		did: 0
		servST: 1920.0
		(h, h_ind): (-1, 0)
		load: 16.0

	Finished service at time: 1930.0

	Task 97 -> Task 86: 101.84
	Vehicle arrival at task: 2031.84
	Waiting time until service start time: 0.0

	id: 86
		node: 78
		(x, y, z): (67, 96, 1)
		dem: -16
		earl: 1975
		lat: 2081
		servt: 10
		pid: 68
		did: 0
		servST: 2031.84
		(h, h_ind): (-1, 0)
		load: 0.0

	Finished service at time: 2041.84

	Using Machine: 2
		Task 86 -> Machine 2 (Station 2): 30.15
		Vehicle arrival at machine station: 2071.99
		Waiting time until machine travel: 0.0

		Machine travel start time: 2071.99
		Region 1 -> Region 0: 5.0
		Machine arrival at machine station: 2076.99

		Machine 2 (Station 1)-> Task 0: 4.0
		Vehicle arrival at task: 2080.99
		Waiting time until service start time: 0.0

	id: 0
		node: 82
		(x, y, z): (70, 70, 0)
		dem: 0
		earl: 0
		lat: 2535
		servt: 0
		pid: 0
		did: 0
		servST: 2080.99
		(h, h_ind): (2, 1)
		load: 0.0


Vehicle 9 :
	id: 0
		node: 1
		(x, y, z): (70, 70, 0)
		dem: 0
		earl: 0
		lat: 2535
		servt: 0
		pid: 0
		did: 0
		servST: 114.88
		(h, h_ind): (-1, 0)
		load: 0.0

	Finished service at time: 114.88

	Task 0 -> Task 8: 41.77
	Vehicle arrival at task: 156.65
	Waiting time until service start time: 0.0

	id: 8
		node: 5
		(x, y, z): (78, 111, 0)
		dem: 22
		earl: 112
		lat: 222
		servt: 10
		pid: 0
		did: 151
		servST: 156.65
		(h, h_ind): (-1, 0)
		load: 22.0

	Finished service at time: 166.65

	Task 8 -> Task 61: 62.65
	Vehicle arrival at task: 229.3
	Waiting time until service start time: 0.0

	id: 61
		node: 31
		(x, y, z): (104, 54, 0)
		dem: 13
		earl: 208
		lat: 333
		servt: 10
		pid: 0
		did: 73
		servST: 229.3
		(h, h_ind): (-1, 0)
		load: 35.0

	Finished service at time: 239.3

	Using Machine: 5
		Task 61 -> Machine 5 (Station 1): 28.64
		Vehicle arrival at machine station: 267.94
		Waiting time until machine travel: 0.0

		Machine travel start time: 267.94
		Region 0 -> Region 1: 5.0
		Machine arrival at machine station: 272.94

		Machine 5 (Station 2)-> Task 47: 25.06
		Vehicle arrival at task: 298.0
		Waiting time until service start time: 0.0

	id: 47
		node: 26
		(x, y, z): (90, 44, 1)
		dem: 6
		earl: 240
		lat: 298
		servt: 10
		pid: 0
		did: 48
		servST: 298.0
		(h, h_ind): (5, 2)
		load: 41.0

	Finished service at time: 308.0

	Using Machine: 5
		Task 47 -> Machine 5 (Station 2): 25.06
		Vehicle arrival at machine station: 333.06
		Waiting time until machine travel: 0.0

		Machine travel start time: 333.06
		Region 1 -> Region 0: 5.0
		Machine arrival at machine station: 338.06

		Machine 5 (Station 1)-> Task 48: 61.4
		Vehicle arrival at task: 399.46
		Waiting time until service start time: 70.47

	id: 48
		node: 66
		(x, y, z): (139, 73, 0)
		dem: -6
		earl: 339
		lat: 477
		servt: 10
		pid: 47
		did: 0
		servST: 469.93
		(h, h_ind): (5, 3)
		load: 35.0

	Finished service at time: 479.93

	Task 48 -> Task 151: 63.07
	Vehicle arrival at task: 543.0
	Waiting time until service start time: 0.0

	id: 151
		node: 45
		(x, y, z): (82, 100, 0)
		dem: -22
		earl: 411
		lat: 543
		servt: 10
		pid: 8
		did: 0
		servST: 543.0
		(h, h_ind): (-1, 0)
		load: 13.0

	Finished service at time: 553.0

	Task 151 -> Task 15: 108.05
	Vehicle arrival at task: 661.05
	Waiting time until service start time: 73.95

	id: 15
		node: 9
		(x, y, z): (137, 7, 0)
		dem: 40
		earl: 631
		lat: 735
		servt: 10
		pid: 0
		did: 140
		servST: 735.0
		(h, h_ind): (-1, 0)
		load: 53.0

	Finished service at time: 745.0

	Using Machine: 5
		Task 15 -> Machine 5 (Station 1): 83.44
		Vehicle arrival at machine station: 828.44
		Waiting time until machine travel: 13.84

		Machine travel start time: 842.28
		Region 0 -> Region 1: 5.0
		Machine arrival at machine station: 847.28

		Machine 5 (Station 2)-> Task 140: 62.97
		Vehicle arrival at task: 910.25
		Waiting time until service start time: 0.0

	id: 140
		node: 49
		(x, y, z): (112, 13, 1)
		dem: -40
		earl: 0
		lat: 2455
		servt: 10
		pid: 15
		did: 0
		servST: 910.25
		(h, h_ind): (5, 6)
		load: 13.0

	Finished service at time: 920.25

	Task 140 -> Task 66: 131.75
	Vehicle arrival at task: 1052.0
	Waiting time until service start time: 0.0

	id: 66
		node: 36
		(x, y, z): (38, 122, 1)
		dem: 13
		earl: 941
		lat: 1052
		servt: 10
		pid: 0
		did: 25
		servST: 1052.0
		(h, h_ind): (-1, 0)
		load: 26.0

	Finished service at time: 1062.0

	Task 66 -> Task 73: 22.02
	Vehicle arrival at task: 1084.02
	Waiting time until service start time: 147.45

	id: 73
		node: 71
		(x, y, z): (39, 100, 1)
		dem: -13
		earl: 0
		lat: 2482
		servt: 10
		pid: 61
		did: 0
		servST: 1231.47
		(h, h_ind): (-1, 0)
		load: 13.0

	Finished service at time: 1241.47

	Task 73 -> Task 16: 12.53
	Vehicle arrival at task: 1254.0
	Waiting time until service start time: 0.0

	id: 16
		node: 10
		(x, y, z): (50, 106, 1)
		dem: 25
		earl: 1254
		lat: 1429
		servt: 10
		pid: 0
		did: 59
		servST: 1254.0
		(h, h_ind): (-1, 0)
		load: 38.0

	Finished service at time: 1264.0

	Task 16 -> Task 25: 29.97
	Vehicle arrival at task: 1293.97
	Waiting time until service start time: 0.0

	id: 25
		node: 76
		(x, y, z): (37, 79, 1)
		dem: -13
		earl: 0
		lat: 2491
		servt: 10
		pid: 66
		did: 0
		servST: 1293.97
		(h, h_ind): (-1, 0)
		load: 25.0

	Finished service at time: 1303.97

	Task 25 -> Task 59: 102.73
	Vehicle arrival at task: 1406.7
	Waiting time until service start time: 0.0

	id: 59
		node: 50
		(x, y, z): (105, 2, 1)
		dem: -25
		earl: 0
		lat: 2449
		servt: 10
		pid: 16
		did: 0
		servST: 1406.7
		(h, h_ind): (-1, 0)
		load: 0.0

	Finished service at time: 1416.7

	Using Machine: 0
		Task 59 -> Machine 0 (Station 2): 72.01
		Vehicle arrival at machine station: 1488.71
		Waiting time until machine travel: 0.0

		Machine travel start time: 1488.71
		Region 1 -> Region 0: 5.0
		Machine arrival at machine station: 1493.71

		Machine 0 (Station 1)-> Task 0: 4.47
		Vehicle arrival at task: 1498.18
		Waiting time until service start time: 0.0

	id: 0
		node: 82
		(x, y, z): (70, 70, 0)
		dem: 0
		earl: 0
		lat: 2535
		servt: 0
		pid: 0
		did: 0
		servST: 1498.18
		(h, h_ind): (0, 1)
		load: 0.0


Vehicle 36 :
	id: 0
		node: 1
		(x, y, z): (70, 70, 0)
		dem: 0
		earl: 0
		lat: 2535
		servt: 0
		pid: 0
		did: 0
		servST: 60.85000000000001
		(h, h_ind): (-1, 0)
		load: 0.0

	Finished service at time: 60.85000000000001

	Using Machine: 1
		Task 0 -> Machine 1 (Station 1): 5.66
		Vehicle arrival at machine station: 66.51
		Waiting time until machine travel: 0.0

		Machine travel start time: 66.51
		Region 0 -> Region 1: 5.0
		Machine arrival at machine station: 71.51

		Machine 1 (Station 2)-> Task 23: 5.0
		Vehicle arrival at task: 76.51
		Waiting time until service start time: 0.0

	id: 23
		node: 12
		(x, y, z): (78, 63, 1)
		dem: 19
		earl: 10
		lat: 128
		servt: 10
		pid: 0
		did: 41
		servST: 76.51
		(h, h_ind): (1, 1)
		load: 19.0

	Finished service at time: 86.51

	Using Machine: 5
		Task 23 -> Machine 5 (Station 2): 3.0
		Vehicle arrival at machine station: 89.51
		Waiting time until machine travel: 0.0

		Machine travel start time: 89.51
		Region 1 -> Region 0: 5.0
		Machine arrival at machine station: 94.51

		Machine 5 (Station 1)-> Task 41: 9.49
		Vehicle arrival at task: 104.0
		Waiting time until service start time: 0.0

	id: 41
		node: 52
		(x, y, z): (81, 57, 0)
		dem: -19
		earl: 33
		lat: 104
		servt: 10
		pid: 23
		did: 0
		servST: 104.0
		(h, h_ind): (5, 1)
		load: 0.0

	Finished service at time: 114.0

	Task 41 -> Task 36: 45.18
	Vehicle arrival at task: 159.18
	Waiting time until service start time: 43.82

	id: 36
		node: 20
		(x, y, z): (41, 36, 0)
		dem: 13
		earl: 203
		lat: 328
		servt: 10
		pid: 0
		did: 82
		servST: 203.0
		(h, h_ind): (-1, 0)
		load: 13.0

	Finished service at time: 213.0

	Task 36 -> Task 45: 78.55
	Vehicle arrival at task: 291.55
	Waiting time until service start time: 0.0

	id: 45
		node: 25
		(x, y, z): (82, 103, 0)
		dem: 15
		earl: 0
		lat: 2490
		servt: 10
		pid: 0
		did: 133
		servST: 291.55
		(h, h_ind): (-1, 0)
		load: 28.0

	Finished service at time: 301.55

	Task 45 -> Task 26: 34.13
	Vehicle arrival at task: 335.68
	Waiting time until service start time: 27.72

	id: 26
		node: 13
		(x, y, z): (64, 132, 0)
		dem: 8
		earl: 168
		lat: 411
		servt: 10
		pid: 0
		did: 124
		servST: 363.4
		(h, h_ind): (-1, 0)
		load: 36.0

	Finished service at time: 373.4

	Task 26 -> Task 71: 98.6
	Vehicle arrival at task: 472.0
	Waiting time until service start time: 0.0

	id: 71
		node: 40
		(x, y, z): (139, 68, 0)
		dem: 25
		earl: 275
		lat: 472
		servt: 10
		pid: 0
		did: 103
		servST: 472.0
		(h, h_ind): (-1, 0)
		load: 61.0

	Finished service at time: 482.0

	Task 71 -> Task 103: 51.43
	Vehicle arrival at task: 533.43
	Waiting time until service start time: 24.57

	id: 103
		node: 80
		(x, y, z): (116, 22, 0)
		dem: -25
		earl: 558
		lat: 663
		servt: 10
		pid: 71
		did: 0
		servST: 558.0
		(h, h_ind): (-1, 0)
		load: 36.0

	Finished service at time: 568.0

	Task 103 -> Task 44: 81.74
	Vehicle arrival at task: 649.74
	Waiting time until service start time: 70.26

	id: 44
		node: 24
		(x, y, z): (137, 101, 0)
		dem: 12
		earl: 720
		lat: 755
		servt: 10
		pid: 0
		did: 7
		servST: 720.0
		(h, h_ind): (-1, 0)
		load: 48.0

	Finished service at time: 730.0

	Task 44 -> Task 30: 127.88
	Vehicle arrival at task: 857.88
	Waiting time until service start time: 0.0

	id: 30
		node: 15
		(x, y, z): (10, 86, 0)
		dem: 14
		earl: 0
		lat: 2463
		servt: 10
		pid: 0
		did: 153
		servST: 857.88
		(h, h_ind): (-1, 0)
		load: 62.0

	Finished service at time: 867.88

	Task 30 -> Task 133: 47.71
	Vehicle arrival at task: 915.59
	Waiting time until service start time: 13.41

	id: 133
		node: 65
		(x, y, z): (50, 112, 0)
		dem: -15
		earl: 929
		lat: 1045
		servt: 10
		pid: 45
		did: 0
		servST: 929.0
		(h, h_ind): (-1, 0)
		load: 47.0

	Finished service at time: 939.0

	Using Machine: 4
		Task 133 -> Machine 4 (Station 1): 49.4
		Vehicle arrival at machine station: 988.4
		Waiting time until machine travel: 0.0

		Machine travel start time: 988.4
		Region 0 -> Region 1: 5.0
		Machine arrival at machine station: 993.4

		Machine 4 (Station 2)-> Task 124: 48.1
		Vehicle arrival at task: 1041.5
		Waiting time until service start time: 0.0

	id: 124
		node: 53
		(x, y, z): (85, 111, 1)
		dem: -8
		earl: 1035
		lat: 1109
		servt: 10
		pid: 26
		did: 0
		servST: 1041.5
		(h, h_ind): (4, 5)
		load: 39.0

	Finished service at time: 1051.5

	Using Machine: 3
		Task 124 -> Machine 3 (Station 2): 45.89
		Vehicle arrival at machine station: 1097.39
		Waiting time until machine travel: 0.0

		Machine travel start time: 1097.39
		Region 1 -> Region 0: 5.0
		Machine arrival at machine station: 1102.39

		Machine 3 (Station 1)-> Task 9: 51.4
		Vehicle arrival at task: 1153.7900000000002
		Waiting time until service start time: 0.0

	id: 9
		node: 6
		(x, y, z): (107, 25, 0)
		dem: 13
		earl: 1133
		lat: 1176
		servt: 10
		pid: 0
		did: 101
		servST: 1153.7900000000002
		(h, h_ind): (3, 1)
		load: 52.0

	Finished service at time: 1163.7900000000002

	Task 9 -> Task 69: 52.15
	Vehicle arrival at task: 1215.9400000000003
	Waiting time until service start time: 0.0

	id: 69
		node: 39
		(x, y, z): (103, 77, 0)
		dem: 17
		earl: 1203
		lat: 1242
		servt: 10
		pid: 0
		did: 46
		servST: 1215.9400000000003
		(h, h_ind): (-1, 0)
		load: 69.0

	Finished service at time: 1225.9400000000003

	Using Machine: 5
		Task 69 -> Machine 5 (Station 1): 27.31
		Vehicle arrival at machine station: 1253.2500000000002
		Waiting time until machine travel: 0.0

		Machine travel start time: 1253.2500000000002
		Region 0 -> Region 1: 5.0
		Machine arrival at machine station: 1258.2500000000002

		Machine 5 (Station 2)-> Task 101: 61.29
		Vehicle arrival at task: 1319.5400000000002
		Waiting time until service start time: 29.46

	id: 101
		node: 46
		(x, y, z): (139, 72, 1)
		dem: -13
		earl: 1349
		lat: 1466
		servt: 10
		pid: 9
		did: 0
		servST: 1349.0
		(h, h_ind): (5, 10)
		load: 56.0

	Finished service at time: 1359.0

	Task 101 -> Task 7: 59.2
	Vehicle arrival at task: 1418.2
	Waiting time until service start time: 0.0

	id: 7
		node: 64
		(x, y, z): (103, 119, 1)
		dem: -12
		earl: 1329
		lat: 1463
		servt: 10
		pid: 44
		did: 0
		servST: 1418.2
		(h, h_ind): (-1, 0)
		load: 44.0

	Finished service at time: 1428.2

	Task 7 -> Task 60: 42.19
	Vehicle arrival at task: 1470.39
	Waiting time until service start time: 0.0

	id: 60
		node: 30
		(x, y, z): (107, 77, 1)
		dem: 34
		earl: 0
		lat: 2488
		servt: 10
		pid: 0
		did: 168
		servST: 1470.39
		(h, h_ind): (-1, 0)
		load: 78.0

	Finished service at time: 1480.39

	Task 60 -> Task 82: 74.63
	Vehicle arrival at task: 1555.02
	Waiting time until service start time: 0.0

	id: 82
		node: 60
		(x, y, z): (36, 54, 1)
		dem: -13
		earl: 1482
		lat: 1614
		servt: 10
		pid: 36
		did: 0
		servST: 1555.02
		(h, h_ind): (-1, 0)
		load: 65.0

	Finished service at time: 1565.02

	Task 82 -> Task 2: 10.77
	Vehicle arrival at task: 1575.79
	Waiting time until service start time: 0.0

	id: 2
		node: 2
		(x, y, z): (26, 50, 1)
		dem: 7
		earl: 1552
		lat: 1667
		servt: 10
		pid: 0
		did: 169
		servST: 1575.79
		(h, h_ind): (-1, 0)
		load: 72.0

	Finished service at time: 1585.79

	Task 2 -> Task 168: 60.9
	Vehicle arrival at task: 1646.69
	Waiting time until service start time: 0.0

	id: 168
		node: 70
		(x, y, z): (79, 80, 1)
		dem: -34
		earl: 0
		lat: 2512
		servt: 10
		pid: 60
		did: 0
		servST: 1646.69
		(h, h_ind): (-1, 0)
		load: 38.0

	Finished service at time: 1656.69

	Using Machine: 3
		Task 168 -> Machine 3 (Station 2): 14.32
		Vehicle arrival at machine station: 1671.01
		Waiting time until machine travel: 0.0

		Machine travel start time: 1671.01
		Region 1 -> Region 0: 5.0
		Machine arrival at machine station: 1676.01

		Machine 3 (Station 1)-> Task 57: 49.5
		Vehicle arrival at task: 1725.51
		Waiting time until service start time: 0.0

	id: 57
		node: 28
		(x, y, z): (69, 115, 0)
		dem: 20
		earl: 0
		lat: 2480
		servt: 10
		pid: 0
		did: 148
		servST: 1725.51
		(h, h_ind): (3, 3)
		load: 58.0

	Finished service at time: 1735.51

	Using Machine: 4
		Task 57 -> Machine 4 (Station 1): 49.01
		Vehicle arrival at machine station: 1784.52
		Waiting time until machine travel: 0.0

		Machine travel start time: 1784.52
		Region 0 -> Region 1: 5.0
		Machine arrival at machine station: 1789.52

		Machine 4 (Station 2)-> Task 153: 40.8
		Vehicle arrival at task: 1830.32
		Waiting time until service start time: 0.0

	id: 153
		node: 55
		(x, y, z): (35, 90, 1)
		dem: -14
		earl: 1790
		lat: 1896
		servt: 10
		pid: 30
		did: 0
		servST: 1830.32
		(h, h_ind): (4, 8)
		load: 44.0

	Finished service at time: 1840.32

	Task 153 -> Task 169: 16.12
	Vehicle arrival at task: 1856.4399999999998
	Waiting time until service start time: 0.0

	id: 169
		node: 42
		(x, y, z): (51, 92, 1)
		dem: -7
		earl: 1797
		lat: 1905
		servt: 10
		pid: 2
		did: 0
		servST: 1856.4399999999998
		(h, h_ind): (-1, 0)
		load: 37.0

	Finished service at time: 1866.4399999999998

	Task 169 -> Task 148: 13.89
	Vehicle arrival at task: 1880.33
	Waiting time until service start time: 0.0

	id: 148
		node: 68
		(x, y, z): (58, 80, 1)
		dem: -20
		earl: 1820
		lat: 1976
		servt: 10
		pid: 57
		did: 0
		servST: 1880.33
		(h, h_ind): (-1, 0)
		load: 17.0

	Finished service at time: 1890.33

	Using Machine: 1
		Task 148 -> Machine 1 (Station 2): 21.26
		Vehicle arrival at machine station: 1911.59
		Waiting time until machine travel: 0.0

		Machine travel start time: 1911.59
		Region 1 -> Region 0: 5.0
		Machine arrival at machine station: 1916.59

		Machine 1 (Station 1)-> Task 67: 14.21
		Vehicle arrival at task: 1930.8
		Waiting time until service start time: 0.0

	id: 67
		node: 37
		(x, y, z): (85, 75, 0)
		dem: 37
		earl: 0
		lat: 2510
		servt: 10
		pid: 0
		did: 80
		servST: 1930.8
		(h, h_ind): (1, 3)
		load: 54.0

	Finished service at time: 1940.8

	Using Machine: 3
		Task 67 -> Machine 3 (Station 1): 12.73
		Vehicle arrival at machine station: 1953.53
		Waiting time until machine travel: 0.0

		Machine travel start time: 1953.53
		Region 0 -> Region 1: 5.0
		Machine arrival at machine station: 1958.53

		Machine 3 (Station 2)-> Task 80: 6.4
		Vehicle arrival at task: 1964.93
		Waiting time until service start time: 0.0

	id: 80
		node: 77
		(x, y, z): (71, 70, 1)
		dem: -37
		earl: 1916
		lat: 2047
		servt: 10
		pid: 67
		did: 0
		servST: 1964.93
		(h, h_ind): (3, 4)
		load: 17.0

	Finished service at time: 1974.93

	Using Machine: 4
		Task 80 -> Machine 4 (Station 2): 5.0
		Vehicle arrival at machine station: 1979.93
		Waiting time until machine travel: 0.0

		Machine travel start time: 1979.93
		Region 1 -> Region 0: 5.0
		Machine arrival at machine station: 1984.93

		Machine 4 (Station 1)-> Task 46: 73.41
		Vehicle arrival at task: 2058.34
		Waiting time until service start time: 0.0

	id: 46
		node: 79
		(x, y, z): (10, 111, 0)
		dem: -17
		earl: 1975
		lat: 2088
		servt: 10
		pid: 69
		did: 0
		servST: 2058.34
		(h, h_ind): (4, 9)
		load: 0.0

	Finished service at time: 2068.34

	Task 46 -> Task 0: 72.67
	Vehicle arrival at task: 2141.01
	Waiting time until service start time: 0.0

	id: 0
		node: 82
		(x, y, z): (70, 70, 0)
		dem: 0
		earl: 0
		lat: 2535
		servt: 0
		pid: 0
		did: 0
		servST: 2141.01
		(h, h_ind): (-1, 0)
		load: 0.0


Vehicle 37 :
	id: 0
		node: 1
		(x, y, z): (70, 70, 0)
		dem: 0
		earl: 0
		lat: 2535
		servt: 0
		pid: 0
		did: 0
		servST: 31.469999999999985
		(h, h_ind): (-1, 0)
		load: 0.0

	Finished service at time: 31.469999999999985

	Task 0 -> Task 56: 34.0
	Vehicle arrival at task: 65.46999999999998
	Waiting time until service start time: 0.0

	id: 56
		node: 27
		(x, y, z): (86, 40, 0)
		dem: 22
		earl: 0
		lat: 2491
		servt: 10
		pid: 0
		did: 199
		servST: 65.46999999999998
		(h, h_ind): (-1, 0)
		load: 22.0

	Finished service at time: 75.46999999999998

	Task 56 -> Task 74: 38.64
	Vehicle arrival at task: 114.10999999999999
	Waiting time until service start time: 0.0

	id: 74
		node: 41
		(x, y, z): (48, 47, 0)
		dem: 19
		earl: 94
		lat: 161
		servt: 10
		pid: 0
		did: 134
		servST: 114.10999999999999
		(h, h_ind): (-1, 0)
		load: 41.0

	Finished service at time: 124.10999999999999

	Using Machine: 4
		Task 74 -> Machine 4 (Station 1): 27.59
		Vehicle arrival at machine station: 151.7
		Waiting time until machine travel: 0.0

		Machine travel start time: 151.7
		Region 0 -> Region 1: 5.0
		Machine arrival at machine station: 156.7

		Machine 4 (Station 2)-> Task 34: 25.3
		Vehicle arrival at task: 182.0
		Waiting time until service start time: 0.0

	id: 34
		node: 18
		(x, y, z): (44, 58, 1)
		dem: 30
		earl: 47
		lat: 182
		servt: 10
		pid: 0
		did: 117
		servST: 182.0
		(h, h_ind): (4, 2)
		load: 71.0

	Finished service at time: 192.0

	Task 34 -> Task 199: 43.05
	Vehicle arrival at task: 235.05
	Waiting time until service start time: 1.95

	id: 199
		node: 67
		(x, y, z): (81, 36, 1)
		dem: -22
		earl: 237
		lat: 382
		servt: 10
		pid: 56
		did: 0
		servST: 237.0
		(h, h_ind): (-1, 0)
		load: 49.0

	Finished service at time: 247.0

	Task 199 -> Task 117: 39.4
	Vehicle arrival at task: 286.4
	Waiting time until service start time: 0.0

	id: 117
		node: 58
		(x, y, z): (65, 0, 1)
		dem: -30
		earl: 282
		lat: 432
		servt: 10
		pid: 34
		did: 0
		servST: 286.4
		(h, h_ind): (-1, 0)
		load: 19.0

	Finished service at time: 296.4

	Task 117 -> Task 33: 37.01
	Vehicle arrival at task: 333.40999999999997
	Waiting time until service start time: 28.59

	id: 33
		node: 17
		(x, y, z): (42, 29, 1)
		dem: 12
		earl: 238
		lat: 362
		servt: 10
		pid: 0
		did: 3
		servST: 362.0
		(h, h_ind): (-1, 0)
		load: 31.0

	Finished service at time: 372.0

	Task 33 -> Task 35: 25.08
	Vehicle arrival at task: 397.08
	Waiting time until service start time: 3.92

	id: 35
		node: 19
		(x, y, z): (32, 6, 1)
		dem: 11
		earl: 401
		lat: 479
		servt: 10
		pid: 0
		did: 94
		servST: 401.0
		(h, h_ind): (-1, 0)
		load: 42.0

	Finished service at time: 411.0

	Task 35 -> Task 64: 119.1
	Vehicle arrival at task: 530.1
	Waiting time until service start time: 0.0

	id: 64
		node: 34
		(x, y, z): (37, 125, 1)
		dem: 10
		earl: 0
		lat: 2461
		servt: 10
		pid: 0
		did: 189
		servST: 530.1
		(h, h_ind): (-1, 0)
		load: 52.0

	Finished service at time: 540.1

	Task 64 -> Task 94: 105.04
	Vehicle arrival at task: 645.14
	Waiting time until service start time: 0.0

	id: 94
		node: 59
		(x, y, z): (34, 20, 1)
		dem: -11
		earl: 636
		lat: 689
		servt: 10
		pid: 35
		did: 0
		servST: 645.14
		(h, h_ind): (-1, 0)
		load: 41.0

	Finished service at time: 655.14

	Using Machine: 4
		Task 94 -> Machine 4 (Station 2): 57.2
		Vehicle arrival at machine station: 712.34
		Waiting time until machine travel: 0.0

		Machine travel start time: 712.34
		Region 1 -> Region 0: 5.0
		Machine arrival at machine station: 717.34

		Machine 4 (Station 1)-> Task 134: 65.07
		Vehicle arrival at task: 782.4100000000001
		Waiting time until service start time: 0.0

	id: 134
		node: 81
		(x, y, z): (23, 19, 0)
		dem: -19
		earl: 669
		lat: 824
		servt: 10
		pid: 74
		did: 0
		servST: 782.4100000000001
		(h, h_ind): (4, 3)
		load: 22.0

	Finished service at time: 792.4100000000001

	Using Machine: 4
		Task 134 -> Machine 4 (Station 1): 65.07
		Vehicle arrival at machine station: 857.48
		Waiting time until machine travel: 0.0

		Machine travel start time: 857.48
		Region 0 -> Region 1: 5.0
		Machine arrival at machine station: 862.48

		Machine 4 (Station 2)-> Task 189: 71.12
		Vehicle arrival at task: 933.6
		Waiting time until service start time: 0.0

	id: 189
		node: 74
		(x, y, z): (5, 99, 1)
		dem: -10
		earl: 0
		lat: 2454
		servt: 10
		pid: 64
		did: 0
		servST: 933.6
		(h, h_ind): (4, 4)
		load: 12.0

	Finished service at time: 943.6

	Task 189 -> Task 3: 48.88
	Vehicle arrival at task: 992.48
	Waiting time until service start time: 0.0

	id: 3
		node: 57
		(x, y, z): (30, 57, 1)
		dem: -12
		earl: 912
		lat: 1050
		servt: 10
		pid: 33
		did: 0
		servST: 992.48
		(h, h_ind): (-1, 0)
		load: 0.0

	Finished service at time: 1002.48

	Task 3 -> Task 29: 99.74
	Vehicle arrival at task: 1102.22
	Waiting time until service start time: 0.0

	id: 29
		node: 14
		(x, y, z): (120, 14, 1)
		dem: 20
		earl: 1030
		lat: 1159
		servt: 10
		pid: 0
		did: 160
		servST: 1102.22
		(h, h_ind): (-1, 0)
		load: 20.0

	Finished service at time: 1112.22

	Using Machine: 5
		Task 29 -> Machine 5 (Station 2): 66.84
		Vehicle arrival at machine station: 1179.06
		Waiting time until machine travel: 35.33

		Machine travel start time: 1214.39
		Region 1 -> Region 0: 5.0
		Machine arrival at machine station: 1219.39

		Machine 5 (Station 1)-> Task 37: 62.61
		Vehicle arrival at task: 1282.0
		Waiting time until service start time: 0.0

	id: 37
		node: 21
		(x, y, z): (106, 10, 0)
		dem: 13
		earl: 1229
		lat: 1282
		servt: 10
		pid: 0
		did: 96
		servST: 1282.0
		(h, h_ind): (5, 9)
		load: 33.0

	Finished service at time: 1292.0

	Task 37 -> Task 160: 26.93
	Vehicle arrival at task: 1318.93
	Waiting time until service start time: 22.07

	id: 160
		node: 54
		(x, y, z): (129, 24, 0)
		dem: -20
		earl: 1341
		lat: 1458
		servt: 10
		pid: 29
		did: 0
		servST: 1341.0
		(h, h_ind): (-1, 0)
		load: 13.0

	Finished service at time: 1351.0

	Task 160 -> Task 5: 109.84
	Vehicle arrival at task: 1460.84
	Waiting time until service start time: 0.0

	id: 5
		node: 4
		(x, y, z): (69, 116, 0)
		dem: 26
		earl: 1381
		lat: 1493
		servt: 10
		pid: 0
		did: 22
		servST: 1460.84
		(h, h_ind): (-1, 0)
		load: 39.0

	Finished service at time: 1470.84

	Using Machine: 5
		Task 5 -> Machine 5 (Station 1): 50.8
		Vehicle arrival at machine station: 1521.6399999999999
		Waiting time until machine travel: 0.0

		Machine travel start time: 1521.6399999999999
		Region 0 -> Region 1: 5.0
		Machine arrival at machine station: 1526.6399999999999

		Machine 5 (Station 2)-> Task 96: 16.12
		Vehicle arrival at task: 1542.7599999999998
		Waiting time until service start time: 0.0

	id: 96
		node: 61
		(x, y, z): (86, 80, 1)
		dem: -13
		earl: 1464
		lat: 1652
		servt: 10
		pid: 37
		did: 0
		servST: 1542.7599999999998
		(h, h_ind): (5, 11)
		load: 26.0

	Finished service at time: 1552.7599999999998

	Task 96 -> Task 22: 23.77
	Vehicle arrival at task: 1576.5299999999997
	Waiting time until service start time: 0.0

	id: 22
		node: 44
		(x, y, z): (80, 103, 1)
		dem: -26
		earl: 1484
		lat: 1613
		servt: 10
		pid: 5
		did: 0
		servST: 1576.5299999999997
		(h, h_ind): (-1, 0)
		load: 0.0

	Finished service at time: 1586.5299999999997

	Task 22 -> Task 12: 68.96
	Vehicle arrival at task: 1655.4899999999998
	Waiting time until service start time: 0.0

	id: 12
		node: 7
		(x, y, z): (20, 69, 1)
		dem: 13
		earl: 1472
		lat: 1673
		servt: 10
		pid: 0
		did: 20
		servST: 1655.4899999999998
		(h, h_ind): (-1, 0)
		load: 13.0

	Finished service at time: 1665.4899999999998

	Task 12 -> Task 20: 21.63
	Vehicle arrival at task: 1687.12
	Waiting time until service start time: 0.0

	id: 20
		node: 47
		(x, y, z): (8, 87, 1)
		dem: -13
		earl: 1615
		lat: 1714
		servt: 10
		pid: 12
		did: 0
		servST: 1687.12
		(h, h_ind): (-1, 0)
		load: 0.0

	Finished service at time: 1697.12

	Using Machine: 4
		Task 20 -> Machine 4 (Station 2): 63.57
		Vehicle arrival at machine station: 1760.6899999999998
		Waiting time until machine travel: 0.0

		Machine travel start time: 1760.6899999999998
		Region 1 -> Region 0: 5.0
		Machine arrival at machine station: 1765.6899999999998

		Machine 4 (Station 1)-> Task 0: 4.47
		Vehicle arrival at task: 1770.1599999999999
		Waiting time until service start time: 0.0

	id: 0
		node: 82
		(x, y, z): (70, 70, 0)
		dem: 0
		earl: 0
		lat: 2535
		servt: 0
		pid: 0
		did: 0
		servST: 1770.1599999999999
		(h, h_ind): (4, 7)
		load: 0.0


---------------------| MACHINES |---------------------

Machine 0 :
	setup duration: 5.0

	vehicle: 9
	vehicleInd: 14
	(orig, dest): (59, 0)
	(origRegion, destRegion): (1, 0)
	st: 1488.71
	duration: 5.0


Machine 1 :
	setup duration: 0.0

	vehicle: 36
	vehicleInd: 2
	(orig, dest): (0, 23)
	(origRegion, destRegion): (0, 1)
	st: 66.51
	duration: 5.0

	setup duration: 0.0

	vehicle: 5
	vehicleInd: 20
	(orig, dest): (42, 182)
	(origRegion, destRegion): (1, 0)
	st: 1586.62
	duration: 5.0

	setup duration: 5.0

	vehicle: 36
	vehicleInd: 25
	(orig, dest): (148, 67)
	(origRegion, destRegion): (1, 0)
	st: 1911.59
	duration: 5.0


Machine 2 :
	setup duration: 5.0

	vehicle: 5
	vehicleInd: 24
	(orig, dest): (86, 0)
	(origRegion, destRegion): (1, 0)
	st: 2071.99
	duration: 5.0


Machine 3 :
	setup duration: 5.0

	vehicle: 36
	vehicleInd: 13
	(orig, dest): (124, 9)
	(origRegion, destRegion): (1, 0)
	st: 1097.39
	duration: 5.0

	setup duration: 0.0

	vehicle: 5
	vehicleInd: 18
	(orig, dest): (58, 55)
	(origRegion, destRegion): (0, 1)
	st: 1433.7099999999998
	duration: 5.0

	setup duration: 0.0

	vehicle: 36
	vehicleInd: 21
	(orig, dest): (168, 57)
	(origRegion, destRegion): (1, 0)
	st: 1671.01
	duration: 5.0

	setup duration: 0.0

	vehicle: 36
	vehicleInd: 26
	(orig, dest): (67, 80)
	(origRegion, destRegion): (0, 1)
	st: 1953.53
	duration: 5.0


Machine 4 :
	setup duration: 0.0

	vehicle: 5
	vehicleInd: 2
	(orig, dest): (0, 4)
	(origRegion, destRegion): (0, 1)
	st: 112.73999999999998
	duration: 5.0

	setup duration: 5.0

	vehicle: 37
	vehicleInd: 4
	(orig, dest): (74, 34)
	(origRegion, destRegion): (0, 1)
	st: 151.7
	duration: 5.0

	setup duration: 0.0

	vehicle: 37
	vehicleInd: 11
	(orig, dest): (94, 134)
	(origRegion, destRegion): (1, 0)
	st: 712.34
	duration: 5.0

	setup duration: 0.0

	vehicle: 37
	vehicleInd: 12
	(orig, dest): (134, 189)
	(origRegion, destRegion): (0, 1)
	st: 857.48
	duration: 5.0

	setup duration: 5.0

	vehicle: 36
	vehicleInd: 12
	(orig, dest): (133, 124)
	(origRegion, destRegion): (0, 1)
	st: 988.4
	duration: 5.0

	setup duration: 0.0

	vehicle: 5
	vehicleInd: 17
	(orig, dest): (70, 58)
	(origRegion, destRegion): (1, 0)
	st: 1317.02
	duration: 5.0

	setup duration: 5.0

	vehicle: 37
	vehicleInd: 22
	(orig, dest): (20, 0)
	(origRegion, destRegion): (1, 0)
	st: 1760.6899999999998
	duration: 5.0

	setup duration: 0.0

	vehicle: 36
	vehicleInd: 22
	(orig, dest): (57, 153)
	(origRegion, destRegion): (0, 1)
	st: 1784.52
	duration: 5.0

	setup duration: 0.0

	vehicle: 36
	vehicleInd: 27
	(orig, dest): (80, 46)
	(origRegion, destRegion): (1, 0)
	st: 1979.93
	duration: 5.0


Machine 5 :
	setup duration: 5.0

	vehicle: 36
	vehicleInd: 3
	(orig, dest): (23, 41)
	(origRegion, destRegion): (1, 0)
	st: 89.51
	duration: 5.0

	setup duration: 0.0

	vehicle: 9
	vehicleInd: 4
	(orig, dest): (61, 47)
	(origRegion, destRegion): (0, 1)
	st: 267.94
	duration: 5.0

	setup duration: 0.0

	vehicle: 9
	vehicleInd: 5
	(orig, dest): (47, 48)
	(origRegion, destRegion): (1, 0)
	st: 333.06
	duration: 5.0

	setup duration: 5.0

	vehicle: 5
	vehicleInd: 7
	(orig, dest): (65, 31)
	(origRegion, destRegion): (1, 0)
	st: 367.5899999999999
	duration: 5.0

	setup duration: 0.0

	vehicle: 5
	vehicleInd: 8
	(orig, dest): (31, 40)
	(origRegion, destRegion): (0, 1)
	st: 515.55
	duration: 5.0

	setup duration: 5.0

	vehicle: 9
	vehicleInd: 8
	(orig, dest): (15, 140)
	(origRegion, destRegion): (0, 1)
	st: 842.28
	duration: 5.0

	setup duration: 0.0

	vehicle: 5
	vehicleInd: 14
	(orig, dest): (13, 102)
	(origRegion, destRegion): (1, 0)
	st: 1090.4
	duration: 5.0

	setup duration: 0.0

	vehicle: 5
	vehicleInd: 15
	(orig, dest): (102, 17)
	(origRegion, destRegion): (0, 1)
	st: 1171.88
	duration: 5.0

	setup duration: 0.0

	vehicle: 37
	vehicleInd: 15
	(orig, dest): (29, 37)
	(origRegion, destRegion): (1, 0)
	st: 1214.39
	duration: 5.0

	setup duration: 0.0

	vehicle: 36
	vehicleInd: 15
	(orig, dest): (69, 101)
	(origRegion, destRegion): (0, 1)
	st: 1253.2500000000002
	duration: 5.0

	setup duration: 5.0

	vehicle: 37
	vehicleInd: 18
	(orig, dest): (5, 96)
	(origRegion, destRegion): (0, 1)
	st: 1521.6399999999999
	duration: 5.0

	setup duration: 5.0

	vehicle: 5
	vehicleInd: 21
	(orig, dest): (182, 75)
	(origRegion, destRegion): (0, 1)
	st: 1776.24
	duration: 5.0


-------------------| COMPL. TIMES |-------------------

Vehicle 0 : 0.0
Vehicle 1 : 0.0
Vehicle 2 : 0.0
Vehicle 3 : 0.0
Vehicle 4 : 0.0
Vehicle 5 : 1972.7199999999998
Vehicle 6 : 0.0
Vehicle 7 : 0.0
Vehicle 8 : 0.0
Vehicle 9 : 1383.3000000000002
Vehicle 10 : 0.0
Vehicle 11 : 0.0
Vehicle 12 : 0.0
Vehicle 13 : 0.0
Vehicle 14 : 0.0
Vehicle 15 : 0.0
Vehicle 16 : 0.0
Vehicle 17 : 0.0
Vehicle 18 : 0.0
Vehicle 19 : 0.0
Vehicle 20 : 0.0
Vehicle 21 : 0.0
Vehicle 22 : 0.0
Vehicle 23 : 0.0
Vehicle 24 : 0.0
Vehicle 25 : 0.0
Vehicle 26 : 0.0
Vehicle 27 : 0.0
Vehicle 28 : 0.0
Vehicle 29 : 0.0
Vehicle 30 : 0.0
Vehicle 31 : 0.0
Vehicle 32 : 0.0
Vehicle 33 : 0.0
Vehicle 34 : 0.0
Vehicle 35 : 0.0
Vehicle 36 : 2080.1600000000003
Vehicle 37 : 1738.6899999999998
Vehicle 38 : 0.0
Vehicle 39 : 0.0
-------------------| STATISTICS |-------------------

    Vehicles used                           : 10.0
    Machines used                           : 100.0
    Max load (vehicles)                     : 98.75
    Min load (vehicles)                     : 88.75
    Mean load (vehicles)                    : 95.787
    Min completion time                     : 54.568
    Max completion time                     : 82.0576
    Mean completion time                    : 70.7581
    Avrg travel time (with vehicle)         : 1.3807
    Avrg travel time (only with vehicle)    : 0.9862
    Avrg travel time (no vehicle)           : 0.3945
    Avrg waiting time (machine travel)      : 1.1326
    Avrg waiting time (service)             : 2.7553
    Machines travel times (with vehicle)    : [0.3945, 0.789, 0.3945, 0.9862, 2.3669, 3.3531]
    Machines travel times (no vehicle)      : [0.1972, 0.1972, 0.1972, 0.1972, 0.5917, 0.9862]
    Max load per vehicle                    : [0.0, 0.0, 0.0, 0.0, 0.0, 98.75, 0.0, 0.0, 0.0, 98.1481, 0.0, 0.0, 0.0, 0.0, 0.0, 0.0, 0.0, 0.0, 0.0, 0.0, 0.0, 0.0, 0.0, 0.0, 0.0, 0.0, 0.0, 0.0, 0.0, 0.0, 0.0, 0.0, 0.0, 0.0, 0.0, 0.0, 97.5, 88.75, 0.0, 0.0]

----------------------------------------------------

TOTAL: 7174.87

Everything is awesome!
