Set parameter WLSAccessID
Set parameter WLSSecret
Set parameter LicenseID to value 2661775
Academic license 2661775 - for non-commercial use only - registered to me___@dcc.ufba.br
Loading line 2: methodType heur
Loading line 3: methodCode mslp
Loading line 4: seed 0
Loading line 5: threads 1
Loading line 6: greedy_service_order random
Loading line 7: outputFlagGrbMSLP 0
Loading line 8: mslpa 60000
Loading line 9: mslpr I
Loading line 10: maxtime 3600
Loading line 11: output ./logs/
Loading line 12: printsol 1
Loading line 13: solverMethod A
Loading line 14: alpha 0.05 # selected from preliminary experiments
Instance: lr202_t2_10R_10V_04F_04M

[07:37:08.356] Running Data.readData with file /dados/rmelo/PDPTW-SE/benchmark_multi_floor_v3/official_experiments/multistartlp/official/set_01_pt_01/../../../../instances/orig_ams_fg/10R_10V_04F_04M/t2/lr202/
vehicles: Vehicle[Vehicle(0, 30), Vehicle(1, 38), Vehicle(2, 46), Vehicle(3, 30), Vehicle(4, 30), Vehicle(5, 46), Vehicle(6, 38), Vehicle(7, 46), Vehicle(8, 46), Vehicle(9, 30)]
vehicle_types: Vehicle[Vehicle(0, 30), Vehicle(1, 38), Vehicle(2, 46)]
Machine[Machine(0, Point[Point(36, 35, 0), Point(36, 35, 1), Point(36, 35, 2), Point(36, 35, 3)], 0.2), Machine(1, Point[Point(38, 35, 0), Point(38, 35, 1), Point(38, 35, 2), Point(38, 35, 3)], 0.2), Machine(2, Point[Point(34, 35, 0), Point(34, 35, 1), Point(34, 35, 2), Point(34, 35, 3)], 0.2), Machine(3, Point[Point(40, 35, 0), Point(40, 35, 1), Point(40, 35, 2), Point(40, 35, 3)], 0.2)]
refs: [1, 2, 3, 5, 6, 7, 8, 9, 10, 11, 12, 14, 21, 17, 20, 16, 13, 18, 15, 4, 19, 1]
V: [1, 2, 3, 4, 5, 6, 7, 8, 9, 10, 11, 12, 13, 14, 15, 16, 17, 18, 19, 20, 21]
V_p: [2, 3, 4, 5, 6, 7, 8, 9, 10, 11]
V_d: [12, 13, 14, 15, 16, 17, 18, 19, 20, 21]
Vprime: [1, 2, 3, 4, 5, 6, 7, 8, 9, 10, 11, 12, 13, 14, 15, 16, 17, 18, 19, 20, 21, 22]
V: [1, 2, 3, 4, 5, 6, 7, 8, 9, 10, 11, 12, 13, 14, 15, 16, 17, 18, 19, 20, 21]
q: [0, 7, 13, 9, 16, 12, 19, 23, 20, 19, 17, -7, -13, -9, -16, -12, -19, -23, -20, -19, -17, 0]
H: [1, 2, 3, 4]
f: [[1, 1, 1, 1], [3, 3, 3, 3], [1, 1, 1, 1], [1, 1, 1, 1], [2, 2, 2, 2], [3, 3, 3, 3], [2, 2, 2, 2], [4, 4, 4, 4], [3, 3, 3, 3], [4, 4, 4, 4], [1, 1, 1, 1], [1, 1, 1, 1], [2, 2, 2, 2], [3, 3, 3, 3], [1, 1, 1, 1], [3, 3, 3, 3], [4, 4, 4, 4], [1, 1, 1, 1], [2, 2, 2, 2], [2, 2, 2, 2], [3, 3, 3, 3], [1, 1, 1, 1]]
1 1 1 -> 0.0
1 2 1 -> 5.0
1 3 1 -> 10.0
1 4 1 -> 15.0
2 1 1 -> 5.0
2 2 1 -> 0.0
2 3 1 -> 5.0
2 4 1 -> 10.0
3 1 1 -> 10.0
3 2 1 -> 5.0
3 3 1 -> 0.0
3 4 1 -> 5.0
4 1 1 -> 15.0
4 2 1 -> 10.0
4 3 1 -> 5.0
4 4 1 -> 0.0
1 1 2 -> 0.0
1 2 2 -> 5.0
1 3 2 -> 10.0
1 4 2 -> 15.0
2 1 2 -> 5.0
2 2 2 -> 0.0
2 3 2 -> 5.0
2 4 2 -> 10.0
3 1 2 -> 10.0
3 2 2 -> 5.0
3 3 2 -> 0.0
3 4 2 -> 5.0
4 1 2 -> 15.0
4 2 2 -> 10.0
4 3 2 -> 5.0
4 4 2 -> 0.0
1 1 3 -> 0.0
1 2 3 -> 5.0
1 3 3 -> 10.0
1 4 3 -> 15.0
2 1 3 -> 5.0
2 2 3 -> 0.0
2 3 3 -> 5.0
2 4 3 -> 10.0
3 1 3 -> 10.0
3 2 3 -> 5.0
3 3 3 -> 0.0
3 4 3 -> 5.0
4 1 3 -> 15.0
4 2 3 -> 10.0
4 3 3 -> 5.0
4 4 3 -> 0.0
1 1 4 -> 0.0
1 2 4 -> 5.0
1 3 4 -> 10.0
1 4 4 -> 15.0
2 1 4 -> 5.0
2 2 4 -> 0.0
2 3 4 -> 5.0
2 4 4 -> 10.0
3 1 4 -> 10.0
3 2 4 -> 5.0
3 3 4 -> 0.0
3 4 4 -> 5.0
4 1 4 -> 15.0
4 2 4 -> 10.0
4 3 4 -> 5.0
4 4 4 -> 0.0
o: (1, 2, 3) => 5.0
o: (3, 1, 3) => 10.0
o: (3, 2, 4) => 5.0
o: (3, 2, 3) => 5.0
o: (2, 1, 1) => 5.0
o: (1, 3, 2) => 10.0
o: (1, 4, 2) => 15.0
o: (4, 3, 4) => 5.0
o: (2, 2, 1) => 0.0
o: (4, 4, 4) => 0.0
o: (3, 3, 2) => 0.0
o: (3, 4, 2) => 5.0
o: (4, 3, 3) => 5.0
o: (4, 4, 3) => 0.0
o: (1, 3, 1) => 10.0
o: (1, 1, 2) => 0.0
o: (1, 4, 1) => 15.0
o: (4, 1, 4) => 15.0
o: (3, 3, 1) => 0.0
o: (1, 2, 2) => 5.0
o: (3, 1, 2) => 10.0
o: (3, 4, 1) => 5.0
o: (4, 1, 3) => 15.0
o: (4, 2, 4) => 10.0
o: (3, 2, 2) => 5.0
o: (2, 3, 4) => 5.0
o: (4, 2, 3) => 10.0
o: (2, 4, 4) => 10.0
o: (1, 1, 1) => 0.0
o: (2, 3, 3) => 5.0
o: (2, 4, 3) => 10.0
o: (4, 3, 2) => 5.0
o: (1, 2, 1) => 5.0
o: (3, 1, 1) => 10.0
o: (4, 4, 2) => 0.0
o: (3, 2, 1) => 5.0
o: (2, 1, 4) => 5.0
o: (2, 1, 3) => 5.0
o: (2, 2, 4) => 0.0
o: (4, 3, 1) => 5.0
o: (4, 1, 2) => 15.0
o: (4, 4, 1) => 0.0
o: (2, 2, 3) => 0.0
o: (4, 2, 2) => 10.0
o: (1, 3, 4) => 10.0
o: (2, 3, 2) => 5.0
o: (1, 4, 4) => 15.0
o: (2, 4, 2) => 10.0
o: (1, 3, 3) => 10.0
o: (3, 3, 4) => 0.0
o: (1, 4, 3) => 15.0
o: (3, 4, 4) => 5.0
o: (4, 1, 1) => 15.0
o: (3, 3, 3) => 0.0
o: (3, 4, 3) => 5.0
o: (4, 2, 1) => 10.0
o: (2, 3, 1) => 5.0
o: (1, 1, 4) => 0.0
o: (2, 1, 2) => 5.0
o: (2, 4, 1) => 10.0
o: (1, 1, 3) => 0.0
o: (1, 2, 4) => 5.0
o: (2, 2, 2) => 0.0
o: (3, 1, 4) => 10.0

[70, 1089, 1079, 1048, 1038, 1053, 1031, 16]
JOBS in the order of refs (Vprime)
Node 1: Job(0, Point(35, 35, 0), 0, 0, 1000, 0, 0, 0)
Node 2: Job(2, Point(35, 17, 2), 7, 0, 972, 10, 0, 43)
Node 3: Job(3, Point(55, 45, 0), 13, 0, 967, 10, 0, 100)
Node 4: Job(8, Point(10, 43, 0), 9, 404, 481, 10, 0, 55)
Node 5: Job(9, Point(55, 60, 1), 16, 400, 497, 10, 0, 90)
Node 6: Job(11, Point(20, 65, 2), 12, 206, 325, 10, 0, 51)
Node 7: Job(12, Point(50, 35, 1), 19, 0, 975, 10, 0, 26)
Node 8: Job(13, Point(30, 25, 3), 23, 690, 827, 10, 0, 60)
Node 9: Job(14, Point(15, 10, 2), 20, 32, 243, 10, 0, 44)
Node 10: Job(16, Point(10, 20, 3), 19, 272, 373, 10, 0, 5)
Node 11: Job(19, Point(15, 60, 0), 17, 269, 378, 10, 0, 81)
Node 12: Job(43, Point(23, 3, 0), -7, 620, 705, 10, 2, 0)
Node 13: Job(100, Point(18, 18, 1), -13, 798, 965, 10, 3, 0)
Node 14: Job(55, Point(63, 23, 2), -9, 620, 739, 10, 8, 0)
Node 15: Job(90, Point(31, 67, 0), -16, 392, 487, 10, 9, 0)
Node 16: Job(51, Point(49, 58, 2), -12, 348, 453, 10, 11, 0)
Node 17: Job(26, Point(45, 30, 3), -19, 0, 978, 10, 12, 0)
Node 18: Job(60, Point(17, 34, 0), -23, 721, 862, 10, 13, 0)
Node 19: Job(44, Point(11, 14, 1), -20, 233, 340, 10, 14, 0)
Node 20: Job(5, Point(15, 30, 1), -19, 0, 969, 10, 16, 0)
Node 21: Job(81, Point(55, 54, 2), -17, 411, 456, 10, 19, 0)
Node 22: Job(0, Point(35, 35, 0), 0, 0, 1000, 0, 0, 0)

### Preprocessing Data ###
	-> arcs: 484 (100.0%)
	-> arc_removals: 252 (52.07%)
	-> arc_removals_is_loop: 22 (4.55%)
	-> arc_removals_is_delivery_to_pickup: 12 (2.48%)
	-> arc_removals_is_depot_begin_to_delivery: 10 (2.07%)
	-> arc_removals_is_pickup_to_depot_end: 10 (2.07%)
	-> arc_removals_is_dest_depot_begin: 20 (4.13%)
	-> arc_removals_is_orig_depot_end: 19 (3.93%)
	-> arc_removals_is_capacity_violated: 0 (0.0%)
	-> arc_removals_is_time_window_limited: 106 (21.9%)
	-> arc_removals_is_time_window_pairing_limited: 38 (7.85%)
	-> arc_removals_is_indirect_request_service_impossible: 15 (3.1%)
	-> gamma_vars: 0 (0%)
	-> feas_gamma_vars: 0 (0%)
	-> infeas_gamma_vars_is_next_mtrv_unreachable: 0 (0%)
	-> infeas_gamma_vars_is_iprime_jprime_eq_i_j: 0 (0%)
	-> machine_removal_for_an_arc: 0 (0.0%)
##########################

[07:37:18.367] Print configuration
------------------------------------------------------
"
[07:37:18.367] Running Multi Start Heuristic"
> Experiment started at 2025-10-15T07:37:18.367
> Instance: lr202_t2_10R_10V_04F_04M
> Algorithm Parameters:


	>Stop params:
		>  - rule ITERATIONS
		>  - argument 60000.0
		>  - maximum_time 3600

	>General params:
		>  - instPath /dados/rmelo/PDPTW-SE/benchmark_multi_floor_v3/official_experiments/multistartlp/official/set_01_pt_01/../../../../instances/orig_ams_fg/10R_10V_04F_04M/t2/lr202/
		>  - name lr202
		>  - type t2
		>  - group 10R_10V_04F_04M
		>  - fullname lr202_t2_10R_10V_04F_04M
		>  - methodType heur
		>  - methodCode mslp
		>  - genconfigfile /dados/rmelo/PDPTW-SE/benchmark_multi_floor_v3/official_experiments/multistartlp/official/set_01_pt_01/configs/genconfig_mslp.conf
		>  - genconfigfilename genconfig_mslp
		>  - greedy_service_order random
		>  - cutoff 0
		>  - cutoffmachs 4
		>  - num_machs 0
		>  - solver Gurobi
		>  - maxtime 3600
		>  - gurobiCuts 1
		>  - typeUserCut 0
		>  - mipPresolve -1
		>  - printsol 1
		>  - maxnodes -1
		>  - elevator 1
		>  - make_instance_feasible false
		>  - output /dados/rmelo/PDPTW-SE/benchmark_multi_floor_v3/official_experiments/multistartlp/official/set_01_pt_01/logs
		>  - suff_outputs _seed_75
		>  - suff_csv _bash_4
		>  - epsilon 0.005
		>  - epsilonCap 0.5
		>  - warmStart false
		>  - seed 75
		>  - rng Random.MersenneTwister(75)
		>  - alpha 0.05
		>  - maxiter 1000000
		>  - outputFlagGrbMIP 0
		>  - outputFlagGrbMSLP 0
		>  - outputFlagGrbLMNS 0
		>  - mslpr I
		>  - mslpa 60000
		>  - lmnsr M
		>  - lmnsa 60
		>  - lmnsRepairTime 30.0
		>  - lmnsMIPFocus 0
		>  - lmnsGapToBiggerDestruction 50
		>  - lmnsGapToSmallerDestruction 95
		>  - lmnsWeightShawDistProx 1.0
		>  - lmnsWeightShawEarlProx 1.0
		>  - lmnsWeightShawSameRoute 1.0
		>  - lmnsWeightShawDemandSim 1.0
		>  - lmnsReqRApplyMIPStart true
		>  - lmnsAcceptanceCriteria H
		>  - lmnsMetropolisTemp 100.0
		>  - lmnsSimulatedAnnealingTemp 100.0
		>  - lmnsSimulatedAnnealingCool 0.95
		>  - mipmaxtime 3600
		>  - csvfilename /dados/rmelo/PDPTW-SE/benchmark_multi_floor_v3/official_experiments/multistartlp/official/set_01_pt_01/logs/heur_mslp/outputs/csvresults_heur_mslp_bash_4.csv
		>  - solfilename /dados/rmelo/PDPTW-SE/benchmark_multi_floor_v3/official_experiments/multistartlp/official/set_01_pt_01/logs/heur_mslp/solutions/10R_10V_04F_04M/lr202_sol_genconfig_mslp_seed_75.txt
		>  - timelineFilename /dados/rmelo/PDPTW-SE/benchmark_multi_floor_v3/official_experiments/multistartlp/official/set_01_pt_01/logs/heur_mslp/timelines/10R_10V_04F_04M/lr202_timeline_genconfig_mslp_seed_75.txt
		>  - grbFilename /dados/rmelo/PDPTW-SE/benchmark_multi_floor_v3/official_experiments/multistartlp/official/set_01_pt_01/logs/heur_mslp/gurobi/10R_10V_04F_04M/lr202_grb_genconfig_mslp_seed_75.log
		>  - threads 1
		>  - solverMethod AUTOMATIC

------------------------------------------------------

[07:37:18.473] Starting running MSLP
objValue;greedysol;iteration;time
1326.17;1938.31;1;0.003947
1318.09;1897.83;6;0.336507
1302.17;1962.42;16;0.367071
1292.79;2018.18;19;0.377392
1276.17;1897.83;73;0.566448
1272.31;1883.30;107;0.674861
1271.16;1883.30;231;1.111034
1261.52;1900.06;268;1.224565
1256.38;1973.81;460;1.895773
1253.21;1910.08;747;2.812194
1249.47;1948.80;11203;38.076047
1241.31;1932.04;28851;97.695677
1240.58;1948.80;33641;113.708528

[07:41:08.294] Finished running MSLP
System CPU time: 26.97 seconds

[07:41:08.374] Post running MSLP
Best solution value: 1240.58
Total time elapsed: 202.436457
Time to best: 113.708528
Iterations: 60000
Iterations to best: 33641
Improvements: 13
Infeasible solutions percentage: (0 / 60000) = 0.0000 %
(LP improvements)/(LP runs) = 60000/60000 = 100.0000 %
Mean LP improvement percentage: 30.4503 %
[07:41:08.625] Writing results to CSV file: /dados/rmelo/PDPTW-SE/benchmark_multi_floor_v3/official_experiments/multistartlp/official/set_01_pt_01/logs/heur_mslp/outputs/csvresults_heur_mslp_bash_4.csv

[07:41:10.613] Saving solution to file:/dados/rmelo/PDPTW-SE/benchmark_multi_floor_v3/official_experiments/multistartlp/official/set_01_pt_01/logs/heur_mslp/solutions/10R_10V_04F_04M/lr202_sol_genconfig_mslp_seed_75.txt

[07:41:10.614] Saving solution timeline to file: /dados/rmelo/PDPTW-SE/benchmark_multi_floor_v3/official_experiments/multistartlp/official/set_01_pt_01/logs/heur_mslp/timelines/10R_10V_04F_04M/lr202_timeline_genconfig_mslp_seed_75.txt
---------------------| VEHICLES |---------------------

Vehicle 2 :
	id: 0
		node: 1
		(x, y, z): (35, 35, 0)
		dem: 0
		earl: 0
		lat: 1000
		servt: 0
		pid: 0
		did: 0
		servST: 223.42000000000007
		(h, h_ind): (-1, 0)
		load: 0.0

	Finished service at time: 223.42000000000007

	Using Machine: 2
		Task 0 -> Machine 2 (Station 1): 1.0
		Vehicle arrival at machine station: 224.42000000000007
		Waiting time until machine travel: 0.0

		Machine travel start time: 224.42000000000007
		Region 0 -> Region 2: 10.0
		Machine arrival at machine station: 234.42000000000007

		Machine 2 (Station 3)-> Task 11: 33.11
		Vehicle arrival at task: 267.5300000000001
		Waiting time until service start time: 0.0

	id: 11
		node: 6
		(x, y, z): (20, 65, 2)
		dem: 12
		earl: 206
		lat: 325
		servt: 10
		pid: 0
		did: 51
		servST: 267.5300000000001
		(h, h_ind): (2, 1)
		load: 12.0

	Finished service at time: 277.5300000000001

	Using Machine: 2
		Task 11 -> Machine 2 (Station 3): 33.11
		Vehicle arrival at machine station: 310.6400000000001
		Waiting time until machine travel: 0.0

		Machine travel start time: 310.6400000000001
		Region 2 -> Region 0: 10.0
		Machine arrival at machine station: 320.6400000000001

		Machine 2 (Station 1)-> Task 19: 31.4
		Vehicle arrival at task: 352.0400000000001
		Waiting time until service start time: 0.0

	id: 19
		node: 11
		(x, y, z): (15, 60, 0)
		dem: 17
		earl: 269
		lat: 378
		servt: 10
		pid: 0
		did: 81
		servST: 352.0400000000001
		(h, h_ind): (2, 3)
		load: 29.0

	Finished service at time: 362.0400000000001

	Using Machine: 1
		Task 19 -> Machine 1 (Station 1): 33.97
		Vehicle arrival at machine station: 396.0100000000001
		Waiting time until machine travel: 0.0

		Machine travel start time: 396.0100000000001
		Region 0 -> Region 2: 10.0
		Machine arrival at machine station: 406.0100000000001

		Machine 1 (Station 3)-> Task 81: 25.5
		Vehicle arrival at task: 431.5100000000001
		Waiting time until service start time: 0.0

	id: 81
		node: 21
		(x, y, z): (55, 54, 2)
		dem: -17
		earl: 411
		lat: 456
		servt: 10
		pid: 19
		did: 0
		servST: 431.5100000000001
		(h, h_ind): (1, 2)
		load: 12.0

	Finished service at time: 441.5100000000001

	Task 81 -> Task 51: 7.21
	Vehicle arrival at task: 448.7200000000001
	Waiting time until service start time: 0.0

	id: 51
		node: 16
		(x, y, z): (49, 58, 2)
		dem: -12
		earl: 348
		lat: 453
		servt: 10
		pid: 11
		did: 0
		servST: 448.7200000000001
		(h, h_ind): (-1, 0)
		load: 0.0

	Finished service at time: 458.7200000000001

	Using Machine: 0
		Task 51 -> Machine 0 (Station 3): 26.42
		Vehicle arrival at machine station: 485.1400000000001
		Waiting time until machine travel: 0.0

		Machine travel start time: 485.1400000000001
		Region 2 -> Region 0: 10.0
		Machine arrival at machine station: 495.1400000000001

		Machine 0 (Station 1)-> Task 0: 1.0
		Vehicle arrival at task: 496.1400000000001
		Waiting time until service start time: 0.0

	id: 0
		node: 22
		(x, y, z): (35, 35, 0)
		dem: 0
		earl: 0
		lat: 1000
		servt: 0
		pid: 0
		did: 0
		servST: 496.1400000000001
		(h, h_ind): (0, 2)
		load: 0.0


Vehicle 7 :
	id: 0
		node: 1
		(x, y, z): (35, 35, 0)
		dem: 0
		earl: 0
		lat: 1000
		servt: 0
		pid: 0
		did: 0
		servST: 361.77
		(h, h_ind): (-1, 0)
		load: 0.0

	Finished service at time: 361.77

	Using Machine: 1
		Task 0 -> Machine 1 (Station 1): 3.0
		Vehicle arrival at machine station: 364.77
		Waiting time until machine travel: 0.0

		Machine travel start time: 364.77
		Region 0 -> Region 1: 5.0
		Machine arrival at machine station: 369.77

		Machine 1 (Station 2)-> Task 9: 30.23
		Vehicle arrival at task: 400.0
		Waiting time until service start time: 0.0

	id: 9
		node: 5
		(x, y, z): (55, 60, 1)
		dem: 16
		earl: 400
		lat: 497
		servt: 10
		pid: 0
		did: 90
		servST: 400.0
		(h, h_ind): (1, 1)
		load: 16.0

	Finished service at time: 410.0

	Using Machine: 3
		Task 9 -> Machine 3 (Station 2): 29.15
		Vehicle arrival at machine station: 439.15
		Waiting time until machine travel: 0.0

		Machine travel start time: 439.15
		Region 1 -> Region 0: 5.0
		Machine arrival at machine station: 444.15

		Machine 3 (Station 1)-> Task 90: 33.24
		Vehicle arrival at task: 477.39
		Waiting time until service start time: 0.0

	id: 90
		node: 15
		(x, y, z): (31, 67, 0)
		dem: -16
		earl: 392
		lat: 487
		servt: 10
		pid: 9
		did: 0
		servST: 477.39
		(h, h_ind): (3, 1)
		load: 0.0

	Finished service at time: 487.39

	Task 90 -> Task 0: 32.25
	Vehicle arrival at task: 519.64
	Waiting time until service start time: 0.0

	id: 0
		node: 22
		(x, y, z): (35, 35, 0)
		dem: 0
		earl: 0
		lat: 1000
		servt: 0
		pid: 0
		did: 0
		servST: 519.64
		(h, h_ind): (-1, 0)
		load: 0.0


Vehicle 8 :
	id: 0
		node: 1
		(x, y, z): (35, 35, 0)
		dem: 0
		earl: 0
		lat: 1000
		servt: 0
		pid: 0
		did: 0
		servST: 146.74000000000012
		(h, h_ind): (-1, 0)
		load: 0.0

	Finished service at time: 146.74000000000012

	Using Machine: 0
		Task 0 -> Machine 0 (Station 1): 1.0
		Vehicle arrival at machine station: 147.74000000000012
		Waiting time until machine travel: 0.0

		Machine travel start time: 147.74000000000012
		Region 0 -> Region 2: 10.0
		Machine arrival at machine station: 157.74000000000012

		Machine 0 (Station 3)-> Task 2: 18.03
		Vehicle arrival at task: 175.77000000000012
		Waiting time until service start time: 0.0

	id: 2
		node: 2
		(x, y, z): (35, 17, 2)
		dem: 7
		earl: 0
		lat: 972
		servt: 10
		pid: 0
		did: 43
		servST: 175.77000000000012
		(h, h_ind): (0, 1)
		load: 7.0

	Finished service at time: 185.77000000000012

	Task 2 -> Task 14: 21.19
	Vehicle arrival at task: 206.96000000000012
	Waiting time until service start time: 0.0

	id: 14
		node: 9
		(x, y, z): (15, 10, 2)
		dem: 20
		earl: 32
		lat: 243
		servt: 10
		pid: 0
		did: 44
		servST: 206.96000000000012
		(h, h_ind): (-1, 0)
		load: 27.0

	Finished service at time: 216.96000000000012

	Using Machine: 2
		Task 14 -> Machine 2 (Station 3): 31.4
		Vehicle arrival at machine station: 248.36000000000013
		Waiting time until machine travel: 0.0

		Machine travel start time: 248.36000000000013
		Region 2 -> Region 1: 5.0
		Machine arrival at machine station: 253.36000000000013

		Machine 2 (Station 2)-> Task 44: 31.14
		Vehicle arrival at task: 284.5000000000001
		Waiting time until service start time: 0.0

	id: 44
		node: 19
		(x, y, z): (11, 14, 1)
		dem: -20
		earl: 233
		lat: 340
		servt: 10
		pid: 14
		did: 0
		servST: 284.5000000000001
		(h, h_ind): (2, 2)
		load: 7.0

	Finished service at time: 294.5000000000001

	Using Machine: 2
		Task 44 -> Machine 2 (Station 2): 31.14
		Vehicle arrival at machine station: 325.6400000000001
		Waiting time until machine travel: 0.0

		Machine travel start time: 325.6400000000001
		Region 1 -> Region 3: 10.0
		Machine arrival at machine station: 335.6400000000001

		Machine 2 (Station 4)-> Task 16: 28.3
		Vehicle arrival at task: 363.9400000000001
		Waiting time until service start time: 0.0

	id: 16
		node: 10
		(x, y, z): (10, 20, 3)
		dem: 19
		earl: 272
		lat: 373
		servt: 10
		pid: 0
		did: 5
		servST: 363.9400000000001
		(h, h_ind): (2, 4)
		load: 26.0

	Finished service at time: 373.9400000000001

	Using Machine: 2
		Task 16 -> Machine 2 (Station 4): 28.3
		Vehicle arrival at machine station: 402.2400000000001
		Waiting time until machine travel: 0.0

		Machine travel start time: 402.2400000000001
		Region 3 -> Region 0: 15.0
		Machine arrival at machine station: 417.2400000000001

		Machine 2 (Station 1)-> Task 8: 25.3
		Vehicle arrival at task: 442.54000000000013
		Waiting time until service start time: 0.0

	id: 8
		node: 4
		(x, y, z): (10, 43, 0)
		dem: 9
		earl: 404
		lat: 481
		servt: 10
		pid: 0
		did: 55
		servST: 442.54000000000013
		(h, h_ind): (2, 5)
		load: 35.0

	Finished service at time: 452.54000000000013

	Using Machine: 2
		Task 8 -> Machine 2 (Station 1): 25.3
		Vehicle arrival at machine station: 477.84000000000015
		Waiting time until machine travel: 0.0

		Machine travel start time: 477.84000000000015
		Region 0 -> Region 1: 5.0
		Machine arrival at machine station: 482.84000000000015

		Machine 2 (Station 2)-> Task 5: 19.65
		Vehicle arrival at task: 502.4900000000001
		Waiting time until service start time: 0.0

	id: 5
		node: 20
		(x, y, z): (15, 30, 1)
		dem: -19
		earl: 0
		lat: 969
		servt: 10
		pid: 16
		did: 0
		servST: 502.4900000000001
		(h, h_ind): (2, 6)
		load: 16.0

	Finished service at time: 512.4900000000001

	Using Machine: 2
		Task 5 -> Machine 2 (Station 2): 19.65
		Vehicle arrival at machine station: 532.1400000000001
		Waiting time until machine travel: 0.0

		Machine travel start time: 532.1400000000001
		Region 1 -> Region 0: 5.0
		Machine arrival at machine station: 537.1400000000001

		Machine 2 (Station 1)-> Task 3: 23.26
		Vehicle arrival at task: 560.4000000000001
		Waiting time until service start time: 0.0

	id: 3
		node: 3
		(x, y, z): (55, 45, 0)
		dem: 13
		earl: 0
		lat: 967
		servt: 10
		pid: 0
		did: 100
		servST: 560.4000000000001
		(h, h_ind): (2, 7)
		load: 29.0

	Finished service at time: 570.4000000000001

	Task 3 -> Task 43: 52.8
	Vehicle arrival at task: 623.2
	Waiting time until service start time: 0.0

	id: 43
		node: 12
		(x, y, z): (23, 3, 0)
		dem: -7
		earl: 620
		lat: 705
		servt: 10
		pid: 2
		did: 0
		servST: 623.2
		(h, h_ind): (-1, 0)
		load: 22.0

	Finished service at time: 633.2

	Using Machine: 3
		Task 43 -> Machine 3 (Station 1): 36.24
		Vehicle arrival at machine station: 669.44
		Waiting time until machine travel: 0.0

		Machine travel start time: 669.44
		Region 0 -> Region 1: 5.0
		Machine arrival at machine station: 674.44

		Machine 3 (Station 2)-> Task 12: 10.0
		Vehicle arrival at task: 684.44
		Waiting time until service start time: 0.0

	id: 12
		node: 7
		(x, y, z): (50, 35, 1)
		dem: 19
		earl: 0
		lat: 975
		servt: 10
		pid: 0
		did: 26
		servST: 684.44
		(h, h_ind): (3, 2)
		load: 41.0

	Finished service at time: 694.44

	Using Machine: 3
		Task 12 -> Machine 3 (Station 2): 10.0
		Vehicle arrival at machine station: 704.44
		Waiting time until machine travel: 0.0

		Machine travel start time: 704.44
		Region 1 -> Region 2: 5.0
		Machine arrival at machine station: 709.44

		Machine 3 (Station 3)-> Task 55: 25.94
		Vehicle arrival at task: 735.3800000000001
		Waiting time until service start time: 0.0

	id: 55
		node: 14
		(x, y, z): (63, 23, 2)
		dem: -9
		earl: 620
		lat: 739
		servt: 10
		pid: 8
		did: 0
		servST: 735.3800000000001
		(h, h_ind): (3, 3)
		load: 32.0

	Finished service at time: 745.3800000000001

	Using Machine: 3
		Task 55 -> Machine 3 (Station 3): 25.94
		Vehicle arrival at machine station: 771.3200000000002
		Waiting time until machine travel: -0.0

		Machine travel start time: 771.32
		Region 2 -> Region 3: 5.0
		Machine arrival at machine station: 776.32

		Machine 3 (Station 4)-> Task 26: 7.07
		Vehicle arrival at task: 783.3900000000001
		Waiting time until service start time: 0.0

	id: 26
		node: 17
		(x, y, z): (45, 30, 3)
		dem: -19
		earl: 0
		lat: 978
		servt: 10
		pid: 12
		did: 0
		servST: 783.3900000000001
		(h, h_ind): (3, 4)
		load: 13.0

	Finished service at time: 793.3900000000001

	Task 26 -> Task 13: 15.81
	Vehicle arrival at task: 809.2
	Waiting time until service start time: 0.0

	id: 13
		node: 8
		(x, y, z): (30, 25, 3)
		dem: 23
		earl: 690
		lat: 827
		servt: 10
		pid: 0
		did: 60
		servST: 809.2
		(h, h_ind): (-1, 0)
		load: 36.0

	Finished service at time: 819.2

	Using Machine: 2
		Task 13 -> Machine 2 (Station 4): 10.77
		Vehicle arrival at machine station: 829.97
		Waiting time until machine travel: 0.0

		Machine travel start time: 829.97
		Region 3 -> Region 0: 15.0
		Machine arrival at machine station: 844.97

		Machine 2 (Station 1)-> Task 60: 17.03
		Vehicle arrival at task: 862.0
		Waiting time until service start time: 0.0

	id: 60
		node: 18
		(x, y, z): (17, 34, 0)
		dem: -23
		earl: 721
		lat: 862
		servt: 10
		pid: 13
		did: 0
		servST: 862.0
		(h, h_ind): (2, 8)
		load: 13.0

	Finished service at time: 872.0

	Using Machine: 2
		Task 60 -> Machine 2 (Station 1): 17.03
		Vehicle arrival at machine station: 889.03
		Waiting time until machine travel: 0.0

		Machine travel start time: 889.03
		Region 0 -> Region 1: 5.0
		Machine arrival at machine station: 894.03

		Machine 2 (Station 2)-> Task 100: 23.35
		Vehicle arrival at task: 917.38
		Waiting time until service start time: 0.0

	id: 100
		node: 13
		(x, y, z): (18, 18, 1)
		dem: -13
		earl: 798
		lat: 965
		servt: 10
		pid: 3
		did: 0
		servST: 917.38
		(h, h_ind): (2, 9)
		load: 0.0

	Finished service at time: 927.38

	Using Machine: 2
		Task 100 -> Machine 2 (Station 2): 23.35
		Vehicle arrival at machine station: 950.73
		Waiting time until machine travel: 0.0

		Machine travel start time: 950.73
		Region 1 -> Region 0: 5.0
		Machine arrival at machine station: 955.73

		Machine 2 (Station 1)-> Task 0: 1.0
		Vehicle arrival at task: 956.73
		Waiting time until service start time: 0.0

	id: 0
		node: 22
		(x, y, z): (35, 35, 0)
		dem: 0
		earl: 0
		lat: 1000
		servt: 0
		pid: 0
		did: 0
		servST: 956.73
		(h, h_ind): (2, 10)
		load: 0.0


---------------------| MACHINES |---------------------

Machine 0 :
	setup duration: 0.0

	vehicle: 8
	vehicleInd: 2
	(orig, dest): (0, 2)
	(origRegion, destRegion): (0, 2)
	st: 147.74000000000012
	duration: 10.0

	setup duration: 0.0

	vehicle: 2
	vehicleInd: 6
	(orig, dest): (51, 0)
	(origRegion, destRegion): (2, 0)
	st: 485.1400000000001
	duration: 10.0


Machine 1 :
	setup duration: 0.0

	vehicle: 7
	vehicleInd: 2
	(orig, dest): (0, 9)
	(origRegion, destRegion): (0, 1)
	st: 364.77
	duration: 5.0

	setup duration: 5.0

	vehicle: 2
	vehicleInd: 4
	(orig, dest): (19, 81)
	(origRegion, destRegion): (0, 2)
	st: 396.0100000000001
	duration: 10.0


Machine 2 :
	setup duration: 0.0

	vehicle: 2
	vehicleInd: 2
	(orig, dest): (0, 11)
	(origRegion, destRegion): (0, 2)
	st: 224.42000000000007
	duration: 10.0

	setup duration: 0.0

	vehicle: 8
	vehicleInd: 4
	(orig, dest): (14, 44)
	(origRegion, destRegion): (2, 1)
	st: 248.36000000000013
	duration: 5.0

	setup duration: 5.0

	vehicle: 2
	vehicleInd: 3
	(orig, dest): (11, 19)
	(origRegion, destRegion): (2, 0)
	st: 310.6400000000001
	duration: 10.0

	setup duration: 5.0

	vehicle: 8
	vehicleInd: 5
	(orig, dest): (44, 16)
	(origRegion, destRegion): (1, 3)
	st: 325.6400000000001
	duration: 10.0

	setup duration: 0.0

	vehicle: 8
	vehicleInd: 6
	(orig, dest): (16, 8)
	(origRegion, destRegion): (3, 0)
	st: 402.2400000000001
	duration: 15.0

	setup duration: 0.0

	vehicle: 8
	vehicleInd: 7
	(orig, dest): (8, 5)
	(origRegion, destRegion): (0, 1)
	st: 477.84000000000015
	duration: 5.0

	setup duration: 0.0

	vehicle: 8
	vehicleInd: 8
	(orig, dest): (5, 3)
	(origRegion, destRegion): (1, 0)
	st: 532.1400000000001
	duration: 5.0

	setup duration: 15.0

	vehicle: 8
	vehicleInd: 14
	(orig, dest): (13, 60)
	(origRegion, destRegion): (3, 0)
	st: 829.97
	duration: 15.0

	setup duration: 0.0

	vehicle: 8
	vehicleInd: 15
	(orig, dest): (60, 100)
	(origRegion, destRegion): (0, 1)
	st: 889.03
	duration: 5.0

	setup duration: 0.0

	vehicle: 8
	vehicleInd: 16
	(orig, dest): (100, 0)
	(origRegion, destRegion): (1, 0)
	st: 950.73
	duration: 5.0


Machine 3 :
	setup duration: 5.0

	vehicle: 7
	vehicleInd: 3
	(orig, dest): (9, 90)
	(origRegion, destRegion): (1, 0)
	st: 439.15
	duration: 5.0

	setup duration: 0.0

	vehicle: 8
	vehicleInd: 10
	(orig, dest): (43, 12)
	(origRegion, destRegion): (0, 1)
	st: 669.44
	duration: 5.0

	setup duration: 0.0

	vehicle: 8
	vehicleInd: 11
	(orig, dest): (12, 55)
	(origRegion, destRegion): (1, 2)
	st: 704.44
	duration: 5.0

	setup duration: 0.0

	vehicle: 8
	vehicleInd: 12
	(orig, dest): (55, 26)
	(origRegion, destRegion): (2, 3)
	st: 771.32
	duration: 5.0


-------------------| COMPL. TIMES |-------------------

Vehicle 0 : 0.0
Vehicle 1 : 0.0
Vehicle 2 : 272.72
Vehicle 3 : 0.0
Vehicle 4 : 0.0
Vehicle 5 : 0.0
Vehicle 6 : 0.0
Vehicle 7 : 157.87
Vehicle 8 : 809.9899999999999
Vehicle 9 : 0.0
-------------------| STATISTICS |-------------------

    Vehicles used                           : 30.0
    Machines used                           : 100.0
    Max load (vehicles)                     : 89.1304
    Min load (vehicles)                     : 34.7826
    Mean load (vehicles)                    : 62.3188
    Min completion time                     : 15.787
    Max completion time                     : 80.999
    Mean completion time                    : 41.3527
    Avrg travel time (with vehicle)         : 4.375
    Avrg travel time (only with vehicle)    : 3.5
    Avrg travel time (no vehicle)           : 0.875
    Avrg waiting time (machine travel)      : 0.0
    Avrg waiting time (service)             : 0.1752
    Machines travel times (with vehicle)    : [2.0, 2.0, 11.0, 2.5]
    Machines travel times (no vehicle)      : [0.0, 0.5, 2.5, 0.5]
    Max load per vehicle                    : [0.0, 0.0, 63.0435, 0.0, 0.0, 0.0, 0.0, 34.7826, 89.1304, 0.0]

----------------------------------------------------

TOTAL: 1240.58

Everything is awesome!
