-------------------| STATISTICS |-------------------

Vehicles used                           : 26.6667
Machines used                           : 100.0
Max load (vehicles)                     : 97.4359
Min load (vehicles)                     : 27.6923
Mean load (vehicles)                    : 70.9615
Min completion time                     : 25.7271
Max completion time                     : 99.9227
Mean completion time                    : 76.5703
Avrg travel time (with vehicle)         : 6.1009
Avrg travel time (only with vehicle)    : 4.0155
Avrg travel time (no vehicle)           : 2.0855
Avrg waiting time (machine travel)      : 0.4973
Avrg waiting time (service)             : 16.0449
Machines travel times (with vehicle)    : [5.3565, 10.2019, 9.9685, 3.4006, 1.5773]
Machines travel times (no vehicle)      : [1.3391, 4.2508, 3.9874, 0.8502, 0.0]
Max load per vehicle                    : [0.0, 0.0, 0.0, 0.0, 0.0, 92.3077, 27.6923, 0.0, 0.0, 56.9231, 0.0, 86.1538, 0.0, 0.0, 96.1538, 0.0, 0.0, 0.0, 96.1538, 97.4359, 0.0, 0.0, 43.5897, 0.0, 0.0, 92.3077, 0.0, 0.0, 0.0, 0.0, 0.0, 0.0, 69.2308, 47.4359, 0.0, 0.0, 0.0, 0.0, 0.0, 96.9231, 67.3077, 0.0, 0.0, 0.0, 0.0, 0.0, 0.0, 0.0, 0.0, 61.5385, 0.0, 0.0, 0.0, 60.0, 0.0, 44.2308, 0.0, 0.0, 0.0, 0.0]

----------------------------------------------------

TOTAL: 7767.29

Everything is awesome!
