Set parameter WLSAccessID
Set parameter WLSSecret
Set parameter LicenseID to value 2661775
Academic license 2661775 - for non-commercial use only - registered to me___@dcc.ufba.br
Loading line 2: methodType heur
Loading line 3: methodCode mslp
Loading line 4: seed 0
Loading line 5: threads 1
Loading line 6: greedy_service_order random
Loading line 7: outputFlagGrbMSLP 0
Loading line 8: mslpa 60000
Loading line 9: mslpr I
Loading line 10: maxtime 3600
Loading line 11: output ./logs/
Loading line 12: printsol 1
Loading line 13: solverMethod A
Instance: LR1_2_8_t1_40R_40V_02F_06M

[19:58:53.522] Running Data.readData with file /dados/rmelo/PDPTW-SE/benchmark_multi_floor_v3/official_experiments/multistartlp/preliminar/set_01_pt_02/../../../../instances/orig_ams_fg/40R_40V_02F_06M/t1/LR1_2_8/
vehicles: Vehicle[Vehicle(0, 58), Vehicle(1, 72), Vehicle(2, 86), Vehicle(3, 86), Vehicle(4, 58), Vehicle(5, 86), Vehicle(6, 72), Vehicle(7, 86), Vehicle(8, 58), Vehicle(9, 86), Vehicle(10, 72), Vehicle(11, 72), Vehicle(12, 86), Vehicle(13, 58), Vehicle(14, 58), Vehicle(15, 86), Vehicle(16, 72), Vehicle(17, 58), Vehicle(18, 72), Vehicle(19, 72), Vehicle(20, 72), Vehicle(21, 58), Vehicle(22, 58), Vehicle(23, 58), Vehicle(24, 86), Vehicle(25, 58), Vehicle(26, 86), Vehicle(27, 58), Vehicle(28, 72), Vehicle(29, 86), Vehicle(30, 86), Vehicle(31, 58), Vehicle(32, 58), Vehicle(33, 58), Vehicle(34, 86), Vehicle(35, 86), Vehicle(36, 58), Vehicle(37, 72), Vehicle(38, 58), Vehicle(39, 72)]
vehicle_types: Vehicle[Vehicle(0, 58), Vehicle(1, 72), Vehicle(2, 86)]
Machine[Machine(0, Point[Point(72, 70, 0), Point(72, 70, 1)], 0.2), Machine(1, Point[Point(74, 70, 0), Point(74, 70, 1)], 0.2), Machine(2, Point[Point(76, 70, 0), Point(76, 70, 1)], 0.2), Machine(3, Point[Point(68, 70, 0), Point(68, 70, 1)], 0.2), Machine(4, Point[Point(78, 70, 0), Point(78, 70, 1)], 0.2), Machine(5, Point[Point(66, 70, 0), Point(66, 70, 1)], 0.2)]
refs: [1, 2, 3, 4, 6, 8, 9, 11, 12, 14, 19, 20, 21, 22, 23, 25, 26, 28, 30, 31, 32, 33, 34, 35, 38, 39, 40, 42, 43, 45, 46, 47, 49, 50, 52, 53, 54, 55, 57, 59, 60, 66, 81, 36, 77, 44, 27, 56, 75, 17, 67, 63, 73, 79, 48, 41, 62, 24, 5, 70, 71, 13, 72, 7, 15, 58, 51, 69, 65, 64, 61, 78, 16, 18, 74, 76, 68, 37, 29, 80, 10, 1]
V: [1, 2, 3, 4, 5, 6, 7, 8, 9, 10, 11, 12, 13, 14, 15, 16, 17, 18, 19, 20, 21, 22, 23, 24, 25, 26, 27, 28, 29, 30, 31, 32, 33, 34, 35, 36, 37, 38, 39, 40, 41, 42, 43, 44, 45, 46, 47, 48, 49, 50, 51, 52, 53, 54, 55, 56, 57, 58, 59, 60, 61, 62, 63, 64, 65, 66, 67, 68, 69, 70, 71, 72, 73, 74, 75, 76, 77, 78, 79, 80, 81]
V_p: [2, 3, 4, 5, 6, 7, 8, 9, 10, 11, 12, 13, 14, 15, 16, 17, 18, 19, 20, 21, 22, 23, 24, 25, 26, 27, 28, 29, 30, 31, 32, 33, 34, 35, 36, 37, 38, 39, 40, 41]
V_d: [42, 43, 44, 45, 46, 47, 48, 49, 50, 51, 52, 53, 54, 55, 56, 57, 58, 59, 60, 61, 62, 63, 64, 65, 66, 67, 68, 69, 70, 71, 72, 73, 74, 75, 76, 77, 78, 79, 80, 81]
Vprime: [1, 2, 3, 4, 5, 6, 7, 8, 9, 10, 11, 12, 13, 14, 15, 16, 17, 18, 19, 20, 21, 22, 23, 24, 25, 26, 27, 28, 29, 30, 31, 32, 33, 34, 35, 36, 37, 38, 39, 40, 41, 42, 43, 44, 45, 46, 47, 48, 49, 50, 51, 52, 53, 54, 55, 56, 57, 58, 59, 60, 61, 62, 63, 64, 65, 66, 67, 68, 69, 70, 71, 72, 73, 74, 75, 76, 77, 78, 79, 80, 81, 82]
V: [1, 2, 3, 4, 5, 6, 7, 8, 9, 10, 11, 12, 13, 14, 15, 16, 17, 18, 19, 20, 21, 22, 23, 24, 25, 26, 27, 28, 29, 30, 31, 32, 33, 34, 35, 36, 37, 38, 39, 40, 41, 42, 43, 44, 45, 46, 47, 48, 49, 50, 51, 52, 53, 54, 55, 56, 57, 58, 59, 60, 61, 62, 63, 64, 65, 66, 67, 68, 69, 70, 71, 72, 73, 74, 75, 76, 77, 78, 79, 80, 81]
q: [0, 34, 8, 39, 14, 16, 27, 13, 24, 43, 13, 8, 30, 12, 7, 18, 33, 12, 15, 9, 23, 17, 23, 9, 35, 18, 32, 9, 31, 26, 9, 27, 12, 10, 1, 6, 36, 17, 33, 21, 4, -34, -8, -39, -14, -16, -27, -13, -24, -43, -13, -8, -30, -12, -7, -18, -33, -12, -15, -9, -23, -17, -23, -9, -35, -18, -32, -9, -31, -26, -9, -27, -12, -10, -1, -6, -36, -17, -33, -21, -4, 0]
H: [1, 2, 3, 4, 5, 6]
f: [[1, 1, 1, 1, 1, 1], [2, 2, 2, 2, 2, 2], [1, 1, 1, 1, 1, 1], [2, 2, 2, 2, 2, 2], [1, 1, 1, 1, 1, 1], [2, 2, 2, 2, 2, 2], [2, 2, 2, 2, 2, 2], [2, 2, 2, 2, 2, 2], [2, 2, 2, 2, 2, 2], [2, 2, 2, 2, 2, 2], [1, 1, 1, 1, 1, 1], [2, 2, 2, 2, 2, 2], [1, 1, 1, 1, 1, 1], [1, 1, 1, 1, 1, 1], [1, 1, 1, 1, 1, 1], [2, 2, 2, 2, 2, 2], [2, 2, 2, 2, 2, 2], [1, 1, 1, 1, 1, 1], [1, 1, 1, 1, 1, 1], [1, 1, 1, 1, 1, 1], [1, 1, 1, 1, 1, 1], [1, 1, 1, 1, 1, 1], [2, 2, 2, 2, 2, 2], [2, 2, 2, 2, 2, 2], [2, 2, 2, 2, 2, 2], [1, 1, 1, 1, 1, 1], [1, 1, 1, 1, 1, 1], [2, 2, 2, 2, 2, 2], [1, 1, 1, 1, 1, 1], [2, 2, 2, 2, 2, 2], [1, 1, 1, 1, 1, 1], [2, 2, 2, 2, 2, 2], [1, 1, 1, 1, 1, 1], [2, 2, 2, 2, 2, 2], [2, 2, 2, 2, 2, 2], [2, 2, 2, 2, 2, 2], [1, 1, 1, 1, 1, 1], [2, 2, 2, 2, 2, 2], [1, 1, 1, 1, 1, 1], [1, 1, 1, 1, 1, 1], [1, 1, 1, 1, 1, 1], [2, 2, 2, 2, 2, 2], [1, 1, 1, 1, 1, 1], [1, 1, 1, 1, 1, 1], [1, 1, 1, 1, 1, 1], [1, 1, 1, 1, 1, 1], [1, 1, 1, 1, 1, 1], [1, 1, 1, 1, 1, 1], [1, 1, 1, 1, 1, 1], [1, 1, 1, 1, 1, 1], [2, 2, 2, 2, 2, 2], [1, 1, 1, 1, 1, 1], [2, 2, 2, 2, 2, 2], [1, 1, 1, 1, 1, 1], [2, 2, 2, 2, 2, 2], [1, 1, 1, 1, 1, 1], [1, 1, 1, 1, 1, 1], [1, 1, 1, 1, 1, 1], [2, 2, 2, 2, 2, 2], [2, 2, 2, 2, 2, 2], [2, 2, 2, 2, 2, 2], [1, 1, 1, 1, 1, 1], [1, 1, 1, 1, 1, 1], [1, 1, 1, 1, 1, 1], [2, 2, 2, 2, 2, 2], [1, 1, 1, 1, 1, 1], [2, 2, 2, 2, 2, 2], [1, 1, 1, 1, 1, 1], [1, 1, 1, 1, 1, 1], [2, 2, 2, 2, 2, 2], [2, 2, 2, 2, 2, 2], [1, 1, 1, 1, 1, 1], [2, 2, 2, 2, 2, 2], [1, 1, 1, 1, 1, 1], [1, 1, 1, 1, 1, 1], [1, 1, 1, 1, 1, 1], [1, 1, 1, 1, 1, 1], [1, 1, 1, 1, 1, 1], [1, 1, 1, 1, 1, 1], [1, 1, 1, 1, 1, 1], [1, 1, 1, 1, 1, 1], [1, 1, 1, 1, 1, 1]]
1 1 1 -> 0.0
1 2 1 -> 5.0
2 1 1 -> 5.0
2 2 1 -> 0.0
1 1 2 -> 0.0
1 2 2 -> 5.0
2 1 2 -> 5.0
2 2 2 -> 0.0
1 1 3 -> 0.0
1 2 3 -> 5.0
2 1 3 -> 5.0
2 2 3 -> 0.0
1 1 4 -> 0.0
1 2 4 -> 5.0
2 1 4 -> 5.0
2 2 4 -> 0.0
1 1 5 -> 0.0
1 2 5 -> 5.0
2 1 5 -> 5.0
2 2 5 -> 0.0
1 1 6 -> 0.0
1 2 6 -> 5.0
2 1 6 -> 5.0
2 2 6 -> 0.0
o: (1, 2, 1) => 5.0
o: (1, 2, 5) => 5.0
o: (1, 2, 3) => 5.0
o: (1, 1, 2) => 0.0
o: (2, 2, 6) => 0.0
o: (2, 1, 4) => 5.0
o: (1, 2, 2) => 5.0
o: (1, 1, 6) => 0.0
o: (2, 1, 1) => 5.0
o: (2, 1, 5) => 5.0
o: (2, 1, 3) => 5.0
o: (2, 2, 4) => 0.0
o: (1, 2, 6) => 5.0
o: (2, 2, 1) => 0.0
o: (2, 2, 5) => 0.0
o: (2, 2, 3) => 0.0
o: (2, 1, 2) => 5.0
o: (1, 1, 4) => 0.0
o: (1, 1, 1) => 0.0
o: (1, 1, 5) => 0.0
o: (1, 1, 3) => 0.0
o: (1, 2, 4) => 5.0
o: (2, 2, 2) => 0.0
o: (2, 1, 6) => 5.0

[130, 828, 818, 740, 730, 735, 645, 6]
JOBS in the order of refs (Vprime)
Node 1: Job(0, Point(70, 70, 0), 0, 0, 634, 0, 0, 0)
Node 2: Job(1, Point(107, 77, 1), 34, 0, 587, 10, 0, 103)
Node 3: Job(2, Point(109, 139, 0), 8, 0, 545, 10, 0, 200)
Node 4: Job(3, Point(120, 22, 1), 39, 114, 144, 10, 0, 50)
Node 5: Job(6, Point(12, 138, 0), 14, 275, 305, 10, 0, 173)
Node 6: Job(12, Point(12, 84, 1), 16, 0, 565, 10, 0, 58)
Node 7: Job(13, Point(44, 116, 1), 27, 0, 572, 10, 0, 38)
Node 8: Job(15, Point(41, 36, 1), 13, 51, 81, 10, 0, 70)
Node 9: Job(16, Point(132, 133, 1), 24, 0, 536, 10, 0, 170)
Node 10: Job(21, Point(138, 78, 1), 43, 0, 556, 10, 0, 26)
Node 11: Job(29, Point(20, 69, 0), 13, 378, 408, 10, 0, 110)
Node 12: Job(30, Point(64, 132, 1), 8, 62, 92, 10, 0, 83)
Node 13: Job(31, Point(115, 82, 0), 30, 0, 578, 10, 0, 154)
Node 14: Job(33, Point(30, 21, 0), 12, 0, 561, 10, 0, 186)
Node 15: Job(34, Point(63, 129, 0), 7, 206, 236, 10, 0, 62)
Node 16: Job(36, Point(108, 30, 1), 18, 0, 569, 10, 0, 55)
Node 17: Job(37, Point(37, 73, 1), 33, 0, 591, 10, 0, 82)
Node 18: Job(40, Point(92, 138, 0), 12, 402, 432, 10, 0, 35)
Node 19: Job(43, Point(13, 48, 0), 15, 0, 563, 10, 0, 4)
Node 20: Job(44, Point(113, 35, 0), 9, 0, 569, 10, 0, 137)
Node 21: Job(45, Point(60, 84, 0), 23, 0, 607, 10, 0, 138)
Node 22: Job(47, Point(8, 87, 0), 17, 0, 560, 10, 0, 19)
Node 23: Job(48, Point(116, 105, 1), 23, 0, 567, 10, 0, 148)
Node 24: Job(49, Point(117, 4, 1), 9, 0, 543, 10, 0, 7)
Node 25: Job(52, Point(58, 95, 1), 35, 485, 515, 10, 0, 24)
Node 26: Job(53, Point(103, 119, 0), 18, 0, 565, 10, 0, 76)
Node 27: Job(54, Point(32, 52, 0), 32, 0, 582, 10, 0, 65)
Node 28: Job(56, Point(54, 41, 1), 9, 0, 591, 10, 0, 129)
Node 29: Job(57, Point(39, 100, 0), 31, 0, 581, 10, 0, 97)
Node 30: Job(59, Point(67, 96, 1), 26, 0, 598, 10, 0, 88)
Node 31: Job(60, Point(73, 96, 0), 9, 0, 598, 10, 0, 81)
Node 32: Job(61, Point(112, 13, 1), 27, 0, 554, 10, 0, 180)
Node 33: Job(63, Point(103, 44, 0), 12, 42, 72, 10, 0, 25)
Node 34: Job(64, Point(97, 12, 1), 10, 0, 561, 10, 0, 27)
Node 35: Job(66, Point(140, 36, 1), 1, 0, 547, 10, 0, 158)
Node 36: Job(67, Point(90, 44, 1), 6, 52, 82, 10, 0, 172)
Node 37: Job(68, Point(113, 32, 0), 36, 144, 174, 10, 0, 116)
Node 38: Job(69, Point(104, 73, 1), 17, 0, 590, 10, 0, 51)
Node 39: Job(75, Point(88, 29, 0), 33, 550, 580, 10, 0, 41)
Node 40: Job(77, Point(10, 111, 0), 21, 0, 552, 10, 0, 198)
Node 41: Job(79, Point(113, 45, 0), 4, 0, 575, 10, 0, 14)
Node 42: Job(103, Point(103, 82, 1), -34, 0, 589, 10, 1, 0)
Node 43: Job(200, Point(95, 135, 0), -8, 401, 431, 10, 2, 0)
Node 44: Job(50, Point(140, 42, 0), -39, 0, 549, 10, 3, 0)
Node 45: Job(173, Point(33, 117, 0), -14, 0, 565, 10, 6, 0)
Node 46: Job(58, Point(5, 99, 0), -16, 0, 553, 10, 12, 0)
Node 47: Job(38, Point(50, 112, 0), -27, 0, 578, 10, 13, 0)
Node 48: Job(70, Point(36, 38, 0), -13, 0, 578, 10, 15, 0)
Node 49: Job(170, Point(136, 123, 0), -24, 319, 349, 10, 16, 0)
Node 50: Job(26, Point(139, 73, 0), -43, 0, 555, 10, 21, 0)
Node 51: Job(110, Point(34, 72, 1), -13, 0, 588, 10, 29, 0)
Node 52: Job(83, Point(51, 92, 0), -8, 0, 595, 10, 30, 0)
Node 53: Job(154, Point(86, 80, 1), -30, 0, 606, 10, 31, 0)
Node 54: Job(186, Point(15, 18, 0), -12, 0, 549, 10, 33, 0)
Node 55: Job(62, Point(55, 127, 1), -7, 0, 566, 10, 34, 0)
Node 56: Job(55, Point(89, 39, 0), -18, 0, 588, 10, 36, 0)
Node 57: Job(82, Point(10, 86, 0), -33, 0, 562, 10, 37, 0)
Node 58: Job(35, Point(82, 100, 0), -12, 0, 592, 10, 40, 0)
Node 59: Job(4, Point(48, 47, 1), -15, 0, 593, 10, 43, 0)
Node 60: Job(137, Point(104, 32, 1), -9, 0, 574, 10, 44, 0)
Node 61: Job(138, Point(55, 102, 1), -23, 0, 589, 10, 45, 0)
Node 62: Job(19, Point(22, 104, 0), -17, 0, 566, 10, 47, 0)
Node 63: Job(148, Point(123, 84, 0), -23, 0, 570, 10, 48, 0)
Node 64: Job(7, Point(86, 40, 0), -9, 0, 590, 10, 49, 0)
Node 65: Job(24, Point(66, 82, 1), -35, 0, 612, 10, 52, 0)
Node 66: Job(76, Point(109, 131, 0), -18, 226, 256, 10, 53, 0)
Node 67: Job(65, Point(16, 62, 1), -32, 0, 570, 10, 54, 0)
Node 68: Job(129, Point(23, 39, 0), -9, 0, 568, 10, 56, 0)
Node 69: Job(97, Point(58, 80, 0), -31, 0, 609, 10, 57, 0)
Node 70: Job(88, Point(69, 116, 1), -26, 0, 578, 10, 59, 0)
Node 71: Job(81, Point(85, 75, 1), -9, 0, 609, 10, 60, 0)
Node 72: Job(180, Point(106, 10, 0), -27, 0, 555, 10, 61, 0)
Node 73: Job(25, Point(107, 25, 1), -12, 0, 566, 10, 63, 0)
Node 74: Job(27, Point(101, 0, 0), -10, 0, 548, 10, 64, 0)
Node 75: Job(158, Point(120, 47, 0), -1, 0, 569, 10, 66, 0)
Node 76: Job(172, Point(120, 52, 0), -6, 374, 404, 10, 67, 0)
Node 77: Job(116, Point(110, 28, 0), -36, 305, 335, 10, 68, 0)
Node 78: Job(51, Point(139, 68, 0), -17, 0, 555, 10, 69, 0)
Node 79: Job(41, Point(81, 36, 0), -33, 0, 589, 10, 75, 0)
Node 80: Job(198, Point(27, 104, 0), -21, 0, 570, 10, 77, 0)
Node 81: Job(14, Point(102, 52, 0), -4, 0, 588, 10, 79, 0)
Node 82: Job(0, Point(70, 70, 0), 0, 0, 634, 0, 0, 0)

### Preprocessing Data ###
	-> arcs: 6724 (100.0%)
	-> arc_removals: 2029 (30.18%)
	-> arc_removals_is_loop: 82 (1.22%)
	-> arc_removals_is_delivery_to_pickup: 42 (0.62%)
	-> arc_removals_is_depot_begin_to_delivery: 40 (0.59%)
	-> arc_removals_is_pickup_to_depot_end: 40 (0.59%)
	-> arc_removals_is_dest_depot_begin: 80 (1.19%)
	-> arc_removals_is_orig_depot_end: 79 (1.17%)
	-> arc_removals_is_capacity_violated: 0 (0.0%)
	-> arc_removals_is_time_window_limited: 991 (14.74%)
	-> arc_removals_is_time_window_pairing_limited: 620 (9.22%)
	-> arc_removals_is_indirect_request_service_impossible: 55 (0.82%)
	-> gamma_vars: 0 (0%)
	-> feas_gamma_vars: 0 (0%)
	-> infeas_gamma_vars_is_next_mtrv_unreachable: 0 (0%)
	-> infeas_gamma_vars_is_iprime_jprime_eq_i_j: 0 (0%)
	-> machine_removal_for_an_arc: 0 (0.0%)
##########################

[19:59:03.197] Print configuration
------------------------------------------------------
"
[19:59:03.197] Running Multi Start Heuristic"
> Experiment started at 2025-10-03T19:59:03.197
> Instance: LR1_2_8_t1_40R_40V_02F_06M
> Algorithm Parameters:


	>Stop params:
		>  - rule ITERATIONS
		>  - argument 60000.0
		>  - maximum_time 3600

	>General params:
		>  - instPath /dados/rmelo/PDPTW-SE/benchmark_multi_floor_v3/official_experiments/multistartlp/preliminar/set_01_pt_02/../../../../instances/orig_ams_fg/40R_40V_02F_06M/t1/LR1_2_8/
		>  - name LR1_2_8
		>  - type t1
		>  - group 40R_40V_02F_06M
		>  - fullname LR1_2_8_t1_40R_40V_02F_06M
		>  - methodType heur
		>  - methodCode mslp
		>  - genconfigfile /dados/rmelo/PDPTW-SE/benchmark_multi_floor_v3/official_experiments/multistartlp/preliminar/set_01_pt_02/configs/genconfig_mslp.conf
		>  - genconfigfilename genconfig_mslp
		>  - greedy_service_order random
		>  - cutoff 0
		>  - cutoffmachs 6
		>  - num_machs 0
		>  - solver Gurobi
		>  - maxtime 3600
		>  - gurobiCuts 1
		>  - typeUserCut 0
		>  - mipPresolve -1
		>  - printsol 1
		>  - maxnodes -1
		>  - elevator 1
		>  - make_instance_feasible false
		>  - output /dados/rmelo/PDPTW-SE/benchmark_multi_floor_v3/official_experiments/multistartlp/preliminar/set_01_pt_02/logs
		>  - suff_outputs _seed_108_alpha_15p
		>  - suff_csv _bash_3
		>  - epsilon 0.005
		>  - epsilonCap 0.5
		>  - warmStart false
		>  - seed 108
		>  - rng Random.MersenneTwister(108)
		>  - alpha 0.15
		>  - maxiter 1000000
		>  - outputFlagGrbMIP 0
		>  - outputFlagGrbMSLP 0
		>  - outputFlagGrbLMNS 0
		>  - mslpr I
		>  - mslpa 60000
		>  - lmnsr M
		>  - lmnsa 60
		>  - lmnsRepairTime 30.0
		>  - lmnsMIPFocus 0
		>  - lmnsGapToBiggerDestruction 50
		>  - lmnsGapToSmallerDestruction 95
		>  - lmnsWeightShawDistProx 1.0
		>  - lmnsWeightShawEarlProx 1.0
		>  - lmnsWeightShawSameRoute 1.0
		>  - lmnsWeightShawDemandSim 1.0
		>  - lmnsReqRApplyMIPStart true
		>  - lmnsAcceptanceCriteria H
		>  - lmnsMetropolisTemp 100.0
		>  - lmnsSimulatedAnnealingTemp 100.0
		>  - lmnsSimulatedAnnealingCool 0.95
		>  - mipmaxtime 3600
		>  - csvfilename /dados/rmelo/PDPTW-SE/benchmark_multi_floor_v3/official_experiments/multistartlp/preliminar/set_01_pt_02/logs/heur_mslp/outputs/csvresults_heur_mslp_bash_3.csv
		>  - solfilename /dados/rmelo/PDPTW-SE/benchmark_multi_floor_v3/official_experiments/multistartlp/preliminar/set_01_pt_02/logs/heur_mslp/solutions/40R_40V_02F_06M/LR1_2_8_sol_genconfig_mslp_seed_108_alpha_15p.txt
		>  - timelineFilename /dados/rmelo/PDPTW-SE/benchmark_multi_floor_v3/official_experiments/multistartlp/preliminar/set_01_pt_02/logs/heur_mslp/timelines/40R_40V_02F_06M/LR1_2_8_timeline_genconfig_mslp_seed_108_alpha_15p.txt
		>  - grbFilename /dados/rmelo/PDPTW-SE/benchmark_multi_floor_v3/official_experiments/multistartlp/preliminar/set_01_pt_02/logs/heur_mslp/gurobi/40R_40V_02F_06M/LR1_2_8_grb_genconfig_mslp_seed_108_alpha_15p.log
		>  - threads 1
		>  - solverMethod AUTOMATIC

------------------------------------------------------
objValue;greedysol;iteration;time
5910.31;5960.44;1;0.019482
5861.32;5952.32;5;0.423745
5790.99;6055.18;7;0.463607
5618.02;5701.58;9;0.545217
5521.09;5686.66;26;1.131010
5225.91;5288.07;53;1.749526
4983.93;5299.09;111;3.099242
4743.59;4787.81;1841;42.596760
4673.20;4897.27;52372;1197.608890

[20:21:55.19] Finished running MSLP

[20:21:55.19] Post running MSLP
Best solution value: 4673.20
Total time elapsed: 1371.889570
Time to best: 1197.608890
Iterations: 60000
Iterations to best: 52372
Improvements: 9
Infeasible solutions percentage: (0 / 60000) = 0.0000 %
(LP improvements)/(LP runs) = 60000/60000 = 100.0000 %
Mean LP improvement percentage: 2.3460 %
[20:21:55.508] Writing results to CSV file: /dados/rmelo/PDPTW-SE/benchmark_multi_floor_v3/official_experiments/multistartlp/preliminar/set_01_pt_02/logs/heur_mslp/outputs/csvresults_heur_mslp_bash_3.csv

[20:21:57.478] Saving solution to file:/dados/rmelo/PDPTW-SE/benchmark_multi_floor_v3/official_experiments/multistartlp/preliminar/set_01_pt_02/logs/heur_mslp/solutions/40R_40V_02F_06M/LR1_2_8_sol_genconfig_mslp_seed_108_alpha_15p.txt

[20:21:57.478] Saving solution timeline to file: /dados/rmelo/PDPTW-SE/benchmark_multi_floor_v3/official_experiments/multistartlp/preliminar/set_01_pt_02/logs/heur_mslp/timelines/40R_40V_02F_06M/LR1_2_8_timeline_genconfig_mslp_seed_108_alpha_15p.txt
---------------------| VEHICLES |---------------------

Vehicle 2 :
	id: 0
		node: 1
		(x, y, z): (70, 70, 0)
		dem: 0
		earl: 0
		lat: 634
		servt: 0
		pid: 0
		did: 0
		servST: 185.62
		(h, h_ind): (-1, 0)
		load: 0.0

	Finished service at time: 185.62

	Task 0 -> Task 6: 89.38
	Vehicle arrival at task: 275.0
	Waiting time until service start time: 0.0

	id: 6
		node: 5
		(x, y, z): (12, 138, 0)
		dem: 14
		earl: 275
		lat: 305
		servt: 10
		pid: 0
		did: 173
		servST: 275.0
		(h, h_ind): (-1, 0)
		load: 14.0

	Finished service at time: 285.0

	Task 6 -> Task 173: 29.7
	Vehicle arrival at task: 314.7
	Waiting time until service start time: 0.0

	id: 173
		node: 45
		(x, y, z): (33, 117, 0)
		dem: -14
		earl: 0
		lat: 565
		servt: 10
		pid: 6
		did: 0
		servST: 314.7
		(h, h_ind): (-1, 0)
		load: 0.0

	Finished service at time: 324.7

	Task 173 -> Task 0: 59.82
	Vehicle arrival at task: 384.52
	Waiting time until service start time: 0.0

	id: 0
		node: 82
		(x, y, z): (70, 70, 0)
		dem: 0
		earl: 0
		lat: 634
		servt: 0
		pid: 0
		did: 0
		servST: 384.52
		(h, h_ind): (-1, 0)
		load: 0.0


Vehicle 7 :
	id: 0
		node: 1
		(x, y, z): (70, 70, 0)
		dem: 0
		earl: 0
		lat: 634
		servt: 0
		pid: 0
		did: 0
		servST: 18.869999999999997
		(h, h_ind): (-1, 0)
		load: 0.0

	Finished service at time: 18.869999999999997

	Using Machine: 0
		Task 0 -> Machine 0 (Station 1): 2.0
		Vehicle arrival at machine station: 20.869999999999997
		Waiting time until machine travel: 0.0

		Machine travel start time: 20.869999999999997
		Region 0 -> Region 1: 5.0
		Machine arrival at machine station: 25.869999999999997

		Machine 0 (Station 2)-> Task 67: 31.62
		Vehicle arrival at task: 57.489999999999995
		Waiting time until service start time: 0.0

	id: 67
		node: 36
		(x, y, z): (90, 44, 1)
		dem: 6
		earl: 52
		lat: 82
		servt: 10
		pid: 0
		did: 172
		servST: 57.49
		(h, h_ind): (0, 1)
		load: 6.0

	Finished service at time: 67.49000000000001

	Task 67 -> Task 49: 48.26
	Vehicle arrival at task: 115.75
	Waiting time until service start time: 0.0

	id: 49
		node: 24
		(x, y, z): (117, 4, 1)
		dem: 9
		earl: 0
		lat: 543
		servt: 10
		pid: 0
		did: 7
		servST: 115.75
		(h, h_ind): (-1, 0)
		load: 15.0

	Finished service at time: 125.75

	Task 49 -> Task 3: 18.25
	Vehicle arrival at task: 144.0
	Waiting time until service start time: 0.0

	id: 3
		node: 4
		(x, y, z): (120, 22, 1)
		dem: 39
		earl: 114
		lat: 144
		servt: 10
		pid: 0
		did: 50
		servST: 144.0
		(h, h_ind): (-1, 0)
		load: 54.0

	Finished service at time: 154.0

	Task 3 -> Task 66: 24.41
	Vehicle arrival at task: 178.41
	Waiting time until service start time: 0.0

	id: 66
		node: 35
		(x, y, z): (140, 36, 1)
		dem: 1
		earl: 0
		lat: 547
		servt: 10
		pid: 0
		did: 158
		servST: 178.41
		(h, h_ind): (-1, 0)
		load: 55.0

	Finished service at time: 188.41

	Task 66 -> Task 36: 32.56
	Vehicle arrival at task: 220.97
	Waiting time until service start time: 0.0

	id: 36
		node: 16
		(x, y, z): (108, 30, 1)
		dem: 18
		earl: 0
		lat: 569
		servt: 10
		pid: 0
		did: 55
		servST: 220.97
		(h, h_ind): (-1, 0)
		load: 73.0

	Finished service at time: 230.97

	Using Machine: 4
		Task 36 -> Machine 4 (Station 2): 50.0
		Vehicle arrival at machine station: 280.97
		Waiting time until machine travel: 0.0

		Machine travel start time: 280.97
		Region 1 -> Region 0: 5.0
		Machine arrival at machine station: 285.97

		Machine 4 (Station 1)-> Task 158: 47.89
		Vehicle arrival at task: 333.86
		Waiting time until service start time: 32.83

	id: 158
		node: 75
		(x, y, z): (120, 47, 0)
		dem: -1
		earl: 0
		lat: 569
		servt: 10
		pid: 66
		did: 0
		servST: 366.68999999999994
		(h, h_ind): (4, 6)
		load: 72.0

	Finished service at time: 376.68999999999994

	Task 158 -> Task 172: 5.0
	Vehicle arrival at task: 381.68999999999994
	Waiting time until service start time: 0.0

	id: 172
		node: 76
		(x, y, z): (120, 52, 0)
		dem: -6
		earl: 374
		lat: 404
		servt: 10
		pid: 67
		did: 0
		servST: 381.68999999999994
		(h, h_ind): (-1, 0)
		load: 66.0

	Finished service at time: 391.68999999999994

	Task 172 -> Task 55: 33.62
	Vehicle arrival at task: 425.30999999999995
	Waiting time until service start time: 0.0

	id: 55
		node: 56
		(x, y, z): (89, 39, 0)
		dem: -18
		earl: 0
		lat: 588
		servt: 10
		pid: 36
		did: 0
		servST: 425.30999999999995
		(h, h_ind): (-1, 0)
		load: 48.0

	Finished service at time: 435.30999999999995

	Task 55 -> Task 50: 51.09
	Vehicle arrival at task: 486.4
	Waiting time until service start time: 0.0

	id: 50
		node: 44
		(x, y, z): (140, 42, 0)
		dem: -39
		earl: 0
		lat: 549
		servt: 10
		pid: 3
		did: 0
		servST: 486.4
		(h, h_ind): (-1, 0)
		load: 9.0

	Finished service at time: 496.4

	Task 50 -> Task 75: 53.6
	Vehicle arrival at task: 550.0
	Waiting time until service start time: 0.0

	id: 75
		node: 39
		(x, y, z): (88, 29, 0)
		dem: 33
		earl: 550
		lat: 580
		servt: 10
		pid: 0
		did: 41
		servST: 550.0
		(h, h_ind): (-1, 0)
		load: 42.0

	Finished service at time: 560.0

	Task 75 -> Task 7: 11.18
	Vehicle arrival at task: 571.18
	Waiting time until service start time: 0.0

	id: 7
		node: 64
		(x, y, z): (86, 40, 0)
		dem: -9
		earl: 0
		lat: 590
		servt: 10
		pid: 49
		did: 0
		servST: 571.18
		(h, h_ind): (-1, 0)
		load: 33.0

	Finished service at time: 581.18

	Task 7 -> Task 41: 6.4
	Vehicle arrival at task: 587.5799999999999
	Waiting time until service start time: 0.0

	id: 41
		node: 79
		(x, y, z): (81, 36, 0)
		dem: -33
		earl: 0
		lat: 589
		servt: 10
		pid: 75
		did: 0
		servST: 587.5799999999999
		(h, h_ind): (-1, 0)
		load: 0.0

	Finished service at time: 597.5799999999999

	Task 41 -> Task 0: 35.74
	Vehicle arrival at task: 633.3199999999999
	Waiting time until service start time: 0.0

	id: 0
		node: 82
		(x, y, z): (70, 70, 0)
		dem: 0
		earl: 0
		lat: 634
		servt: 0
		pid: 0
		did: 0
		servST: 633.3199999999999
		(h, h_ind): (-1, 0)
		load: 0.0


Vehicle 12 :
	id: 0
		node: 1
		(x, y, z): (70, 70, 0)
		dem: 0
		earl: 0
		lat: 634
		servt: 0
		pid: 0
		did: 0
		servST: 0.5300000000000082
		(h, h_ind): (-1, 0)
		load: 0.0

	Finished service at time: 0.5300000000000082

	Task 0 -> Task 63: 42.01
	Vehicle arrival at task: 42.540000000000006
	Waiting time until service start time: 0.0

	id: 63
		node: 33
		(x, y, z): (103, 44, 0)
		dem: 12
		earl: 42
		lat: 72
		servt: 10
		pid: 0
		did: 25
		servST: 42.540000000000006
		(h, h_ind): (-1, 0)
		load: 12.0

	Finished service at time: 52.540000000000006

	Task 63 -> Task 44: 13.45
	Vehicle arrival at task: 65.99000000000001
	Waiting time until service start time: 0.0

	id: 44
		node: 20
		(x, y, z): (113, 35, 0)
		dem: 9
		earl: 0
		lat: 569
		servt: 10
		pid: 0
		did: 137
		servST: 65.99000000000001
		(h, h_ind): (-1, 0)
		load: 21.0

	Finished service at time: 75.99000000000001

	Task 44 -> Task 79: 10.0
	Vehicle arrival at task: 85.99000000000001
	Waiting time until service start time: 0.0

	id: 79
		node: 41
		(x, y, z): (113, 45, 0)
		dem: 4
		earl: 0
		lat: 575
		servt: 10
		pid: 0
		did: 14
		servST: 85.99000000000001
		(h, h_ind): (-1, 0)
		load: 25.0

	Finished service at time: 95.99000000000001

	Task 79 -> Task 14: 13.04
	Vehicle arrival at task: 109.03
	Waiting time until service start time: 0.0

	id: 14
		node: 81
		(x, y, z): (102, 52, 0)
		dem: -4
		earl: 0
		lat: 588
		servt: 10
		pid: 79
		did: 0
		servST: 109.03
		(h, h_ind): (-1, 0)
		load: 21.0

	Finished service at time: 119.03

	Using Machine: 4
		Task 14 -> Machine 4 (Station 1): 30.0
		Vehicle arrival at machine station: 149.03
		Waiting time until machine travel: 0.0

		Machine travel start time: 149.03
		Region 0 -> Region 1: 5.0
		Machine arrival at machine station: 154.03

		Machine 4 (Station 2)-> Task 61: 66.37
		Vehicle arrival at task: 220.4
		Waiting time until service start time: 0.0

	id: 61
		node: 32
		(x, y, z): (112, 13, 1)
		dem: 27
		earl: 0
		lat: 554
		servt: 10
		pid: 0
		did: 180
		servST: 220.4
		(h, h_ind): (4, 4)
		load: 48.0

	Finished service at time: 230.4

	Task 61 -> Task 25: 13.0
	Vehicle arrival at task: 243.4
	Waiting time until service start time: 0.0

	id: 25
		node: 73
		(x, y, z): (107, 25, 1)
		dem: -12
		earl: 0
		lat: 566
		servt: 10
		pid: 63
		did: 0
		servST: 243.4
		(h, h_ind): (-1, 0)
		load: 36.0

	Finished service at time: 253.4

	Task 25 -> Task 64: 16.4
	Vehicle arrival at task: 269.8
	Waiting time until service start time: 0.0

	id: 64
		node: 34
		(x, y, z): (97, 12, 1)
		dem: 10
		earl: 0
		lat: 561
		servt: 10
		pid: 0
		did: 27
		servST: 269.8
		(h, h_ind): (-1, 0)
		load: 46.0

	Finished service at time: 279.8

	Task 64 -> Task 137: 21.19
	Vehicle arrival at task: 300.99
	Waiting time until service start time: 0.0

	id: 137
		node: 60
		(x, y, z): (104, 32, 1)
		dem: -9
		earl: 0
		lat: 574
		servt: 10
		pid: 44
		did: 0
		servST: 300.99
		(h, h_ind): (-1, 0)
		load: 37.0

	Finished service at time: 310.99

	Using Machine: 4
		Task 137 -> Machine 4 (Station 2): 46.04
		Vehicle arrival at machine station: 357.03000000000003
		Waiting time until machine travel: 0.0

		Machine travel start time: 357.03000000000003
		Region 1 -> Region 0: 5.0
		Machine arrival at machine station: 362.03000000000003

		Machine 4 (Station 1)-> Task 180: 66.21
		Vehicle arrival at task: 428.24
		Waiting time until service start time: 0.0

	id: 180
		node: 72
		(x, y, z): (106, 10, 0)
		dem: -27
		earl: 0
		lat: 555
		servt: 10
		pid: 61
		did: 0
		servST: 428.24
		(h, h_ind): (4, 7)
		load: 10.0

	Finished service at time: 438.24

	Task 180 -> Task 27: 11.18
	Vehicle arrival at task: 449.42
	Waiting time until service start time: 0.0

	id: 27
		node: 74
		(x, y, z): (101, 0, 0)
		dem: -10
		earl: 0
		lat: 548
		servt: 10
		pid: 64
		did: 0
		servST: 449.42
		(h, h_ind): (-1, 0)
		load: 0.0

	Finished service at time: 459.42

	Task 27 -> Task 0: 76.56
	Vehicle arrival at task: 535.98
	Waiting time until service start time: 0.0

	id: 0
		node: 82
		(x, y, z): (70, 70, 0)
		dem: 0
		earl: 0
		lat: 634
		servt: 0
		pid: 0
		did: 0
		servST: 535.98
		(h, h_ind): (-1, 0)
		load: 0.0


Vehicle 13 :
	id: 0
		node: 1
		(x, y, z): (70, 70, 0)
		dem: 0
		earl: 0
		lat: 634
		servt: 0
		pid: 0
		did: 0
		servST: 9.050000000000004
		(h, h_ind): (-1, 0)
		load: 0.0

	Finished service at time: 9.050000000000004

	Using Machine: 2
		Task 0 -> Machine 2 (Station 1): 6.0
		Vehicle arrival at machine station: 15.050000000000004
		Waiting time until machine travel: 0.0

		Machine travel start time: 15.050000000000004
		Region 0 -> Region 1: 5.0
		Machine arrival at machine station: 20.050000000000004

		Machine 2 (Station 2)-> Task 69: 28.16
		Vehicle arrival at task: 48.21000000000001
		Waiting time until service start time: -0.0

	id: 69
		node: 38
		(x, y, z): (104, 73, 1)
		dem: 17
		earl: 0
		lat: 590
		servt: 10
		pid: 0
		did: 51
		servST: 48.21
		(h, h_ind): (2, 1)
		load: 17.0

	Finished service at time: 58.21

	Task 69 -> Task 1: 5.0
	Vehicle arrival at task: 63.21
	Waiting time until service start time: 0.0

	id: 1
		node: 2
		(x, y, z): (107, 77, 1)
		dem: 34
		earl: 0
		lat: 587
		servt: 10
		pid: 0
		did: 103
		servST: 63.21
		(h, h_ind): (-1, 0)
		load: 51.0

	Finished service at time: 73.21000000000001

	Task 1 -> Task 103: 6.4
	Vehicle arrival at task: 79.61000000000001
	Waiting time until service start time: -0.0

	id: 103
		node: 42
		(x, y, z): (103, 82, 1)
		dem: -34
		earl: 0
		lat: 589
		servt: 10
		pid: 1
		did: 0
		servST: 79.61
		(h, h_ind): (-1, 0)
		load: 17.0

	Finished service at time: 89.61

	Using Machine: 4
		Task 103 -> Machine 4 (Station 2): 27.73
		Vehicle arrival at machine station: 117.34
		Waiting time until machine travel: 0.0

		Machine travel start time: 117.34
		Region 1 -> Region 0: 5.0
		Machine arrival at machine station: 122.34

		Machine 4 (Station 1)-> Task 68: 51.66
		Vehicle arrival at task: 174.0
		Waiting time until service start time: 0.0

	id: 68
		node: 37
		(x, y, z): (113, 32, 0)
		dem: 36
		earl: 144
		lat: 174
		servt: 10
		pid: 0
		did: 116
		servST: 174.0
		(h, h_ind): (4, 2)
		load: 53.0

	Finished service at time: 184.0

	Task 68 -> Task 51: 44.41
	Vehicle arrival at task: 228.41
	Waiting time until service start time: 17.18

	id: 51
		node: 78
		(x, y, z): (139, 68, 0)
		dem: -17
		earl: 0
		lat: 555
		servt: 10
		pid: 69
		did: 0
		servST: 245.59
		(h, h_ind): (-1, 0)
		load: 36.0

	Finished service at time: 255.59

	Task 51 -> Task 116: 49.41
	Vehicle arrival at task: 305.0
	Waiting time until service start time: 0.0

	id: 116
		node: 77
		(x, y, z): (110, 28, 0)
		dem: -36
		earl: 305
		lat: 335
		servt: 10
		pid: 68
		did: 0
		servST: 305.0
		(h, h_ind): (-1, 0)
		load: 0.0

	Finished service at time: 315.0

	Task 116 -> Task 40: 111.46
	Vehicle arrival at task: 426.46
	Waiting time until service start time: 0.0

	id: 40
		node: 18
		(x, y, z): (92, 138, 0)
		dem: 12
		earl: 402
		lat: 432
		servt: 10
		pid: 0
		did: 35
		servST: 426.46
		(h, h_ind): (-1, 0)
		load: 12.0

	Finished service at time: 436.46

	Task 40 -> Task 35: 39.29
	Vehicle arrival at task: 475.75
	Waiting time until service start time: 0.0

	id: 35
		node: 58
		(x, y, z): (82, 100, 0)
		dem: -12
		earl: 0
		lat: 592
		servt: 10
		pid: 40
		did: 0
		servST: 475.75
		(h, h_ind): (-1, 0)
		load: 0.0

	Finished service at time: 485.75

	Task 35 -> Task 0: 32.31
	Vehicle arrival at task: 518.06
	Waiting time until service start time: 0.0

	id: 0
		node: 82
		(x, y, z): (70, 70, 0)
		dem: 0
		earl: 0
		lat: 634
		servt: 0
		pid: 0
		did: 0
		servST: 518.06
		(h, h_ind): (-1, 0)
		load: 0.0


Vehicle 16 :
	id: 0
		node: 1
		(x, y, z): (70, 70, 0)
		dem: 0
		earl: 0
		lat: 634
		servt: 0
		pid: 0
		did: 0
		servST: 0.0
		(h, h_ind): (-1, 0)
		load: 0.0

	Finished service at time: 0.0

	Using Machine: 1
		Task 0 -> Machine 1 (Station 1): 4.0
		Vehicle arrival at machine station: 4.0
		Waiting time until machine travel: 0.0

		Machine travel start time: 4.0
		Region 0 -> Region 1: 5.0
		Machine arrival at machine station: 9.0

		Machine 1 (Station 2)-> Task 21: 64.5
		Vehicle arrival at task: 73.5
		Waiting time until service start time: 0.0

	id: 21
		node: 10
		(x, y, z): (138, 78, 1)
		dem: 43
		earl: 0
		lat: 556
		servt: 10
		pid: 0
		did: 26
		servST: 73.5
		(h, h_ind): (1, 1)
		load: 43.0

	Finished service at time: 83.5

	Using Machine: 4
		Task 21 -> Machine 4 (Station 2): 60.53
		Vehicle arrival at machine station: 144.03
		Waiting time until machine travel: 0.0

		Machine travel start time: 144.03
		Region 1 -> Region 0: 5.0
		Machine arrival at machine station: 149.03

		Machine 4 (Station 1)-> Task 53: 55.01
		Vehicle arrival at task: 204.04
		Waiting time until service start time: 0.0

	id: 53
		node: 26
		(x, y, z): (103, 119, 0)
		dem: 18
		earl: 0
		lat: 565
		servt: 10
		pid: 0
		did: 76
		servST: 204.04
		(h, h_ind): (4, 3)
		load: 61.0

	Finished service at time: 214.04

	Task 53 -> Task 76: 13.42
	Vehicle arrival at task: 227.45999999999998
	Waiting time until service start time: 0.0

	id: 76
		node: 66
		(x, y, z): (109, 131, 0)
		dem: -18
		earl: 226
		lat: 256
		servt: 10
		pid: 53
		did: 0
		servST: 227.45999999999998
		(h, h_ind): (-1, 0)
		load: 43.0

	Finished service at time: 237.45999999999998

	Task 76 -> Task 26: 65.3
	Vehicle arrival at task: 302.76
	Waiting time until service start time: 0.0

	id: 26
		node: 50
		(x, y, z): (139, 73, 0)
		dem: -43
		earl: 0
		lat: 555
		servt: 10
		pid: 21
		did: 0
		servST: 302.76
		(h, h_ind): (-1, 0)
		load: 0.0

	Finished service at time: 312.76

	Task 26 -> Task 31: 25.63
	Vehicle arrival at task: 338.39
	Waiting time until service start time: 0.0

	id: 31
		node: 13
		(x, y, z): (115, 82, 0)
		dem: 30
		earl: 0
		lat: 578
		servt: 10
		pid: 0
		did: 154
		servST: 338.39
		(h, h_ind): (-1, 0)
		load: 30.0

	Finished service at time: 348.39

	Task 31 -> Task 2: 57.31
	Vehicle arrival at task: 405.7
	Waiting time until service start time: 0.0

	id: 2
		node: 3
		(x, y, z): (109, 139, 0)
		dem: 8
		earl: 0
		lat: 545
		servt: 10
		pid: 0
		did: 200
		servST: 405.7
		(h, h_ind): (-1, 0)
		load: 38.0

	Finished service at time: 415.7

	Task 2 -> Task 200: 14.56
	Vehicle arrival at task: 430.26
	Waiting time until service start time: 0.0

	id: 200
		node: 43
		(x, y, z): (95, 135, 0)
		dem: -8
		earl: 401
		lat: 431
		servt: 10
		pid: 2
		did: 0
		servST: 430.26
		(h, h_ind): (-1, 0)
		load: 30.0

	Finished service at time: 440.26

	Using Machine: 4
		Task 200 -> Machine 4 (Station 1): 67.19
		Vehicle arrival at machine station: 507.45
		Waiting time until machine travel: 0.0

		Machine travel start time: 507.45
		Region 0 -> Region 1: 5.0
		Machine arrival at machine station: 512.45

		Machine 4 (Station 2)-> Task 154: 12.81
		Vehicle arrival at task: 525.26
		Waiting time until service start time: 0.0

	id: 154
		node: 53
		(x, y, z): (86, 80, 1)
		dem: -30
		earl: 0
		lat: 606
		servt: 10
		pid: 31
		did: 0
		servST: 525.26
		(h, h_ind): (4, 9)
		load: 0.0

	Finished service at time: 535.26

	Using Machine: 0
		Task 154 -> Machine 0 (Station 2): 17.2
		Vehicle arrival at machine station: 552.46
		Waiting time until machine travel: 0.0

		Machine travel start time: 552.46
		Region 1 -> Region 0: 5.0
		Machine arrival at machine station: 557.46

		Machine 0 (Station 1)-> Task 0: 2.0
		Vehicle arrival at task: 559.46
		Waiting time until service start time: 0.0

	id: 0
		node: 82
		(x, y, z): (70, 70, 0)
		dem: 0
		earl: 0
		lat: 634
		servt: 0
		pid: 0
		did: 0
		servST: 559.46
		(h, h_ind): (0, 2)
		load: 0.0


Vehicle 27 :
	id: 0
		node: 1
		(x, y, z): (70, 70, 0)
		dem: 0
		earl: 0
		lat: 634
		servt: 0
		pid: 0
		did: 0
		servST: 10.0
		(h, h_ind): (-1, 0)
		load: 0.0

	Finished service at time: 10.0

	Using Machine: 3
		Task 0 -> Machine 3 (Station 1): 2.0
		Vehicle arrival at machine station: 12.0
		Waiting time until machine travel: 0.0

		Machine travel start time: 12.0
		Region 0 -> Region 1: 5.0
		Machine arrival at machine station: 17.0

		Machine 3 (Station 2)-> Task 15: 43.42
		Vehicle arrival at task: 60.42
		Waiting time until service start time: 0.0

	id: 15
		node: 8
		(x, y, z): (41, 36, 1)
		dem: 13
		earl: 51
		lat: 81
		servt: 10
		pid: 0
		did: 70
		servST: 60.42
		(h, h_ind): (3, 2)
		load: 13.0

	Finished service at time: 70.42

	Task 15 -> Task 12: 56.08
	Vehicle arrival at task: 126.5
	Waiting time until service start time: 0.0

	id: 12
		node: 6
		(x, y, z): (12, 84, 1)
		dem: 16
		earl: 0
		lat: 565
		servt: 10
		pid: 0
		did: 58
		servST: 126.5
		(h, h_ind): (-1, 0)
		load: 29.0

	Finished service at time: 136.5

	Using Machine: 5
		Task 12 -> Machine 5 (Station 2): 55.79
		Vehicle arrival at machine station: 192.29
		Waiting time until machine travel: 0.0

		Machine travel start time: 192.29
		Region 1 -> Region 0: 5.0
		Machine arrival at machine station: 197.29

		Machine 5 (Station 1)-> Task 70: 43.86
		Vehicle arrival at task: 241.14999999999998
		Waiting time until service start time: 0.0

	id: 70
		node: 48
		(x, y, z): (36, 38, 0)
		dem: -13
		earl: 0
		lat: 578
		servt: 10
		pid: 15
		did: 0
		servST: 241.14999999999998
		(h, h_ind): (5, 4)
		load: 16.0

	Finished service at time: 251.14999999999998

	Task 70 -> Task 77: 77.49
	Vehicle arrival at task: 328.64
	Waiting time until service start time: 0.0

	id: 77
		node: 40
		(x, y, z): (10, 111, 0)
		dem: 21
		earl: 0
		lat: 552
		servt: 10
		pid: 0
		did: 198
		servST: 328.64
		(h, h_ind): (-1, 0)
		load: 37.0

	Finished service at time: 338.64

	Task 77 -> Task 198: 18.38
	Vehicle arrival at task: 357.02
	Waiting time until service start time: 0.0

	id: 198
		node: 80
		(x, y, z): (27, 104, 0)
		dem: -21
		earl: 0
		lat: 570
		servt: 10
		pid: 77
		did: 0
		servST: 357.02
		(h, h_ind): (-1, 0)
		load: 16.0

	Finished service at time: 367.02

	Task 198 -> Task 47: 25.5
	Vehicle arrival at task: 392.52
	Waiting time until service start time: 0.0

	id: 47
		node: 22
		(x, y, z): (8, 87, 0)
		dem: 17
		earl: 0
		lat: 560
		servt: 10
		pid: 0
		did: 19
		servST: 392.52
		(h, h_ind): (-1, 0)
		load: 33.0

	Finished service at time: 402.52

	Task 47 -> Task 58: 12.37
	Vehicle arrival at task: 414.89
	Waiting time until service start time: 0.0

	id: 58
		node: 46
		(x, y, z): (5, 99, 0)
		dem: -16
		earl: 0
		lat: 553
		servt: 10
		pid: 12
		did: 0
		servST: 414.89
		(h, h_ind): (-1, 0)
		load: 17.0

	Finished service at time: 424.89

	Task 58 -> Task 19: 17.72
	Vehicle arrival at task: 442.61
	Waiting time until service start time: 0.0

	id: 19
		node: 62
		(x, y, z): (22, 104, 0)
		dem: -17
		earl: 0
		lat: 566
		servt: 10
		pid: 47
		did: 0
		servST: 442.61
		(h, h_ind): (-1, 0)
		load: 0.0

	Finished service at time: 452.61

	Task 19 -> Task 0: 58.82
	Vehicle arrival at task: 511.43
	Waiting time until service start time: 0.0

	id: 0
		node: 82
		(x, y, z): (70, 70, 0)
		dem: 0
		earl: 0
		lat: 634
		servt: 0
		pid: 0
		did: 0
		servST: 511.43
		(h, h_ind): (-1, 0)
		load: 0.0


Vehicle 29 :
	id: 0
		node: 1
		(x, y, z): (70, 70, 0)
		dem: 0
		earl: 0
		lat: 634
		servt: 0
		pid: 0
		did: 0
		servST: 6.950000000000003
		(h, h_ind): (-1, 0)
		load: 0.0

	Finished service at time: 6.950000000000003

	Using Machine: 4
		Task 0 -> Machine 4 (Station 1): 8.0
		Vehicle arrival at machine station: 14.950000000000003
		Waiting time until machine travel: 0.0

		Machine travel start time: 14.950000000000003
		Region 0 -> Region 1: 5.0
		Machine arrival at machine station: 19.950000000000003

		Machine 4 (Station 2)-> Task 30: 63.56
		Vehicle arrival at task: 83.51
		Waiting time until service start time: 0.0

	id: 30
		node: 12
		(x, y, z): (64, 132, 1)
		dem: 8
		earl: 62
		lat: 92
		servt: 10
		pid: 0
		did: 83
		servST: 83.51
		(h, h_ind): (4, 1)
		load: 8.0

	Finished service at time: 93.51

	Task 30 -> Task 16: 68.01
	Vehicle arrival at task: 161.52
	Waiting time until service start time: 0.0

	id: 16
		node: 9
		(x, y, z): (132, 133, 1)
		dem: 24
		earl: 0
		lat: 536
		servt: 10
		pid: 0
		did: 170
		servST: 161.52
		(h, h_ind): (-1, 0)
		load: 32.0

	Finished service at time: 171.52

	Task 16 -> Task 48: 32.25
	Vehicle arrival at task: 203.77
	Waiting time until service start time: 0.0

	id: 48
		node: 23
		(x, y, z): (116, 105, 1)
		dem: 23
		earl: 0
		lat: 567
		servt: 10
		pid: 0
		did: 148
		servST: 203.77
		(h, h_ind): (-1, 0)
		load: 55.0

	Finished service at time: 213.77

	Using Machine: 4
		Task 48 -> Machine 4 (Station 2): 51.66
		Vehicle arrival at machine station: 265.43
		Waiting time until machine travel: 0.0

		Machine travel start time: 265.43
		Region 1 -> Region 0: 5.0
		Machine arrival at machine station: 270.43

		Machine 4 (Station 1)-> Task 170: 78.57
		Vehicle arrival at task: 349.0
		Waiting time until service start time: 0.0

	id: 170
		node: 49
		(x, y, z): (136, 123, 0)
		dem: -24
		earl: 319
		lat: 349
		servt: 10
		pid: 16
		did: 0
		servST: 349.0
		(h, h_ind): (4, 5)
		load: 31.0

	Finished service at time: 359.0

	Task 170 -> Task 148: 41.11
	Vehicle arrival at task: 400.11
	Waiting time until service start time: 0.0

	id: 148
		node: 63
		(x, y, z): (123, 84, 0)
		dem: -23
		earl: 0
		lat: 570
		servt: 10
		pid: 48
		did: 0
		servST: 400.11
		(h, h_ind): (-1, 0)
		load: 8.0

	Finished service at time: 410.11

	Task 148 -> Task 83: 72.44
	Vehicle arrival at task: 482.55
	Waiting time until service start time: 0.0

	id: 83
		node: 52
		(x, y, z): (51, 92, 0)
		dem: -8
		earl: 0
		lat: 595
		servt: 10
		pid: 30
		did: 0
		servST: 482.55
		(h, h_ind): (-1, 0)
		load: 0.0

	Finished service at time: 492.55

	Task 83 -> Task 0: 29.07
	Vehicle arrival at task: 521.62
	Waiting time until service start time: 0.0

	id: 0
		node: 82
		(x, y, z): (70, 70, 0)
		dem: 0
		earl: 0
		lat: 634
		servt: 0
		pid: 0
		did: 0
		servST: 521.62
		(h, h_ind): (-1, 0)
		load: 0.0


Vehicle 30 :
	id: 0
		node: 1
		(x, y, z): (70, 70, 0)
		dem: 0
		earl: 0
		lat: 634
		servt: 0
		pid: 0
		did: 0
		servST: 0.0
		(h, h_ind): (-1, 0)
		load: 0.0

	Finished service at time: 0.0

	Using Machine: 5
		Task 0 -> Machine 5 (Station 1): 4.0
		Vehicle arrival at machine station: 4.0
		Waiting time until machine travel: 0.0

		Machine travel start time: 4.0
		Region 0 -> Region 1: 5.0
		Machine arrival at machine station: 9.0

		Machine 5 (Station 2)-> Task 59: 26.02
		Vehicle arrival at task: 35.019999999999996
		Waiting time until service start time: 0.0

	id: 59
		node: 30
		(x, y, z): (67, 96, 1)
		dem: 26
		earl: 0
		lat: 598
		servt: 10
		pid: 0
		did: 88
		servST: 35.019999999999996
		(h, h_ind): (5, 1)
		load: 26.0

	Finished service at time: 45.019999999999996

	Task 59 -> Task 13: 30.48
	Vehicle arrival at task: 75.5
	Waiting time until service start time: 0.0

	id: 13
		node: 7
		(x, y, z): (44, 116, 1)
		dem: 27
		earl: 0
		lat: 572
		servt: 10
		pid: 0
		did: 38
		servST: 75.5
		(h, h_ind): (-1, 0)
		load: 53.0

	Finished service at time: 85.5

	Using Machine: 5
		Task 13 -> Machine 5 (Station 2): 50.99
		Vehicle arrival at machine station: 136.49
		Waiting time until machine travel: 0.0

		Machine travel start time: 136.49
		Region 1 -> Region 0: 5.0
		Machine arrival at machine station: 141.49

		Machine 5 (Station 1)-> Task 38: 44.94
		Vehicle arrival at task: 186.43
		Waiting time until service start time: 0.0

	id: 38
		node: 47
		(x, y, z): (50, 112, 0)
		dem: -27
		earl: 0
		lat: 578
		servt: 10
		pid: 13
		did: 0
		servST: 186.43
		(h, h_ind): (5, 3)
		load: 26.0

	Finished service at time: 196.43

	Task 38 -> Task 34: 21.4
	Vehicle arrival at task: 217.83
	Waiting time until service start time: 0.0

	id: 34
		node: 15
		(x, y, z): (63, 129, 0)
		dem: 7
		earl: 206
		lat: 236
		servt: 10
		pid: 0
		did: 62
		servST: 217.83
		(h, h_ind): (-1, 0)
		load: 33.0

	Finished service at time: 227.83

	Task 34 -> Task 57: 37.64
	Vehicle arrival at task: 265.47
	Waiting time until service start time: 0.0

	id: 57
		node: 29
		(x, y, z): (39, 100, 0)
		dem: 31
		earl: 0
		lat: 581
		servt: 10
		pid: 0
		did: 97
		servST: 265.47
		(h, h_ind): (-1, 0)
		load: 64.0

	Finished service at time: 275.47

	Task 57 -> Task 97: 27.59
	Vehicle arrival at task: 303.06
	Waiting time until service start time: 0.0

	id: 97
		node: 69
		(x, y, z): (58, 80, 0)
		dem: -31
		earl: 0
		lat: 609
		servt: 10
		pid: 57
		did: 0
		servST: 303.06000000000006
		(h, h_ind): (-1, 0)
		load: 33.0

	Finished service at time: 313.06000000000006

	Task 97 -> Task 45: 4.47
	Vehicle arrival at task: 317.5300000000001
	Waiting time until service start time: 0.0

	id: 45
		node: 21
		(x, y, z): (60, 84, 0)
		dem: 23
		earl: 0
		lat: 607
		servt: 10
		pid: 0
		did: 138
		servST: 317.5300000000001
		(h, h_ind): (-1, 0)
		load: 56.0

	Finished service at time: 327.5300000000001

	Task 45 -> Task 60: 17.69
	Vehicle arrival at task: 345.2200000000001
	Waiting time until service start time: 0.0

	id: 60
		node: 31
		(x, y, z): (73, 96, 0)
		dem: 9
		earl: 0
		lat: 598
		servt: 10
		pid: 0
		did: 81
		servST: 345.2200000000001
		(h, h_ind): (-1, 0)
		load: 65.0

	Finished service at time: 355.2200000000001

	Using Machine: 4
		Task 60 -> Machine 4 (Station 1): 26.48
		Vehicle arrival at machine station: 381.7000000000001
		Waiting time until machine travel: 0.0

		Machine travel start time: 381.7000000000001
		Region 0 -> Region 1: 5.0
		Machine arrival at machine station: 386.7000000000001

		Machine 4 (Station 2)-> Task 81: 8.6
		Vehicle arrival at task: 395.3000000000001
		Waiting time until service start time: 0.0

	id: 81
		node: 71
		(x, y, z): (85, 75, 1)
		dem: -9
		earl: 0
		lat: 609
		servt: 10
		pid: 60
		did: 0
		servST: 395.3000000000001
		(h, h_ind): (4, 8)
		load: 56.0

	Finished service at time: 405.3000000000001

	Task 81 -> Task 62: 60.03
	Vehicle arrival at task: 465.33000000000015
	Waiting time until service start time: 0.0

	id: 62
		node: 55
		(x, y, z): (55, 127, 1)
		dem: -7
		earl: 0
		lat: 566
		servt: 10
		pid: 34
		did: 0
		servST: 465.33000000000015
		(h, h_ind): (-1, 0)
		load: 49.0

	Finished service at time: 475.33000000000015

	Task 62 -> Task 52: 32.14
	Vehicle arrival at task: 507.47000000000014
	Waiting time until service start time: 0.0

	id: 52
		node: 25
		(x, y, z): (58, 95, 1)
		dem: 35
		earl: 485
		lat: 515
		servt: 10
		pid: 0
		did: 24
		servST: 507.47000000000014
		(h, h_ind): (-1, 0)
		load: 84.0

	Finished service at time: 517.4700000000001

	Task 52 -> Task 138: 7.62
	Vehicle arrival at task: 525.0900000000001
	Waiting time until service start time: 0.0

	id: 138
		node: 61
		(x, y, z): (55, 102, 1)
		dem: -23
		earl: 0
		lat: 589
		servt: 10
		pid: 45
		did: 0
		servST: 525.0900000000001
		(h, h_ind): (-1, 0)
		load: 61.0

	Finished service at time: 535.0900000000001

	Task 138 -> Task 88: 19.8
	Vehicle arrival at task: 554.8900000000001
	Waiting time until service start time: 0.0

	id: 88
		node: 70
		(x, y, z): (69, 116, 1)
		dem: -26
		earl: 0
		lat: 578
		servt: 10
		pid: 59
		did: 0
		servST: 554.8900000000001
		(h, h_ind): (-1, 0)
		load: 35.0

	Finished service at time: 564.8900000000001

	Task 88 -> Task 24: 34.13
	Vehicle arrival at task: 599.0200000000001
	Waiting time until service start time: 0.0

	id: 24
		node: 65
		(x, y, z): (66, 82, 1)
		dem: -35
		earl: 0
		lat: 612
		servt: 10
		pid: 52
		did: 0
		servST: 599.0200000000001
		(h, h_ind): (-1, 0)
		load: 0.0

	Finished service at time: 609.0200000000001

	Using Machine: 3
		Task 24 -> Machine 3 (Station 2): 12.17
		Vehicle arrival at machine station: 621.19
		Waiting time until machine travel: 0.0

		Machine travel start time: 621.19
		Region 1 -> Region 0: 5.0
		Machine arrival at machine station: 626.19

		Machine 3 (Station 1)-> Task 0: 2.0
		Vehicle arrival at task: 628.19
		Waiting time until service start time: 0.0

	id: 0
		node: 82
		(x, y, z): (70, 70, 0)
		dem: 0
		earl: 0
		lat: 634
		servt: 0
		pid: 0
		did: 0
		servST: 628.19
		(h, h_ind): (3, 4)
		load: 0.0


Vehicle 34 :
	id: 0
		node: 1
		(x, y, z): (70, 70, 0)
		dem: 0
		earl: 0
		lat: 634
		servt: 0
		pid: 0
		did: 0
		servST: 0.0
		(h, h_ind): (-1, 0)
		load: 0.0

	Finished service at time: 0.0

	Using Machine: 3
		Task 0 -> Machine 3 (Station 1): 2.0
		Vehicle arrival at machine station: 2.0
		Waiting time until machine travel: 0.0

		Machine travel start time: 2.0
		Region 0 -> Region 1: 5.0
		Machine arrival at machine station: 7.0

		Machine 3 (Station 2)-> Task 37: 31.14
		Vehicle arrival at task: 38.14
		Waiting time until service start time: 0.0

	id: 37
		node: 17
		(x, y, z): (37, 73, 1)
		dem: 33
		earl: 0
		lat: 591
		servt: 10
		pid: 0
		did: 82
		servST: 38.14
		(h, h_ind): (3, 1)
		load: 33.0

	Finished service at time: 48.14

	Task 37 -> Task 56: 36.24
	Vehicle arrival at task: 84.38
	Waiting time until service start time: 0.0

	id: 56
		node: 28
		(x, y, z): (54, 41, 1)
		dem: 9
		earl: 0
		lat: 591
		servt: 10
		pid: 0
		did: 129
		servST: 84.38
		(h, h_ind): (-1, 0)
		load: 42.0

	Finished service at time: 94.38

	Using Machine: 5
		Task 56 -> Machine 5 (Station 2): 31.38
		Vehicle arrival at machine station: 125.75999999999999
		Waiting time until machine travel: 0.0

		Machine travel start time: 125.75999999999999
		Region 1 -> Region 0: 5.0
		Machine arrival at machine station: 130.76

		Machine 5 (Station 1)-> Task 43: 57.38
		Vehicle arrival at task: 188.14
		Waiting time until service start time: 0.0

	id: 43
		node: 19
		(x, y, z): (13, 48, 0)
		dem: 15
		earl: 0
		lat: 563
		servt: 10
		pid: 0
		did: 4
		servST: 188.14
		(h, h_ind): (5, 2)
		load: 57.0

	Finished service at time: 198.14

	Task 43 -> Task 129: 13.45
	Vehicle arrival at task: 211.58999999999997
	Waiting time until service start time: 0.0

	id: 129
		node: 68
		(x, y, z): (23, 39, 0)
		dem: -9
		earl: 0
		lat: 568
		servt: 10
		pid: 56
		did: 0
		servST: 211.58999999999997
		(h, h_ind): (-1, 0)
		load: 48.0

	Finished service at time: 221.58999999999997

	Task 129 -> Task 33: 19.31
	Vehicle arrival at task: 240.89999999999998
	Waiting time until service start time: 0.0

	id: 33
		node: 14
		(x, y, z): (30, 21, 0)
		dem: 12
		earl: 0
		lat: 561
		servt: 10
		pid: 0
		did: 186
		servST: 240.89999999999998
		(h, h_ind): (-1, 0)
		load: 60.0

	Finished service at time: 250.89999999999998

	Task 33 -> Task 186: 15.3
	Vehicle arrival at task: 266.2
	Waiting time until service start time: 0.0

	id: 186
		node: 54
		(x, y, z): (15, 18, 0)
		dem: -12
		earl: 0
		lat: 549
		servt: 10
		pid: 33
		did: 0
		servST: 266.2
		(h, h_ind): (-1, 0)
		load: 48.0

	Finished service at time: 276.2

	Task 186 -> Task 54: 38.01
	Vehicle arrival at task: 314.21
	Waiting time until service start time: 0.0

	id: 54
		node: 27
		(x, y, z): (32, 52, 0)
		dem: 32
		earl: 0
		lat: 582
		servt: 10
		pid: 0
		did: 65
		servST: 314.21
		(h, h_ind): (-1, 0)
		load: 80.0

	Finished service at time: 324.21

	Task 54 -> Task 82: 40.5
	Vehicle arrival at task: 364.71
	Waiting time until service start time: 0.0

	id: 82
		node: 57
		(x, y, z): (10, 86, 0)
		dem: -33
		earl: 0
		lat: 562
		servt: 10
		pid: 37
		did: 0
		servST: 364.71
		(h, h_ind): (-1, 0)
		load: 47.0

	Finished service at time: 374.71

	Task 82 -> Task 29: 19.72
	Vehicle arrival at task: 394.42999999999995
	Waiting time until service start time: 0.0

	id: 29
		node: 11
		(x, y, z): (20, 69, 0)
		dem: 13
		earl: 378
		lat: 408
		servt: 10
		pid: 0
		did: 110
		servST: 394.42999999999995
		(h, h_ind): (-1, 0)
		load: 60.0

	Finished service at time: 404.42999999999995

	Using Machine: 5
		Task 29 -> Machine 5 (Station 1): 46.01
		Vehicle arrival at machine station: 450.43999999999994
		Waiting time until machine travel: 0.0

		Machine travel start time: 450.43999999999994
		Region 0 -> Region 1: 5.0
		Machine arrival at machine station: 455.43999999999994

		Machine 5 (Station 2)-> Task 4: 29.21
		Vehicle arrival at task: 484.6499999999999
		Waiting time until service start time: 0.0

	id: 4
		node: 59
		(x, y, z): (48, 47, 1)
		dem: -15
		earl: 0
		lat: 593
		servt: 10
		pid: 43
		did: 0
		servST: 484.6499999999999
		(h, h_ind): (5, 5)
		load: 45.0

	Finished service at time: 494.6499999999999

	Task 4 -> Task 65: 35.34
	Vehicle arrival at task: 529.9899999999999
	Waiting time until service start time: 0.0

	id: 65
		node: 67
		(x, y, z): (16, 62, 1)
		dem: -32
		earl: 0
		lat: 570
		servt: 10
		pid: 54
		did: 0
		servST: 529.9899999999999
		(h, h_ind): (-1, 0)
		load: 13.0

	Finished service at time: 539.9899999999999

	Task 65 -> Task 110: 20.59
	Vehicle arrival at task: 560.5799999999999
	Waiting time until service start time: 0.0

	id: 110
		node: 51
		(x, y, z): (34, 72, 1)
		dem: -13
		earl: 0
		lat: 588
		servt: 10
		pid: 29
		did: 0
		servST: 560.5799999999999
		(h, h_ind): (-1, 0)
		load: 0.0

	Finished service at time: 570.5799999999999

	Using Machine: 3
		Task 110 -> Machine 3 (Station 2): 34.06
		Vehicle arrival at machine station: 604.6399999999999
		Waiting time until machine travel: 0.0

		Machine travel start time: 604.6399999999999
		Region 1 -> Region 0: 5.0
		Machine arrival at machine station: 609.6399999999999

		Machine 3 (Station 1)-> Task 0: 2.0
		Vehicle arrival at task: 611.6399999999999
		Waiting time until service start time: 0.0

	id: 0
		node: 82
		(x, y, z): (70, 70, 0)
		dem: 0
		earl: 0
		lat: 634
		servt: 0
		pid: 0
		did: 0
		servST: 611.6399999999999
		(h, h_ind): (3, 3)
		load: 0.0


---------------------| MACHINES |---------------------

Machine 0 :
	setup duration: 0.0

	vehicle: 7
	vehicleInd: 2
	(orig, dest): (0, 67)
	(origRegion, destRegion): (0, 1)
	st: 20.869999999999997
	duration: 5.0

	setup duration: 0.0

	vehicle: 16
	vehicleInd: 10
	(orig, dest): (154, 0)
	(origRegion, destRegion): (1, 0)
	st: 552.46
	duration: 5.0


Machine 1 :
	setup duration: 0.0

	vehicle: 16
	vehicleInd: 2
	(orig, dest): (0, 21)
	(origRegion, destRegion): (0, 1)
	st: 4.0
	duration: 5.0


Machine 2 :
	setup duration: 0.0

	vehicle: 13
	vehicleInd: 2
	(orig, dest): (0, 69)
	(origRegion, destRegion): (0, 1)
	st: 15.050000000000004
	duration: 5.0


Machine 3 :
	setup duration: 0.0

	vehicle: 34
	vehicleInd: 2
	(orig, dest): (0, 37)
	(origRegion, destRegion): (0, 1)
	st: 2.0
	duration: 5.0

	setup duration: 5.0

	vehicle: 27
	vehicleInd: 2
	(orig, dest): (0, 15)
	(origRegion, destRegion): (0, 1)
	st: 12.0
	duration: 5.0

	setup duration: 0.0

	vehicle: 34
	vehicleInd: 14
	(orig, dest): (110, 0)
	(origRegion, destRegion): (1, 0)
	st: 604.6399999999999
	duration: 5.0

	setup duration: 5.0

	vehicle: 30
	vehicleInd: 16
	(orig, dest): (24, 0)
	(origRegion, destRegion): (1, 0)
	st: 621.19
	duration: 5.0


Machine 4 :
	setup duration: 0.0

	vehicle: 29
	vehicleInd: 2
	(orig, dest): (0, 30)
	(origRegion, destRegion): (0, 1)
	st: 14.950000000000003
	duration: 5.0

	setup duration: 0.0

	vehicle: 13
	vehicleInd: 5
	(orig, dest): (103, 68)
	(origRegion, destRegion): (1, 0)
	st: 117.34
	duration: 5.0

	setup duration: 5.0

	vehicle: 16
	vehicleInd: 3
	(orig, dest): (21, 53)
	(origRegion, destRegion): (1, 0)
	st: 144.03
	duration: 5.0

	setup duration: 0.0

	vehicle: 12
	vehicleInd: 6
	(orig, dest): (14, 61)
	(origRegion, destRegion): (0, 1)
	st: 149.03
	duration: 5.0

	setup duration: 0.0

	vehicle: 29
	vehicleInd: 5
	(orig, dest): (48, 170)
	(origRegion, destRegion): (1, 0)
	st: 265.43
	duration: 5.0

	setup duration: 5.0

	vehicle: 7
	vehicleInd: 7
	(orig, dest): (36, 158)
	(origRegion, destRegion): (1, 0)
	st: 280.97
	duration: 5.0

	setup duration: 5.0

	vehicle: 12
	vehicleInd: 10
	(orig, dest): (137, 180)
	(origRegion, destRegion): (1, 0)
	st: 357.03000000000003
	duration: 5.0

	setup duration: 0.0

	vehicle: 30
	vehicleInd: 10
	(orig, dest): (60, 81)
	(origRegion, destRegion): (0, 1)
	st: 381.7000000000001
	duration: 5.0

	setup duration: 5.0

	vehicle: 16
	vehicleInd: 9
	(orig, dest): (200, 154)
	(origRegion, destRegion): (0, 1)
	st: 507.45
	duration: 5.0


Machine 5 :
	setup duration: 0.0

	vehicle: 30
	vehicleInd: 2
	(orig, dest): (0, 59)
	(origRegion, destRegion): (0, 1)
	st: 4.0
	duration: 5.0

	setup duration: 0.0

	vehicle: 34
	vehicleInd: 4
	(orig, dest): (56, 43)
	(origRegion, destRegion): (1, 0)
	st: 125.75999999999999
	duration: 5.0

	setup duration: 5.0

	vehicle: 30
	vehicleInd: 4
	(orig, dest): (13, 38)
	(origRegion, destRegion): (1, 0)
	st: 136.49
	duration: 5.0

	setup duration: 5.0

	vehicle: 27
	vehicleInd: 4
	(orig, dest): (12, 70)
	(origRegion, destRegion): (1, 0)
	st: 192.29
	duration: 5.0

	setup duration: 0.0

	vehicle: 34
	vehicleInd: 11
	(orig, dest): (29, 4)
	(origRegion, destRegion): (0, 1)
	st: 450.43999999999994
	duration: 5.0


-------------------| COMPL. TIMES |-------------------

Vehicle 0 : 0.0
Vehicle 1 : 0.0
Vehicle 2 : 198.89999999999998
Vehicle 3 : 0.0
Vehicle 4 : 0.0
Vehicle 5 : 0.0
Vehicle 6 : 0.0
Vehicle 7 : 614.4499999999999
Vehicle 8 : 0.0
Vehicle 9 : 0.0
Vehicle 10 : 0.0
Vehicle 11 : 0.0
Vehicle 12 : 535.45
Vehicle 13 : 509.00999999999993
Vehicle 14 : 0.0
Vehicle 15 : 0.0
Vehicle 16 : 559.46
Vehicle 17 : 0.0
Vehicle 18 : 0.0
Vehicle 19 : 0.0
Vehicle 20 : 0.0
Vehicle 21 : 0.0
Vehicle 22 : 0.0
Vehicle 23 : 0.0
Vehicle 24 : 0.0
Vehicle 25 : 0.0
Vehicle 26 : 0.0
Vehicle 27 : 501.43
Vehicle 28 : 0.0
Vehicle 29 : 514.67
Vehicle 30 : 628.19
Vehicle 31 : 0.0
Vehicle 32 : 0.0
Vehicle 33 : 0.0
Vehicle 34 : 611.6399999999999
Vehicle 35 : 0.0
Vehicle 36 : 0.0
Vehicle 37 : 0.0
Vehicle 38 : 0.0
Vehicle 39 : 0.0
-------------------| STATISTICS |-------------------

    Vehicles used                           : 22.5
    Machines used                           : 100.0
    Max load (vehicles)                     : 97.6744
    Min load (vehicles)                     : 16.2791
    Mean load (vehicles)                    : 72.3914
    Min completion time                     : 31.3722
    Max completion time                     : 99.0836
    Mean completion time                    : 81.8998
    Avrg travel time (with vehicle)         : 3.9432
    Avrg travel time (only with vehicle)    : 2.8917
    Avrg travel time (no vehicle)           : 1.0515
    Avrg waiting time (machine travel)      : 0.0
    Avrg waiting time (service)             : 0.0
    Machines travel times (with vehicle)    : [1.5773, 0.7886, 0.7886, 4.7319, 10.2524, 5.5205]
    Machines travel times (no vehicle)      : [0.0, 0.0, 0.0, 1.5773, 3.1546, 1.5773]
    Max load per vehicle                    : [0.0, 0.0, 16.2791, 0.0, 0.0, 0.0, 0.0, 84.8837, 0.0, 0.0, 0.0, 0.0, 55.814, 91.3793, 0.0, 0.0, 84.7222, 0.0, 0.0, 0.0, 0.0, 0.0, 0.0, 0.0, 0.0, 0.0, 0.0, 63.7931, 0.0, 63.9535, 97.6744, 0.0, 0.0, 0.0, 93.0233, 0.0, 0.0, 0.0, 0.0, 0.0]

----------------------------------------------------

TOTAL: 4673.199999999999

Everything is awesome!
