Set parameter WLSAccessID
Set parameter WLSSecret
Set parameter LicenseID to value 2661775
Academic license 2661775 - for non-commercial use only - registered to me___@dcc.ufba.br
Loading line 2: methodType heur
Loading line 3: methodCode mslp
Loading line 4: seed 0
Loading line 5: threads 1
Loading line 6: greedy_service_order random
Loading line 7: outputFlagGrbMSLP 0
Loading line 8: mslpa 60000
Loading line 9: mslpr I
Loading line 10: maxtime 3600
Loading line 11: output ./logs/
Loading line 12: printsol 1
Loading line 13: solverMethod A
Instance: LR1_2_8_t1_40R_40V_04F_06M

[07:59:30.568] Running Data.readData with file /dados/rmelo/PDPTW-SE/benchmark_multi_floor_v3/official_experiments/multistartlp/preliminar/set_01_pt_02/../../../../instances/orig_ams_fg/40R_40V_04F_06M/t1/LR1_2_8/
vehicles: Vehicle[Vehicle(0, 58), Vehicle(1, 72), Vehicle(2, 86), Vehicle(3, 86), Vehicle(4, 58), Vehicle(5, 86), Vehicle(6, 72), Vehicle(7, 86), Vehicle(8, 58), Vehicle(9, 86), Vehicle(10, 72), Vehicle(11, 72), Vehicle(12, 86), Vehicle(13, 58), Vehicle(14, 58), Vehicle(15, 86), Vehicle(16, 72), Vehicle(17, 58), Vehicle(18, 72), Vehicle(19, 72), Vehicle(20, 72), Vehicle(21, 58), Vehicle(22, 58), Vehicle(23, 58), Vehicle(24, 86), Vehicle(25, 58), Vehicle(26, 86), Vehicle(27, 58), Vehicle(28, 72), Vehicle(29, 86), Vehicle(30, 86), Vehicle(31, 58), Vehicle(32, 58), Vehicle(33, 58), Vehicle(34, 86), Vehicle(35, 86), Vehicle(36, 58), Vehicle(37, 72), Vehicle(38, 58), Vehicle(39, 72)]
vehicle_types: Vehicle[Vehicle(0, 58), Vehicle(1, 72), Vehicle(2, 86)]
Machine[Machine(0, Point[Point(72, 70, 0), Point(72, 70, 1), Point(72, 70, 2), Point(72, 70, 3)], 0.2), Machine(1, Point[Point(74, 70, 0), Point(74, 70, 1), Point(74, 70, 2), Point(74, 70, 3)], 0.2), Machine(2, Point[Point(76, 70, 0), Point(76, 70, 1), Point(76, 70, 2), Point(76, 70, 3)], 0.2), Machine(3, Point[Point(68, 70, 0), Point(68, 70, 1), Point(68, 70, 2), Point(68, 70, 3)], 0.2), Machine(4, Point[Point(78, 70, 0), Point(78, 70, 1), Point(78, 70, 2), Point(78, 70, 3)], 0.2), Machine(5, Point[Point(66, 70, 0), Point(66, 70, 1), Point(66, 70, 2), Point(66, 70, 3)], 0.2)]
refs: [1, 2, 3, 4, 6, 8, 9, 11, 12, 14, 19, 20, 21, 22, 23, 25, 26, 28, 30, 31, 32, 33, 34, 35, 38, 39, 40, 42, 43, 45, 46, 47, 49, 50, 52, 53, 54, 55, 57, 59, 60, 66, 81, 36, 77, 44, 27, 56, 75, 17, 67, 63, 73, 79, 48, 41, 62, 24, 5, 70, 71, 13, 72, 7, 15, 58, 51, 69, 65, 64, 61, 78, 16, 18, 74, 76, 68, 37, 29, 80, 10, 1]
V: [1, 2, 3, 4, 5, 6, 7, 8, 9, 10, 11, 12, 13, 14, 15, 16, 17, 18, 19, 20, 21, 22, 23, 24, 25, 26, 27, 28, 29, 30, 31, 32, 33, 34, 35, 36, 37, 38, 39, 40, 41, 42, 43, 44, 45, 46, 47, 48, 49, 50, 51, 52, 53, 54, 55, 56, 57, 58, 59, 60, 61, 62, 63, 64, 65, 66, 67, 68, 69, 70, 71, 72, 73, 74, 75, 76, 77, 78, 79, 80, 81]
V_p: [2, 3, 4, 5, 6, 7, 8, 9, 10, 11, 12, 13, 14, 15, 16, 17, 18, 19, 20, 21, 22, 23, 24, 25, 26, 27, 28, 29, 30, 31, 32, 33, 34, 35, 36, 37, 38, 39, 40, 41]
V_d: [42, 43, 44, 45, 46, 47, 48, 49, 50, 51, 52, 53, 54, 55, 56, 57, 58, 59, 60, 61, 62, 63, 64, 65, 66, 67, 68, 69, 70, 71, 72, 73, 74, 75, 76, 77, 78, 79, 80, 81]
Vprime: [1, 2, 3, 4, 5, 6, 7, 8, 9, 10, 11, 12, 13, 14, 15, 16, 17, 18, 19, 20, 21, 22, 23, 24, 25, 26, 27, 28, 29, 30, 31, 32, 33, 34, 35, 36, 37, 38, 39, 40, 41, 42, 43, 44, 45, 46, 47, 48, 49, 50, 51, 52, 53, 54, 55, 56, 57, 58, 59, 60, 61, 62, 63, 64, 65, 66, 67, 68, 69, 70, 71, 72, 73, 74, 75, 76, 77, 78, 79, 80, 81, 82]
V: [1, 2, 3, 4, 5, 6, 7, 8, 9, 10, 11, 12, 13, 14, 15, 16, 17, 18, 19, 20, 21, 22, 23, 24, 25, 26, 27, 28, 29, 30, 31, 32, 33, 34, 35, 36, 37, 38, 39, 40, 41, 42, 43, 44, 45, 46, 47, 48, 49, 50, 51, 52, 53, 54, 55, 56, 57, 58, 59, 60, 61, 62, 63, 64, 65, 66, 67, 68, 69, 70, 71, 72, 73, 74, 75, 76, 77, 78, 79, 80, 81]
q: [0, 34, 8, 39, 14, 16, 27, 13, 24, 43, 13, 8, 30, 12, 7, 18, 33, 12, 15, 9, 23, 17, 23, 9, 35, 18, 32, 9, 31, 26, 9, 27, 12, 10, 1, 6, 36, 17, 33, 21, 4, -34, -8, -39, -14, -16, -27, -13, -24, -43, -13, -8, -30, -12, -7, -18, -33, -12, -15, -9, -23, -17, -23, -9, -35, -18, -32, -9, -31, -26, -9, -27, -12, -10, -1, -6, -36, -17, -33, -21, -4, 0]
H: [1, 2, 3, 4, 5, 6]
f: [[1, 1, 1, 1, 1, 1], [4, 4, 4, 4, 4, 4], [3, 3, 3, 3, 3, 3], [4, 4, 4, 4, 4, 4], [1, 1, 1, 1, 1, 1], [2, 2, 2, 2, 2, 2], [4, 4, 4, 4, 4, 4], [2, 2, 2, 2, 2, 2], [4, 4, 4, 4, 4, 4], [2, 2, 2, 2, 2, 2], [3, 3, 3, 3, 3, 3], [4, 4, 4, 4, 4, 4], [3, 3, 3, 3, 3, 3], [3, 3, 3, 3, 3, 3], [1, 1, 1, 1, 1, 1], [2, 2, 2, 2, 2, 2], [4, 4, 4, 4, 4, 4], [3, 3, 3, 3, 3, 3], [3, 3, 3, 3, 3, 3], [1, 1, 1, 1, 1, 1], [1, 1, 1, 1, 1, 1], [1, 1, 1, 1, 1, 1], [4, 4, 4, 4, 4, 4], [2, 2, 2, 2, 2, 2], [4, 4, 4, 4, 4, 4], [3, 3, 3, 3, 3, 3], [1, 1, 1, 1, 1, 1], [4, 4, 4, 4, 4, 4], [1, 1, 1, 1, 1, 1], [2, 2, 2, 2, 2, 2], [3, 3, 3, 3, 3, 3], [2, 2, 2, 2, 2, 2], [1, 1, 1, 1, 1, 1], [4, 4, 4, 4, 4, 4], [4, 4, 4, 4, 4, 4], [4, 4, 4, 4, 4, 4], [3, 3, 3, 3, 3, 3], [4, 4, 4, 4, 4, 4], [1, 1, 1, 1, 1, 1], [3, 3, 3, 3, 3, 3], [3, 3, 3, 3, 3, 3], [4, 4, 4, 4, 4, 4], [3, 3, 3, 3, 3, 3], [1, 1, 1, 1, 1, 1], [1, 1, 1, 1, 1, 1], [1, 1, 1, 1, 1, 1], [1, 1, 1, 1, 1, 1], [1, 1, 1, 1, 1, 1], [3, 3, 3, 3, 3, 3], [1, 1, 1, 1, 1, 1], [2, 2, 2, 2, 2, 2], [3, 3, 3, 3, 3, 3], [2, 2, 2, 2, 2, 2], [1, 1, 1, 1, 1, 1], [4, 4, 4, 4, 4, 4], [1, 1, 1, 1, 1, 1], [3, 3, 3, 3, 3, 3], [1, 1, 1, 1, 1, 1], [2, 2, 2, 2, 2, 2], [2, 2, 2, 2, 2, 2], [4, 4, 4, 4, 4, 4], [3, 3, 3, 3, 3, 3], [1, 1, 1, 1, 1, 1], [1, 1, 1, 1, 1, 1], [2, 2, 2, 2, 2, 2], [3, 3, 3, 3, 3, 3], [2, 2, 2, 2, 2, 2], [3, 3, 3, 3, 3, 3], [3, 3, 3, 3, 3, 3], [2, 2, 2, 2, 2, 2], [2, 2, 2, 2, 2, 2], [3, 3, 3, 3, 3, 3], [2, 2, 2, 2, 2, 2], [3, 3, 3, 3, 3, 3], [1, 1, 1, 1, 1, 1], [1, 1, 1, 1, 1, 1], [3, 3, 3, 3, 3, 3], [1, 1, 1, 1, 1, 1], [1, 1, 1, 1, 1, 1], [1, 1, 1, 1, 1, 1], [1, 1, 1, 1, 1, 1], [1, 1, 1, 1, 1, 1]]
1 1 1 -> 0.0
1 2 1 -> 5.0
1 3 1 -> 10.0
1 4 1 -> 15.0
2 1 1 -> 5.0
2 2 1 -> 0.0
2 3 1 -> 5.0
2 4 1 -> 10.0
3 1 1 -> 10.0
3 2 1 -> 5.0
3 3 1 -> 0.0
3 4 1 -> 5.0
4 1 1 -> 15.0
4 2 1 -> 10.0
4 3 1 -> 5.0
4 4 1 -> 0.0
1 1 2 -> 0.0
1 2 2 -> 5.0
1 3 2 -> 10.0
1 4 2 -> 15.0
2 1 2 -> 5.0
2 2 2 -> 0.0
2 3 2 -> 5.0
2 4 2 -> 10.0
3 1 2 -> 10.0
3 2 2 -> 5.0
3 3 2 -> 0.0
3 4 2 -> 5.0
4 1 2 -> 15.0
4 2 2 -> 10.0
4 3 2 -> 5.0
4 4 2 -> 0.0
1 1 3 -> 0.0
1 2 3 -> 5.0
1 3 3 -> 10.0
1 4 3 -> 15.0
2 1 3 -> 5.0
2 2 3 -> 0.0
2 3 3 -> 5.0
2 4 3 -> 10.0
3 1 3 -> 10.0
3 2 3 -> 5.0
3 3 3 -> 0.0
3 4 3 -> 5.0
4 1 3 -> 15.0
4 2 3 -> 10.0
4 3 3 -> 5.0
4 4 3 -> 0.0
1 1 4 -> 0.0
1 2 4 -> 5.0
1 3 4 -> 10.0
1 4 4 -> 15.0
2 1 4 -> 5.0
2 2 4 -> 0.0
2 3 4 -> 5.0
2 4 4 -> 10.0
3 1 4 -> 10.0
3 2 4 -> 5.0
3 3 4 -> 0.0
3 4 4 -> 5.0
4 1 4 -> 15.0
4 2 4 -> 10.0
4 3 4 -> 5.0
4 4 4 -> 0.0
1 1 5 -> 0.0
1 2 5 -> 5.0
1 3 5 -> 10.0
1 4 5 -> 15.0
2 1 5 -> 5.0
2 2 5 -> 0.0
2 3 5 -> 5.0
2 4 5 -> 10.0
3 1 5 -> 10.0
3 2 5 -> 5.0
3 3 5 -> 0.0
3 4 5 -> 5.0
4 1 5 -> 15.0
4 2 5 -> 10.0
4 3 5 -> 5.0
4 4 5 -> 0.0
1 1 6 -> 0.0
1 2 6 -> 5.0
1 3 6 -> 10.0
1 4 6 -> 15.0
2 1 6 -> 5.0
2 2 6 -> 0.0
2 3 6 -> 5.0
2 4 6 -> 10.0
3 1 6 -> 10.0
3 2 6 -> 5.0
3 3 6 -> 0.0
3 4 6 -> 5.0
4 1 6 -> 15.0
4 2 6 -> 10.0
4 3 6 -> 5.0
4 4 6 -> 0.0
o: (1, 2, 3) => 5.0
o: (3, 1, 3) => 10.0
o: (1, 3, 5) => 10.0
o: (3, 2, 4) => 5.0
o: (1, 4, 5) => 15.0
o: (4, 3, 6) => 5.0
o: (4, 4, 6) => 0.0
o: (3, 2, 3) => 5.0
o: (3, 3, 5) => 0.0
o: (2, 1, 1) => 5.0
o: (3, 4, 5) => 5.0
o: (1, 3, 2) => 10.0
o: (1, 4, 2) => 15.0
o: (4, 3, 4) => 5.0
o: (2, 2, 1) => 0.0
o: (4, 4, 4) => 0.0
o: (3, 3, 2) => 0.0
o: (3, 4, 2) => 5.0
o: (4, 3, 3) => 5.0
o: (4, 4, 3) => 0.0
o: (1, 1, 5) => 0.0
o: (4, 1, 6) => 15.0
o: (1, 2, 5) => 5.0
o: (3, 1, 5) => 10.0
o: (1, 3, 1) => 10.0
o: (4, 2, 6) => 10.0
o: (1, 1, 2) => 0.0
o: (1, 4, 1) => 15.0
o: (2, 3, 6) => 5.0
o: (4, 1, 4) => 15.0
o: (3, 2, 5) => 5.0
o: (2, 4, 6) => 10.0
o: (3, 3, 1) => 0.0
o: (1, 2, 2) => 5.0
o: (3, 1, 2) => 10.0
o: (3, 4, 1) => 5.0
o: (4, 1, 3) => 15.0
o: (4, 2, 4) => 10.0
o: (3, 2, 2) => 5.0
o: (2, 3, 4) => 5.0
o: (4, 2, 3) => 10.0
o: (2, 4, 4) => 10.0
o: (4, 3, 5) => 5.0
o: (4, 4, 5) => 0.0
o: (1, 1, 1) => 0.0
o: (2, 3, 3) => 5.0
o: (2, 4, 3) => 10.0
o: (2, 1, 6) => 5.0
o: (4, 3, 2) => 5.0
o: (1, 2, 1) => 5.0
o: (3, 1, 1) => 10.0
o: (4, 4, 2) => 0.0
o: (2, 2, 6) => 0.0
o: (3, 2, 1) => 5.0
o: (2, 1, 4) => 5.0
o: (4, 1, 5) => 15.0
o: (2, 1, 3) => 5.0
o: (2, 2, 4) => 0.0
o: (4, 2, 5) => 10.0
o: (4, 3, 1) => 5.0
o: (1, 3, 6) => 10.0
o: (4, 1, 2) => 15.0
o: (4, 4, 1) => 0.0
o: (2, 2, 3) => 0.0
o: (2, 3, 5) => 5.0
o: (1, 4, 6) => 15.0
o: (2, 4, 5) => 10.0
o: (3, 3, 6) => 0.0
o: (4, 2, 2) => 10.0
o: (3, 4, 6) => 5.0
o: (1, 3, 4) => 10.0
o: (2, 3, 2) => 5.0
o: (1, 4, 4) => 15.0
o: (2, 4, 2) => 10.0
o: (1, 3, 3) => 10.0
o: (3, 3, 4) => 0.0
o: (1, 4, 3) => 15.0
o: (3, 4, 4) => 5.0
o: (4, 1, 1) => 15.0
o: (1, 1, 6) => 0.0
o: (2, 1, 5) => 5.0
o: (3, 3, 3) => 0.0
o: (3, 4, 3) => 5.0
o: (4, 2, 1) => 10.0
o: (1, 2, 6) => 5.0
o: (3, 1, 6) => 10.0
o: (2, 2, 5) => 0.0
o: (2, 3, 1) => 5.0
o: (1, 1, 4) => 0.0
o: (2, 1, 2) => 5.0
o: (2, 4, 1) => 10.0
o: (3, 2, 6) => 5.0
o: (1, 1, 3) => 0.0
o: (1, 2, 4) => 5.0
o: (2, 2, 2) => 0.0
o: (3, 1, 4) => 10.0

[130, 838, 828, 740, 730, 745, 665, 16]
JOBS in the order of refs (Vprime)
Node 1: Job(0, Point(70, 70, 0), 0, 0, 634, 0, 0, 0)
Node 2: Job(1, Point(107, 77, 3), 34, 0, 587, 10, 0, 103)
Node 3: Job(2, Point(109, 139, 2), 8, 0, 545, 10, 0, 200)
Node 4: Job(3, Point(120, 22, 3), 39, 114, 144, 10, 0, 50)
Node 5: Job(6, Point(12, 138, 0), 14, 275, 305, 10, 0, 173)
Node 6: Job(12, Point(12, 84, 1), 16, 0, 565, 10, 0, 58)
Node 7: Job(13, Point(44, 116, 3), 27, 0, 572, 10, 0, 38)
Node 8: Job(15, Point(41, 36, 1), 13, 51, 81, 10, 0, 70)
Node 9: Job(16, Point(132, 133, 3), 24, 0, 536, 10, 0, 170)
Node 10: Job(21, Point(138, 78, 1), 43, 0, 556, 10, 0, 26)
Node 11: Job(29, Point(20, 69, 2), 13, 378, 408, 10, 0, 110)
Node 12: Job(30, Point(64, 132, 3), 8, 62, 92, 10, 0, 83)
Node 13: Job(31, Point(115, 82, 2), 30, 0, 578, 10, 0, 154)
Node 14: Job(33, Point(30, 21, 2), 12, 0, 561, 10, 0, 186)
Node 15: Job(34, Point(63, 129, 0), 7, 206, 236, 10, 0, 62)
Node 16: Job(36, Point(108, 30, 1), 18, 0, 569, 10, 0, 55)
Node 17: Job(37, Point(37, 73, 3), 33, 0, 591, 10, 0, 82)
Node 18: Job(40, Point(92, 138, 2), 12, 402, 432, 10, 0, 35)
Node 19: Job(43, Point(13, 48, 2), 15, 0, 563, 10, 0, 4)
Node 20: Job(44, Point(113, 35, 0), 9, 0, 569, 10, 0, 137)
Node 21: Job(45, Point(60, 84, 0), 23, 0, 607, 10, 0, 138)
Node 22: Job(47, Point(8, 87, 0), 17, 0, 560, 10, 0, 19)
Node 23: Job(48, Point(116, 105, 3), 23, 0, 567, 10, 0, 148)
Node 24: Job(49, Point(117, 4, 1), 9, 0, 543, 10, 0, 7)
Node 25: Job(52, Point(58, 95, 3), 35, 485, 515, 10, 0, 24)
Node 26: Job(53, Point(103, 119, 2), 18, 0, 565, 10, 0, 76)
Node 27: Job(54, Point(32, 52, 0), 32, 0, 582, 10, 0, 65)
Node 28: Job(56, Point(54, 41, 3), 9, 0, 591, 10, 0, 129)
Node 29: Job(57, Point(39, 100, 0), 31, 0, 581, 10, 0, 97)
Node 30: Job(59, Point(67, 96, 1), 26, 0, 598, 10, 0, 88)
Node 31: Job(60, Point(73, 96, 2), 9, 0, 598, 10, 0, 81)
Node 32: Job(61, Point(112, 13, 1), 27, 0, 554, 10, 0, 180)
Node 33: Job(63, Point(103, 44, 0), 12, 42, 72, 10, 0, 25)
Node 34: Job(64, Point(97, 12, 3), 10, 0, 561, 10, 0, 27)
Node 35: Job(66, Point(140, 36, 3), 1, 0, 547, 10, 0, 158)
Node 36: Job(67, Point(90, 44, 3), 6, 52, 82, 10, 0, 172)
Node 37: Job(68, Point(113, 32, 2), 36, 144, 174, 10, 0, 116)
Node 38: Job(69, Point(104, 73, 3), 17, 0, 590, 10, 0, 51)
Node 39: Job(75, Point(88, 29, 0), 33, 550, 580, 10, 0, 41)
Node 40: Job(77, Point(10, 111, 2), 21, 0, 552, 10, 0, 198)
Node 41: Job(79, Point(113, 45, 2), 4, 0, 575, 10, 0, 14)
Node 42: Job(103, Point(103, 82, 3), -34, 0, 589, 10, 1, 0)
Node 43: Job(200, Point(95, 135, 2), -8, 401, 431, 10, 2, 0)
Node 44: Job(50, Point(140, 42, 0), -39, 0, 549, 10, 3, 0)
Node 45: Job(173, Point(33, 117, 0), -14, 0, 565, 10, 6, 0)
Node 46: Job(58, Point(5, 99, 0), -16, 0, 553, 10, 12, 0)
Node 47: Job(38, Point(50, 112, 0), -27, 0, 578, 10, 13, 0)
Node 48: Job(70, Point(36, 38, 0), -13, 0, 578, 10, 15, 0)
Node 49: Job(170, Point(136, 123, 2), -24, 319, 349, 10, 16, 0)
Node 50: Job(26, Point(139, 73, 0), -43, 0, 555, 10, 21, 0)
Node 51: Job(110, Point(34, 72, 1), -13, 0, 588, 10, 29, 0)
Node 52: Job(83, Point(51, 92, 2), -8, 0, 595, 10, 30, 0)
Node 53: Job(154, Point(86, 80, 1), -30, 0, 606, 10, 31, 0)
Node 54: Job(186, Point(15, 18, 0), -12, 0, 549, 10, 33, 0)
Node 55: Job(62, Point(55, 127, 3), -7, 0, 566, 10, 34, 0)
Node 56: Job(55, Point(89, 39, 0), -18, 0, 588, 10, 36, 0)
Node 57: Job(82, Point(10, 86, 2), -33, 0, 562, 10, 37, 0)
Node 58: Job(35, Point(82, 100, 0), -12, 0, 592, 10, 40, 0)
Node 59: Job(4, Point(48, 47, 1), -15, 0, 593, 10, 43, 0)
Node 60: Job(137, Point(104, 32, 1), -9, 0, 574, 10, 44, 0)
Node 61: Job(138, Point(55, 102, 3), -23, 0, 589, 10, 45, 0)
Node 62: Job(19, Point(22, 104, 2), -17, 0, 566, 10, 47, 0)
Node 63: Job(148, Point(123, 84, 0), -23, 0, 570, 10, 48, 0)
Node 64: Job(7, Point(86, 40, 0), -9, 0, 590, 10, 49, 0)
Node 65: Job(24, Point(66, 82, 1), -35, 0, 612, 10, 52, 0)
Node 66: Job(76, Point(109, 131, 2), -18, 226, 256, 10, 53, 0)
Node 67: Job(65, Point(16, 62, 1), -32, 0, 570, 10, 54, 0)
Node 68: Job(129, Point(23, 39, 2), -9, 0, 568, 10, 56, 0)
Node 69: Job(97, Point(58, 80, 2), -31, 0, 609, 10, 57, 0)
Node 70: Job(88, Point(69, 116, 1), -26, 0, 578, 10, 59, 0)
Node 71: Job(81, Point(85, 75, 1), -9, 0, 609, 10, 60, 0)
Node 72: Job(180, Point(106, 10, 2), -27, 0, 555, 10, 61, 0)
Node 73: Job(25, Point(107, 25, 1), -12, 0, 566, 10, 63, 0)
Node 74: Job(27, Point(101, 0, 2), -10, 0, 548, 10, 64, 0)
Node 75: Job(158, Point(120, 47, 0), -1, 0, 569, 10, 66, 0)
Node 76: Job(172, Point(120, 52, 0), -6, 374, 404, 10, 67, 0)
Node 77: Job(116, Point(110, 28, 2), -36, 305, 335, 10, 68, 0)
Node 78: Job(51, Point(139, 68, 0), -17, 0, 555, 10, 69, 0)
Node 79: Job(41, Point(81, 36, 0), -33, 0, 589, 10, 75, 0)
Node 80: Job(198, Point(27, 104, 0), -21, 0, 570, 10, 77, 0)
Node 81: Job(14, Point(102, 52, 0), -4, 0, 588, 10, 79, 0)
Node 82: Job(0, Point(70, 70, 0), 0, 0, 634, 0, 0, 0)

### Preprocessing Data ###
	-> arcs: 6724 (100.0%)
	-> arc_removals: 2387 (35.5%)
	-> arc_removals_is_loop: 82 (1.22%)
	-> arc_removals_is_delivery_to_pickup: 42 (0.62%)
	-> arc_removals_is_depot_begin_to_delivery: 40 (0.59%)
	-> arc_removals_is_pickup_to_depot_end: 40 (0.59%)
	-> arc_removals_is_dest_depot_begin: 80 (1.19%)
	-> arc_removals_is_orig_depot_end: 79 (1.17%)
	-> arc_removals_is_capacity_violated: 0 (0.0%)
	-> arc_removals_is_time_window_limited: 1158 (17.22%)
	-> arc_removals_is_time_window_pairing_limited: 810 (12.05%)
	-> arc_removals_is_indirect_request_service_impossible: 56 (0.83%)
	-> gamma_vars: 0 (0%)
	-> feas_gamma_vars: 0 (0%)
	-> infeas_gamma_vars_is_next_mtrv_unreachable: 0 (0%)
	-> infeas_gamma_vars_is_iprime_jprime_eq_i_j: 0 (0%)
	-> machine_removal_for_an_arc: 0 (0.0%)
##########################

[07:59:40.231] Print configuration
------------------------------------------------------
"
[07:59:40.231] Running Multi Start Heuristic"
> Experiment started at 2025-10-06T07:59:40.231
> Instance: LR1_2_8_t1_40R_40V_04F_06M
> Algorithm Parameters:


	>Stop params:
		>  - rule ITERATIONS
		>  - argument 60000.0
		>  - maximum_time 3600

	>General params:
		>  - instPath /dados/rmelo/PDPTW-SE/benchmark_multi_floor_v3/official_experiments/multistartlp/preliminar/set_01_pt_02/../../../../instances/orig_ams_fg/40R_40V_04F_06M/t1/LR1_2_8/
		>  - name LR1_2_8
		>  - type t1
		>  - group 40R_40V_04F_06M
		>  - fullname LR1_2_8_t1_40R_40V_04F_06M
		>  - methodType heur
		>  - methodCode mslp
		>  - genconfigfile /dados/rmelo/PDPTW-SE/benchmark_multi_floor_v3/official_experiments/multistartlp/preliminar/set_01_pt_02/configs/genconfig_mslp.conf
		>  - genconfigfilename genconfig_mslp
		>  - greedy_service_order random
		>  - cutoff 0
		>  - cutoffmachs 6
		>  - num_machs 0
		>  - solver Gurobi
		>  - maxtime 3600
		>  - gurobiCuts 1
		>  - typeUserCut 0
		>  - mipPresolve -1
		>  - printsol 1
		>  - maxnodes -1
		>  - elevator 1
		>  - make_instance_feasible false
		>  - output /dados/rmelo/PDPTW-SE/benchmark_multi_floor_v3/official_experiments/multistartlp/preliminar/set_01_pt_02/logs
		>  - suff_outputs _seed_150_alpha_15p
		>  - suff_csv _bash_3
		>  - epsilon 0.005
		>  - epsilonCap 0.5
		>  - warmStart false
		>  - seed 150
		>  - rng Random.MersenneTwister(150)
		>  - alpha 0.15
		>  - maxiter 1000000
		>  - outputFlagGrbMIP 0
		>  - outputFlagGrbMSLP 0
		>  - outputFlagGrbLMNS 0
		>  - mslpr I
		>  - mslpa 60000
		>  - lmnsr M
		>  - lmnsa 60
		>  - lmnsRepairTime 30.0
		>  - lmnsMIPFocus 0
		>  - lmnsGapToBiggerDestruction 50
		>  - lmnsGapToSmallerDestruction 95
		>  - lmnsWeightShawDistProx 1.0
		>  - lmnsWeightShawEarlProx 1.0
		>  - lmnsWeightShawSameRoute 1.0
		>  - lmnsWeightShawDemandSim 1.0
		>  - lmnsReqRApplyMIPStart true
		>  - lmnsAcceptanceCriteria H
		>  - lmnsMetropolisTemp 100.0
		>  - lmnsSimulatedAnnealingTemp 100.0
		>  - lmnsSimulatedAnnealingCool 0.95
		>  - mipmaxtime 3600
		>  - csvfilename /dados/rmelo/PDPTW-SE/benchmark_multi_floor_v3/official_experiments/multistartlp/preliminar/set_01_pt_02/logs/heur_mslp/outputs/csvresults_heur_mslp_bash_3.csv
		>  - solfilename /dados/rmelo/PDPTW-SE/benchmark_multi_floor_v3/official_experiments/multistartlp/preliminar/set_01_pt_02/logs/heur_mslp/solutions/40R_40V_04F_06M/LR1_2_8_sol_genconfig_mslp_seed_150_alpha_15p.txt
		>  - timelineFilename /dados/rmelo/PDPTW-SE/benchmark_multi_floor_v3/official_experiments/multistartlp/preliminar/set_01_pt_02/logs/heur_mslp/timelines/40R_40V_04F_06M/LR1_2_8_timeline_genconfig_mslp_seed_150_alpha_15p.txt
		>  - grbFilename /dados/rmelo/PDPTW-SE/benchmark_multi_floor_v3/official_experiments/multistartlp/preliminar/set_01_pt_02/logs/heur_mslp/gurobi/40R_40V_04F_06M/LR1_2_8_grb_genconfig_mslp_seed_150_alpha_15p.log
		>  - threads 1
		>  - solverMethod AUTOMATIC

------------------------------------------------------
objValue;greedysol;iteration;time
7360.27;7485.07;1;0.028267
7155.02;7286.63;6;0.455402
7149.21;7402.77;10;0.548974
6866.76;6931.36;14;0.664482
6507.30;6752.22;17;0.722148
6493.59;6636.38;633;17.617394
6465.46;6864.41;5908;161.792807
6459.87;6620.76;6630;181.557136
6296.55;6422.93;7300;199.731239
6200.57;6335.72;20810;567.759375

[08:26:54.756] Finished running MSLP

[08:26:54.756] Post running MSLP
Best solution value: 6200.57
Total time elapsed: 1634.421055
Time to best: 567.759375
Iterations: 60000
Iterations to best: 20810
Improvements: 10
Infeasible solutions percentage: (19592 / 60000) = 32.6533 %
(LP improvements)/(LP runs) = 40408/40408 = 100.0000 %
Mean LP improvement percentage: 2.7514 %
[08:26:55.077] Writing results to CSV file: /dados/rmelo/PDPTW-SE/benchmark_multi_floor_v3/official_experiments/multistartlp/preliminar/set_01_pt_02/logs/heur_mslp/outputs/csvresults_heur_mslp_bash_3.csv

[08:26:57.068] Saving solution to file:/dados/rmelo/PDPTW-SE/benchmark_multi_floor_v3/official_experiments/multistartlp/preliminar/set_01_pt_02/logs/heur_mslp/solutions/40R_40V_04F_06M/LR1_2_8_sol_genconfig_mslp_seed_150_alpha_15p.txt

[08:26:57.068] Saving solution timeline to file: /dados/rmelo/PDPTW-SE/benchmark_multi_floor_v3/official_experiments/multistartlp/preliminar/set_01_pt_02/logs/heur_mslp/timelines/40R_40V_04F_06M/LR1_2_8_timeline_genconfig_mslp_seed_150_alpha_15p.txt
---------------------| VEHICLES |---------------------

Vehicle 1 :
	id: 0
		node: 1
		(x, y, z): (70, 70, 0)
		dem: 0
		earl: 0
		lat: 634
		servt: 0
		pid: 0
		did: 0
		servST: 0.0
		(h, h_ind): (-1, 0)
		load: 0.0

	Finished service at time: 0.0

	Using Machine: 3
		Task 0 -> Machine 3 (Station 1): 2.0
		Vehicle arrival at machine station: 2.0
		Waiting time until machine travel: -0.0

		Machine travel start time: 1.9999999999999964
		Region 0 -> Region 1: 5.0
		Machine arrival at machine station: 6.9999999999999964

		Machine 3 (Station 2)-> Task 59: 26.02
		Vehicle arrival at task: 33.019999999999996
		Waiting time until service start time: 0.0

	id: 59
		node: 30
		(x, y, z): (67, 96, 1)
		dem: 26
		earl: 0
		lat: 598
		servt: 10
		pid: 0
		did: 88
		servST: 33.019999999999996
		(h, h_ind): (3, 1)
		load: 26.0

	Finished service at time: 43.019999999999996

	Task 59 -> Task 88: 20.1
	Vehicle arrival at task: 63.12
	Waiting time until service start time: 0.0

	id: 88
		node: 70
		(x, y, z): (69, 116, 1)
		dem: -26
		earl: 0
		lat: 578
		servt: 10
		pid: 59
		did: 0
		servST: 63.12
		(h, h_ind): (-1, 0)
		load: 0.0

	Finished service at time: 73.12

	Using Machine: 5
		Task 88 -> Machine 5 (Station 2): 46.1
		Vehicle arrival at machine station: 119.22
		Waiting time until machine travel: 0.0

		Machine travel start time: 119.22
		Region 1 -> Region 3: 10.0
		Machine arrival at machine station: 129.22

		Machine 5 (Station 4)-> Task 56: 31.38
		Vehicle arrival at task: 160.6
		Waiting time until service start time: 0.0

	id: 56
		node: 28
		(x, y, z): (54, 41, 3)
		dem: 9
		earl: 0
		lat: 591
		servt: 10
		pid: 0
		did: 129
		servST: 160.6
		(h, h_ind): (5, 4)
		load: 9.0

	Finished service at time: 170.6

	Task 56 -> Task 37: 36.24
	Vehicle arrival at task: 206.84
	Waiting time until service start time: 0.0

	id: 37
		node: 17
		(x, y, z): (37, 73, 3)
		dem: 33
		earl: 0
		lat: 591
		servt: 10
		pid: 0
		did: 82
		servST: 206.84
		(h, h_ind): (-1, 0)
		load: 42.0

	Finished service at time: 216.84

	Using Machine: 5
		Task 37 -> Machine 5 (Station 4): 29.15
		Vehicle arrival at machine station: 245.99
		Waiting time until machine travel: 0.0

		Machine travel start time: 245.99
		Region 3 -> Region 2: 5.0
		Machine arrival at machine station: 250.99

		Machine 5 (Station 3)-> Task 82: 58.24
		Vehicle arrival at task: 309.23
		Waiting time until service start time: 0.0

	id: 82
		node: 57
		(x, y, z): (10, 86, 2)
		dem: -33
		earl: 0
		lat: 562
		servt: 10
		pid: 37
		did: 0
		servST: 309.23
		(h, h_ind): (5, 6)
		load: 9.0

	Finished service at time: 319.23

	Task 82 -> Task 43: 38.12
	Vehicle arrival at task: 357.35
	Waiting time until service start time: 0.0

	id: 43
		node: 19
		(x, y, z): (13, 48, 2)
		dem: 15
		earl: 0
		lat: 563
		servt: 10
		pid: 0
		did: 4
		servST: 357.35
		(h, h_ind): (-1, 0)
		load: 24.0

	Finished service at time: 367.35

	Task 43 -> Task 29: 22.14
	Vehicle arrival at task: 389.49
	Waiting time until service start time: 0.0

	id: 29
		node: 11
		(x, y, z): (20, 69, 2)
		dem: 13
		earl: 378
		lat: 408
		servt: 10
		pid: 0
		did: 110
		servST: 389.49
		(h, h_ind): (-1, 0)
		load: 37.0

	Finished service at time: 399.49

	Task 29 -> Task 129: 30.15
	Vehicle arrival at task: 429.64
	Waiting time until service start time: 0.0

	id: 129
		node: 68
		(x, y, z): (23, 39, 2)
		dem: -9
		earl: 0
		lat: 568
		servt: 10
		pid: 56
		did: 0
		servST: 429.64
		(h, h_ind): (-1, 0)
		load: 28.0

	Finished service at time: 439.64

	Using Machine: 5
		Task 129 -> Machine 5 (Station 3): 53.01
		Vehicle arrival at machine station: 492.65
		Waiting time until machine travel: 0.0

		Machine travel start time: 492.65
		Region 2 -> Region 1: 5.0
		Machine arrival at machine station: 497.65

		Machine 5 (Station 2)-> Task 110: 32.06
		Vehicle arrival at task: 529.71
		Waiting time until service start time: 0.0

	id: 110
		node: 51
		(x, y, z): (34, 72, 1)
		dem: -13
		earl: 0
		lat: 588
		servt: 10
		pid: 29
		did: 0
		servST: 529.71
		(h, h_ind): (5, 11)
		load: 15.0

	Finished service at time: 539.71

	Task 110 -> Task 4: 28.65
	Vehicle arrival at task: 568.36
	Waiting time until service start time: 0.0

	id: 4
		node: 59
		(x, y, z): (48, 47, 1)
		dem: -15
		earl: 0
		lat: 593
		servt: 10
		pid: 43
		did: 0
		servST: 568.36
		(h, h_ind): (-1, 0)
		load: 0.0

	Finished service at time: 578.36

	Using Machine: 3
		Task 4 -> Machine 3 (Station 2): 30.48
		Vehicle arrival at machine station: 608.84
		Waiting time until machine travel: 0.0

		Machine travel start time: 608.84
		Region 1 -> Region 0: 5.0
		Machine arrival at machine station: 613.84

		Machine 3 (Station 1)-> Task 0: 2.0
		Vehicle arrival at task: 615.84
		Waiting time until service start time: 0.0

	id: 0
		node: 82
		(x, y, z): (70, 70, 0)
		dem: 0
		earl: 0
		lat: 634
		servt: 0
		pid: 0
		did: 0
		servST: 615.84
		(h, h_ind): (3, 9)
		load: 0.0


Vehicle 4 :
	id: 0
		node: 1
		(x, y, z): (70, 70, 0)
		dem: 0
		earl: 0
		lat: 634
		servt: 0
		pid: 0
		did: 0
		servST: 104.96000000000001
		(h, h_ind): (-1, 0)
		load: 0.0

	Finished service at time: 104.96000000000001

	Using Machine: 2
		Task 0 -> Machine 2 (Station 1): 6.0
		Vehicle arrival at machine station: 110.96000000000001
		Waiting time until machine travel: 0.0

		Machine travel start time: 110.96000000000001
		Region 0 -> Region 2: 10.0
		Machine arrival at machine station: 120.96000000000001

		Machine 2 (Station 3)-> Task 68: 53.04
		Vehicle arrival at task: 174.0
		Waiting time until service start time: 0.0

	id: 68
		node: 37
		(x, y, z): (113, 32, 2)
		dem: 36
		earl: 144
		lat: 174
		servt: 10
		pid: 0
		did: 116
		servST: 174.0
		(h, h_ind): (2, 2)
		load: 36.0

	Finished service at time: 184.0

	Task 68 -> Task 116: 5.0
	Vehicle arrival at task: 189.0
	Waiting time until service start time: 116.0

	id: 116
		node: 77
		(x, y, z): (110, 28, 2)
		dem: -36
		earl: 305
		lat: 335
		servt: 10
		pid: 68
		did: 0
		servST: 305.0
		(h, h_ind): (-1, 0)
		load: 0.0

	Finished service at time: 315.0

	Task 116 -> Task 79: 17.26
	Vehicle arrival at task: 332.26
	Waiting time until service start time: 0.0

	id: 79
		node: 41
		(x, y, z): (113, 45, 2)
		dem: 4
		earl: 0
		lat: 575
		servt: 10
		pid: 0
		did: 14
		servST: 332.26
		(h, h_ind): (-1, 0)
		load: 4.0

	Finished service at time: 342.26

	Task 79 -> Task 31: 37.05
	Vehicle arrival at task: 379.31
	Waiting time until service start time: 0.0

	id: 31
		node: 13
		(x, y, z): (115, 82, 2)
		dem: 30
		earl: 0
		lat: 578
		servt: 10
		pid: 0
		did: 154
		servST: 379.31
		(h, h_ind): (-1, 0)
		load: 34.0

	Finished service at time: 389.31

	Using Machine: 2
		Task 31 -> Machine 2 (Station 3): 40.8
		Vehicle arrival at machine station: 430.11
		Waiting time until machine travel: 0.0

		Machine travel start time: 430.11
		Region 2 -> Region 0: 10.0
		Machine arrival at machine station: 440.11

		Machine 2 (Station 1)-> Task 14: 31.62
		Vehicle arrival at task: 471.73
		Waiting time until service start time: 0.0

	id: 14
		node: 81
		(x, y, z): (102, 52, 0)
		dem: -4
		earl: 0
		lat: 588
		servt: 10
		pid: 79
		did: 0
		servST: 471.73
		(h, h_ind): (2, 4)
		load: 30.0

	Finished service at time: 481.73

	Using Machine: 4
		Task 14 -> Machine 4 (Station 1): 30.0
		Vehicle arrival at machine station: 511.73
		Waiting time until machine travel: 0.0

		Machine travel start time: 511.73
		Region 0 -> Region 1: 5.0
		Machine arrival at machine station: 516.73

		Machine 4 (Station 2)-> Task 154: 12.81
		Vehicle arrival at task: 529.54
		Waiting time until service start time: 0.0

	id: 154
		node: 53
		(x, y, z): (86, 80, 1)
		dem: -30
		earl: 0
		lat: 606
		servt: 10
		pid: 31
		did: 0
		servST: 529.54
		(h, h_ind): (4, 10)
		load: 0.0

	Finished service at time: 539.54

	Using Machine: 0
		Task 154 -> Machine 0 (Station 2): 17.2
		Vehicle arrival at machine station: 556.74
		Waiting time until machine travel: 0.0

		Machine travel start time: 556.74
		Region 1 -> Region 0: 5.0
		Machine arrival at machine station: 561.74

		Machine 0 (Station 1)-> Task 0: 2.0
		Vehicle arrival at task: 563.74
		Waiting time until service start time: 0.0

	id: 0
		node: 82
		(x, y, z): (70, 70, 0)
		dem: 0
		earl: 0
		lat: 634
		servt: 0
		pid: 0
		did: 0
		servST: 563.74
		(h, h_ind): (0, 2)
		load: 0.0


Vehicle 6 :
	id: 0
		node: 1
		(x, y, z): (70, 70, 0)
		dem: 0
		earl: 0
		lat: 634
		servt: 0
		pid: 0
		did: 0
		servST: 0.0
		(h, h_ind): (-1, 0)
		load: 0.0

	Finished service at time: 0.0

	Task 0 -> Task 47: 64.29
	Vehicle arrival at task: 64.29
	Waiting time until service start time: 0.0

	id: 47
		node: 22
		(x, y, z): (8, 87, 0)
		dem: 17
		earl: 0
		lat: 560
		servt: 10
		pid: 0
		did: 19
		servST: 64.29
		(h, h_ind): (-1, 0)
		load: 17.0

	Finished service at time: 74.29

	Using Machine: 3
		Task 47 -> Machine 3 (Station 1): 62.36
		Vehicle arrival at machine station: 136.65
		Waiting time until machine travel: 0.0

		Machine travel start time: 136.65
		Region 0 -> Region 1: 5.0
		Machine arrival at machine station: 141.65

		Machine 3 (Station 2)-> Task 61: 72.01
		Vehicle arrival at task: 213.66000000000003
		Waiting time until service start time: 0.0

	id: 61
		node: 32
		(x, y, z): (112, 13, 1)
		dem: 27
		earl: 0
		lat: 554
		servt: 10
		pid: 0
		did: 180
		servST: 213.66000000000003
		(h, h_ind): (3, 3)
		load: 44.0

	Finished service at time: 223.66000000000003

	Using Machine: 4
		Task 61 -> Machine 4 (Station 2): 66.37
		Vehicle arrival at machine station: 290.03000000000003
		Waiting time until machine travel: 0.0

		Machine travel start time: 290.03000000000003
		Region 1 -> Region 2: 5.0
		Machine arrival at machine station: 295.03000000000003

		Machine 4 (Station 3)-> Task 180: 66.21
		Vehicle arrival at task: 361.24
		Waiting time until service start time: 0.0

	id: 180
		node: 72
		(x, y, z): (106, 10, 2)
		dem: -27
		earl: 0
		lat: 555
		servt: 10
		pid: 61
		did: 0
		servST: 361.24
		(h, h_ind): (4, 6)
		load: 17.0

	Finished service at time: 371.24

	Task 180 -> Task 19: 126.06
	Vehicle arrival at task: 497.3
	Waiting time until service start time: 0.0

	id: 19
		node: 62
		(x, y, z): (22, 104, 2)
		dem: -17
		earl: 0
		lat: 566
		servt: 10
		pid: 47
		did: 0
		servST: 497.3
		(h, h_ind): (-1, 0)
		load: 0.0

	Finished service at time: 507.3

	Using Machine: 3
		Task 19 -> Machine 3 (Station 3): 57.2
		Vehicle arrival at machine station: 564.5
		Waiting time until machine travel: 0.0

		Machine travel start time: 564.5
		Region 2 -> Region 0: 10.0
		Machine arrival at machine station: 574.5

		Machine 3 (Station 1)-> Task 0: 2.0
		Vehicle arrival at task: 576.5
		Waiting time until service start time: 0.0

	id: 0
		node: 82
		(x, y, z): (70, 70, 0)
		dem: 0
		earl: 0
		lat: 634
		servt: 0
		pid: 0
		did: 0
		servST: 576.5
		(h, h_ind): (3, 7)
		load: 0.0


Vehicle 8 :
	id: 0
		node: 1
		(x, y, z): (70, 70, 0)
		dem: 0
		earl: 0
		lat: 634
		servt: 0
		pid: 0
		did: 0
		servST: 12.409999999999997
		(h, h_ind): (-1, 0)
		load: 0.0

	Finished service at time: 12.409999999999997

	Using Machine: 3
		Task 0 -> Machine 3 (Station 1): 2.0
		Vehicle arrival at machine station: 14.409999999999997
		Waiting time until machine travel: 0.0

		Machine travel start time: 14.409999999999997
		Region 0 -> Region 3: 15.0
		Machine arrival at machine station: 29.409999999999997

		Machine 3 (Station 4)-> Task 64: 64.85
		Vehicle arrival at task: 94.25999999999999
		Waiting time until service start time: 0.0

	id: 64
		node: 34
		(x, y, z): (97, 12, 3)
		dem: 10
		earl: 0
		lat: 561
		servt: 10
		pid: 0
		did: 27
		servST: 94.25999999999999
		(h, h_ind): (3, 2)
		load: 10.0

	Finished service at time: 104.25999999999999

	Using Machine: 4
		Task 64 -> Machine 4 (Station 4): 61.03
		Vehicle arrival at machine station: 165.29
		Waiting time until machine travel: 0.0

		Machine travel start time: 165.29
		Region 3 -> Region 2: 5.0
		Machine arrival at machine station: 170.29

		Machine 4 (Station 3)-> Task 27: 73.68
		Vehicle arrival at task: 243.97
		Waiting time until service start time: 0.0

	id: 27
		node: 74
		(x, y, z): (101, 0, 2)
		dem: -10
		earl: 0
		lat: 548
		servt: 10
		pid: 64
		did: 0
		servST: 243.97
		(h, h_ind): (4, 4)
		load: 0.0

	Finished service at time: 253.97

	Task 27 -> Task 2: 139.23
	Vehicle arrival at task: 393.2
	Waiting time until service start time: 0.0

	id: 2
		node: 3
		(x, y, z): (109, 139, 2)
		dem: 8
		earl: 0
		lat: 545
		servt: 10
		pid: 0
		did: 200
		servST: 393.2
		(h, h_ind): (-1, 0)
		load: 8.0

	Finished service at time: 403.2

	Task 2 -> Task 200: 14.56
	Vehicle arrival at task: 417.76
	Waiting time until service start time: 0.0

	id: 200
		node: 43
		(x, y, z): (95, 135, 2)
		dem: -8
		earl: 401
		lat: 431
		servt: 10
		pid: 2
		did: 0
		servST: 417.76
		(h, h_ind): (-1, 0)
		load: 0.0

	Finished service at time: 427.76

	Task 200 -> Task 40: 4.24
	Vehicle arrival at task: 432.0
	Waiting time until service start time: 0.0

	id: 40
		node: 18
		(x, y, z): (92, 138, 2)
		dem: 12
		earl: 402
		lat: 432
		servt: 10
		pid: 0
		did: 35
		servST: 432.0
		(h, h_ind): (-1, 0)
		load: 12.0

	Finished service at time: 442.0

	Using Machine: 2
		Task 40 -> Machine 2 (Station 3): 69.86
		Vehicle arrival at machine station: 511.86
		Waiting time until machine travel: 0.0

		Machine travel start time: 511.86
		Region 2 -> Region 0: 10.0
		Machine arrival at machine station: 521.86

		Machine 2 (Station 1)-> Task 35: 30.59
		Vehicle arrival at task: 552.45
		Waiting time until service start time: 0.0

	id: 35
		node: 58
		(x, y, z): (82, 100, 0)
		dem: -12
		earl: 0
		lat: 592
		servt: 10
		pid: 40
		did: 0
		servST: 552.45
		(h, h_ind): (2, 5)
		load: 0.0

	Finished service at time: 562.45

	Task 35 -> Task 0: 32.31
	Vehicle arrival at task: 594.76
	Waiting time until service start time: 0.0

	id: 0
		node: 82
		(x, y, z): (70, 70, 0)
		dem: 0
		earl: 0
		lat: 634
		servt: 0
		pid: 0
		did: 0
		servST: 594.76
		(h, h_ind): (-1, 0)
		load: 0.0


Vehicle 11 :
	id: 0
		node: 1
		(x, y, z): (70, 70, 0)
		dem: 0
		earl: 0
		lat: 634
		servt: 0
		pid: 0
		did: 0
		servST: 0.0
		(h, h_ind): (-1, 0)
		load: 0.0

	Finished service at time: 0.0

	Task 0 -> Task 63: 42.01
	Vehicle arrival at task: 42.01
	Waiting time until service start time: 0.0

	id: 63
		node: 33
		(x, y, z): (103, 44, 0)
		dem: 12
		earl: 42
		lat: 72
		servt: 10
		pid: 0
		did: 25
		servST: 42.01
		(h, h_ind): (-1, 0)
		load: 12.0

	Finished service at time: 52.01

	Task 63 -> Task 44: 13.45
	Vehicle arrival at task: 65.46
	Waiting time until service start time: 0.0

	id: 44
		node: 20
		(x, y, z): (113, 35, 0)
		dem: 9
		earl: 0
		lat: 569
		servt: 10
		pid: 0
		did: 137
		servST: 65.46
		(h, h_ind): (-1, 0)
		load: 21.0

	Finished service at time: 75.46

	Using Machine: 4
		Task 44 -> Machine 4 (Station 1): 49.5
		Vehicle arrival at machine station: 124.96
		Waiting time until machine travel: 0.0

		Machine travel start time: 124.96
		Region 0 -> Region 2: 10.0
		Machine arrival at machine station: 134.95999999999998

		Machine 4 (Station 3)-> Task 60: 26.48
		Vehicle arrival at task: 161.43999999999997
		Waiting time until service start time: 0.0

	id: 60
		node: 31
		(x, y, z): (73, 96, 2)
		dem: 9
		earl: 0
		lat: 598
		servt: 10
		pid: 0
		did: 81
		servST: 161.44
		(h, h_ind): (4, 2)
		load: 30.0

	Finished service at time: 171.44

	Task 60 -> Task 53: 37.8
	Vehicle arrival at task: 209.24
	Waiting time until service start time: 0.0

	id: 53
		node: 26
		(x, y, z): (103, 119, 2)
		dem: 18
		earl: 0
		lat: 565
		servt: 10
		pid: 0
		did: 76
		servST: 209.24
		(h, h_ind): (-1, 0)
		load: 48.0

	Finished service at time: 219.24

	Task 53 -> Task 76: 13.42
	Vehicle arrival at task: 232.66
	Waiting time until service start time: 0.0

	id: 76
		node: 66
		(x, y, z): (109, 131, 2)
		dem: -18
		earl: 226
		lat: 256
		servt: 10
		pid: 53
		did: 0
		servST: 232.66000000000003
		(h, h_ind): (-1, 0)
		load: 30.0

	Finished service at time: 242.66000000000003

	Using Machine: 4
		Task 76 -> Machine 4 (Station 3): 68.43
		Vehicle arrival at machine station: 311.09000000000003
		Waiting time until machine travel: 0.0

		Machine travel start time: 311.09000000000003
		Region 2 -> Region 1: 5.0
		Machine arrival at machine station: 316.09000000000003

		Machine 4 (Station 2)-> Task 36: 50.0
		Vehicle arrival at task: 366.09000000000003
		Waiting time until service start time: 0.0

	id: 36
		node: 16
		(x, y, z): (108, 30, 1)
		dem: 18
		earl: 0
		lat: 569
		servt: 10
		pid: 0
		did: 55
		servST: 366.09000000000003
		(h, h_ind): (4, 7)
		load: 48.0

	Finished service at time: 376.09000000000003

	Task 36 -> Task 137: 4.47
	Vehicle arrival at task: 380.56000000000006
	Waiting time until service start time: 0.0

	id: 137
		node: 60
		(x, y, z): (104, 32, 1)
		dem: -9
		earl: 0
		lat: 574
		servt: 10
		pid: 44
		did: 0
		servST: 380.56000000000006
		(h, h_ind): (-1, 0)
		load: 39.0

	Finished service at time: 390.56000000000006

	Task 137 -> Task 49: 30.87
	Vehicle arrival at task: 421.43000000000006
	Waiting time until service start time: 0.0

	id: 49
		node: 24
		(x, y, z): (117, 4, 1)
		dem: 9
		earl: 0
		lat: 543
		servt: 10
		pid: 0
		did: 7
		servST: 421.43000000000006
		(h, h_ind): (-1, 0)
		load: 48.0

	Finished service at time: 431.43000000000006

	Task 49 -> Task 25: 23.26
	Vehicle arrival at task: 454.69000000000005
	Waiting time until service start time: 0.0

	id: 25
		node: 73
		(x, y, z): (107, 25, 1)
		dem: -12
		earl: 0
		lat: 566
		servt: 10
		pid: 63
		did: 0
		servST: 454.69000000000005
		(h, h_ind): (-1, 0)
		load: 36.0

	Finished service at time: 464.69000000000005

	Task 25 -> Task 81: 54.63
	Vehicle arrival at task: 519.32
	Waiting time until service start time: 0.0

	id: 81
		node: 71
		(x, y, z): (85, 75, 1)
		dem: -9
		earl: 0
		lat: 609
		servt: 10
		pid: 60
		did: 0
		servST: 519.32
		(h, h_ind): (-1, 0)
		load: 27.0

	Finished service at time: 529.32

	Using Machine: 4
		Task 81 -> Machine 4 (Station 2): 8.6
		Vehicle arrival at machine station: 537.9200000000001
		Waiting time until machine travel: 0.0

		Machine travel start time: 537.9200000000001
		Region 1 -> Region 0: 5.0
		Machine arrival at machine station: 542.9200000000001

		Machine 4 (Station 1)-> Task 55: 32.89
		Vehicle arrival at task: 575.8100000000001
		Waiting time until service start time: 0.0

	id: 55
		node: 56
		(x, y, z): (89, 39, 0)
		dem: -18
		earl: 0
		lat: 588
		servt: 10
		pid: 36
		did: 0
		servST: 575.8100000000001
		(h, h_ind): (4, 11)
		load: 9.0

	Finished service at time: 585.8100000000001

	Task 55 -> Task 7: 3.16
	Vehicle arrival at task: 588.97
	Waiting time until service start time: 0.0

	id: 7
		node: 64
		(x, y, z): (86, 40, 0)
		dem: -9
		earl: 0
		lat: 590
		servt: 10
		pid: 49
		did: 0
		servST: 588.97
		(h, h_ind): (-1, 0)
		load: 0.0

	Finished service at time: 598.97

	Task 7 -> Task 0: 34.0
	Vehicle arrival at task: 632.97
	Waiting time until service start time: 0.0

	id: 0
		node: 82
		(x, y, z): (70, 70, 0)
		dem: 0
		earl: 0
		lat: 634
		servt: 0
		pid: 0
		did: 0
		servST: 632.97
		(h, h_ind): (-1, 0)
		load: 0.0


Vehicle 15 :
	id: 0
		node: 1
		(x, y, z): (70, 70, 0)
		dem: 0
		earl: 0
		lat: 634
		servt: 0
		pid: 0
		did: 0
		servST: 19.209999999999994
		(h, h_ind): (-1, 0)
		load: 0.0

	Finished service at time: 19.209999999999994

	Using Machine: 1
		Task 0 -> Machine 1 (Station 1): 4.0
		Vehicle arrival at machine station: 23.209999999999994
		Waiting time until machine travel: 0.0

		Machine travel start time: 23.209999999999994
		Region 0 -> Region 3: 15.0
		Machine arrival at machine station: 38.209999999999994

		Machine 1 (Station 4)-> Task 48: 54.67
		Vehicle arrival at task: 92.88
		Waiting time until service start time: 0.0

	id: 48
		node: 23
		(x, y, z): (116, 105, 3)
		dem: 23
		earl: 0
		lat: 567
		servt: 10
		pid: 0
		did: 148
		servST: 92.88
		(h, h_ind): (1, 1)
		load: 23.0

	Finished service at time: 102.88

	Task 48 -> Task 16: 32.25
	Vehicle arrival at task: 135.13
	Waiting time until service start time: 0.0

	id: 16
		node: 9
		(x, y, z): (132, 133, 3)
		dem: 24
		earl: 0
		lat: 536
		servt: 10
		pid: 0
		did: 170
		servST: 135.13
		(h, h_ind): (-1, 0)
		load: 47.0

	Finished service at time: 145.13

	Task 16 -> Task 1: 61.33
	Vehicle arrival at task: 206.45999999999998
	Waiting time until service start time: 0.0

	id: 1
		node: 2
		(x, y, z): (107, 77, 3)
		dem: 34
		earl: 0
		lat: 587
		servt: 10
		pid: 0
		did: 103
		servST: 206.46
		(h, h_ind): (-1, 0)
		load: 81.0

	Finished service at time: 216.46

	Task 1 -> Task 103: 6.4
	Vehicle arrival at task: 222.86
	Waiting time until service start time: 0.0

	id: 103
		node: 42
		(x, y, z): (103, 82, 3)
		dem: -34
		earl: 0
		lat: 589
		servt: 10
		pid: 1
		did: 0
		servST: 222.86
		(h, h_ind): (-1, 0)
		load: 47.0

	Finished service at time: 232.86

	Using Machine: 2
		Task 103 -> Machine 2 (Station 4): 29.55
		Vehicle arrival at machine station: 262.41
		Waiting time until machine travel: 0.0

		Machine travel start time: 262.41
		Region 3 -> Region 2: 5.0
		Machine arrival at machine station: 267.41

		Machine 2 (Station 3)-> Task 170: 80.06
		Vehicle arrival at task: 347.47
		Waiting time until service start time: 0.0

	id: 170
		node: 49
		(x, y, z): (136, 123, 2)
		dem: -24
		earl: 319
		lat: 349
		servt: 10
		pid: 16
		did: 0
		servST: 347.47
		(h, h_ind): (2, 3)
		load: 23.0

	Finished service at time: 357.47

	Using Machine: 4
		Task 170 -> Machine 4 (Station 3): 78.57
		Vehicle arrival at machine station: 436.04
		Waiting time until machine travel: 0.0

		Machine travel start time: 436.04
		Region 2 -> Region 0: 10.0
		Machine arrival at machine station: 446.04

		Machine 4 (Station 1)-> Task 148: 47.13
		Vehicle arrival at task: 493.17
		Waiting time until service start time: 0.0

	id: 148
		node: 63
		(x, y, z): (123, 84, 0)
		dem: -23
		earl: 0
		lat: 570
		servt: 10
		pid: 48
		did: 0
		servST: 493.17
		(h, h_ind): (4, 9)
		load: 0.0

	Finished service at time: 503.17

	Task 148 -> Task 75: 65.19
	Vehicle arrival at task: 568.36
	Waiting time until service start time: 0.0

	id: 75
		node: 39
		(x, y, z): (88, 29, 0)
		dem: 33
		earl: 550
		lat: 580
		servt: 10
		pid: 0
		did: 41
		servST: 568.36
		(h, h_ind): (-1, 0)
		load: 33.0

	Finished service at time: 578.36

	Task 75 -> Task 41: 9.9
	Vehicle arrival at task: 588.26
	Waiting time until service start time: 0.0

	id: 41
		node: 79
		(x, y, z): (81, 36, 0)
		dem: -33
		earl: 0
		lat: 589
		servt: 10
		pid: 75
		did: 0
		servST: 588.26
		(h, h_ind): (-1, 0)
		load: 0.0

	Finished service at time: 598.26

	Task 41 -> Task 0: 35.74
	Vehicle arrival at task: 634.0
	Waiting time until service start time: 0.0

	id: 0
		node: 82
		(x, y, z): (70, 70, 0)
		dem: 0
		earl: 0
		lat: 634
		servt: 0
		pid: 0
		did: 0
		servST: 634.0
		(h, h_ind): (-1, 0)
		load: 0.0


Vehicle 18 :
	id: 0
		node: 1
		(x, y, z): (70, 70, 0)
		dem: 0
		earl: 0
		lat: 634
		servt: 0
		pid: 0
		did: 0
		servST: 18.179999999999993
		(h, h_ind): (-1, 0)
		load: 0.0

	Finished service at time: 18.179999999999993

	Using Machine: 0
		Task 0 -> Machine 0 (Station 1): 2.0
		Vehicle arrival at machine station: 20.179999999999993
		Waiting time until machine travel: 0.0

		Machine travel start time: 20.179999999999993
		Region 0 -> Region 3: 15.0
		Machine arrival at machine station: 35.17999999999999

		Machine 0 (Station 4)-> Task 67: 31.62
		Vehicle arrival at task: 66.8
		Waiting time until service start time: 0.0

	id: 67
		node: 36
		(x, y, z): (90, 44, 3)
		dem: 6
		earl: 52
		lat: 82
		servt: 10
		pid: 0
		did: 172
		servST: 66.8
		(h, h_ind): (0, 1)
		load: 6.0

	Finished service at time: 76.8

	Task 67 -> Task 3: 37.2
	Vehicle arrival at task: 114.0
	Waiting time until service start time: 0.0

	id: 3
		node: 4
		(x, y, z): (120, 22, 3)
		dem: 39
		earl: 114
		lat: 144
		servt: 10
		pid: 0
		did: 50
		servST: 114.0
		(h, h_ind): (-1, 0)
		load: 45.0

	Finished service at time: 124.0

	Task 3 -> Task 66: 24.41
	Vehicle arrival at task: 148.41
	Waiting time until service start time: 0.0

	id: 66
		node: 35
		(x, y, z): (140, 36, 3)
		dem: 1
		earl: 0
		lat: 547
		servt: 10
		pid: 0
		did: 158
		servST: 148.41
		(h, h_ind): (-1, 0)
		load: 46.0

	Finished service at time: 158.41

	Task 66 -> Task 69: 51.62
	Vehicle arrival at task: 210.03
	Waiting time until service start time: 0.0

	id: 69
		node: 38
		(x, y, z): (104, 73, 3)
		dem: 17
		earl: 0
		lat: 590
		servt: 10
		pid: 0
		did: 51
		servST: 210.03
		(h, h_ind): (-1, 0)
		load: 63.0

	Finished service at time: 220.03

	Using Machine: 4
		Task 69 -> Machine 4 (Station 4): 26.17
		Vehicle arrival at machine station: 246.2
		Waiting time until machine travel: 0.0

		Machine travel start time: 246.2
		Region 3 -> Region 0: 15.0
		Machine arrival at machine station: 261.2

		Machine 4 (Station 1)-> Task 51: 61.03
		Vehicle arrival at task: 322.23
		Waiting time until service start time: 0.0

	id: 51
		node: 78
		(x, y, z): (139, 68, 0)
		dem: -17
		earl: 0
		lat: 555
		servt: 10
		pid: 69
		did: 0
		servST: 322.23
		(h, h_ind): (4, 5)
		load: 46.0

	Finished service at time: 332.23

	Task 51 -> Task 50: 26.02
	Vehicle arrival at task: 358.25
	Waiting time until service start time: 0.0

	id: 50
		node: 44
		(x, y, z): (140, 42, 0)
		dem: -39
		earl: 0
		lat: 549
		servt: 10
		pid: 3
		did: 0
		servST: 358.25
		(h, h_ind): (-1, 0)
		load: 7.0

	Finished service at time: 368.25

	Task 50 -> Task 158: 20.62
	Vehicle arrival at task: 388.87
	Waiting time until service start time: 0.0

	id: 158
		node: 75
		(x, y, z): (120, 47, 0)
		dem: -1
		earl: 0
		lat: 569
		servt: 10
		pid: 66
		did: 0
		servST: 388.87
		(h, h_ind): (-1, 0)
		load: 6.0

	Finished service at time: 398.87

	Task 158 -> Task 172: 5.0
	Vehicle arrival at task: 403.87
	Waiting time until service start time: 0.0

	id: 172
		node: 76
		(x, y, z): (120, 52, 0)
		dem: -6
		earl: 374
		lat: 404
		servt: 10
		pid: 67
		did: 0
		servST: 403.87
		(h, h_ind): (-1, 0)
		load: 0.0

	Finished service at time: 413.87

	Task 172 -> Task 0: 53.14
	Vehicle arrival at task: 467.01
	Waiting time until service start time: 0.0

	id: 0
		node: 82
		(x, y, z): (70, 70, 0)
		dem: 0
		earl: 0
		lat: 634
		servt: 0
		pid: 0
		did: 0
		servST: 467.01
		(h, h_ind): (-1, 0)
		load: 0.0


Vehicle 19 :
	id: 0
		node: 1
		(x, y, z): (70, 70, 0)
		dem: 0
		earl: 0
		lat: 634
		servt: 0
		pid: 0
		did: 0
		servST: 0.0
		(h, h_ind): (-1, 0)
		load: 0.0

	Finished service at time: 0.0

	Using Machine: 4
		Task 0 -> Machine 4 (Station 1): 8.0
		Vehicle arrival at machine station: 8.0
		Waiting time until machine travel: 0.0

		Machine travel start time: 8.0
		Region 0 -> Region 3: 15.0
		Machine arrival at machine station: 23.0

		Machine 4 (Station 4)-> Task 30: 63.56
		Vehicle arrival at task: 86.56
		Waiting time until service start time: 0.0

	id: 30
		node: 12
		(x, y, z): (64, 132, 3)
		dem: 8
		earl: 62
		lat: 92
		servt: 10
		pid: 0
		did: 83
		servST: 86.56
		(h, h_ind): (4, 1)
		load: 8.0

	Finished service at time: 96.56

	Task 30 -> Task 13: 25.61
	Vehicle arrival at task: 122.17
	Waiting time until service start time: 0.0

	id: 13
		node: 7
		(x, y, z): (44, 116, 3)
		dem: 27
		earl: 0
		lat: 572
		servt: 10
		pid: 0
		did: 38
		servST: 122.17
		(h, h_ind): (-1, 0)
		load: 35.0

	Finished service at time: 132.17000000000002

	Using Machine: 3
		Task 13 -> Machine 3 (Station 4): 51.88
		Vehicle arrival at machine station: 184.05
		Waiting time until machine travel: 0.0

		Machine travel start time: 184.05
		Region 3 -> Region 0: 15.0
		Machine arrival at machine station: 199.05

		Machine 3 (Station 1)-> Task 6: 88.09
		Vehicle arrival at task: 287.14
		Waiting time until service start time: 0.0

	id: 6
		node: 5
		(x, y, z): (12, 138, 0)
		dem: 14
		earl: 275
		lat: 305
		servt: 10
		pid: 0
		did: 173
		servST: 287.14
		(h, h_ind): (3, 4)
		load: 49.0

	Finished service at time: 297.14

	Task 6 -> Task 38: 46.04
	Vehicle arrival at task: 343.18
	Waiting time until service start time: 0.0

	id: 38
		node: 47
		(x, y, z): (50, 112, 0)
		dem: -27
		earl: 0
		lat: 578
		servt: 10
		pid: 13
		did: 0
		servST: 343.18
		(h, h_ind): (-1, 0)
		load: 22.0

	Finished service at time: 353.18

	Task 38 -> Task 173: 17.72
	Vehicle arrival at task: 370.9
	Waiting time until service start time: 0.0

	id: 173
		node: 45
		(x, y, z): (33, 117, 0)
		dem: -14
		earl: 0
		lat: 565
		servt: 10
		pid: 6
		did: 0
		servST: 370.9
		(h, h_ind): (-1, 0)
		load: 8.0

	Finished service at time: 380.9

	Task 173 -> Task 57: 18.03
	Vehicle arrival at task: 398.92999999999995
	Waiting time until service start time: 0.0

	id: 57
		node: 29
		(x, y, z): (39, 100, 0)
		dem: 31
		earl: 0
		lat: 581
		servt: 10
		pid: 0
		did: 97
		servST: 398.92999999999995
		(h, h_ind): (-1, 0)
		load: 39.0

	Finished service at time: 408.92999999999995

	Using Machine: 5
		Task 57 -> Machine 5 (Station 1): 40.36
		Vehicle arrival at machine station: 449.28999999999996
		Waiting time until machine travel: 0.0

		Machine travel start time: 449.28999999999996
		Region 0 -> Region 2: 10.0
		Machine arrival at machine station: 459.28999999999996

		Machine 5 (Station 3)-> Task 97: 12.81
		Vehicle arrival at task: 472.09999999999997
		Waiting time until service start time: 0.0

	id: 97
		node: 69
		(x, y, z): (58, 80, 2)
		dem: -31
		earl: 0
		lat: 609
		servt: 10
		pid: 57
		did: 0
		servST: 472.09999999999997
		(h, h_ind): (5, 10)
		load: 8.0

	Finished service at time: 482.09999999999997

	Task 97 -> Task 83: 13.89
	Vehicle arrival at task: 495.98999999999995
	Waiting time until service start time: 0.0

	id: 83
		node: 52
		(x, y, z): (51, 92, 2)
		dem: -8
		earl: 0
		lat: 595
		servt: 10
		pid: 30
		did: 0
		servST: 495.98999999999995
		(h, h_ind): (-1, 0)
		load: 0.0

	Finished service at time: 505.98999999999995

	Using Machine: 3
		Task 83 -> Machine 3 (Station 3): 27.8
		Vehicle arrival at machine station: 533.79
		Waiting time until machine travel: 0.0

		Machine travel start time: 533.79
		Region 2 -> Region 0: 10.0
		Machine arrival at machine station: 543.79

		Machine 3 (Station 1)-> Task 0: 2.0
		Vehicle arrival at task: 545.79
		Waiting time until service start time: 0.0

	id: 0
		node: 82
		(x, y, z): (70, 70, 0)
		dem: 0
		earl: 0
		lat: 634
		servt: 0
		pid: 0
		did: 0
		servST: 545.79
		(h, h_ind): (3, 6)
		load: 0.0


Vehicle 23 :
	id: 0
		node: 1
		(x, y, z): (70, 70, 0)
		dem: 0
		earl: 0
		lat: 634
		servt: 0
		pid: 0
		did: 0
		servST: 0.0
		(h, h_ind): (-1, 0)
		load: 0.0

	Finished service at time: 0.0

	Using Machine: 5
		Task 0 -> Machine 5 (Station 1): 4.0
		Vehicle arrival at machine station: 4.0
		Waiting time until machine travel: 0.0

		Machine travel start time: 4.0
		Region 0 -> Region 1: 5.0
		Machine arrival at machine station: 9.0

		Machine 5 (Station 2)-> Task 15: 42.2
		Vehicle arrival at task: 51.2
		Waiting time until service start time: 0.0

	id: 15
		node: 8
		(x, y, z): (41, 36, 1)
		dem: 13
		earl: 51
		lat: 81
		servt: 10
		pid: 0
		did: 70
		servST: 51.2
		(h, h_ind): (5, 1)
		load: 13.0

	Finished service at time: 61.2

	Using Machine: 5
		Task 15 -> Machine 5 (Station 2): 42.2
		Vehicle arrival at machine station: 103.4
		Waiting time until machine travel: 0.0

		Machine travel start time: 103.4
		Region 1 -> Region 0: 5.0
		Machine arrival at machine station: 108.4

		Machine 5 (Station 1)-> Task 45: 15.23
		Vehicle arrival at task: 123.63000000000001
		Waiting time until service start time: 0.0

	id: 45
		node: 21
		(x, y, z): (60, 84, 0)
		dem: 23
		earl: 0
		lat: 607
		servt: 10
		pid: 0
		did: 138
		servST: 123.63000000000001
		(h, h_ind): (5, 3)
		load: 36.0

	Finished service at time: 133.63

	Using Machine: 5
		Task 45 -> Machine 5 (Station 1): 15.23
		Vehicle arrival at machine station: 148.85999999999999
		Waiting time until machine travel: 0.0

		Machine travel start time: 148.86
		Region 0 -> Region 2: 10.0
		Machine arrival at machine station: 158.86

		Machine 5 (Station 3)-> Task 33: 60.8
		Vehicle arrival at task: 219.66000000000003
		Waiting time until service start time: 0.0

	id: 33
		node: 14
		(x, y, z): (30, 21, 2)
		dem: 12
		earl: 0
		lat: 561
		servt: 10
		pid: 0
		did: 186
		servST: 219.66000000000003
		(h, h_ind): (5, 5)
		load: 48.0

	Finished service at time: 229.66000000000003

	Using Machine: 5
		Task 33 -> Machine 5 (Station 3): 60.8
		Vehicle arrival at machine station: 290.46000000000004
		Waiting time until machine travel: 0.0

		Machine travel start time: 290.46000000000004
		Region 2 -> Region 3: 5.0
		Machine arrival at machine station: 295.46000000000004

		Machine 5 (Station 4)-> Task 138: 33.84
		Vehicle arrival at task: 329.30000000000007
		Waiting time until service start time: 0.0

	id: 138
		node: 61
		(x, y, z): (55, 102, 3)
		dem: -23
		earl: 0
		lat: 589
		servt: 10
		pid: 45
		did: 0
		servST: 329.30000000000007
		(h, h_ind): (5, 7)
		load: 25.0

	Finished service at time: 339.30000000000007

	Using Machine: 5
		Task 138 -> Machine 5 (Station 4): 33.84
		Vehicle arrival at machine station: 373.1400000000001
		Waiting time until machine travel: 0.0

		Machine travel start time: 373.1400000000001
		Region 3 -> Region 0: 15.0
		Machine arrival at machine station: 388.1400000000001

		Machine 5 (Station 1)-> Task 186: 72.84
		Vehicle arrival at task: 460.98000000000013
		Waiting time until service start time: 0.0

	id: 186
		node: 54
		(x, y, z): (15, 18, 0)
		dem: -12
		earl: 0
		lat: 549
		servt: 10
		pid: 33
		did: 0
		servST: 460.98000000000013
		(h, h_ind): (5, 8)
		load: 13.0

	Finished service at time: 470.98000000000013

	Task 186 -> Task 70: 29.0
	Vehicle arrival at task: 499.98000000000013
	Waiting time until service start time: 0.0

	id: 70
		node: 48
		(x, y, z): (36, 38, 0)
		dem: -13
		earl: 0
		lat: 578
		servt: 10
		pid: 15
		did: 0
		servST: 499.98000000000013
		(h, h_ind): (-1, 0)
		load: 0.0

	Finished service at time: 509.98000000000013

	Task 70 -> Task 0: 46.69
	Vehicle arrival at task: 556.6700000000001
	Waiting time until service start time: 0.0

	id: 0
		node: 82
		(x, y, z): (70, 70, 0)
		dem: 0
		earl: 0
		lat: 634
		servt: 0
		pid: 0
		did: 0
		servST: 556.6700000000001
		(h, h_ind): (-1, 0)
		load: 0.0


Vehicle 30 :
	id: 0
		node: 1
		(x, y, z): (70, 70, 0)
		dem: 0
		earl: 0
		lat: 634
		servt: 0
		pid: 0
		did: 0
		servST: 0.0
		(h, h_ind): (-1, 0)
		load: 0.0

	Finished service at time: 0.0

	Task 0 -> Task 54: 42.05
	Vehicle arrival at task: 42.05
	Waiting time until service start time: 0.0

	id: 54
		node: 27
		(x, y, z): (32, 52, 0)
		dem: 32
		earl: 0
		lat: 582
		servt: 10
		pid: 0
		did: 65
		servST: 42.05
		(h, h_ind): (-1, 0)
		load: 32.0

	Finished service at time: 52.05

	Using Machine: 5
		Task 54 -> Machine 5 (Station 1): 38.47
		Vehicle arrival at machine station: 90.52
		Waiting time until machine travel: 0.0

		Machine travel start time: 90.52
		Region 0 -> Region 1: 5.0
		Machine arrival at machine station: 95.52

		Machine 5 (Station 2)-> Task 12: 55.79
		Vehicle arrival at task: 151.31
		Waiting time until service start time: 0.0

	id: 12
		node: 6
		(x, y, z): (12, 84, 1)
		dem: 16
		earl: 0
		lat: 565
		servt: 10
		pid: 0
		did: 58
		servST: 151.31
		(h, h_ind): (5, 2)
		load: 48.0

	Finished service at time: 161.31

	Task 12 -> Task 65: 22.36
	Vehicle arrival at task: 183.67000000000002
	Waiting time until service start time: 0.0

	id: 65
		node: 67
		(x, y, z): (16, 62, 1)
		dem: -32
		earl: 0
		lat: 570
		servt: 10
		pid: 54
		did: 0
		servST: 183.67000000000002
		(h, h_ind): (-1, 0)
		load: 16.0

	Finished service at time: 193.67000000000002

	Using Machine: 3
		Task 65 -> Machine 3 (Station 2): 52.61
		Vehicle arrival at machine station: 246.28000000000003
		Waiting time until machine travel: 0.0

		Machine travel start time: 246.28000000000003
		Region 1 -> Region 2: 5.0
		Machine arrival at machine station: 251.28000000000003

		Machine 3 (Station 3)-> Task 77: 71.03
		Vehicle arrival at task: 322.31000000000006
		Waiting time until service start time: 0.0

	id: 77
		node: 40
		(x, y, z): (10, 111, 2)
		dem: 21
		earl: 0
		lat: 552
		servt: 10
		pid: 0
		did: 198
		servST: 322.31000000000006
		(h, h_ind): (3, 5)
		load: 37.0

	Finished service at time: 332.31000000000006

	Using Machine: 5
		Task 77 -> Machine 5 (Station 3): 69.4
		Vehicle arrival at machine station: 401.71000000000004
		Waiting time until machine travel: 0.0

		Machine travel start time: 401.71000000000004
		Region 2 -> Region 0: 10.0
		Machine arrival at machine station: 411.71000000000004

		Machine 5 (Station 1)-> Task 58: 67.54
		Vehicle arrival at task: 479.25000000000006
		Waiting time until service start time: 0.0

	id: 58
		node: 46
		(x, y, z): (5, 99, 0)
		dem: -16
		earl: 0
		lat: 553
		servt: 10
		pid: 12
		did: 0
		servST: 479.25000000000006
		(h, h_ind): (5, 9)
		load: 21.0

	Finished service at time: 489.25000000000006

	Task 58 -> Task 198: 22.56
	Vehicle arrival at task: 511.81000000000006
	Waiting time until service start time: 0.0

	id: 198
		node: 80
		(x, y, z): (27, 104, 0)
		dem: -21
		earl: 0
		lat: 570
		servt: 10
		pid: 77
		did: 0
		servST: 511.81000000000006
		(h, h_ind): (-1, 0)
		load: 0.0

	Finished service at time: 521.8100000000001

	Task 198 -> Task 0: 54.82
	Vehicle arrival at task: 576.6300000000001
	Waiting time until service start time: 0.0

	id: 0
		node: 82
		(x, y, z): (70, 70, 0)
		dem: 0
		earl: 0
		lat: 634
		servt: 0
		pid: 0
		did: 0
		servST: 576.6300000000001
		(h, h_ind): (-1, 0)
		load: 0.0


Vehicle 39 :
	id: 0
		node: 1
		(x, y, z): (70, 70, 0)
		dem: 0
		earl: 0
		lat: 634
		servt: 0
		pid: 0
		did: 0
		servST: 0.0
		(h, h_ind): (-1, 0)
		load: 0.0

	Finished service at time: 0.0

	Using Machine: 2
		Task 0 -> Machine 2 (Station 1): 6.0
		Vehicle arrival at machine station: 6.0
		Waiting time until machine travel: 0.0

		Machine travel start time: 6.0
		Region 0 -> Region 1: 5.0
		Machine arrival at machine station: 11.0

		Machine 2 (Station 2)-> Task 21: 62.51
		Vehicle arrival at task: 73.50999999999999
		Waiting time until service start time: 0.0

	id: 21
		node: 10
		(x, y, z): (138, 78, 1)
		dem: 43
		earl: 0
		lat: 556
		servt: 10
		pid: 0
		did: 26
		servST: 73.50999999999999
		(h, h_ind): (2, 1)
		load: 43.0

	Finished service at time: 83.50999999999999

	Using Machine: 4
		Task 21 -> Machine 4 (Station 2): 60.53
		Vehicle arrival at machine station: 144.04
		Waiting time until machine travel: 0.0

		Machine travel start time: 144.04
		Region 1 -> Region 0: 5.0
		Machine arrival at machine station: 149.04

		Machine 4 (Station 1)-> Task 34: 60.88
		Vehicle arrival at task: 209.92
		Waiting time until service start time: 0.0

	id: 34
		node: 15
		(x, y, z): (63, 129, 0)
		dem: 7
		earl: 206
		lat: 236
		servt: 10
		pid: 0
		did: 62
		servST: 209.92
		(h, h_ind): (4, 3)
		load: 50.0

	Finished service at time: 219.92

	Task 34 -> Task 26: 94.4
	Vehicle arrival at task: 314.32
	Waiting time until service start time: 0.0

	id: 26
		node: 50
		(x, y, z): (139, 73, 0)
		dem: -43
		earl: 0
		lat: 555
		servt: 10
		pid: 21
		did: 0
		servST: 314.32
		(h, h_ind): (-1, 0)
		load: 7.0

	Finished service at time: 324.32

	Using Machine: 4
		Task 26 -> Machine 4 (Station 1): 61.07
		Vehicle arrival at machine station: 385.39
		Waiting time until machine travel: 0.0

		Machine travel start time: 385.39
		Region 0 -> Region 3: 15.0
		Machine arrival at machine station: 400.39

		Machine 4 (Station 4)-> Task 62: 61.47
		Vehicle arrival at task: 461.86
		Waiting time until service start time: 0.0

	id: 62
		node: 55
		(x, y, z): (55, 127, 3)
		dem: -7
		earl: 0
		lat: 566
		servt: 10
		pid: 34
		did: 0
		servST: 461.86
		(h, h_ind): (4, 8)
		load: 0.0

	Finished service at time: 471.86

	Task 62 -> Task 52: 32.14
	Vehicle arrival at task: 504.0
	Waiting time until service start time: 0.0

	id: 52
		node: 25
		(x, y, z): (58, 95, 3)
		dem: 35
		earl: 485
		lat: 515
		servt: 10
		pid: 0
		did: 24
		servST: 504.0
		(h, h_ind): (-1, 0)
		load: 35.0

	Finished service at time: 514.0

	Using Machine: 5
		Task 52 -> Machine 5 (Station 4): 26.25
		Vehicle arrival at machine station: 540.25
		Waiting time until machine travel: 0.0

		Machine travel start time: 540.25
		Region 3 -> Region 1: 10.0
		Machine arrival at machine station: 550.25

		Machine 5 (Station 2)-> Task 24: 12.0
		Vehicle arrival at task: 562.25
		Waiting time until service start time: 0.0

	id: 24
		node: 65
		(x, y, z): (66, 82, 1)
		dem: -35
		earl: 0
		lat: 612
		servt: 10
		pid: 52
		did: 0
		servST: 562.25
		(h, h_ind): (5, 12)
		load: 0.0

	Finished service at time: 572.25

	Using Machine: 3
		Task 24 -> Machine 3 (Station 2): 12.17
		Vehicle arrival at machine station: 584.42
		Waiting time until machine travel: 0.0

		Machine travel start time: 584.42
		Region 1 -> Region 0: 5.0
		Machine arrival at machine station: 589.42

		Machine 3 (Station 1)-> Task 0: 2.0
		Vehicle arrival at task: 591.42
		Waiting time until service start time: 0.0

	id: 0
		node: 82
		(x, y, z): (70, 70, 0)
		dem: 0
		earl: 0
		lat: 634
		servt: 0
		pid: 0
		did: 0
		servST: 591.42
		(h, h_ind): (3, 8)
		load: 0.0


---------------------| MACHINES |---------------------

Machine 0 :
	setup duration: 0.0

	vehicle: 18
	vehicleInd: 2
	(orig, dest): (0, 67)
	(origRegion, destRegion): (0, 3)
	st: 20.179999999999993
	duration: 15.0

	setup duration: 10.0

	vehicle: 4
	vehicleInd: 8
	(orig, dest): (154, 0)
	(origRegion, destRegion): (1, 0)
	st: 556.74
	duration: 5.0


Machine 1 :
	setup duration: 0.0

	vehicle: 15
	vehicleInd: 2
	(orig, dest): (0, 48)
	(origRegion, destRegion): (0, 3)
	st: 23.209999999999994
	duration: 15.0


Machine 2 :
	setup duration: 0.0

	vehicle: 39
	vehicleInd: 2
	(orig, dest): (0, 21)
	(origRegion, destRegion): (0, 1)
	st: 6.0
	duration: 5.0

	setup duration: 5.0

	vehicle: 4
	vehicleInd: 2
	(orig, dest): (0, 68)
	(origRegion, destRegion): (0, 2)
	st: 110.96000000000001
	duration: 10.0

	setup duration: 5.0

	vehicle: 15
	vehicleInd: 6
	(orig, dest): (103, 170)
	(origRegion, destRegion): (3, 2)
	st: 262.41
	duration: 5.0

	setup duration: 0.0

	vehicle: 4
	vehicleInd: 6
	(orig, dest): (31, 14)
	(origRegion, destRegion): (2, 0)
	st: 430.11
	duration: 10.0

	setup duration: 10.0

	vehicle: 8
	vehicleInd: 7
	(orig, dest): (40, 35)
	(origRegion, destRegion): (2, 0)
	st: 511.86
	duration: 10.0


Machine 3 :
	setup duration: 0.0

	vehicle: 1
	vehicleInd: 2
	(orig, dest): (0, 59)
	(origRegion, destRegion): (0, 1)
	st: 1.9999999999999964
	duration: 5.0

	setup duration: 5.0

	vehicle: 8
	vehicleInd: 2
	(orig, dest): (0, 64)
	(origRegion, destRegion): (0, 3)
	st: 14.409999999999997
	duration: 15.0

	setup duration: 15.0

	vehicle: 6
	vehicleInd: 3
	(orig, dest): (47, 61)
	(origRegion, destRegion): (0, 1)
	st: 136.65
	duration: 5.0

	setup duration: 10.0

	vehicle: 19
	vehicleInd: 4
	(orig, dest): (13, 6)
	(origRegion, destRegion): (3, 0)
	st: 184.05
	duration: 15.0

	setup duration: 5.0

	vehicle: 30
	vehicleInd: 5
	(orig, dest): (65, 77)
	(origRegion, destRegion): (1, 2)
	st: 246.28000000000003
	duration: 5.0

	setup duration: 0.0

	vehicle: 19
	vehicleInd: 10
	(orig, dest): (83, 0)
	(origRegion, destRegion): (2, 0)
	st: 533.79
	duration: 10.0

	setup duration: 10.0

	vehicle: 6
	vehicleInd: 6
	(orig, dest): (19, 0)
	(origRegion, destRegion): (2, 0)
	st: 564.5
	duration: 10.0

	setup duration: 5.0

	vehicle: 39
	vehicleInd: 8
	(orig, dest): (24, 0)
	(origRegion, destRegion): (1, 0)
	st: 584.42
	duration: 5.0

	setup duration: 5.0

	vehicle: 1
	vehicleInd: 12
	(orig, dest): (4, 0)
	(origRegion, destRegion): (1, 0)
	st: 608.84
	duration: 5.0


Machine 4 :
	setup duration: 0.0

	vehicle: 19
	vehicleInd: 2
	(orig, dest): (0, 30)
	(origRegion, destRegion): (0, 3)
	st: 8.0
	duration: 15.0

	setup duration: 15.0

	vehicle: 11
	vehicleInd: 4
	(orig, dest): (44, 60)
	(origRegion, destRegion): (0, 2)
	st: 124.96
	duration: 10.0

	setup duration: 5.0

	vehicle: 39
	vehicleInd: 3
	(orig, dest): (21, 34)
	(origRegion, destRegion): (1, 0)
	st: 144.04
	duration: 5.0

	setup duration: 15.0

	vehicle: 8
	vehicleInd: 3
	(orig, dest): (64, 27)
	(origRegion, destRegion): (3, 2)
	st: 165.29
	duration: 5.0

	setup duration: 5.0

	vehicle: 18
	vehicleInd: 6
	(orig, dest): (69, 51)
	(origRegion, destRegion): (3, 0)
	st: 246.2
	duration: 15.0

	setup duration: 5.0

	vehicle: 6
	vehicleInd: 4
	(orig, dest): (61, 180)
	(origRegion, destRegion): (1, 2)
	st: 290.03000000000003
	duration: 5.0

	setup duration: 0.0

	vehicle: 11
	vehicleInd: 7
	(orig, dest): (76, 36)
	(origRegion, destRegion): (2, 1)
	st: 311.09000000000003
	duration: 5.0

	setup duration: 5.0

	vehicle: 39
	vehicleInd: 5
	(orig, dest): (26, 62)
	(origRegion, destRegion): (0, 3)
	st: 385.39
	duration: 15.0

	setup duration: 5.0

	vehicle: 15
	vehicleInd: 7
	(orig, dest): (170, 148)
	(origRegion, destRegion): (2, 0)
	st: 436.04
	duration: 10.0

	setup duration: 0.0

	vehicle: 4
	vehicleInd: 7
	(orig, dest): (14, 154)
	(origRegion, destRegion): (0, 1)
	st: 511.73
	duration: 5.0

	setup duration: 0.0

	vehicle: 11
	vehicleInd: 12
	(orig, dest): (81, 55)
	(origRegion, destRegion): (1, 0)
	st: 537.9200000000001
	duration: 5.0


Machine 5 :
	setup duration: 0.0

	vehicle: 23
	vehicleInd: 2
	(orig, dest): (0, 15)
	(origRegion, destRegion): (0, 1)
	st: 4.0
	duration: 5.0

	setup duration: 5.0

	vehicle: 30
	vehicleInd: 3
	(orig, dest): (54, 12)
	(origRegion, destRegion): (0, 1)
	st: 90.52
	duration: 5.0

	setup duration: 0.0

	vehicle: 23
	vehicleInd: 3
	(orig, dest): (15, 45)
	(origRegion, destRegion): (1, 0)
	st: 103.4
	duration: 5.0

	setup duration: 5.0

	vehicle: 1
	vehicleInd: 4
	(orig, dest): (88, 56)
	(origRegion, destRegion): (1, 3)
	st: 119.22
	duration: 10.0

	setup duration: 15.0

	vehicle: 23
	vehicleInd: 4
	(orig, dest): (45, 33)
	(origRegion, destRegion): (0, 2)
	st: 148.86
	duration: 10.0

	setup duration: 5.0

	vehicle: 1
	vehicleInd: 6
	(orig, dest): (37, 82)
	(origRegion, destRegion): (3, 2)
	st: 245.99
	duration: 5.0

	setup duration: 0.0

	vehicle: 23
	vehicleInd: 5
	(orig, dest): (33, 138)
	(origRegion, destRegion): (2, 3)
	st: 290.46000000000004
	duration: 5.0

	setup duration: 0.0

	vehicle: 23
	vehicleInd: 6
	(orig, dest): (138, 186)
	(origRegion, destRegion): (3, 0)
	st: 373.1400000000001
	duration: 15.0

	setup duration: 10.0

	vehicle: 30
	vehicleInd: 6
	(orig, dest): (77, 58)
	(origRegion, destRegion): (2, 0)
	st: 401.71000000000004
	duration: 10.0

	setup duration: 0.0

	vehicle: 19
	vehicleInd: 8
	(orig, dest): (57, 97)
	(origRegion, destRegion): (0, 2)
	st: 449.28999999999996
	duration: 10.0

	setup duration: 0.0

	vehicle: 1
	vehicleInd: 10
	(orig, dest): (129, 110)
	(origRegion, destRegion): (2, 1)
	st: 492.65
	duration: 5.0

	setup duration: 10.0

	vehicle: 39
	vehicleInd: 7
	(orig, dest): (52, 24)
	(origRegion, destRegion): (3, 1)
	st: 540.25
	duration: 10.0


-------------------| COMPL. TIMES |-------------------

Vehicle 0 : 0.0
Vehicle 1 : 615.84
Vehicle 2 : 0.0
Vehicle 3 : 0.0
Vehicle 4 : 458.78
Vehicle 5 : 0.0
Vehicle 6 : 576.5
Vehicle 7 : 0.0
Vehicle 8 : 582.35
Vehicle 9 : 0.0
Vehicle 10 : 0.0
Vehicle 11 : 632.97
Vehicle 12 : 0.0
Vehicle 13 : 0.0
Vehicle 14 : 0.0
Vehicle 15 : 614.79
Vehicle 16 : 0.0
Vehicle 17 : 0.0
Vehicle 18 : 448.83
Vehicle 19 : 545.79
Vehicle 20 : 0.0
Vehicle 21 : 0.0
Vehicle 22 : 0.0
Vehicle 23 : 556.6700000000001
Vehicle 24 : 0.0
Vehicle 25 : 0.0
Vehicle 26 : 0.0
Vehicle 27 : 0.0
Vehicle 28 : 0.0
Vehicle 29 : 0.0
Vehicle 30 : 576.6300000000001
Vehicle 31 : 0.0
Vehicle 32 : 0.0
Vehicle 33 : 0.0
Vehicle 34 : 0.0
Vehicle 35 : 0.0
Vehicle 36 : 0.0
Vehicle 37 : 0.0
Vehicle 38 : 0.0
Vehicle 39 : 591.42
-------------------| STATISTICS |-------------------

    Vehicles used                           : 27.5
    Machines used                           : 100.0
    Max load (vehicles)                     : 94.186
    Min load (vehicles)                     : 20.6897
    Mean load (vehicles)                    : 66.0571
    Min completion time                     : 70.7934
    Max completion time                     : 99.8375
    Mean completion time                    : 88.9098
    Avrg travel time (with vehicle)         : 13.9327
    Avrg travel time (only with vehicle)    : 8.938
    Avrg travel time (no vehicle)           : 4.9947
    Avrg waiting time (machine travel)      : 0.0
    Avrg waiting time (service)             : 2.3081
    Machines travel times (with vehicle)    : [4.7319, 2.3659, 9.4637, 20.5047, 23.6593, 22.8707]
    Machines travel times (no vehicle)      : [1.5773, 0.0, 3.1546, 8.6751, 8.6751, 7.8864]
    Max load per vehicle                    : [0.0, 58.3333, 0.0, 0.0, 62.069, 0.0, 61.1111, 0.0, 20.6897, 0.0, 0.0, 66.6667, 0.0, 0.0, 0.0, 94.186, 0.0, 0.0, 87.5, 68.0556, 0.0, 0.0, 0.0, 82.7586, 0.0, 0.0, 0.0, 0.0, 0.0, 0.0, 55.814, 0.0, 0.0, 0.0, 0.0, 0.0, 0.0, 0.0, 0.0, 69.4444]

----------------------------------------------------

TOTAL: 6200.570000000001

Everything is awesome!
