-------------------| STATISTICS |-------------------

Vehicles used                           : 83.3333
Machines used                           : 100.0
Max load (vehicles)                     : 55.7692
Min load (vehicles)                     : 3.8462
Mean load (vehicles)                    : 35.5545
Min completion time                     : 39.1217
Max completion time                     : 84.6426
Mean completion time                    : 61.0437
Avrg travel time (with vehicle)         : 38.0228
Avrg travel time (only with vehicle)    : 24.7148
Avrg travel time (no vehicle)           : 13.308
Avrg waiting time (machine travel)      : 0.2015
Avrg waiting time (service)             : 4.2656
Machines travel times (with vehicle)    : [34.2205, 34.2205, 34.2205, 49.4297]
Machines travel times (no vehicle)      : [11.4068, 9.5057, 11.4068, 20.9125]
Max load per vehicle                    : [38.0952, 0.0, 17.7419, 54.7619, 55.7692, 11.9048, 41.9355, 50.0, 47.619, 33.871, 3.8462, 0.0]

----------------------------------------------------

TOTAL: 1605.4499999999998

Everything is awesome!
