-------------------| STATISTICS |-------------------

Vehicles used                           : 91.6667
Machines used                           : 100.0
Max load (vehicles)                     : 76.4706
Min load (vehicles)                     : 15.3846
Mean load (vehicles)                    : 37.7809
Min completion time                     : 24.3097
Max completion time                     : 83.5261
Mean completion time                    : 56.0163
Avrg travel time (with vehicle)         : 56.592
Avrg travel time (only with vehicle)    : 33.5821
Avrg travel time (no vehicle)           : 23.01
Avrg waiting time (machine travel)      : 2.3529
Avrg waiting time (service)             : 4.6745
Machines travel times (with vehicle)    : [63.4328, 63.4328, 42.9104]
Machines travel times (no vehicle)      : [27.9851, 22.3881, 18.6567]
Max load per vehicle                    : [55.8824, 20.9302, 15.3846, 0.0, 47.0588, 35.2941, 37.2093, 46.5116, 20.5882, 32.3529, 27.907, 76.4706]

----------------------------------------------------

TOTAL: 1651.36

Everything is awesome!
