Set parameter WLSAccessID
Set parameter WLSSecret
Set parameter LicenseID to value 2661775
Academic license 2661775 - for non-commercial use only - registered to me___@dcc.ufba.br
Loading line 2: methodType heur
Loading line 3: methodCode mslp
Loading line 4: seed 0
Loading line 5: threads 1
Loading line 6: greedy_service_order random
Loading line 7: outputFlagGrbMSLP 0
Loading line 8: mslpa 60000
Loading line 9: mslpr I
Loading line 10: maxtime 3600
Loading line 11: output ./logs/
Loading line 12: printsol 1
Loading line 13: solverMethod A
Loading line 14: alpha 0.05 # selected from preliminary experiments
Instance: LR1_2_2_t1_40R_40V_04F_05M

[17:15:37.914] Running Data.readData with file /dados/rmelo/PDPTW-SE/benchmark_multi_floor_v3/official_experiments/multistartlp/official/set_01_pt_01/../../../../instances/orig_ams_fg/40R_40V_04F_06M/t1/LR1_2_2/
vehicles: Vehicle[Vehicle(0, 52), Vehicle(1, 65), Vehicle(2, 78), Vehicle(3, 78), Vehicle(4, 52), Vehicle(5, 65), Vehicle(6, 52), Vehicle(7, 65), Vehicle(8, 52), Vehicle(9, 65), Vehicle(10, 65), Vehicle(11, 78), Vehicle(12, 65), Vehicle(13, 65), Vehicle(14, 78), Vehicle(15, 65), Vehicle(16, 78), Vehicle(17, 52), Vehicle(18, 52), Vehicle(19, 52), Vehicle(20, 65), Vehicle(21, 78), Vehicle(22, 52), Vehicle(23, 78), Vehicle(24, 65), Vehicle(25, 78), Vehicle(26, 78), Vehicle(27, 78), Vehicle(28, 78), Vehicle(29, 52), Vehicle(30, 65), Vehicle(31, 78), Vehicle(32, 65), Vehicle(33, 52), Vehicle(34, 78), Vehicle(35, 65), Vehicle(36, 65), Vehicle(37, 78), Vehicle(38, 52), Vehicle(39, 78)]
vehicle_types: Vehicle[Vehicle(0, 52), Vehicle(1, 65), Vehicle(2, 78)]
Machine[Machine(0, Point[Point(71, 70, 0), Point(71, 70, 1), Point(71, 70, 2), Point(71, 70, 3)], 0.2), Machine(1, Point[Point(73, 70, 0), Point(73, 70, 1), Point(73, 70, 2), Point(73, 70, 3)], 0.2), Machine(2, Point[Point(69, 70, 0), Point(69, 70, 1), Point(69, 70, 2), Point(69, 70, 3)], 0.2), Machine(3, Point[Point(75, 70, 0), Point(75, 70, 1), Point(75, 70, 2), Point(75, 70, 3)], 0.2), Machine(4, Point[Point(67, 70, 0), Point(67, 70, 1), Point(67, 70, 2), Point(67, 70, 3)], 0.2)]
refs: [1, 2, 4, 5, 6, 7, 9, 12, 17, 19, 20, 21, 23, 24, 25, 27, 28, 30, 31, 33, 34, 35, 36, 37, 38, 39, 41, 43, 44, 45, 46, 47, 48, 49, 51, 53, 54, 55, 57, 61, 62, 77, 56, 78, 60, 76, 50, 72, 14, 29, 70, 71, 59, 66, 40, 64, 16, 75, 10, 52, 8, 74, 3, 69, 80, 67, 73, 13, 18, 42, 63, 65, 79, 22, 68, 81, 58, 32, 11, 26, 15, 1]
V: [1, 2, 3, 4, 5, 6, 7, 8, 9, 10, 11, 12, 13, 14, 15, 16, 17, 18, 19, 20, 21, 22, 23, 24, 25, 26, 27, 28, 29, 30, 31, 32, 33, 34, 35, 36, 37, 38, 39, 40, 41, 42, 43, 44, 45, 46, 47, 48, 49, 50, 51, 52, 53, 54, 55, 56, 57, 58, 59, 60, 61, 62, 63, 64, 65, 66, 67, 68, 69, 70, 71, 72, 73, 74, 75, 76, 77, 78, 79, 80, 81]
V_p: [2, 3, 4, 5, 6, 7, 8, 9, 10, 11, 12, 13, 14, 15, 16, 17, 18, 19, 20, 21, 22, 23, 24, 25, 26, 27, 28, 29, 30, 31, 32, 33, 34, 35, 36, 37, 38, 39, 40, 41]
V_d: [42, 43, 44, 45, 46, 47, 48, 49, 50, 51, 52, 53, 54, 55, 56, 57, 58, 59, 60, 61, 62, 63, 64, 65, 66, 67, 68, 69, 70, 71, 72, 73, 74, 75, 76, 77, 78, 79, 80, 81]
Vprime: [1, 2, 3, 4, 5, 6, 7, 8, 9, 10, 11, 12, 13, 14, 15, 16, 17, 18, 19, 20, 21, 22, 23, 24, 25, 26, 27, 28, 29, 30, 31, 32, 33, 34, 35, 36, 37, 38, 39, 40, 41, 42, 43, 44, 45, 46, 47, 48, 49, 50, 51, 52, 53, 54, 55, 56, 57, 58, 59, 60, 61, 62, 63, 64, 65, 66, 67, 68, 69, 70, 71, 72, 73, 74, 75, 76, 77, 78, 79, 80, 81, 82]
V: [1, 2, 3, 4, 5, 6, 7, 8, 9, 10, 11, 12, 13, 14, 15, 16, 17, 18, 19, 20, 21, 22, 23, 24, 25, 26, 27, 28, 29, 30, 31, 32, 33, 34, 35, 36, 37, 38, 39, 40, 41, 42, 43, 44, 45, 46, 47, 48, 49, 50, 51, 52, 53, 54, 55, 56, 57, 58, 59, 60, 61, 62, 63, 64, 65, 66, 67, 68, 69, 70, 71, 72, 73, 74, 75, 76, 77, 78, 79, 80, 81]
q: [0, 34, 39, 19, 32, 14, 16, 13, 10, 13, 8, 9, 18, 18, 18, 12, 17, 9, 30, 23, 13, 25, 18, 32, 23, 31, 12, 15, 6, 36, 17, 5, 23, 32, 16, 4, 10, 4, 4, 20, 19, -34, -39, -19, -32, -14, -16, -13, -10, -13, -8, -9, -18, -18, -18, -12, -17, -9, -30, -23, -13, -25, -18, -32, -23, -31, -12, -15, -6, -36, -17, -5, -23, -32, -16, -4, -10, -4, -4, -20, -19, 0]
H: [1, 2, 3, 4, 5]
f: [[1, 1, 1, 1, 1], [4, 4, 4, 4, 4], [4, 4, 4, 4, 4], [2, 2, 2, 2, 2], [4, 4, 4, 4, 4], [4, 4, 4, 4, 4], [2, 2, 2, 2, 2], [2, 2, 2, 2, 2], [1, 1, 1, 1, 1], [3, 3, 3, 3, 3], [1, 1, 1, 1, 1], [1, 1, 1, 1, 1], [3, 3, 3, 3, 3], [1, 1, 1, 1, 1], [4, 4, 4, 4, 4], [1, 1, 1, 1, 1], [1, 1, 1, 1, 1], [2, 2, 2, 2, 2], [2, 2, 2, 2, 2], [2, 2, 2, 2, 2], [2, 2, 2, 2, 2], [2, 2, 2, 2, 2], [2, 2, 2, 2, 2], [2, 2, 2, 2, 2], [4, 4, 4, 4, 4], [3, 3, 3, 3, 3], [1, 1, 1, 1, 1], [4, 4, 4, 4, 4], [4, 4, 4, 4, 4], [1, 1, 1, 1, 1], [4, 4, 4, 4, 4], [1, 1, 1, 1, 1], [1, 1, 1, 1, 1], [1, 1, 1, 1, 1], [3, 3, 3, 3, 3], [4, 4, 4, 4, 4], [1, 1, 1, 1, 1], [4, 4, 4, 4, 4], [2, 2, 2, 2, 2], [2, 2, 2, 2, 2], [1, 1, 1, 1, 1], [1, 1, 1, 1, 1], [2, 2, 2, 2, 2], [4, 4, 4, 4, 4], [2, 2, 2, 2, 2], [1, 1, 1, 1, 1], [3, 3, 3, 3, 3], [1, 1, 1, 1, 1], [4, 4, 4, 4, 4], [4, 4, 4, 4, 4], [1, 1, 1, 1, 1], [1, 1, 1, 1, 1], [1, 1, 1, 1, 1], [3, 3, 3, 3, 3], [4, 4, 4, 4, 4], [1, 1, 1, 1, 1], [1, 1, 1, 1, 1], [3, 3, 3, 3, 3], [1, 1, 1, 1, 1], [4, 4, 4, 4, 4], [1, 1, 1, 1, 1], [3, 3, 3, 3, 3], [1, 1, 1, 1, 1], [3, 3, 3, 3, 3], [2, 2, 2, 2, 2], [1, 1, 1, 1, 1], [4, 4, 4, 4, 4], [2, 2, 2, 2, 2], [4, 4, 4, 4, 4], [1, 1, 1, 1, 1], [2, 2, 2, 2, 2], [3, 3, 3, 3, 3], [2, 2, 2, 2, 2], [2, 2, 2, 2, 2], [1, 1, 1, 1, 1], [2, 2, 2, 2, 2], [3, 3, 3, 3, 3], [3, 3, 3, 3, 3], [3, 3, 3, 3, 3], [2, 2, 2, 2, 2], [3, 3, 3, 3, 3], [1, 1, 1, 1, 1]]
1 1 1 -> 0.0
1 2 1 -> 5.0
1 3 1 -> 10.0
1 4 1 -> 15.0
2 1 1 -> 5.0
2 2 1 -> 0.0
2 3 1 -> 5.0
2 4 1 -> 10.0
3 1 1 -> 10.0
3 2 1 -> 5.0
3 3 1 -> 0.0
3 4 1 -> 5.0
4 1 1 -> 15.0
4 2 1 -> 10.0
4 3 1 -> 5.0
4 4 1 -> 0.0
1 1 2 -> 0.0
1 2 2 -> 5.0
1 3 2 -> 10.0
1 4 2 -> 15.0
2 1 2 -> 5.0
2 2 2 -> 0.0
2 3 2 -> 5.0
2 4 2 -> 10.0
3 1 2 -> 10.0
3 2 2 -> 5.0
3 3 2 -> 0.0
3 4 2 -> 5.0
4 1 2 -> 15.0
4 2 2 -> 10.0
4 3 2 -> 5.0
4 4 2 -> 0.0
1 1 3 -> 0.0
1 2 3 -> 5.0
1 3 3 -> 10.0
1 4 3 -> 15.0
2 1 3 -> 5.0
2 2 3 -> 0.0
2 3 3 -> 5.0
2 4 3 -> 10.0
3 1 3 -> 10.0
3 2 3 -> 5.0
3 3 3 -> 0.0
3 4 3 -> 5.0
4 1 3 -> 15.0
4 2 3 -> 10.0
4 3 3 -> 5.0
4 4 3 -> 0.0
1 1 4 -> 0.0
1 2 4 -> 5.0
1 3 4 -> 10.0
1 4 4 -> 15.0
2 1 4 -> 5.0
2 2 4 -> 0.0
2 3 4 -> 5.0
2 4 4 -> 10.0
3 1 4 -> 10.0
3 2 4 -> 5.0
3 3 4 -> 0.0
3 4 4 -> 5.0
4 1 4 -> 15.0
4 2 4 -> 10.0
4 3 4 -> 5.0
4 4 4 -> 0.0
1 1 5 -> 0.0
1 2 5 -> 5.0
1 3 5 -> 10.0
1 4 5 -> 15.0
2 1 5 -> 5.0
2 2 5 -> 0.0
2 3 5 -> 5.0
2 4 5 -> 10.0
3 1 5 -> 10.0
3 2 5 -> 5.0
3 3 5 -> 0.0
3 4 5 -> 5.0
4 1 5 -> 15.0
4 2 5 -> 10.0
4 3 5 -> 5.0
4 4 5 -> 0.0
o: (1, 2, 3) => 5.0
o: (3, 1, 3) => 10.0
o: (1, 3, 5) => 10.0
o: (3, 2, 4) => 5.0
o: (1, 4, 5) => 15.0
o: (3, 2, 3) => 5.0
o: (3, 3, 5) => 0.0
o: (2, 1, 1) => 5.0
o: (3, 4, 5) => 5.0
o: (1, 3, 2) => 10.0
o: (1, 4, 2) => 15.0
o: (4, 3, 4) => 5.0
o: (2, 2, 1) => 0.0
o: (4, 4, 4) => 0.0
o: (3, 3, 2) => 0.0
o: (3, 4, 2) => 5.0
o: (4, 3, 3) => 5.0
o: (4, 4, 3) => 0.0
o: (1, 1, 5) => 0.0
o: (1, 2, 5) => 5.0
o: (3, 1, 5) => 10.0
o: (1, 3, 1) => 10.0
o: (1, 1, 2) => 0.0
o: (1, 4, 1) => 15.0
o: (4, 1, 4) => 15.0
o: (3, 2, 5) => 5.0
o: (3, 3, 1) => 0.0
o: (1, 2, 2) => 5.0
o: (3, 1, 2) => 10.0
o: (3, 4, 1) => 5.0
o: (4, 1, 3) => 15.0
o: (4, 2, 4) => 10.0
o: (3, 2, 2) => 5.0
o: (2, 3, 4) => 5.0
o: (4, 2, 3) => 10.0
o: (2, 4, 4) => 10.0
o: (4, 3, 5) => 5.0
o: (4, 4, 5) => 0.0
o: (1, 1, 1) => 0.0
o: (2, 3, 3) => 5.0
o: (2, 4, 3) => 10.0
o: (4, 3, 2) => 5.0
o: (1, 2, 1) => 5.0
o: (3, 1, 1) => 10.0
o: (4, 4, 2) => 0.0
o: (3, 2, 1) => 5.0
o: (2, 1, 4) => 5.0
o: (4, 1, 5) => 15.0
o: (2, 1, 3) => 5.0
o: (2, 2, 4) => 0.0
o: (4, 2, 5) => 10.0
o: (4, 3, 1) => 5.0
o: (4, 1, 2) => 15.0
o: (4, 4, 1) => 0.0
o: (2, 2, 3) => 0.0
o: (2, 3, 5) => 5.0
o: (2, 4, 5) => 10.0
o: (4, 2, 2) => 10.0
o: (1, 3, 4) => 10.0
o: (2, 3, 2) => 5.0
o: (1, 4, 4) => 15.0
o: (2, 4, 2) => 10.0
o: (1, 3, 3) => 10.0
o: (3, 3, 4) => 0.0
o: (1, 4, 3) => 15.0
o: (3, 4, 4) => 5.0
o: (4, 1, 1) => 15.0
o: (2, 1, 5) => 5.0
o: (3, 3, 3) => 0.0
o: (3, 4, 3) => 5.0
o: (4, 2, 1) => 10.0
o: (2, 2, 5) => 0.0
o: (2, 3, 1) => 5.0
o: (1, 1, 4) => 0.0
o: (2, 1, 2) => 5.0
o: (2, 4, 1) => 10.0
o: (1, 1, 3) => 0.0
o: (1, 2, 4) => 5.0
o: (2, 2, 2) => 0.0
o: (3, 1, 4) => 10.0

[118, 964, 954, 867, 857, 872, 792, 16]
JOBS in the order of refs (Vprime)
Node 1: Job(0, Point(70, 70, 0), 0, 0, 761, 0, 0, 0)
Node 2: Job(1, Point(107, 77, 3), 34, 0, 587, 10, 0, 181)
Node 3: Job(3, Point(120, 22, 3), 39, 124, 134, 10, 0, 86)
Node 4: Job(4, Point(48, 47, 1), 19, 31, 41, 10, 0, 184)
Node 5: Job(5, Point(116, 22, 3), 32, 148, 158, 10, 0, 91)
Node 6: Job(6, Point(12, 138, 3), 14, 285, 295, 10, 0, 177)
Node 7: Job(12, Point(12, 84, 1), 16, 209, 219, 10, 0, 74)
Node 8: Job(18, Point(104, 54, 1), 13, 63, 73, 10, 0, 143)
Node 9: Job(26, Point(139, 73, 0), 10, 97, 107, 10, 0, 21)
Node 10: Job(29, Point(20, 69, 2), 13, 388, 398, 10, 0, 43)
Node 11: Job(30, Point(64, 132, 0), 8, 67, 77, 10, 0, 127)
Node 12: Job(32, Point(54, 106, 0), 9, 0, 585, 10, 0, 138)
Node 13: Job(35, Point(82, 100, 2), 18, 170, 180, 10, 0, 90)
Node 14: Job(36, Point(108, 30, 0), 18, 106, 116, 10, 0, 116)
Node 15: Job(38, Point(50, 112, 3), 18, 263, 273, 10, 0, 62)
Node 16: Job(40, Point(92, 138, 0), 12, 412, 422, 10, 0, 105)
Node 17: Job(41, Point(81, 36, 0), 17, 72, 82, 10, 0, 25)
Node 18: Job(44, Point(113, 35, 1), 9, 62, 72, 10, 0, 172)
Node 19: Job(46, Point(44, 58, 1), 30, 34, 44, 10, 0, 15)
Node 20: Job(48, Point(116, 105, 1), 23, 154, 164, 10, 0, 78)
Node 21: Job(50, Point(140, 42, 1), 13, 0, 549, 10, 0, 11)
Node 22: Job(51, Point(139, 68, 1), 25, 91, 101, 10, 0, 160)
Node 23: Job(53, Point(103, 119, 1), 18, 0, 565, 10, 0, 2)
Node 24: Job(54, Point(32, 52, 1), 32, 161, 171, 10, 0, 125)
Node 25: Job(55, Point(89, 39, 3), 23, 72, 82, 10, 0, 195)
Node 26: Job(57, Point(39, 100, 2), 31, 76, 86, 10, 0, 118)
Node 27: Job(63, Point(103, 44, 0), 12, 42, 52, 10, 0, 156)
Node 28: Job(65, Point(16, 62, 3), 15, 0, 570, 10, 0, 19)
Node 29: Job(67, Point(90, 44, 3), 6, 62, 72, 10, 0, 28)
Node 30: Job(68, Point(113, 32, 0), 36, 154, 164, 10, 0, 64)
Node 31: Job(69, Point(104, 73, 3), 17, 259, 269, 10, 0, 103)
Node 32: Job(70, Point(36, 38, 0), 5, 448, 458, 10, 0, 107)
Node 33: Job(71, Point(15, 4, 0), 23, 111, 121, 10, 0, 186)
Node 34: Job(73, Point(70, 94, 0), 32, 24, 34, 10, 0, 34)
Node 35: Job(76, Point(109, 131, 2), 16, 236, 246, 10, 0, 121)
Node 36: Job(79, Point(113, 45, 3), 4, 309, 319, 10, 0, 197)
Node 37: Job(84, Point(46, 112, 0), 10, 296, 306, 10, 0, 88)
Node 38: Job(85, Point(12, 48, 3), 4, 97, 107, 10, 0, 47)
Node 39: Job(87, Point(79, 80, 1), 4, 14, 24, 10, 0, 16)
Node 40: Job(93, Point(65, 0, 1), 20, 99, 109, 10, 0, 39)
Node 41: Job(94, Point(4, 71, 0), 19, 170, 180, 10, 0, 22)
Node 42: Job(181, Point(100, 99, 0), -34, 309, 319, 10, 1, 0)
Node 43: Job(86, Point(137, 7, 1), -39, 289, 299, 10, 3, 0)
Node 44: Job(184, Point(42, 29, 3), -19, 125, 135, 10, 4, 0)
Node 45: Job(91, Point(83, 38, 1), -32, 486, 496, 10, 5, 0)
Node 46: Job(177, Point(13, 129, 0), -14, 468, 478, 10, 6, 0)
Node 47: Job(74, Point(35, 90, 2), -16, 456, 466, 10, 12, 0)
Node 48: Job(143, Point(119, 73, 0), -13, 146, 156, 10, 18, 0)
Node 49: Job(21, Point(138, 78, 3), -10, 240, 250, 10, 26, 0)
Node 50: Job(43, Point(13, 48, 3), -13, 499, 509, 10, 29, 0)
Node 51: Job(127, Point(2, 106, 0), -8, 0, 548, 10, 30, 0)
Node 52: Job(138, Point(55, 102, 0), -9, 325, 335, 10, 32, 0)
Node 53: Job(90, Point(50, 106, 0), -18, 127, 710, 10, 35, 0)
Node 54: Job(116, Point(110, 28, 2), -18, 315, 325, 10, 36, 0)
Node 55: Job(62, Point(55, 127, 3), -18, 576, 586, 10, 38, 0)
Node 56: Job(105, Point(70, 83, 0), -12, 495, 505, 10, 40, 0)
Node 57: Job(25, Point(107, 25, 0), -17, 284, 294, 10, 41, 0)
Node 58: Job(172, Point(120, 52, 2), -9, 384, 394, 10, 44, 0)
Node 59: Job(15, Point(41, 36, 0), -30, 121, 131, 10, 46, 0)
Node 60: Job(78, Point(138, 105, 3), -23, 413, 423, 10, 48, 0)
Node 61: Job(11, Point(129, 24, 0), -13, 0, 550, 10, 50, 0)
Node 62: Job(160, Point(120, 14, 2), -25, 269, 279, 10, 51, 0)
Node 63: Job(2, Point(109, 139, 0), -18, 414, 424, 10, 53, 0)
Node 64: Job(125, Point(30, 57, 2), -32, 245, 255, 10, 54, 0)
Node 65: Job(195, Point(105, 2, 1), -23, 234, 244, 10, 55, 0)
Node 66: Job(118, Point(59, 115, 0), -31, 324, 334, 10, 57, 0)
Node 67: Job(156, Point(135, 65, 3), -12, 349, 359, 10, 63, 0)
Node 68: Job(19, Point(22, 104, 1), -15, 252, 262, 10, 65, 0)
Node 69: Job(28, Point(90, 14, 3), -6, 0, 565, 10, 67, 0)
Node 70: Job(64, Point(97, 12, 0), -36, 216, 226, 10, 68, 0)
Node 71: Job(103, Point(103, 82, 1), -17, 336, 346, 10, 69, 0)
Node 72: Job(107, Point(61, 34, 2), -5, 540, 550, 10, 70, 0)
Node 73: Job(186, Point(15, 18, 1), -23, 0, 549, 10, 71, 0)
Node 74: Job(34, Point(63, 129, 1), -32, 216, 226, 10, 73, 0)
Node 75: Job(121, Point(85, 111, 0), -16, 0, 581, 10, 76, 0)
Node 76: Job(197, Point(93, 61, 1), -4, 531, 541, 10, 79, 0)
Node 77: Job(88, Point(69, 116, 2), -10, 399, 409, 10, 84, 0)
Node 78: Job(47, Point(8, 87, 2), -4, 411, 421, 10, 85, 0)
Node 79: Job(16, Point(132, 133, 2), -4, 150, 160, 10, 87, 0)
Node 80: Job(39, Point(47, 83, 1), -20, 328, 338, 10, 93, 0)
Node 81: Job(22, Point(16, 92, 2), -19, 369, 379, 10, 94, 0)
Node 82: Job(0, Point(70, 70, 0), 0, 0, 761, 0, 0, 0)

### Preprocessing Data ###
	-> arcs: 6724 (100.0%)
	-> arc_removals: 5885 (87.52%)
	-> arc_removals_is_loop: 82 (1.22%)
	-> arc_removals_is_delivery_to_pickup: 42 (0.62%)
	-> arc_removals_is_depot_begin_to_delivery: 40 (0.59%)
	-> arc_removals_is_pickup_to_depot_end: 40 (0.59%)
	-> arc_removals_is_dest_depot_begin: 80 (1.19%)
	-> arc_removals_is_orig_depot_end: 79 (1.17%)
	-> arc_removals_is_capacity_violated: 0 (0.0%)
	-> arc_removals_is_time_window_limited: 3873 (57.6%)
	-> arc_removals_is_time_window_pairing_limited: 1554 (23.11%)
	-> arc_removals_is_indirect_request_service_impossible: 95 (1.41%)
	-> gamma_vars: 0 (0%)
	-> feas_gamma_vars: 0 (0%)
	-> infeas_gamma_vars_is_next_mtrv_unreachable: 0 (0%)
	-> infeas_gamma_vars_is_iprime_jprime_eq_i_j: 0 (0%)
	-> machine_removal_for_an_arc: 0 (0.0%)
##########################

[17:15:48.154] Print configuration
------------------------------------------------------
"
[17:15:48.154] Running Multi Start Heuristic"
> Experiment started at 2025-10-15T17:15:48.154
> Instance: LR1_2_2_t1_40R_40V_04F_05M
> Algorithm Parameters:


	>Stop params:
		>  - rule ITERATIONS
		>  - argument 60000.0
		>  - maximum_time 3600

	>General params:
		>  - instPath /dados/rmelo/PDPTW-SE/benchmark_multi_floor_v3/official_experiments/multistartlp/official/set_01_pt_01/../../../../instances/orig_ams_fg/40R_40V_04F_06M/t1/LR1_2_2/
		>  - name LR1_2_2
		>  - type t1
		>  - group 40R_40V_04F_05M
		>  - fullname LR1_2_2_t1_40R_40V_04F_05M
		>  - methodType heur
		>  - methodCode mslp
		>  - genconfigfile /dados/rmelo/PDPTW-SE/benchmark_multi_floor_v3/official_experiments/multistartlp/official/set_01_pt_01/configs/genconfig_mslp.conf
		>  - genconfigfilename genconfig_mslp
		>  - greedy_service_order random
		>  - cutoff 0
		>  - cutoffmachs 5
		>  - num_machs 0
		>  - solver Gurobi
		>  - maxtime 3600
		>  - gurobiCuts 1
		>  - typeUserCut 0
		>  - mipPresolve -1
		>  - printsol 1
		>  - maxnodes -1
		>  - elevator 1
		>  - make_instance_feasible false
		>  - output /dados/rmelo/PDPTW-SE/benchmark_multi_floor_v3/official_experiments/multistartlp/official/set_01_pt_01/logs
		>  - suff_outputs _seed_41
		>  - suff_csv _bash_2
		>  - epsilon 0.005
		>  - epsilonCap 0.5
		>  - warmStart false
		>  - seed 41
		>  - rng Random.MersenneTwister(41)
		>  - alpha 0.05
		>  - maxiter 1000000
		>  - outputFlagGrbMIP 0
		>  - outputFlagGrbMSLP 0
		>  - outputFlagGrbLMNS 0
		>  - mslpr I
		>  - mslpa 60000
		>  - lmnsr M
		>  - lmnsa 60
		>  - lmnsRepairTime 30.0
		>  - lmnsMIPFocus 0
		>  - lmnsGapToBiggerDestruction 50
		>  - lmnsGapToSmallerDestruction 95
		>  - lmnsWeightShawDistProx 1.0
		>  - lmnsWeightShawEarlProx 1.0
		>  - lmnsWeightShawSameRoute 1.0
		>  - lmnsWeightShawDemandSim 1.0
		>  - lmnsReqRApplyMIPStart true
		>  - lmnsAcceptanceCriteria H
		>  - lmnsMetropolisTemp 100.0
		>  - lmnsSimulatedAnnealingTemp 100.0
		>  - lmnsSimulatedAnnealingCool 0.95
		>  - mipmaxtime 3600
		>  - csvfilename /dados/rmelo/PDPTW-SE/benchmark_multi_floor_v3/official_experiments/multistartlp/official/set_01_pt_01/logs/heur_mslp/outputs/csvresults_heur_mslp_bash_2.csv
		>  - solfilename /dados/rmelo/PDPTW-SE/benchmark_multi_floor_v3/official_experiments/multistartlp/official/set_01_pt_01/logs/heur_mslp/solutions/40R_40V_04F_05M/LR1_2_2_sol_genconfig_mslp_seed_41.txt
		>  - timelineFilename /dados/rmelo/PDPTW-SE/benchmark_multi_floor_v3/official_experiments/multistartlp/official/set_01_pt_01/logs/heur_mslp/timelines/40R_40V_04F_05M/LR1_2_2_timeline_genconfig_mslp_seed_41.txt
		>  - grbFilename /dados/rmelo/PDPTW-SE/benchmark_multi_floor_v3/official_experiments/multistartlp/official/set_01_pt_01/logs/heur_mslp/gurobi/40R_40V_04F_05M/LR1_2_2_grb_genconfig_mslp_seed_41.log
		>  - threads 1
		>  - solverMethod AUTOMATIC

------------------------------------------------------

[17:15:48.261] Starting running MSLP
objValue;greedysol;iteration;time
9915.73;10517.77;1;0.016796
9624.57;10098.85;38716;93.993661

[17:18:13.597] Finished running MSLP
System CPU time: 0.18 seconds

[17:18:13.669] Post running MSLP
Best solution value: 9624.57
Total time elapsed: 145.229846
Time to best: 93.993661
Iterations: 60000
Iterations to best: 38716
Improvements: 2
Infeasible solutions percentage: (59997 / 60000) = 99.9950 %
(LP improvements)/(LP runs) = 3/3 = 100.0000 %
Mean LP improvement percentage: 5.8000 %
[17:18:13.928] Writing results to CSV file: /dados/rmelo/PDPTW-SE/benchmark_multi_floor_v3/official_experiments/multistartlp/official/set_01_pt_01/logs/heur_mslp/outputs/csvresults_heur_mslp_bash_2.csv

[17:18:16.013] Saving solution to file:/dados/rmelo/PDPTW-SE/benchmark_multi_floor_v3/official_experiments/multistartlp/official/set_01_pt_01/logs/heur_mslp/solutions/40R_40V_04F_05M/LR1_2_2_sol_genconfig_mslp_seed_41.txt

[17:18:16.013] Saving solution timeline to file: /dados/rmelo/PDPTW-SE/benchmark_multi_floor_v3/official_experiments/multistartlp/official/set_01_pt_01/logs/heur_mslp/timelines/40R_40V_04F_05M/LR1_2_2_timeline_genconfig_mslp_seed_41.txt
---------------------| VEHICLES |---------------------

Vehicle 3 :
	id: 0
		node: 1
		(x, y, z): (70, 70, 0)
		dem: 0
		earl: 0
		lat: 761
		servt: 0
		pid: 0
		did: 0
		servST: 60.83
		(h, h_ind): (-1, 0)
		load: 0.0

	Finished service at time: 60.83

	Task 0 -> Task 36: 55.17
	Vehicle arrival at task: 116.0
	Waiting time until service start time: 0.0

	id: 36
		node: 14
		(x, y, z): (108, 30, 0)
		dem: 18
		earl: 106
		lat: 116
		servt: 10
		pid: 0
		did: 116
		servST: 116.0
		(h, h_ind): (-1, 0)
		load: 18.0

	Finished service at time: 126.0

	Using Machine: 0
		Task 36 -> Machine 0 (Station 1): 54.49
		Vehicle arrival at machine station: 180.49
		Waiting time until machine travel: 67.2

		Machine travel start time: 247.69
		Region 0 -> Region 2: 10.0
		Machine arrival at machine station: 257.69

		Machine 0 (Station 3)-> Task 116: 57.31
		Vehicle arrival at task: 315.0
		Waiting time until service start time: 0.0

	id: 116
		node: 54
		(x, y, z): (110, 28, 2)
		dem: -18
		earl: 315
		lat: 325
		servt: 10
		pid: 36
		did: 0
		servST: 315.0
		(h, h_ind): (0, 3)
		load: 0.0

	Finished service at time: 325.0

	Using Machine: 0
		Task 116 -> Machine 0 (Station 3): 57.31
		Vehicle arrival at machine station: 382.31
		Waiting time until machine travel: 0.0

		Machine travel start time: 382.31
		Region 2 -> Region 0: 10.0
		Machine arrival at machine station: 392.31

		Machine 0 (Station 1)-> Task 0: 1.0
		Vehicle arrival at task: 393.31
		Waiting time until service start time: 0.0

	id: 0
		node: 82
		(x, y, z): (70, 70, 0)
		dem: 0
		earl: 0
		lat: 761
		servt: 0
		pid: 0
		did: 0
		servST: 393.31
		(h, h_ind): (0, 6)
		load: 0.0


Vehicle 4 :
	id: 0
		node: 1
		(x, y, z): (70, 70, 0)
		dem: 0
		earl: 0
		lat: 761
		servt: 0
		pid: 0
		did: 0
		servST: 9.990000000000002
		(h, h_ind): (-1, 0)
		load: 0.0

	Finished service at time: 9.990000000000002

	Task 0 -> Task 63: 42.01
	Vehicle arrival at task: 52.0
	Waiting time until service start time: 0.0

	id: 63
		node: 27
		(x, y, z): (103, 44, 0)
		dem: 12
		earl: 42
		lat: 52
		servt: 10
		pid: 0
		did: 156
		servST: 52.0
		(h, h_ind): (-1, 0)
		load: 12.0

	Finished service at time: 62.0

	Using Machine: 1
		Task 63 -> Machine 1 (Station 1): 39.7
		Vehicle arrival at machine station: 101.7
		Waiting time until machine travel: 0.0

		Machine travel start time: 101.7
		Region 0 -> Region 1: 5.0
		Machine arrival at machine station: 106.7

		Machine 1 (Station 2)-> Task 48: 55.44
		Vehicle arrival at task: 162.14
		Waiting time until service start time: 1.86

	id: 48
		node: 20
		(x, y, z): (116, 105, 1)
		dem: 23
		earl: 154
		lat: 164
		servt: 10
		pid: 0
		did: 78
		servST: 164.0
		(h, h_ind): (1, 4)
		load: 35.0

	Finished service at time: 174.0

	Using Machine: 3
		Task 48 -> Machine 3 (Station 2): 53.91
		Vehicle arrival at machine station: 227.91
		Waiting time until machine travel: 0.0

		Machine travel start time: 227.91
		Region 1 -> Region 3: 10.0
		Machine arrival at machine station: 237.91

		Machine 3 (Station 4)-> Task 79: 45.49
		Vehicle arrival at task: 283.4
		Waiting time until service start time: 35.6

	id: 79
		node: 36
		(x, y, z): (113, 45, 3)
		dem: 4
		earl: 309
		lat: 319
		servt: 10
		pid: 0
		did: 197
		servST: 319.0
		(h, h_ind): (3, 8)
		load: 39.0

	Finished service at time: 329.0

	Task 79 -> Task 156: 29.73
	Vehicle arrival at task: 358.73
	Waiting time until service start time: 0.27

	id: 156
		node: 67
		(x, y, z): (135, 65, 3)
		dem: -12
		earl: 349
		lat: 359
		servt: 10
		pid: 63
		did: 0
		servST: 359.0
		(h, h_ind): (-1, 0)
		load: 27.0

	Finished service at time: 369.0

	Task 156 -> Task 78: 40.11
	Vehicle arrival at task: 409.11
	Waiting time until service start time: 3.89

	id: 78
		node: 60
		(x, y, z): (138, 105, 3)
		dem: -23
		earl: 413
		lat: 423
		servt: 10
		pid: 48
		did: 0
		servST: 413.0
		(h, h_ind): (-1, 0)
		load: 4.0

	Finished service at time: 423.0

	Using Machine: 3
		Task 78 -> Machine 3 (Station 4): 72.07
		Vehicle arrival at machine station: 495.07
		Waiting time until machine travel: 5.81

		Machine travel start time: 500.88
		Region 3 -> Region 1: 10.0
		Machine arrival at machine station: 510.88

		Machine 3 (Station 2)-> Task 197: 20.12
		Vehicle arrival at task: 531.0
		Waiting time until service start time: 0.0

	id: 197
		node: 76
		(x, y, z): (93, 61, 1)
		dem: -4
		earl: 531
		lat: 541
		servt: 10
		pid: 79
		did: 0
		servST: 531.0
		(h, h_ind): (3, 13)
		load: 0.0

	Finished service at time: 541.0

	Using Machine: 0
		Task 197 -> Machine 0 (Station 2): 23.77
		Vehicle arrival at machine station: 564.77
		Waiting time until machine travel: 0.0

		Machine travel start time: 564.77
		Region 1 -> Region 0: 5.0
		Machine arrival at machine station: 569.77

		Machine 0 (Station 1)-> Task 0: 1.0
		Vehicle arrival at task: 570.77
		Waiting time until service start time: 0.0

	id: 0
		node: 82
		(x, y, z): (70, 70, 0)
		dem: 0
		earl: 0
		lat: 761
		servt: 0
		pid: 0
		did: 0
		servST: 570.77
		(h, h_ind): (0, 11)
		load: 0.0


Vehicle 7 :
	id: 0
		node: 1
		(x, y, z): (70, 70, 0)
		dem: 0
		earl: 0
		lat: 761
		servt: 0
		pid: 0
		did: 0
		servST: 28.350000000000023
		(h, h_ind): (-1, 0)
		load: 0.0

	Finished service at time: 28.350000000000023

	Task 0 -> Task 26: 69.07
	Vehicle arrival at task: 97.42000000000002
	Waiting time until service start time: 0.0

	id: 26
		node: 9
		(x, y, z): (139, 73, 0)
		dem: 10
		earl: 97
		lat: 107
		servt: 10
		pid: 0
		did: 21
		servST: 97.42000000000002
		(h, h_ind): (-1, 0)
		load: 10.0

	Finished service at time: 107.42000000000002

	Using Machine: 3
		Task 26 -> Machine 3 (Station 1): 64.07
		Vehicle arrival at machine station: 171.49
		Waiting time until machine travel: 0.0

		Machine travel start time: 171.49
		Region 0 -> Region 3: 15.0
		Machine arrival at machine station: 186.49

		Machine 3 (Station 4)-> Task 21: 63.51
		Vehicle arrival at task: 250.0
		Waiting time until service start time: 0.0

	id: 21
		node: 49
		(x, y, z): (138, 78, 3)
		dem: -10
		earl: 240
		lat: 250
		servt: 10
		pid: 26
		did: 0
		servST: 250.0
		(h, h_ind): (3, 6)
		load: 0.0

	Finished service at time: 260.0

	Using Machine: 3
		Task 21 -> Machine 3 (Station 4): 63.51
		Vehicle arrival at machine station: 323.51
		Waiting time until machine travel: 13.4

		Machine travel start time: 336.90999999999997
		Region 3 -> Region 0: 15.0
		Machine arrival at machine station: 351.90999999999997

		Machine 3 (Station 1)-> Task 40: 70.09
		Vehicle arrival at task: 422.0
		Waiting time until service start time: 0.0

	id: 40
		node: 16
		(x, y, z): (92, 138, 0)
		dem: 12
		earl: 412
		lat: 422
		servt: 10
		pid: 0
		did: 105
		servST: 422.0
		(h, h_ind): (3, 11)
		load: 12.0

	Finished service at time: 432.0

	Task 40 -> Task 105: 59.24
	Vehicle arrival at task: 491.24
	Waiting time until service start time: 3.76

	id: 105
		node: 56
		(x, y, z): (70, 83, 0)
		dem: -12
		earl: 495
		lat: 505
		servt: 10
		pid: 40
		did: 0
		servST: 495.0
		(h, h_ind): (-1, 0)
		load: 0.0

	Finished service at time: 505.0

	Task 105 -> Task 0: 13.0
	Vehicle arrival at task: 518.0
	Waiting time until service start time: 0.0

	id: 0
		node: 82
		(x, y, z): (70, 70, 0)
		dem: 0
		earl: 0
		lat: 761
		servt: 0
		pid: 0
		did: 0
		servST: 518.0
		(h, h_ind): (-1, 0)
		load: 0.0


Vehicle 8 :
	id: 0
		node: 1
		(x, y, z): (70, 70, 0)
		dem: 0
		earl: 0
		lat: 761
		servt: 0
		pid: 0
		did: 0
		servST: 28.810000000000016
		(h, h_ind): (-1, 0)
		load: 0.0

	Finished service at time: 28.810000000000016

	Using Machine: 0
		Task 0 -> Machine 0 (Station 1): 1.0
		Vehicle arrival at machine station: 29.810000000000016
		Waiting time until machine travel: 0.0

		Machine travel start time: 29.810000000000016
		Region 0 -> Region 3: 15.0
		Machine arrival at machine station: 44.81000000000002

		Machine 0 (Station 4)-> Task 3: 68.59
		Vehicle arrival at task: 113.40000000000002
		Waiting time until service start time: 10.6

	id: 3
		node: 3
		(x, y, z): (120, 22, 3)
		dem: 39
		earl: 124
		lat: 134
		servt: 10
		pid: 0
		did: 86
		servST: 124.0
		(h, h_ind): (0, 1)
		load: 39.0

	Finished service at time: 134.0

	Using Machine: 3
		Task 3 -> Machine 3 (Station 4): 65.8
		Vehicle arrival at machine station: 199.8
		Waiting time until machine travel: 0.0

		Machine travel start time: 199.8
		Region 3 -> Region 1: 10.0
		Machine arrival at machine station: 209.8

		Machine 3 (Station 2)-> Task 86: 88.39
		Vehicle arrival at task: 298.19
		Waiting time until service start time: 0.0

	id: 86
		node: 43
		(x, y, z): (137, 7, 1)
		dem: -39
		earl: 289
		lat: 299
		servt: 10
		pid: 3
		did: 0
		servST: 298.19
		(h, h_ind): (3, 7)
		load: 0.0

	Finished service at time: 308.19

	Using Machine: 0
		Task 86 -> Machine 0 (Station 2): 91.24
		Vehicle arrival at machine station: 399.43
		Waiting time until machine travel: 0.0

		Machine travel start time: 399.43
		Region 1 -> Region 0: 5.0
		Machine arrival at machine station: 404.43

		Machine 0 (Station 1)-> Task 0: 1.0
		Vehicle arrival at task: 405.43
		Waiting time until service start time: 0.0

	id: 0
		node: 82
		(x, y, z): (70, 70, 0)
		dem: 0
		earl: 0
		lat: 761
		servt: 0
		pid: 0
		did: 0
		servST: 405.43
		(h, h_ind): (0, 7)
		load: 0.0


Vehicle 9 :
	id: 0
		node: 1
		(x, y, z): (70, 70, 0)
		dem: 0
		earl: 0
		lat: 761
		servt: 0
		pid: 0
		did: 0
		servST: 46.26
		(h, h_ind): (-1, 0)
		load: 0.0

	Finished service at time: 46.26

	Task 0 -> Task 41: 35.74
	Vehicle arrival at task: 82.0
	Waiting time until service start time: 0.0

	id: 41
		node: 17
		(x, y, z): (81, 36, 0)
		dem: 17
		earl: 72
		lat: 82
		servt: 10
		pid: 0
		did: 25
		servST: 82.0
		(h, h_ind): (-1, 0)
		load: 17.0

	Finished service at time: 92.0

	Task 41 -> Task 68: 32.25
	Vehicle arrival at task: 124.25
	Waiting time until service start time: 29.75

	id: 68
		node: 30
		(x, y, z): (113, 32, 0)
		dem: 36
		earl: 154
		lat: 164
		servt: 10
		pid: 0
		did: 64
		servST: 154.0
		(h, h_ind): (-1, 0)
		load: 53.0

	Finished service at time: 164.0

	Task 68 -> Task 64: 25.61
	Vehicle arrival at task: 189.61
	Waiting time until service start time: 26.39

	id: 64
		node: 70
		(x, y, z): (97, 12, 0)
		dem: -36
		earl: 216
		lat: 226
		servt: 10
		pid: 68
		did: 0
		servST: 216.0
		(h, h_ind): (-1, 0)
		load: 17.0

	Finished service at time: 226.0

	Task 64 -> Task 25: 16.4
	Vehicle arrival at task: 242.4
	Waiting time until service start time: 41.6

	id: 25
		node: 57
		(x, y, z): (107, 25, 0)
		dem: -17
		earl: 284
		lat: 294
		servt: 10
		pid: 41
		did: 0
		servST: 284.0
		(h, h_ind): (-1, 0)
		load: 0.0

	Finished service at time: 294.0

	Task 25 -> Task 0: 58.26
	Vehicle arrival at task: 352.26
	Waiting time until service start time: 0.0

	id: 0
		node: 82
		(x, y, z): (70, 70, 0)
		dem: 0
		earl: 0
		lat: 761
		servt: 0
		pid: 0
		did: 0
		servST: 352.26
		(h, h_ind): (-1, 0)
		load: 0.0


Vehicle 12 :
	id: 0
		node: 1
		(x, y, z): (70, 70, 0)
		dem: 0
		earl: 0
		lat: 761
		servt: 0
		pid: 0
		did: 0
		servST: 27.990000000000002
		(h, h_ind): (-1, 0)
		load: 0.0

	Finished service at time: 27.990000000000002

	Using Machine: 3
		Task 0 -> Machine 3 (Station 1): 5.0
		Vehicle arrival at machine station: 32.99
		Waiting time until machine travel: 0.0

		Machine travel start time: 32.99
		Region 0 -> Region 3: 15.0
		Machine arrival at machine station: 47.99

		Machine 3 (Station 4)-> Task 55: 34.01
		Vehicle arrival at task: 82.0
		Waiting time until service start time: 0.0

	id: 55
		node: 25
		(x, y, z): (89, 39, 3)
		dem: 23
		earl: 72
		lat: 82
		servt: 10
		pid: 0
		did: 195
		servST: 82.0
		(h, h_ind): (3, 2)
		load: 23.0

	Finished service at time: 92.0

	Using Machine: 1
		Task 55 -> Machine 1 (Station 4): 34.89
		Vehicle arrival at machine station: 126.89
		Waiting time until machine travel: 0.0

		Machine travel start time: 126.89
		Region 3 -> Region 1: 10.0
		Machine arrival at machine station: 136.89

		Machine 1 (Station 2)-> Task 195: 75.15
		Vehicle arrival at task: 212.04
		Waiting time until service start time: 31.96

	id: 195
		node: 65
		(x, y, z): (105, 2, 1)
		dem: -23
		earl: 234
		lat: 244
		servt: 10
		pid: 55
		did: 0
		servST: 244.0
		(h, h_ind): (1, 5)
		load: 0.0

	Finished service at time: 254.0

	Using Machine: 0
		Task 195 -> Machine 0 (Station 2): 76.03
		Vehicle arrival at machine station: 330.03
		Waiting time until machine travel: 1.96

		Machine travel start time: 331.99
		Region 1 -> Region 2: 5.0
		Machine arrival at machine station: 336.99

		Machine 0 (Station 3)-> Task 29: 51.01
		Vehicle arrival at task: 388.0
		Waiting time until service start time: 0.0

	id: 29
		node: 10
		(x, y, z): (20, 69, 2)
		dem: 13
		earl: 388
		lat: 398
		servt: 10
		pid: 0
		did: 43
		servST: 388.0
		(h, h_ind): (0, 4)
		load: 13.0

	Finished service at time: 398.0

	Using Machine: 4
		Task 29 -> Machine 4 (Station 3): 47.01
		Vehicle arrival at machine station: 445.01
		Waiting time until machine travel: 0.0

		Machine travel start time: 445.01
		Region 2 -> Region 3: 5.0
		Machine arrival at machine station: 450.01

		Machine 4 (Station 4)-> Task 43: 58.31
		Vehicle arrival at task: 508.32
		Waiting time until service start time: 0.0

	id: 43
		node: 50
		(x, y, z): (13, 48, 3)
		dem: -13
		earl: 499
		lat: 509
		servt: 10
		pid: 29
		did: 0
		servST: 508.32
		(h, h_ind): (4, 11)
		load: 0.0

	Finished service at time: 518.3199999999999

	Using Machine: 2
		Task 43 -> Machine 2 (Station 4): 60.17
		Vehicle arrival at machine station: 578.4899999999999
		Waiting time until machine travel: 0.0

		Machine travel start time: 578.49
		Region 3 -> Region 0: 15.0
		Machine arrival at machine station: 593.49

		Machine 2 (Station 1)-> Task 0: 1.0
		Vehicle arrival at task: 594.49
		Waiting time until service start time: 0.0

	id: 0
		node: 82
		(x, y, z): (70, 70, 0)
		dem: 0
		earl: 0
		lat: 761
		servt: 0
		pid: 0
		did: 0
		servST: 594.49
		(h, h_ind): (2, 14)
		load: 0.0


Vehicle 14 :
	id: 0
		node: 1
		(x, y, z): (70, 70, 0)
		dem: 0
		earl: 0
		lat: 761
		servt: 0
		pid: 0
		did: 0
		servST: 14.71
		(h, h_ind): (-1, 0)
		load: 0.0

	Finished service at time: 14.71

	Task 0 -> Task 30: 62.29
	Vehicle arrival at task: 77.0
	Waiting time until service start time: 0.0

	id: 30
		node: 11
		(x, y, z): (64, 132, 0)
		dem: 8
		earl: 67
		lat: 77
		servt: 10
		pid: 0
		did: 127
		servST: 77.0
		(h, h_ind): (-1, 0)
		load: 8.0

	Finished service at time: 87.0

	Task 30 -> Task 94: 85.56
	Vehicle arrival at task: 172.56
	Waiting time until service start time: 0.0

	id: 94
		node: 41
		(x, y, z): (4, 71, 0)
		dem: 19
		earl: 170
		lat: 180
		servt: 10
		pid: 0
		did: 22
		servST: 172.56
		(h, h_ind): (-1, 0)
		load: 27.0

	Finished service at time: 182.56

	Task 94 -> Task 127: 35.06
	Vehicle arrival at task: 217.62
	Waiting time until service start time: 0.0

	id: 127
		node: 51
		(x, y, z): (2, 106, 0)
		dem: -8
		earl: 0
		lat: 548
		servt: 10
		pid: 30
		did: 0
		servST: 217.62
		(h, h_ind): (-1, 0)
		load: 19.0

	Finished service at time: 227.62

	Using Machine: 4
		Task 127 -> Machine 4 (Station 1): 74.3
		Vehicle arrival at machine station: 301.92
		Waiting time until machine travel: 0.0

		Machine travel start time: 301.92
		Region 0 -> Region 2: 10.0
		Machine arrival at machine station: 311.92

		Machine 4 (Station 3)-> Task 22: 55.54
		Vehicle arrival at task: 367.46000000000004
		Waiting time until service start time: 1.54

	id: 22
		node: 81
		(x, y, z): (16, 92, 2)
		dem: -19
		earl: 369
		lat: 379
		servt: 10
		pid: 94
		did: 0
		servST: 369.0
		(h, h_ind): (4, 7)
		load: 0.0

	Finished service at time: 379.0

	Using Machine: 2
		Task 22 -> Machine 2 (Station 3): 57.38
		Vehicle arrival at machine station: 436.38
		Waiting time until machine travel: 0.0

		Machine travel start time: 436.38
		Region 2 -> Region 0: 10.0
		Machine arrival at machine station: 446.38

		Machine 2 (Station 1)-> Task 0: 1.0
		Vehicle arrival at task: 447.38
		Waiting time until service start time: 0.0

	id: 0
		node: 82
		(x, y, z): (70, 70, 0)
		dem: 0
		earl: 0
		lat: 761
		servt: 0
		pid: 0
		did: 0
		servST: 447.38
		(h, h_ind): (2, 11)
		load: 0.0


Vehicle 16 :
	id: 0
		node: 1
		(x, y, z): (70, 70, 0)
		dem: 0
		earl: 0
		lat: 761
		servt: 0
		pid: 0
		did: 0
		servST: 10.0
		(h, h_ind): (-1, 0)
		load: 0.0

	Finished service at time: 10.0

	Task 0 -> Task 73: 24.0
	Vehicle arrival at task: 34.0
	Waiting time until service start time: 0.0

	id: 73
		node: 34
		(x, y, z): (70, 94, 0)
		dem: 32
		earl: 24
		lat: 34
		servt: 10
		pid: 0
		did: 34
		servST: 34.0
		(h, h_ind): (-1, 0)
		load: 32.0

	Finished service at time: 44.0

	Using Machine: 2
		Task 73 -> Machine 2 (Station 1): 24.02
		Vehicle arrival at machine station: 68.02
		Waiting time until machine travel: 8.93

		Machine travel start time: 76.95
		Region 0 -> Region 1: 5.0
		Machine arrival at machine station: 81.95

		Machine 2 (Station 2)-> Task 34: 59.3
		Vehicle arrival at task: 141.25
		Waiting time until service start time: 74.75

	id: 34
		node: 74
		(x, y, z): (63, 129, 1)
		dem: -32
		earl: 216
		lat: 226
		servt: 10
		pid: 73
		did: 0
		servST: 216.0
		(h, h_ind): (2, 4)
		load: 0.0

	Finished service at time: 226.0

	Using Machine: 2
		Task 34 -> Machine 2 (Station 2): 59.3
		Vehicle arrival at machine station: 285.3
		Waiting time until machine travel: 0.0

		Machine travel start time: 285.3
		Region 1 -> Region 0: 5.0
		Machine arrival at machine station: 290.3

		Machine 2 (Station 1)-> Task 0: 1.0
		Vehicle arrival at task: 291.3
		Waiting time until service start time: 0.0

	id: 0
		node: 82
		(x, y, z): (70, 70, 0)
		dem: 0
		earl: 0
		lat: 761
		servt: 0
		pid: 0
		did: 0
		servST: 291.3
		(h, h_ind): (2, 8)
		load: 0.0


Vehicle 17 :
	id: 0
		node: 1
		(x, y, z): (70, 70, 0)
		dem: 0
		earl: 0
		lat: 761
		servt: 0
		pid: 0
		did: 0
		servST: 31.96
		(h, h_ind): (-1, 0)
		load: 0.0

	Finished service at time: 31.96

	Using Machine: 4
		Task 0 -> Machine 4 (Station 1): 3.0
		Vehicle arrival at machine station: 34.96
		Waiting time until machine travel: 0.0

		Machine travel start time: 34.96
		Region 0 -> Region 2: 10.0
		Machine arrival at machine station: 44.96

		Machine 4 (Station 3)-> Task 57: 41.04
		Vehicle arrival at task: 86.0
		Waiting time until service start time: 0.0

	id: 57
		node: 26
		(x, y, z): (39, 100, 2)
		dem: 31
		earl: 76
		lat: 86
		servt: 10
		pid: 0
		did: 118
		servST: 86.0
		(h, h_ind): (4, 3)
		load: 31.0

	Finished service at time: 96.0

	Task 57 -> Task 35: 43.0
	Vehicle arrival at task: 139.0
	Waiting time until service start time: 31.0

	id: 35
		node: 13
		(x, y, z): (82, 100, 2)
		dem: 18
		earl: 170
		lat: 180
		servt: 10
		pid: 0
		did: 90
		servST: 170.0
		(h, h_ind): (-1, 0)
		load: 49.0

	Finished service at time: 180.0

	Using Machine: 2
		Task 35 -> Machine 2 (Station 3): 32.7
		Vehicle arrival at machine station: 212.7
		Waiting time until machine travel: 0.0

		Machine travel start time: 212.7
		Region 2 -> Region 0: 10.0
		Machine arrival at machine station: 222.7

		Machine 2 (Station 1)-> Task 90: 40.71
		Vehicle arrival at task: 263.40999999999997
		Waiting time until service start time: 47.86

	id: 90
		node: 53
		(x, y, z): (50, 106, 0)
		dem: -18
		earl: 127
		lat: 710
		servt: 10
		pid: 35
		did: 0
		servST: 311.27
		(h, h_ind): (2, 7)
		load: 31.0

	Finished service at time: 321.27

	Task 90 -> Task 118: 12.73
	Vehicle arrival at task: 334.0
	Waiting time until service start time: 0.0

	id: 118
		node: 66
		(x, y, z): (59, 115, 0)
		dem: -31
		earl: 324
		lat: 334
		servt: 10
		pid: 57
		did: 0
		servST: 334.0
		(h, h_ind): (-1, 0)
		load: 0.0

	Finished service at time: 344.0

	Task 118 -> Task 70: 80.36
	Vehicle arrival at task: 424.36
	Waiting time until service start time: 23.64

	id: 70
		node: 32
		(x, y, z): (36, 38, 0)
		dem: 5
		earl: 448
		lat: 458
		servt: 10
		pid: 0
		did: 107
		servST: 448.0
		(h, h_ind): (-1, 0)
		load: 5.0

	Finished service at time: 458.0

	Using Machine: 4
		Task 70 -> Machine 4 (Station 1): 44.55
		Vehicle arrival at machine station: 502.55
		Waiting time until machine travel: 0.0

		Machine travel start time: 502.55
		Region 0 -> Region 2: 10.0
		Machine arrival at machine station: 512.55

		Machine 4 (Station 3)-> Task 107: 36.5
		Vehicle arrival at task: 549.05
		Waiting time until service start time: 0.0

	id: 107
		node: 72
		(x, y, z): (61, 34, 2)
		dem: -5
		earl: 540
		lat: 550
		servt: 10
		pid: 70
		did: 0
		servST: 549.05
		(h, h_ind): (4, 13)
		load: 0.0

	Finished service at time: 559.05

	Using Machine: 0
		Task 107 -> Machine 0 (Station 3): 37.36
		Vehicle arrival at machine station: 596.41
		Waiting time until machine travel: 0.0

		Machine travel start time: 596.41
		Region 2 -> Region 0: 10.0
		Machine arrival at machine station: 606.41

		Machine 0 (Station 1)-> Task 0: 1.0
		Vehicle arrival at task: 607.41
		Waiting time until service start time: 0.0

	id: 0
		node: 82
		(x, y, z): (70, 70, 0)
		dem: 0
		earl: 0
		lat: 761
		servt: 0
		pid: 0
		did: 0
		servST: 607.41
		(h, h_ind): (0, 12)
		load: 0.0


Vehicle 20 :
	id: 0
		node: 1
		(x, y, z): (70, 70, 0)
		dem: 0
		earl: 0
		lat: 761
		servt: 0
		pid: 0
		did: 0
		servST: 10.059999999999999
		(h, h_ind): (-1, 0)
		load: 0.0

	Finished service at time: 10.059999999999999

	Using Machine: 4
		Task 0 -> Machine 4 (Station 1): 3.0
		Vehicle arrival at machine station: 13.059999999999999
		Waiting time until machine travel: 0.0

		Machine travel start time: 13.059999999999999
		Region 0 -> Region 1: 5.0
		Machine arrival at machine station: 18.06

		Machine 4 (Station 2)-> Task 46: 25.94
		Vehicle arrival at task: 44.0
		Waiting time until service start time: 0.0

	id: 46
		node: 19
		(x, y, z): (44, 58, 1)
		dem: 30
		earl: 34
		lat: 44
		servt: 10
		pid: 0
		did: 15
		servST: 44.0
		(h, h_ind): (4, 1)
		load: 30.0

	Finished service at time: 54.0

	Using Machine: 2
		Task 46 -> Machine 2 (Station 2): 27.73
		Vehicle arrival at machine station: 81.73
		Waiting time until machine travel: 0.22

		Machine travel start time: 81.95
		Region 1 -> Region 0: 5.0
		Machine arrival at machine station: 86.95

		Machine 2 (Station 1)-> Task 15: 44.05
		Vehicle arrival at task: 131.0
		Waiting time until service start time: 0.0

	id: 15
		node: 59
		(x, y, z): (41, 36, 0)
		dem: -30
		earl: 121
		lat: 131
		servt: 10
		pid: 46
		did: 0
		servST: 131.0
		(h, h_ind): (2, 5)
		load: 0.0

	Finished service at time: 141.0

	Using Machine: 4
		Task 15 -> Machine 4 (Station 1): 42.8
		Vehicle arrival at machine station: 183.8
		Waiting time until machine travel: 0.0

		Machine travel start time: 183.8
		Region 0 -> Region 1: 5.0
		Machine arrival at machine station: 188.8

		Machine 4 (Station 2)-> Task 53: 60.8
		Vehicle arrival at task: 249.60000000000002
		Waiting time until service start time: 0.0

	id: 53
		node: 23
		(x, y, z): (103, 119, 1)
		dem: 18
		earl: 0
		lat: 565
		servt: 10
		pid: 0
		did: 2
		servST: 249.60000000000002
		(h, h_ind): (4, 5)
		load: 18.0

	Finished service at time: 259.6

	Using Machine: 1
		Task 53 -> Machine 1 (Station 2): 57.45
		Vehicle arrival at machine station: 317.05
		Waiting time until machine travel: 0.0

		Machine travel start time: 317.05
		Region 1 -> Region 0: 5.0
		Machine arrival at machine station: 322.05

		Machine 1 (Station 1)-> Task 2: 77.83
		Vehicle arrival at task: 399.88
		Waiting time until service start time: 14.12

	id: 2
		node: 63
		(x, y, z): (109, 139, 0)
		dem: -18
		earl: 414
		lat: 424
		servt: 10
		pid: 53
		did: 0
		servST: 414.0
		(h, h_ind): (1, 9)
		load: 0.0

	Finished service at time: 424.0

	Task 2 -> Task 0: 79.26
	Vehicle arrival at task: 503.26
	Waiting time until service start time: 0.0

	id: 0
		node: 82
		(x, y, z): (70, 70, 0)
		dem: 0
		earl: 0
		lat: 761
		servt: 0
		pid: 0
		did: 0
		servST: 503.26
		(h, h_ind): (-1, 0)
		load: 0.0


Vehicle 22 :
	id: 0
		node: 1
		(x, y, z): (70, 70, 0)
		dem: 0
		earl: 0
		lat: 761
		servt: 0
		pid: 0
		did: 0
		servST: 0.009999999999990905
		(h, h_ind): (-1, 0)
		load: 0.0

	Finished service at time: 0.009999999999990905

	Using Machine: 2
		Task 0 -> Machine 2 (Station 1): 1.0
		Vehicle arrival at machine station: 1.009999999999991
		Waiting time until machine travel: 0.0

		Machine travel start time: 1.009999999999991
		Region 0 -> Region 1: 5.0
		Machine arrival at machine station: 6.009999999999991

		Machine 2 (Station 2)-> Task 4: 31.14
		Vehicle arrival at task: 37.14999999999999
		Waiting time until service start time: 0.0

	id: 4
		node: 4
		(x, y, z): (48, 47, 1)
		dem: 19
		earl: 31
		lat: 41
		servt: 10
		pid: 0
		did: 184
		servST: 37.14999999999999
		(h, h_ind): (2, 1)
		load: 19.0

	Finished service at time: 47.14999999999999

	Using Machine: 4
		Task 4 -> Machine 4 (Station 2): 29.83
		Vehicle arrival at machine station: 76.97999999999999
		Waiting time until machine travel: 0.0

		Machine travel start time: 76.97999999999999
		Region 1 -> Region 3: 10.0
		Machine arrival at machine station: 86.97999999999999

		Machine 4 (Station 4)-> Task 184: 48.02
		Vehicle arrival at task: 135.0
		Waiting time until service start time: 0.0

	id: 184
		node: 44
		(x, y, z): (42, 29, 3)
		dem: -19
		earl: 125
		lat: 135
		servt: 10
		pid: 4
		did: 0
		servST: 135.0
		(h, h_ind): (4, 4)
		load: 0.0

	Finished service at time: 145.0

	Task 184 -> Task 6: 113.05
	Vehicle arrival at task: 258.05
	Waiting time until service start time: 26.95

	id: 6
		node: 6
		(x, y, z): (12, 138, 3)
		dem: 14
		earl: 285
		lat: 295
		servt: 10
		pid: 0
		did: 177
		servST: 285.0
		(h, h_ind): (-1, 0)
		load: 14.0

	Finished service at time: 295.0

	Using Machine: 4
		Task 6 -> Machine 4 (Station 4): 87.46
		Vehicle arrival at machine station: 382.46
		Waiting time until machine travel: 0.0

		Machine travel start time: 382.46
		Region 3 -> Region 0: 15.0
		Machine arrival at machine station: 397.46

		Machine 4 (Station 1)-> Task 177: 79.98
		Vehicle arrival at task: 477.44
		Waiting time until service start time: 0.0

	id: 177
		node: 46
		(x, y, z): (13, 129, 0)
		dem: -14
		earl: 468
		lat: 478
		servt: 10
		pid: 6
		did: 0
		servST: 477.44
		(h, h_ind): (4, 10)
		load: 0.0

	Finished service at time: 487.44

	Task 177 -> Task 0: 82.04
	Vehicle arrival at task: 569.48
	Waiting time until service start time: 0.0

	id: 0
		node: 82
		(x, y, z): (70, 70, 0)
		dem: 0
		earl: 0
		lat: 761
		servt: 0
		pid: 0
		did: 0
		servST: 569.48
		(h, h_ind): (-1, 0)
		load: 0.0


Vehicle 24 :
	id: 0
		node: 1
		(x, y, z): (70, 70, 0)
		dem: 0
		earl: 0
		lat: 761
		servt: 0
		pid: 0
		did: 0
		servST: 29.900000000000006
		(h, h_ind): (-1, 0)
		load: 0.0

	Finished service at time: 29.900000000000006

	Using Machine: 2
		Task 0 -> Machine 2 (Station 1): 1.0
		Vehicle arrival at machine station: 30.900000000000006
		Waiting time until machine travel: 0.0

		Machine travel start time: 30.900000000000006
		Region 0 -> Region 3: 15.0
		Machine arrival at machine station: 45.900000000000006

		Machine 2 (Station 4)-> Task 85: 61.1
		Vehicle arrival at task: 107.0
		Waiting time until service start time: 0.0

	id: 85
		node: 38
		(x, y, z): (12, 48, 3)
		dem: 4
		earl: 97
		lat: 107
		servt: 10
		pid: 0
		did: 47
		servST: 107.0
		(h, h_ind): (2, 3)
		load: 4.0

	Finished service at time: 117.0

	Task 85 -> Task 38: 74.43
	Vehicle arrival at task: 191.43
	Waiting time until service start time: 71.57

	id: 38
		node: 15
		(x, y, z): (50, 112, 3)
		dem: 18
		earl: 263
		lat: 273
		servt: 10
		pid: 0
		did: 62
		servST: 263.0
		(h, h_ind): (-1, 0)
		load: 22.0

	Finished service at time: 273.0

	Using Machine: 4
		Task 38 -> Machine 4 (Station 4): 45.31
		Vehicle arrival at machine station: 318.31
		Waiting time until machine travel: 19.65

		Machine travel start time: 337.96
		Region 3 -> Region 2: 5.0
		Machine arrival at machine station: 342.96

		Machine 4 (Station 3)-> Task 47: 61.4
		Vehicle arrival at task: 404.35999999999996
		Waiting time until service start time: 6.64

	id: 47
		node: 78
		(x, y, z): (8, 87, 2)
		dem: -4
		earl: 411
		lat: 421
		servt: 10
		pid: 85
		did: 0
		servST: 411.0
		(h, h_ind): (4, 8)
		load: 18.0

	Finished service at time: 421.0

	Using Machine: 4
		Task 47 -> Machine 4 (Station 3): 61.4
		Vehicle arrival at machine station: 482.4
		Waiting time until machine travel: 0.15

		Machine travel start time: 482.55
		Region 2 -> Region 3: 5.0
		Machine arrival at machine station: 487.55

		Machine 4 (Station 4)-> Task 62: 58.25
		Vehicle arrival at task: 545.8
		Waiting time until service start time: 30.2

	id: 62
		node: 55
		(x, y, z): (55, 127, 3)
		dem: -18
		earl: 576
		lat: 586
		servt: 10
		pid: 38
		did: 0
		servST: 576.0
		(h, h_ind): (4, 12)
		load: 0.0

	Finished service at time: 586.0

	Using Machine: 2
		Task 62 -> Machine 2 (Station 4): 58.69
		Vehicle arrival at machine station: 644.69
		Waiting time until machine travel: 0.0

		Machine travel start time: 644.69
		Region 3 -> Region 0: 15.0
		Machine arrival at machine station: 659.69

		Machine 2 (Station 1)-> Task 0: 1.0
		Vehicle arrival at task: 660.69
		Waiting time until service start time: 0.0

	id: 0
		node: 82
		(x, y, z): (70, 70, 0)
		dem: 0
		earl: 0
		lat: 761
		servt: 0
		pid: 0
		did: 0
		servST: 660.69
		(h, h_ind): (2, 15)
		load: 0.0


Vehicle 26 :
	id: 0
		node: 1
		(x, y, z): (70, 70, 0)
		dem: 0
		earl: 0
		lat: 761
		servt: 0
		pid: 0
		did: 0
		servST: 2.9399999999999977
		(h, h_ind): (-1, 0)
		load: 0.0

	Finished service at time: 2.9399999999999977

	Using Machine: 1
		Task 0 -> Machine 1 (Station 1): 3.0
		Vehicle arrival at machine station: 5.939999999999998
		Waiting time until machine travel: 0.0

		Machine travel start time: 5.939999999999998
		Region 0 -> Region 1: 5.0
		Machine arrival at machine station: 10.939999999999998

		Machine 1 (Station 2)-> Task 87: 11.66
		Vehicle arrival at task: 22.599999999999998
		Waiting time until service start time: 1.4

	id: 87
		node: 39
		(x, y, z): (79, 80, 1)
		dem: 4
		earl: 14
		lat: 24
		servt: 10
		pid: 0
		did: 16
		servST: 24.0
		(h, h_ind): (1, 1)
		load: 4.0

	Finished service at time: 34.0

	Using Machine: 3
		Task 87 -> Machine 3 (Station 2): 10.77
		Vehicle arrival at machine station: 44.769999999999996
		Waiting time until machine travel: 25.27

		Machine travel start time: 70.04
		Region 1 -> Region 2: 5.0
		Machine arrival at machine station: 75.04

		Machine 3 (Station 3)-> Task 16: 84.96
		Vehicle arrival at task: 160.0
		Waiting time until service start time: 0.0

	id: 16
		node: 79
		(x, y, z): (132, 133, 2)
		dem: -4
		earl: 150
		lat: 160
		servt: 10
		pid: 87
		did: 0
		servST: 160.0
		(h, h_ind): (3, 3)
		load: 0.0

	Finished service at time: 170.0

	Task 16 -> Task 76: 23.09
	Vehicle arrival at task: 193.09
	Waiting time until service start time: 42.91

	id: 76
		node: 35
		(x, y, z): (109, 131, 2)
		dem: 16
		earl: 236
		lat: 246
		servt: 10
		pid: 0
		did: 121
		servST: 236.0
		(h, h_ind): (-1, 0)
		load: 16.0

	Finished service at time: 246.0

	Using Machine: 2
		Task 76 -> Machine 2 (Station 3): 72.95
		Vehicle arrival at machine station: 318.95
		Waiting time until machine travel: 0.0

		Machine travel start time: 318.95
		Region 2 -> Region 0: 10.0
		Machine arrival at machine station: 328.95

		Machine 2 (Station 1)-> Task 121: 44.01
		Vehicle arrival at task: 372.96
		Waiting time until service start time: 0.0

	id: 121
		node: 75
		(x, y, z): (85, 111, 0)
		dem: -16
		earl: 0
		lat: 581
		servt: 10
		pid: 76
		did: 0
		servST: 372.96
		(h, h_ind): (2, 9)
		load: 0.0

	Finished service at time: 382.96

	Task 121 -> Task 0: 43.66
	Vehicle arrival at task: 426.62
	Waiting time until service start time: 0.0

	id: 0
		node: 82
		(x, y, z): (70, 70, 0)
		dem: 0
		earl: 0
		lat: 761
		servt: 0
		pid: 0
		did: 0
		servST: 426.62
		(h, h_ind): (-1, 0)
		load: 0.0


Vehicle 27 :
	id: 0
		node: 1
		(x, y, z): (70, 70, 0)
		dem: 0
		earl: 0
		lat: 761
		servt: 0
		pid: 0
		did: 0
		servST: 7.000000000000014
		(h, h_ind): (-1, 0)
		load: 0.0

	Finished service at time: 7.000000000000014

	Using Machine: 3
		Task 0 -> Machine 3 (Station 1): 5.0
		Vehicle arrival at machine station: 12.000000000000014
		Waiting time until machine travel: 0.0

		Machine travel start time: 12.000000000000014
		Region 0 -> Region 1: 5.0
		Machine arrival at machine station: 17.000000000000014

		Machine 3 (Station 2)-> Task 44: 51.66
		Vehicle arrival at task: 68.66000000000001
		Waiting time until service start time: 0.0

	id: 44
		node: 18
		(x, y, z): (113, 35, 1)
		dem: 9
		earl: 62
		lat: 72
		servt: 10
		pid: 0
		did: 172
		servST: 68.66000000000001
		(h, h_ind): (3, 1)
		load: 9.0

	Finished service at time: 78.66000000000001

	Task 44 -> Task 54: 82.76
	Vehicle arrival at task: 161.42000000000002
	Waiting time until service start time: 0.0

	id: 54
		node: 24
		(x, y, z): (32, 52, 1)
		dem: 32
		earl: 161
		lat: 171
		servt: 10
		pid: 0
		did: 125
		servST: 161.42000000000002
		(h, h_ind): (-1, 0)
		load: 41.0

	Finished service at time: 171.42000000000002

	Using Machine: 4
		Task 54 -> Machine 4 (Station 2): 39.36
		Vehicle arrival at machine station: 210.78000000000003
		Waiting time until machine travel: -0.0

		Machine travel start time: 210.78
		Region 1 -> Region 2: 5.0
		Machine arrival at machine station: 215.78

		Machine 4 (Station 3)-> Task 125: 39.22
		Vehicle arrival at task: 255.0
		Waiting time until service start time: 0.0

	id: 125
		node: 64
		(x, y, z): (30, 57, 2)
		dem: -32
		earl: 245
		lat: 255
		servt: 10
		pid: 54
		did: 0
		servST: 255.0
		(h, h_ind): (4, 6)
		load: 9.0

	Finished service at time: 265.0

	Task 125 -> Task 172: 90.14
	Vehicle arrival at task: 355.14
	Waiting time until service start time: 28.86

	id: 172
		node: 58
		(x, y, z): (120, 52, 2)
		dem: -9
		earl: 384
		lat: 394
		servt: 10
		pid: 44
		did: 0
		servST: 384.0
		(h, h_ind): (-1, 0)
		load: 0.0

	Finished service at time: 394.0

	Using Machine: 0
		Task 172 -> Machine 0 (Station 3): 52.2
		Vehicle arrival at machine station: 446.2
		Waiting time until machine travel: 0.0

		Machine travel start time: 446.2
		Region 2 -> Region 0: 10.0
		Machine arrival at machine station: 456.2

		Machine 0 (Station 1)-> Task 0: 1.0
		Vehicle arrival at task: 457.2
		Waiting time until service start time: 0.0

	id: 0
		node: 82
		(x, y, z): (70, 70, 0)
		dem: 0
		earl: 0
		lat: 761
		servt: 0
		pid: 0
		did: 0
		servST: 457.2
		(h, h_ind): (0, 8)
		load: 0.0


Vehicle 33 :
	id: 0
		node: 1
		(x, y, z): (70, 70, 0)
		dem: 0
		earl: 0
		lat: 761
		servt: 0
		pid: 0
		did: 0
		servST: 10.820000000000007
		(h, h_ind): (-1, 0)
		load: 0.0

	Finished service at time: 10.820000000000007

	Task 0 -> Task 32: 39.4
	Vehicle arrival at task: 50.220000000000006
	Waiting time until service start time: 0.0

	id: 32
		node: 12
		(x, y, z): (54, 106, 0)
		dem: 9
		earl: 0
		lat: 585
		servt: 10
		pid: 0
		did: 138
		servST: 50.220000000000006
		(h, h_ind): (-1, 0)
		load: 9.0

	Finished service at time: 60.220000000000006

	Using Machine: 3
		Task 32 -> Machine 3 (Station 1): 41.68
		Vehicle arrival at machine station: 101.9
		Waiting time until machine travel: 0.0

		Machine travel start time: 101.9
		Region 0 -> Region 1: 5.0
		Machine arrival at machine station: 106.9

		Machine 3 (Station 2)-> Task 50: 70.77
		Vehicle arrival at task: 177.67000000000002
		Waiting time until service start time: 0.0

	id: 50
		node: 21
		(x, y, z): (140, 42, 1)
		dem: 13
		earl: 0
		lat: 549
		servt: 10
		pid: 0
		did: 11
		servST: 177.67000000000002
		(h, h_ind): (3, 4)
		load: 22.0

	Finished service at time: 187.67000000000002

	Using Machine: 3
		Task 50 -> Machine 3 (Station 2): 70.77
		Vehicle arrival at machine station: 258.44
		Waiting time until machine travel: 0.0

		Machine travel start time: 258.44
		Region 1 -> Region 0: 5.0
		Machine arrival at machine station: 263.44

		Machine 3 (Station 1)-> Task 138: 37.74
		Vehicle arrival at task: 301.18
		Waiting time until service start time: 23.82

	id: 138
		node: 52
		(x, y, z): (55, 102, 0)
		dem: -9
		earl: 325
		lat: 335
		servt: 10
		pid: 32
		did: 0
		servST: 325.0
		(h, h_ind): (3, 9)
		load: 13.0

	Finished service at time: 335.0

	Task 138 -> Task 11: 107.52
	Vehicle arrival at task: 442.52
	Waiting time until service start time: 0.0

	id: 11
		node: 61
		(x, y, z): (129, 24, 0)
		dem: -13
		earl: 0
		lat: 550
		servt: 10
		pid: 50
		did: 0
		servST: 442.52
		(h, h_ind): (-1, 0)
		load: 0.0

	Finished service at time: 452.52

	Task 11 -> Task 0: 74.81
	Vehicle arrival at task: 527.3299999999999
	Waiting time until service start time: 0.0

	id: 0
		node: 82
		(x, y, z): (70, 70, 0)
		dem: 0
		earl: 0
		lat: 761
		servt: 0
		pid: 0
		did: 0
		servST: 527.3299999999999
		(h, h_ind): (-1, 0)
		load: 0.0


Vehicle 34 :
	id: 0
		node: 1
		(x, y, z): (70, 70, 0)
		dem: 0
		earl: 0
		lat: 761
		servt: 0
		pid: 0
		did: 0
		servST: 22.939999999999998
		(h, h_ind): (-1, 0)
		load: 0.0

	Finished service at time: 22.939999999999998

	Using Machine: 1
		Task 0 -> Machine 1 (Station 1): 3.0
		Vehicle arrival at machine station: 25.939999999999998
		Waiting time until machine travel: 0.0

		Machine travel start time: 25.939999999999998
		Region 0 -> Region 3: 15.0
		Machine arrival at machine station: 40.94

		Machine 1 (Station 4)-> Task 67: 31.06
		Vehicle arrival at task: 72.0
		Waiting time until service start time: 0.0

	id: 67
		node: 29
		(x, y, z): (90, 44, 3)
		dem: 6
		earl: 62
		lat: 72
		servt: 10
		pid: 0
		did: 28
		servST: 72.0
		(h, h_ind): (1, 3)
		load: 6.0

	Finished service at time: 82.0

	Task 67 -> Task 28: 30.0
	Vehicle arrival at task: 112.0
	Waiting time until service start time: 4.74

	id: 28
		node: 69
		(x, y, z): (90, 14, 3)
		dem: -6
		earl: 0
		lat: 565
		servt: 10
		pid: 67
		did: 0
		servST: 116.74
		(h, h_ind): (-1, 0)
		load: 0.0

	Finished service at time: 126.74

	Task 28 -> Task 5: 27.2
	Vehicle arrival at task: 153.94
	Waiting time until service start time: 0.0

	id: 5
		node: 5
		(x, y, z): (116, 22, 3)
		dem: 32
		earl: 148
		lat: 158
		servt: 10
		pid: 0
		did: 91
		servST: 153.94
		(h, h_ind): (-1, 0)
		load: 32.0

	Finished service at time: 163.94

	Task 5 -> Task 1: 55.73
	Vehicle arrival at task: 219.67
	Waiting time until service start time: 0.0

	id: 1
		node: 2
		(x, y, z): (107, 77, 3)
		dem: 34
		earl: 0
		lat: 587
		servt: 10
		pid: 0
		did: 181
		servST: 219.67
		(h, h_ind): (-1, 0)
		load: 66.0

	Finished service at time: 229.67

	Using Machine: 1
		Task 1 -> Machine 1 (Station 4): 34.71
		Vehicle arrival at machine station: 264.38
		Waiting time until machine travel: 0.0

		Machine travel start time: 264.38
		Region 3 -> Region 0: 15.0
		Machine arrival at machine station: 279.38

		Machine 1 (Station 1)-> Task 181: 39.62
		Vehicle arrival at task: 319.0
		Waiting time until service start time: 0.0

	id: 181
		node: 42
		(x, y, z): (100, 99, 0)
		dem: -34
		earl: 309
		lat: 319
		servt: 10
		pid: 1
		did: 0
		servST: 319.0
		(h, h_ind): (1, 8)
		load: 32.0

	Finished service at time: 329.0

	Using Machine: 3
		Task 181 -> Machine 3 (Station 1): 38.29
		Vehicle arrival at machine station: 367.29
		Waiting time until machine travel: 80.73

		Machine travel start time: 448.02
		Region 0 -> Region 1: 5.0
		Machine arrival at machine station: 453.02

		Machine 3 (Station 2)-> Task 91: 32.98
		Vehicle arrival at task: 486.0
		Waiting time until service start time: 0.0

	id: 91
		node: 45
		(x, y, z): (83, 38, 1)
		dem: -32
		earl: 486
		lat: 496
		servt: 10
		pid: 5
		did: 0
		servST: 486.0
		(h, h_ind): (3, 12)
		load: 0.0

	Finished service at time: 496.0

	Using Machine: 0
		Task 91 -> Machine 0 (Station 2): 34.18
		Vehicle arrival at machine station: 530.18
		Waiting time until machine travel: 0.0

		Machine travel start time: 530.18
		Region 1 -> Region 0: 5.0
		Machine arrival at machine station: 535.18

		Machine 0 (Station 1)-> Task 0: 1.0
		Vehicle arrival at task: 536.18
		Waiting time until service start time: 0.0

	id: 0
		node: 82
		(x, y, z): (70, 70, 0)
		dem: 0
		earl: 0
		lat: 761
		servt: 0
		pid: 0
		did: 0
		servST: 536.18
		(h, h_ind): (0, 10)
		load: 0.0


Vehicle 35 :
	id: 0
		node: 1
		(x, y, z): (70, 70, 0)
		dem: 0
		earl: 0
		lat: 761
		servt: 0
		pid: 0
		did: 0
		servST: 12.939999999999998
		(h, h_ind): (-1, 0)
		load: 0.0

	Finished service at time: 12.939999999999998

	Using Machine: 1
		Task 0 -> Machine 1 (Station 1): 3.0
		Vehicle arrival at machine station: 15.939999999999998
		Waiting time until machine travel: 0.0

		Machine travel start time: 15.939999999999998
		Region 0 -> Region 1: 5.0
		Machine arrival at machine station: 20.939999999999998

		Machine 1 (Station 2)-> Task 18: 34.89
		Vehicle arrival at task: 55.83
		Waiting time until service start time: 7.95

	id: 18
		node: 8
		(x, y, z): (104, 54, 1)
		dem: 13
		earl: 63
		lat: 73
		servt: 10
		pid: 0
		did: 143
		servST: 63.78000000000001
		(h, h_ind): (1, 2)
		load: 13.0

	Finished service at time: 73.78

	Using Machine: 3
		Task 18 -> Machine 3 (Station 2): 33.12
		Vehicle arrival at machine station: 106.9
		Waiting time until machine travel: 0.0

		Machine travel start time: 106.9
		Region 1 -> Region 0: 5.0
		Machine arrival at machine station: 111.9

		Machine 3 (Station 1)-> Task 143: 44.1
		Vehicle arrival at task: 156.0
		Waiting time until service start time: 0.0

	id: 143
		node: 48
		(x, y, z): (119, 73, 0)
		dem: -13
		earl: 146
		lat: 156
		servt: 10
		pid: 18
		did: 0
		servST: 156.0
		(h, h_ind): (3, 5)
		load: 0.0

	Finished service at time: 166.0

	Task 143 -> Task 84: 82.76
	Vehicle arrival at task: 248.76
	Waiting time until service start time: 47.24

	id: 84
		node: 37
		(x, y, z): (46, 112, 0)
		dem: 10
		earl: 296
		lat: 306
		servt: 10
		pid: 0
		did: 88
		servST: 296.0
		(h, h_ind): (-1, 0)
		load: 10.0

	Finished service at time: 306.0

	Using Machine: 4
		Task 84 -> Machine 4 (Station 1): 46.96
		Vehicle arrival at machine station: 352.96
		Waiting time until machine travel: 0.0

		Machine travel start time: 352.96
		Region 0 -> Region 2: 10.0
		Machine arrival at machine station: 362.96

		Machine 4 (Station 3)-> Task 88: 46.04
		Vehicle arrival at task: 409.0
		Waiting time until service start time: 0.0

	id: 88
		node: 77
		(x, y, z): (69, 116, 2)
		dem: -10
		earl: 399
		lat: 409
		servt: 10
		pid: 84
		did: 0
		servST: 409.0
		(h, h_ind): (4, 9)
		load: 0.0

	Finished service at time: 419.0

	Using Machine: 0
		Task 88 -> Machine 0 (Station 3): 46.04
		Vehicle arrival at machine station: 465.04
		Waiting time until machine travel: 1.16

		Machine travel start time: 466.2
		Region 2 -> Region 0: 10.0
		Machine arrival at machine station: 476.2

		Machine 0 (Station 1)-> Task 0: 1.0
		Vehicle arrival at task: 477.2
		Waiting time until service start time: 0.0

	id: 0
		node: 82
		(x, y, z): (70, 70, 0)
		dem: 0
		earl: 0
		lat: 761
		servt: 0
		pid: 0
		did: 0
		servST: 477.2
		(h, h_ind): (0, 9)
		load: 0.0


Vehicle 36 :
	id: 0
		node: 1
		(x, y, z): (70, 70, 0)
		dem: 0
		earl: 0
		lat: 761
		servt: 0
		pid: 0
		did: 0
		servST: 29.090000000000074
		(h, h_ind): (-1, 0)
		load: 0.0

	Finished service at time: 29.090000000000074

	Task 0 -> Task 71: 85.91
	Vehicle arrival at task: 115.00000000000007
	Waiting time until service start time: 0.0

	id: 71
		node: 33
		(x, y, z): (15, 4, 0)
		dem: 23
		earl: 111
		lat: 121
		servt: 10
		pid: 0
		did: 186
		servST: 115.00000000000007
		(h, h_ind): (-1, 0)
		load: 23.0

	Finished service at time: 125.00000000000007

	Using Machine: 1
		Task 71 -> Machine 1 (Station 1): 87.86
		Vehicle arrival at machine station: 212.86000000000007
		Waiting time until machine travel: 0.0

		Machine travel start time: 212.86000000000007
		Region 0 -> Region 3: 15.0
		Machine arrival at machine station: 227.86000000000007

		Machine 1 (Station 4)-> Task 69: 31.14
		Vehicle arrival at task: 259.00000000000006
		Waiting time until service start time: 0.0

	id: 69
		node: 31
		(x, y, z): (104, 73, 3)
		dem: 17
		earl: 259
		lat: 269
		servt: 10
		pid: 0
		did: 103
		servST: 259.00000000000006
		(h, h_ind): (1, 7)
		load: 40.0

	Finished service at time: 269.00000000000006

	Using Machine: 3
		Task 69 -> Machine 3 (Station 4): 29.15
		Vehicle arrival at machine station: 298.15000000000003
		Waiting time until machine travel: 0.0

		Machine travel start time: 298.15000000000003
		Region 3 -> Region 1: 10.0
		Machine arrival at machine station: 308.15000000000003

		Machine 3 (Station 2)-> Task 103: 30.46
		Vehicle arrival at task: 338.61
		Waiting time until service start time: 0.0

	id: 103
		node: 71
		(x, y, z): (103, 82, 1)
		dem: -17
		earl: 336
		lat: 346
		servt: 10
		pid: 69
		did: 0
		servST: 338.61
		(h, h_ind): (3, 10)
		load: 23.0

	Finished service at time: 348.61

	Task 103 -> Task 186: 108.81
	Vehicle arrival at task: 457.42
	Waiting time until service start time: 0.0

	id: 186
		node: 73
		(x, y, z): (15, 18, 1)
		dem: -23
		earl: 0
		lat: 549
		servt: 10
		pid: 71
		did: 0
		servST: 457.42
		(h, h_ind): (-1, 0)
		load: 0.0

	Finished service at time: 467.42

	Using Machine: 2
		Task 186 -> Machine 2 (Station 2): 74.97
		Vehicle arrival at machine station: 542.39
		Waiting time until machine travel: 0.0

		Machine travel start time: 542.39
		Region 1 -> Region 0: 5.0
		Machine arrival at machine station: 547.39

		Machine 2 (Station 1)-> Task 0: 1.0
		Vehicle arrival at task: 548.39
		Waiting time until service start time: 0.0

	id: 0
		node: 82
		(x, y, z): (70, 70, 0)
		dem: 0
		earl: 0
		lat: 761
		servt: 0
		pid: 0
		did: 0
		servST: 548.39
		(h, h_ind): (2, 13)
		load: 0.0


Vehicle 37 :
	id: 0
		node: 1
		(x, y, z): (70, 70, 0)
		dem: 0
		earl: 0
		lat: 761
		servt: 0
		pid: 0
		did: 0
		servST: 58.81000000000002
		(h, h_ind): (-1, 0)
		load: 0.0

	Finished service at time: 58.81000000000002

	Using Machine: 0
		Task 0 -> Machine 0 (Station 1): 1.0
		Vehicle arrival at machine station: 59.81000000000002
		Waiting time until machine travel: 0.0

		Machine travel start time: 59.81000000000002
		Region 0 -> Region 3: 15.0
		Machine arrival at machine station: 74.81000000000002

		Machine 0 (Station 4)-> Task 65: 55.58
		Vehicle arrival at task: 130.39000000000001
		Waiting time until service start time: 0.0

	id: 65
		node: 28
		(x, y, z): (16, 62, 3)
		dem: 15
		earl: 0
		lat: 570
		servt: 10
		pid: 0
		did: 19
		servST: 130.39000000000001
		(h, h_ind): (0, 2)
		load: 15.0

	Finished service at time: 140.39000000000001

	Using Machine: 2
		Task 65 -> Machine 2 (Station 4): 53.6
		Vehicle arrival at machine station: 193.99
		Waiting time until machine travel: 0.0

		Machine travel start time: 193.99
		Region 3 -> Region 1: 10.0
		Machine arrival at machine station: 203.99

		Machine 2 (Station 2)-> Task 19: 58.01
		Vehicle arrival at task: 262.0
		Waiting time until service start time: 0.0

	id: 19
		node: 68
		(x, y, z): (22, 104, 1)
		dem: -15
		earl: 252
		lat: 262
		servt: 10
		pid: 65
		did: 0
		servST: 262.0
		(h, h_ind): (2, 6)
		load: 0.0

	Finished service at time: 272.0

	Using Machine: 1
		Task 19 -> Machine 1 (Station 2): 61.29
		Vehicle arrival at machine station: 333.29
		Waiting time until machine travel: -0.0

		Machine travel start time: 333.28999999999996
		Region 1 -> Region 0: 5.0
		Machine arrival at machine station: 338.28999999999996

		Machine 1 (Station 1)-> Task 0: 3.0
		Vehicle arrival at task: 341.28999999999996
		Waiting time until service start time: 0.0

	id: 0
		node: 82
		(x, y, z): (70, 70, 0)
		dem: 0
		earl: 0
		lat: 761
		servt: 0
		pid: 0
		did: 0
		servST: 341.28999999999996
		(h, h_ind): (1, 10)
		load: 0.0


Vehicle 38 :
	id: 0
		node: 1
		(x, y, z): (70, 70, 0)
		dem: 0
		earl: 0
		lat: 761
		servt: 0
		pid: 0
		did: 0
		servST: 19.900000000000006
		(h, h_ind): (-1, 0)
		load: 0.0

	Finished service at time: 19.900000000000006

	Using Machine: 2
		Task 0 -> Machine 2 (Station 1): 1.0
		Vehicle arrival at machine station: 20.900000000000006
		Waiting time until machine travel: 0.0

		Machine travel start time: 20.900000000000006
		Region 0 -> Region 1: 5.0
		Machine arrival at machine station: 25.900000000000006

		Machine 2 (Station 2)-> Task 93: 70.11
		Vehicle arrival at task: 96.01
		Waiting time until service start time: 12.99

	id: 93
		node: 40
		(x, y, z): (65, 0, 1)
		dem: 20
		earl: 99
		lat: 109
		servt: 10
		pid: 0
		did: 39
		servST: 109.0
		(h, h_ind): (2, 2)
		load: 20.0

	Finished service at time: 119.0

	Task 93 -> Task 12: 99.32
	Vehicle arrival at task: 218.32
	Waiting time until service start time: 0.68

	id: 12
		node: 7
		(x, y, z): (12, 84, 1)
		dem: 16
		earl: 209
		lat: 219
		servt: 10
		pid: 0
		did: 74
		servST: 219.0
		(h, h_ind): (-1, 0)
		load: 36.0

	Finished service at time: 229.0

	Task 12 -> Task 39: 35.01
	Vehicle arrival at task: 264.01
	Waiting time until service start time: 63.99

	id: 39
		node: 80
		(x, y, z): (47, 83, 1)
		dem: -20
		earl: 328
		lat: 338
		servt: 10
		pid: 93
		did: 0
		servST: 328.0
		(h, h_ind): (-1, 0)
		load: 16.0

	Finished service at time: 338.0

	Using Machine: 2
		Task 39 -> Machine 2 (Station 2): 25.55
		Vehicle arrival at machine station: 363.55
		Waiting time until machine travel: 48.0

		Machine travel start time: 411.55
		Region 1 -> Region 2: 5.0
		Machine arrival at machine station: 416.55

		Machine 2 (Station 3)-> Task 74: 39.45
		Vehicle arrival at task: 456.0
		Waiting time until service start time: 0.0

	id: 74
		node: 47
		(x, y, z): (35, 90, 2)
		dem: -16
		earl: 456
		lat: 466
		servt: 10
		pid: 12
		did: 0
		servST: 456.0
		(h, h_ind): (2, 10)
		load: 0.0

	Finished service at time: 466.0

	Using Machine: 2
		Task 74 -> Machine 2 (Station 3): 39.45
		Vehicle arrival at machine station: 505.45
		Waiting time until machine travel: 0.0

		Machine travel start time: 505.45
		Region 2 -> Region 0: 10.0
		Machine arrival at machine station: 515.45

		Machine 2 (Station 1)-> Task 0: 1.0
		Vehicle arrival at task: 516.45
		Waiting time until service start time: 0.0

	id: 0
		node: 82
		(x, y, z): (70, 70, 0)
		dem: 0
		earl: 0
		lat: 761
		servt: 0
		pid: 0
		did: 0
		servST: 516.45
		(h, h_ind): (2, 12)
		load: 0.0


Vehicle 39 :
	id: 0
		node: 1
		(x, y, z): (70, 70, 0)
		dem: 0
		earl: 0
		lat: 761
		servt: 0
		pid: 0
		did: 0
		servST: 20.97
		(h, h_ind): (-1, 0)
		load: 0.0

	Finished service at time: 20.97

	Using Machine: 4
		Task 0 -> Machine 4 (Station 1): 3.0
		Vehicle arrival at machine station: 23.97
		Waiting time until machine travel: 0.0

		Machine travel start time: 23.97
		Region 0 -> Region 1: 5.0
		Machine arrival at machine station: 28.97

		Machine 4 (Station 2)-> Task 51: 72.03
		Vehicle arrival at task: 101.0
		Waiting time until service start time: 0.0

	id: 51
		node: 22
		(x, y, z): (139, 68, 1)
		dem: 25
		earl: 91
		lat: 101
		servt: 10
		pid: 0
		did: 160
		servST: 101.0
		(h, h_ind): (4, 2)
		load: 25.0

	Finished service at time: 111.0

	Using Machine: 1
		Task 51 -> Machine 1 (Station 2): 66.03
		Vehicle arrival at machine station: 177.03
		Waiting time until machine travel: 0.0

		Machine travel start time: 177.03
		Region 1 -> Region 2: 5.0
		Machine arrival at machine station: 182.03

		Machine 1 (Station 3)-> Task 160: 73.11
		Vehicle arrival at task: 255.14
		Waiting time until service start time: 13.86

	id: 160
		node: 62
		(x, y, z): (120, 14, 2)
		dem: -25
		earl: 269
		lat: 279
		servt: 10
		pid: 51
		did: 0
		servST: 269.0
		(h, h_ind): (1, 6)
		load: 0.0

	Finished service at time: 279.0

	Using Machine: 0
		Task 160 -> Machine 0 (Station 3): 74.41
		Vehicle arrival at machine station: 353.40999999999997
		Waiting time until machine travel: 0.0

		Machine travel start time: 353.40999999999997
		Region 2 -> Region 0: 10.0
		Machine arrival at machine station: 363.40999999999997

		Machine 0 (Station 1)-> Task 0: 1.0
		Vehicle arrival at task: 364.40999999999997
		Waiting time until service start time: 0.0

	id: 0
		node: 82
		(x, y, z): (70, 70, 0)
		dem: 0
		earl: 0
		lat: 761
		servt: 0
		pid: 0
		did: 0
		servST: 364.40999999999997
		(h, h_ind): (0, 5)
		load: 0.0


---------------------| MACHINES |---------------------

Machine 0 :
	setup duration: 0.0

	vehicle: 8
	vehicleInd: 2
	(orig, dest): (0, 3)
	(origRegion, destRegion): (0, 3)
	st: 29.810000000000016
	duration: 15.0

	setup duration: 15.0

	vehicle: 37
	vehicleInd: 2
	(orig, dest): (0, 65)
	(origRegion, destRegion): (0, 3)
	st: 59.81000000000002
	duration: 15.0

	setup duration: 15.0

	vehicle: 3
	vehicleInd: 3
	(orig, dest): (36, 116)
	(origRegion, destRegion): (0, 2)
	st: 247.69
	duration: 10.0

	setup duration: 5.0

	vehicle: 12
	vehicleInd: 4
	(orig, dest): (195, 29)
	(origRegion, destRegion): (1, 2)
	st: 331.99
	duration: 5.0

	setup duration: 0.0

	vehicle: 39
	vehicleInd: 4
	(orig, dest): (160, 0)
	(origRegion, destRegion): (2, 0)
	st: 353.40999999999997
	duration: 10.0

	setup duration: 10.0

	vehicle: 3
	vehicleInd: 4
	(orig, dest): (116, 0)
	(origRegion, destRegion): (2, 0)
	st: 382.31
	duration: 10.0

	setup duration: 5.0

	vehicle: 8
	vehicleInd: 4
	(orig, dest): (86, 0)
	(origRegion, destRegion): (1, 0)
	st: 399.43
	duration: 5.0

	setup duration: 10.0

	vehicle: 27
	vehicleInd: 6
	(orig, dest): (172, 0)
	(origRegion, destRegion): (2, 0)
	st: 446.2
	duration: 10.0

	setup duration: 10.0

	vehicle: 35
	vehicleInd: 6
	(orig, dest): (88, 0)
	(origRegion, destRegion): (2, 0)
	st: 466.2
	duration: 10.0

	setup duration: 5.0

	vehicle: 34
	vehicleInd: 8
	(orig, dest): (91, 0)
	(origRegion, destRegion): (1, 0)
	st: 530.18
	duration: 5.0

	setup duration: 5.0

	vehicle: 4
	vehicleInd: 8
	(orig, dest): (197, 0)
	(origRegion, destRegion): (1, 0)
	st: 564.77
	duration: 5.0

	setup duration: 10.0

	vehicle: 17
	vehicleInd: 8
	(orig, dest): (107, 0)
	(origRegion, destRegion): (2, 0)
	st: 596.41
	duration: 10.0


Machine 1 :
	setup duration: 0.0

	vehicle: 26
	vehicleInd: 2
	(orig, dest): (0, 87)
	(origRegion, destRegion): (0, 1)
	st: 5.939999999999998
	duration: 5.0

	setup duration: 5.0

	vehicle: 35
	vehicleInd: 2
	(orig, dest): (0, 18)
	(origRegion, destRegion): (0, 1)
	st: 15.939999999999998
	duration: 5.0

	setup duration: 5.0

	vehicle: 34
	vehicleInd: 2
	(orig, dest): (0, 67)
	(origRegion, destRegion): (0, 3)
	st: 25.939999999999998
	duration: 15.0

	setup duration: 15.0

	vehicle: 4
	vehicleInd: 3
	(orig, dest): (63, 48)
	(origRegion, destRegion): (0, 1)
	st: 101.7
	duration: 5.0

	setup duration: 10.0

	vehicle: 12
	vehicleInd: 3
	(orig, dest): (55, 195)
	(origRegion, destRegion): (3, 1)
	st: 126.89
	duration: 10.0

	setup duration: 0.0

	vehicle: 39
	vehicleInd: 3
	(orig, dest): (51, 160)
	(origRegion, destRegion): (1, 2)
	st: 177.03
	duration: 5.0

	setup duration: 10.0

	vehicle: 36
	vehicleInd: 3
	(orig, dest): (71, 69)
	(origRegion, destRegion): (0, 3)
	st: 212.86000000000007
	duration: 15.0

	setup duration: 0.0

	vehicle: 34
	vehicleInd: 6
	(orig, dest): (1, 181)
	(origRegion, destRegion): (3, 0)
	st: 264.38
	duration: 15.0

	setup duration: 5.0

	vehicle: 20
	vehicleInd: 5
	(orig, dest): (53, 2)
	(origRegion, destRegion): (1, 0)
	st: 317.05
	duration: 5.0

	setup duration: 5.0

	vehicle: 37
	vehicleInd: 4
	(orig, dest): (19, 0)
	(origRegion, destRegion): (1, 0)
	st: 333.28999999999996
	duration: 5.0


Machine 2 :
	setup duration: 0.0

	vehicle: 22
	vehicleInd: 2
	(orig, dest): (0, 4)
	(origRegion, destRegion): (0, 1)
	st: 1.009999999999991
	duration: 5.0

	setup duration: 5.0

	vehicle: 38
	vehicleInd: 2
	(orig, dest): (0, 93)
	(origRegion, destRegion): (0, 1)
	st: 20.900000000000006
	duration: 5.0

	setup duration: 5.0

	vehicle: 24
	vehicleInd: 2
	(orig, dest): (0, 85)
	(origRegion, destRegion): (0, 3)
	st: 30.900000000000006
	duration: 15.0

	setup duration: 15.0

	vehicle: 16
	vehicleInd: 3
	(orig, dest): (73, 34)
	(origRegion, destRegion): (0, 1)
	st: 76.95
	duration: 5.0

	setup duration: 0.0

	vehicle: 20
	vehicleInd: 3
	(orig, dest): (46, 15)
	(origRegion, destRegion): (1, 0)
	st: 81.95
	duration: 5.0

	setup duration: 15.0

	vehicle: 37
	vehicleInd: 3
	(orig, dest): (65, 19)
	(origRegion, destRegion): (3, 1)
	st: 193.99
	duration: 10.0

	setup duration: 5.0

	vehicle: 17
	vehicleInd: 4
	(orig, dest): (35, 90)
	(origRegion, destRegion): (2, 0)
	st: 212.7
	duration: 10.0

	setup duration: 5.0

	vehicle: 16
	vehicleInd: 4
	(orig, dest): (34, 0)
	(origRegion, destRegion): (1, 0)
	st: 285.3
	duration: 5.0

	setup duration: 10.0

	vehicle: 26
	vehicleInd: 5
	(orig, dest): (76, 121)
	(origRegion, destRegion): (2, 0)
	st: 318.95
	duration: 10.0

	setup duration: 5.0

	vehicle: 38
	vehicleInd: 5
	(orig, dest): (39, 74)
	(origRegion, destRegion): (1, 2)
	st: 411.55
	duration: 5.0

	setup duration: 0.0

	vehicle: 14
	vehicleInd: 6
	(orig, dest): (22, 0)
	(origRegion, destRegion): (2, 0)
	st: 436.38
	duration: 10.0

	setup duration: 10.0

	vehicle: 38
	vehicleInd: 6
	(orig, dest): (74, 0)
	(origRegion, destRegion): (2, 0)
	st: 505.45
	duration: 10.0

	setup duration: 5.0

	vehicle: 36
	vehicleInd: 6
	(orig, dest): (186, 0)
	(origRegion, destRegion): (1, 0)
	st: 542.39
	duration: 5.0

	setup duration: 15.0

	vehicle: 12
	vehicleInd: 6
	(orig, dest): (43, 0)
	(origRegion, destRegion): (3, 0)
	st: 578.49
	duration: 15.0

	setup duration: 15.0

	vehicle: 24
	vehicleInd: 6
	(orig, dest): (62, 0)
	(origRegion, destRegion): (3, 0)
	st: 644.69
	duration: 15.0


Machine 3 :
	setup duration: 0.0

	vehicle: 27
	vehicleInd: 2
	(orig, dest): (0, 44)
	(origRegion, destRegion): (0, 1)
	st: 12.000000000000014
	duration: 5.0

	setup duration: 5.0

	vehicle: 12
	vehicleInd: 2
	(orig, dest): (0, 55)
	(origRegion, destRegion): (0, 3)
	st: 32.99
	duration: 15.0

	setup duration: 10.0

	vehicle: 26
	vehicleInd: 3
	(orig, dest): (87, 16)
	(origRegion, destRegion): (1, 2)
	st: 70.04
	duration: 5.0

	setup duration: 10.0

	vehicle: 33
	vehicleInd: 3
	(orig, dest): (32, 50)
	(origRegion, destRegion): (0, 1)
	st: 101.9
	duration: 5.0

	setup duration: 0.0

	vehicle: 35
	vehicleInd: 3
	(orig, dest): (18, 143)
	(origRegion, destRegion): (1, 0)
	st: 106.9
	duration: 5.0

	setup duration: 0.0

	vehicle: 7
	vehicleInd: 3
	(orig, dest): (26, 21)
	(origRegion, destRegion): (0, 3)
	st: 171.49
	duration: 15.0

	setup duration: 0.0

	vehicle: 8
	vehicleInd: 3
	(orig, dest): (3, 86)
	(origRegion, destRegion): (3, 1)
	st: 199.8
	duration: 10.0

	setup duration: 0.0

	vehicle: 4
	vehicleInd: 4
	(orig, dest): (48, 79)
	(origRegion, destRegion): (1, 3)
	st: 227.91
	duration: 10.0

	setup duration: 10.0

	vehicle: 33
	vehicleInd: 4
	(orig, dest): (50, 138)
	(origRegion, destRegion): (1, 0)
	st: 258.44
	duration: 5.0

	setup duration: 15.0

	vehicle: 36
	vehicleInd: 4
	(orig, dest): (69, 103)
	(origRegion, destRegion): (3, 1)
	st: 298.15000000000003
	duration: 10.0

	setup duration: 10.0

	vehicle: 7
	vehicleInd: 4
	(orig, dest): (21, 40)
	(origRegion, destRegion): (3, 0)
	st: 336.90999999999997
	duration: 15.0

	setup duration: 0.0

	vehicle: 34
	vehicleInd: 7
	(orig, dest): (181, 91)
	(origRegion, destRegion): (0, 1)
	st: 448.02
	duration: 5.0

	setup duration: 10.0

	vehicle: 4
	vehicleInd: 7
	(orig, dest): (78, 197)
	(origRegion, destRegion): (3, 1)
	st: 500.88
	duration: 10.0


Machine 4 :
	setup duration: 0.0

	vehicle: 20
	vehicleInd: 2
	(orig, dest): (0, 46)
	(origRegion, destRegion): (0, 1)
	st: 13.059999999999999
	duration: 5.0

	setup duration: 5.0

	vehicle: 39
	vehicleInd: 2
	(orig, dest): (0, 51)
	(origRegion, destRegion): (0, 1)
	st: 23.97
	duration: 5.0

	setup duration: 5.0

	vehicle: 17
	vehicleInd: 2
	(orig, dest): (0, 57)
	(origRegion, destRegion): (0, 2)
	st: 34.96
	duration: 10.0

	setup duration: 5.0

	vehicle: 22
	vehicleInd: 3
	(orig, dest): (4, 184)
	(origRegion, destRegion): (1, 3)
	st: 76.97999999999999
	duration: 10.0

	setup duration: 15.0

	vehicle: 20
	vehicleInd: 4
	(orig, dest): (15, 53)
	(origRegion, destRegion): (0, 1)
	st: 183.8
	duration: 5.0

	setup duration: 0.0

	vehicle: 27
	vehicleInd: 4
	(orig, dest): (54, 125)
	(origRegion, destRegion): (1, 2)
	st: 210.78
	duration: 5.0

	setup duration: 10.0

	vehicle: 14
	vehicleInd: 5
	(orig, dest): (127, 22)
	(origRegion, destRegion): (0, 2)
	st: 301.92
	duration: 10.0

	setup duration: 5.0

	vehicle: 24
	vehicleInd: 4
	(orig, dest): (38, 47)
	(origRegion, destRegion): (3, 2)
	st: 337.96
	duration: 5.0

	setup duration: 10.0

	vehicle: 35
	vehicleInd: 5
	(orig, dest): (84, 88)
	(origRegion, destRegion): (0, 2)
	st: 352.96
	duration: 10.0

	setup duration: 5.0

	vehicle: 22
	vehicleInd: 5
	(orig, dest): (6, 177)
	(origRegion, destRegion): (3, 0)
	st: 382.46
	duration: 15.0

	setup duration: 10.0

	vehicle: 12
	vehicleInd: 5
	(orig, dest): (29, 43)
	(origRegion, destRegion): (2, 3)
	st: 445.01
	duration: 5.0

	setup duration: 5.0

	vehicle: 24
	vehicleInd: 5
	(orig, dest): (47, 62)
	(origRegion, destRegion): (2, 3)
	st: 482.55
	duration: 5.0

	setup duration: 15.0

	vehicle: 17
	vehicleInd: 7
	(orig, dest): (70, 107)
	(origRegion, destRegion): (0, 2)
	st: 502.55
	duration: 10.0


-------------------| COMPL. TIMES |-------------------

Vehicle 0 : 0.0
Vehicle 1 : 0.0
Vehicle 2 : 0.0
Vehicle 3 : 332.48
Vehicle 4 : 560.78
Vehicle 5 : 0.0
Vehicle 6 : 0.0
Vehicle 7 : 489.65
Vehicle 8 : 376.62
Vehicle 9 : 306.0
Vehicle 10 : 0.0
Vehicle 11 : 0.0
Vehicle 12 : 566.5
Vehicle 13 : 0.0
Vehicle 14 : 432.67
Vehicle 15 : 0.0
Vehicle 16 : 281.3
Vehicle 17 : 575.4499999999999
Vehicle 18 : 0.0
Vehicle 19 : 0.0
Vehicle 20 : 493.2
Vehicle 21 : 0.0
Vehicle 22 : 569.47
Vehicle 23 : 0.0
Vehicle 24 : 630.7900000000001
Vehicle 25 : 0.0
Vehicle 26 : 423.68
Vehicle 27 : 450.2
Vehicle 28 : 0.0
Vehicle 29 : 0.0
Vehicle 30 : 0.0
Vehicle 31 : 0.0
Vehicle 32 : 0.0
Vehicle 33 : 516.5099999999999
Vehicle 34 : 513.24
Vehicle 35 : 464.26
Vehicle 36 : 519.3
Vehicle 37 : 282.47999999999996
Vehicle 38 : 496.55000000000007
Vehicle 39 : 343.43999999999994
-------------------| STATISTICS |-------------------

    Vehicles used                           : 52.5
    Machines used                           : 100.0
    Max load (vehicles)                     : 94.2308
    Min load (vehicles)                     : 18.4615
    Mean load (vehicles)                    : 47.4725
    Min completion time                     : 36.9645
    Max completion time                     : 82.8896
    Mean completion time                    : 60.2251
    Avrg travel time (with vehicle)         : 25.0986
    Avrg travel time (only with vehicle)    : 14.1919
    Avrg travel time (no vehicle)           : 10.9067
    Avrg waiting time (machine travel)      : 2.9666
    Avrg waiting time (service)             : 10.3964
    Machines travel times (with vehicle)    : [26.2812, 18.3968, 31.5375, 24.3101, 24.9671]
    Machines travel times (no vehicle)      : [11.8265, 7.2273, 14.4547, 9.1984, 11.8265]
    Max load per vehicle                    : [0.0, 0.0, 0.0, 23.0769, 75.0, 0.0, 0.0, 18.4615, 75.0, 81.5385, 0.0, 0.0, 35.3846, 0.0, 34.6154, 0.0, 41.0256, 94.2308, 0.0, 0.0, 46.1538, 0.0, 36.5385, 0.0, 33.8462, 0.0, 20.5128, 52.5641, 0.0, 0.0, 0.0, 0.0, 0.0, 42.3077, 84.6154, 20.0, 61.5385, 19.2308, 69.2308, 32.0513]

----------------------------------------------------

TOTAL: 9624.57

Everything is awesome!
