Set parameter WLSAccessID
Set parameter WLSSecret
Set parameter LicenseID to value 2661775
Academic license 2661775 - for non-commercial use only - registered to me___@dcc.ufba.br
Loading line 2: methodType heur
Loading line 3: methodCode mslp
Loading line 4: seed 0
Loading line 5: threads 1
Loading line 6: greedy_service_order random
Loading line 7: outputFlagGrbMSLP 0
Loading line 8: mslpa 60000
Loading line 9: mslpr I
Loading line 10: maxtime 3600
Loading line 11: output ./logs/
Loading line 12: printsol 1
Loading line 13: solverMethod A
Instance: LR2_2_10_t2_60R_60V_02I_06M

[12:24:11.49] Running Data.readData with file /dados/rmelo/PDPTW-SE/benchmark_multi_island_v5/official_experiments/multistartlp/preliminar/set_01_pt_01/../../../../instances/orig_ams_fg/60R_60V_02I_06M/t2/LR2_2_10/
vehicles: Vehicle[Vehicle(0, 54), Vehicle(1, 67), Vehicle(2, 80), Vehicle(3, 80), Vehicle(4, 54), Vehicle(5, 54), Vehicle(6, 80), Vehicle(7, 67), Vehicle(8, 54), Vehicle(9, 67), Vehicle(10, 67), Vehicle(11, 67), Vehicle(12, 80), Vehicle(13, 80), Vehicle(14, 80), Vehicle(15, 54), Vehicle(16, 67), Vehicle(17, 54), Vehicle(18, 54), Vehicle(19, 67), Vehicle(20, 80), Vehicle(21, 67), Vehicle(22, 80), Vehicle(23, 54), Vehicle(24, 67), Vehicle(25, 80), Vehicle(26, 54), Vehicle(27, 80), Vehicle(28, 80), Vehicle(29, 80), Vehicle(30, 54), Vehicle(31, 54), Vehicle(32, 80), Vehicle(33, 67), Vehicle(34, 67), Vehicle(35, 67), Vehicle(36, 80), Vehicle(37, 54), Vehicle(38, 54), Vehicle(39, 80), Vehicle(40, 67), Vehicle(41, 54), Vehicle(42, 67), Vehicle(43, 80), Vehicle(44, 67), Vehicle(45, 54), Vehicle(46, 54), Vehicle(47, 54), Vehicle(48, 54), Vehicle(49, 67), Vehicle(50, 54), Vehicle(51, 67), Vehicle(52, 67), Vehicle(53, 54), Vehicle(54, 67), Vehicle(55, 67), Vehicle(56, 54), Vehicle(57, 54), Vehicle(58, 80), Vehicle(59, 80)]
vehicle_types: Vehicle[Vehicle(0, 54), Vehicle(1, 67), Vehicle(2, 80)]
Machine[Machine(0, Point[Point(119, 122, 0), Point(114, 126, 1)], 1.0), Machine(1, Point[Point(117, 120, 0), Point(114, 127, 1)], 1.0), Machine(2, Point[Point(115, 119, 0), Point(114, 128, 1)], 1.0), Machine(3, Point[Point(114, 117, 0), Point(113, 128, 1)], 1.0), Machine(4, Point[Point(123, 125, 0), Point(113, 129, 1)], 1.0), Machine(5, Point[Point(123, 126, 0), Point(113, 130, 1)], 1.0)]
refs: [1, 4, 5, 7, 8, 9, 10, 11, 13, 14, 15, 16, 18, 19, 20, 22, 23, 25, 27, 28, 31, 32, 33, 34, 35, 36, 38, 42, 44, 45, 47, 48, 49, 50, 52, 53, 55, 58, 59, 60, 62, 63, 64, 65, 66, 67, 69, 72, 73, 75, 76, 78, 80, 81, 83, 85, 86, 87, 91, 92, 94, 90, 96, 103, 109, 70, 68, 120, 107, 105, 84, 41, 110, 74, 57, 98, 88, 56, 51, 12, 101, 61, 82, 24, 119, 6, 102, 2, 79, 26, 121, 118, 95, 104, 97, 114, 116, 39, 93, 77, 17, 99, 117, 46, 71, 30, 108, 40, 3, 43, 106, 113, 21, 29, 111, 54, 89, 100, 115, 37, 112, 1]
V: [1, 2, 3, 4, 5, 6, 7, 8, 9, 10, 11, 12, 13, 14, 15, 16, 17, 18, 19, 20, 21, 22, 23, 24, 25, 26, 27, 28, 29, 30, 31, 32, 33, 34, 35, 36, 37, 38, 39, 40, 41, 42, 43, 44, 45, 46, 47, 48, 49, 50, 51, 52, 53, 54, 55, 56, 57, 58, 59, 60, 61, 62, 63, 64, 65, 66, 67, 68, 69, 70, 71, 72, 73, 74, 75, 76, 77, 78, 79, 80, 81, 82, 83, 84, 85, 86, 87, 88, 89, 90, 91, 92, 93, 94, 95, 96, 97, 98, 99, 100, 101, 102, 103, 104, 105, 106, 107, 108, 109, 110, 111, 112, 113, 114, 115, 116, 117, 118, 119, 120, 121]
V_p: [2, 3, 4, 5, 6, 7, 8, 9, 10, 11, 12, 13, 14, 15, 16, 17, 18, 19, 20, 21, 22, 23, 24, 25, 26, 27, 28, 29, 30, 31, 32, 33, 34, 35, 36, 37, 38, 39, 40, 41, 42, 43, 44, 45, 46, 47, 48, 49, 50, 51, 52, 53, 54, 55, 56, 57, 58, 59, 60, 61]
V_d: [62, 63, 64, 65, 66, 67, 68, 69, 70, 71, 72, 73, 74, 75, 76, 77, 78, 79, 80, 81, 82, 83, 84, 85, 86, 87, 88, 89, 90, 91, 92, 93, 94, 95, 96, 97, 98, 99, 100, 101, 102, 103, 104, 105, 106, 107, 108, 109, 110, 111, 112, 113, 114, 115, 116, 117, 118, 119, 120, 121]
Vprime: [1, 2, 3, 4, 5, 6, 7, 8, 9, 10, 11, 12, 13, 14, 15, 16, 17, 18, 19, 20, 21, 22, 23, 24, 25, 26, 27, 28, 29, 30, 31, 32, 33, 34, 35, 36, 37, 38, 39, 40, 41, 42, 43, 44, 45, 46, 47, 48, 49, 50, 51, 52, 53, 54, 55, 56, 57, 58, 59, 60, 61, 62, 63, 64, 65, 66, 67, 68, 69, 70, 71, 72, 73, 74, 75, 76, 77, 78, 79, 80, 81, 82, 83, 84, 85, 86, 87, 88, 89, 90, 91, 92, 93, 94, 95, 96, 97, 98, 99, 100, 101, 102, 103, 104, 105, 106, 107, 108, 109, 110, 111, 112, 113, 114, 115, 116, 117, 118, 119, 120, 121, 122]
V: [1, 2, 3, 4, 5, 6, 7, 8, 9, 10, 11, 12, 13, 14, 15, 16, 17, 18, 19, 20, 21, 22, 23, 24, 25, 26, 27, 28, 29, 30, 31, 32, 33, 34, 35, 36, 37, 38, 39, 40, 41, 42, 43, 44, 45, 46, 47, 48, 49, 50, 51, 52, 53, 54, 55, 56, 57, 58, 59, 60, 61, 62, 63, 64, 65, 66, 67, 68, 69, 70, 71, 72, 73, 74, 75, 76, 77, 78, 79, 80, 81, 82, 83, 84, 85, 86, 87, 88, 89, 90, 91, 92, 93, 94, 95, 96, 97, 98, 99, 100, 101, 102, 103, 104, 105, 106, 107, 108, 109, 110, 111, 112, 113, 114, 115, 116, 117, 118, 119, 120, 121]
q: [0, 14, 27, 13, 8, 9, 11, 40, 10, 22, 18, 8, 19, 8, 13, 20, 14, 21, 30, 11, 24, 8, 20, 36, 12, 15, 6, 7, 16, 22, 1, 34, 13, 20, 10, 9, 37, 25, 33, 31, 17, 12, 9, 27, 15, 10, 1, 39, 9, 20, 15, 15, 20, 4, 21, 35, 16, 21, 33, 11, 23, -14, -27, -13, -8, -9, -11, -40, -10, -22, -18, -8, -19, -8, -13, -20, -14, -21, -30, -11, -24, -8, -20, -36, -12, -15, -6, -7, -16, -22, -1, -34, -13, -20, -10, -9, -37, -25, -33, -31, -17, -12, -9, -27, -15, -10, -1, -39, -9, -20, -15, -15, -20, -4, -21, -35, -16, -21, -33, -11, -23, 0]
H: [1, 2, 3, 4, 5, 6]
f: [[1, 1, 1, 1, 1, 1], [2, 2, 2, 2, 2, 2], [1, 1, 1, 1, 1, 1], [1, 1, 1, 1, 1, 1], [2, 2, 2, 2, 2, 2], [1, 1, 1, 1, 1, 1], [2, 2, 2, 2, 2, 2], [1, 1, 1, 1, 1, 1], [2, 2, 2, 2, 2, 2], [1, 1, 1, 1, 1, 1], [1, 1, 1, 1, 1, 1], [2, 2, 2, 2, 2, 2], [1, 1, 1, 1, 1, 1], [2, 2, 2, 2, 2, 2], [1, 1, 1, 1, 1, 1], [1, 1, 1, 1, 1, 1], [2, 2, 2, 2, 2, 2], [1, 1, 1, 1, 1, 1], [2, 2, 2, 2, 2, 2], [1, 1, 1, 1, 1, 1], [1, 1, 1, 1, 1, 1], [1, 1, 1, 1, 1, 1], [1, 1, 1, 1, 1, 1], [1, 1, 1, 1, 1, 1], [1, 1, 1, 1, 1, 1], [2, 2, 2, 2, 2, 2], [1, 1, 1, 1, 1, 1], [1, 1, 1, 1, 1, 1], [1, 1, 1, 1, 1, 1], [1, 1, 1, 1, 1, 1], [1, 1, 1, 1, 1, 1], [1, 1, 1, 1, 1, 1], [1, 1, 1, 1, 1, 1], [1, 1, 1, 1, 1, 1], [2, 2, 2, 2, 2, 2], [1, 1, 1, 1, 1, 1], [1, 1, 1, 1, 1, 1], [1, 1, 1, 1, 1, 1], [1, 1, 1, 1, 1, 1], [2, 2, 2, 2, 2, 2], [1, 1, 1, 1, 1, 1], [1, 1, 1, 1, 1, 1], [2, 2, 2, 2, 2, 2], [2, 2, 2, 2, 2, 2], [2, 2, 2, 2, 2, 2], [2, 2, 2, 2, 2, 2], [2, 2, 2, 2, 2, 2], [1, 1, 1, 1, 1, 1], [2, 2, 2, 2, 2, 2], [2, 2, 2, 2, 2, 2], [1, 1, 1, 1, 1, 1], [1, 1, 1, 1, 1, 1], [1, 1, 1, 1, 1, 1], [2, 2, 2, 2, 2, 2], [1, 1, 1, 1, 1, 1], [2, 2, 2, 2, 2, 2], [2, 2, 2, 2, 2, 2], [1, 1, 1, 1, 1, 1], [2, 2, 2, 2, 2, 2], [2, 2, 2, 2, 2, 2], [1, 1, 1, 1, 1, 1], [1, 1, 1, 1, 1, 1], [1, 1, 1, 1, 1, 1], [1, 1, 1, 1, 1, 1], [2, 2, 2, 2, 2, 2], [2, 2, 2, 2, 2, 2], [2, 2, 2, 2, 2, 2], [1, 1, 1, 1, 1, 1], [2, 2, 2, 2, 2, 2], [1, 1, 1, 1, 1, 1], [1, 1, 1, 1, 1, 1], [1, 1, 1, 1, 1, 1], [1, 1, 1, 1, 1, 1], [2, 2, 2, 2, 2, 2], [1, 1, 1, 1, 1, 1], [1, 1, 1, 1, 1, 1], [2, 2, 2, 2, 2, 2], [2, 2, 2, 2, 2, 2], [2, 2, 2, 2, 2, 2], [2, 2, 2, 2, 2, 2], [1, 1, 1, 1, 1, 1], [1, 1, 1, 1, 1, 1], [1, 1, 1, 1, 1, 1], [1, 1, 1, 1, 1, 1], [2, 2, 2, 2, 2, 2], [2, 2, 2, 2, 2, 2], [1, 1, 1, 1, 1, 1], [1, 1, 1, 1, 1, 1], [1, 1, 1, 1, 1, 1], [1, 1, 1, 1, 1, 1], [1, 1, 1, 1, 1, 1], [1, 1, 1, 1, 1, 1], [1, 1, 1, 1, 1, 1], [2, 2, 2, 2, 2, 2], [2, 2, 2, 2, 2, 2], [2, 2, 2, 2, 2, 2], [1, 1, 1, 1, 1, 1], [1, 1, 1, 1, 1, 1], [1, 1, 1, 1, 1, 1], [2, 2, 2, 2, 2, 2], [2, 2, 2, 2, 2, 2], [2, 2, 2, 2, 2, 2], [1, 1, 1, 1, 1, 1], [2, 2, 2, 2, 2, 2], [2, 2, 2, 2, 2, 2], [1, 1, 1, 1, 1, 1], [2, 2, 2, 2, 2, 2], [2, 2, 2, 2, 2, 2], [2, 2, 2, 2, 2, 2], [2, 2, 2, 2, 2, 2], [1, 1, 1, 1, 1, 1], [2, 2, 2, 2, 2, 2], [1, 1, 1, 1, 1, 1], [1, 1, 1, 1, 1, 1], [1, 1, 1, 1, 1, 1], [2, 2, 2, 2, 2, 2], [2, 2, 2, 2, 2, 2], [1, 1, 1, 1, 1, 1], [2, 2, 2, 2, 2, 2], [2, 2, 2, 2, 2, 2], [1, 1, 1, 1, 1, 1], [1, 1, 1, 1, 1, 1]]
1 1 1 -> 0.0
1 2 1 -> 6.4
2 1 1 -> 6.4
2 2 1 -> 0.0
1 1 2 -> 0.0
1 2 2 -> 7.62
2 1 2 -> 7.62
2 2 2 -> 0.0
1 1 3 -> 0.0
1 2 3 -> 9.06
2 1 3 -> 9.06
2 2 3 -> 0.0
1 1 4 -> 0.0
1 2 4 -> 11.05
2 1 4 -> 11.05
2 2 4 -> 0.0
1 1 5 -> 0.0
1 2 5 -> 10.77
2 1 5 -> 10.77
2 2 5 -> 0.0
1 1 6 -> 0.0
1 2 6 -> 10.77
2 1 6 -> 10.77
2 2 6 -> 0.0
o: (1, 2, 1) => 6.4
o: (1, 2, 5) => 10.77
o: (1, 2, 3) => 9.06
o: (1, 1, 2) => 0.0
o: (2, 2, 6) => 0.0
o: (2, 1, 4) => 11.05
o: (1, 2, 2) => 7.62
o: (1, 1, 6) => 0.0
o: (2, 1, 1) => 6.4
o: (2, 1, 5) => 10.77
o: (2, 1, 3) => 9.06
o: (2, 2, 4) => 0.0
o: (1, 2, 6) => 10.77
o: (2, 2, 1) => 0.0
o: (2, 2, 5) => 0.0
o: (2, 2, 3) => 0.0
o: (2, 1, 2) => 7.62
o: (1, 1, 4) => 0.0
o: (1, 1, 1) => 0.0
o: (1, 1, 5) => 0.0
o: (1, 1, 3) => 0.0
o: (1, 2, 4) => 11.05
o: (2, 2, 2) => 0.0
o: (2, 1, 6) => 10.77

[121, 2847, 2837, 2701, 2691, 2702, 2559, 13]
JOBS in the order of refs (Vprime)
Node 1: Job(0, Point(70, 70, 0), 0, 0, 2535, 0, 0, 0)
Node 2: Job(4, Point(29, 60, 1), 14, 42, 497, 10, 0, 111)
Node 3: Job(6, Point(137, 137, 0), 27, 269, 648, 10, 0, 120)
Node 4: Job(9, Point(107, 25, 0), 13, 928, 1381, 10, 0, 138)
Node 5: Job(10, Point(17, 138, 1), 8, 1561, 2020, 10, 0, 154)
Node 6: Job(13, Point(121, 123, 0), 9, 850, 1326, 10, 0, 86)
Node 7: Job(14, Point(22, 104, 1), 11, 736, 1234, 10, 0, 84)
Node 8: Job(15, Point(137, 7, 0), 40, 483, 883, 10, 0, 195)
Node 9: Job(17, Point(46, 112, 1), 10, 1009, 1399, 10, 0, 148)
Node 10: Job(18, Point(79, 72, 0), 22, 9, 494, 10, 0, 146)
Node 11: Job(19, Point(104, 32, 0), 18, 343, 854, 10, 0, 103)
Node 12: Job(21, Point(109, 139, 1), 8, 299, 725, 10, 0, 51)
Node 13: Job(23, Point(78, 63, 0), 19, 10, 416, 10, 0, 158)
Node 14: Job(26, Point(64, 132, 1), 8, 62, 589, 10, 0, 90)
Node 15: Job(27, Point(133, 130, 0), 13, 689, 1209, 10, 0, 69)
Node 16: Job(29, Point(120, 14, 0), 20, 857, 1332, 10, 0, 125)
Node 17: Job(30, Point(10, 86, 1), 14, 1421, 1984, 10, 0, 108)
Node 18: Job(32, Point(121, 124, 0), 21, 353, 966, 10, 0, 68)
Node 19: Job(34, Point(44, 58, 1), 30, 28, 387, 10, 0, 63)
Node 20: Job(35, Point(32, 6, 0), 11, 221, 659, 10, 0, 16)
Node 21: Job(40, Point(132, 133, 0), 24, 346, 892, 10, 0, 129)
Node 22: Job(41, Point(81, 57, 0), 8, 17, 473, 10, 0, 74)
Node 23: Job(42, Point(120, 52, 0), 20, 1413, 1701, 10, 0, 101)
Node 24: Job(43, Point(113, 32, 0), 36, 376, 896, 10, 0, 31)
Node 25: Job(44, Point(137, 101, 0), 12, 515, 960, 10, 0, 187)
Node 26: Job(45, Point(82, 103, 1), 15, 35, 475, 10, 0, 8)
Node 27: Job(47, Point(90, 44, 0), 6, 32, 536, 10, 0, 131)
Node 28: Job(52, Point(61, 34, 0), 7, 1717, 2183, 10, 0, 1)
Node 29: Job(55, Point(84, 88, 0), 16, 1281, 1688, 10, 0, 96)
Node 30: Job(56, Point(86, 40, 0), 22, 34, 407, 10, 0, 33)
Node 31: Job(59, Point(105, 2, 0), 1, 698, 1212, 10, 0, 196)
Node 32: Job(60, Point(107, 77, 0), 34, 37, 542, 10, 0, 186)
Node 33: Job(61, Point(104, 54, 0), 13, 37, 567, 10, 0, 118)
Node 34: Job(62, Point(54, 33, 0), 20, 40, 633, 10, 0, 142)
Node 35: Job(64, Point(37, 125, 1), 10, 1195, 1673, 10, 0, 123)
Node 36: Job(65, Point(99, 34, 0), 9, 134, 593, 10, 0, 169)
Node 37: Job(67, Point(85, 75, 0), 37, 15, 378, 10, 0, 172)
Node 38: Job(71, Point(139, 68, 0), 25, 122, 625, 10, 0, 48)
Node 39: Job(72, Point(88, 29, 0), 33, 2008, 2481, 10, 0, 115)
Node 40: Job(73, Point(39, 100, 1), 31, 155, 493, 10, 0, 93)
Node 41: Job(75, Point(104, 73, 0), 17, 813, 1300, 10, 0, 22)
Node 42: Job(77, Point(103, 44, 0), 12, 42, 521, 10, 0, 126)
Node 43: Job(78, Point(73, 96, 1), 9, 489, 960, 10, 0, 175)
Node 44: Job(79, Point(44, 116, 1), 27, 61, 483, 10, 0, 58)
Node 45: Job(82, Point(36, 54, 1), 15, 1318, 1777, 10, 0, 87)
Node 46: Job(83, Point(16, 92, 1), 10, 1267, 1723, 10, 0, 39)
Node 47: Job(85, Point(27, 104, 1), 1, 1822, 2317, 10, 0, 153)
Node 48: Job(88, Point(120, 22, 0), 39, 296, 735, 10, 0, 50)
Node 49: Job(89, Point(54, 106, 1), 9, 968, 1507, 10, 0, 2)
Node 50: Job(91, Point(33, 117, 1), 20, 169, 702, 10, 0, 54)
Node 51: Job(92, Point(102, 52, 0), 15, 423, 969, 10, 0, 147)
Node 52: Job(94, Point(34, 20, 0), 15, 435, 889, 10, 0, 163)
Node 53: Job(97, Point(33, 0, 0), 20, 1722, 2257, 10, 0, 28)
Node 54: Job(100, Point(12, 48, 1), 4, 76, 508, 10, 0, 36)
Node 55: Job(102, Point(109, 78, 0), 21, 757, 1265, 10, 0, 160)
Node 56: Job(104, Point(27, 46, 1), 35, 687, 1105, 10, 0, 66)
Node 57: Job(105, Point(19, 120, 1), 16, 861, 1349, 10, 0, 110)
Node 58: Job(107, Point(110, 99, 0), 21, 990, 1552, 10, 0, 127)
Node 59: Job(113, Point(37, 73, 1), 33, 1161, 1646, 10, 0, 171)
Node 60: Job(114, Point(115, 124, 1), 11, 1485, 1924, 10, 0, 46)
Node 61: Job(116, Point(89, 39, 0), 23, 36, 451, 10, 0, 162)
Node 62: Job(111, Point(61, 57, 0), -14, 1355, 1764, 10, 4, 0)
Node 63: Job(120, Point(92, 22, 0), -27, 580, 1059, 10, 6, 0)
Node 64: Job(138, Point(100, 99, 0), -13, 1037, 1475, 10, 9, 0)
Node 65: Job(154, Point(58, 95, 1), -8, 1760, 2240, 10, 10, 0)
Node 66: Job(86, Point(67, 96, 1), -9, 1760, 2296, 10, 13, 0)
Node 67: Job(84, Point(56, 139, 1), -11, 1072, 1527, 10, 14, 0)
Node 68: Job(195, Point(138, 24, 0), -40, 495, 1062, 10, 15, 0)
Node 69: Job(148, Point(58, 80, 1), -10, 1701, 2096, 10, 17, 0)
Node 70: Job(146, Point(139, 110, 0), -22, 610, 1042, 10, 18, 0)
Node 71: Job(103, Point(116, 22, 0), -18, 341, 881, 10, 19, 0)
Node 72: Job(51, Point(98, 4, 0), -8, 540, 1001, 10, 21, 0)
Node 73: Job(158, Point(54, 41, 0), -19, 950, 1420, 10, 23, 0)
Node 74: Job(90, Point(63, 129, 1), -8, 646, 1124, 10, 26, 0)
Node 75: Job(69, Point(103, 77, 0), -13, 942, 1503, 10, 27, 0)
Node 76: Job(125, Point(113, 45, 0), -20, 1062, 1449, 10, 29, 0)
Node 77: Job(108, Point(15, 18, 1), -14, 1428, 1892, 10, 30, 0)
Node 78: Job(68, Point(109, 131, 1), -21, 761, 1170, 10, 32, 0)
Node 79: Job(63, Point(32, 52, 1), -30, 443, 885, 10, 34, 0)
Node 80: Job(16, Point(50, 106, 1), -11, 1092, 1591, 10, 35, 0)
Node 81: Job(129, Point(110, 28, 0), -24, 1018, 1545, 10, 40, 0)
Node 82: Job(74, Point(48, 47, 0), -8, 31, 504, 10, 41, 0)
Node 83: Job(101, Point(139, 72, 0), -20, 1170, 1646, 10, 42, 0)
Node 84: Job(31, Point(140, 42, 0), -36, 219, 705, 10, 43, 0)
Node 85: Job(187, Point(104, 139, 1), -12, 1146, 1659, 10, 44, 0)
Node 86: Job(8, Point(78, 111, 1), -15, 41, 629, 10, 45, 0)
Node 87: Job(131, Point(66, 40, 0), -6, 30, 577, 10, 47, 0)
Node 88: Job(1, Point(101, 0, 0), -7, 1788, 2316, 10, 52, 0)
Node 89: Job(96, Point(86, 80, 0), -16, 1320, 1795, 10, 55, 0)
Node 90: Job(33, Point(42, 29, 0), -22, 51, 550, 10, 56, 0)
Node 91: Job(196, Point(103, 86, 0), -1, 833, 1348, 10, 59, 0)
Node 92: Job(186, Point(103, 82, 0), -34, 1142, 1587, 10, 60, 0)
Node 93: Job(118, Point(108, 30, 0), -13, 164, 722, 10, 61, 0)
Node 94: Job(142, Point(36, 124, 1), -20, 792, 1199, 10, 62, 0)
Node 95: Job(123, Point(26, 130, 1), -10, 916, 1345, 10, 64, 0)
Node 96: Job(169, Point(51, 92, 1), -9, 1649, 2053, 10, 65, 0)
Node 97: Job(172, Point(97, 12, 0), -37, 631, 1138, 10, 67, 0)
Node 98: Job(48, Point(139, 73, 0), -25, 150, 666, 10, 71, 0)
Node 99: Job(115, Point(93, 61, 0), -33, 1883, 2405, 10, 72, 0)
Node 100: Job(93, Point(13, 129, 1), -31, 1224, 1706, 10, 73, 0)
Node 101: Job(22, Point(80, 103, 1), -17, 1310, 1786, 10, 75, 0)
Node 102: Job(126, Point(40, 113, 1), -12, 1747, 2186, 10, 77, 0)
Node 103: Job(175, Point(90, 14, 0), -9, 1718, 2114, 10, 78, 0)
Node 104: Job(58, Point(59, 115, 1), -27, 1078, 1552, 10, 79, 0)
Node 105: Job(87, Point(34, 72, 1), -15, 1988, 2489, 10, 82, 0)
Node 106: Job(39, Point(83, 38, 0), -10, 1768, 2163, 10, 83, 0)
Node 107: Job(153, Point(35, 90, 1), -1, 1605, 2082, 10, 85, 0)
Node 108: Job(50, Point(64, 138, 1), -39, 1616, 2023, 10, 88, 0)
Node 109: Job(2, Point(26, 50, 1), -9, 1382, 1838, 10, 89, 0)
Node 110: Job(54, Point(13, 48, 1), -20, 1432, 2051, 10, 91, 0)
Node 111: Job(147, Point(126, 23, 0), -15, 863, 1364, 10, 92, 0)
Node 112: Job(163, Point(54, 78, 1), -15, 2026, 2492, 10, 94, 0)
Node 113: Job(28, Point(39, 13, 0), -20, 1375, 1752, 10, 97, 0)
Node 114: Job(36, Point(41, 36, 0), -4, 44, 575, 10, 100, 0)
Node 115: Job(160, Point(129, 24, 0), -21, 1147, 1652, 10, 102, 0)
Node 116: Job(66, Point(38, 122, 1), -35, 727, 1266, 10, 104, 0)
Node 117: Job(110, Point(16, 62, 1), -16, 1397, 1892, 10, 105, 0)
Node 118: Job(127, Point(138, 105, 0), -21, 1439, 1909, 10, 107, 0)
Node 119: Job(171, Point(66, 82, 1), -33, 1835, 2292, 10, 113, 0)
Node 120: Job(46, Point(10, 111, 1), -11, 1790, 2272, 10, 114, 0)
Node 121: Job(162, Point(58, 11, 0), -23, 308, 828, 10, 116, 0)
Node 122: Job(0, Point(70, 70, 0), 0, 0, 2535, 0, 0, 0)

### Preprocessing Data ###
	-> arcs: 14884 (100.0%)
	-> arc_removals: 7668 (51.52%)
	-> arc_removals_is_loop: 122 (0.82%)
	-> arc_removals_is_delivery_to_pickup: 62 (0.42%)
	-> arc_removals_is_depot_begin_to_delivery: 60 (0.4%)
	-> arc_removals_is_pickup_to_depot_end: 60 (0.4%)
	-> arc_removals_is_dest_depot_begin: 120 (0.81%)
	-> arc_removals_is_orig_depot_end: 119 (0.8%)
	-> arc_removals_is_capacity_violated: 0 (0.0%)
	-> arc_removals_is_time_window_limited: 5058 (33.98%)
	-> arc_removals_is_time_window_pairing_limited: 1607 (10.8%)
	-> arc_removals_is_indirect_request_service_impossible: 460 (3.09%)
	-> gamma_vars: 0 (0%)
	-> feas_gamma_vars: 0 (0%)
	-> infeas_gamma_vars_is_next_mtrv_unreachable: 0 (0%)
	-> infeas_gamma_vars_is_iprime_jprime_eq_i_j: 0 (0%)
	-> machine_removal_for_an_arc: 0 (0.0%)
##########################

[12:24:21.313] Print configuration
------------------------------------------------------
"
[12:24:21.313] Running Multi Start Heuristic"
> Experiment started at 2025-10-05T12:24:21.313
> Instance: LR2_2_10_t2_60R_60V_02I_06M
> Algorithm Parameters:


	>Stop params:
		>  - rule ITERATIONS
		>  - argument 60000.0
		>  - maximum_time 3600

	>General params:
		>  - instPath /dados/rmelo/PDPTW-SE/benchmark_multi_island_v5/official_experiments/multistartlp/preliminar/set_01_pt_01/../../../../instances/orig_ams_fg/60R_60V_02I_06M/t2/LR2_2_10/
		>  - name LR2_2_10
		>  - type t2
		>  - group 60R_60V_02I_06M
		>  - fullname LR2_2_10_t2_60R_60V_02I_06M
		>  - methodType heur
		>  - methodCode mslp
		>  - genconfigfile /dados/rmelo/PDPTW-SE/benchmark_multi_island_v5/official_experiments/multistartlp/preliminar/set_01_pt_01/configs/genconfig_mslp.conf
		>  - genconfigfilename genconfig_mslp
		>  - greedy_service_order random
		>  - cutoff 0
		>  - cutoffmachs 6
		>  - num_machs 0
		>  - solver Gurobi
		>  - maxtime 3600
		>  - gurobiCuts 1
		>  - typeUserCut 0
		>  - mipPresolve -1
		>  - printsol 1
		>  - maxnodes -1
		>  - elevator 0
		>  - make_instance_feasible false
		>  - output /dados/rmelo/PDPTW-SE/benchmark_multi_island_v5/official_experiments/multistartlp/preliminar/set_01_pt_01/logs
		>  - suff_outputs _seed_66_alpha_20p
		>  - suff_csv _bash_4
		>  - epsilon 0.005
		>  - epsilonCap 0.5
		>  - warmStart false
		>  - seed 66
		>  - rng Random.MersenneTwister(66)
		>  - alpha 0.2
		>  - maxiter 1000000
		>  - outputFlagGrbMIP 0
		>  - outputFlagGrbMSLP 0
		>  - outputFlagGrbLMNS 0
		>  - mslpr I
		>  - mslpa 60000
		>  - lmnsr M
		>  - lmnsa 60
		>  - lmnsRepairTime 30.0
		>  - lmnsMIPFocus 0
		>  - lmnsGapToBiggerDestruction 50
		>  - lmnsGapToSmallerDestruction 95
		>  - lmnsWeightShawDistProx 1.0
		>  - lmnsWeightShawEarlProx 1.0
		>  - lmnsWeightShawSameRoute 1.0
		>  - lmnsWeightShawDemandSim 1.0
		>  - lmnsReqRApplyMIPStart true
		>  - lmnsAcceptanceCriteria H
		>  - lmnsMetropolisTemp 100.0
		>  - lmnsSimulatedAnnealingTemp 100.0
		>  - lmnsSimulatedAnnealingCool 0.95
		>  - mipmaxtime 3600
		>  - csvfilename /dados/rmelo/PDPTW-SE/benchmark_multi_island_v5/official_experiments/multistartlp/preliminar/set_01_pt_01/logs/heur_mslp/outputs/csvresults_heur_mslp_bash_4.csv
		>  - solfilename /dados/rmelo/PDPTW-SE/benchmark_multi_island_v5/official_experiments/multistartlp/preliminar/set_01_pt_01/logs/heur_mslp/solutions/60R_60V_02I_06M/LR2_2_10_sol_genconfig_mslp_seed_66_alpha_20p.txt
		>  - timelineFilename /dados/rmelo/PDPTW-SE/benchmark_multi_island_v5/official_experiments/multistartlp/preliminar/set_01_pt_01/logs/heur_mslp/timelines/60R_60V_02I_06M/LR2_2_10_timeline_genconfig_mslp_seed_66_alpha_20p.txt
		>  - grbFilename /dados/rmelo/PDPTW-SE/benchmark_multi_island_v5/official_experiments/multistartlp/preliminar/set_01_pt_01/logs/heur_mslp/gurobi/60R_60V_02I_06M/LR2_2_10_grb_genconfig_mslp_seed_66_alpha_20p.log
		>  - threads 1
		>  - solverMethod AUTOMATIC

------------------------------------------------------
objValue;greedysol;iteration;time
11615.01;12514.15;1;0.040471
11356.39;12010.03;1099;55.044093
11258.29;12203.75;4620;231.256999
11238.00;11731.77;32714;1629.252631
11128.87;11759.18;33804;1682.932094
10926.70;11798.18;57702;2862.061128

[13:13:56.525] Finished running MSLP

[13:13:56.525] Post running MSLP
Best solution value: 10926.70
Total time elapsed: 2975.106580
Time to best: 2862.061128
Iterations: 60000
Iterations to best: 57702
Improvements: 6
Infeasible solutions percentage: (0 / 60000) = 0.0000 %
(LP improvements)/(LP runs) = 60000/60000 = 100.0000 %
Mean LP improvement percentage: 7.0376 %
[13:13:56.838] Writing results to CSV file: /dados/rmelo/PDPTW-SE/benchmark_multi_island_v5/official_experiments/multistartlp/preliminar/set_01_pt_01/logs/heur_mslp/outputs/csvresults_heur_mslp_bash_4.csv

[13:13:58.861] Saving solution to file:/dados/rmelo/PDPTW-SE/benchmark_multi_island_v5/official_experiments/multistartlp/preliminar/set_01_pt_01/logs/heur_mslp/solutions/60R_60V_02I_06M/LR2_2_10_sol_genconfig_mslp_seed_66_alpha_20p.txt

[13:13:58.861] Saving solution timeline to file: /dados/rmelo/PDPTW-SE/benchmark_multi_island_v5/official_experiments/multistartlp/preliminar/set_01_pt_01/logs/heur_mslp/timelines/60R_60V_02I_06M/LR2_2_10_timeline_genconfig_mslp_seed_66_alpha_20p.txt
---------------------| VEHICLES |---------------------

Vehicle 6 :
	id: 0
		node: 1
		(x, y, z): (70, 70, 0)
		dem: 0
		earl: 0
		lat: 2535
		servt: 0
		pid: 0
		did: 0
		servST: 62.849999999999966
		(h, h_ind): (-1, 0)
		load: 0.0

	Finished service at time: 62.849999999999966

	Task 0 -> Task 60: 37.66
	Vehicle arrival at task: 100.50999999999996
	Waiting time until service start time: 0.0

	id: 60
		node: 32
		(x, y, z): (107, 77, 0)
		dem: 34
		earl: 37
		lat: 542
		servt: 10
		pid: 0
		did: 186
		servST: 100.50999999999996
		(h, h_ind): (-1, 0)
		load: 34.0

	Finished service at time: 110.50999999999996

	Task 60 -> Task 47: 37.12
	Vehicle arrival at task: 147.62999999999997
	Waiting time until service start time: 0.0

	id: 47
		node: 27
		(x, y, z): (90, 44, 0)
		dem: 6
		earl: 32
		lat: 536
		servt: 10
		pid: 0
		did: 131
		servST: 147.62999999999997
		(h, h_ind): (-1, 0)
		load: 40.0

	Finished service at time: 157.62999999999997

	Task 47 -> Task 77: 13.0
	Vehicle arrival at task: 170.62999999999997
	Waiting time until service start time: 0.0

	id: 77
		node: 42
		(x, y, z): (103, 44, 0)
		dem: 12
		earl: 42
		lat: 521
		servt: 10
		pid: 0
		did: 126
		servST: 170.62999999999997
		(h, h_ind): (-1, 0)
		load: 52.0

	Finished service at time: 180.62999999999997

	Task 77 -> Task 131: 37.22
	Vehicle arrival at task: 217.84999999999997
	Waiting time until service start time: 0.0

	id: 131
		node: 87
		(x, y, z): (66, 40, 0)
		dem: -6
		earl: 30
		lat: 577
		servt: 10
		pid: 47
		did: 0
		servST: 217.84999999999997
		(h, h_ind): (-1, 0)
		load: 46.0

	Finished service at time: 227.84999999999997

	Task 131 -> Task 35: 48.08
	Vehicle arrival at task: 275.92999999999995
	Waiting time until service start time: 0.0

	id: 35
		node: 20
		(x, y, z): (32, 6, 0)
		dem: 11
		earl: 221
		lat: 659
		servt: 10
		pid: 0
		did: 16
		servST: 275.92999999999995
		(h, h_ind): (-1, 0)
		load: 57.0

	Finished service at time: 285.92999999999995

	Task 35 -> Task 56: 63.81
	Vehicle arrival at task: 349.73999999999995
	Waiting time until service start time: 0.0

	id: 56
		node: 30
		(x, y, z): (86, 40, 0)
		dem: 22
		earl: 34
		lat: 407
		servt: 10
		pid: 0
		did: 33
		servST: 349.73999999999995
		(h, h_ind): (-1, 0)
		load: 79.0

	Finished service at time: 359.73999999999995

	Task 56 -> Task 33: 45.35
	Vehicle arrival at task: 405.09
	Waiting time until service start time: 0.0

	id: 33
		node: 90
		(x, y, z): (42, 29, 0)
		dem: -22
		earl: 51
		lat: 550
		servt: 10
		pid: 56
		did: 0
		servST: 405.09
		(h, h_ind): (-1, 0)
		load: 57.0

	Finished service at time: 415.09

	Using Machine: 3
		Task 33 -> Machine 3 (Station 1): 113.7
		Vehicle arrival at machine station: 528.79
		Waiting time until machine travel: 0.0

		Machine travel start time: 528.79
		Region 0 -> Region 1: 11.05
		Machine arrival at machine station: 539.8399999999999

		Machine 3 (Station 2)-> Task 26: 49.16
		Vehicle arrival at task: 588.9999999999999
		Waiting time until service start time: 0.0

	id: 26
		node: 14
		(x, y, z): (64, 132, 1)
		dem: 8
		earl: 62
		lat: 589
		servt: 10
		pid: 0
		did: 90
		servST: 589.0
		(h, h_ind): (3, 3)
		load: 65.0

	Finished service at time: 599.0

	Task 26 -> Task 90: 3.16
	Vehicle arrival at task: 602.16
	Waiting time until service start time: 43.84

	id: 90
		node: 74
		(x, y, z): (63, 129, 1)
		dem: -8
		earl: 646
		lat: 1124
		servt: 10
		pid: 26
		did: 0
		servST: 646.0
		(h, h_ind): (-1, 0)
		load: 57.0

	Finished service at time: 656.0

	Task 90 -> Task 91: 32.31
	Vehicle arrival at task: 688.31
	Waiting time until service start time: 0.0

	id: 91
		node: 50
		(x, y, z): (33, 117, 1)
		dem: 20
		earl: 169
		lat: 702
		servt: 10
		pid: 0
		did: 54
		servST: 688.31
		(h, h_ind): (-1, 0)
		load: 77.0

	Finished service at time: 698.31

	Using Machine: 3
		Task 91 -> Machine 3 (Station 2): 80.75
		Vehicle arrival at machine station: 779.06
		Waiting time until machine travel: 0.0

		Machine travel start time: 779.06
		Region 1 -> Region 0: 11.05
		Machine arrival at machine station: 790.1099999999999

		Machine 3 (Station 1)-> Task 186: 36.69
		Vehicle arrival at task: 826.8
		Waiting time until service start time: 315.2

	id: 186
		node: 92
		(x, y, z): (103, 82, 0)
		dem: -34
		earl: 1142
		lat: 1587
		servt: 10
		pid: 60
		did: 0
		servST: 1142.0
		(h, h_ind): (3, 4)
		load: 43.0

	Finished service at time: 1152.0

	Using Machine: 3
		Task 186 -> Machine 3 (Station 1): 36.69
		Vehicle arrival at machine station: 1188.69
		Waiting time until machine travel: 0.0

		Machine travel start time: 1188.69
		Region 0 -> Region 1: 11.05
		Machine arrival at machine station: 1199.74

		Machine 3 (Station 2)-> Task 64: 76.06
		Vehicle arrival at task: 1275.8
		Waiting time until service start time: 0.0

	id: 64
		node: 35
		(x, y, z): (37, 125, 1)
		dem: 10
		earl: 1195
		lat: 1673
		servt: 10
		pid: 0
		did: 123
		servST: 1275.8
		(h, h_ind): (3, 8)
		load: 53.0

	Finished service at time: 1285.8

	Task 64 -> Task 123: 12.08
	Vehicle arrival at task: 1297.8799999999999
	Waiting time until service start time: 0.0

	id: 123
		node: 95
		(x, y, z): (26, 130, 1)
		dem: -10
		earl: 916
		lat: 1345
		servt: 10
		pid: 64
		did: 0
		servST: 1297.8799999999999
		(h, h_ind): (-1, 0)
		load: 43.0

	Finished service at time: 1307.8799999999999

	Task 123 -> Task 105: 12.21
	Vehicle arrival at task: 1320.09
	Waiting time until service start time: 0.0

	id: 105
		node: 57
		(x, y, z): (19, 120, 1)
		dem: 16
		earl: 861
		lat: 1349
		servt: 10
		pid: 0
		did: 110
		servST: 1320.09
		(h, h_ind): (-1, 0)
		load: 59.0

	Finished service at time: 1330.09

	Task 105 -> Task 89: 37.7
	Vehicle arrival at task: 1367.79
	Waiting time until service start time: 0.0

	id: 89
		node: 49
		(x, y, z): (54, 106, 1)
		dem: 9
		earl: 968
		lat: 1507
		servt: 10
		pid: 0
		did: 2
		servST: 1367.79
		(h, h_ind): (-1, 0)
		load: 68.0

	Finished service at time: 1377.79

	Task 89 -> Task 16: 4.0
	Vehicle arrival at task: 1381.79
	Waiting time until service start time: 0.0

	id: 16
		node: 80
		(x, y, z): (50, 106, 1)
		dem: -11
		earl: 1092
		lat: 1591
		servt: 10
		pid: 35
		did: 0
		servST: 1381.79
		(h, h_ind): (-1, 0)
		load: 57.0

	Finished service at time: 1391.79

	Task 16 -> Task 17: 7.21
	Vehicle arrival at task: 1399.0
	Waiting time until service start time: 0.0

	id: 17
		node: 9
		(x, y, z): (46, 112, 1)
		dem: 10
		earl: 1009
		lat: 1399
		servt: 10
		pid: 0
		did: 148
		servST: 1399.0
		(h, h_ind): (-1, 0)
		load: 67.0

	Finished service at time: 1409.0

	Task 17 -> Task 54: 72.01
	Vehicle arrival at task: 1481.01
	Waiting time until service start time: 0.0

	id: 54
		node: 110
		(x, y, z): (13, 48, 1)
		dem: -20
		earl: 1432
		lat: 2051
		servt: 10
		pid: 91
		did: 0
		servST: 1481.01
		(h, h_ind): (-1, 0)
		load: 47.0

	Finished service at time: 1491.01

	Task 54 -> Task 110: 14.32
	Vehicle arrival at task: 1505.33
	Waiting time until service start time: 0.0

	id: 110
		node: 117
		(x, y, z): (16, 62, 1)
		dem: -16
		earl: 1397
		lat: 1892
		servt: 10
		pid: 105
		did: 0
		servST: 1505.33
		(h, h_ind): (-1, 0)
		load: 31.0

	Finished service at time: 1515.33

	Task 110 -> Task 2: 15.62
	Vehicle arrival at task: 1530.9499999999998
	Waiting time until service start time: 0.0

	id: 2
		node: 109
		(x, y, z): (26, 50, 1)
		dem: -9
		earl: 1382
		lat: 1838
		servt: 10
		pid: 89
		did: 0
		servST: 1530.9499999999998
		(h, h_ind): (-1, 0)
		load: 22.0

	Finished service at time: 1540.9499999999998

	Task 2 -> Task 10: 88.46
	Vehicle arrival at task: 1629.4099999999999
	Waiting time until service start time: 0.0

	id: 10
		node: 5
		(x, y, z): (17, 138, 1)
		dem: 8
		earl: 1561
		lat: 2020
		servt: 10
		pid: 0
		did: 154
		servST: 1629.4099999999999
		(h, h_ind): (-1, 0)
		load: 30.0

	Finished service at time: 1639.4099999999999

	Task 10 -> Task 148: 71.03
	Vehicle arrival at task: 1710.4399999999998
	Waiting time until service start time: 0.0

	id: 148
		node: 69
		(x, y, z): (58, 80, 1)
		dem: -10
		earl: 1701
		lat: 2096
		servt: 10
		pid: 17
		did: 0
		servST: 1710.4399999999998
		(h, h_ind): (-1, 0)
		load: 20.0

	Finished service at time: 1720.4399999999998

	Task 148 -> Task 126: 37.59
	Vehicle arrival at task: 1758.0299999999997
	Waiting time until service start time: 0.0

	id: 126
		node: 102
		(x, y, z): (40, 113, 1)
		dem: -12
		earl: 1747
		lat: 2186
		servt: 10
		pid: 77
		did: 0
		servST: 1758.0299999999997
		(h, h_ind): (-1, 0)
		load: 8.0

	Finished service at time: 1768.0299999999997

	Task 126 -> Task 30: 40.36
	Vehicle arrival at task: 1808.3899999999996
	Waiting time until service start time: 0.0

	id: 30
		node: 17
		(x, y, z): (10, 86, 1)
		dem: 14
		earl: 1421
		lat: 1984
		servt: 10
		pid: 0
		did: 108
		servST: 1808.3899999999996
		(h, h_ind): (-1, 0)
		load: 22.0

	Finished service at time: 1818.3899999999996

	Task 30 -> Task 108: 68.18
	Vehicle arrival at task: 1886.5699999999997
	Waiting time until service start time: 0.0

	id: 108
		node: 77
		(x, y, z): (15, 18, 1)
		dem: -14
		earl: 1428
		lat: 1892
		servt: 10
		pid: 30
		did: 0
		servST: 1886.5699999999997
		(h, h_ind): (-1, 0)
		load: 8.0

	Finished service at time: 1896.5699999999997

	Task 108 -> Task 154: 88.19
	Vehicle arrival at task: 1984.7599999999998
	Waiting time until service start time: 0.0

	id: 154
		node: 65
		(x, y, z): (58, 95, 1)
		dem: -8
		earl: 1760
		lat: 2240
		servt: 10
		pid: 10
		did: 0
		servST: 1984.7599999999998
		(h, h_ind): (-1, 0)
		load: 0.0

	Finished service at time: 1994.7599999999998

	Using Machine: 3
		Task 154 -> Machine 3 (Station 2): 64.14
		Vehicle arrival at machine station: 2058.8999999999996
		Waiting time until machine travel: 0.0

		Machine travel start time: 2058.8999999999996
		Region 1 -> Region 0: 11.05
		Machine arrival at machine station: 2069.95

		Machine 3 (Station 1)-> Task 72: 91.76
		Vehicle arrival at task: 2161.71
		Waiting time until service start time: -0.0

	id: 72
		node: 39
		(x, y, z): (88, 29, 0)
		dem: 33
		earl: 2008
		lat: 2481
		servt: 10
		pid: 0
		did: 115
		servST: 2161.7099999999996
		(h, h_ind): (3, 16)
		load: 33.0

	Finished service at time: 2171.7099999999996

	Task 72 -> Task 115: 32.39
	Vehicle arrival at task: 2204.0999999999995
	Waiting time until service start time: 0.0

	id: 115
		node: 99
		(x, y, z): (93, 61, 0)
		dem: -33
		earl: 1883
		lat: 2405
		servt: 10
		pid: 72
		did: 0
		servST: 2204.0999999999995
		(h, h_ind): (-1, 0)
		load: 0.0

	Finished service at time: 2214.0999999999995

	Task 115 -> Task 0: 24.7
	Vehicle arrival at task: 2238.7999999999993
	Waiting time until service start time: 0.0

	id: 0
		node: 122
		(x, y, z): (70, 70, 0)
		dem: 0
		earl: 0
		lat: 2535
		servt: 0
		pid: 0
		did: 0
		servST: 2238.7999999999993
		(h, h_ind): (-1, 0)
		load: 0.0


Vehicle 13 :
	id: 0
		node: 1
		(x, y, z): (70, 70, 0)
		dem: 0
		earl: 0
		lat: 2535
		servt: 0
		pid: 0
		did: 0
		servST: 40.84000000000003
		(h, h_ind): (-1, 0)
		load: 0.0

	Finished service at time: 40.84000000000003

	Using Machine: 1
		Task 0 -> Machine 1 (Station 1): 68.62
		Vehicle arrival at machine station: 109.46000000000004
		Waiting time until machine travel: 0.0

		Machine travel start time: 109.46000000000004
		Region 0 -> Region 1: 7.62
		Machine arrival at machine station: 117.08000000000004

		Machine 1 (Station 2)-> Task 45: 40.0
		Vehicle arrival at task: 157.08000000000004
		Waiting time until service start time: 0.0

	id: 45
		node: 26
		(x, y, z): (82, 103, 1)
		dem: 15
		earl: 35
		lat: 475
		servt: 10
		pid: 0
		did: 8
		servST: 157.08000000000004
		(h, h_ind): (1, 1)
		load: 15.0

	Finished service at time: 167.08000000000004

	Using Machine: 0
		Task 45 -> Machine 0 (Station 2): 39.41
		Vehicle arrival at machine station: 206.49000000000004
		Waiting time until machine travel: 0.0

		Machine travel start time: 206.49000000000004
		Region 1 -> Region 0: 6.4
		Machine arrival at machine station: 212.89000000000004

		Machine 0 (Station 1)-> Task 71: 57.58
		Vehicle arrival at task: 270.47
		Waiting time until service start time: 0.0

	id: 71
		node: 38
		(x, y, z): (139, 68, 0)
		dem: 25
		earl: 122
		lat: 625
		servt: 10
		pid: 0
		did: 48
		servST: 270.47
		(h, h_ind): (0, 1)
		load: 40.0

	Finished service at time: 280.47

	Task 71 -> Task 48: 5.0
	Vehicle arrival at task: 285.47
	Waiting time until service start time: 0.0

	id: 48
		node: 98
		(x, y, z): (139, 73, 0)
		dem: -25
		earl: 150
		lat: 666
		servt: 10
		pid: 71
		did: 0
		servST: 285.47
		(h, h_ind): (-1, 0)
		load: 15.0

	Finished service at time: 295.47

	Using Machine: 0
		Task 48 -> Machine 0 (Station 1): 52.92
		Vehicle arrival at machine station: 348.39000000000004
		Waiting time until machine travel: 0.0

		Machine travel start time: 348.39000000000004
		Region 0 -> Region 1: 6.4
		Machine arrival at machine station: 354.79

		Machine 0 (Station 2)-> Task 8: 39.0
		Vehicle arrival at task: 393.79
		Waiting time until service start time: 0.0

	id: 8
		node: 86
		(x, y, z): (78, 111, 1)
		dem: -15
		earl: 41
		lat: 629
		servt: 10
		pid: 45
		did: 0
		servST: 393.79
		(h, h_ind): (0, 2)
		load: 0.0

	Finished service at time: 403.79

	Task 8 -> Task 21: 41.77
	Vehicle arrival at task: 445.56
	Waiting time until service start time: 0.0

	id: 21
		node: 12
		(x, y, z): (109, 139, 1)
		dem: 8
		earl: 299
		lat: 725
		servt: 10
		pid: 0
		did: 51
		servST: 445.56
		(h, h_ind): (-1, 0)
		load: 8.0

	Finished service at time: 455.56

	Using Machine: 3
		Task 21 -> Machine 3 (Station 2): 11.7
		Vehicle arrival at machine station: 467.26
		Waiting time until machine travel: 0.0

		Machine travel start time: 467.26
		Region 1 -> Region 0: 11.05
		Machine arrival at machine station: 478.31

		Machine 3 (Station 1)-> Task 92: 66.1
		Vehicle arrival at task: 544.41
		Waiting time until service start time: 0.0

	id: 92
		node: 51
		(x, y, z): (102, 52, 0)
		dem: 15
		earl: 423
		lat: 969
		servt: 10
		pid: 0
		did: 147
		servST: 544.41
		(h, h_ind): (3, 2)
		load: 23.0

	Finished service at time: 554.41

	Task 92 -> Task 43: 22.83
	Vehicle arrival at task: 577.24
	Waiting time until service start time: 0.0

	id: 43
		node: 24
		(x, y, z): (113, 32, 0)
		dem: 36
		earl: 376
		lat: 896
		servt: 10
		pid: 0
		did: 31
		servST: 577.24
		(h, h_ind): (-1, 0)
		load: 59.0

	Finished service at time: 587.24

	Task 43 -> Task 51: 31.76
	Vehicle arrival at task: 619.0
	Waiting time until service start time: 0.0

	id: 51
		node: 72
		(x, y, z): (98, 4, 0)
		dem: -8
		earl: 540
		lat: 1001
		servt: 10
		pid: 21
		did: 0
		servST: 619.0
		(h, h_ind): (-1, 0)
		load: 51.0

	Finished service at time: 629.0

	Task 51 -> Task 19: 28.64
	Vehicle arrival at task: 657.64
	Waiting time until service start time: 0.0

	id: 19
		node: 11
		(x, y, z): (104, 32, 0)
		dem: 18
		earl: 343
		lat: 854
		servt: 10
		pid: 0
		did: 103
		servST: 657.64
		(h, h_ind): (-1, 0)
		load: 69.0

	Finished service at time: 667.64

	Task 19 -> Task 31: 37.36
	Vehicle arrival at task: 705.0
	Waiting time until service start time: 0.0

	id: 31
		node: 84
		(x, y, z): (140, 42, 0)
		dem: -36
		earl: 219
		lat: 705
		servt: 10
		pid: 43
		did: 0
		servST: 705.0
		(h, h_ind): (-1, 0)
		load: 33.0

	Finished service at time: 715.0

	Task 31 -> Task 103: 31.24
	Vehicle arrival at task: 746.24
	Waiting time until service start time: 0.0

	id: 103
		node: 71
		(x, y, z): (116, 22, 0)
		dem: -18
		earl: 341
		lat: 881
		servt: 10
		pid: 19
		did: 0
		servST: 746.24
		(h, h_ind): (-1, 0)
		load: 15.0

	Finished service at time: 756.24

	Using Machine: 1
		Task 103 -> Machine 1 (Station 1): 98.01
		Vehicle arrival at machine station: 854.25
		Waiting time until machine travel: 0.0

		Machine travel start time: 854.25
		Region 0 -> Region 1: 7.62
		Machine arrival at machine station: 861.87

		Machine 1 (Station 2)-> Task 104: 118.87
		Vehicle arrival at task: 980.74
		Waiting time until service start time: 0.0

	id: 104
		node: 56
		(x, y, z): (27, 46, 1)
		dem: 35
		earl: 687
		lat: 1105
		servt: 10
		pid: 0
		did: 66
		servST: 980.74
		(h, h_ind): (1, 2)
		load: 50.0

	Finished service at time: 990.74

	Task 104 -> Task 14: 58.22
	Vehicle arrival at task: 1048.96
	Waiting time until service start time: 0.0

	id: 14
		node: 7
		(x, y, z): (22, 104, 1)
		dem: 11
		earl: 736
		lat: 1234
		servt: 10
		pid: 0
		did: 84
		servST: 1048.96
		(h, h_ind): (-1, 0)
		load: 61.0

	Finished service at time: 1058.96

	Task 14 -> Task 66: 24.08
	Vehicle arrival at task: 1083.04
	Waiting time until service start time: 0.0

	id: 66
		node: 116
		(x, y, z): (38, 122, 1)
		dem: -35
		earl: 727
		lat: 1266
		servt: 10
		pid: 104
		did: 0
		servST: 1083.04
		(h, h_ind): (-1, 0)
		load: 26.0

	Finished service at time: 1093.04

	Using Machine: 1
		Task 66 -> Machine 1 (Station 2): 76.16
		Vehicle arrival at machine station: 1169.2
		Waiting time until machine travel: 0.0

		Machine travel start time: 1169.2
		Region 1 -> Region 0: 7.62
		Machine arrival at machine station: 1176.82

		Machine 1 (Station 1)-> Task 147: 97.42
		Vehicle arrival at task: 1274.24
		Waiting time until service start time: 0.0

	id: 147
		node: 111
		(x, y, z): (126, 23, 0)
		dem: -15
		earl: 863
		lat: 1364
		servt: 10
		pid: 92
		did: 0
		servST: 1274.24
		(h, h_ind): (1, 4)
		load: 11.0

	Finished service at time: 1284.24

	Using Machine: 3
		Task 147 -> Machine 3 (Station 1): 94.76
		Vehicle arrival at machine station: 1379.0
		Waiting time until machine travel: 0.0

		Machine travel start time: 1379.0
		Region 0 -> Region 1: 11.05
		Machine arrival at machine station: 1390.05

		Machine 3 (Station 2)-> Task 84: 58.05
		Vehicle arrival at task: 1448.1
		Waiting time until service start time: 52.5

	id: 84
		node: 67
		(x, y, z): (56, 139, 1)
		dem: -11
		earl: 1072
		lat: 1527
		servt: 10
		pid: 14
		did: 0
		servST: 1500.6000000000001
		(h, h_ind): (3, 9)
		load: 0.0

	Finished service at time: 1510.6000000000001

	Using Machine: 3
		Task 84 -> Machine 3 (Station 2): 58.05
		Vehicle arrival at machine station: 1568.65
		Waiting time until machine travel: 0.0

		Machine travel start time: 1568.65
		Region 1 -> Region 0: 11.05
		Machine arrival at machine station: 1579.7

		Machine 3 (Station 1)-> Task 97: 142.3
		Vehicle arrival at task: 1722.0
		Waiting time until service start time: 0.0

	id: 97
		node: 53
		(x, y, z): (33, 0, 0)
		dem: 20
		earl: 1722
		lat: 2257
		servt: 10
		pid: 0
		did: 28
		servST: 1722.0
		(h, h_ind): (3, 11)
		load: 20.0

	Finished service at time: 1732.0

	Task 97 -> Task 28: 14.32
	Vehicle arrival at task: 1746.32
	Waiting time until service start time: 0.0

	id: 28
		node: 113
		(x, y, z): (39, 13, 0)
		dem: -20
		earl: 1375
		lat: 1752
		servt: 10
		pid: 97
		did: 0
		servST: 1746.32
		(h, h_ind): (-1, 0)
		load: 0.0

	Finished service at time: 1756.32

	Task 28 -> Task 52: 30.41
	Vehicle arrival at task: 1786.73
	Waiting time until service start time: 0.0

	id: 52
		node: 28
		(x, y, z): (61, 34, 0)
		dem: 7
		earl: 1717
		lat: 2183
		servt: 10
		pid: 0
		did: 1
		servST: 1786.73
		(h, h_ind): (-1, 0)
		load: 7.0

	Finished service at time: 1796.73

	Task 52 -> Task 1: 52.5
	Vehicle arrival at task: 1849.23
	Waiting time until service start time: 0.0

	id: 1
		node: 88
		(x, y, z): (101, 0, 0)
		dem: -7
		earl: 1788
		lat: 2316
		servt: 10
		pid: 52
		did: 0
		servST: 1849.23
		(h, h_ind): (-1, 0)
		load: 0.0

	Finished service at time: 1859.23

	Task 1 -> Task 0: 76.56
	Vehicle arrival at task: 1935.79
	Waiting time until service start time: 0.0

	id: 0
		node: 122
		(x, y, z): (70, 70, 0)
		dem: 0
		earl: 0
		lat: 2535
		servt: 0
		pid: 0
		did: 0
		servST: 1935.79
		(h, h_ind): (-1, 0)
		load: 0.0


Vehicle 19 :
	id: 0
		node: 1
		(x, y, z): (70, 70, 0)
		dem: 0
		earl: 0
		lat: 2535
		servt: 0
		pid: 0
		did: 0
		servST: 180.14999999999998
		(h, h_ind): (-1, 0)
		load: 0.0

	Finished service at time: 180.14999999999998

	Using Machine: 3
		Task 0 -> Machine 3 (Station 1): 64.38
		Vehicle arrival at machine station: 244.52999999999997
		Waiting time until machine travel: 0.0

		Machine travel start time: 244.52999999999997
		Region 0 -> Region 1: 11.05
		Machine arrival at machine station: 255.57999999999998

		Machine 3 (Station 2)-> Task 73: 79.12
		Vehicle arrival at task: 334.7
		Waiting time until service start time: 0.0

	id: 73
		node: 40
		(x, y, z): (39, 100, 1)
		dem: 31
		earl: 155
		lat: 493
		servt: 10
		pid: 0
		did: 93
		servST: 334.7
		(h, h_ind): (3, 1)
		load: 31.0

	Finished service at time: 344.7

	Task 73 -> Task 34: 42.3
	Vehicle arrival at task: 387.0
	Waiting time until service start time: 0.0

	id: 34
		node: 19
		(x, y, z): (44, 58, 1)
		dem: 30
		earl: 28
		lat: 387
		servt: 10
		pid: 0
		did: 63
		servST: 387.0
		(h, h_ind): (-1, 0)
		load: 61.0

	Finished service at time: 397.0

	Task 34 -> Task 63: 13.42
	Vehicle arrival at task: 410.42
	Waiting time until service start time: 32.58

	id: 63
		node: 79
		(x, y, z): (32, 52, 1)
		dem: -30
		earl: 443
		lat: 885
		servt: 10
		pid: 34
		did: 0
		servST: 443.0
		(h, h_ind): (-1, 0)
		load: 31.0

	Finished service at time: 453.0

	Task 63 -> Task 4: 8.54
	Vehicle arrival at task: 461.54
	Waiting time until service start time: 0.0

	id: 4
		node: 2
		(x, y, z): (29, 60, 1)
		dem: 14
		earl: 42
		lat: 497
		servt: 10
		pid: 0
		did: 111
		servST: 461.54
		(h, h_ind): (-1, 0)
		load: 45.0

	Finished service at time: 471.54

	Using Machine: 0
		Task 4 -> Machine 0 (Station 2): 107.62
		Vehicle arrival at machine station: 579.1600000000001
		Waiting time until machine travel: 0.0

		Machine travel start time: 579.1600000000001
		Region 1 -> Region 0: 6.4
		Machine arrival at machine station: 585.5600000000001

		Machine 0 (Station 1)-> Task 32: 2.83
		Vehicle arrival at task: 588.3900000000001
		Waiting time until service start time: 0.0

	id: 32
		node: 18
		(x, y, z): (121, 124, 0)
		dem: 21
		earl: 353
		lat: 966
		servt: 10
		pid: 0
		did: 68
		servST: 588.3900000000001
		(h, h_ind): (0, 3)
		load: 66.0

	Finished service at time: 598.3900000000001

	Using Machine: 0
		Task 32 -> Machine 0 (Station 1): 2.83
		Vehicle arrival at machine station: 601.2200000000001
		Waiting time until machine travel: 0.0

		Machine travel start time: 601.2200000000001
		Region 0 -> Region 1: 6.4
		Machine arrival at machine station: 607.6200000000001

		Machine 0 (Station 2)-> Task 68: 7.07
		Vehicle arrival at task: 614.6900000000002
		Waiting time until service start time: 146.31

	id: 68
		node: 78
		(x, y, z): (109, 131, 1)
		dem: -21
		earl: 761
		lat: 1170
		servt: 10
		pid: 32
		did: 0
		servST: 761.0
		(h, h_ind): (0, 4)
		load: 45.0

	Finished service at time: 771.0

	Using Machine: 0
		Task 68 -> Machine 0 (Station 2): 7.07
		Vehicle arrival at machine station: 778.07
		Waiting time until machine travel: 0.0

		Machine travel start time: 778.07
		Region 1 -> Region 0: 6.4
		Machine arrival at machine station: 784.47

		Machine 0 (Station 1)-> Task 44: 27.66
		Vehicle arrival at task: 812.13
		Waiting time until service start time: 0.0

	id: 44
		node: 25
		(x, y, z): (137, 101, 0)
		dem: 12
		earl: 515
		lat: 960
		servt: 10
		pid: 0
		did: 187
		servST: 812.1300000000001
		(h, h_ind): (0, 6)
		load: 57.0

	Finished service at time: 822.1300000000001

	Using Machine: 0
		Task 44 -> Machine 0 (Station 1): 27.66
		Vehicle arrival at machine station: 849.7900000000001
		Waiting time until machine travel: 0.0

		Machine travel start time: 849.7900000000001
		Region 0 -> Region 1: 6.4
		Machine arrival at machine station: 856.19

		Machine 0 (Station 2)-> Task 187: 16.4
		Vehicle arrival at task: 872.59
		Waiting time until service start time: 273.41

	id: 187
		node: 85
		(x, y, z): (104, 139, 1)
		dem: -12
		earl: 1146
		lat: 1659
		servt: 10
		pid: 44
		did: 0
		servST: 1146.0
		(h, h_ind): (0, 7)
		load: 45.0

	Finished service at time: 1156.0

	Using Machine: 3
		Task 187 -> Machine 3 (Station 2): 14.21
		Vehicle arrival at machine station: 1170.21
		Waiting time until machine travel: 7.43

		Machine travel start time: 1177.64
		Region 1 -> Region 0: 11.05
		Machine arrival at machine station: 1188.69

		Machine 3 (Station 1)-> Task 9: 92.27
		Vehicle arrival at task: 1280.96
		Waiting time until service start time: 8.0

	id: 9
		node: 4
		(x, y, z): (107, 25, 0)
		dem: 13
		earl: 928
		lat: 1381
		servt: 10
		pid: 0
		did: 138
		servST: 1288.96
		(h, h_ind): (3, 7)
		load: 58.0

	Finished service at time: 1298.96

	Task 9 -> Task 111: 56.04
	Vehicle arrival at task: 1355.0
	Waiting time until service start time: 0.0

	id: 111
		node: 62
		(x, y, z): (61, 57, 0)
		dem: -14
		earl: 1355
		lat: 1764
		servt: 10
		pid: 4
		did: 0
		servST: 1355.0
		(h, h_ind): (-1, 0)
		load: 44.0

	Finished service at time: 1365.0

	Task 111 -> Task 138: 57.31
	Vehicle arrival at task: 1422.31
	Waiting time until service start time: 0.0

	id: 138
		node: 64
		(x, y, z): (100, 99, 0)
		dem: -13
		earl: 1037
		lat: 1475
		servt: 10
		pid: 9
		did: 0
		servST: 1422.31
		(h, h_ind): (-1, 0)
		load: 31.0

	Finished service at time: 1432.31

	Using Machine: 3
		Task 138 -> Machine 3 (Station 1): 22.8
		Vehicle arrival at machine station: 1455.11
		Waiting time until machine travel: 0.0

		Machine travel start time: 1455.11
		Region 0 -> Region 1: 11.05
		Machine arrival at machine station: 1466.1599999999999

		Machine 3 (Station 2)-> Task 82: 106.79
		Vehicle arrival at task: 1572.9499999999998
		Waiting time until service start time: 0.0

	id: 82
		node: 45
		(x, y, z): (36, 54, 1)
		dem: 15
		earl: 1318
		lat: 1777
		servt: 10
		pid: 0
		did: 87
		servST: 1572.9499999999998
		(h, h_ind): (3, 10)
		load: 46.0

	Finished service at time: 1582.9499999999998

	Task 82 -> Task 93: 78.45
	Vehicle arrival at task: 1661.3999999999999
	Waiting time until service start time: 0.0

	id: 93
		node: 100
		(x, y, z): (13, 129, 1)
		dem: -31
		earl: 1224
		lat: 1706
		servt: 10
		pid: 73
		did: 0
		servST: 1661.3999999999999
		(h, h_ind): (-1, 0)
		load: 15.0

	Finished service at time: 1671.3999999999999

	Task 93 -> Task 114: 102.12
	Vehicle arrival at task: 1773.52
	Waiting time until service start time: 0.0

	id: 114
		node: 60
		(x, y, z): (115, 124, 1)
		dem: 11
		earl: 1485
		lat: 1924
		servt: 10
		pid: 0
		did: 46
		servST: 1773.52
		(h, h_ind): (-1, 0)
		load: 26.0

	Finished service at time: 1783.52

	Task 114 -> Task 46: 105.8
	Vehicle arrival at task: 1889.32
	Waiting time until service start time: 0.0

	id: 46
		node: 120
		(x, y, z): (10, 111, 1)
		dem: -11
		earl: 1790
		lat: 2272
		servt: 10
		pid: 114
		did: 0
		servST: 1889.32
		(h, h_ind): (-1, 0)
		load: 15.0

	Finished service at time: 1899.32

	Task 46 -> Task 87: 45.79
	Vehicle arrival at task: 1945.11
	Waiting time until service start time: 42.89

	id: 87
		node: 105
		(x, y, z): (34, 72, 1)
		dem: -15
		earl: 1988
		lat: 2489
		servt: 10
		pid: 82
		did: 0
		servST: 1988.0
		(h, h_ind): (-1, 0)
		load: 0.0

	Finished service at time: 1998.0

	Using Machine: 3
		Task 87 -> Machine 3 (Station 2): 96.83
		Vehicle arrival at machine station: 2094.83
		Waiting time until machine travel: 0.0

		Machine travel start time: 2094.83
		Region 1 -> Region 0: 11.05
		Machine arrival at machine station: 2105.88

		Machine 3 (Station 1)-> Task 0: 64.38
		Vehicle arrival at task: 2170.26
		Waiting time until service start time: -0.0

	id: 0
		node: 122
		(x, y, z): (70, 70, 0)
		dem: 0
		earl: 0
		lat: 2535
		servt: 0
		pid: 0
		did: 0
		servST: 2170.2599999999998
		(h, h_ind): (3, 17)
		load: 0.0


Vehicle 22 :
	id: 0
		node: 1
		(x, y, z): (70, 70, 0)
		dem: 0
		earl: 0
		lat: 2535
		servt: 0
		pid: 0
		did: 0
		servST: 10.850000000000023
		(h, h_ind): (-1, 0)
		load: 0.0

	Finished service at time: 10.850000000000023

	Using Machine: 2
		Task 0 -> Machine 2 (Station 1): 66.53
		Vehicle arrival at machine station: 77.38000000000002
		Waiting time until machine travel: 0.0

		Machine travel start time: 77.38000000000002
		Region 0 -> Region 1: 9.06
		Machine arrival at machine station: 86.44000000000003

		Machine 2 (Station 2)-> Task 100: 129.63
		Vehicle arrival at task: 216.07000000000002
		Waiting time until service start time: 0.0

	id: 100
		node: 54
		(x, y, z): (12, 48, 1)
		dem: 4
		earl: 76
		lat: 508
		servt: 10
		pid: 0
		did: 36
		servST: 216.07000000000002
		(h, h_ind): (2, 1)
		load: 4.0

	Finished service at time: 226.07000000000002

	Task 100 -> Task 79: 75.15
	Vehicle arrival at task: 301.22
	Waiting time until service start time: 0.0

	id: 79
		node: 44
		(x, y, z): (44, 116, 1)
		dem: 27
		earl: 61
		lat: 483
		servt: 10
		pid: 0
		did: 58
		servST: 301.22
		(h, h_ind): (-1, 0)
		load: 31.0

	Finished service at time: 311.22

	Using Machine: 5
		Task 79 -> Machine 5 (Station 2): 70.41
		Vehicle arrival at machine station: 381.63
		Waiting time until machine travel: 0.0

		Machine travel start time: 381.63000000000005
		Region 1 -> Region 0: 10.77
		Machine arrival at machine station: 392.40000000000003

		Machine 5 (Station 1)-> Task 6: 17.8
		Vehicle arrival at task: 410.20000000000005
		Waiting time until service start time: 0.0

	id: 6
		node: 3
		(x, y, z): (137, 137, 0)
		dem: 27
		earl: 269
		lat: 648
		servt: 10
		pid: 0
		did: 120
		servST: 410.20000000000005
		(h, h_ind): (5, 1)
		load: 58.0

	Finished service at time: 420.20000000000005

	Task 6 -> Task 36: 139.34
	Vehicle arrival at task: 559.5400000000001
	Waiting time until service start time: 0.0

	id: 36
		node: 114
		(x, y, z): (41, 36, 0)
		dem: -4
		earl: 44
		lat: 575
		servt: 10
		pid: 100
		did: 0
		servST: 559.5400000000001
		(h, h_ind): (-1, 0)
		load: 54.0

	Finished service at time: 569.5400000000001

	Task 36 -> Task 120: 52.89
	Vehicle arrival at task: 622.4300000000001
	Waiting time until service start time: 0.0

	id: 120
		node: 63
		(x, y, z): (92, 22, 0)
		dem: -27
		earl: 580
		lat: 1059
		servt: 10
		pid: 6
		did: 0
		servST: 622.4300000000001
		(h, h_ind): (-1, 0)
		load: 27.0

	Finished service at time: 632.4300000000001

	Task 120 -> Task 15: 47.43
	Vehicle arrival at task: 679.86
	Waiting time until service start time: 0.0

	id: 15
		node: 8
		(x, y, z): (137, 7, 0)
		dem: 40
		earl: 483
		lat: 883
		servt: 10
		pid: 0
		did: 195
		servST: 679.86
		(h, h_ind): (-1, 0)
		load: 67.0

	Finished service at time: 689.86

	Task 15 -> Task 195: 17.03
	Vehicle arrival at task: 706.89
	Waiting time until service start time: 0.0

	id: 195
		node: 68
		(x, y, z): (138, 24, 0)
		dem: -40
		earl: 495
		lat: 1062
		servt: 10
		pid: 15
		did: 0
		servST: 706.89
		(h, h_ind): (-1, 0)
		load: 27.0

	Finished service at time: 716.89

	Task 195 -> Task 88: 18.11
	Vehicle arrival at task: 735.0
	Waiting time until service start time: 0.0

	id: 88
		node: 48
		(x, y, z): (120, 22, 0)
		dem: 39
		earl: 296
		lat: 735
		servt: 10
		pid: 0
		did: 50
		servST: 735.0
		(h, h_ind): (-1, 0)
		load: 66.0

	Finished service at time: 745.0

	Using Machine: 1
		Task 88 -> Machine 1 (Station 1): 98.05
		Vehicle arrival at machine station: 843.05
		Waiting time until machine travel: 26.44

		Machine travel start time: 869.49
		Region 0 -> Region 1: 7.62
		Machine arrival at machine station: 877.11

		Machine 1 (Station 2)-> Task 78: 51.4
		Vehicle arrival at task: 928.51
		Waiting time until service start time: 31.49

	id: 78
		node: 43
		(x, y, z): (73, 96, 1)
		dem: 9
		earl: 489
		lat: 960
		servt: 10
		pid: 0
		did: 175
		servST: 960.0
		(h, h_ind): (1, 3)
		load: 75.0

	Finished service at time: 970.0

	Task 78 -> Task 58: 23.6
	Vehicle arrival at task: 993.6
	Waiting time until service start time: 84.4

	id: 58
		node: 104
		(x, y, z): (59, 115, 1)
		dem: -27
		earl: 1078
		lat: 1552
		servt: 10
		pid: 79
		did: 0
		servST: 1078.0
		(h, h_ind): (-1, 0)
		load: 48.0

	Finished service at time: 1088.0

	Using Machine: 3
		Task 58 -> Machine 3 (Station 2): 55.54
		Vehicle arrival at machine station: 1143.54
		Waiting time until machine travel: 0.0

		Machine travel start time: 1143.54
		Region 1 -> Region 0: 11.05
		Machine arrival at machine station: 1154.59

		Machine 3 (Station 1)-> Task 102: 39.32
		Vehicle arrival at task: 1193.9099999999999
		Waiting time until service start time: 0.0

	id: 102
		node: 55
		(x, y, z): (109, 78, 0)
		dem: 21
		earl: 757
		lat: 1265
		servt: 10
		pid: 0
		did: 160
		servST: 1193.9099999999999
		(h, h_ind): (3, 6)
		load: 69.0

	Finished service at time: 1203.9099999999999

	Task 102 -> Task 160: 57.58
	Vehicle arrival at task: 1261.4899999999998
	Waiting time until service start time: 47.06

	id: 160
		node: 115
		(x, y, z): (129, 24, 0)
		dem: -21
		earl: 1147
		lat: 1652
		servt: 10
		pid: 102
		did: 0
		servST: 1308.55
		(h, h_ind): (-1, 0)
		load: 48.0

	Finished service at time: 1318.55

	Task 160 -> Task 29: 13.45
	Vehicle arrival at task: 1332.0
	Waiting time until service start time: 0.0

	id: 29
		node: 16
		(x, y, z): (120, 14, 0)
		dem: 20
		earl: 857
		lat: 1332
		servt: 10
		pid: 0
		did: 125
		servST: 1332.0
		(h, h_ind): (-1, 0)
		load: 68.0

	Finished service at time: 1342.0

	Task 29 -> Task 125: 31.78
	Vehicle arrival at task: 1373.78
	Waiting time until service start time: 0.0

	id: 125
		node: 76
		(x, y, z): (113, 45, 0)
		dem: -20
		earl: 1062
		lat: 1449
		servt: 10
		pid: 29
		did: 0
		servST: 1373.78
		(h, h_ind): (-1, 0)
		load: 48.0

	Finished service at time: 1383.78

	Task 125 -> Task 42: 9.9
	Vehicle arrival at task: 1393.68
	Waiting time until service start time: 19.32

	id: 42
		node: 23
		(x, y, z): (120, 52, 0)
		dem: 20
		earl: 1413
		lat: 1701
		servt: 10
		pid: 0
		did: 101
		servST: 1413.0
		(h, h_ind): (-1, 0)
		load: 68.0

	Finished service at time: 1423.0

	Task 42 -> Task 101: 27.59
	Vehicle arrival at task: 1450.59
	Waiting time until service start time: 0.0

	id: 101
		node: 83
		(x, y, z): (139, 72, 0)
		dem: -20
		earl: 1170
		lat: 1646
		servt: 10
		pid: 42
		did: 0
		servST: 1450.59
		(h, h_ind): (-1, 0)
		load: 48.0

	Finished service at time: 1460.59

	Task 101 -> Task 55: 57.28
	Vehicle arrival at task: 1517.87
	Waiting time until service start time: 0.0

	id: 55
		node: 29
		(x, y, z): (84, 88, 0)
		dem: 16
		earl: 1281
		lat: 1688
		servt: 10
		pid: 0
		did: 96
		servST: 1517.87
		(h, h_ind): (-1, 0)
		load: 64.0

	Finished service at time: 1527.87

	Task 55 -> Task 96: 8.25
	Vehicle arrival at task: 1536.12
	Waiting time until service start time: 0.0

	id: 96
		node: 89
		(x, y, z): (86, 80, 0)
		dem: -16
		earl: 1320
		lat: 1795
		servt: 10
		pid: 55
		did: 0
		servST: 1536.12
		(h, h_ind): (-1, 0)
		load: 48.0

	Finished service at time: 1546.12

	Using Machine: 3
		Task 96 -> Machine 3 (Station 1): 46.4
		Vehicle arrival at machine station: 1592.52
		Waiting time until machine travel: 0.0

		Machine travel start time: 1592.52
		Region 0 -> Region 1: 11.05
		Machine arrival at machine station: 1603.57

		Machine 3 (Station 2)-> Task 50: 50.01
		Vehicle arrival at task: 1653.58
		Waiting time until service start time: 0.0

	id: 50
		node: 108
		(x, y, z): (64, 138, 1)
		dem: -39
		earl: 1616
		lat: 2023
		servt: 10
		pid: 88
		did: 0
		servST: 1653.58
		(h, h_ind): (3, 12)
		load: 9.0

	Finished service at time: 1663.58

	Using Machine: 3
		Task 50 -> Machine 3 (Station 2): 50.01
		Vehicle arrival at machine station: 1713.59
		Waiting time until machine travel: 0.0

		Machine travel start time: 1713.59
		Region 1 -> Region 0: 11.05
		Machine arrival at machine station: 1724.6399999999999

		Machine 3 (Station 1)-> Task 175: 105.76
		Vehicle arrival at task: 1830.3999999999999
		Waiting time until service start time: 0.0

	id: 175
		node: 103
		(x, y, z): (90, 14, 0)
		dem: -9
		earl: 1718
		lat: 2114
		servt: 10
		pid: 78
		did: 0
		servST: 1830.3999999999999
		(h, h_ind): (3, 13)
		load: 0.0

	Finished service at time: 1840.3999999999999

	Using Machine: 1
		Task 175 -> Machine 1 (Station 1): 109.38
		Vehicle arrival at machine station: 1949.7799999999997
		Waiting time until machine travel: 0.0

		Machine travel start time: 1949.7799999999997
		Region 0 -> Region 1: 7.62
		Machine arrival at machine station: 1957.3999999999996

		Machine 1 (Station 2)-> Task 85: 89.99
		Vehicle arrival at task: 2047.3899999999996
		Waiting time until service start time: 0.0

	id: 85
		node: 47
		(x, y, z): (27, 104, 1)
		dem: 1
		earl: 1822
		lat: 2317
		servt: 10
		pid: 0
		did: 153
		servST: 2047.3899999999996
		(h, h_ind): (1, 5)
		load: 1.0

	Finished service at time: 2057.3899999999994

	Task 85 -> Task 153: 16.12
	Vehicle arrival at task: 2073.5099999999993
	Waiting time until service start time: 0.0

	id: 153
		node: 107
		(x, y, z): (35, 90, 1)
		dem: -1
		earl: 1605
		lat: 2082
		servt: 10
		pid: 85
		did: 0
		servST: 2073.5099999999998
		(h, h_ind): (-1, 0)
		load: 0.0

	Finished service at time: 2083.5099999999998

	Using Machine: 2
		Task 153 -> Machine 2 (Station 2): 87.66
		Vehicle arrival at machine station: 2171.1699999999996
		Waiting time until machine travel: 0.0

		Machine travel start time: 2171.1699999999996
		Region 1 -> Region 0: 9.06
		Machine arrival at machine station: 2180.2299999999996

		Machine 2 (Station 1)-> Task 0: 66.53
		Vehicle arrival at task: 2246.7599999999998
		Waiting time until service start time: 0.0

	id: 0
		node: 122
		(x, y, z): (70, 70, 0)
		dem: 0
		earl: 0
		lat: 2535
		servt: 0
		pid: 0
		did: 0
		servST: 2246.7599999999998
		(h, h_ind): (2, 2)
		load: 0.0


Vehicle 38 :
	id: 0
		node: 1
		(x, y, z): (70, 70, 0)
		dem: 0
		earl: 0
		lat: 2535
		servt: 0
		pid: 0
		did: 0
		servST: 484.0199999999999
		(h, h_ind): (-1, 0)
		load: 0.0

	Finished service at time: 484.0199999999999

	Task 0 -> Task 18: 9.22
	Vehicle arrival at task: 493.23999999999995
	Waiting time until service start time: 0.0

	id: 18
		node: 10
		(x, y, z): (79, 72, 0)
		dem: 22
		earl: 9
		lat: 494
		servt: 10
		pid: 0
		did: 146
		servST: 493.23999999999995
		(h, h_ind): (-1, 0)
		load: 22.0

	Finished service at time: 503.23999999999995

	Task 18 -> Task 62: 46.32
	Vehicle arrival at task: 549.56
	Waiting time until service start time: 0.0

	id: 62
		node: 34
		(x, y, z): (54, 33, 0)
		dem: 20
		earl: 40
		lat: 633
		servt: 10
		pid: 0
		did: 142
		servST: 549.56
		(h, h_ind): (-1, 0)
		load: 42.0

	Finished service at time: 559.56

	Task 62 -> Task 146: 114.69
	Vehicle arrival at task: 674.25
	Waiting time until service start time: -0.0

	id: 146
		node: 70
		(x, y, z): (139, 110, 0)
		dem: -22
		earl: 610
		lat: 1042
		servt: 10
		pid: 18
		did: 0
		servST: 674.2499999999999
		(h, h_ind): (-1, 0)
		load: 20.0

	Finished service at time: 684.2499999999999

	Using Machine: 0
		Task 146 -> Machine 0 (Station 1): 23.32
		Vehicle arrival at machine station: 707.5699999999999
		Waiting time until machine travel: 0.0

		Machine travel start time: 707.5699999999999
		Region 0 -> Region 1: 6.4
		Machine arrival at machine station: 713.9699999999999

		Machine 0 (Station 2)-> Task 142: 78.03
		Vehicle arrival at task: 791.9999999999999
		Waiting time until service start time: 0.0

	id: 142
		node: 94
		(x, y, z): (36, 124, 1)
		dem: -20
		earl: 792
		lat: 1199
		servt: 10
		pid: 62
		did: 0
		servST: 792.0
		(h, h_ind): (0, 5)
		load: 0.0

	Finished service at time: 802.0

	Using Machine: 3
		Task 142 -> Machine 3 (Station 2): 77.1
		Vehicle arrival at machine station: 879.1
		Waiting time until machine travel: 0.0

		Machine travel start time: 879.1
		Region 1 -> Region 0: 11.05
		Machine arrival at machine station: 890.15

		Machine 3 (Station 1)-> Task 0: 64.38
		Vehicle arrival at task: 954.53
		Waiting time until service start time: 0.0

	id: 0
		node: 122
		(x, y, z): (70, 70, 0)
		dem: 0
		earl: 0
		lat: 2535
		servt: 0
		pid: 0
		did: 0
		servST: 954.53
		(h, h_ind): (3, 5)
		load: 0.0


Vehicle 43 :
	id: 0
		node: 1
		(x, y, z): (70, 70, 0)
		dem: 0
		earl: 0
		lat: 2535
		servt: 0
		pid: 0
		did: 0
		servST: 92.77000000000001
		(h, h_ind): (-1, 0)
		load: 0.0

	Finished service at time: 92.77000000000001

	Task 0 -> Task 41: 17.03
	Vehicle arrival at task: 109.80000000000001
	Waiting time until service start time: 0.0

	id: 41
		node: 22
		(x, y, z): (81, 57, 0)
		dem: 8
		earl: 17
		lat: 473
		servt: 10
		pid: 0
		did: 74
		servST: 109.80000000000001
		(h, h_ind): (-1, 0)
		load: 8.0

	Finished service at time: 119.80000000000001

	Task 41 -> Task 61: 23.19
	Vehicle arrival at task: 142.99
	Waiting time until service start time: 0.0

	id: 61
		node: 33
		(x, y, z): (104, 54, 0)
		dem: 13
		earl: 37
		lat: 567
		servt: 10
		pid: 0
		did: 118
		servST: 142.99
		(h, h_ind): (-1, 0)
		load: 21.0

	Finished service at time: 152.99

	Task 61 -> Task 67: 28.32
	Vehicle arrival at task: 181.31
	Waiting time until service start time: 0.0

	id: 67
		node: 37
		(x, y, z): (85, 75, 0)
		dem: 37
		earl: 15
		lat: 378
		servt: 10
		pid: 0
		did: 172
		servST: 181.31
		(h, h_ind): (-1, 0)
		load: 58.0

	Finished service at time: 191.31

	Task 67 -> Task 118: 50.54
	Vehicle arrival at task: 241.85
	Waiting time until service start time: 0.0

	id: 118
		node: 93
		(x, y, z): (108, 30, 0)
		dem: -13
		earl: 164
		lat: 722
		servt: 10
		pid: 61
		did: 0
		servST: 241.85
		(h, h_ind): (-1, 0)
		load: 45.0

	Finished service at time: 251.85

	Task 118 -> Task 116: 21.02
	Vehicle arrival at task: 272.87
	Waiting time until service start time: 0.0

	id: 116
		node: 61
		(x, y, z): (89, 39, 0)
		dem: 23
		earl: 36
		lat: 451
		servt: 10
		pid: 0
		did: 162
		servST: 272.87
		(h, h_ind): (-1, 0)
		load: 68.0

	Finished service at time: 282.87

	Task 116 -> Task 162: 41.77
	Vehicle arrival at task: 324.64
	Waiting time until service start time: 0.0

	id: 162
		node: 121
		(x, y, z): (58, 11, 0)
		dem: -23
		earl: 308
		lat: 828
		servt: 10
		pid: 116
		did: 0
		servST: 324.64
		(h, h_ind): (-1, 0)
		load: 45.0

	Finished service at time: 334.64

	Task 162 -> Task 74: 37.36
	Vehicle arrival at task: 372.0
	Waiting time until service start time: 0.0

	id: 74
		node: 82
		(x, y, z): (48, 47, 0)
		dem: -8
		earl: 31
		lat: 504
		servt: 10
		pid: 41
		did: 0
		servST: 372.0
		(h, h_ind): (-1, 0)
		load: 37.0

	Finished service at time: 382.0

	Task 74 -> Task 23: 34.0
	Vehicle arrival at task: 416.0
	Waiting time until service start time: 0.0

	id: 23
		node: 13
		(x, y, z): (78, 63, 0)
		dem: 19
		earl: 10
		lat: 416
		servt: 10
		pid: 0
		did: 158
		servST: 416.0
		(h, h_ind): (-1, 0)
		load: 56.0

	Finished service at time: 426.0

	Task 23 -> Task 94: 61.52
	Vehicle arrival at task: 487.52
	Waiting time until service start time: 28.99

	id: 94
		node: 52
		(x, y, z): (34, 20, 0)
		dem: 15
		earl: 435
		lat: 889
		servt: 10
		pid: 0
		did: 163
		servST: 516.51
		(h, h_ind): (-1, 0)
		load: 71.0

	Finished service at time: 526.51

	Task 94 -> Task 65: 66.49
	Vehicle arrival at task: 593.0
	Waiting time until service start time: 0.0

	id: 65
		node: 36
		(x, y, z): (99, 34, 0)
		dem: 9
		earl: 134
		lat: 593
		servt: 10
		pid: 0
		did: 169
		servST: 593.0
		(h, h_ind): (-1, 0)
		load: 80.0

	Finished service at time: 603.0

	Task 65 -> Task 172: 22.09
	Vehicle arrival at task: 625.09
	Waiting time until service start time: 5.91

	id: 172
		node: 97
		(x, y, z): (97, 12, 0)
		dem: -37
		earl: 631
		lat: 1138
		servt: 10
		pid: 67
		did: 0
		servST: 631.0
		(h, h_ind): (-1, 0)
		load: 43.0

	Finished service at time: 641.0

	Task 172 -> Task 59: 12.81
	Vehicle arrival at task: 653.81
	Waiting time until service start time: 44.19

	id: 59
		node: 31
		(x, y, z): (105, 2, 0)
		dem: 1
		earl: 698
		lat: 1212
		servt: 10
		pid: 0
		did: 196
		servST: 698.0
		(h, h_ind): (-1, 0)
		load: 44.0

	Finished service at time: 708.0

	Task 59 -> Task 40: 133.75
	Vehicle arrival at task: 841.75
	Waiting time until service start time: 0.0

	id: 40
		node: 21
		(x, y, z): (132, 133, 0)
		dem: 24
		earl: 346
		lat: 892
		servt: 10
		pid: 0
		did: 129
		servST: 841.75
		(h, h_ind): (-1, 0)
		load: 68.0

	Finished service at time: 851.75

	Task 40 -> Task 196: 55.23
	Vehicle arrival at task: 906.98
	Waiting time until service start time: 0.0

	id: 196
		node: 91
		(x, y, z): (103, 86, 0)
		dem: -1
		earl: 833
		lat: 1348
		servt: 10
		pid: 59
		did: 0
		servST: 906.98
		(h, h_ind): (-1, 0)
		load: 67.0

	Finished service at time: 916.98

	Task 196 -> Task 27: 53.25
	Vehicle arrival at task: 970.23
	Waiting time until service start time: 0.0

	id: 27
		node: 15
		(x, y, z): (133, 130, 0)
		dem: 13
		earl: 689
		lat: 1209
		servt: 10
		pid: 0
		did: 69
		servST: 970.23
		(h, h_ind): (-1, 0)
		load: 80.0

	Finished service at time: 980.23

	Task 27 -> Task 158: 119.0
	Vehicle arrival at task: 1099.23
	Waiting time until service start time: 0.0

	id: 158
		node: 73
		(x, y, z): (54, 41, 0)
		dem: -19
		earl: 950
		lat: 1420
		servt: 10
		pid: 23
		did: 0
		servST: 1099.23
		(h, h_ind): (-1, 0)
		load: 61.0

	Finished service at time: 1109.23

	Task 158 -> Task 129: 57.49
	Vehicle arrival at task: 1166.72
	Waiting time until service start time: 20.27

	id: 129
		node: 81
		(x, y, z): (110, 28, 0)
		dem: -24
		earl: 1018
		lat: 1545
		servt: 10
		pid: 40
		did: 0
		servST: 1186.99
		(h, h_ind): (-1, 0)
		load: 37.0

	Finished service at time: 1196.99

	Task 129 -> Task 75: 45.4
	Vehicle arrival at task: 1242.39
	Waiting time until service start time: 0.0

	id: 75
		node: 41
		(x, y, z): (104, 73, 0)
		dem: 17
		earl: 813
		lat: 1300
		servt: 10
		pid: 0
		did: 22
		servST: 1242.39
		(h, h_ind): (-1, 0)
		load: 54.0

	Finished service at time: 1252.39

	Task 75 -> Task 69: 4.12
	Vehicle arrival at task: 1256.51
	Waiting time until service start time: 0.0

	id: 69
		node: 75
		(x, y, z): (103, 77, 0)
		dem: -13
		earl: 942
		lat: 1503
		servt: 10
		pid: 27
		did: 0
		servST: 1256.51
		(h, h_ind): (-1, 0)
		load: 41.0

	Finished service at time: 1266.51

	Task 69 -> Task 107: 23.09
	Vehicle arrival at task: 1289.6
	Waiting time until service start time: 0.0

	id: 107
		node: 58
		(x, y, z): (110, 99, 0)
		dem: 21
		earl: 990
		lat: 1552
		servt: 10
		pid: 0
		did: 127
		servST: 1289.6
		(h, h_ind): (-1, 0)
		load: 62.0

	Finished service at time: 1299.6

	Task 107 -> Task 13: 26.4
	Vehicle arrival at task: 1326.0
	Waiting time until service start time: 0.0

	id: 13
		node: 6
		(x, y, z): (121, 123, 0)
		dem: 9
		earl: 850
		lat: 1326
		servt: 10
		pid: 0
		did: 86
		servST: 1326.0
		(h, h_ind): (-1, 0)
		load: 71.0

	Finished service at time: 1336.0

	Task 13 -> Task 127: 24.76
	Vehicle arrival at task: 1360.76
	Waiting time until service start time: 78.24

	id: 127
		node: 118
		(x, y, z): (138, 105, 0)
		dem: -21
		earl: 1439
		lat: 1909
		servt: 10
		pid: 107
		did: 0
		servST: 1439.0
		(h, h_ind): (-1, 0)
		load: 50.0

	Finished service at time: 1449.0

	Using Machine: 0
		Task 127 -> Machine 0 (Station 1): 25.5
		Vehicle arrival at machine station: 1474.5
		Waiting time until machine travel: 7.82

		Machine travel start time: 1482.32
		Region 0 -> Region 1: 6.4
		Machine arrival at machine station: 1488.72

		Machine 0 (Station 2)-> Task 22: 41.05
		Vehicle arrival at task: 1529.77
		Waiting time until service start time: 0.0

	id: 22
		node: 101
		(x, y, z): (80, 103, 1)
		dem: -17
		earl: 1310
		lat: 1786
		servt: 10
		pid: 75
		did: 0
		servST: 1529.77
		(h, h_ind): (0, 8)
		load: 33.0

	Finished service at time: 1539.77

	Task 22 -> Task 83: 64.94
	Vehicle arrival at task: 1604.71
	Waiting time until service start time: 0.0

	id: 83
		node: 46
		(x, y, z): (16, 92, 1)
		dem: 10
		earl: 1267
		lat: 1723
		servt: 10
		pid: 0
		did: 39
		servST: 1604.71
		(h, h_ind): (-1, 0)
		load: 43.0

	Finished service at time: 1614.71

	Task 83 -> Task 113: 28.32
	Vehicle arrival at task: 1643.03
	Waiting time until service start time: 0.0

	id: 113
		node: 59
		(x, y, z): (37, 73, 1)
		dem: 33
		earl: 1161
		lat: 1646
		servt: 10
		pid: 0
		did: 171
		servST: 1643.03
		(h, h_ind): (-1, 0)
		load: 76.0

	Finished service at time: 1653.03

	Using Machine: 3
		Task 113 -> Machine 3 (Station 2): 93.81
		Vehicle arrival at machine station: 1746.84
		Waiting time until machine travel: 0.0

		Machine travel start time: 1746.84
		Region 1 -> Region 0: 11.05
		Machine arrival at machine station: 1757.8899999999999

		Machine 3 (Station 1)-> Task 39: 84.86
		Vehicle arrival at task: 1842.7499999999998
		Waiting time until service start time: 0.0

	id: 39
		node: 106
		(x, y, z): (83, 38, 0)
		dem: -10
		earl: 1768
		lat: 2163
		servt: 10
		pid: 83
		did: 0
		servST: 1842.75
		(h, h_ind): (3, 14)
		load: 66.0

	Finished service at time: 1852.75

	Using Machine: 3
		Task 39 -> Machine 3 (Station 1): 84.86
		Vehicle arrival at machine station: 1937.61
		Waiting time until machine travel: 0.0

		Machine travel start time: 1937.61
		Region 0 -> Region 1: 11.05
		Machine arrival at machine station: 1948.6599999999999

		Machine 3 (Station 2)-> Task 163: 77.34
		Vehicle arrival at task: 2025.9999999999998
		Waiting time until service start time: 0.0

	id: 163
		node: 112
		(x, y, z): (54, 78, 1)
		dem: -15
		earl: 2026
		lat: 2492
		servt: 10
		pid: 94
		did: 0
		servST: 2026.0
		(h, h_ind): (3, 15)
		load: 51.0

	Finished service at time: 2036.0

	Task 163 -> Task 169: 14.32
	Vehicle arrival at task: 2050.32
	Waiting time until service start time: 0.0

	id: 169
		node: 96
		(x, y, z): (51, 92, 1)
		dem: -9
		earl: 1649
		lat: 2053
		servt: 10
		pid: 65
		did: 0
		servST: 2050.32
		(h, h_ind): (-1, 0)
		load: 42.0

	Finished service at time: 2060.32

	Task 169 -> Task 86: 16.49
	Vehicle arrival at task: 2076.81
	Waiting time until service start time: 0.0

	id: 86
		node: 66
		(x, y, z): (67, 96, 1)
		dem: -9
		earl: 1760
		lat: 2296
		servt: 10
		pid: 13
		did: 0
		servST: 2076.81
		(h, h_ind): (-1, 0)
		load: 33.0

	Finished service at time: 2086.81

	Task 86 -> Task 171: 14.04
	Vehicle arrival at task: 2100.85
	Waiting time until service start time: 0.0

	id: 171
		node: 119
		(x, y, z): (66, 82, 1)
		dem: -33
		earl: 1835
		lat: 2292
		servt: 10
		pid: 113
		did: 0
		servST: 2100.85
		(h, h_ind): (-1, 0)
		load: 0.0

	Finished service at time: 2110.85

	Using Machine: 3
		Task 171 -> Machine 3 (Station 2): 65.76
		Vehicle arrival at machine station: 2176.61
		Waiting time until machine travel: 0.0

		Machine travel start time: 2176.61
		Region 1 -> Region 0: 11.05
		Machine arrival at machine station: 2187.6600000000003

		Machine 3 (Station 1)-> Task 0: 64.38
		Vehicle arrival at task: 2252.0400000000004
		Waiting time until service start time: -0.0

	id: 0
		node: 122
		(x, y, z): (70, 70, 0)
		dem: 0
		earl: 0
		lat: 2535
		servt: 0
		pid: 0
		did: 0
		servST: 2252.04
		(h, h_ind): (3, 18)
		load: 0.0


---------------------| MACHINES |---------------------

Machine 0 :
	setup duration: 6.4

	vehicle: 13
	vehicleInd: 3
	(orig, dest): (45, 71)
	(origRegion, destRegion): (1, 0)
	st: 206.49000000000004
	duration: 6.4

	setup duration: 0.0

	vehicle: 13
	vehicleInd: 5
	(orig, dest): (48, 8)
	(origRegion, destRegion): (0, 1)
	st: 348.39000000000004
	duration: 6.4

	setup duration: 0.0

	vehicle: 19
	vehicleInd: 6
	(orig, dest): (4, 32)
	(origRegion, destRegion): (1, 0)
	st: 579.1600000000001
	duration: 6.4

	setup duration: 0.0

	vehicle: 19
	vehicleInd: 7
	(orig, dest): (32, 68)
	(origRegion, destRegion): (0, 1)
	st: 601.2200000000001
	duration: 6.4

	setup duration: 6.4

	vehicle: 38
	vehicleInd: 5
	(orig, dest): (146, 142)
	(origRegion, destRegion): (0, 1)
	st: 707.5699999999999
	duration: 6.4

	setup duration: 0.0

	vehicle: 19
	vehicleInd: 8
	(orig, dest): (68, 44)
	(origRegion, destRegion): (1, 0)
	st: 778.07
	duration: 6.4

	setup duration: 0.0

	vehicle: 19
	vehicleInd: 9
	(orig, dest): (44, 187)
	(origRegion, destRegion): (0, 1)
	st: 849.7900000000001
	duration: 6.4

	setup duration: 6.4

	vehicle: 43
	vehicleInd: 24
	(orig, dest): (127, 22)
	(origRegion, destRegion): (0, 1)
	st: 1482.32
	duration: 6.4


Machine 1 :
	setup duration: 0.0

	vehicle: 13
	vehicleInd: 2
	(orig, dest): (0, 45)
	(origRegion, destRegion): (0, 1)
	st: 109.46000000000004
	duration: 7.62

	setup duration: 7.62

	vehicle: 13
	vehicleInd: 13
	(orig, dest): (103, 104)
	(origRegion, destRegion): (0, 1)
	st: 854.25
	duration: 7.62

	setup duration: 7.62

	vehicle: 22
	vehicleInd: 10
	(orig, dest): (88, 78)
	(origRegion, destRegion): (0, 1)
	st: 869.49
	duration: 7.62

	setup duration: 0.0

	vehicle: 13
	vehicleInd: 16
	(orig, dest): (66, 147)
	(origRegion, destRegion): (1, 0)
	st: 1169.2
	duration: 7.62

	setup duration: 0.0

	vehicle: 22
	vehicleInd: 22
	(orig, dest): (175, 85)
	(origRegion, destRegion): (0, 1)
	st: 1949.7799999999997
	duration: 7.62


Machine 2 :
	setup duration: 0.0

	vehicle: 22
	vehicleInd: 2
	(orig, dest): (0, 100)
	(origRegion, destRegion): (0, 1)
	st: 77.38000000000002
	duration: 9.06

	setup duration: 0.0

	vehicle: 22
	vehicleInd: 24
	(orig, dest): (153, 0)
	(origRegion, destRegion): (1, 0)
	st: 2171.1699999999996
	duration: 9.06


Machine 3 :
	setup duration: 0.0

	vehicle: 19
	vehicleInd: 2
	(orig, dest): (0, 73)
	(origRegion, destRegion): (0, 1)
	st: 244.52999999999997
	duration: 11.05

	setup duration: 0.0

	vehicle: 13
	vehicleInd: 7
	(orig, dest): (21, 92)
	(origRegion, destRegion): (1, 0)
	st: 467.26
	duration: 11.05

	setup duration: 0.0

	vehicle: 6
	vehicleInd: 9
	(orig, dest): (33, 26)
	(origRegion, destRegion): (0, 1)
	st: 528.79
	duration: 11.05

	setup duration: 0.0

	vehicle: 6
	vehicleInd: 12
	(orig, dest): (91, 186)
	(origRegion, destRegion): (1, 0)
	st: 779.06
	duration: 11.05

	setup duration: 11.05

	vehicle: 38
	vehicleInd: 6
	(orig, dest): (142, 0)
	(origRegion, destRegion): (1, 0)
	st: 879.1
	duration: 11.05

	setup duration: 11.05

	vehicle: 22
	vehicleInd: 12
	(orig, dest): (58, 102)
	(origRegion, destRegion): (1, 0)
	st: 1143.54
	duration: 11.05

	setup duration: 11.05

	vehicle: 19
	vehicleInd: 10
	(orig, dest): (187, 9)
	(origRegion, destRegion): (1, 0)
	st: 1177.64
	duration: 11.05

	setup duration: 0.0

	vehicle: 6
	vehicleInd: 13
	(orig, dest): (186, 64)
	(origRegion, destRegion): (0, 1)
	st: 1188.69
	duration: 11.05

	setup duration: 11.05

	vehicle: 13
	vehicleInd: 17
	(orig, dest): (147, 84)
	(origRegion, destRegion): (0, 1)
	st: 1379.0
	duration: 11.05

	setup duration: 11.05

	vehicle: 19
	vehicleInd: 13
	(orig, dest): (138, 82)
	(origRegion, destRegion): (0, 1)
	st: 1455.11
	duration: 11.05

	setup duration: 0.0

	vehicle: 13
	vehicleInd: 18
	(orig, dest): (84, 97)
	(origRegion, destRegion): (1, 0)
	st: 1568.65
	duration: 11.05

	setup duration: 0.0

	vehicle: 22
	vehicleInd: 20
	(orig, dest): (96, 50)
	(origRegion, destRegion): (0, 1)
	st: 1592.52
	duration: 11.05

	setup duration: 0.0

	vehicle: 22
	vehicleInd: 21
	(orig, dest): (50, 175)
	(origRegion, destRegion): (1, 0)
	st: 1713.59
	duration: 11.05

	setup duration: 11.05

	vehicle: 43
	vehicleInd: 27
	(orig, dest): (113, 39)
	(origRegion, destRegion): (1, 0)
	st: 1746.84
	duration: 11.05

	setup duration: 0.0

	vehicle: 43
	vehicleInd: 28
	(orig, dest): (39, 163)
	(origRegion, destRegion): (0, 1)
	st: 1937.61
	duration: 11.05

	setup duration: 0.0

	vehicle: 6
	vehicleInd: 28
	(orig, dest): (154, 72)
	(origRegion, destRegion): (1, 0)
	st: 2058.8999999999996
	duration: 11.05

	setup duration: 11.05

	vehicle: 19
	vehicleInd: 18
	(orig, dest): (87, 0)
	(origRegion, destRegion): (1, 0)
	st: 2094.83
	duration: 11.05

	setup duration: 11.05

	vehicle: 43
	vehicleInd: 32
	(orig, dest): (171, 0)
	(origRegion, destRegion): (1, 0)
	st: 2176.61
	duration: 11.05


Machine 5 :
	setup duration: 10.77

	vehicle: 22
	vehicleInd: 4
	(orig, dest): (79, 6)
	(origRegion, destRegion): (1, 0)
	st: 381.63000000000005
	duration: 10.77


-------------------| COMPL. TIMES |-------------------

Vehicle 0 : 0.0
Vehicle 1 : 0.0
Vehicle 2 : 0.0
Vehicle 3 : 0.0
Vehicle 4 : 0.0
Vehicle 5 : 0.0
Vehicle 6 : 2175.9499999999994
Vehicle 7 : 0.0
Vehicle 8 : 0.0
Vehicle 9 : 0.0
Vehicle 10 : 0.0
Vehicle 11 : 0.0
Vehicle 12 : 0.0
Vehicle 13 : 1894.9499999999998
Vehicle 14 : 0.0
Vehicle 15 : 0.0
Vehicle 16 : 0.0
Vehicle 17 : 0.0
Vehicle 18 : 0.0
Vehicle 19 : 1990.1099999999997
Vehicle 20 : 0.0
Vehicle 21 : 0.0
Vehicle 22 : 2235.91
Vehicle 23 : 0.0
Vehicle 24 : 0.0
Vehicle 25 : 0.0
Vehicle 26 : 0.0
Vehicle 27 : 0.0
Vehicle 28 : 0.0
Vehicle 29 : 0.0
Vehicle 30 : 0.0
Vehicle 31 : 0.0
Vehicle 32 : 0.0
Vehicle 33 : 0.0
Vehicle 34 : 0.0
Vehicle 35 : 0.0
Vehicle 36 : 0.0
Vehicle 37 : 0.0
Vehicle 38 : 470.51000000000005
Vehicle 39 : 0.0
Vehicle 40 : 0.0
Vehicle 41 : 0.0
Vehicle 42 : 0.0
Vehicle 43 : 2159.27
Vehicle 44 : 0.0
Vehicle 45 : 0.0
Vehicle 46 : 0.0
Vehicle 47 : 0.0
Vehicle 48 : 0.0
Vehicle 49 : 0.0
Vehicle 50 : 0.0
Vehicle 51 : 0.0
Vehicle 52 : 0.0
Vehicle 53 : 0.0
Vehicle 54 : 0.0
Vehicle 55 : 0.0
Vehicle 56 : 0.0
Vehicle 57 : 0.0
Vehicle 58 : 0.0
Vehicle 59 : 0.0
-------------------| STATISTICS |-------------------

    Vehicles used                           : 10.0
    Machines used                           : 83.3333
    Max load (vehicles)                     : 100.0
    Min load (vehicles)                     : 77.7778
    Mean load (vehicles)                    : 92.5059
    Min completion time                     : 18.5606
    Max completion time                     : 88.2016
    Mean completion time                    : 71.8389
    Avrg travel time (with vehicle)         : 3.5558
    Avrg travel time (only with vehicle)    : 2.5017
    Avrg travel time (no vehicle)           : 1.0541
    Avrg waiting time (machine travel)      : 0.3197
    Avrg waiting time (service)             : 8.6609
    Machines travel times (with vehicle)    : [2.7771, 2.1041, 0.7148, 11.3333, 0.0, 0.8497]
    Machines travel times (no vehicle)      : [0.7574, 0.6012, 0.0, 3.4872, 0.0, 0.4249]
    Max load per vehicle                    : [0.0, 0.0, 0.0, 0.0, 0.0, 0.0, 98.75, 0.0, 0.0, 0.0, 0.0, 0.0, 0.0, 86.25, 0.0, 0.0, 0.0, 0.0, 0.0, 98.5075, 0.0, 0.0, 93.75, 0.0, 0.0, 0.0, 0.0, 0.0, 0.0, 0.0, 0.0, 0.0, 0.0, 0.0, 0.0, 0.0, 0.0, 0.0, 77.7778, 0.0, 0.0, 0.0, 0.0, 100.0, 0.0, 0.0, 0.0, 0.0, 0.0, 0.0, 0.0, 0.0, 0.0, 0.0, 0.0, 0.0, 0.0, 0.0, 0.0, 0.0]

----------------------------------------------------

TOTAL: 10926.699999999997

Everything is awesome!
