-------------------| STATISTICS |-------------------

Vehicles used                           : 37.5
Machines used                           : 100.0
Max load (vehicles)                     : 91.0256
Min load (vehicles)                     : 6.1538
Mean load (vehicles)                    : 59.094
Min completion time                     : 14.9271
Max completion time                     : 98.1058
Mean completion time                    : 40.4015
Avrg travel time (with vehicle)         : 3.7226
Avrg travel time (only with vehicle)    : 2.4817
Avrg travel time (no vehicle)           : 1.2409
Avrg waiting time (machine travel)      : 2.3526
Avrg waiting time (service)             : 11.9541
Machines travel times (with vehicle)    : [5.4859, 2.7429, 4.7022, 1.9592, 3.1348, 4.3103]
Machines travel times (no vehicle)      : [2.3511, 0.7837, 1.9592, 0.7837, 0.7837, 0.7837]
Max load per vehicle                    : [0.0, 0.0, 0.0, 52.5641, 0.0, 0.0, 67.3077, 0.0, 0.0, 84.6154, 0.0, 0.0, 0.0, 81.5385, 0.0, 0.0, 0.0, 76.9231, 0.0, 0.0, 89.2308, 0.0, 0.0, 0.0, 43.0769, 0.0, 67.9487, 16.6667, 66.6667, 0.0, 6.1538, 0.0, 0.0, 0.0, 0.0, 15.3846, 90.7692, 0.0, 36.5385, 91.0256]

----------------------------------------------------

TOTAL: 7732.849999999999

Everything is awesome!
