Set parameter WLSAccessID
Set parameter WLSSecret
Set parameter LicenseID to value 2661775
Academic license 2661775 - for non-commercial use only - registered to me___@dcc.ufba.br
Loading line 2: methodType heur
Loading line 3: methodCode mslp
Loading line 4: seed 0
Loading line 5: threads 1
Loading line 6: greedy_service_order random
Loading line 7: outputFlagGrbMSLP 0
Loading line 8: mslpa 60000
Loading line 9: mslpr I
Loading line 10: maxtime 3600
Loading line 11: output ./logs/
Loading line 12: printsol 1
Loading line 13: solverMethod A
Instance: lr207_t2_12R_12V_04I_03M

[21:12:41.442] Running Data.readData with file /dados/rmelo/PDPTW-SE/benchmark_multi_island_v5/official_experiments/multistartlp/preliminar/set_01_pt_03/../../../../instances/orig_ams_fg/12R_12V_04I_04M/t2/lr207/
vehicles: Vehicle[Vehicle(0, 26), Vehicle(1, 33), Vehicle(2, 40), Vehicle(3, 26), Vehicle(4, 33), Vehicle(5, 33), Vehicle(6, 26), Vehicle(7, 33), Vehicle(8, 33), Vehicle(9, 26), Vehicle(10, 33), Vehicle(11, 33)]
vehicle_types: Vehicle[Vehicle(0, 26), Vehicle(1, 33), Vehicle(2, 40)]
Machine[Machine(0, Point[Point(33, 34, 0), Point(39, 51, 1), Point(49, 18, 2), Point(15, 50, 3)], 1.0), Machine(1, Point[Point(32, 34, 0), Point(38, 52, 1), Point(50, 19, 2), Point(13, 46, 3)], 1.0), Machine(2, Point[Point(34, 32, 0), Point(37, 53, 1), Point(51, 20, 2), Point(13, 45, 3)], 1.0)]
refs: [1, 2, 3, 4, 5, 6, 7, 9, 10, 11, 12, 13, 14, 24, 8, 15, 19, 22, 16, 20, 17, 23, 21, 25, 18, 1]
V: [1, 2, 3, 4, 5, 6, 7, 8, 9, 10, 11, 12, 13, 14, 15, 16, 17, 18, 19, 20, 21, 22, 23, 24, 25]
V_p: [2, 3, 4, 5, 6, 7, 8, 9, 10, 11, 12, 13]
V_d: [14, 15, 16, 17, 18, 19, 20, 21, 22, 23, 24, 25]
Vprime: [1, 2, 3, 4, 5, 6, 7, 8, 9, 10, 11, 12, 13, 14, 15, 16, 17, 18, 19, 20, 21, 22, 23, 24, 25, 26]
V: [1, 2, 3, 4, 5, 6, 7, 8, 9, 10, 11, 12, 13, 14, 15, 16, 17, 18, 19, 20, 21, 22, 23, 24, 25]
q: [0, 10, 19, 3, 9, 16, 16, 20, 8, 19, 17, 9, 3, -10, -19, -3, -9, -16, -16, -20, -8, -19, -17, -9, -3, 0]
H: [1, 2, 3]
f: [[1, 1, 1], [2, 2, 2], [3, 3, 3], [1, 1, 1], [4, 4, 4], [2, 2, 2], [2, 2, 2], [1, 1, 1], [1, 1, 1], [1, 1, 1], [4, 4, 4], [2, 2, 2], [3, 3, 3], [2, 2, 2], [1, 1, 1], [2, 2, 2], [4, 4, 4], [3, 3, 3], [2, 2, 2], [4, 4, 4], [1, 1, 1], [4, 4, 4], [2, 2, 2], [1, 1, 1], [1, 1, 1], [1, 1, 1]]
1 1 1 -> 0.0
1 2 1 -> 18.03
1 3 1 -> 22.63
1 4 1 -> 24.08
2 1 1 -> 18.03
2 2 1 -> 0.0
2 3 1 -> 34.48
2 4 1 -> 24.02
3 1 1 -> 22.63
3 2 1 -> 34.48
3 3 1 -> 0.0
3 4 1 -> 46.69
4 1 1 -> 24.08
4 2 1 -> 24.02
4 3 1 -> 46.69
4 4 1 -> 0.0
1 1 2 -> 0.0
1 2 2 -> 18.97
1 3 2 -> 23.43
1 4 2 -> 22.47
2 1 2 -> 18.97
2 2 2 -> 0.0
2 3 2 -> 35.11
2 4 2 -> 25.71
3 1 2 -> 23.43
3 2 2 -> 35.11
3 3 2 -> 0.0
3 4 2 -> 45.8
4 1 2 -> 22.47
4 2 2 -> 25.71
4 3 2 -> 45.8
4 4 2 -> 0.0
1 1 3 -> 0.0
1 2 3 -> 21.21
1 3 3 -> 20.81
1 4 3 -> 24.7
2 1 3 -> 21.21
2 2 3 -> 0.0
2 3 3 -> 35.85
2 4 3 -> 25.3
3 1 3 -> 20.81
3 2 3 -> 35.85
3 3 3 -> 0.0
3 4 3 -> 45.49
4 1 3 -> 24.7
4 2 3 -> 25.3
4 3 3 -> 45.49
4 4 3 -> 0.0
o: (1, 2, 3) => 21.21
o: (3, 1, 3) => 20.81
o: (3, 2, 3) => 35.85
o: (2, 1, 1) => 18.03
o: (1, 3, 2) => 23.43
o: (1, 4, 2) => 22.47
o: (2, 2, 1) => 0.0
o: (3, 3, 2) => 0.0
o: (3, 4, 2) => 45.8
o: (4, 3, 3) => 45.49
o: (4, 4, 3) => 0.0
o: (1, 3, 1) => 22.63
o: (1, 1, 2) => 0.0
o: (1, 4, 1) => 24.08
o: (3, 3, 1) => 0.0
o: (1, 2, 2) => 18.97
o: (3, 1, 2) => 23.43
o: (3, 4, 1) => 46.69
o: (4, 1, 3) => 24.7
o: (3, 2, 2) => 35.11
o: (4, 2, 3) => 25.3
o: (1, 1, 1) => 0.0
o: (2, 3, 3) => 35.85
o: (2, 4, 3) => 25.3
o: (4, 3, 2) => 45.8
o: (1, 2, 1) => 18.03
o: (3, 1, 1) => 22.63
o: (4, 4, 2) => 0.0
o: (3, 2, 1) => 34.48
o: (2, 1, 3) => 21.21
o: (4, 3, 1) => 46.69
o: (4, 1, 2) => 22.47
o: (4, 4, 1) => 0.0
o: (2, 2, 3) => 0.0
o: (4, 2, 2) => 25.71
o: (2, 3, 2) => 35.11
o: (2, 4, 2) => 25.71
o: (1, 3, 3) => 20.81
o: (1, 4, 3) => 24.7
o: (4, 1, 1) => 24.08
o: (3, 3, 3) => 0.0
o: (3, 4, 3) => 45.49
o: (4, 2, 1) => 24.02
o: (2, 3, 1) => 34.48
o: (2, 1, 2) => 18.97
o: (2, 4, 1) => 24.02
o: (1, 1, 3) => 0.0
o: (2, 2, 2) => 0.0

[61, 1102, 1092, 1052, 1042, 1088, 1095, 48]
JOBS in the order of refs (Vprime)
Node 1: Job(0, Point(35, 35, 0), 0, 0, 1000, 0, 0, 0)
Node 2: Job(1, Point(41, 49, 1), 10, 0, 974, 10, 0, 90)
Node 3: Job(4, Point(55, 20, 2), 19, 620, 860, 10, 0, 13)
Node 4: Job(6, Point(25, 30, 0), 3, 345, 585, 10, 0, 32)
Node 5: Job(8, Point(10, 43, 3), 9, 323, 563, 10, 0, 47)
Node 6: Job(9, Point(55, 60, 1), 16, 329, 569, 10, 0, 72)
Node 7: Job(10, Point(30, 60, 1), 16, 485, 725, 10, 0, 35)
Node 8: Job(14, Point(15, 10, 0), 20, 0, 957, 10, 0, 49)
Node 9: Job(15, Point(30, 5, 0), 8, 118, 358, 10, 0, 38)
Node 10: Job(16, Point(10, 20, 0), 19, 0, 960, 10, 0, 82)
Node 11: Job(19, Point(15, 60, 3), 17, 0, 957, 10, 0, 66)
Node 12: Job(20, Point(45, 65, 1), 9, 0, 958, 10, 0, 93)
Node 13: Job(24, Point(65, 35, 2), 3, 0, 960, 10, 0, 44)
Node 14: Job(90, Point(31, 67, 1), -10, 0, 957, 10, 1, 0)
Node 15: Job(13, Point(30, 25, 0), -19, 639, 879, 10, 4, 0)
Node 16: Job(32, Point(35, 69, 1), -3, 0, 956, 10, 6, 0)
Node 17: Job(47, Point(8, 56, 3), -9, 0, 955, 10, 8, 0)
Node 18: Job(72, Point(47, 16, 2), -16, 0, 967, 10, 9, 0)
Node 19: Job(35, Point(63, 65, 1), -16, 630, 870, 10, 10, 0)
Node 20: Job(49, Point(6, 68, 3), -20, 401, 641, 10, 14, 0)
Node 21: Job(38, Point(5, 5, 0), -8, 234, 474, 10, 15, 0)
Node 22: Job(82, Point(15, 47, 3), -19, 0, 966, 10, 16, 0)
Node 23: Job(66, Point(49, 73, 1), -17, 523, 763, 10, 19, 0)
Node 24: Job(93, Point(18, 24, 0), -9, 729, 969, 10, 20, 0)
Node 25: Job(44, Point(11, 14, 0), -3, 167, 407, 10, 24, 0)
Node 26: Job(0, Point(35, 35, 0), 0, 0, 1000, 0, 0, 0)

### Preprocessing Data ###
	-> arcs: 676 (100.0%)
	-> arc_removals: 208 (30.77%)
	-> arc_removals_is_loop: 26 (3.85%)
	-> arc_removals_is_delivery_to_pickup: 14 (2.07%)
	-> arc_removals_is_depot_begin_to_delivery: 12 (1.78%)
	-> arc_removals_is_pickup_to_depot_end: 12 (1.78%)
	-> arc_removals_is_dest_depot_begin: 24 (3.55%)
	-> arc_removals_is_orig_depot_end: 23 (3.4%)
	-> arc_removals_is_capacity_violated: 0 (0.0%)
	-> arc_removals_is_time_window_limited: 71 (10.5%)
	-> arc_removals_is_time_window_pairing_limited: 21 (3.11%)
	-> arc_removals_is_indirect_request_service_impossible: 5 (0.74%)
	-> gamma_vars: 0 (0%)
	-> feas_gamma_vars: 0 (0%)
	-> infeas_gamma_vars_is_next_mtrv_unreachable: 0 (0%)
	-> infeas_gamma_vars_is_iprime_jprime_eq_i_j: 0 (0%)
	-> machine_removal_for_an_arc: 0 (0.0%)
##########################

[21:12:51.337] Print configuration
------------------------------------------------------
"
[21:12:51.338] Running Multi Start Heuristic"
> Experiment started at 2025-10-08T21:12:51.338
> Instance: lr207_t2_12R_12V_04I_03M
> Algorithm Parameters:


	>Stop params:
		>  - rule ITERATIONS
		>  - argument 60000.0
		>  - maximum_time 3600

	>General params:
		>  - instPath /dados/rmelo/PDPTW-SE/benchmark_multi_island_v5/official_experiments/multistartlp/preliminar/set_01_pt_03/../../../../instances/orig_ams_fg/12R_12V_04I_04M/t2/lr207/
		>  - name lr207
		>  - type t2
		>  - group 12R_12V_04I_03M
		>  - fullname lr207_t2_12R_12V_04I_03M
		>  - methodType heur
		>  - methodCode mslp
		>  - genconfigfile /dados/rmelo/PDPTW-SE/benchmark_multi_island_v5/official_experiments/multistartlp/preliminar/set_01_pt_03/configs/genconfig_mslp.conf
		>  - genconfigfilename genconfig_mslp
		>  - greedy_service_order random
		>  - cutoff 0
		>  - cutoffmachs 3
		>  - num_machs 0
		>  - solver Gurobi
		>  - maxtime 3600
		>  - gurobiCuts 1
		>  - typeUserCut 0
		>  - mipPresolve -1
		>  - printsol 1
		>  - maxnodes -1
		>  - elevator 0
		>  - make_instance_feasible false
		>  - output /dados/rmelo/PDPTW-SE/benchmark_multi_island_v5/official_experiments/multistartlp/preliminar/set_01_pt_03/logs
		>  - suff_outputs _seed_59_alpha_10p
		>  - suff_csv _bash_2
		>  - epsilon 0.005
		>  - epsilonCap 0.5
		>  - warmStart false
		>  - seed 59
		>  - rng Random.MersenneTwister(59)
		>  - alpha 0.1
		>  - maxiter 1000000
		>  - outputFlagGrbMIP 0
		>  - outputFlagGrbMSLP 0
		>  - outputFlagGrbLMNS 0
		>  - mslpr I
		>  - mslpa 60000
		>  - lmnsr M
		>  - lmnsa 60
		>  - lmnsRepairTime 30.0
		>  - lmnsMIPFocus 0
		>  - lmnsGapToBiggerDestruction 50
		>  - lmnsGapToSmallerDestruction 95
		>  - lmnsWeightShawDistProx 1.0
		>  - lmnsWeightShawEarlProx 1.0
		>  - lmnsWeightShawSameRoute 1.0
		>  - lmnsWeightShawDemandSim 1.0
		>  - lmnsReqRApplyMIPStart true
		>  - lmnsAcceptanceCriteria H
		>  - lmnsMetropolisTemp 100.0
		>  - lmnsSimulatedAnnealingTemp 100.0
		>  - lmnsSimulatedAnnealingCool 0.95
		>  - mipmaxtime 3600
		>  - csvfilename /dados/rmelo/PDPTW-SE/benchmark_multi_island_v5/official_experiments/multistartlp/preliminar/set_01_pt_03/logs/heur_mslp/outputs/csvresults_heur_mslp_bash_2.csv
		>  - solfilename /dados/rmelo/PDPTW-SE/benchmark_multi_island_v5/official_experiments/multistartlp/preliminar/set_01_pt_03/logs/heur_mslp/solutions/12R_12V_04I_03M/lr207_sol_genconfig_mslp_seed_59_alpha_10p.txt
		>  - timelineFilename /dados/rmelo/PDPTW-SE/benchmark_multi_island_v5/official_experiments/multistartlp/preliminar/set_01_pt_03/logs/heur_mslp/timelines/12R_12V_04I_03M/lr207_timeline_genconfig_mslp_seed_59_alpha_10p.txt
		>  - grbFilename /dados/rmelo/PDPTW-SE/benchmark_multi_island_v5/official_experiments/multistartlp/preliminar/set_01_pt_03/logs/heur_mslp/gurobi/12R_12V_04I_03M/lr207_grb_genconfig_mslp_seed_59_alpha_10p.log
		>  - threads 1
		>  - solverMethod AUTOMATIC

------------------------------------------------------

[21:12:51.442] Starting running MSLP
objValue;greedysol;iteration;time
1259.95;1448.78;1;0.005388
1074.59;1261.30;3;0.292393
1012.43;1096.35;79;0.699009
997.31;1313.51;348;2.003431
977.58;977.58;425;2.377160
943.30;986.41;1310;6.664311
896.45;896.45;3676;18.131410
896.43;996.37;24173;117.416679
889.26;889.26;51687;252.292357

[21:18:18.453] Finished running MSLP
System CPU time: 27.75 seconds

[21:18:18.532] Post running MSLP
Best solution value: 889.26
Total time elapsed: 292.673409
Time to best: 252.292357
Iterations: 60000
Iterations to best: 51687
Improvements: 9
Infeasible solutions percentage: (0 / 60000) = 0.0000 %
(LP improvements)/(LP runs) = 59917/60000 = 99.8617 %
Mean LP improvement percentage: 13.7758 %
[21:18:18.777] Writing results to CSV file: /dados/rmelo/PDPTW-SE/benchmark_multi_island_v5/official_experiments/multistartlp/preliminar/set_01_pt_03/logs/heur_mslp/outputs/csvresults_heur_mslp_bash_2.csv

[21:18:20.794] Saving solution to file:/dados/rmelo/PDPTW-SE/benchmark_multi_island_v5/official_experiments/multistartlp/preliminar/set_01_pt_03/logs/heur_mslp/solutions/12R_12V_04I_03M/lr207_sol_genconfig_mslp_seed_59_alpha_10p.txt

[21:18:20.794] Saving solution timeline to file: /dados/rmelo/PDPTW-SE/benchmark_multi_island_v5/official_experiments/multistartlp/preliminar/set_01_pt_03/logs/heur_mslp/timelines/12R_12V_04I_03M/lr207_timeline_genconfig_mslp_seed_59_alpha_10p.txt
---------------------| VEHICLES |---------------------

Vehicle 2 :
	id: 0
		node: 1
		(x, y, z): (35, 35, 0)
		dem: 0
		earl: 0
		lat: 1000
		servt: 0
		pid: 0
		did: 0
		servST: 0.0
		(h, h_ind): (-1, 0)
		load: 0.0

	Finished service at time: 0.0

	Using Machine: 0
		Task 0 -> Machine 0 (Station 1): 2.24
		Vehicle arrival at machine station: 2.24
		Waiting time until machine travel: 0.0

		Machine travel start time: 2.24
		Region 0 -> Region 1: 18.03
		Machine arrival at machine station: 20.270000000000003

		Machine 0 (Station 2)-> Task 1: 2.83
		Vehicle arrival at task: 23.1
		Waiting time until service start time: 0.0

	id: 1
		node: 2
		(x, y, z): (41, 49, 1)
		dem: 10
		earl: 0
		lat: 974
		servt: 10
		pid: 0
		did: 90
		servST: 23.1
		(h, h_ind): (0, 1)
		load: 10.0

	Finished service at time: 33.1

	Task 1 -> Task 90: 20.59
	Vehicle arrival at task: 53.69
	Waiting time until service start time: 0.0

	id: 90
		node: 14
		(x, y, z): (31, 67, 1)
		dem: -10
		earl: 0
		lat: 957
		servt: 10
		pid: 1
		did: 0
		servST: 53.69
		(h, h_ind): (-1, 0)
		load: 0.0

	Finished service at time: 63.69

	Using Machine: 2
		Task 90 -> Machine 2 (Station 2): 15.23
		Vehicle arrival at machine station: 78.92
		Waiting time until machine travel: 0.0

		Machine travel start time: 78.92
		Region 1 -> Region 2: 35.85
		Machine arrival at machine station: 114.77000000000001

		Machine 2 (Station 3)-> Task 24: 20.52
		Vehicle arrival at task: 135.29000000000002
		Waiting time until service start time: 0.0

	id: 24
		node: 13
		(x, y, z): (65, 35, 2)
		dem: 3
		earl: 0
		lat: 960
		servt: 10
		pid: 0
		did: 44
		servST: 135.29000000000002
		(h, h_ind): (2, 1)
		load: 3.0

	Finished service at time: 145.29000000000002

	Using Machine: 2
		Task 24 -> Machine 2 (Station 3): 20.52
		Vehicle arrival at machine station: 165.81000000000003
		Waiting time until machine travel: 0.0

		Machine travel start time: 165.81000000000003
		Region 2 -> Region 0: 20.81
		Machine arrival at machine station: 186.62000000000003

		Machine 2 (Station 1)-> Task 15: 27.29
		Vehicle arrival at task: 213.91000000000003
		Waiting time until service start time: 0.0

	id: 15
		node: 9
		(x, y, z): (30, 5, 0)
		dem: 8
		earl: 118
		lat: 358
		servt: 10
		pid: 0
		did: 38
		servST: 213.91000000000003
		(h, h_ind): (2, 2)
		load: 11.0

	Finished service at time: 223.91000000000003

	Task 15 -> Task 38: 25.0
	Vehicle arrival at task: 248.91000000000003
	Waiting time until service start time: 0.0

	id: 38
		node: 21
		(x, y, z): (5, 5, 0)
		dem: -8
		earl: 234
		lat: 474
		servt: 10
		pid: 15
		did: 0
		servST: 248.91000000000003
		(h, h_ind): (-1, 0)
		load: 3.0

	Finished service at time: 258.91

	Task 38 -> Task 16: 15.81
	Vehicle arrival at task: 274.72
	Waiting time until service start time: 0.0

	id: 16
		node: 10
		(x, y, z): (10, 20, 0)
		dem: 19
		earl: 0
		lat: 960
		servt: 10
		pid: 0
		did: 82
		servST: 274.72
		(h, h_ind): (-1, 0)
		load: 22.0

	Finished service at time: 284.72

	Task 16 -> Task 44: 6.08
	Vehicle arrival at task: 290.8
	Waiting time until service start time: 0.0

	id: 44
		node: 25
		(x, y, z): (11, 14, 0)
		dem: -3
		earl: 167
		lat: 407
		servt: 10
		pid: 24
		did: 0
		servST: 290.8
		(h, h_ind): (-1, 0)
		load: 19.0

	Finished service at time: 300.8

	Task 44 -> Task 14: 5.66
	Vehicle arrival at task: 306.46000000000004
	Waiting time until service start time: 0.0

	id: 14
		node: 8
		(x, y, z): (15, 10, 0)
		dem: 20
		earl: 0
		lat: 957
		servt: 10
		pid: 0
		did: 49
		servST: 306.46000000000004
		(h, h_ind): (-1, 0)
		load: 39.0

	Finished service at time: 316.46000000000004

	Using Machine: 1
		Task 14 -> Machine 1 (Station 1): 29.41
		Vehicle arrival at machine station: 345.87000000000006
		Waiting time until machine travel: 0.0

		Machine travel start time: 345.87000000000006
		Region 0 -> Region 3: 22.47
		Machine arrival at machine station: 368.34000000000003

		Machine 1 (Station 4)-> Task 82: 2.24
		Vehicle arrival at task: 370.58000000000004
		Waiting time until service start time: 0.0

	id: 82
		node: 22
		(x, y, z): (15, 47, 3)
		dem: -19
		earl: 0
		lat: 966
		servt: 10
		pid: 16
		did: 0
		servST: 370.58000000000004
		(h, h_ind): (1, 1)
		load: 20.0

	Finished service at time: 380.58000000000004

	Task 82 -> Task 8: 6.4
	Vehicle arrival at task: 386.98
	Waiting time until service start time: 0.0

	id: 8
		node: 5
		(x, y, z): (10, 43, 3)
		dem: 9
		earl: 323
		lat: 563
		servt: 10
		pid: 0
		did: 47
		servST: 386.98
		(h, h_ind): (-1, 0)
		load: 29.0

	Finished service at time: 396.98

	Task 8 -> Task 47: 13.15
	Vehicle arrival at task: 410.13
	Waiting time until service start time: 0.0

	id: 47
		node: 17
		(x, y, z): (8, 56, 3)
		dem: -9
		earl: 0
		lat: 955
		servt: 10
		pid: 8
		did: 0
		servST: 410.13
		(h, h_ind): (-1, 0)
		load: 20.0

	Finished service at time: 420.13

	Task 47 -> Task 19: 8.06
	Vehicle arrival at task: 428.19
	Waiting time until service start time: 0.0

	id: 19
		node: 11
		(x, y, z): (15, 60, 3)
		dem: 17
		earl: 0
		lat: 957
		servt: 10
		pid: 0
		did: 66
		servST: 428.19
		(h, h_ind): (-1, 0)
		load: 37.0

	Finished service at time: 438.19

	Task 19 -> Task 49: 12.04
	Vehicle arrival at task: 450.23
	Waiting time until service start time: 0.0

	id: 49
		node: 20
		(x, y, z): (6, 68, 3)
		dem: -20
		earl: 401
		lat: 641
		servt: 10
		pid: 14
		did: 0
		servST: 450.23
		(h, h_ind): (-1, 0)
		load: 17.0

	Finished service at time: 460.23

	Using Machine: 0
		Task 49 -> Machine 0 (Station 4): 20.12
		Vehicle arrival at machine station: 480.35
		Waiting time until machine travel: 0.0

		Machine travel start time: 480.35
		Region 3 -> Region 0: 24.08
		Machine arrival at machine station: 504.43

		Machine 0 (Station 1)-> Task 6: 8.94
		Vehicle arrival at task: 513.37
		Waiting time until service start time: 0.0

	id: 6
		node: 4
		(x, y, z): (25, 30, 0)
		dem: 3
		earl: 345
		lat: 585
		servt: 10
		pid: 0
		did: 32
		servST: 513.37
		(h, h_ind): (0, 2)
		load: 20.0

	Finished service at time: 523.37

	Using Machine: 0
		Task 6 -> Machine 0 (Station 1): 8.94
		Vehicle arrival at machine station: 532.3100000000001
		Waiting time until machine travel: 0.0

		Machine travel start time: 532.3100000000001
		Region 0 -> Region 1: 18.03
		Machine arrival at machine station: 550.34

		Machine 0 (Station 2)-> Task 9: 18.36
		Vehicle arrival at task: 568.7
		Waiting time until service start time: 0.0

	id: 9
		node: 6
		(x, y, z): (55, 60, 1)
		dem: 16
		earl: 329
		lat: 569
		servt: 10
		pid: 0
		did: 72
		servST: 568.7
		(h, h_ind): (0, 3)
		load: 36.0

	Finished service at time: 578.7

	Task 9 -> Task 66: 14.32
	Vehicle arrival at task: 593.0200000000001
	Waiting time until service start time: 0.0

	id: 66
		node: 23
		(x, y, z): (49, 73, 1)
		dem: -17
		earl: 523
		lat: 763
		servt: 10
		pid: 19
		did: 0
		servST: 593.0200000000001
		(h, h_ind): (-1, 0)
		load: 19.0

	Finished service at time: 603.0200000000001

	Task 66 -> Task 10: 23.02
	Vehicle arrival at task: 626.0400000000001
	Waiting time until service start time: 0.0

	id: 10
		node: 7
		(x, y, z): (30, 60, 1)
		dem: 16
		earl: 485
		lat: 725
		servt: 10
		pid: 0
		did: 35
		servST: 626.0400000000001
		(h, h_ind): (-1, 0)
		load: 35.0

	Finished service at time: 636.0400000000001

	Task 10 -> Task 32: 10.3
	Vehicle arrival at task: 646.34
	Waiting time until service start time: 0.0

	id: 32
		node: 16
		(x, y, z): (35, 69, 1)
		dem: -3
		earl: 0
		lat: 956
		servt: 10
		pid: 6
		did: 0
		servST: 646.34
		(h, h_ind): (-1, 0)
		load: 32.0

	Finished service at time: 656.34

	Task 32 -> Task 35: 28.28
	Vehicle arrival at task: 684.62
	Waiting time until service start time: 0.0

	id: 35
		node: 19
		(x, y, z): (63, 65, 1)
		dem: -16
		earl: 630
		lat: 870
		servt: 10
		pid: 10
		did: 0
		servST: 684.62
		(h, h_ind): (-1, 0)
		load: 16.0

	Finished service at time: 694.62

	Task 35 -> Task 20: 18.0
	Vehicle arrival at task: 712.62
	Waiting time until service start time: 0.0

	id: 20
		node: 12
		(x, y, z): (45, 65, 1)
		dem: 9
		earl: 0
		lat: 958
		servt: 10
		pid: 0
		did: 93
		servST: 712.62
		(h, h_ind): (-1, 0)
		load: 25.0

	Finished service at time: 722.62

	Using Machine: 0
		Task 20 -> Machine 0 (Station 2): 15.23
		Vehicle arrival at machine station: 737.85
		Waiting time until machine travel: 0.0

		Machine travel start time: 737.85
		Region 1 -> Region 2: 34.48
		Machine arrival at machine station: 772.33

		Machine 0 (Station 3)-> Task 72: 2.83
		Vehicle arrival at task: 775.1600000000001
		Waiting time until service start time: 0.0

	id: 72
		node: 18
		(x, y, z): (47, 16, 2)
		dem: -16
		earl: 0
		lat: 967
		servt: 10
		pid: 9
		did: 0
		servST: 775.1600000000001
		(h, h_ind): (0, 4)
		load: 9.0

	Finished service at time: 785.1600000000001

	Task 72 -> Task 4: 8.94
	Vehicle arrival at task: 794.1000000000001
	Waiting time until service start time: 0.0

	id: 4
		node: 3
		(x, y, z): (55, 20, 2)
		dem: 19
		earl: 620
		lat: 860
		servt: 10
		pid: 0
		did: 13
		servST: 794.1000000000001
		(h, h_ind): (-1, 0)
		load: 28.0

	Finished service at time: 804.1000000000001

	Using Machine: 2
		Task 4 -> Machine 2 (Station 3): 4.0
		Vehicle arrival at machine station: 808.1000000000001
		Waiting time until machine travel: 0.0

		Machine travel start time: 808.1000000000001
		Region 2 -> Region 0: 20.81
		Machine arrival at machine station: 828.9100000000001

		Machine 2 (Station 1)-> Task 13: 8.06
		Vehicle arrival at task: 836.97
		Waiting time until service start time: 0.0

	id: 13
		node: 15
		(x, y, z): (30, 25, 0)
		dem: -19
		earl: 639
		lat: 879
		servt: 10
		pid: 4
		did: 0
		servST: 836.97
		(h, h_ind): (2, 3)
		load: 9.0

	Finished service at time: 846.97

	Task 13 -> Task 93: 12.04
	Vehicle arrival at task: 859.01
	Waiting time until service start time: 0.0

	id: 93
		node: 24
		(x, y, z): (18, 24, 0)
		dem: -9
		earl: 729
		lat: 969
		servt: 10
		pid: 20
		did: 0
		servST: 859.01
		(h, h_ind): (-1, 0)
		load: 0.0

	Finished service at time: 869.01

	Task 93 -> Task 0: 20.25
	Vehicle arrival at task: 889.26
	Waiting time until service start time: 0.0

	id: 0
		node: 26
		(x, y, z): (35, 35, 0)
		dem: 0
		earl: 0
		lat: 1000
		servt: 0
		pid: 0
		did: 0
		servST: 889.26
		(h, h_ind): (-1, 0)
		load: 0.0


---------------------| MACHINES |---------------------

Machine 0 :
	setup duration: 0.0

	vehicle: 2
	vehicleInd: 2
	(orig, dest): (0, 1)
	(origRegion, destRegion): (0, 1)
	st: 2.24
	duration: 18.03

	setup duration: 24.02

	vehicle: 2
	vehicleInd: 15
	(orig, dest): (49, 6)
	(origRegion, destRegion): (3, 0)
	st: 480.35
	duration: 24.08

	setup duration: 0.0

	vehicle: 2
	vehicleInd: 16
	(orig, dest): (6, 9)
	(origRegion, destRegion): (0, 1)
	st: 532.3100000000001
	duration: 18.03

	setup duration: 0.0

	vehicle: 2
	vehicleInd: 22
	(orig, dest): (20, 72)
	(origRegion, destRegion): (1, 2)
	st: 737.85
	duration: 34.48


Machine 1 :
	setup duration: 0.0

	vehicle: 2
	vehicleInd: 10
	(orig, dest): (14, 82)
	(origRegion, destRegion): (0, 3)
	st: 345.87000000000006
	duration: 22.47


Machine 2 :
	setup duration: 21.21

	vehicle: 2
	vehicleInd: 4
	(orig, dest): (90, 24)
	(origRegion, destRegion): (1, 2)
	st: 78.92
	duration: 35.85

	setup duration: 0.0

	vehicle: 2
	vehicleInd: 5
	(orig, dest): (24, 15)
	(origRegion, destRegion): (2, 0)
	st: 165.81000000000003
	duration: 20.81

	setup duration: 20.81

	vehicle: 2
	vehicleInd: 24
	(orig, dest): (4, 13)
	(origRegion, destRegion): (2, 0)
	st: 808.1000000000001
	duration: 20.81


-------------------| COMPL. TIMES |-------------------

Vehicle 0 : 0.0
Vehicle 1 : 0.0
Vehicle 2 : 889.26
Vehicle 3 : 0.0
Vehicle 4 : 0.0
Vehicle 5 : 0.0
Vehicle 6 : 0.0
Vehicle 7 : 0.0
Vehicle 8 : 0.0
Vehicle 9 : 0.0
Vehicle 10 : 0.0
Vehicle 11 : 0.0
-------------------| STATISTICS |-------------------

    Vehicles used                           : 8.3333
    Machines used                           : 100.0
    Max load (vehicles)                     : 97.5
    Min load (vehicles)                     : 97.5
    Mean load (vehicles)                    : 97.5
    Min completion time                     : 88.926
    Max completion time                     : 88.926
    Mean completion time                    : 88.926
    Avrg travel time (with vehicle)         : 8.6867
    Avrg travel time (only with vehicle)    : 6.4853
    Avrg travel time (no vehicle)           : 2.2013
    Avrg waiting time (machine travel)      : 0.0
    Avrg waiting time (service)             : 0.0
    Machines travel times (with vehicle)    : [11.864, 2.247, 11.949]
    Machines travel times (no vehicle)      : [2.402, 0.0, 4.202]
    Max load per vehicle                    : [0.0, 0.0, 97.5, 0.0, 0.0, 0.0, 0.0, 0.0, 0.0, 0.0, 0.0, 0.0]

----------------------------------------------------

TOTAL: 889.26

Everything is awesome!
