Set parameter WLSAccessID
Set parameter WLSSecret
Set parameter LicenseID to value 2661775
Academic license 2661775 - for non-commercial use only - registered to me___@dcc.ufba.br
Loading line 2: methodType heur
Loading line 3: methodCode mslp
Loading line 4: seed 0
Loading line 5: threads 1
Loading line 6: greedy_service_order random
Loading line 7: outputFlagGrbMSLP 0
Loading line 8: mslpa 60000
Loading line 9: mslpr I
Loading line 10: maxtime 3600
Loading line 11: output ./logs/
Loading line 12: printsol 1
Loading line 13: solverMethod A
Loading line 14: alpha 0.05 # selected from preliminary experiments
Instance: lr205_t2_12R_12V_04F_04M

[10:15:53.484] Running Data.readData with file /dados/rmelo/PDPTW-SE/benchmark_multi_floor_v3/official_experiments/multistartlp/official/set_01_pt_01/../../../../instances/orig_ams_fg/12R_12V_04F_04M/t2/lr205/
vehicles: Vehicle[Vehicle(0, 38), Vehicle(1, 58), Vehicle(2, 58), Vehicle(3, 48), Vehicle(4, 58), Vehicle(5, 58), Vehicle(6, 48), Vehicle(7, 38), Vehicle(8, 48), Vehicle(9, 58), Vehicle(10, 38), Vehicle(11, 38)]
vehicle_types: Vehicle[Vehicle(0, 38), Vehicle(3, 48), Vehicle(1, 58)]
Machine[Machine(0, Point[Point(35, 39, 0), Point(35, 39, 1), Point(35, 39, 2), Point(35, 39, 3)], 0.2), Machine(1, Point[Point(37, 39, 0), Point(37, 39, 1), Point(37, 39, 2), Point(37, 39, 3)], 0.2), Machine(2, Point[Point(33, 39, 0), Point(33, 39, 1), Point(33, 39, 2), Point(33, 39, 3)], 0.2), Machine(3, Point[Point(39, 39, 0), Point(39, 39, 1), Point(39, 39, 2), Point(39, 39, 3)], 0.2)]
refs: [1, 2, 3, 4, 5, 8, 9, 10, 11, 14, 15, 16, 18, 20, 21, 17, 25, 13, 19, 23, 12, 24, 7, 22, 6, 1]
V: [1, 2, 3, 4, 5, 6, 7, 8, 9, 10, 11, 12, 13, 14, 15, 16, 17, 18, 19, 20, 21, 22, 23, 24, 25]
V_p: [2, 3, 4, 5, 6, 7, 8, 9, 10, 11, 12, 13]
V_d: [14, 15, 16, 17, 18, 19, 20, 21, 22, 23, 24, 25]
Vprime: [1, 2, 3, 4, 5, 6, 7, 8, 9, 10, 11, 12, 13, 14, 15, 16, 17, 18, 19, 20, 21, 22, 23, 24, 25, 26]
V: [1, 2, 3, 4, 5, 6, 7, 8, 9, 10, 11, 12, 13, 14, 15, 16, 17, 18, 19, 20, 21, 22, 23, 24, 25]
q: [0, 13, 26, 3, 5, 16, 12, 19, 20, 12, 9, 11, 29, -13, -26, -3, -5, -16, -12, -19, -20, -12, -9, -11, -29, 0]
H: [1, 2, 3, 4]
f: [[1, 1, 1, 1], [1, 1, 1, 1], [4, 4, 4, 4], [2, 2, 2, 2], [3, 3, 3, 3], [1, 1, 1, 1], [3, 3, 3, 3], [3, 3, 3, 3], [4, 4, 4, 4], [4, 4, 4, 4], [3, 3, 3, 3], [4, 4, 4, 4], [2, 2, 2, 2], [2, 2, 2, 2], [3, 3, 3, 3], [2, 2, 2, 2], [1, 1, 1, 1], [3, 3, 3, 3], [3, 3, 3, 3], [2, 2, 2, 2], [4, 4, 4, 4], [2, 2, 2, 2], [2, 2, 2, 2], [2, 2, 2, 2], [2, 2, 2, 2], [1, 1, 1, 1]]
1 1 1 -> 0.0
1 2 1 -> 5.0
1 3 1 -> 10.0
1 4 1 -> 15.0
2 1 1 -> 5.0
2 2 1 -> 0.0
2 3 1 -> 5.0
2 4 1 -> 10.0
3 1 1 -> 10.0
3 2 1 -> 5.0
3 3 1 -> 0.0
3 4 1 -> 5.0
4 1 1 -> 15.0
4 2 1 -> 10.0
4 3 1 -> 5.0
4 4 1 -> 0.0
1 1 2 -> 0.0
1 2 2 -> 5.0
1 3 2 -> 10.0
1 4 2 -> 15.0
2 1 2 -> 5.0
2 2 2 -> 0.0
2 3 2 -> 5.0
2 4 2 -> 10.0
3 1 2 -> 10.0
3 2 2 -> 5.0
3 3 2 -> 0.0
3 4 2 -> 5.0
4 1 2 -> 15.0
4 2 2 -> 10.0
4 3 2 -> 5.0
4 4 2 -> 0.0
1 1 3 -> 0.0
1 2 3 -> 5.0
1 3 3 -> 10.0
1 4 3 -> 15.0
2 1 3 -> 5.0
2 2 3 -> 0.0
2 3 3 -> 5.0
2 4 3 -> 10.0
3 1 3 -> 10.0
3 2 3 -> 5.0
3 3 3 -> 0.0
3 4 3 -> 5.0
4 1 3 -> 15.0
4 2 3 -> 10.0
4 3 3 -> 5.0
4 4 3 -> 0.0
1 1 4 -> 0.0
1 2 4 -> 5.0
1 3 4 -> 10.0
1 4 4 -> 15.0
2 1 4 -> 5.0
2 2 4 -> 0.0
2 3 4 -> 5.0
2 4 4 -> 10.0
3 1 4 -> 10.0
3 2 4 -> 5.0
3 3 4 -> 0.0
3 4 4 -> 5.0
4 1 4 -> 15.0
4 2 4 -> 10.0
4 3 4 -> 5.0
4 4 4 -> 0.0
o: (1, 2, 3) => 5.0
o: (3, 1, 3) => 10.0
o: (3, 2, 4) => 5.0
o: (3, 2, 3) => 5.0
o: (2, 1, 1) => 5.0
o: (1, 3, 2) => 10.0
o: (1, 4, 2) => 15.0
o: (4, 3, 4) => 5.0
o: (2, 2, 1) => 0.0
o: (4, 4, 4) => 0.0
o: (3, 3, 2) => 0.0
o: (3, 4, 2) => 5.0
o: (4, 3, 3) => 5.0
o: (4, 4, 3) => 0.0
o: (1, 3, 1) => 10.0
o: (1, 1, 2) => 0.0
o: (1, 4, 1) => 15.0
o: (4, 1, 4) => 15.0
o: (3, 3, 1) => 0.0
o: (1, 2, 2) => 5.0
o: (3, 1, 2) => 10.0
o: (3, 4, 1) => 5.0
o: (4, 1, 3) => 15.0
o: (4, 2, 4) => 10.0
o: (3, 2, 2) => 5.0
o: (2, 3, 4) => 5.0
o: (4, 2, 3) => 10.0
o: (2, 4, 4) => 10.0
o: (1, 1, 1) => 0.0
o: (2, 3, 3) => 5.0
o: (2, 4, 3) => 10.0
o: (4, 3, 2) => 5.0
o: (1, 2, 1) => 5.0
o: (3, 1, 1) => 10.0
o: (4, 4, 2) => 0.0
o: (3, 2, 1) => 5.0
o: (2, 1, 4) => 5.0
o: (2, 1, 3) => 5.0
o: (2, 2, 4) => 0.0
o: (4, 3, 1) => 5.0
o: (4, 1, 2) => 15.0
o: (4, 4, 1) => 0.0
o: (2, 2, 3) => 0.0
o: (4, 2, 2) => 10.0
o: (1, 3, 4) => 10.0
o: (2, 3, 2) => 5.0
o: (1, 4, 4) => 15.0
o: (2, 4, 2) => 10.0
o: (1, 3, 3) => 10.0
o: (3, 3, 4) => 0.0
o: (1, 4, 3) => 15.0
o: (3, 4, 4) => 5.0
o: (4, 1, 1) => 15.0
o: (3, 3, 3) => 0.0
o: (3, 4, 3) => 5.0
o: (4, 2, 1) => 10.0
o: (2, 3, 1) => 5.0
o: (1, 1, 4) => 0.0
o: (2, 1, 2) => 5.0
o: (2, 4, 1) => 10.0
o: (1, 1, 3) => 0.0
o: (1, 2, 4) => 5.0
o: (2, 2, 2) => 0.0
o: (3, 1, 4) => 10.0

[88, 1096, 1086, 1052, 1042, 1057, 1031, 16]
JOBS in the order of refs (Vprime)
Node 1: Job(0, Point(35, 35, 0), 0, 0, 1000, 0, 0, 0)
Node 2: Job(3, Point(55, 45, 0), 13, 436, 676, 10, 0, 50)
Node 3: Job(5, Point(15, 30, 3), 26, 20, 260, 10, 0, 53)
Node 4: Job(6, Point(25, 30, 1), 3, 345, 585, 10, 0, 22)
Node 5: Job(7, Point(20, 50, 2), 5, 251, 491, 10, 0, 99)
Node 6: Job(10, Point(30, 60, 0), 16, 485, 725, 10, 0, 17)
Node 7: Job(11, Point(20, 65, 2), 12, 146, 386, 10, 0, 24)
Node 8: Job(12, Point(50, 35, 2), 19, 167, 407, 10, 0, 66)
Node 9: Job(14, Point(15, 10, 3), 20, 32, 272, 10, 0, 16)
Node 10: Job(18, Point(20, 40, 3), 12, 286, 526, 10, 0, 74)
Node 11: Job(20, Point(45, 65, 2), 9, 504, 744, 10, 0, 9)
Node 12: Job(21, Point(45, 20, 3), 11, 153, 393, 10, 0, 61)
Node 13: Job(23, Point(55, 5, 1), 29, 146, 386, 10, 0, 8)
Node 14: Job(50, Point(47, 47, 1), -13, 475, 715, 10, 3, 0)
Node 15: Job(53, Point(37, 31, 2), -26, 332, 572, 10, 5, 0)
Node 16: Job(22, Point(45, 10, 1), -3, 332, 572, 10, 6, 0)
Node 17: Job(99, Point(20, 26, 0), -5, 263, 503, 10, 7, 0)
Node 18: Job(17, Point(5, 30, 2), -16, 682, 922, 10, 10, 0)
Node 19: Job(24, Point(65, 35, 2), -12, 656, 896, 10, 11, 0)
Node 20: Job(66, Point(49, 73, 1), -19, 523, 763, 10, 12, 0)
Node 21: Job(16, Point(10, 20, 3), -20, 203, 443, 10, 14, 0)
Node 22: Job(74, Point(46, 13, 1), -12, 622, 862, 10, 18, 0)
Node 23: Job(9, Point(55, 60, 1), -9, 334, 574, 10, 20, 0)
Node 24: Job(61, Point(12, 24, 1), -11, 214, 454, 10, 21, 0)
Node 25: Job(8, Point(10, 43, 1), -29, 323, 563, 10, 23, 0)
Node 26: Job(0, Point(35, 35, 0), 0, 0, 1000, 0, 0, 0)

### Preprocessing Data ###
	-> arcs: 676 (100.0%)
	-> arc_removals: 337 (49.85%)
	-> arc_removals_is_loop: 26 (3.85%)
	-> arc_removals_is_delivery_to_pickup: 14 (2.07%)
	-> arc_removals_is_depot_begin_to_delivery: 12 (1.78%)
	-> arc_removals_is_pickup_to_depot_end: 12 (1.78%)
	-> arc_removals_is_dest_depot_begin: 24 (3.55%)
	-> arc_removals_is_orig_depot_end: 23 (3.4%)
	-> arc_removals_is_capacity_violated: 0 (0.0%)
	-> arc_removals_is_time_window_limited: 158 (23.37%)
	-> arc_removals_is_time_window_pairing_limited: 61 (9.02%)
	-> arc_removals_is_indirect_request_service_impossible: 7 (1.04%)
	-> gamma_vars: 0 (0%)
	-> feas_gamma_vars: 0 (0%)
	-> infeas_gamma_vars_is_next_mtrv_unreachable: 0 (0%)
	-> infeas_gamma_vars_is_iprime_jprime_eq_i_j: 0 (0%)
	-> machine_removal_for_an_arc: 0 (0.0%)
##########################

[10:16:03.398] Print configuration
------------------------------------------------------
"
[10:16:03.398] Running Multi Start Heuristic"
> Experiment started at 2025-10-15T10:16:03.398
> Instance: lr205_t2_12R_12V_04F_04M
> Algorithm Parameters:


	>Stop params:
		>  - rule ITERATIONS
		>  - argument 60000.0
		>  - maximum_time 3600

	>General params:
		>  - instPath /dados/rmelo/PDPTW-SE/benchmark_multi_floor_v3/official_experiments/multistartlp/official/set_01_pt_01/../../../../instances/orig_ams_fg/12R_12V_04F_04M/t2/lr205/
		>  - name lr205
		>  - type t2
		>  - group 12R_12V_04F_04M
		>  - fullname lr205_t2_12R_12V_04F_04M
		>  - methodType heur
		>  - methodCode mslp
		>  - genconfigfile /dados/rmelo/PDPTW-SE/benchmark_multi_floor_v3/official_experiments/multistartlp/official/set_01_pt_01/configs/genconfig_mslp.conf
		>  - genconfigfilename genconfig_mslp
		>  - greedy_service_order random
		>  - cutoff 0
		>  - cutoffmachs 4
		>  - num_machs 0
		>  - solver Gurobi
		>  - maxtime 3600
		>  - gurobiCuts 1
		>  - typeUserCut 0
		>  - mipPresolve -1
		>  - printsol 1
		>  - maxnodes -1
		>  - elevator 1
		>  - make_instance_feasible false
		>  - output /dados/rmelo/PDPTW-SE/benchmark_multi_floor_v3/official_experiments/multistartlp/official/set_01_pt_01/logs
		>  - suff_outputs _seed_92
		>  - suff_csv _bash_5
		>  - epsilon 0.005
		>  - epsilonCap 0.5
		>  - warmStart false
		>  - seed 92
		>  - rng Random.MersenneTwister(92)
		>  - alpha 0.05
		>  - maxiter 1000000
		>  - outputFlagGrbMIP 0
		>  - outputFlagGrbMSLP 0
		>  - outputFlagGrbLMNS 0
		>  - mslpr I
		>  - mslpa 60000
		>  - lmnsr M
		>  - lmnsa 60
		>  - lmnsRepairTime 30.0
		>  - lmnsMIPFocus 0
		>  - lmnsGapToBiggerDestruction 50
		>  - lmnsGapToSmallerDestruction 95
		>  - lmnsWeightShawDistProx 1.0
		>  - lmnsWeightShawEarlProx 1.0
		>  - lmnsWeightShawSameRoute 1.0
		>  - lmnsWeightShawDemandSim 1.0
		>  - lmnsReqRApplyMIPStart true
		>  - lmnsAcceptanceCriteria H
		>  - lmnsMetropolisTemp 100.0
		>  - lmnsSimulatedAnnealingTemp 100.0
		>  - lmnsSimulatedAnnealingCool 0.95
		>  - mipmaxtime 3600
		>  - csvfilename /dados/rmelo/PDPTW-SE/benchmark_multi_floor_v3/official_experiments/multistartlp/official/set_01_pt_01/logs/heur_mslp/outputs/csvresults_heur_mslp_bash_5.csv
		>  - solfilename /dados/rmelo/PDPTW-SE/benchmark_multi_floor_v3/official_experiments/multistartlp/official/set_01_pt_01/logs/heur_mslp/solutions/12R_12V_04F_04M/lr205_sol_genconfig_mslp_seed_92.txt
		>  - timelineFilename /dados/rmelo/PDPTW-SE/benchmark_multi_floor_v3/official_experiments/multistartlp/official/set_01_pt_01/logs/heur_mslp/timelines/12R_12V_04F_04M/lr205_timeline_genconfig_mslp_seed_92.txt
		>  - grbFilename /dados/rmelo/PDPTW-SE/benchmark_multi_floor_v3/official_experiments/multistartlp/official/set_01_pt_01/logs/heur_mslp/gurobi/12R_12V_04F_04M/lr205_grb_genconfig_mslp_seed_92.log
		>  - threads 1
		>  - solverMethod AUTOMATIC

------------------------------------------------------

[10:16:03.508] Starting running MSLP
objValue;greedysol;iteration;time
1418.50;1888.38;1;0.000557
1353.66;1912.47;3;0.296671
1351.08;1553.48;8;0.314780
1330.36;1556.55;54;0.534052
1321.41;1548.22;143;0.922585
1284.32;1514.37;160;0.992150
1269.52;1513.68;177;1.061753
1266.38;1761.21;782;3.713016
1224.54;1569.20;1705;7.711119

[10:20:43.617] Finished running MSLP
System CPU time: 27.18 seconds

[10:20:43.698] Post running MSLP
Best solution value: 1224.54
Total time elapsed: 253.108704
Time to best: 7.711119
Iterations: 60000
Iterations to best: 1705
Improvements: 9
Infeasible solutions percentage: (32 / 60000) = 0.0533 %
(LP improvements)/(LP runs) = 59968/59968 = 100.0000 %
Mean LP improvement percentage: 22.1418 %
[10:20:43.948] Writing results to CSV file: /dados/rmelo/PDPTW-SE/benchmark_multi_floor_v3/official_experiments/multistartlp/official/set_01_pt_01/logs/heur_mslp/outputs/csvresults_heur_mslp_bash_5.csv

[10:20:46.005] Saving solution to file:/dados/rmelo/PDPTW-SE/benchmark_multi_floor_v3/official_experiments/multistartlp/official/set_01_pt_01/logs/heur_mslp/solutions/12R_12V_04F_04M/lr205_sol_genconfig_mslp_seed_92.txt

[10:20:46.005] Saving solution timeline to file: /dados/rmelo/PDPTW-SE/benchmark_multi_floor_v3/official_experiments/multistartlp/official/set_01_pt_01/logs/heur_mslp/timelines/12R_12V_04F_04M/lr205_timeline_genconfig_mslp_seed_92.txt
---------------------| VEHICLES |---------------------

Vehicle 1 :
	id: 0
		node: 1
		(x, y, z): (35, 35, 0)
		dem: 0
		earl: 0
		lat: 1000
		servt: 0
		pid: 0
		did: 0
		servST: 195.82999999999996
		(h, h_ind): (-1, 0)
		load: 0.0

	Finished service at time: 195.82999999999996

	Using Machine: 2
		Task 0 -> Machine 2 (Station 1): 4.47
		Vehicle arrival at machine station: 200.29999999999995
		Waiting time until machine travel: 0.0

		Machine travel start time: 200.29999999999995
		Region 0 -> Region 3: 15.0
		Machine arrival at machine station: 215.29999999999995

		Machine 2 (Station 4)-> Task 5: 20.12
		Vehicle arrival at task: 235.41999999999996
		Waiting time until service start time: 0.0

	id: 5
		node: 3
		(x, y, z): (15, 30, 3)
		dem: 26
		earl: 20
		lat: 260
		servt: 10
		pid: 0
		did: 53
		servST: 235.41999999999996
		(h, h_ind): (2, 1)
		load: 26.0

	Finished service at time: 245.41999999999996

	Using Machine: 2
		Task 5 -> Machine 2 (Station 4): 20.12
		Vehicle arrival at machine station: 265.53999999999996
		Waiting time until machine travel: 0.0

		Machine travel start time: 265.53999999999996
		Region 3 -> Region 2: 5.0
		Machine arrival at machine station: 270.53999999999996

		Machine 2 (Station 3)-> Task 7: 17.03
		Vehicle arrival at task: 287.56999999999994
		Waiting time until service start time: 0.0

	id: 7
		node: 5
		(x, y, z): (20, 50, 2)
		dem: 5
		earl: 251
		lat: 491
		servt: 10
		pid: 0
		did: 99
		servST: 287.57
		(h, h_ind): (2, 2)
		load: 31.0

	Finished service at time: 297.57

	Task 7 -> Task 11: 15.0
	Vehicle arrival at task: 312.57
	Waiting time until service start time: 0.0

	id: 11
		node: 7
		(x, y, z): (20, 65, 2)
		dem: 12
		earl: 146
		lat: 386
		servt: 10
		pid: 0
		did: 24
		servST: 312.57
		(h, h_ind): (-1, 0)
		load: 43.0

	Finished service at time: 322.57

	Task 11 -> Task 53: 38.01
	Vehicle arrival at task: 360.58
	Waiting time until service start time: 0.0

	id: 53
		node: 15
		(x, y, z): (37, 31, 2)
		dem: -26
		earl: 332
		lat: 572
		servt: 10
		pid: 5
		did: 0
		servST: 360.58
		(h, h_ind): (-1, 0)
		load: 17.0

	Finished service at time: 370.58

	Task 53 -> Task 12: 13.6
	Vehicle arrival at task: 384.18
	Waiting time until service start time: 0.0

	id: 12
		node: 8
		(x, y, z): (50, 35, 2)
		dem: 19
		earl: 167
		lat: 407
		servt: 10
		pid: 0
		did: 66
		servST: 384.18
		(h, h_ind): (-1, 0)
		load: 36.0

	Finished service at time: 394.18

	Using Machine: 3
		Task 12 -> Machine 3 (Station 3): 11.7
		Vehicle arrival at machine station: 405.88
		Waiting time until machine travel: 0.0

		Machine travel start time: 405.88
		Region 2 -> Region 0: 10.0
		Machine arrival at machine station: 415.88

		Machine 3 (Station 1)-> Task 99: 23.02
		Vehicle arrival at task: 438.9
		Waiting time until service start time: 0.0

	id: 99
		node: 17
		(x, y, z): (20, 26, 0)
		dem: -5
		earl: 263
		lat: 503
		servt: 10
		pid: 7
		did: 0
		servST: 438.9
		(h, h_ind): (3, 1)
		load: 31.0

	Finished service at time: 448.9

	Using Machine: 2
		Task 99 -> Machine 2 (Station 1): 18.38
		Vehicle arrival at machine station: 467.28
		Waiting time until machine travel: 0.0

		Machine travel start time: 467.28
		Region 0 -> Region 2: 10.0
		Machine arrival at machine station: 477.28

		Machine 2 (Station 3)-> Task 20: 28.64
		Vehicle arrival at task: 505.91999999999996
		Waiting time until service start time: 0.0

	id: 20
		node: 11
		(x, y, z): (45, 65, 2)
		dem: 9
		earl: 504
		lat: 744
		servt: 10
		pid: 0
		did: 9
		servST: 505.91999999999996
		(h, h_ind): (2, 4)
		load: 40.0

	Finished service at time: 515.92

	Using Machine: 3
		Task 20 -> Machine 3 (Station 3): 26.68
		Vehicle arrival at machine station: 542.5999999999999
		Waiting time until machine travel: 0.0

		Machine travel start time: 542.5999999999999
		Region 2 -> Region 1: 5.0
		Machine arrival at machine station: 547.5999999999999

		Machine 3 (Station 2)-> Task 9: 26.4
		Vehicle arrival at task: 573.9999999999999
		Waiting time until service start time: 0.0

	id: 9
		node: 23
		(x, y, z): (55, 60, 1)
		dem: -9
		earl: 334
		lat: 574
		servt: 10
		pid: 20
		did: 0
		servST: 573.9999999999999
		(h, h_ind): (3, 2)
		load: 31.0

	Finished service at time: 583.9999999999999

	Task 9 -> Task 66: 14.32
	Vehicle arrival at task: 598.3199999999999
	Waiting time until service start time: 0.0

	id: 66
		node: 20
		(x, y, z): (49, 73, 1)
		dem: -19
		earl: 523
		lat: 763
		servt: 10
		pid: 12
		did: 0
		servST: 598.3199999999999
		(h, h_ind): (-1, 0)
		load: 12.0

	Finished service at time: 608.3199999999999

	Using Machine: 1
		Task 66 -> Machine 1 (Station 2): 36.06
		Vehicle arrival at machine station: 644.3799999999999
		Waiting time until machine travel: 0.0

		Machine travel start time: 644.3799999999999
		Region 1 -> Region 2: 5.0
		Machine arrival at machine station: 649.3799999999999

		Machine 1 (Station 3)-> Task 24: 28.28
		Vehicle arrival at task: 677.6599999999999
		Waiting time until service start time: 0.0

	id: 24
		node: 19
		(x, y, z): (65, 35, 2)
		dem: -12
		earl: 656
		lat: 896
		servt: 10
		pid: 11
		did: 0
		servST: 677.6599999999999
		(h, h_ind): (1, 2)
		load: 0.0

	Finished service at time: 687.6599999999999

	Using Machine: 3
		Task 24 -> Machine 3 (Station 3): 26.31
		Vehicle arrival at machine station: 713.9699999999998
		Waiting time until machine travel: 0.0

		Machine travel start time: 713.9699999999998
		Region 2 -> Region 0: 10.0
		Machine arrival at machine station: 723.9699999999998

		Machine 3 (Station 1)-> Task 0: 5.66
		Vehicle arrival at task: 729.6299999999998
		Waiting time until service start time: 0.0

	id: 0
		node: 26
		(x, y, z): (35, 35, 0)
		dem: 0
		earl: 0
		lat: 1000
		servt: 0
		pid: 0
		did: 0
		servST: 729.6299999999998
		(h, h_ind): (3, 5)
		load: 0.0


Vehicle 2 :
	id: 0
		node: 1
		(x, y, z): (35, 35, 0)
		dem: 0
		earl: 0
		lat: 1000
		servt: 0
		pid: 0
		did: 0
		servST: 150.74999999999997
		(h, h_ind): (-1, 0)
		load: 0.0

	Finished service at time: 150.74999999999997

	Using Machine: 1
		Task 0 -> Machine 1 (Station 1): 4.47
		Vehicle arrival at machine station: 155.21999999999997
		Waiting time until machine travel: 0.0

		Machine travel start time: 155.21999999999997
		Region 0 -> Region 3: 15.0
		Machine arrival at machine station: 170.21999999999997

		Machine 1 (Station 4)-> Task 21: 20.62
		Vehicle arrival at task: 190.83999999999997
		Waiting time until service start time: 0.0

	id: 21
		node: 12
		(x, y, z): (45, 20, 3)
		dem: 11
		earl: 153
		lat: 393
		servt: 10
		pid: 0
		did: 61
		servST: 190.83999999999997
		(h, h_ind): (1, 1)
		load: 11.0

	Finished service at time: 200.83999999999997

	Task 21 -> Task 14: 31.62
	Vehicle arrival at task: 232.45999999999998
	Waiting time until service start time: 0.0

	id: 14
		node: 9
		(x, y, z): (15, 10, 3)
		dem: 20
		earl: 32
		lat: 272
		servt: 10
		pid: 0
		did: 16
		servST: 232.45999999999998
		(h, h_ind): (-1, 0)
		load: 31.0

	Finished service at time: 242.45999999999998

	Task 14 -> Task 16: 11.18
	Vehicle arrival at task: 253.64
	Waiting time until service start time: 0.0

	id: 16
		node: 21
		(x, y, z): (10, 20, 3)
		dem: -20
		earl: 203
		lat: 443
		servt: 10
		pid: 14
		did: 0
		servST: 253.64
		(h, h_ind): (-1, 0)
		load: 11.0

	Finished service at time: 263.64

	Task 16 -> Task 18: 22.36
	Vehicle arrival at task: 286.0
	Waiting time until service start time: 0.0

	id: 18
		node: 10
		(x, y, z): (20, 40, 3)
		dem: 12
		earl: 286
		lat: 526
		servt: 10
		pid: 0
		did: 74
		servST: 286.0
		(h, h_ind): (-1, 0)
		load: 23.0

	Finished service at time: 296.0

	Using Machine: 2
		Task 18 -> Machine 2 (Station 4): 13.04
		Vehicle arrival at machine station: 309.04
		Waiting time until machine travel: 0.0

		Machine travel start time: 309.04
		Region 3 -> Region 1: 10.0
		Machine arrival at machine station: 319.04

		Machine 2 (Station 2)-> Task 23: 40.5
		Vehicle arrival at task: 359.54
		Waiting time until service start time: 0.0

	id: 23
		node: 13
		(x, y, z): (55, 5, 1)
		dem: 29
		earl: 146
		lat: 386
		servt: 10
		pid: 0
		did: 8
		servST: 359.54
		(h, h_ind): (2, 3)
		load: 52.0

	Finished service at time: 369.54

	Task 23 -> Task 6: 39.05
	Vehicle arrival at task: 408.59000000000003
	Waiting time until service start time: 0.0

	id: 6
		node: 4
		(x, y, z): (25, 30, 1)
		dem: 3
		earl: 345
		lat: 585
		servt: 10
		pid: 0
		did: 22
		servST: 408.59000000000003
		(h, h_ind): (-1, 0)
		load: 55.0

	Finished service at time: 418.59000000000003

	Task 6 -> Task 61: 14.32
	Vehicle arrival at task: 432.91
	Waiting time until service start time: 0.0

	id: 61
		node: 24
		(x, y, z): (12, 24, 1)
		dem: -11
		earl: 214
		lat: 454
		servt: 10
		pid: 21
		did: 0
		servST: 432.91
		(h, h_ind): (-1, 0)
		load: 44.0

	Finished service at time: 442.91

	Task 61 -> Task 8: 19.1
	Vehicle arrival at task: 462.01000000000005
	Waiting time until service start time: 0.0

	id: 8
		node: 25
		(x, y, z): (10, 43, 1)
		dem: -29
		earl: 323
		lat: 563
		servt: 10
		pid: 23
		did: 0
		servST: 462.01000000000005
		(h, h_ind): (-1, 0)
		load: 15.0

	Finished service at time: 472.01000000000005

	Task 8 -> Task 22: 48.1
	Vehicle arrival at task: 520.11
	Waiting time until service start time: 0.0

	id: 22
		node: 16
		(x, y, z): (45, 10, 1)
		dem: -3
		earl: 332
		lat: 572
		servt: 10
		pid: 6
		did: 0
		servST: 520.11
		(h, h_ind): (-1, 0)
		load: 12.0

	Finished service at time: 530.11

	Using Machine: 3
		Task 22 -> Machine 3 (Station 2): 29.61
		Vehicle arrival at machine station: 559.72
		Waiting time until machine travel: 0.0

		Machine travel start time: 559.72
		Region 1 -> Region 0: 5.0
		Machine arrival at machine station: 564.72

		Machine 3 (Station 1)-> Task 3: 17.09
		Vehicle arrival at task: 581.8100000000001
		Waiting time until service start time: 0.0

	id: 3
		node: 2
		(x, y, z): (55, 45, 0)
		dem: 13
		earl: 436
		lat: 676
		servt: 10
		pid: 0
		did: 50
		servST: 581.8100000000001
		(h, h_ind): (3, 3)
		load: 25.0

	Finished service at time: 591.8100000000001

	Task 3 -> Task 10: 29.15
	Vehicle arrival at task: 620.96
	Waiting time until service start time: 0.0

	id: 10
		node: 6
		(x, y, z): (30, 60, 0)
		dem: 16
		earl: 485
		lat: 725
		servt: 10
		pid: 0
		did: 17
		servST: 620.96
		(h, h_ind): (-1, 0)
		load: 41.0

	Finished service at time: 630.96

	Using Machine: 3
		Task 10 -> Machine 3 (Station 1): 22.85
		Vehicle arrival at machine station: 653.8100000000001
		Waiting time until machine travel: 0.0

		Machine travel start time: 653.8100000000001
		Region 0 -> Region 1: 5.0
		Machine arrival at machine station: 658.8100000000001

		Machine 3 (Station 2)-> Task 50: 11.31
		Vehicle arrival at task: 670.12
		Waiting time until service start time: 0.0

	id: 50
		node: 14
		(x, y, z): (47, 47, 1)
		dem: -13
		earl: 475
		lat: 715
		servt: 10
		pid: 3
		did: 0
		servST: 670.1200000000001
		(h, h_ind): (3, 4)
		load: 28.0

	Finished service at time: 680.1200000000001

	Task 50 -> Task 74: 34.01
	Vehicle arrival at task: 714.1300000000001
	Waiting time until service start time: 0.0

	id: 74
		node: 22
		(x, y, z): (46, 13, 1)
		dem: -12
		earl: 622
		lat: 862
		servt: 10
		pid: 18
		did: 0
		servST: 714.1300000000001
		(h, h_ind): (-1, 0)
		load: 16.0

	Finished service at time: 724.1300000000001

	Using Machine: 2
		Task 74 -> Machine 2 (Station 2): 29.07
		Vehicle arrival at machine station: 753.2000000000002
		Waiting time until machine travel: 0.0

		Machine travel start time: 753.2000000000002
		Region 1 -> Region 2: 5.0
		Machine arrival at machine station: 758.2000000000002

		Machine 2 (Station 3)-> Task 17: 29.41
		Vehicle arrival at task: 787.6100000000001
		Waiting time until service start time: 0.0

	id: 17
		node: 18
		(x, y, z): (5, 30, 2)
		dem: -16
		earl: 682
		lat: 922
		servt: 10
		pid: 10
		did: 0
		servST: 787.6100000000001
		(h, h_ind): (2, 5)
		load: 0.0

	Finished service at time: 797.6100000000001

	Using Machine: 2
		Task 17 -> Machine 2 (Station 3): 29.41
		Vehicle arrival at machine station: 827.0200000000001
		Waiting time until machine travel: 0.0

		Machine travel start time: 827.0200000000001
		Region 2 -> Region 0: 10.0
		Machine arrival at machine station: 837.0200000000001

		Machine 2 (Station 1)-> Task 0: 4.47
		Vehicle arrival at task: 841.4900000000001
		Waiting time until service start time: 0.0

	id: 0
		node: 26
		(x, y, z): (35, 35, 0)
		dem: 0
		earl: 0
		lat: 1000
		servt: 0
		pid: 0
		did: 0
		servST: 841.4900000000001
		(h, h_ind): (2, 6)
		load: 0.0


---------------------| MACHINES |---------------------

Machine 1 :
	setup duration: 0.0

	vehicle: 2
	vehicleInd: 2
	(orig, dest): (0, 21)
	(origRegion, destRegion): (0, 3)
	st: 155.21999999999997
	duration: 15.0

	setup duration: 10.0

	vehicle: 1
	vehicleInd: 11
	(orig, dest): (66, 24)
	(origRegion, destRegion): (1, 2)
	st: 644.3799999999999
	duration: 5.0


Machine 2 :
	setup duration: 0.0

	vehicle: 1
	vehicleInd: 2
	(orig, dest): (0, 5)
	(origRegion, destRegion): (0, 3)
	st: 200.29999999999995
	duration: 15.0

	setup duration: 0.0

	vehicle: 1
	vehicleInd: 3
	(orig, dest): (5, 7)
	(origRegion, destRegion): (3, 2)
	st: 265.53999999999996
	duration: 5.0

	setup duration: 5.0

	vehicle: 2
	vehicleInd: 6
	(orig, dest): (18, 23)
	(origRegion, destRegion): (3, 1)
	st: 309.04
	duration: 10.0

	setup duration: 5.0

	vehicle: 1
	vehicleInd: 8
	(orig, dest): (99, 20)
	(origRegion, destRegion): (0, 2)
	st: 467.28
	duration: 10.0

	setup duration: 5.0

	vehicle: 2
	vehicleInd: 15
	(orig, dest): (74, 17)
	(origRegion, destRegion): (1, 2)
	st: 753.2000000000002
	duration: 5.0

	setup duration: 0.0

	vehicle: 2
	vehicleInd: 16
	(orig, dest): (17, 0)
	(origRegion, destRegion): (2, 0)
	st: 827.0200000000001
	duration: 10.0


Machine 3 :
	setup duration: 10.0

	vehicle: 1
	vehicleInd: 7
	(orig, dest): (12, 99)
	(origRegion, destRegion): (2, 0)
	st: 405.88
	duration: 10.0

	setup duration: 10.0

	vehicle: 1
	vehicleInd: 9
	(orig, dest): (20, 9)
	(origRegion, destRegion): (2, 1)
	st: 542.5999999999999
	duration: 5.0

	setup duration: 0.0

	vehicle: 2
	vehicleInd: 11
	(orig, dest): (22, 3)
	(origRegion, destRegion): (1, 0)
	st: 559.72
	duration: 5.0

	setup duration: 0.0

	vehicle: 2
	vehicleInd: 13
	(orig, dest): (10, 50)
	(origRegion, destRegion): (0, 1)
	st: 653.8100000000001
	duration: 5.0

	setup duration: 5.0

	vehicle: 1
	vehicleInd: 12
	(orig, dest): (24, 0)
	(origRegion, destRegion): (2, 0)
	st: 713.9699999999998
	duration: 10.0


-------------------| COMPL. TIMES |-------------------

Vehicle 0 : 0.0
Vehicle 1 : 533.7999999999998
Vehicle 2 : 690.7400000000001
Vehicle 3 : 0.0
Vehicle 4 : 0.0
Vehicle 5 : 0.0
Vehicle 6 : 0.0
Vehicle 7 : 0.0
Vehicle 8 : 0.0
Vehicle 9 : 0.0
Vehicle 10 : 0.0
Vehicle 11 : 0.0
-------------------| STATISTICS |-------------------

    Vehicles used                           : 16.6667
    Machines used                           : 75.0
    Max load (vehicles)                     : 94.8276
    Min load (vehicles)                     : 74.1379
    Mean load (vehicles)                    : 84.4828
    Min completion time                     : 53.38
    Max completion time                     : 69.074
    Mean completion time                    : 61.227
    Avrg travel time (with vehicle)         : 5.3333
    Avrg travel time (only with vehicle)    : 3.6667
    Avrg travel time (no vehicle)           : 1.6667
    Avrg waiting time (machine travel)      : 0.0
    Avrg waiting time (service)             : 0.0
    Machines travel times (with vehicle)    : [0.0, 3.0, 7.0, 6.0]
    Machines travel times (no vehicle)      : [0.0, 1.0, 1.5, 2.5]
    Max load per vehicle                    : [0.0, 74.1379, 94.8276, 0.0, 0.0, 0.0, 0.0, 0.0, 0.0, 0.0, 0.0, 0.0]

----------------------------------------------------

TOTAL: 1224.54

Everything is awesome!
