-------------------| STATISTICS |-------------------

Vehicles used                           : 20.0
Machines used                           : 66.6667
Max load (vehicles)                     : 78.2609
Min load (vehicles)                     : 71.7391
Mean load (vehicles)                    : 75.0
Min completion time                     : 32.204
Max completion time                     : 48.819
Mean completion time                    : 40.5115
Avrg travel time (with vehicle)         : 2.673
Avrg travel time (only with vehicle)    : 2.3125
Avrg travel time (no vehicle)           : 0.3605
Avrg waiting time (machine travel)      : 0.0
Avrg waiting time (service)             : 0.8265
Machines travel times (with vehicle)    : [1.02, 0.0, 4.326]
Machines travel times (no vehicle)      : [0.0, 0.0, 0.721]
Max load per vehicle                    : [0.0, 0.0, 0.0, 0.0, 0.0, 78.2609, 0.0, 71.7391, 0.0, 0.0]

----------------------------------------------------

TOTAL: 810.23

Everything is awesome!
