Set parameter WLSAccessID
Set parameter WLSSecret
Set parameter LicenseID to value 2661775
Academic license 2661775 - for non-commercial use only - registered to me___@dcc.ufba.br
Loading line 2: methodType heur
Loading line 3: methodCode mslp
Loading line 4: seed 0
Loading line 5: threads 1
Loading line 6: greedy_service_order random
Loading line 7: outputFlagGrbMSLP 0
Loading line 8: mslpa 60000
Loading line 9: mslpr I
Loading line 10: maxtime 3600
Loading line 11: output ./logs/
Loading line 12: printsol 1
Loading line 13: solverMethod A
Instance: LR2_2_7_t2_60R_60V_04F_06M

[02:00:36.828] Running Data.readData with file /dados/rmelo/PDPTW-SE/benchmark_multi_floor_v3/official_experiments/multistartlp/preliminar/set_01_pt_02/../../../../instances/orig_ams_fg/60R_60V_04F_06M/t2/LR2_2_7/
vehicles: Vehicle[Vehicle(0, 52), Vehicle(1, 65), Vehicle(2, 78), Vehicle(3, 78), Vehicle(4, 52), Vehicle(5, 65), Vehicle(6, 78), Vehicle(7, 65), Vehicle(8, 78), Vehicle(9, 78), Vehicle(10, 78), Vehicle(11, 52), Vehicle(12, 52), Vehicle(13, 78), Vehicle(14, 65), Vehicle(15, 65), Vehicle(16, 65), Vehicle(17, 78), Vehicle(18, 78), Vehicle(19, 78), Vehicle(20, 52), Vehicle(21, 65), Vehicle(22, 52), Vehicle(23, 52), Vehicle(24, 65), Vehicle(25, 65), Vehicle(26, 65), Vehicle(27, 78), Vehicle(28, 78), Vehicle(29, 65), Vehicle(30, 52), Vehicle(31, 65), Vehicle(32, 52), Vehicle(33, 78), Vehicle(34, 52), Vehicle(35, 65), Vehicle(36, 65), Vehicle(37, 65), Vehicle(38, 78), Vehicle(39, 78), Vehicle(40, 78), Vehicle(41, 65), Vehicle(42, 78), Vehicle(43, 52), Vehicle(44, 65), Vehicle(45, 78), Vehicle(46, 78), Vehicle(47, 65), Vehicle(48, 65), Vehicle(49, 78), Vehicle(50, 65), Vehicle(51, 52), Vehicle(52, 65), Vehicle(53, 65), Vehicle(54, 78), Vehicle(55, 78), Vehicle(56, 65), Vehicle(57, 52), Vehicle(58, 52), Vehicle(59, 78)]
vehicle_types: Vehicle[Vehicle(0, 52), Vehicle(1, 65), Vehicle(2, 78)]
Machine[Machine(0, Point[Point(71, 71, 0), Point(71, 71, 1), Point(71, 71, 2), Point(71, 71, 3)], 0.2), Machine(1, Point[Point(73, 71, 0), Point(73, 71, 1), Point(73, 71, 2), Point(73, 71, 3)], 0.2), Machine(2, Point[Point(69, 71, 0), Point(69, 71, 1), Point(69, 71, 2), Point(69, 71, 3)], 0.2), Machine(3, Point[Point(75, 71, 0), Point(75, 71, 1), Point(75, 71, 2), Point(75, 71, 3)], 0.2), Machine(4, Point[Point(67, 71, 0), Point(67, 71, 1), Point(67, 71, 2), Point(67, 71, 3)], 0.2), Machine(5, Point[Point(77, 71, 0), Point(77, 71, 1), Point(77, 71, 2), Point(77, 71, 3)], 0.2)]
refs: [1, 2, 3, 4, 6, 7, 8, 9, 11, 12, 17, 21, 22, 23, 24, 26, 27, 28, 30, 31, 33, 34, 35, 36, 39, 40, 42, 43, 48, 50, 54, 55, 56, 57, 62, 63, 65, 66, 68, 69, 75, 76, 77, 78, 79, 80, 84, 85, 87, 88, 89, 92, 94, 95, 96, 97, 98, 99, 100, 103, 105, 91, 82, 19, 119, 108, 70, 61, 112, 44, 109, 93, 74, 116, 64, 14, 107, 120, 25, 32, 18, 60, 121, 37, 15, 113, 106, 41, 10, 73, 67, 102, 47, 110, 38, 114, 81, 5, 101, 71, 104, 20, 16, 83, 52, 118, 49, 29, 51, 72, 117, 45, 111, 86, 58, 53, 59, 13, 90, 115, 46, 1]
V: [1, 2, 3, 4, 5, 6, 7, 8, 9, 10, 11, 12, 13, 14, 15, 16, 17, 18, 19, 20, 21, 22, 23, 24, 25, 26, 27, 28, 29, 30, 31, 32, 33, 34, 35, 36, 37, 38, 39, 40, 41, 42, 43, 44, 45, 46, 47, 48, 49, 50, 51, 52, 53, 54, 55, 56, 57, 58, 59, 60, 61, 62, 63, 64, 65, 66, 67, 68, 69, 70, 71, 72, 73, 74, 75, 76, 77, 78, 79, 80, 81, 82, 83, 84, 85, 86, 87, 88, 89, 90, 91, 92, 93, 94, 95, 96, 97, 98, 99, 100, 101, 102, 103, 104, 105, 106, 107, 108, 109, 110, 111, 112, 113, 114, 115, 116, 117, 118, 119, 120, 121]
V_p: [2, 3, 4, 5, 6, 7, 8, 9, 10, 11, 12, 13, 14, 15, 16, 17, 18, 19, 20, 21, 22, 23, 24, 25, 26, 27, 28, 29, 30, 31, 32, 33, 34, 35, 36, 37, 38, 39, 40, 41, 42, 43, 44, 45, 46, 47, 48, 49, 50, 51, 52, 53, 54, 55, 56, 57, 58, 59, 60, 61]
V_d: [62, 63, 64, 65, 66, 67, 68, 69, 70, 71, 72, 73, 74, 75, 76, 77, 78, 79, 80, 81, 82, 83, 84, 85, 86, 87, 88, 89, 90, 91, 92, 93, 94, 95, 96, 97, 98, 99, 100, 101, 102, 103, 104, 105, 106, 107, 108, 109, 110, 111, 112, 113, 114, 115, 116, 117, 118, 119, 120, 121]
Vprime: [1, 2, 3, 4, 5, 6, 7, 8, 9, 10, 11, 12, 13, 14, 15, 16, 17, 18, 19, 20, 21, 22, 23, 24, 25, 26, 27, 28, 29, 30, 31, 32, 33, 34, 35, 36, 37, 38, 39, 40, 41, 42, 43, 44, 45, 46, 47, 48, 49, 50, 51, 52, 53, 54, 55, 56, 57, 58, 59, 60, 61, 62, 63, 64, 65, 66, 67, 68, 69, 70, 71, 72, 73, 74, 75, 76, 77, 78, 79, 80, 81, 82, 83, 84, 85, 86, 87, 88, 89, 90, 91, 92, 93, 94, 95, 96, 97, 98, 99, 100, 101, 102, 103, 104, 105, 106, 107, 108, 109, 110, 111, 112, 113, 114, 115, 116, 117, 118, 119, 120, 121, 122]
V: [1, 2, 3, 4, 5, 6, 7, 8, 9, 10, 11, 12, 13, 14, 15, 16, 17, 18, 19, 20, 21, 22, 23, 24, 25, 26, 27, 28, 29, 30, 31, 32, 33, 34, 35, 36, 37, 38, 39, 40, 41, 42, 43, 44, 45, 46, 47, 48, 49, 50, 51, 52, 53, 54, 55, 56, 57, 58, 59, 60, 61, 62, 63, 64, 65, 66, 67, 68, 69, 70, 71, 72, 73, 74, 75, 76, 77, 78, 79, 80, 81, 82, 83, 84, 85, 86, 87, 88, 89, 90, 91, 92, 93, 94, 95, 96, 97, 98, 99, 100, 101, 102, 103, 104, 105, 106, 107, 108, 109, 110, 111, 112, 113, 114, 115, 116, 117, 118, 119, 120, 121]
q: [0, 7, 20, 14, 27, 22, 13, 8, 13, 9, 22, 19, 5, 8, 13, 13, 21, 12, 11, 13, 12, 24, 8, 20, 15, 6, 15, 20, 22, 26, 10, 9, 13, 16, 19, 17, 12, 9, 9, 29, 39, 9, 7, 20, 15, 25, 23, 4, 32, 16, 20, 26, 35, 13, 33, 11, 10, 23, 18, 16, 20, -7, -20, -14, -27, -22, -13, -8, -13, -9, -22, -19, -5, -8, -13, -13, -21, -12, -11, -13, -12, -24, -8, -20, -15, -6, -15, -20, -22, -26, -10, -9, -13, -16, -19, -17, -12, -9, -9, -29, -39, -9, -7, -20, -15, -25, -23, -4, -32, -16, -20, -26, -35, -13, -33, -11, -10, -23, -18, -16, -20, 0]
H: [1, 2, 3, 4, 5, 6]
f: [[1, 1, 1, 1, 1, 1], [3, 3, 3, 3, 3, 3], [1, 1, 1, 1, 1, 1], [1, 1, 1, 1, 1, 1], [2, 2, 2, 2, 2, 2], [2, 2, 2, 2, 2, 2], [2, 2, 2, 2, 2, 2], [2, 2, 2, 2, 2, 2], [4, 4, 4, 4, 4, 4], [4, 4, 4, 4, 4, 4], [4, 4, 4, 4, 4, 4], [4, 4, 4, 4, 4, 4], [4, 4, 4, 4, 4, 4], [1, 1, 1, 1, 1, 1], [2, 2, 2, 2, 2, 2], [4, 4, 4, 4, 4, 4], [1, 1, 1, 1, 1, 1], [4, 4, 4, 4, 4, 4], [1, 1, 1, 1, 1, 1], [2, 2, 2, 2, 2, 2], [3, 3, 3, 3, 3, 3], [3, 3, 3, 3, 3, 3], [3, 3, 3, 3, 3, 3], [1, 1, 1, 1, 1, 1], [3, 3, 3, 3, 3, 3], [4, 4, 4, 4, 4, 4], [1, 1, 1, 1, 1, 1], [1, 1, 1, 1, 1, 1], [3, 3, 3, 3, 3, 3], [3, 3, 3, 3, 3, 3], [1, 1, 1, 1, 1, 1], [4, 4, 4, 4, 4, 4], [1, 1, 1, 1, 1, 1], [3, 3, 3, 3, 3, 3], [4, 4, 4, 4, 4, 4], [4, 4, 4, 4, 4, 4], [3, 3, 3, 3, 3, 3], [4, 4, 4, 4, 4, 4], [2, 2, 2, 2, 2, 2], [3, 3, 3, 3, 3, 3], [3, 3, 3, 3, 3, 3], [3, 3, 3, 3, 3, 3], [1, 1, 1, 1, 1, 1], [3, 3, 3, 3, 3, 3], [2, 2, 2, 2, 2, 2], [2, 2, 2, 2, 2, 2], [3, 3, 3, 3, 3, 3], [4, 4, 4, 4, 4, 4], [2, 2, 2, 2, 2, 2], [1, 1, 1, 1, 1, 1], [4, 4, 4, 4, 4, 4], [4, 4, 4, 4, 4, 4], [3, 3, 3, 3, 3, 3], [4, 4, 4, 4, 4, 4], [4, 4, 4, 4, 4, 4], [1, 1, 1, 1, 1, 1], [4, 4, 4, 4, 4, 4], [4, 4, 4, 4, 4, 4], [2, 2, 2, 2, 2, 2], [4, 4, 4, 4, 4, 4], [3, 3, 3, 3, 3, 3], [2, 2, 2, 2, 2, 2], [2, 2, 2, 2, 2, 2], [3, 3, 3, 3, 3, 3], [3, 3, 3, 3, 3, 3], [2, 2, 2, 2, 2, 2], [4, 4, 4, 4, 4, 4], [1, 1, 1, 1, 1, 1], [3, 3, 3, 3, 3, 3], [3, 3, 3, 3, 3, 3], [1, 1, 1, 1, 1, 1], [4, 4, 4, 4, 4, 4], [2, 2, 2, 2, 2, 2], [1, 1, 1, 1, 1, 1], [4, 4, 4, 4, 4, 4], [2, 2, 2, 2, 2, 2], [2, 2, 2, 2, 2, 2], [3, 3, 3, 3, 3, 3], [4, 4, 4, 4, 4, 4], [2, 2, 2, 2, 2, 2], [4, 4, 4, 4, 4, 4], [3, 3, 3, 3, 3, 3], [4, 4, 4, 4, 4, 4], [1, 1, 1, 1, 1, 1], [4, 4, 4, 4, 4, 4], [3, 3, 3, 3, 3, 3], [4, 4, 4, 4, 4, 4], [3, 3, 3, 3, 3, 3], [3, 3, 3, 3, 3, 3], [1, 1, 1, 1, 1, 1], [3, 3, 3, 3, 3, 3], [3, 3, 3, 3, 3, 3], [1, 1, 1, 1, 1, 1], [4, 4, 4, 4, 4, 4], [2, 2, 2, 2, 2, 2], [3, 3, 3, 3, 3, 3], [2, 2, 2, 2, 2, 2], [3, 3, 3, 3, 3, 3], [2, 2, 2, 2, 2, 2], [1, 1, 1, 1, 1, 1], [1, 1, 1, 1, 1, 1], [4, 4, 4, 4, 4, 4], [4, 4, 4, 4, 4, 4], [3, 3, 3, 3, 3, 3], [1, 1, 1, 1, 1, 1], [2, 2, 2, 2, 2, 2], [1, 1, 1, 1, 1, 1], [2, 2, 2, 2, 2, 2], [2, 2, 2, 2, 2, 2], [3, 3, 3, 3, 3, 3], [3, 3, 3, 3, 3, 3], [1, 1, 1, 1, 1, 1], [2, 2, 2, 2, 2, 2], [4, 4, 4, 4, 4, 4], [3, 3, 3, 3, 3, 3], [3, 3, 3, 3, 3, 3], [2, 2, 2, 2, 2, 2], [1, 1, 1, 1, 1, 1], [1, 1, 1, 1, 1, 1], [3, 3, 3, 3, 3, 3], [3, 3, 3, 3, 3, 3], [1, 1, 1, 1, 1, 1]]
1 1 1 -> 0.0
1 2 1 -> 5.0
1 3 1 -> 10.0
1 4 1 -> 15.0
2 1 1 -> 5.0
2 2 1 -> 0.0
2 3 1 -> 5.0
2 4 1 -> 10.0
3 1 1 -> 10.0
3 2 1 -> 5.0
3 3 1 -> 0.0
3 4 1 -> 5.0
4 1 1 -> 15.0
4 2 1 -> 10.0
4 3 1 -> 5.0
4 4 1 -> 0.0
1 1 2 -> 0.0
1 2 2 -> 5.0
1 3 2 -> 10.0
1 4 2 -> 15.0
2 1 2 -> 5.0
2 2 2 -> 0.0
2 3 2 -> 5.0
2 4 2 -> 10.0
3 1 2 -> 10.0
3 2 2 -> 5.0
3 3 2 -> 0.0
3 4 2 -> 5.0
4 1 2 -> 15.0
4 2 2 -> 10.0
4 3 2 -> 5.0
4 4 2 -> 0.0
1 1 3 -> 0.0
1 2 3 -> 5.0
1 3 3 -> 10.0
1 4 3 -> 15.0
2 1 3 -> 5.0
2 2 3 -> 0.0
2 3 3 -> 5.0
2 4 3 -> 10.0
3 1 3 -> 10.0
3 2 3 -> 5.0
3 3 3 -> 0.0
3 4 3 -> 5.0
4 1 3 -> 15.0
4 2 3 -> 10.0
4 3 3 -> 5.0
4 4 3 -> 0.0
1 1 4 -> 0.0
1 2 4 -> 5.0
1 3 4 -> 10.0
1 4 4 -> 15.0
2 1 4 -> 5.0
2 2 4 -> 0.0
2 3 4 -> 5.0
2 4 4 -> 10.0
3 1 4 -> 10.0
3 2 4 -> 5.0
3 3 4 -> 0.0
3 4 4 -> 5.0
4 1 4 -> 15.0
4 2 4 -> 10.0
4 3 4 -> 5.0
4 4 4 -> 0.0
1 1 5 -> 0.0
1 2 5 -> 5.0
1 3 5 -> 10.0
1 4 5 -> 15.0
2 1 5 -> 5.0
2 2 5 -> 0.0
2 3 5 -> 5.0
2 4 5 -> 10.0
3 1 5 -> 10.0
3 2 5 -> 5.0
3 3 5 -> 0.0
3 4 5 -> 5.0
4 1 5 -> 15.0
4 2 5 -> 10.0
4 3 5 -> 5.0
4 4 5 -> 0.0
1 1 6 -> 0.0
1 2 6 -> 5.0
1 3 6 -> 10.0
1 4 6 -> 15.0
2 1 6 -> 5.0
2 2 6 -> 0.0
2 3 6 -> 5.0
2 4 6 -> 10.0
3 1 6 -> 10.0
3 2 6 -> 5.0
3 3 6 -> 0.0
3 4 6 -> 5.0
4 1 6 -> 15.0
4 2 6 -> 10.0
4 3 6 -> 5.0
4 4 6 -> 0.0
o: (1, 2, 3) => 5.0
o: (3, 1, 3) => 10.0
o: (1, 3, 5) => 10.0
o: (3, 2, 4) => 5.0
o: (1, 4, 5) => 15.0
o: (4, 3, 6) => 5.0
o: (4, 4, 6) => 0.0
o: (3, 2, 3) => 5.0
o: (3, 3, 5) => 0.0
o: (2, 1, 1) => 5.0
o: (3, 4, 5) => 5.0
o: (1, 3, 2) => 10.0
o: (1, 4, 2) => 15.0
o: (4, 3, 4) => 5.0
o: (2, 2, 1) => 0.0
o: (4, 4, 4) => 0.0
o: (3, 3, 2) => 0.0
o: (3, 4, 2) => 5.0
o: (4, 3, 3) => 5.0
o: (4, 4, 3) => 0.0
o: (1, 1, 5) => 0.0
o: (4, 1, 6) => 15.0
o: (1, 2, 5) => 5.0
o: (3, 1, 5) => 10.0
o: (1, 3, 1) => 10.0
o: (4, 2, 6) => 10.0
o: (1, 1, 2) => 0.0
o: (1, 4, 1) => 15.0
o: (2, 3, 6) => 5.0
o: (4, 1, 4) => 15.0
o: (3, 2, 5) => 5.0
o: (2, 4, 6) => 10.0
o: (3, 3, 1) => 0.0
o: (1, 2, 2) => 5.0
o: (3, 1, 2) => 10.0
o: (3, 4, 1) => 5.0
o: (4, 1, 3) => 15.0
o: (4, 2, 4) => 10.0
o: (3, 2, 2) => 5.0
o: (2, 3, 4) => 5.0
o: (4, 2, 3) => 10.0
o: (2, 4, 4) => 10.0
o: (4, 3, 5) => 5.0
o: (4, 4, 5) => 0.0
o: (1, 1, 1) => 0.0
o: (2, 3, 3) => 5.0
o: (2, 4, 3) => 10.0
o: (2, 1, 6) => 5.0
o: (4, 3, 2) => 5.0
o: (1, 2, 1) => 5.0
o: (3, 1, 1) => 10.0
o: (4, 4, 2) => 0.0
o: (2, 2, 6) => 0.0
o: (3, 2, 1) => 5.0
o: (2, 1, 4) => 5.0
o: (4, 1, 5) => 15.0
o: (2, 1, 3) => 5.0
o: (2, 2, 4) => 0.0
o: (4, 2, 5) => 10.0
o: (4, 3, 1) => 5.0
o: (1, 3, 6) => 10.0
o: (4, 1, 2) => 15.0
o: (4, 4, 1) => 0.0
o: (2, 2, 3) => 0.0
o: (2, 3, 5) => 5.0
o: (1, 4, 6) => 15.0
o: (2, 4, 5) => 10.0
o: (3, 3, 6) => 0.0
o: (4, 2, 2) => 10.0
o: (3, 4, 6) => 5.0
o: (1, 3, 4) => 10.0
o: (2, 3, 2) => 5.0
o: (1, 4, 4) => 15.0
o: (2, 4, 2) => 10.0
o: (1, 3, 3) => 10.0
o: (3, 3, 4) => 0.0
o: (1, 4, 3) => 15.0
o: (3, 4, 4) => 5.0
o: (4, 1, 1) => 15.0
o: (1, 1, 6) => 0.0
o: (2, 1, 5) => 5.0
o: (3, 3, 3) => 0.0
o: (3, 4, 3) => 5.0
o: (4, 2, 1) => 10.0
o: (1, 2, 6) => 5.0
o: (3, 1, 6) => 10.0
o: (2, 2, 5) => 0.0
o: (2, 3, 1) => 5.0
o: (1, 1, 4) => 0.0
o: (2, 1, 2) => 5.0
o: (2, 4, 1) => 10.0
o: (3, 2, 6) => 5.0
o: (1, 1, 3) => 0.0
o: (1, 2, 4) => 5.0
o: (2, 2, 2) => 0.0
o: (3, 1, 4) => 10.0

[118, 2742, 2732, 2643, 2633, 2648, 2566, 16]
JOBS in the order of refs (Vprime)
Node 1: Job(0, Point(70, 70, 0), 0, 0, 2535, 0, 0, 0)
Node 2: Job(2, Point(26, 50, 2), 7, 1490, 1730, 10, 0, 108)
Node 3: Job(3, Point(30, 57, 0), 20, 0, 2483, 10, 0, 95)
Node 4: Job(4, Point(29, 60, 0), 14, 0, 2483, 10, 0, 20)
Node 5: Job(6, Point(137, 137, 1), 27, 339, 579, 10, 0, 191)
Node 6: Job(8, Point(78, 111, 1), 22, 47, 287, 10, 0, 136)
Node 7: Job(9, Point(107, 25, 1), 13, 1035, 1275, 10, 0, 82)
Node 8: Job(10, Point(17, 138, 1), 8, 1670, 1910, 10, 0, 73)
Node 9: Job(12, Point(20, 69, 3), 13, 0, 2475, 10, 0, 164)
Node 10: Job(13, Point(121, 123, 3), 9, 0, 2452, 10, 0, 52)
Node 11: Job(18, Point(79, 72, 3), 22, 0, 2516, 10, 0, 138)
Node 12: Job(23, Point(78, 63, 3), 19, 0, 2515, 10, 0, 110)
Node 13: Job(25, Point(37, 79, 3), 5, 0, 2491, 10, 0, 87)
Node 14: Job(26, Point(64, 132, 0), 8, 170, 410, 10, 0, 173)
Node 15: Job(27, Point(133, 130, 1), 13, 0, 2438, 10, 0, 76)
Node 16: Job(31, Point(140, 42, 3), 13, 0, 2450, 10, 0, 15)
Node 17: Job(32, Point(121, 124, 0), 21, 539, 779, 10, 0, 127)
Node 18: Job(33, Point(42, 29, 3), 12, 0, 2476, 10, 0, 192)
Node 19: Job(35, Point(32, 6, 0), 11, 320, 560, 10, 0, 30)
Node 20: Job(36, Point(41, 36, 1), 13, 146, 386, 10, 0, 37)
Node 21: Job(38, Point(107, 102, 2), 12, 0, 2477, 10, 0, 19)
Node 22: Job(40, Point(132, 133, 2), 24, 0, 2437, 10, 0, 72)
Node 23: Job(41, Point(81, 57, 2), 8, 17, 257, 10, 0, 198)
Node 24: Job(42, Point(120, 52, 0), 20, 0, 2472, 10, 0, 43)
Node 25: Job(45, Point(82, 103, 2), 15, 0, 2490, 10, 0, 16)
Node 26: Job(47, Point(90, 44, 3), 6, 149, 389, 10, 0, 165)
Node 27: Job(50, Point(64, 138, 0), 15, 0, 2457, 10, 0, 124)
Node 28: Job(51, Point(98, 4, 0), 20, 0, 2454, 10, 0, 49)
Node 29: Job(56, Point(86, 40, 2), 22, 0, 2491, 10, 0, 11)
Node 30: Job(58, Point(59, 115, 2), 26, 1195, 1435, 10, 0, 86)
Node 31: Job(64, Point(37, 125, 0), 10, 0, 2461, 10, 0, 79)
Node 32: Job(65, Point(99, 34, 3), 9, 243, 483, 10, 0, 120)
Node 33: Job(66, Point(38, 122, 0), 13, 876, 1116, 10, 0, 55)
Node 34: Job(68, Point(109, 131, 2), 16, 0, 2453, 10, 0, 158)
Node 35: Job(74, Point(48, 47, 3), 19, 31, 271, 10, 0, 44)
Node 36: Job(75, Point(104, 73, 3), 17, 0, 2491, 10, 0, 169)
Node 37: Job(77, Point(103, 44, 2), 12, 0, 2483, 10, 0, 94)
Node 38: Job(78, Point(73, 96, 3), 9, 604, 844, 10, 0, 5)
Node 39: Job(80, Point(71, 70, 1), 9, 0, 2524, 10, 0, 119)
Node 40: Job(81, Point(83, 12, 2), 29, 0, 2466, 10, 0, 83)
Node 41: Job(88, Point(120, 22, 2), 39, 396, 636, 10, 0, 122)
Node 42: Job(89, Point(54, 106, 2), 9, 1117, 1357, 10, 0, 22)
Node 43: Job(90, Point(63, 129, 0), 7, 765, 1005, 10, 0, 17)
Node 44: Job(91, Point(33, 117, 2), 20, 316, 556, 10, 0, 96)
Node 45: Job(92, Point(102, 52, 1), 15, 0, 2489, 10, 0, 61)
Node 46: Job(93, Point(13, 129, 1), 25, 1345, 1585, 10, 0, 189)
Node 47: Job(99, Point(70, 83, 2), 23, 0, 2512, 10, 0, 57)
Node 48: Job(100, Point(12, 48, 3), 4, 172, 412, 10, 0, 34)
Node 49: Job(103, Point(116, 22, 1), 32, 491, 731, 10, 0, 60)
Node 50: Job(105, Point(19, 120, 0), 16, 0, 2454, 10, 0, 85)
Node 51: Job(106, Point(23, 39, 3), 20, 1347, 1587, 10, 0, 179)
Node 52: Job(109, Point(18, 70, 3), 26, 1504, 1744, 10, 0, 53)
Node 53: Job(111, Point(61, 57, 2), 35, 0, 2510, 10, 0, 163)
Node 54: Job(112, Point(123, 84, 3), 13, 1606, 1846, 10, 0, 102)
Node 55: Job(113, Point(37, 73, 3), 33, 0, 2492, 10, 0, 70)
Node 56: Job(114, Point(115, 124, 0), 11, 0, 2455, 10, 0, 63)
Node 57: Job(115, Point(93, 61, 3), 10, 0, 2501, 10, 0, 71)
Node 58: Job(116, Point(89, 39, 3), 23, 36, 276, 10, 0, 14)
Node 59: Job(118, Point(108, 30, 1), 18, 323, 563, 10, 0, 107)
Node 60: Job(121, Point(2, 106, 3), 16, 1487, 1727, 10, 0, 171)
Node 61: Job(123, Point(26, 130, 2), 20, 0, 2451, 10, 0, 54)
Node 62: Job(108, Point(15, 18, 1), -7, 1540, 1780, 10, 2, 0)
Node 63: Job(95, Point(114, 109, 1), -20, 249, 489, 10, 3, 0)
Node 64: Job(20, Point(8, 87, 2), -14, 1545, 1785, 10, 4, 0)
Node 65: Job(191, Point(125, 68, 2), -27, 708, 948, 10, 6, 0)
Node 66: Job(136, Point(92, 138, 1), -22, 0, 2454, 10, 8, 0)
Node 67: Job(82, Point(36, 54, 3), -13, 1428, 1668, 10, 9, 0)
Node 68: Job(73, Point(39, 100, 0), -8, 0, 2482, 10, 10, 0)
Node 69: Job(164, Point(65, 80, 2), -13, 0, 2514, 10, 12, 0)
Node 70: Job(52, Point(61, 34, 2), -9, 1830, 2070, 10, 13, 0)
Node 71: Job(138, Point(100, 99, 0), -22, 1136, 1376, 10, 18, 0)
Node 72: Job(110, Point(16, 62, 3), -19, 1524, 1764, 10, 23, 0)
Node 73: Job(87, Point(34, 72, 1), -5, 0, 2489, 10, 25, 0)
Node 74: Job(173, Point(67, 120, 0), -8, 1375, 1615, 10, 26, 0)
Node 75: Job(76, Point(9, 19, 3), -13, 1431, 1671, 10, 27, 0)
Node 76: Job(15, Point(137, 7, 1), -13, 0, 2434, 10, 31, 0)
Node 77: Job(127, Point(138, 105, 1), -21, 0, 2449, 10, 32, 0)
Node 78: Job(192, Point(44, 36, 2), -12, 131, 371, 10, 33, 0)
Node 79: Job(30, Point(10, 86, 3), -11, 0, 2463, 10, 35, 0)
Node 80: Job(37, Point(106, 10, 1), -13, 1135, 1375, 10, 36, 0)
Node 81: Job(19, Point(104, 32, 3), -12, 0, 2475, 10, 38, 0)
Node 82: Job(72, Point(88, 29, 2), -24, 0, 2481, 10, 40, 0)
Node 83: Job(198, Point(8, 138, 3), -8, 1105, 1345, 10, 41, 0)
Node 84: Job(43, Point(113, 32, 0), -20, 0, 2468, 10, 42, 0)
Node 85: Job(16, Point(50, 106, 3), -15, 1221, 1461, 10, 45, 0)
Node 86: Job(165, Point(28, 62, 2), -6, 0, 2483, 10, 47, 0)
Node 87: Job(124, Point(85, 111, 3), -15, 952, 1192, 10, 50, 0)
Node 88: Job(49, Point(89, 24, 2), -20, 0, 2476, 10, 51, 0)
Node 89: Job(11, Point(37, 138, 2), -22, 0, 2450, 10, 56, 0)
Node 90: Job(86, Point(67, 96, 0), -26, 1908, 2148, 10, 58, 0)
Node 91: Job(79, Point(44, 116, 2), -10, 0, 2473, 10, 64, 0)
Node 92: Job(120, Point(92, 22, 2), -9, 0, 2473, 10, 65, 0)
Node 93: Job(55, Point(84, 88, 0), -13, 1365, 1605, 10, 66, 0)
Node 94: Job(158, Point(54, 41, 3), -16, 1065, 1305, 10, 68, 0)
Node 95: Job(44, Point(137, 101, 1), -19, 617, 857, 10, 74, 0)
Node 96: Job(169, Point(51, 92, 2), -17, 1731, 1971, 10, 75, 0)
Node 97: Job(94, Point(34, 20, 1), -12, 0, 2464, 10, 77, 0)
Node 98: Job(5, Point(69, 116, 2), -9, 0, 2479, 10, 78, 0)
Node 99: Job(119, Point(120, 60, 1), -9, 156, 396, 10, 80, 0)
Node 100: Job(83, Point(16, 92, 0), -29, 0, 2467, 10, 81, 0)
Node 101: Job(122, Point(117, 92, 0), -39, 0, 2474, 10, 88, 0)
Node 102: Job(22, Point(80, 103, 3), -9, 1428, 1668, 10, 89, 0)
Node 103: Job(17, Point(46, 112, 3), -7, 1084, 1324, 10, 90, 0)
Node 104: Job(96, Point(86, 80, 2), -20, 0, 2507, 10, 91, 0)
Node 105: Job(61, Point(104, 54, 0), -15, 150, 390, 10, 92, 0)
Node 106: Job(189, Point(5, 99, 1), -25, 0, 2454, 10, 93, 0)
Node 107: Job(57, Point(69, 115, 0), -23, 0, 2480, 10, 99, 0)
Node 108: Job(34, Point(44, 58, 1), -4, 39, 279, 10, 100, 0)
Node 109: Job(60, Point(107, 77, 1), -32, 0, 2488, 10, 103, 0)
Node 110: Job(85, Point(27, 104, 2), -16, 1949, 2189, 10, 105, 0)
Node 111: Job(179, Point(60, 23, 2), -20, 0, 2477, 10, 106, 0)
Node 112: Job(53, Point(60, 84, 0), -26, 1866, 2106, 10, 109, 0)
Node 113: Job(163, Point(54, 78, 1), -35, 0, 2508, 10, 111, 0)
Node 114: Job(102, Point(109, 78, 3), -13, 0, 2486, 10, 112, 0)
Node 115: Job(70, Point(47, 83, 2), -33, 0, 2499, 10, 113, 0)
Node 116: Job(63, Point(32, 52, 2), -11, 0, 2483, 10, 114, 0)
Node 117: Job(71, Point(139, 68, 1), -10, 0, 2456, 10, 115, 0)
Node 118: Job(14, Point(22, 104, 0), -23, 0, 2467, 10, 116, 0)
Node 119: Job(107, Point(110, 99, 0), -18, 0, 2476, 10, 118, 0)
Node 120: Job(171, Point(66, 82, 2), -16, 0, 2513, 10, 121, 0)
Node 121: Job(54, Point(13, 48, 2), -20, 1622, 1862, 10, 123, 0)
Node 122: Job(0, Point(70, 70, 0), 0, 0, 2535, 0, 0, 0)

### Preprocessing Data ###
	-> arcs: 14884 (100.0%)
	-> arc_removals: 3515 (23.62%)
	-> arc_removals_is_loop: 122 (0.82%)
	-> arc_removals_is_delivery_to_pickup: 62 (0.42%)
	-> arc_removals_is_depot_begin_to_delivery: 60 (0.4%)
	-> arc_removals_is_pickup_to_depot_end: 60 (0.4%)
	-> arc_removals_is_dest_depot_begin: 120 (0.81%)
	-> arc_removals_is_orig_depot_end: 119 (0.8%)
	-> arc_removals_is_capacity_violated: 0 (0.0%)
	-> arc_removals_is_time_window_limited: 2181 (14.65%)
	-> arc_removals_is_time_window_pairing_limited: 568 (3.82%)
	-> arc_removals_is_indirect_request_service_impossible: 223 (1.5%)
	-> gamma_vars: 0 (0%)
	-> feas_gamma_vars: 0 (0%)
	-> infeas_gamma_vars_is_next_mtrv_unreachable: 0 (0%)
	-> infeas_gamma_vars_is_iprime_jprime_eq_i_j: 0 (0%)
	-> machine_removal_for_an_arc: 0 (0.0%)
##########################

[02:00:46.608] Print configuration
------------------------------------------------------
"
[02:00:46.608] Running Multi Start Heuristic"
> Experiment started at 2025-10-04T02:00:46.608
> Instance: LR2_2_7_t2_60R_60V_04F_06M
> Algorithm Parameters:


	>Stop params:
		>  - rule ITERATIONS
		>  - argument 60000.0
		>  - maximum_time 3600

	>General params:
		>  - instPath /dados/rmelo/PDPTW-SE/benchmark_multi_floor_v3/official_experiments/multistartlp/preliminar/set_01_pt_02/../../../../instances/orig_ams_fg/60R_60V_04F_06M/t2/LR2_2_7/
		>  - name LR2_2_7
		>  - type t2
		>  - group 60R_60V_04F_06M
		>  - fullname LR2_2_7_t2_60R_60V_04F_06M
		>  - methodType heur
		>  - methodCode mslp
		>  - genconfigfile /dados/rmelo/PDPTW-SE/benchmark_multi_floor_v3/official_experiments/multistartlp/preliminar/set_01_pt_02/configs/genconfig_mslp.conf
		>  - genconfigfilename genconfig_mslp
		>  - greedy_service_order random
		>  - cutoff 0
		>  - cutoffmachs 6
		>  - num_machs 0
		>  - solver Gurobi
		>  - maxtime 3600
		>  - gurobiCuts 1
		>  - typeUserCut 0
		>  - mipPresolve -1
		>  - printsol 1
		>  - maxnodes -1
		>  - elevator 1
		>  - make_instance_feasible false
		>  - output /dados/rmelo/PDPTW-SE/benchmark_multi_floor_v3/official_experiments/multistartlp/preliminar/set_01_pt_02/logs
		>  - suff_outputs _seed_108_alpha_10p
		>  - suff_csv _bash_2
		>  - epsilon 0.005
		>  - epsilonCap 0.5
		>  - warmStart false
		>  - seed 108
		>  - rng Random.MersenneTwister(108)
		>  - alpha 0.1
		>  - maxiter 1000000
		>  - outputFlagGrbMIP 0
		>  - outputFlagGrbMSLP 0
		>  - outputFlagGrbLMNS 0
		>  - mslpr I
		>  - mslpa 60000
		>  - lmnsr M
		>  - lmnsa 60
		>  - lmnsRepairTime 30.0
		>  - lmnsMIPFocus 0
		>  - lmnsGapToBiggerDestruction 50
		>  - lmnsGapToSmallerDestruction 95
		>  - lmnsWeightShawDistProx 1.0
		>  - lmnsWeightShawEarlProx 1.0
		>  - lmnsWeightShawSameRoute 1.0
		>  - lmnsWeightShawDemandSim 1.0
		>  - lmnsReqRApplyMIPStart true
		>  - lmnsAcceptanceCriteria H
		>  - lmnsMetropolisTemp 100.0
		>  - lmnsSimulatedAnnealingTemp 100.0
		>  - lmnsSimulatedAnnealingCool 0.95
		>  - mipmaxtime 3600
		>  - csvfilename /dados/rmelo/PDPTW-SE/benchmark_multi_floor_v3/official_experiments/multistartlp/preliminar/set_01_pt_02/logs/heur_mslp/outputs/csvresults_heur_mslp_bash_2.csv
		>  - solfilename /dados/rmelo/PDPTW-SE/benchmark_multi_floor_v3/official_experiments/multistartlp/preliminar/set_01_pt_02/logs/heur_mslp/solutions/60R_60V_04F_06M/LR2_2_7_sol_genconfig_mslp_seed_108_alpha_10p.txt
		>  - timelineFilename /dados/rmelo/PDPTW-SE/benchmark_multi_floor_v3/official_experiments/multistartlp/preliminar/set_01_pt_02/logs/heur_mslp/timelines/60R_60V_04F_06M/LR2_2_7_timeline_genconfig_mslp_seed_108_alpha_10p.txt
		>  - grbFilename /dados/rmelo/PDPTW-SE/benchmark_multi_floor_v3/official_experiments/multistartlp/preliminar/set_01_pt_02/logs/heur_mslp/gurobi/60R_60V_04F_06M/LR2_2_7_grb_genconfig_mslp_seed_108_alpha_10p.log
		>  - threads 1
		>  - solverMethod AUTOMATIC

------------------------------------------------------
objValue;greedysol;iteration;time
11418.41;11594.87;1;0.374815
11213.77;11294.13;3;0.823959
10600.83;10677.46;196;24.580225

[03:00:46.74] Finished running MSLP

[03:00:46.74] Post running MSLP
Best solution value: 10600.83
Total time elapsed: 3600.030981
Time to best: 24.580225
Iterations: 28504
Iterations to best: 196
Improvements: 3
Infeasible solutions percentage: (7081 / 28504) = 24.8421 %
(LP improvements)/(LP runs) = 21423/21423 = 100.0000 %
Mean LP improvement percentage: 1.4396 %
[03:00:47.045] Writing results to CSV file: /dados/rmelo/PDPTW-SE/benchmark_multi_floor_v3/official_experiments/multistartlp/preliminar/set_01_pt_02/logs/heur_mslp/outputs/csvresults_heur_mslp_bash_2.csv

[03:00:49.006] Saving solution to file:/dados/rmelo/PDPTW-SE/benchmark_multi_floor_v3/official_experiments/multistartlp/preliminar/set_01_pt_02/logs/heur_mslp/solutions/60R_60V_04F_06M/LR2_2_7_sol_genconfig_mslp_seed_108_alpha_10p.txt

[03:00:49.006] Saving solution timeline to file: /dados/rmelo/PDPTW-SE/benchmark_multi_floor_v3/official_experiments/multistartlp/preliminar/set_01_pt_02/logs/heur_mslp/timelines/60R_60V_04F_06M/LR2_2_7_timeline_genconfig_mslp_seed_108_alpha_10p.txt
---------------------| VEHICLES |---------------------

Vehicle 8 :
	id: 0
		node: 1
		(x, y, z): (70, 70, 0)
		dem: 0
		earl: 0
		lat: 2535
		servt: 0
		pid: 0
		did: 0
		servST: 0.7500000000000038
		(h, h_ind): (-1, 0)
		load: 0.0

	Finished service at time: 0.7500000000000038

	Using Machine: 0
		Task 0 -> Machine 0 (Station 1): 1.41
		Vehicle arrival at machine station: 2.1600000000000037
		Waiting time until machine travel: 0.0

		Machine travel start time: 2.1600000000000037
		Region 0 -> Region 2: 10.0
		Machine arrival at machine station: 12.160000000000004

		Machine 0 (Station 3)-> Task 45: 33.84
		Vehicle arrival at task: 46.00000000000001
		Waiting time until service start time: 0.0

	id: 45
		node: 25
		(x, y, z): (82, 103, 2)
		dem: 15
		earl: 0
		lat: 2490
		servt: 10
		pid: 0
		did: 16
		servST: 46.00000000000001
		(h, h_ind): (0, 1)
		load: 15.0

	Finished service at time: 56.00000000000001

	Using Machine: 2
		Task 45 -> Machine 2 (Station 3): 34.54
		Vehicle arrival at machine station: 90.54
		Waiting time until machine travel: 0.0

		Machine travel start time: 90.54
		Region 2 -> Region 3: 5.0
		Machine arrival at machine station: 95.54

		Machine 2 (Station 4)-> Task 113: 32.06
		Vehicle arrival at task: 127.60000000000001
		Waiting time until service start time: 0.0

	id: 113
		node: 55
		(x, y, z): (37, 73, 3)
		dem: 33
		earl: 0
		lat: 2492
		servt: 10
		pid: 0
		did: 70
		servST: 127.60000000000001
		(h, h_ind): (2, 3)
		load: 48.0

	Finished service at time: 137.60000000000002

	Task 113 -> Task 100: 35.36
	Vehicle arrival at task: 172.96000000000004
	Waiting time until service start time: -0.0

	id: 100
		node: 48
		(x, y, z): (12, 48, 3)
		dem: 4
		earl: 172
		lat: 412
		servt: 10
		pid: 0
		did: 34
		servST: 172.96
		(h, h_ind): (-1, 0)
		load: 52.0

	Finished service at time: 182.96

	Using Machine: 4
		Task 100 -> Machine 4 (Station 4): 59.62
		Vehicle arrival at machine station: 242.58
		Waiting time until machine travel: 0.0

		Machine travel start time: 242.58
		Region 3 -> Region 1: 10.0
		Machine arrival at machine station: 252.58

		Machine 4 (Station 2)-> Task 34: 26.42
		Vehicle arrival at task: 279.0
		Waiting time until service start time: 0.0

	id: 34
		node: 108
		(x, y, z): (44, 58, 1)
		dem: -4
		earl: 39
		lat: 279
		servt: 10
		pid: 100
		did: 0
		servST: 279.0
		(h, h_ind): (4, 4)
		load: 48.0

	Finished service at time: 289.0

	Using Machine: 4
		Task 34 -> Machine 4 (Station 2): 26.42
		Vehicle arrival at machine station: 315.42
		Waiting time until machine travel: 0.0

		Machine travel start time: 315.42
		Region 1 -> Region 0: 5.0
		Machine arrival at machine station: 320.42

		Machine 4 (Station 1)-> Task 26: 61.07
		Vehicle arrival at task: 381.49
		Waiting time until service start time: 0.0

	id: 26
		node: 14
		(x, y, z): (64, 132, 0)
		dem: 8
		earl: 170
		lat: 410
		servt: 10
		pid: 0
		did: 173
		servST: 381.49
		(h, h_ind): (4, 6)
		load: 56.0

	Finished service at time: 391.49

	Using Machine: 4
		Task 26 -> Machine 4 (Station 1): 61.07
		Vehicle arrival at machine station: 452.56
		Waiting time until machine travel: 0.0

		Machine travel start time: 452.56
		Region 0 -> Region 2: 10.0
		Machine arrival at machine station: 462.56

		Machine 4 (Station 3)-> Task 70: 23.32
		Vehicle arrival at task: 485.88
		Waiting time until service start time: 0.0

	id: 70
		node: 115
		(x, y, z): (47, 83, 2)
		dem: -33
		earl: 0
		lat: 2499
		servt: 10
		pid: 113
		did: 0
		servST: 485.88
		(h, h_ind): (4, 9)
		load: 23.0

	Finished service at time: 495.88

	Task 70 -> Task 91: 36.77
	Vehicle arrival at task: 532.65
	Waiting time until service start time: 0.0

	id: 91
		node: 44
		(x, y, z): (33, 117, 2)
		dem: 20
		earl: 316
		lat: 556
		servt: 10
		pid: 0
		did: 96
		servST: 532.65
		(h, h_ind): (-1, 0)
		load: 43.0

	Finished service at time: 542.65

	Task 91 -> Task 81: 116.3
	Vehicle arrival at task: 658.9499999999999
	Waiting time until service start time: 0.0

	id: 81
		node: 40
		(x, y, z): (83, 12, 2)
		dem: 29
		earl: 0
		lat: 2466
		servt: 10
		pid: 0
		did: 83
		servST: 658.9499999999999
		(h, h_ind): (-1, 0)
		load: 72.0

	Finished service at time: 668.9499999999999

	Using Machine: 4
		Task 81 -> Machine 4 (Station 3): 61.13
		Vehicle arrival at machine station: 730.0799999999999
		Waiting time until machine travel: 0.0

		Machine travel start time: 730.0799999999999
		Region 2 -> Region 0: 10.0
		Machine arrival at machine station: 740.0799999999999

		Machine 4 (Station 1)-> Task 83: 55.15
		Vehicle arrival at task: 795.2299999999999
		Waiting time until service start time: 0.0

	id: 83
		node: 100
		(x, y, z): (16, 92, 0)
		dem: -29
		earl: 0
		lat: 2467
		servt: 10
		pid: 81
		did: 0
		servST: 795.2299999999999
		(h, h_ind): (4, 10)
		load: 43.0

	Finished service at time: 805.2299999999999

	Task 83 -> Task 64: 39.12
	Vehicle arrival at task: 844.3499999999999
	Waiting time until service start time: 0.0

	id: 64
		node: 31
		(x, y, z): (37, 125, 0)
		dem: 10
		earl: 0
		lat: 2461
		servt: 10
		pid: 0
		did: 79
		servST: 844.3499999999999
		(h, h_ind): (-1, 0)
		load: 53.0

	Finished service at time: 854.3499999999999

	Task 64 -> Task 50: 29.97
	Vehicle arrival at task: 884.3199999999999
	Waiting time until service start time: 0.0

	id: 50
		node: 27
		(x, y, z): (64, 138, 0)
		dem: 15
		earl: 0
		lat: 2457
		servt: 10
		pid: 0
		did: 124
		servST: 884.3199999999999
		(h, h_ind): (-1, 0)
		load: 68.0

	Finished service at time: 894.3199999999999

	Task 50 -> Task 90: 9.06
	Vehicle arrival at task: 903.3799999999999
	Waiting time until service start time: 0.0

	id: 90
		node: 43
		(x, y, z): (63, 129, 0)
		dem: 7
		earl: 765
		lat: 1005
		servt: 10
		pid: 0
		did: 17
		servST: 903.3799999999999
		(h, h_ind): (-1, 0)
		load: 75.0

	Finished service at time: 913.3799999999999

	Using Machine: 4
		Task 90 -> Machine 4 (Station 1): 58.14
		Vehicle arrival at machine station: 971.5199999999999
		Waiting time until machine travel: 0.0

		Machine travel start time: 971.5199999999999
		Region 0 -> Region 2: 10.0
		Machine arrival at machine station: 981.5199999999999

		Machine 4 (Station 3)-> Task 79: 50.54
		Vehicle arrival at task: 1032.06
		Waiting time until service start time: 0.0

	id: 79
		node: 91
		(x, y, z): (44, 116, 2)
		dem: -10
		earl: 0
		lat: 2473
		servt: 10
		pid: 64
		did: 0
		servST: 1032.06
		(h, h_ind): (4, 13)
		load: 65.0

	Finished service at time: 1042.06

	Using Machine: 4
		Task 79 -> Machine 4 (Station 3): 50.54
		Vehicle arrival at machine station: 1092.6
		Waiting time until machine travel: 0.0

		Machine travel start time: 1092.6
		Region 2 -> Region 3: 5.0
		Machine arrival at machine station: 1097.6

		Machine 4 (Station 4)-> Task 124: 43.86
		Vehicle arrival at task: 1141.4599999999998
		Waiting time until service start time: 0.0

	id: 124
		node: 87
		(x, y, z): (85, 111, 3)
		dem: -15
		earl: 952
		lat: 1192
		servt: 10
		pid: 50
		did: 0
		servST: 1141.4599999999998
		(h, h_ind): (4, 15)
		load: 50.0

	Finished service at time: 1151.4599999999998

	Task 124 -> Task 17: 39.01
	Vehicle arrival at task: 1190.4699999999998
	Waiting time until service start time: 0.0

	id: 17
		node: 103
		(x, y, z): (46, 112, 3)
		dem: -7
		earl: 1084
		lat: 1324
		servt: 10
		pid: 90
		did: 0
		servST: 1190.4699999999998
		(h, h_ind): (-1, 0)
		load: 43.0

	Finished service at time: 1200.4699999999998

	Task 17 -> Task 16: 7.21
	Vehicle arrival at task: 1207.6799999999998
	Waiting time until service start time: 13.32

	id: 16
		node: 85
		(x, y, z): (50, 106, 3)
		dem: -15
		earl: 1221
		lat: 1461
		servt: 10
		pid: 45
		did: 0
		servST: 1221.0
		(h, h_ind): (-1, 0)
		load: 28.0

	Finished service at time: 1231.0

	Using Machine: 5
		Task 16 -> Machine 5 (Station 4): 44.2
		Vehicle arrival at machine station: 1275.2
		Waiting time until machine travel: 0.0

		Machine travel start time: 1275.2
		Region 3 -> Region 2: 5.0
		Machine arrival at machine station: 1280.2

		Machine 5 (Station 3)-> Task 96: 12.73
		Vehicle arrival at task: 1292.93
		Waiting time until service start time: 0.0

	id: 96
		node: 104
		(x, y, z): (86, 80, 2)
		dem: -20
		earl: 0
		lat: 2507
		servt: 10
		pid: 91
		did: 0
		servST: 1292.93
		(h, h_ind): (5, 18)
		load: 8.0

	Finished service at time: 1302.93

	Using Machine: 5
		Task 96 -> Machine 5 (Station 3): 12.73
		Vehicle arrival at machine station: 1315.66
		Waiting time until machine travel: 0.0

		Machine travel start time: 1315.66
		Region 2 -> Region 0: 10.0
		Machine arrival at machine station: 1325.66

		Machine 5 (Station 1)-> Task 173: 50.01
		Vehicle arrival at task: 1375.67
		Waiting time until service start time: 0.0

	id: 173
		node: 74
		(x, y, z): (67, 120, 0)
		dem: -8
		earl: 1375
		lat: 1615
		servt: 10
		pid: 26
		did: 0
		servST: 1375.67
		(h, h_ind): (5, 19)
		load: 0.0

	Finished service at time: 1385.67

	Using Machine: 4
		Task 173 -> Machine 4 (Station 1): 49.0
		Vehicle arrival at machine station: 1434.67
		Waiting time until machine travel: 0.0

		Machine travel start time: 1434.67
		Region 0 -> Region 3: 15.0
		Machine arrival at machine station: 1449.67

		Machine 4 (Station 4)-> Task 121: 73.82
		Vehicle arrival at task: 1523.49
		Waiting time until service start time: 0.0

	id: 121
		node: 60
		(x, y, z): (2, 106, 3)
		dem: 16
		earl: 1487
		lat: 1727
		servt: 10
		pid: 0
		did: 171
		servST: 1523.49
		(h, h_ind): (4, 19)
		load: 16.0

	Finished service at time: 1533.49

	Task 121 -> Task 109: 39.4
	Vehicle arrival at task: 1572.89
	Waiting time until service start time: 0.0

	id: 109
		node: 52
		(x, y, z): (18, 70, 3)
		dem: 26
		earl: 1504
		lat: 1744
		servt: 10
		pid: 0
		did: 53
		servST: 1572.89
		(h, h_ind): (-1, 0)
		load: 42.0

	Finished service at time: 1582.89

	Using Machine: 4
		Task 109 -> Machine 4 (Station 4): 49.01
		Vehicle arrival at machine station: 1631.9
		Waiting time until machine travel: 0.0

		Machine travel start time: 1631.9
		Region 3 -> Region 2: 5.0
		Machine arrival at machine station: 1636.9

		Machine 4 (Station 3)-> Task 171: 11.05
		Vehicle arrival at task: 1647.95
		Waiting time until service start time: 0.0

	id: 171
		node: 120
		(x, y, z): (66, 82, 2)
		dem: -16
		earl: 0
		lat: 2513
		servt: 10
		pid: 121
		did: 0
		servST: 1647.95
		(h, h_ind): (4, 23)
		load: 26.0

	Finished service at time: 1657.95

	Using Machine: 4
		Task 171 -> Machine 4 (Station 3): 11.05
		Vehicle arrival at machine station: 1669.0
		Waiting time until machine travel: 0.0

		Machine travel start time: 1669.0
		Region 2 -> Region 1: 5.0
		Machine arrival at machine station: 1674.0

		Machine 4 (Station 2)-> Task 10: 83.6
		Vehicle arrival at task: 1757.6
		Waiting time until service start time: 0.0

	id: 10
		node: 8
		(x, y, z): (17, 138, 1)
		dem: 8
		earl: 1670
		lat: 1910
		servt: 10
		pid: 0
		did: 73
		servST: 1757.6
		(h, h_ind): (4, 25)
		load: 34.0

	Finished service at time: 1767.6

	Using Machine: 5
		Task 10 -> Machine 5 (Station 2): 89.94
		Vehicle arrival at machine station: 1857.54
		Waiting time until machine travel: 0.0

		Machine travel start time: 1857.54
		Region 1 -> Region 0: 5.0
		Machine arrival at machine station: 1862.54

		Machine 5 (Station 1)-> Task 42: 47.01
		Vehicle arrival at task: 1909.55
		Waiting time until service start time: 0.0

	id: 42
		node: 24
		(x, y, z): (120, 52, 0)
		dem: 20
		earl: 0
		lat: 2472
		servt: 10
		pid: 0
		did: 43
		servST: 1909.55
		(h, h_ind): (5, 20)
		load: 54.0

	Finished service at time: 1919.55

	Task 42 -> Task 43: 21.19
	Vehicle arrival at task: 1940.74
	Waiting time until service start time: 0.0

	id: 43
		node: 84
		(x, y, z): (113, 32, 0)
		dem: -20
		earl: 0
		lat: 2468
		servt: 10
		pid: 42
		did: 0
		servST: 1940.74
		(h, h_ind): (-1, 0)
		load: 34.0

	Finished service at time: 1950.74

	Task 43 -> Task 73: 100.5
	Vehicle arrival at task: 2051.24
	Waiting time until service start time: 0.0

	id: 73
		node: 68
		(x, y, z): (39, 100, 0)
		dem: -8
		earl: 0
		lat: 2482
		servt: 10
		pid: 10
		did: 0
		servST: 2051.24
		(h, h_ind): (-1, 0)
		load: 26.0

	Finished service at time: 2061.24

	Task 73 -> Task 53: 26.4
	Vehicle arrival at task: 2087.64
	Waiting time until service start time: 0.0

	id: 53
		node: 112
		(x, y, z): (60, 84, 0)
		dem: -26
		earl: 1866
		lat: 2106
		servt: 10
		pid: 109
		did: 0
		servST: 2087.64
		(h, h_ind): (-1, 0)
		load: 0.0

	Finished service at time: 2097.64

	Task 53 -> Task 0: 17.2
	Vehicle arrival at task: 2114.8399999999997
	Waiting time until service start time: 0.0

	id: 0
		node: 122
		(x, y, z): (70, 70, 0)
		dem: 0
		earl: 0
		lat: 2535
		servt: 0
		pid: 0
		did: 0
		servST: 2114.8399999999997
		(h, h_ind): (-1, 0)
		load: 0.0


Vehicle 15 :
	id: 0
		node: 1
		(x, y, z): (70, 70, 0)
		dem: 0
		earl: 0
		lat: 2535
		servt: 0
		pid: 0
		did: 0
		servST: 29.02000000000001
		(h, h_ind): (-1, 0)
		load: 0.0

	Finished service at time: 29.02000000000001

	Using Machine: 2
		Task 0 -> Machine 2 (Station 1): 1.41
		Vehicle arrival at machine station: 30.43000000000001
		Waiting time until machine travel: 0.0

		Machine travel start time: 30.43000000000001
		Region 0 -> Region 2: 10.0
		Machine arrival at machine station: 40.43000000000001

		Machine 2 (Station 3)-> Task 111: 16.12
		Vehicle arrival at task: 56.55000000000001
		Waiting time until service start time: 0.0

	id: 111
		node: 53
		(x, y, z): (61, 57, 2)
		dem: 35
		earl: 0
		lat: 2510
		servt: 10
		pid: 0
		did: 163
		servST: 56.55000000000001
		(h, h_ind): (2, 1)
		load: 35.0

	Finished service at time: 66.55000000000001

	Using Machine: 4
		Task 111 -> Machine 4 (Station 3): 15.23
		Vehicle arrival at machine station: 81.78000000000002
		Waiting time until machine travel: 0.0

		Machine travel start time: 81.78000000000002
		Region 2 -> Region 3: 5.0
		Machine arrival at machine station: 86.78000000000002

		Machine 4 (Station 4)-> Task 33: 48.88
		Vehicle arrival at task: 135.66000000000003
		Waiting time until service start time: 0.0

	id: 33
		node: 18
		(x, y, z): (42, 29, 3)
		dem: 12
		earl: 0
		lat: 2476
		servt: 10
		pid: 0
		did: 192
		servST: 135.66000000000003
		(h, h_ind): (4, 2)
		load: 47.0

	Finished service at time: 145.66000000000003

	Task 33 -> Task 65: 57.22
	Vehicle arrival at task: 202.88000000000002
	Waiting time until service start time: 40.12

	id: 65
		node: 32
		(x, y, z): (99, 34, 3)
		dem: 9
		earl: 243
		lat: 483
		servt: 10
		pid: 0
		did: 120
		servST: 243.0
		(h, h_ind): (-1, 0)
		load: 56.0

	Finished service at time: 253.0

	Using Machine: 0
		Task 65 -> Machine 0 (Station 4): 46.4
		Vehicle arrival at machine station: 299.4
		Waiting time until machine travel: 0.0

		Machine travel start time: 299.4
		Region 3 -> Region 2: 5.0
		Machine arrival at machine station: 304.4

		Machine 0 (Station 3)-> Task 192: 44.2
		Vehicle arrival at task: 348.59999999999997
		Waiting time until service start time: 0.0

	id: 192
		node: 78
		(x, y, z): (44, 36, 2)
		dem: -12
		earl: 131
		lat: 371
		servt: 10
		pid: 33
		did: 0
		servST: 348.59999999999997
		(h, h_ind): (0, 3)
		load: 44.0

	Finished service at time: 358.59999999999997

	Using Machine: 4
		Task 192 -> Machine 4 (Station 3): 41.88
		Vehicle arrival at machine station: 400.47999999999996
		Waiting time until machine travel: 0.0

		Machine travel start time: 400.47999999999996
		Region 2 -> Region 1: 5.0
		Machine arrival at machine station: 405.47999999999996

		Machine 4 (Station 2)-> Task 163: 14.76
		Vehicle arrival at task: 420.23999999999995
		Waiting time until service start time: 0.0

	id: 163
		node: 113
		(x, y, z): (54, 78, 1)
		dem: -35
		earl: 0
		lat: 2508
		servt: 10
		pid: 111
		did: 0
		servST: 420.23999999999995
		(h, h_ind): (4, 7)
		load: 9.0

	Finished service at time: 430.23999999999995

	Using Machine: 4
		Task 163 -> Machine 4 (Station 2): 14.76
		Vehicle arrival at machine station: 444.99999999999994
		Waiting time until machine travel: 0.0

		Machine travel start time: 444.99999999999994
		Region 1 -> Region 0: 5.0
		Machine arrival at machine station: 449.99999999999994

		Machine 4 (Station 1)-> Task 35: 73.82
		Vehicle arrival at task: 523.8199999999999
		Waiting time until service start time: 0.0

	id: 35
		node: 19
		(x, y, z): (32, 6, 0)
		dem: 11
		earl: 320
		lat: 560
		servt: 10
		pid: 0
		did: 30
		servST: 523.8199999999999
		(h, h_ind): (4, 8)
		load: 20.0

	Finished service at time: 533.8199999999999

	Task 35 -> Task 51: 66.03
	Vehicle arrival at task: 599.8499999999999
	Waiting time until service start time: 0.0

	id: 51
		node: 28
		(x, y, z): (98, 4, 0)
		dem: 20
		earl: 0
		lat: 2454
		servt: 10
		pid: 0
		did: 49
		servST: 599.8499999999999
		(h, h_ind): (-1, 0)
		load: 40.0

	Finished service at time: 609.8499999999999

	Using Machine: 5
		Task 51 -> Machine 5 (Station 1): 70.21
		Vehicle arrival at machine station: 680.06
		Waiting time until machine travel: 0.0

		Machine travel start time: 680.06
		Region 0 -> Region 2: 10.0
		Machine arrival at machine station: 690.06

		Machine 5 (Station 3)-> Task 120: 51.24
		Vehicle arrival at task: 741.3
		Waiting time until service start time: 0.0

	id: 120
		node: 92
		(x, y, z): (92, 22, 2)
		dem: -9
		earl: 0
		lat: 2473
		servt: 10
		pid: 65
		did: 0
		servST: 741.3
		(h, h_ind): (5, 10)
		load: 31.0

	Finished service at time: 751.3

	Using Machine: 5
		Task 120 -> Machine 5 (Station 3): 51.24
		Vehicle arrival at machine station: 802.54
		Waiting time until machine travel: 0.0

		Machine travel start time: 802.54
		Region 2 -> Region 3: 5.0
		Machine arrival at machine station: 807.54

		Machine 5 (Station 4)-> Task 78: 25.32
		Vehicle arrival at task: 832.86
		Waiting time until service start time: 0.0

	id: 78
		node: 38
		(x, y, z): (73, 96, 3)
		dem: 9
		earl: 604
		lat: 844
		servt: 10
		pid: 0
		did: 5
		servST: 832.86
		(h, h_ind): (5, 13)
		load: 40.0

	Finished service at time: 842.86

	Using Machine: 5
		Task 78 -> Machine 5 (Station 4): 25.32
		Vehicle arrival at machine station: 868.1800000000001
		Waiting time until machine travel: 0.0

		Machine travel start time: 868.1800000000001
		Region 3 -> Region 2: 5.0
		Machine arrival at machine station: 873.1800000000001

		Machine 5 (Station 3)-> Task 40: 82.88
		Vehicle arrival at task: 956.0600000000001
		Waiting time until service start time: 0.0

	id: 40
		node: 22
		(x, y, z): (132, 133, 2)
		dem: 24
		earl: 0
		lat: 2437
		servt: 10
		pid: 0
		did: 72
		servST: 956.0600000000001
		(h, h_ind): (5, 14)
		load: 64.0

	Finished service at time: 966.0600000000001

	Task 40 -> Task 49: 117.18
	Vehicle arrival at task: 1083.24
	Waiting time until service start time: 0.0

	id: 49
		node: 88
		(x, y, z): (89, 24, 2)
		dem: -20
		earl: 0
		lat: 2476
		servt: 10
		pid: 51
		did: 0
		servST: 1083.24
		(h, h_ind): (-1, 0)
		load: 44.0

	Finished service at time: 1093.24

	Task 49 -> Task 72: 5.1
	Vehicle arrival at task: 1098.34
	Waiting time until service start time: 0.0

	id: 72
		node: 82
		(x, y, z): (88, 29, 2)
		dem: -24
		earl: 0
		lat: 2481
		servt: 10
		pid: 40
		did: 0
		servST: 1098.34
		(h, h_ind): (-1, 0)
		load: 20.0

	Finished service at time: 1108.34

	Task 72 -> Task 89: 84.17
	Vehicle arrival at task: 1192.51
	Waiting time until service start time: 0.0

	id: 89
		node: 42
		(x, y, z): (54, 106, 2)
		dem: 9
		earl: 1117
		lat: 1357
		servt: 10
		pid: 0
		did: 22
		servST: 1192.51
		(h, h_ind): (-1, 0)
		load: 29.0

	Finished service at time: 1202.51

	Task 89 -> Task 58: 10.3
	Vehicle arrival at task: 1212.81
	Waiting time until service start time: 0.0

	id: 58
		node: 30
		(x, y, z): (59, 115, 2)
		dem: 26
		earl: 1195
		lat: 1435
		servt: 10
		pid: 0
		did: 86
		servST: 1212.81
		(h, h_ind): (-1, 0)
		load: 55.0

	Finished service at time: 1222.81

	Task 58 -> Task 5: 10.05
	Vehicle arrival at task: 1232.86
	Waiting time until service start time: 0.0

	id: 5
		node: 98
		(x, y, z): (69, 116, 2)
		dem: -9
		earl: 0
		lat: 2479
		servt: 10
		pid: 78
		did: 0
		servST: 1232.86
		(h, h_ind): (-1, 0)
		load: 46.0

	Finished service at time: 1242.86

	Using Machine: 4
		Task 5 -> Machine 4 (Station 3): 45.04
		Vehicle arrival at machine station: 1287.8999999999999
		Waiting time until machine travel: 0.0

		Machine travel start time: 1287.8999999999999
		Region 2 -> Region 3: 5.0
		Machine arrival at machine station: 1292.8999999999999

		Machine 4 (Station 4)-> Task 30: 58.94
		Vehicle arrival at task: 1351.84
		Waiting time until service start time: 0.0

	id: 30
		node: 79
		(x, y, z): (10, 86, 3)
		dem: -11
		earl: 0
		lat: 2463
		servt: 10
		pid: 35
		did: 0
		servST: 1351.84
		(h, h_ind): (4, 18)
		load: 35.0

	Finished service at time: 1361.84

	Task 30 -> Task 106: 48.76
	Vehicle arrival at task: 1410.6
	Waiting time until service start time: 0.0

	id: 106
		node: 51
		(x, y, z): (23, 39, 3)
		dem: 20
		earl: 1347
		lat: 1587
		servt: 10
		pid: 0
		did: 179
		servST: 1410.6
		(h, h_ind): (-1, 0)
		load: 55.0

	Finished service at time: 1420.6

	Using Machine: 4
		Task 106 -> Machine 4 (Station 4): 54.41
		Vehicle arrival at machine station: 1475.01
		Waiting time until machine travel: 0.0

		Machine travel start time: 1475.01
		Region 3 -> Region 2: 5.0
		Machine arrival at machine station: 1480.01

		Machine 4 (Station 3)-> Task 2: 46.07
		Vehicle arrival at task: 1526.08
		Waiting time until service start time: 0.0

	id: 2
		node: 2
		(x, y, z): (26, 50, 2)
		dem: 7
		earl: 1490
		lat: 1730
		servt: 10
		pid: 0
		did: 108
		servST: 1526.08
		(h, h_ind): (4, 20)
		load: 62.0

	Finished service at time: 1536.08

	Using Machine: 4
		Task 2 -> Machine 4 (Station 3): 46.07
		Vehicle arrival at machine station: 1582.1499999999999
		Waiting time until machine travel: 0.0

		Machine travel start time: 1582.1499999999999
		Region 2 -> Region 3: 5.0
		Machine arrival at machine station: 1587.1499999999999

		Machine 4 (Station 4)-> Task 22: 34.54
		Vehicle arrival at task: 1621.6899999999998
		Waiting time until service start time: 0.0

	id: 22
		node: 102
		(x, y, z): (80, 103, 3)
		dem: -9
		earl: 1428
		lat: 1668
		servt: 10
		pid: 89
		did: 0
		servST: 1621.6899999999998
		(h, h_ind): (4, 21)
		load: 53.0

	Finished service at time: 1631.6899999999998

	Using Machine: 2
		Task 22 -> Machine 2 (Station 4): 33.84
		Vehicle arrival at machine station: 1665.5299999999997
		Waiting time until machine travel: 0.0

		Machine travel start time: 1665.5299999999997
		Region 3 -> Region 1: 10.0
		Machine arrival at machine station: 1675.5299999999997

		Machine 2 (Station 2)-> Task 108: 75.66
		Vehicle arrival at task: 1751.1899999999998
		Waiting time until service start time: 0.0

	id: 108
		node: 62
		(x, y, z): (15, 18, 1)
		dem: -7
		earl: 1540
		lat: 1780
		servt: 10
		pid: 2
		did: 0
		servST: 1751.1899999999998
		(h, h_ind): (2, 9)
		load: 46.0

	Finished service at time: 1761.1899999999998

	Using Machine: 4
		Task 108 -> Machine 4 (Station 2): 74.25
		Vehicle arrival at machine station: 1835.4399999999998
		Waiting time until machine travel: 0.0

		Machine travel start time: 1835.4399999999998
		Region 1 -> Region 0: 5.0
		Machine arrival at machine station: 1840.4399999999998

		Machine 4 (Station 1)-> Task 105: 68.59
		Vehicle arrival at task: 1909.0299999999997
		Waiting time until service start time: 0.0

	id: 105
		node: 50
		(x, y, z): (19, 120, 0)
		dem: 16
		earl: 0
		lat: 2454
		servt: 10
		pid: 0
		did: 85
		servST: 1909.0299999999997
		(h, h_ind): (4, 27)
		load: 62.0

	Finished service at time: 1919.0299999999997

	Task 105 -> Task 86: 53.67
	Vehicle arrival at task: 1972.6999999999998
	Waiting time until service start time: 0.0

	id: 86
		node: 90
		(x, y, z): (67, 96, 0)
		dem: -26
		earl: 1908
		lat: 2148
		servt: 10
		pid: 58
		did: 0
		servST: 1972.6999999999998
		(h, h_ind): (-1, 0)
		load: 36.0

	Finished service at time: 1982.6999999999998

	Using Machine: 4
		Task 86 -> Machine 4 (Station 1): 25.0
		Vehicle arrival at machine station: 2007.6999999999998
		Waiting time until machine travel: 0.0

		Machine travel start time: 2007.6999999999998
		Region 0 -> Region 2: 10.0
		Machine arrival at machine station: 2017.6999999999998

		Machine 4 (Station 3)-> Task 85: 51.86
		Vehicle arrival at task: 2069.56
		Waiting time until service start time: 0.0

	id: 85
		node: 110
		(x, y, z): (27, 104, 2)
		dem: -16
		earl: 1949
		lat: 2189
		servt: 10
		pid: 105
		did: 0
		servST: 2069.56
		(h, h_ind): (4, 28)
		load: 20.0

	Finished service at time: 2079.56

	Task 85 -> Task 179: 87.46
	Vehicle arrival at task: 2167.02
	Waiting time until service start time: 0.0

	id: 179
		node: 111
		(x, y, z): (60, 23, 2)
		dem: -20
		earl: 0
		lat: 2477
		servt: 10
		pid: 106
		did: 0
		servST: 2167.02
		(h, h_ind): (-1, 0)
		load: 0.0

	Finished service at time: 2177.02

	Using Machine: 2
		Task 179 -> Machine 2 (Station 3): 48.84
		Vehicle arrival at machine station: 2225.86
		Waiting time until machine travel: 0.0

		Machine travel start time: 2225.86
		Region 2 -> Region 0: 10.0
		Machine arrival at machine station: 2235.86

		Machine 2 (Station 1)-> Task 0: 1.41
		Vehicle arrival at task: 2237.27
		Waiting time until service start time: 0.0

	id: 0
		node: 122
		(x, y, z): (70, 70, 0)
		dem: 0
		earl: 0
		lat: 2535
		servt: 0
		pid: 0
		did: 0
		servST: 2237.27
		(h, h_ind): (2, 12)
		load: 0.0


Vehicle 17 :
	id: 0
		node: 1
		(x, y, z): (70, 70, 0)
		dem: 0
		earl: 0
		lat: 2535
		servt: 0
		pid: 0
		did: 0
		servST: 3.929999999999989
		(h, h_ind): (-1, 0)
		load: 0.0

	Finished service at time: 3.929999999999989

	Using Machine: 4
		Task 0 -> Machine 4 (Station 1): 3.16
		Vehicle arrival at machine station: 7.089999999999989
		Waiting time until machine travel: 0.0

		Machine travel start time: 7.089999999999989
		Region 0 -> Region 2: 10.0
		Machine arrival at machine station: 17.08999999999999

		Machine 4 (Station 3)-> Task 99: 12.37
		Vehicle arrival at task: 29.459999999999987
		Waiting time until service start time: 0.0

	id: 99
		node: 47
		(x, y, z): (70, 83, 2)
		dem: 23
		earl: 0
		lat: 2512
		servt: 10
		pid: 0
		did: 57
		servST: 29.459999999999987
		(h, h_ind): (4, 1)
		load: 23.0

	Finished service at time: 39.45999999999999

	Using Machine: 2
		Task 99 -> Machine 2 (Station 3): 12.04
		Vehicle arrival at machine station: 51.499999999999986
		Waiting time until machine travel: 0.0

		Machine travel start time: 51.499999999999986
		Region 2 -> Region 0: 10.0
		Machine arrival at machine station: 61.499999999999986

		Machine 2 (Station 1)-> Task 57: 44.0
		Vehicle arrival at task: 105.49999999999999
		Waiting time until service start time: 0.0

	id: 57
		node: 107
		(x, y, z): (69, 115, 0)
		dem: -23
		earl: 0
		lat: 2480
		servt: 10
		pid: 99
		did: 0
		servST: 105.49999999999999
		(h, h_ind): (2, 2)
		load: 0.0

	Finished service at time: 115.49999999999999

	Task 57 -> Task 3: 69.89
	Vehicle arrival at task: 185.39
	Waiting time until service start time: 0.0

	id: 3
		node: 3
		(x, y, z): (30, 57, 0)
		dem: 20
		earl: 0
		lat: 2483
		servt: 10
		pid: 0
		did: 95
		servST: 185.39
		(h, h_ind): (-1, 0)
		load: 20.0

	Finished service at time: 195.39

	Using Machine: 0
		Task 3 -> Machine 0 (Station 1): 43.32
		Vehicle arrival at machine station: 238.70999999999998
		Waiting time until machine travel: 0.0

		Machine travel start time: 238.70999999999998
		Region 0 -> Region 1: 5.0
		Machine arrival at machine station: 243.70999999999998

		Machine 0 (Station 2)-> Task 8: 40.61
		Vehicle arrival at task: 284.32
		Waiting time until service start time: 0.0

	id: 8
		node: 6
		(x, y, z): (78, 111, 1)
		dem: 22
		earl: 47
		lat: 287
		servt: 10
		pid: 0
		did: 136
		servST: 284.32
		(h, h_ind): (0, 2)
		load: 42.0

	Finished service at time: 294.32

	Task 8 -> Task 95: 36.06
	Vehicle arrival at task: 330.38
	Waiting time until service start time: 0.0

	id: 95
		node: 63
		(x, y, z): (114, 109, 1)
		dem: -20
		earl: 249
		lat: 489
		servt: 10
		pid: 3
		did: 0
		servST: 330.38
		(h, h_ind): (-1, 0)
		load: 22.0

	Finished service at time: 340.38

	Task 95 -> Task 136: 36.4
	Vehicle arrival at task: 376.78
	Waiting time until service start time: 0.0

	id: 136
		node: 66
		(x, y, z): (92, 138, 1)
		dem: -22
		earl: 0
		lat: 2454
		servt: 10
		pid: 8
		did: 0
		servST: 376.78
		(h, h_ind): (-1, 0)
		load: 0.0

	Finished service at time: 386.78

	Task 136 -> Task 103: 118.46
	Vehicle arrival at task: 505.23999999999995
	Waiting time until service start time: 0.0

	id: 103
		node: 49
		(x, y, z): (116, 22, 1)
		dem: 32
		earl: 491
		lat: 731
		servt: 10
		pid: 0
		did: 60
		servST: 505.23999999999995
		(h, h_ind): (-1, 0)
		load: 32.0

	Finished service at time: 515.24

	Task 103 -> Task 118: 11.31
	Vehicle arrival at task: 526.55
	Waiting time until service start time: 0.0

	id: 118
		node: 59
		(x, y, z): (108, 30, 1)
		dem: 18
		earl: 323
		lat: 563
		servt: 10
		pid: 0
		did: 107
		servST: 526.55
		(h, h_ind): (-1, 0)
		load: 50.0

	Finished service at time: 536.55

	Task 118 -> Task 60: 47.01
	Vehicle arrival at task: 583.56
	Waiting time until service start time: 0.0

	id: 60
		node: 109
		(x, y, z): (107, 77, 1)
		dem: -32
		earl: 0
		lat: 2488
		servt: 10
		pid: 103
		did: 0
		servST: 583.56
		(h, h_ind): (-1, 0)
		load: 18.0

	Finished service at time: 593.56

	Using Machine: 5
		Task 60 -> Machine 5 (Station 2): 30.59
		Vehicle arrival at machine station: 624.15
		Waiting time until machine travel: 0.0

		Machine travel start time: 624.15
		Region 1 -> Region 0: 5.0
		Machine arrival at machine station: 629.15

		Machine 5 (Station 1)-> Task 107: 43.28
		Vehicle arrival at task: 672.43
		Waiting time until service start time: 0.0

	id: 107
		node: 119
		(x, y, z): (110, 99, 0)
		dem: -18
		earl: 0
		lat: 2476
		servt: 10
		pid: 118
		did: 0
		servST: 672.43
		(h, h_ind): (5, 9)
		load: 0.0

	Finished service at time: 682.43

	Task 107 -> Task 0: 49.41
	Vehicle arrival at task: 731.8399999999999
	Waiting time until service start time: 0.0

	id: 0
		node: 122
		(x, y, z): (70, 70, 0)
		dem: 0
		earl: 0
		lat: 2535
		servt: 0
		pid: 0
		did: 0
		servST: 731.8399999999999
		(h, h_ind): (-1, 0)
		load: 0.0


Vehicle 23 :
	id: 0
		node: 1
		(x, y, z): (70, 70, 0)
		dem: 0
		earl: 0
		lat: 2535
		servt: 0
		pid: 0
		did: 0
		servST: 26.560000000000066
		(h, h_ind): (-1, 0)
		load: 0.0

	Finished service at time: 26.560000000000066

	Using Machine: 3
		Task 0 -> Machine 3 (Station 1): 5.1
		Vehicle arrival at machine station: 31.660000000000068
		Waiting time until machine travel: 0.0

		Machine travel start time: 31.660000000000068
		Region 0 -> Region 2: 10.0
		Machine arrival at machine station: 41.66000000000007

		Machine 3 (Station 3)-> Task 56: 32.89
		Vehicle arrival at task: 74.55000000000007
		Waiting time until service start time: 0.0

	id: 56
		node: 29
		(x, y, z): (86, 40, 2)
		dem: 22
		earl: 0
		lat: 2491
		servt: 10
		pid: 0
		did: 11
		servST: 74.55000000000007
		(h, h_ind): (3, 1)
		load: 22.0

	Finished service at time: 84.55000000000007

	Task 56 -> Task 77: 17.46
	Vehicle arrival at task: 102.01000000000008
	Waiting time until service start time: 0.0

	id: 77
		node: 37
		(x, y, z): (103, 44, 2)
		dem: 12
		earl: 0
		lat: 2483
		servt: 10
		pid: 0
		did: 94
		servST: 102.01000000000008
		(h, h_ind): (-1, 0)
		load: 34.0

	Finished service at time: 112.01000000000008

	Using Machine: 5
		Task 77 -> Machine 5 (Station 3): 37.48
		Vehicle arrival at machine station: 149.49000000000007
		Waiting time until machine travel: 0.0

		Machine travel start time: 149.49000000000007
		Region 2 -> Region 1: 5.0
		Machine arrival at machine station: 154.49000000000007

		Machine 5 (Station 2)-> Task 36: 50.21
		Vehicle arrival at task: 204.70000000000007
		Waiting time until service start time: 0.0

	id: 36
		node: 20
		(x, y, z): (41, 36, 1)
		dem: 13
		earl: 146
		lat: 386
		servt: 10
		pid: 0
		did: 37
		servST: 204.70000000000007
		(h, h_ind): (5, 3)
		load: 47.0

	Finished service at time: 214.70000000000007

	Task 36 -> Task 94: 17.46
	Vehicle arrival at task: 232.16000000000008
	Waiting time until service start time: 0.0

	id: 94
		node: 97
		(x, y, z): (34, 20, 1)
		dem: -12
		earl: 0
		lat: 2464
		servt: 10
		pid: 77
		did: 0
		servST: 232.16000000000008
		(h, h_ind): (-1, 0)
		load: 35.0

	Finished service at time: 242.16000000000008

	Using Machine: 4
		Task 94 -> Machine 4 (Station 2): 60.75
		Vehicle arrival at machine station: 302.9100000000001
		Waiting time until machine travel: 0.0

		Machine travel start time: 302.9100000000001
		Region 1 -> Region 2: 5.0
		Machine arrival at machine station: 307.9100000000001

		Machine 4 (Station 3)-> Task 11: 73.41
		Vehicle arrival at task: 381.32000000000005
		Waiting time until service start time: 0.0

	id: 11
		node: 89
		(x, y, z): (37, 138, 2)
		dem: -22
		earl: 0
		lat: 2450
		servt: 10
		pid: 56
		did: 0
		servST: 381.32000000000005
		(h, h_ind): (4, 5)
		load: 13.0

	Finished service at time: 391.32000000000005

	Task 11 -> Task 88: 142.64
	Vehicle arrival at task: 533.96
	Waiting time until service start time: 0.0

	id: 88
		node: 41
		(x, y, z): (120, 22, 2)
		dem: 39
		earl: 396
		lat: 636
		servt: 10
		pid: 0
		did: 122
		servST: 533.96
		(h, h_ind): (-1, 0)
		load: 52.0

	Finished service at time: 543.96

	Using Machine: 5
		Task 88 -> Machine 5 (Station 3): 65.19
		Vehicle arrival at machine station: 609.1500000000001
		Waiting time until machine travel: -0.0

		Machine travel start time: 609.15
		Region 2 -> Region 0: 10.0
		Machine arrival at machine station: 619.15

		Machine 5 (Station 1)-> Task 122: 45.18
		Vehicle arrival at task: 664.3299999999999
		Waiting time until service start time: 0.0

	id: 122
		node: 101
		(x, y, z): (117, 92, 0)
		dem: -39
		earl: 0
		lat: 2474
		servt: 10
		pid: 88
		did: 0
		servST: 664.3299999999999
		(h, h_ind): (5, 8)
		load: 13.0

	Finished service at time: 674.3299999999999

	Task 122 -> Task 32: 32.25
	Vehicle arrival at task: 706.5799999999999
	Waiting time until service start time: 0.0

	id: 32
		node: 17
		(x, y, z): (121, 124, 0)
		dem: 21
		earl: 539
		lat: 779
		servt: 10
		pid: 0
		did: 127
		servST: 706.5799999999999
		(h, h_ind): (-1, 0)
		load: 34.0

	Finished service at time: 716.5799999999999

	Using Machine: 5
		Task 32 -> Machine 5 (Station 1): 68.88
		Vehicle arrival at machine station: 785.4599999999999
		Waiting time until machine travel: 0.0

		Machine travel start time: 785.4599999999999
		Region 0 -> Region 1: 5.0
		Machine arrival at machine station: 790.4599999999999

		Machine 5 (Station 2)-> Task 127: 69.84
		Vehicle arrival at task: 860.3
		Waiting time until service start time: 0.0

	id: 127
		node: 77
		(x, y, z): (138, 105, 1)
		dem: -21
		earl: 0
		lat: 2449
		servt: 10
		pid: 32
		did: 0
		servST: 860.3
		(h, h_ind): (5, 12)
		load: 13.0

	Finished service at time: 870.3

	Using Machine: 5
		Task 127 -> Machine 5 (Station 2): 69.84
		Vehicle arrival at machine station: 940.14
		Waiting time until machine travel: 0.0

		Machine travel start time: 940.14
		Region 1 -> Region 2: 5.0
		Machine arrival at machine station: 945.14

		Machine 5 (Station 3)-> Task 68: 68.0
		Vehicle arrival at task: 1013.14
		Waiting time until service start time: 0.0

	id: 68
		node: 34
		(x, y, z): (109, 131, 2)
		dem: 16
		earl: 0
		lat: 2453
		servt: 10
		pid: 0
		did: 158
		servST: 1013.14
		(h, h_ind): (5, 15)
		load: 29.0

	Finished service at time: 1023.14

	Task 68 -> Task 38: 29.07
	Vehicle arrival at task: 1052.21
	Waiting time until service start time: 0.0

	id: 38
		node: 21
		(x, y, z): (107, 102, 2)
		dem: 12
		earl: 0
		lat: 2477
		servt: 10
		pid: 0
		did: 19
		servST: 1052.21
		(h, h_ind): (-1, 0)
		load: 41.0

	Finished service at time: 1062.21

	Using Machine: 3
		Task 38 -> Machine 3 (Station 3): 44.55
		Vehicle arrival at machine station: 1106.76
		Waiting time until machine travel: 0.0

		Machine travel start time: 1106.76
		Region 2 -> Region 1: 5.0
		Machine arrival at machine station: 1111.76

		Machine 3 (Station 2)-> Task 37: 68.43
		Vehicle arrival at task: 1180.19
		Waiting time until service start time: 0.0

	id: 37
		node: 80
		(x, y, z): (106, 10, 1)
		dem: -13
		earl: 1135
		lat: 1375
		servt: 10
		pid: 36
		did: 0
		servST: 1180.19
		(h, h_ind): (3, 3)
		load: 28.0

	Finished service at time: 1190.19

	Using Machine: 0
		Task 37 -> Machine 0 (Station 2): 70.33
		Vehicle arrival at machine station: 1260.52
		Waiting time until machine travel: 0.0

		Machine travel start time: 1260.52
		Region 1 -> Region 3: 10.0
		Machine arrival at machine station: 1270.52

		Machine 0 (Station 4)-> Task 158: 34.48
		Vehicle arrival at task: 1305.0
		Waiting time until service start time: 0.0

	id: 158
		node: 94
		(x, y, z): (54, 41, 3)
		dem: -16
		earl: 1065
		lat: 1305
		servt: 10
		pid: 68
		did: 0
		servST: 1305.0
		(h, h_ind): (0, 4)
		load: 12.0

	Finished service at time: 1315.0

	Task 158 -> Task 19: 50.8
	Vehicle arrival at task: 1365.8
	Waiting time until service start time: 0.0

	id: 19
		node: 81
		(x, y, z): (104, 32, 3)
		dem: -12
		earl: 0
		lat: 2475
		servt: 10
		pid: 38
		did: 0
		servST: 1365.8
		(h, h_ind): (-1, 0)
		load: 0.0

	Finished service at time: 1375.8

	Using Machine: 0
		Task 19 -> Machine 0 (Station 4): 51.09
		Vehicle arrival at machine station: 1426.8899999999999
		Waiting time until machine travel: 0.0

		Machine travel start time: 1426.8899999999999
		Region 3 -> Region 0: 15.0
		Machine arrival at machine station: 1441.8899999999999

		Machine 0 (Station 1)-> Task 0: 1.41
		Vehicle arrival at task: 1443.3
		Waiting time until service start time: 0.0

	id: 0
		node: 122
		(x, y, z): (70, 70, 0)
		dem: 0
		earl: 0
		lat: 2535
		servt: 0
		pid: 0
		did: 0
		servST: 1443.3
		(h, h_ind): (0, 5)
		load: 0.0


Vehicle 33 :
	id: 0
		node: 1
		(x, y, z): (70, 70, 0)
		dem: 0
		earl: 0
		lat: 2535
		servt: 0
		pid: 0
		did: 0
		servST: 36.84000000000006
		(h, h_ind): (-1, 0)
		load: 0.0

	Finished service at time: 36.84000000000006

	Using Machine: 1
		Task 0 -> Machine 1 (Station 1): 3.16
		Vehicle arrival at machine station: 40.00000000000006
		Waiting time until machine travel: 0.0

		Machine travel start time: 40.00000000000006
		Region 0 -> Region 1: 5.0
		Machine arrival at machine station: 45.00000000000006

		Machine 1 (Station 2)-> Task 80: 2.24
		Vehicle arrival at task: 47.24000000000006
		Waiting time until service start time: 0.0

	id: 80
		node: 39
		(x, y, z): (71, 70, 1)
		dem: 9
		earl: 0
		lat: 2524
		servt: 10
		pid: 0
		did: 119
		servST: 47.24000000000006
		(h, h_ind): (1, 1)
		load: 9.0

	Finished service at time: 57.24000000000006

	Task 80 -> Task 92: 35.85
	Vehicle arrival at task: 93.09000000000006
	Waiting time until service start time: 0.0

	id: 92
		node: 45
		(x, y, z): (102, 52, 1)
		dem: 15
		earl: 0
		lat: 2489
		servt: 10
		pid: 0
		did: 61
		servST: 93.09000000000006
		(h, h_ind): (-1, 0)
		load: 24.0

	Finished service at time: 103.09000000000006

	Using Machine: 5
		Task 92 -> Machine 5 (Station 2): 31.4
		Vehicle arrival at machine station: 134.49000000000007
		Waiting time until machine travel: 0.0

		Machine travel start time: 134.49000000000007
		Region 1 -> Region 0: 5.0
		Machine arrival at machine station: 139.49000000000007

		Machine 5 (Station 1)-> Task 61: 31.91
		Vehicle arrival at task: 171.40000000000006
		Waiting time until service start time: 7.12

	id: 61
		node: 105
		(x, y, z): (104, 54, 0)
		dem: -15
		earl: 150
		lat: 390
		servt: 10
		pid: 92
		did: 0
		servST: 178.52
		(h, h_ind): (5, 2)
		load: 9.0

	Finished service at time: 188.52

	Using Machine: 5
		Task 61 -> Machine 5 (Station 1): 31.91
		Vehicle arrival at machine station: 220.43
		Waiting time until machine travel: 0.0

		Machine travel start time: 220.43
		Region 0 -> Region 3: 15.0
		Machine arrival at machine station: 235.43

		Machine 5 (Station 4)-> Task 115: 18.87
		Vehicle arrival at task: 254.3
		Waiting time until service start time: 0.0

	id: 115
		node: 57
		(x, y, z): (93, 61, 3)
		dem: 10
		earl: 0
		lat: 2501
		servt: 10
		pid: 0
		did: 71
		servST: 254.3
		(h, h_ind): (5, 4)
		load: 19.0

	Finished service at time: 264.3

	Using Machine: 5
		Task 115 -> Machine 5 (Station 4): 18.87
		Vehicle arrival at machine station: 283.17
		Waiting time until machine travel: 0.0

		Machine travel start time: 283.17
		Region 3 -> Region 1: 10.0
		Machine arrival at machine station: 293.17

		Machine 5 (Station 2)-> Task 71: 62.07
		Vehicle arrival at task: 355.24
		Waiting time until service start time: 0.0

	id: 71
		node: 117
		(x, y, z): (139, 68, 1)
		dem: -10
		earl: 0
		lat: 2456
		servt: 10
		pid: 115
		did: 0
		servST: 355.24
		(h, h_ind): (5, 5)
		load: 9.0

	Finished service at time: 365.24

	Task 71 -> Task 119: 20.62
	Vehicle arrival at task: 385.86
	Waiting time until service start time: 0.0

	id: 119
		node: 99
		(x, y, z): (120, 60, 1)
		dem: -9
		earl: 156
		lat: 396
		servt: 10
		pid: 80
		did: 0
		servST: 385.86
		(h, h_ind): (-1, 0)
		load: 0.0

	Finished service at time: 395.86

	Task 119 -> Task 6: 78.85
	Vehicle arrival at task: 474.71000000000004
	Waiting time until service start time: -0.0

	id: 6
		node: 5
		(x, y, z): (137, 137, 1)
		dem: 27
		earl: 339
		lat: 579
		servt: 10
		pid: 0
		did: 191
		servST: 474.71
		(h, h_ind): (-1, 0)
		load: 27.0

	Finished service at time: 484.71

	Using Machine: 5
		Task 6 -> Machine 5 (Station 2): 89.2
		Vehicle arrival at machine station: 573.91
		Waiting time until machine travel: 0.0

		Machine travel start time: 573.91
		Region 1 -> Region 3: 10.0
		Machine arrival at machine station: 583.91

		Machine 5 (Station 4)-> Task 31: 69.35
		Vehicle arrival at task: 653.26
		Waiting time until service start time: 0.0

	id: 31
		node: 16
		(x, y, z): (140, 42, 3)
		dem: 13
		earl: 0
		lat: 2450
		servt: 10
		pid: 0
		did: 15
		servST: 653.26
		(h, h_ind): (5, 7)
		load: 40.0

	Finished service at time: 663.26

	Task 31 -> Task 23: 65.46
	Vehicle arrival at task: 728.72
	Waiting time until service start time: 0.0

	id: 23
		node: 12
		(x, y, z): (78, 63, 3)
		dem: 19
		earl: 0
		lat: 2515
		servt: 10
		pid: 0
		did: 110
		servST: 728.72
		(h, h_ind): (-1, 0)
		load: 59.0

	Finished service at time: 738.72

	Using Machine: 5
		Task 23 -> Machine 5 (Station 4): 8.06
		Vehicle arrival at machine station: 746.78
		Waiting time until machine travel: 0.0

		Machine travel start time: 746.78
		Region 3 -> Region 2: 5.0
		Machine arrival at machine station: 751.78

		Machine 5 (Station 3)-> Task 191: 48.09
		Vehicle arrival at task: 799.87
		Waiting time until service start time: 0.0

	id: 191
		node: 65
		(x, y, z): (125, 68, 2)
		dem: -27
		earl: 708
		lat: 948
		servt: 10
		pid: 6
		did: 0
		servST: 799.87
		(h, h_ind): (5, 11)
		load: 32.0

	Finished service at time: 809.87

	Using Machine: 3
		Task 191 -> Machine 3 (Station 3): 50.09
		Vehicle arrival at machine station: 859.96
		Waiting time until machine travel: 0.0

		Machine travel start time: 859.96
		Region 2 -> Region 0: 10.0
		Machine arrival at machine station: 869.96

		Machine 3 (Station 1)-> Task 66: 63.01
		Vehicle arrival at task: 932.97
		Waiting time until service start time: 0.0

	id: 66
		node: 33
		(x, y, z): (38, 122, 0)
		dem: 13
		earl: 876
		lat: 1116
		servt: 10
		pid: 0
		did: 55
		servST: 932.97
		(h, h_ind): (3, 2)
		load: 45.0

	Finished service at time: 942.97

	Task 66 -> Task 114: 77.03
	Vehicle arrival at task: 1020.0
	Waiting time until service start time: 0.0

	id: 114
		node: 56
		(x, y, z): (115, 124, 0)
		dem: 11
		earl: 0
		lat: 2455
		servt: 10
		pid: 0
		did: 63
		servST: 1020.0
		(h, h_ind): (-1, 0)
		load: 56.0

	Finished service at time: 1030.0

	Using Machine: 5
		Task 114 -> Machine 5 (Station 1): 65.22
		Vehicle arrival at machine station: 1095.22
		Waiting time until machine travel: 0.0

		Machine travel start time: 1095.22
		Region 0 -> Region 3: 15.0
		Machine arrival at machine station: 1110.22

		Machine 5 (Station 4)-> Task 18: 2.24
		Vehicle arrival at task: 1112.46
		Waiting time until service start time: 0.0

	id: 18
		node: 11
		(x, y, z): (79, 72, 3)
		dem: 22
		earl: 0
		lat: 2516
		servt: 10
		pid: 0
		did: 138
		servST: 1112.46
		(h, h_ind): (5, 16)
		load: 78.0

	Finished service at time: 1122.46

	Using Machine: 5
		Task 18 -> Machine 5 (Station 4): 2.24
		Vehicle arrival at machine station: 1124.7
		Waiting time until machine travel: 0.0

		Machine travel start time: 1124.7
		Region 3 -> Region 1: 10.0
		Machine arrival at machine station: 1134.7

		Machine 5 (Station 2)-> Task 15: 87.73
		Vehicle arrival at task: 1222.43
		Waiting time until service start time: 0.0

	id: 15
		node: 76
		(x, y, z): (137, 7, 1)
		dem: -13
		earl: 0
		lat: 2434
		servt: 10
		pid: 31
		did: 0
		servST: 1222.43
		(h, h_ind): (5, 17)
		load: 65.0

	Finished service at time: 1232.43

	Task 15 -> Task 9: 34.99
	Vehicle arrival at task: 1267.42
	Waiting time until service start time: 0.0

	id: 9
		node: 7
		(x, y, z): (107, 25, 1)
		dem: 13
		earl: 1035
		lat: 1275
		servt: 10
		pid: 0
		did: 82
		servST: 1267.42
		(h, h_ind): (-1, 0)
		load: 78.0

	Finished service at time: 1277.42

	Using Machine: 3
		Task 9 -> Machine 3 (Station 2): 56.04
		Vehicle arrival at machine station: 1333.46
		Waiting time until machine travel: 0.0

		Machine travel start time: 1333.46
		Region 1 -> Region 0: 5.0
		Machine arrival at machine station: 1338.46

		Machine 3 (Station 1)-> Task 138: 37.54
		Vehicle arrival at task: 1376.0
		Waiting time until service start time: 0.0

	id: 138
		node: 71
		(x, y, z): (100, 99, 0)
		dem: -22
		earl: 1136
		lat: 1376
		servt: 10
		pid: 18
		did: 0
		servST: 1376.0
		(h, h_ind): (3, 4)
		load: 56.0

	Finished service at time: 1386.0

	Task 138 -> Task 55: 19.42
	Vehicle arrival at task: 1405.42
	Waiting time until service start time: 0.0

	id: 55
		node: 93
		(x, y, z): (84, 88, 0)
		dem: -13
		earl: 1365
		lat: 1605
		servt: 10
		pid: 66
		did: 0
		servST: 1405.42
		(h, h_ind): (-1, 0)
		load: 43.0

	Finished service at time: 1415.42

	Using Machine: 2
		Task 55 -> Machine 2 (Station 1): 22.67
		Vehicle arrival at machine station: 1438.0900000000001
		Waiting time until machine travel: 0.0

		Machine travel start time: 1438.0900000000001
		Region 0 -> Region 3: 15.0
		Machine arrival at machine station: 1453.0900000000001

		Machine 2 (Station 4)-> Task 110: 53.76
		Vehicle arrival at task: 1506.8500000000001
		Waiting time until service start time: 17.15

	id: 110
		node: 72
		(x, y, z): (16, 62, 3)
		dem: -19
		earl: 1524
		lat: 1764
		servt: 10
		pid: 23
		did: 0
		servST: 1524.0
		(h, h_ind): (2, 7)
		load: 24.0

	Finished service at time: 1534.0

	Task 110 -> Task 82: 21.54
	Vehicle arrival at task: 1555.54
	Waiting time until service start time: 0.0

	id: 82
		node: 67
		(x, y, z): (36, 54, 3)
		dem: -13
		earl: 1428
		lat: 1668
		servt: 10
		pid: 9
		did: 0
		servST: 1555.54
		(h, h_ind): (-1, 0)
		load: 11.0

	Finished service at time: 1565.54

	Using Machine: 4
		Task 82 -> Machine 4 (Station 4): 35.36
		Vehicle arrival at machine station: 1600.8999999999999
		Waiting time until machine travel: 0.0

		Machine travel start time: 1600.8999999999999
		Region 3 -> Region 2: 5.0
		Machine arrival at machine station: 1605.8999999999999

		Machine 4 (Station 3)-> Task 63: 39.82
		Vehicle arrival at task: 1645.7199999999998
		Waiting time until service start time: 0.0

	id: 63
		node: 116
		(x, y, z): (32, 52, 2)
		dem: -11
		earl: 0
		lat: 2483
		servt: 10
		pid: 114
		did: 0
		servST: 1645.7199999999998
		(h, h_ind): (4, 22)
		load: 0.0

	Finished service at time: 1655.7199999999998

	Using Machine: 4
		Task 63 -> Machine 4 (Station 3): 39.82
		Vehicle arrival at machine station: 1695.5399999999997
		Waiting time until machine travel: 0.0

		Machine travel start time: 1695.5399999999997
		Region 2 -> Region 3: 5.0
		Machine arrival at machine station: 1700.5399999999997

		Machine 4 (Station 4)-> Task 13: 74.97
		Vehicle arrival at task: 1775.5099999999998
		Waiting time until service start time: 0.0

	id: 13
		node: 10
		(x, y, z): (121, 123, 3)
		dem: 9
		earl: 0
		lat: 2452
		servt: 10
		pid: 0
		did: 52
		servST: 1775.5099999999998
		(h, h_ind): (4, 26)
		load: 9.0

	Finished service at time: 1785.5099999999998

	Task 13 -> Task 112: 39.05
	Vehicle arrival at task: 1824.5599999999997
	Waiting time until service start time: 0.0

	id: 112
		node: 54
		(x, y, z): (123, 84, 3)
		dem: 13
		earl: 1606
		lat: 1846
		servt: 10
		pid: 0
		did: 102
		servST: 1824.5599999999997
		(h, h_ind): (-1, 0)
		load: 22.0

	Finished service at time: 1834.5599999999997

	Task 112 -> Task 75: 21.95
	Vehicle arrival at task: 1856.5099999999998
	Waiting time until service start time: 0.0

	id: 75
		node: 36
		(x, y, z): (104, 73, 3)
		dem: 17
		earl: 0
		lat: 2491
		servt: 10
		pid: 0
		did: 169
		servST: 1856.5099999999998
		(h, h_ind): (-1, 0)
		load: 39.0

	Finished service at time: 1866.5099999999998

	Task 75 -> Task 102: 7.07
	Vehicle arrival at task: 1873.5799999999997
	Waiting time until service start time: 0.0

	id: 102
		node: 114
		(x, y, z): (109, 78, 3)
		dem: -13
		earl: 0
		lat: 2486
		servt: 10
		pid: 112
		did: 0
		servST: 1873.5799999999997
		(h, h_ind): (-1, 0)
		load: 26.0

	Finished service at time: 1883.5799999999997

	Using Machine: 5
		Task 102 -> Machine 5 (Station 4): 32.76
		Vehicle arrival at machine station: 1916.3399999999997
		Waiting time until machine travel: 0.0

		Machine travel start time: 1916.3399999999997
		Region 3 -> Region 2: 5.0
		Machine arrival at machine station: 1921.3399999999997

		Machine 5 (Station 3)-> Task 169: 33.42
		Vehicle arrival at task: 1954.7599999999998
		Waiting time until service start time: 0.0

	id: 169
		node: 96
		(x, y, z): (51, 92, 2)
		dem: -17
		earl: 1731
		lat: 1971
		servt: 10
		pid: 75
		did: 0
		servST: 1954.7599999999998
		(h, h_ind): (5, 21)
		load: 9.0

	Finished service at time: 1964.7599999999998

	Task 169 -> Task 52: 58.86
	Vehicle arrival at task: 2023.6199999999997
	Waiting time until service start time: 0.0

	id: 52
		node: 70
		(x, y, z): (61, 34, 2)
		dem: -9
		earl: 1830
		lat: 2070
		servt: 10
		pid: 13
		did: 0
		servST: 2023.6199999999997
		(h, h_ind): (-1, 0)
		load: 0.0

	Finished service at time: 2033.6199999999997

	Using Machine: 2
		Task 52 -> Machine 2 (Station 3): 37.85
		Vehicle arrival at machine station: 2071.47
		Waiting time until machine travel: 0.0

		Machine travel start time: 2071.47
		Region 2 -> Region 0: 10.0
		Machine arrival at machine station: 2081.47

		Machine 2 (Station 1)-> Task 0: 1.41
		Vehicle arrival at task: 2082.8799999999997
		Waiting time until service start time: 0.0

	id: 0
		node: 122
		(x, y, z): (70, 70, 0)
		dem: 0
		earl: 0
		lat: 2535
		servt: 0
		pid: 0
		did: 0
		servST: 2082.8799999999997
		(h, h_ind): (2, 11)
		load: 0.0


Vehicle 48 :
	id: 0
		node: 1
		(x, y, z): (70, 70, 0)
		dem: 0
		earl: 0
		lat: 2535
		servt: 0
		pid: 0
		did: 0
		servST: 0.0
		(h, h_ind): (-1, 0)
		load: 0.0

	Finished service at time: 0.0

	Using Machine: 5
		Task 0 -> Machine 5 (Station 1): 7.07
		Vehicle arrival at machine station: 7.07
		Waiting time until machine travel: 0.0

		Machine travel start time: 7.07
		Region 0 -> Region 3: 15.0
		Machine arrival at machine station: 22.07

		Machine 5 (Station 4)-> Task 116: 34.18
		Vehicle arrival at task: 56.25
		Waiting time until service start time: 0.0

	id: 116
		node: 58
		(x, y, z): (89, 39, 3)
		dem: 23
		earl: 36
		lat: 276
		servt: 10
		pid: 0
		did: 14
		servST: 56.25
		(h, h_ind): (5, 1)
		load: 23.0

	Finished service at time: 66.25

	Using Machine: 2
		Task 116 -> Machine 2 (Station 4): 37.74
		Vehicle arrival at machine station: 103.99000000000001
		Waiting time until machine travel: 0.0

		Machine travel start time: 103.99000000000001
		Region 3 -> Region 0: 15.0
		Machine arrival at machine station: 118.99000000000001

		Machine 2 (Station 1)-> Task 14: 57.43
		Vehicle arrival at task: 176.42000000000002
		Waiting time until service start time: 0.0

	id: 14
		node: 118
		(x, y, z): (22, 104, 0)
		dem: -23
		earl: 0
		lat: 2467
		servt: 10
		pid: 116
		did: 0
		servST: 176.42000000000002
		(h, h_ind): (2, 4)
		load: 0.0

	Finished service at time: 186.42000000000002

	Task 14 -> Task 0: 58.82
	Vehicle arrival at task: 245.24
	Waiting time until service start time: 0.0

	id: 0
		node: 122
		(x, y, z): (70, 70, 0)
		dem: 0
		earl: 0
		lat: 2535
		servt: 0
		pid: 0
		did: 0
		servST: 245.24
		(h, h_ind): (-1, 0)
		load: 0.0


Vehicle 49 :
	id: 0
		node: 1
		(x, y, z): (70, 70, 0)
		dem: 0
		earl: 0
		lat: 2535
		servt: 0
		pid: 0
		did: 0
		servST: 10.02000000000001
		(h, h_ind): (-1, 0)
		load: 0.0

	Finished service at time: 10.02000000000001

	Task 0 -> Task 4: 42.2
	Vehicle arrival at task: 52.22000000000001
	Waiting time until service start time: 0.0

	id: 4
		node: 4
		(x, y, z): (29, 60, 0)
		dem: 14
		earl: 0
		lat: 2483
		servt: 10
		pid: 0
		did: 20
		servST: 52.22000000000001
		(h, h_ind): (-1, 0)
		load: 14.0

	Finished service at time: 62.22000000000001

	Using Machine: 4
		Task 4 -> Machine 4 (Station 1): 39.56
		Vehicle arrival at machine station: 101.78000000000002
		Waiting time until machine travel: 0.0

		Machine travel start time: 101.78000000000002
		Region 0 -> Region 3: 15.0
		Machine arrival at machine station: 116.78000000000002

		Machine 4 (Station 4)-> Task 25: 31.05
		Vehicle arrival at task: 147.83
		Waiting time until service start time: 0.0

	id: 25
		node: 13
		(x, y, z): (37, 79, 3)
		dem: 5
		earl: 0
		lat: 2491
		servt: 10
		pid: 0
		did: 87
		servST: 147.83
		(h, h_ind): (4, 3)
		load: 19.0

	Finished service at time: 157.83

	Task 25 -> Task 74: 33.84
	Vehicle arrival at task: 191.67000000000002
	Waiting time until service start time: 0.0

	id: 74
		node: 35
		(x, y, z): (48, 47, 3)
		dem: 19
		earl: 31
		lat: 271
		servt: 10
		pid: 0
		did: 44
		servST: 191.67000000000002
		(h, h_ind): (-1, 0)
		load: 38.0

	Finished service at time: 201.67000000000002

	Using Machine: 2
		Task 74 -> Machine 2 (Station 4): 31.89
		Vehicle arrival at machine station: 233.56
		Waiting time until machine travel: 0.0

		Machine travel start time: 233.56
		Region 3 -> Region 2: 5.0
		Machine arrival at machine station: 238.56

		Machine 2 (Station 3)-> Task 41: 18.44
		Vehicle arrival at task: 257.0
		Waiting time until service start time: 0.0

	id: 41
		node: 23
		(x, y, z): (81, 57, 2)
		dem: 8
		earl: 17
		lat: 257
		servt: 10
		pid: 0
		did: 198
		servST: 257.0
		(h, h_ind): (2, 5)
		load: 46.0

	Finished service at time: 267.0

	Using Machine: 5
		Task 41 -> Machine 5 (Station 3): 14.56
		Vehicle arrival at machine station: 281.56
		Waiting time until machine travel: 72.47

		Machine travel start time: 354.03
		Region 2 -> Region 3: 5.0
		Machine arrival at machine station: 359.03

		Machine 5 (Station 4)-> Task 47: 29.97
		Vehicle arrival at task: 389.0
		Waiting time until service start time: 0.0

	id: 47
		node: 26
		(x, y, z): (90, 44, 3)
		dem: 6
		earl: 149
		lat: 389
		servt: 10
		pid: 0
		did: 165
		servST: 389.0
		(h, h_ind): (5, 6)
		load: 52.0

	Finished service at time: 399.0

	Task 47 -> Task 12: 74.33
	Vehicle arrival at task: 473.33
	Waiting time until service start time: 0.0

	id: 12
		node: 9
		(x, y, z): (20, 69, 3)
		dem: 13
		earl: 0
		lat: 2475
		servt: 10
		pid: 0
		did: 164
		servST: 473.33
		(h, h_ind): (-1, 0)
		load: 65.0

	Finished service at time: 483.33

	Using Machine: 2
		Task 12 -> Machine 2 (Station 4): 49.04
		Vehicle arrival at machine station: 532.37
		Waiting time until machine travel: 0.31

		Machine travel start time: 532.6800000000001
		Region 3 -> Region 1: 10.0
		Machine arrival at machine station: 542.6800000000001

		Machine 2 (Station 2)-> Task 44: 74.32
		Vehicle arrival at task: 617.0
		Waiting time until service start time: 0.0

	id: 44
		node: 95
		(x, y, z): (137, 101, 1)
		dem: -19
		earl: 617
		lat: 857
		servt: 10
		pid: 74
		did: 0
		servST: 617.0
		(h, h_ind): (2, 6)
		load: 46.0

	Finished service at time: 627.0

	Task 44 -> Task 27: 29.27
	Vehicle arrival at task: 656.27
	Waiting time until service start time: 0.0

	id: 27
		node: 15
		(x, y, z): (133, 130, 1)
		dem: 13
		earl: 0
		lat: 2438
		servt: 10
		pid: 0
		did: 76
		servST: 656.27
		(h, h_ind): (-1, 0)
		load: 59.0

	Finished service at time: 666.27

	Using Machine: 4
		Task 27 -> Machine 4 (Station 2): 88.53
		Vehicle arrival at machine station: 754.8
		Waiting time until machine travel: 0.0

		Machine travel start time: 754.8
		Region 1 -> Region 2: 5.0
		Machine arrival at machine station: 759.8

		Machine 4 (Station 3)-> Task 165: 40.02
		Vehicle arrival at task: 799.8199999999999
		Waiting time until service start time: 0.0

	id: 165
		node: 86
		(x, y, z): (28, 62, 2)
		dem: -6
		earl: 0
		lat: 2483
		servt: 10
		pid: 47
		did: 0
		servST: 799.8199999999999
		(h, h_ind): (4, 11)
		load: 53.0

	Finished service at time: 809.8199999999999

	Task 165 -> Task 123: 68.03
	Vehicle arrival at task: 877.8499999999999
	Waiting time until service start time: 0.0

	id: 123
		node: 61
		(x, y, z): (26, 130, 2)
		dem: 20
		earl: 0
		lat: 2451
		servt: 10
		pid: 0
		did: 54
		servST: 877.8499999999999
		(h, h_ind): (-1, 0)
		load: 73.0

	Finished service at time: 887.8499999999999

	Using Machine: 4
		Task 123 -> Machine 4 (Station 3): 71.85
		Vehicle arrival at machine station: 959.6999999999999
		Waiting time until machine travel: 0.0

		Machine travel start time: 959.6999999999999
		Region 2 -> Region 1: 5.0
		Machine arrival at machine station: 964.6999999999999

		Machine 4 (Station 2)-> Task 87: 33.02
		Vehicle arrival at task: 997.7199999999999
		Waiting time until service start time: 0.0

	id: 87
		node: 73
		(x, y, z): (34, 72, 1)
		dem: -5
		earl: 0
		lat: 2489
		servt: 10
		pid: 25
		did: 0
		servST: 997.7199999999999
		(h, h_ind): (4, 12)
		load: 68.0

	Finished service at time: 1007.7199999999999

	Using Machine: 4
		Task 87 -> Machine 4 (Station 2): 33.02
		Vehicle arrival at machine station: 1040.74
		Waiting time until machine travel: 0.0

		Machine travel start time: 1040.74
		Region 1 -> Region 3: 10.0
		Machine arrival at machine station: 1050.74

		Machine 4 (Station 4)-> Task 198: 89.27
		Vehicle arrival at task: 1140.01
		Waiting time until service start time: 0.0

	id: 198
		node: 83
		(x, y, z): (8, 138, 3)
		dem: -8
		earl: 1105
		lat: 1345
		servt: 10
		pid: 41
		did: 0
		servST: 1140.01
		(h, h_ind): (4, 14)
		load: 60.0

	Finished service at time: 1150.01

	Using Machine: 4
		Task 198 -> Machine 4 (Station 4): 89.27
		Vehicle arrival at machine station: 1239.28
		Waiting time until machine travel: 0.0

		Machine travel start time: 1239.28
		Region 3 -> Region 2: 5.0
		Machine arrival at machine station: 1244.28

		Machine 4 (Station 3)-> Task 164: 9.22
		Vehicle arrival at task: 1253.5
		Waiting time until service start time: 0.0

	id: 164
		node: 69
		(x, y, z): (65, 80, 2)
		dem: -13
		earl: 0
		lat: 2514
		servt: 10
		pid: 12
		did: 0
		servST: 1253.5
		(h, h_ind): (4, 16)
		load: 47.0

	Finished service at time: 1263.5

	Using Machine: 4
		Task 164 -> Machine 4 (Station 3): 9.22
		Vehicle arrival at machine station: 1272.72
		Waiting time until machine travel: 0.0

		Machine travel start time: 1272.72
		Region 2 -> Region 1: 5.0
		Machine arrival at machine station: 1277.72

		Machine 4 (Station 2)-> Task 93: 79.25
		Vehicle arrival at task: 1356.97
		Waiting time until service start time: 0.0

	id: 93
		node: 46
		(x, y, z): (13, 129, 1)
		dem: 25
		earl: 1345
		lat: 1585
		servt: 10
		pid: 0
		did: 189
		servST: 1356.97
		(h, h_ind): (4, 17)
		load: 72.0

	Finished service at time: 1366.97

	Task 93 -> Task 189: 31.05
	Vehicle arrival at task: 1398.02
	Waiting time until service start time: 0.0

	id: 189
		node: 106
		(x, y, z): (5, 99, 1)
		dem: -25
		earl: 0
		lat: 2454
		servt: 10
		pid: 93
		did: 0
		servST: 1398.02
		(h, h_ind): (-1, 0)
		load: 47.0

	Finished service at time: 1408.02

	Using Machine: 2
		Task 189 -> Machine 2 (Station 2): 69.86
		Vehicle arrival at machine station: 1477.8799999999999
		Waiting time until machine travel: 0.0

		Machine travel start time: 1477.8799999999999
		Region 1 -> Region 3: 10.0
		Machine arrival at machine station: 1487.8799999999999

		Machine 2 (Station 4)-> Task 76: 79.4
		Vehicle arrival at task: 1567.28
		Waiting time until service start time: 0.0

	id: 76
		node: 75
		(x, y, z): (9, 19, 3)
		dem: -13
		earl: 1431
		lat: 1671
		servt: 10
		pid: 27
		did: 0
		servST: 1567.28
		(h, h_ind): (2, 8)
		load: 34.0

	Finished service at time: 1577.28

	Using Machine: 4
		Task 76 -> Machine 4 (Station 4): 77.9
		Vehicle arrival at machine station: 1655.18
		Waiting time until machine travel: 0.0

		Machine travel start time: 1655.18
		Region 3 -> Region 2: 5.0
		Machine arrival at machine station: 1660.18

		Machine 4 (Station 3)-> Task 20: 61.13
		Vehicle arrival at task: 1721.3100000000002
		Waiting time until service start time: -0.0

	id: 20
		node: 64
		(x, y, z): (8, 87, 2)
		dem: -14
		earl: 1545
		lat: 1785
		servt: 10
		pid: 4
		did: 0
		servST: 1721.31
		(h, h_ind): (4, 24)
		load: 20.0

	Finished service at time: 1731.31

	Task 20 -> Task 54: 39.32
	Vehicle arrival at task: 1770.6299999999999
	Waiting time until service start time: 0.0

	id: 54
		node: 121
		(x, y, z): (13, 48, 2)
		dem: -20
		earl: 1622
		lat: 1862
		servt: 10
		pid: 123
		did: 0
		servST: 1770.6299999999999
		(h, h_ind): (-1, 0)
		load: 0.0

	Finished service at time: 1780.6299999999999

	Using Machine: 2
		Task 54 -> Machine 2 (Station 3): 60.54
		Vehicle arrival at machine station: 1841.1699999999998
		Waiting time until machine travel: 0.0

		Machine travel start time: 1841.1699999999998
		Region 2 -> Region 0: 10.0
		Machine arrival at machine station: 1851.1699999999998

		Machine 2 (Station 1)-> Task 0: 1.41
		Vehicle arrival at task: 1852.58
		Waiting time until service start time: 0.0

	id: 0
		node: 122
		(x, y, z): (70, 70, 0)
		dem: 0
		earl: 0
		lat: 2535
		servt: 0
		pid: 0
		did: 0
		servST: 1852.58
		(h, h_ind): (2, 10)
		load: 0.0


---------------------| MACHINES |---------------------

Machine 0 :
	setup duration: 0.0

	vehicle: 8
	vehicleInd: 2
	(orig, dest): (0, 45)
	(origRegion, destRegion): (0, 2)
	st: 2.1600000000000037
	duration: 10.0

	setup duration: 10.0

	vehicle: 17
	vehicleInd: 5
	(orig, dest): (3, 8)
	(origRegion, destRegion): (0, 1)
	st: 238.70999999999998
	duration: 5.0

	setup duration: 10.0

	vehicle: 15
	vehicleInd: 5
	(orig, dest): (65, 192)
	(origRegion, destRegion): (3, 2)
	st: 299.4
	duration: 5.0

	setup duration: 5.0

	vehicle: 23
	vehicleInd: 14
	(orig, dest): (37, 158)
	(origRegion, destRegion): (1, 3)
	st: 1260.52
	duration: 10.0

	setup duration: 0.0

	vehicle: 23
	vehicleInd: 16
	(orig, dest): (19, 0)
	(origRegion, destRegion): (3, 0)
	st: 1426.8899999999999
	duration: 15.0


Machine 1 :
	setup duration: 0.0

	vehicle: 33
	vehicleInd: 2
	(orig, dest): (0, 80)
	(origRegion, destRegion): (0, 1)
	st: 40.00000000000006
	duration: 5.0


Machine 2 :
	setup duration: 0.0

	vehicle: 15
	vehicleInd: 2
	(orig, dest): (0, 111)
	(origRegion, destRegion): (0, 2)
	st: 30.43000000000001
	duration: 10.0

	setup duration: 0.0

	vehicle: 17
	vehicleInd: 3
	(orig, dest): (99, 57)
	(origRegion, destRegion): (2, 0)
	st: 51.499999999999986
	duration: 10.0

	setup duration: 10.0

	vehicle: 8
	vehicleInd: 3
	(orig, dest): (45, 113)
	(origRegion, destRegion): (2, 3)
	st: 90.54
	duration: 5.0

	setup duration: 0.0

	vehicle: 48
	vehicleInd: 3
	(orig, dest): (116, 14)
	(origRegion, destRegion): (3, 0)
	st: 103.99000000000001
	duration: 15.0

	setup duration: 15.0

	vehicle: 49
	vehicleInd: 5
	(orig, dest): (74, 41)
	(origRegion, destRegion): (3, 2)
	st: 233.56
	duration: 5.0

	setup duration: 5.0

	vehicle: 49
	vehicleInd: 8
	(orig, dest): (12, 44)
	(origRegion, destRegion): (3, 1)
	st: 532.6800000000001
	duration: 10.0

	setup duration: 5.0

	vehicle: 33
	vehicleInd: 19
	(orig, dest): (55, 110)
	(origRegion, destRegion): (0, 3)
	st: 1438.0900000000001
	duration: 15.0

	setup duration: 10.0

	vehicle: 49
	vehicleInd: 17
	(orig, dest): (189, 76)
	(origRegion, destRegion): (1, 3)
	st: 1477.8799999999999
	duration: 10.0

	setup duration: 0.0

	vehicle: 15
	vehicleInd: 21
	(orig, dest): (22, 108)
	(origRegion, destRegion): (3, 1)
	st: 1665.5299999999997
	duration: 10.0

	setup duration: 5.0

	vehicle: 49
	vehicleInd: 20
	(orig, dest): (54, 0)
	(origRegion, destRegion): (2, 0)
	st: 1841.1699999999998
	duration: 10.0

	setup duration: 10.0

	vehicle: 33
	vehicleInd: 28
	(orig, dest): (52, 0)
	(origRegion, destRegion): (2, 0)
	st: 2071.47
	duration: 10.0

	setup duration: 10.0

	vehicle: 15
	vehicleInd: 26
	(orig, dest): (179, 0)
	(origRegion, destRegion): (2, 0)
	st: 2225.86
	duration: 10.0


Machine 3 :
	setup duration: 0.0

	vehicle: 23
	vehicleInd: 2
	(orig, dest): (0, 56)
	(origRegion, destRegion): (0, 2)
	st: 31.660000000000068
	duration: 10.0

	setup duration: 0.0

	vehicle: 33
	vehicleInd: 12
	(orig, dest): (191, 66)
	(origRegion, destRegion): (2, 0)
	st: 859.96
	duration: 10.0

	setup duration: 10.0

	vehicle: 23
	vehicleInd: 13
	(orig, dest): (38, 37)
	(origRegion, destRegion): (2, 1)
	st: 1106.76
	duration: 5.0

	setup duration: 0.0

	vehicle: 33
	vehicleInd: 17
	(orig, dest): (9, 138)
	(origRegion, destRegion): (1, 0)
	st: 1333.46
	duration: 5.0


Machine 4 :
	setup duration: 0.0

	vehicle: 17
	vehicleInd: 2
	(orig, dest): (0, 99)
	(origRegion, destRegion): (0, 2)
	st: 7.089999999999989
	duration: 10.0

	setup duration: 0.0

	vehicle: 15
	vehicleInd: 3
	(orig, dest): (111, 33)
	(origRegion, destRegion): (2, 3)
	st: 81.78000000000002
	duration: 5.0

	setup duration: 15.0

	vehicle: 49
	vehicleInd: 3
	(orig, dest): (4, 25)
	(origRegion, destRegion): (0, 3)
	st: 101.78000000000002
	duration: 15.0

	setup duration: 0.0

	vehicle: 8
	vehicleInd: 5
	(orig, dest): (100, 34)
	(origRegion, destRegion): (3, 1)
	st: 242.58
	duration: 10.0

	setup duration: 0.0

	vehicle: 23
	vehicleInd: 6
	(orig, dest): (94, 11)
	(origRegion, destRegion): (1, 2)
	st: 302.9100000000001
	duration: 5.0

	setup duration: 5.0

	vehicle: 8
	vehicleInd: 6
	(orig, dest): (34, 26)
	(origRegion, destRegion): (1, 0)
	st: 315.42
	duration: 5.0

	setup duration: 10.0

	vehicle: 15
	vehicleInd: 6
	(orig, dest): (192, 163)
	(origRegion, destRegion): (2, 1)
	st: 400.47999999999996
	duration: 5.0

	setup duration: 0.0

	vehicle: 15
	vehicleInd: 7
	(orig, dest): (163, 35)
	(origRegion, destRegion): (1, 0)
	st: 444.99999999999994
	duration: 5.0

	setup duration: 0.0

	vehicle: 8
	vehicleInd: 7
	(orig, dest): (26, 70)
	(origRegion, destRegion): (0, 2)
	st: 452.56
	duration: 10.0

	setup duration: 0.0

	vehicle: 8
	vehicleInd: 10
	(orig, dest): (81, 83)
	(origRegion, destRegion): (2, 0)
	st: 730.0799999999999
	duration: 10.0

	setup duration: 5.0

	vehicle: 49
	vehicleInd: 10
	(orig, dest): (27, 165)
	(origRegion, destRegion): (1, 2)
	st: 754.8
	duration: 5.0

	setup duration: 0.0

	vehicle: 49
	vehicleInd: 12
	(orig, dest): (123, 87)
	(origRegion, destRegion): (2, 1)
	st: 959.6999999999999
	duration: 5.0

	setup duration: 5.0

	vehicle: 8
	vehicleInd: 14
	(orig, dest): (90, 79)
	(origRegion, destRegion): (0, 2)
	st: 971.5199999999999
	duration: 10.0

	setup duration: 5.0

	vehicle: 49
	vehicleInd: 13
	(orig, dest): (87, 198)
	(origRegion, destRegion): (1, 3)
	st: 1040.74
	duration: 10.0

	setup duration: 5.0

	vehicle: 8
	vehicleInd: 15
	(orig, dest): (79, 124)
	(origRegion, destRegion): (2, 3)
	st: 1092.6
	duration: 5.0

	setup duration: 0.0

	vehicle: 49
	vehicleInd: 14
	(orig, dest): (198, 164)
	(origRegion, destRegion): (3, 2)
	st: 1239.28
	duration: 5.0

	setup duration: 0.0

	vehicle: 49
	vehicleInd: 15
	(orig, dest): (164, 93)
	(origRegion, destRegion): (2, 1)
	st: 1272.72
	duration: 5.0

	setup duration: 5.0

	vehicle: 15
	vehicleInd: 17
	(orig, dest): (5, 30)
	(origRegion, destRegion): (2, 3)
	st: 1287.8999999999999
	duration: 5.0

	setup duration: 15.0

	vehicle: 8
	vehicleInd: 20
	(orig, dest): (173, 121)
	(origRegion, destRegion): (0, 3)
	st: 1434.67
	duration: 15.0

	setup duration: 0.0

	vehicle: 15
	vehicleInd: 19
	(orig, dest): (106, 2)
	(origRegion, destRegion): (3, 2)
	st: 1475.01
	duration: 5.0

	setup duration: 0.0

	vehicle: 15
	vehicleInd: 20
	(orig, dest): (2, 22)
	(origRegion, destRegion): (2, 3)
	st: 1582.1499999999999
	duration: 5.0

	setup duration: 0.0

	vehicle: 33
	vehicleInd: 21
	(orig, dest): (82, 63)
	(origRegion, destRegion): (3, 2)
	st: 1600.8999999999999
	duration: 5.0

	setup duration: 5.0

	vehicle: 8
	vehicleInd: 22
	(orig, dest): (109, 171)
	(origRegion, destRegion): (3, 2)
	st: 1631.9
	duration: 5.0

	setup duration: 5.0

	vehicle: 49
	vehicleInd: 18
	(orig, dest): (76, 20)
	(origRegion, destRegion): (3, 2)
	st: 1655.18
	duration: 5.0

	setup duration: 0.0

	vehicle: 8
	vehicleInd: 23
	(orig, dest): (171, 10)
	(origRegion, destRegion): (2, 1)
	st: 1669.0
	duration: 5.0

	setup duration: 5.0

	vehicle: 33
	vehicleInd: 22
	(orig, dest): (63, 13)
	(origRegion, destRegion): (2, 3)
	st: 1695.5399999999997
	duration: 5.0

	setup duration: 10.0

	vehicle: 15
	vehicleInd: 22
	(orig, dest): (108, 105)
	(origRegion, destRegion): (1, 0)
	st: 1835.4399999999998
	duration: 5.0

	setup duration: 0.0

	vehicle: 15
	vehicleInd: 24
	(orig, dest): (86, 85)
	(origRegion, destRegion): (0, 2)
	st: 2007.6999999999998
	duration: 10.0


Machine 5 :
	setup duration: 0.0

	vehicle: 48
	vehicleInd: 2
	(orig, dest): (0, 116)
	(origRegion, destRegion): (0, 3)
	st: 7.07
	duration: 15.0

	setup duration: 10.0

	vehicle: 33
	vehicleInd: 4
	(orig, dest): (92, 61)
	(origRegion, destRegion): (1, 0)
	st: 134.49000000000007
	duration: 5.0

	setup duration: 10.0

	vehicle: 23
	vehicleInd: 4
	(orig, dest): (77, 36)
	(origRegion, destRegion): (2, 1)
	st: 149.49000000000007
	duration: 5.0

	setup duration: 5.0

	vehicle: 33
	vehicleInd: 5
	(orig, dest): (61, 115)
	(origRegion, destRegion): (0, 3)
	st: 220.43
	duration: 15.0

	setup duration: 0.0

	vehicle: 33
	vehicleInd: 6
	(orig, dest): (115, 71)
	(origRegion, destRegion): (3, 1)
	st: 283.17
	duration: 10.0

	setup duration: 5.0

	vehicle: 49
	vehicleInd: 6
	(orig, dest): (41, 47)
	(origRegion, destRegion): (2, 3)
	st: 354.03
	duration: 5.0

	setup duration: 10.0

	vehicle: 33
	vehicleInd: 9
	(orig, dest): (6, 31)
	(origRegion, destRegion): (1, 3)
	st: 573.91
	duration: 10.0

	setup duration: 5.0

	vehicle: 23
	vehicleInd: 8
	(orig, dest): (88, 122)
	(origRegion, destRegion): (2, 0)
	st: 609.15
	duration: 10.0

	setup duration: 5.0

	vehicle: 17
	vehicleInd: 11
	(orig, dest): (60, 107)
	(origRegion, destRegion): (1, 0)
	st: 624.15
	duration: 5.0

	setup duration: 0.0

	vehicle: 15
	vehicleInd: 9
	(orig, dest): (51, 120)
	(origRegion, destRegion): (0, 2)
	st: 680.06
	duration: 10.0

	setup duration: 5.0

	vehicle: 33
	vehicleInd: 11
	(orig, dest): (23, 191)
	(origRegion, destRegion): (3, 2)
	st: 746.78
	duration: 5.0

	setup duration: 10.0

	vehicle: 23
	vehicleInd: 10
	(orig, dest): (32, 127)
	(origRegion, destRegion): (0, 1)
	st: 785.4599999999999
	duration: 5.0

	setup duration: 5.0

	vehicle: 15
	vehicleInd: 10
	(orig, dest): (120, 78)
	(origRegion, destRegion): (2, 3)
	st: 802.54
	duration: 5.0

	setup duration: 0.0

	vehicle: 15
	vehicleInd: 11
	(orig, dest): (78, 40)
	(origRegion, destRegion): (3, 2)
	st: 868.1800000000001
	duration: 5.0

	setup duration: 5.0

	vehicle: 23
	vehicleInd: 11
	(orig, dest): (127, 68)
	(origRegion, destRegion): (1, 2)
	st: 940.14
	duration: 5.0

	setup duration: 10.0

	vehicle: 33
	vehicleInd: 14
	(orig, dest): (114, 18)
	(origRegion, destRegion): (0, 3)
	st: 1095.22
	duration: 15.0

	setup duration: 0.0

	vehicle: 33
	vehicleInd: 15
	(orig, dest): (18, 15)
	(origRegion, destRegion): (3, 1)
	st: 1124.7
	duration: 10.0

	setup duration: 10.0

	vehicle: 8
	vehicleInd: 18
	(orig, dest): (16, 96)
	(origRegion, destRegion): (3, 2)
	st: 1275.2
	duration: 5.0

	setup duration: 0.0

	vehicle: 8
	vehicleInd: 19
	(orig, dest): (96, 173)
	(origRegion, destRegion): (2, 0)
	st: 1315.66
	duration: 10.0

	setup duration: 5.0

	vehicle: 8
	vehicleInd: 24
	(orig, dest): (10, 42)
	(origRegion, destRegion): (1, 0)
	st: 1857.54
	duration: 5.0

	setup duration: 15.0

	vehicle: 33
	vehicleInd: 26
	(orig, dest): (102, 169)
	(origRegion, destRegion): (3, 2)
	st: 1916.3399999999997
	duration: 5.0


-------------------| COMPL. TIMES |-------------------

Vehicle 0 : 0.0
Vehicle 1 : 0.0
Vehicle 2 : 0.0
Vehicle 3 : 0.0
Vehicle 4 : 0.0
Vehicle 5 : 0.0
Vehicle 6 : 0.0
Vehicle 7 : 0.0
Vehicle 8 : 2114.0899999999997
Vehicle 9 : 0.0
Vehicle 10 : 0.0
Vehicle 11 : 0.0
Vehicle 12 : 0.0
Vehicle 13 : 0.0
Vehicle 14 : 0.0
Vehicle 15 : 2208.25
Vehicle 16 : 0.0
Vehicle 17 : 727.91
Vehicle 18 : 0.0
Vehicle 19 : 0.0
Vehicle 20 : 0.0
Vehicle 21 : 0.0
Vehicle 22 : 0.0
Vehicle 23 : 1416.7399999999998
Vehicle 24 : 0.0
Vehicle 25 : 0.0
Vehicle 26 : 0.0
Vehicle 27 : 0.0
Vehicle 28 : 0.0
Vehicle 29 : 0.0
Vehicle 30 : 0.0
Vehicle 31 : 0.0
Vehicle 32 : 0.0
Vehicle 33 : 2046.0399999999995
Vehicle 34 : 0.0
Vehicle 35 : 0.0
Vehicle 36 : 0.0
Vehicle 37 : 0.0
Vehicle 38 : 0.0
Vehicle 39 : 0.0
Vehicle 40 : 0.0
Vehicle 41 : 0.0
Vehicle 42 : 0.0
Vehicle 43 : 0.0
Vehicle 44 : 0.0
Vehicle 45 : 0.0
Vehicle 46 : 0.0
Vehicle 47 : 0.0
Vehicle 48 : 245.24
Vehicle 49 : 1842.56
Vehicle 50 : 0.0
Vehicle 51 : 0.0
Vehicle 52 : 0.0
Vehicle 53 : 0.0
Vehicle 54 : 0.0
Vehicle 55 : 0.0
Vehicle 56 : 0.0
Vehicle 57 : 0.0
Vehicle 58 : 0.0
Vehicle 59 : 0.0
-------------------| STATISTICS |-------------------

    Vehicles used                           : 11.6667
    Machines used                           : 100.0
    Max load (vehicles)                     : 100.0
    Min load (vehicles)                     : 35.3846
    Mean load (vehicles)                    : 83.956
    Min completion time                     : 9.6742
    Max completion time                     : 87.1105
    Mean completion time                    : 59.7398
    Avrg travel time (with vehicle)         : 5.7528
    Avrg travel time (only with vehicle)    : 3.6818
    Avrg travel time (no vehicle)           : 2.071
    Avrg waiting time (machine travel)      : 0.5643
    Avrg waiting time (service)             : 0.4771
    Machines travel times (with vehicle)    : [2.7613, 0.1972, 7.4951, 1.5779, 11.4398, 11.0454]
    Machines travel times (no vehicle)      : [0.9862, 0.0, 2.7613, 0.3945, 3.7475, 4.5365]
    Max load per vehicle                    : [0.0, 0.0, 0.0, 0.0, 0.0, 0.0, 0.0, 0.0, 96.1538, 0.0, 0.0, 0.0, 0.0, 0.0, 0.0, 98.4615, 0.0, 64.1026, 0.0, 0.0, 0.0, 0.0, 0.0, 100.0, 0.0, 0.0, 0.0, 0.0, 0.0, 0.0, 0.0, 0.0, 0.0, 100.0, 0.0, 0.0, 0.0, 0.0, 0.0, 0.0, 0.0, 0.0, 0.0, 0.0, 0.0, 0.0, 0.0, 0.0, 35.3846, 93.5897, 0.0, 0.0, 0.0, 0.0, 0.0, 0.0, 0.0, 0.0, 0.0, 0.0]

----------------------------------------------------

TOTAL: 10600.83

Everything is awesome!
