Set parameter WLSAccessID
Set parameter WLSSecret
Set parameter LicenseID to value 2661775
Academic license 2661775 - for non-commercial use only - registered to me___@dcc.ufba.br
Loading line 2: methodType heur
Loading line 3: methodCode mslp
Loading line 4: seed 0
Loading line 5: threads 1
Loading line 6: greedy_service_order random
Loading line 7: outputFlagGrbMSLP 0
Loading line 8: mslpa 60000
Loading line 9: mslpr I
Loading line 10: maxtime 3600
Loading line 11: output ./logs/
Loading line 12: printsol 1
Loading line 13: solverMethod A
Loading line 14: alpha 0.05 # selected from preliminary experiments
Instance: lr204_t2_12R_12V_04F_04M

[10:05:26.492] Running Data.readData with file /dados/rmelo/PDPTW-SE/benchmark_multi_floor_v3/official_experiments/multistartlp/official/set_01_pt_01/../../../../instances/orig_ams_fg/12R_12V_04F_04M/t2/lr204/
vehicles: Vehicle[Vehicle(0, 26), Vehicle(1, 32), Vehicle(2, 38), Vehicle(3, 32), Vehicle(4, 38), Vehicle(5, 32), Vehicle(6, 32), Vehicle(7, 32), Vehicle(8, 26), Vehicle(9, 32), Vehicle(10, 26), Vehicle(11, 32)]
vehicle_types: Vehicle[Vehicle(0, 26), Vehicle(1, 32), Vehicle(2, 38)]
Machine[Machine(0, Point[Point(34, 36, 0), Point(34, 36, 1), Point(34, 36, 2), Point(34, 36, 3)], 0.2), Machine(1, Point[Point(36, 36, 0), Point(36, 36, 1), Point(36, 36, 2), Point(36, 36, 3)], 0.2), Machine(2, Point[Point(32, 36, 0), Point(32, 36, 1), Point(32, 36, 2), Point(32, 36, 3)], 0.2), Machine(3, Point[Point(38, 36, 0), Point(38, 36, 1), Point(38, 36, 2), Point(38, 36, 3)], 0.2)]
refs: [1, 3, 4, 5, 7, 8, 9, 10, 11, 12, 13, 15, 17, 18, 2, 14, 24, 19, 6, 23, 21, 20, 25, 22, 16, 1]
V: [1, 2, 3, 4, 5, 6, 7, 8, 9, 10, 11, 12, 13, 14, 15, 16, 17, 18, 19, 20, 21, 22, 23, 24, 25]
V_p: [2, 3, 4, 5, 6, 7, 8, 9, 10, 11, 12, 13]
V_d: [14, 15, 16, 17, 18, 19, 20, 21, 22, 23, 24, 25]
Vprime: [1, 2, 3, 4, 5, 6, 7, 8, 9, 10, 11, 12, 13, 14, 15, 16, 17, 18, 19, 20, 21, 22, 23, 24, 25, 26]
V: [1, 2, 3, 4, 5, 6, 7, 8, 9, 10, 11, 12, 13, 14, 15, 16, 17, 18, 19, 20, 21, 22, 23, 24, 25]
q: [0, 5, 9, 16, 12, 19, 8, 19, 2, 12, 17, 18, 16, -5, -9, -16, -12, -19, -8, -19, -2, -12, -17, -18, -16, 0]
H: [1, 2, 3, 4]
f: [[1, 1, 1, 1], [1, 1, 1, 1], [3, 3, 3, 3], [1, 1, 1, 1], [3, 3, 3, 3], [3, 3, 3, 3], [1, 1, 1, 1], [1, 1, 1, 1], [2, 2, 2, 2], [4, 4, 4, 4], [3, 3, 3, 3], [1, 1, 1, 1], [2, 2, 2, 2], [2, 2, 2, 2], [1, 1, 1, 1], [3, 3, 3, 3], [4, 4, 4, 4], [1, 1, 1, 1], [3, 3, 3, 3], [3, 3, 3, 3], [1, 1, 1, 1], [2, 2, 2, 2], [1, 1, 1, 1], [1, 1, 1, 1], [3, 3, 3, 3], [1, 1, 1, 1]]
1 1 1 -> 0.0
1 2 1 -> 5.0
1 3 1 -> 10.0
1 4 1 -> 15.0
2 1 1 -> 5.0
2 2 1 -> 0.0
2 3 1 -> 5.0
2 4 1 -> 10.0
3 1 1 -> 10.0
3 2 1 -> 5.0
3 3 1 -> 0.0
3 4 1 -> 5.0
4 1 1 -> 15.0
4 2 1 -> 10.0
4 3 1 -> 5.0
4 4 1 -> 0.0
1 1 2 -> 0.0
1 2 2 -> 5.0
1 3 2 -> 10.0
1 4 2 -> 15.0
2 1 2 -> 5.0
2 2 2 -> 0.0
2 3 2 -> 5.0
2 4 2 -> 10.0
3 1 2 -> 10.0
3 2 2 -> 5.0
3 3 2 -> 0.0
3 4 2 -> 5.0
4 1 2 -> 15.0
4 2 2 -> 10.0
4 3 2 -> 5.0
4 4 2 -> 0.0
1 1 3 -> 0.0
1 2 3 -> 5.0
1 3 3 -> 10.0
1 4 3 -> 15.0
2 1 3 -> 5.0
2 2 3 -> 0.0
2 3 3 -> 5.0
2 4 3 -> 10.0
3 1 3 -> 10.0
3 2 3 -> 5.0
3 3 3 -> 0.0
3 4 3 -> 5.0
4 1 3 -> 15.0
4 2 3 -> 10.0
4 3 3 -> 5.0
4 4 3 -> 0.0
1 1 4 -> 0.0
1 2 4 -> 5.0
1 3 4 -> 10.0
1 4 4 -> 15.0
2 1 4 -> 5.0
2 2 4 -> 0.0
2 3 4 -> 5.0
2 4 4 -> 10.0
3 1 4 -> 10.0
3 2 4 -> 5.0
3 3 4 -> 0.0
3 4 4 -> 5.0
4 1 4 -> 15.0
4 2 4 -> 10.0
4 3 4 -> 5.0
4 4 4 -> 0.0
o: (1, 2, 3) => 5.0
o: (3, 1, 3) => 10.0
o: (3, 2, 4) => 5.0
o: (3, 2, 3) => 5.0
o: (2, 1, 1) => 5.0
o: (1, 3, 2) => 10.0
o: (1, 4, 2) => 15.0
o: (4, 3, 4) => 5.0
o: (2, 2, 1) => 0.0
o: (4, 4, 4) => 0.0
o: (3, 3, 2) => 0.0
o: (3, 4, 2) => 5.0
o: (4, 3, 3) => 5.0
o: (4, 4, 3) => 0.0
o: (1, 3, 1) => 10.0
o: (1, 1, 2) => 0.0
o: (1, 4, 1) => 15.0
o: (4, 1, 4) => 15.0
o: (3, 3, 1) => 0.0
o: (1, 2, 2) => 5.0
o: (3, 1, 2) => 10.0
o: (3, 4, 1) => 5.0
o: (4, 1, 3) => 15.0
o: (4, 2, 4) => 10.0
o: (3, 2, 2) => 5.0
o: (2, 3, 4) => 5.0
o: (4, 2, 3) => 10.0
o: (2, 4, 4) => 10.0
o: (1, 1, 1) => 0.0
o: (2, 3, 3) => 5.0
o: (2, 4, 3) => 10.0
o: (4, 3, 2) => 5.0
o: (1, 2, 1) => 5.0
o: (3, 1, 1) => 10.0
o: (4, 4, 2) => 0.0
o: (3, 2, 1) => 5.0
o: (2, 1, 4) => 5.0
o: (2, 1, 3) => 5.0
o: (2, 2, 4) => 0.0
o: (4, 3, 1) => 5.0
o: (4, 1, 2) => 15.0
o: (4, 4, 1) => 0.0
o: (2, 2, 3) => 0.0
o: (4, 2, 2) => 10.0
o: (1, 3, 4) => 10.0
o: (2, 3, 2) => 5.0
o: (1, 4, 4) => 15.0
o: (2, 4, 2) => 10.0
o: (1, 3, 3) => 10.0
o: (3, 3, 4) => 0.0
o: (1, 4, 3) => 15.0
o: (3, 4, 4) => 5.0
o: (4, 1, 1) => 15.0
o: (3, 3, 3) => 0.0
o: (3, 4, 3) => 5.0
o: (4, 2, 1) => 10.0
o: (2, 3, 1) => 5.0
o: (1, 1, 4) => 0.0
o: (2, 1, 2) => 5.0
o: (2, 4, 1) => 10.0
o: (1, 1, 3) => 0.0
o: (1, 2, 4) => 5.0
o: (2, 2, 2) => 0.0
o: (3, 1, 4) => 10.0

[58, 1114, 1104, 1058, 1048, 1063, 1031, 16]
JOBS in the order of refs (Vprime)
Node 1: Job(0, Point(35, 35, 0), 0, 0, 1000, 0, 0, 0)
Node 2: Job(7, Point(20, 50, 0), 5, 0, 968, 10, 0, 31)
Node 3: Job(8, Point(10, 43, 2), 9, 404, 481, 10, 0, 3)
Node 4: Job(9, Point(55, 60, 0), 16, 400, 497, 10, 0, 21)
Node 5: Job(11, Point(20, 65, 2), 12, 206, 325, 10, 0, 67)
Node 6: Job(12, Point(50, 35, 2), 19, 0, 975, 10, 0, 35)
Node 7: Job(15, Point(30, 5, 0), 8, 175, 300, 10, 0, 10)
Node 8: Job(16, Point(10, 20, 0), 19, 0, 960, 10, 0, 61)
Node 9: Job(17, Point(5, 30, 1), 2, 0, 959, 10, 0, 46)
Node 10: Job(18, Point(20, 40, 3), 12, 0, 974, 10, 0, 37)
Node 11: Job(19, Point(15, 60, 2), 17, 0, 957, 10, 0, 88)
Node 12: Job(22, Point(45, 10, 0), 18, 0, 963, 10, 0, 49)
Node 13: Job(27, Point(35, 40, 1), 16, 0, 985, 10, 0, 24)
Node 14: Job(31, Point(31, 52, 1), -5, 0, 972, 10, 7, 0)
Node 15: Job(3, Point(55, 45, 0), -9, 0, 967, 10, 8, 0)
Node 16: Job(21, Point(45, 20, 2), -16, 0, 971, 10, 9, 0)
Node 17: Job(67, Point(67, 5, 3), -12, 294, 401, 10, 11, 0)
Node 18: Job(35, Point(63, 65, 0), -19, 0, 948, 10, 12, 0)
Node 19: Job(10, Point(30, 60, 2), -8, 0, 964, 10, 15, 0)
Node 20: Job(61, Point(12, 24, 2), -19, 0, 964, 10, 16, 0)
Node 21: Job(46, Point(2, 48, 0), -2, 0, 954, 10, 17, 0)
Node 22: Job(37, Point(20, 20, 1), -12, 0, 968, 10, 18, 0)
Node 23: Job(88, Point(26, 52, 0), -17, 0, 970, 10, 19, 0)
Node 24: Job(49, Point(6, 68, 0), -18, 0, 946, 10, 22, 0)
Node 25: Job(24, Point(65, 35, 2), -16, 0, 960, 10, 27, 0)
Node 26: Job(0, Point(35, 35, 0), 0, 0, 1000, 0, 0, 0)

### Preprocessing Data ###
	-> arcs: 676 (100.0%)
	-> arc_removals: 133 (19.67%)
	-> arc_removals_is_loop: 26 (3.85%)
	-> arc_removals_is_delivery_to_pickup: 14 (2.07%)
	-> arc_removals_is_depot_begin_to_delivery: 12 (1.78%)
	-> arc_removals_is_pickup_to_depot_end: 12 (1.78%)
	-> arc_removals_is_dest_depot_begin: 24 (3.55%)
	-> arc_removals_is_orig_depot_end: 23 (3.4%)
	-> arc_removals_is_capacity_violated: 0 (0.0%)
	-> arc_removals_is_time_window_limited: 14 (2.07%)
	-> arc_removals_is_time_window_pairing_limited: 6 (0.89%)
	-> arc_removals_is_indirect_request_service_impossible: 2 (0.3%)
	-> gamma_vars: 0 (0%)
	-> feas_gamma_vars: 0 (0%)
	-> infeas_gamma_vars_is_next_mtrv_unreachable: 0 (0%)
	-> infeas_gamma_vars_is_iprime_jprime_eq_i_j: 0 (0%)
	-> machine_removal_for_an_arc: 0 (0.0%)
##########################

[10:05:36.116] Print configuration
------------------------------------------------------
"
[10:05:36.116] Running Multi Start Heuristic"
> Experiment started at 2025-10-15T10:05:36.116
> Instance: lr204_t2_12R_12V_04F_04M
> Algorithm Parameters:


	>Stop params:
		>  - rule ITERATIONS
		>  - argument 60000.0
		>  - maximum_time 3600

	>General params:
		>  - instPath /dados/rmelo/PDPTW-SE/benchmark_multi_floor_v3/official_experiments/multistartlp/official/set_01_pt_01/../../../../instances/orig_ams_fg/12R_12V_04F_04M/t2/lr204/
		>  - name lr204
		>  - type t2
		>  - group 12R_12V_04F_04M
		>  - fullname lr204_t2_12R_12V_04F_04M
		>  - methodType heur
		>  - methodCode mslp
		>  - genconfigfile /dados/rmelo/PDPTW-SE/benchmark_multi_floor_v3/official_experiments/multistartlp/official/set_01_pt_01/configs/genconfig_mslp.conf
		>  - genconfigfilename genconfig_mslp
		>  - greedy_service_order random
		>  - cutoff 0
		>  - cutoffmachs 4
		>  - num_machs 0
		>  - solver Gurobi
		>  - maxtime 3600
		>  - gurobiCuts 1
		>  - typeUserCut 0
		>  - mipPresolve -1
		>  - printsol 1
		>  - maxnodes -1
		>  - elevator 1
		>  - make_instance_feasible false
		>  - output /dados/rmelo/PDPTW-SE/benchmark_multi_floor_v3/official_experiments/multistartlp/official/set_01_pt_01/logs
		>  - suff_outputs _seed_75
		>  - suff_csv _bash_4
		>  - epsilon 0.005
		>  - epsilonCap 0.5
		>  - warmStart false
		>  - seed 75
		>  - rng Random.MersenneTwister(75)
		>  - alpha 0.05
		>  - maxiter 1000000
		>  - outputFlagGrbMIP 0
		>  - outputFlagGrbMSLP 0
		>  - outputFlagGrbLMNS 0
		>  - mslpr I
		>  - mslpa 60000
		>  - lmnsr M
		>  - lmnsa 60
		>  - lmnsRepairTime 30.0
		>  - lmnsMIPFocus 0
		>  - lmnsGapToBiggerDestruction 50
		>  - lmnsGapToSmallerDestruction 95
		>  - lmnsWeightShawDistProx 1.0
		>  - lmnsWeightShawEarlProx 1.0
		>  - lmnsWeightShawSameRoute 1.0
		>  - lmnsWeightShawDemandSim 1.0
		>  - lmnsReqRApplyMIPStart true
		>  - lmnsAcceptanceCriteria H
		>  - lmnsMetropolisTemp 100.0
		>  - lmnsSimulatedAnnealingTemp 100.0
		>  - lmnsSimulatedAnnealingCool 0.95
		>  - mipmaxtime 3600
		>  - csvfilename /dados/rmelo/PDPTW-SE/benchmark_multi_floor_v3/official_experiments/multistartlp/official/set_01_pt_01/logs/heur_mslp/outputs/csvresults_heur_mslp_bash_4.csv
		>  - solfilename /dados/rmelo/PDPTW-SE/benchmark_multi_floor_v3/official_experiments/multistartlp/official/set_01_pt_01/logs/heur_mslp/solutions/12R_12V_04F_04M/lr204_sol_genconfig_mslp_seed_75.txt
		>  - timelineFilename /dados/rmelo/PDPTW-SE/benchmark_multi_floor_v3/official_experiments/multistartlp/official/set_01_pt_01/logs/heur_mslp/timelines/12R_12V_04F_04M/lr204_timeline_genconfig_mslp_seed_75.txt
		>  - grbFilename /dados/rmelo/PDPTW-SE/benchmark_multi_floor_v3/official_experiments/multistartlp/official/set_01_pt_01/logs/heur_mslp/gurobi/12R_12V_04F_04M/lr204_grb_genconfig_mslp_seed_75.log
		>  - threads 1
		>  - solverMethod AUTOMATIC

------------------------------------------------------

[10:05:36.221] Starting running MSLP
objValue;greedysol;iteration;time
1361.17;1361.17;1;0.004883
1354.82;1499.41;16;0.676285
1331.96;1360.11;33;0.778190
1298.82;1315.19;39;0.800119
1281.12;1542.87;42;0.828773
1259.88;1259.88;222;1.765531
1258.98;1292.03;2079;11.107055
1258.12;1368.97;2420;12.803541
1248.46;1248.46;3032;15.832922
1247.43;1442.85;3124;16.305094
1239.74;1257.73;5648;28.946759
1239.52;1239.52;8304;42.098942
1231.85;1376.44;9031;45.730267
1222.94;1222.94;11280;57.069929
1220.97;1220.97;17818;89.723475
1216.73;1216.73;47012;234.732646
1212.76;1283.78;51058;254.842228

[10:11:03.385] Finished running MSLP
System CPU time: 27.65 seconds

[10:11:03.455] Post running MSLP
Best solution value: 1212.76
Total time elapsed: 299.733916
Time to best: 254.842228
Iterations: 60000
Iterations to best: 51058
Improvements: 17
Infeasible solutions percentage: (0 / 60000) = 0.0000 %
(LP improvements)/(LP runs) = 39834/60000 = 66.3900 %
Mean LP improvement percentage: 2.1583 %
[10:11:03.704] Writing results to CSV file: /dados/rmelo/PDPTW-SE/benchmark_multi_floor_v3/official_experiments/multistartlp/official/set_01_pt_01/logs/heur_mslp/outputs/csvresults_heur_mslp_bash_4.csv

[10:11:05.771] Saving solution to file:/dados/rmelo/PDPTW-SE/benchmark_multi_floor_v3/official_experiments/multistartlp/official/set_01_pt_01/logs/heur_mslp/solutions/12R_12V_04F_04M/lr204_sol_genconfig_mslp_seed_75.txt

[10:11:05.771] Saving solution timeline to file: /dados/rmelo/PDPTW-SE/benchmark_multi_floor_v3/official_experiments/multistartlp/official/set_01_pt_01/logs/heur_mslp/timelines/12R_12V_04F_04M/lr204_timeline_genconfig_mslp_seed_75.txt
---------------------| VEHICLES |---------------------

Vehicle 1 :
	id: 0
		node: 1
		(x, y, z): (35, 35, 0)
		dem: 0
		earl: 0
		lat: 1000
		servt: 0
		pid: 0
		did: 0
		servST: 71.02000000000005
		(h, h_ind): (-1, 0)
		load: 0.0

	Finished service at time: 71.02000000000005

	Using Machine: 0
		Task 0 -> Machine 0 (Station 1): 1.41
		Vehicle arrival at machine station: 72.43000000000005
		Waiting time until machine travel: 0.0

		Machine travel start time: 72.43000000000005
		Region 0 -> Region 1: 5.0
		Machine arrival at machine station: 77.43000000000005

		Machine 0 (Station 2)-> Task 27: 4.12
		Vehicle arrival at task: 81.55000000000005
		Waiting time until service start time: 0.0

	id: 27
		node: 13
		(x, y, z): (35, 40, 1)
		dem: 16
		earl: 0
		lat: 985
		servt: 10
		pid: 0
		did: 24
		servST: 81.55000000000005
		(h, h_ind): (0, 1)
		load: 16.0

	Finished service at time: 91.55000000000005

	Using Machine: 3
		Task 27 -> Machine 3 (Station 2): 5.0
		Vehicle arrival at machine station: 96.55000000000005
		Waiting time until machine travel: 0.0

		Machine travel start time: 96.55000000000005
		Region 1 -> Region 2: 5.0
		Machine arrival at machine station: 101.55000000000005

		Machine 3 (Station 3)-> Task 24: 27.02
		Vehicle arrival at task: 128.57000000000005
		Waiting time until service start time: 0.0

	id: 24
		node: 25
		(x, y, z): (65, 35, 2)
		dem: -16
		earl: 0
		lat: 960
		servt: 10
		pid: 27
		did: 0
		servST: 128.57000000000005
		(h, h_ind): (3, 1)
		load: 0.0

	Finished service at time: 138.57000000000005

	Task 24 -> Task 12: 15.0
	Vehicle arrival at task: 153.57000000000005
	Waiting time until service start time: 0.0

	id: 12
		node: 6
		(x, y, z): (50, 35, 2)
		dem: 19
		earl: 0
		lat: 975
		servt: 10
		pid: 0
		did: 35
		servST: 153.57000000000005
		(h, h_ind): (-1, 0)
		load: 19.0

	Finished service at time: 163.57000000000005

	Task 12 -> Task 11: 42.43
	Vehicle arrival at task: 206.00000000000006
	Waiting time until service start time: 0.0

	id: 11
		node: 5
		(x, y, z): (20, 65, 2)
		dem: 12
		earl: 206
		lat: 325
		servt: 10
		pid: 0
		did: 67
		servST: 206.00000000000006
		(h, h_ind): (-1, 0)
		load: 31.0

	Finished service at time: 216.00000000000006

	Using Machine: 3
		Task 11 -> Machine 3 (Station 3): 34.13
		Vehicle arrival at machine station: 250.13000000000005
		Waiting time until machine travel: 0.0

		Machine travel start time: 250.13000000000005
		Region 2 -> Region 3: 5.0
		Machine arrival at machine station: 255.13000000000005

		Machine 3 (Station 4)-> Task 67: 42.45
		Vehicle arrival at task: 297.58000000000004
		Waiting time until service start time: 0.0

	id: 67
		node: 17
		(x, y, z): (67, 5, 3)
		dem: -12
		earl: 294
		lat: 401
		servt: 10
		pid: 11
		did: 0
		servST: 297.58000000000004
		(h, h_ind): (3, 2)
		load: 19.0

	Finished service at time: 307.58000000000004

	Using Machine: 3
		Task 67 -> Machine 3 (Station 4): 42.45
		Vehicle arrival at machine station: 350.03000000000003
		Waiting time until machine travel: 0.0

		Machine travel start time: 350.03000000000003
		Region 3 -> Region 0: 15.0
		Machine arrival at machine station: 365.03000000000003

		Machine 3 (Station 1)-> Task 35: 38.29
		Vehicle arrival at task: 403.32000000000005
		Waiting time until service start time: 0.0

	id: 35
		node: 18
		(x, y, z): (63, 65, 0)
		dem: -19
		earl: 0
		lat: 948
		servt: 10
		pid: 12
		did: 0
		servST: 403.32000000000005
		(h, h_ind): (3, 3)
		load: 0.0

	Finished service at time: 413.32000000000005

	Task 35 -> Task 9: 9.43
	Vehicle arrival at task: 422.75000000000006
	Waiting time until service start time: 0.0

	id: 9
		node: 4
		(x, y, z): (55, 60, 0)
		dem: 16
		earl: 400
		lat: 497
		servt: 10
		pid: 0
		did: 21
		servST: 422.75000000000006
		(h, h_ind): (-1, 0)
		load: 16.0

	Finished service at time: 432.75000000000006

	Using Machine: 3
		Task 9 -> Machine 3 (Station 1): 29.41
		Vehicle arrival at machine station: 462.1600000000001
		Waiting time until machine travel: 0.0

		Machine travel start time: 462.1600000000001
		Region 0 -> Region 2: 10.0
		Machine arrival at machine station: 472.1600000000001

		Machine 3 (Station 3)-> Task 21: 17.46
		Vehicle arrival at task: 489.62000000000006
		Waiting time until service start time: 0.0

	id: 21
		node: 16
		(x, y, z): (45, 20, 2)
		dem: -16
		earl: 0
		lat: 971
		servt: 10
		pid: 9
		did: 0
		servST: 489.62000000000006
		(h, h_ind): (3, 4)
		load: 0.0

	Finished service at time: 499.62000000000006

	Using Machine: 1
		Task 21 -> Machine 1 (Station 3): 18.36
		Vehicle arrival at machine station: 517.98
		Waiting time until machine travel: 0.0

		Machine travel start time: 517.98
		Region 2 -> Region 0: 10.0
		Machine arrival at machine station: 527.98

		Machine 1 (Station 1)-> Task 0: 1.41
		Vehicle arrival at task: 529.39
		Waiting time until service start time: 0.0

	id: 0
		node: 26
		(x, y, z): (35, 35, 0)
		dem: 0
		earl: 0
		lat: 1000
		servt: 0
		pid: 0
		did: 0
		servST: 529.39
		(h, h_ind): (1, 1)
		load: 0.0


Vehicle 2 :
	id: 0
		node: 1
		(x, y, z): (35, 35, 0)
		dem: 0
		earl: 0
		lat: 1000
		servt: 0
		pid: 0
		did: 0
		servST: 0.0
		(h, h_ind): (-1, 0)
		load: 0.0

	Finished service at time: 0.0

	Task 0 -> Task 7: 21.21
	Vehicle arrival at task: 21.21
	Waiting time until service start time: 0.0

	id: 7
		node: 2
		(x, y, z): (20, 50, 0)
		dem: 5
		earl: 0
		lat: 968
		servt: 10
		pid: 0
		did: 31
		servST: 21.21
		(h, h_ind): (-1, 0)
		load: 5.0

	Finished service at time: 31.21

	Using Machine: 2
		Task 7 -> Machine 2 (Station 1): 18.44
		Vehicle arrival at machine station: 49.650000000000006
		Waiting time until machine travel: 0.0

		Machine travel start time: 49.650000000000006
		Region 0 -> Region 3: 15.0
		Machine arrival at machine station: 64.65

		Machine 2 (Station 4)-> Task 18: 12.65
		Vehicle arrival at task: 77.30000000000001
		Waiting time until service start time: 0.0

	id: 18
		node: 10
		(x, y, z): (20, 40, 3)
		dem: 12
		earl: 0
		lat: 974
		servt: 10
		pid: 0
		did: 37
		servST: 77.30000000000001
		(h, h_ind): (2, 1)
		load: 17.0

	Finished service at time: 87.30000000000001

	Using Machine: 2
		Task 18 -> Machine 2 (Station 4): 12.65
		Vehicle arrival at machine station: 99.95000000000002
		Waiting time until machine travel: 0.0

		Machine travel start time: 99.95000000000002
		Region 3 -> Region 1: 10.0
		Machine arrival at machine station: 109.95000000000002

		Machine 2 (Station 2)-> Task 31: 16.03
		Vehicle arrival at task: 125.98000000000002
		Waiting time until service start time: 0.0

	id: 31
		node: 14
		(x, y, z): (31, 52, 1)
		dem: -5
		earl: 0
		lat: 972
		servt: 10
		pid: 7
		did: 0
		servST: 125.98000000000002
		(h, h_ind): (2, 2)
		load: 12.0

	Finished service at time: 135.98000000000002

	Task 31 -> Task 17: 34.06
	Vehicle arrival at task: 170.04000000000002
	Waiting time until service start time: 0.0

	id: 17
		node: 9
		(x, y, z): (5, 30, 1)
		dem: 2
		earl: 0
		lat: 959
		servt: 10
		pid: 0
		did: 46
		servST: 170.04000000000002
		(h, h_ind): (-1, 0)
		load: 14.0

	Finished service at time: 180.04000000000002

	Task 17 -> Task 37: 18.03
	Vehicle arrival at task: 198.07000000000002
	Waiting time until service start time: 0.0

	id: 37
		node: 22
		(x, y, z): (20, 20, 1)
		dem: -12
		earl: 0
		lat: 968
		servt: 10
		pid: 18
		did: 0
		servST: 198.07000000000002
		(h, h_ind): (-1, 0)
		load: 2.0

	Finished service at time: 208.07000000000002

	Using Machine: 2
		Task 37 -> Machine 2 (Station 2): 20.0
		Vehicle arrival at machine station: 228.07000000000002
		Waiting time until machine travel: 0.0

		Machine travel start time: 228.07000000000002
		Region 1 -> Region 0: 5.0
		Machine arrival at machine station: 233.07000000000002

		Machine 2 (Station 1)-> Task 16: 27.2
		Vehicle arrival at task: 260.27000000000004
		Waiting time until service start time: 0.0

	id: 16
		node: 8
		(x, y, z): (10, 20, 0)
		dem: 19
		earl: 0
		lat: 960
		servt: 10
		pid: 0
		did: 61
		servST: 260.27000000000004
		(h, h_ind): (2, 3)
		load: 21.0

	Finished service at time: 270.27000000000004

	Task 16 -> Task 15: 25.0
	Vehicle arrival at task: 295.27000000000004
	Waiting time until service start time: 0.0

	id: 15
		node: 7
		(x, y, z): (30, 5, 0)
		dem: 8
		earl: 175
		lat: 300
		servt: 10
		pid: 0
		did: 10
		servST: 295.27000000000004
		(h, h_ind): (-1, 0)
		load: 29.0

	Finished service at time: 305.27000000000004

	Using Machine: 2
		Task 15 -> Machine 2 (Station 1): 31.06
		Vehicle arrival at machine station: 336.33000000000004
		Waiting time until machine travel: 0.0

		Machine travel start time: 336.33000000000004
		Region 0 -> Region 2: 10.0
		Machine arrival at machine station: 346.33000000000004

		Machine 2 (Station 3)-> Task 61: 23.32
		Vehicle arrival at task: 369.65000000000003
		Waiting time until service start time: 0.0

	id: 61
		node: 20
		(x, y, z): (12, 24, 2)
		dem: -19
		earl: 0
		lat: 964
		servt: 10
		pid: 16
		did: 0
		servST: 369.65000000000003
		(h, h_ind): (2, 4)
		load: 10.0

	Finished service at time: 379.65000000000003

	Task 61 -> Task 10: 40.25
	Vehicle arrival at task: 419.90000000000003
	Waiting time until service start time: 0.0

	id: 10
		node: 19
		(x, y, z): (30, 60, 2)
		dem: -8
		earl: 0
		lat: 964
		servt: 10
		pid: 15
		did: 0
		servST: 419.90000000000003
		(h, h_ind): (-1, 0)
		load: 2.0

	Finished service at time: 429.90000000000003

	Task 10 -> Task 19: 15.0
	Vehicle arrival at task: 444.90000000000003
	Waiting time until service start time: 0.0

	id: 19
		node: 11
		(x, y, z): (15, 60, 2)
		dem: 17
		earl: 0
		lat: 957
		servt: 10
		pid: 0
		did: 88
		servST: 444.90000000000003
		(h, h_ind): (-1, 0)
		load: 19.0

	Finished service at time: 454.90000000000003

	Task 19 -> Task 8: 17.72
	Vehicle arrival at task: 472.62
	Waiting time until service start time: 0.0

	id: 8
		node: 3
		(x, y, z): (10, 43, 2)
		dem: 9
		earl: 404
		lat: 481
		servt: 10
		pid: 0
		did: 3
		servST: 472.62
		(h, h_ind): (-1, 0)
		load: 28.0

	Finished service at time: 482.62

	Using Machine: 2
		Task 8 -> Machine 2 (Station 3): 23.09
		Vehicle arrival at machine station: 505.71
		Waiting time until machine travel: 0.0

		Machine travel start time: 505.71000000000004
		Region 2 -> Region 0: 10.0
		Machine arrival at machine station: 515.71

		Machine 2 (Station 1)-> Task 3: 24.7
		Vehicle arrival at task: 540.4100000000001
		Waiting time until service start time: 0.0

	id: 3
		node: 15
		(x, y, z): (55, 45, 0)
		dem: -9
		earl: 0
		lat: 967
		servt: 10
		pid: 8
		did: 0
		servST: 540.4100000000001
		(h, h_ind): (2, 5)
		load: 19.0

	Finished service at time: 550.4100000000001

	Task 3 -> Task 22: 36.4
	Vehicle arrival at task: 586.8100000000001
	Waiting time until service start time: 0.0

	id: 22
		node: 12
		(x, y, z): (45, 10, 0)
		dem: 18
		earl: 0
		lat: 963
		servt: 10
		pid: 0
		did: 49
		servST: 586.8100000000001
		(h, h_ind): (-1, 0)
		load: 37.0

	Finished service at time: 596.8100000000001

	Task 22 -> Task 88: 46.1
	Vehicle arrival at task: 642.9100000000001
	Waiting time until service start time: 0.0

	id: 88
		node: 23
		(x, y, z): (26, 52, 0)
		dem: -17
		earl: 0
		lat: 970
		servt: 10
		pid: 19
		did: 0
		servST: 642.9100000000001
		(h, h_ind): (-1, 0)
		load: 20.0

	Finished service at time: 652.9100000000001

	Task 88 -> Task 49: 25.61
	Vehicle arrival at task: 678.5200000000001
	Waiting time until service start time: 0.0

	id: 49
		node: 24
		(x, y, z): (6, 68, 0)
		dem: -18
		earl: 0
		lat: 946
		servt: 10
		pid: 22
		did: 0
		servST: 678.5200000000001
		(h, h_ind): (-1, 0)
		load: 2.0

	Finished service at time: 688.5200000000001

	Task 49 -> Task 46: 20.4
	Vehicle arrival at task: 708.9200000000001
	Waiting time until service start time: 0.0

	id: 46
		node: 21
		(x, y, z): (2, 48, 0)
		dem: -2
		earl: 0
		lat: 954
		servt: 10
		pid: 17
		did: 0
		servST: 708.9200000000001
		(h, h_ind): (-1, 0)
		load: 0.0

	Finished service at time: 718.9200000000001

	Task 46 -> Task 0: 35.47
	Vehicle arrival at task: 754.3900000000001
	Waiting time until service start time: 0.0

	id: 0
		node: 26
		(x, y, z): (35, 35, 0)
		dem: 0
		earl: 0
		lat: 1000
		servt: 0
		pid: 0
		did: 0
		servST: 754.3900000000001
		(h, h_ind): (-1, 0)
		load: 0.0


---------------------| MACHINES |---------------------

Machine 0 :
	setup duration: 0.0

	vehicle: 1
	vehicleInd: 2
	(orig, dest): (0, 27)
	(origRegion, destRegion): (0, 1)
	st: 72.43000000000005
	duration: 5.0


Machine 1 :
	setup duration: 10.0

	vehicle: 1
	vehicleInd: 10
	(orig, dest): (21, 0)
	(origRegion, destRegion): (2, 0)
	st: 517.98
	duration: 10.0


Machine 2 :
	setup duration: 0.0

	vehicle: 2
	vehicleInd: 3
	(orig, dest): (7, 18)
	(origRegion, destRegion): (0, 3)
	st: 49.650000000000006
	duration: 15.0

	setup duration: 0.0

	vehicle: 2
	vehicleInd: 4
	(orig, dest): (18, 31)
	(origRegion, destRegion): (3, 1)
	st: 99.95000000000002
	duration: 10.0

	setup duration: 0.0

	vehicle: 2
	vehicleInd: 7
	(orig, dest): (37, 16)
	(origRegion, destRegion): (1, 0)
	st: 228.07000000000002
	duration: 5.0

	setup duration: 0.0

	vehicle: 2
	vehicleInd: 9
	(orig, dest): (15, 61)
	(origRegion, destRegion): (0, 2)
	st: 336.33000000000004
	duration: 10.0

	setup duration: 0.0

	vehicle: 2
	vehicleInd: 13
	(orig, dest): (8, 3)
	(origRegion, destRegion): (2, 0)
	st: 505.71000000000004
	duration: 10.0


Machine 3 :
	setup duration: 5.0

	vehicle: 1
	vehicleInd: 3
	(orig, dest): (27, 24)
	(origRegion, destRegion): (1, 2)
	st: 96.55000000000005
	duration: 5.0

	setup duration: 0.0

	vehicle: 1
	vehicleInd: 6
	(orig, dest): (11, 67)
	(origRegion, destRegion): (2, 3)
	st: 250.13000000000005
	duration: 5.0

	setup duration: 0.0

	vehicle: 1
	vehicleInd: 7
	(orig, dest): (67, 35)
	(origRegion, destRegion): (3, 0)
	st: 350.03000000000003
	duration: 15.0

	setup duration: 0.0

	vehicle: 1
	vehicleInd: 9
	(orig, dest): (9, 21)
	(origRegion, destRegion): (0, 2)
	st: 462.1600000000001
	duration: 10.0


-------------------| COMPL. TIMES |-------------------

Vehicle 0 : 0.0
Vehicle 1 : 458.36999999999995
Vehicle 2 : 754.3900000000001
Vehicle 3 : 0.0
Vehicle 4 : 0.0
Vehicle 5 : 0.0
Vehicle 6 : 0.0
Vehicle 7 : 0.0
Vehicle 8 : 0.0
Vehicle 9 : 0.0
Vehicle 10 : 0.0
Vehicle 11 : 0.0
-------------------| STATISTICS |-------------------

    Vehicles used                           : 16.6667
    Machines used                           : 100.0
    Max load (vehicles)                     : 97.3684
    Min load (vehicles)                     : 96.875
    Mean load (vehicles)                    : 97.1217
    Min completion time                     : 45.837
    Max completion time                     : 75.439
    Mean completion time                    : 60.638
    Avrg travel time (with vehicle)         : 2.875
    Avrg travel time (only with vehicle)    : 2.5
    Avrg travel time (no vehicle)           : 0.375
    Avrg waiting time (machine travel)      : 0.0
    Avrg waiting time (service)             : 0.0
    Machines travel times (with vehicle)    : [0.5, 2.0, 5.0, 4.0]
    Machines travel times (no vehicle)      : [0.0, 1.0, 0.0, 0.5]
    Max load per vehicle                    : [0.0, 96.875, 97.3684, 0.0, 0.0, 0.0, 0.0, 0.0, 0.0, 0.0, 0.0, 0.0]

----------------------------------------------------

TOTAL: 1212.76

Everything is awesome!
