-------------------| STATISTICS |-------------------

Vehicles used                           : 15.0
Machines used                           : 100.0
Max load (vehicles)                     : 100.0
Min load (vehicles)                     : 59.7015
Mean load (vehicles)                    : 85.7681
Min completion time                     : 23.0718
Max completion time                     : 86.342
Mean completion time                    : 56.0313
Avrg travel time (with vehicle)         : 1.9395
Avrg travel time (only with vehicle)    : 1.2492
Avrg travel time (no vehicle)           : 0.6903
Avrg waiting time (machine travel)      : 3.8394
Avrg waiting time (service)             : 14.4777
Machines travel times (with vehicle)    : [0.3945, 0.3945, 1.5779, 1.1834, 5.9172, 2.1696]
Machines travel times (no vehicle)      : [0.1972, 0.1972, 0.5917, 0.5917, 2.1696, 0.3945]
Max load per vehicle                    : [0.0, 0.0, 0.0, 0.0, 0.0, 0.0, 0.0, 0.0, 0.0, 98.75, 0.0, 0.0, 66.6667, 0.0, 0.0, 90.7407, 0.0, 0.0, 0.0, 0.0, 0.0, 0.0, 0.0, 0.0, 0.0, 0.0, 0.0, 0.0, 0.0, 0.0, 0.0, 100.0, 0.0, 98.75, 0.0, 0.0, 0.0, 0.0, 59.7015, 0.0]

----------------------------------------------------

TOTAL: 8522.36

Everything is awesome!
