-------------------| STATISTICS |-------------------

Vehicles used                           : 60.0
Machines used                           : 100.0
Max load (vehicles)                     : 68.4211
Min load (vehicles)                     : 33.3333
Mean load (vehicles)                    : 51.5351
Min completion time                     : 34.0827
Max completion time                     : 87.594
Mean completion time                    : 64.2444
Avrg travel time (with vehicle)         : 11.2782
Avrg travel time (only with vehicle)    : 8.7719
Avrg travel time (no vehicle)           : 2.5063
Avrg waiting time (machine travel)      : 0.4184
Avrg waiting time (service)             : 2.937
Machines travel times (with vehicle)    : [11.2782, 7.5188, 15.0376]
Machines travel times (no vehicle)      : [1.8797, 1.8797, 3.7594]
Max load per vehicle                    : [55.2632, 41.6667, 0.0, 0.0, 33.3333, 68.4211, 50.0, 0.0, 60.5263, 0.0]

----------------------------------------------------

TOTAL: 1025.3400000000001

Everything is awesome!
