-------------------| STATISTICS |-------------------

Vehicles used                           : 26.6667
Machines used                           : 100.0
Max load (vehicles)                     : 100.0
Min load (vehicles)                     : 15.5172
Mean load (vehicles)                    : 55.9537
Min completion time                     : 24.6777
Max completion time                     : 97.4773
Mean completion time                    : 50.3435
Avrg travel time (with vehicle)         : 35.6568
Avrg travel time (only with vehicle)    : 20.3736
Avrg travel time (no vehicle)           : 15.2832
Avrg waiting time (machine travel)      : 3.832
Avrg waiting time (service)             : 10.6933
Machines travel times (with vehicle)    : [42.7553, 32.997, 38.6022, 28.5579, 35.3716]
Machines travel times (no vehicle)      : [20.6536, 13.1198, 17.577, 10.3192, 14.7462]
Max load per vehicle                    : [0.0, 0.0, 0.0, 0.0, 0.0, 0.0, 0.0, 0.0, 0.0, 0.0, 0.0, 86.1111, 0.0, 0.0, 0.0, 48.8372, 0.0, 53.4884, 38.3721, 0.0, 0.0, 0.0, 91.6667, 0.0, 55.814, 0.0, 68.9655, 0.0, 0.0, 0.0, 0.0, 0.0, 18.0556, 15.5172, 0.0, 0.0, 0.0, 0.0, 0.0, 0.0, 0.0, 0.0, 0.0, 84.4828, 0.0, 0.0, 0.0, 100.0, 0.0, 0.0, 77.5862, 74.4186, 0.0, 22.2222, 0.0, 34.7222, 0.0, 25.0, 0.0, 0.0]

----------------------------------------------------

TOTAL: 7998.570000000001

Everything is awesome!
