-------------------| STATISTICS |-------------------

Vehicles used                           : 16.6667
Machines used                           : 100.0
Max load (vehicles)                     : 97.9167
Min load (vehicles)                     : 63.7931
Mean load (vehicles)                    : 80.8549
Min completion time                     : 19.003
Max completion time                     : 71.084
Mean completion time                    : 45.0435
Avrg travel time (with vehicle)         : 7.08
Avrg travel time (only with vehicle)    : 5.871
Avrg travel time (no vehicle)           : 1.209
Avrg waiting time (machine travel)      : 1.1446
Avrg waiting time (service)             : 3.5347
Machines travel times (with vehicle)    : [2.126, 10.372, 8.742]
Machines travel times (no vehicle)      : [1.063, 1.204, 1.36]
Max load per vehicle                    : [0.0, 97.9167, 0.0, 0.0, 63.7931, 0.0, 0.0, 0.0, 0.0, 0.0, 0.0, 0.0]

----------------------------------------------------

TOTAL: 900.8700000000001

Everything is awesome!
