-------------------| STATISTICS |-------------------

Vehicles used                           : 15.0
Machines used                           : 100.0
Max load (vehicles)                     : 100.0
Min load (vehicles)                     : 17.9104
Mean load (vehicles)                    : 69.7927
Min completion time                     : 9.632
Max completion time                     : 83.1373
Mean completion time                    : 56.5089
Avrg travel time (with vehicle)         : 7.9553
Avrg travel time (only with vehicle)    : 4.9967
Avrg travel time (no vehicle)           : 2.9586
Avrg waiting time (machine travel)      : 0.4862
Avrg waiting time (service)             : 3.245
Machines travel times (with vehicle)    : [4.931, 5.9172, 4.931, 1.9724, 14.5957, 15.3846]
Machines travel times (no vehicle)      : [1.9724, 2.5641, 1.7751, 0.789, 4.7337, 5.9172]
Max load per vehicle                    : [0.0, 0.0, 0.0, 0.0, 0.0, 0.0, 0.0, 0.0, 0.0, 0.0, 0.0, 0.0, 42.5, 0.0, 0.0, 0.0, 83.75, 0.0, 0.0, 0.0, 0.0, 0.0, 97.0149, 0.0, 0.0, 0.0, 0.0, 0.0, 0.0, 0.0, 0.0, 0.0, 0.0, 0.0, 0.0, 66.25, 0.0, 0.0, 0.0, 17.9104, 58.209, 0.0, 0.0, 0.0, 0.0, 0.0, 0.0, 0.0, 0.0, 0.0, 67.5, 95.0, 0.0, 0.0, 100.0, 0.0, 0.0, 0.0, 0.0, 0.0]

----------------------------------------------------

TOTAL: 12892.5

Everything is awesome!
