-------------------| STATISTICS |-------------------

Vehicles used                           : 13.3333
Machines used                           : 100.0
Max load (vehicles)                     : 98.75
Min load (vehicles)                     : 37.037
Mean load (vehicles)                    : 82.2801
Min completion time                     : 10.4832
Max completion time                     : 94.4591
Mean completion time                    : 52.979
Avrg travel time (with vehicle)         : 4.9748
Avrg travel time (only with vehicle)    : 3.2231
Avrg travel time (no vehicle)           : 1.7517
Avrg waiting time (machine travel)      : 3.6779
Avrg waiting time (service)             : 12.9646
Machines travel times (with vehicle)    : [2.8027, 1.9619, 2.9428, 1.2612, 10.7904, 10.0897]
Machines travel times (no vehicle)      : [1.1211, 0.5605, 0.8408, 0.4204, 3.6435, 3.9238]
Max load per vehicle                    : [0.0, 0.0, 0.0, 0.0, 0.0, 0.0, 0.0, 0.0, 0.0, 0.0, 0.0, 0.0, 96.2963, 0.0, 0.0, 0.0, 0.0, 0.0, 0.0, 0.0, 97.5, 0.0, 0.0, 98.75, 0.0, 0.0, 0.0, 0.0, 0.0, 0.0, 0.0, 95.0, 95.0, 0.0, 0.0, 0.0, 0.0, 0.0, 0.0, 0.0, 0.0, 0.0, 0.0, 0.0, 37.037, 0.0, 0.0, 57.4074, 0.0, 0.0, 0.0, 0.0, 0.0, 0.0, 0.0, 0.0, 0.0, 0.0, 0.0, 81.25]

----------------------------------------------------

TOTAL: 15122.319999999998

Everything is awesome!
