-------------------| STATISTICS |-------------------

Vehicles used                           : 20.0
Machines used                           : 50.0
Max load (vehicles)                     : 89.4737
Min load (vehicles)                     : 73.0769
Mean load (vehicles)                    : 81.2753
Min completion time                     : 24.304
Max completion time                     : 51.181
Mean completion time                    : 37.7425
Avrg travel time (with vehicle)         : 4.134
Avrg travel time (only with vehicle)    : 3.1005
Avrg travel time (no vehicle)           : 1.0335
Avrg waiting time (machine travel)      : 0.0
Avrg waiting time (service)             : 0.0
Machines travel times (with vehicle)    : [4.472, 0.0, 0.0, 3.796]
Machines travel times (no vehicle)      : [1.118, 0.0, 0.0, 0.949]
Max load per vehicle                    : [0.0, 0.0, 0.0, 0.0, 0.0, 0.0, 0.0, 73.0769, 0.0, 89.4737]

----------------------------------------------------

TOTAL: 754.85

Everything is awesome!
