Set parameter WLSAccessID
Set parameter WLSSecret
Set parameter LicenseID to value 2661775
Academic license 2661775 - for non-commercial use only - registered to me___@dcc.ufba.br
Loading line 2: methodType heur
Loading line 3: methodCode mslp
Loading line 4: seed 0
Loading line 5: threads 1
Loading line 6: greedy_service_order random
Loading line 7: outputFlagGrbMSLP 0
Loading line 8: mslpa 60000
Loading line 9: mslpr I
Loading line 10: maxtime 3600
Loading line 11: output ./logs/
Loading line 12: printsol 1
Loading line 13: solverMethod A
Loading line 14: alpha 0.05 # selected from preliminary experiments
Instance: LR1_2_5_t1_40R_40V_04F_05M

[21:26:49.476] Running Data.readData with file /dados/rmelo/PDPTW-SE/benchmark_multi_floor_v3/official_experiments/multistartlp/official/set_01_pt_02/../../../../instances/orig_ams_fg/40R_40V_04F_06M/t1/LR1_2_5/
vehicles: Vehicle[Vehicle(0, 72), Vehicle(1, 72), Vehicle(2, 86), Vehicle(3, 86), Vehicle(4, 72), Vehicle(5, 58), Vehicle(6, 86), Vehicle(7, 72), Vehicle(8, 86), Vehicle(9, 58), Vehicle(10, 86), Vehicle(11, 72), Vehicle(12, 72), Vehicle(13, 72), Vehicle(14, 72), Vehicle(15, 86), Vehicle(16, 72), Vehicle(17, 58), Vehicle(18, 86), Vehicle(19, 58), Vehicle(20, 72), Vehicle(21, 58), Vehicle(22, 86), Vehicle(23, 58), Vehicle(24, 58), Vehicle(25, 86), Vehicle(26, 72), Vehicle(27, 72), Vehicle(28, 86), Vehicle(29, 72), Vehicle(30, 86), Vehicle(31, 86), Vehicle(32, 72), Vehicle(33, 72), Vehicle(34, 72), Vehicle(35, 58), Vehicle(36, 72), Vehicle(37, 86), Vehicle(38, 58), Vehicle(39, 86)]
vehicle_types: Vehicle[Vehicle(5, 58), Vehicle(0, 72), Vehicle(2, 86)]
Machine[Machine(0, Point[Point(71, 70, 0), Point(71, 70, 1), Point(71, 70, 2), Point(71, 70, 3)], 0.2), Machine(1, Point[Point(73, 70, 0), Point(73, 70, 1), Point(73, 70, 2), Point(73, 70, 3)], 0.2), Machine(2, Point[Point(69, 70, 0), Point(69, 70, 1), Point(69, 70, 2), Point(69, 70, 3)], 0.2), Machine(3, Point[Point(75, 70, 0), Point(75, 70, 1), Point(75, 70, 2), Point(75, 70, 3)], 0.2), Machine(4, Point[Point(67, 70, 0), Point(67, 70, 1), Point(67, 70, 2), Point(67, 70, 3)], 0.2)]
refs: [1, 2, 3, 4, 5, 7, 9, 10, 11, 12, 13, 14, 15, 16, 17, 19, 23, 24, 25, 26, 27, 30, 31, 32, 33, 34, 37, 38, 40, 41, 42, 43, 45, 48, 50, 51, 52, 53, 54, 55, 57, 66, 35, 6, 68, 72, 44, 46, 59, 63, 39, 36, 67, 61, 73, 18, 20, 80, 47, 8, 78, 74, 65, 58, 69, 64, 21, 81, 77, 28, 62, 56, 60, 70, 71, 49, 76, 79, 75, 22, 29, 1]
V: [1, 2, 3, 4, 5, 6, 7, 8, 9, 10, 11, 12, 13, 14, 15, 16, 17, 18, 19, 20, 21, 22, 23, 24, 25, 26, 27, 28, 29, 30, 31, 32, 33, 34, 35, 36, 37, 38, 39, 40, 41, 42, 43, 44, 45, 46, 47, 48, 49, 50, 51, 52, 53, 54, 55, 56, 57, 58, 59, 60, 61, 62, 63, 64, 65, 66, 67, 68, 69, 70, 71, 72, 73, 74, 75, 76, 77, 78, 79, 80, 81]
V_p: [2, 3, 4, 5, 6, 7, 8, 9, 10, 11, 12, 13, 14, 15, 16, 17, 18, 19, 20, 21, 22, 23, 24, 25, 26, 27, 28, 29, 30, 31, 32, 33, 34, 35, 36, 37, 38, 39, 40, 41]
V_d: [42, 43, 44, 45, 46, 47, 48, 49, 50, 51, 52, 53, 54, 55, 56, 57, 58, 59, 60, 61, 62, 63, 64, 65, 66, 67, 68, 69, 70, 71, 72, 73, 74, 75, 76, 77, 78, 79, 80, 81]
Vprime: [1, 2, 3, 4, 5, 6, 7, 8, 9, 10, 11, 12, 13, 14, 15, 16, 17, 18, 19, 20, 21, 22, 23, 24, 25, 26, 27, 28, 29, 30, 31, 32, 33, 34, 35, 36, 37, 38, 39, 40, 41, 42, 43, 44, 45, 46, 47, 48, 49, 50, 51, 52, 53, 54, 55, 56, 57, 58, 59, 60, 61, 62, 63, 64, 65, 66, 67, 68, 69, 70, 71, 72, 73, 74, 75, 76, 77, 78, 79, 80, 81, 82]
V: [1, 2, 3, 4, 5, 6, 7, 8, 9, 10, 11, 12, 13, 14, 15, 16, 17, 18, 19, 20, 21, 22, 23, 24, 25, 26, 27, 28, 29, 30, 31, 32, 33, 34, 35, 36, 37, 38, 39, 40, 41, 42, 43, 44, 45, 46, 47, 48, 49, 50, 51, 52, 53, 54, 55, 56, 57, 58, 59, 60, 61, 62, 63, 64, 65, 66, 67, 68, 69, 70, 71, 72, 73, 74, 75, 76, 77, 78, 79, 80, 81]
q: [0, 34, 8, 39, 19, 22, 23, 18, 16, 15, 13, 13, 11, 7, 43, 18, 9, 12, 7, 18, 33, 17, 15, 9, 30, 17, 25, 18, 23, 9, 31, 24, 9, 12, 1, 36, 17, 23, 20, 32, 16, -34, -8, -39, -19, -22, -23, -18, -16, -15, -13, -13, -11, -7, -43, -18, -9, -12, -7, -18, -33, -17, -15, -9, -30, -17, -25, -18, -23, -9, -31, -24, -9, -12, -1, -36, -17, -23, -20, -32, -16, 0]
H: [1, 2, 3, 4, 5]
f: [[1, 1, 1, 1, 1], [4, 4, 4, 4, 4], [3, 3, 3, 3, 3], [4, 4, 4, 4, 4], [4, 4, 4, 4, 4], [1, 1, 1, 1, 1], [4, 4, 4, 4, 4], [2, 2, 2, 2, 2], [2, 2, 2, 2, 2], [3, 3, 3, 3, 3], [3, 3, 3, 3, 3], [3, 3, 3, 3, 3], [4, 4, 4, 4, 4], [1, 1, 1, 1, 1], [2, 2, 2, 2, 2], [3, 3, 3, 3, 3], [4, 4, 4, 4, 4], [2, 2, 2, 2, 2], [4, 4, 4, 4, 4], [2, 2, 2, 2, 2], [3, 3, 3, 3, 3], [2, 2, 2, 2, 2], [4, 4, 4, 4, 4], [2, 2, 2, 2, 2], [1, 1, 1, 1, 1], [1, 1, 1, 1, 1], [4, 4, 4, 4, 4], [1, 1, 1, 1, 1], [1, 1, 1, 1, 1], [2, 2, 2, 2, 2], [1, 1, 1, 1, 1], [3, 3, 3, 3, 3], [2, 2, 2, 2, 2], [4, 4, 4, 4, 4], [2, 2, 2, 2, 2], [4, 4, 4, 4, 4], [3, 3, 3, 3, 3], [2, 2, 2, 2, 2], [2, 2, 2, 2, 2], [1, 1, 1, 1, 1], [2, 2, 2, 2, 2], [2, 2, 2, 2, 2], [3, 3, 3, 3, 3], [2, 2, 2, 2, 2], [1, 1, 1, 1, 1], [2, 2, 2, 2, 2], [1, 1, 1, 1, 1], [4, 4, 4, 4, 4], [1, 1, 1, 1, 1], [4, 4, 4, 4, 4], [4, 4, 4, 4, 4], [4, 4, 4, 4, 4], [2, 2, 2, 2, 2], [2, 2, 2, 2, 2], [3, 3, 3, 3, 3], [3, 3, 3, 3, 3], [3, 3, 3, 3, 3], [1, 1, 1, 1, 1], [2, 2, 2, 2, 2], [1, 1, 1, 1, 1], [1, 1, 1, 1, 1], [4, 4, 4, 4, 4], [3, 3, 3, 3, 3], [3, 3, 3, 3, 3], [3, 3, 3, 3, 3], [3, 3, 3, 3, 3], [4, 4, 4, 4, 4], [1, 1, 1, 1, 1], [2, 2, 2, 2, 2], [4, 4, 4, 4, 4], [2, 2, 2, 2, 2], [1, 1, 1, 1, 1], [2, 2, 2, 2, 2], [1, 1, 1, 1, 1], [2, 2, 2, 2, 2], [2, 2, 2, 2, 2], [4, 4, 4, 4, 4], [2, 2, 2, 2, 2], [3, 3, 3, 3, 3], [3, 3, 3, 3, 3], [3, 3, 3, 3, 3], [1, 1, 1, 1, 1]]
1 1 1 -> 0.0
1 2 1 -> 5.0
1 3 1 -> 10.0
1 4 1 -> 15.0
2 1 1 -> 5.0
2 2 1 -> 0.0
2 3 1 -> 5.0
2 4 1 -> 10.0
3 1 1 -> 10.0
3 2 1 -> 5.0
3 3 1 -> 0.0
3 4 1 -> 5.0
4 1 1 -> 15.0
4 2 1 -> 10.0
4 3 1 -> 5.0
4 4 1 -> 0.0
1 1 2 -> 0.0
1 2 2 -> 5.0
1 3 2 -> 10.0
1 4 2 -> 15.0
2 1 2 -> 5.0
2 2 2 -> 0.0
2 3 2 -> 5.0
2 4 2 -> 10.0
3 1 2 -> 10.0
3 2 2 -> 5.0
3 3 2 -> 0.0
3 4 2 -> 5.0
4 1 2 -> 15.0
4 2 2 -> 10.0
4 3 2 -> 5.0
4 4 2 -> 0.0
1 1 3 -> 0.0
1 2 3 -> 5.0
1 3 3 -> 10.0
1 4 3 -> 15.0
2 1 3 -> 5.0
2 2 3 -> 0.0
2 3 3 -> 5.0
2 4 3 -> 10.0
3 1 3 -> 10.0
3 2 3 -> 5.0
3 3 3 -> 0.0
3 4 3 -> 5.0
4 1 3 -> 15.0
4 2 3 -> 10.0
4 3 3 -> 5.0
4 4 3 -> 0.0
1 1 4 -> 0.0
1 2 4 -> 5.0
1 3 4 -> 10.0
1 4 4 -> 15.0
2 1 4 -> 5.0
2 2 4 -> 0.0
2 3 4 -> 5.0
2 4 4 -> 10.0
3 1 4 -> 10.0
3 2 4 -> 5.0
3 3 4 -> 0.0
3 4 4 -> 5.0
4 1 4 -> 15.0
4 2 4 -> 10.0
4 3 4 -> 5.0
4 4 4 -> 0.0
1 1 5 -> 0.0
1 2 5 -> 5.0
1 3 5 -> 10.0
1 4 5 -> 15.0
2 1 5 -> 5.0
2 2 5 -> 0.0
2 3 5 -> 5.0
2 4 5 -> 10.0
3 1 5 -> 10.0
3 2 5 -> 5.0
3 3 5 -> 0.0
3 4 5 -> 5.0
4 1 5 -> 15.0
4 2 5 -> 10.0
4 3 5 -> 5.0
4 4 5 -> 0.0
o: (1, 2, 3) => 5.0
o: (3, 1, 3) => 10.0
o: (1, 3, 5) => 10.0
o: (3, 2, 4) => 5.0
o: (1, 4, 5) => 15.0
o: (3, 2, 3) => 5.0
o: (3, 3, 5) => 0.0
o: (2, 1, 1) => 5.0
o: (3, 4, 5) => 5.0
o: (1, 3, 2) => 10.0
o: (1, 4, 2) => 15.0
o: (4, 3, 4) => 5.0
o: (2, 2, 1) => 0.0
o: (4, 4, 4) => 0.0
o: (3, 3, 2) => 0.0
o: (3, 4, 2) => 5.0
o: (4, 3, 3) => 5.0
o: (4, 4, 3) => 0.0
o: (1, 1, 5) => 0.0
o: (1, 2, 5) => 5.0
o: (3, 1, 5) => 10.0
o: (1, 3, 1) => 10.0
o: (1, 1, 2) => 0.0
o: (1, 4, 1) => 15.0
o: (4, 1, 4) => 15.0
o: (3, 2, 5) => 5.0
o: (3, 3, 1) => 0.0
o: (1, 2, 2) => 5.0
o: (3, 1, 2) => 10.0
o: (3, 4, 1) => 5.0
o: (4, 1, 3) => 15.0
o: (4, 2, 4) => 10.0
o: (3, 2, 2) => 5.0
o: (2, 3, 4) => 5.0
o: (4, 2, 3) => 10.0
o: (2, 4, 4) => 10.0
o: (4, 3, 5) => 5.0
o: (4, 4, 5) => 0.0
o: (1, 1, 1) => 0.0
o: (2, 3, 3) => 5.0
o: (2, 4, 3) => 10.0
o: (4, 3, 2) => 5.0
o: (1, 2, 1) => 5.0
o: (3, 1, 1) => 10.0
o: (4, 4, 2) => 0.0
o: (3, 2, 1) => 5.0
o: (2, 1, 4) => 5.0
o: (4, 1, 5) => 15.0
o: (2, 1, 3) => 5.0
o: (2, 2, 4) => 0.0
o: (4, 2, 5) => 10.0
o: (4, 3, 1) => 5.0
o: (4, 1, 2) => 15.0
o: (4, 4, 1) => 0.0
o: (2, 2, 3) => 0.0
o: (2, 3, 5) => 5.0
o: (2, 4, 5) => 10.0
o: (4, 2, 2) => 10.0
o: (1, 3, 4) => 10.0
o: (2, 3, 2) => 5.0
o: (1, 4, 4) => 15.0
o: (2, 4, 2) => 10.0
o: (1, 3, 3) => 10.0
o: (3, 3, 4) => 0.0
o: (1, 4, 3) => 15.0
o: (3, 4, 4) => 5.0
o: (4, 1, 1) => 15.0
o: (2, 1, 5) => 5.0
o: (3, 3, 3) => 0.0
o: (3, 4, 3) => 5.0
o: (4, 2, 1) => 10.0
o: (2, 2, 5) => 0.0
o: (2, 3, 1) => 5.0
o: (1, 1, 4) => 0.0
o: (2, 1, 2) => 5.0
o: (2, 4, 1) => 10.0
o: (1, 1, 3) => 0.0
o: (1, 2, 4) => 5.0
o: (2, 2, 2) => 0.0
o: (3, 1, 4) => 10.0

[130, 823, 813, 735, 725, 740, 665, 16]
JOBS in the order of refs (Vprime)
Node 1: Job(0, Point(70, 70, 0), 0, 0, 634, 0, 0, 0)
Node 2: Job(1, Point(107, 77, 3), 34, 37, 67, 10, 0, 113)
Node 3: Job(2, Point(109, 139, 2), 8, 113, 143, 10, 0, 48)
Node 4: Job(3, Point(120, 22, 3), 39, 114, 144, 10, 0, 5)
Node 5: Job(4, Point(48, 47, 3), 19, 31, 61, 10, 0, 125)
Node 6: Job(7, Point(86, 40, 0), 22, 34, 64, 10, 0, 133)
Node 7: Job(10, Point(40, 113, 3), 23, 477, 507, 10, 0, 59)
Node 8: Job(11, Point(129, 24, 1), 18, 335, 365, 10, 0, 61)
Node 9: Job(12, Point(12, 84, 1), 16, 199, 229, 10, 0, 82)
Node 10: Job(14, Point(102, 52, 2), 15, 159, 189, 10, 0, 103)
Node 11: Job(15, Point(41, 36, 2), 13, 51, 81, 10, 0, 54)
Node 12: Job(18, Point(104, 54, 2), 13, 53, 83, 10, 0, 49)
Node 13: Job(19, Point(22, 104, 3), 11, 231, 261, 10, 0, 114)
Node 14: Job(20, Point(46, 133, 0), 7, 76, 106, 10, 0, 97)
Node 15: Job(21, Point(138, 78, 1), 43, 202, 232, 10, 0, 148)
Node 16: Job(23, Point(18, 104, 2), 18, 337, 367, 10, 0, 22)
Node 17: Job(32, Point(54, 106, 3), 9, 294, 324, 10, 0, 24)
Node 18: Job(33, Point(30, 21, 1), 12, 322, 352, 10, 0, 190)
Node 19: Job(34, Point(63, 129, 3), 7, 206, 236, 10, 0, 62)
Node 20: Job(36, Point(108, 30, 1), 18, 96, 126, 10, 0, 9)
Node 21: Job(37, Point(37, 73, 2), 33, 336, 366, 10, 0, 174)
Node 22: Job(41, Point(81, 36, 1), 17, 62, 92, 10, 0, 150)
Node 23: Job(43, Point(13, 48, 3), 15, 420, 450, 10, 0, 110)
Node 24: Job(44, Point(113, 35, 1), 9, 61, 91, 10, 0, 79)
Node 25: Job(46, Point(44, 58, 0), 30, 28, 58, 10, 0, 127)
Node 26: Job(47, Point(8, 87, 0), 17, 401, 431, 10, 0, 108)
Node 27: Job(51, Point(139, 68, 3), 25, 78, 108, 10, 0, 26)
Node 28: Job(53, Point(103, 119, 0), 18, 334, 364, 10, 0, 192)
Node 29: Job(55, Point(89, 39, 0), 23, 36, 66, 10, 0, 160)
Node 30: Job(56, Point(54, 41, 1), 9, 281, 311, 10, 0, 39)
Node 31: Job(57, Point(39, 100, 0), 31, 66, 96, 10, 0, 102)
Node 32: Job(58, Point(5, 99, 2), 24, 324, 354, 10, 0, 74)
Node 33: Job(60, Point(73, 96, 1), 9, 166, 196, 10, 0, 84)
Node 34: Job(63, Point(103, 44, 3), 12, 68, 98, 10, 0, 130)
Node 35: Job(66, Point(140, 36, 1), 1, 176, 206, 10, 0, 131)
Node 36: Job(68, Point(113, 32, 3), 36, 144, 174, 10, 0, 64)
Node 37: Job(69, Point(104, 73, 2), 17, 249, 279, 10, 0, 154)
Node 38: Job(71, Point(15, 4, 1), 23, 101, 131, 10, 0, 175)
Node 39: Job(72, Point(54, 33, 1), 20, 58, 88, 10, 0, 153)
Node 40: Job(73, Point(70, 94, 0), 32, 24, 54, 10, 0, 30)
Node 41: Job(76, Point(109, 131, 1), 16, 226, 256, 10, 0, 40)
Node 42: Job(113, Point(116, 83, 1), -34, 212, 242, 10, 1, 0)
Node 43: Job(48, Point(116, 105, 2), -8, 144, 174, 10, 2, 0)
Node 44: Job(5, Point(116, 22, 1), -39, 233, 263, 10, 3, 0)
Node 45: Job(125, Point(30, 57, 0), -19, 230, 260, 10, 4, 0)
Node 46: Job(133, Point(98, 4, 1), -22, 178, 208, 10, 7, 0)
Node 47: Job(59, Point(67, 96, 0), -23, 549, 579, 10, 10, 0)
Node 48: Job(61, Point(112, 13, 3), -18, 524, 554, 10, 11, 0)
Node 49: Job(82, Point(10, 86, 0), -16, 411, 441, 10, 12, 0)
Node 50: Job(103, Point(103, 82, 3), -15, 326, 356, 10, 14, 0)
Node 51: Job(54, Point(32, 52, 3), -13, 151, 181, 10, 15, 0)
Node 52: Job(49, Point(117, 4, 3), -13, 418, 448, 10, 18, 0)
Node 53: Job(114, Point(29, 94, 1), -11, 323, 353, 10, 19, 0)
Node 54: Job(97, Point(58, 80, 1), -7, 460, 490, 10, 20, 0)
Node 55: Job(148, Point(123, 84, 2), -43, 416, 446, 10, 21, 0)
Node 56: Job(22, Point(16, 92, 2), -18, 359, 389, 10, 23, 0)
Node 57: Job(24, Point(66, 82, 2), -9, 501, 531, 10, 32, 0)
Node 58: Job(190, Point(33, 0, 0), -12, 482, 512, 10, 33, 0)
Node 59: Job(62, Point(55, 127, 1), -7, 315, 345, 10, 34, 0)
Node 60: Job(9, Point(61, 57, 0), -18, 375, 405, 10, 36, 0)
Node 61: Job(174, Point(37, 79, 0), -33, 428, 458, 10, 37, 0)
Node 62: Job(150, Point(99, 34, 3), -17, 143, 173, 10, 41, 0)
Node 63: Job(110, Point(34, 72, 2), -15, 549, 579, 10, 43, 0)
Node 64: Job(79, Point(113, 45, 2), -9, 299, 329, 10, 44, 0)
Node 65: Job(127, Point(2, 106, 2), -30, 387, 417, 10, 46, 0)
Node 66: Job(108, Point(54, 78, 2), -17, 550, 580, 10, 47, 0)
Node 67: Job(26, Point(139, 73, 3), -25, 87, 117, 10, 51, 0)
Node 68: Job(192, Point(97, 115, 0), -18, 368, 398, 10, 53, 0)
Node 69: Job(160, Point(120, 14, 1), -23, 259, 289, 10, 55, 0)
Node 70: Job(39, Point(47, 83, 3), -9, 327, 357, 10, 56, 0)
Node 71: Job(102, Point(17, 138, 1), -31, 433, 463, 10, 57, 0)
Node 72: Job(74, Point(35, 90, 0), -24, 446, 476, 10, 58, 0)
Node 73: Job(84, Point(46, 112, 1), -9, 286, 316, 10, 60, 0)
Node 74: Job(130, Point(126, 23, 0), -12, 263, 293, 10, 63, 0)
Node 75: Job(131, Point(138, 24, 1), -1, 180, 210, 10, 66, 0)
Node 76: Job(64, Point(97, 12, 1), -36, 255, 285, 10, 68, 0)
Node 77: Job(154, Point(86, 80, 3), -17, 374, 404, 10, 69, 0)
Node 78: Job(175, Point(60, 54, 1), -23, 239, 269, 10, 71, 0)
Node 79: Job(153, Point(32, 6, 2), -20, 188, 218, 10, 72, 0)
Node 80: Job(30, Point(64, 132, 2), -32, 101, 131, 10, 73, 0)
Node 81: Job(40, Point(92, 138, 2), -16, 402, 432, 10, 76, 0)
Node 82: Job(0, Point(70, 70, 0), 0, 0, 634, 0, 0, 0)

### Preprocessing Data ###
	-> arcs: 6724 (100.0%)
	-> arc_removals: 6168 (91.73%)
	-> arc_removals_is_loop: 82 (1.22%)
	-> arc_removals_is_delivery_to_pickup: 42 (0.62%)
	-> arc_removals_is_depot_begin_to_delivery: 40 (0.59%)
	-> arc_removals_is_pickup_to_depot_end: 40 (0.59%)
	-> arc_removals_is_dest_depot_begin: 80 (1.19%)
	-> arc_removals_is_orig_depot_end: 79 (1.17%)
	-> arc_removals_is_capacity_violated: 0 (0.0%)
	-> arc_removals_is_time_window_limited: 4052 (60.26%)
	-> arc_removals_is_time_window_pairing_limited: 1691 (25.15%)
	-> arc_removals_is_indirect_request_service_impossible: 62 (0.92%)
	-> gamma_vars: 0 (0%)
	-> feas_gamma_vars: 0 (0%)
	-> infeas_gamma_vars_is_next_mtrv_unreachable: 0 (0%)
	-> infeas_gamma_vars_is_iprime_jprime_eq_i_j: 0 (0%)
	-> machine_removal_for_an_arc: 0 (0.0%)
##########################

[21:26:59.444] Print configuration
------------------------------------------------------
"
[21:26:59.444] Running Multi Start Heuristic"
> Experiment started at 2025-10-16T21:26:59.444
> Instance: LR1_2_5_t1_40R_40V_04F_05M
> Algorithm Parameters:


	>Stop params:
		>  - rule ITERATIONS
		>  - argument 60000.0
		>  - maximum_time 3600

	>General params:
		>  - instPath /dados/rmelo/PDPTW-SE/benchmark_multi_floor_v3/official_experiments/multistartlp/official/set_01_pt_02/../../../../instances/orig_ams_fg/40R_40V_04F_06M/t1/LR1_2_5/
		>  - name LR1_2_5
		>  - type t1
		>  - group 40R_40V_04F_05M
		>  - fullname LR1_2_5_t1_40R_40V_04F_05M
		>  - methodType heur
		>  - methodCode mslp
		>  - genconfigfile /dados/rmelo/PDPTW-SE/benchmark_multi_floor_v3/official_experiments/multistartlp/official/set_01_pt_02/configs/genconfig_mslp.conf
		>  - genconfigfilename genconfig_mslp
		>  - greedy_service_order random
		>  - cutoff 0
		>  - cutoffmachs 5
		>  - num_machs 0
		>  - solver Gurobi
		>  - maxtime 3600
		>  - gurobiCuts 1
		>  - typeUserCut 0
		>  - mipPresolve -1
		>  - printsol 1
		>  - maxnodes -1
		>  - elevator 1
		>  - make_instance_feasible false
		>  - output /dados/rmelo/PDPTW-SE/benchmark_multi_floor_v3/official_experiments/multistartlp/official/set_01_pt_02/logs
		>  - suff_outputs _seed_177
		>  - suff_csv _bash_5
		>  - epsilon 0.005
		>  - epsilonCap 0.5
		>  - warmStart false
		>  - seed 177
		>  - rng Random.MersenneTwister(177)
		>  - alpha 0.05
		>  - maxiter 1000000
		>  - outputFlagGrbMIP 0
		>  - outputFlagGrbMSLP 0
		>  - outputFlagGrbLMNS 0
		>  - mslpr I
		>  - mslpa 60000
		>  - lmnsr M
		>  - lmnsa 60
		>  - lmnsRepairTime 30.0
		>  - lmnsMIPFocus 0
		>  - lmnsGapToBiggerDestruction 50
		>  - lmnsGapToSmallerDestruction 95
		>  - lmnsWeightShawDistProx 1.0
		>  - lmnsWeightShawEarlProx 1.0
		>  - lmnsWeightShawSameRoute 1.0
		>  - lmnsWeightShawDemandSim 1.0
		>  - lmnsReqRApplyMIPStart true
		>  - lmnsAcceptanceCriteria H
		>  - lmnsMetropolisTemp 100.0
		>  - lmnsSimulatedAnnealingTemp 100.0
		>  - lmnsSimulatedAnnealingCool 0.95
		>  - mipmaxtime 3600
		>  - csvfilename /dados/rmelo/PDPTW-SE/benchmark_multi_floor_v3/official_experiments/multistartlp/official/set_01_pt_02/logs/heur_mslp/outputs/csvresults_heur_mslp_bash_5.csv
		>  - solfilename /dados/rmelo/PDPTW-SE/benchmark_multi_floor_v3/official_experiments/multistartlp/official/set_01_pt_02/logs/heur_mslp/solutions/40R_40V_04F_05M/LR1_2_5_sol_genconfig_mslp_seed_177.txt
		>  - timelineFilename /dados/rmelo/PDPTW-SE/benchmark_multi_floor_v3/official_experiments/multistartlp/official/set_01_pt_02/logs/heur_mslp/timelines/40R_40V_04F_05M/LR1_2_5_timeline_genconfig_mslp_seed_177.txt
		>  - grbFilename /dados/rmelo/PDPTW-SE/benchmark_multi_floor_v3/official_experiments/multistartlp/official/set_01_pt_02/logs/heur_mslp/gurobi/40R_40V_04F_05M/LR1_2_5_grb_genconfig_mslp_seed_177.log
		>  - threads 1
		>  - solverMethod AUTOMATIC

------------------------------------------------------

[21:26:59.553] Starting running MSLP
objValue;greedysol;iteration;time
9534.68;10153.50;1;0.016516
9179.65;9779.62;8767;37.064387

[21:32:11.058] Finished running MSLP
System CPU time: 0.36 seconds

[21:32:11.166] Post running MSLP
Best solution value: 9179.65
Total time elapsed: 311.421598
Time to best: 37.064387
Iterations: 60000
Iterations to best: 8767
Improvements: 2
Infeasible solutions percentage: (59996 / 60000) = 99.9933 %
(LP improvements)/(LP runs) = 4/4 = 100.0000 %
Mean LP improvement percentage: 6.3750 %
[21:32:11.517] Writing results to CSV file: /dados/rmelo/PDPTW-SE/benchmark_multi_floor_v3/official_experiments/multistartlp/official/set_01_pt_02/logs/heur_mslp/outputs/csvresults_heur_mslp_bash_5.csv

[21:32:14.356] Saving solution to file:/dados/rmelo/PDPTW-SE/benchmark_multi_floor_v3/official_experiments/multistartlp/official/set_01_pt_02/logs/heur_mslp/solutions/40R_40V_04F_05M/LR1_2_5_sol_genconfig_mslp_seed_177.txt

[21:32:14.356] Saving solution timeline to file: /dados/rmelo/PDPTW-SE/benchmark_multi_floor_v3/official_experiments/multistartlp/official/set_01_pt_02/logs/heur_mslp/timelines/40R_40V_04F_05M/LR1_2_5_timeline_genconfig_mslp_seed_177.txt
---------------------| VEHICLES |---------------------

Vehicle 0 :
	id: 0
		node: 1
		(x, y, z): (70, 70, 0)
		dem: 0
		earl: 0
		lat: 634
		servt: 0
		pid: 0
		did: 0
		servST: 0.3299999999999983
		(h, h_ind): (-1, 0)
		load: 0.0

	Finished service at time: 0.3299999999999983

	Using Machine: 0
		Task 0 -> Machine 0 (Station 1): 1.0
		Vehicle arrival at machine station: 1.3299999999999983
		Waiting time until machine travel: 0.0

		Machine travel start time: 1.3299999999999983
		Region 0 -> Region 3: 15.0
		Machine arrival at machine station: 16.33

		Machine 0 (Station 4)-> Task 3: 68.59
		Vehicle arrival at task: 84.92
		Waiting time until service start time: 29.08

	id: 3
		node: 4
		(x, y, z): (120, 22, 3)
		dem: 39
		earl: 114
		lat: 144
		servt: 10
		pid: 0
		did: 5
		servST: 114.0
		(h, h_ind): (0, 1)
		load: 39.0

	Finished service at time: 124.0

	Using Machine: 3
		Task 3 -> Machine 3 (Station 4): 65.8
		Vehicle arrival at machine station: 189.8
		Waiting time until machine travel: 0.0

		Machine travel start time: 189.8
		Region 3 -> Region 1: 10.0
		Machine arrival at machine station: 199.8

		Machine 3 (Station 2)-> Task 5: 63.13
		Vehicle arrival at task: 262.93
		Waiting time until service start time: 0.0

	id: 5
		node: 44
		(x, y, z): (116, 22, 1)
		dem: -39
		earl: 233
		lat: 263
		servt: 10
		pid: 3
		did: 0
		servST: 262.93
		(h, h_ind): (3, 7)
		load: 0.0

	Finished service at time: 272.93

	Using Machine: 2
		Task 5 -> Machine 2 (Station 2): 67.18
		Vehicle arrival at machine station: 340.11
		Waiting time until machine travel: 0.0

		Machine travel start time: 340.11
		Region 1 -> Region 0: 5.0
		Machine arrival at machine station: 345.11

		Machine 2 (Station 1)-> Task 47: 63.32
		Vehicle arrival at task: 408.43
		Waiting time until service start time: 0.0

	id: 47
		node: 26
		(x, y, z): (8, 87, 0)
		dem: 17
		earl: 401
		lat: 431
		servt: 10
		pid: 0
		did: 108
		servST: 408.43
		(h, h_ind): (2, 9)
		load: 17.0

	Finished service at time: 418.43

	Using Machine: 4
		Task 47 -> Machine 4 (Station 1): 61.4
		Vehicle arrival at machine station: 479.83
		Waiting time until machine travel: 0.0

		Machine travel start time: 479.83000000000004
		Region 0 -> Region 2: 10.0
		Machine arrival at machine station: 489.83000000000004

		Machine 4 (Station 3)-> Task 108: 15.26
		Vehicle arrival at task: 505.09000000000003
		Waiting time until service start time: 44.91

	id: 108
		node: 66
		(x, y, z): (54, 78, 2)
		dem: -17
		earl: 550
		lat: 580
		servt: 10
		pid: 47
		did: 0
		servST: 550.0
		(h, h_ind): (4, 12)
		load: 0.0

	Finished service at time: 560.0

	Using Machine: 2
		Task 108 -> Machine 2 (Station 3): 17.0
		Vehicle arrival at machine station: 577.0
		Waiting time until machine travel: 0.0

		Machine travel start time: 577.0
		Region 2 -> Region 0: 10.0
		Machine arrival at machine station: 587.0

		Machine 2 (Station 1)-> Task 0: 1.0
		Vehicle arrival at task: 588.0
		Waiting time until service start time: 0.0

	id: 0
		node: 82
		(x, y, z): (70, 70, 0)
		dem: 0
		earl: 0
		lat: 634
		servt: 0
		pid: 0
		did: 0
		servST: 588.0
		(h, h_ind): (2, 14)
		load: 0.0


Vehicle 1 :
	id: 0
		node: 1
		(x, y, z): (70, 70, 0)
		dem: 0
		earl: 0
		lat: 634
		servt: 0
		pid: 0
		did: 0
		servST: 30.429999999999986
		(h, h_ind): (-1, 0)
		load: 0.0

	Finished service at time: 30.429999999999986

	Using Machine: 4
		Task 0 -> Machine 4 (Station 1): 3.0
		Vehicle arrival at machine station: 33.429999999999986
		Waiting time until machine travel: 0.0

		Machine travel start time: 33.429999999999986
		Region 0 -> Region 1: 5.0
		Machine arrival at machine station: 38.429999999999986

		Machine 4 (Station 2)-> Task 41: 36.77
		Vehicle arrival at task: 75.19999999999999
		Waiting time until service start time: 0.0

	id: 41
		node: 22
		(x, y, z): (81, 36, 1)
		dem: 17
		earl: 62
		lat: 92
		servt: 10
		pid: 0
		did: 150
		servST: 75.19999999999999
		(h, h_ind): (4, 3)
		load: 17.0

	Finished service at time: 85.19999999999999

	Using Machine: 3
		Task 41 -> Machine 3 (Station 2): 34.53
		Vehicle arrival at machine station: 119.72999999999999
		Waiting time until machine travel: 0.0

		Machine travel start time: 119.72999999999999
		Region 1 -> Region 3: 10.0
		Machine arrival at machine station: 129.73

		Machine 3 (Station 4)-> Task 150: 43.27
		Vehicle arrival at task: 173.0
		Waiting time until service start time: 0.0

	id: 150
		node: 62
		(x, y, z): (99, 34, 3)
		dem: -17
		earl: 143
		lat: 173
		servt: 10
		pid: 41
		did: 0
		servST: 173.0
		(h, h_ind): (3, 5)
		load: 0.0

	Finished service at time: 183.0

	Using Machine: 0
		Task 150 -> Machine 0 (Station 4): 45.61
		Vehicle arrival at machine station: 228.61
		Waiting time until machine travel: 0.0

		Machine travel start time: 228.61
		Region 3 -> Region 0: 15.0
		Machine arrival at machine station: 243.61

		Machine 0 (Station 1)-> Task 0: 1.0
		Vehicle arrival at task: 244.61
		Waiting time until service start time: 0.0

	id: 0
		node: 82
		(x, y, z): (70, 70, 0)
		dem: 0
		earl: 0
		lat: 634
		servt: 0
		pid: 0
		did: 0
		servST: 244.61
		(h, h_ind): (0, 4)
		load: 0.0


Vehicle 3 :
	id: 0
		node: 1
		(x, y, z): (70, 70, 0)
		dem: 0
		earl: 0
		lat: 634
		servt: 0
		pid: 0
		did: 0
		servST: 29.36
		(h, h_ind): (-1, 0)
		load: 0.0

	Finished service at time: 29.36

	Task 0 -> Task 46: 28.64
	Vehicle arrival at task: 58.0
	Waiting time until service start time: 0.0

	id: 46
		node: 25
		(x, y, z): (44, 58, 0)
		dem: 30
		earl: 28
		lat: 58
		servt: 10
		pid: 0
		did: 127
		servST: 58.0
		(h, h_ind): (-1, 0)
		load: 30.0

	Finished service at time: 68.0

	Using Machine: 0
		Task 46 -> Machine 0 (Station 1): 29.55
		Vehicle arrival at machine station: 97.55
		Waiting time until machine travel: 0.0

		Machine travel start time: 97.55
		Region 0 -> Region 1: 5.0
		Machine arrival at machine station: 102.55

		Machine 0 (Station 2)-> Task 66: 76.92
		Vehicle arrival at task: 179.47
		Waiting time until service start time: 0.0

	id: 66
		node: 35
		(x, y, z): (140, 36, 1)
		dem: 1
		earl: 176
		lat: 206
		servt: 10
		pid: 0
		did: 131
		servST: 179.47
		(h, h_ind): (0, 3)
		load: 31.0

	Finished service at time: 189.47

	Task 66 -> Task 131: 12.17
	Vehicle arrival at task: 201.64
	Waiting time until service start time: 0.0

	id: 131
		node: 75
		(x, y, z): (138, 24, 1)
		dem: -1
		earl: 180
		lat: 210
		servt: 10
		pid: 66
		did: 0
		servST: 201.64
		(h, h_ind): (-1, 0)
		load: 30.0

	Finished service at time: 211.64

	Using Machine: 2
		Task 131 -> Machine 2 (Station 2): 82.93
		Vehicle arrival at machine station: 294.57
		Waiting time until machine travel: 0.0

		Machine travel start time: 294.57
		Region 1 -> Region 2: 5.0
		Machine arrival at machine station: 299.57

		Machine 2 (Station 3)-> Task 23: 61.29
		Vehicle arrival at task: 360.86
		Waiting time until service start time: 0.0

	id: 23
		node: 16
		(x, y, z): (18, 104, 2)
		dem: 18
		earl: 337
		lat: 367
		servt: 10
		pid: 0
		did: 22
		servST: 360.86
		(h, h_ind): (2, 8)
		load: 48.0

	Finished service at time: 370.86

	Task 23 -> Task 22: 12.17
	Vehicle arrival at task: 383.03000000000003
	Waiting time until service start time: 0.0

	id: 22
		node: 56
		(x, y, z): (16, 92, 2)
		dem: -18
		earl: 359
		lat: 389
		servt: 10
		pid: 23
		did: 0
		servST: 383.03000000000003
		(h, h_ind): (-1, 0)
		load: 30.0

	Finished service at time: 393.03000000000003

	Task 22 -> Task 127: 19.8
	Vehicle arrival at task: 412.83000000000004
	Waiting time until service start time: 0.0

	id: 127
		node: 65
		(x, y, z): (2, 106, 2)
		dem: -30
		earl: 387
		lat: 417
		servt: 10
		pid: 46
		did: 0
		servST: 412.83000000000004
		(h, h_ind): (-1, 0)
		load: 0.0

	Finished service at time: 422.83000000000004

	Using Machine: 0
		Task 127 -> Machine 0 (Station 3): 77.83
		Vehicle arrival at machine station: 500.66
		Waiting time until machine travel: 0.0

		Machine travel start time: 500.66
		Region 2 -> Region 0: 10.0
		Machine arrival at machine station: 510.66

		Machine 0 (Station 1)-> Task 0: 1.0
		Vehicle arrival at task: 511.66
		Waiting time until service start time: 0.0

	id: 0
		node: 82
		(x, y, z): (70, 70, 0)
		dem: 0
		earl: 0
		lat: 634
		servt: 0
		pid: 0
		did: 0
		servST: 511.66
		(h, h_ind): (0, 9)
		load: 0.0


Vehicle 4 :
	id: 0
		node: 1
		(x, y, z): (70, 70, 0)
		dem: 0
		earl: 0
		lat: 634
		servt: 0
		pid: 0
		did: 0
		servST: 29.64
		(h, h_ind): (-1, 0)
		load: 0.0

	Finished service at time: 29.64

	Task 0 -> Task 55: 36.36
	Vehicle arrival at task: 66.0
	Waiting time until service start time: 0.0

	id: 55
		node: 29
		(x, y, z): (89, 39, 0)
		dem: 23
		earl: 36
		lat: 66
		servt: 10
		pid: 0
		did: 160
		servST: 66.0
		(h, h_ind): (-1, 0)
		load: 23.0

	Finished service at time: 76.0

	Using Machine: 3
		Task 55 -> Machine 3 (Station 1): 34.01
		Vehicle arrival at machine station: 110.00999999999999
		Waiting time until machine travel: 4.72

		Machine travel start time: 114.72999999999999
		Region 0 -> Region 1: 5.0
		Machine arrival at machine station: 119.72999999999999

		Machine 3 (Station 2)-> Task 21: 63.51
		Vehicle arrival at task: 183.23999999999998
		Waiting time until service start time: 18.76

	id: 21
		node: 15
		(x, y, z): (138, 78, 1)
		dem: 43
		earl: 202
		lat: 232
		servt: 10
		pid: 0
		did: 148
		servST: 202.0
		(h, h_ind): (3, 4)
		load: 66.0

	Finished service at time: 212.0

	Task 21 -> Task 160: 66.48
	Vehicle arrival at task: 278.48
	Waiting time until service start time: 0.0

	id: 160
		node: 69
		(x, y, z): (120, 14, 1)
		dem: -23
		earl: 259
		lat: 289
		servt: 10
		pid: 55
		did: 0
		servST: 278.48
		(h, h_ind): (-1, 0)
		load: 43.0

	Finished service at time: 288.48

	Using Machine: 3
		Task 160 -> Machine 3 (Station 2): 71.84
		Vehicle arrival at machine station: 360.32000000000005
		Waiting time until machine travel: 0.68

		Machine travel start time: 361.0
		Region 1 -> Region 2: 5.0
		Machine arrival at machine station: 366.0

		Machine 3 (Station 3)-> Task 148: 50.0
		Vehicle arrival at task: 416.0
		Waiting time until service start time: 0.0

	id: 148
		node: 55
		(x, y, z): (123, 84, 2)
		dem: -43
		earl: 416
		lat: 446
		servt: 10
		pid: 21
		did: 0
		servST: 416.0
		(h, h_ind): (3, 13)
		load: 0.0

	Finished service at time: 426.0

	Using Machine: 0
		Task 148 -> Machine 0 (Station 3): 53.85
		Vehicle arrival at machine station: 479.85
		Waiting time until machine travel: 0.0

		Machine travel start time: 479.85
		Region 2 -> Region 0: 10.0
		Machine arrival at machine station: 489.85

		Machine 0 (Station 1)-> Task 0: 1.0
		Vehicle arrival at task: 490.85
		Waiting time until service start time: 0.0

	id: 0
		node: 82
		(x, y, z): (70, 70, 0)
		dem: 0
		earl: 0
		lat: 634
		servt: 0
		pid: 0
		did: 0
		servST: 490.85
		(h, h_ind): (0, 8)
		load: 0.0


Vehicle 6 :
	id: 0
		node: 1
		(x, y, z): (70, 70, 0)
		dem: 0
		earl: 0
		lat: 634
		servt: 0
		pid: 0
		did: 0
		servST: 52.86
		(h, h_ind): (-1, 0)
		load: 0.0

	Finished service at time: 52.86

	Task 0 -> Task 57: 43.14
	Vehicle arrival at task: 96.0
	Waiting time until service start time: 0.0

	id: 57
		node: 31
		(x, y, z): (39, 100, 0)
		dem: 31
		earl: 66
		lat: 96
		servt: 10
		pid: 0
		did: 102
		servST: 96.0
		(h, h_ind): (-1, 0)
		load: 31.0

	Finished service at time: 106.0

	Using Machine: 4
		Task 57 -> Machine 4 (Station 1): 41.04
		Vehicle arrival at machine station: 147.04
		Waiting time until machine travel: 3.22

		Machine travel start time: 150.26
		Region 0 -> Region 1: 5.0
		Machine arrival at machine station: 155.26

		Machine 4 (Station 2)-> Task 60: 26.68
		Vehicle arrival at task: 181.94
		Waiting time until service start time: 14.06

	id: 60
		node: 33
		(x, y, z): (73, 96, 1)
		dem: 9
		earl: 166
		lat: 196
		servt: 10
		pid: 0
		did: 84
		servST: 196.0
		(h, h_ind): (4, 6)
		load: 40.0

	Finished service at time: 206.0

	Task 60 -> Task 84: 31.38
	Vehicle arrival at task: 237.38
	Waiting time until service start time: 48.62

	id: 84
		node: 73
		(x, y, z): (46, 112, 1)
		dem: -9
		earl: 286
		lat: 316
		servt: 10
		pid: 60
		did: 0
		servST: 286.0
		(h, h_ind): (-1, 0)
		load: 31.0

	Finished service at time: 296.0

	Task 84 -> Task 102: 38.95
	Vehicle arrival at task: 334.95
	Waiting time until service start time: 98.05

	id: 102
		node: 71
		(x, y, z): (17, 138, 1)
		dem: -31
		earl: 433
		lat: 463
		servt: 10
		pid: 57
		did: 0
		servST: 433.0
		(h, h_ind): (-1, 0)
		load: 0.0

	Finished service at time: 443.0

	Using Machine: 2
		Task 102 -> Machine 2 (Station 2): 85.6
		Vehicle arrival at machine station: 528.6
		Waiting time until machine travel: 0.0

		Machine travel start time: 528.6
		Region 1 -> Region 0: 5.0
		Machine arrival at machine station: 533.6

		Machine 2 (Station 1)-> Task 0: 1.0
		Vehicle arrival at task: 534.6
		Waiting time until service start time: 0.0

	id: 0
		node: 82
		(x, y, z): (70, 70, 0)
		dem: 0
		earl: 0
		lat: 634
		servt: 0
		pid: 0
		did: 0
		servST: 534.6
		(h, h_ind): (2, 13)
		load: 0.0


Vehicle 8 :
	id: 0
		node: 1
		(x, y, z): (70, 70, 0)
		dem: 0
		earl: 0
		lat: 634
		servt: 0
		pid: 0
		did: 0
		servST: 7.799999999999997
		(h, h_ind): (-1, 0)
		load: 0.0

	Finished service at time: 7.799999999999997

	Using Machine: 2
		Task 0 -> Machine 2 (Station 1): 1.0
		Vehicle arrival at machine station: 8.799999999999997
		Waiting time until machine travel: 0.0

		Machine travel start time: 8.799999999999997
		Region 0 -> Region 3: 15.0
		Machine arrival at machine station: 23.799999999999997

		Machine 2 (Station 4)-> Task 4: 31.14
		Vehicle arrival at task: 54.94
		Waiting time until service start time: 6.06

	id: 4
		node: 5
		(x, y, z): (48, 47, 3)
		dem: 19
		earl: 31
		lat: 61
		servt: 10
		pid: 0
		did: 125
		servST: 61.0
		(h, h_ind): (2, 1)
		load: 19.0

	Finished service at time: 71.0

	Using Machine: 4
		Task 4 -> Machine 4 (Station 4): 29.83
		Vehicle arrival at machine station: 100.83
		Waiting time until machine travel: 34.43

		Machine travel start time: 135.26
		Region 3 -> Region 0: 15.0
		Machine arrival at machine station: 150.26

		Machine 4 (Station 1)-> Task 125: 39.22
		Vehicle arrival at task: 189.48
		Waiting time until service start time: 40.52

	id: 125
		node: 45
		(x, y, z): (30, 57, 0)
		dem: -19
		earl: 230
		lat: 260
		servt: 10
		pid: 4
		did: 0
		servST: 230.0
		(h, h_ind): (4, 5)
		load: 0.0

	Finished service at time: 240.0

	Task 125 -> Task 53: 95.78
	Vehicle arrival at task: 335.78
	Waiting time until service start time: 0.0

	id: 53
		node: 28
		(x, y, z): (103, 119, 0)
		dem: 18
		earl: 334
		lat: 364
		servt: 10
		pid: 0
		did: 192
		servST: 335.78
		(h, h_ind): (-1, 0)
		load: 18.0

	Finished service at time: 345.78

	Task 53 -> Task 192: 7.21
	Vehicle arrival at task: 352.98999999999995
	Waiting time until service start time: 15.01

	id: 192
		node: 68
		(x, y, z): (97, 115, 0)
		dem: -18
		earl: 368
		lat: 398
		servt: 10
		pid: 53
		did: 0
		servST: 368.0
		(h, h_ind): (-1, 0)
		load: 0.0

	Finished service at time: 378.0

	Task 192 -> Task 0: 52.48
	Vehicle arrival at task: 430.48
	Waiting time until service start time: 0.0

	id: 0
		node: 82
		(x, y, z): (70, 70, 0)
		dem: 0
		earl: 0
		lat: 634
		servt: 0
		pid: 0
		did: 0
		servST: 430.48
		(h, h_ind): (-1, 0)
		load: 0.0


Vehicle 9 :
	id: 0
		node: 1
		(x, y, z): (70, 70, 0)
		dem: 0
		earl: 0
		lat: 634
		servt: 0
		pid: 0
		did: 0
		servST: 73.32
		(h, h_ind): (-1, 0)
		load: 0.0

	Finished service at time: 73.32

	Using Machine: 3
		Task 0 -> Machine 3 (Station 1): 5.0
		Vehicle arrival at machine station: 78.32
		Waiting time until machine travel: 0.0

		Machine travel start time: 78.32
		Region 0 -> Region 3: 15.0
		Machine arrival at machine station: 93.32

		Machine 3 (Station 4)-> Task 68: 53.74
		Vehicle arrival at task: 147.06
		Waiting time until service start time: 0.0

	id: 68
		node: 36
		(x, y, z): (113, 32, 3)
		dem: 36
		earl: 144
		lat: 174
		servt: 10
		pid: 0
		did: 64
		servST: 147.06
		(h, h_ind): (3, 3)
		load: 36.0

	Finished service at time: 157.06

	Using Machine: 1
		Task 68 -> Machine 1 (Station 4): 55.17
		Vehicle arrival at machine station: 212.23000000000002
		Waiting time until machine travel: -0.0

		Machine travel start time: 212.23
		Region 3 -> Region 1: 10.0
		Machine arrival at machine station: 222.23

		Machine 1 (Station 2)-> Task 64: 62.77
		Vehicle arrival at task: 285.0
		Waiting time until service start time: 0.0

	id: 64
		node: 76
		(x, y, z): (97, 12, 1)
		dem: -36
		earl: 255
		lat: 285
		servt: 10
		pid: 68
		did: 0
		servST: 285.0
		(h, h_ind): (1, 7)
		load: 0.0

	Finished service at time: 295.0

	Task 64 -> Task 11: 34.18
	Vehicle arrival at task: 329.18
	Waiting time until service start time: 5.82

	id: 11
		node: 8
		(x, y, z): (129, 24, 1)
		dem: 18
		earl: 335
		lat: 365
		servt: 10
		pid: 0
		did: 61
		servST: 335.0
		(h, h_ind): (-1, 0)
		load: 18.0

	Finished service at time: 345.0

	Using Machine: 3
		Task 11 -> Machine 3 (Station 2): 70.94
		Vehicle arrival at machine station: 415.94
		Waiting time until machine travel: 30.1

		Machine travel start time: 446.04
		Region 1 -> Region 3: 10.0
		Machine arrival at machine station: 456.04

		Machine 3 (Station 4)-> Task 61: 67.96
		Vehicle arrival at task: 524.0
		Waiting time until service start time: 0.0

	id: 61
		node: 48
		(x, y, z): (112, 13, 3)
		dem: -18
		earl: 524
		lat: 554
		servt: 10
		pid: 11
		did: 0
		servST: 524.0
		(h, h_ind): (3, 14)
		load: 0.0

	Finished service at time: 534.0

	Using Machine: 0
		Task 61 -> Machine 0 (Station 4): 70.21
		Vehicle arrival at machine station: 604.21
		Waiting time until machine travel: 0.0

		Machine travel start time: 604.21
		Region 3 -> Region 0: 15.0
		Machine arrival at machine station: 619.21

		Machine 0 (Station 1)-> Task 0: 1.0
		Vehicle arrival at task: 620.21
		Waiting time until service start time: 0.0

	id: 0
		node: 82
		(x, y, z): (70, 70, 0)
		dem: 0
		earl: 0
		lat: 634
		servt: 0
		pid: 0
		did: 0
		servST: 620.21
		(h, h_ind): (0, 10)
		load: 0.0


Vehicle 12 :
	id: 0
		node: 1
		(x, y, z): (70, 70, 0)
		dem: 0
		earl: 0
		lat: 634
		servt: 0
		pid: 0
		did: 0
		servST: 37.8
		(h, h_ind): (-1, 0)
		load: 0.0

	Finished service at time: 37.8

	Using Machine: 2
		Task 0 -> Machine 2 (Station 1): 1.0
		Vehicle arrival at machine station: 38.8
		Waiting time until machine travel: 0.0

		Machine travel start time: 38.8
		Region 0 -> Region 2: 10.0
		Machine arrival at machine station: 48.8

		Machine 2 (Station 3)-> Task 2: 79.76
		Vehicle arrival at task: 128.56
		Waiting time until service start time: 0.73

	id: 2
		node: 3
		(x, y, z): (109, 139, 2)
		dem: 8
		earl: 113
		lat: 143
		servt: 10
		pid: 0
		did: 48
		servST: 129.29
		(h, h_ind): (2, 2)
		load: 8.0

	Finished service at time: 139.29

	Task 2 -> Task 48: 34.71
	Vehicle arrival at task: 174.0
	Waiting time until service start time: 0.0

	id: 48
		node: 43
		(x, y, z): (116, 105, 2)
		dem: -8
		earl: 144
		lat: 174
		servt: 10
		pid: 2
		did: 0
		servST: 174.0
		(h, h_ind): (-1, 0)
		load: 0.0

	Finished service at time: 184.0

	Using Machine: 3
		Task 48 -> Machine 3 (Station 3): 53.91
		Vehicle arrival at machine station: 237.91
		Waiting time until machine travel: 2.28

		Machine travel start time: 240.19
		Region 2 -> Region 1: 5.0
		Machine arrival at machine station: 245.19

		Machine 3 (Station 2)-> Task 56: 35.81
		Vehicle arrival at task: 281.0
		Waiting time until service start time: 0.0

	id: 56
		node: 30
		(x, y, z): (54, 41, 1)
		dem: 9
		earl: 281
		lat: 311
		servt: 10
		pid: 0
		did: 39
		servST: 281.0
		(h, h_ind): (3, 10)
		load: 9.0

	Finished service at time: 291.0

	Using Machine: 4
		Task 56 -> Machine 4 (Station 2): 31.78
		Vehicle arrival at machine station: 322.78
		Waiting time until machine travel: 0.0

		Machine travel start time: 322.78
		Region 1 -> Region 3: 10.0
		Machine arrival at machine station: 332.78

		Machine 4 (Station 4)-> Task 39: 23.85
		Vehicle arrival at task: 356.63
		Waiting time until service start time: 0.0

	id: 39
		node: 70
		(x, y, z): (47, 83, 3)
		dem: -9
		earl: 327
		lat: 357
		servt: 10
		pid: 56
		did: 0
		servST: 356.63
		(h, h_ind): (4, 9)
		load: 0.0

	Finished service at time: 366.63

	Using Machine: 2
		Task 39 -> Machine 2 (Station 4): 25.55
		Vehicle arrival at machine station: 392.18
		Waiting time until machine travel: 0.0

		Machine travel start time: 392.18
		Region 3 -> Region 0: 15.0
		Machine arrival at machine station: 407.18

		Machine 2 (Station 1)-> Task 0: 1.0
		Vehicle arrival at task: 408.18
		Waiting time until service start time: 0.0

	id: 0
		node: 82
		(x, y, z): (70, 70, 0)
		dem: 0
		earl: 0
		lat: 634
		servt: 0
		pid: 0
		did: 0
		servST: 408.18
		(h, h_ind): (2, 10)
		load: 0.0


Vehicle 16 :
	id: 0
		node: 1
		(x, y, z): (70, 70, 0)
		dem: 0
		earl: 0
		lat: 634
		servt: 0
		pid: 0
		did: 0
		servST: 0.7800000000000011
		(h, h_ind): (-1, 0)
		load: 0.0

	Finished service at time: 0.7800000000000011

	Task 0 -> Task 73: 24.0
	Vehicle arrival at task: 24.78
	Waiting time until service start time: 0.0

	id: 73
		node: 40
		(x, y, z): (70, 94, 0)
		dem: 32
		earl: 24
		lat: 54
		servt: 10
		pid: 0
		did: 30
		servST: 24.78
		(h, h_ind): (-1, 0)
		load: 32.0

	Finished service at time: 34.78

	Using Machine: 2
		Task 73 -> Machine 2 (Station 1): 24.02
		Vehicle arrival at machine station: 58.8
		Waiting time until machine travel: 0.0

		Machine travel start time: 58.8
		Region 0 -> Region 2: 10.0
		Machine arrival at machine station: 68.8

		Machine 2 (Station 3)-> Task 30: 62.2
		Vehicle arrival at task: 131.0
		Waiting time until service start time: 0.0

	id: 30
		node: 80
		(x, y, z): (64, 132, 2)
		dem: -32
		earl: 101
		lat: 131
		servt: 10
		pid: 73
		did: 0
		servST: 131.0
		(h, h_ind): (2, 3)
		load: 0.0

	Finished service at time: 141.0

	Task 30 -> Task 58: 67.6
	Vehicle arrival at task: 208.6
	Waiting time until service start time: 115.4

	id: 58
		node: 32
		(x, y, z): (5, 99, 2)
		dem: 24
		earl: 324
		lat: 354
		servt: 10
		pid: 0
		did: 74
		servST: 324.0
		(h, h_ind): (-1, 0)
		load: 24.0

	Finished service at time: 334.0

	Using Machine: 0
		Task 58 -> Machine 0 (Station 3): 72.09
		Vehicle arrival at machine station: 406.09000000000003
		Waiting time until machine travel: 0.0

		Machine travel start time: 406.09000000000003
		Region 2 -> Region 0: 10.0
		Machine arrival at machine station: 416.09000000000003

		Machine 0 (Station 1)-> Task 74: 41.18
		Vehicle arrival at task: 457.27000000000004
		Waiting time until service start time: 0.0

	id: 74
		node: 72
		(x, y, z): (35, 90, 0)
		dem: -24
		earl: 446
		lat: 476
		servt: 10
		pid: 58
		did: 0
		servST: 457.27000000000004
		(h, h_ind): (0, 7)
		load: 0.0

	Finished service at time: 467.27000000000004

	Task 74 -> Task 0: 40.31
	Vehicle arrival at task: 507.58000000000004
	Waiting time until service start time: 0.0

	id: 0
		node: 82
		(x, y, z): (70, 70, 0)
		dem: 0
		earl: 0
		lat: 634
		servt: 0
		pid: 0
		did: 0
		servST: 507.58000000000004
		(h, h_ind): (-1, 0)
		load: 0.0


Vehicle 20 :
	id: 0
		node: 1
		(x, y, z): (70, 70, 0)
		dem: 0
		earl: 0
		lat: 634
		servt: 0
		pid: 0
		did: 0
		servST: 117.25999999999999
		(h, h_ind): (-1, 0)
		load: 0.0

	Finished service at time: 117.25999999999999

	Using Machine: 4
		Task 0 -> Machine 4 (Station 1): 3.0
		Vehicle arrival at machine station: 120.25999999999999
		Waiting time until machine travel: 0.0

		Machine travel start time: 120.25999999999999
		Region 0 -> Region 3: 15.0
		Machine arrival at machine station: 135.26

		Machine 4 (Station 4)-> Task 34: 59.14
		Vehicle arrival at task: 194.39999999999998
		Waiting time until service start time: 11.6

	id: 34
		node: 19
		(x, y, z): (63, 129, 3)
		dem: 7
		earl: 206
		lat: 236
		servt: 10
		pid: 0
		did: 62
		servST: 206.0
		(h, h_ind): (4, 4)
		load: 7.0

	Finished service at time: 216.0

	Using Machine: 2
		Task 34 -> Machine 2 (Station 4): 59.3
		Vehicle arrival at machine station: 275.3
		Waiting time until machine travel: 0.0

		Machine travel start time: 275.3
		Region 3 -> Region 1: 10.0
		Machine arrival at machine station: 285.3

		Machine 2 (Station 2)-> Task 62: 58.69
		Vehicle arrival at task: 343.99
		Waiting time until service start time: 0.0

	id: 62
		node: 59
		(x, y, z): (55, 127, 1)
		dem: -7
		earl: 315
		lat: 345
		servt: 10
		pid: 34
		did: 0
		servST: 343.99
		(h, h_ind): (2, 7)
		load: 0.0

	Finished service at time: 353.99

	Using Machine: 2
		Task 62 -> Machine 2 (Station 2): 58.69
		Vehicle arrival at machine station: 412.68
		Waiting time until machine travel: 0.0

		Machine travel start time: 412.68
		Region 1 -> Region 0: 5.0
		Machine arrival at machine station: 417.68

		Machine 2 (Station 1)-> Task 0: 1.0
		Vehicle arrival at task: 418.68
		Waiting time until service start time: 0.0

	id: 0
		node: 82
		(x, y, z): (70, 70, 0)
		dem: 0
		earl: 0
		lat: 634
		servt: 0
		pid: 0
		did: 0
		servST: 418.68
		(h, h_ind): (2, 11)
		load: 0.0


Vehicle 21 :
	id: 0
		node: 1
		(x, y, z): (70, 70, 0)
		dem: 0
		earl: 0
		lat: 634
		servt: 0
		pid: 0
		did: 0
		servST: 30.33
		(h, h_ind): (-1, 0)
		load: 0.0

	Finished service at time: 30.33

	Using Machine: 0
		Task 0 -> Machine 0 (Station 1): 1.0
		Vehicle arrival at machine station: 31.33
		Waiting time until machine travel: 0.0

		Machine travel start time: 31.33
		Region 0 -> Region 1: 5.0
		Machine arrival at machine station: 36.33

		Machine 0 (Station 2)-> Task 44: 54.67
		Vehicle arrival at task: 91.0
		Waiting time until service start time: 0.0

	id: 44
		node: 24
		(x, y, z): (113, 35, 1)
		dem: 9
		earl: 61
		lat: 91
		servt: 10
		pid: 0
		did: 79
		servST: 91.0
		(h, h_ind): (0, 2)
		load: 9.0

	Finished service at time: 101.0

	Task 44 -> Task 36: 7.07
	Vehicle arrival at task: 108.07
	Waiting time until service start time: 0.0

	id: 36
		node: 20
		(x, y, z): (108, 30, 1)
		dem: 18
		earl: 96
		lat: 126
		servt: 10
		pid: 0
		did: 9
		servST: 108.07
		(h, h_ind): (-1, 0)
		load: 27.0

	Finished service at time: 118.07

	Using Machine: 3
		Task 36 -> Machine 3 (Station 2): 51.86
		Vehicle arrival at machine station: 169.93
		Waiting time until machine travel: 9.87

		Machine travel start time: 179.8
		Region 1 -> Region 2: 5.0
		Machine arrival at machine station: 184.8

		Machine 3 (Station 3)-> Task 79: 45.49
		Vehicle arrival at task: 230.29000000000002
		Waiting time until service start time: 68.71

	id: 79
		node: 64
		(x, y, z): (113, 45, 2)
		dem: -9
		earl: 299
		lat: 329
		servt: 10
		pid: 44
		did: 0
		servST: 299.0
		(h, h_ind): (3, 6)
		load: 18.0

	Finished service at time: 309.0

	Using Machine: 1
		Task 79 -> Machine 1 (Station 3): 47.17
		Vehicle arrival at machine station: 356.17
		Waiting time until machine travel: 0.0

		Machine travel start time: 356.17
		Region 2 -> Region 0: 10.0
		Machine arrival at machine station: 366.17

		Machine 1 (Station 1)-> Task 9: 17.69
		Vehicle arrival at task: 383.86
		Waiting time until service start time: 0.0

	id: 9
		node: 60
		(x, y, z): (61, 57, 0)
		dem: -18
		earl: 375
		lat: 405
		servt: 10
		pid: 36
		did: 0
		servST: 383.86
		(h, h_ind): (1, 9)
		load: 0.0

	Finished service at time: 393.86

	Task 9 -> Task 0: 15.81
	Vehicle arrival at task: 409.67
	Waiting time until service start time: 0.0

	id: 0
		node: 82
		(x, y, z): (70, 70, 0)
		dem: 0
		earl: 0
		lat: 634
		servt: 0
		pid: 0
		did: 0
		servST: 409.67
		(h, h_ind): (-1, 0)
		load: 0.0


Vehicle 27 :
	id: 0
		node: 1
		(x, y, z): (70, 70, 0)
		dem: 0
		earl: 0
		lat: 634
		servt: 0
		pid: 0
		did: 0
		servST: 16.429999999999993
		(h, h_ind): (-1, 0)
		load: 0.0

	Finished service at time: 16.429999999999993

	Task 0 -> Task 20: 67.42
	Vehicle arrival at task: 83.85
	Waiting time until service start time: 0.0

	id: 20
		node: 14
		(x, y, z): (46, 133, 0)
		dem: 7
		earl: 76
		lat: 106
		servt: 10
		pid: 0
		did: 97
		servST: 83.85
		(h, h_ind): (-1, 0)
		load: 7.0

	Finished service at time: 93.85

	Using Machine: 4
		Task 20 -> Machine 4 (Station 1): 66.41
		Vehicle arrival at machine station: 160.26
		Waiting time until machine travel: 0.0

		Machine travel start time: 160.26
		Region 0 -> Region 3: 15.0
		Machine arrival at machine station: 175.26

		Machine 4 (Station 4)-> Task 19: 56.4
		Vehicle arrival at task: 231.66
		Waiting time until service start time: 0.0

	id: 19
		node: 13
		(x, y, z): (22, 104, 3)
		dem: 11
		earl: 231
		lat: 261
		servt: 10
		pid: 0
		did: 114
		servST: 231.66
		(h, h_ind): (4, 7)
		load: 18.0

	Finished service at time: 241.66

	Using Machine: 4
		Task 19 -> Machine 4 (Station 4): 56.4
		Vehicle arrival at machine station: 298.06
		Waiting time until machine travel: 0.0

		Machine travel start time: 298.06
		Region 3 -> Region 1: 10.0
		Machine arrival at machine station: 308.06

		Machine 4 (Station 2)-> Task 114: 44.94
		Vehicle arrival at task: 353.0
		Waiting time until service start time: 0.0

	id: 114
		node: 53
		(x, y, z): (29, 94, 1)
		dem: -11
		earl: 323
		lat: 353
		servt: 10
		pid: 19
		did: 0
		servST: 353.0
		(h, h_ind): (4, 8)
		load: 7.0

	Finished service at time: 363.0

	Task 114 -> Task 97: 32.2
	Vehicle arrival at task: 395.2
	Waiting time until service start time: 64.8

	id: 97
		node: 54
		(x, y, z): (58, 80, 1)
		dem: -7
		earl: 460
		lat: 490
		servt: 10
		pid: 20
		did: 0
		servST: 460.0
		(h, h_ind): (-1, 0)
		load: 0.0

	Finished service at time: 470.0

	Using Machine: 2
		Task 97 -> Machine 2 (Station 2): 14.87
		Vehicle arrival at machine station: 484.87
		Waiting time until machine travel: 0.0

		Machine travel start time: 484.87
		Region 1 -> Region 0: 5.0
		Machine arrival at machine station: 489.87

		Machine 2 (Station 1)-> Task 0: 1.0
		Vehicle arrival at task: 490.87
		Waiting time until service start time: 0.0

	id: 0
		node: 82
		(x, y, z): (70, 70, 0)
		dem: 0
		earl: 0
		lat: 634
		servt: 0
		pid: 0
		did: 0
		servST: 490.87
		(h, h_ind): (2, 12)
		load: 0.0


Vehicle 28 :
	id: 0
		node: 1
		(x, y, z): (70, 70, 0)
		dem: 0
		earl: 0
		lat: 634
		servt: 0
		pid: 0
		did: 0
		servST: 20.299999999999997
		(h, h_ind): (-1, 0)
		load: 0.0

	Finished service at time: 20.299999999999997

	Using Machine: 1
		Task 0 -> Machine 1 (Station 1): 3.0
		Vehicle arrival at machine station: 23.299999999999997
		Waiting time until machine travel: 0.0

		Machine travel start time: 23.299999999999997
		Region 0 -> Region 2: 10.0
		Machine arrival at machine station: 33.3

		Machine 1 (Station 3)-> Task 18: 34.89
		Vehicle arrival at task: 68.19
		Waiting time until service start time: 14.81

	id: 18
		node: 12
		(x, y, z): (104, 54, 2)
		dem: 13
		earl: 53
		lat: 83
		servt: 10
		pid: 0
		did: 49
		servST: 83.0
		(h, h_ind): (1, 2)
		load: 13.0

	Finished service at time: 93.0

	Task 18 -> Task 14: 2.83
	Vehicle arrival at task: 95.83
	Waiting time until service start time: 63.17

	id: 14
		node: 10
		(x, y, z): (102, 52, 2)
		dem: 15
		earl: 159
		lat: 189
		servt: 10
		pid: 0
		did: 103
		servST: 159.0
		(h, h_ind): (-1, 0)
		load: 28.0

	Finished service at time: 169.0

	Using Machine: 3
		Task 14 -> Machine 3 (Station 3): 32.45
		Vehicle arrival at machine station: 201.45
		Waiting time until machine travel: 28.74

		Machine travel start time: 230.19
		Region 2 -> Region 3: 5.0
		Machine arrival at machine station: 235.19

		Machine 3 (Station 4)-> Task 103: 30.46
		Vehicle arrival at task: 265.65
		Waiting time until service start time: 60.35

	id: 103
		node: 50
		(x, y, z): (103, 82, 3)
		dem: -15
		earl: 326
		lat: 356
		servt: 10
		pid: 14
		did: 0
		servST: 326.0
		(h, h_ind): (3, 8)
		load: 13.0

	Finished service at time: 336.0

	Task 103 -> Task 49: 79.25
	Vehicle arrival at task: 415.25
	Waiting time until service start time: 2.75

	id: 49
		node: 52
		(x, y, z): (117, 4, 3)
		dem: -13
		earl: 418
		lat: 448
		servt: 10
		pid: 18
		did: 0
		servST: 418.0
		(h, h_ind): (-1, 0)
		load: 0.0

	Finished service at time: 428.0

	Using Machine: 1
		Task 49 -> Machine 1 (Station 4): 79.32
		Vehicle arrival at machine station: 507.32
		Waiting time until machine travel: 0.0

		Machine travel start time: 507.32
		Region 3 -> Region 0: 15.0
		Machine arrival at machine station: 522.3199999999999

		Machine 1 (Station 1)-> Task 0: 3.0
		Vehicle arrival at task: 525.3199999999999
		Waiting time until service start time: 0.0

	id: 0
		node: 82
		(x, y, z): (70, 70, 0)
		dem: 0
		earl: 0
		lat: 634
		servt: 0
		pid: 0
		did: 0
		servST: 525.3199999999999
		(h, h_ind): (1, 10)
		load: 0.0


Vehicle 29 :
	id: 0
		node: 1
		(x, y, z): (70, 70, 0)
		dem: 0
		earl: 0
		lat: 634
		servt: 0
		pid: 0
		did: 0
		servST: 0.29999999999999716
		(h, h_ind): (-1, 0)
		load: 0.0

	Finished service at time: 0.29999999999999716

	Using Machine: 1
		Task 0 -> Machine 1 (Station 1): 3.0
		Vehicle arrival at machine station: 3.299999999999997
		Waiting time until machine travel: 0.0

		Machine travel start time: 3.299999999999997
		Region 0 -> Region 2: 10.0
		Machine arrival at machine station: 13.299999999999997

		Machine 1 (Station 3)-> Task 15: 46.69
		Vehicle arrival at task: 59.989999999999995
		Waiting time until service start time: 0.0

	id: 15
		node: 11
		(x, y, z): (41, 36, 2)
		dem: 13
		earl: 51
		lat: 81
		servt: 10
		pid: 0
		did: 54
		servST: 59.989999999999995
		(h, h_ind): (1, 1)
		load: 13.0

	Finished service at time: 69.99

	Using Machine: 2
		Task 15 -> Machine 2 (Station 3): 44.05
		Vehicle arrival at machine station: 114.03999999999999
		Waiting time until machine travel: 18.38

		Machine travel start time: 132.42
		Region 2 -> Region 3: 5.0
		Machine arrival at machine station: 137.42

		Machine 2 (Station 4)-> Task 54: 41.15
		Vehicle arrival at task: 178.57
		Waiting time until service start time: 0.0

	id: 54
		node: 51
		(x, y, z): (32, 52, 3)
		dem: -13
		earl: 151
		lat: 181
		servt: 10
		pid: 15
		did: 0
		servST: 178.57
		(h, h_ind): (2, 5)
		load: 0.0

	Finished service at time: 188.57

	Using Machine: 3
		Task 54 -> Machine 3 (Station 4): 46.62
		Vehicle arrival at machine station: 235.19
		Waiting time until machine travel: 0.0

		Machine travel start time: 235.19
		Region 3 -> Region 2: 5.0
		Machine arrival at machine station: 240.19

		Machine 3 (Station 3)-> Task 69: 29.15
		Vehicle arrival at task: 269.34
		Waiting time until service start time: 3.42

	id: 69
		node: 37
		(x, y, z): (104, 73, 2)
		dem: 17
		earl: 249
		lat: 279
		servt: 10
		pid: 0
		did: 154
		servST: 272.76
		(h, h_ind): (3, 9)
		load: 17.0

	Finished service at time: 282.76

	Using Machine: 3
		Task 69 -> Machine 3 (Station 3): 29.15
		Vehicle arrival at machine station: 311.90999999999997
		Waiting time until machine travel: 0.0

		Machine travel start time: 311.90999999999997
		Region 2 -> Region 3: 5.0
		Machine arrival at machine station: 316.90999999999997

		Machine 3 (Station 4)-> Task 154: 14.87
		Vehicle arrival at task: 331.78
		Waiting time until service start time: 72.22

	id: 154
		node: 77
		(x, y, z): (86, 80, 3)
		dem: -17
		earl: 374
		lat: 404
		servt: 10
		pid: 69
		did: 0
		servST: 404.0
		(h, h_ind): (3, 11)
		load: 0.0

	Finished service at time: 414.0

	Task 154 -> Task 10: 56.61
	Vehicle arrival at task: 470.61
	Waiting time until service start time: 6.39

	id: 10
		node: 7
		(x, y, z): (40, 113, 3)
		dem: 23
		earl: 477
		lat: 507
		servt: 10
		pid: 0
		did: 59
		servST: 477.0
		(h, h_ind): (-1, 0)
		load: 23.0

	Finished service at time: 487.0

	Using Machine: 4
		Task 10 -> Machine 4 (Station 4): 50.77
		Vehicle arrival at machine station: 537.77
		Waiting time until machine travel: 0.0

		Machine travel start time: 537.77
		Region 3 -> Region 0: 15.0
		Machine arrival at machine station: 552.77

		Machine 4 (Station 1)-> Task 59: 26.0
		Vehicle arrival at task: 578.77
		Waiting time until service start time: 0.0

	id: 59
		node: 47
		(x, y, z): (67, 96, 0)
		dem: -23
		earl: 549
		lat: 579
		servt: 10
		pid: 10
		did: 0
		servST: 578.77
		(h, h_ind): (4, 14)
		load: 0.0

	Finished service at time: 588.77

	Task 59 -> Task 0: 26.17
	Vehicle arrival at task: 614.9399999999999
	Waiting time until service start time: 0.0

	id: 0
		node: 82
		(x, y, z): (70, 70, 0)
		dem: 0
		earl: 0
		lat: 634
		servt: 0
		pid: 0
		did: 0
		servST: 614.9399999999999
		(h, h_ind): (-1, 0)
		load: 0.0


Vehicle 30 :
	id: 0
		node: 1
		(x, y, z): (70, 70, 0)
		dem: 0
		earl: 0
		lat: 634
		servt: 0
		pid: 0
		did: 0
		servST: 20.320000000000007
		(h, h_ind): (-1, 0)
		load: 0.0

	Finished service at time: 20.320000000000007

	Using Machine: 4
		Task 0 -> Machine 4 (Station 1): 3.0
		Vehicle arrival at machine station: 23.320000000000007
		Waiting time until machine travel: 0.0

		Machine travel start time: 23.320000000000007
		Region 0 -> Region 1: 5.0
		Machine arrival at machine station: 28.320000000000007

		Machine 4 (Station 2)-> Task 71: 84.02
		Vehicle arrival at task: 112.34
		Waiting time until service start time: 0.0

	id: 71
		node: 38
		(x, y, z): (15, 4, 1)
		dem: 23
		earl: 101
		lat: 131
		servt: 10
		pid: 0
		did: 175
		servST: 112.34
		(h, h_ind): (4, 2)
		load: 23.0

	Finished service at time: 122.34

	Task 71 -> Task 12: 80.06
	Vehicle arrival at task: 202.4
	Waiting time until service start time: 0.0

	id: 12
		node: 9
		(x, y, z): (12, 84, 1)
		dem: 16
		earl: 199
		lat: 229
		servt: 10
		pid: 0
		did: 82
		servST: 202.4
		(h, h_ind): (-1, 0)
		load: 39.0

	Finished service at time: 212.4

	Task 12 -> Task 175: 56.6
	Vehicle arrival at task: 269.0
	Waiting time until service start time: 0.0

	id: 175
		node: 78
		(x, y, z): (60, 54, 1)
		dem: -23
		earl: 239
		lat: 269
		servt: 10
		pid: 71
		did: 0
		servST: 269.0
		(h, h_ind): (-1, 0)
		load: 16.0

	Finished service at time: 279.0

	Using Machine: 1
		Task 175 -> Machine 1 (Station 2): 20.62
		Vehicle arrival at machine station: 299.62
		Waiting time until machine travel: 0.0

		Machine travel start time: 299.62
		Region 1 -> Region 0: 5.0
		Machine arrival at machine station: 304.62

		Machine 1 (Station 1)-> Task 82: 65.0
		Vehicle arrival at task: 369.62
		Waiting time until service start time: 41.38

	id: 82
		node: 49
		(x, y, z): (10, 86, 0)
		dem: -16
		earl: 411
		lat: 441
		servt: 10
		pid: 12
		did: 0
		servST: 411.0
		(h, h_ind): (1, 8)
		load: 0.0

	Finished service at time: 421.0

	Task 82 -> Task 0: 62.1
	Vehicle arrival at task: 483.1
	Waiting time until service start time: 0.0

	id: 0
		node: 82
		(x, y, z): (70, 70, 0)
		dem: 0
		earl: 0
		lat: 634
		servt: 0
		pid: 0
		did: 0
		servST: 483.1
		(h, h_ind): (-1, 0)
		load: 0.0


Vehicle 31 :
	id: 0
		node: 1
		(x, y, z): (70, 70, 0)
		dem: 0
		earl: 0
		lat: 634
		servt: 0
		pid: 0
		did: 0
		servST: 40.3
		(h, h_ind): (-1, 0)
		load: 0.0

	Finished service at time: 40.3

	Using Machine: 1
		Task 0 -> Machine 1 (Station 1): 3.0
		Vehicle arrival at machine station: 43.3
		Waiting time until machine travel: 0.0

		Machine travel start time: 43.3
		Region 0 -> Region 3: 15.0
		Machine arrival at machine station: 58.3

		Machine 1 (Station 4)-> Task 63: 39.7
		Vehicle arrival at task: 98.0
		Waiting time until service start time: 0.0

	id: 63
		node: 34
		(x, y, z): (103, 44, 3)
		dem: 12
		earl: 68
		lat: 98
		servt: 10
		pid: 0
		did: 130
		servST: 98.0
		(h, h_ind): (1, 3)
		load: 12.0

	Finished service at time: 108.0

	Using Machine: 1
		Task 63 -> Machine 1 (Station 4): 39.7
		Vehicle arrival at machine station: 147.7
		Waiting time until machine travel: 9.38

		Machine travel start time: 157.07999999999998
		Region 3 -> Region 0: 15.0
		Machine arrival at machine station: 172.07999999999998

		Machine 1 (Station 1)-> Task 130: 70.84
		Vehicle arrival at task: 242.92
		Waiting time until service start time: 20.08

	id: 130
		node: 74
		(x, y, z): (126, 23, 0)
		dem: -12
		earl: 263
		lat: 293
		servt: 10
		pid: 63
		did: 0
		servST: 263.0
		(h, h_ind): (1, 5)
		load: 0.0

	Finished service at time: 273.0

	Task 130 -> Task 0: 73.11
	Vehicle arrival at task: 346.11
	Waiting time until service start time: 0.0

	id: 0
		node: 82
		(x, y, z): (70, 70, 0)
		dem: 0
		earl: 0
		lat: 634
		servt: 0
		pid: 0
		did: 0
		servST: 346.11
		(h, h_ind): (-1, 0)
		load: 0.0


Vehicle 33 :
	id: 0
		node: 1
		(x, y, z): (70, 70, 0)
		dem: 0
		earl: 0
		lat: 634
		servt: 0
		pid: 0
		did: 0
		servST: 30.0
		(h, h_ind): (-1, 0)
		load: 0.0

	Finished service at time: 30.0

	Task 0 -> Task 7: 34.0
	Vehicle arrival at task: 64.0
	Waiting time until service start time: 0.0

	id: 7
		node: 6
		(x, y, z): (86, 40, 0)
		dem: 22
		earl: 34
		lat: 64
		servt: 10
		pid: 0
		did: 133
		servST: 64.0
		(h, h_ind): (-1, 0)
		load: 22.0

	Finished service at time: 74.0

	Using Machine: 1
		Task 7 -> Machine 1 (Station 1): 32.7
		Vehicle arrival at machine station: 106.7
		Waiting time until machine travel: 0.0

		Machine travel start time: 106.7
		Region 0 -> Region 1: 5.0
		Machine arrival at machine station: 111.7

		Machine 1 (Station 2)-> Task 133: 70.58
		Vehicle arrival at task: 182.28
		Waiting time until service start time: 0.93

	id: 133
		node: 46
		(x, y, z): (98, 4, 1)
		dem: -22
		earl: 178
		lat: 208
		servt: 10
		pid: 7
		did: 0
		servST: 183.21
		(h, h_ind): (1, 4)
		load: 0.0

	Finished service at time: 193.21

	Using Machine: 2
		Task 133 -> Machine 2 (Station 2): 72.09
		Vehicle arrival at machine station: 265.3
		Waiting time until machine travel: 0.0

		Machine travel start time: 265.3
		Region 1 -> Region 3: 10.0
		Machine arrival at machine station: 275.3

		Machine 2 (Station 4)-> Task 32: 39.0
		Vehicle arrival at task: 314.3
		Waiting time until service start time: 9.7

	id: 32
		node: 17
		(x, y, z): (54, 106, 3)
		dem: 9
		earl: 294
		lat: 324
		servt: 10
		pid: 0
		did: 24
		servST: 324.0
		(h, h_ind): (2, 6)
		load: 9.0

	Finished service at time: 334.0

	Task 32 -> Task 43: 71.03
	Vehicle arrival at task: 405.03
	Waiting time until service start time: 14.97

	id: 43
		node: 23
		(x, y, z): (13, 48, 3)
		dem: 15
		earl: 420
		lat: 450
		servt: 10
		pid: 0
		did: 110
		servST: 420.0
		(h, h_ind): (-1, 0)
		load: 24.0

	Finished service at time: 430.0

	Using Machine: 4
		Task 43 -> Machine 4 (Station 4): 58.31
		Vehicle arrival at machine station: 488.31
		Waiting time until machine travel: 6.52

		Machine travel start time: 494.83000000000004
		Region 3 -> Region 2: 5.0
		Machine arrival at machine station: 499.83000000000004

		Machine 4 (Station 3)-> Task 24: 12.04
		Vehicle arrival at task: 511.87000000000006
		Waiting time until service start time: 0.0

	id: 24
		node: 57
		(x, y, z): (66, 82, 2)
		dem: -9
		earl: 501
		lat: 531
		servt: 10
		pid: 32
		did: 0
		servST: 511.87000000000006
		(h, h_ind): (4, 13)
		load: 15.0

	Finished service at time: 521.8700000000001

	Task 24 -> Task 110: 33.53
	Vehicle arrival at task: 555.4000000000001
	Waiting time until service start time: 0.0

	id: 110
		node: 63
		(x, y, z): (34, 72, 2)
		dem: -15
		earl: 549
		lat: 579
		servt: 10
		pid: 43
		did: 0
		servST: 555.4000000000001
		(h, h_ind): (-1, 0)
		load: 0.0

	Finished service at time: 565.4000000000001

	Using Machine: 2
		Task 110 -> Machine 2 (Station 3): 35.06
		Vehicle arrival at machine station: 600.46
		Waiting time until machine travel: 0.0

		Machine travel start time: 600.46
		Region 2 -> Region 0: 10.0
		Machine arrival at machine station: 610.46

		Machine 2 (Station 1)-> Task 0: 1.0
		Vehicle arrival at task: 611.46
		Waiting time until service start time: 0.0

	id: 0
		node: 82
		(x, y, z): (70, 70, 0)
		dem: 0
		earl: 0
		lat: 634
		servt: 0
		pid: 0
		did: 0
		servST: 611.46
		(h, h_ind): (2, 15)
		load: 0.0


Vehicle 35 :
	id: 0
		node: 1
		(x, y, z): (70, 70, 0)
		dem: 0
		earl: 0
		lat: 634
		servt: 0
		pid: 0
		did: 0
		servST: 63.31999999999999
		(h, h_ind): (-1, 0)
		load: 0.0

	Finished service at time: 63.31999999999999

	Using Machine: 3
		Task 0 -> Machine 3 (Station 1): 5.0
		Vehicle arrival at machine station: 68.32
		Waiting time until machine travel: 0.0

		Machine travel start time: 68.32
		Region 0 -> Region 1: 5.0
		Machine arrival at machine station: 73.32

		Machine 3 (Station 2)-> Task 76: 69.84
		Vehicle arrival at task: 143.16
		Waiting time until service start time: 82.84

	id: 76
		node: 41
		(x, y, z): (109, 131, 1)
		dem: 16
		earl: 226
		lat: 256
		servt: 10
		pid: 0
		did: 40
		servST: 226.0
		(h, h_ind): (3, 2)
		load: 16.0

	Finished service at time: 236.0

	Using Machine: 3
		Task 76 -> Machine 3 (Station 2): 69.84
		Vehicle arrival at machine station: 305.84000000000003
		Waiting time until machine travel: 21.07

		Machine travel start time: 326.90999999999997
		Region 1 -> Region 2: 5.0
		Machine arrival at machine station: 331.90999999999997

		Machine 3 (Station 3)-> Task 40: 70.09
		Vehicle arrival at task: 402.0
		Waiting time until service start time: 0.0

	id: 40
		node: 81
		(x, y, z): (92, 138, 2)
		dem: -16
		earl: 402
		lat: 432
		servt: 10
		pid: 76
		did: 0
		servST: 402.0
		(h, h_ind): (3, 12)
		load: 0.0

	Finished service at time: 412.0

	Using Machine: 3
		Task 40 -> Machine 3 (Station 3): 70.09
		Vehicle arrival at machine station: 482.09000000000003
		Waiting time until machine travel: 0.0

		Machine travel start time: 482.09000000000003
		Region 2 -> Region 0: 10.0
		Machine arrival at machine station: 492.09000000000003

		Machine 3 (Station 1)-> Task 0: 5.0
		Vehicle arrival at task: 497.09000000000003
		Waiting time until service start time: 0.0

	id: 0
		node: 82
		(x, y, z): (70, 70, 0)
		dem: 0
		earl: 0
		lat: 634
		servt: 0
		pid: 0
		did: 0
		servST: 497.09000000000003
		(h, h_ind): (3, 15)
		load: 0.0


Vehicle 36 :
	id: 0
		node: 1
		(x, y, z): (70, 70, 0)
		dem: 0
		earl: 0
		lat: 634
		servt: 0
		pid: 0
		did: 0
		servST: 0.009999999999990905
		(h, h_ind): (-1, 0)
		load: 0.0

	Finished service at time: 0.009999999999990905

	Using Machine: 3
		Task 0 -> Machine 3 (Station 1): 5.0
		Vehicle arrival at machine station: 5.009999999999991
		Waiting time until machine travel: 0.0

		Machine travel start time: 5.009999999999991
		Region 0 -> Region 3: 15.0
		Machine arrival at machine station: 20.00999999999999

		Machine 3 (Station 4)-> Task 1: 32.76
		Vehicle arrival at task: 52.76999999999999
		Waiting time until service start time: 0.0

	id: 1
		node: 2
		(x, y, z): (107, 77, 3)
		dem: 34
		earl: 37
		lat: 67
		servt: 10
		pid: 0
		did: 113
		servST: 52.76999999999999
		(h, h_ind): (3, 1)
		load: 34.0

	Finished service at time: 62.76999999999999

	Task 1 -> Task 51: 33.24
	Vehicle arrival at task: 96.00999999999999
	Waiting time until service start time: 0.0

	id: 51
		node: 27
		(x, y, z): (139, 68, 3)
		dem: 25
		earl: 78
		lat: 108
		servt: 10
		pid: 0
		did: 26
		servST: 96.00999999999999
		(h, h_ind): (-1, 0)
		load: 59.0

	Finished service at time: 106.00999999999999

	Task 51 -> Task 26: 5.0
	Vehicle arrival at task: 111.00999999999999
	Waiting time until service start time: 0.0

	id: 26
		node: 67
		(x, y, z): (139, 73, 3)
		dem: -25
		earl: 87
		lat: 117
		servt: 10
		pid: 51
		did: 0
		servST: 111.00999999999999
		(h, h_ind): (-1, 0)
		load: 34.0

	Finished service at time: 121.00999999999999

	Using Machine: 1
		Task 26 -> Machine 1 (Station 4): 66.07
		Vehicle arrival at machine station: 187.07999999999998
		Waiting time until machine travel: 0.0

		Machine travel start time: 187.07999999999998
		Region 3 -> Region 1: 10.0
		Machine arrival at machine station: 197.07999999999998

		Machine 1 (Station 2)-> Task 113: 44.92
		Vehicle arrival at task: 242.0
		Waiting time until service start time: 0.0

	id: 113
		node: 42
		(x, y, z): (116, 83, 1)
		dem: -34
		earl: 212
		lat: 242
		servt: 10
		pid: 1
		did: 0
		servST: 242.0
		(h, h_ind): (1, 6)
		load: 0.0

	Finished service at time: 252.0

	Using Machine: 0
		Task 113 -> Machine 0 (Station 2): 46.84
		Vehicle arrival at machine station: 298.84000000000003
		Waiting time until machine travel: 0.0

		Machine travel start time: 298.84000000000003
		Region 1 -> Region 2: 5.0
		Machine arrival at machine station: 303.84000000000003

		Machine 0 (Station 3)-> Task 37: 34.13
		Vehicle arrival at task: 337.97
		Waiting time until service start time: 0.0

	id: 37
		node: 21
		(x, y, z): (37, 73, 2)
		dem: 33
		earl: 336
		lat: 366
		servt: 10
		pid: 0
		did: 174
		servST: 337.97
		(h, h_ind): (0, 6)
		load: 33.0

	Finished service at time: 347.97

	Using Machine: 4
		Task 37 -> Machine 4 (Station 3): 30.15
		Vehicle arrival at machine station: 378.12
		Waiting time until machine travel: 0.0

		Machine travel start time: 378.12
		Region 2 -> Region 0: 10.0
		Machine arrival at machine station: 388.12

		Machine 4 (Station 1)-> Task 174: 31.32
		Vehicle arrival at task: 419.44
		Waiting time until service start time: 8.56

	id: 174
		node: 61
		(x, y, z): (37, 79, 0)
		dem: -33
		earl: 428
		lat: 458
		servt: 10
		pid: 37
		did: 0
		servST: 428.0
		(h, h_ind): (4, 10)
		load: 0.0

	Finished service at time: 438.0

	Task 174 -> Task 0: 34.21
	Vehicle arrival at task: 472.21
	Waiting time until service start time: 0.0

	id: 0
		node: 82
		(x, y, z): (70, 70, 0)
		dem: 0
		earl: 0
		lat: 634
		servt: 0
		pid: 0
		did: 0
		servST: 472.21
		(h, h_ind): (-1, 0)
		load: 0.0


Vehicle 37 :
	id: 0
		node: 1
		(x, y, z): (70, 70, 0)
		dem: 0
		earl: 0
		lat: 634
		servt: 0
		pid: 0
		did: 0
		servST: 10.320000000000007
		(h, h_ind): (-1, 0)
		load: 0.0

	Finished service at time: 10.320000000000007

	Using Machine: 4
		Task 0 -> Machine 4 (Station 1): 3.0
		Vehicle arrival at machine station: 13.320000000000007
		Waiting time until machine travel: 0.0

		Machine travel start time: 13.320000000000007
		Region 0 -> Region 1: 5.0
		Machine arrival at machine station: 18.320000000000007

		Machine 4 (Station 2)-> Task 72: 39.22
		Vehicle arrival at task: 57.540000000000006
		Waiting time until service start time: 0.46

	id: 72
		node: 39
		(x, y, z): (54, 33, 1)
		dem: 20
		earl: 58
		lat: 88
		servt: 10
		pid: 0
		did: 153
		servST: 58.0
		(h, h_ind): (4, 1)
		load: 20.0

	Finished service at time: 68.0

	Using Machine: 2
		Task 72 -> Machine 2 (Station 2): 39.92
		Vehicle arrival at machine station: 107.92
		Waiting time until machine travel: 0.0

		Machine travel start time: 107.92
		Region 1 -> Region 2: 5.0
		Machine arrival at machine station: 112.92

		Machine 2 (Station 3)-> Task 153: 73.93
		Vehicle arrival at task: 186.85000000000002
		Waiting time until service start time: 1.15

	id: 153
		node: 79
		(x, y, z): (32, 6, 2)
		dem: -20
		earl: 188
		lat: 218
		servt: 10
		pid: 72
		did: 0
		servST: 188.0
		(h, h_ind): (2, 4)
		load: 0.0

	Finished service at time: 198.0

	Using Machine: 0
		Task 153 -> Machine 0 (Station 3): 74.95
		Vehicle arrival at machine station: 272.95
		Waiting time until machine travel: 0.0

		Machine travel start time: 272.95
		Region 2 -> Region 1: 5.0
		Machine arrival at machine station: 277.95

		Machine 0 (Station 2)-> Task 33: 63.89
		Vehicle arrival at task: 341.84
		Waiting time until service start time: 0.0

	id: 33
		node: 18
		(x, y, z): (30, 21, 1)
		dem: 12
		earl: 322
		lat: 352
		servt: 10
		pid: 0
		did: 190
		servST: 341.84
		(h, h_ind): (0, 5)
		load: 12.0

	Finished service at time: 351.84

	Using Machine: 4
		Task 33 -> Machine 4 (Station 2): 61.4
		Vehicle arrival at machine station: 413.23999999999995
		Waiting time until machine travel: 0.0

		Machine travel start time: 413.24
		Region 1 -> Region 0: 5.0
		Machine arrival at machine station: 418.24

		Machine 4 (Station 1)-> Task 190: 77.82
		Vehicle arrival at task: 496.06
		Waiting time until service start time: 0.0

	id: 190
		node: 58
		(x, y, z): (33, 0, 0)
		dem: -12
		earl: 482
		lat: 512
		servt: 10
		pid: 33
		did: 0
		servST: 496.06
		(h, h_ind): (4, 11)
		load: 0.0

	Finished service at time: 506.06

	Task 190 -> Task 0: 79.18
	Vehicle arrival at task: 585.24
	Waiting time until service start time: 0.0

	id: 0
		node: 82
		(x, y, z): (70, 70, 0)
		dem: 0
		earl: 0
		lat: 634
		servt: 0
		pid: 0
		did: 0
		servST: 585.24
		(h, h_ind): (-1, 0)
		load: 0.0


---------------------| MACHINES |---------------------

Machine 0 :
	setup duration: 0.0

	vehicle: 0
	vehicleInd: 2
	(orig, dest): (0, 3)
	(origRegion, destRegion): (0, 3)
	st: 1.3299999999999983
	duration: 15.0

	setup duration: 15.0

	vehicle: 21
	vehicleInd: 2
	(orig, dest): (0, 44)
	(origRegion, destRegion): (0, 1)
	st: 31.33
	duration: 5.0

	setup duration: 5.0

	vehicle: 3
	vehicleInd: 3
	(orig, dest): (46, 66)
	(origRegion, destRegion): (0, 1)
	st: 97.55
	duration: 5.0

	setup duration: 10.0

	vehicle: 1
	vehicleInd: 4
	(orig, dest): (150, 0)
	(origRegion, destRegion): (3, 0)
	st: 228.61
	duration: 15.0

	setup duration: 10.0

	vehicle: 37
	vehicleInd: 4
	(orig, dest): (153, 33)
	(origRegion, destRegion): (2, 1)
	st: 272.95
	duration: 5.0

	setup duration: 0.0

	vehicle: 36
	vehicleInd: 6
	(orig, dest): (113, 37)
	(origRegion, destRegion): (1, 2)
	st: 298.84000000000003
	duration: 5.0

	setup duration: 0.0

	vehicle: 16
	vehicleInd: 5
	(orig, dest): (58, 74)
	(origRegion, destRegion): (2, 0)
	st: 406.09000000000003
	duration: 10.0

	setup duration: 10.0

	vehicle: 4
	vehicleInd: 6
	(orig, dest): (148, 0)
	(origRegion, destRegion): (2, 0)
	st: 479.85
	duration: 10.0

	setup duration: 10.0

	vehicle: 3
	vehicleInd: 8
	(orig, dest): (127, 0)
	(origRegion, destRegion): (2, 0)
	st: 500.66
	duration: 10.0

	setup duration: 15.0

	vehicle: 9
	vehicleInd: 6
	(orig, dest): (61, 0)
	(origRegion, destRegion): (3, 0)
	st: 604.21
	duration: 15.0


Machine 1 :
	setup duration: 0.0

	vehicle: 29
	vehicleInd: 2
	(orig, dest): (0, 15)
	(origRegion, destRegion): (0, 2)
	st: 3.299999999999997
	duration: 10.0

	setup duration: 10.0

	vehicle: 28
	vehicleInd: 2
	(orig, dest): (0, 18)
	(origRegion, destRegion): (0, 2)
	st: 23.299999999999997
	duration: 10.0

	setup duration: 10.0

	vehicle: 31
	vehicleInd: 2
	(orig, dest): (0, 63)
	(origRegion, destRegion): (0, 3)
	st: 43.3
	duration: 15.0

	setup duration: 15.0

	vehicle: 33
	vehicleInd: 3
	(orig, dest): (7, 133)
	(origRegion, destRegion): (0, 1)
	st: 106.7
	duration: 5.0

	setup duration: 10.0

	vehicle: 31
	vehicleInd: 3
	(orig, dest): (63, 130)
	(origRegion, destRegion): (3, 0)
	st: 157.07999999999998
	duration: 15.0

	setup duration: 15.0

	vehicle: 36
	vehicleInd: 5
	(orig, dest): (26, 113)
	(origRegion, destRegion): (3, 1)
	st: 187.07999999999998
	duration: 10.0

	setup duration: 10.0

	vehicle: 9
	vehicleInd: 3
	(orig, dest): (68, 64)
	(origRegion, destRegion): (3, 1)
	st: 212.23
	duration: 10.0

	setup duration: 0.0

	vehicle: 30
	vehicleInd: 5
	(orig, dest): (175, 82)
	(origRegion, destRegion): (1, 0)
	st: 299.62
	duration: 5.0

	setup duration: 10.0

	vehicle: 21
	vehicleInd: 5
	(orig, dest): (79, 9)
	(origRegion, destRegion): (2, 0)
	st: 356.17
	duration: 10.0

	setup duration: 15.0

	vehicle: 28
	vehicleInd: 6
	(orig, dest): (49, 0)
	(origRegion, destRegion): (3, 0)
	st: 507.32
	duration: 15.0


Machine 2 :
	setup duration: 0.0

	vehicle: 8
	vehicleInd: 2
	(orig, dest): (0, 4)
	(origRegion, destRegion): (0, 3)
	st: 8.799999999999997
	duration: 15.0

	setup duration: 15.0

	vehicle: 12
	vehicleInd: 2
	(orig, dest): (0, 2)
	(origRegion, destRegion): (0, 2)
	st: 38.8
	duration: 10.0

	setup duration: 10.0

	vehicle: 16
	vehicleInd: 3
	(orig, dest): (73, 30)
	(origRegion, destRegion): (0, 2)
	st: 58.8
	duration: 10.0

	setup duration: 5.0

	vehicle: 37
	vehicleInd: 3
	(orig, dest): (72, 153)
	(origRegion, destRegion): (1, 2)
	st: 107.92
	duration: 5.0

	setup duration: 0.0

	vehicle: 29
	vehicleInd: 3
	(orig, dest): (15, 54)
	(origRegion, destRegion): (2, 3)
	st: 132.42
	duration: 5.0

	setup duration: 10.0

	vehicle: 33
	vehicleInd: 4
	(orig, dest): (133, 32)
	(origRegion, destRegion): (1, 3)
	st: 265.3
	duration: 10.0

	setup duration: 0.0

	vehicle: 20
	vehicleInd: 3
	(orig, dest): (34, 62)
	(origRegion, destRegion): (3, 1)
	st: 275.3
	duration: 10.0

	setup duration: 0.0

	vehicle: 3
	vehicleInd: 5
	(orig, dest): (131, 23)
	(origRegion, destRegion): (1, 2)
	st: 294.57
	duration: 5.0

	setup duration: 5.0

	vehicle: 0
	vehicleInd: 4
	(orig, dest): (5, 47)
	(origRegion, destRegion): (1, 0)
	st: 340.11
	duration: 5.0

	setup duration: 15.0

	vehicle: 12
	vehicleInd: 6
	(orig, dest): (39, 0)
	(origRegion, destRegion): (3, 0)
	st: 392.18
	duration: 15.0

	setup duration: 5.0

	vehicle: 20
	vehicleInd: 4
	(orig, dest): (62, 0)
	(origRegion, destRegion): (1, 0)
	st: 412.68
	duration: 5.0

	setup duration: 5.0

	vehicle: 27
	vehicleInd: 6
	(orig, dest): (97, 0)
	(origRegion, destRegion): (1, 0)
	st: 484.87
	duration: 5.0

	setup duration: 5.0

	vehicle: 6
	vehicleInd: 6
	(orig, dest): (102, 0)
	(origRegion, destRegion): (1, 0)
	st: 528.6
	duration: 5.0

	setup duration: 10.0

	vehicle: 0
	vehicleInd: 6
	(orig, dest): (108, 0)
	(origRegion, destRegion): (2, 0)
	st: 577.0
	duration: 10.0

	setup duration: 10.0

	vehicle: 33
	vehicleInd: 8
	(orig, dest): (110, 0)
	(origRegion, destRegion): (2, 0)
	st: 600.46
	duration: 10.0


Machine 3 :
	setup duration: 0.0

	vehicle: 36
	vehicleInd: 2
	(orig, dest): (0, 1)
	(origRegion, destRegion): (0, 3)
	st: 5.009999999999991
	duration: 15.0

	setup duration: 15.0

	vehicle: 35
	vehicleInd: 2
	(orig, dest): (0, 76)
	(origRegion, destRegion): (0, 1)
	st: 68.32
	duration: 5.0

	setup duration: 5.0

	vehicle: 9
	vehicleInd: 2
	(orig, dest): (0, 68)
	(origRegion, destRegion): (0, 3)
	st: 78.32
	duration: 15.0

	setup duration: 15.0

	vehicle: 4
	vehicleInd: 3
	(orig, dest): (55, 21)
	(origRegion, destRegion): (0, 1)
	st: 114.72999999999999
	duration: 5.0

	setup duration: 0.0

	vehicle: 1
	vehicleInd: 3
	(orig, dest): (41, 150)
	(origRegion, destRegion): (1, 3)
	st: 119.72999999999999
	duration: 10.0

	setup duration: 10.0

	vehicle: 21
	vehicleInd: 4
	(orig, dest): (36, 79)
	(origRegion, destRegion): (1, 2)
	st: 179.8
	duration: 5.0

	setup duration: 5.0

	vehicle: 0
	vehicleInd: 3
	(orig, dest): (3, 5)
	(origRegion, destRegion): (3, 1)
	st: 189.8
	duration: 10.0

	setup duration: 5.0

	vehicle: 28
	vehicleInd: 4
	(orig, dest): (14, 103)
	(origRegion, destRegion): (2, 3)
	st: 230.19
	duration: 5.0

	setup duration: 0.0

	vehicle: 29
	vehicleInd: 4
	(orig, dest): (54, 69)
	(origRegion, destRegion): (3, 2)
	st: 235.19
	duration: 5.0

	setup duration: 0.0

	vehicle: 12
	vehicleInd: 4
	(orig, dest): (48, 56)
	(origRegion, destRegion): (2, 1)
	st: 240.19
	duration: 5.0

	setup duration: 5.0

	vehicle: 29
	vehicleInd: 5
	(orig, dest): (69, 154)
	(origRegion, destRegion): (2, 3)
	st: 311.90999999999997
	duration: 5.0

	setup duration: 10.0

	vehicle: 35
	vehicleInd: 3
	(orig, dest): (76, 40)
	(origRegion, destRegion): (1, 2)
	st: 326.90999999999997
	duration: 5.0

	setup duration: 5.0

	vehicle: 4
	vehicleInd: 5
	(orig, dest): (160, 148)
	(origRegion, destRegion): (1, 2)
	st: 361.0
	duration: 5.0

	setup duration: 5.0

	vehicle: 9
	vehicleInd: 5
	(orig, dest): (11, 61)
	(origRegion, destRegion): (1, 3)
	st: 446.04
	duration: 10.0

	setup duration: 5.0

	vehicle: 35
	vehicleInd: 4
	(orig, dest): (40, 0)
	(origRegion, destRegion): (2, 0)
	st: 482.09000000000003
	duration: 10.0


Machine 4 :
	setup duration: 0.0

	vehicle: 37
	vehicleInd: 2
	(orig, dest): (0, 72)
	(origRegion, destRegion): (0, 1)
	st: 13.320000000000007
	duration: 5.0

	setup duration: 5.0

	vehicle: 30
	vehicleInd: 2
	(orig, dest): (0, 71)
	(origRegion, destRegion): (0, 1)
	st: 23.320000000000007
	duration: 5.0

	setup duration: 5.0

	vehicle: 1
	vehicleInd: 2
	(orig, dest): (0, 41)
	(origRegion, destRegion): (0, 1)
	st: 33.429999999999986
	duration: 5.0

	setup duration: 5.0

	vehicle: 20
	vehicleInd: 2
	(orig, dest): (0, 34)
	(origRegion, destRegion): (0, 3)
	st: 120.25999999999999
	duration: 15.0

	setup duration: 0.0

	vehicle: 8
	vehicleInd: 3
	(orig, dest): (4, 125)
	(origRegion, destRegion): (3, 0)
	st: 135.26
	duration: 15.0

	setup duration: 0.0

	vehicle: 6
	vehicleInd: 3
	(orig, dest): (57, 60)
	(origRegion, destRegion): (0, 1)
	st: 150.26
	duration: 5.0

	setup duration: 5.0

	vehicle: 27
	vehicleInd: 3
	(orig, dest): (20, 19)
	(origRegion, destRegion): (0, 3)
	st: 160.26
	duration: 15.0

	setup duration: 0.0

	vehicle: 27
	vehicleInd: 4
	(orig, dest): (19, 114)
	(origRegion, destRegion): (3, 1)
	st: 298.06
	duration: 10.0

	setup duration: 0.0

	vehicle: 12
	vehicleInd: 5
	(orig, dest): (56, 39)
	(origRegion, destRegion): (1, 3)
	st: 322.78
	duration: 10.0

	setup duration: 5.0

	vehicle: 36
	vehicleInd: 7
	(orig, dest): (37, 174)
	(origRegion, destRegion): (2, 0)
	st: 378.12
	duration: 10.0

	setup duration: 5.0

	vehicle: 37
	vehicleInd: 5
	(orig, dest): (33, 190)
	(origRegion, destRegion): (1, 0)
	st: 413.24
	duration: 5.0

	setup duration: 0.0

	vehicle: 0
	vehicleInd: 5
	(orig, dest): (47, 108)
	(origRegion, destRegion): (0, 2)
	st: 479.83000000000004
	duration: 10.0

	setup duration: 5.0

	vehicle: 33
	vehicleInd: 6
	(orig, dest): (43, 24)
	(origRegion, destRegion): (3, 2)
	st: 494.83000000000004
	duration: 5.0

	setup duration: 5.0

	vehicle: 29
	vehicleInd: 7
	(orig, dest): (10, 59)
	(origRegion, destRegion): (3, 0)
	st: 537.77
	duration: 15.0


-------------------| COMPL. TIMES |-------------------

Vehicle 0 : 587.67
Vehicle 1 : 214.18000000000004
Vehicle 2 : 0.0
Vehicle 3 : 482.3
Vehicle 4 : 461.21000000000004
Vehicle 5 : 0.0
Vehicle 6 : 481.74
Vehicle 7 : 0.0
Vehicle 8 : 422.68
Vehicle 9 : 546.8900000000001
Vehicle 10 : 0.0
Vehicle 11 : 0.0
Vehicle 12 : 370.38
Vehicle 13 : 0.0
Vehicle 14 : 0.0
Vehicle 15 : 0.0
Vehicle 16 : 506.80000000000007
Vehicle 17 : 0.0
Vehicle 18 : 0.0
Vehicle 19 : 0.0
Vehicle 20 : 301.42
Vehicle 21 : 379.34000000000003
Vehicle 22 : 0.0
Vehicle 23 : 0.0
Vehicle 24 : 0.0
Vehicle 25 : 0.0
Vehicle 26 : 0.0
Vehicle 27 : 474.44
Vehicle 28 : 505.0199999999999
Vehicle 29 : 614.64
Vehicle 30 : 462.78000000000003
Vehicle 31 : 305.81
Vehicle 32 : 0.0
Vehicle 33 : 581.46
Vehicle 34 : 0.0
Vehicle 35 : 433.77000000000004
Vehicle 36 : 472.2
Vehicle 37 : 574.92
Vehicle 38 : 0.0
Vehicle 39 : 0.0
-------------------| STATISTICS |-------------------

    Vehicles used                           : 50.0
    Machines used                           : 100.0
    Max load (vehicles)                     : 91.6667
    Min load (vehicles)                     : 9.7222
    Mean load (vehicles)                    : 39.2038
    Min completion time                     : 33.7823
    Max completion time                     : 96.9464
    Mean completion time                    : 72.3947
    Avrg travel time (with vehicle)         : 30.2839
    Avrg travel time (only with vehicle)    : 17.9811
    Avrg travel time (no vehicle)           : 12.3028
    Avrg waiting time (machine travel)      : 1.8217
    Avrg waiting time (service)             : 11.4014
    Machines travel times (with vehicle)    : [26.8139, 31.5457, 34.7003, 31.5457, 26.8139]
    Machines travel times (no vehicle)      : [11.8297, 14.9842, 14.9842, 13.4069, 6.3091]
    Max load per vehicle                    : [54.1667, 23.6111, 0.0, 55.814, 91.6667, 0.0, 46.5116, 0.0, 22.093, 62.069, 0.0, 0.0, 12.5, 0.0, 0.0, 0.0, 44.4444, 0.0, 0.0, 0.0, 9.7222, 46.5517, 0.0, 0.0, 0.0, 0.0, 0.0, 25.0, 32.5581, 31.9444, 45.3488, 13.9535, 0.0, 33.3333, 0.0, 27.5862, 81.9444, 23.2558, 0.0, 0.0]

----------------------------------------------------

TOTAL: 9179.650000000001

Everything is awesome!
