-------------------| STATISTICS |-------------------

Vehicles used                           : 52.5
Machines used                           : 100.0
Max load (vehicles)                     : 94.2308
Min load (vehicles)                     : 20.0
Mean load (vehicles)                    : 48.7851
Min completion time                     : 33.7254
Max completion time                     : 86.774
Mean completion time                    : 60.3536
Avrg travel time (with vehicle)         : 26.0184
Avrg travel time (only with vehicle)    : 14.4547
Avrg travel time (no vehicle)           : 11.5637
Avrg waiting time (machine travel)      : 2.388
Avrg waiting time (service)             : 13.8256
Machines travel times (with vehicle)    : [26.2812, 12.4836, 34.1656, 28.2523, 28.9093]
Machines travel times (no vehicle)      : [11.8265, 3.2852, 16.4258, 12.4836, 13.7976]
Max load per vehicle                    : [61.5385, 0.0, 0.0, 67.9487, 0.0, 20.0, 94.2308, 0.0, 36.5385, 60.0, 0.0, 0.0, 33.8462, 75.3846, 32.0513, 0.0, 50.0, 25.0, 0.0, 0.0, 0.0, 23.0769, 57.6923, 0.0, 44.6154, 0.0, 0.0, 35.8974, 24.359, 36.5385, 0.0, 0.0, 0.0, 0.0, 0.0, 0.0, 55.3846, 66.6667, 94.2308, 29.4872]

----------------------------------------------------

TOTAL: 9645.109999999999

Everything is awesome!
