-------------------| STATISTICS |-------------------

Vehicles used                           : 91.6667
Machines used                           : 100.0
Max load (vehicles)                     : 54.1667
Min load (vehicles)                     : 3.4483
Mean load (vehicles)                    : 32.0969
Min completion time                     : 42.8127
Max completion time                     : 78.5817
Mean completion time                    : 62.3263
Avrg travel time (with vehicle)         : 55.7769
Avrg travel time (only with vehicle)    : 33.2005
Avrg travel time (no vehicle)           : 22.5764
Avrg waiting time (machine travel)      : 0.2322
Avrg waiting time (service)             : 1.6644
Machines travel times (with vehicle)    : [63.745, 55.7769, 47.8088]
Machines travel times (no vehicle)      : [25.8964, 19.9203, 21.9124]
Max load per vehicle                    : [52.6316, 54.1667, 22.4138, 3.4483, 39.5833, 31.0345, 12.069, 42.1053, 16.6667, 28.9474, 0.0, 50.0]

----------------------------------------------------

TOTAL: 1720.8300000000002

Everything is awesome!
