Set parameter WLSAccessID
Set parameter WLSSecret
Set parameter LicenseID to value 2661775
Academic license 2661775 - for non-commercial use only - registered to me___@dcc.ufba.br
Loading line 2: methodType heur
Loading line 3: methodCode mslp
Loading line 4: seed 0
Loading line 5: threads 1
Loading line 6: greedy_service_order random
Loading line 7: outputFlagGrbMSLP 0
Loading line 8: mslpa 60000
Loading line 9: mslpr I
Loading line 10: maxtime 3600
Loading line 11: output ./logs/
Loading line 12: printsol 1
Loading line 13: solverMethod A
Instance: LR1_2_8_t1_40R_40V_04I_06M

[02:17:13.167] Running Data.readData with file /dados/rmelo/PDPTW-SE/benchmark_multi_island_v5/official_experiments/multistartlp/preliminar/set_01_pt_01/../../../../instances/orig_ams_fg/40R_40V_04I_06M/t1/LR1_2_8/
vehicles: Vehicle[Vehicle(0, 58), Vehicle(1, 72), Vehicle(2, 86), Vehicle(3, 58), Vehicle(4, 86), Vehicle(5, 58), Vehicle(6, 86), Vehicle(7, 58), Vehicle(8, 72), Vehicle(9, 86), Vehicle(10, 86), Vehicle(11, 58), Vehicle(12, 58), Vehicle(13, 58), Vehicle(14, 86), Vehicle(15, 86), Vehicle(16, 58), Vehicle(17, 72), Vehicle(18, 58), Vehicle(19, 72), Vehicle(20, 86), Vehicle(21, 72), Vehicle(22, 58), Vehicle(23, 58), Vehicle(24, 72), Vehicle(25, 58), Vehicle(26, 72), Vehicle(27, 86), Vehicle(28, 72), Vehicle(29, 72), Vehicle(30, 72), Vehicle(31, 58), Vehicle(32, 86), Vehicle(33, 86), Vehicle(34, 86), Vehicle(35, 86), Vehicle(36, 58), Vehicle(37, 58), Vehicle(38, 72), Vehicle(39, 58)]
vehicle_types: Vehicle[Vehicle(0, 58), Vehicle(1, 72), Vehicle(2, 86)]
Machine[Machine(0, Point[Point(70, 73, 0), Point(88, 75, 1), Point(53, 43, 2), Point(88, 42, 3)], 1.0), Machine(1, Point[Point(67, 71, 0), Point(90, 74, 1), Point(52, 44, 2), Point(87, 42, 3)], 1.0), Machine(2, Point[Point(70, 74, 0), Point(85, 78, 1), Point(51, 46, 2), Point(87, 41, 3)], 1.0), Machine(3, Point[Point(71, 75, 0), Point(85, 79, 1), Point(51, 47, 2), Point(86, 41, 3)], 1.0), Machine(4, Point[Point(71, 76, 0), Point(84, 80, 1), Point(50, 49, 2), Point(85, 40, 3)], 1.0), Machine(5, Point[Point(71, 78, 0), Point(93, 74, 1), Point(49, 51, 2), Point(85, 39, 3)], 1.0)]
refs: [1, 2, 3, 4, 6, 8, 9, 11, 12, 14, 19, 20, 21, 22, 23, 25, 26, 28, 30, 31, 32, 33, 34, 35, 38, 39, 40, 42, 43, 45, 46, 47, 49, 50, 52, 53, 54, 55, 57, 59, 60, 66, 81, 36, 77, 44, 27, 56, 75, 17, 67, 63, 73, 79, 48, 41, 62, 24, 5, 70, 71, 13, 72, 7, 15, 58, 51, 69, 65, 64, 61, 78, 16, 18, 74, 76, 68, 37, 29, 80, 10, 1]
V: [1, 2, 3, 4, 5, 6, 7, 8, 9, 10, 11, 12, 13, 14, 15, 16, 17, 18, 19, 20, 21, 22, 23, 24, 25, 26, 27, 28, 29, 30, 31, 32, 33, 34, 35, 36, 37, 38, 39, 40, 41, 42, 43, 44, 45, 46, 47, 48, 49, 50, 51, 52, 53, 54, 55, 56, 57, 58, 59, 60, 61, 62, 63, 64, 65, 66, 67, 68, 69, 70, 71, 72, 73, 74, 75, 76, 77, 78, 79, 80, 81]
V_p: [2, 3, 4, 5, 6, 7, 8, 9, 10, 11, 12, 13, 14, 15, 16, 17, 18, 19, 20, 21, 22, 23, 24, 25, 26, 27, 28, 29, 30, 31, 32, 33, 34, 35, 36, 37, 38, 39, 40, 41]
V_d: [42, 43, 44, 45, 46, 47, 48, 49, 50, 51, 52, 53, 54, 55, 56, 57, 58, 59, 60, 61, 62, 63, 64, 65, 66, 67, 68, 69, 70, 71, 72, 73, 74, 75, 76, 77, 78, 79, 80, 81]
Vprime: [1, 2, 3, 4, 5, 6, 7, 8, 9, 10, 11, 12, 13, 14, 15, 16, 17, 18, 19, 20, 21, 22, 23, 24, 25, 26, 27, 28, 29, 30, 31, 32, 33, 34, 35, 36, 37, 38, 39, 40, 41, 42, 43, 44, 45, 46, 47, 48, 49, 50, 51, 52, 53, 54, 55, 56, 57, 58, 59, 60, 61, 62, 63, 64, 65, 66, 67, 68, 69, 70, 71, 72, 73, 74, 75, 76, 77, 78, 79, 80, 81, 82]
V: [1, 2, 3, 4, 5, 6, 7, 8, 9, 10, 11, 12, 13, 14, 15, 16, 17, 18, 19, 20, 21, 22, 23, 24, 25, 26, 27, 28, 29, 30, 31, 32, 33, 34, 35, 36, 37, 38, 39, 40, 41, 42, 43, 44, 45, 46, 47, 48, 49, 50, 51, 52, 53, 54, 55, 56, 57, 58, 59, 60, 61, 62, 63, 64, 65, 66, 67, 68, 69, 70, 71, 72, 73, 74, 75, 76, 77, 78, 79, 80, 81]
q: [0, 34, 8, 39, 14, 16, 27, 13, 24, 43, 13, 8, 30, 12, 7, 18, 33, 12, 15, 9, 23, 17, 23, 9, 35, 18, 32, 9, 31, 26, 9, 27, 12, 10, 1, 6, 36, 17, 33, 21, 4, -34, -8, -39, -14, -16, -27, -13, -24, -43, -13, -8, -30, -12, -7, -18, -33, -12, -15, -9, -23, -17, -23, -9, -35, -18, -32, -9, -31, -26, -9, -27, -12, -10, -1, -6, -36, -17, -33, -21, -4, 0]
H: [1, 2, 3, 4, 5, 6]
f: [[1, 1, 1, 1, 1, 1], [2, 2, 2, 2, 2, 2], [2, 2, 2, 2, 2, 2], [4, 4, 4, 4, 4, 4], [1, 1, 1, 1, 1, 1], [3, 3, 3, 3, 3, 3], [1, 1, 1, 1, 1, 1], [3, 3, 3, 3, 3, 3], [2, 2, 2, 2, 2, 2], [2, 2, 2, 2, 2, 2], [3, 3, 3, 3, 3, 3], [1, 1, 1, 1, 1, 1], [2, 2, 2, 2, 2, 2], [3, 3, 3, 3, 3, 3], [1, 1, 1, 1, 1, 1], [4, 4, 4, 4, 4, 4], [3, 3, 3, 3, 3, 3], [2, 2, 2, 2, 2, 2], [3, 3, 3, 3, 3, 3], [4, 4, 4, 4, 4, 4], [1, 1, 1, 1, 1, 1], [3, 3, 3, 3, 3, 3], [2, 2, 2, 2, 2, 2], [4, 4, 4, 4, 4, 4], [1, 1, 1, 1, 1, 1], [2, 2, 2, 2, 2, 2], [3, 3, 3, 3, 3, 3], [3, 3, 3, 3, 3, 3], [1, 1, 1, 1, 1, 1], [1, 1, 1, 1, 1, 1], [1, 1, 1, 1, 1, 1], [4, 4, 4, 4, 4, 4], [4, 4, 4, 4, 4, 4], [4, 4, 4, 4, 4, 4], [4, 4, 4, 4, 4, 4], [4, 4, 4, 4, 4, 4], [4, 4, 4, 4, 4, 4], [2, 2, 2, 2, 2, 2], [4, 4, 4, 4, 4, 4], [1, 1, 1, 1, 1, 1], [4, 4, 4, 4, 4, 4], [2, 2, 2, 2, 2, 2], [2, 2, 2, 2, 2, 2], [4, 4, 4, 4, 4, 4], [1, 1, 1, 1, 1, 1], [1, 1, 1, 1, 1, 1], [1, 1, 1, 1, 1, 1], [3, 3, 3, 3, 3, 3], [2, 2, 2, 2, 2, 2], [2, 2, 2, 2, 2, 2], [3, 3, 3, 3, 3, 3], [1, 1, 1, 1, 1, 1], [2, 2, 2, 2, 2, 2], [3, 3, 3, 3, 3, 3], [1, 1, 1, 1, 1, 1], [4, 4, 4, 4, 4, 4], [3, 3, 3, 3, 3, 3], [2, 2, 2, 2, 2, 2], [3, 3, 3, 3, 3, 3], [4, 4, 4, 4, 4, 4], [1, 1, 1, 1, 1, 1], [1, 1, 1, 1, 1, 1], [2, 2, 2, 2, 2, 2], [4, 4, 4, 4, 4, 4], [1, 1, 1, 1, 1, 1], [2, 2, 2, 2, 2, 2], [3, 3, 3, 3, 3, 3], [3, 3, 3, 3, 3, 3], [1, 1, 1, 1, 1, 1], [1, 1, 1, 1, 1, 1], [2, 2, 2, 2, 2, 2], [4, 4, 4, 4, 4, 4], [4, 4, 4, 4, 4, 4], [4, 4, 4, 4, 4, 4], [4, 4, 4, 4, 4, 4], [4, 4, 4, 4, 4, 4], [4, 4, 4, 4, 4, 4], [2, 2, 2, 2, 2, 2], [4, 4, 4, 4, 4, 4], [1, 1, 1, 1, 1, 1], [4, 4, 4, 4, 4, 4], [1, 1, 1, 1, 1, 1]]
1 1 1 -> 0.0
1 2 1 -> 18.11
1 3 1 -> 34.48
1 4 1 -> 35.85
2 1 1 -> 18.11
2 2 1 -> 0.0
2 3 1 -> 47.42
2 4 1 -> 33.0
3 1 1 -> 34.48
3 2 1 -> 47.42
3 3 1 -> 0.0
3 4 1 -> 35.01
4 1 1 -> 35.85
4 2 1 -> 33.0
4 3 1 -> 35.01
4 4 1 -> 0.0
1 1 2 -> 0.0
1 2 2 -> 23.19
1 3 2 -> 30.89
1 4 2 -> 35.23
2 1 2 -> 23.19
2 2 2 -> 0.0
2 3 2 -> 48.41
2 4 2 -> 32.14
3 1 2 -> 30.89
3 2 2 -> 48.41
3 3 2 -> 0.0
3 4 2 -> 35.06
4 1 2 -> 35.23
4 2 2 -> 32.14
4 3 2 -> 35.06
4 4 2 -> 0.0
1 1 3 -> 0.0
1 2 3 -> 15.52
1 3 3 -> 33.84
1 4 3 -> 37.12
2 1 3 -> 15.52
2 2 3 -> 0.0
2 3 3 -> 46.69
2 4 3 -> 37.05
3 1 3 -> 33.84
3 2 3 -> 46.69
3 3 3 -> 0.0
3 4 3 -> 36.35
4 1 3 -> 37.12
4 2 3 -> 37.05
4 3 3 -> 36.35
4 4 3 -> 0.0
1 1 4 -> 0.0
1 2 4 -> 14.56
1 3 4 -> 34.41
1 4 4 -> 37.16
2 1 4 -> 14.56
2 2 4 -> 0.0
2 3 4 -> 46.69
2 4 4 -> 38.01
3 1 4 -> 34.41
3 2 4 -> 46.69
3 3 4 -> 0.0
3 4 4 -> 35.51
4 1 4 -> 37.16
4 2 4 -> 38.01
4 3 4 -> 35.51
4 4 4 -> 0.0
1 1 5 -> 0.0
1 2 5 -> 13.6
1 3 5 -> 34.21
1 4 5 -> 38.63
2 1 5 -> 13.6
2 2 5 -> 0.0
2 3 5 -> 46.01
2 4 5 -> 40.01
3 1 5 -> 34.21
3 2 5 -> 46.01
3 3 5 -> 0.0
3 4 5 -> 36.14
4 1 5 -> 38.63
4 2 5 -> 40.01
4 3 5 -> 36.14
4 4 5 -> 0.0
1 1 6 -> 0.0
1 2 6 -> 22.36
1 3 6 -> 34.83
1 4 6 -> 41.44
2 1 6 -> 22.36
2 2 6 -> 0.0
2 3 6 -> 49.65
2 4 6 -> 35.9
3 1 6 -> 34.83
3 2 6 -> 49.65
3 3 6 -> 0.0
3 4 6 -> 37.95
4 1 6 -> 41.44
4 2 6 -> 35.9
4 3 6 -> 37.95
4 4 6 -> 0.0
o: (1, 2, 3) => 15.52
o: (3, 1, 3) => 33.84
o: (1, 3, 5) => 34.21
o: (3, 2, 4) => 46.69
o: (1, 4, 5) => 38.63
o: (4, 3, 6) => 37.95
o: (4, 4, 6) => 0.0
o: (3, 2, 3) => 46.69
o: (3, 3, 5) => 0.0
o: (2, 1, 1) => 18.11
o: (3, 4, 5) => 36.14
o: (1, 3, 2) => 30.89
o: (1, 4, 2) => 35.23
o: (4, 3, 4) => 35.51
o: (2, 2, 1) => 0.0
o: (4, 4, 4) => 0.0
o: (3, 3, 2) => 0.0
o: (3, 4, 2) => 35.06
o: (4, 3, 3) => 36.35
o: (4, 4, 3) => 0.0
o: (1, 1, 5) => 0.0
o: (4, 1, 6) => 41.44
o: (1, 2, 5) => 13.6
o: (3, 1, 5) => 34.21
o: (1, 3, 1) => 34.48
o: (4, 2, 6) => 35.9
o: (1, 1, 2) => 0.0
o: (1, 4, 1) => 35.85
o: (2, 3, 6) => 49.65
o: (4, 1, 4) => 37.16
o: (3, 2, 5) => 46.01
o: (2, 4, 6) => 35.9
o: (3, 3, 1) => 0.0
o: (1, 2, 2) => 23.19
o: (3, 1, 2) => 30.89
o: (3, 4, 1) => 35.01
o: (4, 1, 3) => 37.12
o: (4, 2, 4) => 38.01
o: (3, 2, 2) => 48.41
o: (2, 3, 4) => 46.69
o: (4, 2, 3) => 37.05
o: (2, 4, 4) => 38.01
o: (4, 3, 5) => 36.14
o: (4, 4, 5) => 0.0
o: (1, 1, 1) => 0.0
o: (2, 3, 3) => 46.69
o: (2, 4, 3) => 37.05
o: (2, 1, 6) => 22.36
o: (4, 3, 2) => 35.06
o: (1, 2, 1) => 18.11
o: (3, 1, 1) => 34.48
o: (4, 4, 2) => 0.0
o: (2, 2, 6) => 0.0
o: (3, 2, 1) => 47.42
o: (2, 1, 4) => 14.56
o: (4, 1, 5) => 38.63
o: (2, 1, 3) => 15.52
o: (2, 2, 4) => 0.0
o: (4, 2, 5) => 40.01
o: (4, 3, 1) => 35.01
o: (1, 3, 6) => 34.83
o: (4, 1, 2) => 35.23
o: (4, 4, 1) => 0.0
o: (2, 2, 3) => 0.0
o: (2, 3, 5) => 46.01
o: (1, 4, 6) => 41.44
o: (2, 4, 5) => 40.01
o: (3, 3, 6) => 0.0
o: (4, 2, 2) => 32.14
o: (3, 4, 6) => 37.95
o: (1, 3, 4) => 34.41
o: (2, 3, 2) => 48.41
o: (1, 4, 4) => 37.16
o: (2, 4, 2) => 32.14
o: (1, 3, 3) => 33.84
o: (3, 3, 4) => 0.0
o: (1, 4, 3) => 37.12
o: (3, 4, 4) => 35.51
o: (4, 1, 1) => 35.85
o: (1, 1, 6) => 0.0
o: (2, 1, 5) => 13.6
o: (3, 3, 3) => 0.0
o: (3, 4, 3) => 36.35
o: (4, 2, 1) => 33.0
o: (1, 2, 6) => 22.36
o: (3, 1, 6) => 34.83
o: (2, 2, 5) => 0.0
o: (2, 3, 1) => 47.42
o: (1, 1, 4) => 0.0
o: (2, 1, 2) => 23.19
o: (2, 4, 1) => 33.0
o: (3, 2, 6) => 49.65
o: (1, 1, 3) => 0.0
o: (1, 2, 4) => 14.56
o: (2, 2, 2) => 0.0
o: (3, 1, 4) => 34.41

[130, 821, 811, 733, 723, 772, 735, 51]
JOBS in the order of refs (Vprime)
Node 1: Job(0, Point(70, 70, 0), 0, 0, 634, 0, 0, 0)
Node 2: Job(1, Point(107, 77, 1), 34, 0, 587, 10, 0, 103)
Node 3: Job(2, Point(109, 139, 1), 8, 0, 545, 10, 0, 200)
Node 4: Job(3, Point(120, 22, 3), 39, 114, 144, 10, 0, 50)
Node 5: Job(6, Point(12, 138, 0), 14, 275, 305, 10, 0, 173)
Node 6: Job(12, Point(12, 84, 2), 16, 0, 565, 10, 0, 58)
Node 7: Job(13, Point(44, 116, 0), 27, 0, 572, 10, 0, 38)
Node 8: Job(15, Point(41, 36, 2), 13, 51, 81, 10, 0, 70)
Node 9: Job(16, Point(132, 133, 1), 24, 0, 536, 10, 0, 170)
Node 10: Job(21, Point(138, 78, 1), 43, 0, 556, 10, 0, 26)
Node 11: Job(29, Point(20, 69, 2), 13, 378, 408, 10, 0, 110)
Node 12: Job(30, Point(64, 132, 0), 8, 62, 92, 10, 0, 83)
Node 13: Job(31, Point(115, 82, 1), 30, 0, 578, 10, 0, 154)
Node 14: Job(33, Point(30, 21, 2), 12, 0, 561, 10, 0, 186)
Node 15: Job(34, Point(63, 129, 0), 7, 206, 236, 10, 0, 62)
Node 16: Job(36, Point(108, 30, 3), 18, 0, 569, 10, 0, 55)
Node 17: Job(37, Point(37, 73, 2), 33, 0, 591, 10, 0, 82)
Node 18: Job(40, Point(92, 138, 1), 12, 402, 432, 10, 0, 35)
Node 19: Job(43, Point(13, 48, 2), 15, 0, 563, 10, 0, 4)
Node 20: Job(44, Point(113, 35, 3), 9, 0, 569, 10, 0, 137)
Node 21: Job(45, Point(60, 84, 0), 23, 0, 607, 10, 0, 138)
Node 22: Job(47, Point(8, 87, 2), 17, 0, 560, 10, 0, 19)
Node 23: Job(48, Point(116, 105, 1), 23, 0, 567, 10, 0, 148)
Node 24: Job(49, Point(117, 4, 3), 9, 0, 543, 10, 0, 7)
Node 25: Job(52, Point(58, 95, 0), 35, 485, 515, 10, 0, 24)
Node 26: Job(53, Point(103, 119, 1), 18, 0, 565, 10, 0, 76)
Node 27: Job(54, Point(32, 52, 2), 32, 0, 582, 10, 0, 65)
Node 28: Job(56, Point(54, 41, 2), 9, 0, 591, 10, 0, 129)
Node 29: Job(57, Point(39, 100, 0), 31, 0, 581, 10, 0, 97)
Node 30: Job(59, Point(67, 96, 0), 26, 0, 598, 10, 0, 88)
Node 31: Job(60, Point(73, 96, 0), 9, 0, 598, 10, 0, 81)
Node 32: Job(61, Point(112, 13, 3), 27, 0, 554, 10, 0, 180)
Node 33: Job(63, Point(103, 44, 3), 12, 42, 72, 10, 0, 25)
Node 34: Job(64, Point(97, 12, 3), 10, 0, 561, 10, 0, 27)
Node 35: Job(66, Point(140, 36, 3), 1, 0, 547, 10, 0, 158)
Node 36: Job(67, Point(90, 44, 3), 6, 52, 82, 10, 0, 172)
Node 37: Job(68, Point(113, 32, 3), 36, 144, 174, 10, 0, 116)
Node 38: Job(69, Point(104, 73, 1), 17, 0, 590, 10, 0, 51)
Node 39: Job(75, Point(88, 29, 3), 33, 550, 580, 10, 0, 41)
Node 40: Job(77, Point(10, 111, 0), 21, 0, 552, 10, 0, 198)
Node 41: Job(79, Point(113, 45, 3), 4, 0, 575, 10, 0, 14)
Node 42: Job(103, Point(103, 82, 1), -34, 0, 589, 10, 1, 0)
Node 43: Job(200, Point(95, 135, 1), -8, 401, 431, 10, 2, 0)
Node 44: Job(50, Point(140, 42, 3), -39, 0, 549, 10, 3, 0)
Node 45: Job(173, Point(33, 117, 0), -14, 0, 565, 10, 6, 0)
Node 46: Job(58, Point(5, 99, 0), -16, 0, 553, 10, 12, 0)
Node 47: Job(38, Point(50, 112, 0), -27, 0, 578, 10, 13, 0)
Node 48: Job(70, Point(36, 38, 2), -13, 0, 578, 10, 15, 0)
Node 49: Job(170, Point(136, 123, 1), -24, 319, 349, 10, 16, 0)
Node 50: Job(26, Point(139, 73, 1), -43, 0, 555, 10, 21, 0)
Node 51: Job(110, Point(34, 72, 2), -13, 0, 588, 10, 29, 0)
Node 52: Job(83, Point(51, 92, 0), -8, 0, 595, 10, 30, 0)
Node 53: Job(154, Point(86, 80, 1), -30, 0, 606, 10, 31, 0)
Node 54: Job(186, Point(15, 18, 2), -12, 0, 549, 10, 33, 0)
Node 55: Job(62, Point(55, 127, 0), -7, 0, 566, 10, 34, 0)
Node 56: Job(55, Point(89, 39, 3), -18, 0, 588, 10, 36, 0)
Node 57: Job(82, Point(10, 86, 2), -33, 0, 562, 10, 37, 0)
Node 58: Job(35, Point(82, 100, 1), -12, 0, 592, 10, 40, 0)
Node 59: Job(4, Point(48, 47, 2), -15, 0, 593, 10, 43, 0)
Node 60: Job(137, Point(104, 32, 3), -9, 0, 574, 10, 44, 0)
Node 61: Job(138, Point(55, 102, 0), -23, 0, 589, 10, 45, 0)
Node 62: Job(19, Point(22, 104, 0), -17, 0, 566, 10, 47, 0)
Node 63: Job(148, Point(123, 84, 1), -23, 0, 570, 10, 48, 0)
Node 64: Job(7, Point(86, 40, 3), -9, 0, 590, 10, 49, 0)
Node 65: Job(24, Point(66, 82, 0), -35, 0, 612, 10, 52, 0)
Node 66: Job(76, Point(109, 131, 1), -18, 226, 256, 10, 53, 0)
Node 67: Job(65, Point(16, 62, 2), -32, 0, 570, 10, 54, 0)
Node 68: Job(129, Point(23, 39, 2), -9, 0, 568, 10, 56, 0)
Node 69: Job(97, Point(58, 80, 0), -31, 0, 609, 10, 57, 0)
Node 70: Job(88, Point(69, 116, 0), -26, 0, 578, 10, 59, 0)
Node 71: Job(81, Point(85, 75, 1), -9, 0, 609, 10, 60, 0)
Node 72: Job(180, Point(106, 10, 3), -27, 0, 555, 10, 61, 0)
Node 73: Job(25, Point(107, 25, 3), -12, 0, 566, 10, 63, 0)
Node 74: Job(27, Point(101, 0, 3), -10, 0, 548, 10, 64, 0)
Node 75: Job(158, Point(120, 47, 3), -1, 0, 569, 10, 66, 0)
Node 76: Job(172, Point(120, 52, 3), -6, 374, 404, 10, 67, 0)
Node 77: Job(116, Point(110, 28, 3), -36, 305, 335, 10, 68, 0)
Node 78: Job(51, Point(139, 68, 1), -17, 0, 555, 10, 69, 0)
Node 79: Job(41, Point(81, 36, 3), -33, 0, 589, 10, 75, 0)
Node 80: Job(198, Point(27, 104, 0), -21, 0, 570, 10, 77, 0)
Node 81: Job(14, Point(102, 52, 3), -4, 0, 588, 10, 79, 0)
Node 82: Job(0, Point(70, 70, 0), 0, 0, 634, 0, 0, 0)

### Preprocessing Data ###
	-> arcs: 6724 (100.0%)
	-> arc_removals: 1921 (28.57%)
	-> arc_removals_is_loop: 82 (1.22%)
	-> arc_removals_is_delivery_to_pickup: 42 (0.62%)
	-> arc_removals_is_depot_begin_to_delivery: 40 (0.59%)
	-> arc_removals_is_pickup_to_depot_end: 40 (0.59%)
	-> arc_removals_is_dest_depot_begin: 80 (1.19%)
	-> arc_removals_is_orig_depot_end: 79 (1.17%)
	-> arc_removals_is_capacity_violated: 0 (0.0%)
	-> arc_removals_is_time_window_limited: 806 (11.99%)
	-> arc_removals_is_time_window_pairing_limited: 707 (10.51%)
	-> arc_removals_is_indirect_request_service_impossible: 45 (0.67%)
	-> gamma_vars: 0 (0%)
	-> feas_gamma_vars: 0 (0%)
	-> infeas_gamma_vars_is_next_mtrv_unreachable: 0 (0%)
	-> infeas_gamma_vars_is_iprime_jprime_eq_i_j: 0 (0%)
	-> machine_removal_for_an_arc: 0 (0.0%)
##########################

[02:17:22.957] Print configuration
------------------------------------------------------
"
[02:17:22.957] Running Multi Start Heuristic"
> Experiment started at 2025-10-03T02:17:22.957
> Instance: LR1_2_8_t1_40R_40V_04I_06M
> Algorithm Parameters:


	>Stop params:
		>  - rule ITERATIONS
		>  - argument 60000.0
		>  - maximum_time 3600

	>General params:
		>  - instPath /dados/rmelo/PDPTW-SE/benchmark_multi_island_v5/official_experiments/multistartlp/preliminar/set_01_pt_01/../../../../instances/orig_ams_fg/40R_40V_04I_06M/t1/LR1_2_8/
		>  - name LR1_2_8
		>  - type t1
		>  - group 40R_40V_04I_06M
		>  - fullname LR1_2_8_t1_40R_40V_04I_06M
		>  - methodType heur
		>  - methodCode mslp
		>  - genconfigfile /dados/rmelo/PDPTW-SE/benchmark_multi_island_v5/official_experiments/multistartlp/preliminar/set_01_pt_01/configs/genconfig_mslp.conf
		>  - genconfigfilename genconfig_mslp
		>  - greedy_service_order random
		>  - cutoff 0
		>  - cutoffmachs 6
		>  - num_machs 0
		>  - solver Gurobi
		>  - maxtime 3600
		>  - gurobiCuts 1
		>  - typeUserCut 0
		>  - mipPresolve -1
		>  - printsol 1
		>  - maxnodes -1
		>  - elevator 0
		>  - make_instance_feasible false
		>  - output /dados/rmelo/PDPTW-SE/benchmark_multi_island_v5/official_experiments/multistartlp/preliminar/set_01_pt_01/logs
		>  - suff_outputs _seed_24_alpha_05p
		>  - suff_csv _bash_1
		>  - epsilon 0.005
		>  - epsilonCap 0.5
		>  - warmStart false
		>  - seed 24
		>  - rng Random.MersenneTwister(24)
		>  - alpha 0.05
		>  - maxiter 1000000
		>  - outputFlagGrbMIP 0
		>  - outputFlagGrbMSLP 0
		>  - outputFlagGrbLMNS 0
		>  - mslpr I
		>  - mslpa 60000
		>  - lmnsr M
		>  - lmnsa 60
		>  - lmnsRepairTime 30.0
		>  - lmnsMIPFocus 0
		>  - lmnsGapToBiggerDestruction 50
		>  - lmnsGapToSmallerDestruction 95
		>  - lmnsWeightShawDistProx 1.0
		>  - lmnsWeightShawEarlProx 1.0
		>  - lmnsWeightShawSameRoute 1.0
		>  - lmnsWeightShawDemandSim 1.0
		>  - lmnsReqRApplyMIPStart true
		>  - lmnsAcceptanceCriteria H
		>  - lmnsMetropolisTemp 100.0
		>  - lmnsSimulatedAnnealingTemp 100.0
		>  - lmnsSimulatedAnnealingCool 0.95
		>  - mipmaxtime 3600
		>  - csvfilename /dados/rmelo/PDPTW-SE/benchmark_multi_island_v5/official_experiments/multistartlp/preliminar/set_01_pt_01/logs/heur_mslp/outputs/csvresults_heur_mslp_bash_1.csv
		>  - solfilename /dados/rmelo/PDPTW-SE/benchmark_multi_island_v5/official_experiments/multistartlp/preliminar/set_01_pt_01/logs/heur_mslp/solutions/40R_40V_04I_06M/LR1_2_8_sol_genconfig_mslp_seed_24_alpha_05p.txt
		>  - timelineFilename /dados/rmelo/PDPTW-SE/benchmark_multi_island_v5/official_experiments/multistartlp/preliminar/set_01_pt_01/logs/heur_mslp/timelines/40R_40V_04I_06M/LR1_2_8_timeline_genconfig_mslp_seed_24_alpha_05p.txt
		>  - grbFilename /dados/rmelo/PDPTW-SE/benchmark_multi_island_v5/official_experiments/multistartlp/preliminar/set_01_pt_01/logs/heur_mslp/gurobi/40R_40V_04I_06M/LR1_2_8_grb_genconfig_mslp_seed_24_alpha_05p.log
		>  - threads 1
		>  - solverMethod AUTOMATIC

------------------------------------------------------
objValue;greedysol;iteration;time
4268.33;4281.05;1;0.027302
3972.75;4142.23;5;0.475154
3779.39;3847.44;13;0.687269
3760.80;3876.70;104;3.664073
3707.32;3743.70;164;5.491545
3496.72;3498.36;1118;33.863561
3418.95;3443.89;5757;172.979819
3372.87;3389.32;24572;737.264669
3364.00;3412.22;35428;1061.595474
3211.62;3265.37;50066;1500.649205

[02:47:22.104] Finished running MSLP

[02:47:22.104] Post running MSLP
Best solution value: 3211.62
Total time elapsed: 1799.043451
Time to best: 1500.649205
Iterations: 60000
Iterations to best: 50066
Improvements: 10
Infeasible solutions percentage: (15848 / 60000) = 26.4133 %
(LP improvements)/(LP runs) = 44135/44152 = 99.9615 %
Mean LP improvement percentage: 2.4332 %
[02:47:22.427] Writing results to CSV file: /dados/rmelo/PDPTW-SE/benchmark_multi_island_v5/official_experiments/multistartlp/preliminar/set_01_pt_01/logs/heur_mslp/outputs/csvresults_heur_mslp_bash_1.csv

[02:47:24.426] Saving solution to file:/dados/rmelo/PDPTW-SE/benchmark_multi_island_v5/official_experiments/multistartlp/preliminar/set_01_pt_01/logs/heur_mslp/solutions/40R_40V_04I_06M/LR1_2_8_sol_genconfig_mslp_seed_24_alpha_05p.txt

[02:47:24.426] Saving solution timeline to file: /dados/rmelo/PDPTW-SE/benchmark_multi_island_v5/official_experiments/multistartlp/preliminar/set_01_pt_01/logs/heur_mslp/timelines/40R_40V_04I_06M/LR1_2_8_timeline_genconfig_mslp_seed_24_alpha_05p.txt
---------------------| VEHICLES |---------------------

Vehicle 1 :
	id: 0
		node: 1
		(x, y, z): (70, 70, 0)
		dem: 0
		earl: 0
		lat: 634
		servt: 0
		pid: 0
		did: 0
		servST: 16.04999999999999
		(h, h_ind): (-1, 0)
		load: 0.0

	Finished service at time: 16.04999999999999

	Task 0 -> Task 60: 26.17
	Vehicle arrival at task: 42.21999999999999
	Waiting time until service start time: 0.0

	id: 60
		node: 31
		(x, y, z): (73, 96, 0)
		dem: 9
		earl: 0
		lat: 598
		servt: 10
		pid: 0
		did: 81
		servST: 42.21999999999999
		(h, h_ind): (-1, 0)
		load: 9.0

	Finished service at time: 52.21999999999999

	Task 60 -> Task 13: 35.23
	Vehicle arrival at task: 87.44999999999999
	Waiting time until service start time: 0.0

	id: 13
		node: 7
		(x, y, z): (44, 116, 0)
		dem: 27
		earl: 0
		lat: 572
		servt: 10
		pid: 0
		did: 38
		servST: 87.44999999999999
		(h, h_ind): (-1, 0)
		load: 36.0

	Finished service at time: 97.44999999999999

	Task 13 -> Task 38: 7.21
	Vehicle arrival at task: 104.65999999999998
	Waiting time until service start time: 0.0

	id: 38
		node: 47
		(x, y, z): (50, 112, 0)
		dem: -27
		earl: 0
		lat: 578
		servt: 10
		pid: 13
		did: 0
		servST: 104.66
		(h, h_ind): (-1, 0)
		load: 9.0

	Finished service at time: 114.66

	Using Machine: 4
		Task 38 -> Machine 4 (Station 1): 41.68
		Vehicle arrival at machine station: 156.34
		Waiting time until machine travel: 0.0

		Machine travel start time: 156.34
		Region 0 -> Region 1: 13.6
		Machine arrival at machine station: 169.94

		Machine 4 (Station 2)-> Task 81: 5.1
		Vehicle arrival at task: 175.04
		Waiting time until service start time: 0.0

	id: 81
		node: 71
		(x, y, z): (85, 75, 1)
		dem: -9
		earl: 0
		lat: 609
		servt: 10
		pid: 60
		did: 0
		servST: 175.04
		(h, h_ind): (4, 1)
		load: 0.0

	Finished service at time: 185.04

	Task 81 -> Task 53: 47.54
	Vehicle arrival at task: 232.57999999999998
	Waiting time until service start time: 0.0

	id: 53
		node: 26
		(x, y, z): (103, 119, 1)
		dem: 18
		earl: 0
		lat: 565
		servt: 10
		pid: 0
		did: 76
		servST: 232.57999999999998
		(h, h_ind): (-1, 0)
		load: 18.0

	Finished service at time: 242.57999999999998

	Task 53 -> Task 76: 13.42
	Vehicle arrival at task: 255.99999999999997
	Waiting time until service start time: 0.0

	id: 76
		node: 66
		(x, y, z): (109, 131, 1)
		dem: -18
		earl: 226
		lat: 256
		servt: 10
		pid: 53
		did: 0
		servST: 256.0
		(h, h_ind): (-1, 0)
		load: 0.0

	Finished service at time: 266.0

	Task 76 -> Task 16: 23.09
	Vehicle arrival at task: 289.09
	Waiting time until service start time: 9.14

	id: 16
		node: 9
		(x, y, z): (132, 133, 1)
		dem: 24
		earl: 0
		lat: 536
		servt: 10
		pid: 0
		did: 170
		servST: 298.23
		(h, h_ind): (-1, 0)
		load: 24.0

	Finished service at time: 308.23

	Task 16 -> Task 170: 10.77
	Vehicle arrival at task: 319.0
	Waiting time until service start time: 0.0

	id: 170
		node: 49
		(x, y, z): (136, 123, 1)
		dem: -24
		earl: 319
		lat: 349
		servt: 10
		pid: 16
		did: 0
		servST: 319.0
		(h, h_ind): (-1, 0)
		load: 0.0

	Finished service at time: 329.0

	Task 170 -> Task 2: 31.38
	Vehicle arrival at task: 360.38
	Waiting time until service start time: 16.06

	id: 2
		node: 3
		(x, y, z): (109, 139, 1)
		dem: 8
		earl: 0
		lat: 545
		servt: 10
		pid: 0
		did: 200
		servST: 376.44
		(h, h_ind): (-1, 0)
		load: 8.0

	Finished service at time: 386.44

	Task 2 -> Task 200: 14.56
	Vehicle arrival at task: 401.0
	Waiting time until service start time: 0.0

	id: 200
		node: 43
		(x, y, z): (95, 135, 1)
		dem: -8
		earl: 401
		lat: 431
		servt: 10
		pid: 2
		did: 0
		servST: 401.0
		(h, h_ind): (-1, 0)
		load: 0.0

	Finished service at time: 411.0

	Task 200 -> Task 40: 4.24
	Vehicle arrival at task: 415.24
	Waiting time until service start time: 0.0

	id: 40
		node: 18
		(x, y, z): (92, 138, 1)
		dem: 12
		earl: 402
		lat: 432
		servt: 10
		pid: 0
		did: 35
		servST: 415.24
		(h, h_ind): (-1, 0)
		load: 12.0

	Finished service at time: 425.24

	Task 40 -> Task 35: 39.29
	Vehicle arrival at task: 464.53000000000003
	Waiting time until service start time: 0.0

	id: 35
		node: 58
		(x, y, z): (82, 100, 1)
		dem: -12
		earl: 0
		lat: 592
		servt: 10
		pid: 40
		did: 0
		servST: 464.53000000000003
		(h, h_ind): (-1, 0)
		load: 0.0

	Finished service at time: 474.53000000000003

	Using Machine: 2
		Task 35 -> Machine 2 (Station 2): 22.2
		Vehicle arrival at machine station: 496.73
		Waiting time until machine travel: 4.18

		Machine travel start time: 500.91
		Region 1 -> Region 3: 37.05
		Machine arrival at machine station: 537.96

		Machine 2 (Station 4)-> Task 75: 12.04
		Vehicle arrival at task: 550.0
		Waiting time until service start time: 0.0

	id: 75
		node: 39
		(x, y, z): (88, 29, 3)
		dem: 33
		earl: 550
		lat: 580
		servt: 10
		pid: 0
		did: 41
		servST: 550.0
		(h, h_ind): (2, 2)
		load: 33.0

	Finished service at time: 560.0

	Task 75 -> Task 41: 9.9
	Vehicle arrival at task: 569.9
	Waiting time until service start time: 0.0

	id: 41
		node: 79
		(x, y, z): (81, 36, 3)
		dem: -33
		earl: 0
		lat: 589
		servt: 10
		pid: 75
		did: 0
		servST: 569.9
		(h, h_ind): (-1, 0)
		load: 0.0

	Finished service at time: 579.9

	Using Machine: 1
		Task 41 -> Machine 1 (Station 4): 8.49
		Vehicle arrival at machine station: 588.39
		Waiting time until machine travel: 0.0

		Machine travel start time: 588.39
		Region 3 -> Region 0: 35.23
		Machine arrival at machine station: 623.62

		Machine 1 (Station 1)-> Task 0: 3.16
		Vehicle arrival at task: 626.78
		Waiting time until service start time: 0.0

	id: 0
		node: 82
		(x, y, z): (70, 70, 0)
		dem: 0
		earl: 0
		lat: 634
		servt: 0
		pid: 0
		did: 0
		servST: 626.78
		(h, h_ind): (1, 4)
		load: 0.0


Vehicle 11 :
	id: 0
		node: 1
		(x, y, z): (70, 70, 0)
		dem: 0
		earl: 0
		lat: 634
		servt: 0
		pid: 0
		did: 0
		servST: 4.799999999999958
		(h, h_ind): (-1, 0)
		load: 0.0

	Finished service at time: 4.799999999999958

	Using Machine: 1
		Task 0 -> Machine 1 (Station 1): 3.16
		Vehicle arrival at machine station: 7.959999999999958
		Waiting time until machine travel: 0.0

		Machine travel start time: 7.959999999999958
		Region 0 -> Region 2: 30.89
		Machine arrival at machine station: 38.84999999999996

		Machine 1 (Station 3)-> Task 15: 13.6
		Vehicle arrival at task: 52.44999999999996
		Waiting time until service start time: 0.0

	id: 15
		node: 8
		(x, y, z): (41, 36, 2)
		dem: 13
		earl: 51
		lat: 81
		servt: 10
		pid: 0
		did: 70
		servST: 52.44999999999996
		(h, h_ind): (1, 1)
		load: 13.0

	Finished service at time: 62.44999999999996

	Task 15 -> Task 70: 5.39
	Vehicle arrival at task: 67.83999999999996
	Waiting time until service start time: 0.0

	id: 70
		node: 48
		(x, y, z): (36, 38, 2)
		dem: -13
		earl: 0
		lat: 578
		servt: 10
		pid: 15
		did: 0
		servST: 67.83999999999996
		(h, h_ind): (-1, 0)
		load: 0.0

	Finished service at time: 77.83999999999996

	Task 70 -> Task 33: 18.03
	Vehicle arrival at task: 95.86999999999996
	Waiting time until service start time: 0.0

	id: 33
		node: 14
		(x, y, z): (30, 21, 2)
		dem: 12
		earl: 0
		lat: 561
		servt: 10
		pid: 0
		did: 186
		servST: 95.86999999999996
		(h, h_ind): (-1, 0)
		load: 12.0

	Finished service at time: 105.86999999999996

	Task 33 -> Task 186: 15.3
	Vehicle arrival at task: 121.16999999999996
	Waiting time until service start time: 0.0

	id: 186
		node: 54
		(x, y, z): (15, 18, 2)
		dem: -12
		earl: 0
		lat: 549
		servt: 10
		pid: 33
		did: 0
		servST: 121.16999999999996
		(h, h_ind): (-1, 0)
		load: 0.0

	Finished service at time: 131.16999999999996

	Task 186 -> Task 43: 30.07
	Vehicle arrival at task: 161.23999999999995
	Waiting time until service start time: 0.0

	id: 43
		node: 19
		(x, y, z): (13, 48, 2)
		dem: 15
		earl: 0
		lat: 563
		servt: 10
		pid: 0
		did: 4
		servST: 161.23999999999995
		(h, h_ind): (-1, 0)
		load: 15.0

	Finished service at time: 171.23999999999995

	Task 43 -> Task 37: 34.66
	Vehicle arrival at task: 205.89999999999995
	Waiting time until service start time: 0.0

	id: 37
		node: 17
		(x, y, z): (37, 73, 2)
		dem: 33
		earl: 0
		lat: 591
		servt: 10
		pid: 0
		did: 82
		servST: 205.89999999999995
		(h, h_ind): (-1, 0)
		load: 48.0

	Finished service at time: 215.89999999999995

	Task 37 -> Task 82: 29.97
	Vehicle arrival at task: 245.86999999999995
	Waiting time until service start time: 0.0

	id: 82
		node: 57
		(x, y, z): (10, 86, 2)
		dem: -33
		earl: 0
		lat: 562
		servt: 10
		pid: 37
		did: 0
		servST: 245.86999999999995
		(h, h_ind): (-1, 0)
		load: 15.0

	Finished service at time: 255.86999999999995

	Task 82 -> Task 47: 2.24
	Vehicle arrival at task: 258.10999999999996
	Waiting time until service start time: 0.0

	id: 47
		node: 22
		(x, y, z): (8, 87, 2)
		dem: 17
		earl: 0
		lat: 560
		servt: 10
		pid: 0
		did: 19
		servST: 258.10999999999996
		(h, h_ind): (-1, 0)
		load: 32.0

	Finished service at time: 268.10999999999996

	Task 47 -> Task 12: 5.0
	Vehicle arrival at task: 273.10999999999996
	Waiting time until service start time: 0.0

	id: 12
		node: 6
		(x, y, z): (12, 84, 2)
		dem: 16
		earl: 0
		lat: 565
		servt: 10
		pid: 0
		did: 58
		servST: 273.10999999999996
		(h, h_ind): (-1, 0)
		load: 48.0

	Finished service at time: 283.10999999999996

	Task 12 -> Task 4: 51.62
	Vehicle arrival at task: 334.72999999999996
	Waiting time until service start time: 0.0

	id: 4
		node: 59
		(x, y, z): (48, 47, 2)
		dem: -15
		earl: 0
		lat: 593
		servt: 10
		pid: 43
		did: 0
		servST: 334.72999999999996
		(h, h_ind): (-1, 0)
		load: 33.0

	Finished service at time: 344.72999999999996

	Using Machine: 4
		Task 4 -> Machine 4 (Station 3): 2.83
		Vehicle arrival at machine station: 347.55999999999995
		Waiting time until machine travel: 0.0

		Machine travel start time: 347.55999999999995
		Region 2 -> Region 0: 34.21
		Machine arrival at machine station: 381.7699999999999

		Machine 4 (Station 1)-> Task 45: 13.6
		Vehicle arrival at task: 395.36999999999995
		Waiting time until service start time: 0.0

	id: 45
		node: 21
		(x, y, z): (60, 84, 0)
		dem: 23
		earl: 0
		lat: 607
		servt: 10
		pid: 0
		did: 138
		servST: 395.36999999999995
		(h, h_ind): (4, 2)
		load: 56.0

	Finished service at time: 405.36999999999995

	Task 45 -> Task 19: 42.94
	Vehicle arrival at task: 448.30999999999995
	Waiting time until service start time: 0.0

	id: 19
		node: 62
		(x, y, z): (22, 104, 0)
		dem: -17
		earl: 0
		lat: 566
		servt: 10
		pid: 47
		did: 0
		servST: 448.30999999999995
		(h, h_ind): (-1, 0)
		load: 39.0

	Finished service at time: 458.30999999999995

	Task 19 -> Task 58: 17.72
	Vehicle arrival at task: 476.03
	Waiting time until service start time: 0.0

	id: 58
		node: 46
		(x, y, z): (5, 99, 0)
		dem: -16
		earl: 0
		lat: 553
		servt: 10
		pid: 12
		did: 0
		servST: 476.03
		(h, h_ind): (-1, 0)
		load: 23.0

	Finished service at time: 486.03

	Task 58 -> Task 77: 13.0
	Vehicle arrival at task: 499.03
	Waiting time until service start time: 0.0

	id: 77
		node: 40
		(x, y, z): (10, 111, 0)
		dem: 21
		earl: 0
		lat: 552
		servt: 10
		pid: 0
		did: 198
		servST: 499.03
		(h, h_ind): (-1, 0)
		load: 44.0

	Finished service at time: 509.03

	Task 77 -> Task 198: 18.38
	Vehicle arrival at task: 527.41
	Waiting time until service start time: 0.0

	id: 198
		node: 80
		(x, y, z): (27, 104, 0)
		dem: -21
		earl: 0
		lat: 570
		servt: 10
		pid: 77
		did: 0
		servST: 527.41
		(h, h_ind): (-1, 0)
		load: 23.0

	Finished service at time: 537.41

	Task 198 -> Task 57: 12.65
	Vehicle arrival at task: 550.06
	Waiting time until service start time: 0.0

	id: 57
		node: 29
		(x, y, z): (39, 100, 0)
		dem: 31
		earl: 0
		lat: 581
		servt: 10
		pid: 0
		did: 97
		servST: 550.06
		(h, h_ind): (-1, 0)
		load: 54.0

	Finished service at time: 560.06

	Task 57 -> Task 138: 16.12
	Vehicle arrival at task: 576.18
	Waiting time until service start time: 0.0

	id: 138
		node: 61
		(x, y, z): (55, 102, 0)
		dem: -23
		earl: 0
		lat: 589
		servt: 10
		pid: 45
		did: 0
		servST: 576.18
		(h, h_ind): (-1, 0)
		load: 31.0

	Finished service at time: 586.18

	Task 138 -> Task 97: 22.2
	Vehicle arrival at task: 608.38
	Waiting time until service start time: 0.0

	id: 97
		node: 69
		(x, y, z): (58, 80, 0)
		dem: -31
		earl: 0
		lat: 609
		servt: 10
		pid: 57
		did: 0
		servST: 608.38
		(h, h_ind): (-1, 0)
		load: 0.0

	Finished service at time: 618.38

	Task 97 -> Task 0: 15.62
	Vehicle arrival at task: 634.0
	Waiting time until service start time: 0.0

	id: 0
		node: 82
		(x, y, z): (70, 70, 0)
		dem: 0
		earl: 0
		lat: 634
		servt: 0
		pid: 0
		did: 0
		servST: 634.0
		(h, h_ind): (-1, 0)
		load: 0.0


Vehicle 29 :
	id: 0
		node: 1
		(x, y, z): (70, 70, 0)
		dem: 0
		earl: 0
		lat: 634
		servt: 0
		pid: 0
		did: 0
		servST: 17.01999999999999
		(h, h_ind): (-1, 0)
		load: 0.0

	Finished service at time: 17.01999999999999

	Using Machine: 0
		Task 0 -> Machine 0 (Station 1): 3.0
		Vehicle arrival at machine station: 20.01999999999999
		Waiting time until machine travel: 0.0

		Machine travel start time: 20.01999999999999
		Region 0 -> Region 3: 35.85
		Machine arrival at machine station: 55.86999999999999

		Machine 0 (Station 4)-> Task 67: 2.83
		Vehicle arrival at task: 58.69999999999999
		Waiting time until service start time: 0.0

	id: 67
		node: 36
		(x, y, z): (90, 44, 3)
		dem: 6
		earl: 52
		lat: 82
		servt: 10
		pid: 0
		did: 172
		servST: 58.69999999999999
		(h, h_ind): (0, 1)
		load: 6.0

	Finished service at time: 68.69999999999999

	Task 67 -> Task 79: 23.02
	Vehicle arrival at task: 91.71999999999998
	Waiting time until service start time: 0.0

	id: 79
		node: 41
		(x, y, z): (113, 45, 3)
		dem: 4
		earl: 0
		lat: 575
		servt: 10
		pid: 0
		did: 14
		servST: 91.71999999999998
		(h, h_ind): (-1, 0)
		load: 10.0

	Finished service at time: 101.71999999999998

	Task 79 -> Task 64: 36.67
	Vehicle arrival at task: 138.39
	Waiting time until service start time: 0.0

	id: 64
		node: 34
		(x, y, z): (97, 12, 3)
		dem: 10
		earl: 0
		lat: 561
		servt: 10
		pid: 0
		did: 27
		servST: 138.39
		(h, h_ind): (-1, 0)
		load: 20.0

	Finished service at time: 148.39

	Task 64 -> Task 68: 25.61
	Vehicle arrival at task: 174.0
	Waiting time until service start time: 0.0

	id: 68
		node: 37
		(x, y, z): (113, 32, 3)
		dem: 36
		earl: 144
		lat: 174
		servt: 10
		pid: 0
		did: 116
		servST: 174.0
		(h, h_ind): (-1, 0)
		load: 56.0

	Finished service at time: 184.0

	Task 68 -> Task 49: 28.28
	Vehicle arrival at task: 212.28
	Waiting time until service start time: 0.0

	id: 49
		node: 24
		(x, y, z): (117, 4, 3)
		dem: 9
		earl: 0
		lat: 543
		servt: 10
		pid: 0
		did: 7
		servST: 212.28
		(h, h_ind): (-1, 0)
		load: 65.0

	Finished service at time: 222.28

	Task 49 -> Task 27: 16.49
	Vehicle arrival at task: 238.77
	Waiting time until service start time: 0.0

	id: 27
		node: 74
		(x, y, z): (101, 0, 3)
		dem: -10
		earl: 0
		lat: 548
		servt: 10
		pid: 64
		did: 0
		servST: 238.77
		(h, h_ind): (-1, 0)
		load: 55.0

	Finished service at time: 248.77

	Task 27 -> Task 44: 37.0
	Vehicle arrival at task: 285.77
	Waiting time until service start time: 1.61

	id: 44
		node: 20
		(x, y, z): (113, 35, 3)
		dem: 9
		earl: 0
		lat: 569
		servt: 10
		pid: 0
		did: 137
		servST: 287.38
		(h, h_ind): (-1, 0)
		load: 64.0

	Finished service at time: 297.38

	Task 44 -> Task 116: 7.62
	Vehicle arrival at task: 305.0
	Waiting time until service start time: 0.0

	id: 116
		node: 77
		(x, y, z): (110, 28, 3)
		dem: -36
		earl: 305
		lat: 335
		servt: 10
		pid: 68
		did: 0
		servST: 305.0
		(h, h_ind): (-1, 0)
		load: 28.0

	Finished service at time: 315.0

	Task 116 -> Task 137: 7.21
	Vehicle arrival at task: 322.21
	Waiting time until service start time: 0.0

	id: 137
		node: 60
		(x, y, z): (104, 32, 3)
		dem: -9
		earl: 0
		lat: 574
		servt: 10
		pid: 44
		did: 0
		servST: 322.21
		(h, h_ind): (-1, 0)
		load: 19.0

	Finished service at time: 332.21

	Task 137 -> Task 14: 20.1
	Vehicle arrival at task: 352.31
	Waiting time until service start time: 0.0

	id: 14
		node: 81
		(x, y, z): (102, 52, 3)
		dem: -4
		earl: 0
		lat: 588
		servt: 10
		pid: 79
		did: 0
		servST: 352.31
		(h, h_ind): (-1, 0)
		load: 15.0

	Finished service at time: 362.31

	Task 14 -> Task 172: 18.0
	Vehicle arrival at task: 380.31
	Waiting time until service start time: 0.0

	id: 172
		node: 76
		(x, y, z): (120, 52, 3)
		dem: -6
		earl: 374
		lat: 404
		servt: 10
		pid: 67
		did: 0
		servST: 380.31
		(h, h_ind): (-1, 0)
		load: 9.0

	Finished service at time: 390.31

	Task 172 -> Task 7: 36.06
	Vehicle arrival at task: 426.37
	Waiting time until service start time: 0.0

	id: 7
		node: 64
		(x, y, z): (86, 40, 3)
		dem: -9
		earl: 0
		lat: 590
		servt: 10
		pid: 49
		did: 0
		servST: 426.37
		(h, h_ind): (-1, 0)
		load: 0.0

	Finished service at time: 436.37

	Using Machine: 1
		Task 7 -> Machine 1 (Station 4): 2.24
		Vehicle arrival at machine station: 438.61
		Waiting time until machine travel: 0.0

		Machine travel start time: 438.61
		Region 3 -> Region 1: 32.14
		Machine arrival at machine station: 470.75

		Machine 1 (Station 2)-> Task 48: 40.46
		Vehicle arrival at task: 511.21
		Waiting time until service start time: 0.0

	id: 48
		node: 23
		(x, y, z): (116, 105, 1)
		dem: 23
		earl: 0
		lat: 567
		servt: 10
		pid: 0
		did: 148
		servST: 511.21000000000004
		(h, h_ind): (1, 3)
		load: 23.0

	Finished service at time: 521.21

	Task 48 -> Task 148: 22.14
	Vehicle arrival at task: 543.35
	Waiting time until service start time: 0.0

	id: 148
		node: 63
		(x, y, z): (123, 84, 1)
		dem: -23
		earl: 0
		lat: 570
		servt: 10
		pid: 48
		did: 0
		servST: 543.35
		(h, h_ind): (-1, 0)
		load: 0.0

	Finished service at time: 553.35

	Task 148 -> Task 31: 8.25
	Vehicle arrival at task: 561.6
	Waiting time until service start time: 0.0

	id: 31
		node: 13
		(x, y, z): (115, 82, 1)
		dem: 30
		earl: 0
		lat: 578
		servt: 10
		pid: 0
		did: 154
		servST: 561.6
		(h, h_ind): (-1, 0)
		load: 30.0

	Finished service at time: 571.6

	Task 31 -> Task 154: 29.07
	Vehicle arrival at task: 600.6700000000001
	Waiting time until service start time: 0.0

	id: 154
		node: 53
		(x, y, z): (86, 80, 1)
		dem: -30
		earl: 0
		lat: 606
		servt: 10
		pid: 31
		did: 0
		servST: 600.6700000000001
		(h, h_ind): (-1, 0)
		load: 0.0

	Finished service at time: 610.6700000000001

	Using Machine: 3
		Task 154 -> Machine 3 (Station 2): 1.41
		Vehicle arrival at machine station: 612.08
		Waiting time until machine travel: 0.0

		Machine travel start time: 612.08
		Region 1 -> Region 0: 14.56
		Machine arrival at machine station: 626.64

		Machine 3 (Station 1)-> Task 0: 5.1
		Vehicle arrival at task: 631.74
		Waiting time until service start time: 0.0

	id: 0
		node: 82
		(x, y, z): (70, 70, 0)
		dem: 0
		earl: 0
		lat: 634
		servt: 0
		pid: 0
		did: 0
		servST: 631.74
		(h, h_ind): (3, 2)
		load: 0.0


Vehicle 32 :
	id: 0
		node: 1
		(x, y, z): (70, 70, 0)
		dem: 0
		earl: 0
		lat: 634
		servt: 0
		pid: 0
		did: 0
		servST: 0.0
		(h, h_ind): (-1, 0)
		load: 0.0

	Finished service at time: 0.0

	Using Machine: 2
		Task 0 -> Machine 2 (Station 1): 4.0
		Vehicle arrival at machine station: 4.0
		Waiting time until machine travel: 0.0

		Machine travel start time: 4.0
		Region 0 -> Region 3: 37.12
		Machine arrival at machine station: 41.12

		Machine 2 (Station 4)-> Task 63: 16.28
		Vehicle arrival at task: 57.4
		Waiting time until service start time: 0.0

	id: 63
		node: 33
		(x, y, z): (103, 44, 3)
		dem: 12
		earl: 42
		lat: 72
		servt: 10
		pid: 0
		did: 25
		servST: 57.4
		(h, h_ind): (2, 1)
		load: 12.0

	Finished service at time: 67.4

	Task 63 -> Task 36: 14.87
	Vehicle arrival at task: 82.27000000000001
	Waiting time until service start time: -0.0

	id: 36
		node: 16
		(x, y, z): (108, 30, 3)
		dem: 18
		earl: 0
		lat: 569
		servt: 10
		pid: 0
		did: 55
		servST: 82.27
		(h, h_ind): (-1, 0)
		load: 30.0

	Finished service at time: 92.27

	Task 36 -> Task 25: 5.1
	Vehicle arrival at task: 97.36999999999999
	Waiting time until service start time: 0.0

	id: 25
		node: 73
		(x, y, z): (107, 25, 3)
		dem: -12
		earl: 0
		lat: 566
		servt: 10
		pid: 63
		did: 0
		servST: 97.36999999999999
		(h, h_ind): (-1, 0)
		load: 18.0

	Finished service at time: 107.36999999999999

	Task 25 -> Task 3: 13.34
	Vehicle arrival at task: 120.71
	Waiting time until service start time: 0.0

	id: 3
		node: 4
		(x, y, z): (120, 22, 3)
		dem: 39
		earl: 114
		lat: 144
		servt: 10
		pid: 0
		did: 50
		servST: 120.71
		(h, h_ind): (-1, 0)
		load: 57.0

	Finished service at time: 130.70999999999998

	Task 3 -> Task 61: 12.04
	Vehicle arrival at task: 142.74999999999997
	Waiting time until service start time: 0.0

	id: 61
		node: 32
		(x, y, z): (112, 13, 3)
		dem: 27
		earl: 0
		lat: 554
		servt: 10
		pid: 0
		did: 180
		servST: 142.75
		(h, h_ind): (-1, 0)
		load: 84.0

	Finished service at time: 152.75

	Task 61 -> Task 180: 6.71
	Vehicle arrival at task: 159.46
	Waiting time until service start time: 0.0

	id: 180
		node: 72
		(x, y, z): (106, 10, 3)
		dem: -27
		earl: 0
		lat: 555
		servt: 10
		pid: 61
		did: 0
		servST: 159.46
		(h, h_ind): (-1, 0)
		load: 57.0

	Finished service at time: 169.46

	Task 180 -> Task 66: 42.8
	Vehicle arrival at task: 212.26
	Waiting time until service start time: 0.0

	id: 66
		node: 35
		(x, y, z): (140, 36, 3)
		dem: 1
		earl: 0
		lat: 547
		servt: 10
		pid: 0
		did: 158
		servST: 212.26
		(h, h_ind): (-1, 0)
		load: 58.0

	Finished service at time: 222.26

	Task 66 -> Task 50: 6.0
	Vehicle arrival at task: 228.26
	Waiting time until service start time: 0.0

	id: 50
		node: 44
		(x, y, z): (140, 42, 3)
		dem: -39
		earl: 0
		lat: 549
		servt: 10
		pid: 3
		did: 0
		servST: 228.26
		(h, h_ind): (-1, 0)
		load: 19.0

	Finished service at time: 238.26

	Task 50 -> Task 158: 20.62
	Vehicle arrival at task: 258.88
	Waiting time until service start time: 0.0

	id: 158
		node: 75
		(x, y, z): (120, 47, 3)
		dem: -1
		earl: 0
		lat: 569
		servt: 10
		pid: 66
		did: 0
		servST: 258.88
		(h, h_ind): (-1, 0)
		load: 18.0

	Finished service at time: 268.88

	Task 158 -> Task 55: 32.02
	Vehicle arrival at task: 300.9
	Waiting time until service start time: 0.0

	id: 55
		node: 56
		(x, y, z): (89, 39, 3)
		dem: -18
		earl: 0
		lat: 588
		servt: 10
		pid: 36
		did: 0
		servST: 300.9
		(h, h_ind): (-1, 0)
		load: 0.0

	Finished service at time: 310.9

	Using Machine: 5
		Task 55 -> Machine 5 (Station 4): 4.0
		Vehicle arrival at machine station: 314.9
		Waiting time until machine travel: 0.0

		Machine travel start time: 314.9
		Region 3 -> Region 2: 37.95
		Machine arrival at machine station: 352.84999999999997

		Machine 5 (Station 3)-> Task 29: 34.13
		Vehicle arrival at task: 386.97999999999996
		Waiting time until service start time: 0.0

	id: 29
		node: 11
		(x, y, z): (20, 69, 2)
		dem: 13
		earl: 378
		lat: 408
		servt: 10
		pid: 0
		did: 110
		servST: 386.98
		(h, h_ind): (5, 1)
		load: 13.0

	Finished service at time: 396.98

	Task 29 -> Task 110: 14.32
	Vehicle arrival at task: 411.3
	Waiting time until service start time: 0.0

	id: 110
		node: 51
		(x, y, z): (34, 72, 2)
		dem: -13
		earl: 0
		lat: 588
		servt: 10
		pid: 29
		did: 0
		servST: 411.3
		(h, h_ind): (-1, 0)
		load: 0.0

	Finished service at time: 421.3

	Using Machine: 5
		Task 110 -> Machine 5 (Station 3): 25.81
		Vehicle arrival at machine station: 447.11
		Waiting time until machine travel: 0.0

		Machine travel start time: 447.11
		Region 2 -> Region 0: 34.83
		Machine arrival at machine station: 481.94

		Machine 5 (Station 1)-> Task 52: 21.4
		Vehicle arrival at task: 503.34
		Waiting time until service start time: 0.0

	id: 52
		node: 25
		(x, y, z): (58, 95, 0)
		dem: 35
		earl: 485
		lat: 515
		servt: 10
		pid: 0
		did: 24
		servST: 503.34000000000003
		(h, h_ind): (5, 2)
		load: 35.0

	Finished service at time: 513.34

	Task 52 -> Task 24: 15.26
	Vehicle arrival at task: 528.6
	Waiting time until service start time: 0.0

	id: 24
		node: 65
		(x, y, z): (66, 82, 0)
		dem: -35
		earl: 0
		lat: 612
		servt: 10
		pid: 52
		did: 0
		servST: 528.6
		(h, h_ind): (-1, 0)
		load: 0.0

	Finished service at time: 538.6

	Task 24 -> Task 0: 12.65
	Vehicle arrival at task: 551.25
	Waiting time until service start time: 0.0

	id: 0
		node: 82
		(x, y, z): (70, 70, 0)
		dem: 0
		earl: 0
		lat: 634
		servt: 0
		pid: 0
		did: 0
		servST: 551.25
		(h, h_ind): (-1, 0)
		load: 0.0


Vehicle 38 :
	id: 0
		node: 1
		(x, y, z): (70, 70, 0)
		dem: 0
		earl: 0
		lat: 634
		servt: 0
		pid: 0
		did: 0
		servST: 0.0
		(h, h_ind): (-1, 0)
		load: 0.0

	Finished service at time: 0.0

	Using Machine: 3
		Task 0 -> Machine 3 (Station 1): 5.1
		Vehicle arrival at machine station: 5.1
		Waiting time until machine travel: 0.0

		Machine travel start time: 5.1
		Region 0 -> Region 2: 34.41
		Machine arrival at machine station: 39.51

		Machine 3 (Station 3)-> Task 56: 6.71
		Vehicle arrival at task: 46.22
		Waiting time until service start time: 0.0

	id: 56
		node: 28
		(x, y, z): (54, 41, 2)
		dem: 9
		earl: 0
		lat: 591
		servt: 10
		pid: 0
		did: 129
		servST: 46.22
		(h, h_ind): (3, 1)
		load: 9.0

	Finished service at time: 56.22

	Task 56 -> Task 54: 24.6
	Vehicle arrival at task: 80.82
	Waiting time until service start time: 0.0

	id: 54
		node: 27
		(x, y, z): (32, 52, 2)
		dem: 32
		earl: 0
		lat: 582
		servt: 10
		pid: 0
		did: 65
		servST: 80.82
		(h, h_ind): (-1, 0)
		load: 41.0

	Finished service at time: 90.82

	Task 54 -> Task 65: 18.87
	Vehicle arrival at task: 109.69
	Waiting time until service start time: 0.0

	id: 65
		node: 67
		(x, y, z): (16, 62, 2)
		dem: -32
		earl: 0
		lat: 570
		servt: 10
		pid: 54
		did: 0
		servST: 109.69
		(h, h_ind): (-1, 0)
		load: 9.0

	Finished service at time: 119.69

	Task 65 -> Task 129: 24.04
	Vehicle arrival at task: 143.73
	Waiting time until service start time: 0.0

	id: 129
		node: 68
		(x, y, z): (23, 39, 2)
		dem: -9
		earl: 0
		lat: 568
		servt: 10
		pid: 56
		did: 0
		servST: 143.73
		(h, h_ind): (-1, 0)
		load: 0.0

	Finished service at time: 153.73

	Using Machine: 1
		Task 129 -> Machine 1 (Station 3): 29.43
		Vehicle arrival at machine station: 183.16
		Waiting time until machine travel: 0.0

		Machine travel start time: 183.16
		Region 2 -> Region 0: 30.89
		Machine arrival at machine station: 214.05

		Machine 1 (Station 1)-> Task 0: 3.16
		Vehicle arrival at task: 217.21
		Waiting time until service start time: -0.0

	id: 0
		node: 82
		(x, y, z): (70, 70, 0)
		dem: 0
		earl: 0
		lat: 634
		servt: 0
		pid: 0
		did: 0
		servST: 217.20999999999998
		(h, h_ind): (1, 2)
		load: 0.0


Vehicle 39 :
	id: 0
		node: 1
		(x, y, z): (70, 70, 0)
		dem: 0
		earl: 0
		lat: 634
		servt: 0
		pid: 0
		did: 0
		servST: 17.330000000000005
		(h, h_ind): (-1, 0)
		load: 0.0

	Finished service at time: 17.330000000000005

	Task 0 -> Task 59: 26.17
	Vehicle arrival at task: 43.50000000000001
	Waiting time until service start time: 0.0

	id: 59
		node: 30
		(x, y, z): (67, 96, 0)
		dem: 26
		earl: 0
		lat: 598
		servt: 10
		pid: 0
		did: 88
		servST: 43.50000000000001
		(h, h_ind): (-1, 0)
		load: 26.0

	Finished service at time: 53.50000000000001

	Task 59 -> Task 30: 36.12
	Vehicle arrival at task: 89.62
	Waiting time until service start time: 0.0

	id: 30
		node: 12
		(x, y, z): (64, 132, 0)
		dem: 8
		earl: 62
		lat: 92
		servt: 10
		pid: 0
		did: 83
		servST: 89.62
		(h, h_ind): (-1, 0)
		load: 34.0

	Finished service at time: 99.62

	Task 30 -> Task 83: 42.06
	Vehicle arrival at task: 141.68
	Waiting time until service start time: 0.0

	id: 83
		node: 52
		(x, y, z): (51, 92, 0)
		dem: -8
		earl: 0
		lat: 595
		servt: 10
		pid: 30
		did: 0
		servST: 141.68
		(h, h_ind): (-1, 0)
		load: 26.0

	Finished service at time: 151.68

	Task 83 -> Task 88: 30.0
	Vehicle arrival at task: 181.68
	Waiting time until service start time: 0.0

	id: 88
		node: 70
		(x, y, z): (69, 116, 0)
		dem: -26
		earl: 0
		lat: 578
		servt: 10
		pid: 59
		did: 0
		servST: 181.68
		(h, h_ind): (-1, 0)
		load: 0.0

	Finished service at time: 191.68

	Task 88 -> Task 34: 14.32
	Vehicle arrival at task: 206.0
	Waiting time until service start time: 0.0

	id: 34
		node: 15
		(x, y, z): (63, 129, 0)
		dem: 7
		earl: 206
		lat: 236
		servt: 10
		pid: 0
		did: 62
		servST: 206.0
		(h, h_ind): (-1, 0)
		load: 7.0

	Finished service at time: 216.0

	Task 34 -> Task 62: 8.25
	Vehicle arrival at task: 224.25
	Waiting time until service start time: 0.0

	id: 62
		node: 55
		(x, y, z): (55, 127, 0)
		dem: -7
		earl: 0
		lat: 566
		servt: 10
		pid: 34
		did: 0
		servST: 224.25
		(h, h_ind): (-1, 0)
		load: 0.0

	Finished service at time: 234.25

	Task 62 -> Task 6: 44.38
	Vehicle arrival at task: 278.63
	Waiting time until service start time: 0.0

	id: 6
		node: 5
		(x, y, z): (12, 138, 0)
		dem: 14
		earl: 275
		lat: 305
		servt: 10
		pid: 0
		did: 173
		servST: 278.63
		(h, h_ind): (-1, 0)
		load: 14.0

	Finished service at time: 288.63

	Task 6 -> Task 173: 29.7
	Vehicle arrival at task: 318.33
	Waiting time until service start time: 0.0

	id: 173
		node: 45
		(x, y, z): (33, 117, 0)
		dem: -14
		earl: 0
		lat: 565
		servt: 10
		pid: 6
		did: 0
		servST: 318.33
		(h, h_ind): (-1, 0)
		load: 0.0

	Finished service at time: 328.33

	Using Machine: 4
		Task 173 -> Machine 4 (Station 1): 55.9
		Vehicle arrival at machine station: 384.22999999999996
		Waiting time until machine travel: 0.0

		Machine travel start time: 384.23
		Region 0 -> Region 1: 13.6
		Machine arrival at machine station: 397.83000000000004

		Machine 4 (Station 2)-> Task 69: 21.19
		Vehicle arrival at task: 419.02000000000004
		Waiting time until service start time: 0.0

	id: 69
		node: 38
		(x, y, z): (104, 73, 1)
		dem: 17
		earl: 0
		lat: 590
		servt: 10
		pid: 0
		did: 51
		servST: 419.02000000000004
		(h, h_ind): (4, 3)
		load: 17.0

	Finished service at time: 429.02000000000004

	Task 69 -> Task 51: 35.36
	Vehicle arrival at task: 464.38000000000005
	Waiting time until service start time: 0.0

	id: 51
		node: 78
		(x, y, z): (139, 68, 1)
		dem: -17
		earl: 0
		lat: 555
		servt: 10
		pid: 69
		did: 0
		servST: 464.38000000000005
		(h, h_ind): (-1, 0)
		load: 0.0

	Finished service at time: 474.38000000000005

	Task 51 -> Task 21: 10.05
	Vehicle arrival at task: 484.43000000000006
	Waiting time until service start time: 0.0

	id: 21
		node: 10
		(x, y, z): (138, 78, 1)
		dem: 43
		earl: 0
		lat: 556
		servt: 10
		pid: 0
		did: 26
		servST: 484.43000000000006
		(h, h_ind): (-1, 0)
		load: 43.0

	Finished service at time: 494.43000000000006

	Task 21 -> Task 26: 5.1
	Vehicle arrival at task: 499.5300000000001
	Waiting time until service start time: 0.0

	id: 26
		node: 50
		(x, y, z): (139, 73, 1)
		dem: -43
		earl: 0
		lat: 555
		servt: 10
		pid: 21
		did: 0
		servST: 499.5300000000001
		(h, h_ind): (-1, 0)
		load: 0.0

	Finished service at time: 509.5300000000001

	Task 26 -> Task 1: 32.25
	Vehicle arrival at task: 541.7800000000001
	Waiting time until service start time: 0.0

	id: 1
		node: 2
		(x, y, z): (107, 77, 1)
		dem: 34
		earl: 0
		lat: 587
		servt: 10
		pid: 0
		did: 103
		servST: 541.7800000000001
		(h, h_ind): (-1, 0)
		load: 34.0

	Finished service at time: 551.7800000000001

	Task 1 -> Task 103: 6.4
	Vehicle arrival at task: 558.1800000000001
	Waiting time until service start time: 0.0

	id: 103
		node: 42
		(x, y, z): (103, 82, 1)
		dem: -34
		earl: 0
		lat: 589
		servt: 10
		pid: 1
		did: 0
		servST: 558.1800000000001
		(h, h_ind): (-1, 0)
		load: 0.0

	Finished service at time: 568.1800000000001

	Using Machine: 0
		Task 103 -> Machine 0 (Station 2): 16.55
		Vehicle arrival at machine station: 584.73
		Waiting time until machine travel: 0.0

		Machine travel start time: 584.73
		Region 1 -> Region 0: 18.11
		Machine arrival at machine station: 602.84

		Machine 0 (Station 1)-> Task 0: 3.0
		Vehicle arrival at task: 605.84
		Waiting time until service start time: 0.0

	id: 0
		node: 82
		(x, y, z): (70, 70, 0)
		dem: 0
		earl: 0
		lat: 634
		servt: 0
		pid: 0
		did: 0
		servST: 605.84
		(h, h_ind): (0, 2)
		load: 0.0


---------------------| MACHINES |---------------------

Machine 0 :
	setup duration: 0.0

	vehicle: 29
	vehicleInd: 2
	(orig, dest): (0, 67)
	(origRegion, destRegion): (0, 3)
	st: 20.01999999999999
	duration: 35.85

	setup duration: 33.0

	vehicle: 39
	vehicleInd: 16
	(orig, dest): (103, 0)
	(origRegion, destRegion): (1, 0)
	st: 584.73
	duration: 18.11


Machine 1 :
	setup duration: 0.0

	vehicle: 11
	vehicleInd: 2
	(orig, dest): (0, 15)
	(origRegion, destRegion): (0, 2)
	st: 7.959999999999958
	duration: 30.89

	setup duration: 0.0

	vehicle: 38
	vehicleInd: 6
	(orig, dest): (129, 0)
	(origRegion, destRegion): (2, 0)
	st: 183.16
	duration: 30.89

	setup duration: 35.23

	vehicle: 29
	vehicleInd: 14
	(orig, dest): (7, 48)
	(origRegion, destRegion): (3, 1)
	st: 438.61
	duration: 32.14

	setup duration: 32.14

	vehicle: 1
	vehicleInd: 16
	(orig, dest): (41, 0)
	(origRegion, destRegion): (3, 0)
	st: 588.39
	duration: 35.23


Machine 2 :
	setup duration: 0.0

	vehicle: 32
	vehicleInd: 2
	(orig, dest): (0, 63)
	(origRegion, destRegion): (0, 3)
	st: 4.0
	duration: 37.12

	setup duration: 37.05

	vehicle: 1
	vehicleInd: 14
	(orig, dest): (35, 75)
	(origRegion, destRegion): (1, 3)
	st: 500.91
	duration: 37.05


Machine 3 :
	setup duration: 0.0

	vehicle: 38
	vehicleInd: 2
	(orig, dest): (0, 56)
	(origRegion, destRegion): (0, 2)
	st: 5.1
	duration: 34.41

	setup duration: 46.69

	vehicle: 29
	vehicleInd: 18
	(orig, dest): (154, 0)
	(origRegion, destRegion): (1, 0)
	st: 612.08
	duration: 14.56


Machine 4 :
	setup duration: 0.0

	vehicle: 1
	vehicleInd: 5
	(orig, dest): (38, 81)
	(origRegion, destRegion): (0, 1)
	st: 156.34
	duration: 13.6

	setup duration: 46.01

	vehicle: 11
	vehicleInd: 12
	(orig, dest): (4, 45)
	(origRegion, destRegion): (2, 0)
	st: 347.55999999999995
	duration: 34.21

	setup duration: 0.0

	vehicle: 39
	vehicleInd: 10
	(orig, dest): (173, 69)
	(origRegion, destRegion): (0, 1)
	st: 384.23
	duration: 13.6


Machine 5 :
	setup duration: 41.44

	vehicle: 32
	vehicleInd: 12
	(orig, dest): (55, 29)
	(origRegion, destRegion): (3, 2)
	st: 314.9
	duration: 37.95

	setup duration: 0.0

	vehicle: 32
	vehicleInd: 14
	(orig, dest): (110, 52)
	(origRegion, destRegion): (2, 0)
	st: 447.11
	duration: 34.83


-------------------| COMPL. TIMES |-------------------

Vehicle 0 : 0.0
Vehicle 1 : 610.73
Vehicle 2 : 0.0
Vehicle 3 : 0.0
Vehicle 4 : 0.0
Vehicle 5 : 0.0
Vehicle 6 : 0.0
Vehicle 7 : 0.0
Vehicle 8 : 0.0
Vehicle 9 : 0.0
Vehicle 10 : 0.0
Vehicle 11 : 629.2
Vehicle 12 : 0.0
Vehicle 13 : 0.0
Vehicle 14 : 0.0
Vehicle 15 : 0.0
Vehicle 16 : 0.0
Vehicle 17 : 0.0
Vehicle 18 : 0.0
Vehicle 19 : 0.0
Vehicle 20 : 0.0
Vehicle 21 : 0.0
Vehicle 22 : 0.0
Vehicle 23 : 0.0
Vehicle 24 : 0.0
Vehicle 25 : 0.0
Vehicle 26 : 0.0
Vehicle 27 : 0.0
Vehicle 28 : 0.0
Vehicle 29 : 614.72
Vehicle 30 : 0.0
Vehicle 31 : 0.0
Vehicle 32 : 551.25
Vehicle 33 : 0.0
Vehicle 34 : 0.0
Vehicle 35 : 0.0
Vehicle 36 : 0.0
Vehicle 37 : 0.0
Vehicle 38 : 217.20999999999998
Vehicle 39 : 588.51
-------------------| STATISTICS |-------------------

    Vehicles used                           : 15.0
    Machines used                           : 100.0
    Max load (vehicles)                     : 97.6744
    Min load (vehicles)                     : 50.0
    Mean load (vehicles)                    : 77.5977
    Min completion time                     : 34.2603
    Max completion time                     : 99.2429
    Mean completion time                    : 84.4274
    Avrg travel time (with vehicle)         : 18.7171
    Avrg travel time (only with vehicle)    : 11.5783
    Avrg travel time (no vehicle)           : 7.1388
    Avrg waiting time (machine travel)      : 0.1141
    Avrg waiting time (service)             : 0.1141
    Machines travel times (with vehicle)    : [13.7161, 30.9968, 17.5426, 15.0883, 16.9432, 18.0158]
    Machines travel times (no vehicle)      : [5.205, 10.6262, 5.8438, 7.3644, 7.2571, 6.5363]
    Max load per vehicle                    : [0.0, 50.0, 0.0, 0.0, 0.0, 0.0, 0.0, 0.0, 0.0, 0.0, 0.0, 96.5517, 0.0, 0.0, 0.0, 0.0, 0.0, 0.0, 0.0, 0.0, 0.0, 0.0, 0.0, 0.0, 0.0, 0.0, 0.0, 0.0, 0.0, 90.2778, 0.0, 0.0, 97.6744, 0.0, 0.0, 0.0, 0.0, 0.0, 56.9444, 74.1379]

----------------------------------------------------

TOTAL: 3211.62

Everything is awesome!
