Set parameter WLSAccessID
Set parameter WLSSecret
Set parameter LicenseID to value 2661775
Academic license 2661775 - for non-commercial use only - registered to me___@dcc.ufba.br
Loading line 2: methodType heur
Loading line 3: methodCode mslp
Loading line 4: seed 0
Loading line 5: threads 1
Loading line 6: greedy_service_order random
Loading line 7: outputFlagGrbMSLP 0
Loading line 8: mslpa 60000
Loading line 9: mslpr I
Loading line 10: maxtime 3600
Loading line 11: output ./logs/
Loading line 12: printsol 1
Loading line 13: solverMethod A
Instance: LR2_2_8_t2_60R_60V_04I_06M

[06:06:47.07] Running Data.readData with file /dados/rmelo/PDPTW-SE/benchmark_multi_island_v5/official_experiments/multistartlp/preliminar/set_01_pt_01/../../../../instances/orig_ams_fg/60R_60V_04I_06M/t2/LR2_2_8/
vehicles: Vehicle[Vehicle(0, 54), Vehicle(1, 67), Vehicle(2, 80), Vehicle(3, 54), Vehicle(4, 67), Vehicle(5, 67), Vehicle(6, 54), Vehicle(7, 67), Vehicle(8, 67), Vehicle(9, 54), Vehicle(10, 67), Vehicle(11, 67), Vehicle(12, 80), Vehicle(13, 67), Vehicle(14, 67), Vehicle(15, 54), Vehicle(16, 54), Vehicle(17, 67), Vehicle(18, 67), Vehicle(19, 54), Vehicle(20, 67), Vehicle(21, 54), Vehicle(22, 80), Vehicle(23, 54), Vehicle(24, 80), Vehicle(25, 67), Vehicle(26, 54), Vehicle(27, 67), Vehicle(28, 67), Vehicle(29, 54), Vehicle(30, 67), Vehicle(31, 67), Vehicle(32, 67), Vehicle(33, 67), Vehicle(34, 67), Vehicle(35, 54), Vehicle(36, 80), Vehicle(37, 54), Vehicle(38, 80), Vehicle(39, 54), Vehicle(40, 67), Vehicle(41, 80), Vehicle(42, 54), Vehicle(43, 54), Vehicle(44, 80), Vehicle(45, 80), Vehicle(46, 54), Vehicle(47, 80), Vehicle(48, 67), Vehicle(49, 67), Vehicle(50, 80), Vehicle(51, 67), Vehicle(52, 54), Vehicle(53, 54), Vehicle(54, 80), Vehicle(55, 67), Vehicle(56, 67), Vehicle(57, 54), Vehicle(58, 80), Vehicle(59, 67)]
vehicle_types: Vehicle[Vehicle(0, 54), Vehicle(1, 67), Vehicle(2, 80)]
Machine[Machine(0, Point[Point(69, 72, 0), Point(81, 63, 1), Point(57, 84, 2), Point(78, 74, 3)], 1.0), Machine(1, Point[Point(71, 66, 0), Point(78, 60, 1), Point(61, 88, 2), Point(77, 74, 3)], 1.0), Machine(2, Point[Point(68, 72, 0), Point(84, 64, 1), Point(61, 89, 2), Point(77, 75, 3)], 1.0), Machine(3, Point[Point(67, 73, 0), Point(79, 59, 1), Point(55, 84, 2), Point(76, 75, 3)], 1.0), Machine(4, Point[Point(66, 74, 0), Point(79, 58, 1), Point(61, 91, 2), Point(76, 76, 3)], 1.0), Machine(5, Point[Point(65, 74, 0), Point(87, 64, 1), Point(62, 93, 2), Point(75, 76, 3)], 1.0)]
refs: [1, 2, 3, 4, 7, 8, 9, 11, 13, 14, 16, 19, 24, 25, 27, 28, 29, 31, 32, 33, 35, 37, 39, 40, 42, 45, 46, 47, 49, 50, 52, 53, 54, 55, 57, 60, 63, 65, 66, 67, 68, 69, 71, 72, 73, 75, 77, 78, 79, 80, 81, 82, 86, 89, 91, 94, 95, 97, 99, 100, 102, 30, 108, 87, 21, 17, 103, 36, 20, 61, 120, 58, 110, 56, 90, 64, 6, 112, 121, 88, 84, 93, 115, 85, 23, 98, 113, 5, 62, 76, 74, 106, 18, 70, 118, 41, 22, 96, 15, 59, 109, 107, 51, 44, 10, 105, 48, 117, 83, 116, 114, 38, 34, 101, 43, 111, 104, 119, 12, 26, 92, 1]
V: [1, 2, 3, 4, 5, 6, 7, 8, 9, 10, 11, 12, 13, 14, 15, 16, 17, 18, 19, 20, 21, 22, 23, 24, 25, 26, 27, 28, 29, 30, 31, 32, 33, 34, 35, 36, 37, 38, 39, 40, 41, 42, 43, 44, 45, 46, 47, 48, 49, 50, 51, 52, 53, 54, 55, 56, 57, 58, 59, 60, 61, 62, 63, 64, 65, 66, 67, 68, 69, 70, 71, 72, 73, 74, 75, 76, 77, 78, 79, 80, 81, 82, 83, 84, 85, 86, 87, 88, 89, 90, 91, 92, 93, 94, 95, 96, 97, 98, 99, 100, 101, 102, 103, 104, 105, 106, 107, 108, 109, 110, 111, 112, 113, 114, 115, 116, 117, 118, 119, 120, 121]
V_p: [2, 3, 4, 5, 6, 7, 8, 9, 10, 11, 12, 13, 14, 15, 16, 17, 18, 19, 20, 21, 22, 23, 24, 25, 26, 27, 28, 29, 30, 31, 32, 33, 34, 35, 36, 37, 38, 39, 40, 41, 42, 43, 44, 45, 46, 47, 48, 49, 50, 51, 52, 53, 54, 55, 56, 57, 58, 59, 60, 61]
V_d: [62, 63, 64, 65, 66, 67, 68, 69, 70, 71, 72, 73, 74, 75, 76, 77, 78, 79, 80, 81, 82, 83, 84, 85, 86, 87, 88, 89, 90, 91, 92, 93, 94, 95, 96, 97, 98, 99, 100, 101, 102, 103, 104, 105, 106, 107, 108, 109, 110, 111, 112, 113, 114, 115, 116, 117, 118, 119, 120, 121]
Vprime: [1, 2, 3, 4, 5, 6, 7, 8, 9, 10, 11, 12, 13, 14, 15, 16, 17, 18, 19, 20, 21, 22, 23, 24, 25, 26, 27, 28, 29, 30, 31, 32, 33, 34, 35, 36, 37, 38, 39, 40, 41, 42, 43, 44, 45, 46, 47, 48, 49, 50, 51, 52, 53, 54, 55, 56, 57, 58, 59, 60, 61, 62, 63, 64, 65, 66, 67, 68, 69, 70, 71, 72, 73, 74, 75, 76, 77, 78, 79, 80, 81, 82, 83, 84, 85, 86, 87, 88, 89, 90, 91, 92, 93, 94, 95, 96, 97, 98, 99, 100, 101, 102, 103, 104, 105, 106, 107, 108, 109, 110, 111, 112, 113, 114, 115, 116, 117, 118, 119, 120, 121, 122]
V: [1, 2, 3, 4, 5, 6, 7, 8, 9, 10, 11, 12, 13, 14, 15, 16, 17, 18, 19, 20, 21, 22, 23, 24, 25, 26, 27, 28, 29, 30, 31, 32, 33, 34, 35, 36, 37, 38, 39, 40, 41, 42, 43, 44, 45, 46, 47, 48, 49, 50, 51, 52, 53, 54, 55, 56, 57, 58, 59, 60, 61, 62, 63, 64, 65, 66, 67, 68, 69, 70, 71, 72, 73, 74, 75, 76, 77, 78, 79, 80, 81, 82, 83, 84, 85, 86, 87, 88, 89, 90, 91, 92, 93, 94, 95, 96, 97, 98, 99, 100, 101, 102, 103, 104, 105, 106, 107, 108, 109, 110, 111, 112, 113, 114, 115, 116, 117, 118, 119, 120, 121]
q: [0, 9, 7, 20, 22, 13, 5, 9, 40, 25, 22, 15, 13, 20, 11, 13, 12, 8, 20, 36, 21, 20, 23, 15, 26, 13, 20, 10, 13, 37, 17, 25, 31, 19, 12, 9, 21, 9, 7, 20, 15, 25, 16, 21, 18, 4, 32, 35, 16, 20, 21, 10, 13, 10, 18, 16, 25, 25, 23, 24, 20, -9, -7, -20, -22, -13, -5, -9, -40, -25, -22, -15, -13, -20, -11, -13, -12, -8, -20, -36, -21, -20, -23, -15, -26, -13, -20, -10, -13, -37, -17, -25, -31, -19, -12, -9, -21, -9, -7, -20, -15, -25, -16, -21, -18, -4, -32, -35, -16, -20, -21, -10, -13, -10, -18, -16, -25, -25, -23, -24, -20, 0]
H: [1, 2, 3, 4, 5, 6]
f: [[1, 1, 1, 1, 1, 1], [2, 2, 2, 2, 2, 2], [1, 1, 1, 1, 1, 1], [1, 1, 1, 1, 1, 1], [4, 4, 4, 4, 4, 4], [2, 2, 2, 2, 2, 2], [3, 3, 3, 3, 3, 3], [4, 4, 4, 4, 4, 4], [2, 2, 2, 2, 2, 2], [3, 3, 3, 3, 3, 3], [4, 4, 4, 4, 4, 4], [4, 4, 4, 4, 4, 4], [4, 4, 4, 4, 4, 4], [1, 1, 1, 1, 1, 1], [1, 1, 1, 1, 1, 1], [2, 2, 2, 2, 2, 2], [4, 4, 4, 4, 4, 4], [2, 2, 2, 2, 2, 2], [2, 2, 2, 2, 2, 2], [2, 2, 2, 2, 2, 2], [3, 3, 3, 3, 3, 3], [2, 2, 2, 2, 2, 2], [3, 3, 3, 3, 3, 3], [1, 1, 1, 1, 1, 1], [3, 3, 3, 3, 3, 3], [2, 2, 2, 2, 2, 2], [1, 1, 1, 1, 1, 1], [3, 3, 3, 3, 3, 3], [3, 3, 3, 3, 3, 3], [4, 4, 4, 4, 4, 4], [4, 4, 4, 4, 4, 4], [2, 2, 2, 2, 2, 2], [3, 3, 3, 3, 3, 3], [1, 1, 1, 1, 1, 1], [2, 2, 2, 2, 2, 2], [1, 1, 1, 1, 1, 1], [1, 1, 1, 1, 1, 1], [3, 3, 3, 3, 3, 3], [3, 3, 3, 3, 3, 3], [3, 3, 3, 3, 3, 3], [2, 2, 2, 2, 2, 2], [3, 3, 3, 3, 3, 3], [4, 4, 4, 4, 4, 4], [4, 4, 4, 4, 4, 4], [3, 3, 3, 3, 3, 3], [1, 1, 1, 1, 1, 1], [2, 2, 2, 2, 2, 2], [1, 1, 1, 1, 1, 1], [3, 3, 3, 3, 3, 3], [1, 1, 1, 1, 1, 1], [4, 4, 4, 4, 4, 4], [1, 1, 1, 1, 1, 1], [4, 4, 4, 4, 4, 4], [2, 2, 2, 2, 2, 2], [2, 2, 2, 2, 2, 2], [3, 3, 3, 3, 3, 3], [4, 4, 4, 4, 4, 4], [4, 4, 4, 4, 4, 4], [3, 3, 3, 3, 3, 3], [4, 4, 4, 4, 4, 4], [2, 2, 2, 2, 2, 2], [2, 2, 2, 2, 2, 2], [1, 1, 1, 1, 1, 1], [1, 1, 1, 1, 1, 1], [4, 4, 4, 4, 4, 4], [2, 2, 2, 2, 2, 2], [3, 3, 3, 3, 3, 3], [4, 4, 4, 4, 4, 4], [2, 2, 2, 2, 2, 2], [3, 3, 3, 3, 3, 3], [4, 4, 4, 4, 4, 4], [4, 4, 4, 4, 4, 4], [2, 2, 2, 2, 2, 2], [1, 1, 1, 1, 1, 1], [1, 1, 1, 1, 1, 1], [2, 2, 2, 2, 2, 2], [4, 4, 4, 4, 4, 4], [4, 4, 4, 4, 4, 4], [4, 4, 4, 4, 4, 4], [4, 4, 4, 4, 4, 4], [1, 1, 1, 1, 1, 1], [2, 2, 2, 2, 2, 2], [3, 3, 3, 3, 3, 3], [1, 1, 1, 1, 1, 1], [3, 3, 3, 3, 3, 3], [2, 2, 2, 2, 2, 2], [2, 2, 2, 2, 2, 2], [1, 1, 1, 1, 1, 1], [3, 3, 3, 3, 3, 3], [4, 4, 4, 4, 4, 4], [4, 4, 4, 4, 4, 4], [2, 2, 2, 2, 2, 2], [3, 3, 3, 3, 3, 3], [1, 1, 1, 1, 1, 1], [2, 2, 2, 2, 2, 2], [4, 4, 4, 4, 4, 4], [1, 1, 1, 1, 1, 1], [3, 3, 3, 3, 3, 3], [3, 3, 3, 3, 3, 3], [3, 3, 3, 3, 3, 3], [4, 4, 4, 4, 4, 4], [1, 1, 1, 1, 1, 1], [4, 4, 4, 4, 4, 4], [4, 4, 4, 4, 4, 4], [1, 1, 1, 1, 1, 1], [1, 1, 1, 1, 1, 1], [2, 2, 2, 2, 2, 2], [1, 1, 1, 1, 1, 1], [1, 1, 1, 1, 1, 1], [1, 1, 1, 1, 1, 1], [3, 3, 3, 3, 3, 3], [1, 1, 1, 1, 1, 1], [4, 4, 4, 4, 4, 4], [4, 4, 4, 4, 4, 4], [2, 2, 2, 2, 2, 2], [1, 1, 1, 1, 1, 1], [4, 4, 4, 4, 4, 4], [4, 4, 4, 4, 4, 4], [3, 3, 3, 3, 3, 3], [2, 2, 2, 2, 2, 2], [2, 2, 2, 2, 2, 2], [1, 1, 1, 1, 1, 1]]
1 1 1 -> 0.0
1 2 1 -> 15.0
1 3 1 -> 16.97
1 4 1 -> 9.22
2 1 1 -> 15.0
2 2 1 -> 0.0
2 3 1 -> 31.89
2 4 1 -> 11.4
3 1 1 -> 16.97
3 2 1 -> 31.89
3 3 1 -> 0.0
3 4 1 -> 23.26
4 1 1 -> 9.22
4 2 1 -> 11.4
4 3 1 -> 23.26
4 4 1 -> 0.0
1 1 2 -> 0.0
1 2 2 -> 9.22
1 3 2 -> 24.17
1 4 2 -> 10.0
2 1 2 -> 9.22
2 2 2 -> 0.0
2 3 2 -> 32.76
2 4 2 -> 14.04
3 1 2 -> 24.17
3 2 2 -> 32.76
3 3 2 -> 0.0
3 4 2 -> 21.26
4 1 2 -> 10.0
4 2 2 -> 14.04
4 3 2 -> 21.26
4 4 2 -> 0.0
1 1 3 -> 0.0
1 2 3 -> 17.89
1 3 3 -> 18.38
1 4 3 -> 9.49
2 1 3 -> 17.89
2 2 3 -> 0.0
2 3 3 -> 33.97
2 4 3 -> 13.04
3 1 3 -> 18.38
3 2 3 -> 33.97
3 3 3 -> 0.0
3 4 3 -> 21.26
4 1 3 -> 9.49
4 2 3 -> 13.04
4 3 3 -> 21.26
4 4 3 -> 0.0
1 1 4 -> 0.0
1 2 4 -> 18.44
1 3 4 -> 16.28
1 4 4 -> 9.22
2 1 4 -> 18.44
2 2 4 -> 0.0
2 3 4 -> 34.66
2 4 4 -> 16.28
3 1 4 -> 16.28
3 2 4 -> 34.66
3 3 4 -> 0.0
3 4 4 -> 22.85
4 1 4 -> 9.22
4 2 4 -> 16.28
4 3 4 -> 22.85
4 4 4 -> 0.0
1 1 5 -> 0.0
1 2 5 -> 20.62
1 3 5 -> 17.72
1 4 5 -> 10.2
2 1 5 -> 20.62
2 2 5 -> 0.0
2 3 5 -> 37.59
2 4 5 -> 18.25
3 1 5 -> 17.72
3 2 5 -> 37.59
3 3 5 -> 0.0
3 4 5 -> 21.21
4 1 5 -> 10.2
4 2 5 -> 18.25
4 3 5 -> 21.21
4 4 5 -> 0.0
1 1 6 -> 0.0
1 2 6 -> 24.17
1 3 6 -> 19.24
1 4 6 -> 10.2
2 1 6 -> 24.17
2 2 6 -> 0.0
2 3 6 -> 38.29
2 4 6 -> 16.97
3 1 6 -> 19.24
3 2 6 -> 38.29
3 3 6 -> 0.0
3 4 6 -> 21.4
4 1 6 -> 10.2
4 2 6 -> 16.97
4 3 6 -> 21.4
4 4 6 -> 0.0
o: (1, 2, 3) => 17.89
o: (3, 1, 3) => 18.38
o: (1, 3, 5) => 17.72
o: (3, 2, 4) => 34.66
o: (1, 4, 5) => 10.2
o: (4, 3, 6) => 21.4
o: (4, 4, 6) => 0.0
o: (3, 2, 3) => 33.97
o: (3, 3, 5) => 0.0
o: (2, 1, 1) => 15.0
o: (3, 4, 5) => 21.21
o: (1, 3, 2) => 24.17
o: (1, 4, 2) => 10.0
o: (4, 3, 4) => 22.85
o: (2, 2, 1) => 0.0
o: (4, 4, 4) => 0.0
o: (3, 3, 2) => 0.0
o: (3, 4, 2) => 21.26
o: (4, 3, 3) => 21.26
o: (4, 4, 3) => 0.0
o: (1, 1, 5) => 0.0
o: (4, 1, 6) => 10.2
o: (1, 2, 5) => 20.62
o: (3, 1, 5) => 17.72
o: (1, 3, 1) => 16.97
o: (4, 2, 6) => 16.97
o: (1, 1, 2) => 0.0
o: (1, 4, 1) => 9.22
o: (2, 3, 6) => 38.29
o: (4, 1, 4) => 9.22
o: (3, 2, 5) => 37.59
o: (2, 4, 6) => 16.97
o: (3, 3, 1) => 0.0
o: (1, 2, 2) => 9.22
o: (3, 1, 2) => 24.17
o: (3, 4, 1) => 23.26
o: (4, 1, 3) => 9.49
o: (4, 2, 4) => 16.28
o: (3, 2, 2) => 32.76
o: (2, 3, 4) => 34.66
o: (4, 2, 3) => 13.04
o: (2, 4, 4) => 16.28
o: (4, 3, 5) => 21.21
o: (4, 4, 5) => 0.0
o: (1, 1, 1) => 0.0
o: (2, 3, 3) => 33.97
o: (2, 4, 3) => 13.04
o: (2, 1, 6) => 24.17
o: (4, 3, 2) => 21.26
o: (1, 2, 1) => 15.0
o: (3, 1, 1) => 16.97
o: (4, 4, 2) => 0.0
o: (2, 2, 6) => 0.0
o: (3, 2, 1) => 31.89
o: (2, 1, 4) => 18.44
o: (4, 1, 5) => 10.2
o: (2, 1, 3) => 17.89
o: (2, 2, 4) => 0.0
o: (4, 2, 5) => 18.25
o: (4, 3, 1) => 23.26
o: (1, 3, 6) => 19.24
o: (4, 1, 2) => 10.0
o: (4, 4, 1) => 0.0
o: (2, 2, 3) => 0.0
o: (2, 3, 5) => 37.59
o: (1, 4, 6) => 10.2
o: (2, 4, 5) => 18.25
o: (3, 3, 6) => 0.0
o: (4, 2, 2) => 14.04
o: (3, 4, 6) => 21.4
o: (1, 3, 4) => 16.28
o: (2, 3, 2) => 32.76
o: (1, 4, 4) => 9.22
o: (2, 4, 2) => 14.04
o: (1, 3, 3) => 18.38
o: (3, 3, 4) => 0.0
o: (1, 4, 3) => 9.49
o: (3, 4, 4) => 22.85
o: (4, 1, 1) => 9.22
o: (1, 1, 6) => 0.0
o: (2, 1, 5) => 20.62
o: (3, 3, 3) => 0.0
o: (3, 4, 3) => 21.26
o: (4, 2, 1) => 11.4
o: (1, 2, 6) => 24.17
o: (3, 1, 6) => 19.24
o: (2, 2, 5) => 0.0
o: (2, 3, 1) => 31.89
o: (1, 1, 4) => 0.0
o: (2, 1, 2) => 9.22
o: (2, 4, 1) => 11.4
o: (3, 2, 6) => 38.29
o: (1, 1, 3) => 0.0
o: (1, 2, 4) => 18.44
o: (2, 2, 2) => 0.0
o: (3, 1, 4) => 16.28

[121, 2728, 2718, 2627, 2617, 2655, 2613, 40]
JOBS in the order of refs (Vprime)
Node 1: Job(0, Point(70, 70, 0), 0, 0, 2535, 0, 0, 0)
Node 2: Job(1, Point(101, 0, 1), 9, 1932, 2172, 10, 0, 39)
Node 3: Job(2, Point(26, 50, 0), 7, 1490, 1730, 10, 0, 149)
Node 4: Job(3, Point(30, 57, 0), 20, 0, 2483, 10, 0, 113)
Node 5: Job(8, Point(78, 111, 3), 22, 47, 287, 10, 0, 24)
Node 6: Job(9, Point(107, 25, 1), 13, 1035, 1275, 10, 0, 19)
Node 7: Job(11, Point(37, 138, 2), 5, 0, 2450, 10, 0, 130)
Node 8: Job(13, Point(121, 123, 3), 9, 0, 2452, 10, 0, 48)
Node 9: Job(15, Point(137, 7, 1), 40, 0, 2434, 10, 0, 23)
Node 10: Job(16, Point(50, 106, 2), 25, 1221, 1461, 10, 0, 83)
Node 11: Job(18, Point(79, 72, 3), 22, 0, 2516, 10, 0, 196)
Node 12: Job(22, Point(80, 103, 3), 15, 1428, 1668, 10, 0, 78)
Node 13: Job(27, Point(133, 130, 3), 13, 0, 2438, 10, 0, 160)
Node 14: Job(28, Point(39, 13, 0), 20, 0, 2461, 10, 0, 76)
Node 15: Job(35, Point(32, 6, 0), 11, 320, 560, 10, 0, 117)
Node 16: Job(37, Point(106, 10, 1), 13, 0, 2456, 10, 0, 88)
Node 17: Job(38, Point(107, 102, 3), 12, 0, 2477, 10, 0, 7)
Node 18: Job(41, Point(81, 57, 1), 8, 17, 257, 10, 0, 167)
Node 19: Job(42, Point(120, 52, 1), 20, 0, 2472, 10, 0, 197)
Node 20: Job(43, Point(113, 32, 1), 36, 0, 2468, 10, 0, 114)
Node 21: Job(46, Point(10, 111, 2), 21, 0, 2453, 10, 0, 110)
Node 22: Job(51, Point(98, 4, 1), 20, 0, 2454, 10, 0, 120)
Node 23: Job(53, Point(60, 84, 2), 23, 0, 2508, 10, 0, 174)
Node 24: Job(54, Point(13, 48, 0), 15, 0, 2464, 10, 0, 111)
Node 25: Job(58, Point(59, 115, 2), 26, 0, 2479, 10, 0, 26)
Node 26: Job(61, Point(104, 54, 1), 13, 150, 390, 10, 0, 125)
Node 27: Job(62, Point(54, 33, 0), 20, 41, 281, 10, 0, 172)
Node 28: Job(64, Point(37, 125, 2), 10, 0, 2461, 10, 0, 4)
Node 29: Job(66, Point(38, 122, 2), 13, 876, 1116, 10, 0, 85)
Node 30: Job(67, Point(85, 75, 3), 37, 0, 2510, 10, 0, 102)
Node 31: Job(69, Point(103, 77, 3), 17, 1102, 1342, 10, 0, 99)
Node 32: Job(71, Point(139, 68, 1), 25, 0, 2456, 10, 0, 147)
Node 33: Job(73, Point(39, 100, 2), 31, 0, 2482, 10, 0, 20)
Node 34: Job(74, Point(48, 47, 0), 19, 31, 271, 10, 0, 94)
Node 35: Job(77, Point(103, 44, 1), 12, 0, 2483, 10, 0, 185)
Node 36: Job(80, Point(71, 70, 0), 9, 0, 2524, 10, 0, 55)
Node 37: Job(87, Point(34, 72, 0), 21, 0, 2489, 10, 0, 25)
Node 38: Job(89, Point(54, 106, 2), 9, 0, 2486, 10, 0, 123)
Node 39: Job(90, Point(63, 129, 2), 7, 0, 2466, 10, 0, 17)
Node 40: Job(91, Point(33, 117, 2), 20, 0, 2466, 10, 0, 79)
Node 41: Job(92, Point(102, 52, 1), 15, 0, 2489, 10, 0, 159)
Node 42: Job(93, Point(13, 129, 2), 25, 0, 2443, 10, 0, 148)
Node 43: Job(95, Point(114, 109, 3), 16, 0, 2467, 10, 0, 68)
Node 44: Job(96, Point(86, 80, 3), 21, 0, 2507, 10, 0, 60)
Node 45: Job(98, Point(18, 104, 2), 18, 1287, 1527, 10, 0, 12)
Node 46: Job(100, Point(12, 48, 0), 4, 0, 2463, 10, 0, 144)
Node 47: Job(103, Point(116, 22, 1), 32, 0, 2459, 10, 0, 65)
Node 48: Job(104, Point(27, 46, 0), 35, 0, 2476, 10, 0, 182)
Node 49: Job(105, Point(19, 120, 2), 16, 0, 2454, 10, 0, 109)
Node 50: Job(106, Point(23, 39, 0), 20, 1347, 1587, 10, 0, 179)
Node 51: Job(107, Point(110, 99, 3), 21, 0, 2476, 10, 0, 173)
Node 52: Job(108, Point(15, 18, 0), 10, 0, 2450, 10, 0, 52)
Node 53: Job(112, Point(123, 84, 3), 13, 0, 2471, 10, 0, 44)
Node 54: Job(115, Point(93, 61, 1), 10, 0, 2501, 10, 0, 128)
Node 55: Job(118, Point(108, 30, 1), 18, 323, 563, 10, 0, 59)
Node 56: Job(121, Point(2, 106, 2), 16, 1487, 1727, 10, 0, 163)
Node 57: Job(122, Point(117, 92, 3), 25, 0, 2474, 10, 0, 136)
Node 58: Job(124, Point(85, 111, 3), 25, 952, 1192, 10, 0, 187)
Node 59: Job(126, Point(40, 113, 2), 23, 0, 2473, 10, 0, 14)
Node 60: Job(127, Point(138, 105, 3), 24, 0, 2449, 10, 0, 31)
Node 61: Job(129, Point(110, 28, 1), 20, 0, 2467, 10, 0, 119)
Node 62: Job(39, Point(83, 38, 1), -9, 1846, 2086, 10, 1, 0)
Node 63: Job(149, Point(30, 21, 0), -7, 0, 2462, 10, 2, 0)
Node 64: Job(113, Point(37, 73, 0), -20, 0, 2492, 10, 3, 0)
Node 65: Job(24, Point(95, 135, 3), -22, 0, 2456, 10, 8, 0)
Node 66: Job(19, Point(104, 32, 1), -13, 0, 2475, 10, 9, 0)
Node 67: Job(130, Point(12, 138, 2), -5, 1038, 1278, 10, 11, 0)
Node 68: Job(48, Point(139, 73, 3), -9, 0, 2456, 10, 13, 0)
Node 69: Job(23, Point(78, 63, 1), -40, 0, 2515, 10, 15, 0)
Node 70: Job(83, Point(16, 92, 2), -25, 0, 2467, 10, 16, 0)
Node 71: Job(196, Point(103, 86, 3), -22, 0, 2489, 10, 18, 0)
Node 72: Job(78, Point(73, 96, 3), -15, 0, 2499, 10, 22, 0)
Node 73: Job(160, Point(129, 24, 1), -13, 1280, 1520, 10, 27, 0)
Node 74: Job(76, Point(9, 19, 0), -20, 1431, 1671, 10, 28, 0)
Node 75: Job(117, Point(65, 0, 0), -11, 0, 2455, 10, 35, 0)
Node 76: Job(88, Point(120, 22, 1), -13, 396, 636, 10, 37, 0)
Node 77: Job(7, Point(103, 119, 3), -12, 1276, 1516, 10, 38, 0)
Node 78: Job(167, Point(137, 84, 3), -8, 0, 2457, 10, 41, 0)
Node 79: Job(197, Point(137, 96, 3), -20, 0, 2454, 10, 42, 0)
Node 80: Job(114, Point(115, 124, 3), -36, 0, 2455, 10, 43, 0)
Node 81: Job(110, Point(16, 62, 0), -21, 0, 2471, 10, 46, 0)
Node 82: Job(120, Point(92, 22, 1), -20, 0, 2473, 10, 51, 0)
Node 83: Job(174, Point(55, 102, 2), -23, 0, 2490, 10, 53, 0)
Node 84: Job(111, Point(61, 57, 0), -15, 0, 2510, 10, 54, 0)
Node 85: Job(26, Point(64, 132, 2), -26, 0, 2463, 10, 58, 0)
Node 86: Job(125, Point(113, 45, 1), -13, 0, 2476, 10, 61, 0)
Node 87: Job(172, Point(97, 12, 1), -20, 0, 2462, 10, 62, 0)
Node 88: Job(4, Point(29, 60, 0), -10, 0, 2483, 10, 64, 0)
Node 89: Job(85, Point(27, 104, 2), -13, 0, 2471, 10, 66, 0)
Node 90: Job(102, Point(109, 78, 3), -37, 0, 2486, 10, 67, 0)
Node 91: Job(99, Point(70, 83, 3), -17, 0, 2512, 10, 69, 0)
Node 92: Job(147, Point(126, 23, 1), -25, 0, 2452, 10, 71, 0)
Node 93: Job(20, Point(8, 87, 2), -31, 1545, 1785, 10, 73, 0)
Node 94: Job(94, Point(34, 20, 0), -19, 0, 2464, 10, 74, 0)
Node 95: Job(185, Point(135, 65, 1), -12, 0, 2460, 10, 77, 0)
Node 96: Job(55, Point(84, 88, 3), -9, 0, 2503, 10, 80, 0)
Node 97: Job(25, Point(37, 79, 0), -21, 0, 2491, 10, 87, 0)
Node 98: Job(123, Point(26, 130, 2), -9, 0, 2451, 10, 89, 0)
Node 99: Job(17, Point(46, 112, 2), -7, 1084, 1324, 10, 90, 0)
Node 100: Job(79, Point(44, 116, 2), -20, 0, 2473, 10, 91, 0)
Node 101: Job(159, Point(136, 123, 3), -15, 0, 2441, 10, 92, 0)
Node 102: Job(148, Point(58, 80, 0), -25, 1778, 2018, 10, 93, 0)
Node 103: Job(68, Point(109, 131, 3), -16, 0, 2453, 10, 95, 0)
Node 104: Job(60, Point(107, 77, 3), -21, 0, 2488, 10, 96, 0)
Node 105: Job(12, Point(20, 69, 0), -18, 0, 2475, 10, 98, 0)
Node 106: Job(144, Point(60, 54, 0), -4, 0, 2507, 10, 100, 0)
Node 107: Job(65, Point(99, 34, 1), -32, 0, 2479, 10, 103, 0)
Node 108: Job(182, Point(4, 44, 0), -35, 0, 2455, 10, 104, 0)
Node 109: Job(109, Point(18, 70, 0), -16, 1504, 1744, 10, 105, 0)
Node 110: Job(179, Point(60, 23, 0), -20, 0, 2477, 10, 106, 0)
Node 111: Job(173, Point(67, 120, 2), -21, 1375, 1615, 10, 107, 0)
Node 112: Job(52, Point(61, 34, 0), -10, 1830, 2070, 10, 108, 0)
Node 113: Job(44, Point(137, 101, 3), -13, 617, 857, 10, 112, 0)
Node 114: Job(128, Point(116, 105, 3), -10, 0, 2468, 10, 115, 0)
Node 115: Job(59, Point(105, 2, 1), -18, 0, 2449, 10, 118, 0)
Node 116: Job(163, Point(54, 78, 0), -16, 0, 2508, 10, 121, 0)
Node 117: Job(136, Point(92, 138, 3), -25, 0, 2454, 10, 122, 0)
Node 118: Job(187, Point(104, 139, 3), -25, 1282, 1522, 10, 124, 0)
Node 119: Job(14, Point(22, 104, 2), -23, 0, 2467, 10, 126, 0)
Node 120: Job(31, Point(140, 42, 1), -24, 0, 2450, 10, 127, 0)
Node 121: Job(119, Point(120, 60, 1), -20, 156, 396, 10, 129, 0)
Node 122: Job(0, Point(70, 70, 0), 0, 0, 2535, 0, 0, 0)

### Preprocessing Data ###
	-> arcs: 14884 (100.0%)
	-> arc_removals: 1694 (11.38%)
	-> arc_removals_is_loop: 122 (0.82%)
	-> arc_removals_is_delivery_to_pickup: 62 (0.42%)
	-> arc_removals_is_depot_begin_to_delivery: 60 (0.4%)
	-> arc_removals_is_pickup_to_depot_end: 60 (0.4%)
	-> arc_removals_is_dest_depot_begin: 120 (0.81%)
	-> arc_removals_is_orig_depot_end: 119 (0.8%)
	-> arc_removals_is_capacity_violated: 0 (0.0%)
	-> arc_removals_is_time_window_limited: 815 (5.48%)
	-> arc_removals_is_time_window_pairing_limited: 267 (1.79%)
	-> arc_removals_is_indirect_request_service_impossible: 69 (0.46%)
	-> gamma_vars: 0 (0%)
	-> feas_gamma_vars: 0 (0%)
	-> infeas_gamma_vars_is_next_mtrv_unreachable: 0 (0%)
	-> infeas_gamma_vars_is_iprime_jprime_eq_i_j: 0 (0%)
	-> machine_removal_for_an_arc: 0 (0.0%)
##########################

[06:06:56.824] Print configuration
------------------------------------------------------
"
[06:06:56.824] Running Multi Start Heuristic"
> Experiment started at 2025-10-03T06:06:56.824
> Instance: LR2_2_8_t2_60R_60V_04I_06M
> Algorithm Parameters:


	>Stop params:
		>  - rule ITERATIONS
		>  - argument 60000.0
		>  - maximum_time 3600

	>General params:
		>  - instPath /dados/rmelo/PDPTW-SE/benchmark_multi_island_v5/official_experiments/multistartlp/preliminar/set_01_pt_01/../../../../instances/orig_ams_fg/60R_60V_04I_06M/t2/LR2_2_8/
		>  - name LR2_2_8
		>  - type t2
		>  - group 60R_60V_04I_06M
		>  - fullname LR2_2_8_t2_60R_60V_04I_06M
		>  - methodType heur
		>  - methodCode mslp
		>  - genconfigfile /dados/rmelo/PDPTW-SE/benchmark_multi_island_v5/official_experiments/multistartlp/preliminar/set_01_pt_01/configs/genconfig_mslp.conf
		>  - genconfigfilename genconfig_mslp
		>  - greedy_service_order random
		>  - cutoff 0
		>  - cutoffmachs 6
		>  - num_machs 0
		>  - solver Gurobi
		>  - maxtime 3600
		>  - gurobiCuts 1
		>  - typeUserCut 0
		>  - mipPresolve -1
		>  - printsol 1
		>  - maxnodes -1
		>  - elevator 0
		>  - make_instance_feasible false
		>  - output /dados/rmelo/PDPTW-SE/benchmark_multi_island_v5/official_experiments/multistartlp/preliminar/set_01_pt_01/logs
		>  - suff_outputs _seed_24_alpha_05p
		>  - suff_csv _bash_1
		>  - epsilon 0.005
		>  - epsilonCap 0.5
		>  - warmStart false
		>  - seed 24
		>  - rng Random.MersenneTwister(24)
		>  - alpha 0.05
		>  - maxiter 1000000
		>  - outputFlagGrbMIP 0
		>  - outputFlagGrbMSLP 0
		>  - outputFlagGrbLMNS 0
		>  - mslpr I
		>  - mslpa 60000
		>  - lmnsr M
		>  - lmnsa 60
		>  - lmnsRepairTime 30.0
		>  - lmnsMIPFocus 0
		>  - lmnsGapToBiggerDestruction 50
		>  - lmnsGapToSmallerDestruction 95
		>  - lmnsWeightShawDistProx 1.0
		>  - lmnsWeightShawEarlProx 1.0
		>  - lmnsWeightShawSameRoute 1.0
		>  - lmnsWeightShawDemandSim 1.0
		>  - lmnsReqRApplyMIPStart true
		>  - lmnsAcceptanceCriteria H
		>  - lmnsMetropolisTemp 100.0
		>  - lmnsSimulatedAnnealingTemp 100.0
		>  - lmnsSimulatedAnnealingCool 0.95
		>  - mipmaxtime 3600
		>  - csvfilename /dados/rmelo/PDPTW-SE/benchmark_multi_island_v5/official_experiments/multistartlp/preliminar/set_01_pt_01/logs/heur_mslp/outputs/csvresults_heur_mslp_bash_1.csv
		>  - solfilename /dados/rmelo/PDPTW-SE/benchmark_multi_island_v5/official_experiments/multistartlp/preliminar/set_01_pt_01/logs/heur_mslp/solutions/60R_60V_04I_06M/LR2_2_8_sol_genconfig_mslp_seed_24_alpha_05p.txt
		>  - timelineFilename /dados/rmelo/PDPTW-SE/benchmark_multi_island_v5/official_experiments/multistartlp/preliminar/set_01_pt_01/logs/heur_mslp/timelines/60R_60V_04I_06M/LR2_2_8_timeline_genconfig_mslp_seed_24_alpha_05p.txt
		>  - grbFilename /dados/rmelo/PDPTW-SE/benchmark_multi_island_v5/official_experiments/multistartlp/preliminar/set_01_pt_01/logs/heur_mslp/gurobi/60R_60V_04I_06M/LR2_2_8_grb_genconfig_mslp_seed_24_alpha_05p.log
		>  - threads 1
		>  - solverMethod AUTOMATIC

------------------------------------------------------
objValue;greedysol;iteration;time
7684.53;7691.00;1;0.398725
7632.06;7632.06;25;5.450237
7541.43;7548.40;85;16.903328
7408.88;7422.52;209;42.354575
7320.23;7320.23;793;158.400415
7209.29;7247.89;1104;219.638386
7018.97;7018.97;1924;384.569291

[07:06:56.935] Finished running MSLP

[07:06:56.935] Post running MSLP
Best solution value: 7018.97
Total time elapsed: 3600.010520
Time to best: 384.569291
Iterations: 18021
Iterations to best: 1924
Improvements: 7
Infeasible solutions percentage: (0 / 18021) = 0.0000 %
(LP improvements)/(LP runs) = 17691/18021 = 98.1688 %
Mean LP improvement percentage: 0.8985 %
[07:06:57.259] Writing results to CSV file: /dados/rmelo/PDPTW-SE/benchmark_multi_island_v5/official_experiments/multistartlp/preliminar/set_01_pt_01/logs/heur_mslp/outputs/csvresults_heur_mslp_bash_1.csv

[07:06:59.277] Saving solution to file:/dados/rmelo/PDPTW-SE/benchmark_multi_island_v5/official_experiments/multistartlp/preliminar/set_01_pt_01/logs/heur_mslp/solutions/60R_60V_04I_06M/LR2_2_8_sol_genconfig_mslp_seed_24_alpha_05p.txt

[07:06:59.277] Saving solution timeline to file: /dados/rmelo/PDPTW-SE/benchmark_multi_island_v5/official_experiments/multistartlp/preliminar/set_01_pt_01/logs/heur_mslp/timelines/60R_60V_04I_06M/LR2_2_8_timeline_genconfig_mslp_seed_24_alpha_05p.txt
---------------------| VEHICLES |---------------------

Vehicle 2 :
	id: 0
		node: 1
		(x, y, z): (70, 70, 0)
		dem: 0
		earl: 0
		lat: 2535
		servt: 0
		pid: 0
		did: 0
		servST: 0.0
		(h, h_ind): (-1, 0)
		load: 0.0

	Finished service at time: 0.0

	Using Machine: 0
		Task 0 -> Machine 0 (Station 1): 2.24
		Vehicle arrival at machine station: 2.24
		Waiting time until machine travel: 0.0

		Machine travel start time: 2.24
		Region 0 -> Region 3: 9.22
		Machine arrival at machine station: 11.46

		Machine 0 (Station 4)-> Task 67: 7.07
		Vehicle arrival at task: 18.53
		Waiting time until service start time: 0.0

	id: 67
		node: 30
		(x, y, z): (85, 75, 3)
		dem: 37
		earl: 0
		lat: 2510
		servt: 10
		pid: 0
		did: 102
		servST: 18.53
		(h, h_ind): (0, 1)
		load: 37.0

	Finished service at time: 28.53

	Task 67 -> Task 102: 24.19
	Vehicle arrival at task: 52.72
	Waiting time until service start time: 0.0

	id: 102
		node: 90
		(x, y, z): (109, 78, 3)
		dem: -37
		earl: 0
		lat: 2486
		servt: 10
		pid: 67
		did: 0
		servST: 52.72
		(h, h_ind): (-1, 0)
		load: 0.0

	Finished service at time: 62.72

	Using Machine: 2
		Task 102 -> Machine 2 (Station 4): 32.14
		Vehicle arrival at machine station: 94.86
		Waiting time until machine travel: 0.0

		Machine travel start time: 94.86
		Region 3 -> Region 1: 13.04
		Machine arrival at machine station: 107.9

		Machine 2 (Station 2)-> Task 115: 9.49
		Vehicle arrival at task: 117.39
		Waiting time until service start time: 0.0

	id: 115
		node: 54
		(x, y, z): (93, 61, 1)
		dem: 10
		earl: 0
		lat: 2501
		servt: 10
		pid: 0
		did: 128
		servST: 117.39
		(h, h_ind): (2, 2)
		load: 10.0

	Finished service at time: 127.39

	Task 115 -> Task 92: 12.73
	Vehicle arrival at task: 140.12
	Waiting time until service start time: 0.0

	id: 92
		node: 41
		(x, y, z): (102, 52, 1)
		dem: 15
		earl: 0
		lat: 2489
		servt: 10
		pid: 0
		did: 159
		servST: 140.12
		(h, h_ind): (-1, 0)
		load: 25.0

	Finished service at time: 150.12

	Task 92 -> Task 61: 2.83
	Vehicle arrival at task: 152.95000000000002
	Waiting time until service start time: 0.0

	id: 61
		node: 26
		(x, y, z): (104, 54, 1)
		dem: 13
		earl: 150
		lat: 390
		servt: 10
		pid: 0
		did: 125
		servST: 152.95000000000002
		(h, h_ind): (-1, 0)
		load: 38.0

	Finished service at time: 162.95000000000002

	Using Machine: 2
		Task 61 -> Machine 2 (Station 2): 22.36
		Vehicle arrival at machine station: 185.31
		Waiting time until machine travel: 0.0

		Machine travel start time: 185.31
		Region 1 -> Region 3: 13.04
		Machine arrival at machine station: 198.35

		Machine 2 (Station 4)-> Task 127: 67.98
		Vehicle arrival at task: 266.33
		Waiting time until service start time: 0.0

	id: 127
		node: 60
		(x, y, z): (138, 105, 3)
		dem: 24
		earl: 0
		lat: 2449
		servt: 10
		pid: 0
		did: 31
		servST: 266.33
		(h, h_ind): (2, 3)
		load: 62.0

	Finished service at time: 276.33

	Task 127 -> Task 159: 18.11
	Vehicle arrival at task: 294.44
	Waiting time until service start time: 0.0

	id: 159
		node: 101
		(x, y, z): (136, 123, 3)
		dem: -15
		earl: 0
		lat: 2441
		servt: 10
		pid: 92
		did: 0
		servST: 294.44
		(h, h_ind): (-1, 0)
		load: 47.0

	Finished service at time: 304.44

	Task 159 -> Task 13: 15.0
	Vehicle arrival at task: 319.44
	Waiting time until service start time: 0.0

	id: 13
		node: 8
		(x, y, z): (121, 123, 3)
		dem: 9
		earl: 0
		lat: 2452
		servt: 10
		pid: 0
		did: 48
		servST: 319.44
		(h, h_ind): (-1, 0)
		load: 56.0

	Finished service at time: 329.44

	Task 13 -> Task 95: 15.65
	Vehicle arrival at task: 345.09
	Waiting time until service start time: 0.0

	id: 95
		node: 43
		(x, y, z): (114, 109, 3)
		dem: 16
		earl: 0
		lat: 2467
		servt: 10
		pid: 0
		did: 68
		servST: 345.09
		(h, h_ind): (-1, 0)
		load: 72.0

	Finished service at time: 355.09

	Task 95 -> Task 128: 4.47
	Vehicle arrival at task: 359.56
	Waiting time until service start time: 0.0

	id: 128
		node: 114
		(x, y, z): (116, 105, 3)
		dem: -10
		earl: 0
		lat: 2468
		servt: 10
		pid: 115
		did: 0
		servST: 359.56
		(h, h_ind): (-1, 0)
		load: 62.0

	Finished service at time: 369.56

	Task 128 -> Task 48: 39.41
	Vehicle arrival at task: 408.97
	Waiting time until service start time: 0.0

	id: 48
		node: 68
		(x, y, z): (139, 73, 3)
		dem: -9
		earl: 0
		lat: 2456
		servt: 10
		pid: 13
		did: 0
		servST: 408.97
		(h, h_ind): (-1, 0)
		load: 53.0

	Finished service at time: 418.97

	Task 48 -> Task 112: 19.42
	Vehicle arrival at task: 438.39000000000004
	Waiting time until service start time: 0.0

	id: 112
		node: 53
		(x, y, z): (123, 84, 3)
		dem: 13
		earl: 0
		lat: 2471
		servt: 10
		pid: 0
		did: 44
		servST: 438.39000000000004
		(h, h_ind): (-1, 0)
		load: 66.0

	Finished service at time: 448.39000000000004

	Using Machine: 5
		Task 112 -> Machine 5 (Station 4): 48.66
		Vehicle arrival at machine station: 497.05000000000007
		Waiting time until machine travel: 0.0

		Machine travel start time: 497.05000000000007
		Region 3 -> Region 2: 21.4
		Machine arrival at machine station: 518.45

		Machine 5 (Station 3)-> Task 90: 36.01
		Vehicle arrival at task: 554.46
		Waiting time until service start time: 0.0

	id: 90
		node: 39
		(x, y, z): (63, 129, 2)
		dem: 7
		earl: 0
		lat: 2466
		servt: 10
		pid: 0
		did: 17
		servST: 554.46
		(h, h_ind): (5, 4)
		load: 73.0

	Finished service at time: 564.46

	Using Machine: 5
		Task 90 -> Machine 5 (Station 3): 36.01
		Vehicle arrival at machine station: 600.47
		Waiting time until machine travel: 0.0

		Machine travel start time: 600.47
		Region 2 -> Region 1: 38.29
		Machine arrival at machine station: 638.76

		Machine 5 (Station 2)-> Task 31: 57.38
		Vehicle arrival at task: 696.14
		Waiting time until service start time: 0.0

	id: 31
		node: 120
		(x, y, z): (140, 42, 1)
		dem: -24
		earl: 0
		lat: 2450
		servt: 10
		pid: 127
		did: 0
		servST: 696.14
		(h, h_ind): (5, 5)
		load: 49.0

	Finished service at time: 706.14

	Task 31 -> Task 125: 27.17
	Vehicle arrival at task: 733.31
	Waiting time until service start time: 0.0

	id: 125
		node: 86
		(x, y, z): (113, 45, 1)
		dem: -13
		earl: 0
		lat: 2476
		servt: 10
		pid: 61
		did: 0
		servST: 733.31
		(h, h_ind): (-1, 0)
		load: 36.0

	Finished service at time: 743.31

	Using Machine: 0
		Task 125 -> Machine 0 (Station 2): 36.72
		Vehicle arrival at machine station: 780.03
		Waiting time until machine travel: 0.0

		Machine travel start time: 780.03
		Region 1 -> Region 3: 11.4
		Machine arrival at machine station: 791.43

		Machine 0 (Station 4)-> Task 44: 64.88
		Vehicle arrival at task: 856.31
		Waiting time until service start time: 0.0

	id: 44
		node: 113
		(x, y, z): (137, 101, 3)
		dem: -13
		earl: 617
		lat: 857
		servt: 10
		pid: 112
		did: 0
		servST: 856.31
		(h, h_ind): (0, 3)
		load: 23.0

	Finished service at time: 866.31

	Task 44 -> Task 27: 29.27
	Vehicle arrival at task: 895.5799999999999
	Waiting time until service start time: 0.0

	id: 27
		node: 13
		(x, y, z): (133, 130, 3)
		dem: 13
		earl: 0
		lat: 2438
		servt: 10
		pid: 0
		did: 160
		servST: 895.5799999999999
		(h, h_ind): (-1, 0)
		load: 36.0

	Finished service at time: 905.5799999999999

	Task 27 -> Task 68: 24.02
	Vehicle arrival at task: 929.5999999999999
	Waiting time until service start time: 0.0

	id: 68
		node: 103
		(x, y, z): (109, 131, 3)
		dem: -16
		earl: 0
		lat: 2453
		servt: 10
		pid: 95
		did: 0
		servST: 929.5999999999999
		(h, h_ind): (-1, 0)
		load: 20.0

	Finished service at time: 939.5999999999999

	Using Machine: 2
		Task 68 -> Machine 2 (Station 4): 64.5
		Vehicle arrival at machine station: 1004.0999999999999
		Waiting time until machine travel: 0.0

		Machine travel start time: 1004.0999999999999
		Region 3 -> Region 1: 13.04
		Machine arrival at machine station: 1017.1399999999999

		Machine 2 (Station 2)-> Task 15: 77.83
		Vehicle arrival at task: 1094.9699999999998
		Waiting time until service start time: 0.0

	id: 15
		node: 9
		(x, y, z): (137, 7, 1)
		dem: 40
		earl: 0
		lat: 2434
		servt: 10
		pid: 0
		did: 23
		servST: 1094.9699999999998
		(h, h_ind): (2, 4)
		load: 60.0

	Finished service at time: 1104.9699999999998

	Task 15 -> Task 9: 34.99
	Vehicle arrival at task: 1139.9599999999998
	Waiting time until service start time: 0.0

	id: 9
		node: 6
		(x, y, z): (107, 25, 1)
		dem: 13
		earl: 1035
		lat: 1275
		servt: 10
		pid: 0
		did: 19
		servST: 1139.9599999999998
		(h, h_ind): (-1, 0)
		load: 73.0

	Finished service at time: 1149.9599999999998

	Task 9 -> Task 23: 47.8
	Vehicle arrival at task: 1197.7599999999998
	Waiting time until service start time: 0.0

	id: 23
		node: 69
		(x, y, z): (78, 63, 1)
		dem: -40
		earl: 0
		lat: 2515
		servt: 10
		pid: 15
		did: 0
		servST: 1197.7599999999998
		(h, h_ind): (-1, 0)
		load: 33.0

	Finished service at time: 1207.7599999999998

	Using Machine: 1
		Task 23 -> Machine 1 (Station 2): 3.0
		Vehicle arrival at machine station: 1210.7599999999998
		Waiting time until machine travel: 0.0

		Machine travel start time: 1210.7599999999998
		Region 1 -> Region 2: 32.76
		Machine arrival at machine station: 1243.5199999999998

		Machine 1 (Station 3)-> Task 17: 28.3
		Vehicle arrival at task: 1271.8199999999997
		Waiting time until service start time: 0.0

	id: 17
		node: 99
		(x, y, z): (46, 112, 2)
		dem: -7
		earl: 1084
		lat: 1324
		servt: 10
		pid: 90
		did: 0
		servST: 1271.8199999999997
		(h, h_ind): (1, 7)
		load: 26.0

	Finished service at time: 1281.8199999999997

	Using Machine: 2
		Task 17 -> Machine 2 (Station 3): 27.46
		Vehicle arrival at machine station: 1309.2799999999997
		Waiting time until machine travel: 0.0

		Machine travel start time: 1309.2799999999997
		Region 2 -> Region 1: 33.97
		Machine arrival at machine station: 1343.2499999999998

		Machine 2 (Station 2)-> Task 19: 37.74
		Vehicle arrival at task: 1380.9899999999998
		Waiting time until service start time: 0.0

	id: 19
		node: 66
		(x, y, z): (104, 32, 1)
		dem: -13
		earl: 0
		lat: 2475
		servt: 10
		pid: 9
		did: 0
		servST: 1380.9899999999998
		(h, h_ind): (2, 6)
		load: 13.0

	Finished service at time: 1390.9899999999998

	Task 19 -> Task 160: 26.25
	Vehicle arrival at task: 1417.2399999999998
	Waiting time until service start time: 0.0

	id: 160
		node: 73
		(x, y, z): (129, 24, 1)
		dem: -13
		earl: 1280
		lat: 1520
		servt: 10
		pid: 27
		did: 0
		servST: 1417.2399999999998
		(h, h_ind): (-1, 0)
		load: 0.0

	Finished service at time: 1427.2399999999998

	Task 160 -> Task 103: 13.15
	Vehicle arrival at task: 1440.3899999999999
	Waiting time until service start time: 0.0

	id: 103
		node: 47
		(x, y, z): (116, 22, 1)
		dem: 32
		earl: 0
		lat: 2459
		servt: 10
		pid: 0
		did: 65
		servST: 1440.3899999999999
		(h, h_ind): (-1, 0)
		load: 32.0

	Finished service at time: 1450.3899999999999

	Task 103 -> Task 65: 20.81
	Vehicle arrival at task: 1471.1999999999998
	Waiting time until service start time: 0.0

	id: 65
		node: 107
		(x, y, z): (99, 34, 1)
		dem: -32
		earl: 0
		lat: 2479
		servt: 10
		pid: 103
		did: 0
		servST: 1471.1999999999998
		(h, h_ind): (-1, 0)
		load: 0.0

	Finished service at time: 1481.1999999999998

	Using Machine: 1
		Task 65 -> Machine 1 (Station 2): 33.42
		Vehicle arrival at machine station: 1514.62
		Waiting time until machine travel: 0.0

		Machine travel start time: 1514.62
		Region 1 -> Region 0: 9.22
		Machine arrival at machine station: 1523.84

		Machine 1 (Station 1)-> Task 106: 55.07
		Vehicle arrival at task: 1578.9099999999999
		Waiting time until service start time: 0.0

	id: 106
		node: 50
		(x, y, z): (23, 39, 0)
		dem: 20
		earl: 1347
		lat: 1587
		servt: 10
		pid: 0
		did: 179
		servST: 1578.9099999999999
		(h, h_ind): (1, 8)
		load: 20.0

	Finished service at time: 1588.9099999999999

	Task 106 -> Task 28: 30.53
	Vehicle arrival at task: 1619.4399999999998
	Waiting time until service start time: 0.0

	id: 28
		node: 14
		(x, y, z): (39, 13, 0)
		dem: 20
		earl: 0
		lat: 2461
		servt: 10
		pid: 0
		did: 76
		servST: 1619.4399999999998
		(h, h_ind): (-1, 0)
		load: 40.0

	Finished service at time: 1629.4399999999998

	Task 28 -> Task 76: 30.59
	Vehicle arrival at task: 1660.0299999999997
	Waiting time until service start time: 0.0

	id: 76
		node: 74
		(x, y, z): (9, 19, 0)
		dem: -20
		earl: 1431
		lat: 1671
		servt: 10
		pid: 28
		did: 0
		servST: 1660.0299999999997
		(h, h_ind): (-1, 0)
		load: 20.0

	Finished service at time: 1670.0299999999997

	Task 76 -> Task 2: 35.36
	Vehicle arrival at task: 1705.3899999999996
	Waiting time until service start time: 0.0

	id: 2
		node: 3
		(x, y, z): (26, 50, 0)
		dem: 7
		earl: 1490
		lat: 1730
		servt: 10
		pid: 0
		did: 149
		servST: 1705.3899999999996
		(h, h_ind): (-1, 0)
		load: 27.0

	Finished service at time: 1715.3899999999996

	Task 2 -> Task 104: 4.12
	Vehicle arrival at task: 1719.5099999999995
	Waiting time until service start time: 0.0

	id: 104
		node: 48
		(x, y, z): (27, 46, 0)
		dem: 35
		earl: 0
		lat: 2476
		servt: 10
		pid: 0
		did: 182
		servST: 1719.5099999999995
		(h, h_ind): (-1, 0)
		load: 62.0

	Finished service at time: 1729.5099999999995

	Task 104 -> Task 108: 30.46
	Vehicle arrival at task: 1759.9699999999996
	Waiting time until service start time: 0.0

	id: 108
		node: 52
		(x, y, z): (15, 18, 0)
		dem: 10
		earl: 0
		lat: 2450
		servt: 10
		pid: 0
		did: 52
		servST: 1759.9699999999996
		(h, h_ind): (-1, 0)
		load: 72.0

	Finished service at time: 1769.9699999999996

	Task 108 -> Task 182: 28.23
	Vehicle arrival at task: 1798.1999999999996
	Waiting time until service start time: 0.0

	id: 182
		node: 108
		(x, y, z): (4, 44, 0)
		dem: -35
		earl: 0
		lat: 2455
		servt: 10
		pid: 104
		did: 0
		servST: 1798.1999999999996
		(h, h_ind): (-1, 0)
		load: 37.0

	Finished service at time: 1808.1999999999996

	Task 182 -> Task 52: 57.87
	Vehicle arrival at task: 1866.0699999999995
	Waiting time until service start time: 0.0

	id: 52
		node: 112
		(x, y, z): (61, 34, 0)
		dem: -10
		earl: 1830
		lat: 2070
		servt: 10
		pid: 108
		did: 0
		servST: 1866.0699999999995
		(h, h_ind): (-1, 0)
		load: 27.0

	Finished service at time: 1876.0699999999995

	Task 52 -> Task 179: 11.05
	Vehicle arrival at task: 1887.1199999999994
	Waiting time until service start time: 0.0

	id: 179
		node: 110
		(x, y, z): (60, 23, 0)
		dem: -20
		earl: 0
		lat: 2477
		servt: 10
		pid: 106
		did: 0
		servST: 1887.1199999999994
		(h, h_ind): (-1, 0)
		load: 7.0

	Finished service at time: 1897.1199999999994

	Task 179 -> Task 149: 30.07
	Vehicle arrival at task: 1927.1899999999994
	Waiting time until service start time: 0.0

	id: 149
		node: 63
		(x, y, z): (30, 21, 0)
		dem: -7
		earl: 0
		lat: 2462
		servt: 10
		pid: 2
		did: 0
		servST: 1927.1899999999994
		(h, h_ind): (-1, 0)
		load: 0.0

	Finished service at time: 1937.1899999999994

	Task 149 -> Task 0: 63.25
	Vehicle arrival at task: 2000.4399999999994
	Waiting time until service start time: 0.0

	id: 0
		node: 122
		(x, y, z): (70, 70, 0)
		dem: 0
		earl: 0
		lat: 2535
		servt: 0
		pid: 0
		did: 0
		servST: 2000.4399999999994
		(h, h_ind): (-1, 0)
		load: 0.0


Vehicle 22 :
	id: 0
		node: 1
		(x, y, z): (70, 70, 0)
		dem: 0
		earl: 0
		lat: 2535
		servt: 0
		pid: 0
		did: 0
		servST: 0.0
		(h, h_ind): (-1, 0)
		load: 0.0

	Finished service at time: 0.0

	Using Machine: 3
		Task 0 -> Machine 3 (Station 1): 4.24
		Vehicle arrival at machine station: 4.24
		Waiting time until machine travel: 0.0

		Machine travel start time: 4.24
		Region 0 -> Region 1: 18.44
		Machine arrival at machine station: 22.68

		Machine 3 (Station 2)-> Task 41: 2.83
		Vehicle arrival at task: 25.509999999999998
		Waiting time until service start time: 0.0

	id: 41
		node: 18
		(x, y, z): (81, 57, 1)
		dem: 8
		earl: 17
		lat: 257
		servt: 10
		pid: 0
		did: 167
		servST: 25.509999999999998
		(h, h_ind): (3, 1)
		load: 8.0

	Finished service at time: 35.51

	Using Machine: 0
		Task 41 -> Machine 0 (Station 2): 6.0
		Vehicle arrival at machine station: 41.51
		Waiting time until machine travel: 0.0

		Machine travel start time: 41.51
		Region 1 -> Region 3: 11.4
		Machine arrival at machine station: 52.91

		Machine 0 (Station 4)-> Task 8: 37.0
		Vehicle arrival at task: 89.91
		Waiting time until service start time: 0.0

	id: 8
		node: 5
		(x, y, z): (78, 111, 3)
		dem: 22
		earl: 47
		lat: 287
		servt: 10
		pid: 0
		did: 24
		servST: 89.91
		(h, h_ind): (0, 2)
		load: 30.0

	Finished service at time: 99.91

	Task 8 -> Task 24: 29.41
	Vehicle arrival at task: 129.32
	Waiting time until service start time: 0.0

	id: 24
		node: 65
		(x, y, z): (95, 135, 3)
		dem: -22
		earl: 0
		lat: 2456
		servt: 10
		pid: 8
		did: 0
		servST: 129.32
		(h, h_ind): (-1, 0)
		load: 8.0

	Finished service at time: 139.32

	Task 24 -> Task 167: 66.07
	Vehicle arrival at task: 205.39
	Waiting time until service start time: 0.0

	id: 167
		node: 78
		(x, y, z): (137, 84, 3)
		dem: -8
		earl: 0
		lat: 2457
		servt: 10
		pid: 41
		did: 0
		servST: 205.39
		(h, h_ind): (-1, 0)
		load: 0.0

	Finished service at time: 215.39

	Using Machine: 1
		Task 167 -> Machine 1 (Station 4): 60.83
		Vehicle arrival at machine station: 276.21999999999997
		Waiting time until machine travel: 0.0

		Machine travel start time: 276.21999999999997
		Region 3 -> Region 0: 10.0
		Machine arrival at machine station: 286.21999999999997

		Machine 1 (Station 1)-> Task 35: 71.56
		Vehicle arrival at task: 357.78
		Waiting time until service start time: 0.0

	id: 35
		node: 15
		(x, y, z): (32, 6, 0)
		dem: 11
		earl: 320
		lat: 560
		servt: 10
		pid: 0
		did: 117
		servST: 357.78
		(h, h_ind): (1, 4)
		load: 11.0

	Finished service at time: 367.78

	Task 35 -> Task 117: 33.54
	Vehicle arrival at task: 401.32
	Waiting time until service start time: 0.0

	id: 117
		node: 75
		(x, y, z): (65, 0, 0)
		dem: -11
		earl: 0
		lat: 2455
		servt: 10
		pid: 35
		did: 0
		servST: 401.32
		(h, h_ind): (-1, 0)
		load: 0.0

	Finished service at time: 411.32

	Task 117 -> Task 0: 70.18
	Vehicle arrival at task: 481.5
	Waiting time until service start time: 0.0

	id: 0
		node: 122
		(x, y, z): (70, 70, 0)
		dem: 0
		earl: 0
		lat: 2535
		servt: 0
		pid: 0
		did: 0
		servST: 481.5
		(h, h_ind): (-1, 0)
		load: 0.0


Vehicle 35 :
	id: 0
		node: 1
		(x, y, z): (70, 70, 0)
		dem: 0
		earl: 0
		lat: 2535
		servt: 0
		pid: 0
		did: 0
		servST: 0.0
		(h, h_ind): (-1, 0)
		load: 0.0

	Finished service at time: 0.0

	Using Machine: 2
		Task 0 -> Machine 2 (Station 1): 2.83
		Vehicle arrival at machine station: 2.83
		Waiting time until machine travel: 0.0

		Machine travel start time: 2.83
		Region 0 -> Region 3: 9.49
		Machine arrival at machine station: 12.32

		Machine 2 (Station 4)-> Task 122: 43.46
		Vehicle arrival at task: 55.78
		Waiting time until service start time: 0.0

	id: 122
		node: 57
		(x, y, z): (117, 92, 3)
		dem: 25
		earl: 0
		lat: 2474
		servt: 10
		pid: 0
		did: 136
		servST: 55.78
		(h, h_ind): (2, 1)
		load: 25.0

	Finished service at time: 65.78

	Using Machine: 4
		Task 122 -> Machine 4 (Station 4): 44.01
		Vehicle arrival at machine station: 109.78999999999999
		Waiting time until machine travel: 0.0

		Machine travel start time: 109.78999999999999
		Region 3 -> Region 2: 21.21
		Machine arrival at machine station: 131.0

		Machine 4 (Station 3)-> Task 64: 41.62
		Vehicle arrival at task: 172.62
		Waiting time until service start time: 0.0

	id: 64
		node: 28
		(x, y, z): (37, 125, 2)
		dem: 10
		earl: 0
		lat: 2461
		servt: 10
		pid: 0
		did: 4
		servST: 172.62
		(h, h_ind): (4, 1)
		load: 35.0

	Finished service at time: 182.62

	Using Machine: 5
		Task 64 -> Machine 5 (Station 3): 40.61
		Vehicle arrival at machine station: 223.23000000000002
		Waiting time until machine travel: 0.0

		Machine travel start time: 223.23000000000002
		Region 2 -> Region 0: 19.24
		Machine arrival at machine station: 242.47000000000003

		Machine 5 (Station 1)-> Task 4: 38.63
		Vehicle arrival at task: 281.1
		Waiting time until service start time: 0.0

	id: 4
		node: 88
		(x, y, z): (29, 60, 0)
		dem: -10
		earl: 0
		lat: 2483
		servt: 10
		pid: 64
		did: 0
		servST: 281.1
		(h, h_ind): (5, 1)
		load: 25.0

	Finished service at time: 291.1

	Using Machine: 5
		Task 4 -> Machine 5 (Station 1): 38.63
		Vehicle arrival at machine station: 329.73
		Waiting time until machine travel: 0.0

		Machine travel start time: 329.73
		Region 0 -> Region 3: 10.2
		Machine arrival at machine station: 339.93

		Machine 5 (Station 4)-> Task 136: 64.29
		Vehicle arrival at task: 404.22
		Waiting time until service start time: 0.0

	id: 136
		node: 117
		(x, y, z): (92, 138, 3)
		dem: -25
		earl: 0
		lat: 2454
		servt: 10
		pid: 122
		did: 0
		servST: 404.22
		(h, h_ind): (5, 3)
		load: 0.0

	Finished service at time: 414.22

	Using Machine: 4
		Task 136 -> Machine 4 (Station 4): 64.03
		Vehicle arrival at machine station: 478.25
		Waiting time until machine travel: 0.0

		Machine travel start time: 478.25
		Region 3 -> Region 2: 21.21
		Machine arrival at machine station: 499.46

		Machine 4 (Station 3)-> Task 58: 24.08
		Vehicle arrival at task: 523.54
		Waiting time until service start time: 0.0

	id: 58
		node: 25
		(x, y, z): (59, 115, 2)
		dem: 26
		earl: 0
		lat: 2479
		servt: 10
		pid: 0
		did: 26
		servST: 523.54
		(h, h_ind): (4, 3)
		load: 26.0

	Finished service at time: 533.54

	Task 58 -> Task 26: 17.72
	Vehicle arrival at task: 551.26
	Waiting time until service start time: 0.0

	id: 26
		node: 85
		(x, y, z): (64, 132, 2)
		dem: -26
		earl: 0
		lat: 2463
		servt: 10
		pid: 58
		did: 0
		servST: 551.26
		(h, h_ind): (-1, 0)
		load: 0.0

	Finished service at time: 561.26

	Task 26 -> Task 46: 57.94
	Vehicle arrival at task: 619.2
	Waiting time until service start time: 0.0

	id: 46
		node: 21
		(x, y, z): (10, 111, 2)
		dem: 21
		earl: 0
		lat: 2453
		servt: 10
		pid: 0
		did: 110
		servST: 619.2
		(h, h_ind): (-1, 0)
		load: 21.0

	Finished service at time: 629.2

	Task 46 -> Task 53: 56.82
	Vehicle arrival at task: 686.0200000000001
	Waiting time until service start time: 0.0

	id: 53
		node: 23
		(x, y, z): (60, 84, 2)
		dem: 23
		earl: 0
		lat: 2508
		servt: 10
		pid: 0
		did: 174
		servST: 686.0200000000001
		(h, h_ind): (-1, 0)
		load: 44.0

	Finished service at time: 696.0200000000001

	Using Machine: 3
		Task 53 -> Machine 3 (Station 3): 5.0
		Vehicle arrival at machine station: 701.0200000000001
		Waiting time until machine travel: 0.0

		Machine travel start time: 701.0200000000001
		Region 2 -> Region 0: 16.28
		Machine arrival at machine station: 717.3000000000001

		Machine 3 (Station 1)-> Task 100: 60.42
		Vehicle arrival at task: 777.72
		Waiting time until service start time: 0.0

	id: 100
		node: 46
		(x, y, z): (12, 48, 0)
		dem: 4
		earl: 0
		lat: 2463
		servt: 10
		pid: 0
		did: 144
		servST: 777.72
		(h, h_ind): (3, 2)
		load: 48.0

	Finished service at time: 787.72

	Task 100 -> Task 110: 14.56
	Vehicle arrival at task: 802.28
	Waiting time until service start time: 0.0

	id: 110
		node: 81
		(x, y, z): (16, 62, 0)
		dem: -21
		earl: 0
		lat: 2471
		servt: 10
		pid: 46
		did: 0
		servST: 802.28
		(h, h_ind): (-1, 0)
		load: 27.0

	Finished service at time: 812.28

	Using Machine: 5
		Task 110 -> Machine 5 (Station 1): 50.45
		Vehicle arrival at machine station: 862.73
		Waiting time until machine travel: 0.0

		Machine travel start time: 862.73
		Region 0 -> Region 2: 19.24
		Machine arrival at machine station: 881.97

		Machine 5 (Station 3)-> Task 174: 11.4
		Vehicle arrival at task: 893.37
		Waiting time until service start time: 0.0

	id: 174
		node: 83
		(x, y, z): (55, 102, 2)
		dem: -23
		earl: 0
		lat: 2490
		servt: 10
		pid: 53
		did: 0
		servST: 893.37
		(h, h_ind): (5, 6)
		load: 4.0

	Finished service at time: 903.37

	Task 174 -> Task 66: 26.25
	Vehicle arrival at task: 929.62
	Waiting time until service start time: 0.0

	id: 66
		node: 29
		(x, y, z): (38, 122, 2)
		dem: 13
		earl: 876
		lat: 1116
		servt: 10
		pid: 0
		did: 85
		servST: 929.62
		(h, h_ind): (-1, 0)
		load: 17.0

	Finished service at time: 939.62

	Task 66 -> Task 85: 21.1
	Vehicle arrival at task: 960.72
	Waiting time until service start time: 0.0

	id: 85
		node: 89
		(x, y, z): (27, 104, 2)
		dem: -13
		earl: 0
		lat: 2471
		servt: 10
		pid: 66
		did: 0
		servST: 960.72
		(h, h_ind): (-1, 0)
		load: 4.0

	Finished service at time: 970.72

	Using Machine: 3
		Task 85 -> Machine 3 (Station 3): 34.41
		Vehicle arrival at machine station: 1005.13
		Waiting time until machine travel: 0.0

		Machine travel start time: 1005.13
		Region 2 -> Region 0: 16.28
		Machine arrival at machine station: 1021.41

		Machine 3 (Station 1)-> Task 144: 20.25
		Vehicle arrival at task: 1041.6599999999999
		Waiting time until service start time: 0.0

	id: 144
		node: 106
		(x, y, z): (60, 54, 0)
		dem: -4
		earl: 0
		lat: 2507
		servt: 10
		pid: 100
		did: 0
		servST: 1041.6599999999999
		(h, h_ind): (3, 3)
		load: 0.0

	Finished service at time: 1051.6599999999999

	Using Machine: 1
		Task 144 -> Machine 1 (Station 1): 16.28
		Vehicle arrival at machine station: 1067.9399999999998
		Waiting time until machine travel: 0.0

		Machine travel start time: 1067.9399999999998
		Region 0 -> Region 3: 10.0
		Machine arrival at machine station: 1077.9399999999998

		Machine 1 (Station 4)-> Task 124: 37.85
		Vehicle arrival at task: 1115.7899999999997
		Waiting time until service start time: 0.0

	id: 124
		node: 58
		(x, y, z): (85, 111, 3)
		dem: 25
		earl: 952
		lat: 1192
		servt: 10
		pid: 0
		did: 187
		servST: 1115.7899999999997
		(h, h_ind): (1, 6)
		load: 25.0

	Finished service at time: 1125.7899999999997

	Using Machine: 2
		Task 124 -> Machine 2 (Station 4): 36.88
		Vehicle arrival at machine station: 1162.6699999999998
		Waiting time until machine travel: 0.0

		Machine travel start time: 1162.6699999999998
		Region 3 -> Region 1: 13.04
		Machine arrival at machine station: 1175.7099999999998

		Machine 2 (Station 2)-> Task 71: 55.15
		Vehicle arrival at task: 1230.86
		Waiting time until service start time: 0.0

	id: 71
		node: 32
		(x, y, z): (139, 68, 1)
		dem: 25
		earl: 0
		lat: 2456
		servt: 10
		pid: 0
		did: 147
		servST: 1230.86
		(h, h_ind): (2, 5)
		load: 50.0

	Finished service at time: 1240.86

	Task 71 -> Task 147: 46.84
	Vehicle arrival at task: 1287.6999999999998
	Waiting time until service start time: 0.0

	id: 147
		node: 92
		(x, y, z): (126, 23, 1)
		dem: -25
		earl: 0
		lat: 2452
		servt: 10
		pid: 71
		did: 0
		servST: 1287.6999999999998
		(h, h_ind): (-1, 0)
		load: 25.0

	Finished service at time: 1297.6999999999998

	Using Machine: 0
		Task 147 -> Machine 0 (Station 2): 60.21
		Vehicle arrival at machine station: 1357.9099999999999
		Waiting time until machine travel: 0.0

		Machine travel start time: 1357.9099999999999
		Region 1 -> Region 3: 11.4
		Machine arrival at machine station: 1369.31

		Machine 0 (Station 4)-> Task 38: 40.31
		Vehicle arrival at task: 1409.62
		Waiting time until service start time: 0.0

	id: 38
		node: 17
		(x, y, z): (107, 102, 3)
		dem: 12
		earl: 0
		lat: 2477
		servt: 10
		pid: 0
		did: 7
		servST: 1409.62
		(h, h_ind): (0, 5)
		load: 37.0

	Finished service at time: 1419.62

	Task 38 -> Task 187: 37.12
	Vehicle arrival at task: 1456.7399999999998
	Waiting time until service start time: 0.0

	id: 187
		node: 118
		(x, y, z): (104, 139, 3)
		dem: -25
		earl: 1282
		lat: 1522
		servt: 10
		pid: 124
		did: 0
		servST: 1456.7399999999998
		(h, h_ind): (-1, 0)
		load: 12.0

	Finished service at time: 1466.7399999999998

	Task 187 -> Task 7: 20.02
	Vehicle arrival at task: 1486.7599999999998
	Waiting time until service start time: 0.0

	id: 7
		node: 77
		(x, y, z): (103, 119, 3)
		dem: -12
		earl: 1276
		lat: 1516
		servt: 10
		pid: 38
		did: 0
		servST: 1486.7599999999998
		(h, h_ind): (-1, 0)
		load: 0.0

	Finished service at time: 1496.7599999999998

	Using Machine: 4
		Task 7 -> Machine 4 (Station 4): 50.77
		Vehicle arrival at machine station: 1547.5299999999997
		Waiting time until machine travel: 0.0

		Machine travel start time: 1547.5299999999997
		Region 3 -> Region 2: 21.21
		Machine arrival at machine station: 1568.7399999999998

		Machine 4 (Station 3)-> Task 73: 23.77
		Vehicle arrival at task: 1592.5099999999998
		Waiting time until service start time: 0.0

	id: 73
		node: 33
		(x, y, z): (39, 100, 2)
		dem: 31
		earl: 0
		lat: 2482
		servt: 10
		pid: 0
		did: 20
		servST: 1592.5099999999998
		(h, h_ind): (4, 5)
		load: 31.0

	Finished service at time: 1602.5099999999998

	Task 73 -> Task 126: 13.04
	Vehicle arrival at task: 1615.5499999999997
	Waiting time until service start time: 0.0

	id: 126
		node: 59
		(x, y, z): (40, 113, 2)
		dem: 23
		earl: 0
		lat: 2473
		servt: 10
		pid: 0
		did: 14
		servST: 1615.5499999999997
		(h, h_ind): (-1, 0)
		load: 54.0

	Finished service at time: 1625.5499999999997

	Task 126 -> Task 14: 20.12
	Vehicle arrival at task: 1645.6699999999996
	Waiting time until service start time: 0.0

	id: 14
		node: 119
		(x, y, z): (22, 104, 2)
		dem: -23
		earl: 0
		lat: 2467
		servt: 10
		pid: 126
		did: 0
		servST: 1645.6699999999996
		(h, h_ind): (-1, 0)
		load: 31.0

	Finished service at time: 1655.6699999999996

	Task 14 -> Task 20: 22.02
	Vehicle arrival at task: 1677.6899999999996
	Waiting time until service start time: 0.0

	id: 20
		node: 93
		(x, y, z): (8, 87, 2)
		dem: -31
		earl: 1545
		lat: 1785
		servt: 10
		pid: 73
		did: 0
		servST: 1677.6899999999996
		(h, h_ind): (-1, 0)
		load: 0.0

	Finished service at time: 1687.6899999999996

	Task 20 -> Task 121: 19.92
	Vehicle arrival at task: 1707.6099999999997
	Waiting time until service start time: 0.0

	id: 121
		node: 56
		(x, y, z): (2, 106, 2)
		dem: 16
		earl: 1487
		lat: 1727
		servt: 10
		pid: 0
		did: 163
		servST: 1707.6099999999997
		(h, h_ind): (-1, 0)
		load: 16.0

	Finished service at time: 1717.6099999999997

	Task 121 -> Task 93: 25.5
	Vehicle arrival at task: 1743.1099999999997
	Waiting time until service start time: 0.0

	id: 93
		node: 42
		(x, y, z): (13, 129, 2)
		dem: 25
		earl: 0
		lat: 2443
		servt: 10
		pid: 0
		did: 148
		servST: 1743.1099999999997
		(h, h_ind): (-1, 0)
		load: 41.0

	Finished service at time: 1753.1099999999997

	Using Machine: 0
		Task 93 -> Machine 0 (Station 3): 62.94
		Vehicle arrival at machine station: 1816.0499999999997
		Waiting time until machine travel: 0.0

		Machine travel start time: 1816.0499999999997
		Region 2 -> Region 0: 16.97
		Machine arrival at machine station: 1833.0199999999998

		Machine 0 (Station 1)-> Task 80: 2.83
		Vehicle arrival at task: 1835.8499999999997
		Waiting time until service start time: 0.0

	id: 80
		node: 36
		(x, y, z): (71, 70, 0)
		dem: 9
		earl: 0
		lat: 2524
		servt: 10
		pid: 0
		did: 55
		servST: 1835.8499999999997
		(h, h_ind): (0, 6)
		load: 50.0

	Finished service at time: 1845.8499999999997

	Task 80 -> Task 163: 18.79
	Vehicle arrival at task: 1864.6399999999996
	Waiting time until service start time: 0.0

	id: 163
		node: 116
		(x, y, z): (54, 78, 0)
		dem: -16
		earl: 0
		lat: 2508
		servt: 10
		pid: 121
		did: 0
		servST: 1864.6399999999996
		(h, h_ind): (-1, 0)
		load: 34.0

	Finished service at time: 1874.6399999999996

	Task 163 -> Task 148: 4.47
	Vehicle arrival at task: 1879.1099999999997
	Waiting time until service start time: 0.0

	id: 148
		node: 102
		(x, y, z): (58, 80, 0)
		dem: -25
		earl: 1778
		lat: 2018
		servt: 10
		pid: 93
		did: 0
		servST: 1879.1099999999997
		(h, h_ind): (-1, 0)
		load: 9.0

	Finished service at time: 1889.1099999999997

	Using Machine: 1
		Task 148 -> Machine 1 (Station 1): 19.1
		Vehicle arrival at machine station: 1908.2099999999996
		Waiting time until machine travel: 0.0

		Machine travel start time: 1908.2099999999996
		Region 0 -> Region 1: 9.22
		Machine arrival at machine station: 1917.4299999999996

		Machine 1 (Station 2)-> Task 43: 44.82
		Vehicle arrival at task: 1962.2499999999995
		Waiting time until service start time: 0.0

	id: 43
		node: 20
		(x, y, z): (113, 32, 1)
		dem: 36
		earl: 0
		lat: 2468
		servt: 10
		pid: 0
		did: 114
		servST: 1962.2499999999995
		(h, h_ind): (1, 9)
		load: 45.0

	Finished service at time: 1972.2499999999995

	Task 43 -> Task 1: 34.18
	Vehicle arrival at task: 2006.4299999999996
	Waiting time until service start time: 0.0

	id: 1
		node: 2
		(x, y, z): (101, 0, 1)
		dem: 9
		earl: 1932
		lat: 2172
		servt: 10
		pid: 0
		did: 39
		servST: 2006.4299999999996
		(h, h_ind): (-1, 0)
		load: 54.0

	Finished service at time: 2016.4299999999996

	Task 1 -> Task 39: 42.05
	Vehicle arrival at task: 2058.4799999999996
	Waiting time until service start time: 0.0

	id: 39
		node: 62
		(x, y, z): (83, 38, 1)
		dem: -9
		earl: 1846
		lat: 2086
		servt: 10
		pid: 1
		did: 0
		servST: 2058.4799999999996
		(h, h_ind): (-1, 0)
		load: 45.0

	Finished service at time: 2068.4799999999996

	Using Machine: 0
		Task 39 -> Machine 0 (Station 2): 25.08
		Vehicle arrival at machine station: 2093.5599999999995
		Waiting time until machine travel: 0.0

		Machine travel start time: 2093.5599999999995
		Region 1 -> Region 3: 11.4
		Machine arrival at machine station: 2104.9599999999996

		Machine 0 (Station 4)-> Task 55: 15.23
		Vehicle arrival at task: 2120.1899999999996
		Waiting time until service start time: 0.0

	id: 55
		node: 96
		(x, y, z): (84, 88, 3)
		dem: -9
		earl: 0
		lat: 2503
		servt: 10
		pid: 80
		did: 0
		servST: 2120.1899999999996
		(h, h_ind): (0, 7)
		load: 36.0

	Finished service at time: 2130.1899999999996

	Task 55 -> Task 114: 47.51
	Vehicle arrival at task: 2177.7
	Waiting time until service start time: 0.0

	id: 114
		node: 80
		(x, y, z): (115, 124, 3)
		dem: -36
		earl: 0
		lat: 2455
		servt: 10
		pid: 43
		did: 0
		servST: 2177.7
		(h, h_ind): (-1, 0)
		load: 0.0

	Finished service at time: 2187.7

	Using Machine: 0
		Task 114 -> Machine 0 (Station 4): 62.2
		Vehicle arrival at machine station: 2249.8999999999996
		Waiting time until machine travel: 0.0

		Machine travel start time: 2249.8999999999996
		Region 3 -> Region 0: 9.22
		Machine arrival at machine station: 2259.1199999999994

		Machine 0 (Station 1)-> Task 0: 2.24
		Vehicle arrival at task: 2261.359999999999
		Waiting time until service start time: 0.0

	id: 0
		node: 122
		(x, y, z): (70, 70, 0)
		dem: 0
		earl: 0
		lat: 2535
		servt: 0
		pid: 0
		did: 0
		servST: 2261.359999999999
		(h, h_ind): (0, 8)
		load: 0.0


Vehicle 54 :
	id: 0
		node: 1
		(x, y, z): (70, 70, 0)
		dem: 0
		earl: 0
		lat: 2535
		servt: 0
		pid: 0
		did: 0
		servST: 0.0
		(h, h_ind): (-1, 0)
		load: 0.0

	Finished service at time: 0.0

	Task 0 -> Task 74: 31.83
	Vehicle arrival at task: 31.83
	Waiting time until service start time: 0.0

	id: 74
		node: 34
		(x, y, z): (48, 47, 0)
		dem: 19
		earl: 31
		lat: 271
		servt: 10
		pid: 0
		did: 94
		servST: 31.83
		(h, h_ind): (-1, 0)
		load: 19.0

	Finished service at time: 41.83

	Task 74 -> Task 94: 30.41
	Vehicle arrival at task: 72.24
	Waiting time until service start time: 0.0

	id: 94
		node: 94
		(x, y, z): (34, 20, 0)
		dem: -19
		earl: 0
		lat: 2464
		servt: 10
		pid: 74
		did: 0
		servST: 72.24
		(h, h_ind): (-1, 0)
		load: 0.0

	Finished service at time: 82.24

	Using Machine: 1
		Task 94 -> Machine 1 (Station 1): 59.03
		Vehicle arrival at machine station: 141.26999999999998
		Waiting time until machine travel: 0.0

		Machine travel start time: 141.26999999999998
		Region 0 -> Region 1: 9.22
		Machine arrival at machine station: 150.48999999999998

		Machine 1 (Station 2)-> Task 129: 45.25
		Vehicle arrival at task: 195.73999999999998
		Waiting time until service start time: 0.0

	id: 129
		node: 61
		(x, y, z): (110, 28, 1)
		dem: 20
		earl: 0
		lat: 2467
		servt: 10
		pid: 0
		did: 119
		servST: 195.73999999999998
		(h, h_ind): (1, 3)
		load: 20.0

	Finished service at time: 205.73999999999998

	Task 129 -> Task 77: 17.46
	Vehicle arrival at task: 223.2
	Waiting time until service start time: 0.0

	id: 77
		node: 35
		(x, y, z): (103, 44, 1)
		dem: 12
		earl: 0
		lat: 2483
		servt: 10
		pid: 0
		did: 185
		servST: 223.2
		(h, h_ind): (-1, 0)
		load: 32.0

	Finished service at time: 233.2

	Task 77 -> Task 119: 23.35
	Vehicle arrival at task: 256.55
	Waiting time until service start time: 0.0

	id: 119
		node: 121
		(x, y, z): (120, 60, 1)
		dem: -20
		earl: 156
		lat: 396
		servt: 10
		pid: 129
		did: 0
		servST: 256.55
		(h, h_ind): (-1, 0)
		load: 12.0

	Finished service at time: 266.55

	Task 119 -> Task 185: 15.81
	Vehicle arrival at task: 282.36
	Waiting time until service start time: 0.0

	id: 185
		node: 95
		(x, y, z): (135, 65, 1)
		dem: -12
		earl: 0
		lat: 2460
		servt: 10
		pid: 77
		did: 0
		servST: 282.36
		(h, h_ind): (-1, 0)
		load: 0.0

	Finished service at time: 292.36

	Using Machine: 1
		Task 185 -> Machine 1 (Station 2): 57.22
		Vehicle arrival at machine station: 349.58000000000004
		Waiting time until machine travel: 0.0

		Machine travel start time: 349.58000000000004
		Region 1 -> Region 0: 9.22
		Machine arrival at machine station: 358.80000000000007

		Machine 1 (Station 1)-> Task 0: 4.12
		Vehicle arrival at task: 362.9200000000001
		Waiting time until service start time: 0.0

	id: 0
		node: 122
		(x, y, z): (70, 70, 0)
		dem: 0
		earl: 0
		lat: 2535
		servt: 0
		pid: 0
		did: 0
		servST: 362.9200000000001
		(h, h_ind): (1, 5)
		load: 0.0


Vehicle 56 :
	id: 0
		node: 1
		(x, y, z): (70, 70, 0)
		dem: 0
		earl: 0
		lat: 2535
		servt: 0
		pid: 0
		did: 0
		servST: 0.0
		(h, h_ind): (-1, 0)
		load: 0.0

	Finished service at time: 0.0

	Using Machine: 1
		Task 0 -> Machine 1 (Station 1): 4.12
		Vehicle arrival at machine station: 4.12
		Waiting time until machine travel: 0.0

		Machine travel start time: 4.12
		Region 0 -> Region 3: 10.0
		Machine arrival at machine station: 14.120000000000001

		Machine 1 (Station 4)-> Task 18: 2.83
		Vehicle arrival at task: 16.950000000000003
		Waiting time until service start time: 0.0

	id: 18
		node: 11
		(x, y, z): (79, 72, 3)
		dem: 22
		earl: 0
		lat: 2516
		servt: 10
		pid: 0
		did: 196
		servST: 16.950000000000003
		(h, h_ind): (1, 1)
		load: 22.0

	Finished service at time: 26.950000000000003

	Task 18 -> Task 196: 27.78
	Vehicle arrival at task: 54.730000000000004
	Waiting time until service start time: 0.0

	id: 196
		node: 71
		(x, y, z): (103, 86, 3)
		dem: -22
		earl: 0
		lat: 2489
		servt: 10
		pid: 18
		did: 0
		servST: 54.730000000000004
		(h, h_ind): (-1, 0)
		load: 0.0

	Finished service at time: 64.73

	Using Machine: 1
		Task 196 -> Machine 1 (Station 4): 28.64
		Vehicle arrival at machine station: 93.37
		Waiting time until machine travel: 0.0

		Machine travel start time: 93.37
		Region 3 -> Region 0: 10.0
		Machine arrival at machine station: 103.37

		Machine 1 (Station 1)-> Task 62: 37.12
		Vehicle arrival at task: 140.49
		Waiting time until service start time: 0.0

	id: 62
		node: 27
		(x, y, z): (54, 33, 0)
		dem: 20
		earl: 41
		lat: 281
		servt: 10
		pid: 0
		did: 172
		servST: 140.49
		(h, h_ind): (1, 2)
		load: 20.0

	Finished service at time: 150.49

	Task 62 -> Task 54: 43.66
	Vehicle arrival at task: 194.15
	Waiting time until service start time: 0.0

	id: 54
		node: 24
		(x, y, z): (13, 48, 0)
		dem: 15
		earl: 0
		lat: 2464
		servt: 10
		pid: 0
		did: 111
		servST: 194.15
		(h, h_ind): (-1, 0)
		load: 35.0

	Finished service at time: 204.15

	Task 54 -> Task 111: 48.84
	Vehicle arrival at task: 252.99
	Waiting time until service start time: 0.0

	id: 111
		node: 84
		(x, y, z): (61, 57, 0)
		dem: -15
		earl: 0
		lat: 2510
		servt: 10
		pid: 54
		did: 0
		servST: 252.99
		(h, h_ind): (-1, 0)
		load: 20.0

	Finished service at time: 262.99

	Using Machine: 5
		Task 111 -> Machine 5 (Station 1): 17.46
		Vehicle arrival at machine station: 280.45
		Waiting time until machine travel: 0.0

		Machine travel start time: 280.45
		Region 0 -> Region 2: 19.24
		Machine arrival at machine station: 299.69

		Machine 5 (Station 3)-> Task 11: 51.48
		Vehicle arrival at task: 351.17
		Waiting time until service start time: 0.0

	id: 11
		node: 7
		(x, y, z): (37, 138, 2)
		dem: 5
		earl: 0
		lat: 2450
		servt: 10
		pid: 0
		did: 130
		servST: 351.17
		(h, h_ind): (5, 2)
		load: 25.0

	Finished service at time: 361.17

	Using Machine: 4
		Task 11 -> Machine 4 (Station 3): 52.77
		Vehicle arrival at machine station: 413.94
		Waiting time until machine travel: 0.0

		Machine travel start time: 413.94
		Region 2 -> Region 1: 37.59
		Machine arrival at machine station: 451.53

		Machine 4 (Station 2)-> Task 51: 57.25
		Vehicle arrival at task: 508.78
		Waiting time until service start time: 0.0

	id: 51
		node: 22
		(x, y, z): (98, 4, 1)
		dem: 20
		earl: 0
		lat: 2454
		servt: 10
		pid: 0
		did: 120
		servST: 508.78
		(h, h_ind): (4, 2)
		load: 45.0

	Finished service at time: 518.78

	Task 51 -> Task 118: 27.86
	Vehicle arrival at task: 546.64
	Waiting time until service start time: 0.0

	id: 118
		node: 55
		(x, y, z): (108, 30, 1)
		dem: 18
		earl: 323
		lat: 563
		servt: 10
		pid: 0
		did: 59
		servST: 546.64
		(h, h_ind): (-1, 0)
		load: 63.0

	Finished service at time: 556.64

	Task 118 -> Task 120: 17.89
	Vehicle arrival at task: 574.53
	Waiting time until service start time: 0.0

	id: 120
		node: 82
		(x, y, z): (92, 22, 1)
		dem: -20
		earl: 0
		lat: 2473
		servt: 10
		pid: 51
		did: 0
		servST: 574.53
		(h, h_ind): (-1, 0)
		load: 43.0

	Finished service at time: 584.53

	Task 120 -> Task 37: 18.44
	Vehicle arrival at task: 602.97
	Waiting time until service start time: 0.0

	id: 37
		node: 16
		(x, y, z): (106, 10, 1)
		dem: 13
		earl: 0
		lat: 2456
		servt: 10
		pid: 0
		did: 88
		servST: 602.97
		(h, h_ind): (-1, 0)
		load: 56.0

	Finished service at time: 612.97

	Task 37 -> Task 88: 18.44
	Vehicle arrival at task: 631.4100000000001
	Waiting time until service start time: 0.0

	id: 88
		node: 76
		(x, y, z): (120, 22, 1)
		dem: -13
		earl: 396
		lat: 636
		servt: 10
		pid: 37
		did: 0
		servST: 631.4100000000001
		(h, h_ind): (-1, 0)
		load: 43.0

	Finished service at time: 641.4100000000001

	Task 88 -> Task 59: 25.0
	Vehicle arrival at task: 666.4100000000001
	Waiting time until service start time: 0.0

	id: 59
		node: 115
		(x, y, z): (105, 2, 1)
		dem: -18
		earl: 0
		lat: 2449
		servt: 10
		pid: 118
		did: 0
		servST: 666.4100000000001
		(h, h_ind): (-1, 0)
		load: 25.0

	Finished service at time: 676.4100000000001

	Task 59 -> Task 42: 52.2
	Vehicle arrival at task: 728.6100000000001
	Waiting time until service start time: 0.0

	id: 42
		node: 19
		(x, y, z): (120, 52, 1)
		dem: 20
		earl: 0
		lat: 2472
		servt: 10
		pid: 0
		did: 197
		servST: 728.6100000000001
		(h, h_ind): (-1, 0)
		load: 45.0

	Finished service at time: 738.6100000000001

	Task 42 -> Task 172: 46.14
	Vehicle arrival at task: 784.7500000000001
	Waiting time until service start time: 0.0

	id: 172
		node: 87
		(x, y, z): (97, 12, 1)
		dem: -20
		earl: 0
		lat: 2462
		servt: 10
		pid: 62
		did: 0
		servST: 784.7500000000001
		(h, h_ind): (-1, 0)
		load: 25.0

	Finished service at time: 794.7500000000001

	Using Machine: 0
		Task 172 -> Machine 0 (Station 2): 53.45
		Vehicle arrival at machine station: 848.2000000000002
		Waiting time until machine travel: 0.0

		Machine travel start time: 848.2000000000002
		Region 1 -> Region 3: 11.4
		Machine arrival at machine station: 859.6000000000001

		Machine 0 (Station 4)-> Task 96: 10.0
		Vehicle arrival at task: 869.6000000000001
		Waiting time until service start time: 0.0

	id: 96
		node: 44
		(x, y, z): (86, 80, 3)
		dem: 21
		earl: 0
		lat: 2507
		servt: 10
		pid: 0
		did: 60
		servST: 869.6000000000001
		(h, h_ind): (0, 4)
		load: 46.0

	Finished service at time: 879.6000000000001

	Task 96 -> Task 107: 30.61
	Vehicle arrival at task: 910.2100000000002
	Waiting time until service start time: 0.0

	id: 107
		node: 51
		(x, y, z): (110, 99, 3)
		dem: 21
		earl: 0
		lat: 2476
		servt: 10
		pid: 0
		did: 173
		servST: 910.2100000000002
		(h, h_ind): (-1, 0)
		load: 67.0

	Finished service at time: 920.2100000000002

	Task 107 -> Task 197: 27.17
	Vehicle arrival at task: 947.3800000000001
	Waiting time until service start time: 0.0

	id: 197
		node: 79
		(x, y, z): (137, 96, 3)
		dem: -20
		earl: 0
		lat: 2454
		servt: 10
		pid: 42
		did: 0
		servST: 947.3800000000001
		(h, h_ind): (-1, 0)
		load: 47.0

	Finished service at time: 957.3800000000001

	Task 197 -> Task 60: 35.51
	Vehicle arrival at task: 992.8900000000001
	Waiting time until service start time: 0.0

	id: 60
		node: 104
		(x, y, z): (107, 77, 3)
		dem: -21
		earl: 0
		lat: 2488
		servt: 10
		pid: 96
		did: 0
		servST: 992.8900000000001
		(h, h_ind): (-1, 0)
		load: 26.0

	Finished service at time: 1002.8900000000001

	Using Machine: 5
		Task 60 -> Machine 5 (Station 4): 32.02
		Vehicle arrival at machine station: 1034.91
		Waiting time until machine travel: 0.0

		Machine travel start time: 1034.91
		Region 3 -> Region 2: 21.4
		Machine arrival at machine station: 1056.3100000000002

		Machine 5 (Station 3)-> Task 89: 15.26
		Vehicle arrival at task: 1071.5700000000002
		Waiting time until service start time: 0.0

	id: 89
		node: 38
		(x, y, z): (54, 106, 2)
		dem: 9
		earl: 0
		lat: 2486
		servt: 10
		pid: 0
		did: 123
		servST: 1071.5700000000002
		(h, h_ind): (5, 7)
		load: 35.0

	Finished service at time: 1081.5700000000002

	Task 89 -> Task 123: 36.88
	Vehicle arrival at task: 1118.4500000000003
	Waiting time until service start time: 0.0

	id: 123
		node: 98
		(x, y, z): (26, 130, 2)
		dem: -9
		earl: 0
		lat: 2451
		servt: 10
		pid: 89
		did: 0
		servST: 1118.4500000000003
		(h, h_ind): (-1, 0)
		load: 26.0

	Finished service at time: 1128.4500000000003

	Task 123 -> Task 130: 16.12
	Vehicle arrival at task: 1144.5700000000002
	Waiting time until service start time: 0.0

	id: 130
		node: 67
		(x, y, z): (12, 138, 2)
		dem: -5
		earl: 1038
		lat: 1278
		servt: 10
		pid: 11
		did: 0
		servST: 1144.5700000000002
		(h, h_ind): (-1, 0)
		load: 21.0

	Finished service at time: 1154.5700000000002

	Task 130 -> Task 91: 29.7
	Vehicle arrival at task: 1184.2700000000002
	Waiting time until service start time: 0.0

	id: 91
		node: 40
		(x, y, z): (33, 117, 2)
		dem: 20
		earl: 0
		lat: 2466
		servt: 10
		pid: 0
		did: 79
		servST: 1184.2700000000002
		(h, h_ind): (-1, 0)
		load: 41.0

	Finished service at time: 1194.2700000000002

	Task 91 -> Task 79: 11.05
	Vehicle arrival at task: 1205.3200000000002
	Waiting time until service start time: 0.0

	id: 79
		node: 100
		(x, y, z): (44, 116, 2)
		dem: -20
		earl: 0
		lat: 2473
		servt: 10
		pid: 91
		did: 0
		servST: 1205.3200000000002
		(h, h_ind): (-1, 0)
		load: 21.0

	Finished service at time: 1215.3200000000002

	Task 79 -> Task 16: 11.66
	Vehicle arrival at task: 1226.9800000000002
	Waiting time until service start time: 0.0

	id: 16
		node: 10
		(x, y, z): (50, 106, 2)
		dem: 25
		earl: 1221
		lat: 1461
		servt: 10
		pid: 0
		did: 83
		servST: 1226.9800000000002
		(h, h_ind): (-1, 0)
		load: 46.0

	Finished service at time: 1236.9800000000002

	Using Machine: 4
		Task 16 -> Machine 4 (Station 3): 18.6
		Vehicle arrival at machine station: 1255.5800000000002
		Waiting time until machine travel: 0.0

		Machine travel start time: 1255.5800000000002
		Region 2 -> Region 3: 21.21
		Machine arrival at machine station: 1276.7900000000002

		Machine 4 (Station 4)-> Task 69: 27.02
		Vehicle arrival at task: 1303.8100000000002
		Waiting time until service start time: 0.0

	id: 69
		node: 31
		(x, y, z): (103, 77, 3)
		dem: 17
		earl: 1102
		lat: 1342
		servt: 10
		pid: 0
		did: 99
		servST: 1303.8100000000002
		(h, h_ind): (4, 4)
		load: 63.0

	Finished service at time: 1313.8100000000002

	Using Machine: 5
		Task 69 -> Machine 5 (Station 4): 28.02
		Vehicle arrival at machine station: 1341.8300000000002
		Waiting time until machine travel: 0.0

		Machine travel start time: 1341.8300000000002
		Region 3 -> Region 2: 21.4
		Machine arrival at machine station: 1363.2300000000002

		Machine 5 (Station 3)-> Task 173: 27.46
		Vehicle arrival at task: 1390.6900000000003
		Waiting time until service start time: 0.0

	id: 173
		node: 111
		(x, y, z): (67, 120, 2)
		dem: -21
		earl: 1375
		lat: 1615
		servt: 10
		pid: 107
		did: 0
		servST: 1390.6900000000003
		(h, h_ind): (5, 8)
		load: 42.0

	Finished service at time: 1400.6900000000003

	Task 173 -> Task 98: 51.55
	Vehicle arrival at task: 1452.2400000000002
	Waiting time until service start time: 0.0

	id: 98
		node: 45
		(x, y, z): (18, 104, 2)
		dem: 18
		earl: 1287
		lat: 1527
		servt: 10
		pid: 0
		did: 12
		servST: 1452.2400000000002
		(h, h_ind): (-1, 0)
		load: 60.0

	Finished service at time: 1462.2400000000002

	Task 98 -> Task 83: 12.17
	Vehicle arrival at task: 1474.4100000000003
	Waiting time until service start time: 0.0

	id: 83
		node: 70
		(x, y, z): (16, 92, 2)
		dem: -25
		earl: 0
		lat: 2467
		servt: 10
		pid: 16
		did: 0
		servST: 1474.4100000000003
		(h, h_ind): (-1, 0)
		load: 35.0

	Finished service at time: 1484.4100000000003

	Task 83 -> Task 105: 28.16
	Vehicle arrival at task: 1512.5700000000004
	Waiting time until service start time: 0.0

	id: 105
		node: 49
		(x, y, z): (19, 120, 2)
		dem: 16
		earl: 0
		lat: 2454
		servt: 10
		pid: 0
		did: 109
		servST: 1512.5700000000004
		(h, h_ind): (-1, 0)
		load: 51.0

	Finished service at time: 1522.5700000000004

	Using Machine: 5
		Task 105 -> Machine 5 (Station 3): 50.77
		Vehicle arrival at machine station: 1573.3400000000004
		Waiting time until machine travel: 0.0

		Machine travel start time: 1573.3400000000004
		Region 2 -> Region 3: 21.4
		Machine arrival at machine station: 1594.7400000000005

		Machine 5 (Station 4)-> Task 99: 8.6
		Vehicle arrival at task: 1603.3400000000004
		Waiting time until service start time: 0.0

	id: 99
		node: 91
		(x, y, z): (70, 83, 3)
		dem: -17
		earl: 0
		lat: 2512
		servt: 10
		pid: 69
		did: 0
		servST: 1603.3400000000004
		(h, h_ind): (5, 9)
		load: 34.0

	Finished service at time: 1613.3400000000004

	Task 99 -> Task 22: 22.36
	Vehicle arrival at task: 1635.7000000000003
	Waiting time until service start time: 0.0

	id: 22
		node: 12
		(x, y, z): (80, 103, 3)
		dem: 15
		earl: 1428
		lat: 1668
		servt: 10
		pid: 0
		did: 78
		servST: 1635.7000000000003
		(h, h_ind): (-1, 0)
		load: 49.0

	Finished service at time: 1645.7000000000003

	Task 22 -> Task 78: 9.9
	Vehicle arrival at task: 1655.6000000000004
	Waiting time until service start time: 0.0

	id: 78
		node: 72
		(x, y, z): (73, 96, 3)
		dem: -15
		earl: 0
		lat: 2499
		servt: 10
		pid: 22
		did: 0
		servST: 1655.6000000000004
		(h, h_ind): (-1, 0)
		load: 34.0

	Finished service at time: 1665.6000000000004

	Using Machine: 5
		Task 78 -> Machine 5 (Station 4): 20.1
		Vehicle arrival at machine station: 1685.7000000000003
		Waiting time until machine travel: 0.0

		Machine travel start time: 1685.7000000000003
		Region 3 -> Region 0: 10.2
		Machine arrival at machine station: 1695.9000000000003

		Machine 5 (Station 1)-> Task 109: 47.17
		Vehicle arrival at task: 1743.0700000000004
		Waiting time until service start time: 0.0

	id: 109
		node: 109
		(x, y, z): (18, 70, 0)
		dem: -16
		earl: 1504
		lat: 1744
		servt: 10
		pid: 105
		did: 0
		servST: 1743.0700000000004
		(h, h_ind): (5, 10)
		load: 18.0

	Finished service at time: 1753.0700000000004

	Task 109 -> Task 87: 16.12
	Vehicle arrival at task: 1769.1900000000003
	Waiting time until service start time: 0.0

	id: 87
		node: 37
		(x, y, z): (34, 72, 0)
		dem: 21
		earl: 0
		lat: 2489
		servt: 10
		pid: 0
		did: 25
		servST: 1769.1900000000003
		(h, h_ind): (-1, 0)
		load: 39.0

	Finished service at time: 1779.1900000000003

	Task 87 -> Task 25: 7.62
	Vehicle arrival at task: 1786.8100000000002
	Waiting time until service start time: 0.0

	id: 25
		node: 97
		(x, y, z): (37, 79, 0)
		dem: -21
		earl: 0
		lat: 2491
		servt: 10
		pid: 87
		did: 0
		servST: 1786.8100000000002
		(h, h_ind): (-1, 0)
		load: 18.0

	Finished service at time: 1796.8100000000002

	Task 25 -> Task 12: 19.72
	Vehicle arrival at task: 1816.5300000000002
	Waiting time until service start time: 0.0

	id: 12
		node: 105
		(x, y, z): (20, 69, 0)
		dem: -18
		earl: 0
		lat: 2475
		servt: 10
		pid: 98
		did: 0
		servST: 1816.5300000000002
		(h, h_ind): (-1, 0)
		load: 0.0

	Finished service at time: 1826.5300000000002

	Task 12 -> Task 3: 15.62
	Vehicle arrival at task: 1842.15
	Waiting time until service start time: 0.0

	id: 3
		node: 4
		(x, y, z): (30, 57, 0)
		dem: 20
		earl: 0
		lat: 2483
		servt: 10
		pid: 0
		did: 113
		servST: 1842.15
		(h, h_ind): (-1, 0)
		load: 20.0

	Finished service at time: 1852.15

	Task 3 -> Task 113: 17.46
	Vehicle arrival at task: 1869.6100000000001
	Waiting time until service start time: 0.0

	id: 113
		node: 64
		(x, y, z): (37, 73, 0)
		dem: -20
		earl: 0
		lat: 2492
		servt: 10
		pid: 3
		did: 0
		servST: 1869.6100000000001
		(h, h_ind): (-1, 0)
		load: 0.0

	Finished service at time: 1879.6100000000001

	Task 113 -> Task 0: 33.14
	Vehicle arrival at task: 1912.7500000000002
	Waiting time until service start time: 0.0

	id: 0
		node: 122
		(x, y, z): (70, 70, 0)
		dem: 0
		earl: 0
		lat: 2535
		servt: 0
		pid: 0
		did: 0
		servST: 1912.7500000000002
		(h, h_ind): (-1, 0)
		load: 0.0


---------------------| MACHINES |---------------------

Machine 0 :
	setup duration: 0.0

	vehicle: 2
	vehicleInd: 2
	(orig, dest): (0, 67)
	(origRegion, destRegion): (0, 3)
	st: 2.24
	duration: 9.22

	setup duration: 11.4

	vehicle: 22
	vehicleInd: 3
	(orig, dest): (41, 8)
	(origRegion, destRegion): (1, 3)
	st: 41.51
	duration: 11.4

	setup duration: 11.4

	vehicle: 2
	vehicleInd: 17
	(orig, dest): (125, 44)
	(origRegion, destRegion): (1, 3)
	st: 780.03
	duration: 11.4

	setup duration: 11.4

	vehicle: 56
	vehicleInd: 16
	(orig, dest): (172, 96)
	(origRegion, destRegion): (1, 3)
	st: 848.2000000000002
	duration: 11.4

	setup duration: 11.4

	vehicle: 35
	vehicleInd: 19
	(orig, dest): (147, 38)
	(origRegion, destRegion): (1, 3)
	st: 1357.9099999999999
	duration: 11.4

	setup duration: 23.26

	vehicle: 35
	vehicleInd: 28
	(orig, dest): (93, 80)
	(origRegion, destRegion): (2, 0)
	st: 1816.0499999999997
	duration: 16.97

	setup duration: 15.0

	vehicle: 35
	vehicleInd: 34
	(orig, dest): (39, 55)
	(origRegion, destRegion): (1, 3)
	st: 2093.5599999999995
	duration: 11.4

	setup duration: 0.0

	vehicle: 35
	vehicleInd: 36
	(orig, dest): (114, 0)
	(origRegion, destRegion): (3, 0)
	st: 2249.8999999999996
	duration: 9.22


Machine 1 :
	setup duration: 0.0

	vehicle: 56
	vehicleInd: 2
	(orig, dest): (0, 18)
	(origRegion, destRegion): (0, 3)
	st: 4.12
	duration: 10.0

	setup duration: 0.0

	vehicle: 56
	vehicleInd: 4
	(orig, dest): (196, 62)
	(origRegion, destRegion): (3, 0)
	st: 93.37
	duration: 10.0

	setup duration: 0.0

	vehicle: 54
	vehicleInd: 4
	(orig, dest): (94, 129)
	(origRegion, destRegion): (0, 1)
	st: 141.26999999999998
	duration: 9.22

	setup duration: 14.04

	vehicle: 22
	vehicleInd: 6
	(orig, dest): (167, 35)
	(origRegion, destRegion): (3, 0)
	st: 276.21999999999997
	duration: 10.0

	setup duration: 9.22

	vehicle: 54
	vehicleInd: 8
	(orig, dest): (185, 0)
	(origRegion, destRegion): (1, 0)
	st: 349.58000000000004
	duration: 9.22

	setup duration: 0.0

	vehicle: 35
	vehicleInd: 16
	(orig, dest): (144, 124)
	(origRegion, destRegion): (0, 3)
	st: 1067.9399999999998
	duration: 10.0

	setup duration: 14.04

	vehicle: 2
	vehicleInd: 23
	(orig, dest): (23, 17)
	(origRegion, destRegion): (1, 2)
	st: 1210.7599999999998
	duration: 32.76

	setup duration: 32.76

	vehicle: 2
	vehicleInd: 28
	(orig, dest): (65, 106)
	(origRegion, destRegion): (1, 0)
	st: 1514.62
	duration: 9.22

	setup duration: 0.0

	vehicle: 35
	vehicleInd: 31
	(orig, dest): (148, 43)
	(origRegion, destRegion): (0, 1)
	st: 1908.2099999999996
	duration: 9.22


Machine 2 :
	setup duration: 0.0

	vehicle: 35
	vehicleInd: 2
	(orig, dest): (0, 122)
	(origRegion, destRegion): (0, 3)
	st: 2.83
	duration: 9.49

	setup duration: 0.0

	vehicle: 2
	vehicleInd: 4
	(orig, dest): (102, 115)
	(origRegion, destRegion): (3, 1)
	st: 94.86
	duration: 13.04

	setup duration: 0.0

	vehicle: 2
	vehicleInd: 7
	(orig, dest): (61, 127)
	(origRegion, destRegion): (1, 3)
	st: 185.31
	duration: 13.04

	setup duration: 0.0

	vehicle: 2
	vehicleInd: 20
	(orig, dest): (68, 15)
	(origRegion, destRegion): (3, 1)
	st: 1004.0999999999999
	duration: 13.04

	setup duration: 13.04

	vehicle: 35
	vehicleInd: 17
	(orig, dest): (124, 71)
	(origRegion, destRegion): (3, 1)
	st: 1162.6699999999998
	duration: 13.04

	setup duration: 33.97

	vehicle: 2
	vehicleInd: 24
	(orig, dest): (17, 19)
	(origRegion, destRegion): (2, 1)
	st: 1309.2799999999997
	duration: 33.97


Machine 3 :
	setup duration: 0.0

	vehicle: 22
	vehicleInd: 2
	(orig, dest): (0, 41)
	(origRegion, destRegion): (0, 1)
	st: 4.24
	duration: 18.44

	setup duration: 34.66

	vehicle: 35
	vehicleInd: 10
	(orig, dest): (53, 100)
	(origRegion, destRegion): (2, 0)
	st: 701.0200000000001
	duration: 16.28

	setup duration: 16.28

	vehicle: 35
	vehicleInd: 15
	(orig, dest): (85, 144)
	(origRegion, destRegion): (2, 0)
	st: 1005.13
	duration: 16.28


Machine 4 :
	setup duration: 10.2

	vehicle: 35
	vehicleInd: 3
	(orig, dest): (122, 64)
	(origRegion, destRegion): (3, 2)
	st: 109.78999999999999
	duration: 21.21

	setup duration: 0.0

	vehicle: 56
	vehicleInd: 8
	(orig, dest): (11, 51)
	(origRegion, destRegion): (2, 1)
	st: 413.94
	duration: 37.59

	setup duration: 18.25

	vehicle: 35
	vehicleInd: 6
	(orig, dest): (136, 58)
	(origRegion, destRegion): (3, 2)
	st: 478.25
	duration: 21.21

	setup duration: 0.0

	vehicle: 56
	vehicleInd: 26
	(orig, dest): (16, 69)
	(origRegion, destRegion): (2, 3)
	st: 1255.5800000000002
	duration: 21.21

	setup duration: 0.0

	vehicle: 35
	vehicleInd: 22
	(orig, dest): (7, 73)
	(origRegion, destRegion): (3, 2)
	st: 1547.5299999999997
	duration: 21.21


Machine 5 :
	setup duration: 19.24

	vehicle: 35
	vehicleInd: 4
	(orig, dest): (64, 4)
	(origRegion, destRegion): (2, 0)
	st: 223.23000000000002
	duration: 19.24

	setup duration: 0.0

	vehicle: 56
	vehicleInd: 7
	(orig, dest): (111, 11)
	(origRegion, destRegion): (0, 2)
	st: 280.45
	duration: 19.24

	setup duration: 19.24

	vehicle: 35
	vehicleInd: 5
	(orig, dest): (4, 136)
	(origRegion, destRegion): (0, 3)
	st: 329.73
	duration: 10.2

	setup duration: 0.0

	vehicle: 2
	vehicleInd: 14
	(orig, dest): (112, 90)
	(origRegion, destRegion): (3, 2)
	st: 497.05000000000007
	duration: 21.4

	setup duration: 0.0

	vehicle: 2
	vehicleInd: 15
	(orig, dest): (90, 31)
	(origRegion, destRegion): (2, 1)
	st: 600.47
	duration: 38.29

	setup duration: 24.17

	vehicle: 35
	vehicleInd: 12
	(orig, dest): (110, 174)
	(origRegion, destRegion): (0, 2)
	st: 862.73
	duration: 19.24

	setup duration: 21.4

	vehicle: 56
	vehicleInd: 20
	(orig, dest): (60, 89)
	(origRegion, destRegion): (3, 2)
	st: 1034.91
	duration: 21.4

	setup duration: 21.4

	vehicle: 56
	vehicleInd: 27
	(orig, dest): (69, 173)
	(origRegion, destRegion): (3, 2)
	st: 1341.8300000000002
	duration: 21.4

	setup duration: 0.0

	vehicle: 56
	vehicleInd: 31
	(orig, dest): (105, 99)
	(origRegion, destRegion): (2, 3)
	st: 1573.3400000000004
	duration: 21.4

	setup duration: 0.0

	vehicle: 56
	vehicleInd: 34
	(orig, dest): (78, 109)
	(origRegion, destRegion): (3, 0)
	st: 1685.7000000000003
	duration: 10.2


-------------------| COMPL. TIMES |-------------------

Vehicle 0 : 0.0
Vehicle 1 : 0.0
Vehicle 2 : 2000.4399999999994
Vehicle 3 : 0.0
Vehicle 4 : 0.0
Vehicle 5 : 0.0
Vehicle 6 : 0.0
Vehicle 7 : 0.0
Vehicle 8 : 0.0
Vehicle 9 : 0.0
Vehicle 10 : 0.0
Vehicle 11 : 0.0
Vehicle 12 : 0.0
Vehicle 13 : 0.0
Vehicle 14 : 0.0
Vehicle 15 : 0.0
Vehicle 16 : 0.0
Vehicle 17 : 0.0
Vehicle 18 : 0.0
Vehicle 19 : 0.0
Vehicle 20 : 0.0
Vehicle 21 : 0.0
Vehicle 22 : 481.5
Vehicle 23 : 0.0
Vehicle 24 : 0.0
Vehicle 25 : 0.0
Vehicle 26 : 0.0
Vehicle 27 : 0.0
Vehicle 28 : 0.0
Vehicle 29 : 0.0
Vehicle 30 : 0.0
Vehicle 31 : 0.0
Vehicle 32 : 0.0
Vehicle 33 : 0.0
Vehicle 34 : 0.0
Vehicle 35 : 2261.359999999999
Vehicle 36 : 0.0
Vehicle 37 : 0.0
Vehicle 38 : 0.0
Vehicle 39 : 0.0
Vehicle 40 : 0.0
Vehicle 41 : 0.0
Vehicle 42 : 0.0
Vehicle 43 : 0.0
Vehicle 44 : 0.0
Vehicle 45 : 0.0
Vehicle 46 : 0.0
Vehicle 47 : 0.0
Vehicle 48 : 0.0
Vehicle 49 : 0.0
Vehicle 50 : 0.0
Vehicle 51 : 0.0
Vehicle 52 : 0.0
Vehicle 53 : 0.0
Vehicle 54 : 362.9200000000001
Vehicle 55 : 0.0
Vehicle 56 : 1912.7500000000002
Vehicle 57 : 0.0
Vehicle 58 : 0.0
Vehicle 59 : 0.0
-------------------| STATISTICS |-------------------

    Vehicles used                           : 8.3333
    Machines used                           : 100.0
    Max load (vehicles)                     : 100.0
    Min load (vehicles)                     : 37.5
    Mean load (vehicles)                    : 73.75
    Min completion time                     : 14.3164
    Max completion time                     : 89.2055
    Mean completion time                    : 55.3765
    Avrg travel time (with vehicle)         : 6.9617
    Avrg travel time (only with vehicle)    : 4.4254
    Avrg travel time (no vehicle)           : 2.5363
    Avrg waiting time (machine travel)      : 0.0
    Avrg waiting time (service)             : 0.0
    Machines travel times (with vehicle)    : [6.9535, 7.0888, 5.6264, 4.0213, 5.9519, 12.1286]
    Machines travel times (no vehicle)      : [3.3081, 2.7637, 1.8544, 2.0095, 1.1223, 4.1598]
    Max load per vehicle                    : [0.0, 0.0, 91.25, 0.0, 0.0, 0.0, 0.0, 0.0, 0.0, 0.0, 0.0, 0.0, 0.0, 0.0, 0.0, 0.0, 0.0, 0.0, 0.0, 0.0, 0.0, 0.0, 37.5, 0.0, 0.0, 0.0, 0.0, 0.0, 0.0, 0.0, 0.0, 0.0, 0.0, 0.0, 0.0, 100.0, 0.0, 0.0, 0.0, 0.0, 0.0, 0.0, 0.0, 0.0, 0.0, 0.0, 0.0, 0.0, 0.0, 0.0, 0.0, 0.0, 0.0, 0.0, 40.0, 0.0, 100.0, 0.0, 0.0, 0.0]

----------------------------------------------------

TOTAL: 7018.969999999999

Everything is awesome!
