Set parameter WLSAccessID
Set parameter WLSSecret
Set parameter LicenseID to value 2661775
Academic license 2661775 - for non-commercial use only - registered to me___@dcc.ufba.br
Loading line 2: methodType heur
Loading line 3: methodCode mslp
Loading line 4: seed 0
Loading line 5: threads 1
Loading line 6: greedy_service_order random
Loading line 7: outputFlagGrbMSLP 0
Loading line 8: mslpa 60000
Loading line 9: mslpr I
Loading line 10: maxtime 3600
Loading line 11: output ./logs/
Loading line 12: printsol 1
Loading line 13: solverMethod A
Loading line 14: alpha 0.05 # selected from preliminary experiments
Instance: LR2_2_1_t2_60R_60V_02F_05M

[09:14:58.639] Running Data.readData with file /dados/rmelo/PDPTW-SE/benchmark_multi_floor_v3/official_experiments/multistartlp/official/set_01_pt_02/../../../../instances/orig_ams_fg/60R_60V_02F_06M/t2/LR2_2_1/
vehicles: Vehicle[Vehicle(0, 54), Vehicle(1, 67), Vehicle(2, 80), Vehicle(3, 67), Vehicle(4, 67), Vehicle(5, 67), Vehicle(6, 67), Vehicle(7, 54), Vehicle(8, 67), Vehicle(9, 80), Vehicle(10, 54), Vehicle(11, 67), Vehicle(12, 54), Vehicle(13, 54), Vehicle(14, 67), Vehicle(15, 54), Vehicle(16, 67), Vehicle(17, 54), Vehicle(18, 67), Vehicle(19, 54), Vehicle(20, 80), Vehicle(21, 54), Vehicle(22, 67), Vehicle(23, 80), Vehicle(24, 67), Vehicle(25, 67), Vehicle(26, 54), Vehicle(27, 67), Vehicle(28, 54), Vehicle(29, 54), Vehicle(30, 67), Vehicle(31, 80), Vehicle(32, 80), Vehicle(33, 80), Vehicle(34, 54), Vehicle(35, 67), Vehicle(36, 54), Vehicle(37, 80), Vehicle(38, 67), Vehicle(39, 80), Vehicle(40, 67), Vehicle(41, 54), Vehicle(42, 67), Vehicle(43, 80), Vehicle(44, 54), Vehicle(45, 54), Vehicle(46, 54), Vehicle(47, 54), Vehicle(48, 67), Vehicle(49, 67), Vehicle(50, 80), Vehicle(51, 67), Vehicle(52, 54), Vehicle(53, 54), Vehicle(54, 67), Vehicle(55, 54), Vehicle(56, 54), Vehicle(57, 80), Vehicle(58, 54), Vehicle(59, 80)]
vehicle_types: Vehicle[Vehicle(0, 54), Vehicle(1, 67), Vehicle(2, 80)]
Machine[Machine(0, Point[Point(73, 70, 0), Point(73, 70, 1)], 0.2), Machine(1, Point[Point(69, 70, 0), Point(69, 70, 1)], 0.2), Machine(2, Point[Point(75, 70, 0), Point(75, 70, 1)], 0.2), Machine(3, Point[Point(67, 70, 0), Point(67, 70, 1)], 0.2), Machine(4, Point[Point(77, 70, 0), Point(77, 70, 1)], 0.2)]
refs: [1, 2, 4, 5, 8, 9, 11, 13, 14, 15, 16, 17, 18, 19, 20, 21, 22, 24, 25, 26, 27, 29, 32, 34, 37, 38, 39, 42, 44, 45, 47, 48, 49, 50, 51, 52, 54, 55, 57, 58, 60, 61, 68, 70, 72, 73, 76, 77, 78, 80, 81, 83, 84, 85, 86, 90, 91, 93, 94, 97, 98, 59, 92, 65, 31, 101, 104, 119, 40, 3, 115, 114, 7, 121, 35, 56, 63, 113, 87, 28, 64, 111, 82, 33, 53, 117, 118, 107, 95, 100, 103, 96, 105, 6, 43, 110, 99, 88, 108, 120, 74, 109, 106, 36, 89, 112, 69, 116, 62, 41, 102, 67, 79, 12, 30, 71, 66, 75, 46, 23, 10, 1]
V: [1, 2, 3, 4, 5, 6, 7, 8, 9, 10, 11, 12, 13, 14, 15, 16, 17, 18, 19, 20, 21, 22, 23, 24, 25, 26, 27, 28, 29, 30, 31, 32, 33, 34, 35, 36, 37, 38, 39, 40, 41, 42, 43, 44, 45, 46, 47, 48, 49, 50, 51, 52, 53, 54, 55, 56, 57, 58, 59, 60, 61, 62, 63, 64, 65, 66, 67, 68, 69, 70, 71, 72, 73, 74, 75, 76, 77, 78, 79, 80, 81, 82, 83, 84, 85, 86, 87, 88, 89, 90, 91, 92, 93, 94, 95, 96, 97, 98, 99, 100, 101, 102, 103, 104, 105, 106, 107, 108, 109, 110, 111, 112, 113, 114, 115, 116, 117, 118, 119, 120, 121]
V_p: [2, 3, 4, 5, 6, 7, 8, 9, 10, 11, 12, 13, 14, 15, 16, 17, 18, 19, 20, 21, 22, 23, 24, 25, 26, 27, 28, 29, 30, 31, 32, 33, 34, 35, 36, 37, 38, 39, 40, 41, 42, 43, 44, 45, 46, 47, 48, 49, 50, 51, 52, 53, 54, 55, 56, 57, 58, 59, 60, 61]
V_d: [62, 63, 64, 65, 66, 67, 68, 69, 70, 71, 72, 73, 74, 75, 76, 77, 78, 79, 80, 81, 82, 83, 84, 85, 86, 87, 88, 89, 90, 91, 92, 93, 94, 95, 96, 97, 98, 99, 100, 101, 102, 103, 104, 105, 106, 107, 108, 109, 110, 111, 112, 113, 114, 115, 116, 117, 118, 119, 120, 121]
Vprime: [1, 2, 3, 4, 5, 6, 7, 8, 9, 10, 11, 12, 13, 14, 15, 16, 17, 18, 19, 20, 21, 22, 23, 24, 25, 26, 27, 28, 29, 30, 31, 32, 33, 34, 35, 36, 37, 38, 39, 40, 41, 42, 43, 44, 45, 46, 47, 48, 49, 50, 51, 52, 53, 54, 55, 56, 57, 58, 59, 60, 61, 62, 63, 64, 65, 66, 67, 68, 69, 70, 71, 72, 73, 74, 75, 76, 77, 78, 79, 80, 81, 82, 83, 84, 85, 86, 87, 88, 89, 90, 91, 92, 93, 94, 95, 96, 97, 98, 99, 100, 101, 102, 103, 104, 105, 106, 107, 108, 109, 110, 111, 112, 113, 114, 115, 116, 117, 118, 119, 120, 121, 122]
V: [1, 2, 3, 4, 5, 6, 7, 8, 9, 10, 11, 12, 13, 14, 15, 16, 17, 18, 19, 20, 21, 22, 23, 24, 25, 26, 27, 28, 29, 30, 31, 32, 33, 34, 35, 36, 37, 38, 39, 40, 41, 42, 43, 44, 45, 46, 47, 48, 49, 50, 51, 52, 53, 54, 55, 56, 57, 58, 59, 60, 61, 62, 63, 64, 65, 66, 67, 68, 69, 70, 71, 72, 73, 74, 75, 76, 77, 78, 79, 80, 81, 82, 83, 84, 85, 86, 87, 88, 89, 90, 91, 92, 93, 94, 95, 96, 97, 98, 99, 100, 101, 102, 103, 104, 105, 106, 107, 108, 109, 110, 111, 112, 113, 114, 115, 116, 117, 118, 119, 120, 121]
q: [0, 9, 20, 14, 22, 13, 5, 9, 40, 25, 22, 18, 8, 19, 8, 13, 20, 13, 21, 12, 30, 13, 8, 36, 6, 10, 15, 23, 22, 20, 1, 34, 13, 20, 32, 10, 13, 37, 17, 25, 31, 19, 15, 1, 9, 7, 25, 15, 16, 20, 4, 32, 35, 16, 20, 35, 13, 23, 20, 18, 16, -9, -20, -14, -22, -13, -5, -9, -40, -25, -22, -18, -8, -19, -8, -13, -20, -13, -21, -12, -30, -13, -8, -36, -6, -10, -15, -23, -22, -20, -1, -34, -13, -20, -32, -10, -13, -37, -17, -25, -31, -19, -15, -1, -9, -7, -25, -15, -16, -20, -4, -32, -35, -16, -20, -35, -13, -23, -20, -18, -16, 0]
H: [1, 2, 3, 4, 5]
f: [[1, 1, 1, 1, 1], [2, 2, 2, 2, 2], [2, 2, 2, 2, 2], [1, 1, 1, 1, 1], [2, 2, 2, 2, 2], [2, 2, 2, 2, 2], [2, 2, 2, 2, 2], [1, 1, 1, 1, 1], [2, 2, 2, 2, 2], [1, 1, 1, 1, 1], [1, 1, 1, 1, 1], [1, 1, 1, 1, 1], [1, 1, 1, 1, 1], [1, 1, 1, 1, 1], [1, 1, 1, 1, 1], [2, 2, 2, 2, 2], [2, 2, 2, 2, 2], [2, 2, 2, 2, 2], [1, 1, 1, 1, 1], [2, 2, 2, 2, 2], [1, 1, 1, 1, 1], [2, 2, 2, 2, 2], [1, 1, 1, 1, 1], [2, 2, 2, 2, 2], [1, 1, 1, 1, 1], [2, 2, 2, 2, 2], [1, 1, 1, 1, 1], [2, 2, 2, 2, 2], [1, 1, 1, 1, 1], [1, 1, 1, 1, 1], [1, 1, 1, 1, 1], [2, 2, 2, 2, 2], [2, 2, 2, 2, 2], [2, 2, 2, 2, 2], [1, 1, 1, 1, 1], [1, 1, 1, 1, 1], [1, 1, 1, 1, 1], [1, 1, 1, 1, 1], [2, 2, 2, 2, 2], [2, 2, 2, 2, 2], [1, 1, 1, 1, 1], [1, 1, 1, 1, 1], [2, 2, 2, 2, 2], [1, 1, 1, 1, 1], [1, 1, 1, 1, 1], [2, 2, 2, 2, 2], [2, 2, 2, 2, 2], [1, 1, 1, 1, 1], [1, 1, 1, 1, 1], [2, 2, 2, 2, 2], [2, 2, 2, 2, 2], [1, 1, 1, 1, 1], [1, 1, 1, 1, 1], [2, 2, 2, 2, 2], [2, 2, 2, 2, 2], [1, 1, 1, 1, 1], [2, 2, 2, 2, 2], [2, 2, 2, 2, 2], [2, 2, 2, 2, 2], [1, 1, 1, 1, 1], [1, 1, 1, 1, 1], [2, 2, 2, 2, 2], [1, 1, 1, 1, 1], [2, 2, 2, 2, 2], [1, 1, 1, 1, 1], [1, 1, 1, 1, 1], [1, 1, 1, 1, 1], [1, 1, 1, 1, 1], [2, 2, 2, 2, 2], [2, 2, 2, 2, 2], [1, 1, 1, 1, 1], [1, 1, 1, 1, 1], [2, 2, 2, 2, 2], [2, 2, 2, 2, 2], [2, 2, 2, 2, 2], [1, 1, 1, 1, 1], [1, 1, 1, 1, 1], [1, 1, 1, 1, 1], [2, 2, 2, 2, 2], [1, 1, 1, 1, 1], [2, 2, 2, 2, 2], [2, 2, 2, 2, 2], [2, 2, 2, 2, 2], [1, 1, 1, 1, 1], [2, 2, 2, 2, 2], [2, 2, 2, 2, 2], [1, 1, 1, 1, 1], [2, 2, 2, 2, 2], [2, 2, 2, 2, 2], [1, 1, 1, 1, 1], [1, 1, 1, 1, 1], [1, 1, 1, 1, 1], [2, 2, 2, 2, 2], [1, 1, 1, 1, 1], [1, 1, 1, 1, 1], [2, 2, 2, 2, 2], [1, 1, 1, 1, 1], [2, 2, 2, 2, 2], [2, 2, 2, 2, 2], [2, 2, 2, 2, 2], [1, 1, 1, 1, 1], [1, 1, 1, 1, 1], [2, 2, 2, 2, 2], [1, 1, 1, 1, 1], [1, 1, 1, 1, 1], [2, 2, 2, 2, 2], [2, 2, 2, 2, 2], [2, 2, 2, 2, 2], [1, 1, 1, 1, 1], [1, 1, 1, 1, 1], [1, 1, 1, 1, 1], [2, 2, 2, 2, 2], [2, 2, 2, 2, 2], [1, 1, 1, 1, 1], [1, 1, 1, 1, 1], [1, 1, 1, 1, 1], [2, 2, 2, 2, 2], [2, 2, 2, 2, 2], [1, 1, 1, 1, 1], [2, 2, 2, 2, 2], [1, 1, 1, 1, 1], [1, 1, 1, 1, 1]]
1 1 1 -> 0.0
1 2 1 -> 5.0
2 1 1 -> 5.0
2 2 1 -> 0.0
1 1 2 -> 0.0
1 2 2 -> 5.0
2 1 2 -> 5.0
2 2 2 -> 0.0
1 1 3 -> 0.0
1 2 3 -> 5.0
2 1 3 -> 5.0
2 2 3 -> 0.0
1 1 4 -> 0.0
1 2 4 -> 5.0
2 1 4 -> 5.0
2 2 4 -> 0.0
1 1 5 -> 0.0
1 2 5 -> 5.0
2 1 5 -> 5.0
2 2 5 -> 0.0
o: (1, 2, 1) => 5.0
o: (1, 2, 5) => 5.0
o: (1, 2, 3) => 5.0
o: (1, 1, 2) => 0.0
o: (2, 1, 4) => 5.0
o: (1, 2, 2) => 5.0
o: (2, 1, 1) => 5.0
o: (2, 1, 5) => 5.0
o: (2, 1, 3) => 5.0
o: (2, 2, 4) => 0.0
o: (2, 2, 1) => 0.0
o: (2, 2, 5) => 0.0
o: (2, 2, 3) => 0.0
o: (2, 1, 2) => 5.0
o: (1, 1, 4) => 0.0
o: (1, 1, 1) => 0.0
o: (1, 1, 5) => 0.0
o: (1, 1, 3) => 0.0
o: (1, 2, 4) => 5.0
o: (2, 2, 2) => 0.0

[121, 2732, 2722, 2643, 2633, 2638, 2546, 6]
JOBS in the order of refs (Vprime)
Node 1: Job(0, Point(70, 70, 0), 0, 0, 2535, 0, 0, 0)
Node 2: Job(1, Point(101, 0, 1), 9, 1973, 2130, 10, 0, 72)
Node 3: Job(3, Point(30, 57, 1), 20, 912, 1050, 10, 0, 113)
Node 4: Job(4, Point(29, 60, 0), 14, 138, 199, 10, 0, 79)
Node 5: Job(8, Point(78, 111, 1), 22, 112, 222, 10, 0, 40)
Node 6: Job(9, Point(107, 25, 1), 13, 1133, 1176, 10, 0, 129)
Node 7: Job(11, Point(37, 138, 1), 5, 866, 932, 10, 0, 141)
Node 8: Job(13, Point(121, 123, 0), 9, 1009, 1167, 10, 0, 187)
Node 9: Job(15, Point(137, 7, 1), 40, 631, 735, 10, 0, 51)
Node 10: Job(16, Point(50, 106, 0), 25, 1254, 1429, 10, 0, 2)
Node 11: Job(18, Point(79, 72, 0), 22, 9, 147, 10, 0, 178)
Node 12: Job(19, Point(104, 32, 0), 18, 528, 670, 10, 0, 175)
Node 13: Job(21, Point(109, 139, 0), 8, 469, 555, 10, 0, 6)
Node 14: Job(23, Point(78, 63, 0), 19, 10, 128, 10, 0, 195)
Node 15: Job(26, Point(64, 132, 0), 8, 168, 411, 10, 0, 45)
Node 16: Job(27, Point(133, 130, 1), 13, 900, 998, 10, 0, 68)
Node 17: Job(28, Point(39, 13, 1), 20, 1490, 1637, 10, 0, 76)
Node 18: Job(31, Point(140, 42, 1), 13, 412, 512, 10, 0, 167)
Node 19: Job(32, Point(121, 124, 0), 21, 575, 744, 10, 0, 107)
Node 20: Job(33, Point(42, 29, 1), 12, 238, 362, 10, 0, 35)
Node 21: Job(34, Point(44, 58, 0), 30, 47, 182, 10, 0, 78)
Node 22: Job(36, Point(41, 36, 1), 13, 203, 328, 10, 0, 165)
Node 23: Job(41, Point(81, 57, 0), 8, 33, 104, 10, 0, 101)
Node 24: Job(43, Point(113, 32, 1), 36, 589, 683, 10, 0, 42)
Node 25: Job(47, Point(90, 44, 0), 6, 240, 298, 10, 0, 65)
Node 26: Job(48, Point(139, 73, 1), 10, 339, 477, 10, 0, 184)
Node 27: Job(49, Point(89, 24, 0), 15, 1226, 1302, 10, 0, 185)
Node 28: Job(53, Point(60, 84, 1), 23, 1914, 2059, 10, 0, 154)
Node 29: Job(56, Point(86, 40, 0), 22, 80, 192, 10, 0, 118)
Node 30: Job(57, Point(69, 115, 0), 20, 836, 1006, 10, 0, 126)
Node 31: Job(59, Point(105, 2, 0), 1, 891, 1019, 10, 0, 140)
Node 32: Job(60, Point(107, 77, 1), 34, 83, 219, 10, 0, 119)
Node 33: Job(61, Point(104, 54, 1), 13, 208, 333, 10, 0, 143)
Node 34: Job(62, Point(54, 33, 1), 20, 118, 204, 10, 0, 5)
Node 35: Job(63, Point(32, 52, 0), 32, 557, 771, 10, 0, 55)
Node 36: Job(64, Point(37, 125, 0), 10, 1328, 1540, 10, 0, 163)
Node 37: Job(66, Point(38, 122, 0), 13, 941, 1052, 10, 0, 123)
Node 38: Job(67, Point(85, 75, 0), 37, 22, 186, 10, 0, 108)
Node 39: Job(69, Point(103, 77, 1), 17, 1203, 1242, 10, 0, 156)
Node 40: Job(71, Point(139, 68, 1), 25, 275, 472, 10, 0, 191)
Node 41: Job(73, Point(39, 100, 0), 31, 274, 374, 10, 0, 91)
Node 42: Job(74, Point(48, 47, 0), 19, 94, 161, 10, 0, 161)
Node 43: Job(82, Point(36, 54, 1), 15, 1482, 1614, 10, 0, 153)
Node 44: Job(85, Point(27, 104, 0), 1, 2014, 2124, 10, 0, 46)
Node 45: Job(89, Point(54, 106, 0), 9, 1204, 1270, 10, 0, 109)
Node 46: Job(90, Point(63, 129, 1), 7, 817, 954, 10, 0, 166)
Node 47: Job(93, Point(13, 129, 1), 25, 1414, 1517, 10, 0, 83)
Node 48: Job(94, Point(34, 20, 0), 15, 636, 689, 10, 0, 180)
Node 49: Job(95, Point(114, 109, 0), 16, 326, 412, 10, 0, 75)
Node 50: Job(97, Point(33, 0, 1), 20, 1920, 2060, 10, 0, 52)
Node 51: Job(100, Point(12, 48, 1), 4, 234, 351, 10, 0, 133)
Node 52: Job(103, Point(116, 22, 0), 32, 558, 663, 10, 0, 81)
Node 53: Job(104, Point(27, 46, 0), 35, 839, 953, 10, 0, 96)
Node 54: Job(105, Point(19, 120, 1), 16, 1102, 1107, 10, 0, 12)
Node 55: Job(106, Point(23, 39, 1), 20, 1419, 1514, 10, 0, 39)
Node 56: Job(111, Point(61, 57, 0), 35, 1486, 1633, 10, 0, 86)
Node 57: Job(112, Point(123, 84, 1), 13, 1652, 1800, 10, 0, 80)
Node 58: Job(116, Point(89, 39, 1), 23, 101, 190, 10, 0, 92)
Node 59: Job(117, Point(65, 0, 1), 20, 282, 432, 10, 0, 58)
Node 60: Job(120, Point(92, 22, 0), 18, 758, 882, 10, 0, 29)
Node 61: Job(121, Point(2, 106, 0), 16, 1541, 1673, 10, 0, 10)
Node 62: Job(72, Point(88, 29, 1), -9, 2254, 2377, 10, 1, 0)
Node 63: Job(113, Point(37, 73, 0), -20, 1358, 1449, 10, 3, 0)
Node 64: Job(79, Point(44, 116, 1), -14, 199, 345, 10, 4, 0)
Node 65: Job(40, Point(132, 133, 0), -22, 571, 667, 10, 8, 0)
Node 66: Job(129, Point(110, 28, 0), -13, 1236, 1328, 10, 9, 0)
Node 67: Job(141, Point(49, 140, 0), -5, 944, 1048, 10, 11, 0)
Node 68: Job(187, Point(104, 139, 0), -9, 1338, 1466, 10, 13, 0)
Node 69: Job(51, Point(98, 4, 1), -40, 694, 847, 10, 15, 0)
Node 70: Job(2, Point(26, 50, 1), -25, 1552, 1667, 10, 16, 0)
Node 71: Job(178, Point(138, 78, 0), -22, 787, 951, 10, 18, 0)
Node 72: Job(175, Point(90, 14, 0), -18, 1866, 1965, 10, 19, 0)
Node 73: Job(6, Point(137, 137, 1), -8, 489, 650, 10, 21, 0)
Node 74: Job(195, Point(138, 24, 1), -19, 705, 851, 10, 23, 0)
Node 75: Job(45, Point(82, 103, 1), -8, 192, 280, 10, 26, 0)
Node 76: Job(68, Point(109, 131, 0), -13, 934, 1066, 10, 27, 0)
Node 77: Job(76, Point(9, 19, 0), -20, 1487, 1646, 10, 28, 0)
Node 78: Job(167, Point(137, 84, 0), -13, 479, 558, 10, 31, 0)
Node 79: Job(107, Point(110, 99, 1), -21, 1227, 1315, 10, 32, 0)
Node 80: Job(35, Point(32, 6, 0), -12, 401, 479, 10, 33, 0)
Node 81: Job(78, Point(73, 96, 1), -30, 656, 793, 10, 34, 0)
Node 82: Job(165, Point(28, 62, 1), -13, 815, 873, 10, 36, 0)
Node 83: Job(101, Point(139, 72, 1), -8, 1349, 1466, 10, 41, 0)
Node 84: Job(42, Point(120, 52, 0), -36, 1517, 1598, 10, 43, 0)
Node 85: Job(65, Point(99, 34, 1), -6, 295, 432, 10, 47, 0)
Node 86: Job(184, Point(119, 73, 1), -10, 476, 581, 10, 48, 0)
Node 87: Job(185, Point(135, 65, 0), -15, 1313, 1517, 10, 49, 0)
Node 88: Job(154, Point(58, 95, 1), -23, 1949, 2050, 10, 53, 0)
Node 89: Job(118, Point(108, 30, 1), -22, 381, 504, 10, 56, 0)
Node 90: Job(126, Point(40, 113, 0), -20, 1838, 2094, 10, 57, 0)
Node 91: Job(140, Point(112, 13, 0), -1, 2095, 2224, 10, 59, 0)
Node 92: Job(119, Point(120, 60, 0), -34, 216, 337, 10, 60, 0)
Node 93: Job(143, Point(120, 47, 1), -13, 129, 312, 10, 61, 0)
Node 94: Job(5, Point(69, 116, 0), -20, 1381, 1493, 10, 62, 0)
Node 95: Job(55, Point(84, 88, 0), -32, 1428, 1541, 10, 63, 0)
Node 96: Job(163, Point(54, 78, 1), -10, 2204, 2315, 10, 64, 0)
Node 97: Job(123, Point(26, 130, 0), -13, 1089, 1172, 10, 66, 0)
Node 98: Job(108, Point(15, 18, 1), -37, 1581, 1739, 10, 67, 0)
Node 99: Job(156, Point(97, 115, 1), -17, 1478, 1589, 10, 69, 0)
Node 100: Job(191, Point(125, 68, 1), -25, 793, 863, 10, 71, 0)
Node 101: Job(91, Point(33, 117, 0), -31, 365, 507, 10, 73, 0)
Node 102: Job(161, Point(46, 133, 0), -19, 321, 403, 10, 74, 0)
Node 103: Job(153, Point(35, 90, 1), -15, 1790, 1896, 10, 82, 0)
Node 104: Job(46, Point(10, 111, 0), -1, 1975, 2088, 10, 85, 0)
Node 105: Job(109, Point(18, 70, 0), -9, 1531, 1717, 10, 89, 0)
Node 106: Job(166, Point(55, 127, 1), -7, 1028, 1160, 10, 90, 0)
Node 107: Job(83, Point(16, 92, 1), -25, 1430, 1561, 10, 93, 0)
Node 108: Job(180, Point(29, 94, 1), -15, 1099, 1240, 10, 94, 0)
Node 109: Job(75, Point(104, 73, 0), -16, 990, 1124, 10, 95, 0)
Node 110: Job(52, Point(61, 34, 0), -20, 1969, 2050, 10, 97, 0)
Node 111: Job(133, Point(50, 112, 0), -4, 929, 1045, 10, 100, 0)
Node 112: Job(81, Point(83, 12, 1), -32, 911, 1050, 10, 103, 0)
Node 113: Job(96, Point(86, 80, 1), -35, 1930, 2118, 10, 104, 0)
Node 114: Job(12, Point(20, 69, 0), -16, 1472, 1673, 10, 105, 0)
Node 115: Job(39, Point(83, 38, 0), -20, 1885, 2046, 10, 106, 0)
Node 116: Job(86, Point(67, 96, 0), -35, 1975, 2081, 10, 111, 0)
Node 117: Job(80, Point(71, 70, 1), -13, 1916, 2047, 10, 112, 0)
Node 118: Job(92, Point(102, 52, 1), -23, 625, 766, 10, 116, 0)
Node 119: Job(58, Point(59, 115, 0), -20, 1239, 1392, 10, 117, 0)
Node 120: Job(29, Point(120, 14, 1), -18, 1030, 1159, 10, 120, 0)
Node 121: Job(10, Point(17, 138, 0), -16, 1719, 1861, 10, 121, 0)
Node 122: Job(0, Point(70, 70, 0), 0, 0, 2535, 0, 0, 0)

### Preprocessing Data ###
	-> arcs: 14884 (100.0%)
	-> arc_removals: 10832 (72.78%)
	-> arc_removals_is_loop: 122 (0.82%)
	-> arc_removals_is_delivery_to_pickup: 62 (0.42%)
	-> arc_removals_is_depot_begin_to_delivery: 60 (0.4%)
	-> arc_removals_is_pickup_to_depot_end: 60 (0.4%)
	-> arc_removals_is_dest_depot_begin: 120 (0.81%)
	-> arc_removals_is_orig_depot_end: 119 (0.8%)
	-> arc_removals_is_capacity_violated: 0 (0.0%)
	-> arc_removals_is_time_window_limited: 7039 (47.29%)
	-> arc_removals_is_time_window_pairing_limited: 2517 (16.91%)
	-> arc_removals_is_indirect_request_service_impossible: 733 (4.92%)
	-> gamma_vars: 0 (0%)
	-> feas_gamma_vars: 0 (0%)
	-> infeas_gamma_vars_is_next_mtrv_unreachable: 0 (0%)
	-> infeas_gamma_vars_is_iprime_jprime_eq_i_j: 0 (0%)
	-> machine_removal_for_an_arc: 0 (0.0%)
##########################

[09:15:12.335] Print configuration
------------------------------------------------------
"
[09:15:12.335] Running Multi Start Heuristic"
> Experiment started at 2025-10-17T09:15:12.335
> Instance: LR2_2_1_t2_60R_60V_02F_05M
> Algorithm Parameters:


	>Stop params:
		>  - rule ITERATIONS
		>  - argument 60000.0
		>  - maximum_time 3600

	>General params:
		>  - instPath /dados/rmelo/PDPTW-SE/benchmark_multi_floor_v3/official_experiments/multistartlp/official/set_01_pt_02/../../../../instances/orig_ams_fg/60R_60V_02F_06M/t2/LR2_2_1/
		>  - name LR2_2_1
		>  - type t2
		>  - group 60R_60V_02F_05M
		>  - fullname LR2_2_1_t2_60R_60V_02F_05M
		>  - methodType heur
		>  - methodCode mslp
		>  - genconfigfile /dados/rmelo/PDPTW-SE/benchmark_multi_floor_v3/official_experiments/multistartlp/official/set_01_pt_02/configs/genconfig_mslp.conf
		>  - genconfigfilename genconfig_mslp
		>  - greedy_service_order random
		>  - cutoff 0
		>  - cutoffmachs 5
		>  - num_machs 0
		>  - solver Gurobi
		>  - maxtime 3600
		>  - gurobiCuts 1
		>  - typeUserCut 0
		>  - mipPresolve -1
		>  - printsol 1
		>  - maxnodes -1
		>  - elevator 1
		>  - make_instance_feasible false
		>  - output /dados/rmelo/PDPTW-SE/benchmark_multi_floor_v3/official_experiments/multistartlp/official/set_01_pt_02/logs
		>  - suff_outputs _seed_126
		>  - suff_csv _bash_2
		>  - epsilon 0.005
		>  - epsilonCap 0.5
		>  - warmStart false
		>  - seed 126
		>  - rng Random.MersenneTwister(126)
		>  - alpha 0.05
		>  - maxiter 1000000
		>  - outputFlagGrbMIP 0
		>  - outputFlagGrbMSLP 0
		>  - outputFlagGrbLMNS 0
		>  - mslpr I
		>  - mslpa 60000
		>  - lmnsr M
		>  - lmnsa 60
		>  - lmnsRepairTime 30.0
		>  - lmnsMIPFocus 0
		>  - lmnsGapToBiggerDestruction 50
		>  - lmnsGapToSmallerDestruction 95
		>  - lmnsWeightShawDistProx 1.0
		>  - lmnsWeightShawEarlProx 1.0
		>  - lmnsWeightShawSameRoute 1.0
		>  - lmnsWeightShawDemandSim 1.0
		>  - lmnsReqRApplyMIPStart true
		>  - lmnsAcceptanceCriteria H
		>  - lmnsMetropolisTemp 100.0
		>  - lmnsSimulatedAnnealingTemp 100.0
		>  - lmnsSimulatedAnnealingCool 0.95
		>  - mipmaxtime 3600
		>  - csvfilename /dados/rmelo/PDPTW-SE/benchmark_multi_floor_v3/official_experiments/multistartlp/official/set_01_pt_02/logs/heur_mslp/outputs/csvresults_heur_mslp_bash_2.csv
		>  - solfilename /dados/rmelo/PDPTW-SE/benchmark_multi_floor_v3/official_experiments/multistartlp/official/set_01_pt_02/logs/heur_mslp/solutions/60R_60V_02F_05M/LR2_2_1_sol_genconfig_mslp_seed_126.txt
		>  - timelineFilename /dados/rmelo/PDPTW-SE/benchmark_multi_floor_v3/official_experiments/multistartlp/official/set_01_pt_02/logs/heur_mslp/timelines/60R_60V_02F_05M/LR2_2_1_timeline_genconfig_mslp_seed_126.txt
		>  - grbFilename /dados/rmelo/PDPTW-SE/benchmark_multi_floor_v3/official_experiments/multistartlp/official/set_01_pt_02/logs/heur_mslp/gurobi/60R_60V_02F_05M/LR2_2_1_grb_genconfig_mslp_seed_126.log
		>  - threads 1
		>  - solverMethod AUTOMATIC

------------------------------------------------------

[09:15:12.476] Starting running MSLP
objValue;greedysol;iteration;time
15788.79;16712.32;1;0.047268
15284.06;16321.59;10;1.093432
14889.58;16023.48;15;1.272254
14673.73;15549.11;44;2.551163
14584.40;15657.51;50;2.828880
14430.58;15305.98;287;12.664270
14125.07;15041.30;309;13.554232
13993.71;14828.29;329;14.396446
13667.39;14590.88;2509;106.641583
13553.40;14173.71;8868;378.097501
13419.40;14248.35;32814;1391.414688
13263.65;14096.33;45659;1932.729381

[09:58:13.925] Finished running MSLP
System CPU time: 29.99 seconds

[09:58:14.025] Post running MSLP
Best solution value: 13263.65
Total time elapsed: 2536.215506
Time to best: 1932.729381
Iterations: 60000
Iterations to best: 45659
Improvements: 12
Infeasible solutions percentage: (19841 / 60000) = 33.0683 %
(LP improvements)/(LP runs) = 40159/40159 = 100.0000 %
Mean LP improvement percentage: 7.0544 %
[09:58:14.375] Writing results to CSV file: /dados/rmelo/PDPTW-SE/benchmark_multi_floor_v3/official_experiments/multistartlp/official/set_01_pt_02/logs/heur_mslp/outputs/csvresults_heur_mslp_bash_2.csv

[09:58:17.252] Saving solution to file:/dados/rmelo/PDPTW-SE/benchmark_multi_floor_v3/official_experiments/multistartlp/official/set_01_pt_02/logs/heur_mslp/solutions/60R_60V_02F_05M/LR2_2_1_sol_genconfig_mslp_seed_126.txt

[09:58:17.252] Saving solution timeline to file: /dados/rmelo/PDPTW-SE/benchmark_multi_floor_v3/official_experiments/multistartlp/official/set_01_pt_02/logs/heur_mslp/timelines/60R_60V_02F_05M/LR2_2_1_timeline_genconfig_mslp_seed_126.txt
---------------------| VEHICLES |---------------------

Vehicle 2 :
	id: 0
		node: 1
		(x, y, z): (70, 70, 0)
		dem: 0
		earl: 0
		lat: 2535
		servt: 0
		pid: 0
		did: 0
		servST: 73.15
		(h, h_ind): (-1, 0)
		load: 0.0

	Finished service at time: 73.15

	Task 0 -> Task 74: 31.83
	Vehicle arrival at task: 104.98
	Waiting time until service start time: 0.0

	id: 74
		node: 42
		(x, y, z): (48, 47, 0)
		dem: 19
		earl: 94
		lat: 161
		servt: 10
		pid: 0
		did: 161
		servST: 104.98
		(h, h_ind): (-1, 0)
		load: 19.0

	Finished service at time: 114.98

	Task 74 -> Task 4: 23.02
	Vehicle arrival at task: 138.0
	Waiting time until service start time: 0.0

	id: 4
		node: 4
		(x, y, z): (29, 60, 0)
		dem: 14
		earl: 138
		lat: 199
		servt: 10
		pid: 0
		did: 79
		servST: 138.0
		(h, h_ind): (-1, 0)
		load: 33.0

	Finished service at time: 148.0

	Using Machine: 3
		Task 4 -> Machine 3 (Station 1): 39.29
		Vehicle arrival at machine station: 187.29
		Waiting time until machine travel: 0.0

		Machine travel start time: 187.29
		Region 0 -> Region 1: 5.0
		Machine arrival at machine station: 192.29

		Machine 3 (Station 2)-> Task 79: 51.43
		Vehicle arrival at task: 243.72
		Waiting time until service start time: 0.0

	id: 79
		node: 64
		(x, y, z): (44, 116, 1)
		dem: -14
		earl: 199
		lat: 345
		servt: 10
		pid: 4
		did: 0
		servST: 243.72
		(h, h_ind): (3, 1)
		load: 19.0

	Finished service at time: 253.72

	Using Machine: 1
		Task 79 -> Machine 1 (Station 2): 52.35
		Vehicle arrival at machine station: 306.07
		Waiting time until machine travel: 0.0

		Machine travel start time: 306.07
		Region 1 -> Region 0: 5.0
		Machine arrival at machine station: 311.07

		Machine 1 (Station 1)-> Task 161: 67.07
		Vehicle arrival at task: 378.14
		Waiting time until service start time: 0.0

	id: 161
		node: 102
		(x, y, z): (46, 133, 0)
		dem: -19
		earl: 321
		lat: 403
		servt: 10
		pid: 74
		did: 0
		servST: 378.14
		(h, h_ind): (1, 3)
		load: 0.0

	Finished service at time: 388.14

	Task 161 -> Task 0: 67.42
	Vehicle arrival at task: 455.56
	Waiting time until service start time: 0.0

	id: 0
		node: 122
		(x, y, z): (70, 70, 0)
		dem: 0
		earl: 0
		lat: 2535
		servt: 0
		pid: 0
		did: 0
		servST: 455.56
		(h, h_ind): (-1, 0)
		load: 0.0


Vehicle 20 :
	id: 0
		node: 1
		(x, y, z): (70, 70, 0)
		dem: 0
		earl: 0
		lat: 2535
		servt: 0
		pid: 0
		did: 0
		servST: 86.97
		(h, h_ind): (-1, 0)
		load: 0.0

	Finished service at time: 86.97

	Task 0 -> Task 41: 17.03
	Vehicle arrival at task: 104.0
	Waiting time until service start time: 0.0

	id: 41
		node: 23
		(x, y, z): (81, 57, 0)
		dem: 8
		earl: 33
		lat: 104
		servt: 10
		pid: 0
		did: 101
		servST: 104.0
		(h, h_ind): (-1, 0)
		load: 8.0

	Finished service at time: 114.0

	Using Machine: 1
		Task 41 -> Machine 1 (Station 1): 17.69
		Vehicle arrival at machine station: 131.69
		Waiting time until machine travel: 46.88

		Machine travel start time: 178.56999999999994
		Region 0 -> Region 1: 5.0
		Machine arrival at machine station: 183.56999999999994

		Machine 1 (Station 2)-> Task 36: 44.05
		Vehicle arrival at task: 227.61999999999995
		Waiting time until service start time: 0.0

	id: 36
		node: 22
		(x, y, z): (41, 36, 1)
		dem: 13
		earl: 203
		lat: 328
		servt: 10
		pid: 0
		did: 165
		servST: 227.61999999999995
		(h, h_ind): (1, 2)
		load: 21.0

	Finished service at time: 237.61999999999995

	Using Machine: 3
		Task 36 -> Machine 3 (Station 2): 42.8
		Vehicle arrival at machine station: 280.41999999999996
		Waiting time until machine travel: 0.0

		Machine travel start time: 280.41999999999996
		Region 1 -> Region 0: 5.0
		Machine arrival at machine station: 285.41999999999996

		Machine 3 (Station 1)-> Task 73: 41.04
		Vehicle arrival at task: 326.46
		Waiting time until service start time: 0.0

	id: 73
		node: 41
		(x, y, z): (39, 100, 0)
		dem: 31
		earl: 274
		lat: 374
		servt: 10
		pid: 0
		did: 91
		servST: 326.46
		(h, h_ind): (3, 2)
		load: 52.0

	Finished service at time: 336.46

	Task 73 -> Task 95: 75.54
	Vehicle arrival at task: 412.0
	Waiting time until service start time: 0.0

	id: 95
		node: 49
		(x, y, z): (114, 109, 0)
		dem: 16
		earl: 326
		lat: 412
		servt: 10
		pid: 0
		did: 75
		servST: 412.0
		(h, h_ind): (-1, 0)
		load: 68.0

	Finished service at time: 422.0

	Task 95 -> Task 91: 81.39
	Vehicle arrival at task: 503.39
	Waiting time until service start time: 3.61

	id: 91
		node: 101
		(x, y, z): (33, 117, 0)
		dem: -31
		earl: 365
		lat: 507
		servt: 10
		pid: 73
		did: 0
		servST: 507.0
		(h, h_ind): (-1, 0)
		load: 37.0

	Finished service at time: 517.0

	Using Machine: 2
		Task 91 -> Machine 2 (Station 1): 63.03
		Vehicle arrival at machine station: 580.03
		Waiting time until machine travel: 44.23

		Machine travel start time: 624.26
		Region 0 -> Region 1: 5.0
		Machine arrival at machine station: 629.26

		Machine 2 (Station 2)-> Task 43: 53.74
		Vehicle arrival at task: 683.0
		Waiting time until service start time: 0.0

	id: 43
		node: 24
		(x, y, z): (113, 32, 1)
		dem: 36
		earl: 589
		lat: 683
		servt: 10
		pid: 0
		did: 42
		servST: 683.0
		(h, h_ind): (2, 3)
		load: 73.0

	Finished service at time: 693.0

	Task 43 -> Task 165: 90.14
	Vehicle arrival at task: 783.14
	Waiting time until service start time: 31.86

	id: 165
		node: 82
		(x, y, z): (28, 62, 1)
		dem: -13
		earl: 815
		lat: 873
		servt: 10
		pid: 36
		did: 0
		servST: 815.0
		(h, h_ind): (-1, 0)
		load: 60.0

	Finished service at time: 825.0

	Task 165 -> Task 90: 75.59
	Vehicle arrival at task: 900.59
	Waiting time until service start time: 0.0

	id: 90
		node: 46
		(x, y, z): (63, 129, 1)
		dem: 7
		earl: 817
		lat: 954
		servt: 10
		pid: 0
		did: 166
		servST: 900.59
		(h, h_ind): (-1, 0)
		load: 67.0

	Finished service at time: 910.59

	Using Machine: 2
		Task 90 -> Machine 2 (Station 2): 60.21
		Vehicle arrival at machine station: 970.8000000000001
		Waiting time until machine travel: 0.0

		Machine travel start time: 970.8000000000001
		Region 1 -> Region 0: 5.0
		Machine arrival at machine station: 975.8000000000001

		Machine 2 (Station 1)-> Task 75: 29.15
		Vehicle arrival at task: 1004.95
		Waiting time until service start time: 0.0

	id: 75
		node: 109
		(x, y, z): (104, 73, 0)
		dem: -16
		earl: 990
		lat: 1124
		servt: 10
		pid: 95
		did: 0
		servST: 1004.95
		(h, h_ind): (2, 4)
		load: 51.0

	Finished service at time: 1014.95

	Using Machine: 4
		Task 75 -> Machine 4 (Station 1): 27.17
		Vehicle arrival at machine station: 1042.1200000000001
		Waiting time until machine travel: 0.0

		Machine travel start time: 1042.1200000000001
		Region 0 -> Region 1: 5.0
		Machine arrival at machine station: 1047.1200000000001

		Machine 4 (Station 2)-> Task 166: 61.1
		Vehicle arrival at task: 1108.22
		Waiting time until service start time: 0.0

	id: 166
		node: 106
		(x, y, z): (55, 127, 1)
		dem: -7
		earl: 1028
		lat: 1160
		servt: 10
		pid: 90
		did: 0
		servST: 1108.22
		(h, h_ind): (4, 15)
		load: 44.0

	Finished service at time: 1118.22

	Using Machine: 0
		Task 166 -> Machine 0 (Station 2): 59.77
		Vehicle arrival at machine station: 1177.99
		Waiting time until machine travel: 0.0

		Machine travel start time: 1177.99
		Region 1 -> Region 0: 5.0
		Machine arrival at machine station: 1182.99

		Machine 0 (Station 1)-> Task 49: 48.7
		Vehicle arrival at task: 1231.69
		Waiting time until service start time: 0.0

	id: 49
		node: 27
		(x, y, z): (89, 24, 0)
		dem: 15
		earl: 1226
		lat: 1302
		servt: 10
		pid: 0
		did: 185
		servST: 1231.69
		(h, h_ind): (0, 3)
		load: 59.0

	Finished service at time: 1241.69

	Using Machine: 4
		Task 49 -> Machine 4 (Station 1): 47.54
		Vehicle arrival at machine station: 1289.23
		Waiting time until machine travel: 0.0

		Machine travel start time: 1289.23
		Region 0 -> Region 1: 5.0
		Machine arrival at machine station: 1294.23

		Machine 4 (Station 2)-> Task 101: 62.03
		Vehicle arrival at task: 1356.26
		Waiting time until service start time: 0.0

	id: 101
		node: 83
		(x, y, z): (139, 72, 1)
		dem: -8
		earl: 1349
		lat: 1466
		servt: 10
		pid: 41
		did: 0
		servST: 1356.26
		(h, h_ind): (4, 20)
		load: 51.0

	Finished service at time: 1366.26

	Using Machine: 4
		Task 101 -> Machine 4 (Station 2): 62.03
		Vehicle arrival at machine station: 1428.29
		Waiting time until machine travel: 0.0

		Machine travel start time: 1428.29
		Region 1 -> Region 0: 5.0
		Machine arrival at machine station: 1433.29

		Machine 4 (Station 1)-> Task 185: 58.22
		Vehicle arrival at task: 1491.51
		Waiting time until service start time: 0.0

	id: 185
		node: 87
		(x, y, z): (135, 65, 0)
		dem: -15
		earl: 1313
		lat: 1517
		servt: 10
		pid: 49
		did: 0
		servST: 1491.51
		(h, h_ind): (4, 21)
		load: 36.0

	Finished service at time: 1501.51

	Task 185 -> Task 42: 19.85
	Vehicle arrival at task: 1521.36
	Waiting time until service start time: 0.0

	id: 42
		node: 84
		(x, y, z): (120, 52, 0)
		dem: -36
		earl: 1517
		lat: 1598
		servt: 10
		pid: 43
		did: 0
		servST: 1521.36
		(h, h_ind): (-1, 0)
		load: 0.0

	Finished service at time: 1531.36

	Task 42 -> Task 0: 53.14
	Vehicle arrival at task: 1584.5
	Waiting time until service start time: 0.0

	id: 0
		node: 122
		(x, y, z): (70, 70, 0)
		dem: 0
		earl: 0
		lat: 2535
		servt: 0
		pid: 0
		did: 0
		servST: 1584.5
		(h, h_ind): (-1, 0)
		load: 0.0


Vehicle 34 :
	id: 0
		node: 1
		(x, y, z): (70, 70, 0)
		dem: 0
		earl: 0
		lat: 2535
		servt: 0
		pid: 0
		did: 0
		servST: 231.13000000000002
		(h, h_ind): (-1, 0)
		load: 0.0

	Finished service at time: 231.13000000000002

	Using Machine: 0
		Task 0 -> Machine 0 (Station 1): 3.0
		Vehicle arrival at machine station: 234.13000000000002
		Waiting time until machine travel: 0.0

		Machine travel start time: 234.13000000000002
		Region 0 -> Region 1: 5.0
		Machine arrival at machine station: 239.13000000000002

		Machine 0 (Station 2)-> Task 61: 34.89
		Vehicle arrival at task: 274.02000000000004
		Waiting time until service start time: 10.52

	id: 61
		node: 33
		(x, y, z): (104, 54, 1)
		dem: 13
		earl: 208
		lat: 333
		servt: 10
		pid: 0
		did: 143
		servST: 284.54
		(h, h_ind): (0, 1)
		load: 13.0

	Finished service at time: 294.54

	Task 61 -> Task 143: 17.46
	Vehicle arrival at task: 312.0
	Waiting time until service start time: 0.0

	id: 143
		node: 93
		(x, y, z): (120, 47, 1)
		dem: -13
		earl: 129
		lat: 312
		servt: 10
		pid: 61
		did: 0
		servST: 312.0
		(h, h_ind): (-1, 0)
		load: 0.0

	Finished service at time: 322.0

	Task 143 -> Task 31: 20.62
	Vehicle arrival at task: 342.62
	Waiting time until service start time: 69.38

	id: 31
		node: 18
		(x, y, z): (140, 42, 1)
		dem: 13
		earl: 412
		lat: 512
		servt: 10
		pid: 0
		did: 167
		servST: 412.0
		(h, h_ind): (-1, 0)
		load: 13.0

	Finished service at time: 422.0

	Using Machine: 4
		Task 31 -> Machine 4 (Station 2): 68.94
		Vehicle arrival at machine station: 490.94
		Waiting time until machine travel: 0.45

		Machine travel start time: 491.39
		Region 1 -> Region 0: 5.0
		Machine arrival at machine station: 496.39

		Machine 4 (Station 1)-> Task 167: 61.61
		Vehicle arrival at task: 558.0
		Waiting time until service start time: 0.0

	id: 167
		node: 78
		(x, y, z): (137, 84, 0)
		dem: -13
		earl: 479
		lat: 558
		servt: 10
		pid: 31
		did: 0
		servST: 558.0
		(h, h_ind): (4, 5)
		load: 0.0

	Finished service at time: 568.0

	Task 167 -> Task 103: 65.46
	Vehicle arrival at task: 633.46
	Waiting time until service start time: 29.54

	id: 103
		node: 52
		(x, y, z): (116, 22, 0)
		dem: 32
		earl: 558
		lat: 663
		servt: 10
		pid: 0
		did: 81
		servST: 663.0
		(h, h_ind): (-1, 0)
		load: 32.0

	Finished service at time: 673.0

	Task 103 -> Task 120: 24.0
	Vehicle arrival at task: 697.0
	Waiting time until service start time: 61.0

	id: 120
		node: 60
		(x, y, z): (92, 22, 0)
		dem: 18
		earl: 758
		lat: 882
		servt: 10
		pid: 0
		did: 29
		servST: 758.0
		(h, h_ind): (-1, 0)
		load: 50.0

	Finished service at time: 768.0

	Task 120 -> Task 59: 23.85
	Vehicle arrival at task: 791.85
	Waiting time until service start time: 99.15

	id: 59
		node: 31
		(x, y, z): (105, 2, 0)
		dem: 1
		earl: 891
		lat: 1019
		servt: 10
		pid: 0
		did: 140
		servST: 891.0
		(h, h_ind): (-1, 0)
		load: 51.0

	Finished service at time: 901.0

	Using Machine: 4
		Task 59 -> Machine 4 (Station 1): 73.54
		Vehicle arrival at machine station: 974.54
		Waiting time until machine travel: 12.15

		Machine travel start time: 986.69
		Region 0 -> Region 1: 5.0
		Machine arrival at machine station: 991.69

		Machine 4 (Station 2)-> Task 81: 58.31
		Vehicle arrival at task: 1050.0
		Waiting time until service start time: 0.0

	id: 81
		node: 112
		(x, y, z): (83, 12, 1)
		dem: -32
		earl: 911
		lat: 1050
		servt: 10
		pid: 103
		did: 0
		servST: 1050.0
		(h, h_ind): (4, 13)
		load: 19.0

	Finished service at time: 1060.0

	Task 81 -> Task 29: 37.05
	Vehicle arrival at task: 1097.05
	Waiting time until service start time: 8.92

	id: 29
		node: 120
		(x, y, z): (120, 14, 1)
		dem: -18
		earl: 1030
		lat: 1159
		servt: 10
		pid: 120
		did: 0
		servST: 1105.97
		(h, h_ind): (-1, 0)
		load: 1.0

	Finished service at time: 1115.97

	Task 29 -> Task 9: 17.03
	Vehicle arrival at task: 1133.0
	Waiting time until service start time: 0.0

	id: 9
		node: 6
		(x, y, z): (107, 25, 1)
		dem: 13
		earl: 1133
		lat: 1176
		servt: 10
		pid: 0
		did: 129
		servST: 1133.0
		(h, h_ind): (-1, 0)
		load: 14.0

	Finished service at time: 1143.0

	Using Machine: 4
		Task 9 -> Machine 4 (Station 2): 54.08
		Vehicle arrival at machine station: 1197.08
		Waiting time until machine travel: 0.0

		Machine travel start time: 1197.08
		Region 1 -> Region 0: 5.0
		Machine arrival at machine station: 1202.08

		Machine 4 (Station 1)-> Task 129: 53.41
		Vehicle arrival at task: 1255.49
		Waiting time until service start time: 65.31

	id: 129
		node: 66
		(x, y, z): (110, 28, 0)
		dem: -13
		earl: 1236
		lat: 1328
		servt: 10
		pid: 9
		did: 0
		servST: 1320.8000000000002
		(h, h_ind): (4, 17)
		load: 1.0

	Finished service at time: 1330.8000000000002

	Using Machine: 3
		Task 129 -> Machine 3 (Station 1): 60.11
		Vehicle arrival at machine station: 1390.91
		Waiting time until machine travel: 0.0

		Machine travel start time: 1390.91
		Region 0 -> Region 1: 5.0
		Machine arrival at machine station: 1395.91

		Machine 3 (Station 2)-> Task 106: 53.82
		Vehicle arrival at task: 1449.73
		Waiting time until service start time: 0.0

	id: 106
		node: 55
		(x, y, z): (23, 39, 1)
		dem: 20
		earl: 1419
		lat: 1514
		servt: 10
		pid: 0
		did: 39
		servST: 1449.73
		(h, h_ind): (3, 13)
		load: 21.0

	Finished service at time: 1459.73

	Task 106 -> Task 28: 30.53
	Vehicle arrival at task: 1490.26
	Waiting time until service start time: 0.0

	id: 28
		node: 17
		(x, y, z): (39, 13, 1)
		dem: 20
		earl: 1490
		lat: 1637
		servt: 10
		pid: 0
		did: 76
		servST: 1490.26
		(h, h_ind): (-1, 0)
		load: 41.0

	Finished service at time: 1500.26

	Using Machine: 3
		Task 28 -> Machine 3 (Station 2): 63.51
		Vehicle arrival at machine station: 1563.77
		Waiting time until machine travel: 0.0

		Machine travel start time: 1563.77
		Region 1 -> Region 0: 5.0
		Machine arrival at machine station: 1568.77

		Machine 3 (Station 1)-> Task 76: 77.23
		Vehicle arrival at task: 1646.0
		Waiting time until service start time: 0.0

	id: 76
		node: 77
		(x, y, z): (9, 19, 0)
		dem: -20
		earl: 1487
		lat: 1646
		servt: 10
		pid: 28
		did: 0
		servST: 1646.0
		(h, h_ind): (3, 15)
		load: 21.0

	Finished service at time: 1656.0

	Task 76 -> Task 39: 76.4
	Vehicle arrival at task: 1732.4
	Waiting time until service start time: 152.6

	id: 39
		node: 115
		(x, y, z): (83, 38, 0)
		dem: -20
		earl: 1885
		lat: 2046
		servt: 10
		pid: 106
		did: 0
		servST: 1885.0
		(h, h_ind): (-1, 0)
		load: 1.0

	Finished service at time: 1895.0

	Using Machine: 4
		Task 39 -> Machine 4 (Station 1): 32.56
		Vehicle arrival at machine station: 1927.56
		Waiting time until machine travel: 0.0

		Machine travel start time: 1927.56
		Region 0 -> Region 1: 5.0
		Machine arrival at machine station: 1932.56

		Machine 4 (Station 2)-> Task 1: 74.0
		Vehicle arrival at task: 2006.56
		Waiting time until service start time: 0.0

	id: 1
		node: 2
		(x, y, z): (101, 0, 1)
		dem: 9
		earl: 1973
		lat: 2130
		servt: 10
		pid: 0
		did: 72
		servST: 2006.56
		(h, h_ind): (4, 23)
		load: 10.0

	Finished service at time: 2016.56

	Using Machine: 4
		Task 1 -> Machine 4 (Station 2): 74.0
		Vehicle arrival at machine station: 2090.56
		Waiting time until machine travel: 0.0

		Machine travel start time: 2090.56
		Region 1 -> Region 0: 5.0
		Machine arrival at machine station: 2095.56

		Machine 4 (Station 1)-> Task 140: 66.89
		Vehicle arrival at task: 2162.45
		Waiting time until service start time: 0.0

	id: 140
		node: 91
		(x, y, z): (112, 13, 0)
		dem: -1
		earl: 2095
		lat: 2224
		servt: 10
		pid: 59
		did: 0
		servST: 2162.45
		(h, h_ind): (4, 24)
		load: 9.0

	Finished service at time: 2172.45

	Using Machine: 4
		Task 140 -> Machine 4 (Station 1): 66.89
		Vehicle arrival at machine station: 2239.3399999999997
		Waiting time until machine travel: 0.0

		Machine travel start time: 2239.3399999999997
		Region 0 -> Region 1: 5.0
		Machine arrival at machine station: 2244.3399999999997

		Machine 4 (Station 2)-> Task 72: 42.45
		Vehicle arrival at task: 2286.7899999999995
		Waiting time until service start time: 0.0

	id: 72
		node: 62
		(x, y, z): (88, 29, 1)
		dem: -9
		earl: 2254
		lat: 2377
		servt: 10
		pid: 1
		did: 0
		servST: 2286.7899999999995
		(h, h_ind): (4, 26)
		load: 0.0

	Finished service at time: 2296.7899999999995

	Using Machine: 1
		Task 72 -> Machine 1 (Station 2): 45.19
		Vehicle arrival at machine station: 2341.9799999999996
		Waiting time until machine travel: 0.0

		Machine travel start time: 2341.9799999999996
		Region 1 -> Region 0: 5.0
		Machine arrival at machine station: 2346.9799999999996

		Machine 1 (Station 1)-> Task 0: 1.0
		Vehicle arrival at task: 2347.9799999999996
		Waiting time until service start time: 0.0

	id: 0
		node: 122
		(x, y, z): (70, 70, 0)
		dem: 0
		earl: 0
		lat: 2535
		servt: 0
		pid: 0
		did: 0
		servST: 2347.9799999999996
		(h, h_ind): (1, 11)
		load: 0.0


Vehicle 35 :
	id: 0
		node: 1
		(x, y, z): (70, 70, 0)
		dem: 0
		earl: 0
		lat: 2535
		servt: 0
		pid: 0
		did: 0
		servST: 72.11000000000001
		(h, h_ind): (-1, 0)
		load: 0.0

	Finished service at time: 72.11000000000001

	Using Machine: 2
		Task 0 -> Machine 2 (Station 1): 5.0
		Vehicle arrival at machine station: 77.11000000000001
		Waiting time until machine travel: 0.0

		Machine travel start time: 77.11000000000001
		Region 0 -> Region 1: 5.0
		Machine arrival at machine station: 82.11000000000001

		Machine 2 (Station 2)-> Task 60: 32.76
		Vehicle arrival at task: 114.87
		Waiting time until service start time: 0.0

	id: 60
		node: 32
		(x, y, z): (107, 77, 1)
		dem: 34
		earl: 83
		lat: 219
		servt: 10
		pid: 0
		did: 119
		servST: 114.87
		(h, h_ind): (2, 1)
		load: 34.0

	Finished service at time: 124.87

	Using Machine: 4
		Task 60 -> Machine 4 (Station 2): 30.81
		Vehicle arrival at machine station: 155.68
		Waiting time until machine travel: 0.0

		Machine travel start time: 155.68
		Region 1 -> Region 0: 5.0
		Machine arrival at machine station: 160.68

		Machine 4 (Station 1)-> Task 56: 31.32
		Vehicle arrival at task: 192.0
		Waiting time until service start time: 0.0

	id: 56
		node: 29
		(x, y, z): (86, 40, 0)
		dem: 22
		earl: 80
		lat: 192
		servt: 10
		pid: 0
		did: 118
		servST: 192.0
		(h, h_ind): (4, 2)
		load: 56.0

	Finished service at time: 202.0

	Task 56 -> Task 119: 39.45
	Vehicle arrival at task: 241.45
	Waiting time until service start time: 12.55

	id: 119
		node: 92
		(x, y, z): (120, 60, 0)
		dem: -34
		earl: 216
		lat: 337
		servt: 10
		pid: 60
		did: 0
		servST: 254.0
		(h, h_ind): (-1, 0)
		load: 22.0

	Finished service at time: 264.0

	Task 119 -> Task 47: 34.0
	Vehicle arrival at task: 298.0
	Waiting time until service start time: 0.0

	id: 47
		node: 25
		(x, y, z): (90, 44, 0)
		dem: 6
		earl: 240
		lat: 298
		servt: 10
		pid: 0
		did: 65
		servST: 298.0
		(h, h_ind): (-1, 0)
		load: 28.0

	Finished service at time: 308.0

	Using Machine: 4
		Task 47 -> Machine 4 (Station 1): 29.07
		Vehicle arrival at machine station: 337.07
		Waiting time until machine travel: 0.0

		Machine travel start time: 337.07
		Region 0 -> Region 1: 5.0
		Machine arrival at machine station: 342.07

		Machine 4 (Station 2)-> Task 65: 42.19
		Vehicle arrival at task: 384.26
		Waiting time until service start time: 8.85

	id: 65
		node: 85
		(x, y, z): (99, 34, 1)
		dem: -6
		earl: 295
		lat: 432
		servt: 10
		pid: 47
		did: 0
		servST: 393.10999999999996
		(h, h_ind): (4, 3)
		load: 22.0

	Finished service at time: 403.10999999999996

	Task 65 -> Task 118: 9.85
	Vehicle arrival at task: 412.96
	Waiting time until service start time: 0.0

	id: 118
		node: 89
		(x, y, z): (108, 30, 1)
		dem: -22
		earl: 381
		lat: 504
		servt: 10
		pid: 56
		did: 0
		servST: 412.96
		(h, h_ind): (-1, 0)
		load: 0.0

	Finished service at time: 422.96

	Task 118 -> Task 71: 49.04
	Vehicle arrival at task: 472.0
	Waiting time until service start time: 0.0

	id: 71
		node: 40
		(x, y, z): (139, 68, 1)
		dem: 25
		earl: 275
		lat: 472
		servt: 10
		pid: 0
		did: 191
		servST: 472.0
		(h, h_ind): (-1, 0)
		load: 25.0

	Finished service at time: 482.0

	Task 71 -> Task 15: 61.03
	Vehicle arrival at task: 543.03
	Waiting time until service start time: 87.97

	id: 15
		node: 9
		(x, y, z): (137, 7, 1)
		dem: 40
		earl: 631
		lat: 735
		servt: 10
		pid: 0
		did: 51
		servST: 631.0
		(h, h_ind): (-1, 0)
		load: 65.0

	Finished service at time: 641.0

	Task 15 -> Task 51: 39.12
	Vehicle arrival at task: 680.12
	Waiting time until service start time: 13.88

	id: 51
		node: 69
		(x, y, z): (98, 4, 1)
		dem: -40
		earl: 694
		lat: 847
		servt: 10
		pid: 15
		did: 0
		servST: 694.0
		(h, h_ind): (-1, 0)
		load: 25.0

	Finished service at time: 704.0

	Task 51 -> Task 191: 69.46
	Vehicle arrival at task: 773.46
	Waiting time until service start time: 19.54

	id: 191
		node: 100
		(x, y, z): (125, 68, 1)
		dem: -25
		earl: 793
		lat: 863
		servt: 10
		pid: 71
		did: 0
		servST: 793.0
		(h, h_ind): (-1, 0)
		load: 0.0

	Finished service at time: 803.0

	Using Machine: 4
		Task 191 -> Machine 4 (Station 2): 48.04
		Vehicle arrival at machine station: 851.04
		Waiting time until machine travel: 130.65

		Machine travel start time: 981.69
		Region 1 -> Region 0: 5.0
		Machine arrival at machine station: 986.69

		Machine 4 (Station 1)-> Task 66: 65.0
		Vehicle arrival at task: 1051.69
		Waiting time until service start time: 0.31

	id: 66
		node: 37
		(x, y, z): (38, 122, 0)
		dem: 13
		earl: 941
		lat: 1052
		servt: 10
		pid: 0
		did: 123
		servST: 1052.0
		(h, h_ind): (4, 12)
		load: 13.0

	Finished service at time: 1062.0

	Task 66 -> Task 123: 14.42
	Vehicle arrival at task: 1076.42
	Waiting time until service start time: 12.58

	id: 123
		node: 97
		(x, y, z): (26, 130, 0)
		dem: -13
		earl: 1089
		lat: 1172
		servt: 10
		pid: 66
		did: 0
		servST: 1089.0
		(h, h_ind): (-1, 0)
		load: 0.0

	Finished service at time: 1099.0

	Using Machine: 3
		Task 123 -> Machine 3 (Station 1): 72.67
		Vehicle arrival at machine station: 1171.67
		Waiting time until machine travel: 0.0

		Machine travel start time: 1171.67
		Region 0 -> Region 1: 5.0
		Machine arrival at machine station: 1176.67

		Machine 3 (Station 2)-> Task 93: 79.98
		Vehicle arrival at task: 1256.65
		Waiting time until service start time: 157.35

	id: 93
		node: 47
		(x, y, z): (13, 129, 1)
		dem: 25
		earl: 1414
		lat: 1517
		servt: 10
		pid: 0
		did: 83
		servST: 1414.0
		(h, h_ind): (3, 11)
		load: 25.0

	Finished service at time: 1424.0

	Task 93 -> Task 83: 37.12
	Vehicle arrival at task: 1461.12
	Waiting time until service start time: 0.0

	id: 83
		node: 107
		(x, y, z): (16, 92, 1)
		dem: -25
		earl: 1430
		lat: 1561
		servt: 10
		pid: 93
		did: 0
		servST: 1461.12
		(h, h_ind): (-1, 0)
		load: 0.0

	Finished service at time: 1471.12

	Using Machine: 1
		Task 83 -> Machine 1 (Station 2): 57.38
		Vehicle arrival at machine station: 1528.5
		Waiting time until machine travel: 0.0

		Machine travel start time: 1528.5
		Region 1 -> Region 0: 5.0
		Machine arrival at machine station: 1533.5

		Machine 1 (Station 1)-> Task 0: 1.0
		Vehicle arrival at task: 1534.5
		Waiting time until service start time: 0.0

	id: 0
		node: 122
		(x, y, z): (70, 70, 0)
		dem: 0
		earl: 0
		lat: 2535
		servt: 0
		pid: 0
		did: 0
		servST: 1534.5
		(h, h_ind): (1, 5)
		load: 0.0


Vehicle 37 :
	id: 0
		node: 1
		(x, y, z): (70, 70, 0)
		dem: 0
		earl: 0
		lat: 2535
		servt: 0
		pid: 0
		did: 0
		servST: 117.37
		(h, h_ind): (-1, 0)
		load: 0.0

	Finished service at time: 117.37

	Task 0 -> Task 23: 10.63
	Vehicle arrival at task: 128.0
	Waiting time until service start time: 0.0

	id: 23
		node: 14
		(x, y, z): (78, 63, 0)
		dem: 19
		earl: 10
		lat: 128
		servt: 10
		pid: 0
		did: 195
		servST: 128.0
		(h, h_ind): (-1, 0)
		load: 19.0

	Finished service at time: 138.0

	Using Machine: 4
		Task 23 -> Machine 4 (Station 1): 7.07
		Vehicle arrival at machine station: 145.07
		Waiting time until machine travel: 0.0

		Machine travel start time: 145.07
		Region 0 -> Region 1: 5.0
		Machine arrival at machine station: 150.07

		Machine 4 (Station 2)-> Task 116: 33.24
		Vehicle arrival at task: 183.31
		Waiting time until service start time: 6.69

	id: 116
		node: 58
		(x, y, z): (89, 39, 1)
		dem: 23
		earl: 101
		lat: 190
		servt: 10
		pid: 0
		did: 92
		servST: 190.0
		(h, h_ind): (4, 1)
		load: 42.0

	Finished service at time: 200.0

	Task 116 -> Task 117: 45.79
	Vehicle arrival at task: 245.79
	Waiting time until service start time: 36.21

	id: 117
		node: 59
		(x, y, z): (65, 0, 1)
		dem: 20
		earl: 282
		lat: 432
		servt: 10
		pid: 0
		did: 58
		servST: 282.0
		(h, h_ind): (-1, 0)
		load: 62.0

	Finished service at time: 292.0

	Task 117 -> Task 33: 37.01
	Vehicle arrival at task: 329.01
	Waiting time until service start time: 0.0

	id: 33
		node: 20
		(x, y, z): (42, 29, 1)
		dem: 12
		earl: 238
		lat: 362
		servt: 10
		pid: 0
		did: 35
		servST: 329.01
		(h, h_ind): (-1, 0)
		load: 74.0

	Finished service at time: 339.01

	Using Machine: 3
		Task 33 -> Machine 3 (Station 2): 48.02
		Vehicle arrival at machine station: 387.03
		Waiting time until machine travel: 14.02

		Machine travel start time: 401.05
		Region 1 -> Region 0: 5.0
		Machine arrival at machine station: 406.05

		Machine 3 (Station 1)-> Task 35: 72.95
		Vehicle arrival at task: 479.0
		Waiting time until service start time: 0.0

	id: 35
		node: 80
		(x, y, z): (32, 6, 0)
		dem: -12
		earl: 401
		lat: 479
		servt: 10
		pid: 33
		did: 0
		servST: 479.0
		(h, h_ind): (3, 4)
		load: 62.0

	Finished service at time: 489.0

	Task 35 -> Task 94: 14.14
	Vehicle arrival at task: 503.14
	Waiting time until service start time: 132.86

	id: 94
		node: 48
		(x, y, z): (34, 20, 0)
		dem: 15
		earl: 636
		lat: 689
		servt: 10
		pid: 0
		did: 180
		servST: 636.0
		(h, h_ind): (-1, 0)
		load: 77.0

	Finished service at time: 646.0

	Using Machine: 4
		Task 94 -> Machine 4 (Station 1): 65.95
		Vehicle arrival at machine station: 711.95
		Waiting time until machine travel: 0.0

		Machine travel start time: 711.95
		Region 0 -> Region 1: 5.0
		Machine arrival at machine station: 716.95

		Machine 4 (Station 2)-> Task 92: 30.81
		Vehicle arrival at task: 747.76
		Waiting time until service start time: 0.0

	id: 92
		node: 118
		(x, y, z): (102, 52, 1)
		dem: -23
		earl: 625
		lat: 766
		servt: 10
		pid: 116
		did: 0
		servST: 747.76
		(h, h_ind): (4, 9)
		load: 54.0

	Finished service at time: 757.76

	Task 92 -> Task 195: 45.61
	Vehicle arrival at task: 803.37
	Waiting time until service start time: 0.0

	id: 195
		node: 74
		(x, y, z): (138, 24, 1)
		dem: -19
		earl: 705
		lat: 851
		servt: 10
		pid: 23
		did: 0
		servST: 803.37
		(h, h_ind): (-1, 0)
		load: 35.0

	Finished service at time: 813.37

	Using Machine: 3
		Task 195 -> Machine 3 (Station 2): 84.6
		Vehicle arrival at machine station: 897.97
		Waiting time until machine travel: 3.38

		Machine travel start time: 901.35
		Region 1 -> Region 0: 5.0
		Machine arrival at machine station: 906.35

		Machine 3 (Station 1)-> Task 104: 46.65
		Vehicle arrival at task: 953.0
		Waiting time until service start time: 0.0

	id: 104
		node: 53
		(x, y, z): (27, 46, 0)
		dem: 35
		earl: 839
		lat: 953
		servt: 10
		pid: 0
		did: 96
		servST: 953.0
		(h, h_ind): (3, 7)
		load: 70.0

	Finished service at time: 963.0

	Using Machine: 3
		Task 104 -> Machine 3 (Station 1): 46.65
		Vehicle arrival at machine station: 1009.65
		Waiting time until machine travel: 57.48

		Machine travel start time: 1067.1299999999999
		Region 0 -> Region 1: 5.0
		Machine arrival at machine station: 1072.1299999999999

		Machine 3 (Station 2)-> Task 180: 44.94
		Vehicle arrival at task: 1117.07
		Waiting time until service start time: 0.0

	id: 180
		node: 108
		(x, y, z): (29, 94, 1)
		dem: -15
		earl: 1099
		lat: 1240
		servt: 10
		pid: 94
		did: 0
		servST: 1117.07
		(h, h_ind): (3, 10)
		load: 55.0

	Finished service at time: 1127.07

	Task 180 -> Task 69: 75.93
	Vehicle arrival at task: 1203.0
	Waiting time until service start time: 0.0

	id: 69
		node: 39
		(x, y, z): (103, 77, 1)
		dem: 17
		earl: 1203
		lat: 1242
		servt: 10
		pid: 0
		did: 156
		servST: 1203.0
		(h, h_ind): (-1, 0)
		load: 72.0

	Finished service at time: 1213.0

	Using Machine: 4
		Task 69 -> Machine 4 (Station 2): 26.93
		Vehicle arrival at machine station: 1239.93
		Waiting time until machine travel: 0.0

		Machine travel start time: 1239.93
		Region 1 -> Region 0: 5.0
		Machine arrival at machine station: 1244.93

		Machine 4 (Station 1)-> Task 58: 48.47
		Vehicle arrival at task: 1293.4
		Waiting time until service start time: 92.89

	id: 58
		node: 119
		(x, y, z): (59, 115, 0)
		dem: -20
		earl: 1239
		lat: 1392
		servt: 10
		pid: 117
		did: 0
		servST: 1386.29
		(h, h_ind): (4, 18)
		load: 52.0

	Finished service at time: 1396.29

	Task 58 -> Task 16: 12.73
	Vehicle arrival at task: 1409.02
	Waiting time until service start time: 0.0

	id: 16
		node: 10
		(x, y, z): (50, 106, 0)
		dem: 25
		earl: 1254
		lat: 1429
		servt: 10
		pid: 0
		did: 2
		servST: 1409.02
		(h, h_ind): (-1, 0)
		load: 77.0

	Finished service at time: 1419.02

	Using Machine: 1
		Task 16 -> Machine 1 (Station 1): 40.71
		Vehicle arrival at machine station: 1459.73
		Waiting time until machine travel: 0.0

		Machine travel start time: 1459.73
		Region 0 -> Region 1: 5.0
		Machine arrival at machine station: 1464.73

		Machine 1 (Station 2)-> Task 156: 53.0
		Vehicle arrival at task: 1517.73
		Waiting time until service start time: 0.0

	id: 156
		node: 99
		(x, y, z): (97, 115, 1)
		dem: -17
		earl: 1478
		lat: 1589
		servt: 10
		pid: 69
		did: 0
		servST: 1517.73
		(h, h_ind): (1, 4)
		load: 60.0

	Finished service at time: 1527.73

	Task 156 -> Task 82: 86.27
	Vehicle arrival at task: 1614.0
	Waiting time until service start time: 0.0

	id: 82
		node: 43
		(x, y, z): (36, 54, 1)
		dem: 15
		earl: 1482
		lat: 1614
		servt: 10
		pid: 0
		did: 153
		servST: 1614.0
		(h, h_ind): (-1, 0)
		load: 75.0

	Finished service at time: 1624.0

	Task 82 -> Task 2: 10.77
	Vehicle arrival at task: 1634.77
	Waiting time until service start time: 32.23

	id: 2
		node: 70
		(x, y, z): (26, 50, 1)
		dem: -25
		earl: 1552
		lat: 1667
		servt: 10
		pid: 16
		did: 0
		servST: 1667.0
		(h, h_ind): (-1, 0)
		load: 50.0

	Finished service at time: 1677.0

	Task 2 -> Task 153: 41.0
	Vehicle arrival at task: 1718.0
	Waiting time until service start time: 72.0

	id: 153
		node: 103
		(x, y, z): (35, 90, 1)
		dem: -15
		earl: 1790
		lat: 1896
		servt: 10
		pid: 82
		did: 0
		servST: 1790.0
		(h, h_ind): (-1, 0)
		load: 35.0

	Finished service at time: 1800.0

	Task 153 -> Task 97: 90.02
	Vehicle arrival at task: 1890.02
	Waiting time until service start time: 29.98

	id: 97
		node: 50
		(x, y, z): (33, 0, 1)
		dem: 20
		earl: 1920
		lat: 2060
		servt: 10
		pid: 0
		did: 52
		servST: 1920.0
		(h, h_ind): (-1, 0)
		load: 55.0

	Finished service at time: 1930.0

	Using Machine: 3
		Task 97 -> Machine 3 (Station 2): 77.82
		Vehicle arrival at machine station: 2007.82
		Waiting time until machine travel: 0.0

		Machine travel start time: 2007.82
		Region 1 -> Region 0: 5.0
		Machine arrival at machine station: 2012.82

		Machine 3 (Station 1)-> Task 52: 36.5
		Vehicle arrival at task: 2049.3199999999997
		Waiting time until service start time: 0.0

	id: 52
		node: 110
		(x, y, z): (61, 34, 0)
		dem: -20
		earl: 1969
		lat: 2050
		servt: 10
		pid: 97
		did: 0
		servST: 2049.3199999999997
		(h, h_ind): (3, 19)
		load: 35.0

	Finished service at time: 2059.3199999999997

	Using Machine: 4
		Task 52 -> Machine 4 (Station 1): 39.4
		Vehicle arrival at machine station: 2098.72
		Waiting time until machine travel: 0.0

		Machine travel start time: 2098.72
		Region 0 -> Region 1: 5.0
		Machine arrival at machine station: 2103.72

		Machine 4 (Station 2)-> Task 96: 13.45
		Vehicle arrival at task: 2117.1699999999996
		Waiting time until service start time: 0.0

	id: 96
		node: 113
		(x, y, z): (86, 80, 1)
		dem: -35
		earl: 1930
		lat: 2118
		servt: 10
		pid: 104
		did: 0
		servST: 2117.1699999999996
		(h, h_ind): (4, 25)
		load: 0.0

	Finished service at time: 2127.1699999999996

	Using Machine: 0
		Task 96 -> Machine 0 (Station 2): 16.4
		Vehicle arrival at machine station: 2143.5699999999997
		Waiting time until machine travel: 0.0

		Machine travel start time: 2143.5699999999997
		Region 1 -> Region 0: 5.0
		Machine arrival at machine station: 2148.5699999999997

		Machine 0 (Station 1)-> Task 0: 3.0
		Vehicle arrival at task: 2151.5699999999997
		Waiting time until service start time: 0.0

	id: 0
		node: 122
		(x, y, z): (70, 70, 0)
		dem: 0
		earl: 0
		lat: 2535
		servt: 0
		pid: 0
		did: 0
		servST: 2151.5699999999997
		(h, h_ind): (0, 5)
		load: 0.0


Vehicle 54 :
	id: 0
		node: 1
		(x, y, z): (70, 70, 0)
		dem: 0
		earl: 0
		lat: 2535
		servt: 0
		pid: 0
		did: 0
		servST: 84.46999999999998
		(h, h_ind): (-1, 0)
		load: 0.0

	Finished service at time: 84.46999999999998

	Using Machine: 1
		Task 0 -> Machine 1 (Station 1): 1.0
		Vehicle arrival at machine station: 85.46999999999998
		Waiting time until machine travel: 0.0

		Machine travel start time: 85.46999999999998
		Region 0 -> Region 1: 5.0
		Machine arrival at machine station: 90.46999999999998

		Machine 1 (Station 2)-> Task 62: 39.92
		Vehicle arrival at task: 130.39
		Waiting time until service start time: 0.0

	id: 62
		node: 34
		(x, y, z): (54, 33, 1)
		dem: 20
		earl: 118
		lat: 204
		servt: 10
		pid: 0
		did: 5
		servST: 130.39
		(h, h_ind): (1, 1)
		load: 20.0

	Finished service at time: 140.39

	Task 62 -> Task 8: 81.61
	Vehicle arrival at task: 222.0
	Waiting time until service start time: 0.0

	id: 8
		node: 5
		(x, y, z): (78, 111, 1)
		dem: 22
		earl: 112
		lat: 222
		servt: 10
		pid: 0
		did: 40
		servST: 222.0
		(h, h_ind): (-1, 0)
		load: 42.0

	Finished service at time: 232.0

	Task 8 -> Task 48: 71.87
	Vehicle arrival at task: 303.87
	Waiting time until service start time: 35.13

	id: 48
		node: 26
		(x, y, z): (139, 73, 1)
		dem: 10
		earl: 339
		lat: 477
		servt: 10
		pid: 0
		did: 184
		servST: 339.0
		(h, h_ind): (-1, 0)
		load: 52.0

	Finished service at time: 349.0

	Task 48 -> Task 184: 20.0
	Vehicle arrival at task: 369.0
	Waiting time until service start time: 107.0

	id: 184
		node: 86
		(x, y, z): (119, 73, 1)
		dem: -10
		earl: 476
		lat: 581
		servt: 10
		pid: 48
		did: 0
		servST: 476.0
		(h, h_ind): (-1, 0)
		load: 42.0

	Finished service at time: 486.0

	Using Machine: 4
		Task 184 -> Machine 4 (Station 2): 42.11
		Vehicle arrival at machine station: 528.11
		Waiting time until machine travel: 0.0

		Machine travel start time: 528.11
		Region 1 -> Region 0: 5.0
		Machine arrival at machine station: 533.11

		Machine 4 (Station 1)-> Task 32: 69.66
		Vehicle arrival at task: 602.77
		Waiting time until service start time: 0.0

	id: 32
		node: 19
		(x, y, z): (121, 124, 0)
		dem: 21
		earl: 575
		lat: 744
		servt: 10
		pid: 0
		did: 107
		servST: 602.77
		(h, h_ind): (4, 6)
		load: 63.0

	Finished service at time: 612.77

	Task 32 -> Task 40: 14.21
	Vehicle arrival at task: 626.98
	Waiting time until service start time: 0.0

	id: 40
		node: 65
		(x, y, z): (132, 133, 0)
		dem: -22
		earl: 571
		lat: 667
		servt: 10
		pid: 8
		did: 0
		servST: 626.98
		(h, h_ind): (-1, 0)
		load: 41.0

	Finished service at time: 636.98

	Using Machine: 4
		Task 40 -> Machine 4 (Station 1): 83.63
		Vehicle arrival at machine station: 720.61
		Waiting time until machine travel: 1.34

		Machine travel start time: 721.95
		Region 0 -> Region 1: 5.0
		Machine arrival at machine station: 726.95

		Machine 4 (Station 2)-> Task 27: 82.07
		Vehicle arrival at task: 809.02
		Waiting time until service start time: 90.98

	id: 27
		node: 16
		(x, y, z): (133, 130, 1)
		dem: 13
		earl: 900
		lat: 998
		servt: 10
		pid: 0
		did: 68
		servST: 900.0
		(h, h_ind): (4, 10)
		load: 54.0

	Finished service at time: 910.0

	Using Machine: 4
		Task 27 -> Machine 4 (Station 2): 82.07
		Vehicle arrival at machine station: 992.0699999999999
		Waiting time until machine travel: 0.05

		Machine travel start time: 992.12
		Region 1 -> Region 0: 5.0
		Machine arrival at machine station: 997.12

		Machine 4 (Station 1)-> Task 68: 68.88
		Vehicle arrival at task: 1066.0
		Waiting time until service start time: 0.0

	id: 68
		node: 76
		(x, y, z): (109, 131, 0)
		dem: -13
		earl: 934
		lat: 1066
		servt: 10
		pid: 27
		did: 0
		servST: 1066.0
		(h, h_ind): (4, 14)
		load: 41.0

	Finished service at time: 1076.0

	Task 68 -> Task 13: 14.42
	Vehicle arrival at task: 1090.42
	Waiting time until service start time: 0.0

	id: 13
		node: 8
		(x, y, z): (121, 123, 0)
		dem: 9
		earl: 1009
		lat: 1167
		servt: 10
		pid: 0
		did: 187
		servST: 1090.42
		(h, h_ind): (-1, 0)
		load: 50.0

	Finished service at time: 1100.42

	Using Machine: 4
		Task 13 -> Machine 4 (Station 1): 68.88
		Vehicle arrival at machine station: 1169.3000000000002
		Waiting time until machine travel: 0.0

		Machine travel start time: 1169.3000000000002
		Region 0 -> Region 1: 5.0
		Machine arrival at machine station: 1174.3000000000002

		Machine 4 (Station 2)-> Task 107: 43.93
		Vehicle arrival at task: 1218.2300000000002
		Waiting time until service start time: 8.77

	id: 107
		node: 79
		(x, y, z): (110, 99, 1)
		dem: -21
		earl: 1227
		lat: 1315
		servt: 10
		pid: 32
		did: 0
		servST: 1227.0
		(h, h_ind): (4, 16)
		load: 29.0

	Finished service at time: 1237.0

	Using Machine: 4
		Task 107 -> Machine 4 (Station 2): 43.93
		Vehicle arrival at machine station: 1280.93
		Waiting time until machine travel: 0.0

		Machine travel start time: 1280.93
		Region 1 -> Region 0: 5.0
		Machine arrival at machine station: 1285.93

		Machine 4 (Station 1)-> Task 187: 74.09
		Vehicle arrival at task: 1360.02
		Waiting time until service start time: 0.0

	id: 187
		node: 68
		(x, y, z): (104, 139, 0)
		dem: -9
		earl: 1338
		lat: 1466
		servt: 10
		pid: 13
		did: 0
		servST: 1360.02
		(h, h_ind): (4, 19)
		load: 20.0

	Finished service at time: 1370.02

	Task 187 -> Task 5: 41.88
	Vehicle arrival at task: 1411.9
	Waiting time until service start time: 0.0

	id: 5
		node: 94
		(x, y, z): (69, 116, 0)
		dem: -20
		earl: 1381
		lat: 1493
		servt: 10
		pid: 62
		did: 0
		servST: 1411.9
		(h, h_ind): (-1, 0)
		load: 0.0

	Finished service at time: 1421.9

	Task 5 -> Task 121: 67.74
	Vehicle arrival at task: 1489.64
	Waiting time until service start time: 51.36

	id: 121
		node: 61
		(x, y, z): (2, 106, 0)
		dem: 16
		earl: 1541
		lat: 1673
		servt: 10
		pid: 0
		did: 10
		servST: 1541.0
		(h, h_ind): (-1, 0)
		load: 16.0

	Finished service at time: 1551.0

	Task 121 -> Task 111: 76.69
	Vehicle arrival at task: 1627.69
	Waiting time until service start time: 0.0

	id: 111
		node: 56
		(x, y, z): (61, 57, 0)
		dem: 35
		earl: 1486
		lat: 1633
		servt: 10
		pid: 0
		did: 86
		servST: 1627.69
		(h, h_ind): (-1, 0)
		load: 51.0

	Finished service at time: 1637.69

	Task 111 -> Task 10: 92.18
	Vehicle arrival at task: 1729.8700000000001
	Waiting time until service start time: 0.0

	id: 10
		node: 121
		(x, y, z): (17, 138, 0)
		dem: -16
		earl: 1719
		lat: 1861
		servt: 10
		pid: 121
		did: 0
		servST: 1729.8700000000001
		(h, h_ind): (-1, 0)
		load: 35.0

	Finished service at time: 1739.8700000000001

	Using Machine: 3
		Task 10 -> Machine 3 (Station 1): 84.4
		Vehicle arrival at machine station: 1824.2700000000002
		Waiting time until machine travel: 0.0

		Machine travel start time: 1824.2700000000002
		Region 0 -> Region 1: 5.0
		Machine arrival at machine station: 1829.2700000000002

		Machine 3 (Station 2)-> Task 53: 15.65
		Vehicle arrival at task: 1844.9200000000003
		Waiting time until service start time: 69.08

	id: 53
		node: 28
		(x, y, z): (60, 84, 1)
		dem: 23
		earl: 1914
		lat: 2059
		servt: 10
		pid: 0
		did: 154
		servST: 1914.0
		(h, h_ind): (3, 17)
		load: 58.0

	Finished service at time: 1924.0

	Using Machine: 3
		Task 53 -> Machine 3 (Station 2): 15.65
		Vehicle arrival at machine station: 1939.65
		Waiting time until machine travel: 0.0

		Machine travel start time: 1939.65
		Region 1 -> Region 0: 5.0
		Machine arrival at machine station: 1944.65

		Machine 3 (Station 1)-> Task 86: 26.0
		Vehicle arrival at task: 1970.65
		Waiting time until service start time: 4.35

	id: 86
		node: 116
		(x, y, z): (67, 96, 0)
		dem: -35
		earl: 1975
		lat: 2081
		servt: 10
		pid: 111
		did: 0
		servST: 1975.0
		(h, h_ind): (3, 18)
		load: 23.0

	Finished service at time: 1985.0

	Using Machine: 1
		Task 86 -> Machine 1 (Station 1): 26.08
		Vehicle arrival at machine station: 2011.08
		Waiting time until machine travel: 0.0

		Machine travel start time: 2011.08
		Region 0 -> Region 1: 5.0
		Machine arrival at machine station: 2016.08

		Machine 1 (Station 2)-> Task 154: 27.31
		Vehicle arrival at task: 2043.3899999999999
		Waiting time until service start time: 0.0

	id: 154
		node: 88
		(x, y, z): (58, 95, 1)
		dem: -23
		earl: 1949
		lat: 2050
		servt: 10
		pid: 53
		did: 0
		servST: 2043.3899999999999
		(h, h_ind): (1, 8)
		load: 0.0

	Finished service at time: 2053.39

	Using Machine: 1
		Task 154 -> Machine 1 (Station 2): 27.31
		Vehicle arrival at machine station: 2080.7
		Waiting time until machine travel: 0.0

		Machine travel start time: 2080.7
		Region 1 -> Region 0: 5.0
		Machine arrival at machine station: 2085.7

		Machine 1 (Station 1)-> Task 0: 1.0
		Vehicle arrival at task: 2086.7
		Waiting time until service start time: 0.0

	id: 0
		node: 122
		(x, y, z): (70, 70, 0)
		dem: 0
		earl: 0
		lat: 2535
		servt: 0
		pid: 0
		did: 0
		servST: 2086.7
		(h, h_ind): (1, 9)
		load: 0.0


Vehicle 57 :
	id: 0
		node: 1
		(x, y, z): (70, 70, 0)
		dem: 0
		earl: 0
		lat: 2535
		servt: 0
		pid: 0
		did: 0
		servST: 114.47999999999999
		(h, h_ind): (-1, 0)
		load: 0.0

	Finished service at time: 114.47999999999999

	Task 0 -> Task 67: 15.81
	Vehicle arrival at task: 130.29
	Waiting time until service start time: 0.0

	id: 67
		node: 38
		(x, y, z): (85, 75, 0)
		dem: 37
		earl: 22
		lat: 186
		servt: 10
		pid: 0
		did: 108
		servST: 130.29
		(h, h_ind): (-1, 0)
		load: 37.0

	Finished service at time: 140.29

	Task 67 -> Task 18: 6.71
	Vehicle arrival at task: 147.0
	Waiting time until service start time: 0.0

	id: 18
		node: 11
		(x, y, z): (79, 72, 0)
		dem: 22
		earl: 9
		lat: 147
		servt: 10
		pid: 0
		did: 178
		servST: 147.0
		(h, h_ind): (-1, 0)
		load: 59.0

	Finished service at time: 157.0

	Using Machine: 0
		Task 18 -> Machine 0 (Station 1): 6.32
		Vehicle arrival at machine station: 163.32
		Waiting time until machine travel: 80.81

		Machine travel start time: 244.13000000000002
		Region 0 -> Region 1: 5.0
		Machine arrival at machine station: 249.13000000000002

		Machine 0 (Station 2)-> Task 100: 64.85
		Vehicle arrival at task: 313.98
		Waiting time until service start time: 0.0

	id: 100
		node: 51
		(x, y, z): (12, 48, 1)
		dem: 4
		earl: 234
		lat: 351
		servt: 10
		pid: 0
		did: 133
		servST: 313.98
		(h, h_ind): (0, 2)
		load: 63.0

	Finished service at time: 323.98

	Using Machine: 3
		Task 100 -> Machine 3 (Station 2): 59.24
		Vehicle arrival at machine station: 383.22
		Waiting time until machine travel: 0.0

		Machine travel start time: 383.22
		Region 1 -> Region 0: 5.0
		Machine arrival at machine station: 388.22

		Machine 3 (Station 1)-> Task 21: 80.78
		Vehicle arrival at task: 469.0
		Waiting time until service start time: 0.0

	id: 21
		node: 13
		(x, y, z): (109, 139, 0)
		dem: 8
		earl: 469
		lat: 555
		servt: 10
		pid: 0
		did: 6
		servST: 469.0
		(h, h_ind): (3, 3)
		load: 71.0

	Finished service at time: 479.0

	Using Machine: 4
		Task 21 -> Machine 4 (Station 1): 76.06
		Vehicle arrival at machine station: 555.06
		Waiting time until machine travel: 0.0

		Machine travel start time: 555.06
		Region 0 -> Region 1: 5.0
		Machine arrival at machine station: 560.06

		Machine 4 (Station 2)-> Task 6: 89.94
		Vehicle arrival at task: 650.0
		Waiting time until service start time: 0.0

	id: 6
		node: 73
		(x, y, z): (137, 137, 1)
		dem: -8
		earl: 489
		lat: 650
		servt: 10
		pid: 21
		did: 0
		servST: 650.0
		(h, h_ind): (4, 7)
		load: 63.0

	Finished service at time: 660.0

	Using Machine: 4
		Task 6 -> Machine 4 (Station 2): 89.94
		Vehicle arrival at machine station: 749.94
		Waiting time until machine travel: 0.0

		Machine travel start time: 749.94
		Region 1 -> Region 0: 5.0
		Machine arrival at machine station: 754.94

		Machine 4 (Station 1)-> Task 178: 61.52
		Vehicle arrival at task: 816.46
		Waiting time until service start time: 8.2

	id: 178
		node: 71
		(x, y, z): (138, 78, 0)
		dem: -22
		earl: 787
		lat: 951
		servt: 10
		pid: 18
		did: 0
		servST: 824.66
		(h, h_ind): (4, 11)
		load: 41.0

	Finished service at time: 834.66

	Task 178 -> Task 133: 94.34
	Vehicle arrival at task: 929.0
	Waiting time until service start time: 0.0

	id: 133
		node: 111
		(x, y, z): (50, 112, 0)
		dem: -4
		earl: 929
		lat: 1045
		servt: 10
		pid: 100
		did: 0
		servST: 929.0
		(h, h_ind): (-1, 0)
		load: 37.0

	Finished service at time: 939.0

	Using Machine: 3
		Task 133 -> Machine 3 (Station 1): 45.31
		Vehicle arrival at machine station: 984.31
		Waiting time until machine travel: 0.0

		Machine travel start time: 984.31
		Region 0 -> Region 1: 5.0
		Machine arrival at machine station: 989.31

		Machine 3 (Station 2)-> Task 3: 39.22
		Vehicle arrival at task: 1028.53
		Waiting time until service start time: 4.52

	id: 3
		node: 3
		(x, y, z): (30, 57, 1)
		dem: 20
		earl: 912
		lat: 1050
		servt: 10
		pid: 0
		did: 113
		servST: 1033.05
		(h, h_ind): (3, 9)
		load: 57.0

	Finished service at time: 1043.05

	Task 3 -> Task 105: 63.95
	Vehicle arrival at task: 1107.0
	Waiting time until service start time: 0.0

	id: 105
		node: 54
		(x, y, z): (19, 120, 1)
		dem: 16
		earl: 1102
		lat: 1107
		servt: 10
		pid: 0
		did: 12
		servST: 1107.0
		(h, h_ind): (-1, 0)
		load: 73.0

	Finished service at time: 1117.0

	Using Machine: 3
		Task 105 -> Machine 3 (Station 2): 69.31
		Vehicle arrival at machine station: 1186.31
		Waiting time until machine travel: 0.0

		Machine travel start time: 1186.31
		Region 1 -> Region 0: 5.0
		Machine arrival at machine station: 1191.31

		Machine 3 (Station 1)-> Task 113: 30.15
		Vehicle arrival at task: 1221.46
		Waiting time until service start time: 136.54

	id: 113
		node: 63
		(x, y, z): (37, 73, 0)
		dem: -20
		earl: 1358
		lat: 1449
		servt: 10
		pid: 3
		did: 0
		servST: 1358.0
		(h, h_ind): (3, 12)
		load: 53.0

	Finished service at time: 1368.0

	Task 113 -> Task 12: 17.46
	Vehicle arrival at task: 1385.46
	Waiting time until service start time: 86.54

	id: 12
		node: 114
		(x, y, z): (20, 69, 0)
		dem: -16
		earl: 1472
		lat: 1673
		servt: 10
		pid: 105
		did: 0
		servST: 1472.0
		(h, h_ind): (-1, 0)
		load: 37.0

	Finished service at time: 1482.0

	Using Machine: 3
		Task 12 -> Machine 3 (Station 1): 47.01
		Vehicle arrival at machine station: 1529.01
		Waiting time until machine travel: 0.0

		Machine travel start time: 1529.01
		Region 0 -> Region 1: 5.0
		Machine arrival at machine station: 1534.01

		Machine 3 (Station 2)-> Task 108: 73.54
		Vehicle arrival at task: 1607.55
		Waiting time until service start time: 0.0

	id: 108
		node: 98
		(x, y, z): (15, 18, 1)
		dem: -37
		earl: 1581
		lat: 1739
		servt: 10
		pid: 67
		did: 0
		servST: 1607.55
		(h, h_ind): (3, 14)
		load: 0.0

	Finished service at time: 1617.55

	Using Machine: 1
		Task 108 -> Machine 1 (Station 2): 74.97
		Vehicle arrival at machine station: 1692.52
		Waiting time until machine travel: 0.0

		Machine travel start time: 1692.52
		Region 1 -> Region 0: 5.0
		Machine arrival at machine station: 1697.52

		Machine 1 (Station 1)-> Task 0: 1.0
		Vehicle arrival at task: 1698.52
		Waiting time until service start time: 0.0

	id: 0
		node: 122
		(x, y, z): (70, 70, 0)
		dem: 0
		earl: 0
		lat: 2535
		servt: 0
		pid: 0
		did: 0
		servST: 1698.52
		(h, h_ind): (1, 6)
		load: 0.0


Vehicle 59 :
	id: 0
		node: 1
		(x, y, z): (70, 70, 0)
		dem: 0
		earl: 0
		lat: 2535
		servt: 0
		pid: 0
		did: 0
		servST: 53.000000000000014
		(h, h_ind): (-1, 0)
		load: 0.0

	Finished service at time: 53.000000000000014

	Task 0 -> Task 34: 28.64
	Vehicle arrival at task: 81.64000000000001
	Waiting time until service start time: 0.0

	id: 34
		node: 21
		(x, y, z): (44, 58, 0)
		dem: 30
		earl: 47
		lat: 182
		servt: 10
		pid: 0
		did: 78
		servST: 81.64000000000001
		(h, h_ind): (-1, 0)
		load: 30.0

	Finished service at time: 91.64000000000001

	Task 34 -> Task 26: 76.66
	Vehicle arrival at task: 168.3
	Waiting time until service start time: 0.0

	id: 26
		node: 15
		(x, y, z): (64, 132, 0)
		dem: 8
		earl: 168
		lat: 411
		servt: 10
		pid: 0
		did: 45
		servST: 168.3
		(h, h_ind): (-1, 0)
		load: 38.0

	Finished service at time: 178.3

	Using Machine: 2
		Task 26 -> Machine 2 (Station 1): 62.97
		Vehicle arrival at machine station: 241.27
		Waiting time until machine travel: 0.0

		Machine travel start time: 241.27
		Region 0 -> Region 1: 5.0
		Machine arrival at machine station: 246.27

		Machine 2 (Station 2)-> Task 45: 33.73
		Vehicle arrival at task: 280.0
		Waiting time until service start time: 0.0

	id: 45
		node: 75
		(x, y, z): (82, 103, 1)
		dem: -8
		earl: 192
		lat: 280
		servt: 10
		pid: 26
		did: 0
		servST: 280.0
		(h, h_ind): (2, 2)
		load: 30.0

	Finished service at time: 290.0

	Using Machine: 4
		Task 45 -> Machine 4 (Station 2): 33.38
		Vehicle arrival at machine station: 323.38
		Waiting time until machine travel: 18.69

		Machine travel start time: 342.07
		Region 1 -> Region 0: 5.0
		Machine arrival at machine station: 347.07

		Machine 4 (Station 1)-> Task 19: 46.62
		Vehicle arrival at task: 393.69
		Waiting time until service start time: 134.31

	id: 19
		node: 12
		(x, y, z): (104, 32, 0)
		dem: 18
		earl: 528
		lat: 670
		servt: 10
		pid: 0
		did: 175
		servST: 528.0
		(h, h_ind): (4, 4)
		load: 48.0

	Finished service at time: 538.0

	Using Machine: 4
		Task 19 -> Machine 4 (Station 1): 46.62
		Vehicle arrival at machine station: 584.62
		Waiting time until machine travel: 0.0

		Machine travel start time: 584.62
		Region 0 -> Region 1: 5.0
		Machine arrival at machine station: 589.62

		Machine 4 (Station 2)-> Task 78: 26.31
		Vehicle arrival at task: 615.93
		Waiting time until service start time: 40.07

	id: 78
		node: 81
		(x, y, z): (73, 96, 1)
		dem: -30
		earl: 656
		lat: 793
		servt: 10
		pid: 34
		did: 0
		servST: 656.0
		(h, h_ind): (4, 8)
		load: 18.0

	Finished service at time: 666.0

	Using Machine: 3
		Task 78 -> Machine 3 (Station 2): 26.68
		Vehicle arrival at machine station: 692.68
		Waiting time until machine travel: 0.0

		Machine travel start time: 692.68
		Region 1 -> Region 0: 5.0
		Machine arrival at machine station: 697.68

		Machine 3 (Station 1)-> Task 63: 39.36
		Vehicle arrival at task: 737.04
		Waiting time until service start time: 5.9

	id: 63
		node: 35
		(x, y, z): (32, 52, 0)
		dem: 32
		earl: 557
		lat: 771
		servt: 10
		pid: 0
		did: 55
		servST: 742.9400000000002
		(h, h_ind): (3, 5)
		load: 50.0

	Finished service at time: 752.9400000000002

	Using Machine: 3
		Task 63 -> Machine 3 (Station 1): 39.36
		Vehicle arrival at machine station: 792.3000000000002
		Waiting time until machine travel: 0.0

		Machine travel start time: 792.3000000000002
		Region 0 -> Region 1: 5.0
		Machine arrival at machine station: 797.3000000000002

		Machine 3 (Station 2)-> Task 11: 74.32
		Vehicle arrival at task: 871.6200000000001
		Waiting time until service start time: 0.0

	id: 11
		node: 7
		(x, y, z): (37, 138, 1)
		dem: 5
		earl: 866
		lat: 932
		servt: 10
		pid: 0
		did: 141
		servST: 871.6200000000001
		(h, h_ind): (3, 6)
		load: 55.0

	Finished service at time: 881.6200000000001

	Using Machine: 3
		Task 11 -> Machine 3 (Station 2): 74.32
		Vehicle arrival at machine station: 955.94
		Waiting time until machine travel: 0.0

		Machine travel start time: 955.94
		Region 1 -> Region 0: 5.0
		Machine arrival at machine station: 960.94

		Machine 3 (Station 1)-> Task 57: 45.04
		Vehicle arrival at task: 1005.98
		Waiting time until service start time: 0.0

	id: 57
		node: 30
		(x, y, z): (69, 115, 0)
		dem: 20
		earl: 836
		lat: 1006
		servt: 10
		pid: 0
		did: 126
		servST: 1005.98
		(h, h_ind): (3, 8)
		load: 75.0

	Finished service at time: 1015.98

	Task 57 -> Task 141: 32.02
	Vehicle arrival at task: 1048.0
	Waiting time until service start time: 0.0

	id: 141
		node: 67
		(x, y, z): (49, 140, 0)
		dem: -5
		earl: 944
		lat: 1048
		servt: 10
		pid: 11
		did: 0
		servST: 1048.0
		(h, h_ind): (-1, 0)
		load: 70.0

	Finished service at time: 1058.0

	Task 141 -> Task 89: 34.37
	Vehicle arrival at task: 1092.37
	Waiting time until service start time: 111.63

	id: 89
		node: 45
		(x, y, z): (54, 106, 0)
		dem: 9
		earl: 1204
		lat: 1270
		servt: 10
		pid: 0
		did: 109
		servST: 1204.0
		(h, h_ind): (-1, 0)
		load: 79.0

	Finished service at time: 1214.0

	Task 89 -> Task 55: 34.99
	Vehicle arrival at task: 1248.99
	Waiting time until service start time: 179.01

	id: 55
		node: 95
		(x, y, z): (84, 88, 0)
		dem: -32
		earl: 1428
		lat: 1541
		servt: 10
		pid: 63
		did: 0
		servST: 1428.0
		(h, h_ind): (-1, 0)
		load: 47.0

	Finished service at time: 1438.0

	Task 55 -> Task 64: 59.82
	Vehicle arrival at task: 1497.82
	Waiting time until service start time: 0.0

	id: 64
		node: 36
		(x, y, z): (37, 125, 0)
		dem: 10
		earl: 1328
		lat: 1540
		servt: 10
		pid: 0
		did: 163
		servST: 1497.82
		(h, h_ind): (-1, 0)
		load: 57.0

	Finished service at time: 1507.82

	Task 64 -> Task 109: 58.19
	Vehicle arrival at task: 1566.01
	Waiting time until service start time: 0.0

	id: 109
		node: 105
		(x, y, z): (18, 70, 0)
		dem: -9
		earl: 1531
		lat: 1717
		servt: 10
		pid: 89
		did: 0
		servST: 1566.01
		(h, h_ind): (-1, 0)
		load: 48.0

	Finished service at time: 1576.01

	Using Machine: 3
		Task 109 -> Machine 3 (Station 1): 49.0
		Vehicle arrival at machine station: 1625.01
		Waiting time until machine travel: 0.0

		Machine travel start time: 1625.01
		Region 0 -> Region 1: 5.0
		Machine arrival at machine station: 1630.01

		Machine 3 (Station 2)-> Task 112: 57.72
		Vehicle arrival at task: 1687.73
		Waiting time until service start time: 0.0

	id: 112
		node: 57
		(x, y, z): (123, 84, 1)
		dem: 13
		earl: 1652
		lat: 1800
		servt: 10
		pid: 0
		did: 80
		servST: 1687.73
		(h, h_ind): (3, 16)
		load: 61.0

	Finished service at time: 1697.73

	Using Machine: 4
		Task 112 -> Machine 4 (Station 2): 48.08
		Vehicle arrival at machine station: 1745.81
		Waiting time until machine travel: 57.7

		Machine travel start time: 1803.51
		Region 1 -> Region 0: 5.0
		Machine arrival at machine station: 1808.51

		Machine 4 (Station 1)-> Task 175: 57.49
		Vehicle arrival at task: 1866.0
		Waiting time until service start time: 0.0

	id: 175
		node: 72
		(x, y, z): (90, 14, 0)
		dem: -18
		earl: 1866
		lat: 1965
		servt: 10
		pid: 19
		did: 0
		servST: 1866.0
		(h, h_ind): (4, 22)
		load: 43.0

	Finished service at time: 1876.0

	Using Machine: 0
		Task 175 -> Machine 0 (Station 1): 58.52
		Vehicle arrival at machine station: 1934.52
		Waiting time until machine travel: 0.0

		Machine travel start time: 1934.52
		Region 0 -> Region 1: 5.0
		Machine arrival at machine station: 1939.52

		Machine 0 (Station 2)-> Task 80: 2.0
		Vehicle arrival at task: 1941.52
		Waiting time until service start time: 12.99

	id: 80
		node: 117
		(x, y, z): (71, 70, 1)
		dem: -13
		earl: 1916
		lat: 2047
		servt: 10
		pid: 112
		did: 0
		servST: 1954.5099999999998
		(h, h_ind): (0, 4)
		load: 30.0

	Finished service at time: 1964.5099999999998

	Using Machine: 1
		Task 80 -> Machine 1 (Station 2): 2.0
		Vehicle arrival at machine station: 1966.5099999999998
		Waiting time until machine travel: 0.0

		Machine travel start time: 1966.5099999999998
		Region 1 -> Region 0: 5.0
		Machine arrival at machine station: 1971.5099999999998

		Machine 1 (Station 1)-> Task 85: 54.04
		Vehicle arrival at task: 2025.5499999999997
		Waiting time until service start time: 0.0

	id: 85
		node: 44
		(x, y, z): (27, 104, 0)
		dem: 1
		earl: 2014
		lat: 2124
		servt: 10
		pid: 0
		did: 46
		servST: 2025.5499999999997
		(h, h_ind): (1, 7)
		load: 31.0

	Finished service at time: 2035.5499999999997

	Task 85 -> Task 46: 18.38
	Vehicle arrival at task: 2053.93
	Waiting time until service start time: 0.0

	id: 46
		node: 104
		(x, y, z): (10, 111, 0)
		dem: -1
		earl: 1975
		lat: 2088
		servt: 10
		pid: 85
		did: 0
		servST: 2053.93
		(h, h_ind): (-1, 0)
		load: 30.0

	Finished service at time: 2063.93

	Task 46 -> Task 126: 30.07
	Vehicle arrival at task: 2094.0
	Waiting time until service start time: 0.0

	id: 126
		node: 90
		(x, y, z): (40, 113, 0)
		dem: -20
		earl: 1838
		lat: 2094
		servt: 10
		pid: 57
		did: 0
		servST: 2094.0
		(h, h_ind): (-1, 0)
		load: 10.0

	Finished service at time: 2104.0

	Using Machine: 3
		Task 126 -> Machine 3 (Station 1): 50.77
		Vehicle arrival at machine station: 2154.77
		Waiting time until machine travel: 28.97

		Machine travel start time: 2183.74
		Region 0 -> Region 1: 5.0
		Machine arrival at machine station: 2188.74

		Machine 3 (Station 2)-> Task 163: 15.26
		Vehicle arrival at task: 2204.0
		Waiting time until service start time: 0.0

	id: 163
		node: 96
		(x, y, z): (54, 78, 1)
		dem: -10
		earl: 2204
		lat: 2315
		servt: 10
		pid: 64
		did: 0
		servST: 2204.0
		(h, h_ind): (3, 20)
		load: 0.0

	Finished service at time: 2214.0

	Using Machine: 1
		Task 163 -> Machine 1 (Station 2): 17.0
		Vehicle arrival at machine station: 2231.0
		Waiting time until machine travel: 0.0

		Machine travel start time: 2231.0
		Region 1 -> Region 0: 5.0
		Machine arrival at machine station: 2236.0

		Machine 1 (Station 1)-> Task 0: 1.0
		Vehicle arrival at task: 2237.0
		Waiting time until service start time: 0.0

	id: 0
		node: 122
		(x, y, z): (70, 70, 0)
		dem: 0
		earl: 0
		lat: 2535
		servt: 0
		pid: 0
		did: 0
		servST: 2237.0
		(h, h_ind): (1, 10)
		load: 0.0


---------------------| MACHINES |---------------------

Machine 0 :
	setup duration: 0.0

	vehicle: 34
	vehicleInd: 2
	(orig, dest): (0, 61)
	(origRegion, destRegion): (0, 1)
	st: 234.13000000000002
	duration: 5.0

	setup duration: 5.0

	vehicle: 57
	vehicleInd: 4
	(orig, dest): (18, 100)
	(origRegion, destRegion): (0, 1)
	st: 244.13000000000002
	duration: 5.0

	setup duration: 0.0

	vehicle: 20
	vehicleInd: 12
	(orig, dest): (166, 49)
	(origRegion, destRegion): (1, 0)
	st: 1177.99
	duration: 5.0

	setup duration: 0.0

	vehicle: 59
	vehicleInd: 17
	(orig, dest): (175, 80)
	(origRegion, destRegion): (0, 1)
	st: 1934.52
	duration: 5.0

	setup duration: 0.0

	vehicle: 37
	vehicleInd: 22
	(orig, dest): (96, 0)
	(origRegion, destRegion): (1, 0)
	st: 2143.5699999999997
	duration: 5.0


Machine 1 :
	setup duration: 0.0

	vehicle: 54
	vehicleInd: 2
	(orig, dest): (0, 62)
	(origRegion, destRegion): (0, 1)
	st: 85.46999999999998
	duration: 5.0

	setup duration: 5.0

	vehicle: 20
	vehicleInd: 3
	(orig, dest): (41, 36)
	(origRegion, destRegion): (0, 1)
	st: 178.56999999999994
	duration: 5.0

	setup duration: 0.0

	vehicle: 2
	vehicleInd: 5
	(orig, dest): (79, 161)
	(origRegion, destRegion): (1, 0)
	st: 306.07
	duration: 5.0

	setup duration: 0.0

	vehicle: 37
	vehicleInd: 15
	(orig, dest): (16, 156)
	(origRegion, destRegion): (0, 1)
	st: 1459.73
	duration: 5.0

	setup duration: 0.0

	vehicle: 35
	vehicleInd: 16
	(orig, dest): (83, 0)
	(origRegion, destRegion): (1, 0)
	st: 1528.5
	duration: 5.0

	setup duration: 5.0

	vehicle: 57
	vehicleInd: 14
	(orig, dest): (108, 0)
	(origRegion, destRegion): (1, 0)
	st: 1692.52
	duration: 5.0

	setup duration: 5.0

	vehicle: 59
	vehicleInd: 18
	(orig, dest): (80, 85)
	(origRegion, destRegion): (1, 0)
	st: 1966.5099999999998
	duration: 5.0

	setup duration: 0.0

	vehicle: 54
	vehicleInd: 19
	(orig, dest): (86, 154)
	(origRegion, destRegion): (0, 1)
	st: 2011.08
	duration: 5.0

	setup duration: 0.0

	vehicle: 54
	vehicleInd: 20
	(orig, dest): (154, 0)
	(origRegion, destRegion): (1, 0)
	st: 2080.7
	duration: 5.0

	setup duration: 5.0

	vehicle: 59
	vehicleInd: 22
	(orig, dest): (163, 0)
	(origRegion, destRegion): (1, 0)
	st: 2231.0
	duration: 5.0

	setup duration: 5.0

	vehicle: 34
	vehicleInd: 20
	(orig, dest): (72, 0)
	(origRegion, destRegion): (1, 0)
	st: 2341.9799999999996
	duration: 5.0


Machine 2 :
	setup duration: 0.0

	vehicle: 35
	vehicleInd: 2
	(orig, dest): (0, 60)
	(origRegion, destRegion): (0, 1)
	st: 77.11000000000001
	duration: 5.0

	setup duration: 5.0

	vehicle: 59
	vehicleInd: 4
	(orig, dest): (26, 45)
	(origRegion, destRegion): (0, 1)
	st: 241.27
	duration: 5.0

	setup duration: 5.0

	vehicle: 20
	vehicleInd: 7
	(orig, dest): (91, 43)
	(origRegion, destRegion): (0, 1)
	st: 624.26
	duration: 5.0

	setup duration: 0.0

	vehicle: 20
	vehicleInd: 10
	(orig, dest): (90, 75)
	(origRegion, destRegion): (1, 0)
	st: 970.8000000000001
	duration: 5.0


Machine 3 :
	setup duration: 0.0

	vehicle: 2
	vehicleInd: 4
	(orig, dest): (4, 79)
	(origRegion, destRegion): (0, 1)
	st: 187.29
	duration: 5.0

	setup duration: 0.0

	vehicle: 20
	vehicleInd: 4
	(orig, dest): (36, 73)
	(origRegion, destRegion): (1, 0)
	st: 280.41999999999996
	duration: 5.0

	setup duration: 5.0

	vehicle: 57
	vehicleInd: 5
	(orig, dest): (100, 21)
	(origRegion, destRegion): (1, 0)
	st: 383.22
	duration: 5.0

	setup duration: 5.0

	vehicle: 37
	vehicleInd: 6
	(orig, dest): (33, 35)
	(origRegion, destRegion): (1, 0)
	st: 401.05
	duration: 5.0

	setup duration: 5.0

	vehicle: 59
	vehicleInd: 7
	(orig, dest): (78, 63)
	(origRegion, destRegion): (1, 0)
	st: 692.68
	duration: 5.0

	setup duration: 0.0

	vehicle: 59
	vehicleInd: 8
	(orig, dest): (63, 11)
	(origRegion, destRegion): (0, 1)
	st: 792.3000000000002
	duration: 5.0

	setup duration: 0.0

	vehicle: 37
	vehicleInd: 10
	(orig, dest): (195, 104)
	(origRegion, destRegion): (1, 0)
	st: 901.35
	duration: 5.0

	setup duration: 5.0

	vehicle: 59
	vehicleInd: 9
	(orig, dest): (11, 57)
	(origRegion, destRegion): (1, 0)
	st: 955.94
	duration: 5.0

	setup duration: 0.0

	vehicle: 57
	vehicleInd: 9
	(orig, dest): (133, 3)
	(origRegion, destRegion): (0, 1)
	st: 984.31
	duration: 5.0

	setup duration: 5.0

	vehicle: 37
	vehicleInd: 11
	(orig, dest): (104, 180)
	(origRegion, destRegion): (0, 1)
	st: 1067.1299999999999
	duration: 5.0

	setup duration: 5.0

	vehicle: 35
	vehicleInd: 14
	(orig, dest): (123, 93)
	(origRegion, destRegion): (0, 1)
	st: 1171.67
	duration: 5.0

	setup duration: 0.0

	vehicle: 57
	vehicleInd: 11
	(orig, dest): (105, 113)
	(origRegion, destRegion): (1, 0)
	st: 1186.31
	duration: 5.0

	setup duration: 0.0

	vehicle: 34
	vehicleInd: 13
	(orig, dest): (129, 106)
	(origRegion, destRegion): (0, 1)
	st: 1390.91
	duration: 5.0

	setup duration: 5.0

	vehicle: 57
	vehicleInd: 13
	(orig, dest): (12, 108)
	(origRegion, destRegion): (0, 1)
	st: 1529.01
	duration: 5.0

	setup duration: 0.0

	vehicle: 34
	vehicleInd: 15
	(orig, dest): (28, 76)
	(origRegion, destRegion): (1, 0)
	st: 1563.77
	duration: 5.0

	setup duration: 0.0

	vehicle: 59
	vehicleInd: 15
	(orig, dest): (109, 112)
	(origRegion, destRegion): (0, 1)
	st: 1625.01
	duration: 5.0

	setup duration: 5.0

	vehicle: 54
	vehicleInd: 17
	(orig, dest): (10, 53)
	(origRegion, destRegion): (0, 1)
	st: 1824.2700000000002
	duration: 5.0

	setup duration: 0.0

	vehicle: 54
	vehicleInd: 18
	(orig, dest): (53, 86)
	(origRegion, destRegion): (1, 0)
	st: 1939.65
	duration: 5.0

	setup duration: 5.0

	vehicle: 37
	vehicleInd: 20
	(orig, dest): (97, 52)
	(origRegion, destRegion): (1, 0)
	st: 2007.82
	duration: 5.0

	setup duration: 0.0

	vehicle: 59
	vehicleInd: 21
	(orig, dest): (126, 163)
	(origRegion, destRegion): (0, 1)
	st: 2183.74
	duration: 5.0


Machine 4 :
	setup duration: 0.0

	vehicle: 37
	vehicleInd: 3
	(orig, dest): (23, 116)
	(origRegion, destRegion): (0, 1)
	st: 145.07
	duration: 5.0

	setup duration: 0.0

	vehicle: 35
	vehicleInd: 3
	(orig, dest): (60, 56)
	(origRegion, destRegion): (1, 0)
	st: 155.68
	duration: 5.0

	setup duration: 0.0

	vehicle: 35
	vehicleInd: 6
	(orig, dest): (47, 65)
	(origRegion, destRegion): (0, 1)
	st: 337.07
	duration: 5.0

	setup duration: 0.0

	vehicle: 59
	vehicleInd: 5
	(orig, dest): (45, 19)
	(origRegion, destRegion): (1, 0)
	st: 342.07
	duration: 5.0

	setup duration: 5.0

	vehicle: 34
	vehicleInd: 5
	(orig, dest): (31, 167)
	(origRegion, destRegion): (1, 0)
	st: 491.39
	duration: 5.0

	setup duration: 5.0

	vehicle: 54
	vehicleInd: 6
	(orig, dest): (184, 32)
	(origRegion, destRegion): (1, 0)
	st: 528.11
	duration: 5.0

	setup duration: 0.0

	vehicle: 57
	vehicleInd: 6
	(orig, dest): (21, 6)
	(origRegion, destRegion): (0, 1)
	st: 555.06
	duration: 5.0

	setup duration: 5.0

	vehicle: 59
	vehicleInd: 6
	(orig, dest): (19, 78)
	(origRegion, destRegion): (0, 1)
	st: 584.62
	duration: 5.0

	setup duration: 5.0

	vehicle: 37
	vehicleInd: 8
	(orig, dest): (94, 92)
	(origRegion, destRegion): (0, 1)
	st: 711.95
	duration: 5.0

	setup duration: 5.0

	vehicle: 54
	vehicleInd: 8
	(orig, dest): (40, 27)
	(origRegion, destRegion): (0, 1)
	st: 721.95
	duration: 5.0

	setup duration: 0.0

	vehicle: 57
	vehicleInd: 7
	(orig, dest): (6, 178)
	(origRegion, destRegion): (1, 0)
	st: 749.94
	duration: 5.0

	setup duration: 5.0

	vehicle: 35
	vehicleInd: 12
	(orig, dest): (191, 66)
	(origRegion, destRegion): (1, 0)
	st: 981.69
	duration: 5.0

	setup duration: 0.0

	vehicle: 34
	vehicleInd: 9
	(orig, dest): (59, 81)
	(origRegion, destRegion): (0, 1)
	st: 986.69
	duration: 5.0

	setup duration: 0.0

	vehicle: 54
	vehicleInd: 9
	(orig, dest): (27, 68)
	(origRegion, destRegion): (1, 0)
	st: 992.12
	duration: 5.0

	setup duration: 0.0

	vehicle: 20
	vehicleInd: 11
	(orig, dest): (75, 166)
	(origRegion, destRegion): (0, 1)
	st: 1042.1200000000001
	duration: 5.0

	setup duration: 5.0

	vehicle: 54
	vehicleInd: 11
	(orig, dest): (13, 107)
	(origRegion, destRegion): (0, 1)
	st: 1169.3000000000002
	duration: 5.0

	setup duration: 0.0

	vehicle: 34
	vehicleInd: 12
	(orig, dest): (9, 129)
	(origRegion, destRegion): (1, 0)
	st: 1197.08
	duration: 5.0

	setup duration: 5.0

	vehicle: 37
	vehicleInd: 13
	(orig, dest): (69, 58)
	(origRegion, destRegion): (1, 0)
	st: 1239.93
	duration: 5.0

	setup duration: 5.0

	vehicle: 54
	vehicleInd: 12
	(orig, dest): (107, 187)
	(origRegion, destRegion): (1, 0)
	st: 1280.93
	duration: 5.0

	setup duration: 0.0

	vehicle: 20
	vehicleInd: 13
	(orig, dest): (49, 101)
	(origRegion, destRegion): (0, 1)
	st: 1289.23
	duration: 5.0

	setup duration: 0.0

	vehicle: 20
	vehicleInd: 14
	(orig, dest): (101, 185)
	(origRegion, destRegion): (1, 0)
	st: 1428.29
	duration: 5.0

	setup duration: 5.0

	vehicle: 59
	vehicleInd: 16
	(orig, dest): (112, 175)
	(origRegion, destRegion): (1, 0)
	st: 1803.51
	duration: 5.0

	setup duration: 0.0

	vehicle: 34
	vehicleInd: 17
	(orig, dest): (39, 1)
	(origRegion, destRegion): (0, 1)
	st: 1927.56
	duration: 5.0

	setup duration: 0.0

	vehicle: 34
	vehicleInd: 18
	(orig, dest): (1, 140)
	(origRegion, destRegion): (1, 0)
	st: 2090.56
	duration: 5.0

	setup duration: 0.0

	vehicle: 37
	vehicleInd: 21
	(orig, dest): (52, 96)
	(origRegion, destRegion): (0, 1)
	st: 2098.72
	duration: 5.0

	setup duration: 5.0

	vehicle: 34
	vehicleInd: 19
	(orig, dest): (140, 72)
	(origRegion, destRegion): (0, 1)
	st: 2239.3399999999997
	duration: 5.0


-------------------| COMPL. TIMES |-------------------

Vehicle 0 : 0.0
Vehicle 1 : 0.0
Vehicle 2 : 382.40999999999997
Vehicle 3 : 0.0
Vehicle 4 : 0.0
Vehicle 5 : 0.0
Vehicle 6 : 0.0
Vehicle 7 : 0.0
Vehicle 8 : 0.0
Vehicle 9 : 0.0
Vehicle 10 : 0.0
Vehicle 11 : 0.0
Vehicle 12 : 0.0
Vehicle 13 : 0.0
Vehicle 14 : 0.0
Vehicle 15 : 0.0
Vehicle 16 : 0.0
Vehicle 17 : 0.0
Vehicle 18 : 0.0
Vehicle 19 : 0.0
Vehicle 20 : 1497.53
Vehicle 21 : 0.0
Vehicle 22 : 0.0
Vehicle 23 : 0.0
Vehicle 24 : 0.0
Vehicle 25 : 0.0
Vehicle 26 : 0.0
Vehicle 27 : 0.0
Vehicle 28 : 0.0
Vehicle 29 : 0.0
Vehicle 30 : 0.0
Vehicle 31 : 0.0
Vehicle 32 : 0.0
Vehicle 33 : 0.0
Vehicle 34 : 2116.8499999999995
Vehicle 35 : 1462.3899999999999
Vehicle 36 : 0.0
Vehicle 37 : 2034.1999999999998
Vehicle 38 : 0.0
Vehicle 39 : 0.0
Vehicle 40 : 0.0
Vehicle 41 : 0.0
Vehicle 42 : 0.0
Vehicle 43 : 0.0
Vehicle 44 : 0.0
Vehicle 45 : 0.0
Vehicle 46 : 0.0
Vehicle 47 : 0.0
Vehicle 48 : 0.0
Vehicle 49 : 0.0
Vehicle 50 : 0.0
Vehicle 51 : 0.0
Vehicle 52 : 0.0
Vehicle 53 : 0.0
Vehicle 54 : 2002.2299999999998
Vehicle 55 : 0.0
Vehicle 56 : 0.0
Vehicle 57 : 1584.04
Vehicle 58 : 0.0
Vehicle 59 : 2184.0
-------------------| STATISTICS |-------------------

    Vehicles used                           : 13.3333
    Machines used                           : 100.0
    Max load (vehicles)                     : 98.75
    Min load (vehicles)                     : 41.25
    Mean load (vehicles)                    : 88.0299
    Min completion time                     : 15.0852
    Max completion time                     : 86.1538
    Mean completion time                    : 65.4026
    Avrg travel time (with vehicle)         : 3.7081
    Avrg travel time (only with vehicle)    : 2.6036
    Avrg travel time (no vehicle)           : 1.1045
    Avrg waiting time (machine travel)      : 3.6612
    Avrg waiting time (service)             : 14.6056
    Machines travel times (with vehicle)    : [1.1834, 3.1558, 1.1834, 5.7199, 7.2978]
    Machines travel times (no vehicle)      : [0.1972, 0.9862, 0.3945, 1.7751, 2.1696]
    Max load per vehicle                    : [0.0, 0.0, 41.25, 0.0, 0.0, 0.0, 0.0, 0.0, 0.0, 0.0, 0.0, 0.0, 0.0, 0.0, 0.0, 0.0, 0.0, 0.0, 0.0, 0.0, 91.25, 0.0, 0.0, 0.0, 0.0, 0.0, 0.0, 0.0, 0.0, 0.0, 0.0, 0.0, 0.0, 0.0, 94.4444, 97.0149, 0.0, 96.25, 0.0, 0.0, 0.0, 0.0, 0.0, 0.0, 0.0, 0.0, 0.0, 0.0, 0.0, 0.0, 0.0, 0.0, 0.0, 0.0, 94.0299, 0.0, 0.0, 91.25, 0.0, 98.75]

----------------------------------------------------

TOTAL: 13263.649999999998

Everything is awesome!
