Set parameter WLSAccessID
Set parameter WLSSecret
Set parameter LicenseID to value 2661775
Academic license 2661775 - for non-commercial use only - registered to me___@dcc.ufba.br
Loading line 2: methodType heur
Loading line 3: methodCode mslp
Loading line 4: seed 0
Loading line 5: threads 1
Loading line 6: greedy_service_order random
Loading line 7: outputFlagGrbMSLP 0
Loading line 8: mslpa 60000
Loading line 9: mslpr I
Loading line 10: maxtime 3600
Loading line 11: output ./logs/
Loading line 12: printsol 1
Loading line 13: solverMethod A
Instance: LR2_2_8_t2_60R_60V_04I_06M

[04:30:16.686] Running Data.readData with file /dados/rmelo/PDPTW-SE/benchmark_multi_island_v5/official_experiments/multistartlp/preliminar/set_01_pt_01/../../../../instances/orig_ams_fg/60R_60V_04I_06M/t2/LR2_2_8/
vehicles: Vehicle[Vehicle(0, 54), Vehicle(1, 67), Vehicle(2, 80), Vehicle(3, 54), Vehicle(4, 67), Vehicle(5, 67), Vehicle(6, 54), Vehicle(7, 67), Vehicle(8, 67), Vehicle(9, 54), Vehicle(10, 67), Vehicle(11, 67), Vehicle(12, 80), Vehicle(13, 67), Vehicle(14, 67), Vehicle(15, 54), Vehicle(16, 54), Vehicle(17, 67), Vehicle(18, 67), Vehicle(19, 54), Vehicle(20, 67), Vehicle(21, 54), Vehicle(22, 80), Vehicle(23, 54), Vehicle(24, 80), Vehicle(25, 67), Vehicle(26, 54), Vehicle(27, 67), Vehicle(28, 67), Vehicle(29, 54), Vehicle(30, 67), Vehicle(31, 67), Vehicle(32, 67), Vehicle(33, 67), Vehicle(34, 67), Vehicle(35, 54), Vehicle(36, 80), Vehicle(37, 54), Vehicle(38, 80), Vehicle(39, 54), Vehicle(40, 67), Vehicle(41, 80), Vehicle(42, 54), Vehicle(43, 54), Vehicle(44, 80), Vehicle(45, 80), Vehicle(46, 54), Vehicle(47, 80), Vehicle(48, 67), Vehicle(49, 67), Vehicle(50, 80), Vehicle(51, 67), Vehicle(52, 54), Vehicle(53, 54), Vehicle(54, 80), Vehicle(55, 67), Vehicle(56, 67), Vehicle(57, 54), Vehicle(58, 80), Vehicle(59, 67)]
vehicle_types: Vehicle[Vehicle(0, 54), Vehicle(1, 67), Vehicle(2, 80)]
Machine[Machine(0, Point[Point(69, 72, 0), Point(81, 63, 1), Point(57, 84, 2), Point(78, 74, 3)], 1.0), Machine(1, Point[Point(71, 66, 0), Point(78, 60, 1), Point(61, 88, 2), Point(77, 74, 3)], 1.0), Machine(2, Point[Point(68, 72, 0), Point(84, 64, 1), Point(61, 89, 2), Point(77, 75, 3)], 1.0), Machine(3, Point[Point(67, 73, 0), Point(79, 59, 1), Point(55, 84, 2), Point(76, 75, 3)], 1.0), Machine(4, Point[Point(66, 74, 0), Point(79, 58, 1), Point(61, 91, 2), Point(76, 76, 3)], 1.0), Machine(5, Point[Point(65, 74, 0), Point(87, 64, 1), Point(62, 93, 2), Point(75, 76, 3)], 1.0)]
refs: [1, 2, 3, 4, 7, 8, 9, 11, 13, 14, 16, 19, 24, 25, 27, 28, 29, 31, 32, 33, 35, 37, 39, 40, 42, 45, 46, 47, 49, 50, 52, 53, 54, 55, 57, 60, 63, 65, 66, 67, 68, 69, 71, 72, 73, 75, 77, 78, 79, 80, 81, 82, 86, 89, 91, 94, 95, 97, 99, 100, 102, 30, 108, 87, 21, 17, 103, 36, 20, 61, 120, 58, 110, 56, 90, 64, 6, 112, 121, 88, 84, 93, 115, 85, 23, 98, 113, 5, 62, 76, 74, 106, 18, 70, 118, 41, 22, 96, 15, 59, 109, 107, 51, 44, 10, 105, 48, 117, 83, 116, 114, 38, 34, 101, 43, 111, 104, 119, 12, 26, 92, 1]
V: [1, 2, 3, 4, 5, 6, 7, 8, 9, 10, 11, 12, 13, 14, 15, 16, 17, 18, 19, 20, 21, 22, 23, 24, 25, 26, 27, 28, 29, 30, 31, 32, 33, 34, 35, 36, 37, 38, 39, 40, 41, 42, 43, 44, 45, 46, 47, 48, 49, 50, 51, 52, 53, 54, 55, 56, 57, 58, 59, 60, 61, 62, 63, 64, 65, 66, 67, 68, 69, 70, 71, 72, 73, 74, 75, 76, 77, 78, 79, 80, 81, 82, 83, 84, 85, 86, 87, 88, 89, 90, 91, 92, 93, 94, 95, 96, 97, 98, 99, 100, 101, 102, 103, 104, 105, 106, 107, 108, 109, 110, 111, 112, 113, 114, 115, 116, 117, 118, 119, 120, 121]
V_p: [2, 3, 4, 5, 6, 7, 8, 9, 10, 11, 12, 13, 14, 15, 16, 17, 18, 19, 20, 21, 22, 23, 24, 25, 26, 27, 28, 29, 30, 31, 32, 33, 34, 35, 36, 37, 38, 39, 40, 41, 42, 43, 44, 45, 46, 47, 48, 49, 50, 51, 52, 53, 54, 55, 56, 57, 58, 59, 60, 61]
V_d: [62, 63, 64, 65, 66, 67, 68, 69, 70, 71, 72, 73, 74, 75, 76, 77, 78, 79, 80, 81, 82, 83, 84, 85, 86, 87, 88, 89, 90, 91, 92, 93, 94, 95, 96, 97, 98, 99, 100, 101, 102, 103, 104, 105, 106, 107, 108, 109, 110, 111, 112, 113, 114, 115, 116, 117, 118, 119, 120, 121]
Vprime: [1, 2, 3, 4, 5, 6, 7, 8, 9, 10, 11, 12, 13, 14, 15, 16, 17, 18, 19, 20, 21, 22, 23, 24, 25, 26, 27, 28, 29, 30, 31, 32, 33, 34, 35, 36, 37, 38, 39, 40, 41, 42, 43, 44, 45, 46, 47, 48, 49, 50, 51, 52, 53, 54, 55, 56, 57, 58, 59, 60, 61, 62, 63, 64, 65, 66, 67, 68, 69, 70, 71, 72, 73, 74, 75, 76, 77, 78, 79, 80, 81, 82, 83, 84, 85, 86, 87, 88, 89, 90, 91, 92, 93, 94, 95, 96, 97, 98, 99, 100, 101, 102, 103, 104, 105, 106, 107, 108, 109, 110, 111, 112, 113, 114, 115, 116, 117, 118, 119, 120, 121, 122]
V: [1, 2, 3, 4, 5, 6, 7, 8, 9, 10, 11, 12, 13, 14, 15, 16, 17, 18, 19, 20, 21, 22, 23, 24, 25, 26, 27, 28, 29, 30, 31, 32, 33, 34, 35, 36, 37, 38, 39, 40, 41, 42, 43, 44, 45, 46, 47, 48, 49, 50, 51, 52, 53, 54, 55, 56, 57, 58, 59, 60, 61, 62, 63, 64, 65, 66, 67, 68, 69, 70, 71, 72, 73, 74, 75, 76, 77, 78, 79, 80, 81, 82, 83, 84, 85, 86, 87, 88, 89, 90, 91, 92, 93, 94, 95, 96, 97, 98, 99, 100, 101, 102, 103, 104, 105, 106, 107, 108, 109, 110, 111, 112, 113, 114, 115, 116, 117, 118, 119, 120, 121]
q: [0, 9, 7, 20, 22, 13, 5, 9, 40, 25, 22, 15, 13, 20, 11, 13, 12, 8, 20, 36, 21, 20, 23, 15, 26, 13, 20, 10, 13, 37, 17, 25, 31, 19, 12, 9, 21, 9, 7, 20, 15, 25, 16, 21, 18, 4, 32, 35, 16, 20, 21, 10, 13, 10, 18, 16, 25, 25, 23, 24, 20, -9, -7, -20, -22, -13, -5, -9, -40, -25, -22, -15, -13, -20, -11, -13, -12, -8, -20, -36, -21, -20, -23, -15, -26, -13, -20, -10, -13, -37, -17, -25, -31, -19, -12, -9, -21, -9, -7, -20, -15, -25, -16, -21, -18, -4, -32, -35, -16, -20, -21, -10, -13, -10, -18, -16, -25, -25, -23, -24, -20, 0]
H: [1, 2, 3, 4, 5, 6]
f: [[1, 1, 1, 1, 1, 1], [2, 2, 2, 2, 2, 2], [1, 1, 1, 1, 1, 1], [1, 1, 1, 1, 1, 1], [4, 4, 4, 4, 4, 4], [2, 2, 2, 2, 2, 2], [3, 3, 3, 3, 3, 3], [4, 4, 4, 4, 4, 4], [2, 2, 2, 2, 2, 2], [3, 3, 3, 3, 3, 3], [4, 4, 4, 4, 4, 4], [4, 4, 4, 4, 4, 4], [4, 4, 4, 4, 4, 4], [1, 1, 1, 1, 1, 1], [1, 1, 1, 1, 1, 1], [2, 2, 2, 2, 2, 2], [4, 4, 4, 4, 4, 4], [2, 2, 2, 2, 2, 2], [2, 2, 2, 2, 2, 2], [2, 2, 2, 2, 2, 2], [3, 3, 3, 3, 3, 3], [2, 2, 2, 2, 2, 2], [3, 3, 3, 3, 3, 3], [1, 1, 1, 1, 1, 1], [3, 3, 3, 3, 3, 3], [2, 2, 2, 2, 2, 2], [1, 1, 1, 1, 1, 1], [3, 3, 3, 3, 3, 3], [3, 3, 3, 3, 3, 3], [4, 4, 4, 4, 4, 4], [4, 4, 4, 4, 4, 4], [2, 2, 2, 2, 2, 2], [3, 3, 3, 3, 3, 3], [1, 1, 1, 1, 1, 1], [2, 2, 2, 2, 2, 2], [1, 1, 1, 1, 1, 1], [1, 1, 1, 1, 1, 1], [3, 3, 3, 3, 3, 3], [3, 3, 3, 3, 3, 3], [3, 3, 3, 3, 3, 3], [2, 2, 2, 2, 2, 2], [3, 3, 3, 3, 3, 3], [4, 4, 4, 4, 4, 4], [4, 4, 4, 4, 4, 4], [3, 3, 3, 3, 3, 3], [1, 1, 1, 1, 1, 1], [2, 2, 2, 2, 2, 2], [1, 1, 1, 1, 1, 1], [3, 3, 3, 3, 3, 3], [1, 1, 1, 1, 1, 1], [4, 4, 4, 4, 4, 4], [1, 1, 1, 1, 1, 1], [4, 4, 4, 4, 4, 4], [2, 2, 2, 2, 2, 2], [2, 2, 2, 2, 2, 2], [3, 3, 3, 3, 3, 3], [4, 4, 4, 4, 4, 4], [4, 4, 4, 4, 4, 4], [3, 3, 3, 3, 3, 3], [4, 4, 4, 4, 4, 4], [2, 2, 2, 2, 2, 2], [2, 2, 2, 2, 2, 2], [1, 1, 1, 1, 1, 1], [1, 1, 1, 1, 1, 1], [4, 4, 4, 4, 4, 4], [2, 2, 2, 2, 2, 2], [3, 3, 3, 3, 3, 3], [4, 4, 4, 4, 4, 4], [2, 2, 2, 2, 2, 2], [3, 3, 3, 3, 3, 3], [4, 4, 4, 4, 4, 4], [4, 4, 4, 4, 4, 4], [2, 2, 2, 2, 2, 2], [1, 1, 1, 1, 1, 1], [1, 1, 1, 1, 1, 1], [2, 2, 2, 2, 2, 2], [4, 4, 4, 4, 4, 4], [4, 4, 4, 4, 4, 4], [4, 4, 4, 4, 4, 4], [4, 4, 4, 4, 4, 4], [1, 1, 1, 1, 1, 1], [2, 2, 2, 2, 2, 2], [3, 3, 3, 3, 3, 3], [1, 1, 1, 1, 1, 1], [3, 3, 3, 3, 3, 3], [2, 2, 2, 2, 2, 2], [2, 2, 2, 2, 2, 2], [1, 1, 1, 1, 1, 1], [3, 3, 3, 3, 3, 3], [4, 4, 4, 4, 4, 4], [4, 4, 4, 4, 4, 4], [2, 2, 2, 2, 2, 2], [3, 3, 3, 3, 3, 3], [1, 1, 1, 1, 1, 1], [2, 2, 2, 2, 2, 2], [4, 4, 4, 4, 4, 4], [1, 1, 1, 1, 1, 1], [3, 3, 3, 3, 3, 3], [3, 3, 3, 3, 3, 3], [3, 3, 3, 3, 3, 3], [4, 4, 4, 4, 4, 4], [1, 1, 1, 1, 1, 1], [4, 4, 4, 4, 4, 4], [4, 4, 4, 4, 4, 4], [1, 1, 1, 1, 1, 1], [1, 1, 1, 1, 1, 1], [2, 2, 2, 2, 2, 2], [1, 1, 1, 1, 1, 1], [1, 1, 1, 1, 1, 1], [1, 1, 1, 1, 1, 1], [3, 3, 3, 3, 3, 3], [1, 1, 1, 1, 1, 1], [4, 4, 4, 4, 4, 4], [4, 4, 4, 4, 4, 4], [2, 2, 2, 2, 2, 2], [1, 1, 1, 1, 1, 1], [4, 4, 4, 4, 4, 4], [4, 4, 4, 4, 4, 4], [3, 3, 3, 3, 3, 3], [2, 2, 2, 2, 2, 2], [2, 2, 2, 2, 2, 2], [1, 1, 1, 1, 1, 1]]
1 1 1 -> 0.0
1 2 1 -> 15.0
1 3 1 -> 16.97
1 4 1 -> 9.22
2 1 1 -> 15.0
2 2 1 -> 0.0
2 3 1 -> 31.89
2 4 1 -> 11.4
3 1 1 -> 16.97
3 2 1 -> 31.89
3 3 1 -> 0.0
3 4 1 -> 23.26
4 1 1 -> 9.22
4 2 1 -> 11.4
4 3 1 -> 23.26
4 4 1 -> 0.0
1 1 2 -> 0.0
1 2 2 -> 9.22
1 3 2 -> 24.17
1 4 2 -> 10.0
2 1 2 -> 9.22
2 2 2 -> 0.0
2 3 2 -> 32.76
2 4 2 -> 14.04
3 1 2 -> 24.17
3 2 2 -> 32.76
3 3 2 -> 0.0
3 4 2 -> 21.26
4 1 2 -> 10.0
4 2 2 -> 14.04
4 3 2 -> 21.26
4 4 2 -> 0.0
1 1 3 -> 0.0
1 2 3 -> 17.89
1 3 3 -> 18.38
1 4 3 -> 9.49
2 1 3 -> 17.89
2 2 3 -> 0.0
2 3 3 -> 33.97
2 4 3 -> 13.04
3 1 3 -> 18.38
3 2 3 -> 33.97
3 3 3 -> 0.0
3 4 3 -> 21.26
4 1 3 -> 9.49
4 2 3 -> 13.04
4 3 3 -> 21.26
4 4 3 -> 0.0
1 1 4 -> 0.0
1 2 4 -> 18.44
1 3 4 -> 16.28
1 4 4 -> 9.22
2 1 4 -> 18.44
2 2 4 -> 0.0
2 3 4 -> 34.66
2 4 4 -> 16.28
3 1 4 -> 16.28
3 2 4 -> 34.66
3 3 4 -> 0.0
3 4 4 -> 22.85
4 1 4 -> 9.22
4 2 4 -> 16.28
4 3 4 -> 22.85
4 4 4 -> 0.0
1 1 5 -> 0.0
1 2 5 -> 20.62
1 3 5 -> 17.72
1 4 5 -> 10.2
2 1 5 -> 20.62
2 2 5 -> 0.0
2 3 5 -> 37.59
2 4 5 -> 18.25
3 1 5 -> 17.72
3 2 5 -> 37.59
3 3 5 -> 0.0
3 4 5 -> 21.21
4 1 5 -> 10.2
4 2 5 -> 18.25
4 3 5 -> 21.21
4 4 5 -> 0.0
1 1 6 -> 0.0
1 2 6 -> 24.17
1 3 6 -> 19.24
1 4 6 -> 10.2
2 1 6 -> 24.17
2 2 6 -> 0.0
2 3 6 -> 38.29
2 4 6 -> 16.97
3 1 6 -> 19.24
3 2 6 -> 38.29
3 3 6 -> 0.0
3 4 6 -> 21.4
4 1 6 -> 10.2
4 2 6 -> 16.97
4 3 6 -> 21.4
4 4 6 -> 0.0
o: (1, 2, 3) => 17.89
o: (3, 1, 3) => 18.38
o: (1, 3, 5) => 17.72
o: (3, 2, 4) => 34.66
o: (1, 4, 5) => 10.2
o: (4, 3, 6) => 21.4
o: (4, 4, 6) => 0.0
o: (3, 2, 3) => 33.97
o: (3, 3, 5) => 0.0
o: (2, 1, 1) => 15.0
o: (3, 4, 5) => 21.21
o: (1, 3, 2) => 24.17
o: (1, 4, 2) => 10.0
o: (4, 3, 4) => 22.85
o: (2, 2, 1) => 0.0
o: (4, 4, 4) => 0.0
o: (3, 3, 2) => 0.0
o: (3, 4, 2) => 21.26
o: (4, 3, 3) => 21.26
o: (4, 4, 3) => 0.0
o: (1, 1, 5) => 0.0
o: (4, 1, 6) => 10.2
o: (1, 2, 5) => 20.62
o: (3, 1, 5) => 17.72
o: (1, 3, 1) => 16.97
o: (4, 2, 6) => 16.97
o: (1, 1, 2) => 0.0
o: (1, 4, 1) => 9.22
o: (2, 3, 6) => 38.29
o: (4, 1, 4) => 9.22
o: (3, 2, 5) => 37.59
o: (2, 4, 6) => 16.97
o: (3, 3, 1) => 0.0
o: (1, 2, 2) => 9.22
o: (3, 1, 2) => 24.17
o: (3, 4, 1) => 23.26
o: (4, 1, 3) => 9.49
o: (4, 2, 4) => 16.28
o: (3, 2, 2) => 32.76
o: (2, 3, 4) => 34.66
o: (4, 2, 3) => 13.04
o: (2, 4, 4) => 16.28
o: (4, 3, 5) => 21.21
o: (4, 4, 5) => 0.0
o: (1, 1, 1) => 0.0
o: (2, 3, 3) => 33.97
o: (2, 4, 3) => 13.04
o: (2, 1, 6) => 24.17
o: (4, 3, 2) => 21.26
o: (1, 2, 1) => 15.0
o: (3, 1, 1) => 16.97
o: (4, 4, 2) => 0.0
o: (2, 2, 6) => 0.0
o: (3, 2, 1) => 31.89
o: (2, 1, 4) => 18.44
o: (4, 1, 5) => 10.2
o: (2, 1, 3) => 17.89
o: (2, 2, 4) => 0.0
o: (4, 2, 5) => 18.25
o: (4, 3, 1) => 23.26
o: (1, 3, 6) => 19.24
o: (4, 1, 2) => 10.0
o: (4, 4, 1) => 0.0
o: (2, 2, 3) => 0.0
o: (2, 3, 5) => 37.59
o: (1, 4, 6) => 10.2
o: (2, 4, 5) => 18.25
o: (3, 3, 6) => 0.0
o: (4, 2, 2) => 14.04
o: (3, 4, 6) => 21.4
o: (1, 3, 4) => 16.28
o: (2, 3, 2) => 32.76
o: (1, 4, 4) => 9.22
o: (2, 4, 2) => 14.04
o: (1, 3, 3) => 18.38
o: (3, 3, 4) => 0.0
o: (1, 4, 3) => 9.49
o: (3, 4, 4) => 22.85
o: (4, 1, 1) => 9.22
o: (1, 1, 6) => 0.0
o: (2, 1, 5) => 20.62
o: (3, 3, 3) => 0.0
o: (3, 4, 3) => 21.26
o: (4, 2, 1) => 11.4
o: (1, 2, 6) => 24.17
o: (3, 1, 6) => 19.24
o: (2, 2, 5) => 0.0
o: (2, 3, 1) => 31.89
o: (1, 1, 4) => 0.0
o: (2, 1, 2) => 9.22
o: (2, 4, 1) => 11.4
o: (3, 2, 6) => 38.29
o: (1, 1, 3) => 0.0
o: (1, 2, 4) => 18.44
o: (2, 2, 2) => 0.0
o: (3, 1, 4) => 16.28

[121, 2728, 2718, 2627, 2617, 2655, 2613, 40]
JOBS in the order of refs (Vprime)
Node 1: Job(0, Point(70, 70, 0), 0, 0, 2535, 0, 0, 0)
Node 2: Job(1, Point(101, 0, 1), 9, 1932, 2172, 10, 0, 39)
Node 3: Job(2, Point(26, 50, 0), 7, 1490, 1730, 10, 0, 149)
Node 4: Job(3, Point(30, 57, 0), 20, 0, 2483, 10, 0, 113)
Node 5: Job(8, Point(78, 111, 3), 22, 47, 287, 10, 0, 24)
Node 6: Job(9, Point(107, 25, 1), 13, 1035, 1275, 10, 0, 19)
Node 7: Job(11, Point(37, 138, 2), 5, 0, 2450, 10, 0, 130)
Node 8: Job(13, Point(121, 123, 3), 9, 0, 2452, 10, 0, 48)
Node 9: Job(15, Point(137, 7, 1), 40, 0, 2434, 10, 0, 23)
Node 10: Job(16, Point(50, 106, 2), 25, 1221, 1461, 10, 0, 83)
Node 11: Job(18, Point(79, 72, 3), 22, 0, 2516, 10, 0, 196)
Node 12: Job(22, Point(80, 103, 3), 15, 1428, 1668, 10, 0, 78)
Node 13: Job(27, Point(133, 130, 3), 13, 0, 2438, 10, 0, 160)
Node 14: Job(28, Point(39, 13, 0), 20, 0, 2461, 10, 0, 76)
Node 15: Job(35, Point(32, 6, 0), 11, 320, 560, 10, 0, 117)
Node 16: Job(37, Point(106, 10, 1), 13, 0, 2456, 10, 0, 88)
Node 17: Job(38, Point(107, 102, 3), 12, 0, 2477, 10, 0, 7)
Node 18: Job(41, Point(81, 57, 1), 8, 17, 257, 10, 0, 167)
Node 19: Job(42, Point(120, 52, 1), 20, 0, 2472, 10, 0, 197)
Node 20: Job(43, Point(113, 32, 1), 36, 0, 2468, 10, 0, 114)
Node 21: Job(46, Point(10, 111, 2), 21, 0, 2453, 10, 0, 110)
Node 22: Job(51, Point(98, 4, 1), 20, 0, 2454, 10, 0, 120)
Node 23: Job(53, Point(60, 84, 2), 23, 0, 2508, 10, 0, 174)
Node 24: Job(54, Point(13, 48, 0), 15, 0, 2464, 10, 0, 111)
Node 25: Job(58, Point(59, 115, 2), 26, 0, 2479, 10, 0, 26)
Node 26: Job(61, Point(104, 54, 1), 13, 150, 390, 10, 0, 125)
Node 27: Job(62, Point(54, 33, 0), 20, 41, 281, 10, 0, 172)
Node 28: Job(64, Point(37, 125, 2), 10, 0, 2461, 10, 0, 4)
Node 29: Job(66, Point(38, 122, 2), 13, 876, 1116, 10, 0, 85)
Node 30: Job(67, Point(85, 75, 3), 37, 0, 2510, 10, 0, 102)
Node 31: Job(69, Point(103, 77, 3), 17, 1102, 1342, 10, 0, 99)
Node 32: Job(71, Point(139, 68, 1), 25, 0, 2456, 10, 0, 147)
Node 33: Job(73, Point(39, 100, 2), 31, 0, 2482, 10, 0, 20)
Node 34: Job(74, Point(48, 47, 0), 19, 31, 271, 10, 0, 94)
Node 35: Job(77, Point(103, 44, 1), 12, 0, 2483, 10, 0, 185)
Node 36: Job(80, Point(71, 70, 0), 9, 0, 2524, 10, 0, 55)
Node 37: Job(87, Point(34, 72, 0), 21, 0, 2489, 10, 0, 25)
Node 38: Job(89, Point(54, 106, 2), 9, 0, 2486, 10, 0, 123)
Node 39: Job(90, Point(63, 129, 2), 7, 0, 2466, 10, 0, 17)
Node 40: Job(91, Point(33, 117, 2), 20, 0, 2466, 10, 0, 79)
Node 41: Job(92, Point(102, 52, 1), 15, 0, 2489, 10, 0, 159)
Node 42: Job(93, Point(13, 129, 2), 25, 0, 2443, 10, 0, 148)
Node 43: Job(95, Point(114, 109, 3), 16, 0, 2467, 10, 0, 68)
Node 44: Job(96, Point(86, 80, 3), 21, 0, 2507, 10, 0, 60)
Node 45: Job(98, Point(18, 104, 2), 18, 1287, 1527, 10, 0, 12)
Node 46: Job(100, Point(12, 48, 0), 4, 0, 2463, 10, 0, 144)
Node 47: Job(103, Point(116, 22, 1), 32, 0, 2459, 10, 0, 65)
Node 48: Job(104, Point(27, 46, 0), 35, 0, 2476, 10, 0, 182)
Node 49: Job(105, Point(19, 120, 2), 16, 0, 2454, 10, 0, 109)
Node 50: Job(106, Point(23, 39, 0), 20, 1347, 1587, 10, 0, 179)
Node 51: Job(107, Point(110, 99, 3), 21, 0, 2476, 10, 0, 173)
Node 52: Job(108, Point(15, 18, 0), 10, 0, 2450, 10, 0, 52)
Node 53: Job(112, Point(123, 84, 3), 13, 0, 2471, 10, 0, 44)
Node 54: Job(115, Point(93, 61, 1), 10, 0, 2501, 10, 0, 128)
Node 55: Job(118, Point(108, 30, 1), 18, 323, 563, 10, 0, 59)
Node 56: Job(121, Point(2, 106, 2), 16, 1487, 1727, 10, 0, 163)
Node 57: Job(122, Point(117, 92, 3), 25, 0, 2474, 10, 0, 136)
Node 58: Job(124, Point(85, 111, 3), 25, 952, 1192, 10, 0, 187)
Node 59: Job(126, Point(40, 113, 2), 23, 0, 2473, 10, 0, 14)
Node 60: Job(127, Point(138, 105, 3), 24, 0, 2449, 10, 0, 31)
Node 61: Job(129, Point(110, 28, 1), 20, 0, 2467, 10, 0, 119)
Node 62: Job(39, Point(83, 38, 1), -9, 1846, 2086, 10, 1, 0)
Node 63: Job(149, Point(30, 21, 0), -7, 0, 2462, 10, 2, 0)
Node 64: Job(113, Point(37, 73, 0), -20, 0, 2492, 10, 3, 0)
Node 65: Job(24, Point(95, 135, 3), -22, 0, 2456, 10, 8, 0)
Node 66: Job(19, Point(104, 32, 1), -13, 0, 2475, 10, 9, 0)
Node 67: Job(130, Point(12, 138, 2), -5, 1038, 1278, 10, 11, 0)
Node 68: Job(48, Point(139, 73, 3), -9, 0, 2456, 10, 13, 0)
Node 69: Job(23, Point(78, 63, 1), -40, 0, 2515, 10, 15, 0)
Node 70: Job(83, Point(16, 92, 2), -25, 0, 2467, 10, 16, 0)
Node 71: Job(196, Point(103, 86, 3), -22, 0, 2489, 10, 18, 0)
Node 72: Job(78, Point(73, 96, 3), -15, 0, 2499, 10, 22, 0)
Node 73: Job(160, Point(129, 24, 1), -13, 1280, 1520, 10, 27, 0)
Node 74: Job(76, Point(9, 19, 0), -20, 1431, 1671, 10, 28, 0)
Node 75: Job(117, Point(65, 0, 0), -11, 0, 2455, 10, 35, 0)
Node 76: Job(88, Point(120, 22, 1), -13, 396, 636, 10, 37, 0)
Node 77: Job(7, Point(103, 119, 3), -12, 1276, 1516, 10, 38, 0)
Node 78: Job(167, Point(137, 84, 3), -8, 0, 2457, 10, 41, 0)
Node 79: Job(197, Point(137, 96, 3), -20, 0, 2454, 10, 42, 0)
Node 80: Job(114, Point(115, 124, 3), -36, 0, 2455, 10, 43, 0)
Node 81: Job(110, Point(16, 62, 0), -21, 0, 2471, 10, 46, 0)
Node 82: Job(120, Point(92, 22, 1), -20, 0, 2473, 10, 51, 0)
Node 83: Job(174, Point(55, 102, 2), -23, 0, 2490, 10, 53, 0)
Node 84: Job(111, Point(61, 57, 0), -15, 0, 2510, 10, 54, 0)
Node 85: Job(26, Point(64, 132, 2), -26, 0, 2463, 10, 58, 0)
Node 86: Job(125, Point(113, 45, 1), -13, 0, 2476, 10, 61, 0)
Node 87: Job(172, Point(97, 12, 1), -20, 0, 2462, 10, 62, 0)
Node 88: Job(4, Point(29, 60, 0), -10, 0, 2483, 10, 64, 0)
Node 89: Job(85, Point(27, 104, 2), -13, 0, 2471, 10, 66, 0)
Node 90: Job(102, Point(109, 78, 3), -37, 0, 2486, 10, 67, 0)
Node 91: Job(99, Point(70, 83, 3), -17, 0, 2512, 10, 69, 0)
Node 92: Job(147, Point(126, 23, 1), -25, 0, 2452, 10, 71, 0)
Node 93: Job(20, Point(8, 87, 2), -31, 1545, 1785, 10, 73, 0)
Node 94: Job(94, Point(34, 20, 0), -19, 0, 2464, 10, 74, 0)
Node 95: Job(185, Point(135, 65, 1), -12, 0, 2460, 10, 77, 0)
Node 96: Job(55, Point(84, 88, 3), -9, 0, 2503, 10, 80, 0)
Node 97: Job(25, Point(37, 79, 0), -21, 0, 2491, 10, 87, 0)
Node 98: Job(123, Point(26, 130, 2), -9, 0, 2451, 10, 89, 0)
Node 99: Job(17, Point(46, 112, 2), -7, 1084, 1324, 10, 90, 0)
Node 100: Job(79, Point(44, 116, 2), -20, 0, 2473, 10, 91, 0)
Node 101: Job(159, Point(136, 123, 3), -15, 0, 2441, 10, 92, 0)
Node 102: Job(148, Point(58, 80, 0), -25, 1778, 2018, 10, 93, 0)
Node 103: Job(68, Point(109, 131, 3), -16, 0, 2453, 10, 95, 0)
Node 104: Job(60, Point(107, 77, 3), -21, 0, 2488, 10, 96, 0)
Node 105: Job(12, Point(20, 69, 0), -18, 0, 2475, 10, 98, 0)
Node 106: Job(144, Point(60, 54, 0), -4, 0, 2507, 10, 100, 0)
Node 107: Job(65, Point(99, 34, 1), -32, 0, 2479, 10, 103, 0)
Node 108: Job(182, Point(4, 44, 0), -35, 0, 2455, 10, 104, 0)
Node 109: Job(109, Point(18, 70, 0), -16, 1504, 1744, 10, 105, 0)
Node 110: Job(179, Point(60, 23, 0), -20, 0, 2477, 10, 106, 0)
Node 111: Job(173, Point(67, 120, 2), -21, 1375, 1615, 10, 107, 0)
Node 112: Job(52, Point(61, 34, 0), -10, 1830, 2070, 10, 108, 0)
Node 113: Job(44, Point(137, 101, 3), -13, 617, 857, 10, 112, 0)
Node 114: Job(128, Point(116, 105, 3), -10, 0, 2468, 10, 115, 0)
Node 115: Job(59, Point(105, 2, 1), -18, 0, 2449, 10, 118, 0)
Node 116: Job(163, Point(54, 78, 0), -16, 0, 2508, 10, 121, 0)
Node 117: Job(136, Point(92, 138, 3), -25, 0, 2454, 10, 122, 0)
Node 118: Job(187, Point(104, 139, 3), -25, 1282, 1522, 10, 124, 0)
Node 119: Job(14, Point(22, 104, 2), -23, 0, 2467, 10, 126, 0)
Node 120: Job(31, Point(140, 42, 1), -24, 0, 2450, 10, 127, 0)
Node 121: Job(119, Point(120, 60, 1), -20, 156, 396, 10, 129, 0)
Node 122: Job(0, Point(70, 70, 0), 0, 0, 2535, 0, 0, 0)

### Preprocessing Data ###
	-> arcs: 14884 (100.0%)
	-> arc_removals: 1694 (11.38%)
	-> arc_removals_is_loop: 122 (0.82%)
	-> arc_removals_is_delivery_to_pickup: 62 (0.42%)
	-> arc_removals_is_depot_begin_to_delivery: 60 (0.4%)
	-> arc_removals_is_pickup_to_depot_end: 60 (0.4%)
	-> arc_removals_is_dest_depot_begin: 120 (0.81%)
	-> arc_removals_is_orig_depot_end: 119 (0.8%)
	-> arc_removals_is_capacity_violated: 0 (0.0%)
	-> arc_removals_is_time_window_limited: 815 (5.48%)
	-> arc_removals_is_time_window_pairing_limited: 267 (1.79%)
	-> arc_removals_is_indirect_request_service_impossible: 69 (0.46%)
	-> gamma_vars: 0 (0%)
	-> feas_gamma_vars: 0 (0%)
	-> infeas_gamma_vars_is_next_mtrv_unreachable: 0 (0%)
	-> infeas_gamma_vars_is_iprime_jprime_eq_i_j: 0 (0%)
	-> machine_removal_for_an_arc: 0 (0.0%)
##########################

[04:30:26.579] Print configuration
------------------------------------------------------
"
[04:30:26.579] Running Multi Start Heuristic"
> Experiment started at 2025-10-05T04:30:26.579
> Instance: LR2_2_8_t2_60R_60V_04I_06M
> Algorithm Parameters:


	>Stop params:
		>  - rule ITERATIONS
		>  - argument 60000.0
		>  - maximum_time 3600

	>General params:
		>  - instPath /dados/rmelo/PDPTW-SE/benchmark_multi_island_v5/official_experiments/multistartlp/preliminar/set_01_pt_01/../../../../instances/orig_ams_fg/60R_60V_04I_06M/t2/LR2_2_8/
		>  - name LR2_2_8
		>  - type t2
		>  - group 60R_60V_04I_06M
		>  - fullname LR2_2_8_t2_60R_60V_04I_06M
		>  - methodType heur
		>  - methodCode mslp
		>  - genconfigfile /dados/rmelo/PDPTW-SE/benchmark_multi_island_v5/official_experiments/multistartlp/preliminar/set_01_pt_01/configs/genconfig_mslp.conf
		>  - genconfigfilename genconfig_mslp
		>  - greedy_service_order random
		>  - cutoff 0
		>  - cutoffmachs 6
		>  - num_machs 0
		>  - solver Gurobi
		>  - maxtime 3600
		>  - gurobiCuts 1
		>  - typeUserCut 0
		>  - mipPresolve -1
		>  - printsol 1
		>  - maxnodes -1
		>  - elevator 0
		>  - make_instance_feasible false
		>  - output /dados/rmelo/PDPTW-SE/benchmark_multi_island_v5/official_experiments/multistartlp/preliminar/set_01_pt_01/logs
		>  - suff_outputs _seed_59_alpha_05p
		>  - suff_csv _bash_1
		>  - epsilon 0.005
		>  - epsilonCap 0.5
		>  - warmStart false
		>  - seed 59
		>  - rng Random.MersenneTwister(59)
		>  - alpha 0.05
		>  - maxiter 1000000
		>  - outputFlagGrbMIP 0
		>  - outputFlagGrbMSLP 0
		>  - outputFlagGrbLMNS 0
		>  - mslpr I
		>  - mslpa 60000
		>  - lmnsr M
		>  - lmnsa 60
		>  - lmnsRepairTime 30.0
		>  - lmnsMIPFocus 0
		>  - lmnsGapToBiggerDestruction 50
		>  - lmnsGapToSmallerDestruction 95
		>  - lmnsWeightShawDistProx 1.0
		>  - lmnsWeightShawEarlProx 1.0
		>  - lmnsWeightShawSameRoute 1.0
		>  - lmnsWeightShawDemandSim 1.0
		>  - lmnsReqRApplyMIPStart true
		>  - lmnsAcceptanceCriteria H
		>  - lmnsMetropolisTemp 100.0
		>  - lmnsSimulatedAnnealingTemp 100.0
		>  - lmnsSimulatedAnnealingCool 0.95
		>  - mipmaxtime 3600
		>  - csvfilename /dados/rmelo/PDPTW-SE/benchmark_multi_island_v5/official_experiments/multistartlp/preliminar/set_01_pt_01/logs/heur_mslp/outputs/csvresults_heur_mslp_bash_1.csv
		>  - solfilename /dados/rmelo/PDPTW-SE/benchmark_multi_island_v5/official_experiments/multistartlp/preliminar/set_01_pt_01/logs/heur_mslp/solutions/60R_60V_04I_06M/LR2_2_8_sol_genconfig_mslp_seed_59_alpha_05p.txt
		>  - timelineFilename /dados/rmelo/PDPTW-SE/benchmark_multi_island_v5/official_experiments/multistartlp/preliminar/set_01_pt_01/logs/heur_mslp/timelines/60R_60V_04I_06M/LR2_2_8_timeline_genconfig_mslp_seed_59_alpha_05p.txt
		>  - grbFilename /dados/rmelo/PDPTW-SE/benchmark_multi_island_v5/official_experiments/multistartlp/preliminar/set_01_pt_01/logs/heur_mslp/gurobi/60R_60V_04I_06M/LR2_2_8_grb_genconfig_mslp_seed_59_alpha_05p.log
		>  - threads 1
		>  - solverMethod AUTOMATIC

------------------------------------------------------
objValue;greedysol;iteration;time
7684.53;7691.00;1;0.400908
7667.93;7692.10;72;14.245056
7373.24;7399.31;104;20.562373
7301.46;7326.48;246;48.518155
7242.01;7251.73;512;101.153426
6918.97;6918.97;1001;197.329970

[05:30:26.82] Finished running MSLP

[05:30:26.82] Post running MSLP
Best solution value: 6918.97
Total time elapsed: 3600.139717
Time to best: 197.329970
Iterations: 17872
Iterations to best: 1001
Improvements: 6
Infeasible solutions percentage: (0 / 17872) = 0.0000 %
(LP improvements)/(LP runs) = 17554/17872 = 98.2207 %
Mean LP improvement percentage: 0.9079 %
[05:30:27.152] Writing results to CSV file: /dados/rmelo/PDPTW-SE/benchmark_multi_island_v5/official_experiments/multistartlp/preliminar/set_01_pt_01/logs/heur_mslp/outputs/csvresults_heur_mslp_bash_1.csv

[05:30:29.121] Saving solution to file:/dados/rmelo/PDPTW-SE/benchmark_multi_island_v5/official_experiments/multistartlp/preliminar/set_01_pt_01/logs/heur_mslp/solutions/60R_60V_04I_06M/LR2_2_8_sol_genconfig_mslp_seed_59_alpha_05p.txt

[05:30:29.121] Saving solution timeline to file: /dados/rmelo/PDPTW-SE/benchmark_multi_island_v5/official_experiments/multistartlp/preliminar/set_01_pt_01/logs/heur_mslp/timelines/60R_60V_04I_06M/LR2_2_8_timeline_genconfig_mslp_seed_59_alpha_05p.txt
---------------------| VEHICLES |---------------------

Vehicle 2 :
	id: 0
		node: 1
		(x, y, z): (70, 70, 0)
		dem: 0
		earl: 0
		lat: 2535
		servt: 0
		pid: 0
		did: 0
		servST: 0.0
		(h, h_ind): (-1, 0)
		load: 0.0

	Finished service at time: 0.0

	Using Machine: 2
		Task 0 -> Machine 2 (Station 1): 2.83
		Vehicle arrival at machine station: 2.83
		Waiting time until machine travel: 0.0

		Machine travel start time: 2.83
		Region 0 -> Region 2: 18.38
		Machine arrival at machine station: 21.21

		Machine 2 (Station 3)-> Task 64: 43.27
		Vehicle arrival at task: 64.48
		Waiting time until service start time: 0.0

	id: 64
		node: 28
		(x, y, z): (37, 125, 2)
		dem: 10
		earl: 0
		lat: 2461
		servt: 10
		pid: 0
		did: 4
		servST: 64.48
		(h, h_ind): (2, 1)
		load: 10.0

	Finished service at time: 74.48

	Using Machine: 5
		Task 64 -> Machine 5 (Station 3): 40.61
		Vehicle arrival at machine station: 115.09
		Waiting time until machine travel: 0.0

		Machine travel start time: 115.09
		Region 2 -> Region 0: 19.24
		Machine arrival at machine station: 134.33

		Machine 5 (Station 1)-> Task 74: 31.91
		Vehicle arrival at task: 166.24
		Waiting time until service start time: 0.0

	id: 74
		node: 34
		(x, y, z): (48, 47, 0)
		dem: 19
		earl: 31
		lat: 271
		servt: 10
		pid: 0
		did: 94
		servST: 166.24
		(h, h_ind): (5, 1)
		load: 29.0

	Finished service at time: 176.24

	Task 74 -> Task 3: 20.59
	Vehicle arrival at task: 196.83
	Waiting time until service start time: 0.0

	id: 3
		node: 4
		(x, y, z): (30, 57, 0)
		dem: 20
		earl: 0
		lat: 2483
		servt: 10
		pid: 0
		did: 113
		servST: 196.83
		(h, h_ind): (-1, 0)
		load: 49.0

	Finished service at time: 206.83

	Task 3 -> Task 113: 17.46
	Vehicle arrival at task: 224.29000000000002
	Waiting time until service start time: 0.0

	id: 113
		node: 64
		(x, y, z): (37, 73, 0)
		dem: -20
		earl: 0
		lat: 2492
		servt: 10
		pid: 3
		did: 0
		servST: 224.29000000000002
		(h, h_ind): (-1, 0)
		load: 29.0

	Finished service at time: 234.29000000000002

	Using Machine: 1
		Task 113 -> Machine 1 (Station 1): 34.71
		Vehicle arrival at machine station: 269.0
		Waiting time until machine travel: 0.0

		Machine travel start time: 269.0
		Region 0 -> Region 1: 9.22
		Machine arrival at machine station: 278.22

		Machine 1 (Station 2)-> Task 129: 45.25
		Vehicle arrival at task: 323.47
		Waiting time until service start time: 0.0

	id: 129
		node: 61
		(x, y, z): (110, 28, 1)
		dem: 20
		earl: 0
		lat: 2467
		servt: 10
		pid: 0
		did: 119
		servST: 323.47
		(h, h_ind): (1, 3)
		load: 49.0

	Finished service at time: 333.47

	Task 129 -> Task 119: 33.53
	Vehicle arrival at task: 367.0
	Waiting time until service start time: 0.0

	id: 119
		node: 121
		(x, y, z): (120, 60, 1)
		dem: -20
		earl: 156
		lat: 396
		servt: 10
		pid: 129
		did: 0
		servST: 367.0
		(h, h_ind): (-1, 0)
		load: 29.0

	Finished service at time: 377.0

	Using Machine: 5
		Task 119 -> Machine 5 (Station 2): 33.24
		Vehicle arrival at machine station: 410.24
		Waiting time until machine travel: 0.0

		Machine travel start time: 410.24
		Region 1 -> Region 2: 38.29
		Machine arrival at machine station: 448.53000000000003

		Machine 5 (Station 3)-> Task 90: 36.01
		Vehicle arrival at task: 484.54
		Waiting time until service start time: 0.0

	id: 90
		node: 39
		(x, y, z): (63, 129, 2)
		dem: 7
		earl: 0
		lat: 2466
		servt: 10
		pid: 0
		did: 17
		servST: 484.54
		(h, h_ind): (5, 2)
		load: 36.0

	Finished service at time: 494.54

	Task 90 -> Task 11: 27.51
	Vehicle arrival at task: 522.0500000000001
	Waiting time until service start time: 0.0

	id: 11
		node: 7
		(x, y, z): (37, 138, 2)
		dem: 5
		earl: 0
		lat: 2450
		servt: 10
		pid: 0
		did: 130
		servST: 522.0500000000001
		(h, h_ind): (-1, 0)
		load: 41.0

	Finished service at time: 532.0500000000001

	Task 11 -> Task 58: 31.83
	Vehicle arrival at task: 563.8800000000001
	Waiting time until service start time: 0.0

	id: 58
		node: 25
		(x, y, z): (59, 115, 2)
		dem: 26
		earl: 0
		lat: 2479
		servt: 10
		pid: 0
		did: 26
		servST: 563.8800000000001
		(h, h_ind): (-1, 0)
		load: 67.0

	Finished service at time: 573.8800000000001

	Task 58 -> Task 26: 17.72
	Vehicle arrival at task: 591.6000000000001
	Waiting time until service start time: 0.0

	id: 26
		node: 85
		(x, y, z): (64, 132, 2)
		dem: -26
		earl: 0
		lat: 2463
		servt: 10
		pid: 58
		did: 0
		servST: 591.6000000000001
		(h, h_ind): (-1, 0)
		load: 41.0

	Finished service at time: 601.6000000000001

	Task 26 -> Task 46: 57.94
	Vehicle arrival at task: 659.5400000000002
	Waiting time until service start time: 0.0

	id: 46
		node: 21
		(x, y, z): (10, 111, 2)
		dem: 21
		earl: 0
		lat: 2453
		servt: 10
		pid: 0
		did: 110
		servST: 659.5400000000002
		(h, h_ind): (-1, 0)
		load: 62.0

	Finished service at time: 669.5400000000002

	Task 46 -> Task 105: 12.73
	Vehicle arrival at task: 682.2700000000002
	Waiting time until service start time: 0.0

	id: 105
		node: 49
		(x, y, z): (19, 120, 2)
		dem: 16
		earl: 0
		lat: 2454
		servt: 10
		pid: 0
		did: 109
		servST: 682.2700000000002
		(h, h_ind): (-1, 0)
		load: 78.0

	Finished service at time: 692.2700000000002

	Using Machine: 3
		Task 105 -> Machine 3 (Station 3): 50.91
		Vehicle arrival at machine station: 743.1800000000002
		Waiting time until machine travel: 0.0

		Machine travel start time: 743.1800000000002
		Region 2 -> Region 0: 16.28
		Machine arrival at machine station: 759.4600000000002

		Machine 3 (Station 1)-> Task 110: 52.17
		Vehicle arrival at task: 811.6300000000001
		Waiting time until service start time: 0.0

	id: 110
		node: 81
		(x, y, z): (16, 62, 0)
		dem: -21
		earl: 0
		lat: 2471
		servt: 10
		pid: 46
		did: 0
		servST: 811.6300000000001
		(h, h_ind): (3, 3)
		load: 57.0

	Finished service at time: 821.6300000000001

	Task 110 -> Task 87: 20.59
	Vehicle arrival at task: 842.2200000000001
	Waiting time until service start time: 0.0

	id: 87
		node: 37
		(x, y, z): (34, 72, 0)
		dem: 21
		earl: 0
		lat: 2489
		servt: 10
		pid: 0
		did: 25
		servST: 842.2200000000001
		(h, h_ind): (-1, 0)
		load: 78.0

	Finished service at time: 852.2200000000001

	Task 87 -> Task 25: 7.62
	Vehicle arrival at task: 859.8400000000001
	Waiting time until service start time: 0.0

	id: 25
		node: 97
		(x, y, z): (37, 79, 0)
		dem: -21
		earl: 0
		lat: 2491
		servt: 10
		pid: 87
		did: 0
		servST: 859.8400000000001
		(h, h_ind): (-1, 0)
		load: 57.0

	Finished service at time: 869.8400000000001

	Task 25 -> Task 94: 59.08
	Vehicle arrival at task: 928.9200000000002
	Waiting time until service start time: 0.0

	id: 94
		node: 94
		(x, y, z): (34, 20, 0)
		dem: -19
		earl: 0
		lat: 2464
		servt: 10
		pid: 74
		did: 0
		servST: 928.9200000000002
		(h, h_ind): (-1, 0)
		load: 38.0

	Finished service at time: 938.9200000000002

	Task 94 -> Task 4: 40.31
	Vehicle arrival at task: 979.2300000000002
	Waiting time until service start time: 0.0

	id: 4
		node: 88
		(x, y, z): (29, 60, 0)
		dem: -10
		earl: 0
		lat: 2483
		servt: 10
		pid: 64
		did: 0
		servST: 979.2300000000002
		(h, h_ind): (-1, 0)
		load: 28.0

	Finished service at time: 989.2300000000002

	Using Machine: 1
		Task 4 -> Machine 1 (Station 1): 42.43
		Vehicle arrival at machine station: 1031.6600000000003
		Waiting time until machine travel: 0.0

		Machine travel start time: 1031.6600000000003
		Region 0 -> Region 1: 9.22
		Machine arrival at machine station: 1040.8800000000003

		Machine 1 (Station 2)-> Task 9: 45.45
		Vehicle arrival at task: 1086.3300000000004
		Waiting time until service start time: 0.0

	id: 9
		node: 6
		(x, y, z): (107, 25, 1)
		dem: 13
		earl: 1035
		lat: 1275
		servt: 10
		pid: 0
		did: 19
		servST: 1086.3300000000004
		(h, h_ind): (1, 9)
		load: 41.0

	Finished service at time: 1096.3300000000004

	Task 9 -> Task 19: 7.62
	Vehicle arrival at task: 1103.9500000000003
	Waiting time until service start time: 0.0

	id: 19
		node: 66
		(x, y, z): (104, 32, 1)
		dem: -13
		earl: 0
		lat: 2475
		servt: 10
		pid: 9
		did: 0
		servST: 1103.9500000000003
		(h, h_ind): (-1, 0)
		load: 28.0

	Finished service at time: 1113.9500000000003

	Using Machine: 3
		Task 19 -> Machine 3 (Station 2): 36.8
		Vehicle arrival at machine station: 1150.7500000000002
		Waiting time until machine travel: 0.0

		Machine travel start time: 1150.7500000000002
		Region 1 -> Region 2: 34.66
		Machine arrival at machine station: 1185.4100000000003

		Machine 3 (Station 3)-> Task 130: 69.03
		Vehicle arrival at task: 1254.4400000000003
		Waiting time until service start time: 0.0

	id: 130
		node: 67
		(x, y, z): (12, 138, 2)
		dem: -5
		earl: 1038
		lat: 1278
		servt: 10
		pid: 11
		did: 0
		servST: 1254.4400000000003
		(h, h_ind): (3, 5)
		load: 23.0

	Finished service at time: 1264.4400000000003

	Task 130 -> Task 17: 42.8
	Vehicle arrival at task: 1307.2400000000002
	Waiting time until service start time: 0.0

	id: 17
		node: 99
		(x, y, z): (46, 112, 2)
		dem: -7
		earl: 1084
		lat: 1324
		servt: 10
		pid: 90
		did: 0
		servST: 1307.2400000000002
		(h, h_ind): (-1, 0)
		load: 16.0

	Finished service at time: 1317.2400000000002

	Task 17 -> Task 16: 7.21
	Vehicle arrival at task: 1324.4500000000003
	Waiting time until service start time: 0.0

	id: 16
		node: 10
		(x, y, z): (50, 106, 2)
		dem: 25
		earl: 1221
		lat: 1461
		servt: 10
		pid: 0
		did: 83
		servST: 1324.4500000000003
		(h, h_ind): (-1, 0)
		load: 41.0

	Finished service at time: 1334.4500000000003

	Task 16 -> Task 98: 32.06
	Vehicle arrival at task: 1366.5100000000002
	Waiting time until service start time: 0.0

	id: 98
		node: 45
		(x, y, z): (18, 104, 2)
		dem: 18
		earl: 1287
		lat: 1527
		servt: 10
		pid: 0
		did: 12
		servST: 1366.5100000000002
		(h, h_ind): (-1, 0)
		load: 59.0

	Finished service at time: 1376.5100000000002

	Task 98 -> Task 83: 12.17
	Vehicle arrival at task: 1388.6800000000003
	Waiting time until service start time: 0.0

	id: 83
		node: 70
		(x, y, z): (16, 92, 2)
		dem: -25
		earl: 0
		lat: 2467
		servt: 10
		pid: 16
		did: 0
		servST: 1388.6800000000003
		(h, h_ind): (-1, 0)
		load: 34.0

	Finished service at time: 1398.6800000000003

	Using Machine: 3
		Task 83 -> Machine 3 (Station 3): 39.81
		Vehicle arrival at machine station: 1438.4900000000002
		Waiting time until machine travel: 0.0

		Machine travel start time: 1438.4900000000002
		Region 2 -> Region 0: 16.28
		Machine arrival at machine station: 1454.7700000000002

		Machine 3 (Station 1)-> Task 28: 66.21
		Vehicle arrival at task: 1520.9800000000002
		Waiting time until service start time: 0.0

	id: 28
		node: 14
		(x, y, z): (39, 13, 0)
		dem: 20
		earl: 0
		lat: 2461
		servt: 10
		pid: 0
		did: 76
		servST: 1520.9800000000002
		(h, h_ind): (3, 6)
		load: 54.0

	Finished service at time: 1530.9800000000002

	Task 28 -> Task 76: 30.59
	Vehicle arrival at task: 1561.5700000000002
	Waiting time until service start time: 0.0

	id: 76
		node: 74
		(x, y, z): (9, 19, 0)
		dem: -20
		earl: 1431
		lat: 1671
		servt: 10
		pid: 28
		did: 0
		servST: 1561.5700000000002
		(h, h_ind): (-1, 0)
		load: 34.0

	Finished service at time: 1571.5700000000002

	Task 76 -> Task 109: 51.79
	Vehicle arrival at task: 1623.3600000000001
	Waiting time until service start time: 0.0

	id: 109
		node: 109
		(x, y, z): (18, 70, 0)
		dem: -16
		earl: 1504
		lat: 1744
		servt: 10
		pid: 105
		did: 0
		servST: 1623.3600000000001
		(h, h_ind): (-1, 0)
		load: 18.0

	Finished service at time: 1633.3600000000001

	Task 109 -> Task 12: 2.24
	Vehicle arrival at task: 1635.6000000000001
	Waiting time until service start time: 0.0

	id: 12
		node: 105
		(x, y, z): (20, 69, 0)
		dem: -18
		earl: 0
		lat: 2475
		servt: 10
		pid: 98
		did: 0
		servST: 1635.6000000000001
		(h, h_ind): (-1, 0)
		load: 0.0

	Finished service at time: 1645.6000000000001

	Task 12 -> Task 0: 50.01
	Vehicle arrival at task: 1695.6100000000001
	Waiting time until service start time: 0.0

	id: 0
		node: 122
		(x, y, z): (70, 70, 0)
		dem: 0
		earl: 0
		lat: 2535
		servt: 0
		pid: 0
		did: 0
		servST: 1695.6100000000001
		(h, h_ind): (-1, 0)
		load: 0.0


Vehicle 51 :
	id: 0
		node: 1
		(x, y, z): (70, 70, 0)
		dem: 0
		earl: 0
		lat: 2535
		servt: 0
		pid: 0
		did: 0
		servST: 0.0
		(h, h_ind): (-1, 0)
		load: 0.0

	Finished service at time: 0.0

	Task 0 -> Task 100: 62.03
	Vehicle arrival at task: 62.03
	Waiting time until service start time: 0.0

	id: 100
		node: 46
		(x, y, z): (12, 48, 0)
		dem: 4
		earl: 0
		lat: 2463
		servt: 10
		pid: 0
		did: 144
		servST: 62.03
		(h, h_ind): (-1, 0)
		load: 4.0

	Finished service at time: 72.03

	Task 100 -> Task 62: 44.6
	Vehicle arrival at task: 116.63
	Waiting time until service start time: 0.0

	id: 62
		node: 27
		(x, y, z): (54, 33, 0)
		dem: 20
		earl: 41
		lat: 281
		servt: 10
		pid: 0
		did: 172
		servST: 116.63
		(h, h_ind): (-1, 0)
		load: 24.0

	Finished service at time: 126.63

	Using Machine: 1
		Task 62 -> Machine 1 (Station 1): 37.12
		Vehicle arrival at machine station: 163.75
		Waiting time until machine travel: 0.0

		Machine travel start time: 163.75
		Region 0 -> Region 1: 9.22
		Machine arrival at machine station: 172.97

		Machine 1 (Station 2)-> Task 41: 4.24
		Vehicle arrival at task: 177.21
		Waiting time until service start time: 0.0

	id: 41
		node: 18
		(x, y, z): (81, 57, 1)
		dem: 8
		earl: 17
		lat: 257
		servt: 10
		pid: 0
		did: 167
		servST: 177.21
		(h, h_ind): (1, 2)
		load: 32.0

	Finished service at time: 187.21

	Using Machine: 0
		Task 41 -> Machine 0 (Station 2): 6.0
		Vehicle arrival at machine station: 193.21
		Waiting time until machine travel: 0.0

		Machine travel start time: 193.21
		Region 1 -> Region 3: 11.4
		Machine arrival at machine station: 204.61

		Machine 0 (Station 4)-> Task 167: 59.84
		Vehicle arrival at task: 264.45000000000005
		Waiting time until service start time: 0.0

	id: 167
		node: 78
		(x, y, z): (137, 84, 3)
		dem: -8
		earl: 0
		lat: 2457
		servt: 10
		pid: 41
		did: 0
		servST: 264.45000000000005
		(h, h_ind): (0, 2)
		load: 24.0

	Finished service at time: 274.45000000000005

	Using Machine: 0
		Task 167 -> Machine 0 (Station 4): 59.84
		Vehicle arrival at machine station: 334.2900000000001
		Waiting time until machine travel: 0.0

		Machine travel start time: 334.2900000000001
		Region 3 -> Region 1: 11.4
		Machine arrival at machine station: 345.69000000000005

		Machine 0 (Station 2)-> Task 61: 24.7
		Vehicle arrival at task: 370.39000000000004
		Waiting time until service start time: 0.0

	id: 61
		node: 26
		(x, y, z): (104, 54, 1)
		dem: 13
		earl: 150
		lat: 390
		servt: 10
		pid: 0
		did: 125
		servST: 370.39000000000004
		(h, h_ind): (0, 3)
		load: 37.0

	Finished service at time: 380.39000000000004

	Task 61 -> Task 71: 37.7
	Vehicle arrival at task: 418.09000000000003
	Waiting time until service start time: 0.0

	id: 71
		node: 32
		(x, y, z): (139, 68, 1)
		dem: 25
		earl: 0
		lat: 2456
		servt: 10
		pid: 0
		did: 147
		servST: 418.09000000000003
		(h, h_ind): (-1, 0)
		load: 62.0

	Finished service at time: 428.09000000000003

	Task 71 -> Task 125: 34.71
	Vehicle arrival at task: 462.8
	Waiting time until service start time: 0.0

	id: 125
		node: 86
		(x, y, z): (113, 45, 1)
		dem: -13
		earl: 0
		lat: 2476
		servt: 10
		pid: 61
		did: 0
		servST: 462.8
		(h, h_ind): (-1, 0)
		load: 49.0

	Finished service at time: 472.8

	Task 125 -> Task 147: 25.55
	Vehicle arrival at task: 498.35
	Waiting time until service start time: 0.0

	id: 147
		node: 92
		(x, y, z): (126, 23, 1)
		dem: -25
		earl: 0
		lat: 2452
		servt: 10
		pid: 71
		did: 0
		servST: 498.35
		(h, h_ind): (-1, 0)
		load: 24.0

	Finished service at time: 508.35

	Using Machine: 0
		Task 147 -> Machine 0 (Station 2): 60.21
		Vehicle arrival at machine station: 568.5600000000001
		Waiting time until machine travel: 0.0

		Machine travel start time: 568.5600000000001
		Region 1 -> Region 3: 11.4
		Machine arrival at machine station: 579.96

		Machine 0 (Station 4)-> Task 112: 46.1
		Vehicle arrival at task: 626.0600000000001
		Waiting time until service start time: 0.0

	id: 112
		node: 53
		(x, y, z): (123, 84, 3)
		dem: 13
		earl: 0
		lat: 2471
		servt: 10
		pid: 0
		did: 44
		servST: 626.0600000000001
		(h, h_ind): (0, 5)
		load: 37.0

	Finished service at time: 636.0600000000001

	Task 112 -> Task 44: 22.02
	Vehicle arrival at task: 658.08
	Waiting time until service start time: 0.0

	id: 44
		node: 113
		(x, y, z): (137, 101, 3)
		dem: -13
		earl: 617
		lat: 857
		servt: 10
		pid: 112
		did: 0
		servST: 658.08
		(h, h_ind): (-1, 0)
		load: 24.0

	Finished service at time: 668.08

	Task 44 -> Task 95: 24.35
	Vehicle arrival at task: 692.4300000000001
	Waiting time until service start time: 0.0

	id: 95
		node: 43
		(x, y, z): (114, 109, 3)
		dem: 16
		earl: 0
		lat: 2467
		servt: 10
		pid: 0
		did: 68
		servST: 692.4300000000001
		(h, h_ind): (-1, 0)
		load: 40.0

	Finished service at time: 702.4300000000001

	Using Machine: 1
		Task 95 -> Machine 1 (Station 4): 50.93
		Vehicle arrival at machine station: 753.36
		Waiting time until machine travel: 0.0

		Machine travel start time: 753.36
		Region 3 -> Region 0: 10.0
		Machine arrival at machine station: 763.36

		Machine 1 (Station 1)-> Task 144: 16.28
		Vehicle arrival at task: 779.64
		Waiting time until service start time: 0.0

	id: 144
		node: 106
		(x, y, z): (60, 54, 0)
		dem: -4
		earl: 0
		lat: 2507
		servt: 10
		pid: 100
		did: 0
		servST: 779.64
		(h, h_ind): (1, 6)
		load: 36.0

	Finished service at time: 789.64

	Using Machine: 1
		Task 144 -> Machine 1 (Station 1): 16.28
		Vehicle arrival at machine station: 805.92
		Waiting time until machine travel: 0.0

		Machine travel start time: 805.92
		Region 0 -> Region 3: 10.0
		Machine arrival at machine station: 815.92

		Machine 1 (Station 4)-> Task 68: 65.37
		Vehicle arrival at task: 881.29
		Waiting time until service start time: 0.0

	id: 68
		node: 103
		(x, y, z): (109, 131, 3)
		dem: -16
		earl: 0
		lat: 2453
		servt: 10
		pid: 95
		did: 0
		servST: 881.29
		(h, h_ind): (1, 8)
		load: 20.0

	Finished service at time: 891.29

	Using Machine: 2
		Task 68 -> Machine 2 (Station 4): 64.5
		Vehicle arrival at machine station: 955.79
		Waiting time until machine travel: 0.0

		Machine travel start time: 955.79
		Region 3 -> Region 1: 13.04
		Machine arrival at machine station: 968.8299999999999

		Machine 2 (Station 2)-> Task 43: 43.19
		Vehicle arrival at task: 1012.02
		Waiting time until service start time: 0.0

	id: 43
		node: 20
		(x, y, z): (113, 32, 1)
		dem: 36
		earl: 0
		lat: 2468
		servt: 10
		pid: 0
		did: 114
		servST: 1012.02
		(h, h_ind): (2, 4)
		load: 56.0

	Finished service at time: 1022.02

	Task 43 -> Task 172: 25.61
	Vehicle arrival at task: 1047.6299999999999
	Waiting time until service start time: 0.0

	id: 172
		node: 87
		(x, y, z): (97, 12, 1)
		dem: -20
		earl: 0
		lat: 2462
		servt: 10
		pid: 62
		did: 0
		servST: 1047.6299999999999
		(h, h_ind): (-1, 0)
		load: 36.0

	Finished service at time: 1057.6299999999999

	Using Machine: 0
		Task 172 -> Machine 0 (Station 2): 53.45
		Vehicle arrival at machine station: 1111.08
		Waiting time until machine travel: 0.0

		Machine travel start time: 1111.08
		Region 1 -> Region 3: 11.4
		Machine arrival at machine station: 1122.48

		Machine 0 (Station 4)-> Task 114: 62.2
		Vehicle arrival at task: 1184.68
		Waiting time until service start time: 0.0

	id: 114
		node: 80
		(x, y, z): (115, 124, 3)
		dem: -36
		earl: 0
		lat: 2455
		servt: 10
		pid: 43
		did: 0
		servST: 1184.68
		(h, h_ind): (0, 9)
		load: 0.0

	Finished service at time: 1194.68

	Task 114 -> Task 27: 18.97
	Vehicle arrival at task: 1213.65
	Waiting time until service start time: 0.0

	id: 27
		node: 13
		(x, y, z): (133, 130, 3)
		dem: 13
		earl: 0
		lat: 2438
		servt: 10
		pid: 0
		did: 160
		servST: 1213.65
		(h, h_ind): (-1, 0)
		load: 13.0

	Finished service at time: 1223.65

	Task 27 -> Task 67: 73.0
	Vehicle arrival at task: 1296.65
	Waiting time until service start time: 0.0

	id: 67
		node: 30
		(x, y, z): (85, 75, 3)
		dem: 37
		earl: 0
		lat: 2510
		servt: 10
		pid: 0
		did: 102
		servST: 1296.65
		(h, h_ind): (-1, 0)
		load: 50.0

	Finished service at time: 1306.65

	Task 67 -> Task 102: 24.19
	Vehicle arrival at task: 1330.8400000000001
	Waiting time until service start time: 0.0

	id: 102
		node: 90
		(x, y, z): (109, 78, 3)
		dem: -37
		earl: 0
		lat: 2486
		servt: 10
		pid: 67
		did: 0
		servST: 1330.8400000000001
		(h, h_ind): (-1, 0)
		load: 13.0

	Finished service at time: 1340.8400000000001

	Using Machine: 0
		Task 102 -> Machine 0 (Station 4): 31.26
		Vehicle arrival at machine station: 1372.1000000000001
		Waiting time until machine travel: 0.0

		Machine travel start time: 1372.1000000000001
		Region 3 -> Region 1: 11.4
		Machine arrival at machine station: 1383.5000000000002

		Machine 0 (Station 2)-> Task 160: 61.85
		Vehicle arrival at task: 1445.3500000000001
		Waiting time until service start time: 0.0

	id: 160
		node: 73
		(x, y, z): (129, 24, 1)
		dem: -13
		earl: 1280
		lat: 1520
		servt: 10
		pid: 27
		did: 0
		servST: 1445.3500000000001
		(h, h_ind): (0, 10)
		load: 0.0

	Finished service at time: 1455.3500000000001

	Using Machine: 1
		Task 160 -> Machine 1 (Station 2): 62.43
		Vehicle arrival at machine station: 1517.7800000000002
		Waiting time until machine travel: 0.0

		Machine travel start time: 1517.7800000000002
		Region 1 -> Region 0: 9.22
		Machine arrival at machine station: 1527.0000000000002

		Machine 1 (Station 1)-> Task 106: 55.07
		Vehicle arrival at task: 1582.0700000000002
		Waiting time until service start time: 0.0

	id: 106
		node: 50
		(x, y, z): (23, 39, 0)
		dem: 20
		earl: 1347
		lat: 1587
		servt: 10
		pid: 0
		did: 179
		servST: 1582.0700000000002
		(h, h_ind): (1, 10)
		load: 20.0

	Finished service at time: 1592.0700000000002

	Task 106 -> Task 104: 8.06
	Vehicle arrival at task: 1600.13
	Waiting time until service start time: 0.0

	id: 104
		node: 48
		(x, y, z): (27, 46, 0)
		dem: 35
		earl: 0
		lat: 2476
		servt: 10
		pid: 0
		did: 182
		servST: 1600.13
		(h, h_ind): (-1, 0)
		load: 55.0

	Finished service at time: 1610.13

	Task 104 -> Task 182: 23.09
	Vehicle arrival at task: 1633.22
	Waiting time until service start time: 0.0

	id: 182
		node: 108
		(x, y, z): (4, 44, 0)
		dem: -35
		earl: 0
		lat: 2455
		servt: 10
		pid: 104
		did: 0
		servST: 1633.22
		(h, h_ind): (-1, 0)
		load: 20.0

	Finished service at time: 1643.22

	Task 182 -> Task 54: 9.85
	Vehicle arrival at task: 1653.07
	Waiting time until service start time: 0.0

	id: 54
		node: 24
		(x, y, z): (13, 48, 0)
		dem: 15
		earl: 0
		lat: 2464
		servt: 10
		pid: 0
		did: 111
		servST: 1653.07
		(h, h_ind): (-1, 0)
		load: 35.0

	Finished service at time: 1663.07

	Task 54 -> Task 2: 13.15
	Vehicle arrival at task: 1676.22
	Waiting time until service start time: 0.0

	id: 2
		node: 3
		(x, y, z): (26, 50, 0)
		dem: 7
		earl: 1490
		lat: 1730
		servt: 10
		pid: 0
		did: 149
		servST: 1676.22
		(h, h_ind): (-1, 0)
		load: 42.0

	Finished service at time: 1686.22

	Task 2 -> Task 179: 43.42
	Vehicle arrival at task: 1729.64
	Waiting time until service start time: 0.0

	id: 179
		node: 110
		(x, y, z): (60, 23, 0)
		dem: -20
		earl: 0
		lat: 2477
		servt: 10
		pid: 106
		did: 0
		servST: 1729.64
		(h, h_ind): (-1, 0)
		load: 22.0

	Finished service at time: 1739.64

	Task 179 -> Task 149: 30.07
	Vehicle arrival at task: 1769.71
	Waiting time until service start time: 0.0

	id: 149
		node: 63
		(x, y, z): (30, 21, 0)
		dem: -7
		earl: 0
		lat: 2462
		servt: 10
		pid: 2
		did: 0
		servST: 1769.71
		(h, h_ind): (-1, 0)
		load: 15.0

	Finished service at time: 1779.71

	Task 149 -> Task 108: 15.3
	Vehicle arrival at task: 1795.01
	Waiting time until service start time: 0.0

	id: 108
		node: 52
		(x, y, z): (15, 18, 0)
		dem: 10
		earl: 0
		lat: 2450
		servt: 10
		pid: 0
		did: 52
		servST: 1795.01
		(h, h_ind): (-1, 0)
		load: 25.0

	Finished service at time: 1805.01

	Task 108 -> Task 52: 48.7
	Vehicle arrival at task: 1853.71
	Waiting time until service start time: 0.0

	id: 52
		node: 112
		(x, y, z): (61, 34, 0)
		dem: -10
		earl: 1830
		lat: 2070
		servt: 10
		pid: 108
		did: 0
		servST: 1853.71
		(h, h_ind): (-1, 0)
		load: 15.0

	Finished service at time: 1863.71

	Using Machine: 1
		Task 52 -> Machine 1 (Station 1): 33.53
		Vehicle arrival at machine station: 1897.24
		Waiting time until machine travel: 0.0

		Machine travel start time: 1897.24
		Region 0 -> Region 1: 9.22
		Machine arrival at machine station: 1906.46

		Machine 1 (Station 2)-> Task 51: 59.46
		Vehicle arrival at task: 1965.92
		Waiting time until service start time: 0.0

	id: 51
		node: 22
		(x, y, z): (98, 4, 1)
		dem: 20
		earl: 0
		lat: 2454
		servt: 10
		pid: 0
		did: 120
		servST: 1965.92
		(h, h_ind): (1, 11)
		load: 35.0

	Finished service at time: 1975.92

	Task 51 -> Task 1: 5.0
	Vehicle arrival at task: 1980.92
	Waiting time until service start time: 0.0

	id: 1
		node: 2
		(x, y, z): (101, 0, 1)
		dem: 9
		earl: 1932
		lat: 2172
		servt: 10
		pid: 0
		did: 39
		servST: 1980.92
		(h, h_ind): (-1, 0)
		load: 44.0

	Finished service at time: 1990.92

	Task 1 -> Task 120: 23.77
	Vehicle arrival at task: 2014.69
	Waiting time until service start time: 0.0

	id: 120
		node: 82
		(x, y, z): (92, 22, 1)
		dem: -20
		earl: 0
		lat: 2473
		servt: 10
		pid: 51
		did: 0
		servST: 2014.69
		(h, h_ind): (-1, 0)
		load: 24.0

	Finished service at time: 2024.69

	Task 120 -> Task 39: 18.36
	Vehicle arrival at task: 2043.05
	Waiting time until service start time: 0.0

	id: 39
		node: 62
		(x, y, z): (83, 38, 1)
		dem: -9
		earl: 1846
		lat: 2086
		servt: 10
		pid: 1
		did: 0
		servST: 2043.05
		(h, h_ind): (-1, 0)
		load: 15.0

	Finished service at time: 2053.05

	Task 39 -> Task 103: 36.67
	Vehicle arrival at task: 2089.7200000000003
	Waiting time until service start time: 0.0

	id: 103
		node: 47
		(x, y, z): (116, 22, 1)
		dem: 32
		earl: 0
		lat: 2459
		servt: 10
		pid: 0
		did: 65
		servST: 2089.7200000000003
		(h, h_ind): (-1, 0)
		load: 47.0

	Finished service at time: 2099.7200000000003

	Task 103 -> Task 65: 20.81
	Vehicle arrival at task: 2120.53
	Waiting time until service start time: 0.0

	id: 65
		node: 107
		(x, y, z): (99, 34, 1)
		dem: -32
		earl: 0
		lat: 2479
		servt: 10
		pid: 103
		did: 0
		servST: 2120.53
		(h, h_ind): (-1, 0)
		load: 15.0

	Finished service at time: 2130.53

	Using Machine: 1
		Task 65 -> Machine 1 (Station 2): 33.42
		Vehicle arrival at machine station: 2163.9500000000003
		Waiting time until machine travel: 0.0

		Machine travel start time: 2163.9500000000003
		Region 1 -> Region 0: 9.22
		Machine arrival at machine station: 2173.17

		Machine 1 (Station 1)-> Task 111: 13.45
		Vehicle arrival at task: 2186.62
		Waiting time until service start time: 0.0

	id: 111
		node: 84
		(x, y, z): (61, 57, 0)
		dem: -15
		earl: 0
		lat: 2510
		servt: 10
		pid: 54
		did: 0
		servST: 2186.62
		(h, h_ind): (1, 12)
		load: 0.0

	Finished service at time: 2196.62

	Task 111 -> Task 0: 15.81
	Vehicle arrival at task: 2212.43
	Waiting time until service start time: 0.0

	id: 0
		node: 122
		(x, y, z): (70, 70, 0)
		dem: 0
		earl: 0
		lat: 2535
		servt: 0
		pid: 0
		did: 0
		servST: 2212.43
		(h, h_ind): (-1, 0)
		load: 0.0


Vehicle 52 :
	id: 0
		node: 1
		(x, y, z): (70, 70, 0)
		dem: 0
		earl: 0
		lat: 2535
		servt: 0
		pid: 0
		did: 0
		servST: 0.0
		(h, h_ind): (-1, 0)
		load: 0.0

	Finished service at time: 0.0

	Using Machine: 3
		Task 0 -> Machine 3 (Station 1): 4.24
		Vehicle arrival at machine station: 4.24
		Waiting time until machine travel: 0.0

		Machine travel start time: 4.24
		Region 0 -> Region 1: 18.44
		Machine arrival at machine station: 22.68

		Machine 3 (Station 2)-> Task 92: 24.04
		Vehicle arrival at task: 46.72
		Waiting time until service start time: 0.0

	id: 92
		node: 41
		(x, y, z): (102, 52, 1)
		dem: 15
		earl: 0
		lat: 2489
		servt: 10
		pid: 0
		did: 159
		servST: 46.72
		(h, h_ind): (3, 1)
		load: 15.0

	Finished service at time: 56.72

	Task 92 -> Task 77: 8.06
	Vehicle arrival at task: 64.78
	Waiting time until service start time: 0.0

	id: 77
		node: 35
		(x, y, z): (103, 44, 1)
		dem: 12
		earl: 0
		lat: 2483
		servt: 10
		pid: 0
		did: 185
		servST: 64.78
		(h, h_ind): (-1, 0)
		load: 27.0

	Finished service at time: 74.78

	Task 77 -> Task 115: 19.72
	Vehicle arrival at task: 94.5
	Waiting time until service start time: 0.0

	id: 115
		node: 54
		(x, y, z): (93, 61, 1)
		dem: 10
		earl: 0
		lat: 2501
		servt: 10
		pid: 0
		did: 128
		servST: 94.5
		(h, h_ind): (-1, 0)
		load: 37.0

	Finished service at time: 104.5

	Task 115 -> Task 185: 42.19
	Vehicle arrival at task: 146.69
	Waiting time until service start time: 0.0

	id: 185
		node: 95
		(x, y, z): (135, 65, 1)
		dem: -12
		earl: 0
		lat: 2460
		servt: 10
		pid: 77
		did: 0
		servST: 146.69
		(h, h_ind): (-1, 0)
		load: 25.0

	Finished service at time: 156.69

	Using Machine: 2
		Task 185 -> Machine 2 (Station 2): 51.01
		Vehicle arrival at machine station: 207.7
		Waiting time until machine travel: 0.0

		Machine travel start time: 207.7
		Region 1 -> Region 3: 13.04
		Machine arrival at machine station: 220.73999999999998

		Machine 2 (Station 4)-> Task 8: 36.01
		Vehicle arrival at task: 256.75
		Waiting time until service start time: 0.0

	id: 8
		node: 5
		(x, y, z): (78, 111, 3)
		dem: 22
		earl: 47
		lat: 287
		servt: 10
		pid: 0
		did: 24
		servST: 256.75
		(h, h_ind): (2, 2)
		load: 47.0

	Finished service at time: 266.75

	Task 8 -> Task 24: 29.41
	Vehicle arrival at task: 296.16
	Waiting time until service start time: 0.0

	id: 24
		node: 65
		(x, y, z): (95, 135, 3)
		dem: -22
		earl: 0
		lat: 2456
		servt: 10
		pid: 8
		did: 0
		servST: 296.16
		(h, h_ind): (-1, 0)
		load: 25.0

	Finished service at time: 306.16

	Task 24 -> Task 159: 42.72
	Vehicle arrival at task: 348.88
	Waiting time until service start time: 0.0

	id: 159
		node: 101
		(x, y, z): (136, 123, 3)
		dem: -15
		earl: 0
		lat: 2441
		servt: 10
		pid: 92
		did: 0
		servST: 348.88
		(h, h_ind): (-1, 0)
		load: 10.0

	Finished service at time: 358.88

	Task 159 -> Task 128: 26.91
	Vehicle arrival at task: 385.79
	Waiting time until service start time: 0.0

	id: 128
		node: 114
		(x, y, z): (116, 105, 3)
		dem: -10
		earl: 0
		lat: 2468
		servt: 10
		pid: 115
		did: 0
		servST: 385.79
		(h, h_ind): (-1, 0)
		load: 0.0

	Finished service at time: 395.79

	Using Machine: 1
		Task 128 -> Machine 1 (Station 4): 49.82
		Vehicle arrival at machine station: 445.61
		Waiting time until machine travel: 0.0

		Machine travel start time: 445.61
		Region 3 -> Region 0: 10.0
		Machine arrival at machine station: 455.61

		Machine 1 (Station 1)-> Task 35: 71.56
		Vehicle arrival at task: 527.1700000000001
		Waiting time until service start time: 0.0

	id: 35
		node: 15
		(x, y, z): (32, 6, 0)
		dem: 11
		earl: 320
		lat: 560
		servt: 10
		pid: 0
		did: 117
		servST: 527.1700000000001
		(h, h_ind): (1, 4)
		load: 11.0

	Finished service at time: 537.1700000000001

	Task 35 -> Task 117: 33.54
	Vehicle arrival at task: 570.71
	Waiting time until service start time: 0.0

	id: 117
		node: 75
		(x, y, z): (65, 0, 0)
		dem: -11
		earl: 0
		lat: 2455
		servt: 10
		pid: 35
		did: 0
		servST: 570.71
		(h, h_ind): (-1, 0)
		load: 0.0

	Finished service at time: 580.71

	Using Machine: 1
		Task 117 -> Machine 1 (Station 1): 66.27
		Vehicle arrival at machine station: 646.98
		Waiting time until machine travel: 0.0

		Machine travel start time: 646.98
		Region 0 -> Region 1: 9.22
		Machine arrival at machine station: 656.2

		Machine 1 (Station 2)-> Task 42: 42.76
		Vehicle arrival at task: 698.96
		Waiting time until service start time: 0.0

	id: 42
		node: 19
		(x, y, z): (120, 52, 1)
		dem: 20
		earl: 0
		lat: 2472
		servt: 10
		pid: 0
		did: 197
		servST: 698.96
		(h, h_ind): (1, 5)
		load: 20.0

	Finished service at time: 708.96

	Using Machine: 2
		Task 42 -> Machine 2 (Station 2): 37.95
		Vehicle arrival at machine station: 746.9100000000001
		Waiting time until machine travel: 0.0

		Machine travel start time: 746.9100000000001
		Region 1 -> Region 3: 13.04
		Machine arrival at machine station: 759.95

		Machine 2 (Station 4)-> Task 197: 63.57
		Vehicle arrival at task: 823.5200000000001
		Waiting time until service start time: 0.0

	id: 197
		node: 79
		(x, y, z): (137, 96, 3)
		dem: -20
		earl: 0
		lat: 2454
		servt: 10
		pid: 42
		did: 0
		servST: 823.5200000000001
		(h, h_ind): (2, 3)
		load: 0.0

	Finished service at time: 833.5200000000001

	Using Machine: 5
		Task 197 -> Machine 5 (Station 4): 65.15
		Vehicle arrival at machine station: 898.6700000000001
		Waiting time until machine travel: 0.0

		Machine travel start time: 898.6700000000001
		Region 3 -> Region 2: 21.4
		Machine arrival at machine station: 920.07

		Machine 5 (Station 3)-> Task 89: 15.26
		Vehicle arrival at task: 935.33
		Waiting time until service start time: 0.0

	id: 89
		node: 38
		(x, y, z): (54, 106, 2)
		dem: 9
		earl: 0
		lat: 2486
		servt: 10
		pid: 0
		did: 123
		servST: 935.33
		(h, h_ind): (5, 3)
		load: 9.0

	Finished service at time: 945.33

	Task 89 -> Task 123: 36.88
	Vehicle arrival at task: 982.21
	Waiting time until service start time: 0.0

	id: 123
		node: 98
		(x, y, z): (26, 130, 2)
		dem: -9
		earl: 0
		lat: 2451
		servt: 10
		pid: 89
		did: 0
		servST: 982.21
		(h, h_ind): (-1, 0)
		load: 0.0

	Finished service at time: 992.21

	Task 123 -> Task 66: 14.42
	Vehicle arrival at task: 1006.63
	Waiting time until service start time: 0.0

	id: 66
		node: 29
		(x, y, z): (38, 122, 2)
		dem: 13
		earl: 876
		lat: 1116
		servt: 10
		pid: 0
		did: 85
		servST: 1006.63
		(h, h_ind): (-1, 0)
		load: 13.0

	Finished service at time: 1016.63

	Task 66 -> Task 85: 21.1
	Vehicle arrival at task: 1037.73
	Waiting time until service start time: 0.0

	id: 85
		node: 89
		(x, y, z): (27, 104, 2)
		dem: -13
		earl: 0
		lat: 2471
		servt: 10
		pid: 66
		did: 0
		servST: 1037.73
		(h, h_ind): (-1, 0)
		load: 0.0

	Finished service at time: 1047.73

	Using Machine: 3
		Task 85 -> Machine 3 (Station 3): 34.41
		Vehicle arrival at machine station: 1082.14
		Waiting time until machine travel: 0.0

		Machine travel start time: 1082.14
		Region 2 -> Region 0: 16.28
		Machine arrival at machine station: 1098.42

		Machine 3 (Station 1)-> Task 0: 4.24
		Vehicle arrival at task: 1102.66
		Waiting time until service start time: 0.0

	id: 0
		node: 122
		(x, y, z): (70, 70, 0)
		dem: 0
		earl: 0
		lat: 2535
		servt: 0
		pid: 0
		did: 0
		servST: 1102.66
		(h, h_ind): (3, 4)
		load: 0.0


Vehicle 57 :
	id: 0
		node: 1
		(x, y, z): (70, 70, 0)
		dem: 0
		earl: 0
		lat: 2535
		servt: 0
		pid: 0
		did: 0
		servST: 0.0
		(h, h_ind): (-1, 0)
		load: 0.0

	Finished service at time: 0.0

	Using Machine: 0
		Task 0 -> Machine 0 (Station 1): 2.24
		Vehicle arrival at machine station: 2.24
		Waiting time until machine travel: 0.0

		Machine travel start time: 2.24
		Region 0 -> Region 3: 9.22
		Machine arrival at machine station: 11.46

		Machine 0 (Station 4)-> Task 18: 2.24
		Vehicle arrival at task: 13.700000000000001
		Waiting time until service start time: 0.0

	id: 18
		node: 11
		(x, y, z): (79, 72, 3)
		dem: 22
		earl: 0
		lat: 2516
		servt: 10
		pid: 0
		did: 196
		servST: 13.700000000000001
		(h, h_ind): (0, 1)
		load: 22.0

	Finished service at time: 23.700000000000003

	Using Machine: 1
		Task 18 -> Machine 1 (Station 4): 2.83
		Vehicle arrival at machine station: 26.53
		Waiting time until machine travel: 0.0

		Machine travel start time: 26.53
		Region 3 -> Region 2: 21.26
		Machine arrival at machine station: 47.790000000000006

		Machine 1 (Station 3)-> Task 53: 4.12
		Vehicle arrival at task: 51.910000000000004
		Waiting time until service start time: 0.0

	id: 53
		node: 23
		(x, y, z): (60, 84, 2)
		dem: 23
		earl: 0
		lat: 2508
		servt: 10
		pid: 0
		did: 174
		servST: 51.910000000000004
		(h, h_ind): (1, 1)
		load: 45.0

	Finished service at time: 61.910000000000004

	Task 53 -> Task 174: 18.68
	Vehicle arrival at task: 80.59
	Waiting time until service start time: 0.0

	id: 174
		node: 83
		(x, y, z): (55, 102, 2)
		dem: -23
		earl: 0
		lat: 2490
		servt: 10
		pid: 53
		did: 0
		servST: 80.59
		(h, h_ind): (-1, 0)
		load: 22.0

	Finished service at time: 90.59

	Task 174 -> Task 91: 26.63
	Vehicle arrival at task: 117.22
	Waiting time until service start time: 0.0

	id: 91
		node: 40
		(x, y, z): (33, 117, 2)
		dem: 20
		earl: 0
		lat: 2466
		servt: 10
		pid: 0
		did: 79
		servST: 117.22
		(h, h_ind): (-1, 0)
		load: 42.0

	Finished service at time: 127.22

	Task 91 -> Task 79: 11.05
	Vehicle arrival at task: 138.27
	Waiting time until service start time: 0.0

	id: 79
		node: 100
		(x, y, z): (44, 116, 2)
		dem: -20
		earl: 0
		lat: 2473
		servt: 10
		pid: 91
		did: 0
		servST: 138.27
		(h, h_ind): (-1, 0)
		load: 22.0

	Finished service at time: 148.27

	Task 79 -> Task 126: 5.0
	Vehicle arrival at task: 153.27
	Waiting time until service start time: 0.0

	id: 126
		node: 59
		(x, y, z): (40, 113, 2)
		dem: 23
		earl: 0
		lat: 2473
		servt: 10
		pid: 0
		did: 14
		servST: 153.27
		(h, h_ind): (-1, 0)
		load: 45.0

	Finished service at time: 163.27

	Task 126 -> Task 14: 20.12
	Vehicle arrival at task: 183.39000000000001
	Waiting time until service start time: 0.0

	id: 14
		node: 119
		(x, y, z): (22, 104, 2)
		dem: -23
		earl: 0
		lat: 2467
		servt: 10
		pid: 126
		did: 0
		servST: 183.39000000000001
		(h, h_ind): (-1, 0)
		load: 22.0

	Finished service at time: 193.39000000000001

	Using Machine: 3
		Task 14 -> Machine 3 (Station 3): 38.59
		Vehicle arrival at machine station: 231.98000000000002
		Waiting time until machine travel: 0.0

		Machine travel start time: 231.98000000000002
		Region 2 -> Region 3: 22.85
		Machine arrival at machine station: 254.83

		Machine 3 (Station 4)-> Task 96: 11.18
		Vehicle arrival at task: 266.01
		Waiting time until service start time: 0.0

	id: 96
		node: 44
		(x, y, z): (86, 80, 3)
		dem: 21
		earl: 0
		lat: 2507
		servt: 10
		pid: 0
		did: 60
		servST: 266.01
		(h, h_ind): (3, 2)
		load: 43.0

	Finished service at time: 276.01

	Task 96 -> Task 196: 18.03
	Vehicle arrival at task: 294.03999999999996
	Waiting time until service start time: 0.0

	id: 196
		node: 71
		(x, y, z): (103, 86, 3)
		dem: -22
		earl: 0
		lat: 2489
		servt: 10
		pid: 18
		did: 0
		servST: 294.03999999999996
		(h, h_ind): (-1, 0)
		load: 21.0

	Finished service at time: 304.03999999999996

	Task 196 -> Task 127: 39.82
	Vehicle arrival at task: 343.85999999999996
	Waiting time until service start time: 0.0

	id: 127
		node: 60
		(x, y, z): (138, 105, 3)
		dem: 24
		earl: 0
		lat: 2449
		servt: 10
		pid: 0
		did: 31
		servST: 343.85999999999996
		(h, h_ind): (-1, 0)
		load: 45.0

	Finished service at time: 353.85999999999996

	Task 127 -> Task 60: 41.77
	Vehicle arrival at task: 395.62999999999994
	Waiting time until service start time: 0.0

	id: 60
		node: 104
		(x, y, z): (107, 77, 3)
		dem: -21
		earl: 0
		lat: 2488
		servt: 10
		pid: 96
		did: 0
		servST: 395.62999999999994
		(h, h_ind): (-1, 0)
		load: 24.0

	Finished service at time: 405.62999999999994

	Using Machine: 0
		Task 60 -> Machine 0 (Station 4): 29.15
		Vehicle arrival at machine station: 434.7799999999999
		Waiting time until machine travel: 0.0

		Machine travel start time: 434.7799999999999
		Region 3 -> Region 1: 11.4
		Machine arrival at machine station: 446.1799999999999

		Machine 0 (Station 2)-> Task 31: 62.63
		Vehicle arrival at task: 508.8099999999999
		Waiting time until service start time: 0.0

	id: 31
		node: 120
		(x, y, z): (140, 42, 1)
		dem: -24
		earl: 0
		lat: 2450
		servt: 10
		pid: 127
		did: 0
		servST: 508.8099999999999
		(h, h_ind): (0, 4)
		load: 0.0

	Finished service at time: 518.81

	Task 31 -> Task 118: 34.18
	Vehicle arrival at task: 552.9899999999999
	Waiting time until service start time: 0.0

	id: 118
		node: 55
		(x, y, z): (108, 30, 1)
		dem: 18
		earl: 323
		lat: 563
		servt: 10
		pid: 0
		did: 59
		servST: 552.9899999999999
		(h, h_ind): (-1, 0)
		load: 18.0

	Finished service at time: 562.9899999999999

	Task 118 -> Task 37: 20.1
	Vehicle arrival at task: 583.0899999999999
	Waiting time until service start time: 0.0

	id: 37
		node: 16
		(x, y, z): (106, 10, 1)
		dem: 13
		earl: 0
		lat: 2456
		servt: 10
		pid: 0
		did: 88
		servST: 583.0899999999999
		(h, h_ind): (-1, 0)
		load: 31.0

	Finished service at time: 593.0899999999999

	Task 37 -> Task 88: 18.44
	Vehicle arrival at task: 611.53
	Waiting time until service start time: 0.0

	id: 88
		node: 76
		(x, y, z): (120, 22, 1)
		dem: -13
		earl: 396
		lat: 636
		servt: 10
		pid: 37
		did: 0
		servST: 611.53
		(h, h_ind): (-1, 0)
		load: 18.0

	Finished service at time: 621.53

	Task 88 -> Task 59: 25.0
	Vehicle arrival at task: 646.53
	Waiting time until service start time: 0.0

	id: 59
		node: 115
		(x, y, z): (105, 2, 1)
		dem: -18
		earl: 0
		lat: 2449
		servt: 10
		pid: 118
		did: 0
		servST: 646.53
		(h, h_ind): (-1, 0)
		load: 0.0

	Finished service at time: 656.53

	Task 59 -> Task 15: 32.39
	Vehicle arrival at task: 688.92
	Waiting time until service start time: 0.0

	id: 15
		node: 9
		(x, y, z): (137, 7, 1)
		dem: 40
		earl: 0
		lat: 2434
		servt: 10
		pid: 0
		did: 23
		servST: 688.92
		(h, h_ind): (-1, 0)
		load: 40.0

	Finished service at time: 698.92

	Using Machine: 1
		Task 15 -> Machine 1 (Station 2): 79.31
		Vehicle arrival at machine station: 778.23
		Waiting time until machine travel: 0.0

		Machine travel start time: 778.23
		Region 1 -> Region 0: 9.22
		Machine arrival at machine station: 787.45

		Machine 1 (Station 1)-> Task 80: 4.0
		Vehicle arrival at task: 791.45
		Waiting time until service start time: 0.0

	id: 80
		node: 36
		(x, y, z): (71, 70, 0)
		dem: 9
		earl: 0
		lat: 2524
		servt: 10
		pid: 0
		did: 55
		servST: 791.45
		(h, h_ind): (1, 7)
		load: 49.0

	Finished service at time: 801.45

	Using Machine: 0
		Task 80 -> Machine 0 (Station 1): 2.83
		Vehicle arrival at machine station: 804.2800000000001
		Waiting time until machine travel: 0.0

		Machine travel start time: 804.2800000000001
		Region 0 -> Region 3: 9.22
		Machine arrival at machine station: 813.5000000000001

		Machine 0 (Station 4)-> Task 55: 15.23
		Vehicle arrival at task: 828.7300000000001
		Waiting time until service start time: 0.0

	id: 55
		node: 96
		(x, y, z): (84, 88, 3)
		dem: -9
		earl: 0
		lat: 2503
		servt: 10
		pid: 80
		did: 0
		servST: 828.7300000000001
		(h, h_ind): (0, 6)
		load: 40.0

	Finished service at time: 838.7300000000001

	Using Machine: 0
		Task 55 -> Machine 0 (Station 4): 15.23
		Vehicle arrival at machine station: 853.9600000000002
		Waiting time until machine travel: 0.0

		Machine travel start time: 853.9600000000002
		Region 3 -> Region 1: 11.4
		Machine arrival at machine station: 865.3600000000001

		Machine 0 (Station 2)-> Task 23: 3.0
		Vehicle arrival at task: 868.3600000000001
		Waiting time until service start time: 0.0

	id: 23
		node: 69
		(x, y, z): (78, 63, 1)
		dem: -40
		earl: 0
		lat: 2515
		servt: 10
		pid: 15
		did: 0
		servST: 868.3600000000001
		(h, h_ind): (0, 7)
		load: 0.0

	Finished service at time: 878.3600000000001

	Using Machine: 0
		Task 23 -> Machine 0 (Station 2): 3.0
		Vehicle arrival at machine station: 881.3600000000001
		Waiting time until machine travel: 0.0

		Machine travel start time: 881.3600000000001
		Region 1 -> Region 3: 11.4
		Machine arrival at machine station: 892.7600000000001

		Machine 0 (Station 4)-> Task 122: 42.95
		Vehicle arrival at task: 935.7100000000002
		Waiting time until service start time: 0.0

	id: 122
		node: 57
		(x, y, z): (117, 92, 3)
		dem: 25
		earl: 0
		lat: 2474
		servt: 10
		pid: 0
		did: 136
		servST: 935.7100000000002
		(h, h_ind): (0, 8)
		load: 25.0

	Finished service at time: 945.7100000000002

	Task 122 -> Task 13: 31.26
	Vehicle arrival at task: 976.9700000000001
	Waiting time until service start time: 0.0

	id: 13
		node: 8
		(x, y, z): (121, 123, 3)
		dem: 9
		earl: 0
		lat: 2452
		servt: 10
		pid: 0
		did: 48
		servST: 976.9700000000001
		(h, h_ind): (-1, 0)
		load: 34.0

	Finished service at time: 986.9700000000001

	Task 13 -> Task 136: 32.65
	Vehicle arrival at task: 1019.6200000000001
	Waiting time until service start time: 0.0

	id: 136
		node: 117
		(x, y, z): (92, 138, 3)
		dem: -25
		earl: 0
		lat: 2454
		servt: 10
		pid: 122
		did: 0
		servST: 1019.6200000000001
		(h, h_ind): (-1, 0)
		load: 9.0

	Finished service at time: 1029.6200000000001

	Task 136 -> Task 48: 80.21
	Vehicle arrival at task: 1109.8300000000002
	Waiting time until service start time: 0.0

	id: 48
		node: 68
		(x, y, z): (139, 73, 3)
		dem: -9
		earl: 0
		lat: 2456
		servt: 10
		pid: 13
		did: 0
		servST: 1109.8300000000002
		(h, h_ind): (-1, 0)
		load: 0.0

	Finished service at time: 1119.8300000000002

	Task 48 -> Task 124: 66.03
	Vehicle arrival at task: 1185.8600000000001
	Waiting time until service start time: 0.0

	id: 124
		node: 58
		(x, y, z): (85, 111, 3)
		dem: 25
		earl: 952
		lat: 1192
		servt: 10
		pid: 0
		did: 187
		servST: 1185.8600000000001
		(h, h_ind): (-1, 0)
		load: 25.0

	Finished service at time: 1195.8600000000001

	Task 124 -> Task 69: 38.47
	Vehicle arrival at task: 1234.3300000000002
	Waiting time until service start time: 0.0

	id: 69
		node: 31
		(x, y, z): (103, 77, 3)
		dem: 17
		earl: 1102
		lat: 1342
		servt: 10
		pid: 0
		did: 99
		servST: 1234.3300000000002
		(h, h_ind): (-1, 0)
		load: 42.0

	Finished service at time: 1244.3300000000002

	Task 69 -> Task 99: 33.54
	Vehicle arrival at task: 1277.8700000000001
	Waiting time until service start time: 0.0

	id: 99
		node: 91
		(x, y, z): (70, 83, 3)
		dem: -17
		earl: 0
		lat: 2512
		servt: 10
		pid: 69
		did: 0
		servST: 1277.8700000000001
		(h, h_ind): (-1, 0)
		load: 25.0

	Finished service at time: 1287.8700000000001

	Task 99 -> Task 107: 43.08
	Vehicle arrival at task: 1330.95
	Waiting time until service start time: 0.0

	id: 107
		node: 51
		(x, y, z): (110, 99, 3)
		dem: 21
		earl: 0
		lat: 2476
		servt: 10
		pid: 0
		did: 173
		servST: 1330.95
		(h, h_ind): (-1, 0)
		load: 46.0

	Finished service at time: 1340.95

	Task 107 -> Task 187: 40.45
	Vehicle arrival at task: 1381.4
	Waiting time until service start time: 0.0

	id: 187
		node: 118
		(x, y, z): (104, 139, 3)
		dem: -25
		earl: 1282
		lat: 1522
		servt: 10
		pid: 124
		did: 0
		servST: 1381.4
		(h, h_ind): (-1, 0)
		load: 21.0

	Finished service at time: 1391.4

	Task 187 -> Task 38: 37.12
	Vehicle arrival at task: 1428.52
	Waiting time until service start time: 0.0

	id: 38
		node: 17
		(x, y, z): (107, 102, 3)
		dem: 12
		earl: 0
		lat: 2477
		servt: 10
		pid: 0
		did: 7
		servST: 1428.52
		(h, h_ind): (-1, 0)
		load: 33.0

	Finished service at time: 1438.52

	Task 38 -> Task 7: 17.46
	Vehicle arrival at task: 1455.98
	Waiting time until service start time: 0.0

	id: 7
		node: 77
		(x, y, z): (103, 119, 3)
		dem: -12
		earl: 1276
		lat: 1516
		servt: 10
		pid: 38
		did: 0
		servST: 1455.98
		(h, h_ind): (-1, 0)
		load: 21.0

	Finished service at time: 1465.98

	Task 7 -> Task 22: 28.02
	Vehicle arrival at task: 1494.0
	Waiting time until service start time: 0.0

	id: 22
		node: 12
		(x, y, z): (80, 103, 3)
		dem: 15
		earl: 1428
		lat: 1668
		servt: 10
		pid: 0
		did: 78
		servST: 1494.0
		(h, h_ind): (-1, 0)
		load: 36.0

	Finished service at time: 1504.0

	Task 22 -> Task 78: 9.9
	Vehicle arrival at task: 1513.9
	Waiting time until service start time: 0.0

	id: 78
		node: 72
		(x, y, z): (73, 96, 3)
		dem: -15
		earl: 0
		lat: 2499
		servt: 10
		pid: 22
		did: 0
		servST: 1513.9
		(h, h_ind): (-1, 0)
		load: 21.0

	Finished service at time: 1523.9

	Using Machine: 5
		Task 78 -> Machine 5 (Station 4): 20.1
		Vehicle arrival at machine station: 1544.0
		Waiting time until machine travel: 0.0

		Machine travel start time: 1544.0
		Region 3 -> Region 2: 21.4
		Machine arrival at machine station: 1565.4

		Machine 5 (Station 3)-> Task 173: 27.46
		Vehicle arrival at task: 1592.8600000000001
		Waiting time until service start time: 0.0

	id: 173
		node: 111
		(x, y, z): (67, 120, 2)
		dem: -21
		earl: 1375
		lat: 1615
		servt: 10
		pid: 107
		did: 0
		servST: 1592.8600000000001
		(h, h_ind): (5, 4)
		load: 0.0

	Finished service at time: 1602.8600000000001

	Task 173 -> Task 73: 34.41
	Vehicle arrival at task: 1637.2700000000002
	Waiting time until service start time: 0.0

	id: 73
		node: 33
		(x, y, z): (39, 100, 2)
		dem: 31
		earl: 0
		lat: 2482
		servt: 10
		pid: 0
		did: 20
		servST: 1637.2700000000002
		(h, h_ind): (-1, 0)
		load: 31.0

	Finished service at time: 1647.2700000000002

	Task 73 -> Task 121: 37.48
	Vehicle arrival at task: 1684.7500000000002
	Waiting time until service start time: 0.0

	id: 121
		node: 56
		(x, y, z): (2, 106, 2)
		dem: 16
		earl: 1487
		lat: 1727
		servt: 10
		pid: 0
		did: 163
		servST: 1684.7500000000002
		(h, h_ind): (-1, 0)
		load: 47.0

	Finished service at time: 1694.7500000000002

	Task 121 -> Task 20: 19.92
	Vehicle arrival at task: 1714.6700000000003
	Waiting time until service start time: 0.0

	id: 20
		node: 93
		(x, y, z): (8, 87, 2)
		dem: -31
		earl: 1545
		lat: 1785
		servt: 10
		pid: 73
		did: 0
		servST: 1714.6700000000003
		(h, h_ind): (-1, 0)
		load: 16.0

	Finished service at time: 1724.6700000000003

	Task 20 -> Task 93: 42.3
	Vehicle arrival at task: 1766.9700000000003
	Waiting time until service start time: 0.0

	id: 93
		node: 42
		(x, y, z): (13, 129, 2)
		dem: 25
		earl: 0
		lat: 2443
		servt: 10
		pid: 0
		did: 148
		servST: 1766.9700000000003
		(h, h_ind): (-1, 0)
		load: 41.0

	Finished service at time: 1776.9700000000003

	Using Machine: 4
		Task 93 -> Machine 4 (Station 3): 61.22
		Vehicle arrival at machine station: 1838.1900000000003
		Waiting time until machine travel: 0.0

		Machine travel start time: 1838.1900000000003
		Region 2 -> Region 0: 17.72
		Machine arrival at machine station: 1855.9100000000003

		Machine 4 (Station 1)-> Task 148: 10.0
		Vehicle arrival at task: 1865.9100000000003
		Waiting time until service start time: 0.0

	id: 148
		node: 102
		(x, y, z): (58, 80, 0)
		dem: -25
		earl: 1778
		lat: 2018
		servt: 10
		pid: 93
		did: 0
		servST: 1865.9100000000003
		(h, h_ind): (4, 1)
		load: 16.0

	Finished service at time: 1875.9100000000003

	Task 148 -> Task 163: 4.47
	Vehicle arrival at task: 1880.3800000000003
	Waiting time until service start time: 0.0

	id: 163
		node: 116
		(x, y, z): (54, 78, 0)
		dem: -16
		earl: 0
		lat: 2508
		servt: 10
		pid: 121
		did: 0
		servST: 1880.3800000000003
		(h, h_ind): (-1, 0)
		load: 0.0

	Finished service at time: 1890.3800000000003

	Task 163 -> Task 0: 17.89
	Vehicle arrival at task: 1908.2700000000004
	Waiting time until service start time: 0.0

	id: 0
		node: 122
		(x, y, z): (70, 70, 0)
		dem: 0
		earl: 0
		lat: 2535
		servt: 0
		pid: 0
		did: 0
		servST: 1908.2700000000004
		(h, h_ind): (-1, 0)
		load: 0.0


---------------------| MACHINES |---------------------

Machine 0 :
	setup duration: 0.0

	vehicle: 57
	vehicleInd: 2
	(orig, dest): (0, 18)
	(origRegion, destRegion): (0, 3)
	st: 2.24
	duration: 9.22

	setup duration: 11.4

	vehicle: 51
	vehicleInd: 5
	(orig, dest): (41, 167)
	(origRegion, destRegion): (1, 3)
	st: 193.21
	duration: 11.4

	setup duration: 0.0

	vehicle: 51
	vehicleInd: 6
	(orig, dest): (167, 61)
	(origRegion, destRegion): (3, 1)
	st: 334.2900000000001
	duration: 11.4

	setup duration: 11.4

	vehicle: 57
	vehicleInd: 13
	(orig, dest): (60, 31)
	(origRegion, destRegion): (3, 1)
	st: 434.7799999999999
	duration: 11.4

	setup duration: 0.0

	vehicle: 51
	vehicleInd: 10
	(orig, dest): (147, 112)
	(origRegion, destRegion): (1, 3)
	st: 568.5600000000001
	duration: 11.4

	setup duration: 9.22

	vehicle: 57
	vehicleInd: 20
	(orig, dest): (80, 55)
	(origRegion, destRegion): (0, 3)
	st: 804.2800000000001
	duration: 9.22

	setup duration: 0.0

	vehicle: 57
	vehicleInd: 21
	(orig, dest): (55, 23)
	(origRegion, destRegion): (3, 1)
	st: 853.9600000000002
	duration: 11.4

	setup duration: 0.0

	vehicle: 57
	vehicleInd: 22
	(orig, dest): (23, 122)
	(origRegion, destRegion): (1, 3)
	st: 881.3600000000001
	duration: 11.4

	setup duration: 11.4

	vehicle: 51
	vehicleInd: 17
	(orig, dest): (172, 114)
	(origRegion, destRegion): (1, 3)
	st: 1111.08
	duration: 11.4

	setup duration: 0.0

	vehicle: 51
	vehicleInd: 21
	(orig, dest): (102, 160)
	(origRegion, destRegion): (3, 1)
	st: 1372.1000000000001
	duration: 11.4


Machine 1 :
	setup duration: 10.0

	vehicle: 57
	vehicleInd: 3
	(orig, dest): (18, 53)
	(origRegion, destRegion): (3, 2)
	st: 26.53
	duration: 21.26

	setup duration: 24.17

	vehicle: 51
	vehicleInd: 4
	(orig, dest): (62, 41)
	(origRegion, destRegion): (0, 1)
	st: 163.75
	duration: 9.22

	setup duration: 9.22

	vehicle: 2
	vehicleInd: 6
	(orig, dest): (113, 129)
	(origRegion, destRegion): (0, 1)
	st: 269.0
	duration: 9.22

	setup duration: 14.04

	vehicle: 52
	vehicleInd: 10
	(orig, dest): (128, 35)
	(origRegion, destRegion): (3, 0)
	st: 445.61
	duration: 10.0

	setup duration: 0.0

	vehicle: 52
	vehicleInd: 12
	(orig, dest): (117, 42)
	(origRegion, destRegion): (0, 1)
	st: 646.98
	duration: 9.22

	setup duration: 14.04

	vehicle: 51
	vehicleInd: 13
	(orig, dest): (95, 144)
	(origRegion, destRegion): (3, 0)
	st: 753.36
	duration: 10.0

	setup duration: 9.22

	vehicle: 57
	vehicleInd: 19
	(orig, dest): (15, 80)
	(origRegion, destRegion): (1, 0)
	st: 778.23
	duration: 9.22

	setup duration: 0.0

	vehicle: 51
	vehicleInd: 14
	(orig, dest): (144, 68)
	(origRegion, destRegion): (0, 3)
	st: 805.92
	duration: 10.0

	setup duration: 10.0

	vehicle: 2
	vehicleInd: 19
	(orig, dest): (4, 9)
	(origRegion, destRegion): (0, 1)
	st: 1031.6600000000003
	duration: 9.22

	setup duration: 0.0

	vehicle: 51
	vehicleInd: 22
	(orig, dest): (160, 106)
	(origRegion, destRegion): (1, 0)
	st: 1517.7800000000002
	duration: 9.22

	setup duration: 0.0

	vehicle: 51
	vehicleInd: 31
	(orig, dest): (52, 51)
	(origRegion, destRegion): (0, 1)
	st: 1897.24
	duration: 9.22

	setup duration: 0.0

	vehicle: 51
	vehicleInd: 37
	(orig, dest): (65, 111)
	(origRegion, destRegion): (1, 0)
	st: 2163.9500000000003
	duration: 9.22


Machine 2 :
	setup duration: 0.0

	vehicle: 2
	vehicleInd: 2
	(orig, dest): (0, 64)
	(origRegion, destRegion): (0, 2)
	st: 2.83
	duration: 18.38

	setup duration: 33.97

	vehicle: 52
	vehicleInd: 6
	(orig, dest): (185, 8)
	(origRegion, destRegion): (1, 3)
	st: 207.7
	duration: 13.04

	setup duration: 13.04

	vehicle: 52
	vehicleInd: 13
	(orig, dest): (42, 197)
	(origRegion, destRegion): (1, 3)
	st: 746.9100000000001
	duration: 13.04

	setup duration: 0.0

	vehicle: 51
	vehicleInd: 15
	(orig, dest): (68, 43)
	(origRegion, destRegion): (3, 1)
	st: 955.79
	duration: 13.04


Machine 3 :
	setup duration: 0.0

	vehicle: 52
	vehicleInd: 2
	(orig, dest): (0, 92)
	(origRegion, destRegion): (0, 1)
	st: 4.24
	duration: 18.44

	setup duration: 34.66

	vehicle: 57
	vehicleInd: 9
	(orig, dest): (14, 96)
	(origRegion, destRegion): (2, 3)
	st: 231.98000000000002
	duration: 22.85

	setup duration: 22.85

	vehicle: 2
	vehicleInd: 14
	(orig, dest): (105, 110)
	(origRegion, destRegion): (2, 0)
	st: 743.1800000000002
	duration: 16.28

	setup duration: 16.28

	vehicle: 52
	vehicleInd: 18
	(orig, dest): (85, 0)
	(origRegion, destRegion): (2, 0)
	st: 1082.14
	duration: 16.28

	setup duration: 18.44

	vehicle: 2
	vehicleInd: 21
	(orig, dest): (19, 130)
	(origRegion, destRegion): (1, 2)
	st: 1150.7500000000002
	duration: 34.66

	setup duration: 0.0

	vehicle: 2
	vehicleInd: 26
	(orig, dest): (83, 28)
	(origRegion, destRegion): (2, 0)
	st: 1438.4900000000002
	duration: 16.28


Machine 4 :
	setup duration: 17.72

	vehicle: 57
	vehicleInd: 40
	(orig, dest): (93, 148)
	(origRegion, destRegion): (2, 0)
	st: 1838.1900000000003
	duration: 17.72


Machine 5 :
	setup duration: 19.24

	vehicle: 2
	vehicleInd: 3
	(orig, dest): (64, 74)
	(origRegion, destRegion): (2, 0)
	st: 115.09
	duration: 19.24

	setup duration: 24.17

	vehicle: 2
	vehicleInd: 8
	(orig, dest): (119, 90)
	(origRegion, destRegion): (1, 2)
	st: 410.24
	duration: 38.29

	setup duration: 21.4

	vehicle: 52
	vehicleInd: 14
	(orig, dest): (197, 89)
	(origRegion, destRegion): (3, 2)
	st: 898.6700000000001
	duration: 21.4

	setup duration: 21.4

	vehicle: 57
	vehicleInd: 35
	(orig, dest): (78, 173)
	(origRegion, destRegion): (3, 2)
	st: 1544.0
	duration: 21.4


-------------------| COMPL. TIMES |-------------------

Vehicle 0 : 0.0
Vehicle 1 : 0.0
Vehicle 2 : 1695.6100000000001
Vehicle 3 : 0.0
Vehicle 4 : 0.0
Vehicle 5 : 0.0
Vehicle 6 : 0.0
Vehicle 7 : 0.0
Vehicle 8 : 0.0
Vehicle 9 : 0.0
Vehicle 10 : 0.0
Vehicle 11 : 0.0
Vehicle 12 : 0.0
Vehicle 13 : 0.0
Vehicle 14 : 0.0
Vehicle 15 : 0.0
Vehicle 16 : 0.0
Vehicle 17 : 0.0
Vehicle 18 : 0.0
Vehicle 19 : 0.0
Vehicle 20 : 0.0
Vehicle 21 : 0.0
Vehicle 22 : 0.0
Vehicle 23 : 0.0
Vehicle 24 : 0.0
Vehicle 25 : 0.0
Vehicle 26 : 0.0
Vehicle 27 : 0.0
Vehicle 28 : 0.0
Vehicle 29 : 0.0
Vehicle 30 : 0.0
Vehicle 31 : 0.0
Vehicle 32 : 0.0
Vehicle 33 : 0.0
Vehicle 34 : 0.0
Vehicle 35 : 0.0
Vehicle 36 : 0.0
Vehicle 37 : 0.0
Vehicle 38 : 0.0
Vehicle 39 : 0.0
Vehicle 40 : 0.0
Vehicle 41 : 0.0
Vehicle 42 : 0.0
Vehicle 43 : 0.0
Vehicle 44 : 0.0
Vehicle 45 : 0.0
Vehicle 46 : 0.0
Vehicle 47 : 0.0
Vehicle 48 : 0.0
Vehicle 49 : 0.0
Vehicle 50 : 0.0
Vehicle 51 : 2212.43
Vehicle 52 : 1102.66
Vehicle 53 : 0.0
Vehicle 54 : 0.0
Vehicle 55 : 0.0
Vehicle 56 : 0.0
Vehicle 57 : 1908.2700000000004
Vehicle 58 : 0.0
Vehicle 59 : 0.0
-------------------| STATISTICS |-------------------

    Vehicles used                           : 6.6667
    Machines used                           : 100.0
    Max load (vehicles)                     : 97.5
    Min load (vehicles)                     : 87.037
    Mean load (vehicles)                    : 91.9538
    Min completion time                     : 43.4974
    Max completion time                     : 87.2753
    Mean completion time                    : 68.2344
    Avrg travel time (with vehicle)         : 5.9979
    Avrg travel time (only with vehicle)    : 3.5174
    Avrg travel time (no vehicle)           : 2.4805
    Avrg waiting time (machine travel)      : 0.0
    Avrg waiting time (service)             : 0.0
    Machines travel times (with vehicle)    : [6.0379, 8.5093, 4.1227, 8.5609, 1.398, 7.3586]
    Machines travel times (no vehicle)      : [1.7128, 3.5775, 1.8544, 3.6383, 0.699, 3.4008]
    Max load per vehicle                    : [0.0, 0.0, 97.5, 0.0, 0.0, 0.0, 0.0, 0.0, 0.0, 0.0, 0.0, 0.0, 0.0, 0.0, 0.0, 0.0, 0.0, 0.0, 0.0, 0.0, 0.0, 0.0, 0.0, 0.0, 0.0, 0.0, 0.0, 0.0, 0.0, 0.0, 0.0, 0.0, 0.0, 0.0, 0.0, 0.0, 0.0, 0.0, 0.0, 0.0, 0.0, 0.0, 0.0, 0.0, 0.0, 0.0, 0.0, 0.0, 0.0, 0.0, 0.0, 92.5373, 87.037, 0.0, 0.0, 0.0, 0.0, 90.7407, 0.0, 0.0]

----------------------------------------------------

TOTAL: 6918.97

Everything is awesome!
