Set parameter WLSAccessID
Set parameter WLSSecret
Set parameter LicenseID to value 2661775
Academic license 2661775 - for non-commercial use only - registered to me___@dcc.ufba.br
Parameter 'method_type' with value 'form' successfully set as form of type <class 'str'>
Parameter 'method_code' with value 'melo' successfully set as melo of type <class 'str'>
Parameter 'seed' with value '0' successfully set as 0 of type <class 'int'>
Parameter 'mip_max_time' with value '3600' successfully set as 3600 of type <class 'int'>
Parameter 'output_flag_grb_mip' with value '1' successfully set as 1 of type <class 'int'>
Parameter 'elevator' with value '1' successfully set as 1 of type <class 'int'>
Parameter 'threads' with value '8' successfully set as 8 of type <class 'int'>
Parameter 'print_sol' with value '1' successfully set as 1 of type <class 'int'>
Parameter 'constraints_used_melo_mip_str' with value '1-29' successfully set as 1-29 of type <class 'str'>
Instance: lr101_t1_12R_12V_04F_04M
ParameterData(inst_path='/dados/rmelo/PDPTW-SE/benchmark_multi_floor_v3/official_experiments/mip_gurobi/set_02_pt_01/../../../instances/orig_ams_fg/12R_12V_04F_04M/t1/lr101/', name='lr101', type='t1', group='12R_12V_04F_04M', full_name='lr101_t1_12R_12V_04F_04M', method_type='form', method_code='melo', gen_config_file='/dados/rmelo/PDPTW-SE/benchmark_multi_floor_v3/official_experiments/mip_gurobi/set_02_pt_01/configs/genconfig_melo.conf', gen_config_filename='genconfig_melo', greedy_service_order='tightest_tw', cutoff=0, cutoff_machs=4, solver='Gurobi', max_time=7200, gurobi_cuts=1, type_user_cut=0, mip_presolve=-1, print_sol=1, max_nodes=-1, elevator=1, make_instance_feasible=False, output='/dados/rmelo/PDPTW-SE/benchmark_multi_floor_v3/official_experiments/mip_gurobi/set_02_pt_01/logs', epsilon=0.005, epsilon_cap=0.5, warm_start=False, seed=0, rng=<random.Random object at 0x56178246f940>, alpha=0.2, max_iter=1000000, output_flag_grb_mip=1, output_flag_grb_mslp=0, output_flag_grb_lmns=0, mslp_r='M', mslp_a='60', lmns_r='M', lmns_a='60', lmns_repair_time=30.0, lmns_mip_focus=0, lmns_gap_to_bigger_destruction=50, lmns_gap_to_smaller_destruction=95, lmns_weight_shaw_dist_prox=1.0, lmns_weight_shaw_earl_prox=1.0, lmns_weight_shaw_same_route=1.0, lmns_weight_shaw_demand_sim=1.0, lmns_req_r_apply_mip_start=True, lmns_acceptance_criteria='H', lmns_metropolis_temp=100.0, lmns_simulated_annealing_temp=100.0, lmns_simulated_annealing_cool=0.95, mip_max_time=3600, hx_max_time=3600, csv_file_name='', sol_file_name='', timeline_file_name='', grb_file_name='', validate_synchronization=True, constraints_used_melo_mip_str='1-29', constraints_used_melo_mip=None, run_callback_melo_mip=False, mip_heuristics=0.05, threads=8)
Constraints active in melo MIP
1 2 3 4 5 6 7 8 9 10 11 12 13 14 15 16 17 18 19 20 21 22 23 24 25 26 27 28 29 
[Reading Data] Using files at /dados/rmelo/PDPTW-SE/benchmark_multi_floor_v3/official_experiments/mip_gurobi/set_02_pt_01/../../../instances/orig_ams_fg/12R_12V_04F_04M/t1/lr101/
vehicles: [Vehicle(id=0, cap=34), Vehicle(id=1, cap=43), Vehicle(id=2, cap=52), Vehicle(id=3, cap=43), Vehicle(id=4, cap=34), Vehicle(id=5, cap=34), Vehicle(id=6, cap=43), Vehicle(id=7, cap=43), Vehicle(id=8, cap=34), Vehicle(id=9, cap=34), Vehicle(id=10, cap=43), Vehicle(id=11, cap=34)]
vehicle_types: [Vehicle(id=11, cap=34), Vehicle(id=10, cap=43), Vehicle(id=2, cap=52)]
machines: [Machine(id=0, points=[Point(x=37, y=35, z=0), Point(x=37, y=35, z=1), Point(x=37, y=35, z=2), Point(x=37, y=35, z=3)], spd=0.2), Machine(id=1, points=[Point(x=33, y=35, z=0), Point(x=33, y=35, z=1), Point(x=33, y=35, z=2), Point(x=33, y=35, z=3)], spd=0.2), Machine(id=2, points=[Point(x=39, y=35, z=0), Point(x=39, y=35, z=1), Point(x=39, y=35, z=2), Point(x=39, y=35, z=3)], spd=0.2), Machine(id=3, points=[Point(x=31, y=35, z=0), Point(x=31, y=35, z=1), Point(x=31, y=35, z=2), Point(x=31, y=35, z=3)], spd=0.2)]
refs: [0, 1, 2, 3, 4, 6, 7, 8, 10, 12, 13, 14, 15, 18, 21, 9, 11, 16, 24, 23, 22, 17, 20, 19, 5, 0]
V: [0, 1, 2, 3, 4, 5, 6, 7, 8, 9, 10, 11, 12, 13, 14, 15, 16, 17, 18, 19, 20, 21, 22, 23, 24]
V_p: [1, 2, 3, 4, 5, 6, 7, 8, 9, 10, 11, 12]
V_d: [13, 14, 15, 16, 17, 18, 19, 20, 21, 22, 23, 24]
V_p_d: [1, 2, 3, 4, 5, 6, 7, 8, 9, 10, 11, 12, 13, 14, 15, 16, 17, 18, 19, 20, 21, 22, 23, 24]
Vprime: [0, 1, 2, 3, 4, 5, 6, 7, 8, 9, 10, 11, 12, 13, 14, 15, 16, 17, 18, 19, 20, 21, 22, 23, 24, 25]
q: [0, 7, 26, 9, 12, 20, 8, 19, 12, 11, 3, 16, 16, -7, -26, -9, -12, -20, -8, -19, -12, -11, -3, -16, -16, 0]
H: [0, 1, 2, 3]
Machine points:
# Machine 0
	Point(x=37, y=35, z=0)
	Point(x=37, y=35, z=1)
	Point(x=37, y=35, z=2)
	Point(x=37, y=35, z=3)

# Machine 1
	Point(x=33, y=35, z=0)
	Point(x=33, y=35, z=1)
	Point(x=33, y=35, z=2)
	Point(x=33, y=35, z=3)

# Machine 2
	Point(x=39, y=35, z=0)
	Point(x=39, y=35, z=1)
	Point(x=39, y=35, z=2)
	Point(x=39, y=35, z=3)

# Machine 3
	Point(x=31, y=35, z=0)
	Point(x=31, y=35, z=1)
	Point(x=31, y=35, z=2)
	Point(x=31, y=35, z=3)

f: [[0 0 0 0]
 [3 3 3 3]
 [1 1 1 1]
 [0 0 0 0]
 [2 2 2 2]
 [2 2 2 2]
 [0 0 0 0]
 [2 2 2 2]
 [2 2 2 2]
 [3 3 3 3]
 [0 0 0 0]
 [2 2 2 2]
 [0 0 0 0]
 [2 2 2 2]
 [3 3 3 3]
 [1 1 1 1]
 [0 0 0 0]
 [1 1 1 1]
 [3 3 3 3]
 [1 1 1 1]
 [1 1 1 1]
 [2 2 2 2]
 [3 3 3 3]
 [0 0 0 0]
 [1 1 1 1]
 [0 0 0 0]]
(0, 0, 0) 0.0
(0, 1, 0) 5.0
(0, 2, 0) 10.0
(0, 3, 0) 15.0
(1, 0, 0) 5.0
(1, 1, 0) 0.0
(1, 2, 0) 5.0
(1, 3, 0) 10.0
(2, 0, 0) 10.0
(2, 1, 0) 5.0
(2, 2, 0) 0.0
(2, 3, 0) 5.0
(3, 0, 0) 15.0
(3, 1, 0) 10.0
(3, 2, 0) 5.0
(3, 3, 0) 0.0
(0, 0, 1) 0.0
(0, 1, 1) 5.0
(0, 2, 1) 10.0
(0, 3, 1) 15.0
(1, 0, 1) 5.0
(1, 1, 1) 0.0
(1, 2, 1) 5.0
(1, 3, 1) 10.0
(2, 0, 1) 10.0
(2, 1, 1) 5.0
(2, 2, 1) 0.0
(2, 3, 1) 5.0
(3, 0, 1) 15.0
(3, 1, 1) 10.0
(3, 2, 1) 5.0
(3, 3, 1) 0.0
(0, 0, 2) 0.0
(0, 1, 2) 5.0
(0, 2, 2) 10.0
(0, 3, 2) 15.0
(1, 0, 2) 5.0
(1, 1, 2) 0.0
(1, 2, 2) 5.0
(1, 3, 2) 10.0
(2, 0, 2) 10.0
(2, 1, 2) 5.0
(2, 2, 2) 0.0
(2, 3, 2) 5.0
(3, 0, 2) 15.0
(3, 1, 2) 10.0
(3, 2, 2) 5.0
(3, 3, 2) 0.0
(0, 0, 3) 0.0
(0, 1, 3) 5.0
(0, 2, 3) 10.0
(0, 3, 3) 15.0
(1, 0, 3) 5.0
(1, 1, 3) 0.0
(1, 2, 3) 5.0
(1, 3, 3) 10.0
(2, 0, 3) 10.0
(2, 1, 3) 5.0
(2, 2, 3) 0.0
(2, 3, 3) 5.0
(3, 0, 3) 15.0
(3, 1, 3) 10.0
(3, 2, 3) 5.0
(3, 3, 3) 0.0
Number of arcs: 42
M:  (0, np.int64(0)) (1, np.int64(79)) (2, np.int64(355)) (3, np.int64(345)) (4, np.int64(325)) (5, np.int64(315)) (6, np.int64(330)) (7, np.int64(299)) (8, np.int64(16))
JOBS in the order of refs (Vprime)
Node 0: Job(id=0, point=Point(x=35, y=35, z=0), dem=0, earl=0, lat=268, servt=0, pid=0, did=0)
Node 1: Job(id=2, point=Point(x=35, y=17, z=3), dem=7, earl=50, lat=60, servt=10, pid=0, did=73)
Node 2: Job(id=5, point=Point(x=15, y=30, z=1), dem=26, earl=34, lat=44, servt=10, pid=0, did=85)
Node 3: Job(id=8, point=Point(x=10, y=43, z=0), dem=9, earl=95, lat=105, servt=10, pid=0, did=17)
Node 4: Job(id=11, point=Point(x=20, y=65, z=2), dem=12, earl=67, lat=77, servt=10, pid=0, did=20)
Node 5: Job(id=14, point=Point(x=15, y=10, z=2), dem=20, earl=43, lat=53, servt=10, pid=0, did=38)
Node 6: Job(id=15, point=Point(x=30, y=5, z=0), dem=8, earl=61, lat=71, servt=10, pid=0, did=97)
Node 7: Job(id=16, point=Point(x=10, y=20, z=2), dem=19, earl=75, lat=85, servt=10, pid=0, did=91)
Node 8: Job(id=18, point=Point(x=20, y=40, z=2), dem=12, earl=87, lat=97, servt=10, pid=0, did=89)
Node 9: Job(id=21, point=Point(x=45, y=20, z=3), dem=11, earl=62, lat=72, servt=10, pid=0, did=41)
Node 10: Job(id=24, point=Point(x=65, y=35, z=0), dem=3, earl=153, lat=163, servt=10, pid=0, did=80)
Node 11: Job(id=27, point=Point(x=35, y=40, z=2), dem=16, earl=51, lat=61, servt=10, pid=0, did=79)
Node 12: Job(id=28, point=Point(x=41, y=37, z=0), dem=16, earl=39, lat=49, servt=10, pid=0, did=12)
Node 13: Job(id=73, point=Point(x=44, y=17, z=2), dem=-7, earl=93, lat=103, servt=10, pid=2, did=0)
Node 14: Job(id=85, point=Point(x=16, y=22, z=3), dem=-26, earl=91, lat=101, servt=10, pid=5, did=0)
Node 15: Job(id=17, point=Point(x=5, y=30, z=1), dem=-9, earl=164, lat=174, servt=10, pid=8, did=0)
Node 16: Job(id=20, point=Point(x=45, y=65, z=0), dem=-12, earl=144, lat=154, servt=10, pid=11, did=0)
Node 17: Job(id=38, point=Point(x=5, y=5, z=1), dem=-20, earl=130, lat=140, servt=10, pid=14, did=0)
Node 18: Job(id=97, point=Point(x=25, y=21, z=3), dem=-8, earl=133, lat=143, servt=10, pid=15, did=0)
Node 19: Job(id=91, point=Point(x=15, y=19, z=1), dem=-19, earl=160, lat=170, servt=10, pid=16, did=0)
Node 20: Job(id=89, point=Point(x=26, y=35, z=1), dem=-12, earl=176, lat=186, servt=10, pid=18, did=0)
Node 21: Job(id=41, point=Point(x=42, y=7, z=2), dem=-11, earl=114, lat=124, servt=10, pid=21, did=0)
Node 22: Job(id=80, point=Point(x=56, y=37, z=3), dem=-3, earl=212, lat=222, servt=10, pid=24, did=0)
Node 23: Job(id=79, point=Point(x=57, y=48, z=0), dem=-16, earl=100, lat=110, servt=10, pid=27, did=0)
Node 24: Job(id=12, point=Point(x=50, y=35, z=1), dem=-16, earl=70, lat=80, servt=10, pid=28, did=0)
Node 25: Job(id=0, point=Point(x=35, y=35, z=0), dem=0, earl=0, lat=268, servt=0, pid=0, did=0)

### Preprocessing - arc removals
	-> arcs: 676 (100.0%)
	-> arc_removals: 634 (93.79%)
	-> arc_removals_is_loop: 26 (3.85%)
	-> arc_removals_is_delivery_to_pickup: 14 (2.07%)
	-> arc_removals_is_depot_begin_to_delivery: 12 (1.78%)
	-> arc_removals_is_pickup_to_depot_end: 12 (1.78%)
	-> arc_removals_is_dest_depot_begin: 24 (3.55%)
	-> arc_removals_is_orig_depot_end: 23 (3.4%)
	-> arc_removals_is_capacity_violated: 0 (0.0%)
	-> arc_removals_is_time_window_limited: 397 (58.73%)
	-> arc_removals_is_time_window_pairing_limited: 123 (18.2%)
	-> arc_removals_is_indirect_request_service_impossible: 3 (0.44%)
	-> gamma_vars: 3547 (100.0%)
	-> feas_gamma_vars: 1955 (55.12%)
	-> infeas_gamma_vars_is_next_mtrv_unreachable: 1473 (41.53%)
	-> infeas_gamma_vars_is_iprime_jprime_eq_i_j: 119 (3.35%)

[19/09/2025 22:43:32] Running melo_formulation

[19/09/2025 22:43:32] Creating Melo MIP model...
Set parameter OutputFlag to value 1
Set parameter Threads to value 8
Set parameter Heuristics to value 0.05
Set parameter TimeLimit to value 3600
Set parameter Presolve to value -1
Set parameter Cuts to value 1
Set parameter LogFile to value "/dados/rmelo/PDPTW-SE/benchmark_multi_floor_v3/official_experiments/mip_gurobi/set_02_pt_01/logs/form_melo/gurobi/12R_12V_04F_04M/lr101_grb_genconfig_melo.log"
Set parameter Seed to value 0

### Model variables summary ###
	-> Total number of variables: 3069
		- x: 504
		- z: 312
		- t: 36
		- tstart: 12
		- tfinal: 12
		- phi: 119
		- alpha: 119
		- gamma: 1955
	-> Number of binary variables: 2578


[19/09/2025 22:43:32] Adding routing constraints
[19/09/2025 22:43:32] Adding scheduling constraints
[19/09/2025 22:43:32] Adding valid inequalities
[19/09/2025 22:43:32] Adding objective function
Gurobi Optimizer version 12.0.2 build v12.0.2rc0 (linux64 - "Ubuntu 22.04.5 LTS")

CPU model: Intel(R) Core(TM) i7-10700 CPU @ 2.90GHz, instruction set [SSE2|AVX|AVX2]
Thread count: 8 physical cores, 16 logical processors, using up to 8 threads

Non-default parameters:
TimeLimit  3600
Cuts  1
Threads  8

Academic license 2661775 - for non-commercial use only - registered to me___@dcc.ufba.br
Optimize a model with 13084 rows, 3069 columns and 38676 nonzeros
Model fingerprint: 0x2726b4fd
Variable types: 491 continuous, 2578 integer (2578 binary)
Coefficient statistics:
  Matrix range     [1e+00, 4e+02]
  Objective range  [1e+00, 1e+00]
  Bounds range     [1e+00, 3e+02]
  RHS range        [1e+00, 6e+02]
Presolve removed 3656 rows and 937 columns
Presolve time: 0.16s
Presolved: 9428 rows, 2132 columns, 41867 nonzeros
Variable types: 159 continuous, 1973 integer (1973 binary)

Root relaxation: objective 1.345020e+03, 757 iterations, 0.03 seconds (0.05 work units)

    Nodes    |    Current Node    |     Objective Bounds      |     Work
 Expl Unexpl |  Obj  Depth IntInf | Incumbent    BestBd   Gap | It/Node Time

     0     0 1345.02000    0   42          - 1345.02000      -     -    0s
H    0     0                    1707.6700000 1345.02000  21.2%     -    0s
H    0     0                    1685.5000000 1345.02000  20.2%     -    0s
H    0     0                    1681.7320110 1345.02000  20.0%     -    0s
H    0     0                    1677.5000000 1345.02000  19.8%     -    0s
     0     0 1345.02000    0   65 1677.50000 1345.02000  19.8%     -    0s
     0     0 1532.61728    0  239 1677.50000 1532.61728  8.64%     -    0s
     0     0 1532.61728    0  202 1677.50000 1532.61728  8.64%     -    0s
     0     0 1612.20000    0  172 1677.50000 1612.20000  3.89%     -    1s
     0     0 1612.20000    0  107 1677.50000 1612.20000  3.89%     -    1s
H    0     0                    1675.3500000 1612.20000  3.77%     -    1s
H    0     0                    1672.7800000 1612.20000  3.62%     -    1s
H    0     0                    1670.2600000 1612.20000  3.48%     -    1s
H    0     0                    1646.3100000 1612.20099  2.07%     -    1s
     0     0 1612.20099    0  263 1646.31000 1612.20099  2.07%     -    1s
     0     0 1612.20099    0  215 1646.31000 1612.20099  2.07%     -    1s
H    0     0                    1642.4700000 1612.44000  1.83%     -    1s
     0     0 1612.44000    0  154 1642.47000 1612.44000  1.83%     -    1s
H    0     0                    1639.6600000 1612.44000  1.66%     -    2s
H    0     0                    1635.6600000 1612.44000  1.42%     -    2s
     0     0 1612.44000    0  219 1635.66000 1612.44000  1.42%     -    2s
     0     0 1612.44000    0  151 1635.66000 1612.44000  1.42%     -    2s
     0     0 1612.44000    0  143 1635.66000 1612.44000  1.42%     -    2s
     0     0 1612.44000    0  153 1635.66000 1612.44000  1.42%     -    2s
     0     0 1612.44000    0  147 1635.66000 1612.44000  1.42%     -    2s
H    0     0                    1635.0800000 1612.44000  1.38%     -    2s
H    0     0                    1634.7500000 1612.44000  1.36%     -    2s
     0     0 1612.44000    0  247 1634.75000 1612.44000  1.36%     -    2s
     0     0 1612.44000    0  189 1634.75000 1612.44000  1.36%     -    2s
H    0     0                    1634.0600000 1612.44000  1.32%     -    2s
     0     0 1612.44000    0  178 1634.06000 1612.44000  1.32%     -    2s
     0     0 1612.44000    0  203 1634.06000 1612.44000  1.32%     -    3s
     0     0 1612.44000    0  242 1634.06000 1612.44000  1.32%     -    3s
     0     0 1612.44000    0  215 1634.06000 1612.44000  1.32%     -    3s
     0     0 1612.44000    0  175 1634.06000 1612.44000  1.32%     -    3s
H    0     0                    1628.3500000 1612.44000  0.98%     -    3s
     0     0 1612.44000    0  181 1628.35000 1612.44000  0.98%     -    3s
     0     0 1612.44803    0  163 1628.35000 1612.44803  0.98%     -    3s
H    0     0                    1620.2100000 1612.79247  0.46%     -    3s
H    0     0                    1619.5400000 1612.79247  0.42%     -    3s
     0     0 1612.79247    0  186 1619.54000 1612.79247  0.42%     -    3s
     0     0 1612.79396    0  189 1619.54000 1612.79396  0.42%     -    3s
     0     0 1612.79396    0  186 1619.54000 1612.79396  0.42%     -    3s
     0     0 1613.58275    0  198 1619.54000 1613.58275  0.37%     -    3s
H    0     0                    1618.0200000 1613.74225  0.26%     -    3s
H    0     0                    1616.3000000 1613.74225  0.16%     -    3s
     0     0 1613.74225    0  201 1616.30000 1613.74225  0.16%     -    3s
     0     0 1613.77737    0  196 1616.30000 1613.77737  0.16%     -    3s
     0     0 1613.78042    0  189 1616.30000 1613.78042  0.16%     -    3s
     0     0 1613.84101    0  188 1616.30000 1613.84101  0.15%     -    3s
     0     0 1613.84101    0  192 1616.30000 1613.84101  0.15%     -    3s
     0     0 1613.84207    0  188 1616.30000 1613.84207  0.15%     -    4s
     0     0 1613.84207    0  196 1616.30000 1613.84207  0.15%     -    4s
     0     0 1613.84207    0  198 1616.30000 1613.84207  0.15%     -    4s
     0     0 1613.84207    0  162 1616.30000 1613.84207  0.15%     -    4s
     0     0 1613.84207    0  162 1616.30000 1613.84207  0.15%     -    4s
     0     0 1613.84207    0  138 1616.30000 1613.84207  0.15%     -    4s
H    0     0                    1615.6500000 1613.87804  0.11%     -    4s
     0     0 1613.87804    0  141 1615.65000 1613.87804  0.11%     -    4s
     0     0 1613.87804    0  173 1615.65000 1613.87804  0.11%     -    4s
     0     0 1613.87804    0  130 1615.65000 1613.87804  0.11%     -    4s
     0     0 1613.87804    0  154 1615.65000 1613.87804  0.11%     -    4s
     0     0 1613.87804    0  195 1615.65000 1613.87804  0.11%     -    4s
     0     0 1613.98625    0  153 1615.65000 1613.98625  0.10%     -    4s
     0     0 1613.98625    0  154 1615.65000 1613.98625  0.10%     -    4s
     0     0 1613.98625    0  183 1615.65000 1613.98625  0.10%     -    4s
     0     0 1614.02396    0  170 1615.65000 1614.02396  0.10%     -    4s
     0     0 1614.02396    0  164 1615.65000 1614.02396  0.10%     -    4s
     0     0 1614.03095    0  100 1615.65000 1614.03095  0.10%     -    4s
     0     0 1614.03095    0  100 1615.65000 1614.03095  0.10%     -    4s
     0     0 1614.03176    0  107 1615.65000 1614.03176  0.10%     -    4s
     0     0 1614.03176    0   99 1615.65000 1614.03176  0.10%     -    4s
     0     0 1614.03176    0  105 1615.65000 1614.03176  0.10%     -    5s
     0     0 1614.03176    0   49 1615.65000 1614.03176  0.10%     -    5s
     0     0 1614.04466    0   79 1615.65000 1614.04466  0.10%     -    5s
     0     0 1614.04831    0   79 1615.65000 1614.04831  0.10%     -    5s
     0     0 1614.04935    0   92 1615.65000 1614.04935  0.10%     -    5s
     0     0 1614.09333    0   49 1615.65000 1614.09333  0.10%     -    5s
     0     0 1614.09333    0   49 1615.65000 1614.09333  0.10%     -    5s
     0     0 1614.09333    0   49 1615.65000 1614.09333  0.10%     -    5s
     0     0 1614.09333    0   49 1615.65000 1614.09333  0.10%     -    5s
     0     0 1614.09333    0  202 1615.65000 1614.09333  0.10%     -    5s
     0     0 1614.09333    0  171 1615.65000 1614.09333  0.10%     -    5s
     0     0 1614.09333    0  128 1615.65000 1614.09333  0.10%     -    5s
     0     0 1614.09333    0  129 1615.65000 1614.09333  0.10%     -    5s
     0     0 1614.09333    0  111 1615.65000 1614.09333  0.10%     -    5s
     0     0 1614.09333    0  108 1615.65000 1614.09333  0.10%     -    5s
     0     0 1614.10500    0  102 1615.65000 1614.10500  0.10%     -    5s
     0     0 1614.20000    0  122 1615.65000 1614.20000  0.09%     -    5s
     0     0 1614.22000    0  122 1615.65000 1614.22000  0.09%     -    5s
     0     0 1614.22000    0  122 1615.65000 1614.22000  0.09%     -    5s
     0     0 1614.22000    0  118 1615.65000 1614.22000  0.09%     -    5s
H    0     0                    1615.1200000 1614.25000  0.05%     -    5s
     0     0 1614.25000    0   88 1615.12000 1614.25000  0.05%     -    5s
     0     0 1614.47000    0   88 1615.12000 1614.47000  0.04%     -    5s
H    0     0                    1614.7200000 1614.47000  0.02%     -    5s
     0     0 1614.47000    0   73 1614.72000 1614.47000  0.02%     -    5s
     0     0 1614.47000    0   73 1614.72000 1614.47000  0.02%     -    5s
     0     0 1614.47000    0   73 1614.72000 1614.47000  0.02%     -    5s

Cutting planes:
  Learned: 2
  Gomory: 1
  Lift-and-project: 1
  Implied bound: 46
  MIR: 54
  Zero half: 28
  RLT: 25
  Relax-and-lift: 9
  BQP: 20

Explored 1 nodes (34626 simplex iterations) in 5.85 seconds (6.81 work units)
Thread count was 8 (of 16 available processors)

Solution count 10: 1614.72 1615.12 1615.65 ... 1634.75

Optimal solution found (tolerance 1.00e-04)
Best objective 1.614720000000e+03, best bound 1.614590000000e+03, gap 0.0081%
Solution is optimal
  objective value = 1614.7200000000003
  status = 2, nodes = 1.0, time = 5.86s, gap = 0.01%, bound = 1614.59

[22:43:38.851580] Saving solution to file: /dados/rmelo/PDPTW-SE/benchmark_multi_floor_v3/official_experiments/mip_gurobi/set_02_pt_01/logs/form_melo/solutions/12R_12V_04F_04M/lr101_sol_genconfig_melo.txt

[22:43:38] Saving solution timeline to file: /dados/rmelo/PDPTW-SE/benchmark_multi_floor_v3/official_experiments/mip_gurobi/set_02_pt_01/logs/form_melo/timelines/12R_12V_04F_04M/lr101_timeline_genconfig_melo.txt

[19/09/2025 22:43:38] Writing results to CSV: /dados/rmelo/PDPTW-SE/benchmark_multi_floor_v3/official_experiments/mip_gurobi/set_02_pt_01/logs/form_melo/outputs/csvresults_form_melo.csv
---------------------| VEHICLES |---------------------

Vehicle 0 :
	id: 0
			node: 0
			(x, y, z): (35, 35, 0)
			dem: 0
			earl: 0
			lat: 268
			servt: 0
			pid: 0
			did: 0
			servST: 11.670000000000087
			(h, h_ind): (-1, -1)
			load: 0.0
			
	Finished service at time: 11.670000000000087
	
	Using Machine: 3
			Task 0 -> Machine 3 (Station 0): 4.0
			Vehicle arrival at machine station: 15.670000000000087
			Waiting time until machine travel: 0.0
			Machine travel start time: 15.670000000000087
			Region 0 -> Region 1: 5.0
			Machine arrival at machine station: 20.670000000000087
			
			Machine 3 (Station 1)-> Task 5: 16.76
			Vehicle arrival at task: 37.43000000000009
			Waiting time until service start time: -0.0
			
	id: 5
			node: 2
			(x, y, z): (15, 30, 1)
			dem: 26
			earl: 34
			lat: 44
			servt: 10
			pid: 0
			did: 85
			servST: 37.43000000000008
			(h, h_ind): (3, 0)
			load: 26.0
			
	Finished service at time: 47.43000000000008
	
	Using Machine: 3
			Task 5 -> Machine 3 (Station 1): 16.76
			Vehicle arrival at machine station: 64.19000000000008
			Waiting time until machine travel: -0.0
			Machine travel start time: 64.19000000000005
			Region 1 -> Region 3: 10.0
			Machine arrival at machine station: 74.19000000000005
			
			Machine 3 (Station 3)-> Task 85: 19.85
			Vehicle arrival at task: 94.04000000000005
			Waiting time until service start time: 0.0
			
	id: 85
			node: 14
			(x, y, z): (16, 22, 3)
			dem: -26
			earl: 91
			lat: 101
			servt: 10
			pid: 5
			did: 0
			servST: 94.04000000000008
			(h, h_ind): (3, 2)
			load: 0.0
			
	Finished service at time: 104.04000000000008
	
	Using Machine: 1
			Task 85 -> Machine 1 (Station 3): 21.4
			Vehicle arrival at machine station: 125.44000000000008
			Waiting time until machine travel: -0.0
			Machine travel start time: 125.44000000000005
			Region 3 -> Region 0: 15.0
			Machine arrival at machine station: 140.44000000000005
			
			Machine 1 (Station 0)-> Task 0: 2.0
			Vehicle arrival at task: 142.44000000000005
			Waiting time until service start time: 0.0
			
	id: 0
			node: 25
			(x, y, z): (35, 35, 0)
			dem: 0
			earl: 0
			lat: 268
			servt: 0
			pid: 0
			did: 0
			servST: 142.44000000000005
			(h, h_ind): (1, 4)
			load: 0.0
			

Vehicle 1 :
	id: 0
			node: 0
			(x, y, z): (35, 35, 0)
			dem: 0
			earl: 0
			lat: 268
			servt: 0
			pid: 0
			did: 0
			servST: 22.810000000000272
			(h, h_ind): (-1, -1)
			load: 0.0
			
	Finished service at time: 22.810000000000272
	
	Using Machine: 1
			Task 0 -> Machine 1 (Station 0): 2.0
			Vehicle arrival at machine station: 24.810000000000272
			Waiting time until machine travel: -0.0
			Machine travel start time: 24.810000000000137
			Region 0 -> Region 2: 10.0
			Machine arrival at machine station: 34.81000000000014
			
			Machine 1 (Station 2)-> Task 11: 32.7
			Vehicle arrival at task: 67.51000000000013
			Waiting time until service start time: 0.0
			
	id: 11
			node: 4
			(x, y, z): (20, 65, 2)
			dem: 12
			earl: 67
			lat: 77
			servt: 10
			pid: 0
			did: 20
			servST: 67.51000000000026
			(h, h_ind): (1, 1)
			load: 12.0
			
	Finished service at time: 77.51000000000026
	
	Using Machine: 0
			Task 11 -> Machine 0 (Station 2): 34.48
			Vehicle arrival at machine station: 111.99000000000026
			Waiting time until machine travel: 0.0
			Machine travel start time: 111.99000000000026
			Region 2 -> Region 0: 10.0
			Machine arrival at machine station: 121.99000000000026
			
			Machine 0 (Station 0)-> Task 20: 31.05
			Vehicle arrival at task: 153.04000000000028
			Waiting time until service start time: -0.0
			
	id: 20
			node: 16
			(x, y, z): (45, 65, 0)
			dem: -12
			earl: 144
			lat: 154
			servt: 10
			pid: 11
			did: 0
			servST: 153.04000000000022
			(h, h_ind): (0, 2)
			load: 0.0
			
	Finished service at time: 163.04000000000022
	
	Task 20 -> Task 0: 31.62
	Vehicle arrival at task: 194.66000000000022
	Waiting time until service start time: 0.0
	
	id: 0
			node: 25
			(x, y, z): (35, 35, 0)
			dem: 0
			earl: 0
			lat: 268
			servt: 0
			pid: 0
			did: 0
			servST: 194.66000000000022
			(h, h_ind): (-1, -1)
			load: 0.0
			

Vehicle 2 :
	id: 0
			node: 0
			(x, y, z): (35, 35, 0)
			dem: 0
			earl: 0
			lat: 268
			servt: 0
			pid: 0
			did: 0
			servST: 32.339999999999975
			(h, h_ind): (-1, -1)
			load: 0.0
			
	Finished service at time: 32.339999999999975
	
	Task 0 -> Task 15: 30.41
	Vehicle arrival at task: 62.74999999999997
	Waiting time until service start time: 0.0
	
	id: 15
			node: 6
			(x, y, z): (30, 5, 0)
			dem: 8
			earl: 61
			lat: 71
			servt: 10
			pid: 0
			did: 97
			servST: 62.75
			(h, h_ind): (-1, -1)
			load: 8.0
			
	Finished service at time: 72.75
	
	Using Machine: 3
			Task 15 -> Machine 3 (Station 0): 30.02
			Vehicle arrival at machine station: 102.77
			Waiting time until machine travel: -0.0
			Machine travel start time: 102.76999999999998
			Region 0 -> Region 3: 15.0
			Machine arrival at machine station: 117.76999999999998
			
			Machine 3 (Station 3)-> Task 97: 15.23
			Vehicle arrival at task: 132.99999999999997
			Waiting time until service start time: 0.0
			
	id: 97
			node: 18
			(x, y, z): (25, 21, 3)
			dem: -8
			earl: 133
			lat: 143
			servt: 10
			pid: 15
			did: 0
			servST: 133.0
			(h, h_ind): (3, 4)
			load: 0.0
			
	Finished service at time: 143.0
	
	Using Machine: 1
			Task 97 -> Machine 1 (Station 3): 16.12
			Vehicle arrival at machine station: 159.12
			Waiting time until machine travel: 0.0
			Machine travel start time: 159.12
			Region 3 -> Region 0: 15.0
			Machine arrival at machine station: 174.12
			
			Machine 1 (Station 0)-> Task 0: 2.0
			Vehicle arrival at task: 176.12
			Waiting time until service start time: 0.0
			
	id: 0
			node: 25
			(x, y, z): (35, 35, 0)
			dem: 0
			earl: 0
			lat: 268
			servt: 0
			pid: 0
			did: 0
			servST: 176.12000000000003
			(h, h_ind): (1, 5)
			load: 0.0
			

Vehicle 3 :
	id: 0
			node: 0
			(x, y, z): (35, 35, 0)
			dem: 0
			earl: 0
			lat: 268
			servt: 0
			pid: 0
			did: 0
			servST: 45.19000000000008
			(h, h_ind): (-1, -1)
			load: 0.0
			
	Finished service at time: 45.19000000000008
	
	Using Machine: 3
			Task 0 -> Machine 3 (Station 0): 4.0
			Vehicle arrival at machine station: 49.19000000000008
			Waiting time until machine travel: -0.0
			Machine travel start time: 49.190000000000055
			Region 0 -> Region 2: 10.0
			Machine arrival at machine station: 59.190000000000055
			
			Machine 3 (Station 2)-> Task 16: 25.81
			Vehicle arrival at task: 85.00000000000006
			Waiting time until service start time: -0.0
			
	id: 16
			node: 7
			(x, y, z): (10, 20, 2)
			dem: 19
			earl: 75
			lat: 85
			servt: 10
			pid: 0
			did: 91
			servST: 85.0
			(h, h_ind): (3, 1)
			load: 19.0
			
	Finished service at time: 95.0
	
	Using Machine: 3
			Task 16 -> Machine 3 (Station 2): 25.81
			Vehicle arrival at machine station: 120.81
			Waiting time until machine travel: 1.96
			Machine travel start time: 122.77
			Region 2 -> Region 1: 5.0
			Machine arrival at machine station: 127.77
			
			Machine 3 (Station 1)-> Task 91: 22.63
			Vehicle arrival at task: 150.4
			Waiting time until service start time: 9.6
			
	id: 91
			node: 19
			(x, y, z): (15, 19, 1)
			dem: -19
			earl: 160
			lat: 170
			servt: 10
			pid: 16
			did: 0
			servST: 160.0
			(h, h_ind): (3, 5)
			load: 0.0
			
	Finished service at time: 170.0
	
	Using Machine: 1
			Task 91 -> Machine 1 (Station 1): 24.08
			Vehicle arrival at machine station: 194.07999999999998
			Waiting time until machine travel: 0.0
			Machine travel start time: 194.07999999999998
			Region 1 -> Region 0: 5.0
			Machine arrival at machine station: 199.07999999999998
			
			Machine 1 (Station 0)-> Task 0: 2.0
			Vehicle arrival at task: 201.07999999999998
			Waiting time until service start time: 0.0
			
	id: 0
			node: 25
			(x, y, z): (35, 35, 0)
			dem: 0
			earl: 0
			lat: 268
			servt: 0
			pid: 0
			did: 0
			servST: 201.07999999999998
			(h, h_ind): (1, 7)
			load: 0.0
			

Vehicle 4 :
	id: 0
			node: 0
			(x, y, z): (35, 35, 0)
			dem: 0
			earl: 0
			lat: 268
			servt: 0
			pid: 0
			did: 0
			servST: 27.510000000000005
			(h, h_ind): (-1, -1)
			load: 0.0
			
	Finished service at time: 27.510000000000005
	
	Using Machine: 2
			Task 0 -> Machine 2 (Station 0): 4.0
			Vehicle arrival at machine station: 31.510000000000005
			Waiting time until machine travel: 0.0
			Machine travel start time: 31.51000000000001
			Region 0 -> Region 3: 15.0
			Machine arrival at machine station: 46.510000000000005
			
			Machine 2 (Station 3)-> Task 21: 16.16
			Vehicle arrival at task: 62.67
			Waiting time until service start time: -0.0
			
	id: 21
			node: 9
			(x, y, z): (45, 20, 3)
			dem: 11
			earl: 62
			lat: 72
			servt: 10
			pid: 0
			did: 41
			servST: 62.66999999999998
			(h, h_ind): (2, 0)
			load: 11.0
			
	Finished service at time: 72.66999999999999
	
	Using Machine: 2
			Task 21 -> Machine 2 (Station 3): 16.16
			Vehicle arrival at machine station: 88.82999999999998
			Waiting time until machine travel: 0.0
			Machine travel start time: 88.83
			Region 3 -> Region 2: 5.0
			Machine arrival at machine station: 93.83
			
			Machine 2 (Station 2)-> Task 41: 28.16
			Vehicle arrival at task: 121.99
			Waiting time until service start time: -0.0
			
	id: 41
			node: 21
			(x, y, z): (42, 7, 2)
			dem: -11
			earl: 114
			lat: 124
			servt: 10
			pid: 21
			did: 0
			servST: 121.98999999999997
			(h, h_ind): (2, 3)
			load: 0.0
			
	Finished service at time: 131.98999999999995
	
	Using Machine: 0
			Task 41 -> Machine 0 (Station 2): 28.44
			Vehicle arrival at machine station: 160.42999999999995
			Waiting time until machine travel: 0.0
			Machine travel start time: 160.43000000000004
			Region 2 -> Region 0: 10.0
			Machine arrival at machine station: 170.43000000000004
			
			Machine 0 (Station 0)-> Task 0: 2.0
			Vehicle arrival at task: 172.43000000000004
			Waiting time until service start time: -0.0
			
	id: 0
			node: 25
			(x, y, z): (35, 35, 0)
			dem: 0
			earl: 0
			lat: 268
			servt: 0
			pid: 0
			did: 0
			servST: 172.42999999999998
			(h, h_ind): (0, 4)
			load: 0.0
			

Vehicle 5 :
	id: 0
			node: 0
			(x, y, z): (35, 35, 0)
			dem: 0
			earl: 0
			lat: 268
			servt: 0
			pid: 0
			did: 0
			servST: 43.370000000000005
			(h, h_ind): (-1, -1)
			load: 0.0
			
	Finished service at time: 43.370000000000005
	
	Using Machine: 1
			Task 0 -> Machine 1 (Station 0): 2.0
			Vehicle arrival at machine station: 45.370000000000005
			Waiting time until machine travel: 0.0
			Machine travel start time: 45.370000000000005
			Region 0 -> Region 2: 10.0
			Machine arrival at machine station: 55.370000000000005
			
			Machine 1 (Station 2)-> Task 27: 5.39
			Vehicle arrival at task: 60.760000000000005
			Waiting time until service start time: -0.0
			
	id: 27
			node: 11
			(x, y, z): (35, 40, 2)
			dem: 16
			earl: 51
			lat: 61
			servt: 10
			pid: 0
			did: 79
			servST: 60.75999999999999
			(h, h_ind): (1, 2)
			load: 16.0
			
	Finished service at time: 70.75999999999999
	
	Using Machine: 0
			Task 27 -> Machine 0 (Station 2): 5.39
			Vehicle arrival at machine station: 76.14999999999999
			Waiting time until machine travel: 0.0
			Machine travel start time: 76.15
			Region 2 -> Region 0: 10.0
			Machine arrival at machine station: 86.15
			
			Machine 0 (Station 0)-> Task 79: 23.85
			Vehicle arrival at task: 110.0
			Waiting time until service start time: 0.0
			
	id: 79
			node: 23
			(x, y, z): (57, 48, 0)
			dem: -16
			earl: 100
			lat: 110
			servt: 10
			pid: 27
			did: 0
			servST: 110.0
			(h, h_ind): (0, 1)
			load: 0.0
			
	Finished service at time: 120.0
	
	Task 79 -> Task 24: 15.26
	Vehicle arrival at task: 135.26
	Waiting time until service start time: 17.74
	
	id: 24
			node: 10
			(x, y, z): (65, 35, 0)
			dem: 3
			earl: 153
			lat: 163
			servt: 10
			pid: 0
			did: 80
			servST: 153.0
			(h, h_ind): (-1, -1)
			load: 3.0
			
	Finished service at time: 163.0
	
	Using Machine: 2
			Task 24 -> Machine 2 (Station 0): 26.0
			Vehicle arrival at machine station: 189.0
			Waiting time until machine travel: 0.0
			Machine travel start time: 189.0
			Region 0 -> Region 3: 15.0
			Machine arrival at machine station: 204.0
			
			Machine 2 (Station 3)-> Task 80: 17.12
			Vehicle arrival at task: 221.12
			Waiting time until service start time: 0.0
			
	id: 80
			node: 22
			(x, y, z): (56, 37, 3)
			dem: -3
			earl: 212
			lat: 222
			servt: 10
			pid: 24
			did: 0
			servST: 221.12
			(h, h_ind): (2, 6)
			load: 0.0
			
	Finished service at time: 231.12
	
	Using Machine: 0
			Task 80 -> Machine 0 (Station 3): 19.1
			Vehicle arrival at machine station: 250.22
			Waiting time until machine travel: -0.0
			Machine travel start time: 250.21999999999986
			Region 3 -> Region 0: 15.0
			Machine arrival at machine station: 265.21999999999986
			
			Machine 0 (Station 0)-> Task 0: 2.0
			Vehicle arrival at task: 267.21999999999986
			Waiting time until service start time: 0.0
			
	id: 0
			node: 25
			(x, y, z): (35, 35, 0)
			dem: 0
			earl: 0
			lat: 268
			servt: 0
			pid: 0
			did: 0
			servST: 267.22
			(h, h_ind): (0, 5)
			load: 0.0
			

Vehicle 6 :
	id: 0
			node: 0
			(x, y, z): (35, 35, 0)
			dem: 0
			earl: 0
			lat: 268
			servt: 0
			pid: 0
			did: 0
			servST: 15.279999999999923
			(h, h_ind): (-1, -1)
			load: 0.0
			
	Finished service at time: 15.279999999999923
	
	Using Machine: 0
			Task 0 -> Machine 0 (Station 0): 2.0
			Vehicle arrival at machine station: 17.279999999999923
			Waiting time until machine travel: -0.0
			Machine travel start time: 17.27999999999992
			Region 0 -> Region 3: 15.0
			Machine arrival at machine station: 32.279999999999916
			
			Machine 0 (Station 3)-> Task 2: 18.11
			Vehicle arrival at task: 50.389999999999915
			Waiting time until service start time: 0.0
			
	id: 2
			node: 1
			(x, y, z): (35, 17, 3)
			dem: 7
			earl: 50
			lat: 60
			servt: 10
			pid: 0
			did: 73
			servST: 50.38999999999994
			(h, h_ind): (0, 0)
			load: 7.0
			
	Finished service at time: 60.38999999999994
	
	Using Machine: 2
			Task 2 -> Machine 2 (Station 3): 18.44
			Vehicle arrival at machine station: 78.82999999999994
			Waiting time until machine travel: 0.0
			Machine travel start time: 78.82999999999998
			Region 3 -> Region 2: 5.0
			Machine arrival at machine station: 83.82999999999998
			
			Machine 2 (Station 2)-> Task 73: 18.68
			Vehicle arrival at task: 102.50999999999999
			Waiting time until service start time: -0.0
			
	id: 73
			node: 13
			(x, y, z): (44, 17, 2)
			dem: -7
			earl: 93
			lat: 103
			servt: 10
			pid: 2
			did: 0
			servST: 102.50999999999993
			(h, h_ind): (2, 2)
			load: 0.0
			
	Finished service at time: 112.50999999999993
	
	Using Machine: 0
			Task 73 -> Machine 0 (Station 2): 19.31
			Vehicle arrival at machine station: 131.81999999999994
			Waiting time until machine travel: 0.17
			Machine travel start time: 131.9900000000003
			Region 2 -> Region 0: 10.0
			Machine arrival at machine station: 141.9900000000003
			
			Machine 0 (Station 0)-> Task 0: 2.0
			Vehicle arrival at task: 143.9900000000003
			Waiting time until service start time: -0.0
			
	id: 0
			node: 25
			(x, y, z): (35, 35, 0)
			dem: 0
			earl: 0
			lat: 268
			servt: 0
			pid: 0
			did: 0
			servST: 143.99000000000026
			(h, h_ind): (0, 3)
			load: 0.0
			

Vehicle 7 :
	id: 0
			node: 0
			(x, y, z): (35, 35, 0)
			dem: 0
			earl: 0
			lat: 268
			servt: 0
			pid: 0
			did: 0
			servST: 78.75
			(h, h_ind): (-1, -1)
			load: 0.0
			
	Finished service at time: 78.75
	
	Task 0 -> Task 8: 26.25
	Vehicle arrival at task: 105.0
	Waiting time until service start time: 0.0
	
	id: 8
			node: 3
			(x, y, z): (10, 43, 0)
			dem: 9
			earl: 95
			lat: 105
			servt: 10
			pid: 0
			did: 17
			servST: 105.0
			(h, h_ind): (-1, -1)
			load: 9.0
			
	Finished service at time: 115.0
	
	Using Machine: 3
			Task 8 -> Machine 3 (Station 0): 22.47
			Vehicle arrival at machine station: 137.47
			Waiting time until machine travel: -0.0
			Machine travel start time: 137.46999999999997
			Region 0 -> Region 1: 5.0
			Machine arrival at machine station: 142.46999999999997
			
			Machine 3 (Station 1)-> Task 17: 26.48
			Vehicle arrival at task: 168.94999999999996
			Waiting time until service start time: 0.0
			
	id: 17
			node: 15
			(x, y, z): (5, 30, 1)
			dem: -9
			earl: 164
			lat: 174
			servt: 10
			pid: 8
			did: 0
			servST: 168.95
			(h, h_ind): (3, 6)
			load: 0.0
			
	Finished service at time: 178.95
	
	Using Machine: 1
			Task 17 -> Machine 1 (Station 1): 28.44
			Vehicle arrival at machine station: 207.39
			Waiting time until machine travel: 0.0
			Machine travel start time: 207.39000000000004
			Region 1 -> Region 0: 5.0
			Machine arrival at machine station: 212.39000000000004
			
			Machine 1 (Station 0)-> Task 0: 2.0
			Vehicle arrival at task: 214.39000000000004
			Waiting time until service start time: -0.0
			
	id: 0
			node: 25
			(x, y, z): (35, 35, 0)
			dem: 0
			earl: 0
			lat: 268
			servt: 0
			pid: 0
			did: 0
			servST: 214.39
			(h, h_ind): (1, 8)
			load: 0.0
			

Vehicle 8 :
	id: 0
			node: 0
			(x, y, z): (35, 35, 0)
			dem: 0
			earl: 0
			lat: 268
			servt: 0
			pid: 0
			did: 0
			servST: 2.8100000000000023
			(h, h_ind): (-1, -1)
			load: 0.0
			
	Finished service at time: 2.8100000000000023
	
	Using Machine: 1
			Task 0 -> Machine 1 (Station 0): 2.0
			Vehicle arrival at machine station: 4.810000000000002
			Waiting time until machine travel: 0.0
			Machine travel start time: 4.810000000000002
			Region 0 -> Region 2: 10.0
			Machine arrival at machine station: 14.810000000000002
			
			Machine 1 (Station 2)-> Task 14: 30.81
			Vehicle arrival at task: 45.620000000000005
			Waiting time until service start time: 0.0
			
	id: 14
			node: 5
			(x, y, z): (15, 10, 2)
			dem: 20
			earl: 43
			lat: 53
			servt: 10
			pid: 0
			did: 38
			servST: 45.620000000000005
			(h, h_ind): (1, 0)
			load: 20.0
			
	Finished service at time: 55.620000000000005
	
	Using Machine: 3
			Task 14 -> Machine 3 (Station 2): 29.68
			Vehicle arrival at machine station: 85.30000000000001
			Waiting time until machine travel: -0.0
			Machine travel start time: 85.3
			Region 2 -> Region 1: 5.0
			Machine arrival at machine station: 90.3
			
			Machine 3 (Station 1)-> Task 38: 39.7
			Vehicle arrival at task: 130.0
			Waiting time until service start time: 0.0
			
	id: 38
			node: 17
			(x, y, z): (5, 5, 1)
			dem: -20
			earl: 130
			lat: 140
			servt: 10
			pid: 14
			did: 0
			servST: 130.0
			(h, h_ind): (3, 3)
			load: 0.0
			
	Finished service at time: 140.0
	
	Using Machine: 1
			Task 38 -> Machine 1 (Station 1): 41.04
			Vehicle arrival at machine station: 181.04
			Waiting time until machine travel: -0.0
			Machine travel start time: 181.03999999999996
			Region 1 -> Region 0: 5.0
			Machine arrival at machine station: 186.03999999999996
			
			Machine 1 (Station 0)-> Task 0: 2.0
			Vehicle arrival at task: 188.03999999999996
			Waiting time until service start time: 0.0
			
	id: 0
			node: 25
			(x, y, z): (35, 35, 0)
			dem: 0
			earl: 0
			lat: 268
			servt: 0
			pid: 0
			did: 0
			servST: 188.04000000000002
			(h, h_ind): (1, 6)
			load: 0.0
			

Vehicle 9 :
	id: 0
			node: 0
			(x, y, z): (35, 35, 0)
			dem: 0
			earl: 0
			lat: 268
			servt: 0
			pid: 0
			did: 0
			servST: 71.07
			(h, h_ind): (-1, -1)
			load: 0.0
			
	Finished service at time: 71.07
	
	Using Machine: 1
			Task 0 -> Machine 1 (Station 0): 2.0
			Vehicle arrival at machine station: 73.07
			Waiting time until machine travel: 0.0
			Machine travel start time: 73.07000000000005
			Region 0 -> Region 2: 10.0
			Machine arrival at machine station: 83.07000000000005
			
			Machine 1 (Station 2)-> Task 18: 13.93
			Vehicle arrival at task: 97.00000000000006
			Waiting time until service start time: -0.0
			
	id: 18
			node: 8
			(x, y, z): (20, 40, 2)
			dem: 12
			earl: 87
			lat: 97
			servt: 10
			pid: 0
			did: 89
			servST: 97.0
			(h, h_ind): (1, 3)
			load: 12.0
			
	Finished service at time: 107.0
	
	Using Machine: 2
			Task 18 -> Machine 2 (Station 2): 19.65
			Vehicle arrival at machine station: 126.65
			Waiting time until machine travel: 0.0
			Machine travel start time: 126.65
			Region 2 -> Region 1: 5.0
			Machine arrival at machine station: 131.65
			
			Machine 2 (Station 1)-> Task 89: 13.0
			Vehicle arrival at task: 144.65
			Waiting time until service start time: 31.35
			
	id: 89
			node: 20
			(x, y, z): (26, 35, 1)
			dem: -12
			earl: 176
			lat: 186
			servt: 10
			pid: 18
			did: 0
			servST: 176.0
			(h, h_ind): (2, 5)
			load: 0.0
			
	Finished service at time: 186.0
	
	Using Machine: 3
			Task 89 -> Machine 3 (Station 1): 5.0
			Vehicle arrival at machine station: 191.0
			Waiting time until machine travel: 0.0
			Machine travel start time: 191.0
			Region 1 -> Region 0: 5.0
			Machine arrival at machine station: 196.0
			
			Machine 3 (Station 0)-> Task 0: 4.0
			Vehicle arrival at task: 200.0
			Waiting time until service start time: 0.0
			
	id: 0
			node: 25
			(x, y, z): (35, 35, 0)
			dem: 0
			earl: 0
			lat: 268
			servt: 0
			pid: 0
			did: 0
			servST: 200.0
			(h, h_ind): (3, 7)
			load: 0.0
			

Vehicle 10 :
	id: 0
			node: 0
			(x, y, z): (35, 35, 0)
			dem: 0
			earl: 0
			lat: 268
			servt: 0
			pid: 0
			did: 0
			servST: 42.68000000000001
			(h, h_ind): (-1, -1)
			load: 0.0
			
	Finished service at time: 42.68000000000001
	
	Task 0 -> Task 28: 6.32
	Vehicle arrival at task: 49.00000000000001
	Waiting time until service start time: -0.0
	
	id: 28
			node: 12
			(x, y, z): (41, 37, 0)
			dem: 16
			earl: 39
			lat: 49
			servt: 10
			pid: 0
			did: 12
			servST: 49.0
			(h, h_ind): (-1, -1)
			load: 16.0
			
	Finished service at time: 59.0
	
	Using Machine: 2
			Task 28 -> Machine 2 (Station 0): 2.83
			Vehicle arrival at machine station: 61.83
			Waiting time until machine travel: -0.0
			Machine travel start time: 61.82999999999993
			Region 0 -> Region 1: 5.0
			Machine arrival at machine station: 66.82999999999993
			
			Machine 2 (Station 1)-> Task 12: 11.0
			Vehicle arrival at task: 77.82999999999993
			Waiting time until service start time: 0.0
			
	id: 12
			node: 24
			(x, y, z): (50, 35, 1)
			dem: -16
			earl: 70
			lat: 80
			servt: 10
			pid: 28
			did: 0
			servST: 77.83
			(h, h_ind): (2, 1)
			load: 0.0
			
	Finished service at time: 87.83
	
	Using Machine: 2
			Task 12 -> Machine 2 (Station 1): 11.0
			Vehicle arrival at machine station: 98.83
			Waiting time until machine travel: 0.0
			Machine travel start time: 98.83
			Region 1 -> Region 0: 5.0
			Machine arrival at machine station: 103.83
			
			Machine 2 (Station 0)-> Task 0: 4.0
			Vehicle arrival at task: 107.83
			Waiting time until service start time: 0.0
			
	id: 0
			node: 25
			(x, y, z): (35, 35, 0)
			dem: 0
			earl: 0
			lat: 268
			servt: 0
			pid: 0
			did: 0
			servST: 107.83
			(h, h_ind): (2, 4)
			load: 0.0
			

---------------------| MACHINES |---------------------

Machine 0 :
	setup duration: 0.0
	
	vehicle: 6
	vehicleInd: 1
	(orig, dest): (0, 1)
	(origID, destID): (0, 2)
	(origRegion, destRegion): (0, 3)
	st: 17.27999999999992
	duration: 15.0
	
	setup duration: 5.0
	
	vehicle: 5
	vehicleInd: 2
	(orig, dest): (11, 23)
	(origID, destID): (27, 79)
	(origRegion, destRegion): (2, 0)
	st: 76.15
	duration: 10.0
	
	setup duration: 10.0
	
	vehicle: 1
	vehicleInd: 2
	(orig, dest): (4, 16)
	(origID, destID): (11, 20)
	(origRegion, destRegion): (2, 0)
	st: 111.99000000000026
	duration: 10.0
	
	setup duration: 10.0
	
	vehicle: 6
	vehicleInd: 3
	(orig, dest): (13, 25)
	(origID, destID): (73, 0)
	(origRegion, destRegion): (2, 0)
	st: 131.9900000000003
	duration: 10.0
	
	setup duration: 10.0
	
	vehicle: 4
	vehicleInd: 3
	(orig, dest): (21, 25)
	(origID, destID): (41, 0)
	(origRegion, destRegion): (2, 0)
	st: 160.43000000000004
	duration: 10.0
	
	setup duration: 15.0
	
	vehicle: 5
	vehicleInd: 5
	(orig, dest): (22, 25)
	(origID, destID): (80, 0)
	(origRegion, destRegion): (3, 0)
	st: 250.21999999999986
	duration: 15.0
	

Machine 1 :
	setup duration: 0.0
	
	vehicle: 8
	vehicleInd: 1
	(orig, dest): (0, 5)
	(origID, destID): (0, 14)
	(origRegion, destRegion): (0, 2)
	st: 4.810000000000002
	duration: 10.0
	
	setup duration: 10.0
	
	vehicle: 1
	vehicleInd: 1
	(orig, dest): (0, 4)
	(origID, destID): (0, 11)
	(origRegion, destRegion): (0, 2)
	st: 24.810000000000137
	duration: 10.0
	
	setup duration: 10.0
	
	vehicle: 5
	vehicleInd: 1
	(orig, dest): (0, 11)
	(origID, destID): (0, 27)
	(origRegion, destRegion): (0, 2)
	st: 45.370000000000005
	duration: 10.0
	
	setup duration: 10.0
	
	vehicle: 9
	vehicleInd: 1
	(orig, dest): (0, 8)
	(origID, destID): (0, 18)
	(origRegion, destRegion): (0, 2)
	st: 73.07000000000005
	duration: 10.0
	
	setup duration: 5.0
	
	vehicle: 0
	vehicleInd: 3
	(orig, dest): (14, 25)
	(origID, destID): (85, 0)
	(origRegion, destRegion): (3, 0)
	st: 125.44000000000005
	duration: 15.0
	
	setup duration: 15.0
	
	vehicle: 2
	vehicleInd: 3
	(orig, dest): (18, 25)
	(origID, destID): (97, 0)
	(origRegion, destRegion): (3, 0)
	st: 159.12
	duration: 15.0
	
	setup duration: 5.0
	
	vehicle: 8
	vehicleInd: 3
	(orig, dest): (17, 25)
	(origID, destID): (38, 0)
	(origRegion, destRegion): (1, 0)
	st: 181.03999999999996
	duration: 5.0
	
	setup duration: 5.0
	
	vehicle: 3
	vehicleInd: 3
	(orig, dest): (19, 25)
	(origID, destID): (91, 0)
	(origRegion, destRegion): (1, 0)
	st: 194.07999999999998
	duration: 5.0
	
	setup duration: 5.0
	
	vehicle: 7
	vehicleInd: 3
	(orig, dest): (15, 25)
	(origID, destID): (17, 0)
	(origRegion, destRegion): (1, 0)
	st: 207.39000000000004
	duration: 5.0
	

Machine 2 :
	setup duration: 0.0
	
	vehicle: 4
	vehicleInd: 1
	(orig, dest): (0, 9)
	(origID, destID): (0, 21)
	(origRegion, destRegion): (0, 3)
	st: 31.51000000000001
	duration: 15.0
	
	setup duration: 15.0
	
	vehicle: 10
	vehicleInd: 2
	(orig, dest): (12, 24)
	(origID, destID): (28, 12)
	(origRegion, destRegion): (0, 1)
	st: 61.82999999999993
	duration: 5.0
	
	setup duration: 10.0
	
	vehicle: 6
	vehicleInd: 2
	(orig, dest): (1, 13)
	(origID, destID): (2, 73)
	(origRegion, destRegion): (3, 2)
	st: 78.82999999999998
	duration: 5.0
	
	setup duration: 5.0
	
	vehicle: 4
	vehicleInd: 2
	(orig, dest): (9, 21)
	(origID, destID): (21, 41)
	(origRegion, destRegion): (3, 2)
	st: 88.83
	duration: 5.0
	
	setup duration: 5.0
	
	vehicle: 10
	vehicleInd: 3
	(orig, dest): (24, 25)
	(origID, destID): (12, 0)
	(origRegion, destRegion): (1, 0)
	st: 98.83
	duration: 5.0
	
	setup duration: 10.0
	
	vehicle: 9
	vehicleInd: 2
	(orig, dest): (8, 20)
	(origID, destID): (18, 89)
	(origRegion, destRegion): (2, 1)
	st: 126.65
	duration: 5.0
	
	setup duration: 5.0
	
	vehicle: 5
	vehicleInd: 4
	(orig, dest): (10, 22)
	(origID, destID): (24, 80)
	(origRegion, destRegion): (0, 3)
	st: 189.0
	duration: 15.0
	

Machine 3 :
	setup duration: 0.0
	
	vehicle: 0
	vehicleInd: 1
	(orig, dest): (0, 2)
	(origID, destID): (0, 5)
	(origRegion, destRegion): (0, 1)
	st: 15.670000000000087
	duration: 5.0
	
	setup duration: 5.0
	
	vehicle: 3
	vehicleInd: 1
	(orig, dest): (0, 7)
	(origID, destID): (0, 16)
	(origRegion, destRegion): (0, 2)
	st: 49.190000000000055
	duration: 10.0
	
	setup duration: 5.0
	
	vehicle: 0
	vehicleInd: 2
	(orig, dest): (2, 14)
	(origID, destID): (5, 85)
	(origRegion, destRegion): (1, 3)
	st: 64.19000000000005
	duration: 10.0
	
	setup duration: 5.0
	
	vehicle: 8
	vehicleInd: 2
	(orig, dest): (5, 17)
	(origID, destID): (14, 38)
	(origRegion, destRegion): (2, 1)
	st: 85.3
	duration: 5.0
	
	setup duration: 5.0
	
	vehicle: 2
	vehicleInd: 2
	(orig, dest): (6, 18)
	(origID, destID): (15, 97)
	(origRegion, destRegion): (0, 3)
	st: 102.76999999999998
	duration: 15.0
	
	setup duration: 5.0
	
	vehicle: 3
	vehicleInd: 2
	(orig, dest): (7, 19)
	(origID, destID): (16, 91)
	(origRegion, destRegion): (2, 1)
	st: 122.77
	duration: 5.0
	
	setup duration: 5.0
	
	vehicle: 7
	vehicleInd: 2
	(orig, dest): (3, 15)
	(origID, destID): (8, 17)
	(origRegion, destRegion): (0, 1)
	st: 137.46999999999997
	duration: 5.0
	
	setup duration: 0.0
	
	vehicle: 9
	vehicleInd: 3
	(orig, dest): (20, 25)
	(origID, destID): (89, 0)
	(origRegion, destRegion): (1, 0)
	st: 191.0
	duration: 5.0
	

-------------------| COMPL. TIMES |-------------------

Vehicle 0 : 130.77
Vehicle 1 : 171.85
Vehicle 2 : 143.78
Vehicle 3 : 155.89
Vehicle 4 : 144.92
Vehicle 5 : 223.85
Vehicle 6 : 128.71
Vehicle 7 : 135.64
Vehicle 8 : 185.23
Vehicle 9 : 128.93
Vehicle 10 : 65.15
Vehicle 11 : 0.0
-------------------| STATISTICS |-------------------

    Vehicles used                           : 91.6667
    Machines used                           : 100.0
    Max load (vehicles)                     : 76.4706
    Min load (vehicles)                     : 15.3846
    Mean load (vehicles)                    : 37.4451
    Min completion time                     : 24.3097
    Max completion time                     : 83.5261
    Mean completion time                    : 54.7734
    Avrg travel time (with vehicle)         : 45.2425
    Avrg travel time (only with vehicle)    : 25.1866
    Avrg travel time (no vehicle)           : 20.056
    Avrg waiting time (machine travel)      : 0.1263
    Avrg waiting time (service)             : 4.7337
    Machines travel times (with vehicle)    : [46.6418, 57.8358, 41.0448, 35.4478]
    Machines travel times (no vehicle)      : [20.5224, 26.1194, 20.5224, 13.0597]
    Max load per vehicle                    : [76.4706, 27.907, 15.3846, 44.186, 32.3529, 47.0588, 16.2791, 20.9302, 58.8235, 35.2941, 37.2093, 0.0]
----------------------------------------------------

TOTAL: 1614.72

Everything is awesome!
