Set parameter WLSAccessID
Set parameter WLSSecret
Set parameter LicenseID to value 2661775
Academic license 2661775 - for non-commercial use only - registered to me___@dcc.ufba.br
Loading line 2: methodType heur
Loading line 3: methodCode mslp
Loading line 4: seed 0
Loading line 5: threads 1
Loading line 6: greedy_service_order random
Loading line 7: outputFlagGrbMSLP 0
Loading line 8: mslpa 60000
Loading line 9: mslpr I
Loading line 10: maxtime 3600
Loading line 11: output ./logs/
Loading line 12: printsol 1
Loading line 13: solverMethod A
Loading line 14: alpha 0.05 # selected from preliminary experiments
Instance: lr203_t2_12R_12V_04I_03M

[21:36:10.784] Running Data.readData with file /dados/rmelo/PDPTW-SE/benchmark_multi_island_v5/official_experiments/multistartlp/official/set_01_pt_02/../../../../instances/orig_ams_fg/12R_12V_04I_04M/t2/lr203/
vehicles: Vehicle[Vehicle(0, 38), Vehicle(1, 48), Vehicle(2, 58), Vehicle(3, 58), Vehicle(4, 58), Vehicle(5, 38), Vehicle(6, 48), Vehicle(7, 48), Vehicle(8, 38), Vehicle(9, 48), Vehicle(10, 38), Vehicle(11, 48)]
vehicle_types: Vehicle[Vehicle(0, 38), Vehicle(1, 48), Vehicle(2, 58)]
Machine[Machine(0, Point[Point(36, 38, 0), Point(43, 46, 1), Point(32, 61, 2), Point(51, 13, 3)], 1.0), Machine(1, Point[Point(36, 37, 0), Point(45, 45, 1), Point(33, 61, 2), Point(50, 13, 3)], 1.0), Machine(2, Point[Point(32, 40, 0), Point(43, 48, 1), Point(34, 61, 2), Point(48, 12, 3)], 1.0)]
refs: [1, 2, 3, 4, 6, 7, 9, 10, 11, 12, 13, 15, 16, 5, 20, 22, 17, 8, 21, 23, 24, 25, 19, 14, 18, 1]
V: [1, 2, 3, 4, 5, 6, 7, 8, 9, 10, 11, 12, 13, 14, 15, 16, 17, 18, 19, 20, 21, 22, 23, 24, 25]
V_p: [2, 3, 4, 5, 6, 7, 8, 9, 10, 11, 12, 13]
V_d: [14, 15, 16, 17, 18, 19, 20, 21, 22, 23, 24, 25]
Vprime: [1, 2, 3, 4, 5, 6, 7, 8, 9, 10, 11, 12, 13, 14, 15, 16, 17, 18, 19, 20, 21, 22, 23, 24, 25, 26]
V: [1, 2, 3, 4, 5, 6, 7, 8, 9, 10, 11, 12, 13, 14, 15, 16, 17, 18, 19, 20, 21, 22, 23, 24, 25]
q: [0, 10, 7, 13, 16, 12, 8, 12, 17, 9, 29, 6, 16, -10, -7, -13, -16, -12, -8, -12, -17, -9, -29, -6, -16, 0]
H: [1, 2, 3]
f: [[1, 1, 1], [2, 2, 2], [1, 1, 1], [2, 2, 2], [3, 3, 3], [3, 3, 3], [4, 4, 4], [1, 1, 1], [3, 3, 3], [3, 3, 3], [4, 4, 4], [2, 2, 2], [1, 1, 1], [1, 1, 1], [1, 1, 1], [2, 2, 2], [3, 3, 3], [1, 1, 1], [4, 4, 4], [1, 1, 1], [3, 3, 3], [1, 1, 1], [1, 1, 1], [2, 2, 2], [1, 1, 1], [1, 1, 1]]
1 1 1 -> 0.0
1 2 1 -> 10.63
1 3 1 -> 23.35
1 4 1 -> 29.15
2 1 1 -> 10.63
2 2 1 -> 0.0
2 3 1 -> 18.6
2 4 1 -> 33.96
3 1 1 -> 23.35
3 2 1 -> 18.6
3 3 1 -> 0.0
3 4 1 -> 51.62
4 1 1 -> 29.15
4 2 1 -> 33.96
4 3 1 -> 51.62
4 4 1 -> 0.0
1 1 2 -> 0.0
1 2 2 -> 12.04
1 3 2 -> 24.19
1 4 2 -> 27.78
2 1 2 -> 12.04
2 2 2 -> 0.0
2 3 2 -> 20.0
2 4 2 -> 32.39
3 1 2 -> 24.19
3 2 2 -> 20.0
3 3 2 -> 0.0
3 4 2 -> 50.92
4 1 2 -> 27.78
4 2 2 -> 32.39
4 3 2 -> 50.92
4 4 2 -> 0.0
1 1 3 -> 0.0
1 2 3 -> 13.6
1 3 3 -> 21.1
1 4 3 -> 32.25
2 1 3 -> 13.6
2 2 3 -> 0.0
2 3 3 -> 15.81
2 4 3 -> 36.35
3 1 3 -> 21.1
3 2 3 -> 15.81
3 3 3 -> 0.0
3 4 3 -> 50.96
4 1 3 -> 32.25
4 2 3 -> 36.35
4 3 3 -> 50.96
4 4 3 -> 0.0
o: (1, 2, 3) => 13.6
o: (3, 1, 3) => 21.1
o: (3, 2, 3) => 15.81
o: (2, 1, 1) => 10.63
o: (1, 3, 2) => 24.19
o: (1, 4, 2) => 27.78
o: (2, 2, 1) => 0.0
o: (3, 3, 2) => 0.0
o: (3, 4, 2) => 50.92
o: (4, 3, 3) => 50.96
o: (4, 4, 3) => 0.0
o: (1, 3, 1) => 23.35
o: (1, 1, 2) => 0.0
o: (1, 4, 1) => 29.15
o: (3, 3, 1) => 0.0
o: (1, 2, 2) => 12.04
o: (3, 1, 2) => 24.19
o: (3, 4, 1) => 51.62
o: (4, 1, 3) => 32.25
o: (3, 2, 2) => 20.0
o: (4, 2, 3) => 36.35
o: (1, 1, 1) => 0.0
o: (2, 3, 3) => 15.81
o: (2, 4, 3) => 36.35
o: (4, 3, 2) => 50.92
o: (1, 2, 1) => 10.63
o: (3, 1, 1) => 23.35
o: (4, 4, 2) => 0.0
o: (3, 2, 1) => 18.6
o: (2, 1, 3) => 13.6
o: (4, 3, 1) => 51.62
o: (4, 1, 2) => 27.78
o: (4, 4, 1) => 0.0
o: (2, 2, 3) => 0.0
o: (4, 2, 2) => 32.39
o: (2, 3, 2) => 20.0
o: (2, 4, 2) => 32.39
o: (1, 3, 3) => 21.1
o: (1, 4, 3) => 32.25
o: (4, 1, 1) => 29.15
o: (3, 3, 3) => 0.0
o: (3, 4, 3) => 50.96
o: (4, 2, 1) => 33.96
o: (2, 3, 1) => 18.6
o: (2, 1, 2) => 12.04
o: (2, 4, 1) => 33.96
o: (1, 1, 3) => 0.0
o: (2, 2, 2) => 0.0

[88, 1101, 1091, 1047, 1037, 1089, 1105, 53]
JOBS in the order of refs (Vprime)
Node 1: Job(0, Point(35, 35, 0), 0, 0, 1000, 0, 0, 0)
Node 2: Job(1, Point(41, 49, 1), 10, 0, 974, 10, 0, 6)
Node 3: Job(2, Point(35, 17, 0), 7, 0, 972, 10, 0, 58)
Node 4: Job(3, Point(55, 45, 1), 13, 0, 967, 10, 0, 68)
Node 5: Job(10, Point(30, 60, 2), 16, 577, 632, 10, 0, 32)
Node 6: Job(11, Point(20, 65, 2), 12, 206, 325, 10, 0, 13)
Node 7: Job(15, Point(30, 5, 3), 8, 175, 300, 10, 0, 67)
Node 8: Job(18, Point(20, 40, 0), 12, 0, 974, 10, 0, 83)
Node 9: Job(19, Point(15, 60, 2), 17, 0, 957, 10, 0, 90)
Node 10: Job(20, Point(45, 65, 2), 9, 0, 958, 10, 0, 98)
Node 11: Job(23, Point(55, 5, 3), 29, 206, 325, 10, 0, 53)
Node 12: Job(25, Point(65, 20, 1), 6, 817, 956, 10, 0, 24)
Node 13: Job(27, Point(35, 40, 0), 16, 104, 255, 10, 0, 37)
Node 14: Job(6, Point(25, 30, 0), -10, 415, 514, 10, 1, 0)
Node 15: Job(58, Point(36, 26, 0), -7, 849, 980, 10, 2, 0)
Node 16: Job(68, Point(56, 39, 1), -13, 637, 752, 10, 3, 0)
Node 17: Job(32, Point(35, 69, 2), -16, 0, 956, 10, 10, 0)
Node 18: Job(13, Point(30, 25, 0), -12, 690, 827, 10, 11, 0)
Node 19: Job(67, Point(67, 5, 3), -8, 294, 401, 10, 15, 0)
Node 20: Job(83, Point(14, 37, 0), -12, 0, 968, 10, 18, 0)
Node 21: Job(90, Point(31, 67, 2), -17, 0, 957, 10, 19, 0)
Node 22: Job(98, Point(19, 21, 0), -9, 0, 968, 10, 20, 0)
Node 23: Job(53, Point(37, 31, 0), -29, 414, 489, 10, 23, 0)
Node 24: Job(24, Point(65, 35, 1), -6, 0, 960, 10, 25, 0)
Node 25: Job(37, Point(20, 20, 0), -16, 0, 968, 10, 27, 0)
Node 26: Job(0, Point(35, 35, 0), 0, 0, 1000, 0, 0, 0)

### Preprocessing Data ###
	-> arcs: 676 (100.0%)
	-> arc_removals: 241 (35.65%)
	-> arc_removals_is_loop: 26 (3.85%)
	-> arc_removals_is_delivery_to_pickup: 14 (2.07%)
	-> arc_removals_is_depot_begin_to_delivery: 12 (1.78%)
	-> arc_removals_is_pickup_to_depot_end: 12 (1.78%)
	-> arc_removals_is_dest_depot_begin: 24 (3.55%)
	-> arc_removals_is_orig_depot_end: 23 (3.4%)
	-> arc_removals_is_capacity_violated: 0 (0.0%)
	-> arc_removals_is_time_window_limited: 84 (12.43%)
	-> arc_removals_is_time_window_pairing_limited: 39 (5.77%)
	-> arc_removals_is_indirect_request_service_impossible: 7 (1.04%)
	-> gamma_vars: 0 (0%)
	-> feas_gamma_vars: 0 (0%)
	-> infeas_gamma_vars_is_next_mtrv_unreachable: 0 (0%)
	-> infeas_gamma_vars_is_iprime_jprime_eq_i_j: 0 (0%)
	-> machine_removal_for_an_arc: 0 (0.0%)
##########################

[21:36:20.705] Print configuration
------------------------------------------------------
"
[21:36:20.705] Running Multi Start Heuristic"
> Experiment started at 2025-10-15T21:36:20.705
> Instance: lr203_t2_12R_12V_04I_03M
> Algorithm Parameters:


	>Stop params:
		>  - rule ITERATIONS
		>  - argument 60000.0
		>  - maximum_time 3600

	>General params:
		>  - instPath /dados/rmelo/PDPTW-SE/benchmark_multi_island_v5/official_experiments/multistartlp/official/set_01_pt_02/../../../../instances/orig_ams_fg/12R_12V_04I_04M/t2/lr203/
		>  - name lr203
		>  - type t2
		>  - group 12R_12V_04I_03M
		>  - fullname lr203_t2_12R_12V_04I_03M
		>  - methodType heur
		>  - methodCode mslp
		>  - genconfigfile /dados/rmelo/PDPTW-SE/benchmark_multi_island_v5/official_experiments/multistartlp/official/set_01_pt_02/configs/genconfig_mslp.conf
		>  - genconfigfilename genconfig_mslp
		>  - greedy_service_order random
		>  - cutoff 0
		>  - cutoffmachs 3
		>  - num_machs 0
		>  - solver Gurobi
		>  - maxtime 3600
		>  - gurobiCuts 1
		>  - typeUserCut 0
		>  - mipPresolve -1
		>  - printsol 1
		>  - maxnodes -1
		>  - elevator 0
		>  - make_instance_feasible false
		>  - output /dados/rmelo/PDPTW-SE/benchmark_multi_island_v5/official_experiments/multistartlp/official/set_01_pt_02/logs
		>  - suff_outputs _seed_126
		>  - suff_csv _bash_2
		>  - epsilon 0.005
		>  - epsilonCap 0.5
		>  - warmStart false
		>  - seed 126
		>  - rng Random.MersenneTwister(126)
		>  - alpha 0.05
		>  - maxiter 1000000
		>  - outputFlagGrbMIP 0
		>  - outputFlagGrbMSLP 0
		>  - outputFlagGrbLMNS 0
		>  - mslpr I
		>  - mslpa 60000
		>  - lmnsr M
		>  - lmnsa 60
		>  - lmnsRepairTime 30.0
		>  - lmnsMIPFocus 0
		>  - lmnsGapToBiggerDestruction 50
		>  - lmnsGapToSmallerDestruction 95
		>  - lmnsWeightShawDistProx 1.0
		>  - lmnsWeightShawEarlProx 1.0
		>  - lmnsWeightShawSameRoute 1.0
		>  - lmnsWeightShawDemandSim 1.0
		>  - lmnsReqRApplyMIPStart true
		>  - lmnsAcceptanceCriteria H
		>  - lmnsMetropolisTemp 100.0
		>  - lmnsSimulatedAnnealingTemp 100.0
		>  - lmnsSimulatedAnnealingCool 0.95
		>  - mipmaxtime 3600
		>  - csvfilename /dados/rmelo/PDPTW-SE/benchmark_multi_island_v5/official_experiments/multistartlp/official/set_01_pt_02/logs/heur_mslp/outputs/csvresults_heur_mslp_bash_2.csv
		>  - solfilename /dados/rmelo/PDPTW-SE/benchmark_multi_island_v5/official_experiments/multistartlp/official/set_01_pt_02/logs/heur_mslp/solutions/12R_12V_04I_03M/lr203_sol_genconfig_mslp_seed_126.txt
		>  - timelineFilename /dados/rmelo/PDPTW-SE/benchmark_multi_island_v5/official_experiments/multistartlp/official/set_01_pt_02/logs/heur_mslp/timelines/12R_12V_04I_03M/lr203_timeline_genconfig_mslp_seed_126.txt
		>  - grbFilename /dados/rmelo/PDPTW-SE/benchmark_multi_island_v5/official_experiments/multistartlp/official/set_01_pt_02/logs/heur_mslp/gurobi/12R_12V_04I_03M/lr203_grb_genconfig_mslp_seed_126.log
		>  - threads 1
		>  - solverMethod AUTOMATIC

------------------------------------------------------

[21:36:20.809] Starting running MSLP
objValue;greedysol;iteration;time
1228.82;1367.97;1;0.035104
1120.97;1297.35;5;0.333572
1099.24;1382.22;14;0.377182
1056.95;1356.10;32;0.484937
1003.41;1344.93;70;0.671499
1002.23;1371.19;372;2.216375
987.74;1344.93;493;2.798818
980.45;1351.99;962;5.088759
938.50;1344.93;1155;6.003505
931.43;1344.93;4740;23.289957
926.67;1344.93;17580;84.543403
919.37;1407.81;24240;116.286994
916.24;1357.81;25833;123.941529
910.46;1375.82;56821;271.422559

[21:41:34.838] Finished running MSLP
System CPU time: 26.60 seconds

[21:41:34.908] Post running MSLP
Best solution value: 910.46
Total time elapsed: 286.564329
Time to best: 271.422559
Iterations: 60000
Iterations to best: 56821
Improvements: 14
Infeasible solutions percentage: (0 / 60000) = 0.0000 %
(LP improvements)/(LP runs) = 60000/60000 = 100.0000 %
Mean LP improvement percentage: 14.3931 %
[21:41:35.156] Writing results to CSV file: /dados/rmelo/PDPTW-SE/benchmark_multi_island_v5/official_experiments/multistartlp/official/set_01_pt_02/logs/heur_mslp/outputs/csvresults_heur_mslp_bash_2.csv

[21:41:37.248] Saving solution to file:/dados/rmelo/PDPTW-SE/benchmark_multi_island_v5/official_experiments/multistartlp/official/set_01_pt_02/logs/heur_mslp/solutions/12R_12V_04I_03M/lr203_sol_genconfig_mslp_seed_126.txt

[21:41:37.248] Saving solution timeline to file: /dados/rmelo/PDPTW-SE/benchmark_multi_island_v5/official_experiments/multistartlp/official/set_01_pt_02/logs/heur_mslp/timelines/12R_12V_04I_03M/lr203_timeline_genconfig_mslp_seed_126.txt
---------------------| VEHICLES |---------------------

Vehicle 0 :
	id: 0
		node: 1
		(x, y, z): (35, 35, 0)
		dem: 0
		earl: 0
		lat: 1000
		servt: 0
		pid: 0
		did: 0
		servST: 285.84
		(h, h_ind): (-1, 0)
		load: 0.0

	Finished service at time: 285.84

	Using Machine: 0
		Task 0 -> Machine 0 (Station 1): 3.16
		Vehicle arrival at machine station: 289.0
		Waiting time until machine travel: 0.0

		Machine travel start time: 289.0
		Region 0 -> Region 2: 23.35
		Machine arrival at machine station: 312.35

		Machine 0 (Station 3)-> Task 11: 12.65
		Vehicle arrival at task: 325.0
		Waiting time until service start time: 0.0

	id: 11
		node: 6
		(x, y, z): (20, 65, 2)
		dem: 12
		earl: 206
		lat: 325
		servt: 10
		pid: 0
		did: 13
		servST: 325.0
		(h, h_ind): (0, 1)
		load: 12.0

	Finished service at time: 335.0

	Task 11 -> Task 19: 7.07
	Vehicle arrival at task: 342.07
	Waiting time until service start time: 0.0

	id: 19
		node: 9
		(x, y, z): (15, 60, 2)
		dem: 17
		earl: 0
		lat: 957
		servt: 10
		pid: 0
		did: 90
		servST: 342.07
		(h, h_ind): (-1, 0)
		load: 29.0

	Finished service at time: 352.07

	Task 19 -> Task 90: 17.46
	Vehicle arrival at task: 369.53
	Waiting time until service start time: 0.0

	id: 90
		node: 21
		(x, y, z): (31, 67, 2)
		dem: -17
		earl: 0
		lat: 957
		servt: 10
		pid: 19
		did: 0
		servST: 369.53
		(h, h_ind): (-1, 0)
		load: 12.0

	Finished service at time: 379.53

	Task 90 -> Task 20: 14.14
	Vehicle arrival at task: 393.66999999999996
	Waiting time until service start time: 0.0

	id: 20
		node: 10
		(x, y, z): (45, 65, 2)
		dem: 9
		earl: 0
		lat: 958
		servt: 10
		pid: 0
		did: 98
		servST: 393.66999999999996
		(h, h_ind): (-1, 0)
		load: 21.0

	Finished service at time: 403.66999999999996

	Using Machine: 2
		Task 20 -> Machine 2 (Station 3): 11.7
		Vehicle arrival at machine station: 415.36999999999995
		Waiting time until machine travel: 0.0

		Machine travel start time: 415.36999999999995
		Region 2 -> Region 1: 15.81
		Machine arrival at machine station: 431.17999999999995

		Machine 2 (Station 2)-> Task 1: 2.24
		Vehicle arrival at task: 433.41999999999996
		Waiting time until service start time: 0.0

	id: 1
		node: 2
		(x, y, z): (41, 49, 1)
		dem: 10
		earl: 0
		lat: 974
		servt: 10
		pid: 0
		did: 6
		servST: 433.41999999999996
		(h, h_ind): (2, 1)
		load: 31.0

	Finished service at time: 443.41999999999996

	Using Machine: 0
		Task 1 -> Machine 0 (Station 2): 3.61
		Vehicle arrival at machine station: 447.03
		Waiting time until machine travel: 0.0

		Machine travel start time: 447.03
		Region 1 -> Region 0: 10.63
		Machine arrival at machine station: 457.65999999999997

		Machine 0 (Station 1)-> Task 6: 13.6
		Vehicle arrival at task: 471.26
		Waiting time until service start time: 0.0

	id: 6
		node: 14
		(x, y, z): (25, 30, 0)
		dem: -10
		earl: 415
		lat: 514
		servt: 10
		pid: 1
		did: 0
		servST: 471.26
		(h, h_ind): (0, 2)
		load: 21.0

	Finished service at time: 481.26

	Task 6 -> Task 18: 11.18
	Vehicle arrival at task: 492.44
	Waiting time until service start time: 0.0

	id: 18
		node: 8
		(x, y, z): (20, 40, 0)
		dem: 12
		earl: 0
		lat: 974
		servt: 10
		pid: 0
		did: 83
		servST: 492.44
		(h, h_ind): (-1, 0)
		load: 33.0

	Finished service at time: 502.44

	Task 18 -> Task 83: 6.71
	Vehicle arrival at task: 509.15
	Waiting time until service start time: 0.0

	id: 83
		node: 20
		(x, y, z): (14, 37, 0)
		dem: -12
		earl: 0
		lat: 968
		servt: 10
		pid: 18
		did: 0
		servST: 509.15
		(h, h_ind): (-1, 0)
		load: 21.0

	Finished service at time: 519.15

	Using Machine: 2
		Task 83 -> Machine 2 (Station 1): 18.25
		Vehicle arrival at machine station: 537.4
		Waiting time until machine travel: 0.0

		Machine travel start time: 537.4
		Region 0 -> Region 2: 21.1
		Machine arrival at machine station: 558.5

		Machine 2 (Station 3)-> Task 10: 4.12
		Vehicle arrival at task: 562.62
		Waiting time until service start time: 14.38

	id: 10
		node: 5
		(x, y, z): (30, 60, 2)
		dem: 16
		earl: 577
		lat: 632
		servt: 10
		pid: 0
		did: 32
		servST: 577.0
		(h, h_ind): (2, 2)
		load: 37.0

	Finished service at time: 587.0

	Task 10 -> Task 32: 10.3
	Vehicle arrival at task: 597.3
	Waiting time until service start time: 0.0

	id: 32
		node: 17
		(x, y, z): (35, 69, 2)
		dem: -16
		earl: 0
		lat: 956
		servt: 10
		pid: 10
		did: 0
		servST: 597.3
		(h, h_ind): (-1, 0)
		load: 21.0

	Finished service at time: 607.3

	Using Machine: 2
		Task 32 -> Machine 2 (Station 3): 8.06
		Vehicle arrival at machine station: 615.3599999999999
		Waiting time until machine travel: 0.0

		Machine travel start time: 615.3599999999999
		Region 2 -> Region 1: 15.81
		Machine arrival at machine station: 631.1699999999998

		Machine 2 (Station 2)-> Task 3: 12.37
		Vehicle arrival at task: 643.5399999999998
		Waiting time until service start time: 0.0

	id: 3
		node: 4
		(x, y, z): (55, 45, 1)
		dem: 13
		earl: 0
		lat: 967
		servt: 10
		pid: 0
		did: 68
		servST: 643.5399999999998
		(h, h_ind): (2, 3)
		load: 34.0

	Finished service at time: 653.5399999999998

	Task 3 -> Task 68: 6.08
	Vehicle arrival at task: 659.6199999999999
	Waiting time until service start time: 0.0

	id: 68
		node: 16
		(x, y, z): (56, 39, 1)
		dem: -13
		earl: 637
		lat: 752
		servt: 10
		pid: 3
		did: 0
		servST: 659.6199999999999
		(h, h_ind): (-1, 0)
		load: 21.0

	Finished service at time: 669.6199999999999

	Using Machine: 1
		Task 68 -> Machine 1 (Station 2): 12.53
		Vehicle arrival at machine station: 682.1499999999999
		Waiting time until machine travel: 0.0

		Machine travel start time: 682.1499999999999
		Region 1 -> Region 0: 12.04
		Machine arrival at machine station: 694.1899999999998

		Machine 1 (Station 1)-> Task 98: 23.35
		Vehicle arrival at task: 717.5399999999998
		Waiting time until service start time: 0.0

	id: 98
		node: 22
		(x, y, z): (19, 21, 0)
		dem: -9
		earl: 0
		lat: 968
		servt: 10
		pid: 20
		did: 0
		servST: 717.5399999999998
		(h, h_ind): (1, 3)
		load: 12.0

	Finished service at time: 727.5399999999998

	Task 98 -> Task 13: 11.7
	Vehicle arrival at task: 739.2399999999999
	Waiting time until service start time: 0.0

	id: 13
		node: 18
		(x, y, z): (30, 25, 0)
		dem: -12
		earl: 690
		lat: 827
		servt: 10
		pid: 11
		did: 0
		servST: 739.2399999999999
		(h, h_ind): (-1, 0)
		load: 0.0

	Finished service at time: 749.2399999999999

	Using Machine: 1
		Task 13 -> Machine 1 (Station 1): 13.42
		Vehicle arrival at machine station: 762.6599999999999
		Waiting time until machine travel: 0.0

		Machine travel start time: 762.6599999999999
		Region 0 -> Region 1: 12.04
		Machine arrival at machine station: 774.6999999999998

		Machine 1 (Station 2)-> Task 25: 32.02
		Vehicle arrival at task: 806.7199999999998
		Waiting time until service start time: 10.28

	id: 25
		node: 12
		(x, y, z): (65, 20, 1)
		dem: 6
		earl: 817
		lat: 956
		servt: 10
		pid: 0
		did: 24
		servST: 817.0
		(h, h_ind): (1, 4)
		load: 6.0

	Finished service at time: 827.0

	Task 25 -> Task 24: 15.0
	Vehicle arrival at task: 842.0
	Waiting time until service start time: 0.0

	id: 24
		node: 24
		(x, y, z): (65, 35, 1)
		dem: -6
		earl: 0
		lat: 960
		servt: 10
		pid: 25
		did: 0
		servST: 842.0
		(h, h_ind): (-1, 0)
		load: 0.0

	Finished service at time: 852.0

	Using Machine: 1
		Task 24 -> Machine 1 (Station 2): 22.36
		Vehicle arrival at machine station: 874.36
		Waiting time until machine travel: 0.0

		Machine travel start time: 874.36
		Region 1 -> Region 0: 12.04
		Machine arrival at machine station: 886.4

		Machine 1 (Station 1)-> Task 2: 20.02
		Vehicle arrival at task: 906.42
		Waiting time until service start time: 0.0

	id: 2
		node: 3
		(x, y, z): (35, 17, 0)
		dem: 7
		earl: 0
		lat: 972
		servt: 10
		pid: 0
		did: 58
		servST: 906.4200000000001
		(h, h_ind): (1, 5)
		load: 7.0

	Finished service at time: 916.4200000000001

	Task 2 -> Task 58: 9.06
	Vehicle arrival at task: 925.48
	Waiting time until service start time: 0.0

	id: 58
		node: 15
		(x, y, z): (36, 26, 0)
		dem: -7
		earl: 849
		lat: 980
		servt: 10
		pid: 2
		did: 0
		servST: 925.48
		(h, h_ind): (-1, 0)
		load: 0.0

	Finished service at time: 935.48

	Task 58 -> Task 0: 9.06
	Vehicle arrival at task: 944.54
	Waiting time until service start time: 0.0

	id: 0
		node: 26
		(x, y, z): (35, 35, 0)
		dem: 0
		earl: 0
		lat: 1000
		servt: 0
		pid: 0
		did: 0
		servST: 944.54
		(h, h_ind): (-1, 0)
		load: 0.0


Vehicle 2 :
	id: 0
		node: 1
		(x, y, z): (35, 35, 0)
		dem: 0
		earl: 0
		lat: 1000
		servt: 0
		pid: 0
		did: 0
		servST: 179.52
		(h, h_ind): (-1, 0)
		load: 0.0

	Finished service at time: 179.52

	Task 0 -> Task 27: 5.0
	Vehicle arrival at task: 184.52
	Waiting time until service start time: 0.0

	id: 27
		node: 13
		(x, y, z): (35, 40, 0)
		dem: 16
		earl: 104
		lat: 255
		servt: 10
		pid: 0
		did: 37
		servST: 184.52
		(h, h_ind): (-1, 0)
		load: 16.0

	Finished service at time: 194.52

	Using Machine: 1
		Task 27 -> Machine 1 (Station 1): 3.16
		Vehicle arrival at machine station: 197.68
		Waiting time until machine travel: 0.0

		Machine travel start time: 197.68
		Region 0 -> Region 3: 27.78
		Machine arrival at machine station: 225.46

		Machine 1 (Station 4)-> Task 15: 21.54
		Vehicle arrival at task: 247.0
		Waiting time until service start time: 0.0

	id: 15
		node: 7
		(x, y, z): (30, 5, 3)
		dem: 8
		earl: 175
		lat: 300
		servt: 10
		pid: 0
		did: 67
		servST: 247.0
		(h, h_ind): (1, 1)
		load: 24.0

	Finished service at time: 257.0

	Task 15 -> Task 67: 37.0
	Vehicle arrival at task: 294.0
	Waiting time until service start time: 0.0

	id: 67
		node: 19
		(x, y, z): (67, 5, 3)
		dem: -8
		earl: 294
		lat: 401
		servt: 10
		pid: 15
		did: 0
		servST: 294.0
		(h, h_ind): (-1, 0)
		load: 16.0

	Finished service at time: 304.0

	Task 67 -> Task 23: 12.0
	Vehicle arrival at task: 316.0
	Waiting time until service start time: 0.0

	id: 23
		node: 11
		(x, y, z): (55, 5, 3)
		dem: 29
		earl: 206
		lat: 325
		servt: 10
		pid: 0
		did: 53
		servST: 316.0
		(h, h_ind): (-1, 0)
		load: 45.0

	Finished service at time: 326.0

	Using Machine: 1
		Task 23 -> Machine 1 (Station 4): 9.43
		Vehicle arrival at machine station: 335.43
		Waiting time until machine travel: 0.0

		Machine travel start time: 335.43
		Region 3 -> Region 0: 27.78
		Machine arrival at machine station: 363.21000000000004

		Machine 1 (Station 1)-> Task 37: 23.35
		Vehicle arrival at task: 386.56000000000006
		Waiting time until service start time: -0.0

	id: 37
		node: 25
		(x, y, z): (20, 20, 0)
		dem: -16
		earl: 0
		lat: 968
		servt: 10
		pid: 27
		did: 0
		servST: 386.56
		(h, h_ind): (1, 2)
		load: 29.0

	Finished service at time: 396.56

	Task 37 -> Task 53: 20.25
	Vehicle arrival at task: 416.81
	Waiting time until service start time: 0.0

	id: 53
		node: 23
		(x, y, z): (37, 31, 0)
		dem: -29
		earl: 414
		lat: 489
		servt: 10
		pid: 23
		did: 0
		servST: 416.81
		(h, h_ind): (-1, 0)
		load: 0.0

	Finished service at time: 426.81

	Task 53 -> Task 0: 4.47
	Vehicle arrival at task: 431.28000000000003
	Waiting time until service start time: -0.0

	id: 0
		node: 26
		(x, y, z): (35, 35, 0)
		dem: 0
		earl: 0
		lat: 1000
		servt: 0
		pid: 0
		did: 0
		servST: 431.28
		(h, h_ind): (-1, 0)
		load: 0.0


---------------------| MACHINES |---------------------

Machine 0 :
	setup duration: 0.0

	vehicle: 0
	vehicleInd: 2
	(orig, dest): (0, 11)
	(origRegion, destRegion): (0, 2)
	st: 289.0
	duration: 23.35

	setup duration: 18.6

	vehicle: 0
	vehicleInd: 7
	(orig, dest): (1, 6)
	(origRegion, destRegion): (1, 0)
	st: 447.03
	duration: 10.63


Machine 1 :
	setup duration: 0.0

	vehicle: 2
	vehicleInd: 3
	(orig, dest): (27, 15)
	(origRegion, destRegion): (0, 3)
	st: 197.68
	duration: 27.78

	setup duration: 0.0

	vehicle: 2
	vehicleInd: 6
	(orig, dest): (23, 37)
	(origRegion, destRegion): (3, 0)
	st: 335.43
	duration: 27.78

	setup duration: 12.04

	vehicle: 0
	vehicleInd: 14
	(orig, dest): (68, 98)
	(origRegion, destRegion): (1, 0)
	st: 682.1499999999999
	duration: 12.04

	setup duration: 0.0

	vehicle: 0
	vehicleInd: 16
	(orig, dest): (13, 25)
	(origRegion, destRegion): (0, 1)
	st: 762.6599999999999
	duration: 12.04

	setup duration: 0.0

	vehicle: 0
	vehicleInd: 18
	(orig, dest): (24, 2)
	(origRegion, destRegion): (1, 0)
	st: 874.36
	duration: 12.04


Machine 2 :
	setup duration: 21.1

	vehicle: 0
	vehicleInd: 6
	(orig, dest): (20, 1)
	(origRegion, destRegion): (2, 1)
	st: 415.36999999999995
	duration: 15.81

	setup duration: 13.6

	vehicle: 0
	vehicleInd: 10
	(orig, dest): (83, 10)
	(origRegion, destRegion): (0, 2)
	st: 537.4
	duration: 21.1

	setup duration: 0.0

	vehicle: 0
	vehicleInd: 12
	(orig, dest): (32, 3)
	(origRegion, destRegion): (2, 1)
	st: 615.3599999999999
	duration: 15.81


-------------------| COMPL. TIMES |-------------------

Vehicle 0 : 658.7
Vehicle 1 : 0.0
Vehicle 2 : 251.75999999999996
Vehicle 3 : 0.0
Vehicle 4 : 0.0
Vehicle 5 : 0.0
Vehicle 6 : 0.0
Vehicle 7 : 0.0
Vehicle 8 : 0.0
Vehicle 9 : 0.0
Vehicle 10 : 0.0
Vehicle 11 : 0.0
-------------------| STATISTICS |-------------------

    Vehicles used                           : 16.6667
    Machines used                           : 100.0
    Max load (vehicles)                     : 97.3684
    Min load (vehicles)                     : 77.5862
    Mean load (vehicles)                    : 87.4773
    Min completion time                     : 25.176
    Max completion time                     : 65.87
    Mean completion time                    : 45.523
    Avrg travel time (with vehicle)         : 8.124
    Avrg travel time (only with vehicle)    : 5.946
    Avrg travel time (no vehicle)           : 2.178
    Avrg waiting time (machine travel)      : 0.0
    Avrg waiting time (service)             : 1.8719
    Machines travel times (with vehicle)    : [5.258, 10.372, 8.742]
    Machines travel times (no vehicle)      : [1.86, 1.204, 3.47]
    Max load per vehicle                    : [97.3684, 0.0, 77.5862, 0.0, 0.0, 0.0, 0.0, 0.0, 0.0, 0.0, 0.0, 0.0]

----------------------------------------------------

TOTAL: 910.46

Everything is awesome!
