Set parameter WLSAccessID
Set parameter WLSSecret
Set parameter LicenseID to value 2661775
Academic license 2661775 - for non-commercial use only - registered to me___@dcc.ufba.br
Loading line 2: methodType heur
Loading line 3: methodCode mslp
Loading line 4: seed 0
Loading line 5: threads 1
Loading line 6: greedy_service_order random
Loading line 7: outputFlagGrbMSLP 0
Loading line 8: mslpa 60000
Loading line 9: mslpr I
Loading line 10: maxtime 3600
Loading line 11: output ./logs/
Loading line 12: printsol 1
Loading line 13: solverMethod A
Instance: LR2_2_7_t2_60R_60V_04F_05M

[01:54:50.451] Running Data.readData with file /dados/rmelo/PDPTW-SE/benchmark_multi_floor_v3/official_experiments/multistartlp/preliminar/set_01_pt_03/../../../../instances/orig_ams_fg/60R_60V_04F_06M/t2/LR2_2_7/
vehicles: Vehicle[Vehicle(0, 52), Vehicle(1, 65), Vehicle(2, 78), Vehicle(3, 78), Vehicle(4, 52), Vehicle(5, 65), Vehicle(6, 78), Vehicle(7, 65), Vehicle(8, 78), Vehicle(9, 78), Vehicle(10, 78), Vehicle(11, 52), Vehicle(12, 52), Vehicle(13, 78), Vehicle(14, 65), Vehicle(15, 65), Vehicle(16, 65), Vehicle(17, 78), Vehicle(18, 78), Vehicle(19, 78), Vehicle(20, 52), Vehicle(21, 65), Vehicle(22, 52), Vehicle(23, 52), Vehicle(24, 65), Vehicle(25, 65), Vehicle(26, 65), Vehicle(27, 78), Vehicle(28, 78), Vehicle(29, 65), Vehicle(30, 52), Vehicle(31, 65), Vehicle(32, 52), Vehicle(33, 78), Vehicle(34, 52), Vehicle(35, 65), Vehicle(36, 65), Vehicle(37, 65), Vehicle(38, 78), Vehicle(39, 78), Vehicle(40, 78), Vehicle(41, 65), Vehicle(42, 78), Vehicle(43, 52), Vehicle(44, 65), Vehicle(45, 78), Vehicle(46, 78), Vehicle(47, 65), Vehicle(48, 65), Vehicle(49, 78), Vehicle(50, 65), Vehicle(51, 52), Vehicle(52, 65), Vehicle(53, 65), Vehicle(54, 78), Vehicle(55, 78), Vehicle(56, 65), Vehicle(57, 52), Vehicle(58, 52), Vehicle(59, 78)]
vehicle_types: Vehicle[Vehicle(0, 52), Vehicle(1, 65), Vehicle(2, 78)]
Machine[Machine(0, Point[Point(71, 71, 0), Point(71, 71, 1), Point(71, 71, 2), Point(71, 71, 3)], 0.2), Machine(1, Point[Point(73, 71, 0), Point(73, 71, 1), Point(73, 71, 2), Point(73, 71, 3)], 0.2), Machine(2, Point[Point(69, 71, 0), Point(69, 71, 1), Point(69, 71, 2), Point(69, 71, 3)], 0.2), Machine(3, Point[Point(75, 71, 0), Point(75, 71, 1), Point(75, 71, 2), Point(75, 71, 3)], 0.2), Machine(4, Point[Point(67, 71, 0), Point(67, 71, 1), Point(67, 71, 2), Point(67, 71, 3)], 0.2)]
refs: [1, 2, 3, 4, 6, 7, 8, 9, 11, 12, 17, 21, 22, 23, 24, 26, 27, 28, 30, 31, 33, 34, 35, 36, 39, 40, 42, 43, 48, 50, 54, 55, 56, 57, 62, 63, 65, 66, 68, 69, 75, 76, 77, 78, 79, 80, 84, 85, 87, 88, 89, 92, 94, 95, 96, 97, 98, 99, 100, 103, 105, 91, 82, 19, 119, 108, 70, 61, 112, 44, 109, 93, 74, 116, 64, 14, 107, 120, 25, 32, 18, 60, 121, 37, 15, 113, 106, 41, 10, 73, 67, 102, 47, 110, 38, 114, 81, 5, 101, 71, 104, 20, 16, 83, 52, 118, 49, 29, 51, 72, 117, 45, 111, 86, 58, 53, 59, 13, 90, 115, 46, 1]
V: [1, 2, 3, 4, 5, 6, 7, 8, 9, 10, 11, 12, 13, 14, 15, 16, 17, 18, 19, 20, 21, 22, 23, 24, 25, 26, 27, 28, 29, 30, 31, 32, 33, 34, 35, 36, 37, 38, 39, 40, 41, 42, 43, 44, 45, 46, 47, 48, 49, 50, 51, 52, 53, 54, 55, 56, 57, 58, 59, 60, 61, 62, 63, 64, 65, 66, 67, 68, 69, 70, 71, 72, 73, 74, 75, 76, 77, 78, 79, 80, 81, 82, 83, 84, 85, 86, 87, 88, 89, 90, 91, 92, 93, 94, 95, 96, 97, 98, 99, 100, 101, 102, 103, 104, 105, 106, 107, 108, 109, 110, 111, 112, 113, 114, 115, 116, 117, 118, 119, 120, 121]
V_p: [2, 3, 4, 5, 6, 7, 8, 9, 10, 11, 12, 13, 14, 15, 16, 17, 18, 19, 20, 21, 22, 23, 24, 25, 26, 27, 28, 29, 30, 31, 32, 33, 34, 35, 36, 37, 38, 39, 40, 41, 42, 43, 44, 45, 46, 47, 48, 49, 50, 51, 52, 53, 54, 55, 56, 57, 58, 59, 60, 61]
V_d: [62, 63, 64, 65, 66, 67, 68, 69, 70, 71, 72, 73, 74, 75, 76, 77, 78, 79, 80, 81, 82, 83, 84, 85, 86, 87, 88, 89, 90, 91, 92, 93, 94, 95, 96, 97, 98, 99, 100, 101, 102, 103, 104, 105, 106, 107, 108, 109, 110, 111, 112, 113, 114, 115, 116, 117, 118, 119, 120, 121]
Vprime: [1, 2, 3, 4, 5, 6, 7, 8, 9, 10, 11, 12, 13, 14, 15, 16, 17, 18, 19, 20, 21, 22, 23, 24, 25, 26, 27, 28, 29, 30, 31, 32, 33, 34, 35, 36, 37, 38, 39, 40, 41, 42, 43, 44, 45, 46, 47, 48, 49, 50, 51, 52, 53, 54, 55, 56, 57, 58, 59, 60, 61, 62, 63, 64, 65, 66, 67, 68, 69, 70, 71, 72, 73, 74, 75, 76, 77, 78, 79, 80, 81, 82, 83, 84, 85, 86, 87, 88, 89, 90, 91, 92, 93, 94, 95, 96, 97, 98, 99, 100, 101, 102, 103, 104, 105, 106, 107, 108, 109, 110, 111, 112, 113, 114, 115, 116, 117, 118, 119, 120, 121, 122]
V: [1, 2, 3, 4, 5, 6, 7, 8, 9, 10, 11, 12, 13, 14, 15, 16, 17, 18, 19, 20, 21, 22, 23, 24, 25, 26, 27, 28, 29, 30, 31, 32, 33, 34, 35, 36, 37, 38, 39, 40, 41, 42, 43, 44, 45, 46, 47, 48, 49, 50, 51, 52, 53, 54, 55, 56, 57, 58, 59, 60, 61, 62, 63, 64, 65, 66, 67, 68, 69, 70, 71, 72, 73, 74, 75, 76, 77, 78, 79, 80, 81, 82, 83, 84, 85, 86, 87, 88, 89, 90, 91, 92, 93, 94, 95, 96, 97, 98, 99, 100, 101, 102, 103, 104, 105, 106, 107, 108, 109, 110, 111, 112, 113, 114, 115, 116, 117, 118, 119, 120, 121]
q: [0, 7, 20, 14, 27, 22, 13, 8, 13, 9, 22, 19, 5, 8, 13, 13, 21, 12, 11, 13, 12, 24, 8, 20, 15, 6, 15, 20, 22, 26, 10, 9, 13, 16, 19, 17, 12, 9, 9, 29, 39, 9, 7, 20, 15, 25, 23, 4, 32, 16, 20, 26, 35, 13, 33, 11, 10, 23, 18, 16, 20, -7, -20, -14, -27, -22, -13, -8, -13, -9, -22, -19, -5, -8, -13, -13, -21, -12, -11, -13, -12, -24, -8, -20, -15, -6, -15, -20, -22, -26, -10, -9, -13, -16, -19, -17, -12, -9, -9, -29, -39, -9, -7, -20, -15, -25, -23, -4, -32, -16, -20, -26, -35, -13, -33, -11, -10, -23, -18, -16, -20, 0]
H: [1, 2, 3, 4, 5]
f: [[1, 1, 1, 1, 1], [3, 3, 3, 3, 3], [1, 1, 1, 1, 1], [1, 1, 1, 1, 1], [2, 2, 2, 2, 2], [2, 2, 2, 2, 2], [2, 2, 2, 2, 2], [2, 2, 2, 2, 2], [4, 4, 4, 4, 4], [4, 4, 4, 4, 4], [4, 4, 4, 4, 4], [4, 4, 4, 4, 4], [4, 4, 4, 4, 4], [1, 1, 1, 1, 1], [2, 2, 2, 2, 2], [4, 4, 4, 4, 4], [1, 1, 1, 1, 1], [4, 4, 4, 4, 4], [1, 1, 1, 1, 1], [2, 2, 2, 2, 2], [3, 3, 3, 3, 3], [3, 3, 3, 3, 3], [3, 3, 3, 3, 3], [1, 1, 1, 1, 1], [3, 3, 3, 3, 3], [4, 4, 4, 4, 4], [1, 1, 1, 1, 1], [1, 1, 1, 1, 1], [3, 3, 3, 3, 3], [3, 3, 3, 3, 3], [1, 1, 1, 1, 1], [4, 4, 4, 4, 4], [1, 1, 1, 1, 1], [3, 3, 3, 3, 3], [4, 4, 4, 4, 4], [4, 4, 4, 4, 4], [3, 3, 3, 3, 3], [4, 4, 4, 4, 4], [2, 2, 2, 2, 2], [3, 3, 3, 3, 3], [3, 3, 3, 3, 3], [3, 3, 3, 3, 3], [1, 1, 1, 1, 1], [3, 3, 3, 3, 3], [2, 2, 2, 2, 2], [2, 2, 2, 2, 2], [3, 3, 3, 3, 3], [4, 4, 4, 4, 4], [2, 2, 2, 2, 2], [1, 1, 1, 1, 1], [4, 4, 4, 4, 4], [4, 4, 4, 4, 4], [3, 3, 3, 3, 3], [4, 4, 4, 4, 4], [4, 4, 4, 4, 4], [1, 1, 1, 1, 1], [4, 4, 4, 4, 4], [4, 4, 4, 4, 4], [2, 2, 2, 2, 2], [4, 4, 4, 4, 4], [3, 3, 3, 3, 3], [2, 2, 2, 2, 2], [2, 2, 2, 2, 2], [3, 3, 3, 3, 3], [3, 3, 3, 3, 3], [2, 2, 2, 2, 2], [4, 4, 4, 4, 4], [1, 1, 1, 1, 1], [3, 3, 3, 3, 3], [3, 3, 3, 3, 3], [1, 1, 1, 1, 1], [4, 4, 4, 4, 4], [2, 2, 2, 2, 2], [1, 1, 1, 1, 1], [4, 4, 4, 4, 4], [2, 2, 2, 2, 2], [2, 2, 2, 2, 2], [3, 3, 3, 3, 3], [4, 4, 4, 4, 4], [2, 2, 2, 2, 2], [4, 4, 4, 4, 4], [3, 3, 3, 3, 3], [4, 4, 4, 4, 4], [1, 1, 1, 1, 1], [4, 4, 4, 4, 4], [3, 3, 3, 3, 3], [4, 4, 4, 4, 4], [3, 3, 3, 3, 3], [3, 3, 3, 3, 3], [1, 1, 1, 1, 1], [3, 3, 3, 3, 3], [3, 3, 3, 3, 3], [1, 1, 1, 1, 1], [4, 4, 4, 4, 4], [2, 2, 2, 2, 2], [3, 3, 3, 3, 3], [2, 2, 2, 2, 2], [3, 3, 3, 3, 3], [2, 2, 2, 2, 2], [1, 1, 1, 1, 1], [1, 1, 1, 1, 1], [4, 4, 4, 4, 4], [4, 4, 4, 4, 4], [3, 3, 3, 3, 3], [1, 1, 1, 1, 1], [2, 2, 2, 2, 2], [1, 1, 1, 1, 1], [2, 2, 2, 2, 2], [2, 2, 2, 2, 2], [3, 3, 3, 3, 3], [3, 3, 3, 3, 3], [1, 1, 1, 1, 1], [2, 2, 2, 2, 2], [4, 4, 4, 4, 4], [3, 3, 3, 3, 3], [3, 3, 3, 3, 3], [2, 2, 2, 2, 2], [1, 1, 1, 1, 1], [1, 1, 1, 1, 1], [3, 3, 3, 3, 3], [3, 3, 3, 3, 3], [1, 1, 1, 1, 1]]
1 1 1 -> 0.0
1 2 1 -> 5.0
1 3 1 -> 10.0
1 4 1 -> 15.0
2 1 1 -> 5.0
2 2 1 -> 0.0
2 3 1 -> 5.0
2 4 1 -> 10.0
3 1 1 -> 10.0
3 2 1 -> 5.0
3 3 1 -> 0.0
3 4 1 -> 5.0
4 1 1 -> 15.0
4 2 1 -> 10.0
4 3 1 -> 5.0
4 4 1 -> 0.0
1 1 2 -> 0.0
1 2 2 -> 5.0
1 3 2 -> 10.0
1 4 2 -> 15.0
2 1 2 -> 5.0
2 2 2 -> 0.0
2 3 2 -> 5.0
2 4 2 -> 10.0
3 1 2 -> 10.0
3 2 2 -> 5.0
3 3 2 -> 0.0
3 4 2 -> 5.0
4 1 2 -> 15.0
4 2 2 -> 10.0
4 3 2 -> 5.0
4 4 2 -> 0.0
1 1 3 -> 0.0
1 2 3 -> 5.0
1 3 3 -> 10.0
1 4 3 -> 15.0
2 1 3 -> 5.0
2 2 3 -> 0.0
2 3 3 -> 5.0
2 4 3 -> 10.0
3 1 3 -> 10.0
3 2 3 -> 5.0
3 3 3 -> 0.0
3 4 3 -> 5.0
4 1 3 -> 15.0
4 2 3 -> 10.0
4 3 3 -> 5.0
4 4 3 -> 0.0
1 1 4 -> 0.0
1 2 4 -> 5.0
1 3 4 -> 10.0
1 4 4 -> 15.0
2 1 4 -> 5.0
2 2 4 -> 0.0
2 3 4 -> 5.0
2 4 4 -> 10.0
3 1 4 -> 10.0
3 2 4 -> 5.0
3 3 4 -> 0.0
3 4 4 -> 5.0
4 1 4 -> 15.0
4 2 4 -> 10.0
4 3 4 -> 5.0
4 4 4 -> 0.0
1 1 5 -> 0.0
1 2 5 -> 5.0
1 3 5 -> 10.0
1 4 5 -> 15.0
2 1 5 -> 5.0
2 2 5 -> 0.0
2 3 5 -> 5.0
2 4 5 -> 10.0
3 1 5 -> 10.0
3 2 5 -> 5.0
3 3 5 -> 0.0
3 4 5 -> 5.0
4 1 5 -> 15.0
4 2 5 -> 10.0
4 3 5 -> 5.0
4 4 5 -> 0.0
o: (1, 2, 3) => 5.0
o: (3, 1, 3) => 10.0
o: (1, 3, 5) => 10.0
o: (3, 2, 4) => 5.0
o: (1, 4, 5) => 15.0
o: (3, 2, 3) => 5.0
o: (3, 3, 5) => 0.0
o: (2, 1, 1) => 5.0
o: (3, 4, 5) => 5.0
o: (1, 3, 2) => 10.0
o: (1, 4, 2) => 15.0
o: (4, 3, 4) => 5.0
o: (2, 2, 1) => 0.0
o: (4, 4, 4) => 0.0
o: (3, 3, 2) => 0.0
o: (3, 4, 2) => 5.0
o: (4, 3, 3) => 5.0
o: (4, 4, 3) => 0.0
o: (1, 1, 5) => 0.0
o: (1, 2, 5) => 5.0
o: (3, 1, 5) => 10.0
o: (1, 3, 1) => 10.0
o: (1, 1, 2) => 0.0
o: (1, 4, 1) => 15.0
o: (4, 1, 4) => 15.0
o: (3, 2, 5) => 5.0
o: (3, 3, 1) => 0.0
o: (1, 2, 2) => 5.0
o: (3, 1, 2) => 10.0
o: (3, 4, 1) => 5.0
o: (4, 1, 3) => 15.0
o: (4, 2, 4) => 10.0
o: (3, 2, 2) => 5.0
o: (2, 3, 4) => 5.0
o: (4, 2, 3) => 10.0
o: (2, 4, 4) => 10.0
o: (4, 3, 5) => 5.0
o: (4, 4, 5) => 0.0
o: (1, 1, 1) => 0.0
o: (2, 3, 3) => 5.0
o: (2, 4, 3) => 10.0
o: (4, 3, 2) => 5.0
o: (1, 2, 1) => 5.0
o: (3, 1, 1) => 10.0
o: (4, 4, 2) => 0.0
o: (3, 2, 1) => 5.0
o: (2, 1, 4) => 5.0
o: (4, 1, 5) => 15.0
o: (2, 1, 3) => 5.0
o: (2, 2, 4) => 0.0
o: (4, 2, 5) => 10.0
o: (4, 3, 1) => 5.0
o: (4, 1, 2) => 15.0
o: (4, 4, 1) => 0.0
o: (2, 2, 3) => 0.0
o: (2, 3, 5) => 5.0
o: (2, 4, 5) => 10.0
o: (4, 2, 2) => 10.0
o: (1, 3, 4) => 10.0
o: (2, 3, 2) => 5.0
o: (1, 4, 4) => 15.0
o: (2, 4, 2) => 10.0
o: (1, 3, 3) => 10.0
o: (3, 3, 4) => 0.0
o: (1, 4, 3) => 15.0
o: (3, 4, 4) => 5.0
o: (4, 1, 1) => 15.0
o: (2, 1, 5) => 5.0
o: (3, 3, 3) => 0.0
o: (3, 4, 3) => 5.0
o: (4, 2, 1) => 10.0
o: (2, 2, 5) => 0.0
o: (2, 3, 1) => 5.0
o: (1, 1, 4) => 0.0
o: (2, 1, 2) => 5.0
o: (2, 4, 1) => 10.0
o: (1, 1, 3) => 0.0
o: (1, 2, 4) => 5.0
o: (2, 2, 2) => 0.0
o: (3, 1, 4) => 10.0

[118, 2742, 2732, 2643, 2633, 2648, 2566, 16]
JOBS in the order of refs (Vprime)
Node 1: Job(0, Point(70, 70, 0), 0, 0, 2535, 0, 0, 0)
Node 2: Job(2, Point(26, 50, 2), 7, 1490, 1730, 10, 0, 108)
Node 3: Job(3, Point(30, 57, 0), 20, 0, 2483, 10, 0, 95)
Node 4: Job(4, Point(29, 60, 0), 14, 0, 2483, 10, 0, 20)
Node 5: Job(6, Point(137, 137, 1), 27, 339, 579, 10, 0, 191)
Node 6: Job(8, Point(78, 111, 1), 22, 47, 287, 10, 0, 136)
Node 7: Job(9, Point(107, 25, 1), 13, 1035, 1275, 10, 0, 82)
Node 8: Job(10, Point(17, 138, 1), 8, 1670, 1910, 10, 0, 73)
Node 9: Job(12, Point(20, 69, 3), 13, 0, 2475, 10, 0, 164)
Node 10: Job(13, Point(121, 123, 3), 9, 0, 2452, 10, 0, 52)
Node 11: Job(18, Point(79, 72, 3), 22, 0, 2516, 10, 0, 138)
Node 12: Job(23, Point(78, 63, 3), 19, 0, 2515, 10, 0, 110)
Node 13: Job(25, Point(37, 79, 3), 5, 0, 2491, 10, 0, 87)
Node 14: Job(26, Point(64, 132, 0), 8, 170, 410, 10, 0, 173)
Node 15: Job(27, Point(133, 130, 1), 13, 0, 2438, 10, 0, 76)
Node 16: Job(31, Point(140, 42, 3), 13, 0, 2450, 10, 0, 15)
Node 17: Job(32, Point(121, 124, 0), 21, 539, 779, 10, 0, 127)
Node 18: Job(33, Point(42, 29, 3), 12, 0, 2476, 10, 0, 192)
Node 19: Job(35, Point(32, 6, 0), 11, 320, 560, 10, 0, 30)
Node 20: Job(36, Point(41, 36, 1), 13, 146, 386, 10, 0, 37)
Node 21: Job(38, Point(107, 102, 2), 12, 0, 2477, 10, 0, 19)
Node 22: Job(40, Point(132, 133, 2), 24, 0, 2437, 10, 0, 72)
Node 23: Job(41, Point(81, 57, 2), 8, 17, 257, 10, 0, 198)
Node 24: Job(42, Point(120, 52, 0), 20, 0, 2472, 10, 0, 43)
Node 25: Job(45, Point(82, 103, 2), 15, 0, 2490, 10, 0, 16)
Node 26: Job(47, Point(90, 44, 3), 6, 149, 389, 10, 0, 165)
Node 27: Job(50, Point(64, 138, 0), 15, 0, 2457, 10, 0, 124)
Node 28: Job(51, Point(98, 4, 0), 20, 0, 2454, 10, 0, 49)
Node 29: Job(56, Point(86, 40, 2), 22, 0, 2491, 10, 0, 11)
Node 30: Job(58, Point(59, 115, 2), 26, 1195, 1435, 10, 0, 86)
Node 31: Job(64, Point(37, 125, 0), 10, 0, 2461, 10, 0, 79)
Node 32: Job(65, Point(99, 34, 3), 9, 243, 483, 10, 0, 120)
Node 33: Job(66, Point(38, 122, 0), 13, 876, 1116, 10, 0, 55)
Node 34: Job(68, Point(109, 131, 2), 16, 0, 2453, 10, 0, 158)
Node 35: Job(74, Point(48, 47, 3), 19, 31, 271, 10, 0, 44)
Node 36: Job(75, Point(104, 73, 3), 17, 0, 2491, 10, 0, 169)
Node 37: Job(77, Point(103, 44, 2), 12, 0, 2483, 10, 0, 94)
Node 38: Job(78, Point(73, 96, 3), 9, 604, 844, 10, 0, 5)
Node 39: Job(80, Point(71, 70, 1), 9, 0, 2524, 10, 0, 119)
Node 40: Job(81, Point(83, 12, 2), 29, 0, 2466, 10, 0, 83)
Node 41: Job(88, Point(120, 22, 2), 39, 396, 636, 10, 0, 122)
Node 42: Job(89, Point(54, 106, 2), 9, 1117, 1357, 10, 0, 22)
Node 43: Job(90, Point(63, 129, 0), 7, 765, 1005, 10, 0, 17)
Node 44: Job(91, Point(33, 117, 2), 20, 316, 556, 10, 0, 96)
Node 45: Job(92, Point(102, 52, 1), 15, 0, 2489, 10, 0, 61)
Node 46: Job(93, Point(13, 129, 1), 25, 1345, 1585, 10, 0, 189)
Node 47: Job(99, Point(70, 83, 2), 23, 0, 2512, 10, 0, 57)
Node 48: Job(100, Point(12, 48, 3), 4, 172, 412, 10, 0, 34)
Node 49: Job(103, Point(116, 22, 1), 32, 491, 731, 10, 0, 60)
Node 50: Job(105, Point(19, 120, 0), 16, 0, 2454, 10, 0, 85)
Node 51: Job(106, Point(23, 39, 3), 20, 1347, 1587, 10, 0, 179)
Node 52: Job(109, Point(18, 70, 3), 26, 1504, 1744, 10, 0, 53)
Node 53: Job(111, Point(61, 57, 2), 35, 0, 2510, 10, 0, 163)
Node 54: Job(112, Point(123, 84, 3), 13, 1606, 1846, 10, 0, 102)
Node 55: Job(113, Point(37, 73, 3), 33, 0, 2492, 10, 0, 70)
Node 56: Job(114, Point(115, 124, 0), 11, 0, 2455, 10, 0, 63)
Node 57: Job(115, Point(93, 61, 3), 10, 0, 2501, 10, 0, 71)
Node 58: Job(116, Point(89, 39, 3), 23, 36, 276, 10, 0, 14)
Node 59: Job(118, Point(108, 30, 1), 18, 323, 563, 10, 0, 107)
Node 60: Job(121, Point(2, 106, 3), 16, 1487, 1727, 10, 0, 171)
Node 61: Job(123, Point(26, 130, 2), 20, 0, 2451, 10, 0, 54)
Node 62: Job(108, Point(15, 18, 1), -7, 1540, 1780, 10, 2, 0)
Node 63: Job(95, Point(114, 109, 1), -20, 249, 489, 10, 3, 0)
Node 64: Job(20, Point(8, 87, 2), -14, 1545, 1785, 10, 4, 0)
Node 65: Job(191, Point(125, 68, 2), -27, 708, 948, 10, 6, 0)
Node 66: Job(136, Point(92, 138, 1), -22, 0, 2454, 10, 8, 0)
Node 67: Job(82, Point(36, 54, 3), -13, 1428, 1668, 10, 9, 0)
Node 68: Job(73, Point(39, 100, 0), -8, 0, 2482, 10, 10, 0)
Node 69: Job(164, Point(65, 80, 2), -13, 0, 2514, 10, 12, 0)
Node 70: Job(52, Point(61, 34, 2), -9, 1830, 2070, 10, 13, 0)
Node 71: Job(138, Point(100, 99, 0), -22, 1136, 1376, 10, 18, 0)
Node 72: Job(110, Point(16, 62, 3), -19, 1524, 1764, 10, 23, 0)
Node 73: Job(87, Point(34, 72, 1), -5, 0, 2489, 10, 25, 0)
Node 74: Job(173, Point(67, 120, 0), -8, 1375, 1615, 10, 26, 0)
Node 75: Job(76, Point(9, 19, 3), -13, 1431, 1671, 10, 27, 0)
Node 76: Job(15, Point(137, 7, 1), -13, 0, 2434, 10, 31, 0)
Node 77: Job(127, Point(138, 105, 1), -21, 0, 2449, 10, 32, 0)
Node 78: Job(192, Point(44, 36, 2), -12, 131, 371, 10, 33, 0)
Node 79: Job(30, Point(10, 86, 3), -11, 0, 2463, 10, 35, 0)
Node 80: Job(37, Point(106, 10, 1), -13, 1135, 1375, 10, 36, 0)
Node 81: Job(19, Point(104, 32, 3), -12, 0, 2475, 10, 38, 0)
Node 82: Job(72, Point(88, 29, 2), -24, 0, 2481, 10, 40, 0)
Node 83: Job(198, Point(8, 138, 3), -8, 1105, 1345, 10, 41, 0)
Node 84: Job(43, Point(113, 32, 0), -20, 0, 2468, 10, 42, 0)
Node 85: Job(16, Point(50, 106, 3), -15, 1221, 1461, 10, 45, 0)
Node 86: Job(165, Point(28, 62, 2), -6, 0, 2483, 10, 47, 0)
Node 87: Job(124, Point(85, 111, 3), -15, 952, 1192, 10, 50, 0)
Node 88: Job(49, Point(89, 24, 2), -20, 0, 2476, 10, 51, 0)
Node 89: Job(11, Point(37, 138, 2), -22, 0, 2450, 10, 56, 0)
Node 90: Job(86, Point(67, 96, 0), -26, 1908, 2148, 10, 58, 0)
Node 91: Job(79, Point(44, 116, 2), -10, 0, 2473, 10, 64, 0)
Node 92: Job(120, Point(92, 22, 2), -9, 0, 2473, 10, 65, 0)
Node 93: Job(55, Point(84, 88, 0), -13, 1365, 1605, 10, 66, 0)
Node 94: Job(158, Point(54, 41, 3), -16, 1065, 1305, 10, 68, 0)
Node 95: Job(44, Point(137, 101, 1), -19, 617, 857, 10, 74, 0)
Node 96: Job(169, Point(51, 92, 2), -17, 1731, 1971, 10, 75, 0)
Node 97: Job(94, Point(34, 20, 1), -12, 0, 2464, 10, 77, 0)
Node 98: Job(5, Point(69, 116, 2), -9, 0, 2479, 10, 78, 0)
Node 99: Job(119, Point(120, 60, 1), -9, 156, 396, 10, 80, 0)
Node 100: Job(83, Point(16, 92, 0), -29, 0, 2467, 10, 81, 0)
Node 101: Job(122, Point(117, 92, 0), -39, 0, 2474, 10, 88, 0)
Node 102: Job(22, Point(80, 103, 3), -9, 1428, 1668, 10, 89, 0)
Node 103: Job(17, Point(46, 112, 3), -7, 1084, 1324, 10, 90, 0)
Node 104: Job(96, Point(86, 80, 2), -20, 0, 2507, 10, 91, 0)
Node 105: Job(61, Point(104, 54, 0), -15, 150, 390, 10, 92, 0)
Node 106: Job(189, Point(5, 99, 1), -25, 0, 2454, 10, 93, 0)
Node 107: Job(57, Point(69, 115, 0), -23, 0, 2480, 10, 99, 0)
Node 108: Job(34, Point(44, 58, 1), -4, 39, 279, 10, 100, 0)
Node 109: Job(60, Point(107, 77, 1), -32, 0, 2488, 10, 103, 0)
Node 110: Job(85, Point(27, 104, 2), -16, 1949, 2189, 10, 105, 0)
Node 111: Job(179, Point(60, 23, 2), -20, 0, 2477, 10, 106, 0)
Node 112: Job(53, Point(60, 84, 0), -26, 1866, 2106, 10, 109, 0)
Node 113: Job(163, Point(54, 78, 1), -35, 0, 2508, 10, 111, 0)
Node 114: Job(102, Point(109, 78, 3), -13, 0, 2486, 10, 112, 0)
Node 115: Job(70, Point(47, 83, 2), -33, 0, 2499, 10, 113, 0)
Node 116: Job(63, Point(32, 52, 2), -11, 0, 2483, 10, 114, 0)
Node 117: Job(71, Point(139, 68, 1), -10, 0, 2456, 10, 115, 0)
Node 118: Job(14, Point(22, 104, 0), -23, 0, 2467, 10, 116, 0)
Node 119: Job(107, Point(110, 99, 0), -18, 0, 2476, 10, 118, 0)
Node 120: Job(171, Point(66, 82, 2), -16, 0, 2513, 10, 121, 0)
Node 121: Job(54, Point(13, 48, 2), -20, 1622, 1862, 10, 123, 0)
Node 122: Job(0, Point(70, 70, 0), 0, 0, 2535, 0, 0, 0)

### Preprocessing Data ###
	-> arcs: 14884 (100.0%)
	-> arc_removals: 3520 (23.65%)
	-> arc_removals_is_loop: 122 (0.82%)
	-> arc_removals_is_delivery_to_pickup: 62 (0.42%)
	-> arc_removals_is_depot_begin_to_delivery: 60 (0.4%)
	-> arc_removals_is_pickup_to_depot_end: 60 (0.4%)
	-> arc_removals_is_dest_depot_begin: 120 (0.81%)
	-> arc_removals_is_orig_depot_end: 119 (0.8%)
	-> arc_removals_is_capacity_violated: 0 (0.0%)
	-> arc_removals_is_time_window_limited: 2182 (14.66%)
	-> arc_removals_is_time_window_pairing_limited: 572 (3.84%)
	-> arc_removals_is_indirect_request_service_impossible: 223 (1.5%)
	-> gamma_vars: 0 (0%)
	-> feas_gamma_vars: 0 (0%)
	-> infeas_gamma_vars_is_next_mtrv_unreachable: 0 (0%)
	-> infeas_gamma_vars_is_iprime_jprime_eq_i_j: 0 (0%)
	-> machine_removal_for_an_arc: 0 (0.0%)
##########################

[01:55:00.557] Print configuration
------------------------------------------------------
"
[01:55:00.557] Running Multi Start Heuristic"
> Experiment started at 2025-10-08T01:55:00.557
> Instance: LR2_2_7_t2_60R_60V_04F_05M
> Algorithm Parameters:


	>Stop params:
		>  - rule ITERATIONS
		>  - argument 60000.0
		>  - maximum_time 3600

	>General params:
		>  - instPath /dados/rmelo/PDPTW-SE/benchmark_multi_floor_v3/official_experiments/multistartlp/preliminar/set_01_pt_03/../../../../instances/orig_ams_fg/60R_60V_04F_06M/t2/LR2_2_7/
		>  - name LR2_2_7
		>  - type t2
		>  - group 60R_60V_04F_05M
		>  - fullname LR2_2_7_t2_60R_60V_04F_05M
		>  - methodType heur
		>  - methodCode mslp
		>  - genconfigfile /dados/rmelo/PDPTW-SE/benchmark_multi_floor_v3/official_experiments/multistartlp/preliminar/set_01_pt_03/configs/genconfig_mslp.conf
		>  - genconfigfilename genconfig_mslp
		>  - greedy_service_order random
		>  - cutoff 0
		>  - cutoffmachs 5
		>  - num_machs 0
		>  - solver Gurobi
		>  - maxtime 3600
		>  - gurobiCuts 1
		>  - typeUserCut 0
		>  - mipPresolve -1
		>  - printsol 1
		>  - maxnodes -1
		>  - elevator 1
		>  - make_instance_feasible false
		>  - output /dados/rmelo/PDPTW-SE/benchmark_multi_floor_v3/official_experiments/multistartlp/preliminar/set_01_pt_03/logs
		>  - suff_outputs _seed_24_alpha_10p
		>  - suff_csv _bash_2
		>  - epsilon 0.005
		>  - epsilonCap 0.5
		>  - warmStart false
		>  - seed 24
		>  - rng Random.MersenneTwister(24)
		>  - alpha 0.1
		>  - maxiter 1000000
		>  - outputFlagGrbMIP 0
		>  - outputFlagGrbMSLP 0
		>  - outputFlagGrbLMNS 0
		>  - mslpr I
		>  - mslpa 60000
		>  - lmnsr M
		>  - lmnsa 60
		>  - lmnsRepairTime 30.0
		>  - lmnsMIPFocus 0
		>  - lmnsGapToBiggerDestruction 50
		>  - lmnsGapToSmallerDestruction 95
		>  - lmnsWeightShawDistProx 1.0
		>  - lmnsWeightShawEarlProx 1.0
		>  - lmnsWeightShawSameRoute 1.0
		>  - lmnsWeightShawDemandSim 1.0
		>  - lmnsReqRApplyMIPStart true
		>  - lmnsAcceptanceCriteria H
		>  - lmnsMetropolisTemp 100.0
		>  - lmnsSimulatedAnnealingTemp 100.0
		>  - lmnsSimulatedAnnealingCool 0.95
		>  - mipmaxtime 3600
		>  - csvfilename /dados/rmelo/PDPTW-SE/benchmark_multi_floor_v3/official_experiments/multistartlp/preliminar/set_01_pt_03/logs/heur_mslp/outputs/csvresults_heur_mslp_bash_2.csv
		>  - solfilename /dados/rmelo/PDPTW-SE/benchmark_multi_floor_v3/official_experiments/multistartlp/preliminar/set_01_pt_03/logs/heur_mslp/solutions/60R_60V_04F_05M/LR2_2_7_sol_genconfig_mslp_seed_24_alpha_10p.txt
		>  - timelineFilename /dados/rmelo/PDPTW-SE/benchmark_multi_floor_v3/official_experiments/multistartlp/preliminar/set_01_pt_03/logs/heur_mslp/timelines/60R_60V_04F_05M/LR2_2_7_timeline_genconfig_mslp_seed_24_alpha_10p.txt
		>  - grbFilename /dados/rmelo/PDPTW-SE/benchmark_multi_floor_v3/official_experiments/multistartlp/preliminar/set_01_pt_03/logs/heur_mslp/gurobi/60R_60V_04F_05M/LR2_2_7_grb_genconfig_mslp_seed_24_alpha_10p.log
		>  - threads 1
		>  - solverMethod AUTOMATIC

------------------------------------------------------

[01:55:00.66] Starting running MSLP
objValue;greedysol;iteration;time
10775.82;10906.85;1;0.129506
10764.57;10846.19;16029;1828.763405

[02:55:39.818] Finished running MSLP
System CPU time: 17.07 seconds

[02:55:39.887] Post running MSLP
Best solution value: 10764.57
Total time elapsed: 3600.042564
Time to best: 1828.763405
Iterations: 31633
Iterations to best: 16029
Improvements: 2
Infeasible solutions percentage: (7853 / 31633) = 24.8253 %
(LP improvements)/(LP runs) = 23780/23780 = 100.0000 %
Mean LP improvement percentage: 1.4402 %
[02:55:40.132] Writing results to CSV file: /dados/rmelo/PDPTW-SE/benchmark_multi_floor_v3/official_experiments/multistartlp/preliminar/set_01_pt_03/logs/heur_mslp/outputs/csvresults_heur_mslp_bash_2.csv

[02:55:42.151] Saving solution to file:/dados/rmelo/PDPTW-SE/benchmark_multi_floor_v3/official_experiments/multistartlp/preliminar/set_01_pt_03/logs/heur_mslp/solutions/60R_60V_04F_05M/LR2_2_7_sol_genconfig_mslp_seed_24_alpha_10p.txt

[02:55:42.151] Saving solution timeline to file: /dados/rmelo/PDPTW-SE/benchmark_multi_floor_v3/official_experiments/multistartlp/preliminar/set_01_pt_03/logs/heur_mslp/timelines/60R_60V_04F_05M/LR2_2_7_timeline_genconfig_mslp_seed_24_alpha_10p.txt
---------------------| VEHICLES |---------------------

Vehicle 1 :
	id: 0
		node: 1
		(x, y, z): (70, 70, 0)
		dem: 0
		earl: 0
		lat: 2535
		servt: 0
		pid: 0
		did: 0
		servST: 4.619999999999825
		(h, h_ind): (-1, 0)
		load: 0.0

	Finished service at time: 4.619999999999825

	Using Machine: 3
		Task 0 -> Machine 3 (Station 1): 5.1
		Vehicle arrival at machine station: 9.719999999999825
		Waiting time until machine travel: 0.0

		Machine travel start time: 9.719999999999825
		Region 0 -> Region 2: 10.0
		Machine arrival at machine station: 19.719999999999825

		Machine 3 (Station 3)-> Task 111: 19.8
		Vehicle arrival at task: 39.519999999999825
		Waiting time until service start time: 0.0

	id: 111
		node: 53
		(x, y, z): (61, 57, 2)
		dem: 35
		earl: 0
		lat: 2510
		servt: 10
		pid: 0
		did: 163
		servST: 39.519999999999825
		(h, h_ind): (3, 1)
		load: 35.0

	Finished service at time: 49.519999999999825

	Using Machine: 2
		Task 111 -> Machine 2 (Station 3): 16.12
		Vehicle arrival at machine station: 65.63999999999983
		Waiting time until machine travel: 0.0

		Machine travel start time: 65.63999999999983
		Region 2 -> Region 1: 5.0
		Machine arrival at machine station: 70.63999999999983

		Machine 2 (Station 2)-> Task 163: 16.55
		Vehicle arrival at task: 87.18999999999983
		Waiting time until service start time: 0.0

	id: 163
		node: 113
		(x, y, z): (54, 78, 1)
		dem: -35
		earl: 0
		lat: 2508
		servt: 10
		pid: 111
		did: 0
		servST: 87.18999999999983
		(h, h_ind): (2, 2)
		load: 0.0

	Finished service at time: 97.18999999999983

	Using Machine: 4
		Task 163 -> Machine 4 (Station 2): 14.76
		Vehicle arrival at machine station: 111.94999999999983
		Waiting time until machine travel: -0.0

		Machine travel start time: 111.94999999999982
		Region 1 -> Region 0: 5.0
		Machine arrival at machine station: 116.94999999999982

		Machine 4 (Station 1)-> Task 26: 61.07
		Vehicle arrival at task: 178.0199999999998
		Waiting time until service start time: 0.0

	id: 26
		node: 14
		(x, y, z): (64, 132, 0)
		dem: 8
		earl: 170
		lat: 410
		servt: 10
		pid: 0
		did: 173
		servST: 178.0199999999998
		(h, h_ind): (4, 4)
		load: 8.0

	Finished service at time: 188.0199999999998

	Task 26 -> Task 64: 27.89
	Vehicle arrival at task: 215.9099999999998
	Waiting time until service start time: 0.0

	id: 64
		node: 31
		(x, y, z): (37, 125, 0)
		dem: 10
		earl: 0
		lat: 2461
		servt: 10
		pid: 0
		did: 79
		servST: 215.9099999999998
		(h, h_ind): (-1, 0)
		load: 18.0

	Finished service at time: 225.9099999999998

	Task 64 -> Task 4: 65.49
	Vehicle arrival at task: 291.3999999999998
	Waiting time until service start time: 0.0

	id: 4
		node: 4
		(x, y, z): (29, 60, 0)
		dem: 14
		earl: 0
		lat: 2483
		servt: 10
		pid: 0
		did: 20
		servST: 291.3999999999998
		(h, h_ind): (-1, 0)
		load: 32.0

	Finished service at time: 301.3999999999998

	Using Machine: 4
		Task 4 -> Machine 4 (Station 1): 39.56
		Vehicle arrival at machine station: 340.9599999999998
		Waiting time until machine travel: 0.0

		Machine travel start time: 340.9599999999998
		Region 0 -> Region 3: 15.0
		Machine arrival at machine station: 355.9599999999998

		Machine 4 (Station 4)-> Task 25: 31.05
		Vehicle arrival at task: 387.0099999999998
		Waiting time until service start time: 0.0

	id: 25
		node: 13
		(x, y, z): (37, 79, 3)
		dem: 5
		earl: 0
		lat: 2491
		servt: 10
		pid: 0
		did: 87
		servST: 387.0099999999998
		(h, h_ind): (4, 6)
		load: 37.0

	Finished service at time: 397.0099999999998

	Task 25 -> Task 65: 76.61
	Vehicle arrival at task: 473.61999999999983
	Waiting time until service start time: 0.0

	id: 65
		node: 32
		(x, y, z): (99, 34, 3)
		dem: 9
		earl: 243
		lat: 483
		servt: 10
		pid: 0
		did: 120
		servST: 473.61999999999983
		(h, h_ind): (-1, 0)
		load: 46.0

	Finished service at time: 483.61999999999983

	Using Machine: 4
		Task 65 -> Machine 4 (Station 4): 48.92
		Vehicle arrival at machine station: 532.5399999999998
		Waiting time until machine travel: 0.0

		Machine travel start time: 532.5399999999998
		Region 3 -> Region 1: 10.0
		Machine arrival at machine station: 542.5399999999998

		Machine 4 (Station 2)-> Task 87: 33.02
		Vehicle arrival at task: 575.5599999999998
		Waiting time until service start time: 0.0

	id: 87
		node: 73
		(x, y, z): (34, 72, 1)
		dem: -5
		earl: 0
		lat: 2489
		servt: 10
		pid: 25
		did: 0
		servST: 575.5599999999998
		(h, h_ind): (4, 9)
		load: 41.0

	Finished service at time: 585.5599999999998

	Using Machine: 4
		Task 87 -> Machine 4 (Station 2): 33.02
		Vehicle arrival at machine station: 618.5799999999998
		Waiting time until machine travel: 0.0

		Machine travel start time: 618.5799999999998
		Region 1 -> Region 2: 5.0
		Machine arrival at machine station: 623.5799999999998

		Machine 4 (Station 3)-> Task 56: 36.36
		Vehicle arrival at task: 659.9399999999998
		Waiting time until service start time: 0.0

	id: 56
		node: 29
		(x, y, z): (86, 40, 2)
		dem: 22
		earl: 0
		lat: 2491
		servt: 10
		pid: 0
		did: 11
		servST: 659.9399999999998
		(h, h_ind): (4, 10)
		load: 63.0

	Finished service at time: 669.9399999999998

	Task 56 -> Task 79: 86.83
	Vehicle arrival at task: 756.7699999999999
	Waiting time until service start time: 0.0

	id: 79
		node: 91
		(x, y, z): (44, 116, 2)
		dem: -10
		earl: 0
		lat: 2473
		servt: 10
		pid: 64
		did: 0
		servST: 756.7699999999999
		(h, h_ind): (-1, 0)
		load: 53.0

	Finished service at time: 766.7699999999999

	Task 79 -> Task 120: 105.55
	Vehicle arrival at task: 872.3199999999998
	Waiting time until service start time: 0.0

	id: 120
		node: 92
		(x, y, z): (92, 22, 2)
		dem: -9
		earl: 0
		lat: 2473
		servt: 10
		pid: 65
		did: 0
		servST: 872.3199999999998
		(h, h_ind): (-1, 0)
		load: 44.0

	Finished service at time: 882.3199999999998

	Using Machine: 3
		Task 120 -> Machine 3 (Station 3): 51.87
		Vehicle arrival at machine station: 934.1899999999998
		Waiting time until machine travel: 0.0

		Machine travel start time: 934.1899999999998
		Region 2 -> Region 1: 5.0
		Machine arrival at machine station: 939.1899999999998

		Machine 3 (Station 2)-> Task 27: 82.73
		Vehicle arrival at task: 1021.9199999999998
		Waiting time until service start time: 0.0

	id: 27
		node: 15
		(x, y, z): (133, 130, 1)
		dem: 13
		earl: 0
		lat: 2438
		servt: 10
		pid: 0
		did: 76
		servST: 1021.9199999999998
		(h, h_ind): (3, 16)
		load: 57.0

	Finished service at time: 1031.9199999999998

	Using Machine: 3
		Task 27 -> Machine 3 (Station 2): 82.73
		Vehicle arrival at machine station: 1114.6499999999999
		Waiting time until machine travel: 0.0

		Machine travel start time: 1114.6499999999999
		Region 1 -> Region 2: 5.0
		Machine arrival at machine station: 1119.6499999999999

		Machine 3 (Station 3)-> Task 11: 77.03
		Vehicle arrival at task: 1196.6799999999998
		Waiting time until service start time: 35.91

	id: 11
		node: 89
		(x, y, z): (37, 138, 2)
		dem: -22
		earl: 0
		lat: 2450
		servt: 10
		pid: 56
		did: 0
		servST: 1232.59
		(h, h_ind): (3, 17)
		load: 35.0

	Finished service at time: 1242.59

	Using Machine: 4
		Task 11 -> Machine 4 (Station 3): 73.41
		Vehicle arrival at machine station: 1316.0
		Waiting time until machine travel: 0.0

		Machine travel start time: 1316.0
		Region 2 -> Region 0: 10.0
		Machine arrival at machine station: 1326.0

		Machine 4 (Station 1)-> Task 173: 49.0
		Vehicle arrival at task: 1375.0
		Waiting time until service start time: 0.0

	id: 173
		node: 74
		(x, y, z): (67, 120, 0)
		dem: -8
		earl: 1375
		lat: 1615
		servt: 10
		pid: 26
		did: 0
		servST: 1375.0
		(h, h_ind): (4, 14)
		load: 27.0

	Finished service at time: 1385.0

	Using Machine: 4
		Task 173 -> Machine 4 (Station 1): 49.0
		Vehicle arrival at machine station: 1434.0
		Waiting time until machine travel: 0.0

		Machine travel start time: 1434.0
		Region 0 -> Region 3: 15.0
		Machine arrival at machine station: 1449.0

		Machine 4 (Station 4)-> Task 76: 77.9
		Vehicle arrival at task: 1526.9
		Waiting time until service start time: 0.0

	id: 76
		node: 75
		(x, y, z): (9, 19, 3)
		dem: -13
		earl: 1431
		lat: 1671
		servt: 10
		pid: 27
		did: 0
		servST: 1526.9
		(h, h_ind): (4, 15)
		load: 14.0

	Finished service at time: 1536.9

	Task 76 -> Task 106: 24.41
	Vehicle arrival at task: 1561.3100000000002
	Waiting time until service start time: 0.0

	id: 106
		node: 51
		(x, y, z): (23, 39, 3)
		dem: 20
		earl: 1347
		lat: 1587
		servt: 10
		pid: 0
		did: 179
		servST: 1561.3100000000002
		(h, h_ind): (-1, 0)
		load: 34.0

	Finished service at time: 1571.3100000000002

	Task 106 -> Task 109: 31.4
	Vehicle arrival at task: 1602.7100000000003
	Waiting time until service start time: 0.0

	id: 109
		node: 52
		(x, y, z): (18, 70, 3)
		dem: 26
		earl: 1504
		lat: 1744
		servt: 10
		pid: 0
		did: 53
		servST: 1602.7100000000003
		(h, h_ind): (-1, 0)
		load: 60.0

	Finished service at time: 1612.7100000000003

	Using Machine: 4
		Task 109 -> Machine 4 (Station 4): 49.01
		Vehicle arrival at machine station: 1661.7200000000003
		Waiting time until machine travel: 0.0

		Machine travel start time: 1661.7200000000003
		Region 3 -> Region 2: 5.0
		Machine arrival at machine station: 1666.7200000000003

		Machine 4 (Station 3)-> Task 20: 61.13
		Vehicle arrival at task: 1727.8500000000004
		Waiting time until service start time: 0.0

	id: 20
		node: 64
		(x, y, z): (8, 87, 2)
		dem: -14
		earl: 1545
		lat: 1785
		servt: 10
		pid: 4
		did: 0
		servST: 1727.8500000000004
		(h, h_ind): (4, 17)
		load: 46.0

	Finished service at time: 1737.8500000000004

	Using Machine: 4
		Task 20 -> Machine 4 (Station 3): 61.13
		Vehicle arrival at machine station: 1798.9800000000005
		Waiting time until machine travel: 0.0

		Machine travel start time: 1798.9800000000005
		Region 2 -> Region 1: 5.0
		Machine arrival at machine station: 1803.9800000000005

		Machine 4 (Station 2)-> Task 10: 83.6
		Vehicle arrival at task: 1887.5800000000004
		Waiting time until service start time: 0.0

	id: 10
		node: 8
		(x, y, z): (17, 138, 1)
		dem: 8
		earl: 1670
		lat: 1910
		servt: 10
		pid: 0
		did: 73
		servST: 1887.5800000000004
		(h, h_ind): (4, 20)
		load: 54.0

	Finished service at time: 1897.5800000000004

	Using Machine: 4
		Task 10 -> Machine 4 (Station 2): 83.6
		Vehicle arrival at machine station: 1981.1800000000003
		Waiting time until machine travel: 0.0

		Machine travel start time: 1981.1800000000003
		Region 1 -> Region 0: 5.0
		Machine arrival at machine station: 1986.1800000000003

		Machine 4 (Station 1)-> Task 73: 40.31
		Vehicle arrival at task: 2026.4900000000002
		Waiting time until service start time: 0.0

	id: 73
		node: 68
		(x, y, z): (39, 100, 0)
		dem: -8
		earl: 0
		lat: 2482
		servt: 10
		pid: 10
		did: 0
		servST: 2026.4900000000002
		(h, h_ind): (4, 23)
		load: 46.0

	Finished service at time: 2036.4900000000002

	Task 73 -> Task 53: 26.4
	Vehicle arrival at task: 2062.8900000000003
	Waiting time until service start time: 0.0

	id: 53
		node: 112
		(x, y, z): (60, 84, 0)
		dem: -26
		earl: 1866
		lat: 2106
		servt: 10
		pid: 109
		did: 0
		servST: 2062.8900000000003
		(h, h_ind): (-1, 0)
		load: 20.0

	Finished service at time: 2072.8900000000003

	Task 53 -> Task 114: 68.01
	Vehicle arrival at task: 2140.9000000000005
	Waiting time until service start time: 0.0

	id: 114
		node: 56
		(x, y, z): (115, 124, 0)
		dem: 11
		earl: 0
		lat: 2455
		servt: 10
		pid: 0
		did: 63
		servST: 2140.9000000000005
		(h, h_ind): (-1, 0)
		load: 31.0

	Finished service at time: 2150.9000000000005

	Using Machine: 4
		Task 114 -> Machine 4 (Station 1): 71.51
		Vehicle arrival at machine station: 2222.4100000000008
		Waiting time until machine travel: 0.0

		Machine travel start time: 2222.4100000000008
		Region 0 -> Region 2: 10.0
		Machine arrival at machine station: 2232.4100000000008

		Machine 4 (Station 3)-> Task 63: 39.82
		Vehicle arrival at task: 2272.230000000001
		Waiting time until service start time: 0.0

	id: 63
		node: 116
		(x, y, z): (32, 52, 2)
		dem: -11
		earl: 0
		lat: 2483
		servt: 10
		pid: 114
		did: 0
		servST: 2272.230000000001
		(h, h_ind): (4, 25)
		load: 20.0

	Finished service at time: 2282.230000000001

	Task 63 -> Task 179: 40.31
	Vehicle arrival at task: 2322.540000000001
	Waiting time until service start time: 0.0

	id: 179
		node: 111
		(x, y, z): (60, 23, 2)
		dem: -20
		earl: 0
		lat: 2477
		servt: 10
		pid: 106
		did: 0
		servST: 2322.540000000001
		(h, h_ind): (-1, 0)
		load: 0.0

	Finished service at time: 2332.540000000001

	Using Machine: 2
		Task 179 -> Machine 2 (Station 3): 48.84
		Vehicle arrival at machine station: 2381.380000000001
		Waiting time until machine travel: 0.0

		Machine travel start time: 2381.380000000001
		Region 2 -> Region 0: 10.0
		Machine arrival at machine station: 2391.380000000001

		Machine 2 (Station 1)-> Task 0: 1.41
		Vehicle arrival at task: 2392.790000000001
		Waiting time until service start time: 0.0

	id: 0
		node: 122
		(x, y, z): (70, 70, 0)
		dem: 0
		earl: 0
		lat: 2535
		servt: 0
		pid: 0
		did: 0
		servST: 2392.790000000001
		(h, h_ind): (2, 10)
		load: 0.0


Vehicle 8 :
	id: 0
		node: 1
		(x, y, z): (70, 70, 0)
		dem: 0
		earl: 0
		lat: 2535
		servt: 0
		pid: 0
		did: 0
		servST: 2.409999999999581
		(h, h_ind): (-1, 0)
		load: 0.0

	Finished service at time: 2.409999999999581

	Using Machine: 1
		Task 0 -> Machine 1 (Station 1): 3.16
		Vehicle arrival at machine station: 5.569999999999581
		Waiting time until machine travel: 0.0

		Machine travel start time: 5.569999999999581
		Region 0 -> Region 2: 10.0
		Machine arrival at machine station: 15.569999999999581

		Machine 1 (Station 3)-> Task 68: 69.97
		Vehicle arrival at task: 85.53999999999958
		Waiting time until service start time: 0.0

	id: 68
		node: 34
		(x, y, z): (109, 131, 2)
		dem: 16
		earl: 0
		lat: 2453
		servt: 10
		pid: 0
		did: 158
		servST: 85.53999999999958
		(h, h_ind): (1, 1)
		load: 16.0

	Finished service at time: 95.53999999999958

	Task 68 -> Task 40: 23.09
	Vehicle arrival at task: 118.62999999999958
	Waiting time until service start time: 0.0

	id: 40
		node: 22
		(x, y, z): (132, 133, 2)
		dem: 24
		earl: 0
		lat: 2437
		servt: 10
		pid: 0
		did: 72
		servST: 118.62999999999958
		(h, h_ind): (-1, 0)
		load: 40.0

	Finished service at time: 128.6299999999996

	Task 40 -> Task 72: 112.92
	Vehicle arrival at task: 241.5499999999996
	Waiting time until service start time: -0.0

	id: 72
		node: 82
		(x, y, z): (88, 29, 2)
		dem: -24
		earl: 0
		lat: 2481
		servt: 10
		pid: 40
		did: 0
		servST: 241.54999999999959
		(h, h_ind): (-1, 0)
		load: 16.0

	Finished service at time: 251.54999999999959

	Using Machine: 3
		Task 72 -> Machine 3 (Station 3): 43.97
		Vehicle arrival at machine station: 295.5199999999996
		Waiting time until machine travel: 0.0

		Machine travel start time: 295.5199999999996
		Region 2 -> Region 1: 5.0
		Machine arrival at machine station: 300.5199999999996

		Machine 3 (Station 2)-> Task 6: 90.55
		Vehicle arrival at task: 391.0699999999996
		Waiting time until service start time: 0.0

	id: 6
		node: 5
		(x, y, z): (137, 137, 1)
		dem: 27
		earl: 339
		lat: 579
		servt: 10
		pid: 0
		did: 191
		servST: 391.0699999999996
		(h, h_ind): (3, 4)
		load: 43.0

	Finished service at time: 401.0699999999996

	Task 6 -> Task 118: 110.86
	Vehicle arrival at task: 511.9299999999996
	Waiting time until service start time: 0.0

	id: 118
		node: 59
		(x, y, z): (108, 30, 1)
		dem: 18
		earl: 323
		lat: 563
		servt: 10
		pid: 0
		did: 107
		servST: 511.9299999999996
		(h, h_ind): (-1, 0)
		load: 61.0

	Finished service at time: 521.9299999999996

	Using Machine: 3
		Task 118 -> Machine 3 (Station 2): 52.63
		Vehicle arrival at machine station: 574.5599999999996
		Waiting time until machine travel: 0.0

		Machine travel start time: 574.5599999999996
		Region 1 -> Region 3: 10.0
		Machine arrival at machine station: 584.5599999999996

		Machine 3 (Station 4)-> Task 115: 20.59
		Vehicle arrival at task: 605.1499999999996
		Waiting time until service start time: 0.0

	id: 115
		node: 57
		(x, y, z): (93, 61, 3)
		dem: 10
		earl: 0
		lat: 2501
		servt: 10
		pid: 0
		did: 71
		servST: 605.1499999999996
		(h, h_ind): (3, 8)
		load: 71.0

	Finished service at time: 615.1499999999996

	Using Machine: 3
		Task 115 -> Machine 3 (Station 4): 20.59
		Vehicle arrival at machine station: 635.7399999999997
		Waiting time until machine travel: 0.0

		Machine travel start time: 635.7399999999997
		Region 3 -> Region 0: 15.0
		Machine arrival at machine station: 650.7399999999997

		Machine 3 (Station 1)-> Task 107: 44.82
		Vehicle arrival at task: 695.5599999999997
		Waiting time until service start time: 0.0

	id: 107
		node: 119
		(x, y, z): (110, 99, 0)
		dem: -18
		earl: 0
		lat: 2476
		servt: 10
		pid: 118
		did: 0
		servST: 695.5599999999997
		(h, h_ind): (3, 10)
		load: 53.0

	Finished service at time: 705.5599999999997

	Using Machine: 3
		Task 107 -> Machine 3 (Station 1): 44.82
		Vehicle arrival at machine station: 750.3799999999998
		Waiting time until machine travel: 0.0

		Machine travel start time: 750.3799999999998
		Region 0 -> Region 3: 15.0
		Machine arrival at machine station: 765.3799999999998

		Machine 3 (Station 4)-> Task 18: 4.12
		Vehicle arrival at task: 769.4999999999998
		Waiting time until service start time: 0.0

	id: 18
		node: 11
		(x, y, z): (79, 72, 3)
		dem: 22
		earl: 0
		lat: 2516
		servt: 10
		pid: 0
		did: 138
		servST: 769.4999999999998
		(h, h_ind): (3, 12)
		load: 75.0

	Finished service at time: 779.4999999999998

	Using Machine: 3
		Task 18 -> Machine 3 (Station 4): 4.12
		Vehicle arrival at machine station: 783.6199999999998
		Waiting time until machine travel: 0.0

		Machine travel start time: 783.6199999999998
		Region 3 -> Region 2: 5.0
		Machine arrival at machine station: 788.6199999999998

		Machine 3 (Station 3)-> Task 191: 50.09
		Vehicle arrival at task: 838.7099999999998
		Waiting time until service start time: 0.0

	id: 191
		node: 65
		(x, y, z): (125, 68, 2)
		dem: -27
		earl: 708
		lat: 948
		servt: 10
		pid: 6
		did: 0
		servST: 838.7099999999998
		(h, h_ind): (3, 13)
		load: 48.0

	Finished service at time: 848.7099999999998

	Using Machine: 3
		Task 191 -> Machine 3 (Station 3): 50.09
		Vehicle arrival at machine station: 898.7999999999998
		Waiting time until machine travel: 0.0

		Machine travel start time: 898.7999999999998
		Region 2 -> Region 1: 5.0
		Machine arrival at machine station: 903.7999999999998

		Machine 3 (Station 2)-> Task 71: 64.07
		Vehicle arrival at task: 967.8699999999999
		Waiting time until service start time: 0.0

	id: 71
		node: 117
		(x, y, z): (139, 68, 1)
		dem: -10
		earl: 0
		lat: 2456
		servt: 10
		pid: 115
		did: 0
		servST: 967.8699999999999
		(h, h_ind): (3, 15)
		load: 38.0

	Finished service at time: 977.8699999999999

	Using Machine: 1
		Task 71 -> Machine 1 (Station 2): 66.07
		Vehicle arrival at machine station: 1043.9399999999998
		Waiting time until machine travel: 0.0

		Machine travel start time: 1043.9399999999998
		Region 1 -> Region 3: 10.0
		Machine arrival at machine station: 1053.9399999999998

		Machine 1 (Station 4)-> Task 158: 35.51
		Vehicle arrival at task: 1089.4499999999998
		Waiting time until service start time: 0.0

	id: 158
		node: 94
		(x, y, z): (54, 41, 3)
		dem: -16
		earl: 1065
		lat: 1305
		servt: 10
		pid: 68
		did: 0
		servST: 1089.4499999999998
		(h, h_ind): (1, 6)
		load: 22.0

	Finished service at time: 1099.4499999999998

	Task 158 -> Task 23: 32.56
	Vehicle arrival at task: 1132.0099999999998
	Waiting time until service start time: 0.0

	id: 23
		node: 12
		(x, y, z): (78, 63, 3)
		dem: 19
		earl: 0
		lat: 2515
		servt: 10
		pid: 0
		did: 110
		servST: 1132.0099999999998
		(h, h_ind): (-1, 0)
		load: 41.0

	Finished service at time: 1142.0099999999998

	Using Machine: 3
		Task 23 -> Machine 3 (Station 4): 8.54
		Vehicle arrival at machine station: 1150.5499999999997
		Waiting time until machine travel: 0.0

		Machine travel start time: 1150.5499999999997
		Region 3 -> Region 0: 15.0
		Machine arrival at machine station: 1165.5499999999997

		Machine 3 (Station 1)-> Task 138: 37.54
		Vehicle arrival at task: 1203.0899999999997
		Waiting time until service start time: 0.0

	id: 138
		node: 71
		(x, y, z): (100, 99, 0)
		dem: -22
		earl: 1136
		lat: 1376
		servt: 10
		pid: 18
		did: 0
		servST: 1203.0899999999997
		(h, h_ind): (3, 18)
		load: 19.0

	Finished service at time: 1213.0899999999997

	Using Machine: 0
		Task 138 -> Machine 0 (Station 1): 40.31
		Vehicle arrival at machine station: 1253.3999999999996
		Waiting time until machine travel: 4.58

		Machine travel start time: 1257.98
		Region 0 -> Region 1: 5.0
		Machine arrival at machine station: 1262.98

		Machine 0 (Station 2)-> Task 93: 82.02
		Vehicle arrival at task: 1345.0
		Waiting time until service start time: 0.0

	id: 93
		node: 46
		(x, y, z): (13, 129, 1)
		dem: 25
		earl: 1345
		lat: 1585
		servt: 10
		pid: 0
		did: 189
		servST: 1345.0
		(h, h_ind): (0, 4)
		load: 44.0

	Finished service at time: 1355.0

	Task 93 -> Task 189: 31.05
	Vehicle arrival at task: 1386.05
	Waiting time until service start time: 0.0

	id: 189
		node: 106
		(x, y, z): (5, 99, 1)
		dem: -25
		earl: 0
		lat: 2454
		servt: 10
		pid: 93
		did: 0
		servST: 1386.05
		(h, h_ind): (-1, 0)
		load: 19.0

	Finished service at time: 1396.05

	Using Machine: 4
		Task 189 -> Machine 4 (Station 2): 68.03
		Vehicle arrival at machine station: 1464.08
		Waiting time until machine travel: 0.0

		Machine travel start time: 1464.08
		Region 1 -> Region 2: 5.0
		Machine arrival at machine station: 1469.08

		Machine 4 (Station 3)-> Task 123: 71.85
		Vehicle arrival at task: 1540.9299999999998
		Waiting time until service start time: 0.0

	id: 123
		node: 61
		(x, y, z): (26, 130, 2)
		dem: 20
		earl: 0
		lat: 2451
		servt: 10
		pid: 0
		did: 54
		servST: 1540.9299999999998
		(h, h_ind): (4, 16)
		load: 39.0

	Finished service at time: 1550.9299999999998

	Task 123 -> Task 54: 83.02
	Vehicle arrival at task: 1633.9499999999998
	Waiting time until service start time: 0.0

	id: 54
		node: 121
		(x, y, z): (13, 48, 2)
		dem: -20
		earl: 1622
		lat: 1862
		servt: 10
		pid: 123
		did: 0
		servST: 1633.9499999999998
		(h, h_ind): (-1, 0)
		load: 19.0

	Finished service at time: 1643.9499999999998

	Using Machine: 4
		Task 54 -> Machine 4 (Station 3): 58.69
		Vehicle arrival at machine station: 1702.6399999999999
		Waiting time until machine travel: 0.0

		Machine travel start time: 1702.6399999999999
		Region 2 -> Region 3: 5.0
		Machine arrival at machine station: 1707.6399999999999

		Machine 4 (Station 4)-> Task 110: 51.79
		Vehicle arrival at task: 1759.4299999999998
		Waiting time until service start time: 0.0

	id: 110
		node: 72
		(x, y, z): (16, 62, 3)
		dem: -19
		earl: 1524
		lat: 1764
		servt: 10
		pid: 23
		did: 0
		servST: 1759.4299999999998
		(h, h_ind): (4, 18)
		load: 0.0

	Finished service at time: 1769.4299999999998

	Using Machine: 4
		Task 110 -> Machine 4 (Station 4): 51.79
		Vehicle arrival at machine station: 1821.2199999999998
		Waiting time until machine travel: 0.0

		Machine travel start time: 1821.2199999999998
		Region 3 -> Region 0: 15.0
		Machine arrival at machine station: 1836.2199999999998

		Machine 4 (Station 1)-> Task 0: 3.16
		Vehicle arrival at task: 1839.3799999999999
		Waiting time until service start time: 0.0

	id: 0
		node: 122
		(x, y, z): (70, 70, 0)
		dem: 0
		earl: 0
		lat: 2535
		servt: 0
		pid: 0
		did: 0
		servST: 1839.3799999999999
		(h, h_ind): (4, 21)
		load: 0.0


Vehicle 32 :
	id: 0
		node: 1
		(x, y, z): (70, 70, 0)
		dem: 0
		earl: 0
		lat: 2535
		servt: 0
		pid: 0
		did: 0
		servST: 51.27000000000001
		(h, h_ind): (-1, 0)
		load: 0.0

	Finished service at time: 51.27000000000001

	Task 0 -> Task 3: 42.06
	Vehicle arrival at task: 93.33000000000001
	Waiting time until service start time: 0.0

	id: 3
		node: 3
		(x, y, z): (30, 57, 0)
		dem: 20
		earl: 0
		lat: 2483
		servt: 10
		pid: 0
		did: 95
		servST: 93.33000000000001
		(h, h_ind): (-1, 0)
		load: 20.0

	Finished service at time: 103.33000000000001

	Using Machine: 2
		Task 3 -> Machine 2 (Station 1): 41.44
		Vehicle arrival at machine station: 144.77
		Waiting time until machine travel: 0.0

		Machine travel start time: 144.77
		Region 0 -> Region 1: 5.0
		Machine arrival at machine station: 149.77

		Machine 2 (Station 2)-> Task 80: 2.24
		Vehicle arrival at task: 152.01000000000002
		Waiting time until service start time: 0.0

	id: 80
		node: 39
		(x, y, z): (71, 70, 1)
		dem: 9
		earl: 0
		lat: 2524
		servt: 10
		pid: 0
		did: 119
		servST: 152.01000000000002
		(h, h_ind): (2, 3)
		load: 29.0

	Finished service at time: 162.01000000000002

	Task 80 -> Task 92: 35.85
	Vehicle arrival at task: 197.86
	Waiting time until service start time: 0.0

	id: 92
		node: 45
		(x, y, z): (102, 52, 1)
		dem: 15
		earl: 0
		lat: 2489
		servt: 10
		pid: 0
		did: 61
		servST: 197.86
		(h, h_ind): (-1, 0)
		load: 44.0

	Finished service at time: 207.86

	Task 92 -> Task 119: 19.7
	Vehicle arrival at task: 227.56
	Waiting time until service start time: 0.0

	id: 119
		node: 99
		(x, y, z): (120, 60, 1)
		dem: -9
		earl: 156
		lat: 396
		servt: 10
		pid: 80
		did: 0
		servST: 227.56
		(h, h_ind): (-1, 0)
		load: 35.0

	Finished service at time: 237.56

	Task 119 -> Task 95: 49.37
	Vehicle arrival at task: 286.93
	Waiting time until service start time: 0.0

	id: 95
		node: 63
		(x, y, z): (114, 109, 1)
		dem: -20
		earl: 249
		lat: 489
		servt: 10
		pid: 3
		did: 0
		servST: 286.93
		(h, h_ind): (-1, 0)
		load: 15.0

	Finished service at time: 296.93

	Using Machine: 3
		Task 95 -> Machine 3 (Station 2): 54.45
		Vehicle arrival at machine station: 351.38
		Waiting time until machine travel: 0.0

		Machine travel start time: 351.38
		Region 1 -> Region 0: 5.0
		Machine arrival at machine station: 356.38

		Machine 3 (Station 1)-> Task 61: 33.62
		Vehicle arrival at task: 390.0
		Waiting time until service start time: 0.0

	id: 61
		node: 105
		(x, y, z): (104, 54, 0)
		dem: -15
		earl: 150
		lat: 390
		servt: 10
		pid: 92
		did: 0
		servST: 390.0
		(h, h_ind): (3, 5)
		load: 0.0

	Finished service at time: 400.0

	Using Machine: 3
		Task 61 -> Machine 3 (Station 1): 33.62
		Vehicle arrival at machine station: 433.62
		Waiting time until machine travel: 0.0

		Machine travel start time: 433.62
		Region 0 -> Region 1: 5.0
		Machine arrival at machine station: 438.62

		Machine 3 (Station 2)-> Task 103: 63.89
		Vehicle arrival at task: 502.51
		Waiting time until service start time: 0.0

	id: 103
		node: 49
		(x, y, z): (116, 22, 1)
		dem: 32
		earl: 491
		lat: 731
		servt: 10
		pid: 0
		did: 60
		servST: 502.51
		(h, h_ind): (3, 6)
		load: 32.0

	Finished service at time: 512.51

	Task 103 -> Task 60: 55.73
	Vehicle arrival at task: 568.24
	Waiting time until service start time: 0.0

	id: 60
		node: 109
		(x, y, z): (107, 77, 1)
		dem: -32
		earl: 0
		lat: 2488
		servt: 10
		pid: 103
		did: 0
		servST: 568.24
		(h, h_ind): (-1, 0)
		load: 0.0

	Finished service at time: 578.24

	Using Machine: 3
		Task 60 -> Machine 3 (Station 2): 32.56
		Vehicle arrival at machine station: 610.8
		Waiting time until machine travel: 0.0

		Machine travel start time: 610.8
		Region 1 -> Region 0: 5.0
		Machine arrival at machine station: 615.8

		Machine 3 (Station 1)-> Task 0: 5.1
		Vehicle arrival at task: 620.9
		Waiting time until service start time: 0.0

	id: 0
		node: 122
		(x, y, z): (70, 70, 0)
		dem: 0
		earl: 0
		lat: 2535
		servt: 0
		pid: 0
		did: 0
		servST: 620.9
		(h, h_ind): (3, 9)
		load: 0.0


Vehicle 33 :
	id: 0
		node: 1
		(x, y, z): (70, 70, 0)
		dem: 0
		earl: 0
		lat: 2535
		servt: 0
		pid: 0
		did: 0
		servST: 8.810000000000006
		(h, h_ind): (-1, 0)
		load: 0.0

	Finished service at time: 8.810000000000006

	Using Machine: 4
		Task 0 -> Machine 4 (Station 1): 3.16
		Vehicle arrival at machine station: 11.970000000000006
		Waiting time until machine travel: 0.0

		Machine travel start time: 11.970000000000006
		Region 0 -> Region 3: 15.0
		Machine arrival at machine station: 26.970000000000006

		Machine 4 (Station 4)-> Task 33: 48.88
		Vehicle arrival at task: 75.85000000000001
		Waiting time until service start time: 0.0

	id: 33
		node: 18
		(x, y, z): (42, 29, 3)
		dem: 12
		earl: 0
		lat: 2476
		servt: 10
		pid: 0
		did: 192
		servST: 75.85000000000001
		(h, h_ind): (4, 1)
		load: 12.0

	Finished service at time: 85.85000000000001

	Task 33 -> Task 116: 48.05
	Vehicle arrival at task: 133.9
	Waiting time until service start time: 0.0

	id: 116
		node: 58
		(x, y, z): (89, 39, 3)
		dem: 23
		earl: 36
		lat: 276
		servt: 10
		pid: 0
		did: 14
		servST: 133.9
		(h, h_ind): (-1, 0)
		load: 35.0

	Finished service at time: 143.9

	Task 116 -> Task 47: 5.1
	Vehicle arrival at task: 149.0
	Waiting time until service start time: 0.0

	id: 47
		node: 26
		(x, y, z): (90, 44, 3)
		dem: 6
		earl: 149
		lat: 389
		servt: 10
		pid: 0
		did: 165
		servST: 149.0
		(h, h_ind): (-1, 0)
		load: 41.0

	Finished service at time: 159.0

	Using Machine: 3
		Task 47 -> Machine 3 (Station 4): 30.89
		Vehicle arrival at machine station: 189.89
		Waiting time until machine travel: 0.0

		Machine travel start time: 189.89
		Region 3 -> Region 2: 5.0
		Machine arrival at machine station: 194.89

		Machine 3 (Station 3)-> Task 45: 32.76
		Vehicle arrival at task: 227.64999999999998
		Waiting time until service start time: 0.0

	id: 45
		node: 25
		(x, y, z): (82, 103, 2)
		dem: 15
		earl: 0
		lat: 2490
		servt: 10
		pid: 0
		did: 16
		servST: 227.64999999999998
		(h, h_ind): (3, 2)
		load: 56.0

	Finished service at time: 237.64999999999998

	Task 45 -> Task 192: 77.03
	Vehicle arrival at task: 314.67999999999995
	Waiting time until service start time: 0.0

	id: 192
		node: 78
		(x, y, z): (44, 36, 2)
		dem: -12
		earl: 131
		lat: 371
		servt: 10
		pid: 33
		did: 0
		servST: 314.67999999999995
		(h, h_ind): (-1, 0)
		load: 44.0

	Finished service at time: 324.67999999999995

	Task 192 -> Task 165: 30.53
	Vehicle arrival at task: 355.2099999999999
	Waiting time until service start time: 0.0

	id: 165
		node: 86
		(x, y, z): (28, 62, 2)
		dem: -6
		earl: 0
		lat: 2483
		servt: 10
		pid: 47
		did: 0
		servST: 355.2099999999999
		(h, h_ind): (-1, 0)
		load: 38.0

	Finished service at time: 365.2099999999999

	Task 165 -> Task 91: 55.23
	Vehicle arrival at task: 420.43999999999994
	Waiting time until service start time: 0.0

	id: 91
		node: 44
		(x, y, z): (33, 117, 2)
		dem: 20
		earl: 316
		lat: 556
		servt: 10
		pid: 0
		did: 96
		servST: 420.43999999999994
		(h, h_ind): (-1, 0)
		load: 58.0

	Finished service at time: 430.43999999999994

	Using Machine: 4
		Task 91 -> Machine 4 (Station 3): 57.2
		Vehicle arrival at machine station: 487.63999999999993
		Waiting time until machine travel: 0.0

		Machine travel start time: 487.63999999999993
		Region 2 -> Region 0: 10.0
		Machine arrival at machine station: 497.63999999999993

		Machine 4 (Station 1)-> Task 14: 55.8
		Vehicle arrival at task: 553.4399999999999
		Waiting time until service start time: 0.0

	id: 14
		node: 118
		(x, y, z): (22, 104, 0)
		dem: -23
		earl: 0
		lat: 2467
		servt: 10
		pid: 116
		did: 0
		servST: 553.4399999999999
		(h, h_ind): (4, 8)
		load: 35.0

	Finished service at time: 563.4399999999999

	Using Machine: 1
		Task 14 -> Machine 1 (Station 1): 60.75
		Vehicle arrival at machine station: 624.1899999999999
		Waiting time until machine travel: 0.0

		Machine travel start time: 624.1899999999999
		Region 0 -> Region 2: 10.0
		Machine arrival at machine station: 634.1899999999999

		Machine 1 (Station 3)-> Task 96: 15.81
		Vehicle arrival at task: 649.9999999999999
		Waiting time until service start time: 0.0

	id: 96
		node: 104
		(x, y, z): (86, 80, 2)
		dem: -20
		earl: 0
		lat: 2507
		servt: 10
		pid: 91
		did: 0
		servST: 650.0
		(h, h_ind): (1, 3)
		load: 15.0

	Finished service at time: 660.0

	Task 96 -> Task 38: 30.41
	Vehicle arrival at task: 690.41
	Waiting time until service start time: 0.0

	id: 38
		node: 21
		(x, y, z): (107, 102, 2)
		dem: 12
		earl: 0
		lat: 2477
		servt: 10
		pid: 0
		did: 19
		servST: 690.41
		(h, h_ind): (-1, 0)
		load: 27.0

	Finished service at time: 700.41

	Using Machine: 1
		Task 38 -> Machine 1 (Station 3): 46.01
		Vehicle arrival at machine station: 746.42
		Waiting time until machine travel: 0.0

		Machine travel start time: 746.42
		Region 2 -> Region 0: 10.0
		Machine arrival at machine station: 756.42

		Machine 1 (Station 1)-> Task 50: 67.6
		Vehicle arrival at task: 824.02
		Waiting time until service start time: 0.0

	id: 50
		node: 27
		(x, y, z): (64, 138, 0)
		dem: 15
		earl: 0
		lat: 2457
		servt: 10
		pid: 0
		did: 124
		servST: 824.02
		(h, h_ind): (1, 4)
		load: 42.0

	Finished service at time: 834.02

	Using Machine: 0
		Task 50 -> Machine 0 (Station 1): 67.36
		Vehicle arrival at machine station: 901.38
		Waiting time until machine travel: 0.0

		Machine travel start time: 901.38
		Region 0 -> Region 3: 15.0
		Machine arrival at machine station: 916.38

		Machine 0 (Station 4)-> Task 19: 51.09
		Vehicle arrival at task: 967.47
		Waiting time until service start time: 0.0

	id: 19
		node: 81
		(x, y, z): (104, 32, 3)
		dem: -12
		earl: 0
		lat: 2475
		servt: 10
		pid: 38
		did: 0
		servST: 967.47
		(h, h_ind): (0, 2)
		load: 30.0

	Finished service at time: 977.47

	Task 19 -> Task 31: 37.36
	Vehicle arrival at task: 1014.83
	Waiting time until service start time: 0.0

	id: 31
		node: 16
		(x, y, z): (140, 42, 3)
		dem: 13
		earl: 0
		lat: 2450
		servt: 10
		pid: 0
		did: 15
		servST: 1014.83
		(h, h_ind): (-1, 0)
		load: 43.0

	Finished service at time: 1024.83

	Task 31 -> Task 124: 88.24
	Vehicle arrival at task: 1113.07
	Waiting time until service start time: 0.0

	id: 124
		node: 87
		(x, y, z): (85, 111, 3)
		dem: -15
		earl: 952
		lat: 1192
		servt: 10
		pid: 50
		did: 0
		servST: 1113.07
		(h, h_ind): (-1, 0)
		load: 28.0

	Finished service at time: 1123.07

	Using Machine: 1
		Task 124 -> Machine 1 (Station 4): 41.76
		Vehicle arrival at machine station: 1164.83
		Waiting time until machine travel: 0.0

		Machine travel start time: 1164.83
		Region 3 -> Region 1: 10.0
		Machine arrival at machine station: 1174.83

		Machine 1 (Station 2)-> Task 9: 57.2
		Vehicle arrival at task: 1232.03
		Waiting time until service start time: 0.0

	id: 9
		node: 7
		(x, y, z): (107, 25, 1)
		dem: 13
		earl: 1035
		lat: 1275
		servt: 10
		pid: 0
		did: 82
		servST: 1232.03
		(h, h_ind): (1, 7)
		load: 41.0

	Finished service at time: 1242.03

	Task 9 -> Task 15: 34.99
	Vehicle arrival at task: 1277.02
	Waiting time until service start time: 0.0

	id: 15
		node: 76
		(x, y, z): (137, 7, 1)
		dem: -13
		earl: 0
		lat: 2434
		servt: 10
		pid: 31
		did: 0
		servST: 1277.02
		(h, h_ind): (-1, 0)
		load: 28.0

	Finished service at time: 1287.02

	Using Machine: 1
		Task 15 -> Machine 1 (Station 2): 90.51
		Vehicle arrival at machine station: 1377.53
		Waiting time until machine travel: 0.0

		Machine travel start time: 1377.53
		Region 1 -> Region 3: 10.0
		Machine arrival at machine station: 1387.53

		Machine 1 (Station 4)-> Task 16: 41.88
		Vehicle arrival at task: 1429.41
		Waiting time until service start time: 0.0

	id: 16
		node: 85
		(x, y, z): (50, 106, 3)
		dem: -15
		earl: 1221
		lat: 1461
		servt: 10
		pid: 45
		did: 0
		servST: 1429.41
		(h, h_ind): (1, 8)
		load: 13.0

	Finished service at time: 1439.41

	Task 16 -> Task 82: 53.85
	Vehicle arrival at task: 1493.26
	Waiting time until service start time: 0.0

	id: 82
		node: 67
		(x, y, z): (36, 54, 3)
		dem: -13
		earl: 1428
		lat: 1668
		servt: 10
		pid: 9
		did: 0
		servST: 1493.26
		(h, h_ind): (-1, 0)
		load: 0.0

	Finished service at time: 1503.26

	Task 82 -> Task 75: 70.6
	Vehicle arrival at task: 1573.86
	Waiting time until service start time: 0.0

	id: 75
		node: 36
		(x, y, z): (104, 73, 3)
		dem: 17
		earl: 0
		lat: 2491
		servt: 10
		pid: 0
		did: 169
		servST: 1573.86
		(h, h_ind): (-1, 0)
		load: 17.0

	Finished service at time: 1583.86

	Task 75 -> Task 121: 107.21
	Vehicle arrival at task: 1691.07
	Waiting time until service start time: 0.0

	id: 121
		node: 60
		(x, y, z): (2, 106, 3)
		dem: 16
		earl: 1487
		lat: 1727
		servt: 10
		pid: 0
		did: 171
		servST: 1691.07
		(h, h_ind): (-1, 0)
		load: 33.0

	Finished service at time: 1701.07

	Using Machine: 4
		Task 121 -> Machine 4 (Station 4): 73.82
		Vehicle arrival at machine station: 1774.8899999999999
		Waiting time until machine travel: 0.0

		Machine travel start time: 1774.8899999999999
		Region 3 -> Region 2: 5.0
		Machine arrival at machine station: 1779.8899999999999

		Machine 4 (Station 3)-> Task 171: 11.05
		Vehicle arrival at task: 1790.9399999999998
		Waiting time until service start time: 0.0

	id: 171
		node: 120
		(x, y, z): (66, 82, 2)
		dem: -16
		earl: 0
		lat: 2513
		servt: 10
		pid: 121
		did: 0
		servST: 1790.9399999999998
		(h, h_ind): (4, 19)
		load: 17.0

	Finished service at time: 1800.9399999999998

	Task 171 -> Task 169: 18.03
	Vehicle arrival at task: 1818.9699999999998
	Waiting time until service start time: 0.0

	id: 169
		node: 96
		(x, y, z): (51, 92, 2)
		dem: -17
		earl: 1731
		lat: 1971
		servt: 10
		pid: 75
		did: 0
		servST: 1818.9699999999998
		(h, h_ind): (-1, 0)
		load: 0.0

	Finished service at time: 1828.9699999999998

	Using Machine: 2
		Task 169 -> Machine 2 (Station 3): 27.66
		Vehicle arrival at machine station: 1856.6299999999999
		Waiting time until machine travel: 0.0

		Machine travel start time: 1856.6299999999999
		Region 2 -> Region 0: 10.0
		Machine arrival at machine station: 1866.6299999999999

		Machine 2 (Station 1)-> Task 0: 1.41
		Vehicle arrival at task: 1868.04
		Waiting time until service start time: 0.0

	id: 0
		node: 122
		(x, y, z): (70, 70, 0)
		dem: 0
		earl: 0
		lat: 2535
		servt: 0
		pid: 0
		did: 0
		servST: 1868.04
		(h, h_ind): (2, 7)
		load: 0.0


Vehicle 45 :
	id: 0
		node: 1
		(x, y, z): (70, 70, 0)
		dem: 0
		earl: 0
		lat: 2535
		servt: 0
		pid: 0
		did: 0
		servST: 26.01999999999981
		(h, h_ind): (-1, 0)
		load: 0.0

	Finished service at time: 26.01999999999981

	Using Machine: 0
		Task 0 -> Machine 0 (Station 1): 1.41
		Vehicle arrival at machine station: 27.42999999999981
		Waiting time until machine travel: 0.0

		Machine travel start time: 27.42999999999981
		Region 0 -> Region 2: 10.0
		Machine arrival at machine station: 37.42999999999981

		Machine 0 (Station 3)-> Task 41: 17.2
		Vehicle arrival at task: 54.62999999999981
		Waiting time until service start time: 0.0

	id: 41
		node: 23
		(x, y, z): (81, 57, 2)
		dem: 8
		earl: 17
		lat: 257
		servt: 10
		pid: 0
		did: 198
		servST: 54.62999999999981
		(h, h_ind): (0, 1)
		load: 8.0

	Finished service at time: 64.62999999999981

	Using Machine: 4
		Task 41 -> Machine 4 (Station 3): 19.8
		Vehicle arrival at machine station: 84.42999999999981
		Waiting time until machine travel: 0.0

		Machine travel start time: 84.42999999999981
		Region 2 -> Region 3: 5.0
		Machine arrival at machine station: 89.42999999999981

		Machine 4 (Station 4)-> Task 100: 59.62
		Vehicle arrival at task: 149.0499999999998
		Waiting time until service start time: 22.95

	id: 100
		node: 48
		(x, y, z): (12, 48, 3)
		dem: 4
		earl: 172
		lat: 412
		servt: 10
		pid: 0
		did: 34
		servST: 171.99999999999994
		(h, h_ind): (4, 2)
		load: 12.0

	Finished service at time: 181.99999999999994

	Using Machine: 4
		Task 100 -> Machine 4 (Station 4): 59.62
		Vehicle arrival at machine station: 241.61999999999995
		Waiting time until machine travel: 0.0

		Machine travel start time: 241.61999999999995
		Region 3 -> Region 1: 10.0
		Machine arrival at machine station: 251.61999999999995

		Machine 4 (Station 2)-> Task 34: 26.42
		Vehicle arrival at task: 278.03999999999996
		Waiting time until service start time: 0.0

	id: 34
		node: 108
		(x, y, z): (44, 58, 1)
		dem: -4
		earl: 39
		lat: 279
		servt: 10
		pid: 100
		did: 0
		servST: 278.03999999999996
		(h, h_ind): (4, 5)
		load: 8.0

	Finished service at time: 288.03999999999996

	Task 34 -> Task 36: 22.2
	Vehicle arrival at task: 310.23999999999995
	Waiting time until service start time: 0.0

	id: 36
		node: 20
		(x, y, z): (41, 36, 1)
		dem: 13
		earl: 146
		lat: 386
		servt: 10
		pid: 0
		did: 37
		servST: 310.23999999999995
		(h, h_ind): (-1, 0)
		load: 21.0

	Finished service at time: 320.23999999999995

	Using Machine: 1
		Task 36 -> Machine 1 (Station 2): 47.42
		Vehicle arrival at machine station: 367.65999999999997
		Waiting time until machine travel: 0.0

		Machine travel start time: 367.65999999999997
		Region 1 -> Region 2: 5.0
		Machine arrival at machine station: 372.65999999999997

		Machine 1 (Station 3)-> Task 88: 67.9
		Vehicle arrival at task: 440.55999999999995
		Waiting time until service start time: 0.0

	id: 88
		node: 41
		(x, y, z): (120, 22, 2)
		dem: 39
		earl: 396
		lat: 636
		servt: 10
		pid: 0
		did: 122
		servST: 440.55999999999995
		(h, h_ind): (1, 2)
		load: 60.0

	Finished service at time: 450.55999999999995

	Task 88 -> Task 77: 27.8
	Vehicle arrival at task: 478.35999999999996
	Waiting time until service start time: 0.0

	id: 77
		node: 37
		(x, y, z): (103, 44, 2)
		dem: 12
		earl: 0
		lat: 2483
		servt: 10
		pid: 0
		did: 94
		servST: 478.35999999999996
		(h, h_ind): (-1, 0)
		load: 72.0

	Finished service at time: 488.35999999999996

	Using Machine: 3
		Task 77 -> Machine 3 (Station 3): 38.9
		Vehicle arrival at machine station: 527.26
		Waiting time until machine travel: 0.0

		Machine travel start time: 527.26
		Region 2 -> Region 0: 10.0
		Machine arrival at machine station: 537.26

		Machine 3 (Station 1)-> Task 122: 46.96
		Vehicle arrival at task: 584.22
		Waiting time until service start time: 0.0

	id: 122
		node: 101
		(x, y, z): (117, 92, 0)
		dem: -39
		earl: 0
		lat: 2474
		servt: 10
		pid: 88
		did: 0
		servST: 584.22
		(h, h_ind): (3, 7)
		load: 33.0

	Finished service at time: 594.22

	Task 122 -> Task 32: 32.25
	Vehicle arrival at task: 626.47
	Waiting time until service start time: 0.0

	id: 32
		node: 17
		(x, y, z): (121, 124, 0)
		dem: 21
		earl: 539
		lat: 779
		servt: 10
		pid: 0
		did: 127
		servST: 626.47
		(h, h_ind): (-1, 0)
		load: 54.0

	Finished service at time: 636.47

	Using Machine: 3
		Task 32 -> Machine 3 (Station 1): 70.18
		Vehicle arrival at machine station: 706.6500000000001
		Waiting time until machine travel: 0.0

		Machine travel start time: 706.6500000000001
		Region 0 -> Region 2: 10.0
		Machine arrival at machine station: 716.6500000000001

		Machine 3 (Station 3)-> Task 99: 13.0
		Vehicle arrival at task: 729.6500000000001
		Waiting time until service start time: 0.0

	id: 99
		node: 47
		(x, y, z): (70, 83, 2)
		dem: 23
		earl: 0
		lat: 2512
		servt: 10
		pid: 0
		did: 57
		servST: 729.6500000000001
		(h, h_ind): (3, 11)
		load: 77.0

	Finished service at time: 739.6500000000001

	Using Machine: 2
		Task 99 -> Machine 2 (Station 3): 12.04
		Vehicle arrival at machine station: 751.69
		Waiting time until machine travel: 0.0

		Machine travel start time: 751.69
		Region 2 -> Region 0: 10.0
		Machine arrival at machine station: 761.69

		Machine 2 (Station 1)-> Task 57: 44.0
		Vehicle arrival at task: 805.69
		Waiting time until service start time: 0.0

	id: 57
		node: 107
		(x, y, z): (69, 115, 0)
		dem: -23
		earl: 0
		lat: 2480
		servt: 10
		pid: 99
		did: 0
		servST: 805.69
		(h, h_ind): (2, 4)
		load: 54.0

	Finished service at time: 815.69

	Task 57 -> Task 90: 15.23
	Vehicle arrival at task: 830.9200000000001
	Waiting time until service start time: 0.0

	id: 90
		node: 43
		(x, y, z): (63, 129, 0)
		dem: 7
		earl: 765
		lat: 1005
		servt: 10
		pid: 0
		did: 17
		servST: 830.9200000000001
		(h, h_ind): (-1, 0)
		load: 61.0

	Finished service at time: 840.9200000000001

	Using Machine: 1
		Task 90 -> Machine 1 (Station 1): 58.86
		Vehicle arrival at machine station: 899.7800000000001
		Waiting time until machine travel: 0.0

		Machine travel start time: 899.7800000000001
		Region 0 -> Region 1: 5.0
		Machine arrival at machine station: 904.7800000000001

		Machine 1 (Station 2)-> Task 127: 73.36
		Vehicle arrival at task: 978.1400000000001
		Waiting time until service start time: 0.0

	id: 127
		node: 77
		(x, y, z): (138, 105, 1)
		dem: -21
		earl: 0
		lat: 2449
		servt: 10
		pid: 32
		did: 0
		servST: 978.1400000000001
		(h, h_ind): (1, 5)
		load: 40.0

	Finished service at time: 988.1400000000001

	Using Machine: 0
		Task 127 -> Machine 0 (Station 2): 75.13
		Vehicle arrival at machine station: 1063.27
		Waiting time until machine travel: 0.0

		Machine travel start time: 1063.27
		Region 1 -> Region 3: 10.0
		Machine arrival at machine station: 1073.27

		Machine 0 (Station 4)-> Task 17: 48.02
		Vehicle arrival at task: 1121.29
		Waiting time until service start time: 0.0

	id: 17
		node: 103
		(x, y, z): (46, 112, 3)
		dem: -7
		earl: 1084
		lat: 1324
		servt: 10
		pid: 90
		did: 0
		servST: 1121.29
		(h, h_ind): (0, 3)
		load: 33.0

	Finished service at time: 1131.29

	Task 17 -> Task 198: 46.04
	Vehicle arrival at task: 1177.33
	Waiting time until service start time: 0.0

	id: 198
		node: 83
		(x, y, z): (8, 138, 3)
		dem: -8
		earl: 1105
		lat: 1345
		servt: 10
		pid: 41
		did: 0
		servST: 1177.33
		(h, h_ind): (-1, 0)
		load: 25.0

	Finished service at time: 1187.33

	Using Machine: 2
		Task 198 -> Machine 2 (Station 4): 90.61
		Vehicle arrival at machine station: 1277.9399999999998
		Waiting time until machine travel: 0.0

		Machine travel start time: 1277.9399999999998
		Region 3 -> Region 1: 10.0
		Machine arrival at machine station: 1287.9399999999998

		Machine 2 (Station 2)-> Task 37: 71.34
		Vehicle arrival at task: 1359.2799999999997
		Waiting time until service start time: 0.0

	id: 37
		node: 80
		(x, y, z): (106, 10, 1)
		dem: -13
		earl: 1135
		lat: 1375
		servt: 10
		pid: 36
		did: 0
		servST: 1359.2799999999997
		(h, h_ind): (2, 5)
		load: 12.0

	Finished service at time: 1369.2799999999997

	Using Machine: 2
		Task 37 -> Machine 2 (Station 2): 71.34
		Vehicle arrival at machine station: 1440.6199999999997
		Waiting time until machine travel: 0.0

		Machine travel start time: 1440.6199999999997
		Region 1 -> Region 2: 5.0
		Machine arrival at machine station: 1445.6199999999997

		Machine 2 (Station 3)-> Task 2: 47.85
		Vehicle arrival at task: 1493.4699999999996
		Waiting time until service start time: 0.0

	id: 2
		node: 2
		(x, y, z): (26, 50, 2)
		dem: 7
		earl: 1490
		lat: 1730
		servt: 10
		pid: 0
		did: 108
		servST: 1493.4699999999996
		(h, h_ind): (2, 6)
		load: 19.0

	Finished service at time: 1503.4699999999996

	Using Machine: 3
		Task 2 -> Machine 3 (Station 3): 53.31
		Vehicle arrival at machine station: 1556.7799999999995
		Waiting time until machine travel: 0.0

		Machine travel start time: 1556.7799999999995
		Region 2 -> Region 3: 5.0
		Machine arrival at machine station: 1561.7799999999995

		Machine 3 (Station 4)-> Task 112: 49.73
		Vehicle arrival at task: 1611.5099999999995
		Waiting time until service start time: 0.0

	id: 112
		node: 54
		(x, y, z): (123, 84, 3)
		dem: 13
		earl: 1606
		lat: 1846
		servt: 10
		pid: 0
		did: 102
		servST: 1611.5099999999995
		(h, h_ind): (3, 20)
		load: 32.0

	Finished service at time: 1621.5099999999995

	Task 112 -> Task 102: 15.23
	Vehicle arrival at task: 1636.7399999999996
	Waiting time until service start time: 0.0

	id: 102
		node: 114
		(x, y, z): (109, 78, 3)
		dem: -13
		earl: 0
		lat: 2486
		servt: 10
		pid: 112
		did: 0
		servST: 1636.7399999999996
		(h, h_ind): (-1, 0)
		load: 19.0

	Finished service at time: 1646.7399999999996

	Using Machine: 3
		Task 102 -> Machine 3 (Station 4): 34.71
		Vehicle arrival at machine station: 1681.4499999999996
		Waiting time until machine travel: 0.0

		Machine travel start time: 1681.4499999999996
		Region 3 -> Region 1: 10.0
		Machine arrival at machine station: 1691.4499999999996

		Machine 3 (Station 2)-> Task 108: 80.06
		Vehicle arrival at task: 1771.5099999999995
		Waiting time until service start time: 0.0

	id: 108
		node: 62
		(x, y, z): (15, 18, 1)
		dem: -7
		earl: 1540
		lat: 1780
		servt: 10
		pid: 2
		did: 0
		servST: 1771.5099999999995
		(h, h_ind): (3, 22)
		load: 12.0

	Finished service at time: 1781.5099999999995

	Task 108 -> Task 94: 19.1
	Vehicle arrival at task: 1800.6099999999994
	Waiting time until service start time: 0.0

	id: 94
		node: 97
		(x, y, z): (34, 20, 1)
		dem: -12
		earl: 0
		lat: 2464
		servt: 10
		pid: 77
		did: 0
		servST: 1800.6099999999994
		(h, h_ind): (-1, 0)
		load: 0.0

	Finished service at time: 1810.6099999999994

	Using Machine: 2
		Task 94 -> Machine 2 (Station 2): 61.85
		Vehicle arrival at machine station: 1872.4599999999994
		Waiting time until machine travel: 0.0

		Machine travel start time: 1872.4599999999994
		Region 1 -> Region 0: 5.0
		Machine arrival at machine station: 1877.4599999999994

		Machine 2 (Station 1)-> Task 0: 1.41
		Vehicle arrival at task: 1878.8699999999994
		Waiting time until service start time: 0.0

	id: 0
		node: 122
		(x, y, z): (70, 70, 0)
		dem: 0
		earl: 0
		lat: 2535
		servt: 0
		pid: 0
		did: 0
		servST: 1878.8699999999994
		(h, h_ind): (2, 8)
		load: 0.0


Vehicle 49 :
	id: 0
		node: 1
		(x, y, z): (70, 70, 0)
		dem: 0
		earl: 0
		lat: 2535
		servt: 0
		pid: 0
		did: 0
		servST: 0.519999999999808
		(h, h_ind): (-1, 0)
		load: 0.0

	Finished service at time: 0.519999999999808

	Using Machine: 2
		Task 0 -> Machine 2 (Station 1): 1.41
		Vehicle arrival at machine station: 1.9299999999998079
		Waiting time until machine travel: 0.0

		Machine travel start time: 1.9299999999998079
		Region 0 -> Region 3: 15.0
		Machine arrival at machine station: 16.929999999999808

		Machine 2 (Station 4)-> Task 74: 31.89
		Vehicle arrival at task: 48.81999999999981
		Waiting time until service start time: 0.0

	id: 74
		node: 35
		(x, y, z): (48, 47, 3)
		dem: 19
		earl: 31
		lat: 271
		servt: 10
		pid: 0
		did: 44
		servST: 48.81999999999981
		(h, h_ind): (2, 1)
		load: 19.0

	Finished service at time: 58.81999999999981

	Using Machine: 4
		Task 74 -> Machine 4 (Station 4): 30.61
		Vehicle arrival at machine station: 89.42999999999981
		Waiting time until machine travel: 0.0

		Machine travel start time: 89.42999999999981
		Region 3 -> Region 2: 5.0
		Machine arrival at machine station: 94.42999999999981

		Machine 4 (Station 3)-> Task 81: 61.13
		Vehicle arrival at task: 155.5599999999998
		Waiting time until service start time: 0.0

	id: 81
		node: 40
		(x, y, z): (83, 12, 2)
		dem: 29
		earl: 0
		lat: 2466
		servt: 10
		pid: 0
		did: 83
		servST: 155.5599999999998
		(h, h_ind): (4, 3)
		load: 48.0

	Finished service at time: 165.5599999999998

	Using Machine: 3
		Task 81 -> Machine 3 (Station 3): 59.54
		Vehicle arrival at machine station: 225.0999999999998
		Waiting time until machine travel: 0.0

		Machine travel start time: 225.0999999999998
		Region 2 -> Region 1: 5.0
		Machine arrival at machine station: 230.0999999999998

		Machine 3 (Station 2)-> Task 8: 40.11
		Vehicle arrival at task: 270.2099999999998
		Waiting time until service start time: 0.0

	id: 8
		node: 6
		(x, y, z): (78, 111, 1)
		dem: 22
		earl: 47
		lat: 287
		servt: 10
		pid: 0
		did: 136
		servST: 270.2099999999998
		(h, h_ind): (3, 3)
		load: 70.0

	Finished service at time: 280.2099999999998

	Task 8 -> Task 136: 30.41
	Vehicle arrival at task: 310.61999999999983
	Waiting time until service start time: 0.0

	id: 136
		node: 66
		(x, y, z): (92, 138, 1)
		dem: -22
		earl: 0
		lat: 2454
		servt: 10
		pid: 8
		did: 0
		servST: 310.61999999999983
		(h, h_ind): (-1, 0)
		load: 48.0

	Finished service at time: 320.61999999999983

	Using Machine: 4
		Task 136 -> Machine 4 (Station 2): 71.51
		Vehicle arrival at machine station: 392.1299999999998
		Waiting time until machine travel: 0.0

		Machine travel start time: 392.1299999999998
		Region 1 -> Region 0: 5.0
		Machine arrival at machine station: 397.1299999999998

		Machine 4 (Station 1)-> Task 35: 73.82
		Vehicle arrival at task: 470.9499999999998
		Waiting time until service start time: 0.0

	id: 35
		node: 19
		(x, y, z): (32, 6, 0)
		dem: 11
		earl: 320
		lat: 560
		servt: 10
		pid: 0
		did: 30
		servST: 470.9499999999998
		(h, h_ind): (4, 7)
		load: 59.0

	Finished service at time: 480.9499999999998

	Task 35 -> Task 83: 87.48
	Vehicle arrival at task: 568.4299999999998
	Waiting time until service start time: 0.0

	id: 83
		node: 100
		(x, y, z): (16, 92, 0)
		dem: -29
		earl: 0
		lat: 2467
		servt: 10
		pid: 81
		did: 0
		servST: 568.4299999999998
		(h, h_ind): (-1, 0)
		load: 30.0

	Finished service at time: 578.4299999999998

	Using Machine: 4
		Task 83 -> Machine 4 (Station 1): 55.15
		Vehicle arrival at machine station: 633.5799999999998
		Waiting time until machine travel: 0.0

		Machine travel start time: 633.5799999999998
		Region 0 -> Region 1: 5.0
		Machine arrival at machine station: 638.5799999999998

		Machine 4 (Station 2)-> Task 44: 76.16
		Vehicle arrival at task: 714.7399999999998
		Waiting time until service start time: 0.0

	id: 44
		node: 95
		(x, y, z): (137, 101, 1)
		dem: -19
		earl: 617
		lat: 857
		servt: 10
		pid: 74
		did: 0
		servST: 714.7399999999998
		(h, h_ind): (4, 11)
		load: 11.0

	Finished service at time: 724.7399999999998

	Using Machine: 3
		Task 44 -> Machine 3 (Station 2): 68.88
		Vehicle arrival at machine station: 793.6199999999998
		Waiting time until machine travel: 0.0

		Machine travel start time: 793.6199999999998
		Region 1 -> Region 3: 10.0
		Machine arrival at machine station: 803.6199999999998

		Machine 3 (Station 4)-> Task 78: 25.08
		Vehicle arrival at task: 828.6999999999998
		Waiting time until service start time: 0.0

	id: 78
		node: 38
		(x, y, z): (73, 96, 3)
		dem: 9
		earl: 604
		lat: 844
		servt: 10
		pid: 0
		did: 5
		servST: 828.6999999999998
		(h, h_ind): (3, 14)
		load: 20.0

	Finished service at time: 838.6999999999998

	Task 78 -> Task 113: 42.72
	Vehicle arrival at task: 881.4199999999998
	Waiting time until service start time: 0.0

	id: 113
		node: 55
		(x, y, z): (37, 73, 3)
		dem: 33
		earl: 0
		lat: 2492
		servt: 10
		pid: 0
		did: 70
		servST: 881.4199999999998
		(h, h_ind): (-1, 0)
		load: 53.0

	Finished service at time: 891.4199999999998

	Task 113 -> Task 12: 17.46
	Vehicle arrival at task: 908.8799999999999
	Waiting time until service start time: 0.0

	id: 12
		node: 9
		(x, y, z): (20, 69, 3)
		dem: 13
		earl: 0
		lat: 2475
		servt: 10
		pid: 0
		did: 164
		servST: 908.8799999999999
		(h, h_ind): (-1, 0)
		load: 66.0

	Finished service at time: 918.8799999999999

	Task 12 -> Task 30: 19.72
	Vehicle arrival at task: 938.5999999999999
	Waiting time until service start time: 0.0

	id: 30
		node: 79
		(x, y, z): (10, 86, 3)
		dem: -11
		earl: 0
		lat: 2463
		servt: 10
		pid: 35
		did: 0
		servST: 938.5999999999999
		(h, h_ind): (-1, 0)
		load: 55.0

	Finished service at time: 948.5999999999999

	Using Machine: 4
		Task 30 -> Machine 4 (Station 4): 58.94
		Vehicle arrival at machine station: 1007.54
		Waiting time until machine travel: -0.0

		Machine travel start time: 1007.5399999999998
		Region 3 -> Region 0: 15.0
		Machine arrival at machine station: 1022.5399999999998

		Machine 4 (Station 1)-> Task 66: 58.67
		Vehicle arrival at task: 1081.2099999999998
		Waiting time until service start time: 0.0

	id: 66
		node: 33
		(x, y, z): (38, 122, 0)
		dem: 13
		earl: 876
		lat: 1116
		servt: 10
		pid: 0
		did: 55
		servST: 1081.2099999999998
		(h, h_ind): (4, 12)
		load: 68.0

	Finished service at time: 1091.2099999999998

	Using Machine: 4
		Task 66 -> Machine 4 (Station 1): 58.67
		Vehicle arrival at machine station: 1149.8799999999999
		Waiting time until machine travel: 0.0

		Machine travel start time: 1149.8799999999999
		Region 0 -> Region 2: 10.0
		Machine arrival at machine station: 1159.8799999999999

		Machine 4 (Station 3)-> Task 164: 9.22
		Vehicle arrival at task: 1169.1
		Waiting time until service start time: 0.0

	id: 164
		node: 69
		(x, y, z): (65, 80, 2)
		dem: -13
		earl: 0
		lat: 2514
		servt: 10
		pid: 12
		did: 0
		servST: 1169.1
		(h, h_ind): (4, 13)
		load: 55.0

	Finished service at time: 1179.1

	Task 164 -> Task 5: 36.22
	Vehicle arrival at task: 1215.32
	Waiting time until service start time: 0.0

	id: 5
		node: 98
		(x, y, z): (69, 116, 2)
		dem: -9
		earl: 0
		lat: 2479
		servt: 10
		pid: 78
		did: 0
		servST: 1215.32
		(h, h_ind): (-1, 0)
		load: 46.0

	Finished service at time: 1225.32

	Task 5 -> Task 58: 10.05
	Vehicle arrival at task: 1235.37
	Waiting time until service start time: 0.0

	id: 58
		node: 30
		(x, y, z): (59, 115, 2)
		dem: 26
		earl: 1195
		lat: 1435
		servt: 10
		pid: 0
		did: 86
		servST: 1235.37
		(h, h_ind): (-1, 0)
		load: 72.0

	Finished service at time: 1245.37

	Task 58 -> Task 70: 34.18
	Vehicle arrival at task: 1279.55
	Waiting time until service start time: 0.0

	id: 70
		node: 115
		(x, y, z): (47, 83, 2)
		dem: -33
		earl: 0
		lat: 2499
		servt: 10
		pid: 113
		did: 0
		servST: 1279.55
		(h, h_ind): (-1, 0)
		load: 39.0

	Finished service at time: 1289.55

	Task 70 -> Task 89: 24.04
	Vehicle arrival at task: 1313.59
	Waiting time until service start time: 0.0

	id: 89
		node: 42
		(x, y, z): (54, 106, 2)
		dem: 9
		earl: 1117
		lat: 1357
		servt: 10
		pid: 0
		did: 22
		servST: 1313.59
		(h, h_ind): (-1, 0)
		load: 48.0

	Finished service at time: 1323.59

	Using Machine: 3
		Task 89 -> Machine 3 (Station 3): 40.82
		Vehicle arrival at machine station: 1364.4099999999999
		Waiting time until machine travel: 0.0

		Machine travel start time: 1364.4099999999999
		Region 2 -> Region 0: 10.0
		Machine arrival at machine station: 1374.4099999999999

		Machine 3 (Station 1)-> Task 42: 48.85
		Vehicle arrival at task: 1423.2599999999998
		Waiting time until service start time: 0.0

	id: 42
		node: 24
		(x, y, z): (120, 52, 0)
		dem: 20
		earl: 0
		lat: 2472
		servt: 10
		pid: 0
		did: 43
		servST: 1423.2599999999998
		(h, h_ind): (3, 19)
		load: 68.0

	Finished service at time: 1433.2599999999998

	Task 42 -> Task 43: 21.19
	Vehicle arrival at task: 1454.4499999999998
	Waiting time until service start time: 0.0

	id: 43
		node: 84
		(x, y, z): (113, 32, 0)
		dem: -20
		earl: 0
		lat: 2468
		servt: 10
		pid: 42
		did: 0
		servST: 1454.4499999999998
		(h, h_ind): (-1, 0)
		load: 48.0

	Finished service at time: 1464.4499999999998

	Task 43 -> Task 51: 31.76
	Vehicle arrival at task: 1496.2099999999998
	Waiting time until service start time: 0.0

	id: 51
		node: 28
		(x, y, z): (98, 4, 0)
		dem: 20
		earl: 0
		lat: 2454
		servt: 10
		pid: 0
		did: 49
		servST: 1496.2099999999998
		(h, h_ind): (-1, 0)
		load: 68.0

	Finished service at time: 1506.2099999999998

	Task 51 -> Task 55: 85.16
	Vehicle arrival at task: 1591.37
	Waiting time until service start time: 0.0

	id: 55
		node: 93
		(x, y, z): (84, 88, 0)
		dem: -13
		earl: 1365
		lat: 1605
		servt: 10
		pid: 66
		did: 0
		servST: 1591.37
		(h, h_ind): (-1, 0)
		load: 55.0

	Finished service at time: 1601.37

	Using Machine: 3
		Task 55 -> Machine 3 (Station 1): 19.24
		Vehicle arrival at machine station: 1620.61
		Waiting time until machine travel: 0.0

		Machine travel start time: 1620.61
		Region 0 -> Region 3: 15.0
		Machine arrival at machine station: 1635.61

		Machine 3 (Station 4)-> Task 22: 32.39
		Vehicle arrival at task: 1668.0
		Waiting time until service start time: 0.0

	id: 22
		node: 102
		(x, y, z): (80, 103, 3)
		dem: -9
		earl: 1428
		lat: 1668
		servt: 10
		pid: 89
		did: 0
		servST: 1668.0
		(h, h_ind): (3, 21)
		load: 46.0

	Finished service at time: 1678.0

	Task 22 -> Task 13: 45.62
	Vehicle arrival at task: 1723.62
	Waiting time until service start time: 0.0

	id: 13
		node: 10
		(x, y, z): (121, 123, 3)
		dem: 9
		earl: 0
		lat: 2452
		servt: 10
		pid: 0
		did: 52
		servST: 1723.62
		(h, h_ind): (-1, 0)
		load: 55.0

	Finished service at time: 1733.62

	Using Machine: 3
		Task 13 -> Machine 3 (Station 4): 69.43
		Vehicle arrival at machine station: 1803.05
		Waiting time until machine travel: 0.0

		Machine travel start time: 1803.05
		Region 3 -> Region 2: 5.0
		Machine arrival at machine station: 1808.05

		Machine 3 (Station 3)-> Task 49: 49.04
		Vehicle arrival at task: 1857.09
		Waiting time until service start time: 0.0

	id: 49
		node: 88
		(x, y, z): (89, 24, 2)
		dem: -20
		earl: 0
		lat: 2476
		servt: 10
		pid: 51
		did: 0
		servST: 1857.09
		(h, h_ind): (3, 23)
		load: 35.0

	Finished service at time: 1867.09

	Task 49 -> Task 52: 29.73
	Vehicle arrival at task: 1896.82
	Waiting time until service start time: 0.0

	id: 52
		node: 70
		(x, y, z): (61, 34, 2)
		dem: -9
		earl: 1830
		lat: 2070
		servt: 10
		pid: 13
		did: 0
		servST: 1896.82
		(h, h_ind): (-1, 0)
		load: 26.0

	Finished service at time: 1906.82

	Using Machine: 4
		Task 52 -> Machine 4 (Station 3): 37.48
		Vehicle arrival at machine station: 1944.3
		Waiting time until machine travel: 0.0

		Machine travel start time: 1944.3
		Region 2 -> Region 0: 10.0
		Machine arrival at machine station: 1954.3

		Machine 4 (Station 1)-> Task 86: 25.0
		Vehicle arrival at task: 1979.3
		Waiting time until service start time: 0.0

	id: 86
		node: 90
		(x, y, z): (67, 96, 0)
		dem: -26
		earl: 1908
		lat: 2148
		servt: 10
		pid: 58
		did: 0
		servST: 1979.3
		(h, h_ind): (4, 22)
		load: 0.0

	Finished service at time: 1989.3

	Task 86 -> Task 105: 53.67
	Vehicle arrival at task: 2042.97
	Waiting time until service start time: 0.0

	id: 105
		node: 50
		(x, y, z): (19, 120, 0)
		dem: 16
		earl: 0
		lat: 2454
		servt: 10
		pid: 0
		did: 85
		servST: 2042.97
		(h, h_ind): (-1, 0)
		load: 16.0

	Finished service at time: 2052.9700000000003

	Using Machine: 4
		Task 105 -> Machine 4 (Station 1): 68.59
		Vehicle arrival at machine station: 2121.5600000000004
		Waiting time until machine travel: -0.0

		Machine travel start time: 2121.56
		Region 0 -> Region 2: 10.0
		Machine arrival at machine station: 2131.56

		Machine 4 (Station 3)-> Task 85: 51.86
		Vehicle arrival at task: 2183.42
		Waiting time until service start time: 0.0

	id: 85
		node: 110
		(x, y, z): (27, 104, 2)
		dem: -16
		earl: 1949
		lat: 2189
		servt: 10
		pid: 105
		did: 0
		servST: 2183.42
		(h, h_ind): (4, 24)
		load: 0.0

	Finished service at time: 2193.42

	Using Machine: 2
		Task 85 -> Machine 2 (Station 3): 53.41
		Vehicle arrival at machine station: 2246.83
		Waiting time until machine travel: 0.0

		Machine travel start time: 2246.83
		Region 2 -> Region 0: 10.0
		Machine arrival at machine station: 2256.83

		Machine 2 (Station 1)-> Task 0: 1.41
		Vehicle arrival at task: 2258.24
		Waiting time until service start time: 0.0

	id: 0
		node: 122
		(x, y, z): (70, 70, 0)
		dem: 0
		earl: 0
		lat: 2535
		servt: 0
		pid: 0
		did: 0
		servST: 2258.24
		(h, h_ind): (2, 9)
		load: 0.0


---------------------| MACHINES |---------------------

Machine 0 :
	setup duration: 0.0

	vehicle: 45
	vehicleInd: 2
	(orig, dest): (0, 41)
	(origRegion, destRegion): (0, 2)
	st: 27.42999999999981
	duration: 10.0

	setup duration: 10.0

	vehicle: 33
	vehicleInd: 13
	(orig, dest): (50, 19)
	(origRegion, destRegion): (0, 3)
	st: 901.38
	duration: 15.0

	setup duration: 10.0

	vehicle: 45
	vehicleInd: 14
	(orig, dest): (127, 17)
	(origRegion, destRegion): (1, 3)
	st: 1063.27
	duration: 10.0

	setup duration: 15.0

	vehicle: 8
	vehicleInd: 15
	(orig, dest): (138, 93)
	(origRegion, destRegion): (0, 1)
	st: 1257.98
	duration: 5.0


Machine 1 :
	setup duration: 0.0

	vehicle: 8
	vehicleInd: 2
	(orig, dest): (0, 68)
	(origRegion, destRegion): (0, 2)
	st: 5.569999999999581
	duration: 10.0

	setup duration: 5.0

	vehicle: 45
	vehicleInd: 6
	(orig, dest): (36, 88)
	(origRegion, destRegion): (1, 2)
	st: 367.65999999999997
	duration: 5.0

	setup duration: 10.0

	vehicle: 33
	vehicleInd: 10
	(orig, dest): (14, 96)
	(origRegion, destRegion): (0, 2)
	st: 624.1899999999999
	duration: 10.0

	setup duration: 0.0

	vehicle: 33
	vehicleInd: 12
	(orig, dest): (38, 50)
	(origRegion, destRegion): (2, 0)
	st: 746.42
	duration: 10.0

	setup duration: 0.0

	vehicle: 45
	vehicleInd: 13
	(orig, dest): (90, 127)
	(origRegion, destRegion): (0, 1)
	st: 899.7800000000001
	duration: 5.0

	setup duration: 0.0

	vehicle: 8
	vehicleInd: 12
	(orig, dest): (71, 158)
	(origRegion, destRegion): (1, 3)
	st: 1043.9399999999998
	duration: 10.0

	setup duration: 0.0

	vehicle: 33
	vehicleInd: 16
	(orig, dest): (124, 9)
	(origRegion, destRegion): (3, 1)
	st: 1164.83
	duration: 10.0

	setup duration: 0.0

	vehicle: 33
	vehicleInd: 18
	(orig, dest): (15, 16)
	(origRegion, destRegion): (1, 3)
	st: 1377.53
	duration: 10.0


Machine 2 :
	setup duration: 0.0

	vehicle: 49
	vehicleInd: 2
	(orig, dest): (0, 74)
	(origRegion, destRegion): (0, 3)
	st: 1.9299999999998079
	duration: 15.0

	setup duration: 5.0

	vehicle: 1
	vehicleInd: 3
	(orig, dest): (111, 163)
	(origRegion, destRegion): (2, 1)
	st: 65.63999999999983
	duration: 5.0

	setup duration: 5.0

	vehicle: 32
	vehicleInd: 3
	(orig, dest): (3, 80)
	(origRegion, destRegion): (0, 1)
	st: 144.77
	duration: 5.0

	setup duration: 5.0

	vehicle: 45
	vehicleInd: 11
	(orig, dest): (99, 57)
	(origRegion, destRegion): (2, 0)
	st: 751.69
	duration: 10.0

	setup duration: 15.0

	vehicle: 45
	vehicleInd: 16
	(orig, dest): (198, 37)
	(origRegion, destRegion): (3, 1)
	st: 1277.9399999999998
	duration: 10.0

	setup duration: 0.0

	vehicle: 45
	vehicleInd: 17
	(orig, dest): (37, 2)
	(origRegion, destRegion): (1, 2)
	st: 1440.6199999999997
	duration: 5.0

	setup duration: 0.0

	vehicle: 33
	vehicleInd: 24
	(orig, dest): (169, 0)
	(origRegion, destRegion): (2, 0)
	st: 1856.6299999999999
	duration: 10.0

	setup duration: 5.0

	vehicle: 45
	vehicleInd: 22
	(orig, dest): (94, 0)
	(origRegion, destRegion): (1, 0)
	st: 1872.4599999999994
	duration: 5.0

	setup duration: 10.0

	vehicle: 49
	vehicleInd: 30
	(orig, dest): (85, 0)
	(origRegion, destRegion): (2, 0)
	st: 2246.83
	duration: 10.0

	setup duration: 10.0

	vehicle: 1
	vehicleInd: 26
	(orig, dest): (179, 0)
	(origRegion, destRegion): (2, 0)
	st: 2381.380000000001
	duration: 10.0


Machine 3 :
	setup duration: 0.0

	vehicle: 1
	vehicleInd: 2
	(orig, dest): (0, 111)
	(origRegion, destRegion): (0, 2)
	st: 9.719999999999825
	duration: 10.0

	setup duration: 5.0

	vehicle: 33
	vehicleInd: 5
	(orig, dest): (47, 45)
	(origRegion, destRegion): (3, 2)
	st: 189.89
	duration: 5.0

	setup duration: 0.0

	vehicle: 49
	vehicleInd: 4
	(orig, dest): (81, 8)
	(origRegion, destRegion): (2, 1)
	st: 225.0999999999998
	duration: 5.0

	setup duration: 5.0

	vehicle: 8
	vehicleInd: 5
	(orig, dest): (72, 6)
	(origRegion, destRegion): (2, 1)
	st: 295.5199999999996
	duration: 5.0

	setup duration: 0.0

	vehicle: 32
	vehicleInd: 7
	(orig, dest): (95, 61)
	(origRegion, destRegion): (1, 0)
	st: 351.38
	duration: 5.0

	setup duration: 0.0

	vehicle: 32
	vehicleInd: 8
	(orig, dest): (61, 103)
	(origRegion, destRegion): (0, 1)
	st: 433.62
	duration: 5.0

	setup duration: 5.0

	vehicle: 45
	vehicleInd: 8
	(orig, dest): (77, 122)
	(origRegion, destRegion): (2, 0)
	st: 527.26
	duration: 10.0

	setup duration: 5.0

	vehicle: 8
	vehicleInd: 7
	(orig, dest): (118, 115)
	(origRegion, destRegion): (1, 3)
	st: 574.5599999999996
	duration: 10.0

	setup duration: 10.0

	vehicle: 32
	vehicleInd: 10
	(orig, dest): (60, 0)
	(origRegion, destRegion): (1, 0)
	st: 610.8
	duration: 5.0

	setup duration: 15.0

	vehicle: 8
	vehicleInd: 8
	(orig, dest): (115, 107)
	(origRegion, destRegion): (3, 0)
	st: 635.7399999999997
	duration: 15.0

	setup duration: 0.0

	vehicle: 45
	vehicleInd: 10
	(orig, dest): (32, 99)
	(origRegion, destRegion): (0, 2)
	st: 706.6500000000001
	duration: 10.0

	setup duration: 10.0

	vehicle: 8
	vehicleInd: 9
	(orig, dest): (107, 18)
	(origRegion, destRegion): (0, 3)
	st: 750.3799999999998
	duration: 15.0

	setup duration: 0.0

	vehicle: 8
	vehicleInd: 10
	(orig, dest): (18, 191)
	(origRegion, destRegion): (3, 2)
	st: 783.6199999999998
	duration: 5.0

	setup duration: 5.0

	vehicle: 49
	vehicleInd: 9
	(orig, dest): (44, 78)
	(origRegion, destRegion): (1, 3)
	st: 793.6199999999998
	duration: 10.0

	setup duration: 5.0

	vehicle: 8
	vehicleInd: 11
	(orig, dest): (191, 71)
	(origRegion, destRegion): (2, 1)
	st: 898.7999999999998
	duration: 5.0

	setup duration: 5.0

	vehicle: 1
	vehicleInd: 13
	(orig, dest): (120, 27)
	(origRegion, destRegion): (2, 1)
	st: 934.1899999999998
	duration: 5.0

	setup duration: 0.0

	vehicle: 1
	vehicleInd: 14
	(orig, dest): (27, 11)
	(origRegion, destRegion): (1, 2)
	st: 1114.6499999999999
	duration: 5.0

	setup duration: 5.0

	vehicle: 8
	vehicleInd: 14
	(orig, dest): (23, 138)
	(origRegion, destRegion): (3, 0)
	st: 1150.5499999999997
	duration: 15.0

	setup duration: 10.0

	vehicle: 49
	vehicleInd: 19
	(orig, dest): (89, 42)
	(origRegion, destRegion): (2, 0)
	st: 1364.4099999999999
	duration: 10.0

	setup duration: 10.0

	vehicle: 45
	vehicleInd: 18
	(orig, dest): (2, 112)
	(origRegion, destRegion): (2, 3)
	st: 1556.7799999999995
	duration: 5.0

	setup duration: 15.0

	vehicle: 49
	vehicleInd: 23
	(orig, dest): (55, 22)
	(origRegion, destRegion): (0, 3)
	st: 1620.61
	duration: 15.0

	setup duration: 0.0

	vehicle: 45
	vehicleInd: 20
	(orig, dest): (102, 108)
	(origRegion, destRegion): (3, 1)
	st: 1681.4499999999996
	duration: 10.0

	setup duration: 10.0

	vehicle: 49
	vehicleInd: 25
	(orig, dest): (13, 49)
	(origRegion, destRegion): (3, 2)
	st: 1803.05
	duration: 5.0


Machine 4 :
	setup duration: 0.0

	vehicle: 33
	vehicleInd: 2
	(orig, dest): (0, 33)
	(origRegion, destRegion): (0, 3)
	st: 11.970000000000006
	duration: 15.0

	setup duration: 5.0

	vehicle: 45
	vehicleInd: 3
	(orig, dest): (41, 100)
	(origRegion, destRegion): (2, 3)
	st: 84.42999999999981
	duration: 5.0

	setup duration: 0.0

	vehicle: 49
	vehicleInd: 3
	(orig, dest): (74, 81)
	(origRegion, destRegion): (3, 2)
	st: 89.42999999999981
	duration: 5.0

	setup duration: 5.0

	vehicle: 1
	vehicleInd: 4
	(orig, dest): (163, 26)
	(origRegion, destRegion): (1, 0)
	st: 111.94999999999982
	duration: 5.0

	setup duration: 15.0

	vehicle: 45
	vehicleInd: 4
	(orig, dest): (100, 34)
	(origRegion, destRegion): (3, 1)
	st: 241.61999999999995
	duration: 10.0

	setup duration: 5.0

	vehicle: 1
	vehicleInd: 7
	(orig, dest): (4, 25)
	(origRegion, destRegion): (0, 3)
	st: 340.9599999999998
	duration: 15.0

	setup duration: 10.0

	vehicle: 49
	vehicleInd: 6
	(orig, dest): (136, 35)
	(origRegion, destRegion): (1, 0)
	st: 392.1299999999998
	duration: 5.0

	setup duration: 10.0

	vehicle: 33
	vehicleInd: 9
	(orig, dest): (91, 14)
	(origRegion, destRegion): (2, 0)
	st: 487.63999999999993
	duration: 10.0

	setup duration: 15.0

	vehicle: 1
	vehicleInd: 9
	(orig, dest): (65, 87)
	(origRegion, destRegion): (3, 1)
	st: 532.5399999999998
	duration: 10.0

	setup duration: 0.0

	vehicle: 1
	vehicleInd: 10
	(orig, dest): (87, 56)
	(origRegion, destRegion): (1, 2)
	st: 618.5799999999998
	duration: 5.0

	setup duration: 10.0

	vehicle: 49
	vehicleInd: 8
	(orig, dest): (83, 44)
	(origRegion, destRegion): (0, 1)
	st: 633.5799999999998
	duration: 5.0

	setup duration: 10.0

	vehicle: 49
	vehicleInd: 13
	(orig, dest): (30, 66)
	(origRegion, destRegion): (3, 0)
	st: 1007.5399999999998
	duration: 15.0

	setup duration: 0.0

	vehicle: 49
	vehicleInd: 14
	(orig, dest): (66, 164)
	(origRegion, destRegion): (0, 2)
	st: 1149.8799999999999
	duration: 10.0

	setup duration: 0.0

	vehicle: 1
	vehicleInd: 15
	(orig, dest): (11, 173)
	(origRegion, destRegion): (2, 0)
	st: 1316.0
	duration: 10.0

	setup duration: 0.0

	vehicle: 1
	vehicleInd: 16
	(orig, dest): (173, 76)
	(origRegion, destRegion): (0, 3)
	st: 1434.0
	duration: 15.0

	setup duration: 10.0

	vehicle: 8
	vehicleInd: 17
	(orig, dest): (189, 123)
	(origRegion, destRegion): (1, 2)
	st: 1464.08
	duration: 5.0

	setup duration: 5.0

	vehicle: 1
	vehicleInd: 19
	(orig, dest): (109, 20)
	(origRegion, destRegion): (3, 2)
	st: 1661.7200000000003
	duration: 5.0

	setup duration: 0.0

	vehicle: 8
	vehicleInd: 19
	(orig, dest): (54, 110)
	(origRegion, destRegion): (2, 3)
	st: 1702.6399999999999
	duration: 5.0

	setup duration: 0.0

	vehicle: 33
	vehicleInd: 22
	(orig, dest): (121, 171)
	(origRegion, destRegion): (3, 2)
	st: 1774.8899999999999
	duration: 5.0

	setup duration: 0.0

	vehicle: 1
	vehicleInd: 20
	(orig, dest): (20, 10)
	(origRegion, destRegion): (2, 1)
	st: 1798.9800000000005
	duration: 5.0

	setup duration: 10.0

	vehicle: 8
	vehicleInd: 20
	(orig, dest): (110, 0)
	(origRegion, destRegion): (3, 0)
	st: 1821.2199999999998
	duration: 15.0

	setup duration: 10.0

	vehicle: 49
	vehicleInd: 27
	(orig, dest): (52, 86)
	(origRegion, destRegion): (2, 0)
	st: 1944.3
	duration: 10.0

	setup duration: 5.0

	vehicle: 1
	vehicleInd: 21
	(orig, dest): (10, 73)
	(origRegion, destRegion): (1, 0)
	st: 1981.1800000000003
	duration: 5.0

	setup duration: 0.0

	vehicle: 49
	vehicleInd: 29
	(orig, dest): (105, 85)
	(origRegion, destRegion): (0, 2)
	st: 2121.56
	duration: 10.0

	setup duration: 10.0

	vehicle: 1
	vehicleInd: 24
	(orig, dest): (114, 63)
	(origRegion, destRegion): (0, 2)
	st: 2222.4100000000008
	duration: 10.0


-------------------| COMPL. TIMES |-------------------

Vehicle 0 : 0.0
Vehicle 1 : 2388.170000000001
Vehicle 2 : 0.0
Vehicle 3 : 0.0
Vehicle 4 : 0.0
Vehicle 5 : 0.0
Vehicle 6 : 0.0
Vehicle 7 : 0.0
Vehicle 8 : 1836.9700000000003
Vehicle 9 : 0.0
Vehicle 10 : 0.0
Vehicle 11 : 0.0
Vehicle 12 : 0.0
Vehicle 13 : 0.0
Vehicle 14 : 0.0
Vehicle 15 : 0.0
Vehicle 16 : 0.0
Vehicle 17 : 0.0
Vehicle 18 : 0.0
Vehicle 19 : 0.0
Vehicle 20 : 0.0
Vehicle 21 : 0.0
Vehicle 22 : 0.0
Vehicle 23 : 0.0
Vehicle 24 : 0.0
Vehicle 25 : 0.0
Vehicle 26 : 0.0
Vehicle 27 : 0.0
Vehicle 28 : 0.0
Vehicle 29 : 0.0
Vehicle 30 : 0.0
Vehicle 31 : 0.0
Vehicle 32 : 569.63
Vehicle 33 : 1859.23
Vehicle 34 : 0.0
Vehicle 35 : 0.0
Vehicle 36 : 0.0
Vehicle 37 : 0.0
Vehicle 38 : 0.0
Vehicle 39 : 0.0
Vehicle 40 : 0.0
Vehicle 41 : 0.0
Vehicle 42 : 0.0
Vehicle 43 : 0.0
Vehicle 44 : 0.0
Vehicle 45 : 1852.8499999999997
Vehicle 46 : 0.0
Vehicle 47 : 0.0
Vehicle 48 : 0.0
Vehicle 49 : 2257.72
Vehicle 50 : 0.0
Vehicle 51 : 0.0
Vehicle 52 : 0.0
Vehicle 53 : 0.0
Vehicle 54 : 0.0
Vehicle 55 : 0.0
Vehicle 56 : 0.0
Vehicle 57 : 0.0
Vehicle 58 : 0.0
Vehicle 59 : 0.0
-------------------| STATISTICS |-------------------

    Vehicles used                           : 10.0
    Machines used                           : 100.0
    Max load (vehicles)                     : 98.7179
    Min load (vehicles)                     : 74.359
    Mean load (vehicles)                    : 90.5128
    Min completion time                     : 22.4706
    Max completion time                     : 94.2079
    Mean completion time                    : 70.773
    Avrg travel time (with vehicle)         : 7.574
    Avrg travel time (only with vehicle)    : 4.7337
    Avrg travel time (no vehicle)           : 2.8402
    Avrg waiting time (machine travel)      : 0.0416
    Avrg waiting time (service)             : 0.248
    Machines travel times (with vehicle)    : [2.9586, 3.3531, 5.5227, 12.2288, 13.8067]
    Machines travel times (no vehicle)      : [1.3807, 0.5917, 2.1696, 4.7337, 5.3254]
    Max load per vehicle                    : [0.0, 96.9231, 0.0, 0.0, 0.0, 0.0, 0.0, 0.0, 96.1538, 0.0, 0.0, 0.0, 0.0, 0.0, 0.0, 0.0, 0.0, 0.0, 0.0, 0.0, 0.0, 0.0, 0.0, 0.0, 0.0, 0.0, 0.0, 0.0, 0.0, 0.0, 0.0, 0.0, 84.6154, 74.359, 0.0, 0.0, 0.0, 0.0, 0.0, 0.0, 0.0, 0.0, 0.0, 0.0, 0.0, 98.7179, 0.0, 0.0, 0.0, 92.3077, 0.0, 0.0, 0.0, 0.0, 0.0, 0.0, 0.0, 0.0, 0.0, 0.0]

----------------------------------------------------

TOTAL: 10764.57

Everything is awesome!
