Set parameter WLSAccessID
Set parameter WLSSecret
Set parameter LicenseID to value 2661775
Academic license 2661775 - for non-commercial use only - registered to me___@dcc.ufba.br
Loading line 2: methodType heur
Loading line 3: methodCode mslp
Loading line 4: seed 0
Loading line 5: threads 1
Loading line 6: greedy_service_order random
Loading line 7: outputFlagGrbMSLP 0
Loading line 8: mslpa 60000
Loading line 9: mslpr I
Loading line 10: maxtime 3600
Loading line 11: output ./logs/
Loading line 12: printsol 1
Loading line 13: solverMethod A
Instance: LR2_2_9_t2_40R_40V_02F_06M

[10:16:58.682] Running Data.readData with file /dados/rmelo/PDPTW-SE/benchmark_multi_floor_v3/official_experiments/multistartlp/preliminar/set_01_pt_02/../../../../instances/orig_ams_fg/40R_40V_02F_06M/t2/LR2_2_9/
vehicles: Vehicle[Vehicle(0, 50), Vehicle(1, 62), Vehicle(2, 74), Vehicle(3, 74), Vehicle(4, 50), Vehicle(5, 74), Vehicle(6, 62), Vehicle(7, 50), Vehicle(8, 74), Vehicle(9, 74), Vehicle(10, 50), Vehicle(11, 74), Vehicle(12, 50), Vehicle(13, 62), Vehicle(14, 74), Vehicle(15, 74), Vehicle(16, 50), Vehicle(17, 62), Vehicle(18, 74), Vehicle(19, 74), Vehicle(20, 74), Vehicle(21, 50), Vehicle(22, 62), Vehicle(23, 62), Vehicle(24, 62), Vehicle(25, 74), Vehicle(26, 74), Vehicle(27, 74), Vehicle(28, 62), Vehicle(29, 74), Vehicle(30, 62), Vehicle(31, 74), Vehicle(32, 62), Vehicle(33, 62), Vehicle(34, 62), Vehicle(35, 74), Vehicle(36, 74), Vehicle(37, 50), Vehicle(38, 74), Vehicle(39, 74)]
vehicle_types: Vehicle[Vehicle(0, 50), Vehicle(1, 62), Vehicle(2, 74)]
Machine[Machine(0, Point[Point(71, 70, 0), Point(71, 70, 1)], 0.2), Machine(1, Point[Point(73, 70, 0), Point(73, 70, 1)], 0.2), Machine(2, Point[Point(69, 70, 0), Point(69, 70, 1)], 0.2), Machine(3, Point[Point(75, 70, 0), Point(75, 70, 1)], 0.2), Machine(4, Point[Point(67, 70, 0), Point(67, 70, 1)], 0.2), Machine(5, Point[Point(77, 70, 0), Point(77, 70, 1)], 0.2)]
refs: [1, 2, 5, 6, 7, 8, 9, 10, 11, 12, 15, 16, 18, 19, 20, 22, 23, 25, 26, 28, 29, 30, 31, 32, 34, 36, 37, 39, 40, 41, 42, 43, 44, 45, 47, 48, 49, 50, 51, 53, 54, 24, 62, 17, 67, 56, 57, 46, 81, 77, 68, 75, 64, 78, 3, 74, 72, 59, 52, 73, 14, 21, 71, 69, 80, 61, 4, 66, 33, 70, 60, 76, 55, 63, 58, 35, 38, 65, 79, 27, 13, 1]
V: [1, 2, 3, 4, 5, 6, 7, 8, 9, 10, 11, 12, 13, 14, 15, 16, 17, 18, 19, 20, 21, 22, 23, 24, 25, 26, 27, 28, 29, 30, 31, 32, 33, 34, 35, 36, 37, 38, 39, 40, 41, 42, 43, 44, 45, 46, 47, 48, 49, 50, 51, 52, 53, 54, 55, 56, 57, 58, 59, 60, 61, 62, 63, 64, 65, 66, 67, 68, 69, 70, 71, 72, 73, 74, 75, 76, 77, 78, 79, 80, 81]
V_p: [2, 3, 4, 5, 6, 7, 8, 9, 10, 11, 12, 13, 14, 15, 16, 17, 18, 19, 20, 21, 22, 23, 24, 25, 26, 27, 28, 29, 30, 31, 32, 33, 34, 35, 36, 37, 38, 39, 40, 41]
V_d: [42, 43, 44, 45, 46, 47, 48, 49, 50, 51, 52, 53, 54, 55, 56, 57, 58, 59, 60, 61, 62, 63, 64, 65, 66, 67, 68, 69, 70, 71, 72, 73, 74, 75, 76, 77, 78, 79, 80, 81]
Vprime: [1, 2, 3, 4, 5, 6, 7, 8, 9, 10, 11, 12, 13, 14, 15, 16, 17, 18, 19, 20, 21, 22, 23, 24, 25, 26, 27, 28, 29, 30, 31, 32, 33, 34, 35, 36, 37, 38, 39, 40, 41, 42, 43, 44, 45, 46, 47, 48, 49, 50, 51, 52, 53, 54, 55, 56, 57, 58, 59, 60, 61, 62, 63, 64, 65, 66, 67, 68, 69, 70, 71, 72, 73, 74, 75, 76, 77, 78, 79, 80, 81, 82]
V: [1, 2, 3, 4, 5, 6, 7, 8, 9, 10, 11, 12, 13, 14, 15, 16, 17, 18, 19, 20, 21, 22, 23, 24, 25, 26, 27, 28, 29, 30, 31, 32, 33, 34, 35, 36, 37, 38, 39, 40, 41, 42, 43, 44, 45, 46, 47, 48, 49, 50, 51, 52, 53, 54, 55, 56, 57, 58, 59, 60, 61, 62, 63, 64, 65, 66, 67, 68, 69, 70, 71, 72, 73, 74, 75, 76, 77, 78, 79, 80, 81]
q: [0, 7, 26, 22, 13, 8, 13, 10, 22, 18, 19, 20, 13, 12, 30, 13, 12, 24, 8, 12, 15, 6, 10, 15, 20, 16, 22, 1, 34, 13, 20, 32, 10, 9, 37, 17, 25, 31, 17, 12, 27, -7, -26, -22, -13, -8, -13, -10, -22, -18, -19, -20, -13, -12, -30, -13, -12, -24, -8, -12, -15, -6, -10, -15, -20, -16, -22, -1, -34, -13, -20, -32, -10, -9, -37, -17, -25, -31, -17, -12, -27, 0]
H: [1, 2, 3, 4, 5, 6]
f: [[1, 1, 1, 1, 1, 1], [2, 2, 2, 2, 2, 2], [2, 2, 2, 2, 2, 2], [2, 2, 2, 2, 2, 2], [2, 2, 2, 2, 2, 2], [1, 1, 1, 1, 1, 1], [2, 2, 2, 2, 2, 2], [1, 1, 1, 1, 1, 1], [1, 1, 1, 1, 1, 1], [2, 2, 2, 2, 2, 2], [2, 2, 2, 2, 2, 2], [2, 2, 2, 2, 2, 2], [2, 2, 2, 2, 2, 2], [2, 2, 2, 2, 2, 2], [1, 1, 1, 1, 1, 1], [1, 1, 1, 1, 1, 1], [1, 1, 1, 1, 1, 1], [2, 2, 2, 2, 2, 2], [2, 2, 2, 2, 2, 2], [1, 1, 1, 1, 1, 1], [1, 1, 1, 1, 1, 1], [2, 2, 2, 2, 2, 2], [1, 1, 1, 1, 1, 1], [1, 1, 1, 1, 1, 1], [1, 1, 1, 1, 1, 1], [1, 1, 1, 1, 1, 1], [1, 1, 1, 1, 1, 1], [2, 2, 2, 2, 2, 2], [1, 1, 1, 1, 1, 1], [1, 1, 1, 1, 1, 1], [1, 1, 1, 1, 1, 1], [2, 2, 2, 2, 2, 2], [1, 1, 1, 1, 1, 1], [1, 1, 1, 1, 1, 1], [1, 1, 1, 1, 1, 1], [1, 1, 1, 1, 1, 1], [2, 2, 2, 2, 2, 2], [2, 2, 2, 2, 2, 2], [1, 1, 1, 1, 1, 1], [1, 1, 1, 1, 1, 1], [1, 1, 1, 1, 1, 1], [1, 1, 1, 1, 1, 1], [1, 1, 1, 1, 1, 1], [1, 1, 1, 1, 1, 1], [1, 1, 1, 1, 1, 1], [1, 1, 1, 1, 1, 1], [1, 1, 1, 1, 1, 1], [2, 2, 2, 2, 2, 2], [2, 2, 2, 2, 2, 2], [1, 1, 1, 1, 1, 1], [2, 2, 2, 2, 2, 2], [1, 1, 1, 1, 1, 1], [1, 1, 1, 1, 1, 1], [1, 1, 1, 1, 1, 1], [1, 1, 1, 1, 1, 1], [1, 1, 1, 1, 1, 1], [1, 1, 1, 1, 1, 1], [2, 2, 2, 2, 2, 2], [2, 2, 2, 2, 2, 2], [2, 2, 2, 2, 2, 2], [2, 2, 2, 2, 2, 2], [2, 2, 2, 2, 2, 2], [1, 1, 1, 1, 1, 1], [2, 2, 2, 2, 2, 2], [1, 1, 1, 1, 1, 1], [1, 1, 1, 1, 1, 1], [2, 2, 2, 2, 2, 2], [1, 1, 1, 1, 1, 1], [2, 2, 2, 2, 2, 2], [2, 2, 2, 2, 2, 2], [1, 1, 1, 1, 1, 1], [2, 2, 2, 2, 2, 2], [1, 1, 1, 1, 1, 1], [1, 1, 1, 1, 1, 1], [2, 2, 2, 2, 2, 2], [1, 1, 1, 1, 1, 1], [2, 2, 2, 2, 2, 2], [2, 2, 2, 2, 2, 2], [1, 1, 1, 1, 1, 1], [1, 1, 1, 1, 1, 1], [1, 1, 1, 1, 1, 1], [1, 1, 1, 1, 1, 1]]
1 1 1 -> 0.0
1 2 1 -> 5.0
2 1 1 -> 5.0
2 2 1 -> 0.0
1 1 2 -> 0.0
1 2 2 -> 5.0
2 1 2 -> 5.0
2 2 2 -> 0.0
1 1 3 -> 0.0
1 2 3 -> 5.0
2 1 3 -> 5.0
2 2 3 -> 0.0
1 1 4 -> 0.0
1 2 4 -> 5.0
2 1 4 -> 5.0
2 2 4 -> 0.0
1 1 5 -> 0.0
1 2 5 -> 5.0
2 1 5 -> 5.0
2 2 5 -> 0.0
1 1 6 -> 0.0
1 2 6 -> 5.0
2 1 6 -> 5.0
2 2 6 -> 0.0
o: (1, 2, 1) => 5.0
o: (1, 2, 5) => 5.0
o: (1, 2, 3) => 5.0
o: (1, 1, 2) => 0.0
o: (2, 2, 6) => 0.0
o: (2, 1, 4) => 5.0
o: (1, 2, 2) => 5.0
o: (1, 1, 6) => 0.0
o: (2, 1, 1) => 5.0
o: (2, 1, 5) => 5.0
o: (2, 1, 3) => 5.0
o: (2, 2, 4) => 0.0
o: (1, 2, 6) => 5.0
o: (2, 2, 1) => 0.0
o: (2, 2, 5) => 0.0
o: (2, 2, 3) => 0.0
o: (2, 1, 2) => 5.0
o: (1, 1, 4) => 0.0
o: (1, 1, 1) => 0.0
o: (1, 1, 5) => 0.0
o: (1, 1, 3) => 0.0
o: (1, 2, 4) => 5.0
o: (2, 2, 2) => 0.0
o: (2, 1, 6) => 5.0

[112, 2726, 2716, 2637, 2627, 2632, 2546, 6]
JOBS in the order of refs (Vprime)
Node 1: Job(0, Point(70, 70, 0), 0, 0, 2535, 0, 0, 0)
Node 2: Job(2, Point(26, 50, 1), 7, 1442, 1778, 10, 0, 39)
Node 3: Job(5, Point(69, 116, 1), 26, 1383, 1492, 10, 0, 111)
Node 4: Job(8, Point(78, 111, 1), 22, 41, 315, 10, 0, 30)
Node 5: Job(9, Point(107, 25, 1), 13, 980, 1330, 10, 0, 129)
Node 6: Job(10, Point(17, 138, 0), 8, 1461, 2120, 10, 0, 85)
Node 7: Job(12, Point(20, 69, 1), 13, 1317, 1828, 10, 0, 87)
Node 8: Job(17, Point(46, 112, 0), 10, 1025, 1383, 10, 0, 66)
Node 9: Job(18, Point(79, 72, 0), 22, 9, 93, 10, 0, 193)
Node 10: Job(19, Point(104, 32, 1), 18, 462, 736, 10, 0, 171)
Node 11: Job(23, Point(78, 63, 1), 19, 10, 226, 10, 0, 134)
Node 12: Job(29, Point(120, 14, 1), 20, 976, 1213, 10, 0, 160)
Node 13: Job(31, Point(140, 42, 1), 13, 256, 668, 10, 0, 120)
Node 14: Job(33, Point(42, 29, 1), 12, 222, 379, 10, 0, 177)
Node 15: Job(34, Point(44, 58, 0), 30, 28, 380, 10, 0, 3)
Node 16: Job(37, Point(106, 10, 0), 13, 1126, 1384, 10, 0, 159)
Node 17: Job(38, Point(107, 102, 0), 12, 632, 1241, 10, 0, 150)
Node 18: Job(40, Point(132, 133, 1), 24, 414, 824, 10, 0, 93)
Node 19: Job(41, Point(81, 57, 1), 8, 17, 482, 10, 0, 76)
Node 20: Job(44, Point(137, 101, 0), 12, 470, 1005, 10, 0, 151)
Node 21: Job(45, Point(82, 103, 0), 15, 100, 298, 10, 0, 21)
Node 22: Job(47, Point(90, 44, 1), 6, 32, 682, 10, 0, 36)
Node 23: Job(48, Point(139, 73, 0), 10, 150, 667, 10, 0, 148)
Node 24: Job(49, Point(89, 24, 0), 15, 989, 1539, 10, 0, 136)
Node 25: Job(51, Point(98, 4, 0), 20, 606, 935, 10, 0, 185)
Node 26: Job(55, Point(84, 88, 0), 16, 1455, 1514, 10, 0, 109)
Node 27: Job(56, Point(86, 40, 0), 22, 34, 289, 10, 0, 4)
Node 28: Job(59, Point(105, 2, 1), 1, 597, 1312, 10, 0, 127)
Node 29: Job(60, Point(107, 77, 0), 34, 37, 451, 10, 0, 50)
Node 30: Job(61, Point(104, 54, 0), 13, 184, 357, 10, 0, 146)
Node 31: Job(62, Point(54, 33, 0), 20, 40, 415, 10, 0, 104)
Node 32: Job(63, Point(32, 52, 1), 32, 384, 944, 10, 0, 165)
Node 33: Job(64, Point(37, 125, 0), 10, 1199, 1668, 10, 0, 84)
Node 34: Job(65, Point(99, 34, 0), 9, 274, 453, 10, 0, 118)
Node 35: Job(67, Point(85, 75, 0), 37, 15, 546, 10, 0, 88)
Node 36: Job(69, Point(103, 77, 0), 17, 1087, 1358, 10, 0, 54)
Node 37: Job(71, Point(139, 68, 1), 25, 159, 587, 10, 0, 57)
Node 38: Job(73, Point(39, 100, 1), 31, 98, 550, 10, 0, 121)
Node 39: Job(75, Point(104, 73, 0), 17, 759, 1355, 10, 0, 184)
Node 40: Job(77, Point(103, 44, 0), 12, 42, 420, 10, 0, 42)
Node 41: Job(79, Point(44, 116, 0), 27, 111, 433, 10, 0, 20)
Node 42: Job(39, Point(83, 38, 0), -7, 1647, 2285, 10, 2, 0)
Node 43: Job(111, Point(61, 57, 0), -26, 1392, 1727, 10, 5, 0)
Node 44: Job(30, Point(10, 86, 0), -22, 1431, 1974, 10, 8, 0)
Node 45: Job(129, Point(110, 28, 0), -13, 1067, 1497, 10, 9, 0)
Node 46: Job(85, Point(27, 104, 0), -8, 1938, 2200, 10, 10, 0)
Node 47: Job(87, Point(34, 72, 0), -13, 1768, 2489, 10, 12, 0)
Node 48: Job(66, Point(38, 122, 1), -10, 805, 1187, 10, 17, 0)
Node 49: Job(193, Point(137, 127, 1), -22, 688, 996, 10, 18, 0)
Node 50: Job(171, Point(66, 82, 0), -18, 1825, 2303, 10, 19, 0)
Node 51: Job(134, Point(23, 19, 1), -19, 432, 1060, 10, 23, 0)
Node 52: Job(160, Point(129, 24, 0), -20, 1199, 1601, 10, 29, 0)
Node 53: Job(120, Point(92, 22, 0), -13, 601, 1039, 10, 31, 0)
Node 54: Job(177, Point(15, 4, 0), -12, 306, 621, 10, 33, 0)
Node 55: Job(3, Point(30, 57, 0), -30, 723, 1239, 10, 34, 0)
Node 56: Job(159, Point(136, 123, 0), -13, 1173, 1495, 10, 37, 0)
Node 57: Job(150, Point(64, 115, 0), -12, 332, 868, 10, 38, 0)
Node 58: Job(93, Point(13, 129, 1), -24, 1180, 1750, 10, 40, 0)
Node 59: Job(76, Point(9, 19, 1), -8, 1360, 1742, 10, 41, 0)
Node 60: Job(151, Point(82, 100, 1), -12, 189, 765, 10, 44, 0)
Node 61: Job(21, Point(109, 139, 1), -15, 227, 796, 10, 45, 0)
Node 62: Job(36, Point(41, 36, 1), -6, 97, 435, 10, 47, 0)
Node 63: Job(148, Point(58, 80, 0), -10, 1733, 2064, 10, 48, 0)
Node 64: Job(136, Point(92, 138, 1), -15, 1469, 1867, 10, 49, 0)
Node 65: Job(185, Point(135, 65, 0), -20, 1343, 1487, 10, 51, 0)
Node 66: Job(109, Point(18, 70, 0), -16, 1410, 1837, 10, 55, 0)
Node 67: Job(4, Point(29, 60, 1), -22, 42, 312, 10, 56, 0)
Node 68: Job(127, Point(138, 105, 0), -1, 1568, 1780, 10, 59, 0)
Node 69: Job(50, Point(64, 138, 1), -34, 1742, 1897, 10, 60, 0)
Node 70: Job(146, Point(139, 110, 1), -13, 740, 912, 10, 61, 0)
Node 71: Job(104, Point(27, 46, 0), -20, 673, 1118, 10, 62, 0)
Node 72: Job(165, Point(28, 62, 1), -32, 661, 1027, 10, 63, 0)
Node 73: Job(84, Point(56, 139, 0), -10, 1227, 1371, 10, 64, 0)
Node 74: Job(118, Point(108, 30, 0), -9, 70, 815, 10, 65, 0)
Node 75: Job(88, Point(120, 22, 1), -37, 340, 692, 10, 67, 0)
Node 76: Job(54, Point(13, 48, 0), -17, 1554, 1929, 10, 69, 0)
Node 77: Job(57, Point(69, 115, 1), -25, 630, 1213, 10, 71, 0)
Node 78: Job(121, Point(2, 106, 1), -31, 1441, 1774, 10, 73, 0)
Node 79: Job(184, Point(119, 73, 0), -17, 175, 881, 10, 75, 0)
Node 80: Job(42, Point(120, 52, 0), -12, 1465, 1649, 10, 77, 0)
Node 81: Job(20, Point(8, 87, 0), -27, 1424, 1906, 10, 79, 0)
Node 82: Job(0, Point(70, 70, 0), 0, 0, 2535, 0, 0, 0)

### Preprocessing Data ###
	-> arcs: 6724 (100.0%)
	-> arc_removals: 3758 (55.89%)
	-> arc_removals_is_loop: 82 (1.22%)
	-> arc_removals_is_delivery_to_pickup: 42 (0.62%)
	-> arc_removals_is_depot_begin_to_delivery: 40 (0.59%)
	-> arc_removals_is_pickup_to_depot_end: 40 (0.59%)
	-> arc_removals_is_dest_depot_begin: 80 (1.19%)
	-> arc_removals_is_orig_depot_end: 79 (1.17%)
	-> arc_removals_is_capacity_violated: 0 (0.0%)
	-> arc_removals_is_time_window_limited: 2454 (36.5%)
	-> arc_removals_is_time_window_pairing_limited: 728 (10.83%)
	-> arc_removals_is_indirect_request_service_impossible: 213 (3.17%)
	-> gamma_vars: 0 (0%)
	-> feas_gamma_vars: 0 (0%)
	-> infeas_gamma_vars_is_next_mtrv_unreachable: 0 (0%)
	-> infeas_gamma_vars_is_iprime_jprime_eq_i_j: 0 (0%)
	-> machine_removal_for_an_arc: 0 (0.0%)
##########################

[10:17:08.454] Print configuration
------------------------------------------------------
"
[10:17:08.454] Running Multi Start Heuristic"
> Experiment started at 2025-10-05T10:17:08.454
> Instance: LR2_2_9_t2_40R_40V_02F_06M
> Algorithm Parameters:


	>Stop params:
		>  - rule ITERATIONS
		>  - argument 60000.0
		>  - maximum_time 3600

	>General params:
		>  - instPath /dados/rmelo/PDPTW-SE/benchmark_multi_floor_v3/official_experiments/multistartlp/preliminar/set_01_pt_02/../../../../instances/orig_ams_fg/40R_40V_02F_06M/t2/LR2_2_9/
		>  - name LR2_2_9
		>  - type t2
		>  - group 40R_40V_02F_06M
		>  - fullname LR2_2_9_t2_40R_40V_02F_06M
		>  - methodType heur
		>  - methodCode mslp
		>  - genconfigfile /dados/rmelo/PDPTW-SE/benchmark_multi_floor_v3/official_experiments/multistartlp/preliminar/set_01_pt_02/configs/genconfig_mslp.conf
		>  - genconfigfilename genconfig_mslp
		>  - greedy_service_order random
		>  - cutoff 0
		>  - cutoffmachs 6
		>  - num_machs 0
		>  - solver Gurobi
		>  - maxtime 3600
		>  - gurobiCuts 1
		>  - typeUserCut 0
		>  - mipPresolve -1
		>  - printsol 1
		>  - maxnodes -1
		>  - elevator 1
		>  - make_instance_feasible false
		>  - output /dados/rmelo/PDPTW-SE/benchmark_multi_floor_v3/official_experiments/multistartlp/preliminar/set_01_pt_02/logs
		>  - suff_outputs _seed_136_alpha_15p
		>  - suff_csv _bash_3
		>  - epsilon 0.005
		>  - epsilonCap 0.5
		>  - warmStart false
		>  - seed 136
		>  - rng Random.MersenneTwister(136)
		>  - alpha 0.15
		>  - maxiter 1000000
		>  - outputFlagGrbMIP 0
		>  - outputFlagGrbMSLP 0
		>  - outputFlagGrbLMNS 0
		>  - mslpr I
		>  - mslpa 60000
		>  - lmnsr M
		>  - lmnsa 60
		>  - lmnsRepairTime 30.0
		>  - lmnsMIPFocus 0
		>  - lmnsGapToBiggerDestruction 50
		>  - lmnsGapToSmallerDestruction 95
		>  - lmnsWeightShawDistProx 1.0
		>  - lmnsWeightShawEarlProx 1.0
		>  - lmnsWeightShawSameRoute 1.0
		>  - lmnsWeightShawDemandSim 1.0
		>  - lmnsReqRApplyMIPStart true
		>  - lmnsAcceptanceCriteria H
		>  - lmnsMetropolisTemp 100.0
		>  - lmnsSimulatedAnnealingTemp 100.0
		>  - lmnsSimulatedAnnealingCool 0.95
		>  - mipmaxtime 3600
		>  - csvfilename /dados/rmelo/PDPTW-SE/benchmark_multi_floor_v3/official_experiments/multistartlp/preliminar/set_01_pt_02/logs/heur_mslp/outputs/csvresults_heur_mslp_bash_3.csv
		>  - solfilename /dados/rmelo/PDPTW-SE/benchmark_multi_floor_v3/official_experiments/multistartlp/preliminar/set_01_pt_02/logs/heur_mslp/solutions/40R_40V_02F_06M/LR2_2_9_sol_genconfig_mslp_seed_136_alpha_15p.txt
		>  - timelineFilename /dados/rmelo/PDPTW-SE/benchmark_multi_floor_v3/official_experiments/multistartlp/preliminar/set_01_pt_02/logs/heur_mslp/timelines/40R_40V_02F_06M/LR2_2_9_timeline_genconfig_mslp_seed_136_alpha_15p.txt
		>  - grbFilename /dados/rmelo/PDPTW-SE/benchmark_multi_floor_v3/official_experiments/multistartlp/preliminar/set_01_pt_02/logs/heur_mslp/gurobi/40R_40V_02F_06M/LR2_2_9_grb_genconfig_mslp_seed_136_alpha_15p.log
		>  - threads 1
		>  - solverMethod AUTOMATIC

------------------------------------------------------
objValue;greedysol;iteration;time
9456.74;10303.53;1;0.020762
9412.25;10095.76;39;1.439087
9384.29;10127.02;82;2.525460
9113.78;9904.38;186;4.933963
9103.50;9936.12;193;5.096501
8640.22;9218.89;196;5.157588
8422.24;9374.76;788;18.800115
8274.57;9043.71;12054;277.821447
8158.24;8553.14;25233;584.506068

[10:40:19.476] Finished running MSLP

[10:40:19.476] Post running MSLP
Best solution value: 8158.24
Total time elapsed: 1390.920114
Time to best: 584.506068
Iterations: 60000
Iterations to best: 25233
Improvements: 9
Infeasible solutions percentage: (0 / 60000) = 0.0000 %
(LP improvements)/(LP runs) = 60000/60000 = 100.0000 %
Mean LP improvement percentage: 7.4366 %
[10:40:19.785] Writing results to CSV file: /dados/rmelo/PDPTW-SE/benchmark_multi_floor_v3/official_experiments/multistartlp/preliminar/set_01_pt_02/logs/heur_mslp/outputs/csvresults_heur_mslp_bash_3.csv

[10:40:21.781] Saving solution to file:/dados/rmelo/PDPTW-SE/benchmark_multi_floor_v3/official_experiments/multistartlp/preliminar/set_01_pt_02/logs/heur_mslp/solutions/40R_40V_02F_06M/LR2_2_9_sol_genconfig_mslp_seed_136_alpha_15p.txt

[10:40:21.781] Saving solution timeline to file: /dados/rmelo/PDPTW-SE/benchmark_multi_floor_v3/official_experiments/multistartlp/preliminar/set_01_pt_02/logs/heur_mslp/timelines/40R_40V_02F_06M/LR2_2_9_timeline_genconfig_mslp_seed_136_alpha_15p.txt
---------------------| VEHICLES |---------------------

Vehicle 3 :
	id: 0
		node: 1
		(x, y, z): (70, 70, 0)
		dem: 0
		earl: 0
		lat: 2535
		servt: 0
		pid: 0
		did: 0
		servST: 201.37
		(h, h_ind): (-1, 0)
		load: 0.0

	Finished service at time: 201.37

	Task 0 -> Task 62: 40.31
	Vehicle arrival at task: 241.68
	Waiting time until service start time: 0.0

	id: 62
		node: 31
		(x, y, z): (54, 33, 0)
		dem: 20
		earl: 40
		lat: 415
		servt: 10
		pid: 0
		did: 104
		servST: 241.68
		(h, h_ind): (-1, 0)
		load: 20.0

	Finished service at time: 251.68

	Task 62 -> Task 65: 45.01
	Vehicle arrival at task: 296.69
	Waiting time until service start time: 0.0

	id: 65
		node: 34
		(x, y, z): (99, 34, 0)
		dem: 9
		earl: 274
		lat: 453
		servt: 10
		pid: 0
		did: 118
		servST: 296.69
		(h, h_ind): (-1, 0)
		load: 29.0

	Finished service at time: 306.69

	Task 65 -> Task 77: 10.77
	Vehicle arrival at task: 317.46
	Waiting time until service start time: 0.0

	id: 77
		node: 40
		(x, y, z): (103, 44, 0)
		dem: 12
		earl: 42
		lat: 420
		servt: 10
		pid: 0
		did: 42
		servST: 317.46
		(h, h_ind): (-1, 0)
		load: 41.0

	Finished service at time: 327.46

	Task 77 -> Task 48: 46.23
	Vehicle arrival at task: 373.69
	Waiting time until service start time: 0.0

	id: 48
		node: 23
		(x, y, z): (139, 73, 0)
		dem: 10
		earl: 150
		lat: 667
		servt: 10
		pid: 0
		did: 148
		servST: 373.69
		(h, h_ind): (-1, 0)
		load: 51.0

	Finished service at time: 383.69

	Task 48 -> Task 118: 53.01
	Vehicle arrival at task: 436.7
	Waiting time until service start time: 0.0

	id: 118
		node: 74
		(x, y, z): (108, 30, 0)
		dem: -9
		earl: 70
		lat: 815
		servt: 10
		pid: 65
		did: 0
		servST: 436.7
		(h, h_ind): (-1, 0)
		load: 42.0

	Finished service at time: 446.7

	Using Machine: 2
		Task 118 -> Machine 2 (Station 1): 55.87
		Vehicle arrival at machine station: 502.57
		Waiting time until machine travel: 0.0

		Machine travel start time: 502.57
		Region 0 -> Region 1: 5.0
		Machine arrival at machine station: 507.57

		Machine 2 (Station 2)-> Task 73: 42.43
		Vehicle arrival at task: 550.0
		Waiting time until service start time: 0.0

	id: 73
		node: 38
		(x, y, z): (39, 100, 1)
		dem: 31
		earl: 98
		lat: 550
		servt: 10
		pid: 0
		did: 121
		servST: 550.0
		(h, h_ind): (2, 2)
		load: 73.0

	Finished service at time: 560.0

	Using Machine: 4
		Task 73 -> Machine 4 (Station 2): 41.04
		Vehicle arrival at machine station: 601.04
		Waiting time until machine travel: 0.0

		Machine travel start time: 601.04
		Region 1 -> Region 0: 5.0
		Machine arrival at machine station: 606.04

		Machine 4 (Station 1)-> Task 104: 46.65
		Vehicle arrival at task: 652.6899999999999
		Waiting time until service start time: 20.31

	id: 104
		node: 71
		(x, y, z): (27, 46, 0)
		dem: -20
		earl: 673
		lat: 1118
		servt: 10
		pid: 62
		did: 0
		servST: 673.0
		(h, h_ind): (4, 4)
		load: 53.0

	Finished service at time: 683.0

	Task 104 -> Task 64: 79.63
	Vehicle arrival at task: 762.63
	Waiting time until service start time: 436.37

	id: 64
		node: 33
		(x, y, z): (37, 125, 0)
		dem: 10
		earl: 1199
		lat: 1668
		servt: 10
		pid: 0
		did: 84
		servST: 1199.0
		(h, h_ind): (-1, 0)
		load: 63.0

	Finished service at time: 1209.0

	Task 64 -> Task 84: 23.6
	Vehicle arrival at task: 1232.6
	Waiting time until service start time: 0.0

	id: 84
		node: 73
		(x, y, z): (56, 139, 0)
		dem: -10
		earl: 1227
		lat: 1371
		servt: 10
		pid: 64
		did: 0
		servST: 1232.6
		(h, h_ind): (-1, 0)
		load: 53.0

	Finished service at time: 1242.6

	Task 84 -> Task 69: 77.8
	Vehicle arrival at task: 1320.3999999999999
	Waiting time until service start time: 0.0

	id: 69
		node: 36
		(x, y, z): (103, 77, 0)
		dem: 17
		earl: 1087
		lat: 1358
		servt: 10
		pid: 0
		did: 54
		servST: 1320.3999999999999
		(h, h_ind): (-1, 0)
		load: 70.0

	Finished service at time: 1330.3999999999999

	Using Machine: 5
		Task 69 -> Machine 5 (Station 1): 26.93
		Vehicle arrival at machine station: 1357.33
		Waiting time until machine travel: 0.0

		Machine travel start time: 1357.33
		Region 0 -> Region 1: 5.0
		Machine arrival at machine station: 1362.33

		Machine 5 (Station 2)-> Task 121: 83.19
		Vehicle arrival at task: 1445.52
		Waiting time until service start time: 0.0

	id: 121
		node: 78
		(x, y, z): (2, 106, 1)
		dem: -31
		earl: 1441
		lat: 1774
		servt: 10
		pid: 73
		did: 0
		servST: 1445.52
		(h, h_ind): (5, 14)
		load: 39.0

	Finished service at time: 1455.52

	Task 121 -> Task 2: 60.93
	Vehicle arrival at task: 1516.45
	Waiting time until service start time: 0.0

	id: 2
		node: 2
		(x, y, z): (26, 50, 1)
		dem: 7
		earl: 1442
		lat: 1778
		servt: 10
		pid: 0
		did: 39
		servST: 1516.45
		(h, h_ind): (-1, 0)
		load: 46.0

	Finished service at time: 1526.45

	Using Machine: 3
		Task 2 -> Machine 3 (Station 2): 52.92
		Vehicle arrival at machine station: 1579.3700000000001
		Waiting time until machine travel: 0.0

		Machine travel start time: 1579.3700000000001
		Region 1 -> Region 0: 5.0
		Machine arrival at machine station: 1584.3700000000001

		Machine 3 (Station 1)-> Task 42: 48.47
		Vehicle arrival at task: 1632.8400000000001
		Waiting time until service start time: 0.0

	id: 42
		node: 80
		(x, y, z): (120, 52, 0)
		dem: -12
		earl: 1465
		lat: 1649
		servt: 10
		pid: 77
		did: 0
		servST: 1632.8400000000001
		(h, h_ind): (3, 2)
		load: 34.0

	Finished service at time: 1642.8400000000001

	Task 42 -> Task 39: 39.56
	Vehicle arrival at task: 1682.4
	Waiting time until service start time: 0.0

	id: 39
		node: 42
		(x, y, z): (83, 38, 0)
		dem: -7
		earl: 1647
		lat: 2285
		servt: 10
		pid: 2
		did: 0
		servST: 1682.4
		(h, h_ind): (-1, 0)
		load: 27.0

	Finished service at time: 1692.4

	Task 39 -> Task 54: 70.71
	Vehicle arrival at task: 1763.1100000000001
	Waiting time until service start time: 0.0

	id: 54
		node: 76
		(x, y, z): (13, 48, 0)
		dem: -17
		earl: 1554
		lat: 1929
		servt: 10
		pid: 69
		did: 0
		servST: 1763.1100000000001
		(h, h_ind): (-1, 0)
		load: 10.0

	Finished service at time: 1773.1100000000001

	Task 54 -> Task 148: 55.22
	Vehicle arrival at task: 1828.3300000000002
	Waiting time until service start time: 0.0

	id: 148
		node: 63
		(x, y, z): (58, 80, 0)
		dem: -10
		earl: 1733
		lat: 2064
		servt: 10
		pid: 48
		did: 0
		servST: 1828.3300000000002
		(h, h_ind): (-1, 0)
		load: 0.0

	Finished service at time: 1838.3300000000002

	Task 148 -> Task 0: 15.62
	Vehicle arrival at task: 1853.95
	Waiting time until service start time: 0.0

	id: 0
		node: 82
		(x, y, z): (70, 70, 0)
		dem: 0
		earl: 0
		lat: 2535
		servt: 0
		pid: 0
		did: 0
		servST: 1853.95
		(h, h_ind): (-1, 0)
		load: 0.0


Vehicle 8 :
	id: 0
		node: 1
		(x, y, z): (70, 70, 0)
		dem: 0
		earl: 0
		lat: 2535
		servt: 0
		pid: 0
		did: 0
		servST: 107.89000000000001
		(h, h_ind): (-1, 0)
		load: 0.0

	Finished service at time: 107.89000000000001

	Task 0 -> Task 79: 52.84
	Vehicle arrival at task: 160.73000000000002
	Waiting time until service start time: 0.0

	id: 79
		node: 41
		(x, y, z): (44, 116, 0)
		dem: 27
		earl: 111
		lat: 433
		servt: 10
		pid: 0
		did: 20
		servST: 160.73000000000002
		(h, h_ind): (-1, 0)
		load: 27.0

	Finished service at time: 170.73000000000002

	Using Machine: 4
		Task 79 -> Machine 4 (Station 1): 51.43
		Vehicle arrival at machine station: 222.16000000000003
		Waiting time until machine travel: 0.0

		Machine travel start time: 222.16000000000003
		Region 0 -> Region 1: 5.0
		Machine arrival at machine station: 227.16000000000003

		Machine 4 (Station 2)-> Task 8: 42.45
		Vehicle arrival at task: 269.61
		Waiting time until service start time: 0.0

	id: 8
		node: 4
		(x, y, z): (78, 111, 1)
		dem: 22
		earl: 41
		lat: 315
		servt: 10
		pid: 0
		did: 30
		servST: 269.61
		(h, h_ind): (4, 2)
		load: 49.0

	Finished service at time: 279.61

	Using Machine: 5
		Task 8 -> Machine 5 (Station 2): 41.01
		Vehicle arrival at machine station: 320.62
		Waiting time until machine travel: 0.0

		Machine travel start time: 320.62
		Region 1 -> Region 0: 5.0
		Machine arrival at machine station: 325.62

		Machine 5 (Station 1)-> Task 61: 31.38
		Vehicle arrival at task: 357.0
		Waiting time until service start time: 0.0

	id: 61
		node: 30
		(x, y, z): (104, 54, 0)
		dem: 13
		earl: 184
		lat: 357
		servt: 10
		pid: 0
		did: 146
		servST: 357.0
		(h, h_ind): (5, 5)
		load: 62.0

	Finished service at time: 367.0

	Using Machine: 5
		Task 61 -> Machine 5 (Station 1): 31.38
		Vehicle arrival at machine station: 398.38
		Waiting time until machine travel: 11.81

		Machine travel start time: 410.19
		Region 0 -> Region 1: 5.0
		Machine arrival at machine station: 415.19

		Machine 5 (Station 2)-> Task 146: 73.78
		Vehicle arrival at task: 488.97
		Waiting time until service start time: 300.99

	id: 146
		node: 70
		(x, y, z): (139, 110, 1)
		dem: -13
		earl: 740
		lat: 912
		servt: 10
		pid: 61
		did: 0
		servST: 789.96
		(h, h_ind): (5, 6)
		load: 49.0

	Finished service at time: 799.96

	Task 146 -> Task 40: 24.04
	Vehicle arrival at task: 824.0
	Waiting time until service start time: 0.0

	id: 40
		node: 18
		(x, y, z): (132, 133, 1)
		dem: 24
		earl: 414
		lat: 824
		servt: 10
		pid: 0
		did: 93
		servST: 824.0
		(h, h_ind): (-1, 0)
		load: 73.0

	Finished service at time: 834.0

	Task 40 -> Task 93: 119.07
	Vehicle arrival at task: 953.0699999999999
	Waiting time until service start time: 226.93

	id: 93
		node: 58
		(x, y, z): (13, 129, 1)
		dem: -24
		earl: 1180
		lat: 1750
		servt: 10
		pid: 40
		did: 0
		servST: 1180.0
		(h, h_ind): (-1, 0)
		load: 49.0

	Finished service at time: 1190.0

	Using Machine: 4
		Task 93 -> Machine 4 (Station 2): 79.98
		Vehicle arrival at machine station: 1269.98
		Waiting time until machine travel: 0.0

		Machine travel start time: 1269.98
		Region 1 -> Region 0: 5.0
		Machine arrival at machine station: 1274.98

		Machine 4 (Station 1)-> Task 55: 24.76
		Vehicle arrival at task: 1299.74
		Waiting time until service start time: 155.26

	id: 55
		node: 26
		(x, y, z): (84, 88, 0)
		dem: 16
		earl: 1455
		lat: 1514
		servt: 10
		pid: 0
		did: 109
		servST: 1455.0
		(h, h_ind): (4, 7)
		load: 65.0

	Finished service at time: 1465.0

	Task 55 -> Task 109: 68.41
	Vehicle arrival at task: 1533.41
	Waiting time until service start time: 0.0

	id: 109
		node: 66
		(x, y, z): (18, 70, 0)
		dem: -16
		earl: 1410
		lat: 1837
		servt: 10
		pid: 55
		did: 0
		servST: 1533.41
		(h, h_ind): (-1, 0)
		load: 49.0

	Finished service at time: 1543.41

	Task 109 -> Task 10: 68.01
	Vehicle arrival at task: 1611.42
	Waiting time until service start time: 0.0

	id: 10
		node: 6
		(x, y, z): (17, 138, 0)
		dem: 8
		earl: 1461
		lat: 2120
		servt: 10
		pid: 0
		did: 85
		servST: 1611.42
		(h, h_ind): (-1, 0)
		load: 57.0

	Finished service at time: 1621.42

	Task 10 -> Task 20: 51.79
	Vehicle arrival at task: 1673.21
	Waiting time until service start time: 0.0

	id: 20
		node: 81
		(x, y, z): (8, 87, 0)
		dem: -27
		earl: 1424
		lat: 1906
		servt: 10
		pid: 79
		did: 0
		servST: 1673.21
		(h, h_ind): (-1, 0)
		load: 30.0

	Finished service at time: 1683.21

	Using Machine: 4
		Task 20 -> Machine 4 (Station 1): 61.4
		Vehicle arrival at machine station: 1744.6100000000001
		Waiting time until machine travel: 0.0

		Machine travel start time: 1744.6100000000001
		Region 0 -> Region 1: 5.0
		Machine arrival at machine station: 1749.6100000000001

		Machine 4 (Station 2)-> Task 12: 47.01
		Vehicle arrival at task: 1796.6200000000001
		Waiting time until service start time: 0.0

	id: 12
		node: 7
		(x, y, z): (20, 69, 1)
		dem: 13
		earl: 1317
		lat: 1828
		servt: 10
		pid: 0
		did: 87
		servST: 1796.6200000000001
		(h, h_ind): (4, 9)
		load: 43.0

	Finished service at time: 1806.6200000000001

	Using Machine: 4
		Task 12 -> Machine 4 (Station 2): 47.01
		Vehicle arrival at machine station: 1853.63
		Waiting time until machine travel: 26.87

		Machine travel start time: 1880.5
		Region 1 -> Region 0: 5.0
		Machine arrival at machine station: 1885.5

		Machine 4 (Station 1)-> Task 85: 52.5
		Vehicle arrival at task: 1938.0
		Waiting time until service start time: 0.0

	id: 85
		node: 46
		(x, y, z): (27, 104, 0)
		dem: -8
		earl: 1938
		lat: 2200
		servt: 10
		pid: 10
		did: 0
		servST: 1938.0
		(h, h_ind): (4, 11)
		load: 35.0

	Finished service at time: 1948.0

	Task 85 -> Task 30: 24.76
	Vehicle arrival at task: 1972.76
	Waiting time until service start time: 0.0

	id: 30
		node: 44
		(x, y, z): (10, 86, 0)
		dem: -22
		earl: 1431
		lat: 1974
		servt: 10
		pid: 8
		did: 0
		servST: 1972.76
		(h, h_ind): (-1, 0)
		load: 13.0

	Finished service at time: 1982.76

	Task 30 -> Task 87: 27.78
	Vehicle arrival at task: 2010.54
	Waiting time until service start time: 0.0

	id: 87
		node: 47
		(x, y, z): (34, 72, 0)
		dem: -13
		earl: 1768
		lat: 2489
		servt: 10
		pid: 12
		did: 0
		servST: 2010.54
		(h, h_ind): (-1, 0)
		load: 0.0

	Finished service at time: 2020.54

	Task 87 -> Task 0: 36.06
	Vehicle arrival at task: 2056.6
	Waiting time until service start time: 0.0

	id: 0
		node: 82
		(x, y, z): (70, 70, 0)
		dem: 0
		earl: 0
		lat: 2535
		servt: 0
		pid: 0
		did: 0
		servST: 2056.6
		(h, h_ind): (-1, 0)
		load: 0.0


Vehicle 9 :
	id: 0
		node: 1
		(x, y, z): (70, 70, 0)
		dem: 0
		earl: 0
		lat: 2535
		servt: 0
		pid: 0
		did: 0
		servST: 22.71999999999999
		(h, h_ind): (-1, 0)
		load: 0.0

	Finished service at time: 22.71999999999999

	Using Machine: 0
		Task 0 -> Machine 0 (Station 1): 1.0
		Vehicle arrival at machine station: 23.71999999999999
		Waiting time until machine travel: 0.0

		Machine travel start time: 23.71999999999999
		Region 0 -> Region 1: 5.0
		Machine arrival at machine station: 28.71999999999999

		Machine 0 (Station 2)-> Task 47: 32.2
		Vehicle arrival at task: 60.919999999999995
		Waiting time until service start time: 0.0

	id: 47
		node: 22
		(x, y, z): (90, 44, 1)
		dem: 6
		earl: 32
		lat: 682
		servt: 10
		pid: 0
		did: 36
		servST: 60.919999999999995
		(h, h_ind): (0, 1)
		load: 6.0

	Finished service at time: 70.91999999999999

	Task 47 -> Task 36: 49.65
	Vehicle arrival at task: 120.57
	Waiting time until service start time: 0.0

	id: 36
		node: 62
		(x, y, z): (41, 36, 1)
		dem: -6
		earl: 97
		lat: 435
		servt: 10
		pid: 47
		did: 0
		servST: 120.57
		(h, h_ind): (-1, 0)
		load: 0.0

	Finished service at time: 130.57

	Using Machine: 5
		Task 36 -> Machine 5 (Station 2): 49.52
		Vehicle arrival at machine station: 180.09
		Waiting time until machine travel: 0.0

		Machine travel start time: 180.09
		Region 1 -> Region 0: 5.0
		Machine arrival at machine station: 185.09

		Machine 5 (Station 1)-> Task 67: 9.43
		Vehicle arrival at task: 194.52
		Waiting time until service start time: 0.0

	id: 67
		node: 35
		(x, y, z): (85, 75, 0)
		dem: 37
		earl: 15
		lat: 546
		servt: 10
		pid: 0
		did: 88
		servST: 194.52
		(h, h_ind): (5, 3)
		load: 37.0

	Finished service at time: 204.52

	Using Machine: 5
		Task 67 -> Machine 5 (Station 1): 9.43
		Vehicle arrival at machine station: 213.95000000000002
		Waiting time until machine travel: 0.0

		Machine travel start time: 213.95000000000002
		Region 0 -> Region 1: 5.0
		Machine arrival at machine station: 218.95000000000002

		Machine 5 (Station 2)-> Task 71: 62.03
		Vehicle arrival at task: 280.98
		Waiting time until service start time: 0.0

	id: 71
		node: 37
		(x, y, z): (139, 68, 1)
		dem: 25
		earl: 159
		lat: 587
		servt: 10
		pid: 0
		did: 57
		servST: 280.98
		(h, h_ind): (5, 4)
		load: 62.0

	Finished service at time: 290.98

	Task 71 -> Task 88: 49.77
	Vehicle arrival at task: 340.75
	Waiting time until service start time: 0.0

	id: 88
		node: 75
		(x, y, z): (120, 22, 1)
		dem: -37
		earl: 340
		lat: 692
		servt: 10
		pid: 67
		did: 0
		servST: 340.75
		(h, h_ind): (-1, 0)
		load: 25.0

	Finished service at time: 350.75

	Using Machine: 5
		Task 88 -> Machine 5 (Station 2): 64.44
		Vehicle arrival at machine station: 415.19
		Waiting time until machine travel: 0.0

		Machine travel start time: 415.19
		Region 1 -> Region 0: 5.0
		Machine arrival at machine station: 420.19

		Machine 5 (Station 1)-> Task 60: 30.81
		Vehicle arrival at task: 451.0
		Waiting time until service start time: 0.0

	id: 60
		node: 29
		(x, y, z): (107, 77, 0)
		dem: 34
		earl: 37
		lat: 451
		servt: 10
		pid: 0
		did: 50
		servST: 451.0
		(h, h_ind): (5, 7)
		load: 59.0

	Finished service at time: 461.0

	Task 60 -> Task 44: 38.42
	Vehicle arrival at task: 499.42
	Waiting time until service start time: 0.0

	id: 44
		node: 20
		(x, y, z): (137, 101, 0)
		dem: 12
		earl: 470
		lat: 1005
		servt: 10
		pid: 0
		did: 151
		servST: 499.42
		(h, h_ind): (-1, 0)
		load: 71.0

	Finished service at time: 509.42

	Using Machine: 5
		Task 44 -> Machine 5 (Station 1): 67.54
		Vehicle arrival at machine station: 576.96
		Waiting time until machine travel: 0.0

		Machine travel start time: 576.96
		Region 0 -> Region 1: 5.0
		Machine arrival at machine station: 581.96

		Machine 5 (Station 2)-> Task 151: 30.41
		Vehicle arrival at task: 612.37
		Waiting time until service start time: 0.0

	id: 151
		node: 60
		(x, y, z): (82, 100, 1)
		dem: -12
		earl: 189
		lat: 765
		servt: 10
		pid: 44
		did: 0
		servST: 612.37
		(h, h_ind): (5, 8)
		load: 59.0

	Finished service at time: 622.37

	Task 151 -> Task 57: 19.85
	Vehicle arrival at task: 642.22
	Waiting time until service start time: 0.0

	id: 57
		node: 77
		(x, y, z): (69, 115, 1)
		dem: -25
		earl: 630
		lat: 1213
		servt: 10
		pid: 71
		did: 0
		servST: 642.22
		(h, h_ind): (-1, 0)
		load: 34.0

	Finished service at time: 652.22

	Using Machine: 5
		Task 57 -> Machine 5 (Station 2): 45.71
		Vehicle arrival at machine station: 697.9300000000001
		Waiting time until machine travel: 0.0

		Machine travel start time: 697.9300000000001
		Region 1 -> Region 0: 5.0
		Machine arrival at machine station: 702.9300000000001

		Machine 5 (Station 1)-> Task 38: 43.86
		Vehicle arrival at task: 746.7900000000001
		Waiting time until service start time: 0.0

	id: 38
		node: 17
		(x, y, z): (107, 102, 0)
		dem: 12
		earl: 632
		lat: 1241
		servt: 10
		pid: 0
		did: 150
		servST: 746.7900000000001
		(h, h_ind): (5, 10)
		load: 46.0

	Finished service at time: 756.7900000000001

	Task 38 -> Task 150: 44.92
	Vehicle arrival at task: 801.71
	Waiting time until service start time: 0.0

	id: 150
		node: 57
		(x, y, z): (64, 115, 0)
		dem: -12
		earl: 332
		lat: 868
		servt: 10
		pid: 38
		did: 0
		servST: 801.71
		(h, h_ind): (-1, 0)
		load: 34.0

	Finished service at time: 811.71

	Using Machine: 4
		Task 150 -> Machine 4 (Station 1): 45.1
		Vehicle arrival at machine station: 856.8100000000001
		Waiting time until machine travel: 0.0

		Machine travel start time: 856.8100000000001
		Region 0 -> Region 1: 5.0
		Machine arrival at machine station: 861.8100000000001

		Machine 4 (Station 2)-> Task 63: 39.36
		Vehicle arrival at task: 901.1700000000001
		Waiting time until service start time: 0.0

	id: 63
		node: 32
		(x, y, z): (32, 52, 1)
		dem: 32
		earl: 384
		lat: 944
		servt: 10
		pid: 0
		did: 165
		servST: 901.1700000000001
		(h, h_ind): (4, 5)
		load: 66.0

	Finished service at time: 911.1700000000001

	Task 63 -> Task 165: 10.77
	Vehicle arrival at task: 921.94
	Waiting time until service start time: 0.0

	id: 165
		node: 72
		(x, y, z): (28, 62, 1)
		dem: -32
		earl: 661
		lat: 1027
		servt: 10
		pid: 63
		did: 0
		servST: 921.94
		(h, h_ind): (-1, 0)
		load: 34.0

	Finished service at time: 931.94

	Task 165 -> Task 9: 87.24
	Vehicle arrival at task: 1019.1800000000001
	Waiting time until service start time: 0.0

	id: 9
		node: 5
		(x, y, z): (107, 25, 1)
		dem: 13
		earl: 980
		lat: 1330
		servt: 10
		pid: 0
		did: 129
		servST: 1019.1800000000001
		(h, h_ind): (-1, 0)
		load: 47.0

	Finished service at time: 1029.18

	Task 9 -> Task 29: 17.03
	Vehicle arrival at task: 1046.21
	Waiting time until service start time: 0.0

	id: 29
		node: 12
		(x, y, z): (120, 14, 1)
		dem: 20
		earl: 976
		lat: 1213
		servt: 10
		pid: 0
		did: 160
		servST: 1046.21
		(h, h_ind): (-1, 0)
		load: 67.0

	Finished service at time: 1056.21

	Using Machine: 5
		Task 29 -> Machine 5 (Station 2): 70.6
		Vehicle arrival at machine station: 1126.81
		Waiting time until machine travel: 0.0

		Machine travel start time: 1126.81
		Region 1 -> Region 0: 5.0
		Machine arrival at machine station: 1131.81

		Machine 5 (Station 1)-> Task 129: 53.41
		Vehicle arrival at task: 1185.22
		Waiting time until service start time: 0.0

	id: 129
		node: 45
		(x, y, z): (110, 28, 0)
		dem: -13
		earl: 1067
		lat: 1497
		servt: 10
		pid: 9
		did: 0
		servST: 1185.22
		(h, h_ind): (5, 12)
		load: 54.0

	Finished service at time: 1195.22

	Task 129 -> Task 160: 19.42
	Vehicle arrival at task: 1214.64
	Waiting time until service start time: 0.0

	id: 160
		node: 52
		(x, y, z): (129, 24, 0)
		dem: -20
		earl: 1199
		lat: 1601
		servt: 10
		pid: 29
		did: 0
		servST: 1214.64
		(h, h_ind): (-1, 0)
		load: 34.0

	Finished service at time: 1224.64

	Using Machine: 5
		Task 160 -> Machine 5 (Station 1): 69.43
		Vehicle arrival at machine station: 1294.0700000000002
		Waiting time until machine travel: 0.0

		Machine travel start time: 1294.0700000000002
		Region 0 -> Region 1: 5.0
		Machine arrival at machine station: 1299.0700000000002

		Machine 5 (Station 2)-> Task 5: 46.69
		Vehicle arrival at task: 1345.7600000000002
		Waiting time until service start time: 64.6

	id: 5
		node: 3
		(x, y, z): (69, 116, 1)
		dem: 26
		earl: 1383
		lat: 1492
		servt: 10
		pid: 0
		did: 111
		servST: 1410.3600000000001
		(h, h_ind): (5, 13)
		load: 60.0

	Finished service at time: 1420.3600000000001

	Using Machine: 4
		Task 5 -> Machine 4 (Station 2): 46.04
		Vehicle arrival at machine station: 1466.4
		Waiting time until machine travel: 0.0

		Machine travel start time: 1466.4
		Region 1 -> Region 0: 5.0
		Machine arrival at machine station: 1471.4

		Machine 4 (Station 1)-> Task 111: 14.32
		Vehicle arrival at task: 1485.72
		Waiting time until service start time: 0.0

	id: 111
		node: 43
		(x, y, z): (61, 57, 0)
		dem: -26
		earl: 1392
		lat: 1727
		servt: 10
		pid: 5
		did: 0
		servST: 1485.72
		(h, h_ind): (4, 8)
		load: 34.0

	Finished service at time: 1495.72

	Task 111 -> Task 49: 43.28
	Vehicle arrival at task: 1539.0
	Waiting time until service start time: 0.0

	id: 49
		node: 24
		(x, y, z): (89, 24, 0)
		dem: 15
		earl: 989
		lat: 1539
		servt: 10
		pid: 0
		did: 136
		servST: 1539.0
		(h, h_ind): (-1, 0)
		load: 49.0

	Finished service at time: 1549.0

	Using Machine: 5
		Task 49 -> Machine 5 (Station 1): 47.54
		Vehicle arrival at machine station: 1596.54
		Waiting time until machine travel: 41.79

		Machine travel start time: 1638.33
		Region 0 -> Region 1: 5.0
		Machine arrival at machine station: 1643.33

		Machine 5 (Station 2)-> Task 50: 69.23
		Vehicle arrival at task: 1712.56
		Waiting time until service start time: 29.44

	id: 50
		node: 69
		(x, y, z): (64, 138, 1)
		dem: -34
		earl: 1742
		lat: 1897
		servt: 10
		pid: 60
		did: 0
		servST: 1742.0
		(h, h_ind): (5, 15)
		load: 15.0

	Finished service at time: 1752.0

	Task 50 -> Task 136: 28.0
	Vehicle arrival at task: 1780.0
	Waiting time until service start time: 0.0

	id: 136
		node: 64
		(x, y, z): (92, 138, 1)
		dem: -15
		earl: 1469
		lat: 1867
		servt: 10
		pid: 49
		did: 0
		servST: 1780.0
		(h, h_ind): (-1, 0)
		load: 0.0

	Finished service at time: 1790.0

	Using Machine: 0
		Task 136 -> Machine 0 (Station 2): 71.17
		Vehicle arrival at machine station: 1861.17
		Waiting time until machine travel: 0.0

		Machine travel start time: 1861.17
		Region 1 -> Region 0: 5.0
		Machine arrival at machine station: 1866.17

		Machine 0 (Station 1)-> Task 0: 1.0
		Vehicle arrival at task: 1867.17
		Waiting time until service start time: 0.0

	id: 0
		node: 82
		(x, y, z): (70, 70, 0)
		dem: 0
		earl: 0
		lat: 2535
		servt: 0
		pid: 0
		did: 0
		servST: 1867.17
		(h, h_ind): (0, 2)
		load: 0.0


Vehicle 15 :
	id: 0
		node: 1
		(x, y, z): (70, 70, 0)
		dem: 0
		earl: 0
		lat: 2535
		servt: 0
		pid: 0
		did: 0
		servST: 52.2
		(h, h_ind): (-1, 0)
		load: 0.0

	Finished service at time: 52.2

	Task 0 -> Task 18: 9.22
	Vehicle arrival at task: 61.42
	Waiting time until service start time: 0.0

	id: 18
		node: 9
		(x, y, z): (79, 72, 0)
		dem: 22
		earl: 9
		lat: 93
		servt: 10
		pid: 0
		did: 193
		servST: 61.42
		(h, h_ind): (-1, 0)
		load: 22.0

	Finished service at time: 71.42

	Task 18 -> Task 45: 31.14
	Vehicle arrival at task: 102.56
	Waiting time until service start time: 0.0

	id: 45
		node: 21
		(x, y, z): (82, 103, 0)
		dem: 15
		earl: 100
		lat: 298
		servt: 10
		pid: 0
		did: 21
		servST: 102.56
		(h, h_ind): (-1, 0)
		load: 37.0

	Finished service at time: 112.56

	Using Machine: 5
		Task 45 -> Machine 5 (Station 1): 33.38
		Vehicle arrival at machine station: 145.94
		Waiting time until machine travel: 0.0

		Machine travel start time: 145.94
		Region 0 -> Region 1: 5.0
		Machine arrival at machine station: 150.94

		Machine 5 (Station 2)-> Task 21: 76.06
		Vehicle arrival at task: 227.0
		Waiting time until service start time: 0.0

	id: 21
		node: 61
		(x, y, z): (109, 139, 1)
		dem: -15
		earl: 227
		lat: 796
		servt: 10
		pid: 45
		did: 0
		servST: 227.0
		(h, h_ind): (5, 2)
		load: 22.0

	Finished service at time: 237.0

	Task 21 -> Task 33: 128.8
	Vehicle arrival at task: 365.8
	Waiting time until service start time: 0.0

	id: 33
		node: 14
		(x, y, z): (42, 29, 1)
		dem: 12
		earl: 222
		lat: 379
		servt: 10
		pid: 0
		did: 177
		servST: 365.8
		(h, h_ind): (-1, 0)
		load: 34.0

	Finished service at time: 375.8

	Using Machine: 4
		Task 33 -> Machine 4 (Station 2): 48.02
		Vehicle arrival at machine station: 423.82
		Waiting time until machine travel: 0.0

		Machine travel start time: 423.82
		Region 1 -> Region 0: 5.0
		Machine arrival at machine station: 428.82

		Machine 4 (Station 1)-> Task 177: 84.02
		Vehicle arrival at task: 512.84
		Waiting time until service start time: 0.0

	id: 177
		node: 54
		(x, y, z): (15, 4, 0)
		dem: -12
		earl: 306
		lat: 621
		servt: 10
		pid: 33
		did: 0
		servST: 512.84
		(h, h_ind): (4, 3)
		load: 22.0

	Finished service at time: 522.84

	Using Machine: 5
		Task 177 -> Machine 5 (Station 1): 90.55
		Vehicle arrival at machine station: 613.39
		Waiting time until machine travel: 0.0

		Machine travel start time: 613.39
		Region 0 -> Region 1: 5.0
		Machine arrival at machine station: 618.39

		Machine 5 (Station 2)-> Task 193: 82.76
		Vehicle arrival at task: 701.15
		Waiting time until service start time: 0.0

	id: 193
		node: 49
		(x, y, z): (137, 127, 1)
		dem: -22
		earl: 688
		lat: 996
		servt: 10
		pid: 18
		did: 0
		servST: 701.15
		(h, h_ind): (5, 9)
		load: 0.0

	Finished service at time: 711.15

	Using Machine: 5
		Task 193 -> Machine 5 (Station 2): 82.76
		Vehicle arrival at machine station: 793.91
		Waiting time until machine travel: 0.0

		Machine travel start time: 793.91
		Region 1 -> Region 0: 5.0
		Machine arrival at machine station: 798.91

		Machine 5 (Station 1)-> Task 75: 27.17
		Vehicle arrival at task: 826.0799999999999
		Waiting time until service start time: 0.0

	id: 75
		node: 39
		(x, y, z): (104, 73, 0)
		dem: 17
		earl: 759
		lat: 1355
		servt: 10
		pid: 0
		did: 184
		servST: 826.0799999999999
		(h, h_ind): (5, 11)
		load: 17.0

	Finished service at time: 836.0799999999999

	Task 75 -> Task 184: 15.0
	Vehicle arrival at task: 851.0799999999999
	Waiting time until service start time: 0.0

	id: 184
		node: 79
		(x, y, z): (119, 73, 0)
		dem: -17
		earl: 175
		lat: 881
		servt: 10
		pid: 75
		did: 0
		servST: 851.0799999999999
		(h, h_ind): (-1, 0)
		load: 0.0

	Finished service at time: 861.0799999999999

	Task 184 -> Task 0: 49.09
	Vehicle arrival at task: 910.17
	Waiting time until service start time: 0.0

	id: 0
		node: 82
		(x, y, z): (70, 70, 0)
		dem: 0
		earl: 0
		lat: 2535
		servt: 0
		pid: 0
		did: 0
		servST: 910.17
		(h, h_ind): (-1, 0)
		load: 0.0


Vehicle 27 :
	id: 0
		node: 1
		(x, y, z): (70, 70, 0)
		dem: 0
		earl: 0
		lat: 2535
		servt: 0
		pid: 0
		did: 0
		servST: 10.720000000000041
		(h, h_ind): (-1, 0)
		load: 0.0

	Finished service at time: 10.720000000000041

	Task 0 -> Task 34: 28.64
	Vehicle arrival at task: 39.36000000000004
	Waiting time until service start time: 0.0

	id: 34
		node: 15
		(x, y, z): (44, 58, 0)
		dem: 30
		earl: 28
		lat: 380
		servt: 10
		pid: 0
		did: 3
		servST: 39.36000000000004
		(h, h_ind): (-1, 0)
		load: 30.0

	Finished service at time: 49.36000000000004

	Using Machine: 4
		Task 34 -> Machine 4 (Station 1): 25.94
		Vehicle arrival at machine station: 75.30000000000004
		Waiting time until machine travel: 0.0

		Machine travel start time: 75.30000000000004
		Region 0 -> Region 1: 5.0
		Machine arrival at machine station: 80.30000000000004

		Machine 4 (Station 2)-> Task 23: 13.04
		Vehicle arrival at task: 93.34000000000003
		Waiting time until service start time: 0.0

	id: 23
		node: 11
		(x, y, z): (78, 63, 1)
		dem: 19
		earl: 10
		lat: 226
		servt: 10
		pid: 0
		did: 134
		servST: 93.34000000000003
		(h, h_ind): (4, 1)
		load: 49.0

	Finished service at time: 103.34000000000003

	Using Machine: 5
		Task 23 -> Machine 5 (Station 2): 7.07
		Vehicle arrival at machine station: 110.41000000000003
		Waiting time until machine travel: 0.0

		Machine travel start time: 110.41000000000003
		Region 1 -> Region 0: 5.0
		Machine arrival at machine station: 115.41000000000003

		Machine 5 (Station 1)-> Task 56: 31.32
		Vehicle arrival at task: 146.73000000000002
		Waiting time until service start time: 0.0

	id: 56
		node: 27
		(x, y, z): (86, 40, 0)
		dem: 22
		earl: 34
		lat: 289
		servt: 10
		pid: 0
		did: 4
		servST: 146.73000000000002
		(h, h_ind): (5, 1)
		load: 71.0

	Finished service at time: 156.73000000000002

	Using Machine: 2
		Task 56 -> Machine 2 (Station 1): 34.48
		Vehicle arrival at machine station: 191.21
		Waiting time until machine travel: 0.0

		Machine travel start time: 191.21
		Region 0 -> Region 1: 5.0
		Machine arrival at machine station: 196.21

		Machine 2 (Station 2)-> Task 4: 41.23
		Vehicle arrival at task: 237.44
		Waiting time until service start time: 0.0

	id: 4
		node: 67
		(x, y, z): (29, 60, 1)
		dem: -22
		earl: 42
		lat: 312
		servt: 10
		pid: 56
		did: 0
		servST: 237.44
		(h, h_ind): (2, 1)
		load: 49.0

	Finished service at time: 247.44

	Task 4 -> Task 31: 112.45
	Vehicle arrival at task: 359.89
	Waiting time until service start time: 0.0

	id: 31
		node: 13
		(x, y, z): (140, 42, 1)
		dem: 13
		earl: 256
		lat: 668
		servt: 10
		pid: 0
		did: 120
		servST: 359.89
		(h, h_ind): (-1, 0)
		load: 62.0

	Finished service at time: 369.89

	Task 31 -> Task 41: 60.88
	Vehicle arrival at task: 430.77
	Waiting time until service start time: 0.0

	id: 41
		node: 19
		(x, y, z): (81, 57, 1)
		dem: 8
		earl: 17
		lat: 482
		servt: 10
		pid: 0
		did: 76
		servST: 430.77
		(h, h_ind): (-1, 0)
		load: 70.0

	Finished service at time: 440.77

	Task 41 -> Task 134: 69.34
	Vehicle arrival at task: 510.11
	Waiting time until service start time: 0.0

	id: 134
		node: 51
		(x, y, z): (23, 19, 1)
		dem: -19
		earl: 432
		lat: 1060
		servt: 10
		pid: 23
		did: 0
		servST: 510.11
		(h, h_ind): (-1, 0)
		load: 51.0

	Finished service at time: 520.11

	Task 134 -> Task 59: 83.74
	Vehicle arrival at task: 603.85
	Waiting time until service start time: 0.0

	id: 59
		node: 28
		(x, y, z): (105, 2, 1)
		dem: 1
		earl: 597
		lat: 1312
		servt: 10
		pid: 0
		did: 127
		servST: 603.85
		(h, h_ind): (-1, 0)
		load: 52.0

	Finished service at time: 613.85

	Task 59 -> Task 19: 30.02
	Vehicle arrival at task: 643.87
	Waiting time until service start time: 0.0

	id: 19
		node: 10
		(x, y, z): (104, 32, 1)
		dem: 18
		earl: 462
		lat: 736
		servt: 10
		pid: 0
		did: 171
		servST: 643.87
		(h, h_ind): (-1, 0)
		load: 70.0

	Finished service at time: 653.87

	Using Machine: 3
		Task 19 -> Machine 3 (Station 2): 47.8
		Vehicle arrival at machine station: 701.67
		Waiting time until machine travel: 0.0

		Machine travel start time: 701.67
		Region 1 -> Region 0: 5.0
		Machine arrival at machine station: 706.67

		Machine 3 (Station 1)-> Task 120: 50.92
		Vehicle arrival at task: 757.5899999999999
		Waiting time until service start time: 0.0

	id: 120
		node: 53
		(x, y, z): (92, 22, 0)
		dem: -13
		earl: 601
		lat: 1039
		servt: 10
		pid: 31
		did: 0
		servST: 757.5899999999999
		(h, h_ind): (3, 1)
		load: 57.0

	Finished service at time: 767.5899999999999

	Task 120 -> Task 3: 71.2
	Vehicle arrival at task: 838.79
	Waiting time until service start time: 0.0

	id: 3
		node: 55
		(x, y, z): (30, 57, 0)
		dem: -30
		earl: 723
		lat: 1239
		servt: 10
		pid: 34
		did: 0
		servST: 838.79
		(h, h_ind): (-1, 0)
		load: 27.0

	Finished service at time: 848.79

	Task 3 -> Task 51: 86.21
	Vehicle arrival at task: 935.0
	Waiting time until service start time: 0.0

	id: 51
		node: 25
		(x, y, z): (98, 4, 0)
		dem: 20
		earl: 606
		lat: 935
		servt: 10
		pid: 0
		did: 185
		servST: 935.0
		(h, h_ind): (-1, 0)
		load: 47.0

	Finished service at time: 945.0

	Task 51 -> Task 17: 119.87
	Vehicle arrival at task: 1064.87
	Waiting time until service start time: 0.63

	id: 17
		node: 8
		(x, y, z): (46, 112, 0)
		dem: 10
		earl: 1025
		lat: 1383
		servt: 10
		pid: 0
		did: 66
		servST: 1065.5
		(h, h_ind): (-1, 0)
		load: 57.0

	Finished service at time: 1075.5

	Using Machine: 4
		Task 17 -> Machine 4 (Station 1): 46.96
		Vehicle arrival at machine station: 1122.46
		Waiting time until machine travel: 0.0

		Machine travel start time: 1122.46
		Region 0 -> Region 1: 5.0
		Machine arrival at machine station: 1127.46

		Machine 4 (Station 2)-> Task 66: 59.54
		Vehicle arrival at task: 1187.0
		Waiting time until service start time: 0.0

	id: 66
		node: 48
		(x, y, z): (38, 122, 1)
		dem: -10
		earl: 805
		lat: 1187
		servt: 10
		pid: 17
		did: 0
		servST: 1187.0
		(h, h_ind): (4, 6)
		load: 47.0

	Finished service at time: 1197.0

	Using Machine: 2
		Task 66 -> Machine 2 (Station 2): 60.54
		Vehicle arrival at machine station: 1257.54
		Waiting time until machine travel: 21.78

		Machine travel start time: 1279.32
		Region 1 -> Region 0: 5.0
		Machine arrival at machine station: 1284.32

		Machine 2 (Station 1)-> Task 37: 70.49
		Vehicle arrival at task: 1354.81
		Waiting time until service start time: 0.0

	id: 37
		node: 16
		(x, y, z): (106, 10, 0)
		dem: 13
		earl: 1126
		lat: 1384
		servt: 10
		pid: 0
		did: 159
		servST: 1354.81
		(h, h_ind): (2, 3)
		load: 60.0

	Finished service at time: 1364.81

	Task 37 -> Task 185: 62.18
	Vehicle arrival at task: 1426.99
	Waiting time until service start time: 0.0

	id: 185
		node: 65
		(x, y, z): (135, 65, 0)
		dem: -20
		earl: 1343
		lat: 1487
		servt: 10
		pid: 51
		did: 0
		servST: 1426.99
		(h, h_ind): (-1, 0)
		load: 40.0

	Finished service at time: 1436.99

	Task 185 -> Task 159: 58.01
	Vehicle arrival at task: 1495.0
	Waiting time until service start time: 0.0

	id: 159
		node: 56
		(x, y, z): (136, 123, 0)
		dem: -13
		earl: 1173
		lat: 1495
		servt: 10
		pid: 37
		did: 0
		servST: 1495.0
		(h, h_ind): (-1, 0)
		load: 27.0

	Finished service at time: 1505.0

	Task 159 -> Task 127: 18.11
	Vehicle arrival at task: 1523.11
	Waiting time until service start time: 44.89

	id: 127
		node: 68
		(x, y, z): (138, 105, 0)
		dem: -1
		earl: 1568
		lat: 1780
		servt: 10
		pid: 59
		did: 0
		servST: 1568.0
		(h, h_ind): (-1, 0)
		load: 26.0

	Finished service at time: 1578.0

	Using Machine: 5
		Task 127 -> Machine 5 (Station 1): 70.33
		Vehicle arrival at machine station: 1648.33
		Waiting time until machine travel: 0.0

		Machine travel start time: 1648.33
		Region 0 -> Region 1: 5.0
		Machine arrival at machine station: 1653.33

		Machine 5 (Station 2)-> Task 76: 85.0
		Vehicle arrival at task: 1738.33
		Waiting time until service start time: 0.0

	id: 76
		node: 59
		(x, y, z): (9, 19, 1)
		dem: -8
		earl: 1360
		lat: 1742
		servt: 10
		pid: 41
		did: 0
		servST: 1738.33
		(h, h_ind): (5, 16)
		load: 18.0

	Finished service at time: 1748.33

	Using Machine: 4
		Task 76 -> Machine 4 (Station 2): 77.23
		Vehicle arrival at machine station: 1825.56
		Waiting time until machine travel: 0.0

		Machine travel start time: 1825.56
		Region 1 -> Region 0: 5.0
		Machine arrival at machine station: 1830.56

		Machine 4 (Station 1)-> Task 171: 12.04
		Vehicle arrival at task: 1842.6
		Waiting time until service start time: 0.0

	id: 171
		node: 50
		(x, y, z): (66, 82, 0)
		dem: -18
		earl: 1825
		lat: 2303
		servt: 10
		pid: 19
		did: 0
		servST: 1842.6
		(h, h_ind): (4, 10)
		load: 0.0

	Finished service at time: 1852.6

	Task 171 -> Task 0: 12.65
	Vehicle arrival at task: 1865.25
	Waiting time until service start time: 0.0

	id: 0
		node: 82
		(x, y, z): (70, 70, 0)
		dem: 0
		earl: 0
		lat: 2535
		servt: 0
		pid: 0
		did: 0
		servST: 1865.25
		(h, h_ind): (-1, 0)
		load: 0.0


---------------------| MACHINES |---------------------

Machine 0 :
	setup duration: 0.0

	vehicle: 9
	vehicleInd: 2
	(orig, dest): (0, 47)
	(origRegion, destRegion): (0, 1)
	st: 23.71999999999999
	duration: 5.0

	setup duration: 0.0

	vehicle: 9
	vehicleInd: 24
	(orig, dest): (136, 0)
	(origRegion, destRegion): (1, 0)
	st: 1861.17
	duration: 5.0


Machine 2 :
	setup duration: 0.0

	vehicle: 27
	vehicleInd: 5
	(orig, dest): (56, 4)
	(origRegion, destRegion): (0, 1)
	st: 191.21
	duration: 5.0

	setup duration: 5.0

	vehicle: 3
	vehicleInd: 7
	(orig, dest): (118, 73)
	(origRegion, destRegion): (0, 1)
	st: 502.57
	duration: 5.0

	setup duration: 0.0

	vehicle: 27
	vehicleInd: 16
	(orig, dest): (66, 37)
	(origRegion, destRegion): (1, 0)
	st: 1279.32
	duration: 5.0


Machine 3 :
	setup duration: 5.0

	vehicle: 27
	vehicleInd: 11
	(orig, dest): (19, 120)
	(origRegion, destRegion): (1, 0)
	st: 701.67
	duration: 5.0

	setup duration: 5.0

	vehicle: 3
	vehicleInd: 14
	(orig, dest): (2, 42)
	(origRegion, destRegion): (1, 0)
	st: 1579.3700000000001
	duration: 5.0


Machine 4 :
	setup duration: 0.0

	vehicle: 27
	vehicleInd: 3
	(orig, dest): (34, 23)
	(origRegion, destRegion): (0, 1)
	st: 75.30000000000004
	duration: 5.0

	setup duration: 5.0

	vehicle: 8
	vehicleInd: 3
	(orig, dest): (79, 8)
	(origRegion, destRegion): (0, 1)
	st: 222.16000000000003
	duration: 5.0

	setup duration: 0.0

	vehicle: 15
	vehicleInd: 6
	(orig, dest): (33, 177)
	(origRegion, destRegion): (1, 0)
	st: 423.82
	duration: 5.0

	setup duration: 5.0

	vehicle: 3
	vehicleInd: 8
	(orig, dest): (73, 104)
	(origRegion, destRegion): (1, 0)
	st: 601.04
	duration: 5.0

	setup duration: 0.0

	vehicle: 9
	vehicleInd: 13
	(orig, dest): (150, 63)
	(origRegion, destRegion): (0, 1)
	st: 856.8100000000001
	duration: 5.0

	setup duration: 5.0

	vehicle: 27
	vehicleInd: 15
	(orig, dest): (17, 66)
	(origRegion, destRegion): (0, 1)
	st: 1122.46
	duration: 5.0

	setup duration: 0.0

	vehicle: 8
	vehicleInd: 8
	(orig, dest): (93, 55)
	(origRegion, destRegion): (1, 0)
	st: 1269.98
	duration: 5.0

	setup duration: 5.0

	vehicle: 9
	vehicleInd: 20
	(orig, dest): (5, 111)
	(origRegion, destRegion): (1, 0)
	st: 1466.4
	duration: 5.0

	setup duration: 0.0

	vehicle: 8
	vehicleInd: 12
	(orig, dest): (20, 12)
	(origRegion, destRegion): (0, 1)
	st: 1744.6100000000001
	duration: 5.0

	setup duration: 0.0

	vehicle: 27
	vehicleInd: 21
	(orig, dest): (76, 171)
	(origRegion, destRegion): (1, 0)
	st: 1825.56
	duration: 5.0

	setup duration: 5.0

	vehicle: 8
	vehicleInd: 13
	(orig, dest): (12, 85)
	(origRegion, destRegion): (1, 0)
	st: 1880.5
	duration: 5.0


Machine 5 :
	setup duration: 5.0

	vehicle: 27
	vehicleInd: 4
	(orig, dest): (23, 56)
	(origRegion, destRegion): (1, 0)
	st: 110.41000000000003
	duration: 5.0

	setup duration: 0.0

	vehicle: 15
	vehicleInd: 4
	(orig, dest): (45, 21)
	(origRegion, destRegion): (0, 1)
	st: 145.94
	duration: 5.0

	setup duration: 0.0

	vehicle: 9
	vehicleInd: 4
	(orig, dest): (36, 67)
	(origRegion, destRegion): (1, 0)
	st: 180.09
	duration: 5.0

	setup duration: 0.0

	vehicle: 9
	vehicleInd: 5
	(orig, dest): (67, 71)
	(origRegion, destRegion): (0, 1)
	st: 213.95000000000002
	duration: 5.0

	setup duration: 0.0

	vehicle: 8
	vehicleInd: 4
	(orig, dest): (8, 61)
	(origRegion, destRegion): (1, 0)
	st: 320.62
	duration: 5.0

	setup duration: 0.0

	vehicle: 8
	vehicleInd: 5
	(orig, dest): (61, 146)
	(origRegion, destRegion): (0, 1)
	st: 410.19
	duration: 5.0

	setup duration: 0.0

	vehicle: 9
	vehicleInd: 7
	(orig, dest): (88, 60)
	(origRegion, destRegion): (1, 0)
	st: 415.19
	duration: 5.0

	setup duration: 0.0

	vehicle: 9
	vehicleInd: 9
	(orig, dest): (44, 151)
	(origRegion, destRegion): (0, 1)
	st: 576.96
	duration: 5.0

	setup duration: 5.0

	vehicle: 15
	vehicleInd: 7
	(orig, dest): (177, 193)
	(origRegion, destRegion): (0, 1)
	st: 613.39
	duration: 5.0

	setup duration: 0.0

	vehicle: 9
	vehicleInd: 11
	(orig, dest): (57, 38)
	(origRegion, destRegion): (1, 0)
	st: 697.9300000000001
	duration: 5.0

	setup duration: 5.0

	vehicle: 15
	vehicleInd: 8
	(orig, dest): (193, 75)
	(origRegion, destRegion): (1, 0)
	st: 793.91
	duration: 5.0

	setup duration: 5.0

	vehicle: 9
	vehicleInd: 17
	(orig, dest): (29, 129)
	(origRegion, destRegion): (1, 0)
	st: 1126.81
	duration: 5.0

	setup duration: 0.0

	vehicle: 9
	vehicleInd: 19
	(orig, dest): (160, 5)
	(origRegion, destRegion): (0, 1)
	st: 1294.0700000000002
	duration: 5.0

	setup duration: 5.0

	vehicle: 3
	vehicleInd: 12
	(orig, dest): (69, 121)
	(origRegion, destRegion): (0, 1)
	st: 1357.33
	duration: 5.0

	setup duration: 5.0

	vehicle: 9
	vehicleInd: 22
	(orig, dest): (49, 50)
	(origRegion, destRegion): (0, 1)
	st: 1638.33
	duration: 5.0

	setup duration: 5.0

	vehicle: 27
	vehicleInd: 20
	(orig, dest): (127, 76)
	(origRegion, destRegion): (0, 1)
	st: 1648.33
	duration: 5.0


-------------------| COMPL. TIMES |-------------------

Vehicle 0 : 0.0
Vehicle 1 : 0.0
Vehicle 2 : 0.0
Vehicle 3 : 1652.58
Vehicle 4 : 0.0
Vehicle 5 : 0.0
Vehicle 6 : 0.0
Vehicle 7 : 0.0
Vehicle 8 : 1948.7099999999998
Vehicle 9 : 1844.45
Vehicle 10 : 0.0
Vehicle 11 : 0.0
Vehicle 12 : 0.0
Vehicle 13 : 0.0
Vehicle 14 : 0.0
Vehicle 15 : 857.9699999999999
Vehicle 16 : 0.0
Vehicle 17 : 0.0
Vehicle 18 : 0.0
Vehicle 19 : 0.0
Vehicle 20 : 0.0
Vehicle 21 : 0.0
Vehicle 22 : 0.0
Vehicle 23 : 0.0
Vehicle 24 : 0.0
Vehicle 25 : 0.0
Vehicle 26 : 0.0
Vehicle 27 : 1854.53
Vehicle 28 : 0.0
Vehicle 29 : 0.0
Vehicle 30 : 0.0
Vehicle 31 : 0.0
Vehicle 32 : 0.0
Vehicle 33 : 0.0
Vehicle 34 : 0.0
Vehicle 35 : 0.0
Vehicle 36 : 0.0
Vehicle 37 : 0.0
Vehicle 38 : 0.0
Vehicle 39 : 0.0
-------------------| STATISTICS |-------------------

    Vehicles used                           : 12.5
    Machines used                           : 83.3333
    Max load (vehicles)                     : 98.6486
    Min load (vehicles)                     : 50.0
    Mean load (vehicles)                    : 87.8378
    Min completion time                     : 33.845
    Max completion time                     : 76.8722
    Mean completion time                    : 64.3648
    Avrg travel time (with vehicle)         : 1.9329
    Avrg travel time (only with vehicle)    : 1.3412
    Avrg travel time (no vehicle)           : 0.5917
    Avrg waiting time (machine travel)      : 1.085
    Avrg waiting time (service)             : 14.083
    Machines travel times (with vehicle)    : [0.3945, 0.0, 0.789, 0.789, 3.1558, 4.5365]
    Machines travel times (no vehicle)      : [0.0, 0.0, 0.1972, 0.3945, 0.9862, 1.3807]
    Max load per vehicle                    : [0.0, 0.0, 0.0, 98.6486, 0.0, 0.0, 0.0, 0.0, 98.6486, 95.9459, 0.0, 0.0, 0.0, 0.0, 0.0, 50.0, 0.0, 0.0, 0.0, 0.0, 0.0, 0.0, 0.0, 0.0, 0.0, 0.0, 0.0, 95.9459, 0.0, 0.0, 0.0, 0.0, 0.0, 0.0, 0.0, 0.0, 0.0, 0.0, 0.0, 0.0]

----------------------------------------------------

TOTAL: 8158.24

Everything is awesome!
