-------------------| STATISTICS |-------------------

Vehicles used                           : 50.0
Machines used                           : 75.0
Max load (vehicles)                     : 88.4615
Min load (vehicles)                     : 28.8462
Mean load (vehicles)                    : 49.9323
Min completion time                     : 43.013
Max completion time                     : 81.0
Mean completion time                    : 60.4674
Avrg travel time (with vehicle)         : 12.7377
Avrg travel time (only with vehicle)    : 10.0739
Avrg travel time (no vehicle)           : 2.6638
Avrg waiting time (machine travel)      : 0.0
Avrg waiting time (service)             : 4.9934
Machines travel times (with vehicle)    : [14.3913, 7.8391, 0.0, 15.9826]
Machines travel times (no vehicle)      : [0.0, 0.0, 0.0, 7.9913]
Max load per vehicle                    : [0.0, 44.186, 28.8462, 88.4615, 0.0, 0.0, 0.0, 38.2353]

----------------------------------------------------

TOTAL: 556.3

Everything is awesome!
