Set parameter WLSAccessID
Set parameter WLSSecret
Set parameter LicenseID to value 2661775
Academic license 2661775 - for non-commercial use only - registered to me___@dcc.ufba.br
Parameter 'method_type' with value 'form' successfully set as form of type <class 'str'>
Parameter 'method_code' with value 'melo' successfully set as melo of type <class 'str'>
Parameter 'seed' with value '0' successfully set as 0 of type <class 'int'>
Parameter 'mip_max_time' with value '3600' successfully set as 3600 of type <class 'int'>
Parameter 'output_flag_grb_mip' with value '1' successfully set as 1 of type <class 'int'>
Parameter 'elevator' with value '1' successfully set as 1 of type <class 'int'>
Parameter 'threads' with value '8' successfully set as 8 of type <class 'int'>
Parameter 'print_sol' with value '1' successfully set as 1 of type <class 'int'>
Parameter 'constraints_used_melo_mip_str' with value '1-29' successfully set as 1-29 of type <class 'str'>
Instance: lr105_t1_08R_08V_02F_03M
ParameterData(inst_path='/dados/rmelo/PDPTW-SE/benchmark_multi_floor_v3/official_experiments/mip_gurobi/set_02_pt_01/../../../instances/orig_ams_fg/08R_08V_02F_04M/t1/lr105/', name='lr105', type='t1', group='08R_08V_02F_03M', full_name='lr105_t1_08R_08V_02F_03M', method_type='form', method_code='melo', gen_config_file='/dados/rmelo/PDPTW-SE/benchmark_multi_floor_v3/official_experiments/mip_gurobi/set_02_pt_01/configs/genconfig_melo.conf', gen_config_filename='genconfig_melo', greedy_service_order='tightest_tw', cutoff=0, cutoff_machs=3, solver='Gurobi', max_time=7200, gurobi_cuts=1, type_user_cut=0, mip_presolve=-1, print_sol=1, max_nodes=-1, elevator=1, make_instance_feasible=False, output='/dados/rmelo/PDPTW-SE/benchmark_multi_floor_v3/official_experiments/mip_gurobi/set_02_pt_01/logs', epsilon=0.005, epsilon_cap=0.5, warm_start=False, seed=0, rng=<random.Random object at 0x556d6baaac00>, alpha=0.2, max_iter=1000000, output_flag_grb_mip=1, output_flag_grb_mslp=0, output_flag_grb_lmns=0, mslp_r='M', mslp_a='60', lmns_r='M', lmns_a='60', lmns_repair_time=30.0, lmns_mip_focus=0, lmns_gap_to_bigger_destruction=50, lmns_gap_to_smaller_destruction=95, lmns_weight_shaw_dist_prox=1.0, lmns_weight_shaw_earl_prox=1.0, lmns_weight_shaw_same_route=1.0, lmns_weight_shaw_demand_sim=1.0, lmns_req_r_apply_mip_start=True, lmns_acceptance_criteria='H', lmns_metropolis_temp=100.0, lmns_simulated_annealing_temp=100.0, lmns_simulated_annealing_cool=0.95, mip_max_time=3600, hx_max_time=3600, csv_file_name='', sol_file_name='', timeline_file_name='', grb_file_name='', validate_synchronization=True, constraints_used_melo_mip_str='1-29', constraints_used_melo_mip=None, run_callback_melo_mip=False, mip_heuristics=0.05, threads=8)
Constraints active in melo MIP
1 2 3 4 5 6 7 8 9 10 11 12 13 14 15 16 17 18 19 20 21 22 23 24 25 26 27 28 29 
[Reading Data] Using files at /dados/rmelo/PDPTW-SE/benchmark_multi_floor_v3/official_experiments/mip_gurobi/set_02_pt_01/../../../instances/orig_ams_fg/08R_08V_02F_04M/t1/lr105/
vehicles: [Vehicle(id=0, cap=34), Vehicle(id=1, cap=43), Vehicle(id=2, cap=52), Vehicle(id=3, cap=52), Vehicle(id=4, cap=43), Vehicle(id=5, cap=52), Vehicle(id=6, cap=52), Vehicle(id=7, cap=34)]
vehicle_types: [Vehicle(id=7, cap=34), Vehicle(id=4, cap=43), Vehicle(id=6, cap=52)]
machines: [Machine(id=0, points=[Point(x=34, y=39, z=0), Point(x=34, y=39, z=1)], spd=0.2), Machine(id=1, points=[Point(x=36, y=39, z=0), Point(x=36, y=39, z=1)], spd=0.2), Machine(id=2, points=[Point(x=32, y=39, z=0), Point(x=32, y=39, z=1)], spd=0.2)]
refs: [0, 1, 2, 3, 4, 5, 6, 7, 9, 11, 14, 8, 13, 10, 15, 16, 12, 0]
V: [0, 1, 2, 3, 4, 5, 6, 7, 8, 9, 10, 11, 12, 13, 14, 15, 16]
V_p: [1, 2, 3, 4, 5, 6, 7, 8]
V_d: [9, 10, 11, 12, 13, 14, 15, 16]
V_p_d: [1, 2, 3, 4, 5, 6, 7, 8, 9, 10, 11, 12, 13, 14, 15, 16]
Vprime: [0, 1, 2, 3, 4, 5, 6, 7, 8, 9, 10, 11, 12, 13, 14, 15, 16, 17]
q: [0, 7, 13, 26, 16, 19, 20, 8, 2, -7, -13, -26, -16, -19, -20, -8, -2, 0]
H: [0, 1, 2]
Machine points:
# Machine 0
	Point(x=34, y=39, z=0)
	Point(x=34, y=39, z=1)

# Machine 1
	Point(x=36, y=39, z=0)
	Point(x=36, y=39, z=1)

# Machine 2
	Point(x=32, y=39, z=0)
	Point(x=32, y=39, z=1)

f: [[0 0 0]
 [1 1 1]
 [0 0 0]
 [0 0 0]
 [1 1 1]
 [0 0 0]
 [1 1 1]
 [0 0 0]
 [0 0 0]
 [0 0 0]
 [1 1 1]
 [0 0 0]
 [1 1 1]
 [1 1 1]
 [1 1 1]
 [0 0 0]
 [1 1 1]
 [0 0 0]]
(0, 0, 0) 0.0
(0, 1, 0) 5.0
(1, 0, 0) 5.0
(1, 1, 0) 0.0
(0, 0, 1) 0.0
(0, 1, 1) 5.0
(1, 0, 1) 5.0
(1, 1, 1) 0.0
(0, 0, 2) 0.0
(0, 1, 2) 5.0
(1, 0, 2) 5.0
(1, 1, 2) 0.0
Number of arcs: 31
M:  (0, np.int64(0)) (1, np.int64(79)) (2, np.int64(309)) (3, np.int64(299)) (4, np.int64(293)) (5, np.int64(283)) (6, np.int64(288)) (7, np.int64(254)) (8, np.int64(6))
JOBS in the order of refs (Vprime)
Node 0: Job(id=0, point=Point(x=35, y=35, z=0), dem=0, earl=0, lat=243, servt=0, pid=0, did=0)
Node 1: Job(id=2, point=Point(x=35, y=17, z=1), dem=7, earl=40, lat=70, servt=10, pid=0, did=57)
Node 2: Job(id=3, point=Point(x=55, y=45, z=0), dem=13, earl=106, lat=136, servt=10, pid=0, did=80)
Node 3: Job(id=5, point=Point(x=15, y=30, z=0), dem=26, earl=24, lat=54, servt=10, pid=0, did=16)
Node 4: Job(id=9, point=Point(x=55, y=60, z=1), dem=16, earl=87, lat=117, servt=10, pid=0, did=66)
Node 5: Job(id=12, point=Point(x=50, y=35, z=0), dem=19, earl=53, lat=83, servt=10, pid=0, did=29)
Node 6: Job(id=14, point=Point(x=15, y=10, z=1), dem=20, earl=32, lat=62, servt=10, pid=0, did=86)
Node 7: Job(id=15, point=Point(x=30, y=5, z=0), dem=8, earl=51, lat=81, servt=10, pid=0, did=87)
Node 8: Job(id=17, point=Point(x=5, y=30, z=0), dem=2, earl=147, lat=177, servt=10, pid=0, did=60)
Node 9: Job(id=57, point=Point(x=32, y=12, z=0), dem=-7, earl=91, lat=121, servt=10, pid=2, did=0)
Node 10: Job(id=80, point=Point(x=56, y=37, z=1), dem=-13, earl=168, lat=198, servt=10, pid=3, did=0)
Node 11: Job(id=16, point=Point(x=10, y=20, z=0), dem=-26, earl=65, lat=95, servt=10, pid=5, did=0)
Node 12: Job(id=66, point=Point(x=49, y=73, z=1), dem=-16, earl=117, lat=147, servt=10, pid=9, did=0)
Node 13: Job(id=29, point=Point(x=64, y=42, z=1), dem=-19, earl=81, lat=111, servt=10, pid=12, did=0)
Node 14: Job(id=86, point=Point(x=4, y=18, z=1), dem=-20, earl=84, lat=114, servt=10, pid=14, did=0)
Node 15: Job(id=87, point=Point(x=28, y=18, z=0), dem=-8, earl=83, lat=113, servt=10, pid=15, did=0)
Node 16: Job(id=60, point=Point(x=17, y=34, z=1), dem=-2, earl=177, lat=207, servt=10, pid=17, did=0)
Node 17: Job(id=0, point=Point(x=35, y=35, z=0), dem=0, earl=0, lat=243, servt=0, pid=0, did=0)

### Preprocessing - arc removals
	-> arcs: 324 (100.0%)
	-> arc_removals: 293 (90.43%)
	-> arc_removals_is_loop: 18 (5.56%)
	-> arc_removals_is_delivery_to_pickup: 10 (3.09%)
	-> arc_removals_is_depot_begin_to_delivery: 8 (2.47%)
	-> arc_removals_is_pickup_to_depot_end: 8 (2.47%)
	-> arc_removals_is_dest_depot_begin: 16 (4.94%)
	-> arc_removals_is_orig_depot_end: 15 (4.63%)
	-> arc_removals_is_capacity_violated: 0 (0.0%)
	-> arc_removals_is_time_window_limited: 160 (49.38%)
	-> arc_removals_is_time_window_pairing_limited: 57 (17.59%)
	-> arc_removals_is_indirect_request_service_impossible: 1 (0.31%)
	-> gamma_vars: 302 (100.0%)
	-> feas_gamma_vars: 178 (58.94%)
	-> infeas_gamma_vars_is_next_mtrv_unreachable: 94 (31.13%)
	-> infeas_gamma_vars_is_iprime_jprime_eq_i_j: 30 (9.93%)

[19/09/2025 04:31:12] Running melo_formulation

[19/09/2025 04:31:12] Creating Melo MIP model...
Set parameter OutputFlag to value 1
Set parameter Threads to value 8
Set parameter Heuristics to value 0.05
Set parameter TimeLimit to value 3600
Set parameter Presolve to value -1
Set parameter Cuts to value 1
Set parameter LogFile to value "/dados/rmelo/PDPTW-SE/benchmark_multi_floor_v3/official_experiments/mip_gurobi/set_02_pt_01/logs/form_melo/gurobi/08R_08V_02F_03M/lr105_grb_genconfig_melo.log"
Set parameter Seed to value 0

### Model variables summary ###
	-> Total number of variables: 670
		- x: 248
		- z: 144
		- t: 24
		- tstart: 8
		- tfinal: 8
		- phi: 30
		- alpha: 30
		- gamma: 178
	-> Number of binary variables: 456


[19/09/2025 04:31:12] Adding routing constraints
[19/09/2025 04:31:12] Adding scheduling constraints
[19/09/2025 04:31:12] Adding valid inequalities
[19/09/2025 04:31:12] Adding objective function
Gurobi Optimizer version 12.0.2 build v12.0.2rc0 (linux64 - "Ubuntu 22.04.5 LTS")

CPU model: Intel(R) Core(TM) i7-10700 CPU @ 2.90GHz, instruction set [SSE2|AVX|AVX2]
Thread count: 8 physical cores, 16 logical processors, using up to 8 threads

Non-default parameters:
TimeLimit  3600
Cuts  1
Threads  8

Academic license 2661775 - for non-commercial use only - registered to me___@dcc.ufba.br
Optimize a model with 2408 rows, 670 columns and 7530 nonzeros
Model fingerprint: 0xaa662847
Variable types: 214 continuous, 456 integer (456 binary)
Coefficient statistics:
  Matrix range     [1e+00, 3e+02]
  Objective range  [1e+00, 1e+00]
  Bounds range     [1e+00, 2e+02]
  RHS range        [1e+00, 6e+02]
Presolve removed 1068 rows and 279 columns
Presolve time: 0.04s
Presolved: 1340 rows, 391 columns, 7604 nonzeros
Variable types: 58 continuous, 333 integer (333 binary)
Found heuristic solution: objective 1001.3700000
Found heuristic solution: objective 892.9000000

Root relaxation: objective 3.940900e+02, 250 iterations, 0.00 seconds (0.01 work units)

    Nodes    |    Current Node    |     Objective Bounds      |     Work
 Expl Unexpl |  Obj  Depth IntInf | Incumbent    BestBd   Gap | It/Node Time

     0     0  394.09000    0   30  892.90000  394.09000  55.9%     -    0s
H    0     0                     891.4800000  394.09000  55.8%     -    0s
H    0     0                     886.5200000  394.09000  55.5%     -    0s
     0     0  394.09000    0   42  886.52000  394.09000  55.5%     -    0s
     0     0  700.35612    0   46  886.52000  700.35612  21.0%     -    0s
     0     0  838.93837    0   38  886.52000  838.93837  5.37%     -    0s
     0     0  838.93837    0   12  886.52000  838.93837  5.37%     -    0s
H    0     0                     882.3100000  838.93837  4.92%     -    0s
     0     0  838.93837    0    4  882.31000  838.93837  4.92%     -    0s
H    0     0                     873.7400000  838.93837  3.98%     -    0s
H    0     0                     871.1800000  838.93837  3.70%     -    0s
     0     0  848.23605    0    4  871.18000  848.23605  2.63%     -    0s
     0     0  849.65183    0    3  871.18000  849.65183  2.47%     -    0s
     0     0  849.81844    0    5  871.18000  849.81844  2.45%     -    0s
     0     0  867.41000    0   11  871.18000  867.41000  0.43%     -    0s
     0     0  869.19000    0    5  871.18000  869.19000  0.23%     -    0s
H    0     0                     869.1900000  869.19000  0.00%     -    0s

Cutting planes:
  Gomory: 4
  Implied bound: 4
  MIR: 4
  Relax-and-lift: 2

Explored 1 nodes (1890 simplex iterations) in 0.17 seconds (0.21 work units)
Thread count was 8 (of 16 available processors)

Solution count 10: 869.19 871.18 873.74 ... 1290.96

Optimal solution found (tolerance 1.00e-04)
Best objective 8.691900000000e+02, best bound 8.691900000000e+02, gap 0.0000%
Solution is optimal
  objective value = 869.19
  status = 2, nodes = 1.0, time = 0.17s, gap = 0.00%, bound = 869.19

[04:31:12.730940] Saving solution to file: /dados/rmelo/PDPTW-SE/benchmark_multi_floor_v3/official_experiments/mip_gurobi/set_02_pt_01/logs/form_melo/solutions/08R_08V_02F_03M/lr105_sol_genconfig_melo.txt

[04:31:12] Saving solution timeline to file: /dados/rmelo/PDPTW-SE/benchmark_multi_floor_v3/official_experiments/mip_gurobi/set_02_pt_01/logs/form_melo/timelines/08R_08V_02F_03M/lr105_timeline_genconfig_melo.txt

[19/09/2025 04:31:12] Writing results to CSV: /dados/rmelo/PDPTW-SE/benchmark_multi_floor_v3/official_experiments/mip_gurobi/set_02_pt_01/logs/form_melo/outputs/csvresults_form_melo.csv
---------------------| VEHICLES |---------------------

Vehicle 0 :
	id: 0
			node: 0
			(x, y, z): (35, 35, 0)
			dem: 0
			earl: 0
			lat: 243
			servt: 0
			pid: 0
			did: 0
			servST: 33.379999999999995
			(h, h_ind): (-1, -1)
			load: 0.0
			
	Finished service at time: 33.379999999999995
	
	Task 0 -> Task 5: 20.62
	Vehicle arrival at task: 54.0
	Waiting time until service start time: 0.0
	
	id: 5
			node: 3
			(x, y, z): (15, 30, 0)
			dem: 26
			earl: 24
			lat: 54
			servt: 10
			pid: 0
			did: 16
			servST: 54.0
			(h, h_ind): (-1, -1)
			load: 26.0
			
	Finished service at time: 64.0
	
	Task 5 -> Task 16: 11.18
	Vehicle arrival at task: 75.18
	Waiting time until service start time: 0.0
	
	id: 16
			node: 11
			(x, y, z): (10, 20, 0)
			dem: -26
			earl: 65
			lat: 95
			servt: 10
			pid: 5
			did: 0
			servST: 75.18
			(h, h_ind): (-1, -1)
			load: 0.0
			
	Finished service at time: 85.18
	
	Task 16 -> Task 0: 29.15
	Vehicle arrival at task: 114.33000000000001
	Waiting time until service start time: -0.0
	
	id: 0
			node: 17
			(x, y, z): (35, 35, 0)
			dem: 0
			earl: 0
			lat: 243
			servt: 0
			pid: 0
			did: 0
			servST: 114.32999999999998
			(h, h_ind): (-1, -1)
			load: 0.0
			

Vehicle 1 :
	id: 0
			node: 0
			(x, y, z): (35, 35, 0)
			dem: 0
			earl: 0
			lat: 243
			servt: 0
			pid: 0
			did: 0
			servST: 63.43999999999994
			(h, h_ind): (-1, -1)
			load: 0.0
			
	Finished service at time: 63.43999999999994
	
	Using Machine: 1
			Task 0 -> Machine 1 (Station 0): 4.12
			Vehicle arrival at machine station: 67.55999999999995
			Waiting time until machine travel: 0.0
			Machine travel start time: 67.55999999999995
			Region 0 -> Region 1: 5.0
			Machine arrival at machine station: 72.55999999999995
			
			Machine 1 (Station 1)-> Task 9: 28.32
			Vehicle arrival at task: 100.87999999999994
			Waiting time until service start time: 0.0
			
	id: 9
			node: 4
			(x, y, z): (55, 60, 1)
			dem: 16
			earl: 87
			lat: 117
			servt: 10
			pid: 0
			did: 66
			servST: 100.87999999999994
			(h, h_ind): (1, 0)
			load: 16.0
			
	Finished service at time: 110.87999999999994
	
	Task 9 -> Task 66: 14.32
	Vehicle arrival at task: 125.19999999999993
	Waiting time until service start time: 0.0
	
	id: 66
			node: 12
			(x, y, z): (49, 73, 1)
			dem: -16
			earl: 117
			lat: 147
			servt: 10
			pid: 9
			did: 0
			servST: 125.2
			(h, h_ind): (-1, -1)
			load: 0.0
			
	Finished service at time: 135.2
	
	Using Machine: 1
			Task 66 -> Machine 1 (Station 1): 36.4
			Vehicle arrival at machine station: 171.6
			Waiting time until machine travel: 0.0
			Machine travel start time: 171.6
			Region 1 -> Region 0: 5.0
			Machine arrival at machine station: 176.6
			
			Machine 1 (Station 0)-> Task 0: 4.12
			Vehicle arrival at task: 180.72
			Waiting time until service start time: -0.0
			
	id: 0
			node: 17
			(x, y, z): (35, 35, 0)
			dem: 0
			earl: 0
			lat: 243
			servt: 0
			pid: 0
			did: 0
			servST: 180.7199999999999
			(h, h_ind): (1, 4)
			load: 0.0
			

Vehicle 2 :
	id: 0
			node: 0
			(x, y, z): (35, 35, 0)
			dem: 0
			earl: 0
			lat: 243
			servt: 0
			pid: 0
			did: 0
			servST: 38.0
			(h, h_ind): (-1, -1)
			load: 0.0
			
	Finished service at time: 38.0
	
	Task 0 -> Task 12: 15.0
	Vehicle arrival at task: 53.0
	Waiting time until service start time: 0.0
	
	id: 12
			node: 5
			(x, y, z): (50, 35, 0)
			dem: 19
			earl: 53
			lat: 83
			servt: 10
			pid: 0
			did: 29
			servST: 53.0
			(h, h_ind): (-1, -1)
			load: 19.0
			
	Finished service at time: 63.0
	
	Using Machine: 1
			Task 12 -> Machine 1 (Station 0): 14.56
			Vehicle arrival at machine station: 77.56
			Waiting time until machine travel: -0.0
			Machine travel start time: 77.55999999999995
			Region 0 -> Region 1: 5.0
			Machine arrival at machine station: 82.55999999999995
			
			Machine 1 (Station 1)-> Task 29: 28.16
			Vehicle arrival at task: 110.71999999999994
			Waiting time until service start time: 0.0
			
	id: 29
			node: 13
			(x, y, z): (64, 42, 1)
			dem: -19
			earl: 81
			lat: 111
			servt: 10
			pid: 12
			did: 0
			servST: 110.72000000000003
			(h, h_ind): (1, 1)
			load: 0.0
			
	Finished service at time: 120.72000000000003
	
	Using Machine: 1
			Task 29 -> Machine 1 (Station 1): 28.16
			Vehicle arrival at machine station: 148.88000000000002
			Waiting time until machine travel: -0.0
			Machine travel start time: 148.88
			Region 1 -> Region 0: 5.0
			Machine arrival at machine station: 153.88
			
			Machine 1 (Station 0)-> Task 0: 4.12
			Vehicle arrival at task: 158.0
			Waiting time until service start time: 0.0
			
	id: 0
			node: 17
			(x, y, z): (35, 35, 0)
			dem: 0
			earl: 0
			lat: 243
			servt: 0
			pid: 0
			did: 0
			servST: 158.0
			(h, h_ind): (1, 2)
			load: 0.0
			

Vehicle 3 :
	id: 0
			node: 0
			(x, y, z): (35, 35, 0)
			dem: 0
			earl: 0
			lat: 243
			servt: 0
			pid: 0
			did: 0
			servST: 18.380000000000024
			(h, h_ind): (-1, -1)
			load: 0.0
			
	Finished service at time: 18.380000000000024
	
	Using Machine: 2
			Task 0 -> Machine 2 (Station 0): 5.0
			Vehicle arrival at machine station: 23.380000000000024
			Waiting time until machine travel: 0.0
			Machine travel start time: 23.380000000000024
			Region 0 -> Region 1: 5.0
			Machine arrival at machine station: 28.380000000000024
			
			Machine 2 (Station 1)-> Task 14: 33.62
			Vehicle arrival at task: 62.00000000000002
			Waiting time until service start time: -0.0
			
	id: 14
			node: 6
			(x, y, z): (15, 10, 1)
			dem: 20
			earl: 32
			lat: 62
			servt: 10
			pid: 0
			did: 86
			servST: 62.0
			(h, h_ind): (2, 0)
			load: 20.0
			
	Finished service at time: 72.0
	
	Task 14 -> Task 86: 13.6
	Vehicle arrival at task: 85.6
	Waiting time until service start time: 0.0
	
	id: 86
			node: 14
			(x, y, z): (4, 18, 1)
			dem: -20
			earl: 84
			lat: 114
			servt: 10
			pid: 14
			did: 0
			servST: 85.6
			(h, h_ind): (-1, -1)
			load: 0.0
			
	Finished service at time: 95.6
	
	Using Machine: 2
			Task 86 -> Machine 2 (Station 1): 35.0
			Vehicle arrival at machine station: 130.6
			Waiting time until machine travel: 0.0
			Machine travel start time: 130.6
			Region 1 -> Region 0: 5.0
			Machine arrival at machine station: 135.6
			
			Machine 2 (Station 0)-> Task 0: 5.0
			Vehicle arrival at task: 140.6
			Waiting time until service start time: 0.0
			
	id: 0
			node: 17
			(x, y, z): (35, 35, 0)
			dem: 0
			earl: 0
			lat: 243
			servt: 0
			pid: 0
			did: 0
			servST: 140.6
			(h, h_ind): (2, 1)
			load: 0.0
			

Vehicle 4 :
	id: 0
			node: 0
			(x, y, z): (35, 35, 0)
			dem: 0
			earl: 0
			lat: 243
			servt: 0
			pid: 0
			did: 0
			servST: 9.320000000000022
			(h, h_ind): (-1, -1)
			load: 0.0
			
	Finished service at time: 9.320000000000022
	
	Using Machine: 0
			Task 0 -> Machine 0 (Station 0): 4.12
			Vehicle arrival at machine station: 13.440000000000023
			Waiting time until machine travel: 0.0
			Machine travel start time: 13.440000000000026
			Region 0 -> Region 1: 5.0
			Machine arrival at machine station: 18.440000000000026
			
			Machine 0 (Station 1)-> Task 2: 22.02
			Vehicle arrival at task: 40.46000000000002
			Waiting time until service start time: -0.0
			
	id: 2
			node: 1
			(x, y, z): (35, 17, 1)
			dem: 7
			earl: 40
			lat: 70
			servt: 10
			pid: 0
			did: 57
			servST: 40.46000000000001
			(h, h_ind): (0, 0)
			load: 7.0
			
	Finished service at time: 50.46000000000001
	
	Using Machine: 0
			Task 2 -> Machine 0 (Station 1): 22.02
			Vehicle arrival at machine station: 72.48
			Waiting time until machine travel: -0.0
			Machine travel start time: 72.47999999999999
			Region 1 -> Region 0: 5.0
			Machine arrival at machine station: 77.47999999999999
			
			Machine 0 (Station 0)-> Task 57: 27.07
			Vehicle arrival at task: 104.54999999999998
			Waiting time until service start time: 0.0
			
	id: 57
			node: 9
			(x, y, z): (32, 12, 0)
			dem: -7
			earl: 91
			lat: 121
			servt: 10
			pid: 2
			did: 0
			servST: 104.55
			(h, h_ind): (0, 1)
			load: 0.0
			
	Finished service at time: 114.55
	
	Task 57 -> Task 17: 32.45
	Vehicle arrival at task: 147.0
	Waiting time until service start time: 0.0
	
	id: 17
			node: 8
			(x, y, z): (5, 30, 0)
			dem: 2
			earl: 147
			lat: 177
			servt: 10
			pid: 0
			did: 60
			servST: 147.0
			(h, h_ind): (-1, -1)
			load: 2.0
			
	Finished service at time: 157.0
	
	Using Machine: 2
			Task 17 -> Machine 2 (Station 0): 28.46
			Vehicle arrival at machine station: 185.46
			Waiting time until machine travel: 0.0
			Machine travel start time: 185.46000000000004
			Region 0 -> Region 1: 5.0
			Machine arrival at machine station: 190.46000000000004
			
			Machine 2 (Station 1)-> Task 60: 15.81
			Vehicle arrival at task: 206.27000000000004
			Waiting time until service start time: -0.0
			
	id: 60
			node: 16
			(x, y, z): (17, 34, 1)
			dem: -2
			earl: 177
			lat: 207
			servt: 10
			pid: 17
			did: 0
			servST: 206.27
			(h, h_ind): (2, 2)
			load: 0.0
			
	Finished service at time: 216.27
	
	Using Machine: 2
			Task 60 -> Machine 2 (Station 1): 15.81
			Vehicle arrival at machine station: 232.08
			Waiting time until machine travel: -0.0
			Machine travel start time: 232.07999999999996
			Region 1 -> Region 0: 5.0
			Machine arrival at machine station: 237.07999999999996
			
			Machine 2 (Station 0)-> Task 0: 5.0
			Vehicle arrival at task: 242.07999999999996
			Waiting time until service start time: 0.0
			
	id: 0
			node: 17
			(x, y, z): (35, 35, 0)
			dem: 0
			earl: 0
			lat: 243
			servt: 0
			pid: 0
			did: 0
			servST: 242.08
			(h, h_ind): (2, 3)
			load: 0.0
			

Vehicle 5 :
	id: 0
			node: 0
			(x, y, z): (35, 35, 0)
			dem: 0
			earl: 0
			lat: 243
			servt: 0
			pid: 0
			did: 0
			servST: 29.439999999999912
			(h, h_ind): (-1, -1)
			load: 0.0
			
	Finished service at time: 29.439999999999912
	
	Task 0 -> Task 15: 30.41
	Vehicle arrival at task: 59.84999999999991
	Waiting time until service start time: 0.0
	
	id: 15
			node: 7
			(x, y, z): (30, 5, 0)
			dem: 8
			earl: 51
			lat: 81
			servt: 10
			pid: 0
			did: 87
			servST: 59.85
			(h, h_ind): (-1, -1)
			load: 8.0
			
	Finished service at time: 69.85
	
	Task 15 -> Task 87: 13.15
	Vehicle arrival at task: 83.0
	Waiting time until service start time: 0.0
	
	id: 87
			node: 15
			(x, y, z): (28, 18, 0)
			dem: -8
			earl: 83
			lat: 113
			servt: 10
			pid: 15
			did: 0
			servST: 83.0
			(h, h_ind): (-1, -1)
			load: 0.0
			
	Finished service at time: 93.0
	
	Task 87 -> Task 3: 38.18
	Vehicle arrival at task: 131.18
	Waiting time until service start time: 0.0
	
	id: 3
			node: 2
			(x, y, z): (55, 45, 0)
			dem: 13
			earl: 106
			lat: 136
			servt: 10
			pid: 0
			did: 80
			servST: 131.18
			(h, h_ind): (-1, -1)
			load: 13.0
			
	Finished service at time: 141.18
	
	Using Machine: 1
			Task 3 -> Machine 1 (Station 0): 19.92
			Vehicle arrival at machine station: 161.10000000000002
			Waiting time until machine travel: -0.0
			Machine travel start time: 161.1
			Region 0 -> Region 1: 5.0
			Machine arrival at machine station: 166.1
			
			Machine 1 (Station 1)-> Task 80: 20.1
			Vehicle arrival at task: 186.2
			Waiting time until service start time: 0.0
			
	id: 80
			node: 10
			(x, y, z): (56, 37, 1)
			dem: -13
			earl: 168
			lat: 198
			servt: 10
			pid: 3
			did: 0
			servST: 186.2
			(h, h_ind): (1, 3)
			load: 0.0
			
	Finished service at time: 196.2
	
	Using Machine: 1
			Task 80 -> Machine 1 (Station 1): 20.1
			Vehicle arrival at machine station: 216.29999999999998
			Waiting time until machine travel: 0.0
			Machine travel start time: 216.3
			Region 1 -> Region 0: 5.0
			Machine arrival at machine station: 221.3
			
			Machine 1 (Station 0)-> Task 0: 4.12
			Vehicle arrival at task: 225.42000000000002
			Waiting time until service start time: 0.0
			
	id: 0
			node: 17
			(x, y, z): (35, 35, 0)
			dem: 0
			earl: 0
			lat: 243
			servt: 0
			pid: 0
			did: 0
			servST: 225.42000000000004
			(h, h_ind): (1, 5)
			load: 0.0
			

---------------------| MACHINES |---------------------

Machine 0 :
	setup duration: 0.0
	
	vehicle: 4
	vehicleInd: 1
	(orig, dest): (0, 1)
	(origID, destID): (0, 2)
	(origRegion, destRegion): (0, 1)
	st: 13.440000000000026
	duration: 5.0
	
	setup duration: 0.0
	
	vehicle: 4
	vehicleInd: 2
	(orig, dest): (1, 9)
	(origID, destID): (2, 57)
	(origRegion, destRegion): (1, 0)
	st: 72.47999999999999
	duration: 5.0
	

Machine 1 :
	setup duration: 0.0
	
	vehicle: 1
	vehicleInd: 1
	(orig, dest): (0, 4)
	(origID, destID): (0, 9)
	(origRegion, destRegion): (0, 1)
	st: 67.55999999999995
	duration: 5.0
	
	setup duration: 5.0
	
	vehicle: 2
	vehicleInd: 2
	(orig, dest): (5, 13)
	(origID, destID): (12, 29)
	(origRegion, destRegion): (0, 1)
	st: 77.55999999999995
	duration: 5.0
	
	setup duration: 0.0
	
	vehicle: 2
	vehicleInd: 3
	(orig, dest): (13, 17)
	(origID, destID): (29, 0)
	(origRegion, destRegion): (1, 0)
	st: 148.88
	duration: 5.0
	
	setup duration: 0.0
	
	vehicle: 5
	vehicleInd: 4
	(orig, dest): (2, 10)
	(origID, destID): (3, 80)
	(origRegion, destRegion): (0, 1)
	st: 161.1
	duration: 5.0
	
	setup duration: 0.0
	
	vehicle: 1
	vehicleInd: 3
	(orig, dest): (12, 17)
	(origID, destID): (66, 0)
	(origRegion, destRegion): (1, 0)
	st: 171.6
	duration: 5.0
	
	setup duration: 5.0
	
	vehicle: 5
	vehicleInd: 5
	(orig, dest): (10, 17)
	(origID, destID): (80, 0)
	(origRegion, destRegion): (1, 0)
	st: 216.3
	duration: 5.0
	

Machine 2 :
	setup duration: 0.0
	
	vehicle: 3
	vehicleInd: 1
	(orig, dest): (0, 6)
	(origID, destID): (0, 14)
	(origRegion, destRegion): (0, 1)
	st: 23.380000000000024
	duration: 5.0
	
	setup duration: 0.0
	
	vehicle: 3
	vehicleInd: 3
	(orig, dest): (14, 17)
	(origID, destID): (86, 0)
	(origRegion, destRegion): (1, 0)
	st: 130.6
	duration: 5.0
	
	setup duration: 0.0
	
	vehicle: 4
	vehicleInd: 4
	(orig, dest): (8, 16)
	(origID, destID): (17, 60)
	(origRegion, destRegion): (0, 1)
	st: 185.46000000000004
	duration: 5.0
	
	setup duration: 0.0
	
	vehicle: 4
	vehicleInd: 5
	(orig, dest): (16, 17)
	(origID, destID): (60, 0)
	(origRegion, destRegion): (1, 0)
	st: 232.07999999999996
	duration: 5.0
	

-------------------| COMPL. TIMES |-------------------

Vehicle 0 : 80.95
Vehicle 1 : 117.28
Vehicle 2 : 120.0
Vehicle 3 : 122.22
Vehicle 4 : 232.76
Vehicle 5 : 195.98
Vehicle 6 : 0.0
Vehicle 7 : 0.0
-------------------| STATISTICS |-------------------

    Vehicles used                           : 75.0
    Machines used                           : 100.0
    Max load (vehicles)                     : 76.4706
    Min load (vehicles)                     : 16.2791
    Mean load (vehicles)                    : 38.3265
    Min completion time                     : 33.3128
    Max completion time                     : 95.786
    Mean completion time                    : 59.6152
    Avrg travel time (with vehicle)         : 11.6598
    Avrg travel time (only with vehicle)    : 8.2305
    Avrg travel time (no vehicle)           : 3.4294
    Avrg waiting time (machine travel)      : 0.0
    Avrg waiting time (service)             : 0.0
    Machines travel times (with vehicle)    : [6.1728, 18.5185, 10.2881]
    Machines travel times (no vehicle)      : [2.0576, 6.1728, 2.0576]
    Max load per vehicle                    : [76.4706, 37.2093, 36.5385, 38.4615, 16.2791, 25.0, 0.0, 0.0]
----------------------------------------------------

TOTAL: 869.19

Everything is awesome!
