-------------------| STATISTICS |-------------------

Vehicles used                           : 20.0
Machines used                           : 100.0
Max load (vehicles)                     : 86.8421
Min load (vehicles)                     : 73.0769
Mean load (vehicles)                    : 79.9595
Min completion time                     : 17.141
Max completion time                     : 61.78
Mean completion time                    : 39.4605
Avrg travel time (with vehicle)         : 7.7035
Avrg travel time (only with vehicle)    : 4.5465
Avrg travel time (no vehicle)           : 3.157
Avrg waiting time (machine travel)      : 0.0
Avrg waiting time (service)             : 0.0
Machines travel times (with vehicle)    : [13.317, 8.248, 1.825, 7.424]
Machines travel times (no vehicle)      : [6.512, 2.404, 0.0, 3.712]
Max load per vehicle                    : [0.0, 0.0, 0.0, 0.0, 0.0, 86.8421, 0.0, 73.0769, 0.0, 0.0]

----------------------------------------------------

TOTAL: 789.21

Everything is awesome!
