Set parameter WLSAccessID
Set parameter WLSSecret
Set parameter LicenseID to value 2661775
Academic license 2661775 - for non-commercial use only - registered to me___@dcc.ufba.br
Loading line 2: methodType heur
Loading line 3: methodCode mslp
Loading line 4: seed 0
Loading line 5: threads 1
Loading line 6: greedy_service_order random
Loading line 7: outputFlagGrbMSLP 0
Loading line 8: mslpa 60000
Loading line 9: mslpr I
Loading line 10: maxtime 3600
Loading line 11: output ./logs/
Loading line 12: printsol 1
Loading line 13: solverMethod A
Loading line 14: alpha 0.05 # selected from preliminary experiments
Instance: LR2_2_5_t2_60R_60V_04I_05M

[07:54:03.724] Running Data.readData with file /dados/rmelo/PDPTW-SE/benchmark_multi_island_v5/official_experiments/multistartlp/official/set_01_pt_02/../../../../instances/orig_ams_fg/60R_60V_04I_06M/t2/LR2_2_5/
vehicles: Vehicle[Vehicle(0, 54), Vehicle(1, 67), Vehicle(2, 80), Vehicle(3, 54), Vehicle(4, 67), Vehicle(5, 80), Vehicle(6, 80), Vehicle(7, 54), Vehicle(8, 80), Vehicle(9, 67), Vehicle(10, 67), Vehicle(11, 54), Vehicle(12, 67), Vehicle(13, 54), Vehicle(14, 54), Vehicle(15, 80), Vehicle(16, 54), Vehicle(17, 54), Vehicle(18, 80), Vehicle(19, 67), Vehicle(20, 67), Vehicle(21, 54), Vehicle(22, 67), Vehicle(23, 54), Vehicle(24, 54), Vehicle(25, 54), Vehicle(26, 80), Vehicle(27, 67), Vehicle(28, 80), Vehicle(29, 67), Vehicle(30, 80), Vehicle(31, 80), Vehicle(32, 54), Vehicle(33, 54), Vehicle(34, 54), Vehicle(35, 80), Vehicle(36, 54), Vehicle(37, 67), Vehicle(38, 80), Vehicle(39, 54), Vehicle(40, 67), Vehicle(41, 54), Vehicle(42, 80), Vehicle(43, 67), Vehicle(44, 54), Vehicle(45, 67), Vehicle(46, 67), Vehicle(47, 80), Vehicle(48, 80), Vehicle(49, 67), Vehicle(50, 54), Vehicle(51, 67), Vehicle(52, 54), Vehicle(53, 80), Vehicle(54, 54), Vehicle(55, 67), Vehicle(56, 80), Vehicle(57, 67), Vehicle(58, 67), Vehicle(59, 54)]
vehicle_types: Vehicle[Vehicle(0, 54), Vehicle(1, 67), Vehicle(2, 80)]
Machine[Machine(0, Point[Point(72, 73, 0), Point(78, 69, 1), Point(85, 78, 2), Point(61, 54, 3)], 1.0), Machine(1, Point[Point(72, 75, 0), Point(78, 65, 1), Point(85, 79, 2), Point(56, 58, 3)], 1.0), Machine(2, Point[Point(73, 77, 0), Point(81, 71, 1), Point(88, 75, 2), Point(61, 51, 3)], 1.0), Machine(3, Point[Point(68, 70, 0), Point(83, 70, 1), Point(84, 81, 2), Point(54, 58, 3)], 1.0), Machine(4, Point[Point(73, 78, 0), Point(78, 62, 1), Point(84, 82, 2), Point(62, 48, 3)], 1.0)]
refs: [1, 2, 4, 5, 6, 7, 8, 12, 14, 15, 16, 17, 18, 20, 21, 23, 24, 25, 27, 28, 29, 30, 31, 32, 33, 34, 35, 36, 37, 38, 39, 40, 41, 42, 46, 48, 49, 50, 51, 52, 53, 56, 57, 61, 62, 63, 65, 66, 71, 72, 73, 74, 76, 77, 81, 83, 84, 89, 91, 92, 93, 60, 47, 121, 78, 9, 68, 67, 116, 111, 82, 86, 45, 94, 70, 69, 85, 115, 75, 117, 54, 99, 108, 13, 64, 88, 97, 96, 95, 44, 118, 107, 101, 119, 112, 55, 80, 90, 43, 104, 100, 98, 59, 22, 3, 10, 105, 103, 58, 87, 11, 26, 113, 79, 19, 106, 109, 110, 102, 114, 120, 1]
V: [1, 2, 3, 4, 5, 6, 7, 8, 9, 10, 11, 12, 13, 14, 15, 16, 17, 18, 19, 20, 21, 22, 23, 24, 25, 26, 27, 28, 29, 30, 31, 32, 33, 34, 35, 36, 37, 38, 39, 40, 41, 42, 43, 44, 45, 46, 47, 48, 49, 50, 51, 52, 53, 54, 55, 56, 57, 58, 59, 60, 61, 62, 63, 64, 65, 66, 67, 68, 69, 70, 71, 72, 73, 74, 75, 76, 77, 78, 79, 80, 81, 82, 83, 84, 85, 86, 87, 88, 89, 90, 91, 92, 93, 94, 95, 96, 97, 98, 99, 100, 101, 102, 103, 104, 105, 106, 107, 108, 109, 110, 111, 112, 113, 114, 115, 116, 117, 118, 119, 120, 121]
V_p: [2, 3, 4, 5, 6, 7, 8, 9, 10, 11, 12, 13, 14, 15, 16, 17, 18, 19, 20, 21, 22, 23, 24, 25, 26, 27, 28, 29, 30, 31, 32, 33, 34, 35, 36, 37, 38, 39, 40, 41, 42, 43, 44, 45, 46, 47, 48, 49, 50, 51, 52, 53, 54, 55, 56, 57, 58, 59, 60, 61]
V_d: [62, 63, 64, 65, 66, 67, 68, 69, 70, 71, 72, 73, 74, 75, 76, 77, 78, 79, 80, 81, 82, 83, 84, 85, 86, 87, 88, 89, 90, 91, 92, 93, 94, 95, 96, 97, 98, 99, 100, 101, 102, 103, 104, 105, 106, 107, 108, 109, 110, 111, 112, 113, 114, 115, 116, 117, 118, 119, 120, 121]
Vprime: [1, 2, 3, 4, 5, 6, 7, 8, 9, 10, 11, 12, 13, 14, 15, 16, 17, 18, 19, 20, 21, 22, 23, 24, 25, 26, 27, 28, 29, 30, 31, 32, 33, 34, 35, 36, 37, 38, 39, 40, 41, 42, 43, 44, 45, 46, 47, 48, 49, 50, 51, 52, 53, 54, 55, 56, 57, 58, 59, 60, 61, 62, 63, 64, 65, 66, 67, 68, 69, 70, 71, 72, 73, 74, 75, 76, 77, 78, 79, 80, 81, 82, 83, 84, 85, 86, 87, 88, 89, 90, 91, 92, 93, 94, 95, 96, 97, 98, 99, 100, 101, 102, 103, 104, 105, 106, 107, 108, 109, 110, 111, 112, 113, 114, 115, 116, 117, 118, 119, 120, 121, 122]
V: [1, 2, 3, 4, 5, 6, 7, 8, 9, 10, 11, 12, 13, 14, 15, 16, 17, 18, 19, 20, 21, 22, 23, 24, 25, 26, 27, 28, 29, 30, 31, 32, 33, 34, 35, 36, 37, 38, 39, 40, 41, 42, 43, 44, 45, 46, 47, 48, 49, 50, 51, 52, 53, 54, 55, 56, 57, 58, 59, 60, 61, 62, 63, 64, 65, 66, 67, 68, 69, 70, 71, 72, 73, 74, 75, 76, 77, 78, 79, 80, 81, 82, 83, 84, 85, 86, 87, 88, 89, 90, 91, 92, 93, 94, 95, 96, 97, 98, 99, 100, 101, 102, 103, 104, 105, 106, 107, 108, 109, 110, 111, 112, 113, 114, 115, 116, 117, 118, 119, 120, 121]
q: [0, 9, 26, 27, 18, 22, 13, 40, 10, 22, 18, 17, 8, 19, 27, 8, 20, 20, 13, 21, 12, 30, 11, 13, 13, 12, 24, 8, 20, 36, 12, 15, 6, 10, 23, 22, 20, 26, 34, 13, 20, 13, 37, 31, 19, 17, 12, 27, 39, 9, 7, 20, 15, 16, 4, 35, 21, 11, 23, 20, 18, -9, -26, -27, -18, -22, -13, -40, -10, -22, -18, -17, -8, -19, -27, -8, -20, -20, -13, -21, -12, -30, -11, -13, -13, -12, -24, -8, -20, -36, -12, -15, -6, -10, -23, -22, -20, -26, -34, -13, -20, -13, -37, -31, -19, -17, -12, -27, -39, -9, -7, -20, -15, -16, -4, -35, -21, -11, -23, -20, -18, 0]
H: [1, 2, 3, 4, 5]
f: [[1, 1, 1, 1, 1], [2, 2, 2, 2, 2], [1, 1, 1, 1, 1], [3, 3, 3, 3, 3], [3, 3, 3, 3, 3], [1, 1, 1, 1, 1], [2, 2, 2, 2, 2], [2, 2, 2, 2, 2], [1, 1, 1, 1, 1], [2, 2, 2, 2, 2], [2, 2, 2, 2, 2], [1, 1, 1, 1, 1], [3, 3, 3, 3, 3], [2, 2, 2, 2, 2], [3, 3, 3, 3, 3], [1, 1, 1, 1, 1], [4, 4, 4, 4, 4], [2, 2, 2, 2, 2], [2, 2, 2, 2, 2], [3, 3, 3, 3, 3], [4, 4, 4, 4, 4], [4, 4, 4, 4, 4], [4, 4, 4, 4, 4], [4, 4, 4, 4, 4], [2, 2, 2, 2, 2], [3, 3, 3, 3, 3], [3, 3, 3, 3, 3], [2, 2, 2, 2, 2], [2, 2, 2, 2, 2], [2, 2, 2, 2, 2], [3, 3, 3, 3, 3], [3, 3, 3, 3, 3], [2, 2, 2, 2, 2], [3, 3, 3, 3, 3], [1, 1, 1, 1, 1], [2, 2, 2, 2, 2], [1, 1, 1, 1, 1], [1, 1, 1, 1, 1], [3, 3, 3, 3, 3], [2, 2, 2, 2, 2], [4, 4, 4, 4, 4], [1, 1, 1, 1, 1], [3, 3, 3, 3, 3], [1, 1, 1, 1, 1], [4, 4, 4, 4, 4], [3, 3, 3, 3, 3], [2, 2, 2, 2, 2], [1, 1, 1, 1, 1], [2, 2, 2, 2, 2], [1, 1, 1, 1, 1], [1, 1, 1, 1, 1], [1, 1, 1, 1, 1], [4, 4, 4, 4, 4], [3, 3, 3, 3, 3], [4, 4, 4, 4, 4], [4, 4, 4, 4, 4], [3, 3, 3, 3, 3], [3, 3, 3, 3, 3], [2, 2, 2, 2, 2], [4, 4, 4, 4, 4], [2, 2, 2, 2, 2], [2, 2, 2, 2, 2], [3, 3, 3, 3, 3], [3, 3, 3, 3, 3], [3, 3, 3, 3, 3], [1, 1, 1, 1, 1], [4, 4, 4, 4, 4], [1, 1, 1, 1, 1], [1, 1, 1, 1, 1], [3, 3, 3, 3, 3], [3, 3, 3, 3, 3], [4, 4, 4, 4, 4], [2, 2, 2, 2, 2], [3, 3, 3, 3, 3], [1, 1, 1, 1, 1], [1, 1, 1, 1, 1], [4, 4, 4, 4, 4], [4, 4, 4, 4, 4], [2, 2, 2, 2, 2], [4, 4, 4, 4, 4], [4, 4, 4, 4, 4], [4, 4, 4, 4, 4], [4, 4, 4, 4, 4], [1, 1, 1, 1, 1], [4, 4, 4, 4, 4], [3, 3, 3, 3, 3], [3, 3, 3, 3, 3], [3, 3, 3, 3, 3], [1, 1, 1, 1, 1], [1, 1, 1, 1, 1], [3, 3, 3, 3, 3], [1, 1, 1, 1, 1], [3, 3, 3, 3, 3], [3, 3, 3, 3, 3], [1, 1, 1, 1, 1], [2, 2, 2, 2, 2], [1, 1, 1, 1, 1], [2, 2, 2, 2, 2], [2, 2, 2, 2, 2], [3, 3, 3, 3, 3], [2, 2, 2, 2, 2], [1, 1, 1, 1, 1], [3, 3, 3, 3, 3], [1, 1, 1, 1, 1], [4, 4, 4, 4, 4], [3, 3, 3, 3, 3], [2, 2, 2, 2, 2], [1, 1, 1, 1, 1], [3, 3, 3, 3, 3], [4, 4, 4, 4, 4], [1, 1, 1, 1, 1], [1, 1, 1, 1, 1], [1, 1, 1, 1, 1], [4, 4, 4, 4, 4], [1, 1, 1, 1, 1], [3, 3, 3, 3, 3], [3, 3, 3, 3, 3], [1, 1, 1, 1, 1], [2, 2, 2, 2, 2], [4, 4, 4, 4, 4], [3, 3, 3, 3, 3], [1, 1, 1, 1, 1]]
1 1 1 -> 0.0
1 2 1 -> 7.21
1 3 1 -> 13.93
1 4 1 -> 21.95
2 1 1 -> 7.21
2 2 1 -> 0.0
2 3 1 -> 11.4
2 4 1 -> 22.67
3 1 1 -> 13.93
3 2 1 -> 11.4
3 3 1 -> 0.0
3 4 1 -> 33.94
4 1 1 -> 21.95
4 2 1 -> 22.67
4 3 1 -> 33.94
4 4 1 -> 0.0
1 1 2 -> 0.0
1 2 2 -> 11.66
1 3 2 -> 13.6
1 4 2 -> 23.35
2 1 2 -> 11.66
2 2 2 -> 0.0
2 3 2 -> 15.65
2 4 2 -> 23.09
3 1 2 -> 13.6
3 2 2 -> 15.65
3 3 2 -> 0.0
3 4 2 -> 35.81
4 1 2 -> 23.35
4 2 2 -> 23.09
4 3 2 -> 35.81
4 4 2 -> 0.0
1 1 3 -> 0.0
1 2 3 -> 10.0
1 3 3 -> 15.13
1 4 3 -> 28.64
2 1 3 -> 10.0
2 2 3 -> 0.0
2 3 3 -> 8.06
2 4 3 -> 28.28
3 1 3 -> 15.13
3 2 3 -> 8.06
3 3 3 -> 0.0
3 4 3 -> 36.12
4 1 3 -> 28.64
4 2 3 -> 28.28
4 3 3 -> 36.12
4 4 3 -> 0.0
1 1 4 -> 0.0
1 2 4 -> 15.0
1 3 4 -> 19.42
1 4 4 -> 18.44
2 1 4 -> 15.0
2 2 4 -> 0.0
2 3 4 -> 11.05
2 4 4 -> 31.38
3 1 4 -> 19.42
3 2 4 -> 11.05
3 3 4 -> 0.0
3 4 4 -> 37.8
4 1 4 -> 18.44
4 2 4 -> 31.38
4 3 4 -> 37.8
4 4 4 -> 0.0
1 1 5 -> 0.0
1 2 5 -> 16.76
1 3 5 -> 11.7
1 4 5 -> 31.95
2 1 5 -> 16.76
2 2 5 -> 0.0
2 3 5 -> 20.88
2 4 5 -> 21.26
3 1 5 -> 11.7
3 2 5 -> 20.88
3 3 5 -> 0.0
3 4 5 -> 40.5
4 1 5 -> 31.95
4 2 5 -> 21.26
4 3 5 -> 40.5
4 4 5 -> 0.0
o: (1, 2, 3) => 10.0
o: (3, 1, 3) => 15.13
o: (1, 3, 5) => 11.7
o: (3, 2, 4) => 11.05
o: (1, 4, 5) => 31.95
o: (3, 2, 3) => 8.06
o: (3, 3, 5) => 0.0
o: (2, 1, 1) => 7.21
o: (3, 4, 5) => 40.5
o: (1, 3, 2) => 13.6
o: (1, 4, 2) => 23.35
o: (4, 3, 4) => 37.8
o: (2, 2, 1) => 0.0
o: (4, 4, 4) => 0.0
o: (3, 3, 2) => 0.0
o: (3, 4, 2) => 35.81
o: (4, 3, 3) => 36.12
o: (4, 4, 3) => 0.0
o: (1, 1, 5) => 0.0
o: (1, 2, 5) => 16.76
o: (3, 1, 5) => 11.7
o: (1, 3, 1) => 13.93
o: (1, 1, 2) => 0.0
o: (1, 4, 1) => 21.95
o: (4, 1, 4) => 18.44
o: (3, 2, 5) => 20.88
o: (3, 3, 1) => 0.0
o: (1, 2, 2) => 11.66
o: (3, 1, 2) => 13.6
o: (3, 4, 1) => 33.94
o: (4, 1, 3) => 28.64
o: (4, 2, 4) => 31.38
o: (3, 2, 2) => 15.65
o: (2, 3, 4) => 11.05
o: (4, 2, 3) => 28.28
o: (2, 4, 4) => 31.38
o: (4, 3, 5) => 40.5
o: (4, 4, 5) => 0.0
o: (1, 1, 1) => 0.0
o: (2, 3, 3) => 8.06
o: (2, 4, 3) => 28.28
o: (4, 3, 2) => 35.81
o: (1, 2, 1) => 7.21
o: (3, 1, 1) => 13.93
o: (4, 4, 2) => 0.0
o: (3, 2, 1) => 11.4
o: (2, 1, 4) => 15.0
o: (4, 1, 5) => 31.95
o: (2, 1, 3) => 10.0
o: (2, 2, 4) => 0.0
o: (4, 2, 5) => 21.26
o: (4, 3, 1) => 33.94
o: (4, 1, 2) => 23.35
o: (4, 4, 1) => 0.0
o: (2, 2, 3) => 0.0
o: (2, 3, 5) => 20.88
o: (2, 4, 5) => 21.26
o: (4, 2, 2) => 23.09
o: (1, 3, 4) => 19.42
o: (2, 3, 2) => 15.65
o: (1, 4, 4) => 18.44
o: (2, 4, 2) => 23.09
o: (1, 3, 3) => 15.13
o: (3, 3, 4) => 0.0
o: (1, 4, 3) => 28.64
o: (3, 4, 4) => 37.8
o: (4, 1, 1) => 21.95
o: (2, 1, 5) => 16.76
o: (3, 3, 3) => 0.0
o: (3, 4, 3) => 36.12
o: (4, 2, 1) => 22.67
o: (2, 2, 5) => 0.0
o: (2, 3, 1) => 11.4
o: (1, 1, 4) => 0.0
o: (2, 1, 2) => 11.66
o: (2, 4, 1) => 22.67
o: (1, 1, 3) => 0.0
o: (1, 2, 4) => 15.0
o: (2, 2, 2) => 0.0
o: (3, 1, 4) => 19.42

[121, 2727, 2717, 2632, 2622, 2663, 2617, 42]
JOBS in the order of refs (Vprime)
Node 1: Job(0, Point(70, 70, 0), 0, 0, 2535, 0, 0, 0)
Node 2: Job(1, Point(101, 0, 1), 9, 1932, 2172, 10, 0, 72)
Node 3: Job(5, Point(69, 116, 0), 26, 1317, 1557, 10, 0, 55)
Node 4: Job(6, Point(137, 137, 2), 27, 339, 579, 10, 0, 200)
Node 5: Job(7, Point(103, 119, 2), 18, 1276, 1516, 10, 0, 96)
Node 6: Job(8, Point(78, 111, 0), 22, 47, 287, 10, 0, 11)
Node 7: Job(9, Point(107, 25, 1), 13, 1035, 1275, 10, 0, 82)
Node 8: Job(15, Point(137, 7, 1), 40, 563, 803, 10, 0, 80)
Node 9: Job(17, Point(46, 112, 0), 10, 1084, 1324, 10, 0, 189)
Node 10: Job(18, Point(79, 72, 1), 22, 9, 249, 10, 0, 167)
Node 11: Job(19, Point(104, 32, 1), 18, 479, 719, 10, 0, 102)
Node 12: Job(20, Point(8, 87, 0), 17, 1545, 1785, 10, 0, 110)
Node 13: Job(21, Point(109, 139, 2), 8, 392, 632, 10, 0, 51)
Node 14: Job(23, Point(78, 63, 1), 19, 10, 250, 10, 0, 124)
Node 15: Job(24, Point(95, 135, 2), 27, 1542, 1782, 10, 0, 87)
Node 16: Job(26, Point(64, 132, 0), 8, 170, 410, 10, 0, 83)
Node 17: Job(28, Point(39, 13, 3), 20, 1443, 1683, 10, 0, 108)
Node 18: Job(29, Point(120, 14, 1), 20, 974, 1214, 10, 0, 188)
Node 19: Job(31, Point(140, 42, 1), 13, 342, 582, 10, 0, 92)
Node 20: Job(32, Point(121, 124, 2), 21, 539, 779, 10, 0, 190)
Node 21: Job(33, Point(42, 29, 3), 12, 180, 420, 10, 0, 63)
Node 22: Job(34, Point(44, 58, 3), 30, 28, 268, 10, 0, 134)
Node 23: Job(35, Point(32, 6, 3), 11, 320, 560, 10, 0, 158)
Node 24: Job(36, Point(41, 36, 3), 13, 146, 386, 10, 0, 16)
Node 25: Job(37, Point(106, 10, 1), 13, 1135, 1375, 10, 0, 76)
Node 26: Job(38, Point(107, 102, 2), 12, 817, 1057, 10, 0, 112)
Node 27: Job(40, Point(132, 133, 2), 24, 499, 739, 10, 0, 128)
Node 28: Job(41, Point(81, 57, 1), 8, 17, 257, 10, 0, 127)
Node 29: Job(42, Point(120, 52, 1), 20, 1437, 1677, 10, 0, 126)
Node 30: Job(43, Point(113, 32, 1), 36, 516, 756, 10, 0, 50)
Node 31: Job(44, Point(137, 101, 2), 12, 617, 857, 10, 0, 193)
Node 32: Job(45, Point(82, 103, 2), 15, 79, 319, 10, 0, 157)
Node 33: Job(47, Point(90, 44, 1), 6, 149, 389, 10, 0, 138)
Node 34: Job(48, Point(139, 73, 2), 10, 288, 528, 10, 0, 194)
Node 35: Job(53, Point(60, 84, 0), 23, 1866, 2106, 10, 0, 171)
Node 36: Job(56, Point(86, 40, 1), 22, 34, 274, 10, 0, 65)
Node 37: Job(57, Point(69, 115, 0), 20, 801, 1041, 10, 0, 98)
Node 38: Job(58, Point(59, 115, 0), 26, 1195, 1435, 10, 0, 115)
Node 39: Job(60, Point(107, 77, 2), 34, 37, 277, 10, 0, 49)
Node 40: Job(61, Point(104, 54, 1), 13, 150, 390, 10, 0, 145)
Node 41: Job(62, Point(54, 33, 3), 20, 41, 281, 10, 0, 137)
Node 42: Job(66, Point(38, 122, 0), 13, 876, 1116, 10, 0, 133)
Node 43: Job(67, Point(85, 75, 2), 37, 15, 255, 10, 0, 71)
Node 44: Job(73, Point(39, 100, 0), 31, 204, 444, 10, 0, 25)
Node 45: Job(74, Point(48, 47, 3), 19, 31, 271, 10, 0, 4)
Node 46: Job(75, Point(104, 73, 2), 17, 937, 1177, 10, 0, 13)
Node 47: Job(77, Point(103, 44, 1), 12, 48, 288, 10, 0, 152)
Node 48: Job(79, Point(44, 116, 0), 27, 152, 392, 10, 0, 141)
Node 49: Job(88, Point(120, 22, 1), 39, 396, 636, 10, 0, 69)
Node 50: Job(89, Point(54, 106, 0), 9, 1117, 1357, 10, 0, 111)
Node 51: Job(90, Point(63, 129, 0), 7, 765, 1005, 10, 0, 14)
Node 52: Job(91, Point(33, 117, 0), 20, 316, 556, 10, 0, 30)
Node 53: Job(94, Point(34, 20, 3), 15, 542, 782, 10, 0, 173)
Node 54: Job(95, Point(114, 109, 2), 16, 249, 489, 10, 0, 97)
Node 55: Job(100, Point(12, 48, 3), 4, 172, 412, 10, 0, 22)
Node 56: Job(104, Point(27, 46, 3), 35, 776, 1016, 10, 0, 156)
Node 57: Job(107, Point(110, 99, 2), 21, 1151, 1391, 10, 0, 159)
Node 58: Job(114, Point(115, 124, 2), 11, 1584, 1824, 10, 0, 163)
Node 59: Job(116, Point(89, 39, 1), 23, 36, 276, 10, 0, 139)
Node 60: Job(117, Point(65, 0, 3), 20, 237, 477, 10, 0, 177)
Node 61: Job(118, Point(108, 30, 1), 18, 323, 563, 10, 0, 196)
Node 62: Job(72, Point(88, 29, 1), -9, 2195, 2435, 10, 1, 0)
Node 63: Job(55, Point(84, 88, 2), -26, 1365, 1605, 10, 5, 0)
Node 64: Job(200, Point(116, 83, 2), -27, 658, 898, 10, 6, 0)
Node 65: Job(96, Point(86, 80, 2), -18, 1438, 1678, 10, 7, 0)
Node 66: Job(11, Point(37, 138, 0), -22, 779, 1019, 10, 8, 0)
Node 67: Job(82, Point(36, 54, 3), -13, 1428, 1668, 10, 9, 0)
Node 68: Job(80, Point(71, 70, 0), -40, 1861, 2101, 10, 15, 0)
Node 69: Job(189, Point(5, 99, 0), -10, 1237, 1477, 10, 17, 0)
Node 70: Job(167, Point(137, 84, 2), -22, 358, 598, 10, 18, 0)
Node 71: Job(102, Point(109, 78, 2), -18, 891, 1131, 10, 19, 0)
Node 72: Job(110, Point(16, 62, 3), -17, 1524, 1764, 10, 20, 0)
Node 73: Job(51, Point(98, 4, 1), -8, 651, 891, 10, 21, 0)
Node 74: Job(124, Point(85, 111, 2), -19, 952, 1192, 10, 23, 0)
Node 75: Job(87, Point(34, 72, 0), -27, 2134, 2374, 10, 24, 0)
Node 76: Job(83, Point(16, 92, 0), -8, 1375, 1615, 10, 26, 0)
Node 77: Job(108, Point(15, 18, 3), -20, 1540, 1780, 10, 28, 0)
Node 78: Job(188, Point(15, 9, 3), -20, 1581, 1821, 10, 29, 0)
Node 79: Job(92, Point(102, 52, 1), -13, 576, 816, 10, 31, 0)
Node 80: Job(190, Point(36, 38, 3), -21, 1691, 1931, 10, 32, 0)
Node 81: Job(63, Point(32, 52, 3), -12, 544, 784, 10, 33, 0)
Node 82: Job(134, Point(23, 19, 3), -30, 626, 866, 10, 34, 0)
Node 83: Job(158, Point(54, 41, 3), -11, 1065, 1305, 10, 35, 0)
Node 84: Job(16, Point(50, 106, 0), -13, 1221, 1461, 10, 36, 0)
Node 85: Job(76, Point(9, 19, 3), -13, 1431, 1671, 10, 37, 0)
Node 86: Job(112, Point(123, 84, 2), -12, 1606, 1846, 10, 38, 0)
Node 87: Job(128, Point(116, 105, 2), -24, 517, 757, 10, 40, 0)
Node 88: Job(127, Point(138, 105, 2), -8, 1554, 1794, 10, 41, 0)
Node 89: Job(126, Point(40, 113, 0), -20, 1846, 2086, 10, 42, 0)
Node 90: Job(50, Point(64, 138, 0), -36, 1700, 1940, 10, 43, 0)
Node 91: Job(193, Point(137, 127, 2), -12, 722, 962, 10, 44, 0)
Node 92: Job(157, Point(56, 129, 0), -15, 1086, 1326, 10, 45, 0)
Node 93: Job(138, Point(100, 99, 2), -6, 1136, 1376, 10, 47, 0)
Node 94: Job(194, Point(120, 102, 2), -10, 326, 566, 10, 48, 0)
Node 95: Job(171, Point(66, 82, 0), -23, 1944, 2184, 10, 53, 0)
Node 96: Job(65, Point(99, 34, 1), -22, 243, 483, 10, 56, 0)
Node 97: Job(98, Point(18, 104, 0), -20, 1287, 1527, 10, 57, 0)
Node 98: Job(115, Point(93, 61, 1), -26, 2024, 2264, 10, 58, 0)
Node 99: Job(49, Point(89, 24, 1), -34, 1144, 1384, 10, 60, 0)
Node 100: Job(145, Point(115, 82, 2), -13, 1010, 1250, 10, 61, 0)
Node 101: Job(137, Point(69, 6, 1), -20, 272, 512, 10, 62, 0)
Node 102: Job(133, Point(50, 112, 0), -13, 867, 1107, 10, 66, 0)
Node 103: Job(71, Point(139, 68, 2), -37, 253, 493, 10, 67, 0)
Node 104: Job(25, Point(37, 79, 0), -31, 1654, 1894, 10, 73, 0)
Node 105: Job(4, Point(29, 60, 3), -19, 49, 289, 10, 74, 0)
Node 106: Job(13, Point(121, 123, 2), -17, 968, 1208, 10, 75, 0)
Node 107: Job(152, Point(113, 35, 1), -12, 142, 382, 10, 77, 0)
Node 108: Job(141, Point(49, 140, 0), -27, 876, 1116, 10, 79, 0)
Node 109: Job(69, Point(103, 77, 2), -39, 1102, 1342, 10, 88, 0)
Node 110: Job(111, Point(61, 57, 3), -9, 1439, 1679, 10, 89, 0)
Node 111: Job(14, Point(22, 104, 0), -7, 865, 1105, 10, 90, 0)
Node 112: Job(30, Point(10, 86, 0), -20, 1582, 1822, 10, 91, 0)
Node 113: Job(173, Point(67, 120, 0), -15, 1375, 1615, 10, 94, 0)
Node 114: Job(97, Point(33, 0, 3), -16, 1870, 2110, 10, 95, 0)
Node 115: Job(22, Point(80, 103, 0), -4, 1428, 1668, 10, 100, 0)
Node 116: Job(156, Point(97, 115, 2), -35, 1413, 1653, 10, 104, 0)
Node 117: Job(159, Point(136, 123, 2), -21, 1214, 1454, 10, 107, 0)
Node 118: Job(163, Point(54, 78, 0), -11, 2139, 2379, 10, 114, 0)
Node 119: Job(139, Point(116, 13, 1), -23, 173, 413, 10, 116, 0)
Node 120: Job(177, Point(15, 4, 3), -20, 343, 583, 10, 117, 0)
Node 121: Job(196, Point(103, 86, 2), -18, 971, 1211, 10, 118, 0)
Node 122: Job(0, Point(70, 70, 0), 0, 0, 2535, 0, 0, 0)

### Preprocessing Data ###
	-> arcs: 14884 (100.0%)
	-> arc_removals: 8993 (60.42%)
	-> arc_removals_is_loop: 122 (0.82%)
	-> arc_removals_is_delivery_to_pickup: 62 (0.42%)
	-> arc_removals_is_depot_begin_to_delivery: 60 (0.4%)
	-> arc_removals_is_pickup_to_depot_end: 60 (0.4%)
	-> arc_removals_is_dest_depot_begin: 120 (0.81%)
	-> arc_removals_is_orig_depot_end: 119 (0.8%)
	-> arc_removals_is_capacity_violated: 0 (0.0%)
	-> arc_removals_is_time_window_limited: 6148 (41.31%)
	-> arc_removals_is_time_window_pairing_limited: 1660 (11.15%)
	-> arc_removals_is_indirect_request_service_impossible: 642 (4.31%)
	-> gamma_vars: 0 (0%)
	-> feas_gamma_vars: 0 (0%)
	-> infeas_gamma_vars_is_next_mtrv_unreachable: 0 (0%)
	-> infeas_gamma_vars_is_iprime_jprime_eq_i_j: 0 (0%)
	-> machine_removal_for_an_arc: 0 (0.0%)
##########################

[07:54:13.789] Print configuration
------------------------------------------------------
"
[07:54:13.789] Running Multi Start Heuristic"
> Experiment started at 2025-10-17T07:54:13.789
> Instance: LR2_2_5_t2_60R_60V_04I_05M
> Algorithm Parameters:


	>Stop params:
		>  - rule ITERATIONS
		>  - argument 60000.0
		>  - maximum_time 3600

	>General params:
		>  - instPath /dados/rmelo/PDPTW-SE/benchmark_multi_island_v5/official_experiments/multistartlp/official/set_01_pt_02/../../../../instances/orig_ams_fg/60R_60V_04I_06M/t2/LR2_2_5/
		>  - name LR2_2_5
		>  - type t2
		>  - group 60R_60V_04I_05M
		>  - fullname LR2_2_5_t2_60R_60V_04I_05M
		>  - methodType heur
		>  - methodCode mslp
		>  - genconfigfile /dados/rmelo/PDPTW-SE/benchmark_multi_island_v5/official_experiments/multistartlp/official/set_01_pt_02/configs/genconfig_mslp.conf
		>  - genconfigfilename genconfig_mslp
		>  - greedy_service_order random
		>  - cutoff 0
		>  - cutoffmachs 5
		>  - num_machs 0
		>  - solver Gurobi
		>  - maxtime 3600
		>  - gurobiCuts 1
		>  - typeUserCut 0
		>  - mipPresolve -1
		>  - printsol 1
		>  - maxnodes -1
		>  - elevator 0
		>  - make_instance_feasible false
		>  - output /dados/rmelo/PDPTW-SE/benchmark_multi_island_v5/official_experiments/multistartlp/official/set_01_pt_02/logs
		>  - suff_outputs _seed_109
		>  - suff_csv _bash_1
		>  - epsilon 0.005
		>  - epsilonCap 0.5
		>  - warmStart false
		>  - seed 109
		>  - rng Random.MersenneTwister(109)
		>  - alpha 0.05
		>  - maxiter 1000000
		>  - outputFlagGrbMIP 0
		>  - outputFlagGrbMSLP 0
		>  - outputFlagGrbLMNS 0
		>  - mslpr I
		>  - mslpa 60000
		>  - lmnsr M
		>  - lmnsa 60
		>  - lmnsRepairTime 30.0
		>  - lmnsMIPFocus 0
		>  - lmnsGapToBiggerDestruction 50
		>  - lmnsGapToSmallerDestruction 95
		>  - lmnsWeightShawDistProx 1.0
		>  - lmnsWeightShawEarlProx 1.0
		>  - lmnsWeightShawSameRoute 1.0
		>  - lmnsWeightShawDemandSim 1.0
		>  - lmnsReqRApplyMIPStart true
		>  - lmnsAcceptanceCriteria H
		>  - lmnsMetropolisTemp 100.0
		>  - lmnsSimulatedAnnealingTemp 100.0
		>  - lmnsSimulatedAnnealingCool 0.95
		>  - mipmaxtime 3600
		>  - csvfilename /dados/rmelo/PDPTW-SE/benchmark_multi_island_v5/official_experiments/multistartlp/official/set_01_pt_02/logs/heur_mslp/outputs/csvresults_heur_mslp_bash_1.csv
		>  - solfilename /dados/rmelo/PDPTW-SE/benchmark_multi_island_v5/official_experiments/multistartlp/official/set_01_pt_02/logs/heur_mslp/solutions/60R_60V_04I_05M/LR2_2_5_sol_genconfig_mslp_seed_109.txt
		>  - timelineFilename /dados/rmelo/PDPTW-SE/benchmark_multi_island_v5/official_experiments/multistartlp/official/set_01_pt_02/logs/heur_mslp/timelines/60R_60V_04I_05M/LR2_2_5_timeline_genconfig_mslp_seed_109.txt
		>  - grbFilename /dados/rmelo/PDPTW-SE/benchmark_multi_island_v5/official_experiments/multistartlp/official/set_01_pt_02/logs/heur_mslp/gurobi/60R_60V_04I_05M/LR2_2_5_grb_genconfig_mslp_seed_109.log
		>  - threads 1
		>  - solverMethod AUTOMATIC

------------------------------------------------------

[07:54:13.892] Starting running MSLP
objValue;greedysol;iteration;time
15836.45;16280.18;1;0.060103
15481.63;15787.07;3;0.734479
15375.83;16107.43;6;0.920288
15314.37;16263.07;7;0.979372
15205.42;16365.40;12;1.302320
14984.09;15748.02;32;2.623121
14492.15;16121.55;38;3.013128
13323.74;14261.65;47;3.584504
13321.98;13841.37;1894;124.923627
13246.73;14638.58;2993;197.272721
13217.39;14140.37;3528;232.367424
12817.62;13346.24;3983;262.311412
12668.38;13229.69;14615;960.386677
12459.35;13054.60;15469;1016.421707
12412.31;13200.57;38040;2497.136541

[08:55:10.315] Finished running MSLP
System CPU time: 34.04 seconds

[08:55:10.385] Post running MSLP
Best solution value: 12412.31
Total time elapsed: 3600.032429
Time to best: 2497.136541
Iterations: 54914
Iterations to best: 38040
Improvements: 15
Infeasible solutions percentage: (0 / 54914) = 0.0000 %
(LP improvements)/(LP runs) = 54914/54914 = 100.0000 %
Mean LP improvement percentage: 5.6000 %
[08:55:10.632] Writing results to CSV file: /dados/rmelo/PDPTW-SE/benchmark_multi_island_v5/official_experiments/multistartlp/official/set_01_pt_02/logs/heur_mslp/outputs/csvresults_heur_mslp_bash_1.csv

[08:55:12.634] Saving solution to file:/dados/rmelo/PDPTW-SE/benchmark_multi_island_v5/official_experiments/multistartlp/official/set_01_pt_02/logs/heur_mslp/solutions/60R_60V_04I_05M/LR2_2_5_sol_genconfig_mslp_seed_109.txt

[08:55:12.634] Saving solution timeline to file: /dados/rmelo/PDPTW-SE/benchmark_multi_island_v5/official_experiments/multistartlp/official/set_01_pt_02/logs/heur_mslp/timelines/60R_60V_04I_05M/LR2_2_5_timeline_genconfig_mslp_seed_109.txt
---------------------| VEHICLES |---------------------

Vehicle 2 :
	id: 0
		node: 1
		(x, y, z): (70, 70, 0)
		dem: 0
		earl: 0
		lat: 2535
		servt: 0
		pid: 0
		did: 0
		servST: 265.41
		(h, h_ind): (-1, 0)
		load: 0.0

	Finished service at time: 265.41

	Task 0 -> Task 73: 43.14
	Vehicle arrival at task: 308.55
	Waiting time until service start time: 0.0

	id: 73
		node: 44
		(x, y, z): (39, 100, 0)
		dem: 31
		earl: 204
		lat: 444
		servt: 10
		pid: 0
		did: 25
		servST: 308.55
		(h, h_ind): (-1, 0)
		load: 31.0

	Finished service at time: 318.55

	Task 73 -> Task 79: 16.76
	Vehicle arrival at task: 335.31
	Waiting time until service start time: 0.0

	id: 79
		node: 48
		(x, y, z): (44, 116, 0)
		dem: 27
		earl: 152
		lat: 392
		servt: 10
		pid: 0
		did: 141
		servST: 335.31
		(h, h_ind): (-1, 0)
		load: 58.0

	Finished service at time: 345.31

	Using Machine: 0
		Task 79 -> Machine 0 (Station 1): 51.31
		Vehicle arrival at machine station: 396.62
		Waiting time until machine travel: 0.0

		Machine travel start time: 396.62
		Region 0 -> Region 3: 21.95
		Machine arrival at machine station: 418.57

		Machine 0 (Station 4)-> Task 117: 54.15
		Vehicle arrival at task: 472.71999999999997
		Waiting time until service start time: 0.0

	id: 117
		node: 60
		(x, y, z): (65, 0, 3)
		dem: 20
		earl: 237
		lat: 477
		servt: 10
		pid: 0
		did: 177
		servST: 472.72
		(h, h_ind): (0, 4)
		load: 78.0

	Finished service at time: 482.72

	Task 117 -> Task 177: 50.16
	Vehicle arrival at task: 532.88
	Waiting time until service start time: 0.0

	id: 177
		node: 120
		(x, y, z): (15, 4, 3)
		dem: -20
		earl: 343
		lat: 583
		servt: 10
		pid: 117
		did: 0
		servST: 532.88
		(h, h_ind): (-1, 0)
		load: 58.0

	Finished service at time: 542.88

	Task 177 -> Task 35: 17.12
	Vehicle arrival at task: 560.0
	Waiting time until service start time: 0.0

	id: 35
		node: 23
		(x, y, z): (32, 6, 3)
		dem: 11
		earl: 320
		lat: 560
		servt: 10
		pid: 0
		did: 158
		servST: 560.0
		(h, h_ind): (-1, 0)
		load: 69.0

	Finished service at time: 570.0

	Using Machine: 3
		Task 35 -> Machine 3 (Station 4): 56.46
		Vehicle arrival at machine station: 626.46
		Waiting time until machine travel: 168.05

		Machine travel start time: 794.51
		Region 3 -> Region 0: 18.44
		Machine arrival at machine station: 812.95

		Machine 3 (Station 1)-> Task 141: 72.53
		Vehicle arrival at task: 885.48
		Waiting time until service start time: 0.0

	id: 141
		node: 108
		(x, y, z): (49, 140, 0)
		dem: -27
		earl: 876
		lat: 1116
		servt: 10
		pid: 79
		did: 0
		servST: 885.48
		(h, h_ind): (3, 5)
		load: 42.0

	Finished service at time: 895.48

	Using Machine: 3
		Task 141 -> Machine 3 (Station 1): 72.53
		Vehicle arrival at machine station: 968.01
		Waiting time until machine travel: 0.0

		Machine travel start time: 968.01
		Region 0 -> Region 3: 18.44
		Machine arrival at machine station: 986.45

		Machine 3 (Station 4)-> Task 104: 29.55
		Vehicle arrival at task: 1016.0
		Waiting time until service start time: 0.0

	id: 104
		node: 56
		(x, y, z): (27, 46, 3)
		dem: 35
		earl: 776
		lat: 1016
		servt: 10
		pid: 0
		did: 156
		servST: 1016.0
		(h, h_ind): (3, 7)
		load: 77.0

	Finished service at time: 1026.0

	Task 104 -> Task 158: 27.46
	Vehicle arrival at task: 1053.46
	Waiting time until service start time: 11.54

	id: 158
		node: 83
		(x, y, z): (54, 41, 3)
		dem: -11
		earl: 1065
		lat: 1305
		servt: 10
		pid: 35
		did: 0
		servST: 1065.0
		(h, h_ind): (-1, 0)
		load: 66.0

	Finished service at time: 1075.0

	Using Machine: 0
		Task 158 -> Machine 0 (Station 4): 14.76
		Vehicle arrival at machine station: 1089.76
		Waiting time until machine travel: 0.0

		Machine travel start time: 1089.76
		Region 3 -> Region 0: 21.95
		Machine arrival at machine station: 1111.71

		Machine 0 (Station 1)-> Task 89: 37.59
		Vehicle arrival at task: 1149.3
		Waiting time until service start time: 0.0

	id: 89
		node: 50
		(x, y, z): (54, 106, 0)
		dem: 9
		earl: 1117
		lat: 1357
		servt: 10
		pid: 0
		did: 111
		servST: 1149.3
		(h, h_ind): (0, 7)
		load: 75.0

	Finished service at time: 1159.3

	Using Machine: 0
		Task 89 -> Machine 0 (Station 1): 37.59
		Vehicle arrival at machine station: 1196.8899999999999
		Waiting time until machine travel: 0.0

		Machine travel start time: 1196.8899999999999
		Region 0 -> Region 3: 21.95
		Machine arrival at machine station: 1218.84

		Machine 0 (Station 4)-> Task 111: 3.0
		Vehicle arrival at task: 1221.84
		Waiting time until service start time: 217.16

	id: 111
		node: 110
		(x, y, z): (61, 57, 3)
		dem: -9
		earl: 1439
		lat: 1679
		servt: 10
		pid: 89
		did: 0
		servST: 1439.0
		(h, h_ind): (0, 8)
		load: 66.0

	Finished service at time: 1449.0

	Using Machine: 0
		Task 111 -> Machine 0 (Station 4): 3.0
		Vehicle arrival at machine station: 1452.0
		Waiting time until machine travel: 1.87

		Machine travel start time: 1453.8700000000003
		Region 3 -> Region 2: 33.94
		Machine arrival at machine station: 1487.8100000000004

		Machine 0 (Station 3)-> Task 156: 38.9
		Vehicle arrival at task: 1526.7100000000005
		Waiting time until service start time: -0.0

	id: 156
		node: 116
		(x, y, z): (97, 115, 2)
		dem: -35
		earl: 1413
		lat: 1653
		servt: 10
		pid: 104
		did: 0
		servST: 1526.7100000000003
		(h, h_ind): (0, 11)
		load: 31.0

	Finished service at time: 1536.7100000000003

	Using Machine: 4
		Task 156 -> Machine 4 (Station 3): 35.47
		Vehicle arrival at machine station: 1572.1800000000003
		Waiting time until machine travel: 0.0

		Machine travel start time: 1572.1800000000003
		Region 2 -> Region 0: 11.7
		Machine arrival at machine station: 1583.8800000000003

		Machine 4 (Station 1)-> Task 25: 36.01
		Vehicle arrival at task: 1619.8900000000003
		Waiting time until service start time: 34.11

	id: 25
		node: 104
		(x, y, z): (37, 79, 0)
		dem: -31
		earl: 1654
		lat: 1894
		servt: 10
		pid: 73
		did: 0
		servST: 1654.0
		(h, h_ind): (4, 17)
		load: 0.0

	Finished service at time: 1664.0

	Task 25 -> Task 0: 34.21
	Vehicle arrival at task: 1698.21
	Waiting time until service start time: 0.0

	id: 0
		node: 122
		(x, y, z): (70, 70, 0)
		dem: 0
		earl: 0
		lat: 2535
		servt: 0
		pid: 0
		did: 0
		servST: 1698.21
		(h, h_ind): (-1, 0)
		load: 0.0


Vehicle 4 :
	id: 0
		node: 1
		(x, y, z): (70, 70, 0)
		dem: 0
		earl: 0
		lat: 2535
		servt: 0
		pid: 0
		did: 0
		servST: 162.87
		(h, h_ind): (-1, 0)
		load: 0.0

	Finished service at time: 162.87

	Using Machine: 0
		Task 0 -> Machine 0 (Station 1): 3.61
		Vehicle arrival at machine station: 166.48000000000002
		Waiting time until machine travel: 0.0

		Machine travel start time: 166.48000000000002
		Region 0 -> Region 1: 7.21
		Machine arrival at machine station: 173.69000000000003

		Machine 0 (Station 2)-> Task 41: 12.37
		Vehicle arrival at task: 186.06000000000003
		Waiting time until service start time: -0.0

	id: 41
		node: 28
		(x, y, z): (81, 57, 1)
		dem: 8
		earl: 17
		lat: 257
		servt: 10
		pid: 0
		did: 127
		servST: 186.06
		(h, h_ind): (0, 2)
		load: 8.0

	Finished service at time: 196.06

	Task 41 -> Task 18: 15.13
	Vehicle arrival at task: 211.19
	Waiting time until service start time: 0.0

	id: 18
		node: 10
		(x, y, z): (79, 72, 1)
		dem: 22
		earl: 9
		lat: 249
		servt: 10
		pid: 0
		did: 167
		servST: 211.19
		(h, h_ind): (-1, 0)
		load: 30.0

	Finished service at time: 221.19

	Using Machine: 2
		Task 18 -> Machine 2 (Station 2): 2.24
		Vehicle arrival at machine station: 223.43
		Waiting time until machine travel: 0.0

		Machine travel start time: 223.43
		Region 1 -> Region 2: 8.06
		Machine arrival at machine station: 231.49

		Machine 2 (Station 3)-> Task 167: 49.82
		Vehicle arrival at task: 281.31
		Waiting time until service start time: 76.69

	id: 167
		node: 70
		(x, y, z): (137, 84, 2)
		dem: -22
		earl: 358
		lat: 598
		servt: 10
		pid: 18
		did: 0
		servST: 358.0
		(h, h_ind): (2, 2)
		load: 8.0

	Finished service at time: 368.0

	Using Machine: 4
		Task 167 -> Machine 4 (Station 3): 53.04
		Vehicle arrival at machine station: 421.04
		Waiting time until machine travel: 0.0

		Machine travel start time: 421.04
		Region 2 -> Region 0: 11.7
		Machine arrival at machine station: 432.74

		Machine 4 (Station 1)-> Task 91: 55.87
		Vehicle arrival at task: 488.61
		Waiting time until service start time: 0.0

	id: 91
		node: 52
		(x, y, z): (33, 117, 0)
		dem: 20
		earl: 316
		lat: 556
		servt: 10
		pid: 0
		did: 30
		servST: 488.61
		(h, h_ind): (4, 5)
		load: 28.0

	Finished service at time: 498.61

	Using Machine: 0
		Task 91 -> Machine 0 (Station 1): 58.8
		Vehicle arrival at machine station: 557.41
		Waiting time until machine travel: 0.0

		Machine travel start time: 557.41
		Region 0 -> Region 1: 7.21
		Machine arrival at machine station: 564.62

		Machine 0 (Station 2)-> Task 43: 50.93
		Vehicle arrival at task: 615.55
		Waiting time until service start time: 0.0

	id: 43
		node: 30
		(x, y, z): (113, 32, 1)
		dem: 36
		earl: 516
		lat: 756
		servt: 10
		pid: 0
		did: 50
		servST: 615.55
		(h, h_ind): (0, 5)
		load: 64.0

	Finished service at time: 625.55

	Using Machine: 2
		Task 43 -> Machine 2 (Station 2): 50.45
		Vehicle arrival at machine station: 676.0
		Waiting time until machine travel: 55.37

		Machine travel start time: 731.37
		Region 1 -> Region 2: 8.06
		Machine arrival at machine station: 739.43

		Machine 2 (Station 3)-> Task 127: 58.31
		Vehicle arrival at task: 797.74
		Waiting time until service start time: 756.26

	id: 127
		node: 88
		(x, y, z): (138, 105, 2)
		dem: -8
		earl: 1554
		lat: 1794
		servt: 10
		pid: 41
		did: 0
		servST: 1554.0
		(h, h_ind): (2, 5)
		load: 56.0

	Finished service at time: 1564.0

	Using Machine: 4
		Task 127 -> Machine 4 (Station 3): 58.69
		Vehicle arrival at machine station: 1622.69
		Waiting time until machine travel: 0.0

		Machine travel start time: 1622.69
		Region 2 -> Region 0: 11.7
		Machine arrival at machine station: 1634.39

		Machine 4 (Station 1)-> Task 30: 63.51
		Vehicle arrival at task: 1697.9
		Waiting time until service start time: 0.0

	id: 30
		node: 112
		(x, y, z): (10, 86, 0)
		dem: -20
		earl: 1582
		lat: 1822
		servt: 10
		pid: 91
		did: 0
		servST: 1697.9
		(h, h_ind): (4, 18)
		load: 36.0

	Finished service at time: 1707.9

	Task 30 -> Task 50: 74.97
	Vehicle arrival at task: 1782.8700000000001
	Waiting time until service start time: 0.0

	id: 50
		node: 90
		(x, y, z): (64, 138, 0)
		dem: -36
		earl: 1700
		lat: 1940
		servt: 10
		pid: 43
		did: 0
		servST: 1782.8700000000001
		(h, h_ind): (-1, 0)
		load: 0.0

	Finished service at time: 1792.8700000000001

	Task 50 -> Task 0: 68.26
	Vehicle arrival at task: 1861.13
	Waiting time until service start time: 0.0

	id: 0
		node: 122
		(x, y, z): (70, 70, 0)
		dem: 0
		earl: 0
		lat: 2535
		servt: 0
		pid: 0
		did: 0
		servST: 1861.13
		(h, h_ind): (-1, 0)
		load: 0.0


Vehicle 6 :
	id: 0
		node: 1
		(x, y, z): (70, 70, 0)
		dem: 0
		earl: 0
		lat: 2535
		servt: 0
		pid: 0
		did: 0
		servST: 22.540000000000035
		(h, h_ind): (-1, 0)
		load: 0.0

	Finished service at time: 22.540000000000035

	Using Machine: 0
		Task 0 -> Machine 0 (Station 1): 3.61
		Vehicle arrival at machine station: 26.150000000000034
		Waiting time until machine travel: 0.0

		Machine travel start time: 26.150000000000034
		Region 0 -> Region 1: 7.21
		Machine arrival at machine station: 33.360000000000035

		Machine 0 (Station 2)-> Task 56: 30.08
		Vehicle arrival at task: 63.44000000000003
		Waiting time until service start time: 0.0

	id: 56
		node: 36
		(x, y, z): (86, 40, 1)
		dem: 22
		earl: 34
		lat: 274
		servt: 10
		pid: 0
		did: 65
		servST: 63.44000000000003
		(h, h_ind): (0, 1)
		load: 22.0

	Finished service at time: 73.44000000000003

	Task 56 -> Task 77: 17.46
	Vehicle arrival at task: 90.90000000000003
	Waiting time until service start time: 0.0

	id: 77
		node: 47
		(x, y, z): (103, 44, 1)
		dem: 12
		earl: 48
		lat: 288
		servt: 10
		pid: 0
		did: 152
		servST: 90.90000000000003
		(h, h_ind): (-1, 0)
		load: 34.0

	Finished service at time: 100.90000000000003

	Using Machine: 4
		Task 77 -> Machine 4 (Station 2): 30.81
		Vehicle arrival at machine station: 131.71000000000004
		Waiting time until machine travel: 0.0

		Machine travel start time: 131.71000000000004
		Region 1 -> Region 3: 21.26
		Machine arrival at machine station: 152.97000000000003

		Machine 4 (Station 4)-> Task 74: 14.04
		Vehicle arrival at task: 167.01000000000002
		Waiting time until service start time: 0.0

	id: 74
		node: 45
		(x, y, z): (48, 47, 3)
		dem: 19
		earl: 31
		lat: 271
		servt: 10
		pid: 0
		did: 4
		servST: 167.01000000000002
		(h, h_ind): (4, 3)
		load: 53.0

	Finished service at time: 177.01000000000002

	Task 74 -> Task 36: 13.04
	Vehicle arrival at task: 190.05
	Waiting time until service start time: 0.0

	id: 36
		node: 24
		(x, y, z): (41, 36, 3)
		dem: 13
		earl: 146
		lat: 386
		servt: 10
		pid: 0
		did: 16
		servST: 190.05
		(h, h_ind): (-1, 0)
		load: 66.0

	Finished service at time: 200.05

	Task 36 -> Task 4: 26.83
	Vehicle arrival at task: 226.88
	Waiting time until service start time: 0.0

	id: 4
		node: 105
		(x, y, z): (29, 60, 3)
		dem: -19
		earl: 49
		lat: 289
		servt: 10
		pid: 74
		did: 0
		servST: 226.88
		(h, h_ind): (-1, 0)
		load: 47.0

	Finished service at time: 236.88

	Task 4 -> Task 100: 20.81
	Vehicle arrival at task: 257.69
	Waiting time until service start time: 0.0

	id: 100
		node: 55
		(x, y, z): (12, 48, 3)
		dem: 4
		earl: 172
		lat: 412
		servt: 10
		pid: 0
		did: 22
		servST: 257.69
		(h, h_ind): (-1, 0)
		load: 51.0

	Finished service at time: 267.69

	Using Machine: 1
		Task 100 -> Machine 1 (Station 4): 45.12
		Vehicle arrival at machine station: 312.81
		Waiting time until machine travel: 0.0

		Machine travel start time: 312.81
		Region 3 -> Region 1: 23.09
		Machine arrival at machine station: 335.9

		Machine 1 (Station 2)-> Task 152: 46.1
		Vehicle arrival at task: 382.0
		Waiting time until service start time: 0.0

	id: 152
		node: 107
		(x, y, z): (113, 35, 1)
		dem: -12
		earl: 142
		lat: 382
		servt: 10
		pid: 77
		did: 0
		servST: 382.0
		(h, h_ind): (1, 4)
		load: 39.0

	Finished service at time: 392.0

	Task 152 -> Task 65: 14.04
	Vehicle arrival at task: 406.04
	Waiting time until service start time: 0.0

	id: 65
		node: 96
		(x, y, z): (99, 34, 1)
		dem: -22
		earl: 243
		lat: 483
		servt: 10
		pid: 56
		did: 0
		servST: 406.04
		(h, h_ind): (-1, 0)
		load: 17.0

	Finished service at time: 416.04

	Using Machine: 3
		Task 65 -> Machine 3 (Station 2): 39.4
		Vehicle arrival at machine station: 455.44
		Waiting time until machine travel: 0.0

		Machine travel start time: 455.44
		Region 1 -> Region 2: 11.05
		Machine arrival at machine station: 466.49

		Machine 3 (Station 3)-> Task 40: 70.77
		Vehicle arrival at task: 537.26
		Waiting time until service start time: 0.0

	id: 40
		node: 27
		(x, y, z): (132, 133, 2)
		dem: 24
		earl: 499
		lat: 739
		servt: 10
		pid: 0
		did: 128
		servST: 537.26
		(h, h_ind): (3, 3)
		load: 41.0

	Finished service at time: 547.26

	Task 40 -> Task 6: 6.4
	Vehicle arrival at task: 553.66
	Waiting time until service start time: 0.0

	id: 6
		node: 4
		(x, y, z): (137, 137, 2)
		dem: 27
		earl: 339
		lat: 579
		servt: 10
		pid: 0
		did: 200
		servST: 553.66
		(h, h_ind): (-1, 0)
		load: 68.0

	Finished service at time: 563.66

	Task 6 -> Task 128: 38.28
	Vehicle arrival at task: 601.9399999999999
	Waiting time until service start time: 16.39

	id: 128
		node: 87
		(x, y, z): (116, 105, 2)
		dem: -24
		earl: 517
		lat: 757
		servt: 10
		pid: 40
		did: 0
		servST: 618.33
		(h, h_ind): (-1, 0)
		load: 44.0

	Finished service at time: 628.33

	Task 128 -> Task 32: 19.65
	Vehicle arrival at task: 647.98
	Waiting time until service start time: 0.0

	id: 32
		node: 20
		(x, y, z): (121, 124, 2)
		dem: 21
		earl: 539
		lat: 779
		servt: 10
		pid: 0
		did: 190
		servST: 647.98
		(h, h_ind): (-1, 0)
		load: 65.0

	Finished service at time: 657.98

	Task 32 -> Task 44: 28.02
	Vehicle arrival at task: 686.0
	Waiting time until service start time: 0.0

	id: 44
		node: 31
		(x, y, z): (137, 101, 2)
		dem: 12
		earl: 617
		lat: 857
		servt: 10
		pid: 0
		did: 193
		servST: 686.0
		(h, h_ind): (-1, 0)
		load: 77.0

	Finished service at time: 696.0

	Task 44 -> Task 193: 26.0
	Vehicle arrival at task: 722.0
	Waiting time until service start time: 0.0

	id: 193
		node: 91
		(x, y, z): (137, 127, 2)
		dem: -12
		earl: 722
		lat: 962
		servt: 10
		pid: 44
		did: 0
		servST: 722.0
		(h, h_ind): (-1, 0)
		load: 65.0

	Finished service at time: 732.0

	Task 193 -> Task 200: 48.75
	Vehicle arrival at task: 780.75
	Waiting time until service start time: 0.0

	id: 200
		node: 64
		(x, y, z): (116, 83, 2)
		dem: -27
		earl: 658
		lat: 898
		servt: 10
		pid: 6
		did: 0
		servST: 780.75
		(h, h_ind): (-1, 0)
		load: 38.0

	Finished service at time: 790.75

	Using Machine: 4
		Task 200 -> Machine 4 (Station 3): 32.02
		Vehicle arrival at machine station: 822.77
		Waiting time until machine travel: 0.0

		Machine travel start time: 822.77
		Region 2 -> Region 0: 11.7
		Machine arrival at machine station: 834.47

		Machine 4 (Station 1)-> Task 66: 56.22
		Vehicle arrival at task: 890.69
		Waiting time until service start time: -0.0

	id: 66
		node: 42
		(x, y, z): (38, 122, 0)
		dem: 13
		earl: 876
		lat: 1116
		servt: 10
		pid: 0
		did: 133
		servST: 890.6899999999999
		(h, h_ind): (4, 9)
		load: 51.0

	Finished service at time: 900.6899999999999

	Task 66 -> Task 133: 15.62
	Vehicle arrival at task: 916.31
	Waiting time until service start time: 0.0

	id: 133
		node: 102
		(x, y, z): (50, 112, 0)
		dem: -13
		earl: 867
		lat: 1107
		servt: 10
		pid: 66
		did: 0
		servST: 916.31
		(h, h_ind): (-1, 0)
		load: 38.0

	Finished service at time: 926.31

	Using Machine: 2
		Task 133 -> Machine 2 (Station 1): 41.88
		Vehicle arrival at machine station: 968.1899999999999
		Waiting time until machine travel: 0.0

		Machine travel start time: 968.1899999999999
		Region 0 -> Region 2: 15.13
		Machine arrival at machine station: 983.3199999999999

		Machine 2 (Station 3)-> Task 75: 16.12
		Vehicle arrival at task: 999.4399999999999
		Waiting time until service start time: 0.0

	id: 75
		node: 46
		(x, y, z): (104, 73, 2)
		dem: 17
		earl: 937
		lat: 1177
		servt: 10
		pid: 0
		did: 13
		servST: 999.4399999999999
		(h, h_ind): (2, 8)
		load: 55.0

	Finished service at time: 1009.4399999999999

	Task 75 -> Task 13: 52.81
	Vehicle arrival at task: 1062.25
	Waiting time until service start time: 0.0

	id: 13
		node: 106
		(x, y, z): (121, 123, 2)
		dem: -17
		earl: 968
		lat: 1208
		servt: 10
		pid: 75
		did: 0
		servST: 1062.25
		(h, h_ind): (-1, 0)
		load: 38.0

	Finished service at time: 1072.25

	Using Machine: 4
		Task 13 -> Machine 4 (Station 3): 55.23
		Vehicle arrival at machine station: 1127.48
		Waiting time until machine travel: 45.58

		Machine travel start time: 1173.06
		Region 2 -> Region 0: 11.7
		Machine arrival at machine station: 1184.76

		Machine 4 (Station 1)-> Task 16: 36.24
		Vehicle arrival at task: 1221.0
		Waiting time until service start time: 0.0

	id: 16
		node: 84
		(x, y, z): (50, 106, 0)
		dem: -13
		earl: 1221
		lat: 1461
		servt: 10
		pid: 36
		did: 0
		servST: 1221.0
		(h, h_ind): (4, 13)
		load: 25.0

	Finished service at time: 1231.0

	Using Machine: 1
		Task 16 -> Machine 1 (Station 1): 38.01
		Vehicle arrival at machine station: 1269.01
		Waiting time until machine travel: 0.0

		Machine travel start time: 1269.01
		Region 0 -> Region 1: 11.66
		Machine arrival at machine station: 1280.67

		Machine 1 (Station 2)-> Task 37: 61.72
		Vehicle arrival at task: 1342.39
		Waiting time until service start time: -0.0

	id: 37
		node: 25
		(x, y, z): (106, 10, 1)
		dem: 13
		earl: 1135
		lat: 1375
		servt: 10
		pid: 0
		did: 76
		servST: 1342.3899999999999
		(h, h_ind): (1, 7)
		load: 38.0

	Finished service at time: 1352.3899999999999

	Using Machine: 4
		Task 37 -> Machine 4 (Station 2): 59.06
		Vehicle arrival at machine station: 1411.4499999999998
		Waiting time until machine travel: 0.0

		Machine travel start time: 1411.4499999999998
		Region 1 -> Region 3: 21.26
		Machine arrival at machine station: 1432.7099999999998

		Machine 4 (Station 4)-> Task 28: 41.88
		Vehicle arrival at task: 1474.59
		Waiting time until service start time: 0.0

	id: 28
		node: 17
		(x, y, z): (39, 13, 3)
		dem: 20
		earl: 1443
		lat: 1683
		servt: 10
		pid: 0
		did: 108
		servST: 1474.59
		(h, h_ind): (4, 15)
		load: 58.0

	Finished service at time: 1484.59

	Task 28 -> Task 76: 30.59
	Vehicle arrival at task: 1515.1799999999998
	Waiting time until service start time: 0.0

	id: 76
		node: 85
		(x, y, z): (9, 19, 3)
		dem: -13
		earl: 1431
		lat: 1671
		servt: 10
		pid: 37
		did: 0
		servST: 1515.1799999999998
		(h, h_ind): (-1, 0)
		load: 45.0

	Finished service at time: 1525.1799999999998

	Task 76 -> Task 108: 6.08
	Vehicle arrival at task: 1531.2599999999998
	Waiting time until service start time: 8.74

	id: 108
		node: 77
		(x, y, z): (15, 18, 3)
		dem: -20
		earl: 1540
		lat: 1780
		servt: 10
		pid: 28
		did: 0
		servST: 1540.0
		(h, h_ind): (-1, 0)
		load: 25.0

	Finished service at time: 1550.0

	Using Machine: 3
		Task 108 -> Machine 3 (Station 4): 55.87
		Vehicle arrival at machine station: 1605.87
		Waiting time until machine travel: 0.0

		Machine travel start time: 1605.87
		Region 3 -> Region 0: 18.44
		Machine arrival at machine station: 1624.31

		Machine 3 (Station 1)-> Task 22: 35.11
		Vehicle arrival at task: 1659.4199999999998
		Waiting time until service start time: 0.0

	id: 22
		node: 115
		(x, y, z): (80, 103, 0)
		dem: -4
		earl: 1428
		lat: 1668
		servt: 10
		pid: 100
		did: 0
		servST: 1659.4199999999998
		(h, h_ind): (3, 12)
		load: 21.0

	Finished service at time: 1669.4199999999998

	Using Machine: 3
		Task 22 -> Machine 3 (Station 1): 35.11
		Vehicle arrival at machine station: 1704.5299999999997
		Waiting time until machine travel: 0.0

		Machine travel start time: 1704.5299999999997
		Region 0 -> Region 3: 18.44
		Machine arrival at machine station: 1722.9699999999998

		Machine 3 (Station 4)-> Task 190: 26.91
		Vehicle arrival at task: 1749.8799999999999
		Waiting time until service start time: -0.0

	id: 190
		node: 80
		(x, y, z): (36, 38, 3)
		dem: -21
		earl: 1691
		lat: 1931
		servt: 10
		pid: 32
		did: 0
		servST: 1749.8799999999997
		(h, h_ind): (3, 13)
		load: 0.0

	Finished service at time: 1759.8799999999997

	Using Machine: 3
		Task 190 -> Machine 3 (Station 4): 26.91
		Vehicle arrival at machine station: 1786.7899999999997
		Waiting time until machine travel: 0.0

		Machine travel start time: 1786.7899999999997
		Region 3 -> Region 0: 18.44
		Machine arrival at machine station: 1805.2299999999998

		Machine 3 (Station 1)-> Task 0: 2.0
		Vehicle arrival at task: 1807.2299999999998
		Waiting time until service start time: 0.0

	id: 0
		node: 122
		(x, y, z): (70, 70, 0)
		dem: 0
		earl: 0
		lat: 2535
		servt: 0
		pid: 0
		did: 0
		servST: 1807.2299999999998
		(h, h_ind): (3, 14)
		load: 0.0


Vehicle 26 :
	id: 0
		node: 1
		(x, y, z): (70, 70, 0)
		dem: 0
		earl: 0
		lat: 2535
		servt: 0
		pid: 0
		did: 0
		servST: 49.24999999999996
		(h, h_ind): (-1, 0)
		load: 0.0

	Finished service at time: 49.24999999999996

	Using Machine: 1
		Task 0 -> Machine 1 (Station 1): 5.39
		Vehicle arrival at machine station: 54.63999999999996
		Waiting time until machine travel: 0.0

		Machine travel start time: 54.63999999999996
		Region 0 -> Region 2: 13.6
		Machine arrival at machine station: 68.23999999999995

		Machine 1 (Station 3)-> Task 67: 4.0
		Vehicle arrival at task: 72.23999999999995
		Waiting time until service start time: 13.94

	id: 67
		node: 43
		(x, y, z): (85, 75, 2)
		dem: 37
		earl: 15
		lat: 255
		servt: 10
		pid: 0
		did: 71
		servST: 86.18000000000004
		(h, h_ind): (1, 1)
		load: 37.0

	Finished service at time: 96.18000000000004

	Using Machine: 4
		Task 67 -> Machine 4 (Station 3): 7.07
		Vehicle arrival at machine station: 103.25000000000003
		Waiting time until machine travel: 0.0

		Machine travel start time: 103.25000000000003
		Region 2 -> Region 0: 11.7
		Machine arrival at machine station: 114.95000000000003

		Machine 4 (Station 1)-> Task 26: 54.74
		Vehicle arrival at task: 169.69000000000003
		Waiting time until service start time: 0.31

	id: 26
		node: 16
		(x, y, z): (64, 132, 0)
		dem: 8
		earl: 170
		lat: 410
		servt: 10
		pid: 0
		did: 83
		servST: 170.0
		(h, h_ind): (4, 2)
		load: 45.0

	Finished service at time: 180.0

	Using Machine: 2
		Task 26 -> Machine 2 (Station 1): 55.73
		Vehicle arrival at machine station: 235.73
		Waiting time until machine travel: 10.89

		Machine travel start time: 246.62
		Region 0 -> Region 2: 15.13
		Machine arrival at machine station: 261.75

		Machine 2 (Station 3)-> Task 48: 51.04
		Vehicle arrival at task: 312.79
		Waiting time until service start time: 0.0

	id: 48
		node: 34
		(x, y, z): (139, 73, 2)
		dem: 10
		earl: 288
		lat: 528
		servt: 10
		pid: 0
		did: 194
		servST: 312.79
		(h, h_ind): (2, 3)
		load: 55.0

	Finished service at time: 322.79

	Task 48 -> Task 194: 34.67
	Vehicle arrival at task: 357.46000000000004
	Waiting time until service start time: 0.0

	id: 194
		node: 94
		(x, y, z): (120, 102, 2)
		dem: -10
		earl: 326
		lat: 566
		servt: 10
		pid: 48
		did: 0
		servST: 357.46000000000004
		(h, h_ind): (-1, 0)
		load: 45.0

	Finished service at time: 367.46000000000004

	Task 194 -> Task 71: 38.95
	Vehicle arrival at task: 406.41
	Waiting time until service start time: 0.0

	id: 71
		node: 103
		(x, y, z): (139, 68, 2)
		dem: -37
		earl: 253
		lat: 493
		servt: 10
		pid: 67
		did: 0
		servST: 406.41
		(h, h_ind): (-1, 0)
		load: 8.0

	Finished service at time: 416.41

	Using Machine: 2
		Task 71 -> Machine 2 (Station 3): 51.48
		Vehicle arrival at machine station: 467.89000000000004
		Waiting time until machine travel: 0.0

		Machine travel start time: 467.89000000000004
		Region 2 -> Region 1: 8.06
		Machine arrival at machine station: 475.95000000000005

		Machine 2 (Station 2)-> Task 88: 62.63
		Vehicle arrival at task: 538.58
		Waiting time until service start time: 0.0

	id: 88
		node: 49
		(x, y, z): (120, 22, 1)
		dem: 39
		earl: 396
		lat: 636
		servt: 10
		pid: 0
		did: 69
		servST: 538.58
		(h, h_ind): (2, 4)
		load: 47.0

	Finished service at time: 548.58

	Task 88 -> Task 118: 14.42
	Vehicle arrival at task: 563.0
	Waiting time until service start time: 0.0

	id: 118
		node: 61
		(x, y, z): (108, 30, 1)
		dem: 18
		earl: 323
		lat: 563
		servt: 10
		pid: 0
		did: 196
		servST: 563.0
		(h, h_ind): (-1, 0)
		load: 65.0

	Finished service at time: 573.0

	Using Machine: 4
		Task 118 -> Machine 4 (Station 2): 43.86
		Vehicle arrival at machine station: 616.86
		Waiting time until machine travel: 0.0

		Machine travel start time: 616.86
		Region 1 -> Region 3: 21.26
		Machine arrival at machine station: 638.12

		Machine 4 (Station 4)-> Task 94: 39.6
		Vehicle arrival at task: 677.72
		Waiting time until service start time: 104.28

	id: 94
		node: 53
		(x, y, z): (34, 20, 3)
		dem: 15
		earl: 542
		lat: 782
		servt: 10
		pid: 0
		did: 173
		servST: 782.0
		(h, h_ind): (4, 7)
		load: 80.0

	Finished service at time: 792.0

	Using Machine: 0
		Task 94 -> Machine 0 (Station 4): 43.42
		Vehicle arrival at machine station: 835.42
		Waiting time until machine travel: 0.0

		Machine travel start time: 835.42
		Region 3 -> Region 2: 33.94
		Machine arrival at machine station: 869.3599999999999

		Machine 0 (Station 3)-> Task 69: 18.03
		Vehicle arrival at task: 887.3899999999999
		Waiting time until service start time: 214.61

	id: 69
		node: 109
		(x, y, z): (103, 77, 2)
		dem: -39
		earl: 1102
		lat: 1342
		servt: 10
		pid: 88
		did: 0
		servST: 1102.0
		(h, h_ind): (0, 6)
		load: 41.0

	Finished service at time: 1112.0

	Task 69 -> Task 196: 9.0
	Vehicle arrival at task: 1121.0
	Waiting time until service start time: 0.0

	id: 196
		node: 121
		(x, y, z): (103, 86, 2)
		dem: -18
		earl: 971
		lat: 1211
		servt: 10
		pid: 118
		did: 0
		servST: 1121.0
		(h, h_ind): (-1, 0)
		load: 23.0

	Finished service at time: 1131.0

	Task 196 -> Task 107: 14.76
	Vehicle arrival at task: 1145.76
	Waiting time until service start time: 5.24

	id: 107
		node: 57
		(x, y, z): (110, 99, 2)
		dem: 21
		earl: 1151
		lat: 1391
		servt: 10
		pid: 0
		did: 159
		servST: 1151.0
		(h, h_ind): (-1, 0)
		load: 44.0

	Finished service at time: 1161.0

	Task 107 -> Task 159: 35.38
	Vehicle arrival at task: 1196.38
	Waiting time until service start time: 17.62

	id: 159
		node: 117
		(x, y, z): (136, 123, 2)
		dem: -21
		earl: 1214
		lat: 1454
		servt: 10
		pid: 107
		did: 0
		servST: 1214.0
		(h, h_ind): (-1, 0)
		load: 23.0

	Finished service at time: 1224.0

	Task 159 -> Task 7: 33.24
	Vehicle arrival at task: 1257.24
	Waiting time until service start time: 18.76

	id: 7
		node: 5
		(x, y, z): (103, 119, 2)
		dem: 18
		earl: 1276
		lat: 1516
		servt: 10
		pid: 0
		did: 96
		servST: 1276.0
		(h, h_ind): (-1, 0)
		load: 41.0

	Finished service at time: 1286.0

	Using Machine: 4
		Task 7 -> Machine 4 (Station 3): 41.59
		Vehicle arrival at machine station: 1327.59
		Waiting time until machine travel: 0.0

		Machine travel start time: 1327.59
		Region 2 -> Region 0: 11.7
		Machine arrival at machine station: 1339.29

		Machine 4 (Station 1)-> Task 173: 42.43
		Vehicle arrival at task: 1381.72
		Waiting time until service start time: -0.0

	id: 173
		node: 113
		(x, y, z): (67, 120, 0)
		dem: -15
		earl: 1375
		lat: 1615
		servt: 10
		pid: 94
		did: 0
		servST: 1381.7199999999998
		(h, h_ind): (4, 14)
		load: 26.0

	Finished service at time: 1391.7199999999998

	Task 173 -> Task 58: 9.43
	Vehicle arrival at task: 1401.1499999999999
	Waiting time until service start time: 0.0

	id: 58
		node: 38
		(x, y, z): (59, 115, 0)
		dem: 26
		earl: 1195
		lat: 1435
		servt: 10
		pid: 0
		did: 115
		servST: 1401.1499999999999
		(h, h_ind): (-1, 0)
		load: 52.0

	Finished service at time: 1411.1499999999999

	Task 58 -> Task 5: 10.05
	Vehicle arrival at task: 1421.1999999999998
	Waiting time until service start time: 0.0

	id: 5
		node: 3
		(x, y, z): (69, 116, 0)
		dem: 26
		earl: 1317
		lat: 1557
		servt: 10
		pid: 0
		did: 55
		servST: 1421.1999999999998
		(h, h_ind): (-1, 0)
		load: 78.0

	Finished service at time: 1431.1999999999998

	Using Machine: 4
		Task 5 -> Machine 4 (Station 1): 38.21
		Vehicle arrival at machine station: 1469.4099999999999
		Waiting time until machine travel: 0.0

		Machine travel start time: 1469.4099999999999
		Region 0 -> Region 2: 11.7
		Machine arrival at machine station: 1481.11

		Machine 4 (Station 3)-> Task 55: 6.0
		Vehicle arrival at task: 1487.11
		Waiting time until service start time: 0.08

	id: 55
		node: 63
		(x, y, z): (84, 88, 2)
		dem: -26
		earl: 1365
		lat: 1605
		servt: 10
		pid: 5
		did: 0
		servST: 1487.1899999999998
		(h, h_ind): (4, 16)
		load: 52.0

	Finished service at time: 1497.1899999999998

	Task 55 -> Task 96: 8.25
	Vehicle arrival at task: 1505.4399999999998
	Waiting time until service start time: 0.0

	id: 96
		node: 65
		(x, y, z): (86, 80, 2)
		dem: -18
		earl: 1438
		lat: 1678
		servt: 10
		pid: 7
		did: 0
		servST: 1505.4399999999998
		(h, h_ind): (-1, 0)
		load: 34.0

	Finished service at time: 1515.4399999999998

	Using Machine: 1
		Task 96 -> Machine 1 (Station 3): 1.41
		Vehicle arrival at machine station: 1516.85
		Waiting time until machine travel: 0.0

		Machine travel start time: 1516.85
		Region 2 -> Region 0: 13.6
		Machine arrival at machine station: 1530.4499999999998

		Machine 1 (Station 1)-> Task 20: 65.12
		Vehicle arrival at task: 1595.5699999999997
		Waiting time until service start time: 0.0

	id: 20
		node: 12
		(x, y, z): (8, 87, 0)
		dem: 17
		earl: 1545
		lat: 1785
		servt: 10
		pid: 0
		did: 110
		servST: 1595.57
		(h, h_ind): (1, 9)
		load: 51.0

	Finished service at time: 1605.57

	Task 20 -> Task 83: 9.43
	Vehicle arrival at task: 1615.0
	Waiting time until service start time: 0.0

	id: 83
		node: 76
		(x, y, z): (16, 92, 0)
		dem: -8
		earl: 1375
		lat: 1615
		servt: 10
		pid: 26
		did: 0
		servST: 1615.0
		(h, h_ind): (-1, 0)
		load: 43.0

	Finished service at time: 1625.0

	Using Machine: 1
		Task 83 -> Machine 1 (Station 1): 58.52
		Vehicle arrival at machine station: 1683.52
		Waiting time until machine travel: 16.93

		Machine travel start time: 1700.45
		Region 0 -> Region 3: 23.35
		Machine arrival at machine station: 1723.8

		Machine 1 (Station 4)-> Task 110: 40.2
		Vehicle arrival at task: 1764.0
		Waiting time until service start time: 0.0

	id: 110
		node: 72
		(x, y, z): (16, 62, 3)
		dem: -17
		earl: 1524
		lat: 1764
		servt: 10
		pid: 20
		did: 0
		servST: 1764.0
		(h, h_ind): (1, 10)
		load: 26.0

	Finished service at time: 1774.0

	Using Machine: 1
		Task 110 -> Machine 1 (Station 4): 40.2
		Vehicle arrival at machine station: 1814.2
		Waiting time until machine travel: 0.0

		Machine travel start time: 1814.2
		Region 3 -> Region 1: 23.09
		Machine arrival at machine station: 1837.29

		Machine 1 (Station 2)-> Task 115: 15.52
		Vehicle arrival at task: 1852.81
		Waiting time until service start time: 171.19

	id: 115
		node: 98
		(x, y, z): (93, 61, 1)
		dem: -26
		earl: 2024
		lat: 2264
		servt: 10
		pid: 58
		did: 0
		servST: 2024.0
		(h, h_ind): (1, 11)
		load: 0.0

	Finished service at time: 2034.0

	Using Machine: 0
		Task 115 -> Machine 0 (Station 2): 17.0
		Vehicle arrival at machine station: 2051.0
		Waiting time until machine travel: 0.0

		Machine travel start time: 2051.0
		Region 1 -> Region 0: 7.21
		Machine arrival at machine station: 2058.21

		Machine 0 (Station 1)-> Task 0: 3.61
		Vehicle arrival at task: 2061.82
		Waiting time until service start time: 0.0

	id: 0
		node: 122
		(x, y, z): (70, 70, 0)
		dem: 0
		earl: 0
		lat: 2535
		servt: 0
		pid: 0
		did: 0
		servST: 2061.82
		(h, h_ind): (0, 13)
		load: 0.0


Vehicle 31 :
	id: 0
		node: 1
		(x, y, z): (70, 70, 0)
		dem: 0
		earl: 0
		lat: 2535
		servt: 0
		pid: 0
		did: 0
		servST: 46.28999999999996
		(h, h_ind): (-1, 0)
		load: 0.0

	Finished service at time: 46.28999999999996

	Using Machine: 3
		Task 0 -> Machine 3 (Station 1): 2.0
		Vehicle arrival at machine station: 48.28999999999996
		Waiting time until machine travel: 0.0

		Machine travel start time: 48.28999999999996
		Region 0 -> Region 1: 15.0
		Machine arrival at machine station: 63.28999999999996

		Machine 3 (Station 2)-> Task 23: 8.6
		Vehicle arrival at task: 71.88999999999996
		Waiting time until service start time: 0.0

	id: 23
		node: 14
		(x, y, z): (78, 63, 1)
		dem: 19
		earl: 10
		lat: 250
		servt: 10
		pid: 0
		did: 124
		servST: 71.88999999999996
		(h, h_ind): (3, 1)
		load: 19.0

	Finished service at time: 81.88999999999996

	Using Machine: 1
		Task 23 -> Machine 1 (Station 2): 2.0
		Vehicle arrival at machine station: 83.88999999999996
		Waiting time until machine travel: 0.0

		Machine travel start time: 83.88999999999996
		Region 1 -> Region 0: 11.66
		Machine arrival at machine station: 95.54999999999995

		Machine 1 (Station 1)-> Task 8: 36.5
		Vehicle arrival at task: 132.04999999999995
		Waiting time until service start time: 0.0

	id: 8
		node: 6
		(x, y, z): (78, 111, 0)
		dem: 22
		earl: 47
		lat: 287
		servt: 10
		pid: 0
		did: 11
		servST: 132.04999999999995
		(h, h_ind): (1, 2)
		load: 41.0

	Finished service at time: 142.04999999999995

	Using Machine: 1
		Task 8 -> Machine 1 (Station 1): 36.5
		Vehicle arrival at machine station: 178.54999999999995
		Waiting time until machine travel: 0.0

		Machine travel start time: 178.54999999999995
		Region 0 -> Region 1: 11.66
		Machine arrival at machine station: 190.20999999999995

		Machine 1 (Station 2)-> Task 116: 28.23
		Vehicle arrival at task: 218.43999999999994
		Waiting time until service start time: 0.0

	id: 116
		node: 59
		(x, y, z): (89, 39, 1)
		dem: 23
		earl: 36
		lat: 276
		servt: 10
		pid: 0
		did: 139
		servST: 218.43999999999997
		(h, h_ind): (1, 3)
		load: 64.0

	Finished service at time: 228.43999999999997

	Task 116 -> Task 139: 37.48
	Vehicle arrival at task: 265.91999999999996
	Waiting time until service start time: 0.0

	id: 139
		node: 119
		(x, y, z): (116, 13, 1)
		dem: -23
		earl: 173
		lat: 413
		servt: 10
		pid: 116
		did: 0
		servST: 265.91999999999996
		(h, h_ind): (-1, 0)
		load: 41.0

	Finished service at time: 275.91999999999996

	Using Machine: 3
		Task 139 -> Machine 3 (Station 2): 65.86
		Vehicle arrival at machine station: 341.78
		Waiting time until machine travel: 0.0

		Machine travel start time: 341.78
		Region 1 -> Region 2: 11.05
		Machine arrival at machine station: 352.83

		Machine 3 (Station 3)-> Task 95: 41.04
		Vehicle arrival at task: 393.87
		Waiting time until service start time: 0.0

	id: 95
		node: 54
		(x, y, z): (114, 109, 2)
		dem: 16
		earl: 249
		lat: 489
		servt: 10
		pid: 0
		did: 97
		servST: 393.87
		(h, h_ind): (3, 2)
		load: 57.0

	Finished service at time: 403.87

	Task 95 -> Task 21: 30.41
	Vehicle arrival at task: 434.28000000000003
	Waiting time until service start time: -0.0

	id: 21
		node: 13
		(x, y, z): (109, 139, 2)
		dem: 8
		earl: 392
		lat: 632
		servt: 10
		pid: 0
		did: 51
		servST: 434.28
		(h, h_ind): (-1, 0)
		load: 65.0

	Finished service at time: 444.28

	Using Machine: 3
		Task 21 -> Machine 3 (Station 3): 63.16
		Vehicle arrival at machine station: 507.43999999999994
		Waiting time until machine travel: 0.0

		Machine travel start time: 507.44
		Region 2 -> Region 1: 11.05
		Machine arrival at machine station: 518.49

		Machine 3 (Station 2)-> Task 31: 63.51
		Vehicle arrival at task: 582.0
		Waiting time until service start time: 0.0

	id: 31
		node: 19
		(x, y, z): (140, 42, 1)
		dem: 13
		earl: 342
		lat: 582
		servt: 10
		pid: 0
		did: 92
		servST: 582.0
		(h, h_ind): (3, 4)
		load: 78.0

	Finished service at time: 592.0

	Task 31 -> Task 51: 56.64
	Vehicle arrival at task: 648.64
	Waiting time until service start time: 2.36

	id: 51
		node: 73
		(x, y, z): (98, 4, 1)
		dem: -8
		earl: 651
		lat: 891
		servt: 10
		pid: 21
		did: 0
		servST: 651.0
		(h, h_ind): (-1, 0)
		load: 70.0

	Finished service at time: 661.0

	Task 51 -> Task 92: 48.17
	Vehicle arrival at task: 709.17
	Waiting time until service start time: 0.0

	id: 92
		node: 79
		(x, y, z): (102, 52, 1)
		dem: -13
		earl: 576
		lat: 816
		servt: 10
		pid: 31
		did: 0
		servST: 709.17
		(h, h_ind): (-1, 0)
		load: 57.0

	Finished service at time: 719.17

	Using Machine: 2
		Task 92 -> Machine 2 (Station 2): 28.32
		Vehicle arrival at machine station: 747.49
		Waiting time until machine travel: 0.0

		Machine travel start time: 747.49
		Region 1 -> Region 0: 10.0
		Machine arrival at machine station: 757.49

		Machine 2 (Station 1)-> Task 90: 52.95
		Vehicle arrival at task: 810.44
		Waiting time until service start time: 0.0

	id: 90
		node: 51
		(x, y, z): (63, 129, 0)
		dem: 7
		earl: 765
		lat: 1005
		servt: 10
		pid: 0
		did: 14
		servST: 810.44
		(h, h_ind): (2, 6)
		load: 64.0

	Finished service at time: 820.44

	Task 90 -> Task 11: 27.51
	Vehicle arrival at task: 847.95
	Waiting time until service start time: 0.0

	id: 11
		node: 66
		(x, y, z): (37, 138, 0)
		dem: -22
		earl: 779
		lat: 1019
		servt: 10
		pid: 8
		did: 0
		servST: 847.95
		(h, h_ind): (-1, 0)
		load: 42.0

	Finished service at time: 857.95

	Task 11 -> Task 14: 37.16
	Vehicle arrival at task: 895.11
	Waiting time until service start time: 0.0

	id: 14
		node: 111
		(x, y, z): (22, 104, 0)
		dem: -7
		earl: 865
		lat: 1105
		servt: 10
		pid: 90
		did: 0
		servST: 895.11
		(h, h_ind): (-1, 0)
		load: 35.0

	Finished service at time: 905.11

	Using Machine: 4
		Task 14 -> Machine 4 (Station 1): 57.25
		Vehicle arrival at machine station: 962.36
		Waiting time until machine travel: 0.0

		Machine travel start time: 962.36
		Region 0 -> Region 2: 11.7
		Machine arrival at machine station: 974.0600000000001

		Machine 4 (Station 3)-> Task 124: 29.02
		Vehicle arrival at task: 1003.08
		Waiting time until service start time: 0.0

	id: 124
		node: 74
		(x, y, z): (85, 111, 2)
		dem: -19
		earl: 952
		lat: 1192
		servt: 10
		pid: 23
		did: 0
		servST: 1003.08
		(h, h_ind): (4, 11)
		load: 16.0

	Finished service at time: 1013.08

	Task 124 -> Task 38: 23.77
	Vehicle arrival at task: 1036.8500000000001
	Waiting time until service start time: 0.0

	id: 38
		node: 26
		(x, y, z): (107, 102, 2)
		dem: 12
		earl: 817
		lat: 1057
		servt: 10
		pid: 0
		did: 112
		servST: 1036.8500000000001
		(h, h_ind): (-1, 0)
		load: 28.0

	Finished service at time: 1046.8500000000001

	Using Machine: 3
		Task 38 -> Machine 3 (Station 3): 31.14
		Vehicle arrival at machine station: 1077.9900000000002
		Waiting time until machine travel: 0.0

		Machine travel start time: 1077.9900000000002
		Region 2 -> Region 1: 11.05
		Machine arrival at machine station: 1089.0400000000002

		Machine 3 (Station 2)-> Task 29: 67.12
		Vehicle arrival at task: 1156.1600000000003
		Waiting time until service start time: 0.0

	id: 29
		node: 18
		(x, y, z): (120, 14, 1)
		dem: 20
		earl: 974
		lat: 1214
		servt: 10
		pid: 0
		did: 188
		servST: 1156.1600000000003
		(h, h_ind): (3, 8)
		load: 48.0

	Finished service at time: 1166.1600000000003

	Using Machine: 1
		Task 29 -> Machine 1 (Station 2): 66.07
		Vehicle arrival at machine station: 1232.2300000000002
		Waiting time until machine travel: 0.0

		Machine travel start time: 1232.2300000000002
		Region 1 -> Region 0: 11.66
		Machine arrival at machine station: 1243.8900000000003

		Machine 1 (Station 1)-> Task 17: 45.22
		Vehicle arrival at task: 1289.1100000000004
		Waiting time until service start time: -0.0

	id: 17
		node: 9
		(x, y, z): (46, 112, 0)
		dem: 10
		earl: 1084
		lat: 1324
		servt: 10
		pid: 0
		did: 189
		servST: 1289.1100000000001
		(h, h_ind): (1, 6)
		load: 58.0

	Finished service at time: 1299.1100000000001

	Task 17 -> Task 189: 43.01
	Vehicle arrival at task: 1342.1200000000001
	Waiting time until service start time: 0.0

	id: 189
		node: 69
		(x, y, z): (5, 99, 0)
		dem: -10
		earl: 1237
		lat: 1477
		servt: 10
		pid: 17
		did: 0
		servST: 1342.1200000000001
		(h, h_ind): (-1, 0)
		load: 48.0

	Finished service at time: 1352.1200000000001

	Using Machine: 0
		Task 189 -> Machine 0 (Station 1): 71.87
		Vehicle arrival at machine station: 1423.9900000000002
		Waiting time until machine travel: 0.0

		Machine travel start time: 1423.9900000000002
		Region 0 -> Region 1: 7.21
		Machine arrival at machine station: 1431.2000000000003

		Machine 0 (Station 2)-> Task 42: 45.31
		Vehicle arrival at task: 1476.5100000000002
		Waiting time until service start time: 32.91

	id: 42
		node: 29
		(x, y, z): (120, 52, 1)
		dem: 20
		earl: 1437
		lat: 1677
		servt: 10
		pid: 0
		did: 126
		servST: 1509.4199999999998
		(h, h_ind): (0, 10)
		load: 68.0

	Finished service at time: 1519.4199999999998

	Using Machine: 2
		Task 42 -> Machine 2 (Station 2): 43.38
		Vehicle arrival at machine station: 1562.8
		Waiting time until machine travel: 0.0

		Machine travel start time: 1562.8
		Region 1 -> Region 2: 8.06
		Machine arrival at machine station: 1570.86

		Machine 2 (Station 3)-> Task 112: 36.14
		Vehicle arrival at task: 1607.0
		Waiting time until service start time: 0.0

	id: 112
		node: 86
		(x, y, z): (123, 84, 2)
		dem: -12
		earl: 1606
		lat: 1846
		servt: 10
		pid: 38
		did: 0
		servST: 1607.0
		(h, h_ind): (2, 10)
		load: 56.0

	Finished service at time: 1617.0

	Task 112 -> Task 114: 40.79
	Vehicle arrival at task: 1657.79
	Waiting time until service start time: 0.0

	id: 114
		node: 58
		(x, y, z): (115, 124, 2)
		dem: 11
		earl: 1584
		lat: 1824
		servt: 10
		pid: 0
		did: 163
		servST: 1657.79
		(h, h_ind): (-1, 0)
		load: 67.0

	Finished service at time: 1667.79

	Using Machine: 0
		Task 114 -> Machine 0 (Station 3): 54.92
		Vehicle arrival at machine station: 1722.71
		Waiting time until machine travel: 0.0

		Machine travel start time: 1722.71
		Region 2 -> Region 3: 33.94
		Machine arrival at machine station: 1756.65

		Machine 0 (Station 4)-> Task 188: 64.35
		Vehicle arrival at task: 1821.0
		Waiting time until service start time: 0.0

	id: 188
		node: 78
		(x, y, z): (15, 9, 3)
		dem: -20
		earl: 1581
		lat: 1821
		servt: 10
		pid: 29
		did: 0
		servST: 1821.0
		(h, h_ind): (0, 12)
		load: 47.0

	Finished service at time: 1831.0

	Task 188 -> Task 97: 20.12
	Vehicle arrival at task: 1851.12
	Waiting time until service start time: 18.88

	id: 97
		node: 114
		(x, y, z): (33, 0, 3)
		dem: -16
		earl: 1870
		lat: 2110
		servt: 10
		pid: 95
		did: 0
		servST: 1870.0
		(h, h_ind): (-1, 0)
		load: 31.0

	Finished service at time: 1880.0

	Using Machine: 3
		Task 97 -> Machine 3 (Station 4): 61.68
		Vehicle arrival at machine station: 1941.68
		Waiting time until machine travel: 0.0

		Machine travel start time: 1941.68
		Region 3 -> Region 0: 18.44
		Machine arrival at machine station: 1960.1200000000001

		Machine 3 (Station 1)-> Task 53: 16.12
		Vehicle arrival at task: 1976.24
		Waiting time until service start time: 0.0

	id: 53
		node: 35
		(x, y, z): (60, 84, 0)
		dem: 23
		earl: 1866
		lat: 2106
		servt: 10
		pid: 0
		did: 171
		servST: 1976.24
		(h, h_ind): (3, 15)
		load: 54.0

	Finished service at time: 1986.24

	Task 53 -> Task 126: 35.23
	Vehicle arrival at task: 2021.47
	Waiting time until service start time: 0.0

	id: 126
		node: 89
		(x, y, z): (40, 113, 0)
		dem: -20
		earl: 1846
		lat: 2086
		servt: 10
		pid: 42
		did: 0
		servST: 2021.47
		(h, h_ind): (-1, 0)
		load: 34.0

	Finished service at time: 2031.47

	Task 126 -> Task 171: 40.46
	Vehicle arrival at task: 2071.93
	Waiting time until service start time: 0.0

	id: 171
		node: 95
		(x, y, z): (66, 82, 0)
		dem: -23
		earl: 1944
		lat: 2184
		servt: 10
		pid: 53
		did: 0
		servST: 2071.93
		(h, h_ind): (-1, 0)
		load: 11.0

	Finished service at time: 2081.93

	Using Machine: 1
		Task 171 -> Machine 1 (Station 1): 9.22
		Vehicle arrival at machine station: 2091.1499999999996
		Waiting time until machine travel: 0.0

		Machine travel start time: 2091.1499999999996
		Region 0 -> Region 1: 11.66
		Machine arrival at machine station: 2102.8099999999995

		Machine 1 (Station 2)-> Task 1: 68.95
		Vehicle arrival at task: 2171.7599999999993
		Waiting time until service start time: 0.0

	id: 1
		node: 2
		(x, y, z): (101, 0, 1)
		dem: 9
		earl: 1932
		lat: 2172
		servt: 10
		pid: 0
		did: 72
		servST: 2171.7599999999998
		(h, h_ind): (1, 12)
		load: 20.0

	Finished service at time: 2181.7599999999998

	Task 1 -> Task 72: 31.78
	Vehicle arrival at task: 2213.54
	Waiting time until service start time: 0.0

	id: 72
		node: 62
		(x, y, z): (88, 29, 1)
		dem: -9
		earl: 2195
		lat: 2435
		servt: 10
		pid: 1
		did: 0
		servST: 2213.54
		(h, h_ind): (-1, 0)
		load: 11.0

	Finished service at time: 2223.54

	Using Machine: 0
		Task 72 -> Machine 0 (Station 2): 41.23
		Vehicle arrival at machine station: 2264.77
		Waiting time until machine travel: 0.0

		Machine travel start time: 2264.77
		Region 1 -> Region 0: 7.21
		Machine arrival at machine station: 2271.98

		Machine 0 (Station 1)-> Task 163: 18.68
		Vehicle arrival at task: 2290.66
		Waiting time until service start time: 0.0

	id: 163
		node: 118
		(x, y, z): (54, 78, 0)
		dem: -11
		earl: 2139
		lat: 2379
		servt: 10
		pid: 114
		did: 0
		servST: 2290.66
		(h, h_ind): (0, 14)
		load: 0.0

	Finished service at time: 2300.66

	Task 163 -> Task 0: 17.89
	Vehicle arrival at task: 2318.5499999999997
	Waiting time until service start time: 0.0

	id: 0
		node: 122
		(x, y, z): (70, 70, 0)
		dem: 0
		earl: 0
		lat: 2535
		servt: 0
		pid: 0
		did: 0
		servST: 2318.5499999999997
		(h, h_ind): (-1, 0)
		load: 0.0


Vehicle 56 :
	id: 0
		node: 1
		(x, y, z): (70, 70, 0)
		dem: 0
		earl: 0
		lat: 2535
		servt: 0
		pid: 0
		did: 0
		servST: 158.89
		(h, h_ind): (-1, 0)
		load: 0.0

	Finished service at time: 158.89

	Using Machine: 2
		Task 0 -> Machine 2 (Station 1): 7.62
		Vehicle arrival at machine station: 166.51
		Waiting time until machine travel: 0.0

		Machine travel start time: 166.51
		Region 0 -> Region 3: 28.64
		Machine arrival at machine station: 195.14999999999998

		Machine 2 (Station 4)-> Task 34: 18.38
		Vehicle arrival at task: 213.52999999999997
		Waiting time until service start time: 0.0

	id: 34
		node: 22
		(x, y, z): (44, 58, 3)
		dem: 30
		earl: 28
		lat: 268
		servt: 10
		pid: 0
		did: 134
		servST: 213.52999999999997
		(h, h_ind): (2, 1)
		load: 30.0

	Finished service at time: 223.52999999999997

	Task 34 -> Task 62: 26.93
	Vehicle arrival at task: 250.45999999999998
	Waiting time until service start time: 0.0

	id: 62
		node: 41
		(x, y, z): (54, 33, 3)
		dem: 20
		earl: 41
		lat: 281
		servt: 10
		pid: 0
		did: 137
		servST: 250.45999999999998
		(h, h_ind): (-1, 0)
		load: 50.0

	Finished service at time: 260.46

	Using Machine: 4
		Task 62 -> Machine 4 (Station 4): 17.0
		Vehicle arrival at machine station: 277.46
		Waiting time until machine travel: 0.0

		Machine travel start time: 277.46
		Region 3 -> Region 1: 21.26
		Machine arrival at machine station: 298.71999999999997

		Machine 4 (Station 2)-> Task 47: 21.63
		Vehicle arrival at task: 320.34999999999997
		Waiting time until service start time: 0.0

	id: 47
		node: 33
		(x, y, z): (90, 44, 1)
		dem: 6
		earl: 149
		lat: 389
		servt: 10
		pid: 0
		did: 138
		servST: 320.34999999999997
		(h, h_ind): (4, 4)
		load: 56.0

	Finished service at time: 330.34999999999997

	Task 47 -> Task 61: 17.2
	Vehicle arrival at task: 347.54999999999995
	Waiting time until service start time: 0.0

	id: 61
		node: 40
		(x, y, z): (104, 54, 1)
		dem: 13
		earl: 150
		lat: 390
		servt: 10
		pid: 0
		did: 145
		servST: 347.54999999999995
		(h, h_ind): (-1, 0)
		load: 69.0

	Finished service at time: 357.54999999999995

	Task 61 -> Task 137: 59.41
	Vehicle arrival at task: 416.9599999999999
	Waiting time until service start time: 0.0

	id: 137
		node: 101
		(x, y, z): (69, 6, 1)
		dem: -20
		earl: 272
		lat: 512
		servt: 10
		pid: 62
		did: 0
		servST: 416.9599999999999
		(h, h_ind): (-1, 0)
		load: 49.0

	Finished service at time: 426.9599999999999

	Task 137 -> Task 19: 43.6
	Vehicle arrival at task: 470.55999999999995
	Waiting time until service start time: 8.44

	id: 19
		node: 11
		(x, y, z): (104, 32, 1)
		dem: 18
		earl: 479
		lat: 719
		servt: 10
		pid: 0
		did: 102
		servST: 479.0
		(h, h_ind): (-1, 0)
		load: 67.0

	Finished service at time: 489.0

	Using Machine: 4
		Task 19 -> Machine 4 (Station 2): 39.7
		Vehicle arrival at machine station: 528.7
		Waiting time until machine travel: 0.0

		Machine travel start time: 528.7
		Region 1 -> Region 3: 21.26
		Machine arrival at machine station: 549.96

		Machine 4 (Station 4)-> Task 134: 48.6
		Vehicle arrival at task: 598.5600000000001
		Waiting time until service start time: 27.44

	id: 134
		node: 82
		(x, y, z): (23, 19, 3)
		dem: -30
		earl: 626
		lat: 866
		servt: 10
		pid: 34
		did: 0
		servST: 626.0
		(h, h_ind): (4, 6)
		load: 37.0

	Finished service at time: 636.0

	Using Machine: 4
		Task 134 -> Machine 4 (Station 4): 48.6
		Vehicle arrival at machine station: 684.6
		Waiting time until machine travel: 0.0

		Machine travel start time: 684.6
		Region 3 -> Region 1: 21.26
		Machine arrival at machine station: 705.86

		Machine 4 (Station 2)-> Task 15: 80.66
		Vehicle arrival at task: 786.52
		Waiting time until service start time: 0.0

	id: 15
		node: 8
		(x, y, z): (137, 7, 1)
		dem: 40
		earl: 563
		lat: 803
		servt: 10
		pid: 0
		did: 80
		servST: 786.52
		(h, h_ind): (4, 8)
		load: 77.0

	Finished service at time: 796.52

	Using Machine: 2
		Task 15 -> Machine 2 (Station 2): 85.04
		Vehicle arrival at machine station: 881.56
		Waiting time until machine travel: 0.0

		Machine travel start time: 881.56
		Region 1 -> Region 2: 8.06
		Machine arrival at machine station: 889.6199999999999

		Machine 2 (Station 3)-> Task 102: 21.21
		Vehicle arrival at task: 910.8299999999999
		Waiting time until service start time: 0.0

	id: 102
		node: 71
		(x, y, z): (109, 78, 2)
		dem: -18
		earl: 891
		lat: 1131
		servt: 10
		pid: 19
		did: 0
		servST: 910.8299999999999
		(h, h_ind): (2, 7)
		load: 59.0

	Finished service at time: 920.8299999999999

	Using Machine: 4
		Task 102 -> Machine 4 (Station 3): 25.32
		Vehicle arrival at machine station: 946.15
		Waiting time until machine travel: 0.0

		Machine travel start time: 946.15
		Region 2 -> Region 0: 11.7
		Machine arrival at machine station: 957.85

		Machine 4 (Station 1)-> Task 57: 37.22
		Vehicle arrival at task: 995.07
		Waiting time until service start time: -0.0

	id: 57
		node: 37
		(x, y, z): (69, 115, 0)
		dem: 20
		earl: 801
		lat: 1041
		servt: 10
		pid: 0
		did: 98
		servST: 995.0699999999999
		(h, h_ind): (4, 10)
		load: 79.0

	Finished service at time: 1005.0699999999999

	Using Machine: 4
		Task 57 -> Machine 4 (Station 1): 37.22
		Vehicle arrival at machine station: 1042.29
		Waiting time until machine travel: 0.0

		Machine travel start time: 1042.29
		Region 0 -> Region 2: 11.7
		Machine arrival at machine station: 1053.99

		Machine 4 (Station 3)-> Task 145: 31.0
		Vehicle arrival at task: 1084.99
		Waiting time until service start time: 0.0

	id: 145
		node: 100
		(x, y, z): (115, 82, 2)
		dem: -13
		earl: 1010
		lat: 1250
		servt: 10
		pid: 61
		did: 0
		servST: 1084.99
		(h, h_ind): (4, 12)
		load: 66.0

	Finished service at time: 1094.99

	Using Machine: 2
		Task 145 -> Machine 2 (Station 3): 27.89
		Vehicle arrival at machine station: 1122.88
		Waiting time until machine travel: 0.0

		Machine travel start time: 1122.88
		Region 2 -> Region 1: 8.06
		Machine arrival at machine station: 1130.94

		Machine 2 (Station 2)-> Task 9: 52.84
		Vehicle arrival at task: 1183.78
		Waiting time until service start time: 0.0

	id: 9
		node: 7
		(x, y, z): (107, 25, 1)
		dem: 13
		earl: 1035
		lat: 1275
		servt: 10
		pid: 0
		did: 82
		servST: 1183.7800000000002
		(h, h_ind): (2, 9)
		load: 79.0

	Finished service at time: 1193.7800000000002

	Using Machine: 3
		Task 9 -> Machine 3 (Station 2): 51.0
		Vehicle arrival at machine station: 1244.7800000000002
		Waiting time until machine travel: 0.0

		Machine travel start time: 1244.7800000000002
		Region 1 -> Region 2: 11.05
		Machine arrival at machine station: 1255.8300000000002

		Machine 3 (Station 3)-> Task 138: 24.08
		Vehicle arrival at task: 1279.91
		Waiting time until service start time: 0.0

	id: 138
		node: 93
		(x, y, z): (100, 99, 2)
		dem: -6
		earl: 1136
		lat: 1376
		servt: 10
		pid: 47
		did: 0
		servST: 1279.9100000000003
		(h, h_ind): (3, 9)
		load: 73.0

	Finished service at time: 1289.9100000000003

	Using Machine: 1
		Task 138 -> Machine 1 (Station 3): 25.0
		Vehicle arrival at machine station: 1314.9100000000003
		Waiting time until machine travel: 0.0

		Machine travel start time: 1314.9100000000003
		Region 2 -> Region 0: 13.6
		Machine arrival at machine station: 1328.5100000000002

		Machine 1 (Station 1)-> Task 98: 61.29
		Vehicle arrival at task: 1389.8000000000002
		Waiting time until service start time: 0.0

	id: 98
		node: 97
		(x, y, z): (18, 104, 0)
		dem: -20
		earl: 1287
		lat: 1527
		servt: 10
		pid: 57
		did: 0
		servST: 1389.8000000000004
		(h, h_ind): (1, 8)
		load: 53.0

	Finished service at time: 1399.8000000000004

	Using Machine: 3
		Task 98 -> Machine 3 (Station 1): 60.46
		Vehicle arrival at machine station: 1460.2600000000004
		Waiting time until machine travel: 0.0

		Machine travel start time: 1460.2600000000004
		Region 0 -> Region 3: 18.44
		Machine arrival at machine station: 1478.7000000000005

		Machine 3 (Station 4)-> Task 82: 18.44
		Vehicle arrival at task: 1497.1400000000006
		Waiting time until service start time: 0.0

	id: 82
		node: 67
		(x, y, z): (36, 54, 3)
		dem: -13
		earl: 1428
		lat: 1668
		servt: 10
		pid: 9
		did: 0
		servST: 1497.1400000000006
		(h, h_ind): (3, 10)
		load: 40.0

	Finished service at time: 1507.1400000000006

	Using Machine: 3
		Task 82 -> Machine 3 (Station 4): 18.44
		Vehicle arrival at machine station: 1525.5800000000006
		Waiting time until machine travel: 4.69

		Machine travel start time: 1530.27
		Region 3 -> Region 2: 37.8
		Machine arrival at machine station: 1568.07

		Machine 3 (Station 3)-> Task 24: 55.11
		Vehicle arrival at task: 1623.1799999999998
		Waiting time until service start time: 0.0

	id: 24
		node: 15
		(x, y, z): (95, 135, 2)
		dem: 27
		earl: 1542
		lat: 1782
		servt: 10
		pid: 0
		did: 87
		servST: 1623.18
		(h, h_ind): (3, 11)
		load: 67.0

	Finished service at time: 1633.18

	Using Machine: 4
		Task 24 -> Machine 4 (Station 3): 54.13
		Vehicle arrival at machine station: 1687.3100000000002
		Waiting time until machine travel: 153.74

		Machine travel start time: 1841.05
		Region 2 -> Region 0: 11.7
		Machine arrival at machine station: 1852.75

		Machine 4 (Station 1)-> Task 80: 8.25
		Vehicle arrival at task: 1861.0
		Waiting time until service start time: 0.0

	id: 80
		node: 68
		(x, y, z): (71, 70, 0)
		dem: -40
		earl: 1861
		lat: 2101
		servt: 10
		pid: 15
		did: 0
		servST: 1861.0
		(h, h_ind): (4, 19)
		load: 27.0

	Finished service at time: 1871.0

	Task 80 -> Task 87: 37.05
	Vehicle arrival at task: 1908.05
	Waiting time until service start time: 225.95

	id: 87
		node: 75
		(x, y, z): (34, 72, 0)
		dem: -27
		earl: 2134
		lat: 2374
		servt: 10
		pid: 24
		did: 0
		servST: 2134.0
		(h, h_ind): (-1, 0)
		load: 0.0

	Finished service at time: 2144.0

	Task 87 -> Task 0: 36.06
	Vehicle arrival at task: 2180.06
	Waiting time until service start time: 0.0

	id: 0
		node: 122
		(x, y, z): (70, 70, 0)
		dem: 0
		earl: 0
		lat: 2535
		servt: 0
		pid: 0
		did: 0
		servST: 2180.06
		(h, h_ind): (-1, 0)
		load: 0.0


Vehicle 57 :
	id: 0
		node: 1
		(x, y, z): (70, 70, 0)
		dem: 0
		earl: 0
		lat: 2535
		servt: 0
		pid: 0
		did: 0
		servST: 83.01000000000002
		(h, h_ind): (-1, 0)
		load: 0.0

	Finished service at time: 83.01000000000002

	Using Machine: 4
		Task 0 -> Machine 4 (Station 1): 8.54
		Vehicle arrival at machine station: 91.55000000000001
		Waiting time until machine travel: 0.0

		Machine travel start time: 91.55000000000003
		Region 0 -> Region 2: 11.7
		Machine arrival at machine station: 103.25000000000003

		Machine 4 (Station 3)-> Task 60: 23.54
		Vehicle arrival at task: 126.79000000000002
		Waiting time until service start time: 132.69

	id: 60
		node: 39
		(x, y, z): (107, 77, 2)
		dem: 34
		earl: 37
		lat: 277
		servt: 10
		pid: 0
		did: 49
		servST: 259.48
		(h, h_ind): (4, 1)
		load: 34.0

	Finished service at time: 269.48

	Task 60 -> Task 45: 36.07
	Vehicle arrival at task: 305.55
	Waiting time until service start time: 0.0

	id: 45
		node: 32
		(x, y, z): (82, 103, 2)
		dem: 15
		earl: 79
		lat: 319
		servt: 10
		pid: 0
		did: 157
		servST: 305.55
		(h, h_ind): (-1, 0)
		load: 49.0

	Finished service at time: 315.55

	Using Machine: 0
		Task 45 -> Machine 0 (Station 3): 25.18
		Vehicle arrival at machine station: 340.73
		Waiting time until machine travel: 0.0

		Machine travel start time: 340.73
		Region 2 -> Region 3: 33.94
		Machine arrival at machine station: 374.67

		Machine 0 (Station 4)-> Task 33: 31.4
		Vehicle arrival at task: 406.07
		Waiting time until service start time: 13.93

	id: 33
		node: 21
		(x, y, z): (42, 29, 3)
		dem: 12
		earl: 180
		lat: 420
		servt: 10
		pid: 0
		did: 63
		servST: 420.0
		(h, h_ind): (0, 3)
		load: 61.0

	Finished service at time: 430.0

	Task 33 -> Task 63: 25.08
	Vehicle arrival at task: 455.08
	Waiting time until service start time: 88.92

	id: 63
		node: 81
		(x, y, z): (32, 52, 3)
		dem: -12
		earl: 544
		lat: 784
		servt: 10
		pid: 33
		did: 0
		servST: 544.0
		(h, h_ind): (-1, 0)
		load: 49.0

	Finished service at time: 554.0

	Using Machine: 3
		Task 63 -> Machine 3 (Station 4): 22.8
		Vehicle arrival at machine station: 576.8
		Waiting time until machine travel: 372.77

		Machine travel start time: 949.5699999999999
		Region 3 -> Region 0: 18.44
		Machine arrival at machine station: 968.01

		Machine 3 (Station 1)-> Task 157: 60.21
		Vehicle arrival at task: 1028.22
		Waiting time until service start time: 57.78

	id: 157
		node: 92
		(x, y, z): (56, 129, 0)
		dem: -15
		earl: 1086
		lat: 1326
		servt: 10
		pid: 45
		did: 0
		servST: 1086.0
		(h, h_ind): (3, 6)
		load: 34.0

	Finished service at time: 1096.0

	Using Machine: 1
		Task 157 -> Machine 1 (Station 1): 56.32
		Vehicle arrival at machine station: 1152.32
		Waiting time until machine travel: 0.0

		Machine travel start time: 1152.32
		Region 0 -> Region 1: 11.66
		Machine arrival at machine station: 1163.98

		Machine 1 (Station 2)-> Task 49: 42.45
		Vehicle arrival at task: 1206.43
		Waiting time until service start time: -0.0

	id: 49
		node: 99
		(x, y, z): (89, 24, 1)
		dem: -34
		earl: 1144
		lat: 1384
		servt: 10
		pid: 60
		did: 0
		servST: 1206.4299999999998
		(h, h_ind): (1, 5)
		load: 0.0

	Finished service at time: 1216.4299999999998

	Using Machine: 0
		Task 49 -> Machine 0 (Station 2): 46.32
		Vehicle arrival at machine station: 1262.7499999999998
		Waiting time until machine travel: 0.0

		Machine travel start time: 1262.7499999999998
		Region 1 -> Region 0: 7.21
		Machine arrival at machine station: 1269.9599999999998

		Machine 0 (Station 1)-> Task 0: 3.61
		Vehicle arrival at task: 1273.5699999999997
		Waiting time until service start time: 0.0

	id: 0
		node: 122
		(x, y, z): (70, 70, 0)
		dem: 0
		earl: 0
		lat: 2535
		servt: 0
		pid: 0
		did: 0
		servST: 1273.5699999999997
		(h, h_ind): (0, 9)
		load: 0.0


---------------------| MACHINES |---------------------

Machine 0 :
	setup duration: 0.0

	vehicle: 6
	vehicleInd: 2
	(orig, dest): (0, 56)
	(origRegion, destRegion): (0, 1)
	st: 26.150000000000034
	duration: 7.21

	setup duration: 7.21

	vehicle: 4
	vehicleInd: 2
	(orig, dest): (0, 41)
	(origRegion, destRegion): (0, 1)
	st: 166.48000000000002
	duration: 7.21

	setup duration: 11.4

	vehicle: 57
	vehicleInd: 4
	(orig, dest): (45, 33)
	(origRegion, destRegion): (2, 3)
	st: 340.73
	duration: 33.94

	setup duration: 21.95

	vehicle: 2
	vehicleInd: 4
	(orig, dest): (79, 117)
	(origRegion, destRegion): (0, 3)
	st: 396.62
	duration: 21.95

	setup duration: 21.95

	vehicle: 4
	vehicleInd: 6
	(orig, dest): (91, 43)
	(origRegion, destRegion): (0, 1)
	st: 557.41
	duration: 7.21

	setup duration: 22.67

	vehicle: 26
	vehicleInd: 10
	(orig, dest): (94, 69)
	(origRegion, destRegion): (3, 2)
	st: 835.42
	duration: 33.94

	setup duration: 33.94

	vehicle: 2
	vehicleInd: 10
	(orig, dest): (158, 89)
	(origRegion, destRegion): (3, 0)
	st: 1089.76
	duration: 21.95

	setup duration: 0.0

	vehicle: 2
	vehicleInd: 11
	(orig, dest): (89, 111)
	(origRegion, destRegion): (0, 3)
	st: 1196.8899999999999
	duration: 21.95

	setup duration: 22.67

	vehicle: 57
	vehicleInd: 8
	(orig, dest): (49, 0)
	(origRegion, destRegion): (1, 0)
	st: 1262.7499999999998
	duration: 7.21

	setup duration: 0.0

	vehicle: 31
	vehicleInd: 19
	(orig, dest): (189, 42)
	(origRegion, destRegion): (0, 1)
	st: 1423.9900000000002
	duration: 7.21

	setup duration: 22.67

	vehicle: 2
	vehicleInd: 12
	(orig, dest): (111, 156)
	(origRegion, destRegion): (3, 2)
	st: 1453.8700000000003
	duration: 33.94

	setup duration: 0.0

	vehicle: 31
	vehicleInd: 22
	(orig, dest): (114, 188)
	(origRegion, destRegion): (2, 3)
	st: 1722.71
	duration: 33.94

	setup duration: 22.67

	vehicle: 26
	vehicleInd: 24
	(orig, dest): (115, 0)
	(origRegion, destRegion): (1, 0)
	st: 2051.0
	duration: 7.21

	setup duration: 7.21

	vehicle: 31
	vehicleInd: 29
	(orig, dest): (72, 163)
	(origRegion, destRegion): (1, 0)
	st: 2264.77
	duration: 7.21


Machine 1 :
	setup duration: 0.0

	vehicle: 26
	vehicleInd: 2
	(orig, dest): (0, 67)
	(origRegion, destRegion): (0, 2)
	st: 54.63999999999996
	duration: 13.6

	setup duration: 15.65

	vehicle: 31
	vehicleInd: 3
	(orig, dest): (23, 8)
	(origRegion, destRegion): (1, 0)
	st: 83.88999999999996
	duration: 11.66

	setup duration: 0.0

	vehicle: 31
	vehicleInd: 4
	(orig, dest): (8, 116)
	(origRegion, destRegion): (0, 1)
	st: 178.54999999999995
	duration: 11.66

	setup duration: 23.09

	vehicle: 6
	vehicleInd: 8
	(orig, dest): (100, 152)
	(origRegion, destRegion): (3, 1)
	st: 312.81
	duration: 23.09

	setup duration: 11.66

	vehicle: 57
	vehicleInd: 7
	(orig, dest): (157, 49)
	(origRegion, destRegion): (0, 1)
	st: 1152.32
	duration: 11.66

	setup duration: 0.0

	vehicle: 31
	vehicleInd: 17
	(orig, dest): (29, 17)
	(origRegion, destRegion): (1, 0)
	st: 1232.2300000000002
	duration: 11.66

	setup duration: 0.0

	vehicle: 6
	vehicleInd: 22
	(orig, dest): (16, 37)
	(origRegion, destRegion): (0, 1)
	st: 1269.01
	duration: 11.66

	setup duration: 15.65

	vehicle: 56
	vehicleInd: 15
	(orig, dest): (138, 98)
	(origRegion, destRegion): (2, 0)
	st: 1314.9100000000003
	duration: 13.6

	setup duration: 13.6

	vehicle: 26
	vehicleInd: 20
	(orig, dest): (96, 20)
	(origRegion, destRegion): (2, 0)
	st: 1516.85
	duration: 13.6

	setup duration: 0.0

	vehicle: 26
	vehicleInd: 22
	(orig, dest): (83, 110)
	(origRegion, destRegion): (0, 3)
	st: 1700.45
	duration: 23.35

	setup duration: 0.0

	vehicle: 26
	vehicleInd: 23
	(orig, dest): (110, 115)
	(origRegion, destRegion): (3, 1)
	st: 1814.2
	duration: 23.09

	setup duration: 11.66

	vehicle: 31
	vehicleInd: 27
	(orig, dest): (171, 1)
	(origRegion, destRegion): (0, 1)
	st: 2091.1499999999996
	duration: 11.66


Machine 2 :
	setup duration: 0.0

	vehicle: 56
	vehicleInd: 2
	(orig, dest): (0, 34)
	(origRegion, destRegion): (0, 3)
	st: 166.51
	duration: 28.64

	setup duration: 28.28

	vehicle: 4
	vehicleInd: 4
	(orig, dest): (18, 167)
	(origRegion, destRegion): (1, 2)
	st: 223.43
	duration: 8.06

	setup duration: 15.13

	vehicle: 26
	vehicleInd: 4
	(orig, dest): (26, 48)
	(origRegion, destRegion): (0, 2)
	st: 246.62
	duration: 15.13

	setup duration: 0.0

	vehicle: 26
	vehicleInd: 7
	(orig, dest): (71, 88)
	(origRegion, destRegion): (2, 1)
	st: 467.89000000000004
	duration: 8.06

	setup duration: 0.0

	vehicle: 4
	vehicleInd: 7
	(orig, dest): (43, 127)
	(origRegion, destRegion): (1, 2)
	st: 731.37
	duration: 8.06

	setup duration: 8.06

	vehicle: 31
	vehicleInd: 11
	(orig, dest): (92, 90)
	(origRegion, destRegion): (1, 0)
	st: 747.49
	duration: 10.0

	setup duration: 10.0

	vehicle: 56
	vehicleInd: 10
	(orig, dest): (15, 102)
	(origRegion, destRegion): (1, 2)
	st: 881.56
	duration: 8.06

	setup duration: 15.13

	vehicle: 6
	vehicleInd: 19
	(orig, dest): (133, 75)
	(origRegion, destRegion): (0, 2)
	st: 968.1899999999999
	duration: 15.13

	setup duration: 0.0

	vehicle: 56
	vehicleInd: 13
	(orig, dest): (145, 9)
	(origRegion, destRegion): (2, 1)
	st: 1122.88
	duration: 8.06

	setup duration: 0.0

	vehicle: 31
	vehicleInd: 20
	(orig, dest): (42, 112)
	(origRegion, destRegion): (1, 2)
	st: 1562.8
	duration: 8.06


Machine 3 :
	setup duration: 0.0

	vehicle: 31
	vehicleInd: 2
	(orig, dest): (0, 23)
	(origRegion, destRegion): (0, 1)
	st: 48.28999999999996
	duration: 15.0

	setup duration: 0.0

	vehicle: 31
	vehicleInd: 6
	(orig, dest): (139, 95)
	(origRegion, destRegion): (1, 2)
	st: 341.78
	duration: 11.05

	setup duration: 11.05

	vehicle: 6
	vehicleInd: 10
	(orig, dest): (65, 40)
	(origRegion, destRegion): (1, 2)
	st: 455.44
	duration: 11.05

	setup duration: 0.0

	vehicle: 31
	vehicleInd: 8
	(orig, dest): (21, 31)
	(origRegion, destRegion): (2, 1)
	st: 507.44
	duration: 11.05

	setup duration: 31.38

	vehicle: 2
	vehicleInd: 7
	(orig, dest): (35, 141)
	(origRegion, destRegion): (3, 0)
	st: 794.51
	duration: 18.44

	setup duration: 18.44

	vehicle: 57
	vehicleInd: 6
	(orig, dest): (63, 157)
	(origRegion, destRegion): (3, 0)
	st: 949.5699999999999
	duration: 18.44

	setup duration: 0.0

	vehicle: 2
	vehicleInd: 8
	(orig, dest): (141, 104)
	(origRegion, destRegion): (0, 3)
	st: 968.01
	duration: 18.44

	setup duration: 37.8

	vehicle: 31
	vehicleInd: 16
	(orig, dest): (38, 29)
	(origRegion, destRegion): (2, 1)
	st: 1077.9900000000002
	duration: 11.05

	setup duration: 0.0

	vehicle: 56
	vehicleInd: 14
	(orig, dest): (9, 138)
	(origRegion, destRegion): (1, 2)
	st: 1244.7800000000002
	duration: 11.05

	setup duration: 19.42

	vehicle: 56
	vehicleInd: 16
	(orig, dest): (98, 82)
	(origRegion, destRegion): (0, 3)
	st: 1460.2600000000004
	duration: 18.44

	setup duration: 0.0

	vehicle: 56
	vehicleInd: 17
	(orig, dest): (82, 24)
	(origRegion, destRegion): (3, 2)
	st: 1530.27
	duration: 37.8

	setup duration: 37.8

	vehicle: 6
	vehicleInd: 26
	(orig, dest): (108, 22)
	(origRegion, destRegion): (3, 0)
	st: 1605.87
	duration: 18.44

	setup duration: 0.0

	vehicle: 6
	vehicleInd: 27
	(orig, dest): (22, 190)
	(origRegion, destRegion): (0, 3)
	st: 1704.5299999999997
	duration: 18.44

	setup duration: 0.0

	vehicle: 6
	vehicleInd: 28
	(orig, dest): (190, 0)
	(origRegion, destRegion): (3, 0)
	st: 1786.7899999999997
	duration: 18.44

	setup duration: 18.44

	vehicle: 31
	vehicleInd: 24
	(orig, dest): (97, 53)
	(origRegion, destRegion): (3, 0)
	st: 1941.68
	duration: 18.44


Machine 4 :
	setup duration: 0.0

	vehicle: 57
	vehicleInd: 2
	(orig, dest): (0, 60)
	(origRegion, destRegion): (0, 2)
	st: 91.55000000000003
	duration: 11.7

	setup duration: 0.0

	vehicle: 26
	vehicleInd: 3
	(orig, dest): (67, 26)
	(origRegion, destRegion): (2, 0)
	st: 103.25000000000003
	duration: 11.7

	setup duration: 16.76

	vehicle: 6
	vehicleInd: 4
	(orig, dest): (77, 74)
	(origRegion, destRegion): (1, 3)
	st: 131.71000000000004
	duration: 21.26

	setup duration: 0.0

	vehicle: 56
	vehicleInd: 4
	(orig, dest): (62, 47)
	(origRegion, destRegion): (3, 1)
	st: 277.46
	duration: 21.26

	setup duration: 20.88

	vehicle: 4
	vehicleInd: 5
	(orig, dest): (167, 91)
	(origRegion, destRegion): (2, 0)
	st: 421.04
	duration: 11.7

	setup duration: 16.76

	vehicle: 56
	vehicleInd: 8
	(orig, dest): (19, 134)
	(origRegion, destRegion): (1, 3)
	st: 528.7
	duration: 21.26

	setup duration: 21.26

	vehicle: 26
	vehicleInd: 9
	(orig, dest): (118, 94)
	(origRegion, destRegion): (1, 3)
	st: 616.86
	duration: 21.26

	setup duration: 0.0

	vehicle: 56
	vehicleInd: 9
	(orig, dest): (134, 15)
	(origRegion, destRegion): (3, 1)
	st: 684.6
	duration: 21.26

	setup duration: 20.88

	vehicle: 6
	vehicleInd: 17
	(orig, dest): (200, 66)
	(origRegion, destRegion): (2, 0)
	st: 822.77
	duration: 11.7

	setup duration: 11.7

	vehicle: 56
	vehicleInd: 11
	(orig, dest): (102, 57)
	(origRegion, destRegion): (2, 0)
	st: 946.15
	duration: 11.7

	setup duration: 0.0

	vehicle: 31
	vehicleInd: 14
	(orig, dest): (14, 124)
	(origRegion, destRegion): (0, 2)
	st: 962.36
	duration: 11.7

	setup duration: 11.7

	vehicle: 56
	vehicleInd: 12
	(orig, dest): (57, 145)
	(origRegion, destRegion): (0, 2)
	st: 1042.29
	duration: 11.7

	setup duration: 0.0

	vehicle: 6
	vehicleInd: 21
	(orig, dest): (13, 16)
	(origRegion, destRegion): (2, 0)
	st: 1173.06
	duration: 11.7

	setup duration: 11.7

	vehicle: 26
	vehicleInd: 15
	(orig, dest): (7, 173)
	(origRegion, destRegion): (2, 0)
	st: 1327.59
	duration: 11.7

	setup duration: 16.76

	vehicle: 6
	vehicleInd: 23
	(orig, dest): (37, 28)
	(origRegion, destRegion): (1, 3)
	st: 1411.4499999999998
	duration: 21.26

	setup duration: 31.95

	vehicle: 26
	vehicleInd: 18
	(orig, dest): (5, 55)
	(origRegion, destRegion): (0, 2)
	st: 1469.4099999999999
	duration: 11.7

	setup duration: 0.0

	vehicle: 2
	vehicleInd: 13
	(orig, dest): (156, 25)
	(origRegion, destRegion): (2, 0)
	st: 1572.1800000000003
	duration: 11.7

	setup duration: 11.7

	vehicle: 4
	vehicleInd: 8
	(orig, dest): (127, 30)
	(origRegion, destRegion): (2, 0)
	st: 1622.69
	duration: 11.7

	setup duration: 11.7

	vehicle: 56
	vehicleInd: 18
	(orig, dest): (24, 80)
	(origRegion, destRegion): (2, 0)
	st: 1841.05
	duration: 11.7


-------------------| COMPL. TIMES |-------------------

Vehicle 0 : 0.0
Vehicle 1 : 0.0
Vehicle 2 : 1432.8
Vehicle 3 : 0.0
Vehicle 4 : 1698.2600000000002
Vehicle 5 : 0.0
Vehicle 6 : 1784.6899999999998
Vehicle 7 : 0.0
Vehicle 8 : 0.0
Vehicle 9 : 0.0
Vehicle 10 : 0.0
Vehicle 11 : 0.0
Vehicle 12 : 0.0
Vehicle 13 : 0.0
Vehicle 14 : 0.0
Vehicle 15 : 0.0
Vehicle 16 : 0.0
Vehicle 17 : 0.0
Vehicle 18 : 0.0
Vehicle 19 : 0.0
Vehicle 20 : 0.0
Vehicle 21 : 0.0
Vehicle 22 : 0.0
Vehicle 23 : 0.0
Vehicle 24 : 0.0
Vehicle 25 : 0.0
Vehicle 26 : 2012.5700000000002
Vehicle 27 : 0.0
Vehicle 28 : 0.0
Vehicle 29 : 0.0
Vehicle 30 : 0.0
Vehicle 31 : 2272.2599999999998
Vehicle 32 : 0.0
Vehicle 33 : 0.0
Vehicle 34 : 0.0
Vehicle 35 : 0.0
Vehicle 36 : 0.0
Vehicle 37 : 0.0
Vehicle 38 : 0.0
Vehicle 39 : 0.0
Vehicle 40 : 0.0
Vehicle 41 : 0.0
Vehicle 42 : 0.0
Vehicle 43 : 0.0
Vehicle 44 : 0.0
Vehicle 45 : 0.0
Vehicle 46 : 0.0
Vehicle 47 : 0.0
Vehicle 48 : 0.0
Vehicle 49 : 0.0
Vehicle 50 : 0.0
Vehicle 51 : 0.0
Vehicle 52 : 0.0
Vehicle 53 : 0.0
Vehicle 54 : 0.0
Vehicle 55 : 0.0
Vehicle 56 : 2021.17
Vehicle 57 : 1190.5599999999997
Vehicle 58 : 0.0
Vehicle 59 : 0.0
-------------------| STATISTICS |-------------------

    Vehicles used                           : 11.6667
    Machines used                           : 100.0
    Max load (vehicles)                     : 100.0
    Min load (vehicles)                     : 91.0448
    Mean load (vehicles)                    : 96.6525
    Min completion time                     : 46.9649
    Max completion time                     : 89.6355
    Mean completion time                    : 69.9482
    Avrg travel time (with vehicle)         : 14.3999
    Avrg travel time (only with vehicle)    : 8.5591
    Avrg travel time (no vehicle)           : 5.8409
    Avrg waiting time (machine travel)      : 8.315
    Avrg waiting time (service)             : 24.4703
    Machines travel times (with vehicle)    : [17.6103, 10.714, 7.6473, 16.9586, 19.0694]
    Machines travel times (no vehicle)      : [7.6663, 3.602, 3.0217, 6.8769, 8.0375]
    Max load per vehicle                    : [0.0, 0.0, 97.5, 0.0, 95.5224, 0.0, 96.25, 0.0, 0.0, 0.0, 0.0, 0.0, 0.0, 0.0, 0.0, 0.0, 0.0, 0.0, 0.0, 0.0, 0.0, 0.0, 0.0, 0.0, 0.0, 0.0, 100.0, 0.0, 0.0, 0.0, 0.0, 97.5, 0.0, 0.0, 0.0, 0.0, 0.0, 0.0, 0.0, 0.0, 0.0, 0.0, 0.0, 0.0, 0.0, 0.0, 0.0, 0.0, 0.0, 0.0, 0.0, 0.0, 0.0, 0.0, 0.0, 0.0, 98.75, 91.0448, 0.0, 0.0]

----------------------------------------------------

TOTAL: 12412.31

Everything is awesome!
