Set parameter WLSAccessID
Set parameter WLSSecret
Set parameter LicenseID to value 2661775
Academic license 2661775 - for non-commercial use only - registered to me___@dcc.ufba.br
Loading line 2: methodType heur
Loading line 3: methodCode mslp
Loading line 4: seed 0
Loading line 5: threads 1
Loading line 6: greedy_service_order random
Loading line 7: outputFlagGrbMSLP 0
Loading line 8: mslpa 60000
Loading line 9: mslpr I
Loading line 10: maxtime 3600
Loading line 11: output ./logs/
Loading line 12: printsol 1
Loading line 13: solverMethod A
Instance: LR2_2_6_t2_60R_60V_02F_05M

[19:36:24.239] Running Data.readData with file /dados/rmelo/PDPTW-SE/benchmark_multi_floor_v3/official_experiments/multistartlp/preliminar/set_01_pt_03/../../../../instances/orig_ams_fg/60R_60V_02F_06M/t2/LR2_2_6/
vehicles: Vehicle[Vehicle(0, 54), Vehicle(1, 67), Vehicle(2, 80), Vehicle(3, 67), Vehicle(4, 80), Vehicle(5, 80), Vehicle(6, 67), Vehicle(7, 54), Vehicle(8, 67), Vehicle(9, 80), Vehicle(10, 54), Vehicle(11, 54), Vehicle(12, 54), Vehicle(13, 67), Vehicle(14, 80), Vehicle(15, 67), Vehicle(16, 67), Vehicle(17, 54), Vehicle(18, 80), Vehicle(19, 80), Vehicle(20, 80), Vehicle(21, 80), Vehicle(22, 67), Vehicle(23, 67), Vehicle(24, 80), Vehicle(25, 67), Vehicle(26, 80), Vehicle(27, 67), Vehicle(28, 67), Vehicle(29, 67), Vehicle(30, 54), Vehicle(31, 67), Vehicle(32, 67), Vehicle(33, 80), Vehicle(34, 80), Vehicle(35, 80), Vehicle(36, 54), Vehicle(37, 80), Vehicle(38, 67), Vehicle(39, 67), Vehicle(40, 54), Vehicle(41, 80), Vehicle(42, 80), Vehicle(43, 67), Vehicle(44, 54), Vehicle(45, 67), Vehicle(46, 54), Vehicle(47, 80), Vehicle(48, 80), Vehicle(49, 54), Vehicle(50, 67), Vehicle(51, 80), Vehicle(52, 80), Vehicle(53, 80), Vehicle(54, 67), Vehicle(55, 54), Vehicle(56, 67), Vehicle(57, 54), Vehicle(58, 54), Vehicle(59, 54)]
vehicle_types: Vehicle[Vehicle(0, 54), Vehicle(1, 67), Vehicle(2, 80)]
Machine[Machine(0, Point[Point(73, 70, 0), Point(73, 70, 1)], 0.2), Machine(1, Point[Point(69, 70, 0), Point(69, 70, 1)], 0.2), Machine(2, Point[Point(75, 70, 0), Point(75, 70, 1)], 0.2), Machine(3, Point[Point(67, 70, 0), Point(67, 70, 1)], 0.2), Machine(4, Point[Point(77, 70, 0), Point(77, 70, 1)], 0.2)]
refs: [1, 4, 5, 6, 7, 8, 9, 12, 13, 14, 15, 17, 18, 19, 22, 23, 24, 25, 26, 27, 28, 29, 30, 31, 32, 33, 35, 36, 37, 39, 40, 41, 45, 46, 47, 48, 49, 51, 53, 55, 56, 57, 58, 60, 61, 63, 64, 66, 70, 71, 73, 74, 76, 77, 78, 81, 82, 83, 84, 87, 91, 114, 93, 34, 104, 113, 59, 68, 89, 79, 21, 102, 120, 44, 52, 69, 16, 10, 43, 116, 38, 118, 94, 117, 109, 107, 80, 112, 42, 108, 75, 86, 92, 88, 96, 2, 121, 67, 110, 90, 105, 54, 65, 50, 100, 119, 11, 3, 106, 95, 101, 111, 72, 20, 115, 97, 99, 85, 62, 103, 98, 1]
V: [1, 2, 3, 4, 5, 6, 7, 8, 9, 10, 11, 12, 13, 14, 15, 16, 17, 18, 19, 20, 21, 22, 23, 24, 25, 26, 27, 28, 29, 30, 31, 32, 33, 34, 35, 36, 37, 38, 39, 40, 41, 42, 43, 44, 45, 46, 47, 48, 49, 50, 51, 52, 53, 54, 55, 56, 57, 58, 59, 60, 61, 62, 63, 64, 65, 66, 67, 68, 69, 70, 71, 72, 73, 74, 75, 76, 77, 78, 79, 80, 81, 82, 83, 84, 85, 86, 87, 88, 89, 90, 91, 92, 93, 94, 95, 96, 97, 98, 99, 100, 101, 102, 103, 104, 105, 106, 107, 108, 109, 110, 111, 112, 113, 114, 115, 116, 117, 118, 119, 120, 121]
V_p: [2, 3, 4, 5, 6, 7, 8, 9, 10, 11, 12, 13, 14, 15, 16, 17, 18, 19, 20, 21, 22, 23, 24, 25, 26, 27, 28, 29, 30, 31, 32, 33, 34, 35, 36, 37, 38, 39, 40, 41, 42, 43, 44, 45, 46, 47, 48, 49, 50, 51, 52, 53, 54, 55, 56, 57, 58, 59, 60, 61]
V_d: [62, 63, 64, 65, 66, 67, 68, 69, 70, 71, 72, 73, 74, 75, 76, 77, 78, 79, 80, 81, 82, 83, 84, 85, 86, 87, 88, 89, 90, 91, 92, 93, 94, 95, 96, 97, 98, 99, 100, 101, 102, 103, 104, 105, 106, 107, 108, 109, 110, 111, 112, 113, 114, 115, 116, 117, 118, 119, 120, 121]
Vprime: [1, 2, 3, 4, 5, 6, 7, 8, 9, 10, 11, 12, 13, 14, 15, 16, 17, 18, 19, 20, 21, 22, 23, 24, 25, 26, 27, 28, 29, 30, 31, 32, 33, 34, 35, 36, 37, 38, 39, 40, 41, 42, 43, 44, 45, 46, 47, 48, 49, 50, 51, 52, 53, 54, 55, 56, 57, 58, 59, 60, 61, 62, 63, 64, 65, 66, 67, 68, 69, 70, 71, 72, 73, 74, 75, 76, 77, 78, 79, 80, 81, 82, 83, 84, 85, 86, 87, 88, 89, 90, 91, 92, 93, 94, 95, 96, 97, 98, 99, 100, 101, 102, 103, 104, 105, 106, 107, 108, 109, 110, 111, 112, 113, 114, 115, 116, 117, 118, 119, 120, 121, 122]
V: [1, 2, 3, 4, 5, 6, 7, 8, 9, 10, 11, 12, 13, 14, 15, 16, 17, 18, 19, 20, 21, 22, 23, 24, 25, 26, 27, 28, 29, 30, 31, 32, 33, 34, 35, 36, 37, 38, 39, 40, 41, 42, 43, 44, 45, 46, 47, 48, 49, 50, 51, 52, 53, 54, 55, 56, 57, 58, 59, 60, 61, 62, 63, 64, 65, 66, 67, 68, 69, 70, 71, 72, 73, 74, 75, 76, 77, 78, 79, 80, 81, 82, 83, 84, 85, 86, 87, 88, 89, 90, 91, 92, 93, 94, 95, 96, 97, 98, 99, 100, 101, 102, 103, 104, 105, 106, 107, 108, 109, 110, 111, 112, 113, 114, 115, 116, 117, 118, 119, 120, 121]
q: [0, 20, 14, 26, 27, 22, 8, 9, 11, 40, 25, 22, 18, 17, 19, 27, 5, 13, 20, 14, 13, 21, 12, 30, 13, 12, 24, 8, 20, 15, 6, 10, 22, 20, 26, 1, 13, 9, 37, 17, 1, 25, 33, 19, 17, 12, 9, 29, 21, 39, 7, 20, 15, 16, 21, 4, 23, 21, 35, 15, 10, -20, -14, -26, -27, -22, -8, -9, -11, -40, -25, -22, -18, -17, -19, -27, -5, -13, -20, -14, -13, -21, -12, -30, -13, -12, -24, -8, -20, -15, -6, -10, -22, -20, -26, -1, -13, -9, -37, -17, -1, -25, -33, -19, -17, -12, -9, -29, -21, -39, -7, -20, -15, -16, -21, -4, -23, -21, -35, -15, -10, 0]
H: [1, 2, 3, 4, 5]
f: [[1, 1, 1, 1, 1], [2, 2, 2, 2, 2], [1, 1, 1, 1, 1], [1, 1, 1, 1, 1], [1, 1, 1, 1, 1], [2, 2, 2, 2, 2], [2, 2, 2, 2, 2], [2, 2, 2, 2, 2], [2, 2, 2, 2, 2], [2, 2, 2, 2, 2], [1, 1, 1, 1, 1], [1, 1, 1, 1, 1], [2, 2, 2, 2, 2], [2, 2, 2, 2, 2], [2, 2, 2, 2, 2], [2, 2, 2, 2, 2], [2, 2, 2, 2, 2], [1, 1, 1, 1, 1], [2, 2, 2, 2, 2], [2, 2, 2, 2, 2], [2, 2, 2, 2, 2], [2, 2, 2, 2, 2], [2, 2, 2, 2, 2], [2, 2, 2, 2, 2], [1, 1, 1, 1, 1], [2, 2, 2, 2, 2], [1, 1, 1, 1, 1], [2, 2, 2, 2, 2], [1, 1, 1, 1, 1], [2, 2, 2, 2, 2], [1, 1, 1, 1, 1], [1, 1, 1, 1, 1], [1, 1, 1, 1, 1], [1, 1, 1, 1, 1], [1, 1, 1, 1, 1], [2, 2, 2, 2, 2], [2, 2, 2, 2, 2], [1, 1, 1, 1, 1], [1, 1, 1, 1, 1], [1, 1, 1, 1, 1], [1, 1, 1, 1, 1], [1, 1, 1, 1, 1], [2, 2, 2, 2, 2], [1, 1, 1, 1, 1], [1, 1, 1, 1, 1], [1, 1, 1, 1, 1], [1, 1, 1, 1, 1], [2, 2, 2, 2, 2], [2, 2, 2, 2, 2], [2, 2, 2, 2, 2], [1, 1, 1, 1, 1], [2, 2, 2, 2, 2], [1, 1, 1, 1, 1], [1, 1, 1, 1, 1], [1, 1, 1, 1, 1], [1, 1, 1, 1, 1], [1, 1, 1, 1, 1], [2, 2, 2, 2, 2], [1, 1, 1, 1, 1], [2, 2, 2, 2, 2], [2, 2, 2, 2, 2], [2, 2, 2, 2, 2], [2, 2, 2, 2, 2], [2, 2, 2, 2, 2], [1, 1, 1, 1, 1], [2, 2, 2, 2, 2], [2, 2, 2, 2, 2], [2, 2, 2, 2, 2], [2, 2, 2, 2, 2], [1, 1, 1, 1, 1], [1, 1, 1, 1, 1], [1, 1, 1, 1, 1], [1, 1, 1, 1, 1], [1, 1, 1, 1, 1], [1, 1, 1, 1, 1], [2, 2, 2, 2, 2], [2, 2, 2, 2, 2], [2, 2, 2, 2, 2], [2, 2, 2, 2, 2], [1, 1, 1, 1, 1], [2, 2, 2, 2, 2], [1, 1, 1, 1, 1], [2, 2, 2, 2, 2], [1, 1, 1, 1, 1], [2, 2, 2, 2, 2], [2, 2, 2, 2, 2], [1, 1, 1, 1, 1], [1, 1, 1, 1, 1], [1, 1, 1, 1, 1], [1, 1, 1, 1, 1], [2, 2, 2, 2, 2], [1, 1, 1, 1, 1], [2, 2, 2, 2, 2], [1, 1, 1, 1, 1], [2, 2, 2, 2, 2], [1, 1, 1, 1, 1], [1, 1, 1, 1, 1], [2, 2, 2, 2, 2], [2, 2, 2, 2, 2], [2, 2, 2, 2, 2], [2, 2, 2, 2, 2], [2, 2, 2, 2, 2], [2, 2, 2, 2, 2], [1, 1, 1, 1, 1], [1, 1, 1, 1, 1], [1, 1, 1, 1, 1], [2, 2, 2, 2, 2], [2, 2, 2, 2, 2], [1, 1, 1, 1, 1], [1, 1, 1, 1, 1], [2, 2, 2, 2, 2], [1, 1, 1, 1, 1], [1, 1, 1, 1, 1], [2, 2, 2, 2, 2], [2, 2, 2, 2, 2], [2, 2, 2, 2, 2], [1, 1, 1, 1, 1], [1, 1, 1, 1, 1], [1, 1, 1, 1, 1], [1, 1, 1, 1, 1], [2, 2, 2, 2, 2], [1, 1, 1, 1, 1]]
1 1 1 -> 0.0
1 2 1 -> 5.0
2 1 1 -> 5.0
2 2 1 -> 0.0
1 1 2 -> 0.0
1 2 2 -> 5.0
2 1 2 -> 5.0
2 2 2 -> 0.0
1 1 3 -> 0.0
1 2 3 -> 5.0
2 1 3 -> 5.0
2 2 3 -> 0.0
1 1 4 -> 0.0
1 2 4 -> 5.0
2 1 4 -> 5.0
2 2 4 -> 0.0
1 1 5 -> 0.0
1 2 5 -> 5.0
2 1 5 -> 5.0
2 2 5 -> 0.0
o: (1, 2, 1) => 5.0
o: (1, 2, 5) => 5.0
o: (1, 2, 3) => 5.0
o: (1, 1, 2) => 0.0
o: (2, 1, 4) => 5.0
o: (1, 2, 2) => 5.0
o: (2, 1, 1) => 5.0
o: (2, 1, 5) => 5.0
o: (2, 1, 3) => 5.0
o: (2, 2, 4) => 0.0
o: (2, 2, 1) => 0.0
o: (2, 2, 5) => 0.0
o: (2, 2, 3) => 0.0
o: (2, 1, 2) => 5.0
o: (1, 1, 4) => 0.0
o: (1, 1, 1) => 0.0
o: (1, 1, 5) => 0.0
o: (1, 1, 3) => 0.0
o: (1, 2, 4) => 5.0
o: (2, 2, 2) => 0.0

[121, 2732, 2722, 2643, 2633, 2638, 2546, 6]
JOBS in the order of refs (Vprime)
Node 1: Job(0, Point(70, 70, 0), 0, 0, 2535, 0, 0, 0)
Node 2: Job(3, Point(30, 57, 1), 20, 861, 1101, 10, 0, 173)
Node 3: Job(4, Point(29, 60, 0), 14, 49, 289, 10, 0, 118)
Node 4: Job(5, Point(69, 116, 0), 26, 1317, 1557, 10, 0, 39)
Node 5: Job(6, Point(137, 137, 0), 27, 339, 579, 10, 0, 154)
Node 6: Job(8, Point(78, 111, 1), 22, 47, 287, 10, 0, 170)
Node 7: Job(10, Point(17, 138, 1), 8, 1670, 1910, 10, 0, 73)
Node 8: Job(13, Point(121, 123, 1), 9, 968, 1208, 10, 0, 85)
Node 9: Job(14, Point(22, 104, 1), 11, 865, 1105, 10, 0, 113)
Node 10: Job(15, Point(137, 7, 1), 40, 563, 803, 10, 0, 98)
Node 11: Job(16, Point(50, 106, 0), 25, 1221, 1461, 10, 0, 22)
Node 12: Job(18, Point(79, 72, 0), 22, 0, 2516, 10, 0, 143)
Node 13: Job(19, Point(104, 32, 1), 18, 479, 719, 10, 0, 188)
Node 14: Job(20, Point(8, 87, 1), 17, 1545, 1785, 10, 0, 54)
Node 15: Job(23, Point(78, 63, 1), 19, 10, 250, 10, 0, 66)
Node 16: Job(24, Point(95, 135, 1), 27, 1542, 1782, 10, 0, 86)
Node 17: Job(25, Point(37, 79, 1), 5, 0, 2491, 10, 0, 17)
Node 18: Job(27, Point(133, 130, 0), 13, 0, 2438, 10, 0, 11)
Node 19: Job(28, Point(39, 13, 1), 20, 1443, 1683, 10, 0, 52)
Node 20: Job(30, Point(10, 86, 1), 14, 0, 2463, 10, 0, 176)
Node 21: Job(31, Point(140, 42, 1), 13, 342, 582, 10, 0, 44)
Node 22: Job(32, Point(121, 124, 1), 21, 539, 779, 10, 0, 183)
Node 23: Job(33, Point(42, 29, 1), 12, 180, 420, 10, 0, 120)
Node 24: Job(34, Point(44, 58, 1), 30, 28, 268, 10, 0, 179)
Node 25: Job(36, Point(41, 36, 0), 13, 146, 386, 10, 0, 162)
Node 26: Job(38, Point(107, 102, 1), 12, 0, 2477, 10, 0, 159)
Node 27: Job(40, Point(132, 133, 0), 24, 499, 739, 10, 0, 99)
Node 28: Job(41, Point(81, 57, 1), 8, 17, 257, 10, 0, 169)
Node 29: Job(42, Point(120, 52, 0), 20, 1437, 1677, 10, 0, 51)
Node 30: Job(45, Point(82, 103, 1), 15, 0, 2490, 10, 0, 161)
Node 31: Job(47, Point(90, 44, 0), 6, 149, 389, 10, 0, 92)
Node 32: Job(48, Point(139, 73, 0), 10, 288, 528, 10, 0, 107)
Node 33: Job(56, Point(86, 40, 0), 22, 0, 2491, 10, 0, 116)
Node 34: Job(57, Point(69, 115, 0), 20, 0, 2480, 10, 0, 112)
Node 35: Job(58, Point(59, 115, 0), 26, 1195, 1435, 10, 0, 127)
Node 36: Job(59, Point(105, 2, 1), 1, 0, 2449, 10, 0, 1)
Node 37: Job(61, Point(104, 54, 1), 13, 150, 390, 10, 0, 193)
Node 38: Job(65, Point(99, 34, 0), 9, 243, 483, 10, 0, 84)
Node 39: Job(67, Point(85, 75, 0), 37, 0, 2510, 10, 0, 163)
Node 40: Job(69, Point(103, 77, 0), 17, 1102, 1342, 10, 0, 114)
Node 41: Job(70, Point(47, 83, 0), 1, 1211, 1451, 10, 0, 155)
Node 42: Job(71, Point(139, 68, 0), 25, 253, 493, 10, 0, 68)
Node 43: Job(72, Point(88, 29, 1), 33, 0, 2481, 10, 0, 80)
Node 44: Job(74, Point(48, 47, 0), 19, 31, 271, 10, 0, 62)
Node 45: Job(75, Point(104, 73, 0), 17, 0, 2491, 10, 0, 138)
Node 46: Job(77, Point(103, 44, 0), 12, 48, 288, 10, 0, 187)
Node 47: Job(78, Point(73, 96, 0), 9, 604, 844, 10, 0, 12)
Node 48: Job(81, Point(83, 12, 1), 29, 861, 1101, 10, 0, 2)
Node 49: Job(87, Point(34, 72, 1), 21, 0, 2489, 10, 0, 158)
Node 50: Job(88, Point(120, 22, 1), 39, 396, 636, 10, 0, 121)
Node 51: Job(90, Point(63, 129, 0), 7, 765, 1005, 10, 0, 141)
Node 52: Job(91, Point(33, 117, 1), 20, 316, 556, 10, 0, 165)
Node 53: Job(94, Point(34, 20, 0), 15, 542, 782, 10, 0, 89)
Node 54: Job(95, Point(114, 109, 0), 16, 249, 489, 10, 0, 21)
Node 55: Job(96, Point(86, 80, 0), 21, 1438, 1678, 10, 0, 175)
Node 56: Job(100, Point(12, 48, 0), 4, 172, 412, 10, 0, 132)
Node 57: Job(101, Point(139, 72, 0), 23, 1288, 1528, 10, 0, 136)
Node 58: Job(102, Point(109, 78, 1), 21, 891, 1131, 10, 0, 105)
Node 59: Job(104, Point(27, 46, 0), 35, 0, 2476, 10, 0, 76)
Node 60: Job(110, Point(16, 62, 1), 15, 1524, 1764, 10, 0, 153)
Node 61: Job(115, Point(93, 61, 1), 10, 0, 2501, 10, 0, 133)
Node 62: Job(173, Point(67, 120, 1), -20, 1375, 1615, 10, 3, 0)
Node 63: Job(118, Point(108, 30, 1), -14, 323, 563, 10, 4, 0)
Node 64: Job(39, Point(83, 38, 1), -26, 1846, 2086, 10, 5, 0)
Node 65: Job(154, Point(58, 95, 0), -27, 0, 2498, 10, 6, 0)
Node 66: Job(170, Point(12, 84, 1), -22, 735, 975, 10, 8, 0)
Node 67: Job(73, Point(39, 100, 1), -8, 0, 2482, 10, 10, 0)
Node 68: Job(85, Point(27, 104, 1), -9, 1949, 2189, 10, 13, 0)
Node 69: Job(113, Point(37, 73, 1), -11, 0, 2492, 10, 14, 0)
Node 70: Job(98, Point(18, 104, 0), -40, 1287, 1527, 10, 15, 0)
Node 71: Job(22, Point(80, 103, 0), -25, 1428, 1668, 10, 16, 0)
Node 72: Job(143, Point(120, 47, 0), -22, 100, 340, 10, 18, 0)
Node 73: Job(188, Point(15, 9, 0), -18, 1581, 1821, 10, 19, 0)
Node 74: Job(54, Point(13, 48, 0), -17, 1622, 1862, 10, 20, 0)
Node 75: Job(66, Point(38, 122, 0), -19, 876, 1116, 10, 23, 0)
Node 76: Job(86, Point(67, 96, 1), -27, 1908, 2148, 10, 24, 0)
Node 77: Job(17, Point(46, 112, 1), -5, 1084, 1324, 10, 25, 0)
Node 78: Job(11, Point(37, 138, 1), -13, 0, 2450, 10, 27, 0)
Node 79: Job(52, Point(61, 34, 1), -20, 1830, 2070, 10, 28, 0)
Node 80: Job(176, Point(20, 106, 0), -14, 1041, 1281, 10, 30, 0)
Node 81: Job(44, Point(137, 101, 1), -13, 617, 857, 10, 31, 0)
Node 82: Job(183, Point(66, 91, 0), -21, 0, 2504, 10, 32, 0)
Node 83: Job(120, Point(92, 22, 1), -12, 700, 940, 10, 33, 0)
Node 84: Job(179, Point(60, 23, 0), -30, 155, 395, 10, 34, 0)
Node 85: Job(162, Point(58, 11, 1), -13, 448, 688, 10, 36, 0)
Node 86: Job(159, Point(136, 123, 1), -12, 1214, 1454, 10, 38, 0)
Node 87: Job(99, Point(70, 83, 0), -24, 0, 2512, 10, 40, 0)
Node 88: Job(169, Point(51, 92, 0), -8, 1731, 1971, 10, 41, 0)
Node 89: Job(51, Point(98, 4, 0), -20, 0, 2454, 10, 42, 0)
Node 90: Job(161, Point(46, 133, 0), -15, 242, 482, 10, 45, 0)
Node 91: Job(92, Point(102, 52, 1), -6, 0, 2489, 10, 47, 0)
Node 92: Job(107, Point(110, 99, 0), -10, 1151, 1391, 10, 48, 0)
Node 93: Job(116, Point(89, 39, 1), -22, 36, 276, 10, 56, 0)
Node 94: Job(112, Point(123, 84, 0), -20, 1606, 1846, 10, 57, 0)
Node 95: Job(127, Point(138, 105, 1), -26, 1554, 1794, 10, 58, 0)
Node 96: Job(1, Point(101, 0, 0), -1, 1932, 2172, 10, 59, 0)
Node 97: Job(193, Point(137, 127, 0), -13, 0, 2438, 10, 61, 0)
Node 98: Job(84, Point(56, 139, 1), -9, 1179, 1419, 10, 65, 0)
Node 99: Job(163, Point(54, 78, 1), -37, 2139, 2379, 10, 67, 0)
Node 100: Job(114, Point(115, 124, 1), -17, 0, 2455, 10, 69, 0)
Node 101: Job(155, Point(117, 4, 1), -1, 1614, 1854, 10, 70, 0)
Node 102: Job(68, Point(109, 131, 1), -25, 845, 1085, 10, 71, 0)
Node 103: Job(80, Point(71, 70, 1), -33, 1861, 2101, 10, 72, 0)
Node 104: Job(62, Point(54, 33, 0), -19, 41, 281, 10, 74, 0)
Node 105: Job(138, Point(100, 99, 0), -17, 1136, 1376, 10, 75, 0)
Node 106: Job(187, Point(104, 139, 0), -12, 1282, 1522, 10, 77, 0)
Node 107: Job(12, Point(20, 69, 1), -9, 1452, 1692, 10, 78, 0)
Node 108: Job(2, Point(26, 50, 1), -29, 1490, 1730, 10, 81, 0)
Node 109: Job(158, Point(54, 41, 0), -21, 1065, 1305, 10, 87, 0)
Node 110: Job(121, Point(2, 106, 0), -39, 1487, 1727, 10, 88, 0)
Node 111: Job(141, Point(49, 140, 1), -7, 876, 1116, 10, 90, 0)
Node 112: Job(165, Point(28, 62, 0), -20, 724, 964, 10, 91, 0)
Node 113: Job(89, Point(54, 106, 0), -15, 1117, 1357, 10, 94, 0)
Node 114: Job(21, Point(109, 139, 1), -16, 392, 632, 10, 95, 0)
Node 115: Job(175, Point(90, 14, 1), -21, 1796, 2036, 10, 96, 0)
Node 116: Job(132, Point(140, 36, 1), -4, 0, 2448, 10, 100, 0)
Node 117: Job(136, Point(92, 138, 0), -23, 0, 2454, 10, 101, 0)
Node 118: Job(105, Point(19, 120, 0), -21, 0, 2454, 10, 102, 0)
Node 119: Job(76, Point(9, 19, 0), -35, 1431, 1671, 10, 104, 0)
Node 120: Job(153, Point(35, 90, 0), -15, 1723, 1963, 10, 110, 0)
Node 121: Job(133, Point(50, 112, 1), -10, 867, 1107, 10, 115, 0)
Node 122: Job(0, Point(70, 70, 0), 0, 0, 2535, 0, 0, 0)

### Preprocessing Data ###
	-> arcs: 14884 (100.0%)
	-> arc_removals: 6747 (45.33%)
	-> arc_removals_is_loop: 122 (0.82%)
	-> arc_removals_is_delivery_to_pickup: 62 (0.42%)
	-> arc_removals_is_depot_begin_to_delivery: 60 (0.4%)
	-> arc_removals_is_pickup_to_depot_end: 60 (0.4%)
	-> arc_removals_is_dest_depot_begin: 120 (0.81%)
	-> arc_removals_is_orig_depot_end: 119 (0.8%)
	-> arc_removals_is_capacity_violated: 0 (0.0%)
	-> arc_removals_is_time_window_limited: 4626 (31.08%)
	-> arc_removals_is_time_window_pairing_limited: 1145 (7.69%)
	-> arc_removals_is_indirect_request_service_impossible: 433 (2.91%)
	-> gamma_vars: 0 (0%)
	-> feas_gamma_vars: 0 (0%)
	-> infeas_gamma_vars_is_next_mtrv_unreachable: 0 (0%)
	-> infeas_gamma_vars_is_iprime_jprime_eq_i_j: 0 (0%)
	-> machine_removal_for_an_arc: 0 (0.0%)
##########################

[19:36:34.304] Print configuration
------------------------------------------------------
"
[19:36:34.304] Running Multi Start Heuristic"
> Experiment started at 2025-10-09T19:36:34.304
> Instance: LR2_2_6_t2_60R_60V_02F_05M
> Algorithm Parameters:


	>Stop params:
		>  - rule ITERATIONS
		>  - argument 60000.0
		>  - maximum_time 3600

	>General params:
		>  - instPath /dados/rmelo/PDPTW-SE/benchmark_multi_floor_v3/official_experiments/multistartlp/preliminar/set_01_pt_03/../../../../instances/orig_ams_fg/60R_60V_02F_06M/t2/LR2_2_6/
		>  - name LR2_2_6
		>  - type t2
		>  - group 60R_60V_02F_05M
		>  - fullname LR2_2_6_t2_60R_60V_02F_05M
		>  - methodType heur
		>  - methodCode mslp
		>  - genconfigfile /dados/rmelo/PDPTW-SE/benchmark_multi_floor_v3/official_experiments/multistartlp/preliminar/set_01_pt_03/configs/genconfig_mslp.conf
		>  - genconfigfilename genconfig_mslp
		>  - greedy_service_order random
		>  - cutoff 0
		>  - cutoffmachs 5
		>  - num_machs 0
		>  - solver Gurobi
		>  - maxtime 3600
		>  - gurobiCuts 1
		>  - typeUserCut 0
		>  - mipPresolve -1
		>  - printsol 1
		>  - maxnodes -1
		>  - elevator 1
		>  - make_instance_feasible false
		>  - output /dados/rmelo/PDPTW-SE/benchmark_multi_floor_v3/official_experiments/multistartlp/preliminar/set_01_pt_03/logs
		>  - suff_outputs _seed_87_alpha_10p
		>  - suff_csv _bash_2_rb
		>  - epsilon 0.005
		>  - epsilonCap 0.5
		>  - warmStart false
		>  - seed 87
		>  - rng Random.MersenneTwister(87)
		>  - alpha 0.1
		>  - maxiter 1000000
		>  - outputFlagGrbMIP 0
		>  - outputFlagGrbMSLP 0
		>  - outputFlagGrbLMNS 0
		>  - mslpr I
		>  - mslpa 60000
		>  - lmnsr M
		>  - lmnsa 60
		>  - lmnsRepairTime 30.0
		>  - lmnsMIPFocus 0
		>  - lmnsGapToBiggerDestruction 50
		>  - lmnsGapToSmallerDestruction 95
		>  - lmnsWeightShawDistProx 1.0
		>  - lmnsWeightShawEarlProx 1.0
		>  - lmnsWeightShawSameRoute 1.0
		>  - lmnsWeightShawDemandSim 1.0
		>  - lmnsReqRApplyMIPStart true
		>  - lmnsAcceptanceCriteria H
		>  - lmnsMetropolisTemp 100.0
		>  - lmnsSimulatedAnnealingTemp 100.0
		>  - lmnsSimulatedAnnealingCool 0.95
		>  - mipmaxtime 3600
		>  - csvfilename /dados/rmelo/PDPTW-SE/benchmark_multi_floor_v3/official_experiments/multistartlp/preliminar/set_01_pt_03/logs/heur_mslp/outputs/csvresults_heur_mslp_bash_2_rb.csv
		>  - solfilename /dados/rmelo/PDPTW-SE/benchmark_multi_floor_v3/official_experiments/multistartlp/preliminar/set_01_pt_03/logs/heur_mslp/solutions/60R_60V_02F_05M/LR2_2_6_sol_genconfig_mslp_seed_87_alpha_10p.txt
		>  - timelineFilename /dados/rmelo/PDPTW-SE/benchmark_multi_floor_v3/official_experiments/multistartlp/preliminar/set_01_pt_03/logs/heur_mslp/timelines/60R_60V_02F_05M/LR2_2_6_timeline_genconfig_mslp_seed_87_alpha_10p.txt
		>  - grbFilename /dados/rmelo/PDPTW-SE/benchmark_multi_floor_v3/official_experiments/multistartlp/preliminar/set_01_pt_03/logs/heur_mslp/gurobi/60R_60V_02F_05M/LR2_2_6_grb_genconfig_mslp_seed_87_alpha_10p.log
		>  - threads 1
		>  - solverMethod AUTOMATIC

------------------------------------------------------

[19:36:34.408] Starting running MSLP
objValue;greedysol;iteration;time
11208.52;11532.47;1;0.059310
11130.43;12147.82;2428;156.557315
11091.01;11686.27;2983;192.221787
11060.44;11574.29;3784;243.636380
11015.60;11647.73;32784;2105.345288
10648.12;11376.23;47291;3031.183544

[20:37:36.591] Finished running MSLP
System CPU time: 33.81 seconds

[20:37:36.66] Post running MSLP
Best solution value: 10648.12
Total time elapsed: 3600.014230
Time to best: 3031.183544
Iterations: 56219
Iterations to best: 47291
Improvements: 6
Infeasible solutions percentage: (0 / 56219) = 0.0000 %
(LP improvements)/(LP runs) = 56219/56219 = 100.0000 %
Mean LP improvement percentage: 5.2335 %
[20:37:36.904] Writing results to CSV file: /dados/rmelo/PDPTW-SE/benchmark_multi_floor_v3/official_experiments/multistartlp/preliminar/set_01_pt_03/logs/heur_mslp/outputs/csvresults_heur_mslp_bash_2_rb.csv

[20:37:38.889] Saving solution to file:/dados/rmelo/PDPTW-SE/benchmark_multi_floor_v3/official_experiments/multistartlp/preliminar/set_01_pt_03/logs/heur_mslp/solutions/60R_60V_02F_05M/LR2_2_6_sol_genconfig_mslp_seed_87_alpha_10p.txt

[20:37:38.889] Saving solution timeline to file: /dados/rmelo/PDPTW-SE/benchmark_multi_floor_v3/official_experiments/multistartlp/preliminar/set_01_pt_03/logs/heur_mslp/timelines/60R_60V_02F_05M/LR2_2_6_timeline_genconfig_mslp_seed_87_alpha_10p.txt
---------------------| VEHICLES |---------------------

Vehicle 6 :
	id: 0
		node: 1
		(x, y, z): (70, 70, 0)
		dem: 0
		earl: 0
		lat: 2535
		servt: 0
		pid: 0
		did: 0
		servST: 37.030000000000015
		(h, h_ind): (-1, 0)
		load: 0.0

	Finished service at time: 37.030000000000015

	Task 0 -> Task 74: 31.83
	Vehicle arrival at task: 68.86000000000001
	Waiting time until service start time: 0.0

	id: 74
		node: 44
		(x, y, z): (48, 47, 0)
		dem: 19
		earl: 31
		lat: 271
		servt: 10
		pid: 0
		did: 62
		servST: 68.86000000000001
		(h, h_ind): (-1, 0)
		load: 19.0

	Finished service at time: 78.86000000000001

	Using Machine: 4
		Task 74 -> Machine 4 (Station 1): 37.01
		Vehicle arrival at machine station: 115.87
		Waiting time until machine travel: 0.0

		Machine travel start time: 115.87
		Region 0 -> Region 1: 5.0
		Machine arrival at machine station: 120.87

		Machine 4 (Station 2)-> Task 61: 31.38
		Vehicle arrival at task: 152.25
		Waiting time until service start time: 0.0

	id: 61
		node: 37
		(x, y, z): (104, 54, 1)
		dem: 13
		earl: 150
		lat: 390
		servt: 10
		pid: 0
		did: 193
		servST: 152.25
		(h, h_ind): (4, 1)
		load: 32.0

	Finished service at time: 162.25

	Using Machine: 4
		Task 61 -> Machine 4 (Station 2): 31.38
		Vehicle arrival at machine station: 193.63
		Waiting time until machine travel: 0.0

		Machine travel start time: 193.63
		Region 1 -> Region 0: 5.0
		Machine arrival at machine station: 198.63

		Machine 4 (Station 1)-> Task 62: 43.57
		Vehicle arrival at task: 242.2
		Waiting time until service start time: 0.0

	id: 62
		node: 104
		(x, y, z): (54, 33, 0)
		dem: -19
		earl: 41
		lat: 281
		servt: 10
		pid: 74
		did: 0
		servST: 242.2
		(h, h_ind): (4, 3)
		load: 13.0

	Finished service at time: 252.2

	Task 62 -> Task 4: 36.8
	Vehicle arrival at task: 289.0
	Waiting time until service start time: 0.0

	id: 4
		node: 3
		(x, y, z): (29, 60, 0)
		dem: 14
		earl: 49
		lat: 289
		servt: 10
		pid: 0
		did: 118
		servST: 289.0
		(h, h_ind): (-1, 0)
		load: 27.0

	Finished service at time: 299.0

	Task 4 -> Task 36: 26.83
	Vehicle arrival at task: 325.83
	Waiting time until service start time: 0.0

	id: 36
		node: 25
		(x, y, z): (41, 36, 0)
		dem: 13
		earl: 146
		lat: 386
		servt: 10
		pid: 0
		did: 162
		servST: 325.83
		(h, h_ind): (-1, 0)
		load: 40.0

	Finished service at time: 335.83

	Task 36 -> Task 75: 73.06
	Vehicle arrival at task: 408.89
	Waiting time until service start time: 0.0

	id: 75
		node: 45
		(x, y, z): (104, 73, 0)
		dem: 17
		earl: 0
		lat: 2491
		servt: 10
		pid: 0
		did: 138
		servST: 408.89
		(h, h_ind): (-1, 0)
		load: 57.0

	Finished service at time: 418.89

	Using Machine: 4
		Task 75 -> Machine 4 (Station 1): 27.17
		Vehicle arrival at machine station: 446.06
		Waiting time until machine travel: 0.0

		Machine travel start time: 446.06
		Region 0 -> Region 1: 5.0
		Machine arrival at machine station: 451.06

		Machine 4 (Station 2)-> Task 118: 50.61
		Vehicle arrival at task: 501.67
		Waiting time until service start time: 0.0

	id: 118
		node: 63
		(x, y, z): (108, 30, 1)
		dem: -14
		earl: 323
		lat: 563
		servt: 10
		pid: 4
		did: 0
		servST: 501.67
		(h, h_ind): (4, 6)
		load: 43.0

	Finished service at time: 511.67

	Task 118 -> Task 162: 53.49
	Vehicle arrival at task: 565.16
	Waiting time until service start time: 0.0

	id: 162
		node: 85
		(x, y, z): (58, 11, 1)
		dem: -13
		earl: 448
		lat: 688
		servt: 10
		pid: 36
		did: 0
		servST: 565.16
		(h, h_ind): (-1, 0)
		load: 30.0

	Finished service at time: 575.16

	Task 162 -> Task 32: 129.38
	Vehicle arrival at task: 704.54
	Waiting time until service start time: 0.0

	id: 32
		node: 22
		(x, y, z): (121, 124, 1)
		dem: 21
		earl: 539
		lat: 779
		servt: 10
		pid: 0
		did: 183
		servST: 704.54
		(h, h_ind): (-1, 0)
		load: 51.0

	Finished service at time: 714.54

	Using Machine: 4
		Task 32 -> Machine 4 (Station 2): 69.66
		Vehicle arrival at machine station: 784.1999999999999
		Waiting time until machine travel: 2.98

		Machine travel start time: 787.1800000000001
		Region 1 -> Region 0: 5.0
		Machine arrival at machine station: 792.1800000000001

		Machine 4 (Station 1)-> Task 193: 82.76
		Vehicle arrival at task: 874.94
		Waiting time until service start time: 0.0

	id: 193
		node: 97
		(x, y, z): (137, 127, 0)
		dem: -13
		earl: 0
		lat: 2438
		servt: 10
		pid: 61
		did: 0
		servST: 874.94
		(h, h_ind): (4, 11)
		load: 38.0

	Finished service at time: 884.94

	Using Machine: 3
		Task 193 -> Machine 3 (Station 1): 90.27
		Vehicle arrival at machine station: 975.21
		Waiting time until machine travel: 0.0

		Machine travel start time: 975.21
		Region 0 -> Region 1: 5.0
		Machine arrival at machine station: 980.21

		Machine 3 (Station 2)-> Task 87: 33.06
		Vehicle arrival at task: 1013.27
		Waiting time until service start time: 0.0

	id: 87
		node: 49
		(x, y, z): (34, 72, 1)
		dem: 21
		earl: 0
		lat: 2489
		servt: 10
		pid: 0
		did: 158
		servST: 1013.27
		(h, h_ind): (3, 6)
		load: 59.0

	Finished service at time: 1023.27

	Using Machine: 3
		Task 87 -> Machine 3 (Station 2): 33.06
		Vehicle arrival at machine station: 1056.33
		Waiting time until machine travel: 5.13

		Machine travel start time: 1061.46
		Region 1 -> Region 0: 5.0
		Machine arrival at machine station: 1066.46

		Machine 3 (Station 1)-> Task 183: 21.02
		Vehicle arrival at task: 1087.48
		Waiting time until service start time: 0.0

	id: 183
		node: 82
		(x, y, z): (66, 91, 0)
		dem: -21
		earl: 0
		lat: 2504
		servt: 10
		pid: 32
		did: 0
		servST: 1087.48
		(h, h_ind): (3, 8)
		load: 38.0

	Finished service at time: 1097.48

	Task 183 -> Task 57: 24.19
	Vehicle arrival at task: 1121.67
	Waiting time until service start time: 0.0

	id: 57
		node: 34
		(x, y, z): (69, 115, 0)
		dem: 20
		earl: 0
		lat: 2480
		servt: 10
		pid: 0
		did: 112
		servST: 1121.67
		(h, h_ind): (-1, 0)
		load: 58.0

	Finished service at time: 1131.67

	Task 57 -> Task 158: 75.5
	Vehicle arrival at task: 1207.17
	Waiting time until service start time: 0.0

	id: 158
		node: 109
		(x, y, z): (54, 41, 0)
		dem: -21
		earl: 1065
		lat: 1305
		servt: 10
		pid: 87
		did: 0
		servST: 1207.17
		(h, h_ind): (-1, 0)
		load: 37.0

	Finished service at time: 1217.17

	Task 158 -> Task 101: 90.48
	Vehicle arrival at task: 1307.65
	Waiting time until service start time: 0.0

	id: 101
		node: 57
		(x, y, z): (139, 72, 0)
		dem: 23
		earl: 1288
		lat: 1528
		servt: 10
		pid: 0
		did: 136
		servST: 1307.65
		(h, h_ind): (-1, 0)
		load: 60.0

	Finished service at time: 1317.65

	Task 101 -> Task 138: 47.43
	Vehicle arrival at task: 1365.0800000000002
	Waiting time until service start time: 0.0

	id: 138
		node: 105
		(x, y, z): (100, 99, 0)
		dem: -17
		earl: 1136
		lat: 1376
		servt: 10
		pid: 75
		did: 0
		servST: 1365.0800000000002
		(h, h_ind): (-1, 0)
		load: 43.0

	Finished service at time: 1375.0800000000002

	Task 138 -> Task 42: 51.08
	Vehicle arrival at task: 1426.16
	Waiting time until service start time: 10.84

	id: 42
		node: 29
		(x, y, z): (120, 52, 0)
		dem: 20
		earl: 1437
		lat: 1677
		servt: 10
		pid: 0
		did: 51
		servST: 1437.0
		(h, h_ind): (-1, 0)
		load: 63.0

	Finished service at time: 1447.0

	Task 42 -> Task 51: 52.8
	Vehicle arrival at task: 1499.8
	Waiting time until service start time: 12.38

	id: 51
		node: 89
		(x, y, z): (98, 4, 0)
		dem: -20
		earl: 0
		lat: 2454
		servt: 10
		pid: 42
		did: 0
		servST: 1512.18
		(h, h_ind): (-1, 0)
		load: 43.0

	Finished service at time: 1522.18

	Task 51 -> Task 112: 83.82
	Vehicle arrival at task: 1606.0
	Waiting time until service start time: 0.0

	id: 112
		node: 94
		(x, y, z): (123, 84, 0)
		dem: -20
		earl: 1606
		lat: 1846
		servt: 10
		pid: 57
		did: 0
		servST: 1606.0
		(h, h_ind): (-1, 0)
		load: 23.0

	Finished service at time: 1616.0

	Task 112 -> Task 136: 62.27
	Vehicle arrival at task: 1678.27
	Waiting time until service start time: 0.0

	id: 136
		node: 117
		(x, y, z): (92, 138, 0)
		dem: -23
		earl: 0
		lat: 2454
		servt: 10
		pid: 101
		did: 0
		servST: 1678.27
		(h, h_ind): (-1, 0)
		load: 0.0

	Finished service at time: 1688.27

	Task 136 -> Task 0: 71.47
	Vehicle arrival at task: 1759.74
	Waiting time until service start time: 0.0

	id: 0
		node: 122
		(x, y, z): (70, 70, 0)
		dem: 0
		earl: 0
		lat: 2535
		servt: 0
		pid: 0
		did: 0
		servST: 1759.74
		(h, h_ind): (-1, 0)
		load: 0.0


Vehicle 16 :
	id: 0
		node: 1
		(x, y, z): (70, 70, 0)
		dem: 0
		earl: 0
		lat: 2535
		servt: 0
		pid: 0
		did: 0
		servST: 3.150000000000041
		(h, h_ind): (-1, 0)
		load: 0.0

	Finished service at time: 3.150000000000041

	Using Machine: 1
		Task 0 -> Machine 1 (Station 1): 1.0
		Vehicle arrival at machine station: 4.150000000000041
		Waiting time until machine travel: 0.0

		Machine travel start time: 4.150000000000041
		Region 0 -> Region 1: 5.0
		Machine arrival at machine station: 9.150000000000041

		Machine 1 (Station 2)-> Task 8: 41.98
		Vehicle arrival at task: 51.13000000000004
		Waiting time until service start time: 0.0

	id: 8
		node: 6
		(x, y, z): (78, 111, 1)
		dem: 22
		earl: 47
		lat: 287
		servt: 10
		pid: 0
		did: 170
		servST: 51.13000000000004
		(h, h_ind): (1, 1)
		load: 22.0

	Finished service at time: 61.13000000000004

	Task 8 -> Task 41: 54.08
	Vehicle arrival at task: 115.21000000000004
	Waiting time until service start time: 0.0

	id: 41
		node: 28
		(x, y, z): (81, 57, 1)
		dem: 8
		earl: 17
		lat: 257
		servt: 10
		pid: 0
		did: 169
		servST: 115.21000000000004
		(h, h_ind): (-1, 0)
		load: 30.0

	Finished service at time: 125.21000000000004

	Using Machine: 4
		Task 41 -> Machine 4 (Station 2): 13.6
		Vehicle arrival at machine station: 138.81000000000003
		Waiting time until machine travel: 0.0

		Machine travel start time: 138.81000000000003
		Region 1 -> Region 0: 5.0
		Machine arrival at machine station: 143.81000000000003

		Machine 4 (Station 1)-> Task 47: 29.07
		Vehicle arrival at task: 172.88000000000002
		Waiting time until service start time: 0.0

	id: 47
		node: 31
		(x, y, z): (90, 44, 0)
		dem: 6
		earl: 149
		lat: 389
		servt: 10
		pid: 0
		did: 92
		servST: 172.88000000000002
		(h, h_ind): (4, 2)
		load: 36.0

	Finished service at time: 182.88000000000002

	Using Machine: 0
		Task 47 -> Machine 0 (Station 1): 31.06
		Vehicle arrival at machine station: 213.94000000000003
		Waiting time until machine travel: 0.0

		Machine travel start time: 213.94000000000003
		Region 0 -> Region 1: 5.0
		Machine arrival at machine station: 218.94000000000003

		Machine 0 (Station 2)-> Task 33: 51.4
		Vehicle arrival at task: 270.34000000000003
		Waiting time until service start time: 0.0

	id: 33
		node: 23
		(x, y, z): (42, 29, 1)
		dem: 12
		earl: 180
		lat: 420
		servt: 10
		pid: 0
		did: 120
		servST: 270.34000000000003
		(h, h_ind): (0, 1)
		load: 48.0

	Finished service at time: 280.34000000000003

	Task 33 -> Task 45: 84.12
	Vehicle arrival at task: 364.46000000000004
	Waiting time until service start time: 0.0

	id: 45
		node: 30
		(x, y, z): (82, 103, 1)
		dem: 15
		earl: 0
		lat: 2490
		servt: 10
		pid: 0
		did: 161
		servST: 364.46000000000004
		(h, h_ind): (-1, 0)
		load: 63.0

	Finished service at time: 374.46000000000004

	Using Machine: 1
		Task 45 -> Machine 1 (Station 2): 35.47
		Vehicle arrival at machine station: 409.93000000000006
		Waiting time until machine travel: -0.0

		Machine travel start time: 409.93
		Region 1 -> Region 0: 5.0
		Machine arrival at machine station: 414.93

		Machine 1 (Station 1)-> Task 161: 67.07
		Vehicle arrival at task: 482.0
		Waiting time until service start time: 0.0

	id: 161
		node: 90
		(x, y, z): (46, 133, 0)
		dem: -15
		earl: 242
		lat: 482
		servt: 10
		pid: 45
		did: 0
		servST: 482.0
		(h, h_ind): (1, 2)
		load: 48.0

	Finished service at time: 492.0

	Using Machine: 4
		Task 161 -> Machine 4 (Station 1): 70.21
		Vehicle arrival at machine station: 562.21
		Waiting time until machine travel: 0.0

		Machine travel start time: 562.21
		Region 0 -> Region 1: 5.0
		Machine arrival at machine station: 567.21

		Machine 4 (Station 2)-> Task 19: 46.62
		Vehicle arrival at task: 613.83
		Waiting time until service start time: 27.24

	id: 19
		node: 13
		(x, y, z): (104, 32, 1)
		dem: 18
		earl: 479
		lat: 719
		servt: 10
		pid: 0
		did: 188
		servST: 641.0699999999999
		(h, h_ind): (4, 8)
		load: 66.0

	Finished service at time: 651.0699999999999

	Task 19 -> Task 170: 105.68
	Vehicle arrival at task: 756.75
	Waiting time until service start time: 0.0

	id: 170
		node: 66
		(x, y, z): (12, 84, 1)
		dem: -22
		earl: 735
		lat: 975
		servt: 10
		pid: 8
		did: 0
		servST: 756.75
		(h, h_ind): (-1, 0)
		load: 44.0

	Finished service at time: 766.75

	Task 170 -> Task 92: 95.52
	Vehicle arrival at task: 862.27
	Waiting time until service start time: 0.0

	id: 92
		node: 91
		(x, y, z): (102, 52, 1)
		dem: -6
		earl: 0
		lat: 2489
		servt: 10
		pid: 47
		did: 0
		servST: 862.27
		(h, h_ind): (-1, 0)
		load: 38.0

	Finished service at time: 872.27

	Task 92 -> Task 81: 44.28
	Vehicle arrival at task: 916.55
	Waiting time until service start time: 0.0

	id: 81
		node: 48
		(x, y, z): (83, 12, 1)
		dem: 29
		earl: 861
		lat: 1101
		servt: 10
		pid: 0
		did: 2
		servST: 916.55
		(h, h_ind): (-1, 0)
		load: 67.0

	Finished service at time: 926.55

	Task 81 -> Task 120: 13.45
	Vehicle arrival at task: 940.0
	Waiting time until service start time: 0.0

	id: 120
		node: 83
		(x, y, z): (92, 22, 1)
		dem: -12
		earl: 700
		lat: 940
		servt: 10
		pid: 33
		did: 0
		servST: 940.0
		(h, h_ind): (-1, 0)
		load: 55.0

	Finished service at time: 950.0

	Task 120 -> Task 38: 81.39
	Vehicle arrival at task: 1031.39
	Waiting time until service start time: 136.8

	id: 38
		node: 26
		(x, y, z): (107, 102, 1)
		dem: 12
		earl: 0
		lat: 2477
		servt: 10
		pid: 0
		did: 159
		servST: 1168.19
		(h, h_ind): (-1, 0)
		load: 67.0

	Finished service at time: 1178.19

	Task 38 -> Task 159: 35.81
	Vehicle arrival at task: 1214.0
	Waiting time until service start time: 0.0

	id: 159
		node: 86
		(x, y, z): (136, 123, 1)
		dem: -12
		earl: 1214
		lat: 1454
		servt: 10
		pid: 38
		did: 0
		servST: 1214.0
		(h, h_ind): (-1, 0)
		load: 55.0

	Finished service at time: 1224.0

	Task 159 -> Task 2: 132.02
	Vehicle arrival at task: 1356.02
	Waiting time until service start time: 133.98

	id: 2
		node: 108
		(x, y, z): (26, 50, 1)
		dem: -29
		earl: 1490
		lat: 1730
		servt: 10
		pid: 81
		did: 0
		servST: 1490.0
		(h, h_ind): (-1, 0)
		load: 26.0

	Finished service at time: 1500.0

	Using Machine: 3
		Task 2 -> Machine 3 (Station 2): 45.62
		Vehicle arrival at machine station: 1545.62
		Waiting time until machine travel: 0.0

		Machine travel start time: 1545.62
		Region 1 -> Region 0: 5.0
		Machine arrival at machine station: 1550.62

		Machine 3 (Station 1)-> Task 188: 80.16
		Vehicle arrival at task: 1630.78
		Waiting time until service start time: 0.0

	id: 188
		node: 73
		(x, y, z): (15, 9, 0)
		dem: -18
		earl: 1581
		lat: 1821
		servt: 10
		pid: 19
		did: 0
		servST: 1630.78
		(h, h_ind): (3, 11)
		load: 8.0

	Finished service at time: 1640.78

	Task 188 -> Task 169: 90.47
	Vehicle arrival at task: 1731.25
	Waiting time until service start time: 0.0

	id: 169
		node: 88
		(x, y, z): (51, 92, 0)
		dem: -8
		earl: 1731
		lat: 1971
		servt: 10
		pid: 41
		did: 0
		servST: 1731.25
		(h, h_ind): (-1, 0)
		load: 0.0

	Finished service at time: 1741.25

	Task 169 -> Task 0: 29.07
	Vehicle arrival at task: 1770.32
	Waiting time until service start time: 0.0

	id: 0
		node: 122
		(x, y, z): (70, 70, 0)
		dem: 0
		earl: 0
		lat: 2535
		servt: 0
		pid: 0
		did: 0
		servST: 1770.32
		(h, h_ind): (-1, 0)
		load: 0.0


Vehicle 19 :
	id: 0
		node: 1
		(x, y, z): (70, 70, 0)
		dem: 0
		earl: 0
		lat: 2535
		servt: 0
		pid: 0
		did: 0
		servST: 27.500000000000135
		(h, h_ind): (-1, 0)
		load: 0.0

	Finished service at time: 27.500000000000135

	Task 0 -> Task 56: 34.0
	Vehicle arrival at task: 61.500000000000135
	Waiting time until service start time: 0.0

	id: 56
		node: 33
		(x, y, z): (86, 40, 0)
		dem: 22
		earl: 0
		lat: 2491
		servt: 10
		pid: 0
		did: 116
		servST: 61.500000000000135
		(h, h_ind): (-1, 0)
		load: 22.0

	Finished service at time: 71.50000000000014

	Using Machine: 3
		Task 56 -> Machine 3 (Station 1): 35.51
		Vehicle arrival at machine station: 107.01000000000013
		Waiting time until machine travel: 0.0

		Machine travel start time: 107.01000000000013
		Region 0 -> Region 1: 5.0
		Machine arrival at machine station: 112.01000000000013

		Machine 3 (Station 2)-> Task 34: 25.94
		Vehicle arrival at task: 137.95000000000013
		Waiting time until service start time: 0.0

	id: 34
		node: 24
		(x, y, z): (44, 58, 1)
		dem: 30
		earl: 28
		lat: 268
		servt: 10
		pid: 0
		did: 179
		servST: 137.95000000000013
		(h, h_ind): (3, 1)
		load: 52.0

	Finished service at time: 147.95000000000013

	Task 34 -> Task 116: 48.85
	Vehicle arrival at task: 196.80000000000013
	Waiting time until service start time: 0.0

	id: 116
		node: 93
		(x, y, z): (89, 39, 1)
		dem: -22
		earl: 36
		lat: 276
		servt: 10
		pid: 56
		did: 0
		servST: 196.80000000000013
		(h, h_ind): (-1, 0)
		load: 30.0

	Finished service at time: 206.80000000000013

	Task 116 -> Task 23: 26.4
	Vehicle arrival at task: 233.20000000000013
	Waiting time until service start time: 0.0

	id: 23
		node: 15
		(x, y, z): (78, 63, 1)
		dem: 19
		earl: 10
		lat: 250
		servt: 10
		pid: 0
		did: 66
		servST: 233.20000000000013
		(h, h_ind): (-1, 0)
		load: 49.0

	Finished service at time: 243.20000000000013

	Using Machine: 4
		Task 23 -> Machine 4 (Station 2): 7.07
		Vehicle arrival at machine station: 250.27000000000012
		Waiting time until machine travel: 0.0

		Machine travel start time: 250.27000000000012
		Region 1 -> Region 0: 5.0
		Machine arrival at machine station: 255.27000000000012

		Machine 4 (Station 1)-> Task 18: 2.83
		Vehicle arrival at task: 258.10000000000014
		Waiting time until service start time: 0.0

	id: 18
		node: 12
		(x, y, z): (79, 72, 0)
		dem: 22
		earl: 0
		lat: 2516
		servt: 10
		pid: 0
		did: 143
		servST: 258.10000000000014
		(h, h_ind): (4, 4)
		load: 71.0

	Finished service at time: 268.10000000000014

	Task 18 -> Task 143: 48.02
	Vehicle arrival at task: 316.1200000000001
	Waiting time until service start time: 0.0

	id: 143
		node: 72
		(x, y, z): (120, 47, 0)
		dem: -22
		earl: 100
		lat: 340
		servt: 10
		pid: 18
		did: 0
		servST: 316.1200000000001
		(h, h_ind): (-1, 0)
		load: 49.0

	Finished service at time: 326.1200000000001

	Task 143 -> Task 179: 64.62
	Vehicle arrival at task: 390.7400000000001
	Waiting time until service start time: 0.0

	id: 179
		node: 84
		(x, y, z): (60, 23, 0)
		dem: -30
		earl: 155
		lat: 395
		servt: 10
		pid: 34
		did: 0
		servST: 390.7400000000001
		(h, h_ind): (-1, 0)
		load: 19.0

	Finished service at time: 400.7400000000001

	Using Machine: 3
		Task 179 -> Machine 3 (Station 1): 47.52
		Vehicle arrival at machine station: 448.2600000000001
		Waiting time until machine travel: 0.0

		Machine travel start time: 448.2600000000001
		Region 0 -> Region 1: 5.0
		Machine arrival at machine station: 453.2600000000001

		Machine 3 (Station 2)-> Task 91: 58.01
		Vehicle arrival at task: 511.2700000000001
		Waiting time until service start time: 0.0

	id: 91
		node: 52
		(x, y, z): (33, 117, 1)
		dem: 20
		earl: 316
		lat: 556
		servt: 10
		pid: 0
		did: 165
		servST: 511.2700000000001
		(h, h_ind): (3, 2)
		load: 39.0

	Finished service at time: 521.2700000000001

	Task 91 -> Task 30: 38.6
	Vehicle arrival at task: 559.8700000000001
	Waiting time until service start time: 0.0

	id: 30
		node: 20
		(x, y, z): (10, 86, 1)
		dem: 14
		earl: 0
		lat: 2463
		servt: 10
		pid: 0
		did: 176
		servST: 559.8700000000001
		(h, h_ind): (-1, 0)
		load: 53.0

	Finished service at time: 569.8700000000001

	Using Machine: 3
		Task 30 -> Machine 3 (Station 2): 59.2
		Vehicle arrival at machine station: 629.0700000000002
		Waiting time until machine travel: 0.0

		Machine travel start time: 629.0700000000002
		Region 1 -> Region 0: 5.0
		Machine arrival at machine station: 634.0700000000002

		Machine 3 (Station 1)-> Task 94: 59.91
		Vehicle arrival at task: 693.9800000000001
		Waiting time until service start time: 0.0

	id: 94
		node: 53
		(x, y, z): (34, 20, 0)
		dem: 15
		earl: 542
		lat: 782
		servt: 10
		pid: 0
		did: 89
		servST: 693.9800000000001
		(h, h_ind): (3, 3)
		load: 68.0

	Finished service at time: 703.9800000000001

	Task 94 -> Task 165: 42.43
	Vehicle arrival at task: 746.4100000000001
	Waiting time until service start time: 0.0

	id: 165
		node: 112
		(x, y, z): (28, 62, 0)
		dem: -20
		earl: 724
		lat: 964
		servt: 10
		pid: 91
		did: 0
		servST: 746.4100000000001
		(h, h_ind): (-1, 0)
		load: 48.0

	Finished service at time: 756.4100000000001

	Using Machine: 3
		Task 165 -> Machine 3 (Station 1): 39.81
		Vehicle arrival at machine station: 796.22
		Waiting time until machine travel: 0.0

		Machine travel start time: 796.22
		Region 0 -> Region 1: 5.0
		Machine arrival at machine station: 801.22

		Machine 3 (Station 2)-> Task 115: 27.51
		Vehicle arrival at task: 828.73
		Waiting time until service start time: 0.0

	id: 115
		node: 61
		(x, y, z): (93, 61, 1)
		dem: 10
		earl: 0
		lat: 2501
		servt: 10
		pid: 0
		did: 133
		servST: 828.73
		(h, h_ind): (3, 4)
		load: 58.0

	Finished service at time: 838.73

	Task 115 -> Task 133: 66.71
	Vehicle arrival at task: 905.44
	Waiting time until service start time: 0.0

	id: 133
		node: 121
		(x, y, z): (50, 112, 1)
		dem: -10
		earl: 867
		lat: 1107
		servt: 10
		pid: 115
		did: 0
		servST: 905.44
		(h, h_ind): (-1, 0)
		load: 48.0

	Finished service at time: 915.44

	Task 133 -> Task 14: 29.12
	Vehicle arrival at task: 944.5600000000001
	Waiting time until service start time: 0.0

	id: 14
		node: 9
		(x, y, z): (22, 104, 1)
		dem: 11
		earl: 865
		lat: 1105
		servt: 10
		pid: 0
		did: 113
		servST: 944.5600000000001
		(h, h_ind): (-1, 0)
		load: 59.0

	Finished service at time: 954.5600000000001

	Task 14 -> Task 3: 47.68
	Vehicle arrival at task: 1002.24
	Waiting time until service start time: 0.0

	id: 3
		node: 2
		(x, y, z): (30, 57, 1)
		dem: 20
		earl: 861
		lat: 1101
		servt: 10
		pid: 0
		did: 173
		servST: 1002.24
		(h, h_ind): (-1, 0)
		load: 79.0

	Finished service at time: 1012.24

	Using Machine: 3
		Task 3 -> Machine 3 (Station 2): 39.22
		Vehicle arrival at machine station: 1051.46
		Waiting time until machine travel: 0.0

		Machine travel start time: 1051.46
		Region 1 -> Region 0: 5.0
		Machine arrival at machine station: 1056.46

		Machine 3 (Station 1)-> Task 66: 59.54
		Vehicle arrival at task: 1116.0
		Waiting time until service start time: 0.0

	id: 66
		node: 75
		(x, y, z): (38, 122, 0)
		dem: -19
		earl: 876
		lat: 1116
		servt: 10
		pid: 23
		did: 0
		servST: 1116.0
		(h, h_ind): (3, 7)
		load: 60.0

	Finished service at time: 1126.0

	Task 66 -> Task 176: 24.08
	Vehicle arrival at task: 1150.08
	Waiting time until service start time: 0.0

	id: 176
		node: 80
		(x, y, z): (20, 106, 0)
		dem: -14
		earl: 1041
		lat: 1281
		servt: 10
		pid: 30
		did: 0
		servST: 1150.08
		(h, h_ind): (-1, 0)
		load: 46.0

	Finished service at time: 1160.08

	Task 176 -> Task 70: 35.47
	Vehicle arrival at task: 1195.55
	Waiting time until service start time: 15.45

	id: 70
		node: 41
		(x, y, z): (47, 83, 0)
		dem: 1
		earl: 1211
		lat: 1451
		servt: 10
		pid: 0
		did: 155
		servST: 1211.0
		(h, h_ind): (-1, 0)
		load: 47.0

	Finished service at time: 1221.0

	Task 70 -> Task 16: 23.19
	Vehicle arrival at task: 1244.19
	Waiting time until service start time: 0.0

	id: 16
		node: 11
		(x, y, z): (50, 106, 0)
		dem: 25
		earl: 1221
		lat: 1461
		servt: 10
		pid: 0
		did: 22
		servST: 1244.19
		(h, h_ind): (-1, 0)
		load: 72.0

	Finished service at time: 1254.19

	Task 16 -> Task 89: 4.0
	Vehicle arrival at task: 1258.19
	Waiting time until service start time: 0.0

	id: 89
		node: 113
		(x, y, z): (54, 106, 0)
		dem: -15
		earl: 1117
		lat: 1357
		servt: 10
		pid: 94
		did: 0
		servST: 1258.19
		(h, h_ind): (-1, 0)
		load: 57.0

	Finished service at time: 1268.19

	Using Machine: 3
		Task 89 -> Machine 3 (Station 1): 38.28
		Vehicle arrival at machine station: 1306.47
		Waiting time until machine travel: 0.0

		Machine travel start time: 1306.47
		Region 0 -> Region 1: 5.0
		Machine arrival at machine station: 1311.47

		Machine 3 (Station 2)-> Task 113: 30.15
		Vehicle arrival at task: 1341.6200000000001
		Waiting time until service start time: 0.0

	id: 113
		node: 69
		(x, y, z): (37, 73, 1)
		dem: -11
		earl: 0
		lat: 2492
		servt: 10
		pid: 14
		did: 0
		servST: 1341.6200000000001
		(h, h_ind): (3, 10)
		load: 46.0

	Finished service at time: 1351.6200000000001

	Task 113 -> Task 173: 55.76
	Vehicle arrival at task: 1407.38
	Waiting time until service start time: 0.0

	id: 173
		node: 62
		(x, y, z): (67, 120, 1)
		dem: -20
		earl: 1375
		lat: 1615
		servt: 10
		pid: 3
		did: 0
		servST: 1407.38
		(h, h_ind): (-1, 0)
		load: 26.0

	Finished service at time: 1417.38

	Using Machine: 2
		Task 173 -> Machine 2 (Station 2): 50.64
		Vehicle arrival at machine station: 1468.0200000000002
		Waiting time until machine travel: 0.0

		Machine travel start time: 1468.0200000000002
		Region 1 -> Region 0: 5.0
		Machine arrival at machine station: 1473.0200000000002

		Machine 2 (Station 1)-> Task 22: 33.38
		Vehicle arrival at task: 1506.4000000000003
		Waiting time until service start time: 0.0

	id: 22
		node: 71
		(x, y, z): (80, 103, 0)
		dem: -25
		earl: 1428
		lat: 1668
		servt: 10
		pid: 16
		did: 0
		servST: 1506.4000000000003
		(h, h_ind): (2, 1)
		load: 1.0

	Finished service at time: 1516.4000000000003

	Task 22 -> Task 5: 17.03
	Vehicle arrival at task: 1533.4300000000003
	Waiting time until service start time: 0.0

	id: 5
		node: 4
		(x, y, z): (69, 116, 0)
		dem: 26
		earl: 1317
		lat: 1557
		servt: 10
		pid: 0
		did: 39
		servST: 1533.4300000000003
		(h, h_ind): (-1, 0)
		load: 27.0

	Finished service at time: 1543.4300000000003

	Task 5 -> Task 96: 39.81
	Vehicle arrival at task: 1583.2400000000002
	Waiting time until service start time: 0.0

	id: 96
		node: 55
		(x, y, z): (86, 80, 0)
		dem: 21
		earl: 1438
		lat: 1678
		servt: 10
		pid: 0
		did: 175
		servST: 1583.2400000000002
		(h, h_ind): (-1, 0)
		load: 48.0

	Finished service at time: 1593.2400000000002

	Using Machine: 4
		Task 96 -> Machine 4 (Station 1): 13.45
		Vehicle arrival at machine station: 1606.6900000000003
		Waiting time until machine travel: 0.0

		Machine travel start time: 1606.6900000000003
		Region 0 -> Region 1: 5.0
		Machine arrival at machine station: 1611.6900000000003

		Machine 4 (Station 2)-> Task 28: 68.51
		Vehicle arrival at task: 1680.2000000000003
		Waiting time until service start time: 0.0

	id: 28
		node: 19
		(x, y, z): (39, 13, 1)
		dem: 20
		earl: 1443
		lat: 1683
		servt: 10
		pid: 0
		did: 52
		servST: 1680.2000000000003
		(h, h_ind): (4, 17)
		load: 68.0

	Finished service at time: 1690.2000000000003

	Task 28 -> Task 155: 78.52
	Vehicle arrival at task: 1768.7200000000003
	Waiting time until service start time: 0.0

	id: 155
		node: 101
		(x, y, z): (117, 4, 1)
		dem: -1
		earl: 1614
		lat: 1854
		servt: 10
		pid: 70
		did: 0
		servST: 1768.7200000000003
		(h, h_ind): (-1, 0)
		load: 67.0

	Finished service at time: 1778.7200000000003

	Task 155 -> Task 175: 28.79
	Vehicle arrival at task: 1807.5100000000002
	Waiting time until service start time: 0.0

	id: 175
		node: 115
		(x, y, z): (90, 14, 1)
		dem: -21
		earl: 1796
		lat: 2036
		servt: 10
		pid: 96
		did: 0
		servST: 1807.5100000000002
		(h, h_ind): (-1, 0)
		load: 46.0

	Finished service at time: 1817.5100000000002

	Task 175 -> Task 72: 15.13
	Vehicle arrival at task: 1832.6400000000003
	Waiting time until service start time: 0.0

	id: 72
		node: 43
		(x, y, z): (88, 29, 1)
		dem: 33
		earl: 0
		lat: 2481
		servt: 10
		pid: 0
		did: 80
		servST: 1832.6400000000003
		(h, h_ind): (-1, 0)
		load: 79.0

	Finished service at time: 1842.6400000000003

	Task 72 -> Task 80: 44.38
	Vehicle arrival at task: 1887.0200000000004
	Waiting time until service start time: 0.0

	id: 80
		node: 103
		(x, y, z): (71, 70, 1)
		dem: -33
		earl: 1861
		lat: 2101
		servt: 10
		pid: 72
		did: 0
		servST: 1887.0200000000004
		(h, h_ind): (-1, 0)
		load: 46.0

	Finished service at time: 1897.0200000000004

	Task 80 -> Task 39: 34.18
	Vehicle arrival at task: 1931.2000000000005
	Waiting time until service start time: 0.0

	id: 39
		node: 64
		(x, y, z): (83, 38, 1)
		dem: -26
		earl: 1846
		lat: 2086
		servt: 10
		pid: 5
		did: 0
		servST: 1931.2000000000005
		(h, h_ind): (-1, 0)
		load: 20.0

	Finished service at time: 1941.2000000000005

	Task 39 -> Task 52: 22.36
	Vehicle arrival at task: 1963.5600000000004
	Waiting time until service start time: 0.0

	id: 52
		node: 79
		(x, y, z): (61, 34, 1)
		dem: -20
		earl: 1830
		lat: 2070
		servt: 10
		pid: 28
		did: 0
		servST: 1963.5600000000004
		(h, h_ind): (-1, 0)
		load: 0.0

	Finished service at time: 1973.5600000000004

	Using Machine: 1
		Task 52 -> Machine 1 (Station 2): 36.88
		Vehicle arrival at machine station: 2010.4400000000005
		Waiting time until machine travel: 0.0

		Machine travel start time: 2010.4400000000005
		Region 1 -> Region 0: 5.0
		Machine arrival at machine station: 2015.4400000000005

		Machine 1 (Station 1)-> Task 0: 1.0
		Vehicle arrival at task: 2016.4400000000005
		Waiting time until service start time: 0.0

	id: 0
		node: 122
		(x, y, z): (70, 70, 0)
		dem: 0
		earl: 0
		lat: 2535
		servt: 0
		pid: 0
		did: 0
		servST: 2016.4400000000005
		(h, h_ind): (1, 4)
		load: 0.0


Vehicle 23 :
	id: 0
		node: 1
		(x, y, z): (70, 70, 0)
		dem: 0
		earl: 0
		lat: 2535
		servt: 0
		pid: 0
		did: 0
		servST: 195.9700000000002
		(h, h_ind): (-1, 0)
		load: 0.0

	Finished service at time: 195.9700000000002

	Task 0 -> Task 77: 42.01
	Vehicle arrival at task: 237.9800000000002
	Waiting time until service start time: 0.0

	id: 77
		node: 46
		(x, y, z): (103, 44, 0)
		dem: 12
		earl: 48
		lat: 288
		servt: 10
		pid: 0
		did: 187
		servST: 237.9800000000002
		(h, h_ind): (-1, 0)
		load: 12.0

	Finished service at time: 247.9800000000002

	Task 77 -> Task 95: 65.92
	Vehicle arrival at task: 313.9000000000002
	Waiting time until service start time: 0.0

	id: 95
		node: 54
		(x, y, z): (114, 109, 0)
		dem: 16
		earl: 249
		lat: 489
		servt: 10
		pid: 0
		did: 21
		servST: 313.9000000000002
		(h, h_ind): (-1, 0)
		load: 28.0

	Finished service at time: 323.9000000000002

	Using Machine: 4
		Task 95 -> Machine 4 (Station 1): 53.76
		Vehicle arrival at machine station: 377.6600000000002
		Waiting time until machine travel: 0.0

		Machine travel start time: 377.6600000000002
		Region 0 -> Region 1: 5.0
		Machine arrival at machine station: 382.6600000000002

		Machine 4 (Station 2)-> Task 21: 76.06
		Vehicle arrival at task: 458.7200000000002
		Waiting time until service start time: 0.0

	id: 21
		node: 114
		(x, y, z): (109, 139, 1)
		dem: -16
		earl: 392
		lat: 632
		servt: 10
		pid: 95
		did: 0
		servST: 458.7200000000002
		(h, h_ind): (4, 5)
		load: 12.0

	Finished service at time: 468.7200000000002

	Task 21 -> Task 31: 101.83
	Vehicle arrival at task: 570.5500000000002
	Waiting time until service start time: 0.0

	id: 31
		node: 21
		(x, y, z): (140, 42, 1)
		dem: 13
		earl: 342
		lat: 582
		servt: 10
		pid: 0
		did: 44
		servST: 570.5500000000002
		(h, h_ind): (-1, 0)
		load: 25.0

	Finished service at time: 580.5500000000002

	Task 31 -> Task 88: 28.28
	Vehicle arrival at task: 608.8300000000002
	Waiting time until service start time: 0.0

	id: 88
		node: 50
		(x, y, z): (120, 22, 1)
		dem: 39
		earl: 396
		lat: 636
		servt: 10
		pid: 0
		did: 121
		servST: 608.8300000000002
		(h, h_ind): (-1, 0)
		load: 64.0

	Finished service at time: 618.8300000000002

	Task 88 -> Task 44: 80.81
	Vehicle arrival at task: 699.6400000000001
	Waiting time until service start time: 0.0

	id: 44
		node: 81
		(x, y, z): (137, 101, 1)
		dem: -13
		earl: 617
		lat: 857
		servt: 10
		pid: 31
		did: 0
		servST: 699.6400000000001
		(h, h_ind): (-1, 0)
		load: 51.0

	Finished service at time: 709.6400000000001

	Using Machine: 4
		Task 44 -> Machine 4 (Station 2): 67.54
		Vehicle arrival at machine station: 777.1800000000001
		Waiting time until machine travel: 0.0

		Machine travel start time: 777.1800000000001
		Region 1 -> Region 0: 5.0
		Machine arrival at machine station: 782.1800000000001

		Machine 4 (Station 1)-> Task 78: 26.31
		Vehicle arrival at task: 808.49
		Waiting time until service start time: 0.0

	id: 78
		node: 47
		(x, y, z): (73, 96, 0)
		dem: 9
		earl: 604
		lat: 844
		servt: 10
		pid: 0
		did: 12
		servST: 808.49
		(h, h_ind): (4, 10)
		load: 60.0

	Finished service at time: 818.49

	Task 78 -> Task 90: 34.48
	Vehicle arrival at task: 852.97
	Waiting time until service start time: 0.0

	id: 90
		node: 51
		(x, y, z): (63, 129, 0)
		dem: 7
		earl: 765
		lat: 1005
		servt: 10
		pid: 0
		did: 141
		servST: 852.97
		(h, h_ind): (-1, 0)
		load: 67.0

	Finished service at time: 862.97

	Using Machine: 3
		Task 90 -> Machine 3 (Station 1): 59.14
		Vehicle arrival at machine station: 922.11
		Waiting time until machine travel: 0.0

		Machine travel start time: 922.11
		Region 0 -> Region 1: 5.0
		Machine arrival at machine station: 927.11

		Machine 3 (Station 2)-> Task 141: 72.28
		Vehicle arrival at task: 999.39
		Waiting time until service start time: 0.0

	id: 141
		node: 111
		(x, y, z): (49, 140, 1)
		dem: -7
		earl: 876
		lat: 1116
		servt: 10
		pid: 90
		did: 0
		servST: 999.39
		(h, h_ind): (3, 5)
		load: 60.0

	Finished service at time: 1009.39

	Using Machine: 4
		Task 141 -> Machine 4 (Station 2): 75.39
		Vehicle arrival at machine station: 1084.78
		Waiting time until machine travel: 0.0

		Machine travel start time: 1084.78
		Region 1 -> Region 0: 5.0
		Machine arrival at machine station: 1089.78

		Machine 4 (Station 1)-> Task 187: 74.09
		Vehicle arrival at task: 1163.87
		Waiting time until service start time: 118.13

	id: 187
		node: 106
		(x, y, z): (104, 139, 0)
		dem: -12
		earl: 1282
		lat: 1522
		servt: 10
		pid: 77
		did: 0
		servST: 1282.0
		(h, h_ind): (4, 13)
		load: 48.0

	Finished service at time: 1292.0

	Task 187 -> Task 121: 107.21
	Vehicle arrival at task: 1399.21
	Waiting time until service start time: 87.79

	id: 121
		node: 110
		(x, y, z): (2, 106, 0)
		dem: -39
		earl: 1487
		lat: 1727
		servt: 10
		pid: 88
		did: 0
		servST: 1487.0
		(h, h_ind): (-1, 0)
		load: 9.0

	Finished service at time: 1497.0

	Using Machine: 3
		Task 121 -> Machine 3 (Station 1): 74.3
		Vehicle arrival at machine station: 1571.3
		Waiting time until machine travel: 0.0

		Machine travel start time: 1571.3
		Region 0 -> Region 1: 5.0
		Machine arrival at machine station: 1576.3

		Machine 3 (Station 2)-> Task 110: 51.62
		Vehicle arrival at task: 1627.9199999999998
		Waiting time until service start time: 0.0

	id: 110
		node: 60
		(x, y, z): (16, 62, 1)
		dem: 15
		earl: 1524
		lat: 1764
		servt: 10
		pid: 0
		did: 153
		servST: 1627.9199999999998
		(h, h_ind): (3, 12)
		load: 24.0

	Finished service at time: 1637.9199999999998

	Task 110 -> Task 12: 8.06
	Vehicle arrival at task: 1645.9799999999998
	Waiting time until service start time: 0.0

	id: 12
		node: 107
		(x, y, z): (20, 69, 1)
		dem: -9
		earl: 1452
		lat: 1692
		servt: 10
		pid: 78
		did: 0
		servST: 1645.9799999999998
		(h, h_ind): (-1, 0)
		load: 15.0

	Finished service at time: 1655.9799999999998

	Task 12 -> Task 20: 21.63
	Vehicle arrival at task: 1677.61
	Waiting time until service start time: 0.0

	id: 20
		node: 14
		(x, y, z): (8, 87, 1)
		dem: 17
		earl: 1545
		lat: 1785
		servt: 10
		pid: 0
		did: 54
		servST: 1677.61
		(h, h_ind): (-1, 0)
		load: 32.0

	Finished service at time: 1687.61

	Using Machine: 3
		Task 20 -> Machine 3 (Station 2): 61.4
		Vehicle arrival at machine station: 1749.01
		Waiting time until machine travel: 0.0

		Machine travel start time: 1749.01
		Region 1 -> Region 0: 5.0
		Machine arrival at machine station: 1754.01

		Machine 3 (Station 1)-> Task 153: 37.74
		Vehicle arrival at task: 1791.75
		Waiting time until service start time: 0.0

	id: 153
		node: 120
		(x, y, z): (35, 90, 0)
		dem: -15
		earl: 1723
		lat: 1963
		servt: 10
		pid: 110
		did: 0
		servST: 1791.75
		(h, h_ind): (3, 14)
		load: 17.0

	Finished service at time: 1801.75

	Task 153 -> Task 54: 47.41
	Vehicle arrival at task: 1849.16
	Waiting time until service start time: 0.0

	id: 54
		node: 74
		(x, y, z): (13, 48, 0)
		dem: -17
		earl: 1622
		lat: 1862
		servt: 10
		pid: 20
		did: 0
		servST: 1849.16
		(h, h_ind): (-1, 0)
		load: 0.0

	Finished service at time: 1859.16

	Task 54 -> Task 0: 61.1
	Vehicle arrival at task: 1920.26
	Waiting time until service start time: 0.0

	id: 0
		node: 122
		(x, y, z): (70, 70, 0)
		dem: 0
		earl: 0
		lat: 2535
		servt: 0
		pid: 0
		did: 0
		servST: 1920.26
		(h, h_ind): (-1, 0)
		load: 0.0


Vehicle 48 :
	id: 0
		node: 1
		(x, y, z): (70, 70, 0)
		dem: 0
		earl: 0
		lat: 2535
		servt: 0
		pid: 0
		did: 0
		servST: 213.88999999999984
		(h, h_ind): (-1, 0)
		load: 0.0

	Finished service at time: 213.88999999999984

	Task 0 -> Task 65: 46.23
	Vehicle arrival at task: 260.11999999999983
	Waiting time until service start time: 0.0

	id: 65
		node: 38
		(x, y, z): (99, 34, 0)
		dem: 9
		earl: 243
		lat: 483
		servt: 10
		pid: 0
		did: 84
		servST: 260.11999999999983
		(h, h_ind): (-1, 0)
		load: 9.0

	Finished service at time: 270.11999999999983

	Task 65 -> Task 6: 109.79
	Vehicle arrival at task: 379.90999999999985
	Waiting time until service start time: 0.0

	id: 6
		node: 5
		(x, y, z): (137, 137, 0)
		dem: 27
		earl: 339
		lat: 579
		servt: 10
		pid: 0
		did: 154
		servST: 379.90999999999985
		(h, h_ind): (-1, 0)
		load: 36.0

	Finished service at time: 389.90999999999985

	Task 6 -> Task 27: 8.06
	Vehicle arrival at task: 397.96999999999986
	Waiting time until service start time: 0.0

	id: 27
		node: 18
		(x, y, z): (133, 130, 0)
		dem: 13
		earl: 0
		lat: 2438
		servt: 10
		pid: 0
		did: 11
		servST: 397.96999999999986
		(h, h_ind): (-1, 0)
		load: 49.0

	Finished service at time: 407.96999999999986

	Using Machine: 4
		Task 27 -> Machine 4 (Station 1): 82.07
		Vehicle arrival at machine station: 490.03999999999985
		Waiting time until machine travel: 0.0

		Machine travel start time: 490.03999999999985
		Region 0 -> Region 1: 5.0
		Machine arrival at machine station: 495.03999999999985

		Machine 4 (Station 2)-> Task 11: 78.89
		Vehicle arrival at task: 573.9299999999998
		Waiting time until service start time: 0.0

	id: 11
		node: 78
		(x, y, z): (37, 138, 1)
		dem: -13
		earl: 0
		lat: 2450
		servt: 10
		pid: 27
		did: 0
		servST: 573.9299999999998
		(h, h_ind): (4, 7)
		load: 36.0

	Finished service at time: 583.9299999999998

	Task 11 -> Task 15: 164.81
	Vehicle arrival at task: 748.7399999999998
	Waiting time until service start time: 0.0

	id: 15
		node: 10
		(x, y, z): (137, 7, 1)
		dem: 40
		earl: 563
		lat: 803
		servt: 10
		pid: 0
		did: 98
		servST: 748.7399999999999
		(h, h_ind): (-1, 0)
		load: 76.0

	Finished service at time: 758.7399999999999

	Task 15 -> Task 59: 32.39
	Vehicle arrival at task: 791.1299999999999
	Waiting time until service start time: 0.0

	id: 59
		node: 36
		(x, y, z): (105, 2, 1)
		dem: 1
		earl: 0
		lat: 2449
		servt: 10
		pid: 0
		did: 1
		servST: 791.1299999999999
		(h, h_ind): (-1, 0)
		load: 77.0

	Finished service at time: 801.1299999999999

	Using Machine: 1
		Task 59 -> Machine 1 (Station 2): 76.94
		Vehicle arrival at machine station: 878.0699999999999
		Waiting time until machine travel: 0.0

		Machine travel start time: 878.0699999999999
		Region 1 -> Region 0: 5.0
		Machine arrival at machine station: 883.0699999999999

		Machine 1 (Station 1)-> Task 154: 27.31
		Vehicle arrival at task: 910.3799999999999
		Waiting time until service start time: 0.0

	id: 154
		node: 65
		(x, y, z): (58, 95, 0)
		dem: -27
		earl: 0
		lat: 2498
		servt: 10
		pid: 6
		did: 0
		servST: 910.3799999999999
		(h, h_ind): (1, 3)
		load: 50.0

	Finished service at time: 920.3799999999999

	Using Machine: 4
		Task 154 -> Machine 4 (Station 1): 31.4
		Vehicle arrival at machine station: 951.7799999999999
		Waiting time until machine travel: 0.0

		Machine travel start time: 951.7799999999999
		Region 0 -> Region 1: 5.0
		Machine arrival at machine station: 956.7799999999999

		Machine 4 (Station 2)-> Task 13: 68.88
		Vehicle arrival at task: 1025.6599999999999
		Waiting time until service start time: 0.0

	id: 13
		node: 8
		(x, y, z): (121, 123, 1)
		dem: 9
		earl: 968
		lat: 1208
		servt: 10
		pid: 0
		did: 85
		servST: 1025.6599999999999
		(h, h_ind): (4, 12)
		load: 59.0

	Finished service at time: 1035.6599999999999

	Task 13 -> Task 25: 94.83
	Vehicle arrival at task: 1130.4899999999998
	Waiting time until service start time: 0.0

	id: 25
		node: 17
		(x, y, z): (37, 79, 1)
		dem: 5
		earl: 0
		lat: 2491
		servt: 10
		pid: 0
		did: 17
		servST: 1130.4899999999998
		(h, h_ind): (-1, 0)
		load: 64.0

	Finished service at time: 1140.4899999999998

	Task 25 -> Task 84: 62.94
	Vehicle arrival at task: 1203.4299999999998
	Waiting time until service start time: 0.0

	id: 84
		node: 98
		(x, y, z): (56, 139, 1)
		dem: -9
		earl: 1179
		lat: 1419
		servt: 10
		pid: 65
		did: 0
		servST: 1203.4299999999998
		(h, h_ind): (-1, 0)
		load: 55.0

	Finished service at time: 1213.4299999999998

	Task 84 -> Task 17: 28.79
	Vehicle arrival at task: 1242.2199999999998
	Waiting time until service start time: 0.0

	id: 17
		node: 77
		(x, y, z): (46, 112, 1)
		dem: -5
		earl: 1084
		lat: 1324
		servt: 10
		pid: 25
		did: 0
		servST: 1242.2199999999998
		(h, h_ind): (-1, 0)
		load: 50.0

	Finished service at time: 1252.2199999999998

	Using Machine: 3
		Task 17 -> Machine 3 (Station 2): 46.96
		Vehicle arrival at machine station: 1299.1799999999998
		Waiting time until machine travel: 0.0

		Machine travel start time: 1299.1799999999998
		Region 1 -> Region 0: 5.0
		Machine arrival at machine station: 1304.1799999999998

		Machine 3 (Station 1)-> Task 58: 45.71
		Vehicle arrival at task: 1349.8899999999999
		Waiting time until service start time: 0.0

	id: 58
		node: 35
		(x, y, z): (59, 115, 0)
		dem: 26
		earl: 1195
		lat: 1435
		servt: 10
		pid: 0
		did: 127
		servST: 1349.8899999999999
		(h, h_ind): (3, 9)
		load: 76.0

	Finished service at time: 1359.8899999999999

	Task 58 -> Task 98: 42.45
	Vehicle arrival at task: 1402.34
	Waiting time until service start time: 0.0

	id: 98
		node: 70
		(x, y, z): (18, 104, 0)
		dem: -40
		earl: 1287
		lat: 1527
		servt: 10
		pid: 15
		did: 0
		servST: 1402.34
		(h, h_ind): (-1, 0)
		load: 36.0

	Finished service at time: 1412.34

	Task 98 -> Task 104: 58.69
	Vehicle arrival at task: 1471.03
	Waiting time until service start time: 0.0

	id: 104
		node: 59
		(x, y, z): (27, 46, 0)
		dem: 35
		earl: 0
		lat: 2476
		servt: 10
		pid: 0
		did: 76
		servST: 1471.03
		(h, h_ind): (-1, 0)
		load: 71.0

	Finished service at time: 1481.03

	Task 104 -> Task 76: 32.45
	Vehicle arrival at task: 1513.48
	Waiting time until service start time: 0.0

	id: 76
		node: 119
		(x, y, z): (9, 19, 0)
		dem: -35
		earl: 1431
		lat: 1671
		servt: 10
		pid: 104
		did: 0
		servST: 1513.48
		(h, h_ind): (-1, 0)
		load: 36.0

	Finished service at time: 1523.48

	Using Machine: 3
		Task 76 -> Machine 3 (Station 1): 77.23
		Vehicle arrival at machine station: 1600.71
		Waiting time until machine travel: 0.0

		Machine travel start time: 1600.71
		Region 0 -> Region 1: 5.0
		Machine arrival at machine station: 1605.71

		Machine 3 (Station 2)-> Task 24: 70.77
		Vehicle arrival at task: 1676.48
		Waiting time until service start time: 0.0

	id: 24
		node: 16
		(x, y, z): (95, 135, 1)
		dem: 27
		earl: 1542
		lat: 1782
		servt: 10
		pid: 0
		did: 86
		servST: 1676.48
		(h, h_ind): (3, 13)
		load: 63.0

	Finished service at time: 1686.48

	Task 24 -> Task 127: 52.43
	Vehicle arrival at task: 1738.91
	Waiting time until service start time: 0.0

	id: 127
		node: 95
		(x, y, z): (138, 105, 1)
		dem: -26
		earl: 1554
		lat: 1794
		servt: 10
		pid: 58
		did: 0
		servST: 1738.91
		(h, h_ind): (-1, 0)
		load: 37.0

	Finished service at time: 1748.91

	Task 127 -> Task 10: 125.42
	Vehicle arrival at task: 1874.3300000000002
	Waiting time until service start time: 0.0

	id: 10
		node: 7
		(x, y, z): (17, 138, 1)
		dem: 8
		earl: 1670
		lat: 1910
		servt: 10
		pid: 0
		did: 73
		servST: 1874.3300000000002
		(h, h_ind): (-1, 0)
		load: 45.0

	Finished service at time: 1884.3300000000002

	Task 10 -> Task 86: 65.3
	Vehicle arrival at task: 1949.63
	Waiting time until service start time: 0.0

	id: 86
		node: 76
		(x, y, z): (67, 96, 1)
		dem: -27
		earl: 1908
		lat: 2148
		servt: 10
		pid: 24
		did: 0
		servST: 1949.63
		(h, h_ind): (-1, 0)
		load: 18.0

	Finished service at time: 1959.63

	Task 86 -> Task 85: 40.79
	Vehicle arrival at task: 2000.42
	Waiting time until service start time: 0.0

	id: 85
		node: 68
		(x, y, z): (27, 104, 1)
		dem: -9
		earl: 1949
		lat: 2189
		servt: 10
		pid: 13
		did: 0
		servST: 2000.42
		(h, h_ind): (-1, 0)
		load: 9.0

	Finished service at time: 2010.42

	Using Machine: 4
		Task 85 -> Machine 4 (Station 2): 60.46
		Vehicle arrival at machine station: 2070.88
		Waiting time until machine travel: 0.0

		Machine travel start time: 2070.88
		Region 1 -> Region 0: 5.0
		Machine arrival at machine station: 2075.88

		Machine 4 (Station 1)-> Task 67: 9.43
		Vehicle arrival at task: 2085.31
		Waiting time until service start time: 0.0

	id: 67
		node: 39
		(x, y, z): (85, 75, 0)
		dem: 37
		earl: 0
		lat: 2510
		servt: 10
		pid: 0
		did: 163
		servST: 2085.31
		(h, h_ind): (4, 18)
		load: 46.0

	Finished service at time: 2095.31

	Task 67 -> Task 1: 76.69
	Vehicle arrival at task: 2172.0
	Waiting time until service start time: 0.0

	id: 1
		node: 96
		(x, y, z): (101, 0, 0)
		dem: -1
		earl: 1932
		lat: 2172
		servt: 10
		pid: 59
		did: 0
		servST: 2172.0
		(h, h_ind): (-1, 0)
		load: 45.0

	Finished service at time: 2182.0

	Using Machine: 3
		Task 1 -> Machine 3 (Station 1): 77.82
		Vehicle arrival at machine station: 2259.82
		Waiting time until machine travel: 0.0

		Machine travel start time: 2259.82
		Region 0 -> Region 1: 5.0
		Machine arrival at machine station: 2264.82

		Machine 3 (Station 2)-> Task 73: 41.04
		Vehicle arrival at task: 2305.86
		Waiting time until service start time: 0.0

	id: 73
		node: 67
		(x, y, z): (39, 100, 1)
		dem: -8
		earl: 0
		lat: 2482
		servt: 10
		pid: 10
		did: 0
		servST: 2305.86
		(h, h_ind): (3, 15)
		load: 37.0

	Finished service at time: 2315.86

	Task 73 -> Task 163: 26.63
	Vehicle arrival at task: 2342.4900000000002
	Waiting time until service start time: 0.0

	id: 163
		node: 99
		(x, y, z): (54, 78, 1)
		dem: -37
		earl: 2139
		lat: 2379
		servt: 10
		pid: 67
		did: 0
		servST: 2342.4900000000002
		(h, h_ind): (-1, 0)
		load: 0.0

	Finished service at time: 2352.4900000000002

	Using Machine: 1
		Task 163 -> Machine 1 (Station 2): 17.0
		Vehicle arrival at machine station: 2369.4900000000002
		Waiting time until machine travel: 0.0

		Machine travel start time: 2369.4900000000002
		Region 1 -> Region 0: 5.0
		Machine arrival at machine station: 2374.4900000000002

		Machine 1 (Station 1)-> Task 0: 1.0
		Vehicle arrival at task: 2375.4900000000002
		Waiting time until service start time: 0.0

	id: 0
		node: 122
		(x, y, z): (70, 70, 0)
		dem: 0
		earl: 0
		lat: 2535
		servt: 0
		pid: 0
		did: 0
		servST: 2375.4900000000002
		(h, h_ind): (1, 5)
		load: 0.0


Vehicle 51 :
	id: 0
		node: 1
		(x, y, z): (70, 70, 0)
		dem: 0
		earl: 0
		lat: 2535
		servt: 0
		pid: 0
		did: 0
		servST: 292.4
		(h, h_ind): (-1, 0)
		load: 0.0

	Finished service at time: 292.4

	Task 0 -> Task 100: 62.03
	Vehicle arrival at task: 354.42999999999995
	Waiting time until service start time: 0.0

	id: 100
		node: 56
		(x, y, z): (12, 48, 0)
		dem: 4
		earl: 172
		lat: 412
		servt: 10
		pid: 0
		did: 132
		servST: 354.43
		(h, h_ind): (-1, 0)
		load: 4.0

	Finished service at time: 364.43

	Task 100 -> Task 71: 128.57
	Vehicle arrival at task: 493.0
	Waiting time until service start time: 0.0

	id: 71
		node: 42
		(x, y, z): (139, 68, 0)
		dem: 25
		earl: 253
		lat: 493
		servt: 10
		pid: 0
		did: 68
		servST: 493.0
		(h, h_ind): (-1, 0)
		load: 29.0

	Finished service at time: 503.0

	Task 71 -> Task 48: 5.0
	Vehicle arrival at task: 508.0
	Waiting time until service start time: 0.0

	id: 48
		node: 32
		(x, y, z): (139, 73, 0)
		dem: 10
		earl: 288
		lat: 528
		servt: 10
		pid: 0
		did: 107
		servST: 508.0
		(h, h_ind): (-1, 0)
		load: 39.0

	Finished service at time: 518.0

	Task 48 -> Task 40: 60.41
	Vehicle arrival at task: 578.41
	Waiting time until service start time: 0.0

	id: 40
		node: 27
		(x, y, z): (132, 133, 0)
		dem: 24
		earl: 499
		lat: 739
		servt: 10
		pid: 0
		did: 99
		servST: 578.41
		(h, h_ind): (-1, 0)
		load: 63.0

	Finished service at time: 588.41

	Using Machine: 4
		Task 40 -> Machine 4 (Station 1): 83.63
		Vehicle arrival at machine station: 672.04
		Waiting time until machine travel: 0.0

		Machine travel start time: 672.04
		Region 0 -> Region 1: 5.0
		Machine arrival at machine station: 677.04

		Machine 4 (Station 2)-> Task 132: 71.59
		Vehicle arrival at task: 748.63
		Waiting time until service start time: 80.17

	id: 132
		node: 116
		(x, y, z): (140, 36, 1)
		dem: -4
		earl: 0
		lat: 2448
		servt: 10
		pid: 100
		did: 0
		servST: 828.8
		(h, h_ind): (4, 9)
		load: 59.0

	Finished service at time: 838.8

	Task 132 -> Task 102: 52.2
	Vehicle arrival at task: 891.0
	Waiting time until service start time: 0.0

	id: 102
		node: 58
		(x, y, z): (109, 78, 1)
		dem: 21
		earl: 891
		lat: 1131
		servt: 10
		pid: 0
		did: 105
		servST: 891.0
		(h, h_ind): (-1, 0)
		load: 80.0

	Finished service at time: 901.0

	Task 102 -> Task 68: 53.0
	Vehicle arrival at task: 954.0
	Waiting time until service start time: 0.0

	id: 68
		node: 102
		(x, y, z): (109, 131, 1)
		dem: -25
		earl: 845
		lat: 1085
		servt: 10
		pid: 71
		did: 0
		servST: 954.0
		(h, h_ind): (-1, 0)
		load: 55.0

	Finished service at time: 964.0

	Using Machine: 4
		Task 68 -> Machine 4 (Station 2): 68.88
		Vehicle arrival at machine station: 1032.88
		Waiting time until machine travel: 61.9

		Machine travel start time: 1094.78
		Region 1 -> Region 0: 5.0
		Machine arrival at machine station: 1099.78

		Machine 4 (Station 1)-> Task 69: 26.93
		Vehicle arrival at task: 1126.71
		Waiting time until service start time: 0.0

	id: 69
		node: 40
		(x, y, z): (103, 77, 0)
		dem: 17
		earl: 1102
		lat: 1342
		servt: 10
		pid: 0
		did: 114
		servST: 1126.71
		(h, h_ind): (4, 14)
		load: 72.0

	Finished service at time: 1136.71

	Task 69 -> Task 99: 33.54
	Vehicle arrival at task: 1170.25
	Waiting time until service start time: 0.0

	id: 99
		node: 87
		(x, y, z): (70, 83, 0)
		dem: -24
		earl: 0
		lat: 2512
		servt: 10
		pid: 40
		did: 0
		servST: 1170.25
		(h, h_ind): (-1, 0)
		load: 48.0

	Finished service at time: 1180.25

	Using Machine: 4
		Task 99 -> Machine 4 (Station 1): 14.76
		Vehicle arrival at machine station: 1195.01
		Waiting time until machine travel: 0.0

		Machine travel start time: 1195.01
		Region 0 -> Region 1: 5.0
		Machine arrival at machine station: 1200.01

		Machine 4 (Station 2)-> Task 114: 66.03
		Vehicle arrival at task: 1266.04
		Waiting time until service start time: 0.0

	id: 114
		node: 100
		(x, y, z): (115, 124, 1)
		dem: -17
		earl: 0
		lat: 2455
		servt: 10
		pid: 69
		did: 0
		servST: 1266.04
		(h, h_ind): (4, 15)
		load: 31.0

	Finished service at time: 1276.04

	Using Machine: 4
		Task 114 -> Machine 4 (Station 2): 66.03
		Vehicle arrival at machine station: 1342.07
		Waiting time until machine travel: 0.0

		Machine travel start time: 1342.07
		Region 1 -> Region 0: 5.0
		Machine arrival at machine station: 1347.07

		Machine 4 (Station 1)-> Task 107: 43.93
		Vehicle arrival at task: 1391.0
		Waiting time until service start time: 0.0

	id: 107
		node: 92
		(x, y, z): (110, 99, 0)
		dem: -10
		earl: 1151
		lat: 1391
		servt: 10
		pid: 48
		did: 0
		servST: 1391.0
		(h, h_ind): (4, 16)
		load: 21.0

	Finished service at time: 1401.0

	Task 107 -> Task 105: 93.39
	Vehicle arrival at task: 1494.39
	Waiting time until service start time: 0.0

	id: 105
		node: 118
		(x, y, z): (19, 120, 0)
		dem: -21
		earl: 0
		lat: 2454
		servt: 10
		pid: 102
		did: 0
		servST: 1494.39
		(h, h_ind): (-1, 0)
		load: 0.0

	Finished service at time: 1504.39

	Task 105 -> Task 0: 71.42
	Vehicle arrival at task: 1575.8100000000002
	Waiting time until service start time: 0.0

	id: 0
		node: 122
		(x, y, z): (70, 70, 0)
		dem: 0
		earl: 0
		lat: 2535
		servt: 0
		pid: 0
		did: 0
		servST: 1575.8100000000002
		(h, h_ind): (-1, 0)
		load: 0.0


---------------------| MACHINES |---------------------

Machine 0 :
	setup duration: 0.0

	vehicle: 16
	vehicleInd: 5
	(orig, dest): (47, 33)
	(origRegion, destRegion): (0, 1)
	st: 213.94000000000003
	duration: 5.0


Machine 1 :
	setup duration: 0.0

	vehicle: 16
	vehicleInd: 2
	(orig, dest): (0, 8)
	(origRegion, destRegion): (0, 1)
	st: 4.150000000000041
	duration: 5.0

	setup duration: 0.0

	vehicle: 16
	vehicleInd: 7
	(orig, dest): (45, 161)
	(origRegion, destRegion): (1, 0)
	st: 409.93
	duration: 5.0

	setup duration: 5.0

	vehicle: 48
	vehicleInd: 8
	(orig, dest): (59, 154)
	(origRegion, destRegion): (1, 0)
	st: 878.0699999999999
	duration: 5.0

	setup duration: 5.0

	vehicle: 19
	vehicleInd: 34
	(orig, dest): (52, 0)
	(origRegion, destRegion): (1, 0)
	st: 2010.4400000000005
	duration: 5.0

	setup duration: 5.0

	vehicle: 48
	vehicleInd: 26
	(orig, dest): (163, 0)
	(origRegion, destRegion): (1, 0)
	st: 2369.4900000000002
	duration: 5.0


Machine 2 :
	setup duration: 5.0

	vehicle: 19
	vehicleInd: 24
	(orig, dest): (173, 22)
	(origRegion, destRegion): (1, 0)
	st: 1468.0200000000002
	duration: 5.0


Machine 3 :
	setup duration: 0.0

	vehicle: 19
	vehicleInd: 3
	(orig, dest): (56, 34)
	(origRegion, destRegion): (0, 1)
	st: 107.01000000000013
	duration: 5.0

	setup duration: 5.0

	vehicle: 19
	vehicleInd: 9
	(orig, dest): (179, 91)
	(origRegion, destRegion): (0, 1)
	st: 448.2600000000001
	duration: 5.0

	setup duration: 0.0

	vehicle: 19
	vehicleInd: 11
	(orig, dest): (30, 94)
	(origRegion, destRegion): (1, 0)
	st: 629.0700000000002
	duration: 5.0

	setup duration: 0.0

	vehicle: 19
	vehicleInd: 13
	(orig, dest): (165, 115)
	(origRegion, destRegion): (0, 1)
	st: 796.22
	duration: 5.0

	setup duration: 5.0

	vehicle: 23
	vehicleInd: 10
	(orig, dest): (90, 141)
	(origRegion, destRegion): (0, 1)
	st: 922.11
	duration: 5.0

	setup duration: 5.0

	vehicle: 6
	vehicleInd: 12
	(orig, dest): (193, 87)
	(origRegion, destRegion): (0, 1)
	st: 975.21
	duration: 5.0

	setup duration: 0.0

	vehicle: 19
	vehicleInd: 17
	(orig, dest): (3, 66)
	(origRegion, destRegion): (1, 0)
	st: 1051.46
	duration: 5.0

	setup duration: 5.0

	vehicle: 6
	vehicleInd: 13
	(orig, dest): (87, 183)
	(origRegion, destRegion): (1, 0)
	st: 1061.46
	duration: 5.0

	setup duration: 5.0

	vehicle: 48
	vehicleInd: 13
	(orig, dest): (17, 58)
	(origRegion, destRegion): (1, 0)
	st: 1299.1799999999998
	duration: 5.0

	setup duration: 0.0

	vehicle: 19
	vehicleInd: 22
	(orig, dest): (89, 113)
	(origRegion, destRegion): (0, 1)
	st: 1306.47
	duration: 5.0

	setup duration: 0.0

	vehicle: 16
	vehicleInd: 16
	(orig, dest): (2, 188)
	(origRegion, destRegion): (1, 0)
	st: 1545.62
	duration: 5.0

	setup duration: 0.0

	vehicle: 23
	vehicleInd: 13
	(orig, dest): (121, 110)
	(origRegion, destRegion): (0, 1)
	st: 1571.3
	duration: 5.0

	setup duration: 5.0

	vehicle: 48
	vehicleInd: 17
	(orig, dest): (76, 24)
	(origRegion, destRegion): (0, 1)
	st: 1600.71
	duration: 5.0

	setup duration: 0.0

	vehicle: 23
	vehicleInd: 16
	(orig, dest): (20, 153)
	(origRegion, destRegion): (1, 0)
	st: 1749.01
	duration: 5.0

	setup duration: 0.0

	vehicle: 48
	vehicleInd: 24
	(orig, dest): (1, 73)
	(origRegion, destRegion): (0, 1)
	st: 2259.82
	duration: 5.0


Machine 4 :
	setup duration: 0.0

	vehicle: 6
	vehicleInd: 3
	(orig, dest): (74, 61)
	(origRegion, destRegion): (0, 1)
	st: 115.87
	duration: 5.0

	setup duration: 0.0

	vehicle: 16
	vehicleInd: 4
	(orig, dest): (41, 47)
	(origRegion, destRegion): (1, 0)
	st: 138.81000000000003
	duration: 5.0

	setup duration: 5.0

	vehicle: 6
	vehicleInd: 4
	(orig, dest): (61, 62)
	(origRegion, destRegion): (1, 0)
	st: 193.63
	duration: 5.0

	setup duration: 5.0

	vehicle: 19
	vehicleInd: 6
	(orig, dest): (23, 18)
	(origRegion, destRegion): (1, 0)
	st: 250.27000000000012
	duration: 5.0

	setup duration: 0.0

	vehicle: 23
	vehicleInd: 4
	(orig, dest): (95, 21)
	(origRegion, destRegion): (0, 1)
	st: 377.6600000000002
	duration: 5.0

	setup duration: 5.0

	vehicle: 6
	vehicleInd: 8
	(orig, dest): (75, 118)
	(origRegion, destRegion): (0, 1)
	st: 446.06
	duration: 5.0

	setup duration: 5.0

	vehicle: 48
	vehicleInd: 5
	(orig, dest): (27, 11)
	(origRegion, destRegion): (0, 1)
	st: 490.03999999999985
	duration: 5.0

	setup duration: 5.0

	vehicle: 16
	vehicleInd: 8
	(orig, dest): (161, 19)
	(origRegion, destRegion): (0, 1)
	st: 562.21
	duration: 5.0

	setup duration: 5.0

	vehicle: 51
	vehicleInd: 6
	(orig, dest): (40, 132)
	(origRegion, destRegion): (0, 1)
	st: 672.04
	duration: 5.0

	setup duration: 0.0

	vehicle: 23
	vehicleInd: 8
	(orig, dest): (44, 78)
	(origRegion, destRegion): (1, 0)
	st: 777.1800000000001
	duration: 5.0

	setup duration: 5.0

	vehicle: 6
	vehicleInd: 11
	(orig, dest): (32, 193)
	(origRegion, destRegion): (1, 0)
	st: 787.1800000000001
	duration: 5.0

	setup duration: 0.0

	vehicle: 48
	vehicleInd: 9
	(orig, dest): (154, 13)
	(origRegion, destRegion): (0, 1)
	st: 951.7799999999999
	duration: 5.0

	setup duration: 0.0

	vehicle: 23
	vehicleInd: 11
	(orig, dest): (141, 187)
	(origRegion, destRegion): (1, 0)
	st: 1084.78
	duration: 5.0

	setup duration: 5.0

	vehicle: 51
	vehicleInd: 9
	(orig, dest): (68, 69)
	(origRegion, destRegion): (1, 0)
	st: 1094.78
	duration: 5.0

	setup duration: 0.0

	vehicle: 51
	vehicleInd: 11
	(orig, dest): (99, 114)
	(origRegion, destRegion): (0, 1)
	st: 1195.01
	duration: 5.0

	setup duration: 0.0

	vehicle: 51
	vehicleInd: 12
	(orig, dest): (114, 107)
	(origRegion, destRegion): (1, 0)
	st: 1342.07
	duration: 5.0

	setup duration: 0.0

	vehicle: 19
	vehicleInd: 27
	(orig, dest): (96, 28)
	(origRegion, destRegion): (0, 1)
	st: 1606.6900000000003
	duration: 5.0

	setup duration: 0.0

	vehicle: 48
	vehicleInd: 22
	(orig, dest): (85, 67)
	(origRegion, destRegion): (1, 0)
	st: 2070.88
	duration: 5.0


-------------------| COMPL. TIMES |-------------------

Vehicle 0 : 0.0
Vehicle 1 : 0.0
Vehicle 2 : 0.0
Vehicle 3 : 0.0
Vehicle 4 : 0.0
Vehicle 5 : 0.0
Vehicle 6 : 1722.71
Vehicle 7 : 0.0
Vehicle 8 : 0.0
Vehicle 9 : 0.0
Vehicle 10 : 0.0
Vehicle 11 : 0.0
Vehicle 12 : 0.0
Vehicle 13 : 0.0
Vehicle 14 : 0.0
Vehicle 15 : 0.0
Vehicle 16 : 1767.1699999999998
Vehicle 17 : 0.0
Vehicle 18 : 0.0
Vehicle 19 : 1988.9400000000003
Vehicle 20 : 0.0
Vehicle 21 : 0.0
Vehicle 22 : 0.0
Vehicle 23 : 1724.2899999999997
Vehicle 24 : 0.0
Vehicle 25 : 0.0
Vehicle 26 : 0.0
Vehicle 27 : 0.0
Vehicle 28 : 0.0
Vehicle 29 : 0.0
Vehicle 30 : 0.0
Vehicle 31 : 0.0
Vehicle 32 : 0.0
Vehicle 33 : 0.0
Vehicle 34 : 0.0
Vehicle 35 : 0.0
Vehicle 36 : 0.0
Vehicle 37 : 0.0
Vehicle 38 : 0.0
Vehicle 39 : 0.0
Vehicle 40 : 0.0
Vehicle 41 : 0.0
Vehicle 42 : 0.0
Vehicle 43 : 0.0
Vehicle 44 : 0.0
Vehicle 45 : 0.0
Vehicle 46 : 0.0
Vehicle 47 : 0.0
Vehicle 48 : 2161.6000000000004
Vehicle 49 : 0.0
Vehicle 50 : 0.0
Vehicle 51 : 1283.4100000000003
Vehicle 52 : 0.0
Vehicle 53 : 0.0
Vehicle 54 : 0.0
Vehicle 55 : 0.0
Vehicle 56 : 0.0
Vehicle 57 : 0.0
Vehicle 58 : 0.0
Vehicle 59 : 0.0
-------------------| STATISTICS |-------------------

    Vehicles used                           : 10.0
    Machines used                           : 100.0
    Max load (vehicles)                     : 100.0
    Min load (vehicles)                     : 94.0299
    Mean load (vehicles)                    : 98.1716
    Min completion time                     : 50.6276
    Max completion time                     : 85.2702
    Mean completion time                    : 70.0074
    Avrg travel time (with vehicle)         : 2.288
    Avrg travel time (only with vehicle)    : 1.5779
    Avrg travel time (no vehicle)           : 0.7101
    Avrg waiting time (machine travel)      : 0.8823
    Avrg waiting time (service)             : 3.9713
    Machines travel times (with vehicle)    : [0.1972, 1.5779, 0.3945, 4.142, 5.1282]
    Machines travel times (no vehicle)      : [0.0, 0.5917, 0.1972, 1.1834, 1.5779]
    Max load per vehicle                    : [0.0, 0.0, 0.0, 0.0, 0.0, 0.0, 94.0299, 0.0, 0.0, 0.0, 0.0, 0.0, 0.0, 0.0, 0.0, 0.0, 100.0, 0.0, 0.0, 98.75, 0.0, 0.0, 0.0, 100.0, 0.0, 0.0, 0.0, 0.0, 0.0, 0.0, 0.0, 0.0, 0.0, 0.0, 0.0, 0.0, 0.0, 0.0, 0.0, 0.0, 0.0, 0.0, 0.0, 0.0, 0.0, 0.0, 0.0, 0.0, 96.25, 0.0, 0.0, 100.0, 0.0, 0.0, 0.0, 0.0, 0.0, 0.0, 0.0, 0.0]

----------------------------------------------------

TOTAL: 10648.12

Everything is awesome!
