-------------------| STATISTICS |-------------------

Vehicles used                           : 28.3333
Machines used                           : 100.0
Max load (vehicles)                     : 97.6744
Min load (vehicles)                     : 36.0465
Mean load (vehicles)                    : 59.7292
Min completion time                     : 30.5752
Max completion time                     : 77.7474
Mean completion time                    : 61.682
Avrg travel time (with vehicle)         : 18.7891
Avrg travel time (only with vehicle)    : 11.0647
Avrg travel time (no vehicle)           : 7.7244
Avrg waiting time (machine travel)      : 0.0501
Avrg waiting time (service)             : 1.0269
Machines travel times (with vehicle)    : [21.9207, 13.5699, 11.4823, 27.1399, 19.833]
Machines travel times (no vehicle)      : [10.4384, 4.1754, 4.6973, 12.5261, 6.785]
Max load per vehicle                    : [0.0, 54.1667, 0.0, 76.7442, 0.0, 0.0, 0.0, 0.0, 61.1111, 0.0, 39.6552, 0.0, 0.0, 97.6744, 0.0, 0.0, 0.0, 0.0, 0.0, 0.0, 0.0, 69.4444, 0.0, 0.0, 53.4884, 0.0, 41.8605, 37.2093, 0.0, 0.0, 0.0, 0.0, 0.0, 95.3488, 0.0, 68.6047, 0.0, 0.0, 0.0, 0.0, 0.0, 75.8621, 0.0, 0.0, 0.0, 0.0, 0.0, 46.5517, 61.6279, 0.0, 0.0, 0.0, 0.0, 0.0, 62.069, 0.0, 0.0, 36.0465, 37.931, 0.0]

----------------------------------------------------

TOTAL: 10045.53

Everything is awesome!
