Set parameter WLSAccessID
Set parameter WLSSecret
Set parameter LicenseID to value 2661775
Academic license 2661775 - for non-commercial use only - registered to me___@dcc.ufba.br
Loading line 2: methodType heur
Loading line 3: methodCode mslp
Loading line 4: seed 0
Loading line 5: threads 1
Loading line 6: greedy_service_order random
Loading line 7: outputFlagGrbMSLP 0
Loading line 8: mslpa 60000
Loading line 9: mslpr I
Loading line 10: maxtime 3600
Loading line 11: output ./logs/
Loading line 12: printsol 1
Loading line 13: solverMethod A
Loading line 14: alpha 0.05 # selected from preliminary experiments
Instance: LR1_2_4_t1_40R_40V_02F_05M

[10:54:22.368] Running Data.readData with file /dados/rmelo/PDPTW-SE/benchmark_multi_floor_v3/official_experiments/multistartlp/official/set_01_pt_01/../../../../instances/orig_ams_fg/40R_40V_02F_06M/t1/LR1_2_4/
vehicles: Vehicle[Vehicle(0, 72), Vehicle(1, 72), Vehicle(2, 86), Vehicle(3, 86), Vehicle(4, 72), Vehicle(5, 86), Vehicle(6, 86), Vehicle(7, 58), Vehicle(8, 72), Vehicle(9, 58), Vehicle(10, 58), Vehicle(11, 86), Vehicle(12, 58), Vehicle(13, 86), Vehicle(14, 58), Vehicle(15, 58), Vehicle(16, 72), Vehicle(17, 72), Vehicle(18, 58), Vehicle(19, 58), Vehicle(20, 72), Vehicle(21, 72), Vehicle(22, 86), Vehicle(23, 58), Vehicle(24, 86), Vehicle(25, 72), Vehicle(26, 86), Vehicle(27, 86), Vehicle(28, 72), Vehicle(29, 72), Vehicle(30, 86), Vehicle(31, 72), Vehicle(32, 72), Vehicle(33, 86), Vehicle(34, 72), Vehicle(35, 86), Vehicle(36, 58), Vehicle(37, 86), Vehicle(38, 72), Vehicle(39, 86)]
vehicle_types: Vehicle[Vehicle(7, 58), Vehicle(0, 72), Vehicle(2, 86)]
Machine[Machine(0, Point[Point(72, 70, 0), Point(72, 70, 1)], 0.2), Machine(1, Point[Point(68, 70, 0), Point(68, 70, 1)], 0.2), Machine(2, Point[Point(74, 70, 0), Point(74, 70, 1)], 0.2), Machine(3, Point[Point(66, 70, 0), Point(66, 70, 1)], 0.2), Machine(4, Point[Point(76, 70, 0), Point(76, 70, 1)], 0.2)]
refs: [1, 3, 4, 6, 7, 8, 9, 10, 11, 12, 13, 14, 16, 17, 18, 19, 20, 21, 22, 23, 24, 25, 29, 30, 31, 32, 33, 34, 36, 39, 40, 42, 43, 44, 45, 46, 48, 49, 50, 51, 52, 64, 69, 75, 28, 27, 58, 72, 76, 80, 35, 38, 81, 37, 65, 61, 41, 77, 59, 57, 63, 53, 54, 74, 70, 66, 67, 56, 78, 60, 71, 55, 5, 62, 2, 73, 47, 79, 26, 68, 15, 1]
V: [1, 2, 3, 4, 5, 6, 7, 8, 9, 10, 11, 12, 13, 14, 15, 16, 17, 18, 19, 20, 21, 22, 23, 24, 25, 26, 27, 28, 29, 30, 31, 32, 33, 34, 35, 36, 37, 38, 39, 40, 41, 42, 43, 44, 45, 46, 47, 48, 49, 50, 51, 52, 53, 54, 55, 56, 57, 58, 59, 60, 61, 62, 63, 64, 65, 66, 67, 68, 69, 70, 71, 72, 73, 74, 75, 76, 77, 78, 79, 80, 81]
V_p: [2, 3, 4, 5, 6, 7, 8, 9, 10, 11, 12, 13, 14, 15, 16, 17, 18, 19, 20, 21, 22, 23, 24, 25, 26, 27, 28, 29, 30, 31, 32, 33, 34, 35, 36, 37, 38, 39, 40, 41]
V_d: [42, 43, 44, 45, 46, 47, 48, 49, 50, 51, 52, 53, 54, 55, 56, 57, 58, 59, 60, 61, 62, 63, 64, 65, 66, 67, 68, 69, 70, 71, 72, 73, 74, 75, 76, 77, 78, 79, 80, 81]
Vprime: [1, 2, 3, 4, 5, 6, 7, 8, 9, 10, 11, 12, 13, 14, 15, 16, 17, 18, 19, 20, 21, 22, 23, 24, 25, 26, 27, 28, 29, 30, 31, 32, 33, 34, 35, 36, 37, 38, 39, 40, 41, 42, 43, 44, 45, 46, 47, 48, 49, 50, 51, 52, 53, 54, 55, 56, 57, 58, 59, 60, 61, 62, 63, 64, 65, 66, 67, 68, 69, 70, 71, 72, 73, 74, 75, 76, 77, 78, 79, 80, 81, 82]
V: [1, 2, 3, 4, 5, 6, 7, 8, 9, 10, 11, 12, 13, 14, 15, 16, 17, 18, 19, 20, 21, 22, 23, 24, 25, 26, 27, 28, 29, 30, 31, 32, 33, 34, 35, 36, 37, 38, 39, 40, 41, 42, 43, 44, 45, 46, 47, 48, 49, 50, 51, 52, 53, 54, 55, 56, 57, 58, 59, 60, 61, 62, 63, 64, 65, 66, 67, 68, 69, 70, 71, 72, 73, 74, 75, 76, 77, 78, 79, 80, 81]
q: [0, 8, 39, 14, 22, 21, 23, 18, 16, 15, 13, 24, 11, 7, 43, 18, 9, 31, 13, 8, 7, 18, 15, 9, 23, 30, 25, 35, 9, 17, 12, 15, 6, 36, 17, 5, 20, 32, 20, 21, 4, -8, -39, -14, -22, -21, -23, -18, -16, -15, -13, -24, -11, -7, -43, -18, -9, -31, -13, -8, -7, -18, -15, -9, -23, -30, -25, -35, -9, -17, -12, -15, -6, -36, -17, -5, -20, -32, -20, -21, -4, 0]
H: [1, 2, 3, 4, 5]
f: [[1, 1, 1, 1, 1], [1, 1, 1, 1, 1], [1, 1, 1, 1, 1], [1, 1, 1, 1, 1], [2, 2, 2, 2, 2], [2, 2, 2, 2, 2], [2, 2, 2, 2, 2], [2, 2, 2, 2, 2], [1, 1, 1, 1, 1], [1, 1, 1, 1, 1], [1, 1, 1, 1, 1], [2, 2, 2, 2, 2], [2, 2, 2, 2, 2], [1, 1, 1, 1, 1], [2, 2, 2, 2, 2], [2, 2, 2, 2, 2], [2, 2, 2, 2, 2], [1, 1, 1, 1, 1], [1, 1, 1, 1, 1], [2, 2, 2, 2, 2], [1, 1, 1, 1, 1], [1, 1, 1, 1, 1], [1, 1, 1, 1, 1], [2, 2, 2, 2, 2], [2, 2, 2, 2, 2], [2, 2, 2, 2, 2], [2, 2, 2, 2, 2], [1, 1, 1, 1, 1], [2, 2, 2, 2, 2], [2, 2, 2, 2, 2], [2, 2, 2, 2, 2], [1, 1, 1, 1, 1], [1, 1, 1, 1, 1], [1, 1, 1, 1, 1], [2, 2, 2, 2, 2], [2, 2, 2, 2, 2], [2, 2, 2, 2, 2], [1, 1, 1, 1, 1], [2, 2, 2, 2, 2], [1, 1, 1, 1, 1], [2, 2, 2, 2, 2], [1, 1, 1, 1, 1], [2, 2, 2, 2, 2], [1, 1, 1, 1, 1], [2, 2, 2, 2, 2], [2, 2, 2, 2, 2], [1, 1, 1, 1, 1], [2, 2, 2, 2, 2], [1, 1, 1, 1, 1], [1, 1, 1, 1, 1], [2, 2, 2, 2, 2], [2, 2, 2, 2, 2], [2, 2, 2, 2, 2], [2, 2, 2, 2, 2], [2, 2, 2, 2, 2], [1, 1, 1, 1, 1], [1, 1, 1, 1, 1], [1, 1, 1, 1, 1], [2, 2, 2, 2, 2], [2, 2, 2, 2, 2], [2, 2, 2, 2, 2], [2, 2, 2, 2, 2], [1, 1, 1, 1, 1], [1, 1, 1, 1, 1], [2, 2, 2, 2, 2], [1, 1, 1, 1, 1], [1, 1, 1, 1, 1], [1, 1, 1, 1, 1], [1, 1, 1, 1, 1], [1, 1, 1, 1, 1], [1, 1, 1, 1, 1], [2, 2, 2, 2, 2], [1, 1, 1, 1, 1], [1, 1, 1, 1, 1], [1, 1, 1, 1, 1], [1, 1, 1, 1, 1], [1, 1, 1, 1, 1], [2, 2, 2, 2, 2], [2, 2, 2, 2, 2], [1, 1, 1, 1, 1], [2, 2, 2, 2, 2], [1, 1, 1, 1, 1]]
1 1 1 -> 0.0
1 2 1 -> 5.0
2 1 1 -> 5.0
2 2 1 -> 0.0
1 1 2 -> 0.0
1 2 2 -> 5.0
2 1 2 -> 5.0
2 2 2 -> 0.0
1 1 3 -> 0.0
1 2 3 -> 5.0
2 1 3 -> 5.0
2 2 3 -> 0.0
1 1 4 -> 0.0
1 2 4 -> 5.0
2 1 4 -> 5.0
2 2 4 -> 0.0
1 1 5 -> 0.0
1 2 5 -> 5.0
2 1 5 -> 5.0
2 2 5 -> 0.0
o: (1, 2, 1) => 5.0
o: (1, 2, 5) => 5.0
o: (1, 2, 3) => 5.0
o: (1, 1, 2) => 0.0
o: (2, 1, 4) => 5.0
o: (1, 2, 2) => 5.0
o: (2, 1, 1) => 5.0
o: (2, 1, 5) => 5.0
o: (2, 1, 3) => 5.0
o: (2, 2, 4) => 0.0
o: (2, 2, 1) => 0.0
o: (2, 2, 5) => 0.0
o: (2, 2, 3) => 0.0
o: (2, 1, 2) => 5.0
o: (1, 1, 4) => 0.0
o: (1, 1, 1) => 0.0
o: (1, 1, 5) => 0.0
o: (1, 1, 3) => 0.0
o: (1, 2, 4) => 5.0
o: (2, 2, 2) => 0.0

[130, 1122, 1112, 1033, 1023, 1028, 939, 6]
JOBS in the order of refs (Vprime)
Node 1: Job(0, Point(70, 70, 0), 0, 0, 928, 0, 0, 0)
Node 2: Job(2, Point(109, 139, 0), 8, 0, 545, 10, 0, 121)
Node 3: Job(3, Point(120, 22, 0), 39, 190, 200, 10, 0, 131)
Node 4: Job(6, Point(12, 138, 0), 14, 285, 295, 10, 0, 177)
Node 5: Job(7, Point(86, 40, 1), 22, 0, 590, 10, 0, 41)
Node 6: Job(8, Point(121, 124, 1), 21, 0, 550, 10, 0, 40)
Node 7: Job(10, Point(40, 113, 1), 23, 0, 572, 10, 0, 104)
Node 8: Job(11, Point(129, 24, 1), 18, 0, 550, 10, 0, 158)
Node 9: Job(12, Point(12, 84, 0), 16, 0, 565, 10, 0, 178)
Node 10: Job(14, Point(102, 52, 0), 15, 0, 588, 10, 0, 197)
Node 11: Job(15, Point(41, 36, 0), 13, 61, 71, 10, 0, 54)
Node 12: Job(16, Point(132, 133, 1), 24, 0, 536, 10, 0, 60)
Node 13: Job(19, Point(22, 104, 1), 11, 0, 566, 10, 0, 198)
Node 14: Job(20, Point(46, 133, 0), 7, 0, 557, 10, 0, 58)
Node 15: Job(21, Point(138, 78, 1), 43, 0, 556, 10, 0, 123)
Node 16: Job(23, Point(18, 104, 1), 18, 347, 357, 10, 0, 114)
Node 17: Job(27, Point(101, 0, 1), 9, 0, 548, 10, 0, 64)
Node 18: Job(28, Point(90, 14, 0), 31, 0, 565, 10, 0, 182)
Node 19: Job(29, Point(20, 69, 0), 13, 388, 398, 10, 0, 110)
Node 20: Job(30, Point(64, 132, 1), 8, 67, 77, 10, 0, 98)
Node 21: Job(34, Point(63, 129, 0), 7, 216, 226, 10, 0, 118)
Node 22: Job(36, Point(108, 30, 0), 18, 0, 569, 10, 0, 91)
Node 23: Job(43, Point(13, 48, 0), 15, 0, 563, 10, 0, 95)
Node 24: Job(44, Point(113, 35, 1), 9, 0, 569, 10, 0, 172)
Node 25: Job(45, Point(60, 84, 1), 23, 0, 607, 10, 0, 138)
Node 26: Job(46, Point(44, 58, 1), 30, 0, 596, 10, 0, 125)
Node 27: Job(51, Point(139, 68, 1), 25, 152, 707, 10, 0, 126)
Node 28: Job(52, Point(58, 95, 0), 35, 495, 505, 10, 0, 97)
Node 29: Job(56, Point(54, 41, 1), 9, 0, 591, 10, 0, 188)
Node 30: Job(62, Point(55, 127, 1), 17, 0, 566, 10, 0, 111)
Node 31: Job(63, Point(103, 44, 1), 12, 42, 52, 10, 0, 150)
Node 32: Job(65, Point(16, 62, 0), 15, 0, 570, 10, 0, 96)
Node 33: Job(67, Point(90, 44, 0), 6, 132, 142, 10, 0, 5)
Node 34: Job(68, Point(113, 32, 0), 36, 154, 164, 10, 0, 116)
Node 35: Job(69, Point(104, 73, 1), 17, 0, 590, 10, 0, 1)
Node 36: Job(70, Point(36, 38, 1), 5, 0, 578, 10, 0, 164)
Node 37: Job(72, Point(54, 33, 1), 20, 0, 584, 10, 0, 71)
Node 38: Job(73, Point(70, 94, 0), 32, 24, 34, 10, 0, 194)
Node 39: Job(74, Point(35, 90, 1), 20, 456, 466, 10, 0, 39)
Node 40: Job(77, Point(10, 111, 0), 21, 0, 552, 10, 0, 127)
Node 41: Job(79, Point(113, 45, 1), 4, 0, 575, 10, 0, 18)
Node 42: Job(121, Point(85, 111, 0), -8, 0, 581, 10, 2, 0)
Node 43: Job(131, Point(138, 24, 1), -39, 0, 542, 10, 3, 0)
Node 44: Job(177, Point(13, 129, 0), -14, 361, 371, 10, 6, 0)
Node 45: Job(41, Point(81, 36, 1), -22, 0, 589, 10, 7, 0)
Node 46: Job(40, Point(92, 138, 1), -21, 412, 422, 10, 8, 0)
Node 47: Job(104, Point(38, 122, 0), -23, 0, 563, 10, 10, 0)
Node 48: Job(158, Point(120, 47, 1), -18, 0, 569, 10, 11, 0)
Node 49: Job(178, Point(20, 106, 0), -16, 0, 563, 10, 12, 0)
Node 50: Job(197, Point(93, 61, 0), -15, 531, 541, 10, 14, 0)
Node 51: Job(54, Point(32, 52, 1), -13, 0, 582, 10, 15, 0)
Node 52: Job(60, Point(73, 96, 1), -24, 0, 598, 10, 16, 0)
Node 53: Job(198, Point(27, 104, 1), -11, 0, 570, 10, 19, 0)
Node 54: Job(58, Point(5, 99, 1), -7, 0, 553, 10, 20, 0)
Node 55: Job(123, Point(137, 84, 1), -43, 0, 556, 10, 21, 0)
Node 56: Job(114, Point(29, 94, 0), -18, 0, 577, 10, 23, 0)
Node 57: Job(64, Point(97, 12, 0), -9, 0, 561, 10, 27, 0)
Node 58: Job(182, Point(89, 24, 0), -31, 0, 575, 10, 28, 0)
Node 59: Job(110, Point(34, 72, 1), -13, 0, 588, 10, 29, 0)
Node 60: Job(98, Point(49, 140, 1), -8, 0, 551, 10, 30, 0)
Node 61: Job(118, Point(59, 115, 1), -7, 326, 336, 10, 34, 0)
Node 62: Job(91, Point(83, 38, 1), -18, 0, 590, 10, 36, 0)
Node 63: Job(95, Point(19, 120, 0), -15, 271, 281, 10, 43, 0)
Node 64: Job(172, Point(120, 52, 0), -9, 384, 394, 10, 44, 0)
Node 65: Job(138, Point(55, 102, 1), -23, 0, 589, 10, 45, 0)
Node 66: Job(125, Point(30, 57, 0), -30, 240, 250, 10, 46, 0)
Node 67: Job(126, Point(139, 72, 0), -25, 294, 849, 10, 51, 0)
Node 68: Job(97, Point(58, 80, 0), -35, 0, 609, 10, 52, 0)
Node 69: Job(188, Point(44, 36, 0), -9, 0, 582, 10, 56, 0)
Node 70: Job(111, Point(80, 103, 0), -17, 382, 392, 10, 62, 0)
Node 71: Job(150, Point(99, 34, 0), -12, 0, 578, 10, 63, 0)
Node 72: Job(96, Point(18, 70, 1), -15, 401, 411, 10, 65, 0)
Node 73: Job(5, Point(116, 22, 0), -6, 0, 558, 10, 67, 0)
Node 74: Job(116, Point(110, 28, 0), -36, 315, 325, 10, 68, 0)
Node 75: Job(1, Point(107, 77, 0), -17, 0, 587, 10, 69, 0)
Node 76: Job(164, Point(36, 54, 0), -5, 0, 587, 10, 70, 0)
Node 77: Job(71, Point(15, 4, 0), -20, 530, 540, 10, 72, 0)
Node 78: Job(194, Point(56, 129, 1), -32, 0, 564, 10, 73, 0)
Node 79: Job(39, Point(47, 83, 1), -20, 0, 598, 10, 74, 0)
Node 80: Job(127, Point(2, 106, 0), -21, 0, 548, 10, 77, 0)
Node 81: Job(18, Point(104, 54, 1), -4, 0, 587, 10, 79, 0)
Node 82: Job(0, Point(70, 70, 0), 0, 0, 928, 0, 0, 0)

### Preprocessing Data ###
	-> arcs: 6724 (100.0%)
	-> arc_removals: 2573 (38.27%)
	-> arc_removals_is_loop: 82 (1.22%)
	-> arc_removals_is_delivery_to_pickup: 42 (0.62%)
	-> arc_removals_is_depot_begin_to_delivery: 40 (0.59%)
	-> arc_removals_is_pickup_to_depot_end: 40 (0.59%)
	-> arc_removals_is_dest_depot_begin: 80 (1.19%)
	-> arc_removals_is_orig_depot_end: 79 (1.17%)
	-> arc_removals_is_capacity_violated: 0 (0.0%)
	-> arc_removals_is_time_window_limited: 1269 (18.87%)
	-> arc_removals_is_time_window_pairing_limited: 860 (12.79%)
	-> arc_removals_is_indirect_request_service_impossible: 81 (1.2%)
	-> gamma_vars: 0 (0%)
	-> feas_gamma_vars: 0 (0%)
	-> infeas_gamma_vars_is_next_mtrv_unreachable: 0 (0%)
	-> infeas_gamma_vars_is_iprime_jprime_eq_i_j: 0 (0%)
	-> machine_removal_for_an_arc: 0 (0.0%)
##########################

[10:54:32.327] Print configuration
------------------------------------------------------
"
[10:54:32.327] Running Multi Start Heuristic"
> Experiment started at 2025-10-15T10:54:32.327
> Instance: LR1_2_4_t1_40R_40V_02F_05M
> Algorithm Parameters:


	>Stop params:
		>  - rule ITERATIONS
		>  - argument 60000.0
		>  - maximum_time 3600

	>General params:
		>  - instPath /dados/rmelo/PDPTW-SE/benchmark_multi_floor_v3/official_experiments/multistartlp/official/set_01_pt_01/../../../../instances/orig_ams_fg/40R_40V_02F_06M/t1/LR1_2_4/
		>  - name LR1_2_4
		>  - type t1
		>  - group 40R_40V_02F_05M
		>  - fullname LR1_2_4_t1_40R_40V_02F_05M
		>  - methodType heur
		>  - methodCode mslp
		>  - genconfigfile /dados/rmelo/PDPTW-SE/benchmark_multi_floor_v3/official_experiments/multistartlp/official/set_01_pt_01/configs/genconfig_mslp.conf
		>  - genconfigfilename genconfig_mslp
		>  - greedy_service_order random
		>  - cutoff 0
		>  - cutoffmachs 5
		>  - num_machs 0
		>  - solver Gurobi
		>  - maxtime 3600
		>  - gurobiCuts 1
		>  - typeUserCut 0
		>  - mipPresolve -1
		>  - printsol 1
		>  - maxnodes -1
		>  - elevator 1
		>  - make_instance_feasible false
		>  - output /dados/rmelo/PDPTW-SE/benchmark_multi_floor_v3/official_experiments/multistartlp/official/set_01_pt_01/logs
		>  - suff_outputs _seed_75
		>  - suff_csv _bash_4
		>  - epsilon 0.005
		>  - epsilonCap 0.5
		>  - warmStart false
		>  - seed 75
		>  - rng Random.MersenneTwister(75)
		>  - alpha 0.05
		>  - maxiter 1000000
		>  - outputFlagGrbMIP 0
		>  - outputFlagGrbMSLP 0
		>  - outputFlagGrbLMNS 0
		>  - mslpr I
		>  - mslpa 60000
		>  - lmnsr M
		>  - lmnsa 60
		>  - lmnsRepairTime 30.0
		>  - lmnsMIPFocus 0
		>  - lmnsGapToBiggerDestruction 50
		>  - lmnsGapToSmallerDestruction 95
		>  - lmnsWeightShawDistProx 1.0
		>  - lmnsWeightShawEarlProx 1.0
		>  - lmnsWeightShawSameRoute 1.0
		>  - lmnsWeightShawDemandSim 1.0
		>  - lmnsReqRApplyMIPStart true
		>  - lmnsAcceptanceCriteria H
		>  - lmnsMetropolisTemp 100.0
		>  - lmnsSimulatedAnnealingTemp 100.0
		>  - lmnsSimulatedAnnealingCool 0.95
		>  - mipmaxtime 3600
		>  - csvfilename /dados/rmelo/PDPTW-SE/benchmark_multi_floor_v3/official_experiments/multistartlp/official/set_01_pt_01/logs/heur_mslp/outputs/csvresults_heur_mslp_bash_4.csv
		>  - solfilename /dados/rmelo/PDPTW-SE/benchmark_multi_floor_v3/official_experiments/multistartlp/official/set_01_pt_01/logs/heur_mslp/solutions/40R_40V_02F_05M/LR1_2_4_sol_genconfig_mslp_seed_75.txt
		>  - timelineFilename /dados/rmelo/PDPTW-SE/benchmark_multi_floor_v3/official_experiments/multistartlp/official/set_01_pt_01/logs/heur_mslp/timelines/40R_40V_02F_05M/LR1_2_4_timeline_genconfig_mslp_seed_75.txt
		>  - grbFilename /dados/rmelo/PDPTW-SE/benchmark_multi_floor_v3/official_experiments/multistartlp/official/set_01_pt_01/logs/heur_mslp/gurobi/40R_40V_02F_05M/LR1_2_4_grb_genconfig_mslp_seed_75.log
		>  - threads 1
		>  - solverMethod AUTOMATIC

------------------------------------------------------

[10:54:32.429] Starting running MSLP
objValue;greedysol;iteration;time
6140.61;6269.24;1;0.018636
5852.84;6115.22;6;0.410906
5649.02;5869.16;7;0.429956
5519.91;5732.28;461;6.866260
5430.41;5629.07;1509;21.610657
5325.64;5776.97;3026;42.633983
5279.23;5426.61;4548;64.815132
5189.90;5375.43;43130;613.677383

[11:09:04.677] Finished running MSLP
System CPU time: 14.81 seconds

[11:09:04.748] Post running MSLP
Best solution value: 5189.90
Total time elapsed: 852.931255
Time to best: 613.677383
Iterations: 60000
Iterations to best: 43130
Improvements: 8
Infeasible solutions percentage: (34070 / 60000) = 56.7833 %
(LP improvements)/(LP runs) = 25930/25930 = 100.0000 %
Mean LP improvement percentage: 5.3100 %
[11:09:05.007] Writing results to CSV file: /dados/rmelo/PDPTW-SE/benchmark_multi_floor_v3/official_experiments/multistartlp/official/set_01_pt_01/logs/heur_mslp/outputs/csvresults_heur_mslp_bash_4.csv

[11:09:07.031] Saving solution to file:/dados/rmelo/PDPTW-SE/benchmark_multi_floor_v3/official_experiments/multistartlp/official/set_01_pt_01/logs/heur_mslp/solutions/40R_40V_02F_05M/LR1_2_4_sol_genconfig_mslp_seed_75.txt

[11:09:07.031] Saving solution timeline to file: /dados/rmelo/PDPTW-SE/benchmark_multi_floor_v3/official_experiments/multistartlp/official/set_01_pt_01/logs/heur_mslp/timelines/40R_40V_02F_05M/LR1_2_4_timeline_genconfig_mslp_seed_75.txt
---------------------| VEHICLES |---------------------

Vehicle 0 :
	id: 0
		node: 1
		(x, y, z): (70, 70, 0)
		dem: 0
		earl: 0
		lat: 928
		servt: 0
		pid: 0
		did: 0
		servST: 5.200000000000003
		(h, h_ind): (-1, 0)
		load: 0.0

	Finished service at time: 5.200000000000003

	Using Machine: 2
		Task 0 -> Machine 2 (Station 1): 4.0
		Vehicle arrival at machine station: 9.200000000000003
		Waiting time until machine travel: 0.0

		Machine travel start time: 9.200000000000003
		Region 0 -> Region 1: 5.0
		Machine arrival at machine station: 14.200000000000003

		Machine 2 (Station 2)-> Task 30: 62.8
		Vehicle arrival at task: 77.0
		Waiting time until service start time: 0.0

	id: 30
		node: 20
		(x, y, z): (64, 132, 1)
		dem: 8
		earl: 67
		lat: 77
		servt: 10
		pid: 0
		did: 98
		servST: 77.0
		(h, h_ind): (2, 1)
		load: 8.0

	Finished service at time: 87.0

	Task 30 -> Task 98: 17.0
	Vehicle arrival at task: 104.0
	Waiting time until service start time: 12.4

	id: 98
		node: 60
		(x, y, z): (49, 140, 1)
		dem: -8
		earl: 0
		lat: 551
		servt: 10
		pid: 30
		did: 0
		servST: 116.39999999999998
		(h, h_ind): (-1, 0)
		load: 0.0

	Finished service at time: 126.39999999999998

	Task 98 -> Task 62: 14.32
	Vehicle arrival at task: 140.71999999999997
	Waiting time until service start time: 0.0

	id: 62
		node: 30
		(x, y, z): (55, 127, 1)
		dem: 17
		earl: 0
		lat: 566
		servt: 10
		pid: 0
		did: 111
		servST: 140.71999999999997
		(h, h_ind): (-1, 0)
		load: 17.0

	Finished service at time: 150.71999999999997

	Task 62 -> Task 16: 77.23
	Vehicle arrival at task: 227.95
	Waiting time until service start time: 0.0

	id: 16
		node: 12
		(x, y, z): (132, 133, 1)
		dem: 24
		earl: 0
		lat: 536
		servt: 10
		pid: 0
		did: 60
		servST: 227.95
		(h, h_ind): (-1, 0)
		load: 41.0

	Finished service at time: 237.95

	Task 16 -> Task 60: 69.64
	Vehicle arrival at task: 307.59
	Waiting time until service start time: 0.0

	id: 60
		node: 52
		(x, y, z): (73, 96, 1)
		dem: -24
		earl: 0
		lat: 598
		servt: 10
		pid: 16
		did: 0
		servST: 307.59
		(h, h_ind): (-1, 0)
		load: 17.0

	Finished service at time: 317.59

	Using Machine: 4
		Task 60 -> Machine 4 (Station 2): 26.17
		Vehicle arrival at machine station: 343.76
		Waiting time until machine travel: 0.0

		Machine travel start time: 343.76
		Region 1 -> Region 0: 5.0
		Machine arrival at machine station: 348.76

		Machine 4 (Station 1)-> Task 111: 33.24
		Vehicle arrival at task: 382.0
		Waiting time until service start time: 0.0

	id: 111
		node: 70
		(x, y, z): (80, 103, 0)
		dem: -17
		earl: 382
		lat: 392
		servt: 10
		pid: 62
		did: 0
		servST: 382.0
		(h, h_ind): (4, 7)
		load: 0.0

	Finished service at time: 392.0

	Task 111 -> Task 0: 34.48
	Vehicle arrival at task: 426.48
	Waiting time until service start time: 0.0

	id: 0
		node: 82
		(x, y, z): (70, 70, 0)
		dem: 0
		earl: 0
		lat: 928
		servt: 0
		pid: 0
		did: 0
		servST: 426.48
		(h, h_ind): (-1, 0)
		load: 0.0


Vehicle 1 :
	id: 0
		node: 1
		(x, y, z): (70, 70, 0)
		dem: 0
		earl: 0
		lat: 928
		servt: 0
		pid: 0
		did: 0
		servST: 10.609999999999996
		(h, h_ind): (-1, 0)
		load: 0.0

	Finished service at time: 10.609999999999996

	Using Machine: 3
		Task 0 -> Machine 3 (Station 1): 4.0
		Vehicle arrival at machine station: 14.609999999999996
		Waiting time until machine travel: 0.0

		Machine travel start time: 14.609999999999996
		Region 0 -> Region 1: 5.0
		Machine arrival at machine station: 19.609999999999996

		Machine 3 (Station 2)-> Task 46: 25.06
		Vehicle arrival at task: 44.669999999999995
		Waiting time until service start time: 0.0

	id: 46
		node: 26
		(x, y, z): (44, 58, 1)
		dem: 30
		earl: 0
		lat: 596
		servt: 10
		pid: 0
		did: 125
		servST: 44.669999999999995
		(h, h_ind): (3, 1)
		load: 30.0

	Finished service at time: 54.669999999999995

	Task 46 -> Task 19: 50.99
	Vehicle arrival at task: 105.66
	Waiting time until service start time: 0.0

	id: 19
		node: 13
		(x, y, z): (22, 104, 1)
		dem: 11
		earl: 0
		lat: 566
		servt: 10
		pid: 0
		did: 198
		servST: 105.66
		(h, h_ind): (-1, 0)
		load: 41.0

	Finished service at time: 115.66

	Task 19 -> Task 198: 5.0
	Vehicle arrival at task: 120.66
	Waiting time until service start time: 0.0

	id: 198
		node: 53
		(x, y, z): (27, 104, 1)
		dem: -11
		earl: 0
		lat: 570
		servt: 10
		pid: 19
		did: 0
		servST: 120.66
		(h, h_ind): (-1, 0)
		load: 30.0

	Finished service at time: 130.66

	Task 198 -> Task 10: 15.81
	Vehicle arrival at task: 146.47
	Waiting time until service start time: 0.0

	id: 10
		node: 7
		(x, y, z): (40, 113, 1)
		dem: 23
		earl: 0
		lat: 572
		servt: 10
		pid: 0
		did: 104
		servST: 146.47
		(h, h_ind): (-1, 0)
		load: 53.0

	Finished service at time: 156.47

	Using Machine: 3
		Task 10 -> Machine 3 (Station 2): 50.25
		Vehicle arrival at machine station: 206.72
		Waiting time until machine travel: 0.0

		Machine travel start time: 206.72
		Region 1 -> Region 0: 5.0
		Machine arrival at machine station: 211.72

		Machine 3 (Station 1)-> Task 125: 38.28
		Vehicle arrival at task: 250.0
		Waiting time until service start time: 0.0

	id: 125
		node: 66
		(x, y, z): (30, 57, 0)
		dem: -30
		earl: 240
		lat: 250
		servt: 10
		pid: 46
		did: 0
		servST: 250.0
		(h, h_ind): (3, 5)
		load: 23.0

	Finished service at time: 260.0

	Task 125 -> Task 104: 65.49
	Vehicle arrival at task: 325.49
	Waiting time until service start time: 6.54

	id: 104
		node: 47
		(x, y, z): (38, 122, 0)
		dem: -23
		earl: 0
		lat: 563
		servt: 10
		pid: 10
		did: 0
		servST: 332.03
		(h, h_ind): (-1, 0)
		load: 0.0

	Finished service at time: 342.03

	Task 104 -> Task 29: 55.97
	Vehicle arrival at task: 398.0
	Waiting time until service start time: 0.0

	id: 29
		node: 19
		(x, y, z): (20, 69, 0)
		dem: 13
		earl: 388
		lat: 398
		servt: 10
		pid: 0
		did: 110
		servST: 398.0
		(h, h_ind): (-1, 0)
		load: 13.0

	Finished service at time: 408.0

	Task 29 -> Task 52: 46.04
	Vehicle arrival at task: 454.04
	Waiting time until service start time: 40.96

	id: 52
		node: 28
		(x, y, z): (58, 95, 0)
		dem: 35
		earl: 495
		lat: 505
		servt: 10
		pid: 0
		did: 97
		servST: 495.0
		(h, h_ind): (-1, 0)
		load: 48.0

	Finished service at time: 505.0

	Task 52 -> Task 97: 15.0
	Vehicle arrival at task: 520.0
	Waiting time until service start time: 0.0

	id: 97
		node: 68
		(x, y, z): (58, 80, 0)
		dem: -35
		earl: 0
		lat: 609
		servt: 10
		pid: 52
		did: 0
		servST: 520.0
		(h, h_ind): (-1, 0)
		load: 13.0

	Finished service at time: 530.0

	Using Machine: 3
		Task 97 -> Machine 3 (Station 1): 12.81
		Vehicle arrival at machine station: 542.81
		Waiting time until machine travel: 0.0

		Machine travel start time: 542.81
		Region 0 -> Region 1: 5.0
		Machine arrival at machine station: 547.81

		Machine 3 (Station 2)-> Task 110: 32.06
		Vehicle arrival at task: 579.8699999999999
		Waiting time until service start time: 0.0

	id: 110
		node: 59
		(x, y, z): (34, 72, 1)
		dem: -13
		earl: 0
		lat: 588
		servt: 10
		pid: 29
		did: 0
		servST: 579.8699999999999
		(h, h_ind): (3, 9)
		load: 0.0

	Finished service at time: 589.8699999999999

	Using Machine: 1
		Task 110 -> Machine 1 (Station 2): 34.06
		Vehicle arrival at machine station: 623.9299999999998
		Waiting time until machine travel: 0.0

		Machine travel start time: 623.9299999999998
		Region 1 -> Region 0: 5.0
		Machine arrival at machine station: 628.9299999999998

		Machine 1 (Station 1)-> Task 0: 2.0
		Vehicle arrival at task: 630.9299999999998
		Waiting time until service start time: 0.0

	id: 0
		node: 82
		(x, y, z): (70, 70, 0)
		dem: 0
		earl: 0
		lat: 928
		servt: 0
		pid: 0
		did: 0
		servST: 630.9299999999998
		(h, h_ind): (1, 3)
		load: 0.0


Vehicle 6 :
	id: 0
		node: 1
		(x, y, z): (70, 70, 0)
		dem: 0
		earl: 0
		lat: 928
		servt: 0
		pid: 0
		did: 0
		servST: 65.32999999999998
		(h, h_ind): (-1, 0)
		load: 0.0

	Finished service at time: 65.32999999999998

	Task 0 -> Task 28: 59.46
	Vehicle arrival at task: 124.78999999999999
	Waiting time until service start time: 0.0

	id: 28
		node: 18
		(x, y, z): (90, 14, 0)
		dem: 31
		earl: 0
		lat: 565
		servt: 10
		pid: 0
		did: 182
		servST: 124.78999999999999
		(h, h_ind): (-1, 0)
		load: 31.0

	Finished service at time: 134.79

	Task 28 -> Task 68: 29.21
	Vehicle arrival at task: 164.0
	Waiting time until service start time: 0.0

	id: 68
		node: 34
		(x, y, z): (113, 32, 0)
		dem: 36
		earl: 154
		lat: 164
		servt: 10
		pid: 0
		did: 116
		servST: 164.0
		(h, h_ind): (-1, 0)
		load: 67.0

	Finished service at time: 174.0

	Task 68 -> Task 182: 25.3
	Vehicle arrival at task: 199.3
	Waiting time until service start time: 72.95

	id: 182
		node: 58
		(x, y, z): (89, 24, 0)
		dem: -31
		earl: 0
		lat: 575
		servt: 10
		pid: 28
		did: 0
		servST: 272.25
		(h, h_ind): (-1, 0)
		load: 36.0

	Finished service at time: 282.25

	Task 182 -> Task 36: 19.92
	Vehicle arrival at task: 302.17
	Waiting time until service start time: 0.0

	id: 36
		node: 22
		(x, y, z): (108, 30, 0)
		dem: 18
		earl: 0
		lat: 569
		servt: 10
		pid: 0
		did: 91
		servST: 302.17
		(h, h_ind): (-1, 0)
		load: 54.0

	Finished service at time: 312.17

	Task 36 -> Task 116: 2.83
	Vehicle arrival at task: 315.0
	Waiting time until service start time: 0.0

	id: 116
		node: 74
		(x, y, z): (110, 28, 0)
		dem: -36
		earl: 315
		lat: 325
		servt: 10
		pid: 68
		did: 0
		servST: 315.0
		(h, h_ind): (-1, 0)
		load: 18.0

	Finished service at time: 325.0

	Using Machine: 4
		Task 116 -> Machine 4 (Station 1): 54.04
		Vehicle arrival at machine station: 379.04
		Waiting time until machine travel: -0.0

		Machine travel start time: 379.03999999999996
		Region 0 -> Region 1: 5.0
		Machine arrival at machine station: 384.03999999999996

		Machine 4 (Station 2)-> Task 91: 32.76
		Vehicle arrival at task: 416.79999999999995
		Waiting time until service start time: 0.0

	id: 91
		node: 62
		(x, y, z): (83, 38, 1)
		dem: -18
		earl: 0
		lat: 590
		servt: 10
		pid: 36
		did: 0
		servST: 416.79999999999995
		(h, h_ind): (4, 8)
		load: 0.0

	Finished service at time: 426.79999999999995

	Using Machine: 0
		Task 91 -> Machine 0 (Station 2): 33.84
		Vehicle arrival at machine station: 460.64
		Waiting time until machine travel: 0.0

		Machine travel start time: 460.64
		Region 1 -> Region 0: 5.0
		Machine arrival at machine station: 465.64

		Machine 0 (Station 1)-> Task 0: 2.0
		Vehicle arrival at task: 467.64
		Waiting time until service start time: 0.0

	id: 0
		node: 82
		(x, y, z): (70, 70, 0)
		dem: 0
		earl: 0
		lat: 928
		servt: 0
		pid: 0
		did: 0
		servST: 467.64
		(h, h_ind): (0, 3)
		load: 0.0


Vehicle 8 :
	id: 0
		node: 1
		(x, y, z): (70, 70, 0)
		dem: 0
		earl: 0
		lat: 928
		servt: 0
		pid: 0
		did: 0
		servST: 12.890000000000015
		(h, h_ind): (-1, 0)
		load: 0.0

	Finished service at time: 12.890000000000015

	Using Machine: 0
		Task 0 -> Machine 0 (Station 1): 2.0
		Vehicle arrival at machine station: 14.890000000000015
		Waiting time until machine travel: 0.0

		Machine travel start time: 14.890000000000015
		Region 0 -> Region 1: 5.0
		Machine arrival at machine station: 19.890000000000015

		Machine 0 (Station 2)-> Task 27: 75.77
		Vehicle arrival at task: 95.66000000000001
		Waiting time until service start time: 0.0

	id: 27
		node: 17
		(x, y, z): (101, 0, 1)
		dem: 9
		earl: 0
		lat: 548
		servt: 10
		pid: 0
		did: 64
		servST: 95.66000000000001
		(h, h_ind): (0, 2)
		load: 9.0

	Finished service at time: 105.66000000000001

	Task 27 -> Task 44: 37.0
	Vehicle arrival at task: 142.66000000000003
	Waiting time until service start time: 0.0

	id: 44
		node: 24
		(x, y, z): (113, 35, 1)
		dem: 9
		earl: 0
		lat: 569
		servt: 10
		pid: 0
		did: 172
		servST: 142.66000000000003
		(h, h_ind): (-1, 0)
		load: 18.0

	Finished service at time: 152.66000000000003

	Task 44 -> Task 51: 42.01
	Vehicle arrival at task: 194.67000000000002
	Waiting time until service start time: 0.0

	id: 51
		node: 27
		(x, y, z): (139, 68, 1)
		dem: 25
		earl: 152
		lat: 707
		servt: 10
		pid: 0
		did: 126
		servST: 194.67000000000002
		(h, h_ind): (-1, 0)
		load: 43.0

	Finished service at time: 204.67000000000002

	Using Machine: 4
		Task 51 -> Machine 4 (Station 2): 63.03
		Vehicle arrival at machine station: 267.70000000000005
		Waiting time until machine travel: 0.0

		Machine travel start time: 267.70000000000005
		Region 1 -> Region 0: 5.0
		Machine arrival at machine station: 272.70000000000005

		Machine 4 (Station 1)-> Task 64: 61.68
		Vehicle arrival at task: 334.38000000000005
		Waiting time until service start time: 0.0

	id: 64
		node: 57
		(x, y, z): (97, 12, 0)
		dem: -9
		earl: 0
		lat: 561
		servt: 10
		pid: 27
		did: 0
		servST: 334.38000000000005
		(h, h_ind): (4, 5)
		load: 34.0

	Finished service at time: 344.38000000000005

	Task 64 -> Task 172: 46.14
	Vehicle arrival at task: 390.52000000000004
	Waiting time until service start time: 0.0

	id: 172
		node: 64
		(x, y, z): (120, 52, 0)
		dem: -9
		earl: 384
		lat: 394
		servt: 10
		pid: 44
		did: 0
		servST: 390.52000000000004
		(h, h_ind): (-1, 0)
		load: 25.0

	Finished service at time: 400.52000000000004

	Task 172 -> Task 126: 27.59
	Vehicle arrival at task: 428.11
	Waiting time until service start time: 0.0

	id: 126
		node: 67
		(x, y, z): (139, 72, 0)
		dem: -25
		earl: 294
		lat: 849
		servt: 10
		pid: 51
		did: 0
		servST: 428.11
		(h, h_ind): (-1, 0)
		load: 0.0

	Finished service at time: 438.11

	Task 126 -> Task 2: 73.41
	Vehicle arrival at task: 511.52
	Waiting time until service start time: 0.0

	id: 2
		node: 2
		(x, y, z): (109, 139, 0)
		dem: 8
		earl: 0
		lat: 545
		servt: 10
		pid: 0
		did: 121
		servST: 511.52
		(h, h_ind): (-1, 0)
		load: 8.0

	Finished service at time: 521.52

	Task 2 -> Task 121: 36.88
	Vehicle arrival at task: 558.4
	Waiting time until service start time: 0.0

	id: 121
		node: 42
		(x, y, z): (85, 111, 0)
		dem: -8
		earl: 0
		lat: 581
		servt: 10
		pid: 2
		did: 0
		servST: 558.4
		(h, h_ind): (-1, 0)
		load: 0.0

	Finished service at time: 568.4

	Task 121 -> Task 0: 43.66
	Vehicle arrival at task: 612.06
	Waiting time until service start time: 0.0

	id: 0
		node: 82
		(x, y, z): (70, 70, 0)
		dem: 0
		earl: 0
		lat: 928
		servt: 0
		pid: 0
		did: 0
		servST: 612.06
		(h, h_ind): (-1, 0)
		load: 0.0


Vehicle 9 :
	id: 0
		node: 1
		(x, y, z): (70, 70, 0)
		dem: 0
		earl: 0
		lat: 928
		servt: 0
		pid: 0
		did: 0
		servST: 0.0
		(h, h_ind): (-1, 0)
		load: 0.0

	Finished service at time: 0.0

	Using Machine: 4
		Task 0 -> Machine 4 (Station 1): 6.0
		Vehicle arrival at machine station: 6.0
		Waiting time until machine travel: 0.0

		Machine travel start time: 6.0
		Region 0 -> Region 1: 5.0
		Machine arrival at machine station: 11.0

		Machine 4 (Station 2)-> Task 7: 31.62
		Vehicle arrival at task: 42.620000000000005
		Waiting time until service start time: 0.0

	id: 7
		node: 5
		(x, y, z): (86, 40, 1)
		dem: 22
		earl: 0
		lat: 590
		servt: 10
		pid: 0
		did: 41
		servST: 42.620000000000005
		(h, h_ind): (4, 1)
		load: 22.0

	Finished service at time: 52.620000000000005

	Task 7 -> Task 41: 6.4
	Vehicle arrival at task: 59.02
	Waiting time until service start time: 0.0

	id: 41
		node: 45
		(x, y, z): (81, 36, 1)
		dem: -22
		earl: 0
		lat: 589
		servt: 10
		pid: 7
		did: 0
		servST: 59.02
		(h, h_ind): (-1, 0)
		load: 0.0

	Finished service at time: 69.02000000000001

	Using Machine: 3
		Task 41 -> Machine 3 (Station 2): 37.16
		Vehicle arrival at machine station: 106.18
		Waiting time until machine travel: 0.0

		Machine travel start time: 106.18
		Region 1 -> Region 0: 5.0
		Machine arrival at machine station: 111.18

		Machine 3 (Station 1)-> Task 43: 57.38
		Vehicle arrival at task: 168.56
		Waiting time until service start time: 0.0

	id: 43
		node: 23
		(x, y, z): (13, 48, 0)
		dem: 15
		earl: 0
		lat: 563
		servt: 10
		pid: 0
		did: 95
		servST: 168.56
		(h, h_ind): (3, 3)
		load: 15.0

	Finished service at time: 178.56

	Task 43 -> Task 12: 36.01
	Vehicle arrival at task: 214.57
	Waiting time until service start time: 0.0

	id: 12
		node: 9
		(x, y, z): (12, 84, 0)
		dem: 16
		earl: 0
		lat: 565
		servt: 10
		pid: 0
		did: 178
		servST: 214.57
		(h, h_ind): (-1, 0)
		load: 31.0

	Finished service at time: 224.57

	Task 12 -> Task 178: 23.41
	Vehicle arrival at task: 247.98
	Waiting time until service start time: 0.0

	id: 178
		node: 49
		(x, y, z): (20, 106, 0)
		dem: -16
		earl: 0
		lat: 563
		servt: 10
		pid: 12
		did: 0
		servST: 247.98
		(h, h_ind): (-1, 0)
		load: 15.0

	Finished service at time: 257.98

	Task 178 -> Task 95: 14.04
	Vehicle arrival at task: 272.02000000000004
	Waiting time until service start time: -0.0

	id: 95
		node: 63
		(x, y, z): (19, 120, 0)
		dem: -15
		earl: 271
		lat: 281
		servt: 10
		pid: 43
		did: 0
		servST: 272.02
		(h, h_ind): (-1, 0)
		load: 0.0

	Finished service at time: 282.02

	Task 95 -> Task 0: 71.42
	Vehicle arrival at task: 353.44
	Waiting time until service start time: 0.0

	id: 0
		node: 82
		(x, y, z): (70, 70, 0)
		dem: 0
		earl: 0
		lat: 928
		servt: 0
		pid: 0
		did: 0
		servST: 353.44
		(h, h_ind): (-1, 0)
		load: 0.0


Vehicle 15 :
	id: 0
		node: 1
		(x, y, z): (70, 70, 0)
		dem: 0
		earl: 0
		lat: 928
		servt: 0
		pid: 0
		did: 0
		servST: 26.310000000000002
		(h, h_ind): (-1, 0)
		load: 0.0

	Finished service at time: 26.310000000000002

	Task 0 -> Task 15: 44.69
	Vehicle arrival at task: 71.0
	Waiting time until service start time: 0.0

	id: 15
		node: 11
		(x, y, z): (41, 36, 0)
		dem: 13
		earl: 61
		lat: 71
		servt: 10
		pid: 0
		did: 54
		servST: 71.0
		(h, h_ind): (-1, 0)
		load: 13.0

	Finished service at time: 81.0

	Using Machine: 4
		Task 15 -> Machine 4 (Station 1): 48.8
		Vehicle arrival at machine station: 129.8
		Waiting time until machine travel: 0.0

		Machine travel start time: 129.8
		Region 0 -> Region 1: 5.0
		Machine arrival at machine station: 134.8

		Machine 4 (Station 2)-> Task 21: 62.51
		Vehicle arrival at task: 197.31
		Waiting time until service start time: 0.0

	id: 21
		node: 15
		(x, y, z): (138, 78, 1)
		dem: 43
		earl: 0
		lat: 556
		servt: 10
		pid: 0
		did: 123
		servST: 197.31
		(h, h_ind): (4, 3)
		load: 56.0

	Finished service at time: 207.31

	Task 21 -> Task 123: 6.08
	Vehicle arrival at task: 213.39000000000001
	Waiting time until service start time: -0.0

	id: 123
		node: 55
		(x, y, z): (137, 84, 1)
		dem: -43
		earl: 0
		lat: 556
		servt: 10
		pid: 21
		did: 0
		servST: 213.39
		(h, h_ind): (-1, 0)
		load: 13.0

	Finished service at time: 223.39

	Task 123 -> Task 23: 120.67
	Vehicle arrival at task: 344.06
	Waiting time until service start time: 2.94

	id: 23
		node: 16
		(x, y, z): (18, 104, 1)
		dem: 18
		earl: 347
		lat: 357
		servt: 10
		pid: 0
		did: 114
		servST: 347.0
		(h, h_ind): (-1, 0)
		load: 31.0

	Finished service at time: 357.0

	Task 23 -> Task 54: 53.85
	Vehicle arrival at task: 410.85
	Waiting time until service start time: 0.0

	id: 54
		node: 51
		(x, y, z): (32, 52, 1)
		dem: -13
		earl: 0
		lat: 582
		servt: 10
		pid: 15
		did: 0
		servST: 410.85
		(h, h_ind): (-1, 0)
		load: 18.0

	Finished service at time: 420.85

	Task 54 -> Task 74: 38.12
	Vehicle arrival at task: 458.97
	Waiting time until service start time: 0.0

	id: 74
		node: 39
		(x, y, z): (35, 90, 1)
		dem: 20
		earl: 456
		lat: 466
		servt: 10
		pid: 0
		did: 39
		servST: 458.97
		(h, h_ind): (-1, 0)
		load: 38.0

	Finished service at time: 468.97

	Task 74 -> Task 39: 13.89
	Vehicle arrival at task: 482.86
	Waiting time until service start time: 0.0

	id: 39
		node: 79
		(x, y, z): (47, 83, 1)
		dem: -20
		earl: 0
		lat: 598
		servt: 10
		pid: 74
		did: 0
		servST: 482.86
		(h, h_ind): (-1, 0)
		load: 18.0

	Finished service at time: 492.86

	Using Machine: 3
		Task 39 -> Machine 3 (Station 2): 23.02
		Vehicle arrival at machine station: 515.88
		Waiting time until machine travel: 0.0

		Machine travel start time: 515.88
		Region 1 -> Region 0: 5.0
		Machine arrival at machine station: 520.88

		Machine 3 (Station 1)-> Task 114: 44.1
		Vehicle arrival at task: 564.98
		Waiting time until service start time: 0.0

	id: 114
		node: 56
		(x, y, z): (29, 94, 0)
		dem: -18
		earl: 0
		lat: 577
		servt: 10
		pid: 23
		did: 0
		servST: 564.98
		(h, h_ind): (3, 7)
		load: 0.0

	Finished service at time: 574.98

	Task 114 -> Task 0: 47.51
	Vehicle arrival at task: 622.49
	Waiting time until service start time: 0.0

	id: 0
		node: 82
		(x, y, z): (70, 70, 0)
		dem: 0
		earl: 0
		lat: 928
		servt: 0
		pid: 0
		did: 0
		servST: 622.49
		(h, h_ind): (-1, 0)
		load: 0.0


Vehicle 16 :
	id: 0
		node: 1
		(x, y, z): (70, 70, 0)
		dem: 0
		earl: 0
		lat: 928
		servt: 0
		pid: 0
		did: 0
		servST: 46.929999999999936
		(h, h_ind): (-1, 0)
		load: 0.0

	Finished service at time: 46.929999999999936

	Task 0 -> Task 65: 54.59
	Vehicle arrival at task: 101.51999999999994
	Waiting time until service start time: 0.0

	id: 65
		node: 32
		(x, y, z): (16, 62, 0)
		dem: 15
		earl: 0
		lat: 570
		servt: 10
		pid: 0
		did: 96
		servST: 101.51999999999994
		(h, h_ind): (-1, 0)
		load: 15.0

	Finished service at time: 111.51999999999994

	Task 65 -> Task 20: 77.08
	Vehicle arrival at task: 188.59999999999994
	Waiting time until service start time: 0.0

	id: 20
		node: 14
		(x, y, z): (46, 133, 0)
		dem: 7
		earl: 0
		lat: 557
		servt: 10
		pid: 0
		did: 58
		servST: 188.59999999999994
		(h, h_ind): (-1, 0)
		load: 22.0

	Finished service at time: 198.59999999999994

	Task 20 -> Task 34: 17.46
	Vehicle arrival at task: 216.05999999999995
	Waiting time until service start time: 0.0

	id: 34
		node: 21
		(x, y, z): (63, 129, 0)
		dem: 7
		earl: 216
		lat: 226
		servt: 10
		pid: 0
		did: 118
		servST: 216.05999999999995
		(h, h_ind): (-1, 0)
		load: 29.0

	Finished service at time: 226.05999999999995

	Using Machine: 3
		Task 34 -> Machine 3 (Station 1): 59.08
		Vehicle arrival at machine station: 285.13999999999993
		Waiting time until machine travel: 0.0

		Machine travel start time: 285.13999999999993
		Region 0 -> Region 1: 5.0
		Machine arrival at machine station: 290.13999999999993

		Machine 3 (Station 2)-> Task 118: 45.54
		Vehicle arrival at task: 335.67999999999995
		Waiting time until service start time: 0.0

	id: 118
		node: 61
		(x, y, z): (59, 115, 1)
		dem: -7
		earl: 326
		lat: 336
		servt: 10
		pid: 34
		did: 0
		servST: 335.67999999999995
		(h, h_ind): (3, 6)
		load: 22.0

	Finished service at time: 345.67999999999995

	Task 118 -> Task 96: 60.88
	Vehicle arrival at task: 406.55999999999995
	Waiting time until service start time: 0.0

	id: 96
		node: 72
		(x, y, z): (18, 70, 1)
		dem: -15
		earl: 401
		lat: 411
		servt: 10
		pid: 65
		did: 0
		servST: 406.55999999999995
		(h, h_ind): (-1, 0)
		load: 7.0

	Finished service at time: 416.55999999999995

	Task 96 -> Task 58: 31.78
	Vehicle arrival at task: 448.3399999999999
	Waiting time until service start time: 0.0

	id: 58
		node: 54
		(x, y, z): (5, 99, 1)
		dem: -7
		earl: 0
		lat: 553
		servt: 10
		pid: 20
		did: 0
		servST: 448.34
		(h, h_ind): (-1, 0)
		load: 0.0

	Finished service at time: 458.34

	Using Machine: 3
		Task 58 -> Machine 3 (Station 2): 67.54
		Vehicle arrival at machine station: 525.88
		Waiting time until machine travel: 0.0

		Machine travel start time: 525.88
		Region 1 -> Region 0: 5.0
		Machine arrival at machine station: 530.88

		Machine 3 (Station 1)-> Task 0: 4.0
		Vehicle arrival at task: 534.88
		Waiting time until service start time: 0.0

	id: 0
		node: 82
		(x, y, z): (70, 70, 0)
		dem: 0
		earl: 0
		lat: 928
		servt: 0
		pid: 0
		did: 0
		servST: 534.88
		(h, h_ind): (3, 8)
		load: 0.0


Vehicle 19 :
	id: 0
		node: 1
		(x, y, z): (70, 70, 0)
		dem: 0
		earl: 0
		lat: 928
		servt: 0
		pid: 0
		did: 0
		servST: 2.890000000000015
		(h, h_ind): (-1, 0)
		load: 0.0

	Finished service at time: 2.890000000000015

	Using Machine: 0
		Task 0 -> Machine 0 (Station 1): 2.0
		Vehicle arrival at machine station: 4.890000000000015
		Waiting time until machine travel: 0.0

		Machine travel start time: 4.890000000000015
		Region 0 -> Region 1: 5.0
		Machine arrival at machine station: 9.890000000000015

		Machine 0 (Station 2)-> Task 63: 40.46
		Vehicle arrival at task: 50.350000000000016
		Waiting time until service start time: 0.0

	id: 63
		node: 31
		(x, y, z): (103, 44, 1)
		dem: 12
		earl: 42
		lat: 52
		servt: 10
		pid: 0
		did: 150
		servST: 50.350000000000016
		(h, h_ind): (0, 1)
		load: 12.0

	Finished service at time: 60.350000000000016

	Using Machine: 4
		Task 63 -> Machine 4 (Station 2): 37.48
		Vehicle arrival at machine station: 97.83000000000001
		Waiting time until machine travel: 0.0

		Machine travel start time: 97.83000000000001
		Region 1 -> Region 0: 5.0
		Machine arrival at machine station: 102.83000000000001

		Machine 4 (Station 1)-> Task 67: 29.53
		Vehicle arrival at task: 132.36
		Waiting time until service start time: 0.0

	id: 67
		node: 33
		(x, y, z): (90, 44, 0)
		dem: 6
		earl: 132
		lat: 142
		servt: 10
		pid: 0
		did: 5
		servST: 132.36
		(h, h_ind): (4, 2)
		load: 18.0

	Finished service at time: 142.36

	Task 67 -> Task 150: 13.45
	Vehicle arrival at task: 155.81
	Waiting time until service start time: 0.0

	id: 150
		node: 71
		(x, y, z): (99, 34, 0)
		dem: -12
		earl: 0
		lat: 578
		servt: 10
		pid: 63
		did: 0
		servST: 155.81
		(h, h_ind): (-1, 0)
		load: 6.0

	Finished service at time: 165.81

	Task 150 -> Task 3: 24.19
	Vehicle arrival at task: 190.0
	Waiting time until service start time: 0.0

	id: 3
		node: 3
		(x, y, z): (120, 22, 0)
		dem: 39
		earl: 190
		lat: 200
		servt: 10
		pid: 0
		did: 131
		servST: 190.0
		(h, h_ind): (-1, 0)
		load: 45.0

	Finished service at time: 200.0

	Task 3 -> Task 5: 4.0
	Vehicle arrival at task: 204.0
	Waiting time until service start time: 0.0

	id: 5
		node: 73
		(x, y, z): (116, 22, 0)
		dem: -6
		earl: 0
		lat: 558
		servt: 10
		pid: 67
		did: 0
		servST: 204.0
		(h, h_ind): (-1, 0)
		load: 39.0

	Finished service at time: 214.0

	Task 5 -> Task 14: 33.11
	Vehicle arrival at task: 247.11
	Waiting time until service start time: 0.0

	id: 14
		node: 10
		(x, y, z): (102, 52, 0)
		dem: 15
		earl: 0
		lat: 588
		servt: 10
		pid: 0
		did: 197
		servST: 247.11
		(h, h_ind): (-1, 0)
		load: 54.0

	Finished service at time: 257.11

	Using Machine: 4
		Task 14 -> Machine 4 (Station 1): 31.62
		Vehicle arrival at machine station: 288.73
		Waiting time until machine travel: 0.0

		Machine travel start time: 288.73
		Region 0 -> Region 1: 5.0
		Machine arrival at machine station: 293.73

		Machine 4 (Station 2)-> Task 131: 77.2
		Vehicle arrival at task: 370.93
		Waiting time until service start time: 0.0

	id: 131
		node: 43
		(x, y, z): (138, 24, 1)
		dem: -39
		earl: 0
		lat: 542
		servt: 10
		pid: 3
		did: 0
		servST: 370.93
		(h, h_ind): (4, 6)
		load: 15.0

	Finished service at time: 380.93

	Task 131 -> Task 11: 9.0
	Vehicle arrival at task: 389.93
	Waiting time until service start time: 0.0

	id: 11
		node: 8
		(x, y, z): (129, 24, 1)
		dem: 18
		earl: 0
		lat: 550
		servt: 10
		pid: 0
		did: 158
		servST: 389.93
		(h, h_ind): (-1, 0)
		load: 33.0

	Finished service at time: 399.93

	Task 11 -> Task 158: 24.7
	Vehicle arrival at task: 424.63
	Waiting time until service start time: 0.0

	id: 158
		node: 48
		(x, y, z): (120, 47, 1)
		dem: -18
		earl: 0
		lat: 569
		servt: 10
		pid: 11
		did: 0
		servST: 424.63
		(h, h_ind): (-1, 0)
		load: 15.0

	Finished service at time: 434.63

	Task 158 -> Task 79: 7.28
	Vehicle arrival at task: 441.90999999999997
	Waiting time until service start time: 0.0

	id: 79
		node: 41
		(x, y, z): (113, 45, 1)
		dem: 4
		earl: 0
		lat: 575
		servt: 10
		pid: 0
		did: 18
		servST: 441.90999999999997
		(h, h_ind): (-1, 0)
		load: 19.0

	Finished service at time: 451.90999999999997

	Task 79 -> Task 18: 12.73
	Vehicle arrival at task: 464.64
	Waiting time until service start time: 0.0

	id: 18
		node: 81
		(x, y, z): (104, 54, 1)
		dem: -4
		earl: 0
		lat: 587
		servt: 10
		pid: 79
		did: 0
		servST: 464.64
		(h, h_ind): (-1, 0)
		load: 15.0

	Finished service at time: 474.64

	Using Machine: 4
		Task 18 -> Machine 4 (Station 2): 32.25
		Vehicle arrival at machine station: 506.89
		Waiting time until machine travel: 0.0

		Machine travel start time: 506.89
		Region 1 -> Region 0: 5.0
		Machine arrival at machine station: 511.89

		Machine 4 (Station 1)-> Task 197: 19.24
		Vehicle arrival at task: 531.13
		Waiting time until service start time: 0.0

	id: 197
		node: 50
		(x, y, z): (93, 61, 0)
		dem: -15
		earl: 531
		lat: 541
		servt: 10
		pid: 14
		did: 0
		servST: 531.13
		(h, h_ind): (4, 9)
		load: 0.0

	Finished service at time: 541.13

	Task 197 -> Task 0: 24.7
	Vehicle arrival at task: 565.83
	Waiting time until service start time: 0.0

	id: 0
		node: 82
		(x, y, z): (70, 70, 0)
		dem: 0
		earl: 0
		lat: 928
		servt: 0
		pid: 0
		did: 0
		servST: 565.83
		(h, h_ind): (-1, 0)
		load: 0.0


Vehicle 20 :
	id: 0
		node: 1
		(x, y, z): (70, 70, 0)
		dem: 0
		earl: 0
		lat: 928
		servt: 0
		pid: 0
		did: 0
		servST: 17.89999999999999
		(h, h_ind): (-1, 0)
		load: 0.0

	Finished service at time: 17.89999999999999

	Using Machine: 1
		Task 0 -> Machine 1 (Station 1): 2.0
		Vehicle arrival at machine station: 19.89999999999999
		Waiting time until machine travel: 0.0

		Machine travel start time: 19.89999999999999
		Region 0 -> Region 1: 5.0
		Machine arrival at machine station: 24.89999999999999

		Machine 1 (Station 2)-> Task 56: 32.2
		Vehicle arrival at task: 57.099999999999994
		Waiting time until service start time: 0.0

	id: 56
		node: 29
		(x, y, z): (54, 41, 1)
		dem: 9
		earl: 0
		lat: 591
		servt: 10
		pid: 0
		did: 188
		servST: 57.099999999999994
		(h, h_ind): (1, 1)
		load: 9.0

	Finished service at time: 67.1

	Task 56 -> Task 72: 8.0
	Vehicle arrival at task: 75.1
	Waiting time until service start time: 0.0

	id: 72
		node: 37
		(x, y, z): (54, 33, 1)
		dem: 20
		earl: 0
		lat: 584
		servt: 10
		pid: 0
		did: 71
		servST: 75.1
		(h, h_ind): (-1, 0)
		load: 29.0

	Finished service at time: 85.1

	Task 72 -> Task 70: 18.68
	Vehicle arrival at task: 103.78
	Waiting time until service start time: -0.0

	id: 70
		node: 36
		(x, y, z): (36, 38, 1)
		dem: 5
		earl: 0
		lat: 578
		servt: 10
		pid: 0
		did: 164
		servST: 103.77999999999999
		(h, h_ind): (-1, 0)
		load: 34.0

	Finished service at time: 113.77999999999999

	Using Machine: 3
		Task 70 -> Machine 3 (Station 2): 43.86
		Vehicle arrival at machine station: 157.64
		Waiting time until machine travel: 0.0

		Machine travel start time: 157.64
		Region 1 -> Region 0: 5.0
		Machine arrival at machine station: 162.64

		Machine 3 (Station 1)-> Task 77: 69.4
		Vehicle arrival at task: 232.04
		Waiting time until service start time: 0.0

	id: 77
		node: 40
		(x, y, z): (10, 111, 0)
		dem: 21
		earl: 0
		lat: 552
		servt: 10
		pid: 0
		did: 127
		servST: 232.04
		(h, h_ind): (3, 4)
		load: 55.0

	Finished service at time: 242.04

	Task 77 -> Task 127: 9.43
	Vehicle arrival at task: 251.47
	Waiting time until service start time: 0.0

	id: 127
		node: 80
		(x, y, z): (2, 106, 0)
		dem: -21
		earl: 0
		lat: 548
		servt: 10
		pid: 77
		did: 0
		servST: 251.47
		(h, h_ind): (-1, 0)
		load: 34.0

	Finished service at time: 261.47

	Task 127 -> Task 6: 33.53
	Vehicle arrival at task: 295.0
	Waiting time until service start time: 0.0

	id: 6
		node: 4
		(x, y, z): (12, 138, 0)
		dem: 14
		earl: 285
		lat: 295
		servt: 10
		pid: 0
		did: 177
		servST: 295.0
		(h, h_ind): (-1, 0)
		load: 48.0

	Finished service at time: 305.0

	Task 6 -> Task 177: 9.06
	Vehicle arrival at task: 314.06
	Waiting time until service start time: 46.94

	id: 177
		node: 44
		(x, y, z): (13, 129, 0)
		dem: -14
		earl: 361
		lat: 371
		servt: 10
		pid: 6
		did: 0
		servST: 361.0
		(h, h_ind): (-1, 0)
		load: 34.0

	Finished service at time: 371.0

	Task 177 -> Task 164: 78.45
	Vehicle arrival at task: 449.45
	Waiting time until service start time: 0.0

	id: 164
		node: 76
		(x, y, z): (36, 54, 0)
		dem: -5
		earl: 0
		lat: 587
		servt: 10
		pid: 70
		did: 0
		servST: 449.45
		(h, h_ind): (-1, 0)
		load: 29.0

	Finished service at time: 459.45

	Task 164 -> Task 188: 19.7
	Vehicle arrival at task: 479.15
	Waiting time until service start time: 0.0

	id: 188
		node: 69
		(x, y, z): (44, 36, 0)
		dem: -9
		earl: 0
		lat: 582
		servt: 10
		pid: 56
		did: 0
		servST: 479.15
		(h, h_ind): (-1, 0)
		load: 20.0

	Finished service at time: 489.15

	Task 188 -> Task 71: 43.19
	Vehicle arrival at task: 532.3399999999999
	Waiting time until service start time: 0.0

	id: 71
		node: 77
		(x, y, z): (15, 4, 0)
		dem: -20
		earl: 530
		lat: 540
		servt: 10
		pid: 72
		did: 0
		servST: 532.3399999999999
		(h, h_ind): (-1, 0)
		load: 0.0

	Finished service at time: 542.3399999999999

	Task 71 -> Task 0: 85.91
	Vehicle arrival at task: 628.2499999999999
	Waiting time until service start time: 0.0

	id: 0
		node: 82
		(x, y, z): (70, 70, 0)
		dem: 0
		earl: 0
		lat: 928
		servt: 0
		pid: 0
		did: 0
		servST: 628.2499999999999
		(h, h_ind): (-1, 0)
		load: 0.0


Vehicle 27 :
	id: 0
		node: 1
		(x, y, z): (70, 70, 0)
		dem: 0
		earl: 0
		lat: 928
		servt: 0
		pid: 0
		did: 0
		servST: 10.0
		(h, h_ind): (-1, 0)
		load: 0.0

	Finished service at time: 10.0

	Task 0 -> Task 73: 24.0
	Vehicle arrival at task: 34.0
	Waiting time until service start time: 0.0

	id: 73
		node: 38
		(x, y, z): (70, 94, 0)
		dem: 32
		earl: 24
		lat: 34
		servt: 10
		pid: 0
		did: 194
		servST: 34.0
		(h, h_ind): (-1, 0)
		load: 32.0

	Finished service at time: 44.0

	Using Machine: 3
		Task 73 -> Machine 3 (Station 1): 24.33
		Vehicle arrival at machine station: 68.33
		Waiting time until machine travel: 0.0

		Machine travel start time: 68.33
		Region 0 -> Region 1: 5.0
		Machine arrival at machine station: 73.33

		Machine 3 (Station 2)-> Task 45: 15.23
		Vehicle arrival at task: 88.56
		Waiting time until service start time: 0.0

	id: 45
		node: 25
		(x, y, z): (60, 84, 1)
		dem: 23
		earl: 0
		lat: 607
		servt: 10
		pid: 0
		did: 138
		servST: 88.56
		(h, h_ind): (3, 2)
		load: 55.0

	Finished service at time: 98.56

	Task 45 -> Task 138: 18.68
	Vehicle arrival at task: 117.24000000000001
	Waiting time until service start time: 0.0

	id: 138
		node: 65
		(x, y, z): (55, 102, 1)
		dem: -23
		earl: 0
		lat: 589
		servt: 10
		pid: 45
		did: 0
		servST: 117.24000000000001
		(h, h_ind): (-1, 0)
		load: 32.0

	Finished service at time: 127.24000000000001

	Task 138 -> Task 69: 56.94
	Vehicle arrival at task: 184.18
	Waiting time until service start time: 0.0

	id: 69
		node: 35
		(x, y, z): (104, 73, 1)
		dem: 17
		earl: 0
		lat: 590
		servt: 10
		pid: 0
		did: 1
		servST: 184.18
		(h, h_ind): (-1, 0)
		load: 49.0

	Finished service at time: 194.18

	Using Machine: 4
		Task 69 -> Machine 4 (Station 2): 28.16
		Vehicle arrival at machine station: 222.34
		Waiting time until machine travel: 0.0

		Machine travel start time: 222.34
		Region 1 -> Region 0: 5.0
		Machine arrival at machine station: 227.34

		Machine 4 (Station 1)-> Task 1: 31.78
		Vehicle arrival at task: 259.12
		Waiting time until service start time: 0.0

	id: 1
		node: 75
		(x, y, z): (107, 77, 0)
		dem: -17
		earl: 0
		lat: 587
		servt: 10
		pid: 69
		did: 0
		servST: 259.12
		(h, h_ind): (4, 4)
		load: 32.0

	Finished service at time: 269.12

	Using Machine: 2
		Task 1 -> Machine 2 (Station 1): 33.73
		Vehicle arrival at machine station: 302.85
		Waiting time until machine travel: 0.0

		Machine travel start time: 302.85
		Region 0 -> Region 1: 5.0
		Machine arrival at machine station: 307.85

		Machine 2 (Station 2)-> Task 8: 71.59
		Vehicle arrival at task: 379.44000000000005
		Waiting time until service start time: 0.0

	id: 8
		node: 6
		(x, y, z): (121, 124, 1)
		dem: 21
		earl: 0
		lat: 550
		servt: 10
		pid: 0
		did: 40
		servST: 379.44000000000005
		(h, h_ind): (2, 2)
		load: 53.0

	Finished service at time: 389.44000000000005

	Task 8 -> Task 40: 32.2
	Vehicle arrival at task: 421.64000000000004
	Waiting time until service start time: 0.0

	id: 40
		node: 46
		(x, y, z): (92, 138, 1)
		dem: -21
		earl: 412
		lat: 422
		servt: 10
		pid: 8
		did: 0
		servST: 421.64000000000004
		(h, h_ind): (-1, 0)
		load: 32.0

	Finished service at time: 431.64000000000004

	Task 40 -> Task 194: 37.11
	Vehicle arrival at task: 468.75000000000006
	Waiting time until service start time: 0.0

	id: 194
		node: 78
		(x, y, z): (56, 129, 1)
		dem: -32
		earl: 0
		lat: 564
		servt: 10
		pid: 73
		did: 0
		servST: 468.75000000000006
		(h, h_ind): (-1, 0)
		load: 0.0

	Finished service at time: 478.75000000000006

	Using Machine: 1
		Task 194 -> Machine 1 (Station 2): 60.21
		Vehicle arrival at machine station: 538.96
		Waiting time until machine travel: 0.0

		Machine travel start time: 538.96
		Region 1 -> Region 0: 5.0
		Machine arrival at machine station: 543.96

		Machine 1 (Station 1)-> Task 0: 2.0
		Vehicle arrival at task: 545.96
		Waiting time until service start time: 0.0

	id: 0
		node: 82
		(x, y, z): (70, 70, 0)
		dem: 0
		earl: 0
		lat: 928
		servt: 0
		pid: 0
		did: 0
		servST: 545.96
		(h, h_ind): (1, 2)
		load: 0.0


---------------------| MACHINES |---------------------

Machine 0 :
	setup duration: 0.0

	vehicle: 19
	vehicleInd: 2
	(orig, dest): (0, 63)
	(origRegion, destRegion): (0, 1)
	st: 4.890000000000015
	duration: 5.0

	setup duration: 5.0

	vehicle: 8
	vehicleInd: 2
	(orig, dest): (0, 27)
	(origRegion, destRegion): (0, 1)
	st: 14.890000000000015
	duration: 5.0

	setup duration: 0.0

	vehicle: 6
	vehicleInd: 8
	(orig, dest): (91, 0)
	(origRegion, destRegion): (1, 0)
	st: 460.64
	duration: 5.0


Machine 1 :
	setup duration: 0.0

	vehicle: 20
	vehicleInd: 2
	(orig, dest): (0, 56)
	(origRegion, destRegion): (0, 1)
	st: 19.89999999999999
	duration: 5.0

	setup duration: 0.0

	vehicle: 27
	vehicleInd: 10
	(orig, dest): (194, 0)
	(origRegion, destRegion): (1, 0)
	st: 538.96
	duration: 5.0

	setup duration: 5.0

	vehicle: 1
	vehicleInd: 12
	(orig, dest): (110, 0)
	(origRegion, destRegion): (1, 0)
	st: 623.9299999999998
	duration: 5.0


Machine 2 :
	setup duration: 0.0

	vehicle: 0
	vehicleInd: 2
	(orig, dest): (0, 30)
	(origRegion, destRegion): (0, 1)
	st: 9.200000000000003
	duration: 5.0

	setup duration: 5.0

	vehicle: 27
	vehicleInd: 7
	(orig, dest): (1, 8)
	(origRegion, destRegion): (0, 1)
	st: 302.85
	duration: 5.0


Machine 3 :
	setup duration: 0.0

	vehicle: 1
	vehicleInd: 2
	(orig, dest): (0, 46)
	(origRegion, destRegion): (0, 1)
	st: 14.609999999999996
	duration: 5.0

	setup duration: 5.0

	vehicle: 27
	vehicleInd: 3
	(orig, dest): (73, 45)
	(origRegion, destRegion): (0, 1)
	st: 68.33
	duration: 5.0

	setup duration: 0.0

	vehicle: 9
	vehicleInd: 4
	(orig, dest): (41, 43)
	(origRegion, destRegion): (1, 0)
	st: 106.18
	duration: 5.0

	setup duration: 5.0

	vehicle: 20
	vehicleInd: 5
	(orig, dest): (70, 77)
	(origRegion, destRegion): (1, 0)
	st: 157.64
	duration: 5.0

	setup duration: 5.0

	vehicle: 1
	vehicleInd: 6
	(orig, dest): (10, 125)
	(origRegion, destRegion): (1, 0)
	st: 206.72
	duration: 5.0

	setup duration: 0.0

	vehicle: 16
	vehicleInd: 5
	(orig, dest): (34, 118)
	(origRegion, destRegion): (0, 1)
	st: 285.13999999999993
	duration: 5.0

	setup duration: 0.0

	vehicle: 15
	vehicleInd: 9
	(orig, dest): (39, 114)
	(origRegion, destRegion): (1, 0)
	st: 515.88
	duration: 5.0

	setup duration: 5.0

	vehicle: 16
	vehicleInd: 8
	(orig, dest): (58, 0)
	(origRegion, destRegion): (1, 0)
	st: 525.88
	duration: 5.0

	setup duration: 0.0

	vehicle: 1
	vehicleInd: 11
	(orig, dest): (97, 110)
	(origRegion, destRegion): (0, 1)
	st: 542.81
	duration: 5.0


Machine 4 :
	setup duration: 0.0

	vehicle: 9
	vehicleInd: 2
	(orig, dest): (0, 7)
	(origRegion, destRegion): (0, 1)
	st: 6.0
	duration: 5.0

	setup duration: 0.0

	vehicle: 19
	vehicleInd: 3
	(orig, dest): (63, 67)
	(origRegion, destRegion): (1, 0)
	st: 97.83000000000001
	duration: 5.0

	setup duration: 0.0

	vehicle: 15
	vehicleInd: 3
	(orig, dest): (15, 21)
	(origRegion, destRegion): (0, 1)
	st: 129.8
	duration: 5.0

	setup duration: 0.0

	vehicle: 27
	vehicleInd: 6
	(orig, dest): (69, 1)
	(origRegion, destRegion): (1, 0)
	st: 222.34
	duration: 5.0

	setup duration: 5.0

	vehicle: 8
	vehicleInd: 5
	(orig, dest): (51, 64)
	(origRegion, destRegion): (1, 0)
	st: 267.70000000000005
	duration: 5.0

	setup duration: 0.0

	vehicle: 19
	vehicleInd: 8
	(orig, dest): (14, 131)
	(origRegion, destRegion): (0, 1)
	st: 288.73
	duration: 5.0

	setup duration: 0.0

	vehicle: 0
	vehicleInd: 7
	(orig, dest): (60, 111)
	(origRegion, destRegion): (1, 0)
	st: 343.76
	duration: 5.0

	setup duration: 0.0

	vehicle: 6
	vehicleInd: 7
	(orig, dest): (116, 91)
	(origRegion, destRegion): (0, 1)
	st: 379.03999999999996
	duration: 5.0

	setup duration: 0.0

	vehicle: 19
	vehicleInd: 13
	(orig, dest): (18, 197)
	(origRegion, destRegion): (1, 0)
	st: 506.89
	duration: 5.0


-------------------| COMPL. TIMES |-------------------

Vehicle 0 : 421.28000000000003
Vehicle 1 : 620.3199999999998
Vehicle 2 : 0.0
Vehicle 3 : 0.0
Vehicle 4 : 0.0
Vehicle 5 : 0.0
Vehicle 6 : 402.31
Vehicle 7 : 0.0
Vehicle 8 : 599.17
Vehicle 9 : 353.44
Vehicle 10 : 0.0
Vehicle 11 : 0.0
Vehicle 12 : 0.0
Vehicle 13 : 0.0
Vehicle 14 : 0.0
Vehicle 15 : 596.1800000000001
Vehicle 16 : 487.95000000000005
Vehicle 17 : 0.0
Vehicle 18 : 0.0
Vehicle 19 : 562.94
Vehicle 20 : 610.3499999999999
Vehicle 21 : 0.0
Vehicle 22 : 0.0
Vehicle 23 : 0.0
Vehicle 24 : 0.0
Vehicle 25 : 0.0
Vehicle 26 : 0.0
Vehicle 27 : 535.96
Vehicle 28 : 0.0
Vehicle 29 : 0.0
Vehicle 30 : 0.0
Vehicle 31 : 0.0
Vehicle 32 : 0.0
Vehicle 33 : 0.0
Vehicle 34 : 0.0
Vehicle 35 : 0.0
Vehicle 36 : 0.0
Vehicle 37 : 0.0
Vehicle 38 : 0.0
Vehicle 39 : 0.0
-------------------| STATISTICS |-------------------

    Vehicles used                           : 25.0
    Machines used                           : 100.0
    Max load (vehicles)                     : 96.5517
    Min load (vehicles)                     : 40.2778
    Mean load (vehicles)                    : 69.1908
    Min completion time                     : 38.0862
    Max completion time                     : 66.8448
    Mean completion time                    : 55.9256
    Avrg travel time (with vehicle)         : 3.6638
    Avrg travel time (only with vehicle)    : 2.8017
    Avrg travel time (no vehicle)           : 0.8621
    Avrg waiting time (machine travel)      : 0.0
    Avrg waiting time (service)             : 1.4787
    Machines travel times (with vehicle)    : [2.1552, 2.1552, 1.6164, 7.0043, 5.3879]
    Machines travel times (no vehicle)      : [0.5388, 0.5388, 0.5388, 2.1552, 0.5388]
    Max load per vehicle                    : [56.9444, 73.6111, 0.0, 0.0, 0.0, 0.0, 77.907, 0.0, 59.7222, 53.4483, 0.0, 0.0, 0.0, 0.0, 0.0, 96.5517, 40.2778, 0.0, 0.0, 93.1034, 76.3889, 0.0, 0.0, 0.0, 0.0, 0.0, 0.0, 63.9535, 0.0, 0.0, 0.0, 0.0, 0.0, 0.0, 0.0, 0.0, 0.0, 0.0, 0.0, 0.0]

----------------------------------------------------

TOTAL: 5189.9

Everything is awesome!
