-------------------| STATISTICS |-------------------

Vehicles used                           : 20.0
Machines used                           : 75.0
Max load (vehicles)                     : 97.3684
Min load (vehicles)                     : 89.4737
Mean load (vehicles)                    : 93.4211
Min completion time                     : 16.888
Max completion time                     : 58.739
Mean completion time                    : 37.8135
Avrg travel time (with vehicle)         : 1.3613
Avrg travel time (only with vehicle)    : 1.1507
Avrg travel time (no vehicle)           : 0.2107
Avrg waiting time (machine travel)      : 1.4394
Avrg waiting time (service)             : 6.5614
Machines travel times (with vehicle)    : [1.264, 0.0, 1.8, 1.02]
Machines travel times (no vehicle)      : [0.632, 0.0, 0.0, 0.0]
Max load per vehicle                    : [97.3684, 0.0, 0.0, 0.0, 89.4737, 0.0, 0.0, 0.0, 0.0, 0.0]

----------------------------------------------------

TOTAL: 756.27

Everything is awesome!
