Set parameter WLSAccessID
Set parameter WLSSecret
Set parameter LicenseID to value 2661775
Academic license 2661775 - for non-commercial use only - registered to me___@dcc.ufba.br
Loading line 2: methodType heur
Loading line 3: methodCode mslp
Loading line 4: seed 0
Loading line 5: threads 1
Loading line 6: greedy_service_order random
Loading line 7: outputFlagGrbMSLP 0
Loading line 8: mslpa 60000
Loading line 9: mslpr I
Loading line 10: maxtime 3600
Loading line 11: output ./logs/
Loading line 12: printsol 1
Loading line 13: solverMethod A
Instance: lr106_t1_12R_12V_04F_03M

[03:14:15.805] Running Data.readData with file /dados/rmelo/PDPTW-SE/benchmark_multi_floor_v3/official_experiments/multistartlp/preliminar/set_01_pt_03/../../../../instances/orig_ams_fg/12R_12V_04F_04M/t1/lr106/
vehicles: Vehicle[Vehicle(0, 34), Vehicle(1, 43), Vehicle(2, 52), Vehicle(3, 52), Vehicle(4, 43), Vehicle(5, 34), Vehicle(6, 52), Vehicle(7, 43), Vehicle(8, 52), Vehicle(9, 34), Vehicle(10, 52), Vehicle(11, 43)]
vehicle_types: Vehicle[Vehicle(0, 34), Vehicle(1, 43), Vehicle(2, 52)]
Machine[Machine(0, Point[Point(36, 35, 0), Point(36, 35, 1), Point(36, 35, 2), Point(36, 35, 3)], 0.2), Machine(1, Point[Point(38, 35, 0), Point(38, 35, 1), Point(38, 35, 2), Point(38, 35, 3)], 0.2), Machine(2, Point[Point(34, 35, 0), Point(34, 35, 1), Point(34, 35, 2), Point(34, 35, 3)], 0.2)]
refs: [1, 3, 4, 5, 6, 7, 8, 10, 11, 13, 14, 15, 16, 21, 18, 25, 9, 17, 24, 23, 19, 12, 20, 22, 2, 1]
V: [1, 2, 3, 4, 5, 6, 7, 8, 9, 10, 11, 12, 13, 14, 15, 16, 17, 18, 19, 20, 21, 22, 23, 24, 25]
V_p: [2, 3, 4, 5, 6, 7, 8, 9, 10, 11, 12, 13]
V_d: [14, 15, 16, 17, 18, 19, 20, 21, 22, 23, 24, 25]
Vprime: [1, 2, 3, 4, 5, 6, 7, 8, 9, 10, 11, 12, 13, 14, 15, 16, 17, 18, 19, 20, 21, 22, 23, 24, 25, 26]
V: [1, 2, 3, 4, 5, 6, 7, 8, 9, 10, 11, 12, 13, 14, 15, 16, 17, 18, 19, 20, 21, 22, 23, 24, 25]
q: [0, 13, 26, 3, 9, 16, 8, 17, 11, 17, 16, 9, 21, -13, -26, -3, -9, -16, -8, -17, -11, -17, -16, -9, -21, 0]
H: [1, 2, 3]
f: [[1, 1, 1], [4, 4, 4], [2, 2, 2], [2, 2, 2], [3, 3, 3], [4, 4, 4], [2, 2, 2], [3, 3, 3], [1, 1, 1], [1, 1, 1], [3, 3, 3], [1, 1, 1], [1, 1, 1], [2, 2, 2], [4, 4, 4], [3, 3, 3], [1, 1, 1], [4, 4, 4], [2, 2, 2], [4, 4, 4], [3, 3, 3], [2, 2, 2], [2, 2, 2], [3, 3, 3], [2, 2, 2], [1, 1, 1]]
1 1 1 -> 0.0
1 2 1 -> 5.0
1 3 1 -> 10.0
1 4 1 -> 15.0
2 1 1 -> 5.0
2 2 1 -> 0.0
2 3 1 -> 5.0
2 4 1 -> 10.0
3 1 1 -> 10.0
3 2 1 -> 5.0
3 3 1 -> 0.0
3 4 1 -> 5.0
4 1 1 -> 15.0
4 2 1 -> 10.0
4 3 1 -> 5.0
4 4 1 -> 0.0
1 1 2 -> 0.0
1 2 2 -> 5.0
1 3 2 -> 10.0
1 4 2 -> 15.0
2 1 2 -> 5.0
2 2 2 -> 0.0
2 3 2 -> 5.0
2 4 2 -> 10.0
3 1 2 -> 10.0
3 2 2 -> 5.0
3 3 2 -> 0.0
3 4 2 -> 5.0
4 1 2 -> 15.0
4 2 2 -> 10.0
4 3 2 -> 5.0
4 4 2 -> 0.0
1 1 3 -> 0.0
1 2 3 -> 5.0
1 3 3 -> 10.0
1 4 3 -> 15.0
2 1 3 -> 5.0
2 2 3 -> 0.0
2 3 3 -> 5.0
2 4 3 -> 10.0
3 1 3 -> 10.0
3 2 3 -> 5.0
3 3 3 -> 0.0
3 4 3 -> 5.0
4 1 3 -> 15.0
4 2 3 -> 10.0
4 3 3 -> 5.0
4 4 3 -> 0.0
o: (1, 2, 3) => 5.0
o: (3, 1, 3) => 10.0
o: (3, 2, 3) => 5.0
o: (2, 1, 1) => 5.0
o: (1, 3, 2) => 10.0
o: (1, 4, 2) => 15.0
o: (2, 2, 1) => 0.0
o: (3, 3, 2) => 0.0
o: (3, 4, 2) => 5.0
o: (4, 3, 3) => 5.0
o: (4, 4, 3) => 0.0
o: (1, 3, 1) => 10.0
o: (1, 1, 2) => 0.0
o: (1, 4, 1) => 15.0
o: (3, 3, 1) => 0.0
o: (1, 2, 2) => 5.0
o: (3, 1, 2) => 10.0
o: (3, 4, 1) => 5.0
o: (4, 1, 3) => 15.0
o: (3, 2, 2) => 5.0
o: (4, 2, 3) => 10.0
o: (1, 1, 1) => 0.0
o: (2, 3, 3) => 5.0
o: (2, 4, 3) => 10.0
o: (4, 3, 2) => 5.0
o: (1, 2, 1) => 5.0
o: (3, 1, 1) => 10.0
o: (4, 4, 2) => 0.0
o: (3, 2, 1) => 5.0
o: (2, 1, 3) => 5.0
o: (4, 3, 1) => 5.0
o: (4, 1, 2) => 15.0
o: (4, 4, 1) => 0.0
o: (2, 2, 3) => 0.0
o: (4, 2, 2) => 10.0
o: (2, 3, 2) => 5.0
o: (2, 4, 2) => 10.0
o: (1, 3, 3) => 10.0
o: (1, 4, 3) => 15.0
o: (4, 1, 1) => 15.0
o: (3, 3, 3) => 0.0
o: (3, 4, 3) => 5.0
o: (4, 2, 1) => 10.0
o: (2, 3, 1) => 5.0
o: (2, 1, 2) => 5.0
o: (2, 4, 1) => 10.0
o: (1, 1, 3) => 0.0
o: (2, 2, 2) => 0.0

[79, 328, 318, 286, 276, 291, 261, 16]
JOBS in the order of refs (Vprime)
Node 1: Job(0, Point(35, 35, 0), 0, 0, 230, 0, 0, 0)
Node 2: Job(3, Point(55, 45, 3), 13, 0, 197, 10, 0, 77)
Node 3: Job(5, Point(15, 30, 1), 26, 0, 199, 10, 0, 60)
Node 4: Job(6, Point(25, 30, 1), 3, 89, 119, 10, 0, 89)
Node 5: Job(8, Point(10, 43, 2), 9, 85, 115, 10, 0, 17)
Node 6: Job(9, Point(55, 60, 3), 16, 87, 117, 10, 0, 35)
Node 7: Job(15, Point(30, 5, 1), 8, 51, 81, 10, 0, 87)
Node 8: Job(19, Point(15, 60, 2), 17, 66, 96, 10, 0, 82)
Node 9: Job(21, Point(45, 20, 0), 11, 0, 201, 10, 0, 67)
Node 10: Job(26, Point(45, 30, 0), 17, 0, 208, 10, 0, 22)
Node 11: Job(28, Point(41, 37, 2), 16, 29, 59, 10, 0, 73)
Node 12: Job(29, Point(64, 42, 0), 9, 53, 83, 10, 0, 78)
Node 13: Job(30, Point(40, 60, 0), 21, 61, 91, 10, 0, 1)
Node 14: Job(77, Point(53, 43, 1), -13, 169, 199, 10, 3, 0)
Node 15: Job(60, Point(17, 34, 3), -26, 152, 182, 10, 5, 0)
Node 16: Job(89, Point(26, 35, 2), -3, 166, 196, 10, 6, 0)
Node 17: Job(17, Point(5, 30, 0), -9, 147, 177, 10, 8, 0)
Node 18: Job(35, Point(63, 65, 3), -16, 133, 163, 10, 9, 0)
Node 19: Job(87, Point(28, 18, 1), -8, 83, 113, 10, 15, 0)
Node 20: Job(82, Point(15, 47, 3), -17, 0, 196, 10, 19, 0)
Node 21: Job(67, Point(67, 5, 2), -11, 73, 103, 10, 21, 0)
Node 22: Job(22, Point(45, 10, 1), -17, 87, 117, 10, 26, 0)
Node 23: Job(73, Point(44, 17, 1), -16, 68, 98, 10, 28, 0)
Node 24: Job(78, Point(61, 52, 2), -9, 99, 129, 10, 29, 0)
Node 25: Job(1, Point(41, 49, 1), -21, 0, 204, 10, 30, 0)
Node 26: Job(0, Point(35, 35, 0), 0, 0, 230, 0, 0, 0)

### Preprocessing Data ###
	-> arcs: 676 (100.0%)
	-> arc_removals: 599 (88.61%)
	-> arc_removals_is_loop: 26 (3.85%)
	-> arc_removals_is_delivery_to_pickup: 14 (2.07%)
	-> arc_removals_is_depot_begin_to_delivery: 12 (1.78%)
	-> arc_removals_is_pickup_to_depot_end: 12 (1.78%)
	-> arc_removals_is_dest_depot_begin: 24 (3.55%)
	-> arc_removals_is_orig_depot_end: 23 (3.4%)
	-> arc_removals_is_capacity_violated: 0 (0.0%)
	-> arc_removals_is_time_window_limited: 326 (48.22%)
	-> arc_removals_is_time_window_pairing_limited: 154 (22.78%)
	-> arc_removals_is_indirect_request_service_impossible: 8 (1.18%)
	-> gamma_vars: 0 (0%)
	-> feas_gamma_vars: 0 (0%)
	-> infeas_gamma_vars_is_next_mtrv_unreachable: 0 (0%)
	-> infeas_gamma_vars_is_iprime_jprime_eq_i_j: 0 (0%)
	-> machine_removal_for_an_arc: 0 (0.0%)
##########################

[03:14:25.606] Print configuration
------------------------------------------------------
"
[03:14:25.606] Running Multi Start Heuristic"
> Experiment started at 2025-10-08T03:14:25.606
> Instance: lr106_t1_12R_12V_04F_03M
> Algorithm Parameters:


	>Stop params:
		>  - rule ITERATIONS
		>  - argument 60000.0
		>  - maximum_time 3600

	>General params:
		>  - instPath /dados/rmelo/PDPTW-SE/benchmark_multi_floor_v3/official_experiments/multistartlp/preliminar/set_01_pt_03/../../../../instances/orig_ams_fg/12R_12V_04F_04M/t1/lr106/
		>  - name lr106
		>  - type t1
		>  - group 12R_12V_04F_03M
		>  - fullname lr106_t1_12R_12V_04F_03M
		>  - methodType heur
		>  - methodCode mslp
		>  - genconfigfile /dados/rmelo/PDPTW-SE/benchmark_multi_floor_v3/official_experiments/multistartlp/preliminar/set_01_pt_03/configs/genconfig_mslp.conf
		>  - genconfigfilename genconfig_mslp
		>  - greedy_service_order random
		>  - cutoff 0
		>  - cutoffmachs 3
		>  - num_machs 0
		>  - solver Gurobi
		>  - maxtime 3600
		>  - gurobiCuts 1
		>  - typeUserCut 0
		>  - mipPresolve -1
		>  - printsol 1
		>  - maxnodes -1
		>  - elevator 1
		>  - make_instance_feasible false
		>  - output /dados/rmelo/PDPTW-SE/benchmark_multi_floor_v3/official_experiments/multistartlp/preliminar/set_01_pt_03/logs
		>  - suff_outputs _seed_31_alpha_10p
		>  - suff_csv _bash_2
		>  - epsilon 0.005
		>  - epsilonCap 0.5
		>  - warmStart false
		>  - seed 31
		>  - rng Random.MersenneTwister(31)
		>  - alpha 0.1
		>  - maxiter 1000000
		>  - outputFlagGrbMIP 0
		>  - outputFlagGrbMSLP 0
		>  - outputFlagGrbLMNS 0
		>  - mslpr I
		>  - mslpa 60000
		>  - lmnsr M
		>  - lmnsa 60
		>  - lmnsRepairTime 30.0
		>  - lmnsMIPFocus 0
		>  - lmnsGapToBiggerDestruction 50
		>  - lmnsGapToSmallerDestruction 95
		>  - lmnsWeightShawDistProx 1.0
		>  - lmnsWeightShawEarlProx 1.0
		>  - lmnsWeightShawSameRoute 1.0
		>  - lmnsWeightShawDemandSim 1.0
		>  - lmnsReqRApplyMIPStart true
		>  - lmnsAcceptanceCriteria H
		>  - lmnsMetropolisTemp 100.0
		>  - lmnsSimulatedAnnealingTemp 100.0
		>  - lmnsSimulatedAnnealingCool 0.95
		>  - mipmaxtime 3600
		>  - csvfilename /dados/rmelo/PDPTW-SE/benchmark_multi_floor_v3/official_experiments/multistartlp/preliminar/set_01_pt_03/logs/heur_mslp/outputs/csvresults_heur_mslp_bash_2.csv
		>  - solfilename /dados/rmelo/PDPTW-SE/benchmark_multi_floor_v3/official_experiments/multistartlp/preliminar/set_01_pt_03/logs/heur_mslp/solutions/12R_12V_04F_03M/lr106_sol_genconfig_mslp_seed_31_alpha_10p.txt
		>  - timelineFilename /dados/rmelo/PDPTW-SE/benchmark_multi_floor_v3/official_experiments/multistartlp/preliminar/set_01_pt_03/logs/heur_mslp/timelines/12R_12V_04F_03M/lr106_timeline_genconfig_mslp_seed_31_alpha_10p.txt
		>  - grbFilename /dados/rmelo/PDPTW-SE/benchmark_multi_floor_v3/official_experiments/multistartlp/preliminar/set_01_pt_03/logs/heur_mslp/gurobi/12R_12V_04F_03M/lr106_grb_genconfig_mslp_seed_31_alpha_10p.log
		>  - threads 1
		>  - solverMethod AUTOMATIC

------------------------------------------------------

[03:14:25.711] Starting running MSLP
objValue;greedysol;iteration;time
1653.52;1872.18;1;0.003462
1495.88;1708.56;8;0.289312
1490.94;1715.51;89;0.416969
1448.66;1675.37;153;0.493880
1446.48;1715.92;193;0.555741
1443.98;1672.95;590;1.082478
1418.02;1663.93;1341;2.070771
1417.55;1679.90;10783;14.354142

[03:15:53.99] Finished running MSLP
System CPU time: 8.76 seconds

[03:15:54.058] Post running MSLP
Best solution value: 1417.55
Total time elapsed: 78.684485
Time to best: 14.354142
Iterations: 60000
Iterations to best: 10783
Improvements: 8
Infeasible solutions percentage: (41041 / 60000) = 68.4017 %
(LP improvements)/(LP runs) = 18959/18959 = 100.0000 %
Mean LP improvement percentage: 11.4103 %
[03:15:54.301] Writing results to CSV file: /dados/rmelo/PDPTW-SE/benchmark_multi_floor_v3/official_experiments/multistartlp/preliminar/set_01_pt_03/logs/heur_mslp/outputs/csvresults_heur_mslp_bash_2.csv

[03:15:56.245] Saving solution to file:/dados/rmelo/PDPTW-SE/benchmark_multi_floor_v3/official_experiments/multistartlp/preliminar/set_01_pt_03/logs/heur_mslp/solutions/12R_12V_04F_03M/lr106_sol_genconfig_mslp_seed_31_alpha_10p.txt

[03:15:56.245] Saving solution timeline to file: /dados/rmelo/PDPTW-SE/benchmark_multi_floor_v3/official_experiments/multistartlp/preliminar/set_01_pt_03/logs/heur_mslp/timelines/12R_12V_04F_03M/lr106_timeline_genconfig_mslp_seed_31_alpha_10p.txt
---------------------| VEHICLES |---------------------

Vehicle 1 :
	id: 0
		node: 1
		(x, y, z): (35, 35, 0)
		dem: 0
		earl: 0
		lat: 230
		servt: 0
		pid: 0
		did: 0
		servST: 25.48000000000001
		(h, h_ind): (-1, 0)
		load: 0.0

	Finished service at time: 25.48000000000001

	Using Machine: 2
		Task 0 -> Machine 2 (Station 1): 1.0
		Vehicle arrival at machine station: 26.48000000000001
		Waiting time until machine travel: 0.0

		Machine travel start time: 26.48000000000001
		Region 0 -> Region 1: 5.0
		Machine arrival at machine station: 31.48000000000001

		Machine 2 (Station 2)-> Task 15: 30.27
		Vehicle arrival at task: 61.750000000000014
		Waiting time until service start time: -0.0

	id: 15
		node: 7
		(x, y, z): (30, 5, 1)
		dem: 8
		earl: 51
		lat: 81
		servt: 10
		pid: 0
		did: 87
		servST: 61.75000000000001
		(h, h_ind): (2, 2)
		load: 8.0

	Finished service at time: 71.75

	Task 15 -> Task 87: 13.15
	Vehicle arrival at task: 84.9
	Waiting time until service start time: 0.0

	id: 87
		node: 19
		(x, y, z): (28, 18, 1)
		dem: -8
		earl: 83
		lat: 113
		servt: 10
		pid: 15
		did: 0
		servST: 84.9
		(h, h_ind): (-1, 0)
		load: 0.0

	Finished service at time: 94.9

	Task 87 -> Task 6: 12.37
	Vehicle arrival at task: 107.27000000000001
	Waiting time until service start time: -0.0

	id: 6
		node: 4
		(x, y, z): (25, 30, 1)
		dem: 3
		earl: 89
		lat: 119
		servt: 10
		pid: 0
		did: 89
		servST: 107.27
		(h, h_ind): (-1, 0)
		load: 3.0

	Finished service at time: 117.27

	Using Machine: 0
		Task 6 -> Machine 0 (Station 2): 12.08
		Vehicle arrival at machine station: 129.35
		Waiting time until machine travel: 0.0

		Machine travel start time: 129.35
		Region 1 -> Region 2: 5.0
		Machine arrival at machine station: 134.35

		Machine 0 (Station 3)-> Task 89: 10.0
		Vehicle arrival at task: 144.35
		Waiting time until service start time: 21.65

	id: 89
		node: 16
		(x, y, z): (26, 35, 2)
		dem: -3
		earl: 166
		lat: 196
		servt: 10
		pid: 6
		did: 0
		servST: 166.0
		(h, h_ind): (0, 5)
		load: 0.0

	Finished service at time: 176.0

	Using Machine: 0
		Task 89 -> Machine 0 (Station 3): 10.0
		Vehicle arrival at machine station: 186.0
		Waiting time until machine travel: 0.0

		Machine travel start time: 186.0
		Region 2 -> Region 0: 10.0
		Machine arrival at machine station: 196.0

		Machine 0 (Station 1)-> Task 0: 1.0
		Vehicle arrival at task: 197.0
		Waiting time until service start time: 0.0

	id: 0
		node: 26
		(x, y, z): (35, 35, 0)
		dem: 0
		earl: 0
		lat: 230
		servt: 0
		pid: 0
		did: 0
		servST: 197.0
		(h, h_ind): (0, 8)
		load: 0.0


Vehicle 2 :
	id: 0
		node: 1
		(x, y, z): (35, 35, 0)
		dem: 0
		earl: 0
		lat: 230
		servt: 0
		pid: 0
		did: 0
		servST: 0.0
		(h, h_ind): (-1, 0)
		load: 0.0

	Finished service at time: 0.0

	Using Machine: 2
		Task 0 -> Machine 2 (Station 1): 1.0
		Vehicle arrival at machine station: 1.0
		Waiting time until machine travel: -0.0

		Machine travel start time: 0.9999999999999929
		Region 0 -> Region 1: 5.0
		Machine arrival at machine station: 5.999999999999993

		Machine 2 (Station 2)-> Task 5: 19.65
		Vehicle arrival at task: 25.64999999999999
		Waiting time until service start time: 0.0

	id: 5
		node: 3
		(x, y, z): (15, 30, 1)
		dem: 26
		earl: 0
		lat: 199
		servt: 10
		pid: 0
		did: 60
		servST: 25.64999999999999
		(h, h_ind): (2, 1)
		load: 26.0

	Finished service at time: 35.64999999999999

	Using Machine: 2
		Task 5 -> Machine 2 (Station 2): 19.65
		Vehicle arrival at machine station: 55.29999999999999
		Waiting time until machine travel: 0.0

		Machine travel start time: 55.29999999999999
		Region 1 -> Region 2: 5.0
		Machine arrival at machine station: 60.29999999999999

		Machine 2 (Station 3)-> Task 19: 31.4
		Vehicle arrival at task: 91.69999999999999
		Waiting time until service start time: 0.0

	id: 19
		node: 8
		(x, y, z): (15, 60, 2)
		dem: 17
		earl: 66
		lat: 96
		servt: 10
		pid: 0
		did: 82
		servST: 91.69999999999999
		(h, h_ind): (2, 3)
		load: 43.0

	Finished service at time: 101.69999999999999

	Using Machine: 0
		Task 19 -> Machine 0 (Station 3): 32.65
		Vehicle arrival at machine station: 134.35
		Waiting time until machine travel: 0.0

		Machine travel start time: 134.35
		Region 2 -> Region 3: 5.0
		Machine arrival at machine station: 139.35

		Machine 0 (Station 4)-> Task 60: 19.03
		Vehicle arrival at task: 158.38
		Waiting time until service start time: 0.0

	id: 60
		node: 15
		(x, y, z): (17, 34, 3)
		dem: -26
		earl: 152
		lat: 182
		servt: 10
		pid: 5
		did: 0
		servST: 158.38
		(h, h_ind): (0, 6)
		load: 17.0

	Finished service at time: 168.38

	Task 60 -> Task 82: 13.15
	Vehicle arrival at task: 181.53
	Waiting time until service start time: 0.0

	id: 82
		node: 20
		(x, y, z): (15, 47, 3)
		dem: -17
		earl: 0
		lat: 196
		servt: 10
		pid: 19
		did: 0
		servST: 181.53
		(h, h_ind): (-1, 0)
		load: 0.0

	Finished service at time: 191.53

	Using Machine: 2
		Task 82 -> Machine 2 (Station 4): 22.47
		Vehicle arrival at machine station: 214.0
		Waiting time until machine travel: 0.0

		Machine travel start time: 214.0
		Region 3 -> Region 0: 15.0
		Machine arrival at machine station: 229.0

		Machine 2 (Station 1)-> Task 0: 1.0
		Vehicle arrival at task: 230.0
		Waiting time until service start time: 0.0

	id: 0
		node: 26
		(x, y, z): (35, 35, 0)
		dem: 0
		earl: 0
		lat: 230
		servt: 0
		pid: 0
		did: 0
		servST: 230.0
		(h, h_ind): (2, 8)
		load: 0.0


Vehicle 4 :
	id: 0
		node: 1
		(x, y, z): (35, 35, 0)
		dem: 0
		earl: 0
		lat: 230
		servt: 0
		pid: 0
		did: 0
		servST: 23.17000000000001
		(h, h_ind): (-1, 0)
		load: 0.0

	Finished service at time: 23.17000000000001

	Task 0 -> Task 29: 29.83
	Vehicle arrival at task: 53.00000000000001
	Waiting time until service start time: 0.0

	id: 29
		node: 12
		(x, y, z): (64, 42, 0)
		dem: 9
		earl: 53
		lat: 83
		servt: 10
		pid: 0
		did: 78
		servST: 53.00000000000001
		(h, h_ind): (-1, 0)
		load: 9.0

	Finished service at time: 63.00000000000001

	Using Machine: 1
		Task 29 -> Machine 1 (Station 1): 26.93
		Vehicle arrival at machine station: 89.93
		Waiting time until machine travel: 0.0

		Machine travel start time: 89.93
		Region 0 -> Region 2: 10.0
		Machine arrival at machine station: 99.93

		Machine 1 (Station 3)-> Task 78: 28.6
		Vehicle arrival at task: 128.53
		Waiting time until service start time: 0.0

	id: 78
		node: 24
		(x, y, z): (61, 52, 2)
		dem: -9
		earl: 99
		lat: 129
		servt: 10
		pid: 29
		did: 0
		servST: 128.53
		(h, h_ind): (1, 3)
		load: 0.0

	Finished service at time: 138.53

	Using Machine: 1
		Task 78 -> Machine 1 (Station 3): 28.6
		Vehicle arrival at machine station: 167.13
		Waiting time until machine travel: 0.0

		Machine travel start time: 167.13
		Region 2 -> Region 0: 10.0
		Machine arrival at machine station: 177.13

		Machine 1 (Station 1)-> Task 0: 3.0
		Vehicle arrival at task: 180.13
		Waiting time until service start time: 0.0

	id: 0
		node: 26
		(x, y, z): (35, 35, 0)
		dem: 0
		earl: 0
		lat: 230
		servt: 0
		pid: 0
		did: 0
		servST: 180.13
		(h, h_ind): (1, 5)
		load: 0.0


Vehicle 6 :
	id: 0
		node: 1
		(x, y, z): (35, 35, 0)
		dem: 0
		earl: 0
		lat: 230
		servt: 0
		pid: 0
		did: 0
		servST: 28.86
		(h, h_ind): (-1, 0)
		load: 0.0

	Finished service at time: 28.86

	Using Machine: 0
		Task 0 -> Machine 0 (Station 1): 1.0
		Vehicle arrival at machine station: 29.86
		Waiting time until machine travel: 0.0

		Machine travel start time: 29.86
		Region 0 -> Region 2: 10.0
		Machine arrival at machine station: 39.86

		Machine 0 (Station 3)-> Task 8: 27.2
		Vehicle arrival at task: 67.06
		Waiting time until service start time: 17.94

	id: 8
		node: 5
		(x, y, z): (10, 43, 2)
		dem: 9
		earl: 85
		lat: 115
		servt: 10
		pid: 0
		did: 17
		servST: 85.0
		(h, h_ind): (0, 1)
		load: 9.0

	Finished service at time: 95.0

	Using Machine: 2
		Task 8 -> Machine 2 (Station 3): 25.3
		Vehicle arrival at machine station: 120.3
		Waiting time until machine travel: 0.0

		Machine travel start time: 120.3
		Region 2 -> Region 0: 10.0
		Machine arrival at machine station: 130.3

		Machine 2 (Station 1)-> Task 17: 29.43
		Vehicle arrival at task: 159.73000000000002
		Waiting time until service start time: 0.0

	id: 17
		node: 17
		(x, y, z): (5, 30, 0)
		dem: -9
		earl: 147
		lat: 177
		servt: 10
		pid: 8
		did: 0
		servST: 159.73000000000002
		(h, h_ind): (2, 5)
		load: 0.0

	Finished service at time: 169.73000000000002

	Task 17 -> Task 0: 30.41
	Vehicle arrival at task: 200.14000000000001
	Waiting time until service start time: 0.0

	id: 0
		node: 26
		(x, y, z): (35, 35, 0)
		dem: 0
		earl: 0
		lat: 230
		servt: 0
		pid: 0
		did: 0
		servST: 200.14000000000001
		(h, h_ind): (-1, 0)
		load: 0.0


Vehicle 7 :
	id: 0
		node: 1
		(x, y, z): (35, 35, 0)
		dem: 0
		earl: 0
		lat: 230
		servt: 0
		pid: 0
		did: 0
		servST: 39.78
		(h, h_ind): (-1, 0)
		load: 0.0

	Finished service at time: 39.78

	Task 0 -> Task 30: 25.5
	Vehicle arrival at task: 65.28
	Waiting time until service start time: 0.0

	id: 30
		node: 13
		(x, y, z): (40, 60, 0)
		dem: 21
		earl: 61
		lat: 91
		servt: 10
		pid: 0
		did: 1
		servST: 65.28
		(h, h_ind): (-1, 0)
		load: 21.0

	Finished service at time: 75.28

	Using Machine: 0
		Task 30 -> Machine 0 (Station 1): 25.32
		Vehicle arrival at machine station: 100.6
		Waiting time until machine travel: 0.0

		Machine travel start time: 100.6
		Region 0 -> Region 1: 5.0
		Machine arrival at machine station: 105.6

		Machine 0 (Station 2)-> Task 1: 14.87
		Vehicle arrival at task: 120.47
		Waiting time until service start time: 0.0

	id: 1
		node: 25
		(x, y, z): (41, 49, 1)
		dem: -21
		earl: 0
		lat: 204
		servt: 10
		pid: 30
		did: 0
		servST: 120.47
		(h, h_ind): (0, 4)
		load: 0.0

	Finished service at time: 130.47

	Using Machine: 2
		Task 1 -> Machine 2 (Station 2): 15.65
		Vehicle arrival at machine station: 146.12
		Waiting time until machine travel: 0.0

		Machine travel start time: 146.12
		Region 1 -> Region 0: 5.0
		Machine arrival at machine station: 151.12

		Machine 2 (Station 1)-> Task 0: 1.0
		Vehicle arrival at task: 152.12
		Waiting time until service start time: 0.0

	id: 0
		node: 26
		(x, y, z): (35, 35, 0)
		dem: 0
		earl: 0
		lat: 230
		servt: 0
		pid: 0
		did: 0
		servST: 152.12
		(h, h_ind): (2, 7)
		load: 0.0


Vehicle 8 :
	id: 0
		node: 1
		(x, y, z): (35, 35, 0)
		dem: 0
		earl: 0
		lat: 230
		servt: 0
		pid: 0
		did: 0
		servST: 4.34
		(h, h_ind): (-1, 0)
		load: 0.0

	Finished service at time: 4.34

	Task 0 -> Task 21: 18.03
	Vehicle arrival at task: 22.37
	Waiting time until service start time: 0.0

	id: 21
		node: 9
		(x, y, z): (45, 20, 0)
		dem: 11
		earl: 0
		lat: 201
		servt: 10
		pid: 0
		did: 67
		servST: 22.37
		(h, h_ind): (-1, 0)
		load: 11.0

	Finished service at time: 32.370000000000005

	Using Machine: 0
		Task 21 -> Machine 0 (Station 1): 17.49
		Vehicle arrival at machine station: 49.86
		Waiting time until machine travel: 0.0

		Machine travel start time: 49.86
		Region 0 -> Region 2: 10.0
		Machine arrival at machine station: 59.86

		Machine 0 (Station 3)-> Task 67: 43.14
		Vehicle arrival at task: 103.0
		Waiting time until service start time: 0.0

	id: 67
		node: 21
		(x, y, z): (67, 5, 2)
		dem: -11
		earl: 73
		lat: 103
		servt: 10
		pid: 21
		did: 0
		servST: 103.0
		(h, h_ind): (0, 2)
		load: 0.0

	Finished service at time: 113.0

	Using Machine: 0
		Task 67 -> Machine 0 (Station 3): 43.14
		Vehicle arrival at machine station: 156.14
		Waiting time until machine travel: 0.0

		Machine travel start time: 156.14
		Region 2 -> Region 0: 10.0
		Machine arrival at machine station: 166.14

		Machine 0 (Station 1)-> Task 0: 1.0
		Vehicle arrival at task: 167.14
		Waiting time until service start time: 0.0

	id: 0
		node: 26
		(x, y, z): (35, 35, 0)
		dem: 0
		earl: 0
		lat: 230
		servt: 0
		pid: 0
		did: 0
		servST: 167.14
		(h, h_ind): (0, 7)
		load: 0.0


Vehicle 9 :
	id: 0
		node: 1
		(x, y, z): (35, 35, 0)
		dem: 0
		earl: 0
		lat: 230
		servt: 0
		pid: 0
		did: 0
		servST: 76.23
		(h, h_ind): (-1, 0)
		load: 0.0

	Finished service at time: 76.23

	Using Machine: 2
		Task 0 -> Machine 2 (Station 1): 1.0
		Vehicle arrival at machine station: 77.23
		Waiting time until machine travel: 0.0

		Machine travel start time: 77.23
		Region 0 -> Region 3: 15.0
		Machine arrival at machine station: 92.23

		Machine 2 (Station 4)-> Task 3: 23.26
		Vehicle arrival at task: 115.49000000000001
		Waiting time until service start time: 0.0

	id: 3
		node: 2
		(x, y, z): (55, 45, 3)
		dem: 13
		earl: 0
		lat: 197
		servt: 10
		pid: 0
		did: 77
		servST: 115.49000000000001
		(h, h_ind): (2, 4)
		load: 13.0

	Finished service at time: 125.49000000000001

	Using Machine: 1
		Task 3 -> Machine 1 (Station 4): 19.72
		Vehicle arrival at machine station: 145.21
		Waiting time until machine travel: 0.0

		Machine travel start time: 145.21
		Region 3 -> Region 1: 10.0
		Machine arrival at machine station: 155.21

		Machine 1 (Station 2)-> Task 77: 17.0
		Vehicle arrival at task: 172.21
		Waiting time until service start time: 0.0

	id: 77
		node: 14
		(x, y, z): (53, 43, 1)
		dem: -13
		earl: 169
		lat: 199
		servt: 10
		pid: 3
		did: 0
		servST: 172.21
		(h, h_ind): (1, 4)
		load: 0.0

	Finished service at time: 182.21

	Using Machine: 0
		Task 77 -> Machine 0 (Station 2): 18.79
		Vehicle arrival at machine station: 201.0
		Waiting time until machine travel: 0.0

		Machine travel start time: 201.0
		Region 1 -> Region 0: 5.0
		Machine arrival at machine station: 206.0

		Machine 0 (Station 1)-> Task 0: 1.0
		Vehicle arrival at task: 207.0
		Waiting time until service start time: 0.0

	id: 0
		node: 26
		(x, y, z): (35, 35, 0)
		dem: 0
		earl: 0
		lat: 230
		servt: 0
		pid: 0
		did: 0
		servST: 207.0
		(h, h_ind): (0, 9)
		load: 0.0


Vehicle 10 :
	id: 0
		node: 1
		(x, y, z): (35, 35, 0)
		dem: 0
		earl: 0
		lat: 230
		servt: 0
		pid: 0
		did: 0
		servST: 69.6
		(h, h_ind): (-1, 0)
		load: 0.0

	Finished service at time: 69.6

	Using Machine: 0
		Task 0 -> Machine 0 (Station 1): 1.0
		Vehicle arrival at machine station: 70.6
		Waiting time until machine travel: 0.0

		Machine travel start time: 70.6
		Region 0 -> Region 3: 15.0
		Machine arrival at machine station: 85.6

		Machine 0 (Station 4)-> Task 9: 31.4
		Vehicle arrival at task: 117.0
		Waiting time until service start time: 0.0

	id: 9
		node: 6
		(x, y, z): (55, 60, 3)
		dem: 16
		earl: 87
		lat: 117
		servt: 10
		pid: 0
		did: 35
		servST: 117.0
		(h, h_ind): (0, 3)
		load: 16.0

	Finished service at time: 127.0

	Task 9 -> Task 35: 9.43
	Vehicle arrival at task: 136.43
	Waiting time until service start time: 6.65

	id: 35
		node: 18
		(x, y, z): (63, 65, 3)
		dem: -16
		earl: 133
		lat: 163
		servt: 10
		pid: 9
		did: 0
		servST: 143.07999999999998
		(h, h_ind): (-1, 0)
		load: 0.0

	Finished service at time: 153.07999999999998

	Using Machine: 1
		Task 35 -> Machine 1 (Station 4): 39.05
		Vehicle arrival at machine station: 192.13
		Waiting time until machine travel: 0.0

		Machine travel start time: 192.13
		Region 3 -> Region 0: 15.0
		Machine arrival at machine station: 207.13

		Machine 1 (Station 1)-> Task 0: 3.0
		Vehicle arrival at task: 210.13
		Waiting time until service start time: 0.0

	id: 0
		node: 26
		(x, y, z): (35, 35, 0)
		dem: 0
		earl: 0
		lat: 230
		servt: 0
		pid: 0
		did: 0
		servST: 210.13
		(h, h_ind): (1, 6)
		load: 0.0


Vehicle 11 :
	id: 0
		node: 1
		(x, y, z): (35, 35, 0)
		dem: 0
		earl: 0
		lat: 230
		servt: 0
		pid: 0
		did: 0
		servST: 0.0
		(h, h_ind): (-1, 0)
		load: 0.0

	Finished service at time: 0.0

	Task 0 -> Task 26: 11.18
	Vehicle arrival at task: 11.18
	Waiting time until service start time: 0.0

	id: 26
		node: 10
		(x, y, z): (45, 30, 0)
		dem: 17
		earl: 0
		lat: 208
		servt: 10
		pid: 0
		did: 22
		servST: 11.18
		(h, h_ind): (-1, 0)
		load: 17.0

	Finished service at time: 21.18

	Using Machine: 1
		Task 26 -> Machine 1 (Station 1): 8.6
		Vehicle arrival at machine station: 29.78
		Waiting time until machine travel: 0.0

		Machine travel start time: 29.78
		Region 0 -> Region 2: 10.0
		Machine arrival at machine station: 39.78

		Machine 1 (Station 3)-> Task 28: 3.61
		Vehicle arrival at task: 43.39
		Waiting time until service start time: 0.0

	id: 28
		node: 11
		(x, y, z): (41, 37, 2)
		dem: 16
		earl: 29
		lat: 59
		servt: 10
		pid: 0
		did: 73
		servST: 43.39
		(h, h_ind): (1, 1)
		load: 33.0

	Finished service at time: 53.39

	Using Machine: 1
		Task 28 -> Machine 1 (Station 3): 3.61
		Vehicle arrival at machine station: 57.0
		Waiting time until machine travel: 0.0

		Machine travel start time: 57.0
		Region 2 -> Region 1: 5.0
		Machine arrival at machine station: 62.0

		Machine 1 (Station 2)-> Task 73: 18.97
		Vehicle arrival at task: 80.97
		Waiting time until service start time: 0.0

	id: 73
		node: 23
		(x, y, z): (44, 17, 1)
		dem: -16
		earl: 68
		lat: 98
		servt: 10
		pid: 28
		did: 0
		servST: 80.97
		(h, h_ind): (1, 2)
		load: 17.0

	Finished service at time: 90.97

	Task 73 -> Task 22: 7.07
	Vehicle arrival at task: 98.03999999999999
	Waiting time until service start time: 0.0

	id: 22
		node: 22
		(x, y, z): (45, 10, 1)
		dem: -17
		earl: 87
		lat: 117
		servt: 10
		pid: 26
		did: 0
		servST: 98.03999999999999
		(h, h_ind): (-1, 0)
		load: 0.0

	Finished service at time: 108.03999999999999

	Using Machine: 2
		Task 22 -> Machine 2 (Station 2): 27.31
		Vehicle arrival at machine station: 135.35
		Waiting time until machine travel: 0.0

		Machine travel start time: 135.35
		Region 1 -> Region 0: 5.0
		Machine arrival at machine station: 140.35

		Machine 2 (Station 1)-> Task 0: 1.0
		Vehicle arrival at task: 141.35
		Waiting time until service start time: 0.0

	id: 0
		node: 26
		(x, y, z): (35, 35, 0)
		dem: 0
		earl: 0
		lat: 230
		servt: 0
		pid: 0
		did: 0
		servST: 141.35
		(h, h_ind): (2, 6)
		load: 0.0


---------------------| MACHINES |---------------------

Machine 0 :
	setup duration: 0.0

	vehicle: 6
	vehicleInd: 2
	(orig, dest): (0, 8)
	(origRegion, destRegion): (0, 2)
	st: 29.86
	duration: 10.0

	setup duration: 10.0

	vehicle: 8
	vehicleInd: 3
	(orig, dest): (21, 67)
	(origRegion, destRegion): (0, 2)
	st: 49.86
	duration: 10.0

	setup duration: 10.0

	vehicle: 10
	vehicleInd: 2
	(orig, dest): (0, 9)
	(origRegion, destRegion): (0, 3)
	st: 70.6
	duration: 15.0

	setup duration: 15.0

	vehicle: 7
	vehicleInd: 3
	(orig, dest): (30, 1)
	(origRegion, destRegion): (0, 1)
	st: 100.6
	duration: 5.0

	setup duration: 0.0

	vehicle: 1
	vehicleInd: 5
	(orig, dest): (6, 89)
	(origRegion, destRegion): (1, 2)
	st: 129.35
	duration: 5.0

	setup duration: 0.0

	vehicle: 2
	vehicleInd: 4
	(orig, dest): (19, 60)
	(origRegion, destRegion): (2, 3)
	st: 134.35
	duration: 5.0

	setup duration: 5.0

	vehicle: 8
	vehicleInd: 4
	(orig, dest): (67, 0)
	(origRegion, destRegion): (2, 0)
	st: 156.14
	duration: 10.0

	setup duration: 10.0

	vehicle: 1
	vehicleInd: 6
	(orig, dest): (89, 0)
	(origRegion, destRegion): (2, 0)
	st: 186.0
	duration: 10.0

	setup duration: 5.0

	vehicle: 9
	vehicleInd: 4
	(orig, dest): (77, 0)
	(origRegion, destRegion): (1, 0)
	st: 201.0
	duration: 5.0


Machine 1 :
	setup duration: 0.0

	vehicle: 11
	vehicleInd: 3
	(orig, dest): (26, 28)
	(origRegion, destRegion): (0, 2)
	st: 29.78
	duration: 10.0

	setup duration: 0.0

	vehicle: 11
	vehicleInd: 4
	(orig, dest): (28, 73)
	(origRegion, destRegion): (2, 1)
	st: 57.0
	duration: 5.0

	setup duration: 5.0

	vehicle: 4
	vehicleInd: 3
	(orig, dest): (29, 78)
	(origRegion, destRegion): (0, 2)
	st: 89.93
	duration: 10.0

	setup duration: 5.0

	vehicle: 9
	vehicleInd: 3
	(orig, dest): (3, 77)
	(origRegion, destRegion): (3, 1)
	st: 145.21
	duration: 10.0

	setup duration: 5.0

	vehicle: 4
	vehicleInd: 4
	(orig, dest): (78, 0)
	(origRegion, destRegion): (2, 0)
	st: 167.13
	duration: 10.0

	setup duration: 15.0

	vehicle: 10
	vehicleInd: 4
	(orig, dest): (35, 0)
	(origRegion, destRegion): (3, 0)
	st: 192.13
	duration: 15.0


Machine 2 :
	setup duration: 0.0

	vehicle: 2
	vehicleInd: 2
	(orig, dest): (0, 5)
	(origRegion, destRegion): (0, 1)
	st: 0.9999999999999929
	duration: 5.0

	setup duration: 5.0

	vehicle: 1
	vehicleInd: 2
	(orig, dest): (0, 15)
	(origRegion, destRegion): (0, 1)
	st: 26.48000000000001
	duration: 5.0

	setup duration: 0.0

	vehicle: 2
	vehicleInd: 3
	(orig, dest): (5, 19)
	(origRegion, destRegion): (1, 2)
	st: 55.29999999999999
	duration: 5.0

	setup duration: 10.0

	vehicle: 9
	vehicleInd: 2
	(orig, dest): (0, 3)
	(origRegion, destRegion): (0, 3)
	st: 77.23
	duration: 15.0

	setup duration: 5.0

	vehicle: 6
	vehicleInd: 3
	(orig, dest): (8, 17)
	(origRegion, destRegion): (2, 0)
	st: 120.3
	duration: 10.0

	setup duration: 5.0

	vehicle: 11
	vehicleInd: 6
	(orig, dest): (22, 0)
	(origRegion, destRegion): (1, 0)
	st: 135.35
	duration: 5.0

	setup duration: 5.0

	vehicle: 7
	vehicleInd: 4
	(orig, dest): (1, 0)
	(origRegion, destRegion): (1, 0)
	st: 146.12
	duration: 5.0

	setup duration: 15.0

	vehicle: 2
	vehicleInd: 6
	(orig, dest): (82, 0)
	(origRegion, destRegion): (3, 0)
	st: 214.0
	duration: 15.0


-------------------| COMPL. TIMES |-------------------

Vehicle 0 : 0.0
Vehicle 1 : 171.51999999999998
Vehicle 2 : 230.0
Vehicle 3 : 0.0
Vehicle 4 : 156.95999999999998
Vehicle 5 : 0.0
Vehicle 6 : 171.28000000000003
Vehicle 7 : 112.34
Vehicle 8 : 162.79999999999998
Vehicle 9 : 130.76999999999998
Vehicle 10 : 140.53
Vehicle 11 : 141.35
-------------------| STATISTICS |-------------------

    Vehicles used                           : 75.0
    Machines used                           : 100.0
    Max load (vehicles)                     : 82.6923
    Min load (vehicles)                     : 17.3077
    Mean load (vehicles)                    : 39.475
    Min completion time                     : 48.8435
    Max completion time                     : 100.0
    Mean completion time                    : 68.4807
    Avrg travel time (with vehicle)         : 47.8261
    Avrg travel time (only with vehicle)    : 28.9855
    Avrg travel time (no vehicle)           : 18.8406
    Avrg waiting time (machine travel)      : 0.0
    Avrg waiting time (service)             : 2.9344
    Machines travel times (with vehicle)    : [56.5217, 39.1304, 47.8261]
    Machines travel times (no vehicle)      : [23.913, 13.0435, 19.5652]
    Max load per vehicle                    : [0.0, 18.6047, 82.6923, 0.0, 20.9302, 0.0, 17.3077, 48.8372, 21.1538, 38.2353, 30.7692, 76.7442]

----------------------------------------------------

TOTAL: 1417.55

Everything is awesome!
