-------------------| STATISTICS |-------------------

Vehicles used                           : 62.5
Machines used                           : 100.0
Max load (vehicles)                     : 58.8235
Min load (vehicles)                     : 37.2093
Mean load (vehicles)                    : 46.8673
Min completion time                     : 40.065
Max completion time                     : 79.7439
Mean completion time                    : 61.3634
Avrg travel time (with vehicle)         : 41.7615
Avrg travel time (only with vehicle)    : 30.4295
Avrg travel time (no vehicle)           : 11.332
Avrg waiting time (machine travel)      : 0.0
Avrg waiting time (service)             : 4.4789
Machines travel times (with vehicle)    : [42.8862, 50.2846, 32.1138]
Machines travel times (no vehicle)      : [9.0244, 16.9634, 8.0081]
Max load per vehicle                    : [0.0, 0.0, 50.0, 0.0, 37.2093, 58.8235, 44.1176, 44.186]

----------------------------------------------------

TOTAL: 754.77

Everything is awesome!
