-------------------| STATISTICS |-------------------

Vehicles used                           : 20.0
Machines used                           : 66.6667
Max load (vehicles)                     : 92.3077
Min load (vehicles)                     : 59.375
Mean load (vehicles)                    : 75.8413
Min completion time                     : 24.304
Max completion time                     : 51.927
Mean completion time                    : 38.1155
Avrg travel time (with vehicle)         : 3.956
Avrg travel time (only with vehicle)    : 2.967
Avrg travel time (no vehicle)           : 0.989
Avrg waiting time (machine travel)      : 0.0
Avrg waiting time (service)             : 0.0
Machines travel times (with vehicle)    : [4.472, 0.0, 3.44]
Machines travel times (no vehicle)      : [1.118, 0.0, 0.86]
Max load per vehicle                    : [92.3077, 0.0, 0.0, 0.0, 59.375, 0.0, 0.0, 0.0, 0.0, 0.0]

----------------------------------------------------

TOTAL: 762.31

Everything is awesome!
