-------------------| STATISTICS |-------------------

Vehicles used                           : 25.0
Machines used                           : 100.0
Max load (vehicles)                     : 95.3488
Min load (vehicles)                     : 88.4615
Mean load (vehicles)                    : 91.9052
Min completion time                     : 42.658
Max completion time                     : 50.568
Mean completion time                    : 46.613
Avrg travel time (with vehicle)         : 4.0
Avrg travel time (only with vehicle)    : 2.5
Avrg travel time (no vehicle)           : 1.5
Avrg waiting time (machine travel)      : 0.0
Avrg waiting time (service)             : 1.3309
Machines travel times (with vehicle)    : [4.0, 2.0, 7.0, 3.0]
Machines travel times (no vehicle)      : [2.0, 1.0, 2.0, 1.0]
Max load per vehicle                    : [0.0, 95.3488, 0.0, 0.0, 88.4615, 0.0, 0.0, 0.0]

----------------------------------------------------

TOTAL: 932.2599999999999

Everything is awesome!
