Set parameter WLSAccessID
Set parameter WLSSecret
Set parameter LicenseID to value 2661775
Academic license 2661775 - for non-commercial use only - registered to me___@dcc.ufba.br
Loading line 2: methodType heur
Loading line 3: methodCode mslp
Loading line 4: seed 0
Loading line 5: threads 1
Loading line 6: greedy_service_order random
Loading line 7: outputFlagGrbMSLP 0
Loading line 8: mslpa 60000
Loading line 9: mslpr I
Loading line 10: maxtime 3600
Loading line 11: output ./logs/
Loading line 12: printsol 1
Loading line 13: solverMethod A
Loading line 14: alpha 0.05 # selected from preliminary experiments
Instance: lr103_t1_10R_10V_04I_03M

[18:53:09.718] Running Data.readData with file /dados/rmelo/PDPTW-SE/benchmark_multi_island_v5/official_experiments/multistartlp/official/set_01_pt_01/../../../../instances/orig_ams_fg/10R_10V_04I_04M/t1/lr103/
vehicles: Vehicle[Vehicle(0, 26), Vehicle(1, 32), Vehicle(2, 38), Vehicle(3, 26), Vehicle(4, 26), Vehicle(5, 32), Vehicle(6, 38), Vehicle(7, 26), Vehicle(8, 38), Vehicle(9, 32)]
vehicle_types: Vehicle[Vehicle(0, 26), Vehicle(1, 32), Vehicle(2, 38)]
Machine[Machine(0, Point[Point(35, 32, 0), Point(24, 34, 1), Point(48, 60, 2), Point(20, 43, 3)], 1.0), Machine(1, Point[Point(38, 35, 0), Point(24, 33, 1), Point(47, 61, 2), Point(20, 44, 3)], 1.0), Machine(2, Point[Point(39, 35, 0), Point(23, 33, 1), Point(47, 62, 2), Point(20, 45, 3)], 1.0)]
refs: [1, 2, 4, 5, 6, 8, 9, 10, 11, 12, 13, 3, 15, 14, 18, 20, 17, 21, 7, 16, 19, 1]
V: [1, 2, 3, 4, 5, 6, 7, 8, 9, 10, 11, 12, 13, 14, 15, 16, 17, 18, 19, 20, 21]
V_p: [2, 3, 4, 5, 6, 7, 8, 9, 10, 11]
V_d: [12, 13, 14, 15, 16, 17, 18, 19, 20, 21]
Vprime: [1, 2, 3, 4, 5, 6, 7, 8, 9, 10, 11, 12, 13, 14, 15, 16, 17, 18, 19, 20, 21, 22]
V: [1, 2, 3, 4, 5, 6, 7, 8, 9, 10, 11, 12, 13, 14, 15, 16, 17, 18, 19, 20, 21]
q: [0, 7, 5, 9, 16, 19, 19, 12, 17, 9, 18, -7, -5, -9, -16, -19, -19, -12, -17, -9, -18, 0]
H: [1, 2, 3]
f: [[1, 1, 1], [1, 1, 1], [4, 4, 4], [4, 4, 4], [3, 3, 3], [1, 1, 1], [2, 2, 2], [4, 4, 4], [4, 4, 4], [3, 3, 3], [1, 1, 1], [1, 1, 1], [4, 4, 4], [4, 4, 4], [3, 3, 3], [1, 1, 1], [2, 2, 2], [2, 2, 2], [4, 4, 4], [3, 3, 3], [1, 1, 1], [1, 1, 1]]
1 1 1 -> 0.0
1 2 1 -> 11.18
1 3 1 -> 30.87
1 4 1 -> 18.6
2 1 1 -> 11.18
2 2 1 -> 0.0
2 3 1 -> 35.38
2 4 1 -> 9.85
3 1 1 -> 30.87
3 2 1 -> 35.38
3 3 1 -> 0.0
3 4 1 -> 32.76
4 1 1 -> 18.6
4 2 1 -> 9.85
4 3 1 -> 32.76
4 4 1 -> 0.0
1 1 2 -> 0.0
1 2 2 -> 14.14
1 3 2 -> 27.51
1 4 2 -> 20.12
2 1 2 -> 14.14
2 2 2 -> 0.0
2 3 2 -> 36.24
2 4 2 -> 11.7
3 1 2 -> 27.51
3 2 2 -> 36.24
3 3 2 -> 0.0
3 4 2 -> 31.91
4 1 2 -> 20.12
4 2 2 -> 11.7
4 3 2 -> 31.91
4 4 2 -> 0.0
1 1 3 -> 0.0
1 2 3 -> 16.12
1 3 3 -> 28.16
1 4 3 -> 21.47
2 1 3 -> 16.12
2 2 3 -> 0.0
2 3 3 -> 37.64
2 4 3 -> 12.37
3 1 3 -> 28.16
3 2 3 -> 37.64
3 3 3 -> 0.0
3 4 3 -> 31.91
4 1 3 -> 21.47
4 2 3 -> 12.37
4 3 3 -> 31.91
4 4 3 -> 0.0
o: (1, 2, 3) => 16.12
o: (3, 1, 3) => 28.16
o: (3, 2, 3) => 37.64
o: (2, 1, 1) => 11.18
o: (1, 3, 2) => 27.51
o: (1, 4, 2) => 20.12
o: (2, 2, 1) => 0.0
o: (3, 3, 2) => 0.0
o: (3, 4, 2) => 31.91
o: (4, 3, 3) => 31.91
o: (4, 4, 3) => 0.0
o: (1, 3, 1) => 30.87
o: (1, 1, 2) => 0.0
o: (1, 4, 1) => 18.6
o: (3, 3, 1) => 0.0
o: (1, 2, 2) => 14.14
o: (3, 1, 2) => 27.51
o: (3, 4, 1) => 32.76
o: (4, 1, 3) => 21.47
o: (3, 2, 2) => 36.24
o: (4, 2, 3) => 12.37
o: (1, 1, 1) => 0.0
o: (2, 3, 3) => 37.64
o: (2, 4, 3) => 12.37
o: (4, 3, 2) => 31.91
o: (1, 2, 1) => 11.18
o: (3, 1, 1) => 30.87
o: (4, 4, 2) => 0.0
o: (3, 2, 1) => 35.38
o: (2, 1, 3) => 16.12
o: (4, 3, 1) => 32.76
o: (4, 1, 2) => 20.12
o: (4, 4, 1) => 0.0
o: (2, 2, 3) => 0.0
o: (4, 2, 2) => 11.7
o: (2, 3, 2) => 36.24
o: (2, 4, 2) => 11.7
o: (1, 3, 3) => 28.16
o: (1, 4, 3) => 21.47
o: (4, 1, 1) => 18.6
o: (3, 3, 3) => 0.0
o: (3, 4, 3) => 31.91
o: (4, 2, 1) => 9.85
o: (2, 3, 1) => 35.38
o: (2, 1, 2) => 14.14
o: (2, 4, 1) => 9.85
o: (1, 1, 3) => 0.0
o: (2, 2, 2) => 0.0

[58, 309, 299, 268, 258, 296, 307, 39]
JOBS in the order of refs (Vprime)
Node 1: Job(0, Point(35, 35, 0), 0, 0, 230, 0, 0, 0)
Node 2: Job(2, Point(35, 17, 0), 7, 0, 202, 10, 0, 4)
Node 3: Job(7, Point(20, 50, 3), 5, 0, 198, 10, 0, 47)
Node 4: Job(8, Point(10, 43, 3), 9, 95, 105, 10, 0, 46)
Node 5: Job(9, Point(55, 60, 2), 16, 97, 107, 10, 0, 66)
Node 6: Job(12, Point(50, 35, 0), 19, 0, 205, 10, 0, 80)
Node 7: Job(16, Point(10, 20, 1), 19, 0, 190, 10, 0, 61)
Node 8: Job(18, Point(20, 40, 3), 12, 0, 204, 10, 0, 89)
Node 9: Job(19, Point(15, 60, 3), 17, 0, 187, 10, 0, 11)
Node 10: Job(20, Point(45, 65, 2), 9, 0, 188, 10, 0, 51)
Node 11: Job(22, Point(45, 10, 0), 18, 97, 107, 10, 0, 75)
Node 12: Job(4, Point(55, 20, 0), -7, 149, 159, 10, 2, 0)
Node 13: Job(47, Point(8, 56, 3), -5, 0, 185, 10, 7, 0)
Node 14: Job(46, Point(2, 48, 3), -9, 0, 184, 10, 8, 0)
Node 15: Job(66, Point(49, 73, 2), -16, 127, 137, 10, 9, 0)
Node 16: Job(80, Point(56, 37, 0), -19, 182, 192, 10, 12, 0)
Node 17: Job(61, Point(12, 24, 1), -19, 0, 194, 10, 16, 0)
Node 18: Job(89, Point(26, 35, 1), -12, 0, 211, 10, 18, 0)
Node 19: Job(11, Point(20, 65, 3), -17, 67, 77, 10, 19, 0)
Node 20: Job(51, Point(49, 58, 2), -9, 0, 193, 10, 20, 0)
Node 21: Job(75, Point(49, 11, 0), -18, 0, 192, 10, 22, 0)
Node 22: Job(0, Point(35, 35, 0), 0, 0, 230, 0, 0, 0)

### Preprocessing Data ###
	-> arcs: 484 (100.0%)
	-> arc_removals: 309 (63.84%)
	-> arc_removals_is_loop: 22 (4.55%)
	-> arc_removals_is_delivery_to_pickup: 12 (2.48%)
	-> arc_removals_is_depot_begin_to_delivery: 10 (2.07%)
	-> arc_removals_is_pickup_to_depot_end: 10 (2.07%)
	-> arc_removals_is_dest_depot_begin: 20 (4.13%)
	-> arc_removals_is_orig_depot_end: 19 (3.93%)
	-> arc_removals_is_capacity_violated: 0 (0.0%)
	-> arc_removals_is_time_window_limited: 98 (20.25%)
	-> arc_removals_is_time_window_pairing_limited: 114 (23.55%)
	-> arc_removals_is_indirect_request_service_impossible: 4 (0.83%)
	-> gamma_vars: 0 (0%)
	-> feas_gamma_vars: 0 (0%)
	-> infeas_gamma_vars_is_next_mtrv_unreachable: 0 (0%)
	-> infeas_gamma_vars_is_iprime_jprime_eq_i_j: 0 (0%)
	-> machine_removal_for_an_arc: 0 (0.0%)
##########################

[18:53:19.665] Print configuration
------------------------------------------------------
"
[18:53:19.665] Running Multi Start Heuristic"
> Experiment started at 2025-10-14T18:53:19.665
> Instance: lr103_t1_10R_10V_04I_03M
> Algorithm Parameters:


	>Stop params:
		>  - rule ITERATIONS
		>  - argument 60000.0
		>  - maximum_time 3600

	>General params:
		>  - instPath /dados/rmelo/PDPTW-SE/benchmark_multi_island_v5/official_experiments/multistartlp/official/set_01_pt_01/../../../../instances/orig_ams_fg/10R_10V_04I_04M/t1/lr103/
		>  - name lr103
		>  - type t1
		>  - group 10R_10V_04I_03M
		>  - fullname lr103_t1_10R_10V_04I_03M
		>  - methodType heur
		>  - methodCode mslp
		>  - genconfigfile /dados/rmelo/PDPTW-SE/benchmark_multi_island_v5/official_experiments/multistartlp/official/set_01_pt_01/configs/genconfig_mslp.conf
		>  - genconfigfilename genconfig_mslp
		>  - greedy_service_order random
		>  - cutoff 0
		>  - cutoffmachs 3
		>  - num_machs 0
		>  - solver Gurobi
		>  - maxtime 3600
		>  - gurobiCuts 1
		>  - typeUserCut 0
		>  - mipPresolve -1
		>  - printsol 1
		>  - maxnodes -1
		>  - elevator 0
		>  - make_instance_feasible false
		>  - output /dados/rmelo/PDPTW-SE/benchmark_multi_island_v5/official_experiments/multistartlp/official/set_01_pt_01/logs
		>  - suff_outputs _seed_92
		>  - suff_csv _bash_5
		>  - epsilon 0.005
		>  - epsilonCap 0.5
		>  - warmStart false
		>  - seed 92
		>  - rng Random.MersenneTwister(92)
		>  - alpha 0.05
		>  - maxiter 1000000
		>  - outputFlagGrbMIP 0
		>  - outputFlagGrbMSLP 0
		>  - outputFlagGrbLMNS 0
		>  - mslpr I
		>  - mslpa 60000
		>  - lmnsr M
		>  - lmnsa 60
		>  - lmnsRepairTime 30.0
		>  - lmnsMIPFocus 0
		>  - lmnsGapToBiggerDestruction 50
		>  - lmnsGapToSmallerDestruction 95
		>  - lmnsWeightShawDistProx 1.0
		>  - lmnsWeightShawEarlProx 1.0
		>  - lmnsWeightShawSameRoute 1.0
		>  - lmnsWeightShawDemandSim 1.0
		>  - lmnsReqRApplyMIPStart true
		>  - lmnsAcceptanceCriteria H
		>  - lmnsMetropolisTemp 100.0
		>  - lmnsSimulatedAnnealingTemp 100.0
		>  - lmnsSimulatedAnnealingCool 0.95
		>  - mipmaxtime 3600
		>  - csvfilename /dados/rmelo/PDPTW-SE/benchmark_multi_island_v5/official_experiments/multistartlp/official/set_01_pt_01/logs/heur_mslp/outputs/csvresults_heur_mslp_bash_5.csv
		>  - solfilename /dados/rmelo/PDPTW-SE/benchmark_multi_island_v5/official_experiments/multistartlp/official/set_01_pt_01/logs/heur_mslp/solutions/10R_10V_04I_03M/lr103_sol_genconfig_mslp_seed_92.txt
		>  - timelineFilename /dados/rmelo/PDPTW-SE/benchmark_multi_island_v5/official_experiments/multistartlp/official/set_01_pt_01/logs/heur_mslp/timelines/10R_10V_04I_03M/lr103_timeline_genconfig_mslp_seed_92.txt
		>  - grbFilename /dados/rmelo/PDPTW-SE/benchmark_multi_island_v5/official_experiments/multistartlp/official/set_01_pt_01/logs/heur_mslp/gurobi/10R_10V_04I_03M/lr103_grb_genconfig_mslp_seed_92.log
		>  - threads 1
		>  - solverMethod AUTOMATIC

------------------------------------------------------

[18:53:19.772] Starting running MSLP
objValue;greedysol;iteration;time
788.55;815.70;1;0.000000
706.71;801.56;2;0.283848
657.46;786.66;13;0.304112
655.37;772.92;15;0.309811
619.95;720.21;35;0.347759
616.53;716.79;73;0.428198
615.06;714.53;82;0.462671

[18:55:47.09] Finished running MSLP
System CPU time: 21.47 seconds

[18:55:47.162] Post running MSLP
Best solution value: 615.06
Total time elapsed: 121.862440
Time to best: 0.462671
Iterations: 60000
Iterations to best: 82
Improvements: 7
Infeasible solutions percentage: (13600 / 60000) = 22.6667 %
(LP improvements)/(LP runs) = 46400/46400 = 100.0000 %
Mean LP improvement percentage: 15.0205 %
[18:55:47.409] Writing results to CSV file: /dados/rmelo/PDPTW-SE/benchmark_multi_island_v5/official_experiments/multistartlp/official/set_01_pt_01/logs/heur_mslp/outputs/csvresults_heur_mslp_bash_5.csv

[18:55:49.452] Saving solution to file:/dados/rmelo/PDPTW-SE/benchmark_multi_island_v5/official_experiments/multistartlp/official/set_01_pt_01/logs/heur_mslp/solutions/10R_10V_04I_03M/lr103_sol_genconfig_mslp_seed_92.txt

[18:55:49.452] Saving solution timeline to file: /dados/rmelo/PDPTW-SE/benchmark_multi_island_v5/official_experiments/multistartlp/official/set_01_pt_01/logs/heur_mslp/timelines/10R_10V_04I_03M/lr103_timeline_genconfig_mslp_seed_92.txt
---------------------| VEHICLES |---------------------

Vehicle 0 :
	id: 0
		node: 1
		(x, y, z): (35, 35, 0)
		dem: 0
		earl: 0
		lat: 230
		servt: 0
		pid: 0
		did: 0
		servST: 32.530000000000015
		(h, h_ind): (-1, 0)
		load: 0.0

	Finished service at time: 32.530000000000015

	Using Machine: 2
		Task 0 -> Machine 2 (Station 1): 4.0
		Vehicle arrival at machine station: 36.530000000000015
		Waiting time until machine travel: 0.0

		Machine travel start time: 36.530000000000015
		Region 0 -> Region 2: 28.16
		Machine arrival at machine station: 64.69000000000001

		Machine 2 (Station 3)-> Task 20: 3.61
		Vehicle arrival at task: 68.30000000000001
		Waiting time until service start time: 0.0

	id: 20
		node: 10
		(x, y, z): (45, 65, 2)
		dem: 9
		earl: 0
		lat: 188
		servt: 10
		pid: 0
		did: 51
		servST: 68.30000000000001
		(h, h_ind): (2, 1)
		load: 9.0

	Finished service at time: 78.30000000000001

	Task 20 -> Task 51: 8.06
	Vehicle arrival at task: 86.36000000000001
	Waiting time until service start time: 0.0

	id: 51
		node: 20
		(x, y, z): (49, 58, 2)
		dem: -9
		earl: 0
		lat: 193
		servt: 10
		pid: 20
		did: 0
		servST: 86.36000000000001
		(h, h_ind): (-1, 0)
		load: 0.0

	Finished service at time: 96.36000000000001

	Task 51 -> Task 9: 6.32
	Vehicle arrival at task: 102.68
	Waiting time until service start time: 0.0

	id: 9
		node: 5
		(x, y, z): (55, 60, 2)
		dem: 16
		earl: 97
		lat: 107
		servt: 10
		pid: 0
		did: 66
		servST: 102.68
		(h, h_ind): (-1, 0)
		load: 16.0

	Finished service at time: 112.68

	Task 9 -> Task 66: 14.32
	Vehicle arrival at task: 127.0
	Waiting time until service start time: 0.0

	id: 66
		node: 15
		(x, y, z): (49, 73, 2)
		dem: -16
		earl: 127
		lat: 137
		servt: 10
		pid: 9
		did: 0
		servST: 127.0
		(h, h_ind): (-1, 0)
		load: 0.0

	Finished service at time: 137.0

	Using Machine: 1
		Task 66 -> Machine 1 (Station 3): 12.17
		Vehicle arrival at machine station: 149.17
		Waiting time until machine travel: 0.0

		Machine travel start time: 149.17000000000002
		Region 2 -> Region 0: 27.51
		Machine arrival at machine station: 176.68

		Machine 1 (Station 1)-> Task 0: 3.0
		Vehicle arrival at task: 179.68
		Waiting time until service start time: 0.0

	id: 0
		node: 22
		(x, y, z): (35, 35, 0)
		dem: 0
		earl: 0
		lat: 230
		servt: 0
		pid: 0
		did: 0
		servST: 179.68
		(h, h_ind): (1, 2)
		load: 0.0


Vehicle 3 :
	id: 0
		node: 1
		(x, y, z): (35, 35, 0)
		dem: 0
		earl: 0
		lat: 230
		servt: 0
		pid: 0
		did: 0
		servST: 0.0
		(h, h_ind): (-1, 0)
		load: 0.0

	Finished service at time: 0.0

	Using Machine: 1
		Task 0 -> Machine 1 (Station 1): 3.0
		Vehicle arrival at machine station: 3.0
		Waiting time until machine travel: 0.0

		Machine travel start time: 3.0
		Region 0 -> Region 1: 14.14
		Machine arrival at machine station: 17.14

		Machine 1 (Station 2)-> Task 16: 19.1
		Vehicle arrival at task: 36.24
		Waiting time until service start time: 0.0

	id: 16
		node: 7
		(x, y, z): (10, 20, 1)
		dem: 19
		earl: 0
		lat: 190
		servt: 10
		pid: 0
		did: 61
		servST: 36.24
		(h, h_ind): (1, 1)
		load: 19.0

	Finished service at time: 46.24

	Task 16 -> Task 61: 4.47
	Vehicle arrival at task: 50.71
	Waiting time until service start time: 0.0

	id: 61
		node: 17
		(x, y, z): (12, 24, 1)
		dem: -19
		earl: 0
		lat: 194
		servt: 10
		pid: 16
		did: 0
		servST: 50.71
		(h, h_ind): (-1, 0)
		load: 0.0

	Finished service at time: 60.71

	Using Machine: 0
		Task 61 -> Machine 0 (Station 2): 15.62
		Vehicle arrival at machine station: 76.33
		Waiting time until machine travel: 0.0

		Machine travel start time: 76.33
		Region 1 -> Region 0: 11.18
		Machine arrival at machine station: 87.50999999999999

		Machine 0 (Station 1)-> Task 0: 3.0
		Vehicle arrival at task: 90.50999999999999
		Waiting time until service start time: 0.0

	id: 0
		node: 22
		(x, y, z): (35, 35, 0)
		dem: 0
		earl: 0
		lat: 230
		servt: 0
		pid: 0
		did: 0
		servST: 90.50999999999999
		(h, h_ind): (0, 2)
		load: 0.0


Vehicle 8 :
	id: 0
		node: 1
		(x, y, z): (35, 35, 0)
		dem: 0
		earl: 0
		lat: 230
		servt: 0
		pid: 0
		did: 0
		servST: 0.14999999999999858
		(h, h_ind): (-1, 0)
		load: 0.0

	Finished service at time: 0.14999999999999858

	Using Machine: 0
		Task 0 -> Machine 0 (Station 1): 3.0
		Vehicle arrival at machine station: 3.1499999999999986
		Waiting time until machine travel: 0.0

		Machine travel start time: 3.1499999999999986
		Region 0 -> Region 3: 18.6
		Machine arrival at machine station: 21.75

		Machine 0 (Station 4)-> Task 7: 7.0
		Vehicle arrival at task: 28.75
		Waiting time until service start time: 0.0

	id: 7
		node: 3
		(x, y, z): (20, 50, 3)
		dem: 5
		earl: 0
		lat: 198
		servt: 10
		pid: 0
		did: 47
		servST: 28.75
		(h, h_ind): (0, 1)
		load: 5.0

	Finished service at time: 38.75

	Task 7 -> Task 19: 11.18
	Vehicle arrival at task: 49.93
	Waiting time until service start time: 0.0

	id: 19
		node: 9
		(x, y, z): (15, 60, 3)
		dem: 17
		earl: 0
		lat: 187
		servt: 10
		pid: 0
		did: 11
		servST: 49.93
		(h, h_ind): (-1, 0)
		load: 22.0

	Finished service at time: 59.93

	Task 19 -> Task 11: 7.07
	Vehicle arrival at task: 67.0
	Waiting time until service start time: 0.0

	id: 11
		node: 19
		(x, y, z): (20, 65, 3)
		dem: -17
		earl: 67
		lat: 77
		servt: 10
		pid: 19
		did: 0
		servST: 67.0
		(h, h_ind): (-1, 0)
		load: 5.0

	Finished service at time: 77.0

	Task 11 -> Task 8: 24.17
	Vehicle arrival at task: 101.17
	Waiting time until service start time: 0.0

	id: 8
		node: 4
		(x, y, z): (10, 43, 3)
		dem: 9
		earl: 95
		lat: 105
		servt: 10
		pid: 0
		did: 46
		servST: 101.17
		(h, h_ind): (-1, 0)
		load: 14.0

	Finished service at time: 111.17

	Task 8 -> Task 46: 9.43
	Vehicle arrival at task: 120.6
	Waiting time until service start time: 0.0

	id: 46
		node: 14
		(x, y, z): (2, 48, 3)
		dem: -9
		earl: 0
		lat: 184
		servt: 10
		pid: 8
		did: 0
		servST: 120.6
		(h, h_ind): (-1, 0)
		load: 5.0

	Finished service at time: 130.6

	Task 46 -> Task 47: 10.0
	Vehicle arrival at task: 140.6
	Waiting time until service start time: 0.0

	id: 47
		node: 13
		(x, y, z): (8, 56, 3)
		dem: -5
		earl: 0
		lat: 185
		servt: 10
		pid: 7
		did: 0
		servST: 140.6
		(h, h_ind): (-1, 0)
		load: 0.0

	Finished service at time: 150.6

	Task 47 -> Task 18: 20.0
	Vehicle arrival at task: 170.6
	Waiting time until service start time: 0.0

	id: 18
		node: 8
		(x, y, z): (20, 40, 3)
		dem: 12
		earl: 0
		lat: 204
		servt: 10
		pid: 0
		did: 89
		servST: 170.6
		(h, h_ind): (-1, 0)
		load: 12.0

	Finished service at time: 180.6

	Using Machine: 0
		Task 18 -> Machine 0 (Station 4): 3.0
		Vehicle arrival at machine station: 183.6
		Waiting time until machine travel: 0.0

		Machine travel start time: 183.6
		Region 3 -> Region 1: 9.85
		Machine arrival at machine station: 193.45

		Machine 0 (Station 2)-> Task 89: 2.24
		Vehicle arrival at task: 195.69
		Waiting time until service start time: 0.0

	id: 89
		node: 18
		(x, y, z): (26, 35, 1)
		dem: -12
		earl: 0
		lat: 211
		servt: 10
		pid: 18
		did: 0
		servST: 195.69
		(h, h_ind): (0, 3)
		load: 0.0

	Finished service at time: 205.69

	Using Machine: 0
		Task 89 -> Machine 0 (Station 2): 2.24
		Vehicle arrival at machine station: 207.93
		Waiting time until machine travel: 0.0

		Machine travel start time: 207.93
		Region 1 -> Region 0: 11.18
		Machine arrival at machine station: 219.11

		Machine 0 (Station 1)-> Task 0: 3.0
		Vehicle arrival at task: 222.11
		Waiting time until service start time: 0.0

	id: 0
		node: 22
		(x, y, z): (35, 35, 0)
		dem: 0
		earl: 0
		lat: 230
		servt: 0
		pid: 0
		did: 0
		servST: 222.11
		(h, h_ind): (0, 4)
		load: 0.0


Vehicle 9 :
	id: 0
		node: 1
		(x, y, z): (35, 35, 0)
		dem: 0
		earl: 0
		lat: 230
		servt: 0
		pid: 0
		did: 0
		servST: 66.78999999999999
		(h, h_ind): (-1, 0)
		load: 0.0

	Finished service at time: 66.78999999999999

	Task 0 -> Task 2: 18.0
	Vehicle arrival at task: 84.78999999999999
	Waiting time until service start time: 0.0

	id: 2
		node: 2
		(x, y, z): (35, 17, 0)
		dem: 7
		earl: 0
		lat: 202
		servt: 10
		pid: 0
		did: 4
		servST: 84.78999999999999
		(h, h_ind): (-1, 0)
		load: 7.0

	Finished service at time: 94.78999999999999

	Task 2 -> Task 22: 12.21
	Vehicle arrival at task: 107.0
	Waiting time until service start time: 0.0

	id: 22
		node: 11
		(x, y, z): (45, 10, 0)
		dem: 18
		earl: 97
		lat: 107
		servt: 10
		pid: 0
		did: 75
		servST: 107.0
		(h, h_ind): (-1, 0)
		load: 25.0

	Finished service at time: 117.0

	Task 22 -> Task 75: 4.12
	Vehicle arrival at task: 121.12
	Waiting time until service start time: 7.06

	id: 75
		node: 21
		(x, y, z): (49, 11, 0)
		dem: -18
		earl: 0
		lat: 192
		servt: 10
		pid: 22
		did: 0
		servST: 128.18
		(h, h_ind): (-1, 0)
		load: 7.0

	Finished service at time: 138.18

	Task 75 -> Task 4: 10.82
	Vehicle arrival at task: 149.0
	Waiting time until service start time: 0.0

	id: 4
		node: 12
		(x, y, z): (55, 20, 0)
		dem: -7
		earl: 149
		lat: 159
		servt: 10
		pid: 2
		did: 0
		servST: 149.0
		(h, h_ind): (-1, 0)
		load: 0.0

	Finished service at time: 159.0

	Task 4 -> Task 12: 15.81
	Vehicle arrival at task: 174.81
	Waiting time until service start time: 0.0

	id: 12
		node: 6
		(x, y, z): (50, 35, 0)
		dem: 19
		earl: 0
		lat: 205
		servt: 10
		pid: 0
		did: 80
		servST: 174.81
		(h, h_ind): (-1, 0)
		load: 19.0

	Finished service at time: 184.81

	Task 12 -> Task 80: 6.32
	Vehicle arrival at task: 191.13
	Waiting time until service start time: 0.0

	id: 80
		node: 16
		(x, y, z): (56, 37, 0)
		dem: -19
		earl: 182
		lat: 192
		servt: 10
		pid: 12
		did: 0
		servST: 191.13
		(h, h_ind): (-1, 0)
		load: 0.0

	Finished service at time: 201.13

	Task 80 -> Task 0: 21.1
	Vehicle arrival at task: 222.23
	Waiting time until service start time: 0.0

	id: 0
		node: 22
		(x, y, z): (35, 35, 0)
		dem: 0
		earl: 0
		lat: 230
		servt: 0
		pid: 0
		did: 0
		servST: 222.23
		(h, h_ind): (-1, 0)
		load: 0.0


---------------------| MACHINES |---------------------

Machine 0 :
	setup duration: 0.0

	vehicle: 8
	vehicleInd: 2
	(orig, dest): (0, 7)
	(origRegion, destRegion): (0, 3)
	st: 3.1499999999999986
	duration: 18.6

	setup duration: 9.85

	vehicle: 3
	vehicleInd: 4
	(orig, dest): (61, 0)
	(origRegion, destRegion): (1, 0)
	st: 76.33
	duration: 11.18

	setup duration: 18.6

	vehicle: 8
	vehicleInd: 9
	(orig, dest): (18, 89)
	(origRegion, destRegion): (3, 1)
	st: 183.6
	duration: 9.85

	setup duration: 0.0

	vehicle: 8
	vehicleInd: 10
	(orig, dest): (89, 0)
	(origRegion, destRegion): (1, 0)
	st: 207.93
	duration: 11.18


Machine 1 :
	setup duration: 0.0

	vehicle: 3
	vehicleInd: 2
	(orig, dest): (0, 16)
	(origRegion, destRegion): (0, 1)
	st: 3.0
	duration: 14.14

	setup duration: 36.24

	vehicle: 0
	vehicleInd: 6
	(orig, dest): (66, 0)
	(origRegion, destRegion): (2, 0)
	st: 149.17000000000002
	duration: 27.51


Machine 2 :
	setup duration: 0.0

	vehicle: 0
	vehicleInd: 2
	(orig, dest): (0, 20)
	(origRegion, destRegion): (0, 2)
	st: 36.530000000000015
	duration: 28.16


-------------------| COMPL. TIMES |-------------------

Vehicle 0 : 147.14999999999998
Vehicle 1 : 0.0
Vehicle 2 : 0.0
Vehicle 3 : 90.50999999999999
Vehicle 4 : 0.0
Vehicle 5 : 0.0
Vehicle 6 : 0.0
Vehicle 7 : 0.0
Vehicle 8 : 221.96
Vehicle 9 : 155.44
-------------------| STATISTICS |-------------------

    Vehicles used                           : 40.0
    Machines used                           : 100.0
    Max load (vehicles)                     : 78.125
    Min load (vehicles)                     : 57.8947
    Mean load (vehicles)                    : 67.6588
    Min completion time                     : 39.3522
    Max completion time                     : 96.5043
    Mean completion time                    : 66.8543
    Avrg travel time (with vehicle)         : 26.8565
    Avrg travel time (only with vehicle)    : 17.4812
    Avrg travel time (no vehicle)           : 9.3754
    Avrg waiting time (machine travel)      : 0.0
    Avrg waiting time (service)             : 0.0
    Machines travel times (with vehicle)    : [34.4609, 33.8652, 12.2435]
    Machines travel times (no vehicle)      : [12.3696, 15.7565, 0.0]
    Max load per vehicle                    : [61.5385, 0.0, 0.0, 73.0769, 0.0, 0.0, 0.0, 0.0, 57.8947, 78.125]

----------------------------------------------------

TOTAL: 615.06

Everything is awesome!
