Set parameter WLSAccessID
Set parameter WLSSecret
Set parameter LicenseID to value 2661775
Academic license 2661775 - for non-commercial use only - registered to me___@dcc.ufba.br
Parameter 'method_type' with value 'form' successfully set as form of type <class 'str'>
Parameter 'method_code' with value 'melo' successfully set as melo of type <class 'str'>
Parameter 'seed' with value '0' successfully set as 0 of type <class 'int'>
Parameter 'mip_max_time' with value '3600' successfully set as 3600 of type <class 'int'>
Parameter 'output_flag_grb_mip' with value '1' successfully set as 1 of type <class 'int'>
Parameter 'threads' with value '8' successfully set as 8 of type <class 'int'>
Parameter 'print_sol' with value '1' successfully set as 1 of type <class 'int'>
Parameter 'constraints_used_melo_mip_str' with value '1-29' successfully set as 1-29 of type <class 'str'>
Instance: lr201_t2_12R_12V_02I_03M
ParameterData(inst_path='/dados/rmelo/PDPTW-SE/benchmark_multi_island_v5/official_experiments/mip_gurobi/set_02_pt_02/../../../instances/orig_ams_fg/12R_12V_02I_04M/t2/lr201/', name='lr201', type='t2', group='12R_12V_02I_03M', full_name='lr201_t2_12R_12V_02I_03M', method_type='form', method_code='melo', gen_config_file='/dados/rmelo/PDPTW-SE/benchmark_multi_island_v5/official_experiments/mip_gurobi/set_02_pt_02/configs/genconfig_melo.conf', gen_config_filename='genconfig_melo', greedy_service_order='tightest_tw', cutoff=0, cutoff_machs=3, solver='Gurobi', max_time=7200, gurobi_cuts=1, type_user_cut=0, mip_presolve=-1, print_sol=1, max_nodes=-1, elevator=0, make_instance_feasible=False, output='/dados/rmelo/PDPTW-SE/benchmark_multi_island_v5/official_experiments/mip_gurobi/set_02_pt_02/logs', epsilon=0.005, epsilon_cap=0.5, warm_start=False, seed=0, rng=<random.Random object at 0x55e1237f1d30>, alpha=0.2, max_iter=1000000, output_flag_grb_mip=1, output_flag_grb_mslp=0, output_flag_grb_lmns=0, mslp_r='M', mslp_a='60', lmns_r='M', lmns_a='60', lmns_repair_time=30.0, lmns_mip_focus=0, lmns_gap_to_bigger_destruction=50, lmns_gap_to_smaller_destruction=95, lmns_weight_shaw_dist_prox=1.0, lmns_weight_shaw_earl_prox=1.0, lmns_weight_shaw_same_route=1.0, lmns_weight_shaw_demand_sim=1.0, lmns_req_r_apply_mip_start=True, lmns_acceptance_criteria='H', lmns_metropolis_temp=100.0, lmns_simulated_annealing_temp=100.0, lmns_simulated_annealing_cool=0.95, mip_max_time=3600, hx_max_time=3600, csv_file_name='', sol_file_name='', timeline_file_name='', grb_file_name='', validate_synchronization=True, constraints_used_melo_mip_str='1-29', constraints_used_melo_mip=None, run_callback_melo_mip=False, mip_heuristics=0.05, threads=8)
Constraints active in melo MIP
1 2 3 4 5 6 7 8 9 10 11 12 13 14 15 16 17 18 19 20 21 22 23 24 25 26 27 28 29 
[Reading Data] Using files at /dados/rmelo/PDPTW-SE/benchmark_multi_island_v5/official_experiments/mip_gurobi/set_02_pt_02/../../../instances/orig_ams_fg/12R_12V_02I_04M/t2/lr201/
vehicles: [Vehicle(id=0, cap=34), Vehicle(id=1, cap=43), Vehicle(id=2, cap=52), Vehicle(id=3, cap=52), Vehicle(id=4, cap=34), Vehicle(id=5, cap=43), Vehicle(id=6, cap=34), Vehicle(id=7, cap=52), Vehicle(id=8, cap=52), Vehicle(id=9, cap=34), Vehicle(id=10, cap=52), Vehicle(id=11, cap=52)]
vehicle_types: [Vehicle(id=9, cap=34), Vehicle(id=5, cap=43), Vehicle(id=11, cap=52)]
machines: [Machine(id=0, points=[Point(x=18, y=31, z=0), Point(x=18, y=41, z=1)], spd=1.0), Machine(id=1, points=[Point(x=19, y=31, z=0), Point(x=17, y=41, z=1)], spd=1.0), Machine(id=2, points=[Point(x=20, y=31, z=0), Point(x=16, y=41, z=1)], spd=1.0)]
refs: [0, 2, 3, 5, 6, 7, 8, 9, 10, 12, 13, 14, 15, 22, 4, 11, 20, 21, 24, 23, 18, 19, 1, 17, 16, 0]
V: [0, 1, 2, 3, 4, 5, 6, 7, 8, 9, 10, 11, 12, 13, 14, 15, 16, 17, 18, 19, 20, 21, 22, 23, 24]
V_p: [1, 2, 3, 4, 5, 6, 7, 8, 9, 10, 11, 12]
V_d: [13, 14, 15, 16, 17, 18, 19, 20, 21, 22, 23, 24]
V_p_d: [1, 2, 3, 4, 5, 6, 7, 8, 9, 10, 11, 12, 13, 14, 15, 16, 17, 18, 19, 20, 21, 22, 23, 24]
Vprime: [0, 1, 2, 3, 4, 5, 6, 7, 8, 9, 10, 11, 12, 13, 14, 15, 16, 17, 18, 19, 20, 21, 22, 23, 24, 25]
q: [0, 7, 26, 9, 16, 19, 20, 8, 19, 17, 9, 11, 18, -7, -26, -9, -16, -19, -20, -8, -19, -17, -9, -11, -18, 0]
H: [0, 1, 2]
Machine points:
# Machine 0
	Point(x=18, y=31, z=0)
	Point(x=18, y=41, z=1)

# Machine 1
	Point(x=19, y=31, z=0)
	Point(x=17, y=41, z=1)

# Machine 2
	Point(x=20, y=31, z=0)
	Point(x=16, y=41, z=1)

f: [[0 0 0]
 [0 0 0]
 [0 0 0]
 [1 1 1]
 [1 1 1]
 [0 0 0]
 [0 0 0]
 [0 0 0]
 [0 0 0]
 [1 1 1]
 [1 1 1]
 [0 0 0]
 [0 0 0]
 [0 0 0]
 [1 1 1]
 [1 1 1]
 [1 1 1]
 [1 1 1]
 [0 0 0]
 [0 0 0]
 [0 0 0]
 [1 1 1]
 [1 1 1]
 [0 0 0]
 [0 0 0]
 [0 0 0]]
(0, 0, 0) 0.0
(0, 1, 0) 10.0
(1, 0, 0) 10.0
(1, 1, 0) 0.0
(0, 0, 1) 0.0
(0, 1, 1) 10.2
(1, 0, 1) 10.2
(1, 1, 1) 0.0
(0, 0, 2) 0.0
(0, 1, 2) 10.77
(1, 0, 2) 10.77
(1, 1, 2) 0.0
Number of arcs: 218
M:  (0, np.int64(0)) (1, np.int64(79)) (2, np.int64(1115)) (3, np.int64(1105)) (4, np.int64(1061)) (5, np.int64(1051)) (6, np.int64(1061)) (7, np.int64(1023)) (8, np.int64(12))
JOBS in the order of refs (Vprime)
Node 0: Job(id=0, point=Point(x=35, y=35, z=0), dem=0, earl=0, lat=1000, servt=0, pid=0, did=0)
Node 1: Job(id=2, point=Point(x=35, y=17, z=0), dem=7, earl=143, lat=282, servt=10, pid=0, did=72)
Node 2: Job(id=5, point=Point(x=15, y=30, z=0), dem=26, earl=34, lat=209, servt=10, pid=0, did=7)
Node 3: Job(id=8, point=Point(x=10, y=43, z=1), dem=9, earl=404, lat=481, servt=10, pid=0, did=18)
Node 4: Job(id=10, point=Point(x=30, y=60, z=1), dem=16, earl=577, lat=632, servt=10, pid=0, did=70)
Node 5: Job(id=12, point=Point(x=50, y=35, z=0), dem=19, earl=228, lat=345, servt=10, pid=0, did=71)
Node 6: Job(id=14, point=Point(x=15, y=10, z=0), dem=20, earl=32, lat=243, servt=10, pid=0, did=99)
Node 7: Job(id=15, point=Point(x=30, y=5, z=0), dem=8, earl=175, lat=300, servt=10, pid=0, did=97)
Node 8: Job(id=16, point=Point(x=10, y=20, z=0), dem=19, earl=272, lat=373, servt=10, pid=0, did=58)
Node 9: Job(id=19, point=Point(x=15, y=60, z=1), dem=17, earl=269, lat=378, servt=10, pid=0, did=62)
Node 10: Job(id=20, point=Point(x=45, y=65, z=1), dem=9, earl=581, lat=666, servt=10, pid=0, did=1)
Node 11: Job(id=21, point=Point(x=45, y=20, z=0), dem=11, earl=214, lat=331, servt=10, pid=0, did=56)
Node 12: Job(id=22, point=Point(x=45, y=10, z=0), dem=18, earl=409, lat=494, servt=10, pid=0, did=55)
Node 13: Job(id=72, point=Point(x=47, y=16, z=0), dem=-7, earl=31, lat=208, servt=10, pid=2, did=0)
Node 14: Job(id=7, point=Point(x=20, y=50, z=1), dem=-26, earl=331, lat=410, servt=10, pid=5, did=0)
Node 15: Job(id=18, point=Point(x=20, y=40, z=1), dem=-9, earl=377, lat=434, servt=10, pid=8, did=0)
Node 16: Job(id=70, point=Point(x=37, y=56, z=1), dem=-16, earl=788, lat=968, servt=10, pid=10, did=0)
Node 17: Job(id=71, point=Point(x=57, y=68, z=1), dem=-19, earl=268, lat=367, servt=10, pid=12, did=0)
Node 18: Job(id=99, point=Point(x=20, y=26, z=0), dem=-20, earl=333, lat=432, servt=10, pid=14, did=0)
Node 19: Job(id=97, point=Point(x=25, y=21, z=0), dem=-8, earl=612, lat=673, servt=10, pid=15, did=0)
Node 20: Job(id=58, point=Point(x=36, y=26, z=0), dem=-19, earl=849, lat=980, servt=10, pid=16, did=0)
Node 21: Job(id=62, point=Point(x=24, y=58, z=1), dem=-17, earl=163, lat=302, servt=10, pid=19, did=0)
Node 22: Job(id=1, point=Point(x=41, y=49, z=1), dem=-9, earl=707, lat=848, servt=10, pid=20, did=0)
Node 23: Job(id=56, point=Point(x=53, y=12, z=0), dem=-11, earl=585, lat=692, servt=10, pid=21, did=0)
Node 24: Job(id=55, point=Point(x=63, y=23, z=0), dem=-18, earl=620, lat=739, servt=10, pid=22, did=0)
Node 25: Job(id=0, point=Point(x=35, y=35, z=0), dem=0, earl=0, lat=1000, servt=0, pid=0, did=0)

### Preprocessing - arc removals
	-> arcs: 676 (100.0%)
	-> arc_removals: 458 (67.75%)
	-> arc_removals_is_loop: 26 (3.85%)
	-> arc_removals_is_delivery_to_pickup: 14 (2.07%)
	-> arc_removals_is_depot_begin_to_delivery: 12 (1.78%)
	-> arc_removals_is_pickup_to_depot_end: 12 (1.78%)
	-> arc_removals_is_dest_depot_begin: 24 (3.55%)
	-> arc_removals_is_orig_depot_end: 23 (3.4%)
	-> arc_removals_is_capacity_violated: 0 (0.0%)
	-> arc_removals_is_time_window_limited: 247 (36.54%)
	-> arc_removals_is_time_window_pairing_limited: 75 (11.09%)
	-> arc_removals_is_indirect_request_service_impossible: 25 (3.7%)
	-> gamma_vars: 28227 (100.0%)
	-> feas_gamma_vars: 21515 (76.22%)
	-> infeas_gamma_vars_is_next_mtrv_unreachable: 6421 (22.75%)
	-> infeas_gamma_vars_is_iprime_jprime_eq_i_j: 291 (1.03%)

[20/09/2025 13:10:40] Running melo_formulation

[20/09/2025 13:10:40] Creating Melo MIP model...
Set parameter OutputFlag to value 1
Set parameter Threads to value 8
Set parameter Heuristics to value 0.05
Set parameter TimeLimit to value 3600
Set parameter Presolve to value -1
Set parameter Cuts to value 1
Set parameter LogFile to value "/dados/rmelo/PDPTW-SE/benchmark_multi_island_v5/official_experiments/mip_gurobi/set_02_pt_02/logs/form_melo/gurobi/12R_12V_02I_03M/lr201_grb_genconfig_melo.log"
Set parameter Seed to value 0

### Model variables summary ###
	-> Total number of variables: 25085
		- x: 2616
		- z: 312
		- t: 36
		- tstart: 12
		- tfinal: 12
		- phi: 291
		- alpha: 291
		- gamma: 21515
	-> Number of binary variables: 24422


[20/09/2025 13:10:40] Adding routing constraints
[20/09/2025 13:10:40] Adding scheduling constraints
[20/09/2025 13:10:41] Adding valid inequalities
[20/09/2025 13:10:41] Adding objective function
Gurobi Optimizer version 12.0.2 build v12.0.2rc0 (linux64 - "Ubuntu 22.04.5 LTS")

CPU model: Intel(R) Core(TM) i7-10700 CPU @ 2.90GHz, instruction set [SSE2|AVX|AVX2]
Thread count: 8 physical cores, 16 logical processors, using up to 8 threads

Non-default parameters:
TimeLimit  3600
Cuts  1
Threads  8

Academic license 2661775 - for non-commercial use only - registered to me___@dcc.ufba.br
Optimize a model with 94729 rows, 25085 columns and 268789 nonzeros
Model fingerprint: 0xb873c660
Variable types: 663 continuous, 24422 integer (24422 binary)
Coefficient statistics:
  Matrix range     [1e+00, 1e+03]
  Objective range  [1e+00, 1e+00]
  Bounds range     [1e+00, 1e+03]
  RHS range        [1e+00, 2e+03]
Presolve removed 12195 rows and 2714 columns
Presolve time: 0.83s
Presolved: 82534 rows, 22371 columns, 233125 nonzeros
Variable types: 619 continuous, 21752 integer (21752 binary)

Deterministic concurrent LP optimizer: primal and dual simplex (primal and dual model)
Showing primal log only...

Root relaxation presolved: 82534 rows, 22371 columns, 233125 nonzeros

Concurrent spin time: 0.00s

Solved with dual simplex

Root relaxation: objective 0.000000e+00, 1299 iterations, 0.28 seconds (0.25 work units)

    Nodes    |    Current Node    |     Objective Bounds      |     Work
 Expl Unexpl |  Obj  Depth IntInf | Incumbent    BestBd   Gap | It/Node Time

     0     0    0.00000    0   67          -    0.00000      -     -    2s
     0     0    0.00000    0  283          -    0.00000      -     -    4s
     0     0    0.00000    0  223          -    0.00000      -     -    4s
     0     0    0.00000    0  189          -    0.00000      -     -    5s
H    0     0                    12000.000000    0.00000   100%     -    5s
     0     0    0.00000    0   87 12000.0000    0.00000   100%     -    8s
H    0     0                    1981.0200000    0.00000   100%     -    8s
H    0     0                    1935.1600000    0.00000   100%     -    8s
H    0     0                    1933.8400000    0.00000   100%     -    8s
H    0     0                    1818.9800000    0.00000   100%     -    8s
H    0     0                    1818.5100000    0.00000   100%     -    8s
     0     0    0.00000    0  283 1818.51000    0.00000   100%     -   10s
     0     0    0.00000    0  244 1818.51000    0.00000   100%     -   10s
     0     0    0.00000    0  120 1818.51000    0.00000   100%     -   13s
H    0     0                    1751.9100000    0.00000   100%     -   13s
H    0     0                    1737.2200000    0.00000   100%     -   14s
H    0     0                    1736.7300000    0.00000   100%     -   14s
     0     0    0.00000    0  140 1736.73000    0.00000   100%     -   14s
     0     0    0.00000    0   62 1736.73000    0.00000   100%     -   16s
H    0     0                    1718.3800000    0.00000   100%     -   18s
H    0     0                    1714.6800000    0.00000   100%     -   18s
     0     0    0.00000    0  255 1714.68000    0.00000   100%     -   19s
     0     0    0.00000    0   74 1714.68000    0.00000   100%     -   22s
H    0     0                    1714.3300000    0.00000   100%     -   22s
H    0     0                    1693.8900000    0.00000   100%     -   22s
     0     0    0.00000    0  187 1693.89000    0.00000   100%     -   22s
     0     0    0.00000    0   77 1693.89000    0.00000   100%     -   26s
     0     0    0.00000    0   58 1693.89000    0.00000   100%     -   27s
     0     2    0.00000    0   58 1693.89000    0.00000   100%     -   32s
    15    24    0.00000    4  161 1693.89000    0.00000   100%  1908   35s
H   52    57                    1693.4700000    0.00000   100%  1102   36s
    95    87  188.76000   11  140 1693.47000    0.00000   100%   999   40s
H  143   126                    1693.4200000    0.00000   100%   889   43s
H  147   126                    1675.6900000    0.00000   100%   872   43s
H  205   180                    1675.1500000    0.00000   100%   711   44s
   210   199  277.37065   21  120 1675.15000    0.00000   100%   708   45s
H  256   233                    1644.9100000    0.00000   100%   661   46s
H  305   284                    1622.4800000    0.00000   100%   612   47s
H  321   284                    1612.2800000    0.00000   100%   597   47s
H  350   315                    1611.7800000    0.00000   100%   560   48s
H  357   315                    1611.7400000    0.00000   100%   560   48s
H  371   328                    1609.2800000    0.00000   100%   552   50s
H  378   328                    1561.2200000    0.00000   100%   549   50s
H  491   435                    1558.7600000    0.00000   100%   462   52s
   604   527  942.73000   61   86 1558.76000    0.00000   100%   427   55s
   921   736  463.23000   21   89 1558.76000    0.00000   100%   382   61s
  1089   877  474.09929   43   94 1558.76000    0.00000   100%   405   65s
H 1272   987                    1558.7597798    0.00000   100%   395   68s
  1331  1043   95.44075   19  155 1558.75978    0.00000   100%   396   70s
  1538  1153  719.36525   26  110 1558.75978    0.00000   100%   400   75s
  1701  1262  171.97975   29  167 1558.75978    0.00000   100%   394   80s
  1772  1306  661.29000   12   58 1558.75978    0.00000   100%   399  107s
H 1773  1241                    1558.7597363    0.00000   100%   399  110s
H 1773  1179                    1558.7597323    0.00000   100%   399  115s
  1776  1181  839.62000   55  202 1558.75973    0.00000   100%   398  121s
  1777  1181  166.38000    8   95 1558.75973    0.00000   100%   398  125s
  1778  1182  598.47000   12  162 1558.75973    0.00000   100%   398  134s
  1779  1183 1106.14000   51   98 1558.75973    0.00000   100%   397  139s
  1780  1183 1268.67000   48  207 1558.75973    0.00000   100%   397  141s
  1781  1184  461.82822   37   95 1558.75973    0.00000   100%   397  146s
  1782  1185  874.79590   85  154 1558.75973    0.00000   100%   397  157s
  1783  1185   31.62972   25   89 1558.75973    0.00000   100%   397  161s
  1785  1187  168.86720   63  103 1558.75973    0.00000   100%   396  167s
  1787  1188  463.23000   34   95 1558.75973    0.00000   100%   396  173s
  1788  1189  363.70507   11  156 1558.75973    0.00000   100%   395  184s
H 1788  1129                    1489.4700000    0.00000   100%   395  188s
H 1788  1073                    1478.7600000    0.00000   100%   395  188s
  1789  1073 1105.71000   61  115 1478.76000    0.00000   100%   395  191s
H 1789  1019                    1470.3900000    0.00000   100%   395  191s
H 1790   968                    1466.6900000    0.00000   100%   395  194s
H 1790   920                    1450.8600000    0.00000   100%   395  194s
  1792   921  457.97384   15  141 1450.86000    0.00000   100%   395  206s
  1793   922  307.05000   19   98 1450.86000    0.00000   100%   394  210s
H 1794   876                    1450.4700000    0.00000   100%   394  219s
H 1794   832                    1450.4100000    0.00000   100%   394  219s
  1795   832  180.01973   31   98 1450.41000    0.00000   100%   394  220s
  1802   846    0.00000   13  249 1450.41000    0.00000   100%   471  225s
  1818   867    0.00000   15  151 1450.41000    0.00000   100%   480  230s
  1860   886  249.38139   18  182 1450.41000    0.00000   100%   485  235s
  1882   895  275.76000   19  146 1450.41000    0.00000   100%   490  247s
  1901   902  314.61262   20  142 1450.41000    0.00000   100%   496  251s
  1938   925  289.36781   21  125 1450.41000    0.00000   100%   501  255s
H 1961   880                    1432.4900000    0.00000   100%   502  257s
  1985   901  275.76000   23  100 1432.49000    0.00000   100%   505  260s
H 2007   861                    1398.0700000    0.00000   100%   506  261s
  2033   883  275.76000   25   96 1398.07000    0.00000   100%   513  265s
H 2060   848                    1389.5800000    0.00000   100%   517  266s
  2093   874  307.87806   29  116 1389.58000    0.00000   100%   524  270s
  2153   897  275.76000   32  114 1389.58000    0.00000   100%   530  275s
  2228   917  318.46564   35   86 1389.58000    0.00000   100%   537  281s
  2289   931  275.76000   37  104 1389.58000    0.00000   100%   540  285s
  2372   922  616.38249   40  170 1389.58000    0.00000   100%   548  292s
  2426   950 1015.30067   41  125 1389.58000    0.00000   100%   550  297s
  2460   946  815.95249   42  124 1389.58000    0.00000   100%   552  302s
  2468   950  616.38249   43  116 1389.58000    0.00000   100%   554  305s
  2484   952  616.38249   44  113 1389.58000    0.00000   100%   559  312s
  2494   954 1238.11812   44   99 1389.58000    0.00000   100%   560  315s
  2516   959  731.08189   45  131 1389.58000    0.00000   100%   562  322s
H 2529   919                    1388.8400000    0.00000   100%   561  322s
H 2530   884                    1386.3200000    0.00000   100%   561  322s
  2532   909  616.38249   46  109 1386.32000    0.00000   100%   562  325s
  2609   952  670.64109   49  115 1386.32000    0.00000   100%   573  332s
  2662   970  705.72190   53  121 1386.32000    0.00000   100%   572  337s
  2718   982  734.57382   56  103 1386.32000    0.00000   100%   573  341s
  2765  1005 1045.88566   59  110 1386.32000    0.00000   100%   574  346s
  2828  1013  910.90468   64  157 1386.32000    0.00000   100%   575  350s
  2892  1025     cutoff   75      1386.32000    0.00000   100%   573  355s
  2987  1036  822.86500   50  114 1386.32000    0.00000   100%   574  363s
  3044  1067  193.39000   24  120 1386.32000    0.00000   100%   568  368s
  3139  1093  298.94953   31  134 1386.32000    0.00000   100%   561  374s
  3247  1117  298.94953   40  106 1386.32000    0.00000   100%   554  379s
  3353  1156  675.25125   50  108 1386.32000    0.00000   100%   547  385s
  3484  1193  318.85403   31  151 1386.32000    0.00000   100%   540  390s
  3590  1230 1087.77000   35   87 1386.32000    0.00000   100%   535  396s
  3704  1288 1344.37218   46   81 1386.32000    0.00000   100%   528  402s
  3859  1374  287.70767   28  174 1386.32000    0.00000   100%   517  409s
  4031  1477  260.29379   32  176 1386.32000    0.00000   100%   507  414s
  4167  1582  268.22986   42  150 1386.32000    0.00000   100%   511  421s
  4305  1660  268.22986   63  149 1386.32000    0.00000   100%   512  427s
  4440  1800  268.22986   66  156 1386.32000    0.00000   100%   508  435s
  4671  1977  535.60986   81  126 1386.32000    0.00000   100%   497  442s
  4925  2170  363.63828   97  133 1386.32000    0.00000   100%   485  450s
  5219  2357  495.31066   44   72 1386.32000    0.00000   100%   471  458s
  5536  2498  704.86689   32  192 1386.32000    0.00000   100%   457  465s
  5737  2658     cutoff   56      1386.32000    0.00000   100%   452  474s
  6010  2835  815.62683   43   99 1386.32000    0.00000   100%   448  483s
  6345  3056  140.14994   49  128 1386.32000    0.00000   100%   436  492s
  6678  3251  791.38120   82   70 1386.32000    0.00000   100%   427  501s
  6997  3474  596.13959   60  154 1386.32000    0.00000   100%   423  510s
  7290  3748  550.16591   70  155 1386.32000    0.00000   100%   419  519s
  7628  4005  378.36458   53  150 1386.32000    0.00000   100%   415  529s
  7987  4330 1184.98881   64   58 1386.32000   44.77455  96.8%   410  540s
  8430  4662  639.13000   28  153 1386.32000   44.77455  96.8%   400  551s
  8930  4946  796.05905   49   98 1386.32000   44.77455  96.8%   395  563s
  9334  5276 1330.06216   75   66 1386.32000   61.42268  95.6%   391  575s
  9973  5558  672.73018   81  124 1386.32000   61.42268  95.6%   381  588s
 10391  5951  691.89698   67  117 1386.32000   61.42268  95.6%   376  601s
 11087  6281     cutoff  109      1386.32000   61.42268  95.6%   367  613s
 11563  6793  762.06000   90   90 1386.32000   61.42268  95.6%   364  626s
 12237  7130 1353.29810   52   80 1386.32000   72.31936  94.8%   360  641s
 12827  7515  656.19000   32   96 1386.32000   72.51000  94.8%   357  654s
 13424  8116  731.00377   69  148 1386.32000   72.51000  94.8%   354  669s
 14464  8704  590.57435   52  127 1386.32000   72.51000  94.8%   345  707s
 15255  9381  824.35810   69   92 1386.32000   72.51000  94.8%   340  720s
 16163  9481 1208.05297  135   39 1386.32000   72.51000  94.8%   334  727s
H16244  9390                    1375.3400000   72.51000  94.7%   334  727s
H16271  9390                    1375.3100000   72.51000  94.7%   333  727s
 16280  9711 1216.04801  159   92 1375.31000   72.51000  94.7%   334  740s
 16836 10046 1031.50748   48  120 1375.31000   83.70328  93.9%   332  753s
 17540 10609 1036.68658   56  120 1375.31000   84.96667  93.8%   328  765s
 18317 10982 infeasible   65      1375.31000   92.75000  93.3%   326  777s
 18890 11584 1275.62437   88   78 1375.31000   92.75000  93.3%   324  791s
 19776 12077  850.81229   51  161 1375.31000   95.85000  93.0%   320  804s
 20502 12246  820.39000   50  140 1375.31000  111.35288  91.9%   316  819s
 20873 12756  550.23196   44  116 1375.31000  116.32329  91.5%   313  834s
 21539 13356  712.49305   44  116 1375.31000  138.51413  89.9%   311  849s
 22331 13509     cutoff  105      1375.31000  138.51413  89.9%   310  862s
 22546 13610  599.49175   36  137 1375.31000  138.51413  89.9%   310  874s
 22747 13736  599.49175   37  134 1375.31000  138.51413  89.9%   310  887s
 22973 13887  599.49175   38  132 1375.31000  138.51413  89.9%   309  900s
 23205 14018  599.49175   39  127 1375.31000  138.51413  89.9%   308  913s
 23385 14163  599.49175   40  136 1375.31000  140.01182  89.8%   309  928s
 23671 14620  599.49175   41  127 1375.31000  140.01182  89.8%   307  947s
 24388 15160 1066.76592   35  106 1375.31000  149.51000  89.1%   307  966s
 25363 15526  994.18064   68   73 1375.31000  162.19559  88.2%   306  985s
 25971 16160  811.92733   79   88 1375.31000  168.51094  87.7%   304 1005s
 26792 16729     cutoff   96      1375.31000  172.11000  87.5%   304 1025s
 27646 17492  709.23000   34   94 1375.31000  175.33000  87.3%   302 1044s
 28700 18336  299.46563   49  163 1375.31000  177.62356  87.1%   300 1063s
 29879 19403  848.33325   79  144 1375.31000  179.93463  86.9%   296 1119s
 31339 20083 1063.67491   80   95 1375.31000  179.93463  86.9%   294 1133s
 32374 20502  441.98257   44  184 1375.31000  185.02000  86.5%   291 1145s
 32941 21065  451.00561   50  114 1375.31000  185.02000  86.5%   290 1158s
 33759 21502 1370.31903   68   99 1375.31000  188.76000  86.3%   290 1171s
 34340 22013  672.13500   44  139 1375.31000  188.76000  86.3%   289 1185s
 35078 22388 1162.45000   42   74 1375.31000  188.76000  86.3%   291 1199s
 35662 23104 1234.96000   74   84 1375.31000  188.76000  86.3%   292 1214s
 36649 23520  712.97000   59  124 1375.31000  188.76000  86.3%   291 1227s
 37184 24133 1121.11000   44   97 1375.31000  188.76000  86.3%   292 1242s
 38199 24566  787.23000   64  117 1375.31000  188.76000  86.3%   291 1256s
 38924 25389  355.14000   81  151 1375.31000  188.76000  86.3%   290 1270s
 39973 25885  750.60057   55  125 1375.31000  188.76000  86.3%   290 1284s
 40632 26515     cutoff  112      1375.31000  188.76000  86.3%   290 1299s
 41716 26841  418.48596   53  144 1375.31000  193.39000  85.9%   289 1313s
 42307 27534 1298.79000   82  107 1375.31000  193.39000  85.9%   290 1327s
 43240 27978     cutoff   76      1375.31000  193.39000  85.9%   289 1340s
 43869 28682  999.54000   44  123 1375.31000  199.57000  85.5%   289 1354s
 44931 29476 1302.99358   73  126 1375.31000  202.09490  85.3%   288 1407s
 46025 30356  774.59047   70  167 1375.31000  204.72000  85.1%   287 1422s
 47190 31263  759.67083   86  154 1375.31000  204.72000  85.1%   286 1435s
 48385 31758  977.95428  108  116 1375.31000  204.72000  85.1%   284 1446s
 49143 32400 1010.32000   69   80 1375.31000  204.72000  85.1%   282 1458s
 50072 32947  269.55501   48  150 1375.31000  207.48205  84.9%   282 1469s
 50872 33180 1038.37000  103   81 1375.31000  207.95949  84.9%   282 1480s
 51166 33695 1038.37000  137   97 1375.31000  207.95949  84.9%   282 1492s
 51917 34081  932.89219   36   85 1375.31000  208.33954  84.9%   282 1503s
 52409 34474  770.51000   48   82 1375.31000  218.46318  84.1%   282 1516s
 53044 34826 1172.85254   55  100 1375.31000  219.92219  84.0%   281 1529s
 53550 35225  485.50291   38  152 1375.31000  219.92219  84.0%   283 1542s
 54200 35676 1300.96000   82   69 1375.31000  219.92219  84.0%   283 1555s
 54845 36208  417.54527   33  178 1375.31000  225.92731  83.6%   283 1568s
 55623 36487  865.42702   88  137 1375.31000  228.99770  83.3%   283 1582s
 56096 36938  839.35906   46  157 1375.31000  230.58093  83.2%   282 1596s
 56769 37755  699.77090   52  129 1375.31000  232.99779  83.1%   282 1609s
 57936 38104  892.91917   75   93 1375.31000  234.52413  82.9%   281 1624s
 58504 38666  234.52413   46  142 1375.31000  234.52413  82.9%   281 1637s
 59281 39165  868.87008   71  117 1375.31000  234.52413  82.9%   281 1651s
 59976 40260     cutoff  105      1375.31000  234.52413  82.9%   280 1703s
 61503 40633  490.12333   72  144 1375.31000  235.65387  82.9%   278 1713s
 62015 41257  774.58455   52  147 1375.31000  235.65387  82.9%   278 1725s
 62876 41589 1003.34000  121  101 1375.31000  235.65387  82.9%   277 1737s
 63449 42289  971.25878   91   92 1375.31000  237.74000  82.7%   277 1749s
 64398 42702 1034.67066  102  117 1375.31000  237.74000  82.7%   276 1761s
 65107 43320 1236.04000   33   78 1375.31000  244.18692  82.2%   275 1773s
 66031 43757  521.33843   38  142 1375.31000  244.84374  82.2%   274 1784s
 66628 44591  803.74000   77   85 1375.31000  245.65000  82.1%   274 1796s
 67778 45044 1071.39396   64   87 1375.31000  245.65000  82.1%   272 1809s
 68673 45687  795.73832   58  160 1375.31000  245.65000  82.1%   271 1820s
 69482 46401  902.73000  101   88 1375.31000  245.78283  82.1%   270 1831s
 70502 46882 1044.99000  109   60 1375.31000  246.12000  82.1%   270 1842s
 71157 47497 1140.77000   91   75 1375.31000  246.12000  82.1%   269 1854s
 72279 47927  909.97492   99  114 1375.31000  246.12000  82.1%   268 1865s
 72880 48403 1186.52709   50  103 1375.31000  246.12000  82.1%   267 1875s
 73675 48720  844.89936   65  150 1375.31000  248.09000  82.0%   267 1887s
 74319 49245 1269.29057   55   73 1375.31000  248.09000  82.0%   267 1899s
 75194 49797 1239.71468   69   86 1375.31000  248.09000  82.0%   268 1948s
 75994 50751 1035.55304   64  143 1375.31000  248.09000  82.0%   268 1967s
 77485 51112 1319.88450   84   83 1375.31000  253.53037  81.6%   267 1979s
 78021 51824 1373.42000   72   81 1375.31000  253.85000  81.5%   267 1992s
 79015 52297  785.48000   73   66 1375.31000  253.85000  81.5%   267 2004s
 79629 53101 1113.41098  124   99 1375.31000  253.85000  81.5%   267 2017s
 80736 53460 1057.39920   91  105 1375.31000  253.85000  81.5%   266 2030s
 81508 53855  256.84468   41  141 1375.31000  253.85000  81.5%   266 2042s
 82079 54416  914.56361   54  103 1375.31000  253.85000  81.5%   266 2055s
 83099 54846  661.65581   52  138 1375.31000  253.85000  81.5%   266 2067s
 83684 55536 1024.40433   82  152 1375.31000  257.42488  81.3%   266 2080s
 84759 56220 1271.84475   43  111 1375.31000  259.82984  81.1%   265 2092s
 85678 56673  890.98000   58   91 1375.31000  261.27000  81.0%   265 2105s
H85961 56612                    1374.3500000  261.27000  81.0%   265 2105s
*85978 56595             110    1373.9000000  261.27000  81.0%   265 2105s
H86288 54470                    1340.2300000  261.27000  80.5%   266 2116s
 86736 54899  785.48000   79   74 1340.23000  261.27000  80.5%   266 2128s
 87344 55687 1296.29000  111   55 1340.23000  261.27000  80.5%   266 2141s
 88379 56142 1102.20000  107   65 1340.23000  261.27000  80.5%   266 2153s
 89017 56695  890.98000  111   81 1340.23000  261.27000  80.5%   265 2164s
 89756 57312  354.49580   71  122 1340.23000  261.27000  80.5%   265 2212s
 90517 58236  569.79926   35  154 1340.23000  261.66810  80.5%   265 2229s
 91810 58687  797.80124   70   68 1340.23000  264.55649  80.3%   265 2243s
 92529 59135  828.75145   32  147 1340.23000  265.54154  80.2%   265 2258s
 93245 59671  790.05559   29  144 1340.23000  266.77000  80.1%   265 2272s
 94013 60464 1082.25000   42   86 1340.23000  266.77000  80.1%   265 2286s
 95175 60835     cutoff   87      1340.23000  267.38000  80.0%   265 2299s
 95814 61002     cutoff   50      1340.23000  267.38000  80.0%   265 2313s
 96184 61402  791.59000   26  121 1340.23000  267.38000  80.0%   265 2327s
 96774 62324  267.38000   42  131 1340.23000  267.38000  80.0%   265 2341s
 98004 62721  613.19661   56  128 1340.23000  267.38000  80.0%   265 2355s
 98605 63441  933.26694   60  110 1340.23000  267.38000  80.0%   265 2370s
 99769 63896 1229.11000  112  104 1340.23000  269.17000  79.9%   265 2383s
 100529 64759  801.98000   45   81 1340.23000  270.03395  79.9%   264 2397s
 101805 65189  953.50690  110   88 1340.23000  272.45994  79.7%   263 2409s
 102387 65613  717.87313   61  124 1340.23000  273.29037  79.6%   263 2423s
 102974 66088 1138.92000   79   94 1340.23000  274.75384  79.5%   263 2436s
 103619 66744  854.67393   68  100 1340.23000  274.75384  79.5%   263 2450s
 104697 67258     cutoff   67      1340.23000  275.76000  79.4%   263 2498s
 105399 68407 1197.66326   84   83 1340.23000  275.76000  79.4%   263 2518s
 107232 68786  641.31239   72  121 1340.23000  275.76000  79.4%   262 2529s
 107832 69223 1047.78316   97  119 1340.23000  275.76000  79.4%   262 2541s
 108795 69599 1218.32418   84   95 1340.23000  275.76000  79.4%   261 2551s
 109423 70028  879.11203   79   80 1340.23000  275.76000  79.4%   261 2563s
 110055 70677  936.46702   67  119 1340.23000  275.76000  79.4%   261 2575s
 111083 71018  512.61667   41  125 1340.23000  275.76000  79.4%   260 2586s
 111642 71626  907.12000   38   83 1340.23000  277.23000  79.3%   260 2598s
 112516 71996 1234.72173   66  114 1340.23000  277.41000  79.3%   260 2610s
 113077 72635  946.28376   89  107 1340.23000  277.77000  79.3%   260 2622s
 113975 73177  536.38779   56  171 1340.23000  278.93712  79.2%   259 2634s
 114661 73808 1135.48279   90   76 1340.23000  278.93712  79.2%   259 2646s
 115701 74449  295.72229   42  159 1340.23000  282.33759  78.9%   258 2659s
 116920 74792 1293.80182   76  107 1340.23000  285.36585  78.7%   257 2670s
 117665 75526 1228.12000   88   97 1340.23000  286.87213  78.6%   257 2682s
 118807 75929  891.87000   97   84 1340.23000  291.15759  78.3%   256 2693s
 119372 76828  873.07000   39   92 1340.23000  291.88413  78.2%   256 2740s
 120575 77167  997.72936   62   78 1340.23000  295.07089  78.0%   256 2752s
 121017 77666  978.15196   51   99 1340.23000  295.07089  78.0%   256 2765s
 121761 78539 1295.04229   77   96 1340.23000  295.72229  77.9%   256 2778s
 122964 78886     cutoff  104      1340.23000  295.72229  77.9%   256 2790s
 123608 79583  819.93229   49  130 1340.23000  295.72229  77.9%   256 2802s
 124608 79882 1281.33563  136  126 1340.23000  295.72229  77.9%   256 2812s
 124999 80543  484.94000   41  142 1340.23000  295.72229  77.9%   256 2824s
 125927 81030  475.31979   52  139 1340.23000  296.18000  77.9%   256 2835s
 126597 81692 1027.21516   47  128 1340.23000  296.89958  77.8%   256 2847s
 127548 82113  692.47010   58  121 1340.23000  296.89958  77.8%   255 2858s
 128149 82726 1285.65000   68  101 1340.23000  297.87010  77.8%   255 2870s
 129032 83177 1047.57810   53   93 1340.23000  297.87010  77.8%   256 2882s
 129676 83900 1117.69000   95   74 1340.23000  298.25810  77.7%   255 2894s
 130842 84201 1028.17000   38  111 1340.23000  298.94953  77.7%   255 2907s
 131534 84701  697.26869   56  139 1340.23000  299.85288  77.6%   255 2919s
 132597 85195 1299.00000   97   59 1340.23000  305.69500  77.2%   255 2930s
 133258 85755  989.98433   38  109 1340.23000  305.69500  77.2%   255 2942s
 134101 86482 1061.13387   65   94 1340.23000  306.96369  77.1%   255 2988s
 135162 86968  937.87387   68  101 1340.23000  307.51463  77.1%   255 3000s
 135845 87647  955.84560   66   92 1340.23000  307.51463  77.1%   255 3013s
 136899 88134 1092.88580   45  120 1340.23000  310.52101  76.8%   255 3025s
 137635 88746 1337.77000   92   93 1340.23000  310.52101  76.8%   255 3036s
 138505 88972 infeasible   69      1340.23000  310.52101  76.8%   255 3047s
 138897 89477 1233.90000   69   90 1340.23000  310.52101  76.8%   255 3059s
 139575 90258  909.04845   46  119 1340.23000  311.68229  76.7%   254 3072s
 140660 90907 1015.36751   72   64 1340.23000  312.53413  76.7%   254 3084s
 141567 91309 1101.09213   42   98 1340.23000  313.36645  76.6%   254 3096s
 142390 91983  898.84393   71   91 1340.23000  313.36645  76.6%   254 3108s
 143543 92336     cutoff   71      1340.23000  315.69915  76.4%   254 3119s
 144150 93127 1169.25000  100   54 1340.23000  315.69915  76.4%   254 3132s
 145331 93426 1320.09000   84   97 1340.23000  318.63000  76.2%   253 3143s
 145983 93785 1040.03000   87   83 1340.23000  318.63000  76.2%   253 3154s
 146622 94218  863.49000   70  118 1340.23000  318.63053  76.2%   253 3166s
 147481 94613 infeasible   72      1340.23000  319.19970  76.2%   253 3177s
 148112 95294     cutoff  102      1340.23000  319.19970  76.2%   253 3189s
 149208 95829 1052.08873   44   93 1340.23000  321.52413  76.0%   253 3235s
 150146 96450     cutoff   40      1340.23000  322.73595  75.9%   253 3248s
 151100 96927 infeasible   70      1340.23000  325.61063  75.7%   253 3260s
 151684 97774  998.08000  107   88 1340.23000  325.61063  75.7%   253 3274s
 152967 98119 1136.77483   61   77 1340.23000  327.27413  75.6%   252 3284s
 153478 98556  975.80915   65   85 1340.23000  327.27413  75.6%   252 3297s
 154235 98961  975.80915   71   92 1340.23000  328.33915  75.5%   252 3309s
 154843 99768  919.58000   97   67 1340.23000  328.33915  75.5%   252 3322s
 156136 100263 1218.93193   53  129 1340.23000  329.17420  75.4%   251 3333s
 156884 100720  783.34000   48  199 1340.23000  331.47055  75.3%   251 3345s
 157692 100951  841.71044   37   85 1340.23000  331.47055  75.3%   252 3357s
 158133 101424 1011.56000   49  100 1340.23000  331.78936  75.2%   252 3369s
 158846 102207 1217.70000  119   64 1340.23000  333.49195  75.1%   251 3381s
 160067 102432     cutoff   66      1340.23000  333.49195  75.1%   251 3393s
 160491 102855 1224.08000   74   77 1340.23000  333.49195  75.1%   251 3405s
 161128 103610  977.98000   93   78 1340.23000  334.53000  75.0%   251 3417s
 162342 104229  985.74000   69   57 1340.23000  338.13720  74.8%   250 3428s
 163183 104527 1157.98000   53  102 1340.23000  338.27000  74.8%   250 3439s
 163591 105102 1074.37000   30  100 1340.23000  338.27000  74.8%   250 3451s
 164379 105548  967.98000   57  149 1340.23000  338.27000  74.8%   250 3497s
 165051 106436 1051.01373   70   84 1340.23000  338.27000  74.8%   250 3515s
 166472 106848 1147.95685   53  102 1340.23000  339.89000  74.6%   250 3527s
 167059 107605 1213.36534   89  105 1340.23000  341.66976  74.5%   250 3541s
 168397 107935  903.75687   55   95 1340.23000  341.79537  74.5%   249 3552s
 168887 108571 1194.52617   56  130 1340.23000  341.79537  74.5%   249 3565s
 169983 108981 1257.78682   72   61 1340.23000  343.23413  74.4%   249 3575s
 170562 109591  344.39979   80  173 1340.23000  344.39979  74.3%   249 3588s
 171706 109919 1258.17000   77   41 1340.23000  344.39979  74.3%   248 3599s
 172325 109949 1329.74000   80   73 1340.23000  344.39979  74.3%   248 3600s

Cutting planes:
  Learned: 175
  Gomory: 4
  Cover: 36
  Implied bound: 221
  Clique: 33
  MIR: 328
  Flow cover: 580
  GUB cover: 18
  Inf proof: 2
  Zero half: 13
  RLT: 468
  Relax-and-lift: 339
  BQP: 149
  PSD: 47

Explored 172385 nodes (42841433 simplex iterations) in 3600.02 seconds (5133.38 work units)
Thread count was 8 (of 16 available processors)

Solution count 10: 1340.23 1373.9 1374.35 ... 1432.49

Time limit reached
Best objective 1.340230000000e+03, best bound 3.443997923502e+02, gap 74.3029%
Time limit reached, but a feasible solution is available
  objective value = 1340.23
  status = 9, nodes = 172385.0, time = 3600.03s, gap = 74.30%, bound = 344.40

[14:10:41.847900] Saving solution to file: /dados/rmelo/PDPTW-SE/benchmark_multi_island_v5/official_experiments/mip_gurobi/set_02_pt_02/logs/form_melo/solutions/12R_12V_02I_03M/lr201_sol_genconfig_melo.txt

[14:10:41] Saving solution timeline to file: /dados/rmelo/PDPTW-SE/benchmark_multi_island_v5/official_experiments/mip_gurobi/set_02_pt_02/logs/form_melo/timelines/12R_12V_02I_03M/lr201_timeline_genconfig_melo.txt

[20/09/2025 14:10:41] Writing results to CSV: /dados/rmelo/PDPTW-SE/benchmark_multi_island_v5/official_experiments/mip_gurobi/set_02_pt_02/logs/form_melo/outputs/csvresults_form_melo.csv
---------------------| VEHICLES |---------------------

Vehicle 3 :
	id: 0
			node: 0
			(x, y, z): (35, 35, 0)
			dem: 0
			earl: 0
			lat: 1000
			servt: 0
			pid: 0
			did: 0
			servST: 167.96
			(h, h_ind): (-1, -1)
			load: 0.0
			
	Finished service at time: 167.96
	
	Task 0 -> Task 2: 18.0
	Vehicle arrival at task: 185.96
	Waiting time until service start time: 0.0
	
	id: 2
			node: 1
			(x, y, z): (35, 17, 0)
			dem: 7
			earl: 143
			lat: 282
			servt: 10
			pid: 0
			did: 72
			servST: 185.96
			(h, h_ind): (-1, -1)
			load: 7.0
			
	Finished service at time: 195.96
	
	Task 2 -> Task 72: 12.04
	Vehicle arrival at task: 208.0
	Waiting time until service start time: 0.0
	
	id: 72
			node: 13
			(x, y, z): (47, 16, 0)
			dem: -7
			earl: 31
			lat: 208
			servt: 10
			pid: 2
			did: 0
			servST: 208.0
			(h, h_ind): (-1, -1)
			load: 0.0
			
	Finished service at time: 218.0
	
	Task 72 -> Task 21: 4.47
	Vehicle arrival at task: 222.47
	Waiting time until service start time: 0.0
	
	id: 21
			node: 11
			(x, y, z): (45, 20, 0)
			dem: 11
			earl: 214
			lat: 331
			servt: 10
			pid: 0
			did: 56
			servST: 222.47000000000003
			(h, h_ind): (-1, -1)
			load: 11.0
			
	Finished service at time: 232.47000000000003
	
	Task 21 -> Task 12: 15.81
	Vehicle arrival at task: 248.28000000000003
	Waiting time until service start time: 2.36
	
	id: 12
			node: 5
			(x, y, z): (50, 35, 0)
			dem: 19
			earl: 228
			lat: 345
			servt: 10
			pid: 0
			did: 71
			servST: 250.64
			(h, h_ind): (-1, -1)
			load: 30.0
			
	Finished service at time: 260.64
	
	Using Machine: 0
			Task 12 -> Machine 0 (Station 0): 32.25
			Vehicle arrival at machine station: 292.89
			Waiting time until machine travel: -0.0
			Machine travel start time: 292.88999999999993
			Region 0 -> Region 1: 10.0
			Machine arrival at machine station: 302.88999999999993
			
			Machine 0 (Station 1)-> Task 71: 47.43
			Vehicle arrival at task: 350.31999999999994
			Waiting time until service start time: 0.0
			
	id: 71
			node: 17
			(x, y, z): (57, 68, 1)
			dem: -19
			earl: 268
			lat: 367
			servt: 10
			pid: 12
			did: 0
			servST: 350.32
			(h, h_ind): (0, 0)
			load: 11.0
			
	Finished service at time: 360.32
	
	Task 71 -> Task 8: 53.24
	Vehicle arrival at task: 413.56
	Waiting time until service start time: 0.0
	
	id: 8
			node: 3
			(x, y, z): (10, 43, 1)
			dem: 9
			earl: 404
			lat: 481
			servt: 10
			pid: 0
			did: 18
			servST: 413.56
			(h, h_ind): (-1, -1)
			load: 20.0
			
	Finished service at time: 423.56
	
	Task 8 -> Task 18: 10.44
	Vehicle arrival at task: 434.0
	Waiting time until service start time: 0.0
	
	id: 18
			node: 15
			(x, y, z): (20, 40, 1)
			dem: -9
			earl: 377
			lat: 434
			servt: 10
			pid: 8
			did: 0
			servST: 434.0
			(h, h_ind): (-1, -1)
			load: 11.0
			
	Finished service at time: 444.0
	
	Using Machine: 2
			Task 18 -> Machine 2 (Station 1): 4.12
			Vehicle arrival at machine station: 448.12
			Waiting time until machine travel: -0.0
			Machine travel start time: 448.11999999999995
			Region 1 -> Region 0: 10.77
			Machine arrival at machine station: 458.88999999999993
			
			Machine 2 (Station 0)-> Task 22: 32.65
			Vehicle arrival at task: 491.5399999999999
			Waiting time until service start time: 2.46
			
	id: 22
			node: 12
			(x, y, z): (45, 10, 0)
			dem: 18
			earl: 409
			lat: 494
			servt: 10
			pid: 0
			did: 55
			servST: 494.0
			(h, h_ind): (2, 2)
			load: 29.0
			
	Finished service at time: 504.0
	
	Task 22 -> Task 56: 8.25
	Vehicle arrival at task: 512.25
	Waiting time until service start time: 72.75
	
	id: 56
			node: 23
			(x, y, z): (53, 12, 0)
			dem: -11
			earl: 585
			lat: 692
			servt: 10
			pid: 21
			did: 0
			servST: 585.0
			(h, h_ind): (-1, -1)
			load: 18.0
			
	Finished service at time: 595.0
	
	Task 56 -> Task 55: 14.87
	Vehicle arrival at task: 609.87
	Waiting time until service start time: 10.13
	
	id: 55
			node: 24
			(x, y, z): (63, 23, 0)
			dem: -18
			earl: 620
			lat: 739
			servt: 10
			pid: 22
			did: 0
			servST: 620.0
			(h, h_ind): (-1, -1)
			load: 0.0
			
	Finished service at time: 630.0
	
	Task 55 -> Task 0: 30.46
	Vehicle arrival at task: 660.46
	Waiting time until service start time: 0.0
	
	id: 0
			node: 25
			(x, y, z): (35, 35, 0)
			dem: 0
			earl: 0
			lat: 1000
			servt: 0
			pid: 0
			did: 0
			servST: 660.46
			(h, h_ind): (-1, -1)
			load: 0.0
			

Vehicle 5 :
	id: 0
			node: 0
			(x, y, z): (35, 35, 0)
			dem: 0
			earl: 0
			lat: 1000
			servt: 0
			pid: 0
			did: 0
			servST: 188.3800000000001
			(h, h_ind): (-1, -1)
			load: 0.0
			
	Finished service at time: 188.3800000000001
	
	Task 0 -> Task 5: 20.62
	Vehicle arrival at task: 209.0000000000001
	Waiting time until service start time: -0.0
	
	id: 5
			node: 2
			(x, y, z): (15, 30, 0)
			dem: 26
			earl: 34
			lat: 209
			servt: 10
			pid: 0
			did: 7
			servST: 209.0
			(h, h_ind): (-1, -1)
			load: 26.0
			
	Finished service at time: 219.0
	
	Using Machine: 1
			Task 5 -> Machine 1 (Station 0): 4.12
			Vehicle arrival at machine station: 223.12
			Waiting time until machine travel: -0.0
			Machine travel start time: 223.1199999999999
			Region 0 -> Region 1: 10.2
			Machine arrival at machine station: 233.31999999999988
			
			Machine 1 (Station 1)-> Task 19: 19.1
			Vehicle arrival at task: 252.41999999999987
			Waiting time until service start time: 30.36
			
	id: 19
			node: 9
			(x, y, z): (15, 60, 1)
			dem: 17
			earl: 269
			lat: 378
			servt: 10
			pid: 0
			did: 62
			servST: 282.78
			(h, h_ind): (1, 0)
			load: 43.0
			
	Finished service at time: 292.78
	
	Task 19 -> Task 62: 9.22
	Vehicle arrival at task: 302.0
	Waiting time until service start time: 0.0
	
	id: 62
			node: 21
			(x, y, z): (24, 58, 1)
			dem: -17
			earl: 163
			lat: 302
			servt: 10
			pid: 19
			did: 0
			servST: 302.0
			(h, h_ind): (-1, -1)
			load: 26.0
			
	Finished service at time: 312.0
	
	Task 62 -> Task 7: 8.94
	Vehicle arrival at task: 320.94
	Waiting time until service start time: 10.06
	
	id: 7
			node: 14
			(x, y, z): (20, 50, 1)
			dem: -26
			earl: 331
			lat: 410
			servt: 10
			pid: 5
			did: 0
			servST: 331.0
			(h, h_ind): (-1, -1)
			load: 0.0
			
	Finished service at time: 341.0
	
	Using Machine: 2
			Task 7 -> Machine 2 (Station 1): 9.85
			Vehicle arrival at machine station: 350.85
			Waiting time until machine travel: 0.0
			Machine travel start time: 350.85
			Region 1 -> Region 0: 10.77
			Machine arrival at machine station: 361.62
			
			Machine 2 (Station 0)-> Task 0: 15.52
			Vehicle arrival at task: 377.14
			Waiting time until service start time: 0.0
			
	id: 0
			node: 25
			(x, y, z): (35, 35, 0)
			dem: 0
			earl: 0
			lat: 1000
			servt: 0
			pid: 0
			did: 0
			servST: 377.1400000000001
			(h, h_ind): (2, 0)
			load: 0.0
			

Vehicle 8 :
	id: 0
			node: 0
			(x, y, z): (35, 35, 0)
			dem: 0
			earl: 0
			lat: 1000
			servt: 0
			pid: 0
			did: 0
			servST: 210.98000000000002
			(h, h_ind): (-1, -1)
			load: 0.0
			
	Finished service at time: 210.98000000000002
	
	Task 0 -> Task 14: 32.02
	Vehicle arrival at task: 243.00000000000003
	Waiting time until service start time: -0.0
	
	id: 14
			node: 6
			(x, y, z): (15, 10, 0)
			dem: 20
			earl: 32
			lat: 243
			servt: 10
			pid: 0
			did: 99
			servST: 243.0
			(h, h_ind): (-1, -1)
			load: 20.0
			
	Finished service at time: 253.0
	
	Task 14 -> Task 15: 15.81
	Vehicle arrival at task: 268.81
	Waiting time until service start time: -0.0
	
	id: 15
			node: 7
			(x, y, z): (30, 5, 0)
			dem: 8
			earl: 175
			lat: 300
			servt: 10
			pid: 0
			did: 97
			servST: 268.80999999999995
			(h, h_ind): (-1, -1)
			load: 28.0
			
	Finished service at time: 278.80999999999995
	
	Task 15 -> Task 16: 25.0
	Vehicle arrival at task: 303.80999999999995
	Waiting time until service start time: 0.0
	
	id: 16
			node: 8
			(x, y, z): (10, 20, 0)
			dem: 19
			earl: 272
			lat: 373
			servt: 10
			pid: 0
			did: 58
			servST: 303.80999999999995
			(h, h_ind): (-1, -1)
			load: 47.0
			
	Finished service at time: 313.80999999999995
	
	Task 16 -> Task 99: 11.66
	Vehicle arrival at task: 325.46999999999997
	Waiting time until service start time: 7.53
	
	id: 99
			node: 18
			(x, y, z): (20, 26, 0)
			dem: -20
			earl: 333
			lat: 432
			servt: 10
			pid: 14
			did: 0
			servST: 333.0
			(h, h_ind): (-1, -1)
			load: 27.0
			
	Finished service at time: 343.0
	
	Using Machine: 2
			Task 99 -> Machine 2 (Station 0): 5.0
			Vehicle arrival at machine station: 348.0
			Waiting time until machine travel: 13.62
			Machine travel start time: 361.6199999999999
			Region 0 -> Region 1: 10.77
			Machine arrival at machine station: 372.3899999999999
			
			Machine 2 (Station 1)-> Task 20: 37.64
			Vehicle arrival at task: 410.02999999999986
			Waiting time until service start time: 170.97
			
	id: 20
			node: 10
			(x, y, z): (45, 65, 1)
			dem: 9
			earl: 581
			lat: 666
			servt: 10
			pid: 0
			did: 1
			servST: 581.0
			(h, h_ind): (2, 1)
			load: 36.0
			
	Finished service at time: 591.0
	
	Task 20 -> Task 10: 15.81
	Vehicle arrival at task: 606.81
	Waiting time until service start time: 0.0
	
	id: 10
			node: 4
			(x, y, z): (30, 60, 1)
			dem: 16
			earl: 577
			lat: 632
			servt: 10
			pid: 0
			did: 70
			servST: 606.81
			(h, h_ind): (-1, -1)
			load: 52.0
			
	Finished service at time: 616.81
	
	Using Machine: 1
			Task 10 -> Machine 1 (Station 1): 23.02
			Vehicle arrival at machine station: 639.8299999999999
			Waiting time until machine travel: 0.0
			Machine travel start time: 639.8299999999999
			Region 1 -> Region 0: 10.2
			Machine arrival at machine station: 650.03
			
			Machine 1 (Station 0)-> Task 97: 11.66
			Vehicle arrival at task: 661.6899999999999
			Waiting time until service start time: 0.0
			
	id: 97
			node: 19
			(x, y, z): (25, 21, 0)
			dem: -8
			earl: 612
			lat: 673
			servt: 10
			pid: 15
			did: 0
			servST: 661.69
			(h, h_ind): (1, 1)
			load: 44.0
			
	Finished service at time: 671.69
	
	Using Machine: 0
			Task 97 -> Machine 0 (Station 0): 12.21
			Vehicle arrival at machine station: 683.9000000000001
			Waiting time until machine travel: -0.0
			Machine travel start time: 683.9
			Region 0 -> Region 1: 10.0
			Machine arrival at machine station: 693.9
			
			Machine 0 (Station 1)-> Task 1: 24.35
			Vehicle arrival at task: 718.25
			Waiting time until service start time: 51.69
			
	id: 1
			node: 22
			(x, y, z): (41, 49, 1)
			dem: -9
			earl: 707
			lat: 848
			servt: 10
			pid: 20
			did: 0
			servST: 769.94
			(h, h_ind): (0, 1)
			load: 35.0
			
	Finished service at time: 779.94
	
	Task 1 -> Task 70: 8.06
	Vehicle arrival at task: 788.0
	Waiting time until service start time: 0.0
	
	id: 70
			node: 16
			(x, y, z): (37, 56, 1)
			dem: -16
			earl: 788
			lat: 968
			servt: 10
			pid: 10
			did: 0
			servST: 788.0
			(h, h_ind): (-1, -1)
			load: 19.0
			
	Finished service at time: 798.0
	
	Using Machine: 0
			Task 70 -> Machine 0 (Station 1): 24.21
			Vehicle arrival at machine station: 822.21
			Waiting time until machine travel: -0.0
			Machine travel start time: 822.2099999999998
			Region 1 -> Region 0: 10.0
			Machine arrival at machine station: 832.2099999999998
			
			Machine 0 (Station 0)-> Task 58: 18.68
			Vehicle arrival at task: 850.8899999999998
			Waiting time until service start time: 0.0
			
	id: 58
			node: 20
			(x, y, z): (36, 26, 0)
			dem: -19
			earl: 849
			lat: 980
			servt: 10
			pid: 16
			did: 0
			servST: 850.8900000000001
			(h, h_ind): (0, 2)
			load: 0.0
			
	Finished service at time: 860.8900000000001
	
	Task 58 -> Task 0: 9.06
	Vehicle arrival at task: 869.95
	Waiting time until service start time: 0.0
	
	id: 0
			node: 25
			(x, y, z): (35, 35, 0)
			dem: 0
			earl: 0
			lat: 1000
			servt: 0
			pid: 0
			did: 0
			servST: 869.95
			(h, h_ind): (-1, -1)
			load: 0.0
			

---------------------| MACHINES |---------------------

Machine 0 :
	setup duration: 0.0
	
	vehicle: 3
	vehicleInd: 5
	(orig, dest): (5, 17)
	(origID, destID): (12, 71)
	(origRegion, destRegion): (0, 1)
	st: 292.88999999999993
	duration: 10.0
	
	setup duration: 10.0
	
	vehicle: 8
	vehicleInd: 8
	(orig, dest): (19, 22)
	(origID, destID): (97, 1)
	(origRegion, destRegion): (0, 1)
	st: 683.9
	duration: 10.0
	
	setup duration: 0.0
	
	vehicle: 8
	vehicleInd: 10
	(orig, dest): (16, 20)
	(origID, destID): (70, 58)
	(origRegion, destRegion): (1, 0)
	st: 822.2099999999998
	duration: 10.0
	

Machine 1 :
	setup duration: 0.0
	
	vehicle: 5
	vehicleInd: 2
	(orig, dest): (2, 9)
	(origID, destID): (5, 19)
	(origRegion, destRegion): (0, 1)
	st: 223.1199999999999
	duration: 10.2
	
	setup duration: 0.0
	
	vehicle: 8
	vehicleInd: 7
	(orig, dest): (4, 19)
	(origID, destID): (10, 97)
	(origRegion, destRegion): (1, 0)
	st: 639.8299999999999
	duration: 10.2
	

Machine 2 :
	setup duration: 10.77
	
	vehicle: 5
	vehicleInd: 5
	(orig, dest): (14, 25)
	(origID, destID): (7, 0)
	(origRegion, destRegion): (1, 0)
	st: 350.85
	duration: 10.77
	
	setup duration: 0.0
	
	vehicle: 8
	vehicleInd: 5
	(orig, dest): (18, 10)
	(origID, destID): (99, 20)
	(origRegion, destRegion): (0, 1)
	st: 361.6199999999999
	duration: 10.77
	
	setup duration: 0.0
	
	vehicle: 3
	vehicleInd: 8
	(orig, dest): (15, 12)
	(origID, destID): (18, 22)
	(origRegion, destRegion): (1, 0)
	st: 448.11999999999995
	duration: 10.77
	

-------------------| COMPL. TIMES |-------------------

Vehicle 0 : 0.0
Vehicle 1 : 0.0
Vehicle 2 : 0.0
Vehicle 3 : 492.5
Vehicle 4 : 0.0
Vehicle 5 : 188.76
Vehicle 6 : 0.0
Vehicle 7 : 0.0
Vehicle 8 : 658.97
Vehicle 9 : 0.0
Vehicle 10 : 0.0
Vehicle 11 : 0.0
-------------------| STATISTICS |-------------------

    Vehicles used                           : 25.0
    Machines used                           : 100.0
    Max load (vehicles)                     : 100.0
    Min load (vehicles)                     : 57.6923
    Mean load (vehicles)                    : 85.8974
    Min completion time                     : 18.876
    Max completion time                     : 65.897
    Mean completion time                    : 44.6743
    Avrg travel time (with vehicle)         : 3.7637
    Avrg travel time (only with vehicle)    : 2.757
    Avrg travel time (no vehicle)           : 1.0067
    Avrg waiting time (machine travel)      : 0.689
    Avrg waiting time (service)             : 20.3083
    Machines travel times (with vehicle)    : [5.0, 3.06, 3.231]
    Machines travel times (no vehicle)      : [2.0, 1.02, 0.0]
    Max load per vehicle                    : [0.0, 0.0, 0.0, 57.6923, 0.0, 100.0, 0.0, 0.0, 100.0, 0.0, 0.0, 0.0]
----------------------------------------------------

TOTAL: 1340.23

Everything is awesome!
