-------------------| STATISTICS |-------------------

Vehicles used                           : 80.0
Machines used                           : 100.0
Max load (vehicles)                     : 60.4651
Min load (vehicles)                     : 3.8462
Mean load (vehicles)                    : 33.9103
Min completion time                     : 51.642
Max completion time                     : 70.2222
Mean completion time                    : 61.1358
Avrg travel time (with vehicle)         : 11.3169
Avrg travel time (only with vehicle)    : 8.2305
Avrg travel time (no vehicle)           : 3.0864
Avrg waiting time (machine travel)      : 0.3624
Avrg waiting time (service)             : 1.455
Machines travel times (with vehicle)    : [8.2305, 4.1152, 20.5761, 12.3457]
Machines travel times (no vehicle)      : [2.0576, 0.0, 6.1728, 4.1152]
Max load per vehicle                    : [55.8824, 46.5116, 3.8462, 34.6154, 18.6047, 0.0, 30.7692, 0.0, 60.4651, 20.5882]

----------------------------------------------------

TOTAL: 1188.48

Everything is awesome!
