Set parameter WLSAccessID
Set parameter WLSSecret
Set parameter LicenseID to value 2661775
Academic license 2661775 - for non-commercial use only - registered to me___@dcc.ufba.br
Parameter 'method_type' with value 'form' successfully set as form of type <class 'str'>
Parameter 'method_code' with value 'melo_hx' successfully set as melo_hx of type <class 'str'>
Parameter 'seed' with value '0' successfully set as 0 of type <class 'int'>
Parameter 'hx_max_time' with value '3600' successfully set as 3600 of type <class 'int'>
Parameter 'threads' with value '8' successfully set as 8 of type <class 'int'>
Parameter 'print_sol' with value '1' successfully set as 1 of type <class 'int'>
Parameter 'constraints_used_melo_mip_str' with value '1-29' successfully set as 1-29 of type <class 'str'>
Instance: lr104_t1_06R_06V_02I_04M
ParameterData(inst_path='/dados/rmelo/PDPTW-SE/benchmark_multi_island_v5/official_experiments/mip_hexaly/set_02_pt_01/../../../instances/orig_ams_fg/06R_06V_02I_04M/t1/lr104/', name='lr104', type='t1', group='06R_06V_02I_04M', full_name='lr104_t1_06R_06V_02I_04M', method_type='form', method_code='melo_hx', gen_config_file='/dados/rmelo/PDPTW-SE/benchmark_multi_island_v5/official_experiments/mip_hexaly/set_02_pt_01/configs/genconfig_melo_hx.conf', gen_config_filename='genconfig_melo_hx', greedy_service_order='tightest_tw', cutoff=0, cutoff_machs=4, solver='Gurobi', max_time=7200, gurobi_cuts=1, type_user_cut=0, mip_presolve=-1, print_sol=1, max_nodes=-1, elevator=0, make_instance_feasible=False, output='/dados/rmelo/PDPTW-SE/benchmark_multi_island_v5/official_experiments/mip_hexaly/set_02_pt_01/logs', epsilon=0.005, epsilon_cap=0.5, warm_start=False, seed=0, rng=<random.Random object at 0x55d44c592f50>, alpha=0.2, max_iter=1000000, output_flag_grb_mip=0, output_flag_grb_mslp=0, output_flag_grb_lmns=0, mslp_r='M', mslp_a='60', lmns_r='M', lmns_a='60', lmns_repair_time=30.0, lmns_mip_focus=0, lmns_gap_to_bigger_destruction=50, lmns_gap_to_smaller_destruction=95, lmns_weight_shaw_dist_prox=1.0, lmns_weight_shaw_earl_prox=1.0, lmns_weight_shaw_same_route=1.0, lmns_weight_shaw_demand_sim=1.0, lmns_req_r_apply_mip_start=True, lmns_acceptance_criteria='H', lmns_metropolis_temp=100.0, lmns_simulated_annealing_temp=100.0, lmns_simulated_annealing_cool=0.95, mip_max_time=3600, hx_max_time=3600, csv_file_name='', sol_file_name='', timeline_file_name='', grb_file_name='', validate_synchronization=True, constraints_used_melo_mip_str='1-29', constraints_used_melo_mip=None, run_callback_melo_mip=False, mip_heuristics=0.05, threads=8)
Constraints active in melo MIP
1 2 3 4 5 6 7 8 9 10 11 12 13 14 15 16 17 18 19 20 21 22 23 24 25 26 27 28 29 
[Reading Data] Using files at /dados/rmelo/PDPTW-SE/benchmark_multi_island_v5/official_experiments/mip_hexaly/set_02_pt_01/../../../instances/orig_ams_fg/06R_06V_02I_04M/t1/lr104/
vehicles: [Vehicle(id=0, cap=26), Vehicle(id=1, cap=33), Vehicle(id=2, cap=40), Vehicle(id=3, cap=26), Vehicle(id=4, cap=26), Vehicle(id=5, cap=40)]
vehicle_types: [Vehicle(id=4, cap=26), Vehicle(id=1, cap=33), Vehicle(id=5, cap=40)]
machines: [Machine(id=0, points=[Point(x=27, y=31, z=0), Point(x=29, y=54, z=1)], spd=1.0), Machine(id=1, points=[Point(x=28, y=32, z=0), Point(x=32, y=54, z=1)], spd=1.0), Machine(id=2, points=[Point(x=30, y=33, z=0), Point(x=29, y=55, z=1)], spd=1.0), Machine(id=3, points=[Point(x=31, y=34, z=0), Point(x=28, y=55, z=1)], spd=1.0)]
refs: [0, 1, 2, 3, 4, 5, 6, 10, 7, 12, 8, 11, 9, 0]
V: [0, 1, 2, 3, 4, 5, 6, 7, 8, 9, 10, 11, 12]
V_p: [1, 2, 3, 4, 5, 6]
V_d: [7, 8, 9, 10, 11, 12]
V_p_d: [1, 2, 3, 4, 5, 6, 7, 8, 9, 10, 11, 12]
Vprime: [0, 1, 2, 3, 4, 5, 6, 7, 8, 9, 10, 11, 12, 13]
q: [0, 7, 19, 3, 12, 19, 20, -7, -19, -3, -12, -19, -20, 0]
H: [0, 1, 2, 3]
Machine points:
# Machine 0
	Point(x=27, y=31, z=0)
	Point(x=29, y=54, z=1)

# Machine 1
	Point(x=28, y=32, z=0)
	Point(x=32, y=54, z=1)

# Machine 2
	Point(x=30, y=33, z=0)
	Point(x=29, y=55, z=1)

# Machine 3
	Point(x=31, y=34, z=0)
	Point(x=28, y=55, z=1)

f: [[0 0 0 0]
 [0 0 0 0]
 [0 0 0 0]
 [0 0 0 0]
 [1 1 1 1]
 [0 0 0 0]
 [0 0 0 0]
 [0 0 0 0]
 [0 0 0 0]
 [0 0 0 0]
 [1 1 1 1]
 [0 0 0 0]
 [0 0 0 0]
 [0 0 0 0]]
(0, 0, 0) 0.0
(0, 1, 0) 23.09
(1, 0, 0) 23.09
(1, 1, 0) 0.0
(0, 0, 1) 0.0
(0, 1, 1) 22.36
(1, 0, 1) 22.36
(1, 1, 1) 0.0
(0, 0, 2) 0.0
(0, 1, 2) 22.02
(1, 0, 2) 22.02
(1, 1, 2) 0.0
(0, 0, 3) 0.0
(0, 1, 3) 21.21
(1, 0, 3) 21.21
(1, 1, 3) 0.0
Number of arcs: 58
M:  (0, np.int64(0)) (1, np.int64(61)) (2, np.int64(295)) (3, np.int64(285)) (4, np.int64(281)) (5, np.int64(271)) (6, np.int64(294)) (7, np.int64(278)) (8, np.int64(25))
JOBS in the order of refs (Vprime)
Node 0: Job(id=0, point=Point(x=35, y=35, z=0), dem=0, earl=0, lat=230, servt=0, pid=0, did=0)
Node 1: Job(id=2, point=Point(x=35, y=17, z=0), dem=7, earl=0, lat=202, servt=10, pid=0, did=74)
Node 2: Job(id=4, point=Point(x=55, y=20, z=0), dem=19, earl=149, lat=159, servt=10, pid=0, did=25)
Node 3: Job(id=6, point=Point(x=25, y=30, z=0), dem=3, earl=0, lat=208, servt=10, pid=0, did=96)
Node 4: Job(id=11, point=Point(x=20, y=65, z=1), dem=12, earl=67, lat=77, servt=10, pid=0, did=31)
Node 5: Job(id=12, point=Point(x=50, y=35, z=0), dem=19, earl=0, lat=205, servt=10, pid=0, did=79)
Node 6: Job(id=14, point=Point(x=15, y=10, z=0), dem=20, earl=0, lat=187, servt=10, pid=0, did=44)
Node 7: Job(id=74, point=Point(x=46, y=13, z=0), dem=-7, earl=149, lat=159, servt=10, pid=2, did=0)
Node 8: Job(id=25, point=Point(x=65, y=20, z=0), dem=-19, earl=172, lat=182, servt=10, pid=4, did=0)
Node 9: Job(id=96, point=Point(x=22, y=27, z=0), dem=-3, earl=0, lat=204, servt=10, pid=6, did=0)
Node 10: Job(id=31, point=Point(x=31, y=52, z=1), dem=-12, earl=0, lat=202, servt=10, pid=11, did=0)
Node 11: Job(id=79, point=Point(x=57, y=48, z=0), dem=-19, earl=92, lat=102, servt=10, pid=12, did=0)
Node 12: Job(id=44, point=Point(x=11, y=14, z=0), dem=-20, earl=69, lat=79, servt=10, pid=14, did=0)
Node 13: Job(id=0, point=Point(x=35, y=35, z=0), dem=0, earl=0, lat=230, servt=0, pid=0, did=0)

### Preprocessing Data ###
	-> arcs: 196 (100.0%)
	-> arc_removals: 138 (70.41%)
	-> arc_removals_is_loop: 14 (7.14%)
	-> arc_removals_is_delivery_to_pickup: 8 (4.08%)
	-> arc_removals_is_depot_begin_to_delivery: 6 (3.06%)
	-> arc_removals_is_pickup_to_depot_end: 6 (3.06%)
	-> arc_removals_is_dest_depot_begin: 12 (6.12%)
	-> arc_removals_is_orig_depot_end: 11 (5.61%)
	-> arc_removals_is_capacity_violated: 0 (0.0%)
	-> arc_removals_is_time_window_limited: 47 (23.98%)
	-> arc_removals_is_time_window_pairing_limited: 32 (16.33%)
	-> arc_removals_is_indirect_request_service_impossible: 2 (1.02%)
	-> gamma_vars: 463 (100.0%)
	-> feas_gamma_vars: 288 (62.2%)
	-> infeas_gamma_vars_is_next_mtrv_unreachable: 132 (28.51%)
	-> infeas_gamma_vars_is_iprime_jprime_eq_i_j: 43 (9.29%)
	-> machine_removal_for_an_arc: 1 (0.51%)
##########################

### Model variables summary ###
	-> Total number of variables: 830
		- x: 348
		- z: 84
		- t: 12
		- tstart: 6
		- tfinal: 6
		- phi: 43
		- alpha: 43
		- gamma: 288
	-> Number of binary variables: 763


[01:19:47] Adding routing constraints
[01:19:47] Adding scheduling constraints
[01:19:47] Adding objective function

Model:  expressions = 14643, decisions = 836, constraints = 2970, objectives = 1
Param:  time limit = 3600 sec, no iteration limit, nb threads = 8
        seed = 0

[objective direction ]:     minimize

[  0 sec,       0 itr]: No feasible solution found (infeas = 42)
[  1 sec,   15237 itr]:       479.62
[  2 sec,   30984 itr]:       445.28
[  3 sec,  107767 itr]:       445.28
[  4 sec,  297237 itr]:      443.689
[  5 sec,  391746 itr]:      443.689
[  6 sec,  391746 itr]:       426.97
[  7 sec,  485517 itr]:       426.97
[  8 sec,  574390 itr]:      426.969
[  9 sec,  668152 itr]:      426.969
[ 10 sec,  760827 itr]:      426.969
[ optimality gap     ]:      100.00%
[ 11 sec,  954219 itr]:      426.969
[ 12 sec,  954219 itr]:      426.969
[ 13 sec, 1152697 itr]:      426.969
[ 14 sec, 1152697 itr]:      426.969
[ 15 sec, 1358361 itr]:      426.969
[ 16 sec, 1358361 itr]:      426.969
[ 17 sec, 1455599 itr]:      426.969
[ 18 sec, 1548357 itr]:      426.969
[ 19 sec, 1643185 itr]:      426.969
[ 20 sec, 1707673 itr]:      426.969
[ optimality gap     ]:      100.00%
[ 21 sec, 1758947 itr]:      426.969
[ 22 sec, 1810877 itr]:      426.969
[ 23 sec, 1859997 itr]:      426.969
[ 24 sec, 1913414 itr]:      426.969
[ 25 sec, 1973837 itr]:      426.969
[ 26 sec, 2037429 itr]:      426.969
[ 27 sec, 2108562 itr]:      426.969
[ 28 sec, 2170447 itr]:      426.969
[ 29 sec, 2243085 itr]:      426.969
[ 30 sec, 2316758 itr]:      426.969
[ optimality gap     ]:      100.00%
[ 31 sec, 2465178 itr]:      426.969
[ 32 sec, 2535069 itr]:      426.969
[ 33 sec, 2535069 itr]:      426.969
[ 34 sec, 2604402 itr]:      426.969
[ 35 sec, 2666557 itr]:      426.969
[ 36 sec, 2733029 itr]:      426.969
[ 37 sec, 2800651 itr]:      426.969
[ 38 sec, 2880599 itr]:      426.969
[ 39 sec, 2880599 itr]:      426.969
[ 40 sec, 2921929 itr]:      426.969
[ optimality gap     ]:       92.69%
[ 41 sec, 2961218 itr]:      426.969
[ 42 sec, 3001038 itr]:      426.969
[ 43 sec, 3037335 itr]:      426.969
[ 44 sec, 3073410 itr]:      426.969
[ 45 sec, 3106091 itr]:      426.969
[ 46 sec, 3143227 itr]:      426.969
[ 47 sec, 3217689 itr]:      426.969
[ 48 sec, 3217689 itr]:      426.969
[ 49 sec, 3301875 itr]:      426.969
[ 50 sec, 3301875 itr]:      426.969
[ optimality gap     ]:       88.13%
[ 51 sec, 3342807 itr]:      426.969
[ 52 sec, 3385998 itr]:      426.969
[ 53 sec, 3429206 itr]:      426.969
[ 54 sec, 3472268 itr]:      426.969
[ 55 sec, 3515265 itr]:      426.969
[ 56 sec, 3586431 itr]:      426.969
[ 57 sec, 3620466 itr]:      426.969
[ 58 sec, 3620466 itr]:      426.969
[ 59 sec, 3652764 itr]:      426.969
[ 60 sec, 3686312 itr]:      426.969
[ optimality gap     ]:       86.18%
[ 61 sec, 3718562 itr]:      426.969
[ 62 sec, 3753975 itr]:      426.969
[ 63 sec, 3791429 itr]:      426.969
[ 64 sec, 3827084 itr]:      426.969
[ 65 sec, 3862139 itr]:      426.969
[ 66 sec, 3895427 itr]:      426.969
[ 67 sec, 3928747 itr]:      426.969
[ 68 sec, 3960136 itr]:      426.969
[ 69 sec, 3994244 itr]:      426.969
[ 70 sec, 4025967 itr]:      426.969
[ optimality gap     ]:       85.70%
[ 71 sec, 4057357 itr]:      426.969
[ 72 sec, 4075953 itr]:      426.969
[ 73 sec, 4084684 itr]:      426.969
[ 74 sec, 4093547 itr]:      426.969
[ 75 sec, 4101682 itr]:      426.969
[ 76 sec, 4111101 itr]:      426.969
[ 77 sec, 4119971 itr]:      426.969
[ 78 sec, 4129059 itr]:      426.969
[ 79 sec, 4137321 itr]:      426.969
[ 80 sec, 4147022 itr]:      426.969
[ optimality gap     ]:       85.70%
[ 81 sec, 4155350 itr]:      426.969
[ 82 sec, 4162907 itr]:      426.969
[ 83 sec, 4171045 itr]:      426.969
[ 84 sec, 4180228 itr]:      426.969
[ 85 sec, 4196357 itr]:      426.969
[ 86 sec, 4246025 itr]:      426.969
[ 87 sec, 4293889 itr]:      426.969
[ 88 sec, 4345314 itr]:      426.969
[ 89 sec, 4391338 itr]:      426.969
[ 90 sec, 4439962 itr]:      426.969
[ optimality gap     ]:       85.70%
[ 91 sec, 4484903 itr]:      426.969
[ 92 sec, 4578169 itr]:      426.969
[ 93 sec, 4619854 itr]:      426.969
[ 94 sec, 4619854 itr]:      426.969
[ 95 sec, 4709880 itr]:      426.969
[ 96 sec, 4709880 itr]:      426.969
[ 97 sec, 4756291 itr]:      426.969
[ 98 sec, 4848084 itr]:      426.969
[ 99 sec, 4891135 itr]:      426.969
[100 sec, 4891135 itr]:      426.969
[ optimality gap     ]:       83.04%
[101 sec, 4936005 itr]:      426.969
[102 sec, 4983000 itr]:      426.969
[103 sec, 5074870 itr]:      426.969
[104 sec, 5074870 itr]:      426.969
[105 sec, 5164392 itr]:      426.969
[106 sec, 5164392 itr]:      426.969
[107 sec, 5205254 itr]:      426.969
[108 sec, 5249832 itr]:      426.969
[109 sec, 5294744 itr]:      426.969
[110 sec, 5335906 itr]:      426.969
[ optimality gap     ]:       82.60%
[111 sec, 5380282 itr]:      426.969
[112 sec, 5424236 itr]:      426.969
[113 sec, 5470338 itr]:      426.969
[114 sec, 5516912 itr]:      426.969
[115 sec, 5561278 itr]:      426.969
[116 sec, 5605617 itr]:      426.969
[117 sec, 5698186 itr]:      426.969
[118 sec, 5698186 itr]:      426.969
[119 sec, 5745165 itr]:      426.969
[120 sec, 5789169 itr]:      426.969
[ optimality gap     ]:       82.09%
[121 sec, 5877245 itr]:      426.969
[122 sec, 5877245 itr]:      426.969
[123 sec, 5918588 itr]:      426.969
[124 sec, 5964938 itr]:      426.969
[125 sec, 6010144 itr]:      426.969
[126 sec, 6055136 itr]:      426.969
[127 sec, 6099113 itr]:      426.969
[128 sec, 6143781 itr]:      426.969
[129 sec, 6189315 itr]:      426.969
[130 sec, 6236141 itr]:      426.969
[ optimality gap     ]:       81.37%
[131 sec, 6278851 itr]:      426.969
[132 sec, 6323550 itr]:      426.969
[133 sec, 6411889 itr]:      426.969
[134 sec, 6458740 itr]:      426.969
[135 sec, 6458740 itr]:      426.969
[136 sec, 6504372 itr]:      426.969
[137 sec, 6597240 itr]:      426.969
[138 sec, 6597240 itr]:      426.969
[139 sec, 6638168 itr]:      426.969
[140 sec, 6685089 itr]:      426.969
[ optimality gap     ]:       81.37%
[141 sec, 6772574 itr]:      426.969
[142 sec, 6772574 itr]:      426.969
[143 sec, 6816340 itr]:      426.969
[144 sec, 6858677 itr]:      426.969
[145 sec, 6903884 itr]:      426.969
[146 sec, 6950726 itr]:      426.969
[147 sec, 6997907 itr]:      426.969
[148 sec, 7044403 itr]:      426.969
[149 sec, 7085968 itr]:      426.969
[150 sec, 7130991 itr]:      426.969
[ optimality gap     ]:       81.37%
[151 sec, 7220729 itr]:      426.969
[152 sec, 7268854 itr]:      426.969
[153 sec, 7268854 itr]:      426.969
[154 sec, 7315554 itr]:      426.969
[155 sec, 7362298 itr]:      426.969
[156 sec, 7455156 itr]:      426.969
[157 sec, 7455156 itr]:      426.969
[158 sec, 7499444 itr]:      426.969
[159 sec, 7544397 itr]:      426.969
[160 sec, 7591230 itr]:      426.969
[ optimality gap     ]:       81.37%
[161 sec, 7638087 itr]:      426.969
[162 sec, 7727599 itr]:      426.969
[163 sec, 7727599 itr]:      426.969
[164 sec, 7774598 itr]:      426.969
[165 sec, 7818062 itr]:      426.969
[166 sec, 7910384 itr]:      426.969
[167 sec, 7910384 itr]:      426.969
[168 sec, 7954549 itr]:      426.969
[169 sec, 7996175 itr]:      426.969
[170 sec, 8037860 itr]:      426.969
[ optimality gap     ]:       81.37%
[171 sec, 8082241 itr]:      426.969
[172 sec, 8125569 itr]:      426.969
[173 sec, 8169418 itr]:      426.969
[174 sec, 8258618 itr]:      426.969
[175 sec, 8258618 itr]:      426.969
[176 sec, 8304654 itr]:      426.969
[177 sec, 8347931 itr]:      426.969
[178 sec, 8392492 itr]:      426.969
[179 sec, 8437604 itr]:      426.969
[180 sec, 8481878 itr]:      426.969
[ optimality gap     ]:       81.37%
[181 sec, 8575556 itr]:      426.969
[182 sec, 8575556 itr]:      426.969
[183 sec, 8662444 itr]:      426.969
[184 sec, 8702947 itr]:      426.969
[185 sec, 8702947 itr]:      426.969
[186 sec, 8737649 itr]:      426.969
[187 sec, 8772654 itr]:      426.969
[188 sec, 8806933 itr]:      426.969
[189 sec, 8876768 itr]:      426.969
[190 sec, 8876768 itr]:      426.969
[ optimality gap     ]:       81.37%
[191 sec, 8947189 itr]:      426.969
[192 sec, 8947189 itr]:      426.969
[193 sec, 9013558 itr]:      426.969
[194 sec, 9013558 itr]:      426.969
[195 sec, 9045152 itr]:      426.969
[196 sec, 9078884 itr]:      426.969
[197 sec, 9146156 itr]:      426.969
[198 sec, 9146156 itr]:      426.969
[199 sec, 9182376 itr]:      426.969
[200 sec, 9216394 itr]:      426.969
[ optimality gap     ]:       81.37%
[201 sec, 9242217 itr]:      426.969
[202 sec, 9260738 itr]:      426.969
[203 sec, 9260738 itr]:      426.969
[204 sec, 9269222 itr]:      426.969
[205 sec, 9277562 itr]:      426.969
[206 sec, 9286707 itr]:      426.969
[207 sec, 9296428 itr]:      426.969
[208 sec, 9305771 itr]:      426.969
[209 sec, 9321002 itr]:      426.969
[210 sec, 9321002 itr]:      426.969
[ optimality gap     ]:       81.37%
[211 sec, 9331805 itr]:      426.969
[212 sec, 9351628 itr]:      426.969
[213 sec, 9351628 itr]:      426.969
[214 sec, 9361316 itr]:      426.969
[215 sec, 9368909 itr]:      426.969
[216 sec, 9377657 itr]:      426.969
[217 sec, 9387280 itr]:      426.969
[218 sec, 9398124 itr]:      426.969
[219 sec, 9502533 itr]:      426.969
[220 sec, 9502533 itr]:      426.969
[ optimality gap     ]:       81.37%
[221 sec, 9554377 itr]:      426.969
[222 sec, 9603945 itr]:      426.969
[223 sec, 9707194 itr]:      426.969
[224 sec, 9757129 itr]:      426.969
[225 sec, 9757129 itr]:      426.969
[226 sec, 9855189 itr]:      426.969
[227 sec, 9855189 itr]:      426.969
[228 sec, 9918774 itr]:      426.969
[229 sec, 9976420 itr]:      426.969
[230 sec, 10036311 itr]:      426.969
[ optimality gap      ]:       81.37%
[231 sec, 10147964 itr]:      426.969
[232 sec, 10147964 itr]:      426.969
[233 sec, 10196274 itr]:      426.969
[234 sec, 10243785 itr]:      426.969
[235 sec, 10293784 itr]:      426.969
[236 sec, 10341878 itr]:      426.969
[237 sec, 10391094 itr]:      426.969
[238 sec, 10444078 itr]:      426.969
[239 sec, 10490800 itr]:      426.969
[240 sec, 10590616 itr]:      426.969
[ optimality gap      ]:       81.37%
[241 sec, 10590616 itr]:      426.969
[242 sec, 10637440 itr]:      426.969
[243 sec, 10686619 itr]:      426.969
[244 sec, 10783554 itr]:      426.969
[245 sec, 10783554 itr]:      426.969
[246 sec, 10833083 itr]:      426.969
[247 sec, 10882745 itr]:      426.969
[248 sec, 10934495 itr]:      426.969
[249 sec, 10983990 itr]:      426.969
[250 sec, 11038926 itr]:      426.969
[ optimality gap      ]:       81.37%
[251 sec, 11083578 itr]:      426.969
[252 sec, 11133411 itr]:      426.969
[253 sec, 11182857 itr]:      426.969
[254 sec, 11232907 itr]:      426.969
[255 sec, 11281651 itr]:      426.969
[256 sec, 11328666 itr]:      426.969
[257 sec, 11375869 itr]:      426.969
[258 sec, 11469176 itr]:      426.969
[259 sec, 11513946 itr]:      426.969
[260 sec, 11513946 itr]:      426.969
[ optimality gap      ]:       81.37%
[261 sec, 11561447 itr]:      426.969
[262 sec, 11610992 itr]:      426.969
[263 sec, 11654938 itr]:      426.969
[264 sec, 11763890 itr]:      426.969
[265 sec, 11763890 itr]:      426.969
[266 sec, 11812915 itr]:      426.969
[267 sec, 11861601 itr]:      426.969
[268 sec, 11910517 itr]:      426.969
[269 sec, 11959627 itr]:      426.969
[270 sec, 12008128 itr]:      426.969
[ optimality gap      ]:       81.37%
[271 sec, 12057346 itr]:      426.969
[272 sec, 12106295 itr]:      426.969
[273 sec, 12154492 itr]:      426.969
[274 sec, 12202905 itr]:      426.969
[275 sec, 12249033 itr]:      426.969
[276 sec, 12299192 itr]:      426.969
[277 sec, 12346223 itr]:      426.969
[278 sec, 12396371 itr]:      426.969
[279 sec, 12490532 itr]:      426.969
[280 sec, 12490532 itr]:      426.969
[ optimality gap      ]:       81.37%
[281 sec, 12539112 itr]:      426.969
[282 sec, 12585112 itr]:      426.969
[283 sec, 12685005 itr]:      426.969
[284 sec, 12685005 itr]:      426.969
[285 sec, 12734019 itr]:      426.969
[286 sec, 12781970 itr]:      426.969
[287 sec, 12824213 itr]:      426.969
[288 sec, 12918719 itr]:      426.969
[289 sec, 12918719 itr]:      426.969
[290 sec, 13017875 itr]:      426.969
[ optimality gap      ]:       81.37%
[291 sec, 13017875 itr]:      426.969
[292 sec, 13065108 itr]:      426.969
[293 sec, 13111385 itr]:      426.969
[294 sec, 13207306 itr]:      426.969
[295 sec, 13207306 itr]:      426.969
[296 sec, 13256176 itr]:      426.969
[297 sec, 13302297 itr]:      426.969
[298 sec, 13348048 itr]:      426.969
[299 sec, 13391223 itr]:      426.969
[300 sec, 13438524 itr]:      426.969
[ optimality gap      ]:       81.37%
[301 sec, 13485202 itr]:      426.969
[302 sec, 13572357 itr]:      426.969
[303 sec, 13572357 itr]:      426.969
[304 sec, 13610287 itr]:      426.969
[305 sec, 13650915 itr]:      426.969
[306 sec, 13694355 itr]:      426.969
[307 sec, 13738716 itr]:      426.969
[308 sec, 13786029 itr]:      426.969
[309 sec, 13870179 itr]:      426.969
[310 sec, 13870179 itr]:      426.969
[ optimality gap      ]:       81.37%
[311 sec, 13919260 itr]:      426.969
[312 sec, 13966234 itr]:      426.969
[313 sec, 14052354 itr]:      426.969
[314 sec, 14052354 itr]:      426.969
[315 sec, 14096331 itr]:      426.969
[316 sec, 14186197 itr]:      426.969
[317 sec, 14186197 itr]:      426.969
[318 sec, 14223764 itr]:      426.969
[319 sec, 14298037 itr]:      426.969
[320 sec, 14298037 itr]:      426.969
[ optimality gap      ]:       81.37%
[321 sec, 14334343 itr]:      426.969
[322 sec, 14374850 itr]:      426.969
[323 sec, 14410249 itr]:      426.969
[324 sec, 14446545 itr]:      426.969
[325 sec, 14521893 itr]:      426.969
[326 sec, 14521893 itr]:      426.969
[327 sec, 14560933 itr]:      426.969
[328 sec, 14632900 itr]:      426.969
[329 sec, 14632900 itr]:      426.969
[330 sec, 14670871 itr]:      426.969
[ optimality gap      ]:       81.37%
[331 sec, 14709285 itr]:      426.969
[332 sec, 14743703 itr]:      426.969
[333 sec, 14815877 itr]:      426.969
[334 sec, 14815877 itr]:      426.969
[335 sec, 14826206 itr]:      426.969
[336 sec, 14836134 itr]:      426.969
[337 sec, 14845494 itr]:      426.969
[338 sec, 14855012 itr]:      426.969
[339 sec, 14866071 itr]:      426.969
[340 sec, 14874892 itr]:      426.969
[ optimality gap      ]:       81.37%
[341 sec, 14884334 itr]:      426.969
[342 sec, 14894836 itr]:      426.969
[343 sec, 14915533 itr]:      426.969
[344 sec, 14915533 itr]:      426.969
[345 sec, 14935513 itr]:      426.969
[346 sec, 14935513 itr]:      426.969
[347 sec, 14947433 itr]:      426.969
[348 sec, 14957015 itr]:      426.969
[349 sec, 14999357 itr]:      426.969
[350 sec, 15054902 itr]:      426.969
[ optimality gap      ]:       81.37%
[351 sec, 15109314 itr]:      426.969
[352 sec, 15168623 itr]:      426.969
[353 sec, 15225275 itr]:      426.969
[354 sec, 15340394 itr]:      426.969
[355 sec, 15340394 itr]:      426.969
[356 sec, 15392291 itr]:      426.969
[357 sec, 15494034 itr]:      426.969
[358 sec, 15494034 itr]:      426.969
[359 sec, 15594453 itr]:      426.969
[360 sec, 15594453 itr]:      426.969
[ optimality gap      ]:       81.37%
[361 sec, 15646994 itr]:      426.969
[362 sec, 15698683 itr]:      426.969
[363 sec, 15806458 itr]:      426.969
[364 sec, 15806458 itr]:      426.969
[365 sec, 15913611 itr]:      426.969
[366 sec, 15913611 itr]:      426.969
[367 sec, 15966164 itr]:      426.969
[368 sec, 16016883 itr]:      426.969
[369 sec, 16066274 itr]:      426.969
[370 sec, 16116717 itr]:      426.969
[ optimality gap      ]:       81.37%
[371 sec, 16163413 itr]:      426.969
[372 sec, 16214840 itr]:      426.969
[373 sec, 16268152 itr]:      426.969
[374 sec, 16322549 itr]:      426.969
[375 sec, 16369368 itr]:      426.969
[376 sec, 16421267 itr]:      426.969
[377 sec, 16471774 itr]:      426.969
[378 sec, 16575781 itr]:      426.969
[379 sec, 16620435 itr]:      426.969
[380 sec, 16620435 itr]:      426.969
[ optimality gap      ]:       81.37%
[381 sec, 16714908 itr]:      426.969
[382 sec, 16714908 itr]:      426.969
[383 sec, 16811509 itr]:      426.969
[384 sec, 16811509 itr]:      426.969
[385 sec, 16862043 itr]:      426.969
[386 sec, 16970564 itr]:      426.969
[387 sec, 16970564 itr]:      426.969
[388 sec, 17023674 itr]:      426.969
[389 sec, 17080371 itr]:      426.969
[390 sec, 17132314 itr]:      426.969
[ optimality gap      ]:       81.37%
[391 sec, 17185728 itr]:      426.969
[392 sec, 17297209 itr]:      426.969
[393 sec, 17297209 itr]:      426.969
[394 sec, 17346342 itr]:      426.969
[395 sec, 17397216 itr]:      426.969
[396 sec, 17446068 itr]:      426.969
[397 sec, 17494117 itr]:      426.969
[398 sec, 17604260 itr]:      426.969
[399 sec, 17655236 itr]:      426.969
[400 sec, 17655236 itr]:      426.969
[ optimality gap      ]:       81.37%
[401 sec, 17706502 itr]:      426.969
[402 sec, 17765356 itr]:      426.969
[403 sec, 17818266 itr]:      426.969
[404 sec, 17867115 itr]:      426.969
[405 sec, 17914879 itr]:      426.969
[406 sec, 17963670 itr]:      426.969
[407 sec, 18013906 itr]:      426.969
[408 sec, 18060205 itr]:      426.969
[409 sec, 18109691 itr]:      426.969
[410 sec, 18155711 itr]:      426.969
[ optimality gap      ]:       81.37%
[411 sec, 18204153 itr]:      426.969
[412 sec, 18252863 itr]:      426.969
[413 sec, 18306800 itr]:      426.969
[414 sec, 18355657 itr]:      426.969
[415 sec, 18405282 itr]:      426.969
[416 sec, 18451237 itr]:      426.969
[417 sec, 18546785 itr]:      426.969
[418 sec, 18546785 itr]:      426.969
[419 sec, 18597289 itr]:      426.969
[420 sec, 18644244 itr]:      426.969
[ optimality gap      ]:       81.37%
[421 sec, 18694609 itr]:      426.969
[422 sec, 18790965 itr]:      426.969
[423 sec, 18790965 itr]:      426.969
[424 sec, 18836614 itr]:      426.969
[425 sec, 18888296 itr]:      426.969
[426 sec, 18950069 itr]:      426.969
[427 sec, 18998930 itr]:      426.969
[428 sec, 19094863 itr]:      426.969
[429 sec, 19094863 itr]:      426.969
[430 sec, 19149103 itr]:      426.969
[ optimality gap      ]:       81.37%
[431 sec, 19250199 itr]:      426.969
[432 sec, 19250199 itr]:      426.969
[433 sec, 19292616 itr]:      426.969
[434 sec, 19339008 itr]:      426.969
[435 sec, 19385306 itr]:      426.969
[436 sec, 19427720 itr]:      426.969
[437 sec, 19522493 itr]:      426.969
[438 sec, 19569687 itr]:      426.969
[439 sec, 19569687 itr]:      426.969
[440 sec, 19611350 itr]:      426.969
[ optimality gap      ]:       81.37%
[441 sec, 19656322 itr]:      426.969
[442 sec, 19699580 itr]:      426.969
[443 sec, 19747196 itr]:      426.969
[444 sec, 19793994 itr]:      426.969
[445 sec, 19837156 itr]:      426.969
[446 sec, 19881139 itr]:      426.969
[447 sec, 19926249 itr]:      426.969
[448 sec, 19975126 itr]:      426.969
[449 sec, 20014615 itr]:      426.969
[450 sec, 20049237 itr]:      426.969
[ optimality gap      ]:       81.37%
[451 sec, 20085008 itr]:      426.969
[452 sec, 20121985 itr]:      426.969
[453 sec, 20189913 itr]:      426.969
[454 sec, 20224549 itr]:      426.969
[455 sec, 20224549 itr]:      426.969
[456 sec, 20297495 itr]:      426.969
[457 sec, 20297495 itr]:      426.969
[458 sec, 20334640 itr]:      426.969
[459 sec, 20400936 itr]:      426.969
[460 sec, 20400936 itr]:      426.969
[ optimality gap      ]:       81.37%
[461 sec, 20435853 itr]:      426.969
[462 sec, 20473288 itr]:      426.969
[463 sec, 20506448 itr]:      426.969
[464 sec, 20540263 itr]:      426.969
[465 sec, 20550281 itr]:      426.969
[466 sec, 20560079 itr]:      426.969
[467 sec, 20569181 itr]:      426.969
[468 sec, 20588343 itr]:      426.969
[469 sec, 20594939 itr]:      426.969
[470 sec, 20606063 itr]:      426.969
[ optimality gap      ]:       81.37%
[471 sec, 20606063 itr]:      426.969
[472 sec, 20615831 itr]:      426.969
[473 sec, 20627030 itr]:      426.969
[474 sec, 20636669 itr]:      426.969
[475 sec, 20646122 itr]:      426.969
[476 sec, 20667183 itr]:      426.969
[477 sec, 20667183 itr]:      426.969
[478 sec, 20687730 itr]:      426.969
[479 sec, 20687730 itr]:      426.969
[480 sec, 20698685 itr]:      426.969
[ optimality gap      ]:       81.37%
[481 sec, 20739868 itr]:      426.969
[482 sec, 20796453 itr]:      426.969
[483 sec, 20849880 itr]:      426.969
[484 sec, 20900806 itr]:      426.969
[485 sec, 20953449 itr]:      426.969
[486 sec, 21007550 itr]:      426.969
[487 sec, 21112762 itr]:      426.969
[488 sec, 21112762 itr]:      426.969
[489 sec, 21211386 itr]:      426.969
[490 sec, 21211386 itr]:      426.969
[ optimality gap      ]:       81.37%
[491 sec, 21263931 itr]:      426.969
[492 sec, 21314811 itr]:      426.969
[493 sec, 21425438 itr]:      426.969
[494 sec, 21425438 itr]:      426.969
[495 sec, 21476697 itr]:      426.969
[496 sec, 21581537 itr]:      426.969
[497 sec, 21581537 itr]:      426.969
[498 sec, 21632311 itr]:      426.969
[499 sec, 21683100 itr]:      426.969
[500 sec, 21735168 itr]:      426.969
[ optimality gap      ]:       81.37%
[501 sec, 21785316 itr]:      426.969
[502 sec, 21836706 itr]:      426.969
[503 sec, 21889119 itr]:      426.969
[504 sec, 21940647 itr]:      426.969
[505 sec, 21988873 itr]:      426.969
[506 sec, 22038670 itr]:      426.969
[507 sec, 22089938 itr]:      426.969
[508 sec, 22139953 itr]:      426.969
[509 sec, 22190264 itr]:      426.969
[510 sec, 22292593 itr]:      426.969
[ optimality gap      ]:       81.37%
[511 sec, 22292593 itr]:      426.969
[512 sec, 22397685 itr]:      426.969
[513 sec, 22440649 itr]:      426.969
[514 sec, 22490569 itr]:      426.969
[515 sec, 22490569 itr]:      426.969
[516 sec, 22538493 itr]:      426.969
[517 sec, 22584588 itr]:      426.969
[518 sec, 22634424 itr]:      426.969
[519 sec, 22677337 itr]:      426.969
[520 sec, 22729639 itr]:      426.969
[ optimality gap      ]:       81.37%
[521 sec, 22779447 itr]:      426.969
[522 sec, 22826703 itr]:      426.969
[523 sec, 22874981 itr]:      426.969
[524 sec, 22922359 itr]:      426.969
[525 sec, 22972356 itr]:      426.969
[526 sec, 23025384 itr]:      426.969
[527 sec, 23127032 itr]:      426.969
[528 sec, 23127032 itr]:      426.969
[529 sec, 23179433 itr]:      426.969
[530 sec, 23230530 itr]:      426.969
[ optimality gap      ]:       79.89%
[531 sec, 23282477 itr]:      426.969
[532 sec, 23337367 itr]:      426.969
[533 sec, 23393226 itr]:      426.969
[534 sec, 23444942 itr]:      426.969
[535 sec, 23495338 itr]:      426.969
[536 sec, 23597380 itr]:      426.969
[537 sec, 23597380 itr]:      426.969
[538 sec, 23646703 itr]:      426.969
[539 sec, 23745522 itr]:      426.969
[540 sec, 23745522 itr]:      426.969
[ optimality gap      ]:       79.40%
[541 sec, 23799095 itr]:      426.969
[542 sec, 23856056 itr]:      426.969
[543 sec, 23912199 itr]:      426.969
[544 sec, 23974006 itr]:      426.969
[545 sec, 24033294 itr]:      426.969
[546 sec, 24091628 itr]:      426.969
[547 sec, 24140651 itr]:      426.969
[548 sec, 24192676 itr]:      426.969
[549 sec, 24239684 itr]:      426.969
[550 sec, 24287948 itr]:      426.969
[ optimality gap      ]:       78.55%
[551 sec, 24340109 itr]:      426.969
[552 sec, 24387767 itr]:      426.969
[553 sec, 24433666 itr]:      426.969
[554 sec, 24479565 itr]:      426.969
[555 sec, 24526090 itr]:      426.969
[556 sec, 24571589 itr]:      426.969
[557 sec, 24615874 itr]:      426.969
[558 sec, 24661133 itr]:      426.969
[559 sec, 24704440 itr]:      426.969
[560 sec, 24755304 itr]:      426.969
[ optimality gap      ]:       77.81%
[561 sec, 24794896 itr]:      426.969
[562 sec, 24885956 itr]:      426.969
[563 sec, 24885956 itr]:      426.969
[564 sec, 24933762 itr]:      426.969
[565 sec, 24979907 itr]:      426.969
[566 sec, 25067004 itr]:      426.969
[567 sec, 25111667 itr]:      426.969
[568 sec, 25155216 itr]:      426.969
[569 sec, 25155216 itr]:      426.969
[570 sec, 25200937 itr]:      426.969
[ optimality gap      ]:       75.20%
[571 sec, 25245446 itr]:      426.969
[572 sec, 25285052 itr]:      426.969
[573 sec, 25329002 itr]:      426.969
[574 sec, 25374827 itr]:      426.969
[575 sec, 25415444 itr]:      426.969
[576 sec, 25509098 itr]:      426.969
[577 sec, 25509098 itr]:      426.969
[578 sec, 25554061 itr]:      426.969
[579 sec, 25642470 itr]:      426.969
[580 sec, 25642470 itr]:      426.969
[ optimality gap      ]:       73.65%
[581 sec, 25676051 itr]:      426.969
[582 sec, 25709884 itr]:      426.969
[583 sec, 25780993 itr]:      426.969
[584 sec, 25819565 itr]:      426.969
[585 sec, 25819565 itr]:      426.969
[586 sec, 25851313 itr]:      426.969
[587 sec, 25885846 itr]:      426.969
[588 sec, 25923698 itr]:      426.969
[589 sec, 25959241 itr]:      426.969
[590 sec, 25994198 itr]:      426.969
[ optimality gap      ]:       72.66%
[591 sec, 26031214 itr]:      426.969
[592 sec, 26103407 itr]:      426.969
[593 sec, 26103407 itr]:      426.969
[594 sec, 26134501 itr]:      426.969
[595 sec, 26167463 itr]:      426.969
[596 sec, 26199365 itr]:      426.969
[597 sec, 26210634 itr]:      426.969
[598 sec, 26219976 itr]:      426.969
[599 sec, 26228861 itr]:      426.969
[600 sec, 26236929 itr]:      426.969
[ optimality gap      ]:       71.10%
[601 sec, 26244456 itr]:      426.969
[602 sec, 26253808 itr]:      426.969
[603 sec, 26273048 itr]:      426.969
[604 sec, 26273048 itr]:      426.969
[605 sec, 26291887 itr]:      426.969
[606 sec, 26291887 itr]:      426.969
[607 sec, 26301383 itr]:      426.969
[608 sec, 26310678 itr]:      426.969
[609 sec, 26319460 itr]:      426.969
[610 sec, 26330388 itr]:      426.969
[ optimality gap      ]:       71.10%
[611 sec, 26341105 itr]:      426.969
[612 sec, 26350617 itr]:      426.969
[613 sec, 26386749 itr]:      426.969
[614 sec, 26442551 itr]:      426.969
[615 sec, 26501111 itr]:      426.969
[616 sec, 26612449 itr]:      426.969
[617 sec, 26612449 itr]:      426.969
[618 sec, 26663419 itr]:      426.969
[619 sec, 26710225 itr]:      426.969
[620 sec, 26763945 itr]:      426.969
[ optimality gap      ]:       70.23%
[621 sec, 26858302 itr]:      426.969
[622 sec, 26906741 itr]:      426.969
[623 sec, 26953054 itr]:      426.969
[624 sec, 26953054 itr]:      426.969
[625 sec, 27049541 itr]:      426.969
[626 sec, 27049541 itr]:      426.969
[627 sec, 27095156 itr]:      426.969
[628 sec, 27146744 itr]:      426.969
[629 sec, 27195719 itr]:      426.969
[630 sec, 27238987 itr]:      426.969
[ optimality gap      ]:       69.42%
[631 sec, 27284680 itr]:      426.969
[632 sec, 27376370 itr]:      426.969
[633 sec, 27376370 itr]:      426.969
[634 sec, 27426372 itr]:      426.969
[635 sec, 27479660 itr]:      426.969
[636 sec, 27532011 itr]:      426.969
[637 sec, 27579634 itr]:      426.969
[638 sec, 27628722 itr]:      426.969
[639 sec, 27678334 itr]:      426.969
[640 sec, 27728932 itr]:      426.969
[ optimality gap      ]:       66.87%
[641 sec, 27774609 itr]:      426.969
[642 sec, 27871333 itr]:      426.969
[643 sec, 27871333 itr]:      426.969
[644 sec, 27920096 itr]:      426.969
[645 sec, 27966921 itr]:      426.969
[646 sec, 28015477 itr]:      426.969
[647 sec, 28115542 itr]:      426.969
[648 sec, 28115542 itr]:      426.969
[649 sec, 28167711 itr]:      426.969
[650 sec, 28215731 itr]:      426.969
[ optimality gap      ]:       65.61%
[651 sec, 28268323 itr]:      426.969
[652 sec, 28325658 itr]:      426.969
[653 sec, 28377737 itr]:      426.969
[654 sec, 28426509 itr]:      426.969
[655 sec, 28478143 itr]:      426.969
[656 sec, 28525249 itr]:      426.969
[657 sec, 28570697 itr]:      426.969
[658 sec, 28623718 itr]:      426.969
[659 sec, 28723651 itr]:      426.969
[660 sec, 28723651 itr]:      426.969
[ optimality gap      ]:       63.76%
[661 sec, 28772752 itr]:      426.969
[662 sec, 28819169 itr]:      426.969
[663 sec, 28866972 itr]:      426.969
[664 sec, 28913581 itr]:      426.969
[665 sec, 28957153 itr]:      426.969
[666 sec, 29007837 itr]:      426.969
[667 sec, 29059283 itr]:      426.969
[668 sec, 29111055 itr]:      426.969
[669 sec, 29227074 itr]:      426.969
[670 sec, 29277748 itr]:      426.969
[ optimality gap      ]:       62.30%
[671 sec, 29277748 itr]:      426.969
[672 sec, 29327399 itr]:      426.969
[673 sec, 29379088 itr]:      426.969
[674 sec, 29425397 itr]:      426.969
[675 sec, 29473654 itr]:      426.969
[676 sec, 29521770 itr]:      426.969
[677 sec, 29573517 itr]:      426.969
[678 sec, 29620934 itr]:      426.969
[679 sec, 29667754 itr]:      426.969
[680 sec, 29711299 itr]:      426.969
[ optimality gap      ]:       61.39%
[681 sec, 29759226 itr]:      426.969
[682 sec, 29806692 itr]:      426.969
[683 sec, 29854739 itr]:      426.969
[684 sec, 29906440 itr]:      426.969
[685 sec, 29958420 itr]:      426.969
[686 sec, 30008494 itr]:      426.969
[687 sec, 30057370 itr]:      426.969
[688 sec, 30150307 itr]:      426.969
[689 sec, 30150307 itr]:      426.969
[690 sec, 30192678 itr]:      426.969
[ optimality gap      ]:       60.30%
[691 sec, 30242639 itr]:      426.969
[692 sec, 30288547 itr]:      426.969
[693 sec, 30337799 itr]:      426.969
[694 sec, 30384018 itr]:      426.969
[695 sec, 30429994 itr]:      426.969
[696 sec, 30478220 itr]:      426.969
[697 sec, 30520111 itr]:      426.969
[698 sec, 30566881 itr]:      426.969
[699 sec, 30662793 itr]:      426.969
[700 sec, 30662793 itr]:      426.969
[ optimality gap      ]:       60.03%
[701 sec, 30705678 itr]:      426.969
[702 sec, 30749840 itr]:      426.969
[703 sec, 30795873 itr]:      426.969
[704 sec, 30844526 itr]:      426.969
[705 sec, 30936679 itr]:      426.969
[706 sec, 30936679 itr]:      426.969
[707 sec, 30976931 itr]:      426.969
[708 sec, 31018064 itr]:      426.969
[709 sec, 31064399 itr]:      426.969
[710 sec, 31150280 itr]:      426.969
[ optimality gap      ]:       58.29%
[711 sec, 31150280 itr]:      426.969
[712 sec, 31185400 itr]:      426.969
[713 sec, 31217421 itr]:      426.969
[714 sec, 31249202 itr]:      426.969
[715 sec, 31282759 itr]:      426.969
[716 sec, 31322038 itr]:      426.969
[717 sec, 31358394 itr]:      426.969
[718 sec, 31392862 itr]:      426.969
[719 sec, 31463296 itr]:      426.969
[720 sec, 31463296 itr]:      426.969
[ optimality gap      ]:       57.70%
[721 sec, 31531125 itr]:      426.969
[722 sec, 31531125 itr]:      426.969
[723 sec, 31599676 itr]:      426.969
[724 sec, 31599676 itr]:      426.969
[725 sec, 31633287 itr]:      426.969
[726 sec, 31664113 itr]:      426.969
[727 sec, 31699141 itr]:      426.969
[728 sec, 31715138 itr]:      426.969
[729 sec, 31726514 itr]:      426.969
[730 sec, 31746309 itr]:      426.969
[ optimality gap      ]:       56.64%
[731 sec, 31746309 itr]:      426.969
[732 sec, 31757746 itr]:      426.969
[733 sec, 31768852 itr]:      426.969
[734 sec, 31778593 itr]:      426.969
[735 sec, 31784244 itr]:      426.969
[736 sec, 31796195 itr]:      426.969
[737 sec, 31806327 itr]:      426.969
[738 sec, 31815969 itr]:      426.969
[739 sec, 31825043 itr]:      426.969
[740 sec, 31844604 itr]:      426.969
[ optimality gap      ]:       55.92%
[741 sec, 31844604 itr]:      426.969
[742 sec, 31854061 itr]:      426.969
[743 sec, 31863704 itr]:      426.969
[744 sec, 31872547 itr]:      426.969
[745 sec, 31947033 itr]:      426.969
[746 sec, 31947033 itr]:      426.969
[747 sec, 31999490 itr]:      426.969
[748 sec, 32050585 itr]:      426.969
[749 sec, 32148715 itr]:      426.969
[750 sec, 32198634 itr]:      426.969
[ optimality gap      ]:       54.68%
[751 sec, 32250413 itr]:      426.969
[752 sec, 32250413 itr]:      426.969
[753 sec, 32301512 itr]:      426.969
[754 sec, 32351085 itr]:      426.969
[755 sec, 32399393 itr]:      426.969
[756 sec, 32447660 itr]:      426.969
[757 sec, 32496236 itr]:      426.969
[758 sec, 32550873 itr]:      426.969
[759 sec, 32652814 itr]:      426.969
[760 sec, 32652814 itr]:      426.969
[ optimality gap      ]:       53.14%
[761 sec, 32750609 itr]:      426.969
[762 sec, 32800651 itr]:      426.969
[763 sec, 32800651 itr]:      426.969
[764 sec, 32856852 itr]:      426.969
[765 sec, 32908874 itr]:      426.969
[766 sec, 32966333 itr]:      426.969
[767 sec, 33016405 itr]:      426.969
[768 sec, 33063579 itr]:      426.969
[769 sec, 33112721 itr]:      426.969
[770 sec, 33158493 itr]:      426.969
[ optimality gap      ]:       51.59%
[771 sec, 33211715 itr]:      426.969
[772 sec, 33260321 itr]:      426.969
[773 sec, 33358461 itr]:      426.969
[774 sec, 33358461 itr]:      426.969
[775 sec, 33409662 itr]:      426.969
[776 sec, 33457054 itr]:      426.969
[777 sec, 33555771 itr]:      426.969
[778 sec, 33555771 itr]:      426.969
[779 sec, 33606266 itr]:      426.969
[780 sec, 33656121 itr]:      426.969
[ optimality gap      ]:       50.25%
[781 sec, 33705709 itr]:      426.969
[782 sec, 33754199 itr]:      426.969
[783 sec, 33803103 itr]:      426.969
[784 sec, 33852153 itr]:      426.969
[785 sec, 33905676 itr]:      426.969
[786 sec, 33961844 itr]:      426.969
[787 sec, 34008076 itr]:      426.969
[788 sec, 34101217 itr]:      426.969
[789 sec, 34101217 itr]:      426.969
[790 sec, 34149747 itr]:      426.969
[ optimality gap      ]:       46.87%
[791 sec, 34200398 itr]:      426.969
[792 sec, 34251980 itr]:      426.969
[793 sec, 34302376 itr]:      426.969
[794 sec, 34348218 itr]:      426.969
[795 sec, 34398770 itr]:      426.969
[796 sec, 34446309 itr]:      426.969
[797 sec, 34495973 itr]:      426.969
[798 sec, 34543938 itr]:      426.969
[799 sec, 34650027 itr]:      426.969
[800 sec, 34650027 itr]:      426.969
[ optimality gap      ]:       44.67%
[801 sec, 34703306 itr]:      426.969
[802 sec, 34750060 itr]:      426.969
[803 sec, 34798429 itr]:      426.969
[804 sec, 34841944 itr]:      426.969
[805 sec, 34892237 itr]:      426.969
[806 sec, 34938874 itr]:      426.969
[807 sec, 34991523 itr]:      426.969
[808 sec, 35037989 itr]:      426.969
[809 sec, 35088488 itr]:      426.969
[810 sec, 35136844 itr]:      426.969
[ optimality gap      ]:       41.30%
[811 sec, 35185878 itr]:      426.969
[812 sec, 35235568 itr]:      426.969
[813 sec, 35284969 itr]:      426.969
[814 sec, 35330809 itr]:      426.969
[815 sec, 35379463 itr]:      426.969
[816 sec, 35426382 itr]:      426.969
[817 sec, 35474109 itr]:      426.969
[818 sec, 35516614 itr]:      426.969
[819 sec, 35560574 itr]:      426.969
[820 sec, 35606462 itr]:      426.969
[ optimality gap      ]:       37.76%
[821 sec, 35652807 itr]:      426.969
[822 sec, 35698782 itr]:      426.969
[823 sec, 35741334 itr]:      426.969
[824 sec, 35831769 itr]:      426.969
[825 sec, 35831769 itr]:      426.969
[826 sec, 35876177 itr]:      426.969
[827 sec, 35967179 itr]:      426.969
[828 sec, 35967179 itr]:      426.969
[829 sec, 36049153 itr]:      426.969
[830 sec, 36093980 itr]:      426.969
[ optimality gap      ]:       27.59%
[831 sec, 36093980 itr]:      426.969
[832 sec, 36138170 itr]:      426.969
[833 sec, 36179428 itr]:      426.969
[834 sec, 36219824 itr]:      426.969
[835 sec, 36267958 itr]:      426.969
[836 sec, 36316719 itr]:      426.969
[837 sec, 36360581 itr]:      426.969
[838 sec, 36412137 itr]:      426.969
[838 sec, 36466914 itr]:      426.969
[ optimality gap      ]:           0%

36466914 iterations performed in 838 seconds

Optimal solution: 
  obj    =      426.969
  gap    =           0%
  bounds =      426.969
Solution is optimal
  objective value = 426.9687222945647
  status = HxSolutionStatus.OPTIMAL, iterations = 36466914, time = 838.00s, gap = 0.00%

[01:33:45.066004] Saving solution to file: /dados/rmelo/PDPTW-SE/benchmark_multi_island_v5/official_experiments/mip_hexaly/set_02_pt_01/logs/form_melo_hx/solutions/06R_06V_02I_04M/lr104_sol_genconfig_melo_hx.txt

[01:33:45] Saving solution timeline to file: /dados/rmelo/PDPTW-SE/benchmark_multi_island_v5/official_experiments/mip_hexaly/set_02_pt_01/logs/form_melo_hx/timelines/06R_06V_02I_04M/lr104_timeline_genconfig_melo_hx.txt

[22/09/2025 01:33:45] Writing results to CSV: /dados/rmelo/PDPTW-SE/benchmark_multi_island_v5/official_experiments/mip_hexaly/set_02_pt_01/logs/form_melo_hx/outputs/csvresults_form_melo_hx.csv
---------------------| VEHICLES |---------------------

Vehicle 1 :
	id: 0
			node: 0
			(x, y, z): (35, 35, 0)
			dem: 0
			earl: 0
			lat: 230
			servt: 0
			pid: 0
			did: 0
			servST: 28.860052750963263
			(h, h_ind): (-1, -1)
			load: 0.0
			
	Finished service at time: 28.860052750963263
	
	Using Machine: 3
			Task 0 -> Machine 3 (Station 0): 4.12
			Vehicle arrival at machine station: 32.98005275096326
			Waiting time until machine travel: -0.0
			Machine travel start time: 32.98000000000002
			Region 0 -> Region 1: 21.21
			Machine arrival at machine station: 54.19000000000002
			
			Machine 3 (Station 1)-> Task 11: 12.81
			Vehicle arrival at task: 67.00000000000001
			Waiting time until service start time: -0.0
			
	id: 11
			node: 4
			(x, y, z): (20, 65, 1)
			dem: 12
			earl: 67
			lat: 77
			servt: 10
			pid: 0
			did: 31
			servST: 67.0
			(h, h_ind): (3, 0)
			load: 12.0
			
	Finished service at time: 77.0
	
	Task 11 -> Task 31: 17.03
	Vehicle arrival at task: 94.03
	Waiting time until service start time: 0.0
	
	id: 31
			node: 10
			(x, y, z): (31, 52, 1)
			dem: -12
			earl: 0
			lat: 202
			servt: 10
			pid: 11
			did: 0
			servST: 94.03
			(h, h_ind): (-1, -1)
			load: 0.0
			
	Finished service at time: 104.03
	
	Using Machine: 3
			Task 31 -> Machine 3 (Station 1): 4.24
			Vehicle arrival at machine station: 108.27
			Waiting time until machine travel: -0.0
			Machine travel start time: 108.26980076537134
			Region 1 -> Region 0: 21.21
			Machine arrival at machine station: 129.47980076537135
			
			Machine 3 (Station 0)-> Task 0: 4.12
			Vehicle arrival at task: 133.59980076537136
			Waiting time until service start time: 0.0
			
	id: 0
			node: 13
			(x, y, z): (35, 35, 0)
			dem: 0
			earl: 0
			lat: 230
			servt: 0
			pid: 0
			did: 0
			servST: 133.59980076537138
			(h, h_ind): (3, 1)
			load: 0.0
			

Vehicle 2 :
	id: 0
			node: 0
			(x, y, z): (35, 35, 0)
			dem: 0
			earl: 0
			lat: 230
			servt: 0
			pid: 0
			did: 0
			servST: 62.24013565740919
			(h, h_ind): (-1, -1)
			load: 0.0
			
	Finished service at time: 62.24013565740919
	
	Task 0 -> Task 12: 15.0
	Vehicle arrival at task: 77.24013565740918
	Waiting time until service start time: -0.0
	
	id: 12
			node: 5
			(x, y, z): (50, 35, 0)
			dem: 19
			earl: 0
			lat: 205
			servt: 10
			pid: 0
			did: 79
			servST: 77.24
			(h, h_ind): (-1, -1)
			load: 19.0
			
	Finished service at time: 87.24
	
	Task 12 -> Task 79: 14.76
	Vehicle arrival at task: 102.0
	Waiting time until service start time: 0.0
	
	id: 79
			node: 11
			(x, y, z): (57, 48, 0)
			dem: -19
			earl: 92
			lat: 102
			servt: 10
			pid: 12
			did: 0
			servST: 102.0
			(h, h_ind): (-1, -1)
			load: 0.0
			
	Finished service at time: 112.0
	
	Task 79 -> Task 4: 28.07
	Vehicle arrival at task: 140.07
	Waiting time until service start time: 10.17
	
	id: 4
			node: 2
			(x, y, z): (55, 20, 0)
			dem: 19
			earl: 149
			lat: 159
			servt: 10
			pid: 0
			did: 25
			servST: 150.23657877612115
			(h, h_ind): (-1, -1)
			load: 19.0
			
	Finished service at time: 160.23657877612115
	
	Task 4 -> Task 25: 10.0
	Vehicle arrival at task: 170.23657877612115
	Waiting time until service start time: 1.76
	
	id: 25
			node: 8
			(x, y, z): (65, 20, 0)
			dem: -19
			earl: 172
			lat: 182
			servt: 10
			pid: 4
			did: 0
			servST: 172.0
			(h, h_ind): (-1, -1)
			load: 0.0
			
	Finished service at time: 182.0
	
	Task 25 -> Task 0: 33.54
	Vehicle arrival at task: 215.54
	Waiting time until service start time: -0.0
	
	id: 0
			node: 13
			(x, y, z): (35, 35, 0)
			dem: 0
			earl: 0
			lat: 230
			servt: 0
			pid: 0
			did: 0
			servST: 215.5395710471582
			(h, h_ind): (-1, -1)
			load: 0.0
			

Vehicle 4 :
	id: 0
			node: 0
			(x, y, z): (35, 35, 0)
			dem: 0
			earl: 0
			lat: 230
			servt: 0
			pid: 0
			did: 0
			servST: 14.670098626363142
			(h, h_ind): (-1, -1)
			load: 0.0
			
	Finished service at time: 14.670098626363142
	
	Task 0 -> Task 6: 11.18
	Vehicle arrival at task: 25.850098626363142
	Waiting time until service start time: 0.0
	
	id: 6
			node: 3
			(x, y, z): (25, 30, 0)
			dem: 3
			earl: 0
			lat: 208
			servt: 10
			pid: 0
			did: 96
			servST: 25.85009862636315
			(h, h_ind): (-1, -1)
			load: 3.0
			
	Finished service at time: 35.85009862636315
	
	Task 6 -> Task 14: 22.36
	Vehicle arrival at task: 58.21009862636315
	Waiting time until service start time: 0.0
	
	id: 14
			node: 6
			(x, y, z): (15, 10, 0)
			dem: 20
			earl: 0
			lat: 187
			servt: 10
			pid: 0
			did: 44
			servST: 58.21009927393466
			(h, h_ind): (-1, -1)
			load: 22.99999858990363
			
	Finished service at time: 68.21009927393466
	
	Task 14 -> Task 44: 5.66
	Vehicle arrival at task: 73.87009927393466
	Waiting time until service start time: 0.0
	
	id: 44
			node: 12
			(x, y, z): (11, 14, 0)
			dem: -20
			earl: 69
			lat: 79
			servt: 10
			pid: 14
			did: 0
			servST: 73.87009927393468
			(h, h_ind): (-1, -1)
			load: 2.9999985899036283
			
	Finished service at time: 83.87009927393468
	
	Task 44 -> Task 96: 17.03
	Vehicle arrival at task: 100.90009927393469
	Waiting time until service start time: -0.0
	
	id: 96
			node: 9
			(x, y, z): (22, 27, 0)
			dem: -3
			earl: 0
			lat: 204
			servt: 10
			pid: 6
			did: 0
			servST: 100.89997668078895
			(h, h_ind): (-1, -1)
			load: 0.0
			
	Finished service at time: 110.89997668078895
	
	Task 96 -> Task 2: 16.4
	Vehicle arrival at task: 127.29997668078894
	Waiting time until service start time: 0.0
	
	id: 2
			node: 1
			(x, y, z): (35, 17, 0)
			dem: 7
			earl: 0
			lat: 202
			servt: 10
			pid: 0
			did: 74
			servST: 127.3
			(h, h_ind): (-1, -1)
			load: 7.0
			
	Finished service at time: 137.3
	
	Task 2 -> Task 74: 11.7
	Vehicle arrival at task: 149.0
	Waiting time until service start time: 0.0
	
	id: 74
			node: 7
			(x, y, z): (46, 13, 0)
			dem: -7
			earl: 149
			lat: 159
			servt: 10
			pid: 2
			did: 0
			servST: 149.0
			(h, h_ind): (-1, -1)
			load: 0.0
			
	Finished service at time: 159.0
	
	Task 74 -> Task 0: 24.6
	Vehicle arrival at task: 183.6
	Waiting time until service start time: -0.0
	
	id: 0
			node: 13
			(x, y, z): (35, 35, 0)
			dem: 0
			earl: 0
			lat: 230
			servt: 0
			pid: 0
			did: 0
			servST: 183.59963751677068
			(h, h_ind): (-1, -1)
			load: 0.0
			

---------------------| MACHINES |---------------------

Machine 3 :
	setup duration: 0.0
	
	vehicle: 1
	vehicleInd: 1
	(orig, dest): (0, 4)
	(origID, destID): (0, 11)
	(origRegion, destRegion): (0, 1)
	st: 32.98000000000002
	duration: 21.21
	
	setup duration: 0.0
	
	vehicle: 1
	vehicleInd: 3
	(orig, dest): (10, 13)
	(origID, destID): (31, 0)
	(origRegion, destRegion): (1, 0)
	st: 108.26980076537134
	duration: 21.21
	

-------------------| COMPL. TIMES |-------------------

Vehicle 0 : 0.0
Vehicle 1 : 104.73975
Vehicle 2 : 153.29944
Vehicle 3 : 0.0
Vehicle 4 : 168.92954
Vehicle 5 : 0.0
-------------------| STATISTICS |-------------------

    Vehicles used                           : 50.0
    Machines used                           : 25.0
    Max load (vehicles)                     : 88.4615
    Min load (vehicles)                     : 36.3636
    Mean load (vehicles)                    : 57.4417
    Min completion time                     : 45.539
    Max completion time                     : 73.4476
    Mean completion time                    : 61.8795
    Avrg travel time (with vehicle)         : 27.6652
    Avrg travel time (only with vehicle)    : 18.4435
    Avrg travel time (no vehicle)           : 9.2217
    Avrg waiting time (machine travel)      : 0.0
    Avrg waiting time (service)             : 2.3252
    Machines travel times (with vehicle)    : [0.0, 0.0, 0.0, 27.6652]
    Machines travel times (no vehicle)      : [0.0, 0.0, 0.0, 9.2217]
    Max load per vehicle                    : [0.0, 36.3636, 47.5, 0.0, 88.4615, 0.0]
----------------------------------------------------

TOTAL: 426.96873000000005

Everything is awesome!
