Set parameter WLSAccessID
Set parameter WLSSecret
Set parameter LicenseID to value 2661775
Academic license 2661775 - for non-commercial use only - registered to me___@dcc.ufba.br
Parameter 'method_type' with value 'form' successfully set as form of type <class 'str'>
Parameter 'method_code' with value 'melo' successfully set as melo of type <class 'str'>
Parameter 'seed' with value '0' successfully set as 0 of type <class 'int'>
Parameter 'mip_max_time' with value '3600' successfully set as 3600 of type <class 'int'>
Parameter 'output_flag_grb_mip' with value '1' successfully set as 1 of type <class 'int'>
Parameter 'threads' with value '8' successfully set as 8 of type <class 'int'>
Parameter 'print_sol' with value '1' successfully set as 1 of type <class 'int'>
Parameter 'constraints_used_melo_mip_str' with value '1-29' successfully set as 1-29 of type <class 'str'>
Instance: lr104_t1_12R_12V_02I_03M
ParameterData(inst_path='/dados/rmelo/PDPTW-SE/benchmark_multi_island_v5/official_experiments/mip_gurobi/set_02_pt_01/../../../instances/orig_ams_fg/12R_12V_02I_04M/t1/lr104/', name='lr104', type='t1', group='12R_12V_02I_03M', full_name='lr104_t1_12R_12V_02I_03M', method_type='form', method_code='melo', gen_config_file='/dados/rmelo/PDPTW-SE/benchmark_multi_island_v5/official_experiments/mip_gurobi/set_02_pt_01/configs/genconfig_melo.conf', gen_config_filename='genconfig_melo', greedy_service_order='tightest_tw', cutoff=0, cutoff_machs=3, solver='Gurobi', max_time=7200, gurobi_cuts=1, type_user_cut=0, mip_presolve=-1, print_sol=1, max_nodes=-1, elevator=0, make_instance_feasible=False, output='/dados/rmelo/PDPTW-SE/benchmark_multi_island_v5/official_experiments/mip_gurobi/set_02_pt_01/logs', epsilon=0.005, epsilon_cap=0.5, warm_start=False, seed=0, rng=<random.Random object at 0x5597bba4a400>, alpha=0.2, max_iter=1000000, output_flag_grb_mip=1, output_flag_grb_mslp=0, output_flag_grb_lmns=0, mslp_r='M', mslp_a='60', lmns_r='M', lmns_a='60', lmns_repair_time=30.0, lmns_mip_focus=0, lmns_gap_to_bigger_destruction=50, lmns_gap_to_smaller_destruction=95, lmns_weight_shaw_dist_prox=1.0, lmns_weight_shaw_earl_prox=1.0, lmns_weight_shaw_same_route=1.0, lmns_weight_shaw_demand_sim=1.0, lmns_req_r_apply_mip_start=True, lmns_acceptance_criteria='H', lmns_metropolis_temp=100.0, lmns_simulated_annealing_temp=100.0, lmns_simulated_annealing_cool=0.95, mip_max_time=3600, hx_max_time=3600, csv_file_name='', sol_file_name='', timeline_file_name='', grb_file_name='', validate_synchronization=True, constraints_used_melo_mip_str='1-29', constraints_used_melo_mip=None, run_callback_melo_mip=False, mip_heuristics=0.05, threads=8)
Constraints active in melo MIP
1 2 3 4 5 6 7 8 9 10 11 12 13 14 15 16 17 18 19 20 21 22 23 24 25 26 27 28 29 
[Reading Data] Using files at /dados/rmelo/PDPTW-SE/benchmark_multi_island_v5/official_experiments/mip_gurobi/set_02_pt_01/../../../instances/orig_ams_fg/12R_12V_02I_04M/t1/lr104/
vehicles: [Vehicle(id=0, cap=26), Vehicle(id=1, cap=33), Vehicle(id=2, cap=40), Vehicle(id=3, cap=26), Vehicle(id=4, cap=40), Vehicle(id=5, cap=33), Vehicle(id=6, cap=40), Vehicle(id=7, cap=26), Vehicle(id=8, cap=33), Vehicle(id=9, cap=40), Vehicle(id=10, cap=33), Vehicle(id=11, cap=26)]
vehicle_types: [Vehicle(id=11, cap=26), Vehicle(id=10, cap=33), Vehicle(id=9, cap=40)]
machines: [Machine(id=0, points=[Point(x=34, y=38, z=0), Point(x=42, y=35, z=1)], spd=1.0), Machine(id=1, points=[Point(x=34, y=39, z=0), Point(x=42, y=33, z=1)], spd=1.0), Machine(id=2, points=[Point(x=34, y=40, z=0), Point(x=42, y=32, z=1)], spd=1.0)]
refs: [0, 2, 3, 4, 6, 7, 8, 9, 10, 11, 12, 13, 15, 22, 14, 24, 17, 23, 19, 20, 5, 18, 21, 16, 1, 0]
V: [0, 1, 2, 3, 4, 5, 6, 7, 8, 9, 10, 11, 12, 13, 14, 15, 16, 17, 18, 19, 20, 21, 22, 23, 24]
V_p: [1, 2, 3, 4, 5, 6, 7, 8, 9, 10, 11, 12]
V_d: [13, 14, 15, 16, 17, 18, 19, 20, 21, 22, 23, 24]
V_p_d: [1, 2, 3, 4, 5, 6, 7, 8, 9, 10, 11, 12, 13, 14, 15, 16, 17, 18, 19, 20, 21, 22, 23, 24]
Vprime: [0, 1, 2, 3, 4, 5, 6, 7, 8, 9, 10, 11, 12, 13, 14, 15, 16, 17, 18, 19, 20, 21, 22, 23, 24, 25]
q: [0, 7, 19, 3, 12, 19, 20, 2, 12, 9, 11, 3, 16, -7, -19, -3, -12, -19, -20, -2, -12, -9, -11, -3, -16, 0]
H: [0, 1, 2]
Machine points:
# Machine 0
	Point(x=34, y=38, z=0)
	Point(x=42, y=35, z=1)

# Machine 1
	Point(x=34, y=39, z=0)
	Point(x=42, y=33, z=1)

# Machine 2
	Point(x=34, y=40, z=0)
	Point(x=42, y=32, z=1)

f: [[0 0 0]
 [0 0 0]
 [1 1 1]
 [0 0 0]
 [0 0 0]
 [1 1 1]
 [0 0 0]
 [0 0 0]
 [0 0 0]
 [1 1 1]
 [1 1 1]
 [1 1 1]
 [1 1 1]
 [1 1 1]
 [1 1 1]
 [0 0 0]
 [0 0 0]
 [1 1 1]
 [0 0 0]
 [0 0 0]
 [0 0 0]
 [1 1 1]
 [1 1 1]
 [1 1 1]
 [1 1 1]
 [0 0 0]]
(0, 0, 0) 0.0
(0, 1, 0) 8.54
(1, 0, 0) 8.54
(1, 1, 0) 0.0
(0, 0, 1) 0.0
(0, 1, 1) 10.0
(1, 0, 1) 10.0
(1, 1, 1) 0.0
(0, 0, 2) 0.0
(0, 1, 2) 11.31
(1, 0, 2) 11.31
(1, 1, 2) 0.0
Number of arcs: 278
M:  (0, np.int64(0)) (1, np.int64(61)) (2, np.int64(317)) (3, np.int64(307)) (4, np.int64(281)) (5, np.int64(271)) (6, np.int64(282)) (7, np.int64(254)) (8, np.int64(13))
JOBS in the order of refs (Vprime)
Node 0: Job(id=0, point=Point(x=35, y=35, z=0), dem=0, earl=0, lat=230, servt=0, pid=0, did=0)
Node 1: Job(id=2, point=Point(x=35, y=17, z=0), dem=7, earl=0, lat=202, servt=10, pid=0, did=74)
Node 2: Job(id=4, point=Point(x=55, y=20, z=1), dem=19, earl=149, lat=159, servt=10, pid=0, did=25)
Node 3: Job(id=6, point=Point(x=25, y=30, z=0), dem=3, earl=0, lat=208, servt=10, pid=0, did=96)
Node 4: Job(id=11, point=Point(x=20, y=65, z=0), dem=12, earl=67, lat=77, servt=10, pid=0, did=31)
Node 5: Job(id=12, point=Point(x=50, y=35, z=1), dem=19, earl=0, lat=205, servt=10, pid=0, did=79)
Node 6: Job(id=14, point=Point(x=15, y=10, z=0), dem=20, earl=0, lat=187, servt=10, pid=0, did=44)
Node 7: Job(id=17, point=Point(x=5, y=30, z=0), dem=2, earl=0, lat=189, servt=10, pid=0, did=45)
Node 8: Job(id=18, point=Point(x=20, y=40, z=0), dem=12, earl=0, lat=204, servt=10, pid=0, did=8)
Node 9: Job(id=20, point=Point(x=45, y=65, z=1), dem=9, earl=0, lat=188, servt=10, pid=0, did=35)
Node 10: Job(id=21, point=Point(x=45, y=20, z=1), dem=11, earl=0, lat=201, servt=10, pid=0, did=54)
Node 11: Job(id=24, point=Point(x=65, y=35, z=1), dem=3, earl=0, lat=190, servt=10, pid=0, did=29)
Node 12: Job(id=28, point=Point(x=41, y=37, z=1), dem=16, earl=0, lat=213, servt=10, pid=0, did=1)
Node 13: Job(id=74, point=Point(x=46, y=13, z=1), dem=-7, earl=149, lat=159, servt=10, pid=2, did=0)
Node 14: Job(id=25, point=Point(x=65, y=20, z=1), dem=-19, earl=172, lat=182, servt=10, pid=4, did=0)
Node 15: Job(id=96, point=Point(x=22, y=27, z=0), dem=-3, earl=0, lat=204, servt=10, pid=6, did=0)
Node 16: Job(id=31, point=Point(x=31, y=52, z=0), dem=-12, earl=0, lat=202, servt=10, pid=11, did=0)
Node 17: Job(id=79, point=Point(x=57, y=48, z=1), dem=-19, earl=92, lat=102, servt=10, pid=12, did=0)
Node 18: Job(id=44, point=Point(x=11, y=14, z=0), dem=-20, earl=69, lat=79, servt=10, pid=14, did=0)
Node 19: Job(id=45, point=Point(x=6, y=38, z=0), dem=-2, earl=0, lat=190, servt=10, pid=17, did=0)
Node 20: Job(id=8, point=Point(x=10, y=43, z=0), dem=-12, earl=95, lat=105, servt=10, pid=18, did=0)
Node 21: Job(id=35, point=Point(x=63, y=65, z=1), dem=-9, earl=0, lat=178, servt=10, pid=20, did=0)
Node 22: Job(id=54, point=Point(x=57, y=29, z=1), dem=-11, earl=0, lat=197, servt=10, pid=21, did=0)
Node 23: Job(id=29, point=Point(x=64, y=42, z=1), dem=-3, earl=0, lat=190, servt=10, pid=24, did=0)
Node 24: Job(id=1, point=Point(x=41, y=49, z=1), dem=-16, earl=0, lat=204, servt=10, pid=28, did=0)
Node 25: Job(id=0, point=Point(x=35, y=35, z=0), dem=0, earl=0, lat=230, servt=0, pid=0, did=0)

### Preprocessing - arc removals
	-> arcs: 676 (100.0%)
	-> arc_removals: 398 (58.88%)
	-> arc_removals_is_loop: 26 (3.85%)
	-> arc_removals_is_delivery_to_pickup: 14 (2.07%)
	-> arc_removals_is_depot_begin_to_delivery: 12 (1.78%)
	-> arc_removals_is_pickup_to_depot_end: 12 (1.78%)
	-> arc_removals_is_dest_depot_begin: 24 (3.55%)
	-> arc_removals_is_orig_depot_end: 23 (3.4%)
	-> arc_removals_is_capacity_violated: 0 (0.0%)
	-> arc_removals_is_time_window_limited: 131 (19.38%)
	-> arc_removals_is_time_window_pairing_limited: 151 (22.34%)
	-> arc_removals_is_indirect_request_service_impossible: 5 (0.74%)
	-> gamma_vars: 38307 (100.0%)
	-> feas_gamma_vars: 32628 (85.18%)
	-> infeas_gamma_vars_is_next_mtrv_unreachable: 5340 (13.94%)
	-> infeas_gamma_vars_is_iprime_jprime_eq_i_j: 339 (0.88%)

[19/09/2025 23:11:13] Running melo_formulation

[19/09/2025 23:11:13] Creating Melo MIP model...
Set parameter OutputFlag to value 1
Set parameter Threads to value 8
Set parameter Heuristics to value 0.05
Set parameter TimeLimit to value 3600
Set parameter Presolve to value -1
Set parameter Cuts to value 1
Set parameter LogFile to value "/dados/rmelo/PDPTW-SE/benchmark_multi_island_v5/official_experiments/mip_gurobi/set_02_pt_01/logs/form_melo/gurobi/12R_12V_02I_03M/lr104_grb_genconfig_melo.log"
Set parameter Seed to value 0

### Model variables summary ###
	-> Total number of variables: 37014
		- x: 3336
		- z: 312
		- t: 36
		- tstart: 12
		- tfinal: 12
		- phi: 339
		- alpha: 339
		- gamma: 32628
	-> Number of binary variables: 36303


[19/09/2025 23:11:14] Adding routing constraints
[19/09/2025 23:11:14] Adding scheduling constraints
[19/09/2025 23:11:16] Adding valid inequalities
[19/09/2025 23:11:16] Adding objective function
Gurobi Optimizer version 12.0.2 build v12.0.2rc0 (linux64 - "Ubuntu 22.04.5 LTS")

CPU model: Intel(R) Core(TM) i7-10700 CPU @ 2.90GHz, instruction set [SSE2|AVX|AVX2]
Thread count: 8 physical cores, 16 logical processors, using up to 8 threads

Non-default parameters:
TimeLimit  3600
Cuts  1
Threads  8

Academic license 2661775 - for non-commercial use only - registered to me___@dcc.ufba.br
Optimize a model with 136460 rows, 37014 columns and 384165 nonzeros
Model fingerprint: 0xd633ca59
Variable types: 711 continuous, 36303 integer (36303 binary)
Coefficient statistics:
  Matrix range     [1e+00, 3e+02]
  Objective range  [1e+00, 1e+00]
  Bounds range     [1e+00, 2e+02]
  RHS range        [1e+00, 6e+02]
Presolve removed 1277 rows and 150 columns
Presolve time: 1.42s
Presolved: 135183 rows, 36864 columns, 377597 nonzeros
Variable types: 685 continuous, 36179 integer (36179 binary)

Deterministic concurrent LP optimizer: primal and dual simplex (primal and dual model)
Showing primal log only...

Root relaxation presolved: 135183 rows, 36864 columns, 377597 nonzeros

Concurrent spin time: 0.04s

Solved with dual simplex

Root relaxation: objective 0.000000e+00, 997 iterations, 0.44 seconds (0.38 work units)

    Nodes    |    Current Node    |     Objective Bounds      |     Work
 Expl Unexpl |  Obj  Depth IntInf | Incumbent    BestBd   Gap | It/Node Time

     0     0    0.00000    0   66          -    0.00000      -     -    4s
     0     0    0.00000    0  151          -    0.00000      -     -    6s
     0     0    0.00000    0  143          -    0.00000      -     -    6s
     0     0    0.00000    0  143          -    0.00000      -     -    7s
     0     0    0.00000    0   55          -    0.00000      -     -   13s
     0     0    0.00000    0  190          -    0.00000      -     -   15s
     0     0    0.00000    0   75          -    0.00000      -     -   21s
     0     0    0.00000    0   83          -    0.00000      -     -   21s
     0     0    0.00000    0  104          -    0.00000      -     -   22s
     0     0    0.00000    0  265          -    0.00000      -     -   23s
     0     0    0.00000    0   88          -    0.00000      -     -   29s
     0     0    0.00000    0  281          -    0.00000      -     -   37s
     0     0    0.00000    0  193          -    0.00000      -     -   39s
H    0     0                    2760.0000000    0.00000   100%     -   40s
     0     0    0.00000    0   43 2760.00000    0.00000   100%     -   43s
H    0     0                     912.0500000    0.00000   100%     -   44s
H    0     0                     885.0600000    0.00000   100%     -   46s
H    0     0                     882.6700000    0.00000   100%     -   46s
     0     0    0.00000    0  181  882.67000    0.00000   100%     -   50s
     0     0    0.00000    0   56  882.67000    0.00000   100%     -   56s
H    0     0                     872.5100000    0.00000   100%     -   57s
     0     0    0.00000    0  341  872.51000    0.00000   100%     -   62s
     0     0    0.00000    0   53  872.51000    0.00000   100%     -   69s
     0     0    0.00000    0  240  872.51000    0.00000   100%     -   72s
     0     0    0.00000    0   44  872.51000    0.00000   100%     -   78s
H    0     0                     870.0000000    0.00000   100%     -   80s
H    0     0                     869.2400000    0.00000   100%     -   80s
H    0     0                     868.8500000    0.00000   100%     -   81s
     0     0    0.00000    0  230  868.85000    0.00000   100%     -   83s
     0     0    0.00000    0   69  868.85000    0.00000   100%     -   89s
     0     0    0.00000    0  345  868.85000    0.00000   100%     -   92s
     0     0    0.00000    0   67  868.85000    0.00000   100%     -   97s
     0     0    0.00000    0   67  868.85000    0.00000   100%     -   98s
H    0     0                     868.7100000    0.00000   100%     -  107s
H    0     0                     866.8800000    0.00000   100%     -  107s
H    0     0                     865.5700000    0.00000   100%     -  107s
H    0     0                     859.6400000    0.00000   100%     -  107s
     0     2    0.00000    0   54  859.64000    0.00000   100%     -  109s
     1     4    0.00000    1   87  859.64000    0.00000   100%  1578  110s
    15    24    0.00000    4  168  859.64000    0.00000   100%  1945  115s
H   55    61                     845.2300000    0.00000   100%  1130  119s
    60    78    0.00000    9  132  845.23000    0.00000   100%  1122  121s
    85    95    0.00000   10  127  845.23000    0.00000   100%  1007  126s
H   87    95                     844.3900000    0.00000   100%  1163  126s
H   88    95                     839.8500000    0.00000   100%  1151  126s
H  106   123                     831.8100000    0.00000   100%  1310  130s
H  118   123                     806.3000000    0.00000   100%  1196  130s
   169   167    0.00000   12  160  806.30000    0.00000   100%   947  135s
H  170   167                     802.5200000    0.00000   100%   941  135s
H  187   167                     799.8400000    0.00000   100%   908  135s
   188   229    0.00000   13  125  799.84000    0.00000   100%   905  141s
   289   243    0.00000   22  154  799.84000    0.00000   100%   742  149s
H  292   243                     798.0200000    0.00000   100%   735  149s
   308   289    0.00000   23  152  798.02000    0.00000   100%   708  153s
   383   344   43.10288   27  129  798.02000    0.00000   100%   643  158s
   478   351   81.02000   37  130  798.02000    0.00000   100%   630  161s
H  480   351                     797.5000000    0.00000   100%   634  161s
   530   412  117.41415   43  137  797.50000    0.00000   100%   644  168s
   557   441 infeasible   44       797.50000    0.00000   100%   631  172s
   600   464  115.01415   45  119  797.50000    0.00000   100%   619  176s
H  602   464                     794.8300000    0.00000   100%   617  176s
   633   532  232.85547   46  110  794.83000    0.00000   100%   621  181s
H  738   532                     794.4300000    0.00000   100%   594  181s
   778   635   70.15787   12  152  794.43000    0.00000   100%   584  186s
   937   785   59.07759   11  112  794.43000    0.00000   100%   559  192s
H 1074   785                     794.2000000    0.00000   100%   525  193s
  1153  1001   72.66000   31  113  794.20000    0.00000   100%   509  199s
  1418  1117    0.00000   27  127  794.20000    0.00000   100%   481  207s
H 1505  1117                     793.8500000    0.00000   100%   502  207s
  1570  1329    0.00000   41  128  793.85000    0.00000   100%   502  215s
  1893  1330  105.09408   12  265  793.85000    0.00000   100%   484  344s
  1895  1331  304.21000   72   75  793.85000    0.00000   100%   483  367s
  1896  1332  228.38000   59  127  793.85000    0.00000   100%   483  375s
  1897  1333   96.56000   68  138  793.85000    0.00000   100%   483  403s
  1898  1333  214.30000   12   77  793.85000    0.00000   100%   482  419s
  1899  1334  161.72000   20  100  793.85000    0.00000   100%   482  434s
  1900  1335    0.00000   38   68  793.85000    0.00000   100%   482  447s
H 1900  1268                     793.1100000    0.00000   100%   482  457s
  1902  1269   91.71651   32   41  793.11000    0.00000   100%   481  463s
  1903  1270  228.38000   79   77  793.11000    0.00000   100%   481  477s
  1904  1270    0.00000   27   56  793.11000    0.00000   100%   481  488s
  1905  1271   94.77538   15   79  793.11000    0.00000   100%   481  501s
  1906  1272    0.00000   37   90  793.11000    0.00000   100%   480  509s
  1907  1272    0.00000   20   96  793.11000    0.00000   100%   480  518s
  1908  1273  638.78000   95   66  793.11000    0.00000   100%   480  529s
  1909  1274    0.00000   48   92  793.11000    0.00000   100%   480  542s
  1910  1274  228.38000   62   70  793.11000    0.00000   100%   479  550s
  1911  1275  210.48840   50   89  793.11000    0.00000   100%   479  564s
  1912  1276   90.07196   36   50  793.11000    0.00000   100%   479  572s
  1913  1276    0.00000   21   84  793.11000    0.00000   100%   479  584s
  1914  1277  228.38000   68   52  793.11000    0.00000   100%   478  589s
  1915  1278  171.82921   34   52  793.11000    0.00000   100%   478  591s
  1916  1278  104.98000   17   52  793.11000    0.00000   100%   478  597s
  1917  1282    0.00000   10   70  793.11000    0.00000   100%   534  601s
  1923  1292    0.00000   12  138  793.11000    0.00000   100%   533  614s
  1931  1297    0.00000   13   95  793.11000    0.00000   100%   538  616s
  1939  1310    0.00000   14  112  793.11000    0.00000   100%   536  629s
  1954  1313    0.00000   15  103  793.11000    0.00000   100%   538  633s
  1962  1318    0.00000   16  104  793.11000    0.00000   100%   538  637s
  1970  1328    0.00000   16  136  793.11000    0.00000   100%   537  647s
  1985  1330    0.00000   18  112  793.11000    0.00000   100%   535  712s
  1994  1338   30.42674   18  128  793.11000    0.00000   100%   537  717s
  2005  1348    5.73787   19  125  793.11000    0.00000   100%   535  723s
  2018  1359    0.00000   20  124  793.11000    0.00000   100%   534  730s
  2034  1371    0.00000   21  107  793.11000    0.00000   100%   534  736s
  2053  1386    0.00000   23  104  793.11000    0.00000   100%   533  741s
  2074  1391    0.00000   26  100  793.11000    0.00000   100%   533  745s
  2091  1412    0.00000   27   82  793.11000    0.00000   100%   531  754s
  2127  1416 infeasible   31       793.11000    0.00000   100%   526  760s
  2149  1437    0.00000   34  101  793.11000    0.00000   100%   524  769s
  2186  1456    0.00000   36  108  793.11000    0.00000   100%   520  780s
  2234  1474    0.00000   39   87  793.11000    0.00000   100%   517  791s
  2289  1478 infeasible   40       793.11000    0.00000   100%   514  800s
  2327  1495  123.98000   15  146  793.11000    0.00000   100%   512  811s
  2365  1505  123.98000   21  106  793.11000    0.00000   100%   513  818s
  2394  1543  123.98000   22  108  793.11000    0.00000   100%   511  829s
  2464  1559 infeasible   29       793.11000    0.00000   100%   507  838s
  2524  1600  203.66000   33   99  793.11000    0.00000   100%   501  849s
  2605  1656  351.78000   43   91  793.11000    0.00000   100%   496  863s
  2706  1670  351.78000   58  101  793.11000    0.00000   100%   486  875s
  2785  1699  351.78000   65  114  793.11000    0.00000   100%   484  887s
  2874  1726  441.35000   71  108  793.11000    0.00000   100%   478  897s
  2942  1763  441.35000   79  107  793.11000    0.00000   100%   473  908s
  3021  1785  542.06000   91   87  793.11000    0.00000   100%   467  918s
  3099  1794    0.00000   15  114  793.11000    0.00000   100%   462  927s
  3153  1795    0.00000   20   68  793.11000    0.00000   100%   462  936s
  3205  1815    0.00000   23   76  793.11000    0.00000   100%   462  949s
  3270  1850 infeasible   31       793.11000    0.00000   100%   464  961s
  3345  1882  214.94000   45   67  793.11000    0.00000   100%   462  975s
  3457  1947  299.40000   56   67  793.11000    0.00000   100%   457  989s
  3588  1987  705.65000   74   59  793.11000    0.00000   100%   448 1000s
  3743  2001 infeasible   39       793.11000    0.00000   100%   435 1013s
  3862  2031 infeasible   37       793.11000    0.00000   100%   432 1031s
  3981  2051   86.26000   26   91  793.11000    0.00000   100%   430 1045s
  4093  2112  166.49611   37   96  793.11000    0.00000   100%   427 1061s
  4245  2137  399.41000   61   88  793.11000    0.00000   100%   418 1075s
  4381  2164  262.35000   32  102  793.11000    0.00000   100%   415 1090s
  4494  2214  325.19000   45   82  793.11000    0.00000   100%   412 1106s
  4653  2293 infeasible   23       793.11000    0.00000   100%   408 1121s
  4874  2343   88.11856   29  104  793.11000    0.00000   100%   399 1136s
  5050  2301  183.96625   23  100  793.11000    0.00000   100%   394 1150s
  5068  2318 infeasible   33       793.11000    0.00000   100%   394 1163s
  5103  2345  430.89210   55   66  793.11000    0.00000   100%   393 1177s
  5153  2366 infeasible   48       793.11000    0.00000   100%   391 1192s
  5211  2409 infeasible   30       793.11000    0.00000   100%   392 1207s
H 5247  2332                     793.1096394    0.00000   100%   391 1207s
  5309  2514  379.94000   38   62  793.10964    0.00000   100%   389 1226s
H 5315  2451                     793.1094985    0.00000   100%   388 1226s
H 5373  2432                     793.1094971    0.00000   100%   385 1226s
H 5563  2432                     793.1094969    0.00000   100%   378 1226s
H 5608  2432                     793.1094964    0.00000   100%   377 1226s
  5631  2510  284.75000   44   88  793.10950    0.00000   100%   376 1243s
  5766  2640 infeasible   66       793.10950    0.00000   100%   376 1266s
  6009  2710   88.42369   40  101  793.10950    0.00000   100%   376 1288s
  6143  2822   87.62000   32  103  793.10950    0.00000   100%   383 1314s
  6381  2917  130.20000   59  147  793.10950    0.00000   100%   386 1338s
  6606  3079  206.95000   80  134  793.10950    0.00000   100%   389 1363s
  6920  3210  565.36000  103   50  793.10950    0.00000   100%   383 1388s
  7151  3355  284.73755   38   79  793.10950    0.00000   100%   383 1415s
  7376  3518 infeasible   53       793.10950    0.00000   100%   384 1447s
  7651  3795    0.00000   40   91  793.10950    0.00000   100%   385 1476s
  7998  4053  254.33484   35  109  793.10950    0.00000   100%   380 1508s
  8399  4264   94.40569   61   98  793.10950    0.00000   100%   373 1540s
  8715  4493    0.00000   20   87  793.10950    0.00000   100%   372 1573s
  9066  4751   47.88241   49  131  793.10950    0.00000   100%   369 1607s
  9472  5072    0.00000   33  114  793.10950    0.00000   100%   365 1644s
  9830  5146   30.42187   67  113  793.10950    0.00000   100%   361 1666s
  9910  5173  106.35772   77  103  793.10950    0.00000   100%   360 1687s
  9937  5505  106.76101   78  121  793.10950    0.00000   100%   360 1722s
 10386  5831    6.03926   39  106  793.10950    0.00000   100%   354 1761s
 10809  6159  290.57305   47   95  793.10950    0.00000   100%   352 1800s
 11308  6542   78.03624   26  113  793.10950    0.00000   100%   348 1841s
 11842  7033    3.48137   41   93  793.10950    0.00000   100%   344 1884s
 12497  7366   73.69302   20   99  793.10950    0.00000   100%   338 1927s
 12987  7739   71.68000   49   96  793.10950    0.00000   100%   335 1973s
 13553  8029  310.05000   67  118  793.10950    0.00000   100%   331 2021s
 14032  8401    0.00000   52  107  793.10950    0.00000   100%   336 2069s
 14539  9023 infeasible   75       793.10950    0.00000   100%   341 2228s
 15483  9024    0.00000   29   56  793.10950    0.00000   100%   338 2262s
 15498  9063    0.00000   30   87  793.10950    0.00000   100%   338 2299s
 15543  9137    0.00000   30  101  793.10950    0.00000   100%   338 2341s
 15648  9266    0.00000   31   92  793.10950    0.00000   100%   337 2387s
 15818  9666    0.00000   31   93  793.10950    0.00000   100%   339 2443s
 16371 10218   62.84000   63   99  793.10950    0.00000   100%   339 2506s
 17139 10705  302.98337   93   98  793.10950    0.00000   100%   340 2569s
 17899 11370   93.99000   36   98  793.10950    0.00000   100%   339 2629s
 18880 11829    0.00000   33   92  793.10950    0.00000   100%   334 2686s
 19549 12062   79.63000   38   94  793.10950    0.00000   100%   335 2729s
 19827 12716 infeasible   55       793.10950    0.00000   100%   335 2796s
 20718 13276  227.73086   71   91  793.10950    0.00000   100%   333 2864s
 21609 13547  375.60136   65   79  793.10950    0.00000   100%   333 2913s
 21951 13991  757.75234   67   87  793.10950    0.00000   100%   332 2973s
 22618 14715  192.00000   97  133  793.10950    0.00000   100%   333 3044s
 23671 15522    0.00000   30  150  793.10950    0.00000   100%   330 3115s
 24752 16271 infeasible   94       793.10950    0.00000   100%   327 3183s
 25846 17218  321.16104   87  108  793.10950    0.00000   100%   326 3254s
 27524 18035  285.43000   58  116  793.10950    0.00000   100%   314 3313s
 28844 18805 infeasible   34       793.10950    0.00000   100%   310 3367s
 30004 18806  636.27000   55  265  793.10950    0.00000   100%   307 3589s

Explored 30005 nodes (9388707 simplex iterations) in 3600.02 seconds (5131.84 work units)
Thread count was 8 (of 16 available processors)

Solution count 10: 793.109 793.11 793.85 ... 802.52

Time limit reached
Best objective 7.931094964164e+02, best bound 3.410605131648e-13, gap 100.0000%
Time limit reached, but a feasible solution is available
  objective value = 793.1094964163585
  status = 9, nodes = 30005.0, time = 3600.05s, gap = 100.00%, bound = 0.00

[00:11:16.173659] Saving solution to file: /dados/rmelo/PDPTW-SE/benchmark_multi_island_v5/official_experiments/mip_gurobi/set_02_pt_01/logs/form_melo/solutions/12R_12V_02I_03M/lr104_sol_genconfig_melo.txt

[00:11:16] Saving solution timeline to file: /dados/rmelo/PDPTW-SE/benchmark_multi_island_v5/official_experiments/mip_gurobi/set_02_pt_01/logs/form_melo/timelines/12R_12V_02I_03M/lr104_timeline_genconfig_melo.txt

[20/09/2025 00:11:16] Writing results to CSV: /dados/rmelo/PDPTW-SE/benchmark_multi_island_v5/official_experiments/mip_gurobi/set_02_pt_01/logs/form_melo/outputs/csvresults_form_melo.csv
---------------------| VEHICLES |---------------------

Vehicle 5 :
	id: 0
			node: 0
			(x, y, z): (35, 35, 0)
			dem: 0
			earl: 0
			lat: 230
			servt: 0
			pid: 0
			did: 0
			servST: 16.7
			(h, h_ind): (-1, -1)
			load: 0.0
			
	Finished service at time: 16.7
	
	Task 0 -> Task 18: 15.81
	Vehicle arrival at task: 32.51
	Waiting time until service start time: 0.0
	
	id: 18
			node: 8
			(x, y, z): (20, 40, 0)
			dem: 12
			earl: 0
			lat: 204
			servt: 10
			pid: 0
			did: 8
			servST: 32.510000000000424
			(h, h_ind): (-1, -1)
			load: 12.0
			
	Finished service at time: 42.510000000000424
	
	Task 18 -> Task 17: 18.03
	Vehicle arrival at task: 60.540000000000425
	Waiting time until service start time: -0.0
	
	id: 17
			node: 7
			(x, y, z): (5, 30, 0)
			dem: 2
			earl: 0
			lat: 189
			servt: 10
			pid: 0
			did: 45
			servST: 60.54000000000018
			(h, h_ind): (-1, -1)
			load: 14.0
			
	Finished service at time: 70.54000000000018
	
	Task 17 -> Task 45: 8.06
	Vehicle arrival at task: 78.60000000000018
	Waiting time until service start time: -0.0
	
	id: 45
			node: 19
			(x, y, z): (6, 38, 0)
			dem: -2
			earl: 0
			lat: 190
			servt: 10
			pid: 17
			did: 0
			servST: 78.6
			(h, h_ind): (-1, -1)
			load: 12.0
			
	Finished service at time: 88.6
	
	Task 45 -> Task 8: 6.4
	Vehicle arrival at task: 95.0
	Waiting time until service start time: 0.0
	
	id: 8
			node: 20
			(x, y, z): (10, 43, 0)
			dem: -12
			earl: 95
			lat: 105
			servt: 10
			pid: 18
			did: 0
			servST: 95.0
			(h, h_ind): (-1, -1)
			load: 0.0
			
	Finished service at time: 105.0
	
	Task 8 -> Task 6: 19.85
	Vehicle arrival at task: 124.85
	Waiting time until service start time: 0.0
	
	id: 6
			node: 3
			(x, y, z): (25, 30, 0)
			dem: 3
			earl: 0
			lat: 208
			servt: 10
			pid: 0
			did: 96
			servST: 124.85
			(h, h_ind): (-1, -1)
			load: 2.9999934048615966
			
	Finished service at time: 134.85
	
	Task 6 -> Task 96: 4.24
	Vehicle arrival at task: 139.09
	Waiting time until service start time: 0.0
	
	id: 96
			node: 15
			(x, y, z): (22, 27, 0)
			dem: -3
			earl: 0
			lat: 204
			servt: 10
			pid: 6
			did: 0
			servST: 139.09000000000003
			(h, h_ind): (-1, -1)
			load: 0.0
			
	Finished service at time: 149.09000000000003
	
	Task 96 -> Task 0: 15.26
	Vehicle arrival at task: 164.35000000000002
	Waiting time until service start time: -0.0
	
	id: 0
			node: 25
			(x, y, z): (35, 35, 0)
			dem: 0
			earl: 0
			lat: 230
			servt: 0
			pid: 0
			did: 0
			servST: 164.3494964163596
			(h, h_ind): (-1, -1)
			load: 0.0
			

Vehicle 6 :
	id: 0
			node: 0
			(x, y, z): (35, 35, 0)
			dem: 0
			earl: 0
			lat: 230
			servt: 0
			pid: 0
			did: 0
			servST: 4.15
			(h, h_ind): (-1, -1)
			load: 0.0
			
	Finished service at time: 4.15
	
	Task 0 -> Task 2: 18.0
	Vehicle arrival at task: 22.15
	Waiting time until service start time: 0.0
	
	id: 2
			node: 1
			(x, y, z): (35, 17, 0)
			dem: 7
			earl: 0
			lat: 202
			servt: 10
			pid: 0
			did: 74
			servST: 22.15
			(h, h_ind): (-1, -1)
			load: 7.0
			
	Finished service at time: 32.15
	
	Task 2 -> Task 14: 21.19
	Vehicle arrival at task: 53.34
	Waiting time until service start time: 0.0
	
	id: 14
			node: 6
			(x, y, z): (15, 10, 0)
			dem: 20
			earl: 0
			lat: 187
			servt: 10
			pid: 0
			did: 44
			servST: 53.34
			(h, h_ind): (-1, -1)
			load: 27.0
			
	Finished service at time: 63.34
	
	Task 14 -> Task 44: 5.66
	Vehicle arrival at task: 69.0
	Waiting time until service start time: 0.0
	
	id: 44
			node: 18
			(x, y, z): (11, 14, 0)
			dem: -20
			earl: 69
			lat: 79
			servt: 10
			pid: 14
			did: 0
			servST: 69.0
			(h, h_ind): (-1, -1)
			load: 7.0
			
	Finished service at time: 79.0
	
	Using Machine: 0
			Task 44 -> Machine 0 (Station 0): 33.24
			Vehicle arrival at machine station: 112.24000000000001
			Waiting time until machine travel: -0.0
			Machine travel start time: 112.23999999999961
			Region 0 -> Region 1: 8.54
			Machine arrival at machine station: 120.7799999999996
			
			Machine 0 (Station 1)-> Task 21: 15.3
			Vehicle arrival at task: 136.07999999999961
			Waiting time until service start time: 0.0
			
	id: 21
			node: 10
			(x, y, z): (45, 20, 1)
			dem: 11
			earl: 0
			lat: 201
			servt: 10
			pid: 0
			did: 54
			servST: 136.0799999999998
			(h, h_ind): (0, 2)
			load: 18.0
			
	Finished service at time: 146.0799999999998
	
	Task 21 -> Task 74: 7.07
	Vehicle arrival at task: 153.1499999999998
	Waiting time until service start time: 0.0
	
	id: 74
			node: 13
			(x, y, z): (46, 13, 1)
			dem: -7
			earl: 149
			lat: 159
			servt: 10
			pid: 2
			did: 0
			servST: 153.15
			(h, h_ind): (-1, -1)
			load: 11.0
			
	Finished service at time: 163.15
	
	Task 74 -> Task 54: 19.42
	Vehicle arrival at task: 182.57
	Waiting time until service start time: -0.0
	
	id: 54
			node: 22
			(x, y, z): (57, 29, 1)
			dem: -11
			earl: 0
			lat: 197
			servt: 10
			pid: 21
			did: 0
			servST: 182.56999999999982
			(h, h_ind): (-1, -1)
			load: 0.0
			
	Finished service at time: 192.56999999999982
	
	Using Machine: 0
			Task 54 -> Machine 0 (Station 1): 16.16
			Vehicle arrival at machine station: 208.72999999999982
			Waiting time until machine travel: -0.0
			Machine travel start time: 208.72999999999976
			Region 1 -> Region 0: 8.54
			Machine arrival at machine station: 217.26999999999975
			
			Machine 0 (Station 0)-> Task 0: 3.16
			Vehicle arrival at task: 220.42999999999975
			Waiting time until service start time: 0.0
			
	id: 0
			node: 25
			(x, y, z): (35, 35, 0)
			dem: 0
			earl: 0
			lat: 230
			servt: 0
			pid: 0
			did: 0
			servST: 220.4299999999998
			(h, h_ind): (0, 4)
			load: 0.0
			

Vehicle 9 :
	id: 0
			node: 0
			(x, y, z): (35, 35, 0)
			dem: 0
			earl: 0
			lat: 230
			servt: 0
			pid: 0
			did: 0
			servST: 43.45999999999998
			(h, h_ind): (-1, -1)
			load: 0.0
			
	Finished service at time: 43.45999999999998
	
	Task 0 -> Task 11: 33.54
	Vehicle arrival at task: 76.99999999999997
	Waiting time until service start time: 0.0
	
	id: 11
			node: 4
			(x, y, z): (20, 65, 0)
			dem: 12
			earl: 67
			lat: 77
			servt: 10
			pid: 0
			did: 31
			servST: 77.0
			(h, h_ind): (-1, -1)
			load: 12.0
			
	Finished service at time: 87.0
	
	Task 11 -> Task 31: 17.03
	Vehicle arrival at task: 104.03
	Waiting time until service start time: 0.0
	
	id: 31
			node: 16
			(x, y, z): (31, 52, 0)
			dem: -12
			earl: 0
			lat: 202
			servt: 10
			pid: 11
			did: 0
			servST: 104.03
			(h, h_ind): (-1, -1)
			load: 0.0
			
	Finished service at time: 114.03
	
	Task 31 -> Task 0: 17.46
	Vehicle arrival at task: 131.49
	Waiting time until service start time: -0.0
	
	id: 0
			node: 25
			(x, y, z): (35, 35, 0)
			dem: 0
			earl: 0
			lat: 230
			servt: 0
			pid: 0
			did: 0
			servST: 131.48999999999998
			(h, h_ind): (-1, -1)
			load: 0.0
			

Vehicle 10 :
	id: 0
			node: 0
			(x, y, z): (35, 35, 0)
			dem: 0
			earl: 0
			lat: 230
			servt: 0
			pid: 0
			did: 0
			servST: 3.930000000000149
			(h, h_ind): (-1, -1)
			load: 0.0
			
	Finished service at time: 3.930000000000149
	
	Using Machine: 0
			Task 0 -> Machine 0 (Station 0): 3.16
			Vehicle arrival at machine station: 7.090000000000149
			Waiting time until machine travel: -0.0
			Machine travel start time: 7.090000000000002
			Region 0 -> Region 1: 8.54
			Machine arrival at machine station: 15.63
			
			Machine 0 (Station 1)-> Task 28: 2.24
			Vehicle arrival at task: 17.87
			Waiting time until service start time: 0.0
			
	id: 28
			node: 12
			(x, y, z): (41, 37, 1)
			dem: 16
			earl: 0
			lat: 213
			servt: 10
			pid: 0
			did: 1
			servST: 17.870000000000157
			(h, h_ind): (0, 0)
			load: 16.0
			
	Finished service at time: 27.870000000000157
	
	Task 28 -> Task 1: 12.0
	Vehicle arrival at task: 39.87000000000016
	Waiting time until service start time: -0.0
	
	id: 1
			node: 24
			(x, y, z): (41, 49, 1)
			dem: -16
			earl: 0
			lat: 204
			servt: 10
			pid: 28
			did: 0
			servST: 39.87000000000009
			(h, h_ind): (-1, -1)
			load: 0.0
			
	Finished service at time: 49.87000000000009
	
	Task 1 -> Task 20: 16.49
	Vehicle arrival at task: 66.36000000000008
	Waiting time until service start time: 1.93
	
	id: 20
			node: 9
			(x, y, z): (45, 65, 1)
			dem: 9
			earl: 0
			lat: 188
			servt: 10
			pid: 0
			did: 35
			servST: 68.29000000000002
			(h, h_ind): (-1, -1)
			load: 9.0
			
	Finished service at time: 78.29000000000002
	
	Task 20 -> Task 35: 18.0
	Vehicle arrival at task: 96.29000000000002
	Waiting time until service start time: 0.0
	
	id: 35
			node: 21
			(x, y, z): (63, 65, 1)
			dem: -9
			earl: 0
			lat: 178
			servt: 10
			pid: 20
			did: 0
			servST: 96.29000000000002
			(h, h_ind): (-1, -1)
			load: 0.0
			
	Finished service at time: 106.29000000000002
	
	Task 35 -> Task 4: 45.71
	Vehicle arrival at task: 152.00000000000003
	Waiting time until service start time: -0.0
	
	id: 4
			node: 2
			(x, y, z): (55, 20, 1)
			dem: 19
			earl: 149
			lat: 159
			servt: 10
			pid: 0
			did: 25
			servST: 152.0
			(h, h_ind): (-1, -1)
			load: 19.0
			
	Finished service at time: 162.0
	
	Task 4 -> Task 25: 10.0
	Vehicle arrival at task: 172.0
	Waiting time until service start time: 0.0
	
	id: 25
			node: 14
			(x, y, z): (65, 20, 1)
			dem: -19
			earl: 172
			lat: 182
			servt: 10
			pid: 4
			did: 0
			servST: 172.0
			(h, h_ind): (-1, -1)
			load: 0.0
			
	Finished service at time: 182.0
	
	Using Machine: 1
			Task 25 -> Machine 1 (Station 1): 26.42
			Vehicle arrival at machine station: 208.42000000000002
			Waiting time until machine travel: -0.0
			Machine travel start time: 208.41999999999996
			Region 1 -> Region 0: 10.0
			Machine arrival at machine station: 218.41999999999996
			
			Machine 1 (Station 0)-> Task 0: 4.12
			Vehicle arrival at task: 222.53999999999996
			Waiting time until service start time: -0.0
			
	id: 0
			node: 25
			(x, y, z): (35, 35, 0)
			dem: 0
			earl: 0
			lat: 230
			servt: 0
			pid: 0
			did: 0
			servST: 222.53999999999994
			(h, h_ind): (1, 0)
			load: 0.0
			

Vehicle 11 :
	id: 0
			node: 0
			(x, y, z): (35, 35, 0)
			dem: 0
			earl: 0
			lat: 230
			servt: 0
			pid: 0
			did: 0
			servST: 21.010000000000222
			(h, h_ind): (-1, -1)
			load: 0.0
			
	Finished service at time: 21.010000000000222
	
	Using Machine: 0
			Task 0 -> Machine 0 (Station 0): 3.16
			Vehicle arrival at machine station: 24.170000000000222
			Waiting time until machine travel: -0.0
			Machine travel start time: 24.16999999999998
			Region 0 -> Region 1: 8.54
			Machine arrival at machine station: 32.70999999999998
			
			Machine 0 (Station 1)-> Task 12: 8.0
			Vehicle arrival at task: 40.70999999999998
			Waiting time until service start time: 0.0
			
	id: 12
			node: 5
			(x, y, z): (50, 35, 1)
			dem: 19
			earl: 0
			lat: 205
			servt: 10
			pid: 0
			did: 79
			servST: 40.70999999999998
			(h, h_ind): (0, 1)
			load: 19.0
			
	Finished service at time: 50.70999999999998
	
	Task 12 -> Task 24: 15.0
	Vehicle arrival at task: 65.70999999999998
	Waiting time until service start time: 0.0
	
	id: 24
			node: 11
			(x, y, z): (65, 35, 1)
			dem: 3
			earl: 0
			lat: 190
			servt: 10
			pid: 0
			did: 29
			servST: 65.71000000000006
			(h, h_ind): (-1, -1)
			load: 22.0
			
	Finished service at time: 75.71000000000006
	
	Task 24 -> Task 29: 7.07
	Vehicle arrival at task: 82.78000000000006
	Waiting time until service start time: -0.0
	
	id: 29
			node: 23
			(x, y, z): (64, 42, 1)
			dem: -3
			earl: 0
			lat: 190
			servt: 10
			pid: 24
			did: 0
			servST: 82.77999999999997
			(h, h_ind): (-1, -1)
			load: 19.0
			
	Finished service at time: 92.77999999999997
	
	Task 29 -> Task 79: 9.22
	Vehicle arrival at task: 101.99999999999997
	Waiting time until service start time: 0.0
	
	id: 79
			node: 17
			(x, y, z): (57, 48, 1)
			dem: -19
			earl: 92
			lat: 102
			servt: 10
			pid: 12
			did: 0
			servST: 102.0
			(h, h_ind): (-1, -1)
			load: 0.0
			
	Finished service at time: 112.0
	
	Using Machine: 0
			Task 79 -> Machine 0 (Station 1): 19.85
			Vehicle arrival at machine station: 131.85
			Waiting time until machine travel: 0.0
			Machine travel start time: 131.85
			Region 1 -> Region 0: 8.54
			Machine arrival at machine station: 140.39
			
			Machine 0 (Station 0)-> Task 0: 3.16
			Vehicle arrival at task: 143.54999999999998
			Waiting time until service start time: 0.0
			
	id: 0
			node: 25
			(x, y, z): (35, 35, 0)
			dem: 0
			earl: 0
			lat: 230
			servt: 0
			pid: 0
			did: 0
			servST: 143.55
			(h, h_ind): (0, 3)
			load: 0.0
			

---------------------| MACHINES |---------------------

Machine 0 :
	setup duration: 0.0
	
	vehicle: 10
	vehicleInd: 1
	(orig, dest): (0, 12)
	(origID, destID): (0, 28)
	(origRegion, destRegion): (0, 1)
	st: 7.090000000000002
	duration: 8.54
	
	setup duration: 8.54
	
	vehicle: 11
	vehicleInd: 1
	(orig, dest): (0, 5)
	(origID, destID): (0, 12)
	(origRegion, destRegion): (0, 1)
	st: 24.16999999999998
	duration: 8.54
	
	setup duration: 8.54
	
	vehicle: 6
	vehicleInd: 4
	(orig, dest): (18, 10)
	(origID, destID): (44, 21)
	(origRegion, destRegion): (0, 1)
	st: 112.23999999999961
	duration: 8.54
	
	setup duration: 0.0
	
	vehicle: 11
	vehicleInd: 5
	(orig, dest): (17, 25)
	(origID, destID): (79, 0)
	(origRegion, destRegion): (1, 0)
	st: 131.85
	duration: 8.54
	
	setup duration: 8.54
	
	vehicle: 6
	vehicleInd: 7
	(orig, dest): (22, 25)
	(origID, destID): (54, 0)
	(origRegion, destRegion): (1, 0)
	st: 208.72999999999976
	duration: 8.54
	

Machine 1 :
	setup duration: 10.0
	
	vehicle: 10
	vehicleInd: 7
	(orig, dest): (14, 25)
	(origID, destID): (25, 0)
	(origRegion, destRegion): (1, 0)
	st: 208.41999999999996
	duration: 10.0
	

-------------------| COMPL. TIMES |-------------------

Vehicle 0 : 0.0
Vehicle 1 : 0.0
Vehicle 2 : 0.0
Vehicle 3 : 0.0
Vehicle 4 : 0.0
Vehicle 5 : 147.6495
Vehicle 6 : 216.28
Vehicle 7 : 0.0
Vehicle 8 : 0.0
Vehicle 9 : 88.03
Vehicle 10 : 218.61
Vehicle 11 : 122.54
-------------------| STATISTICS |-------------------

    Vehicles used                           : 41.6667
    Machines used                           : 66.6667
    Max load (vehicles)                     : 84.6154
    Min load (vehicles)                     : 30.0
    Mean load (vehicles)                    : 56.4231
    Min completion time                     : 38.2739
    Max completion time                     : 95.0478
    Mean completion time                    : 68.966
    Avrg travel time (with vehicle)         : 18.8826
    Avrg travel time (only with vehicle)    : 11.4565
    Avrg travel time (no vehicle)           : 7.4261
    Avrg waiting time (machine travel)      : 0.0
    Avrg waiting time (service)             : 0.0
    Machines travel times (with vehicle)    : [33.4174, 4.3478, 0.0]
    Machines travel times (no vehicle)      : [14.8522, 0.0, 0.0]
    Max load per vehicle                    : [0.0, 0.0, 0.0, 0.0, 0.0, 42.4242, 67.5, 0.0, 0.0, 30.0, 57.5758, 84.6154]
----------------------------------------------------

TOTAL: 793.1094999999999

Everything is awesome!
