
Gurobi 12.0.2 (linux64) logging started Fri Sep 19 23:07:20 2025

Set parameter LogFile to value "/dados/rmelo/PDPTW-SE/benchmark_multi_floor_v3/official_experiments/mip_gurobi/set_02_pt_02/logs/form_melo/gurobi/10R_10V_02F_04M/lr204_grb_genconfig_melo.log"
Set parameter Seed to value 0
Gurobi Optimizer version 12.0.2 build v12.0.2rc0 (linux64 - "Ubuntu 22.04 LTS")

CPU model: Intel(R) Core(TM) i7-10700 CPU @ 2.90GHz, instruction set [SSE2|AVX|AVX2]
Thread count: 8 physical cores, 16 logical processors, using up to 8 threads

Non-default parameters:
TimeLimit  3600
Cuts  1
Threads  8

Academic license 2661775 - for non-commercial use only - registered to me___@dcc.ufba.br
Optimize a model with 354764 rows, 98538 columns and 955212 nonzeros
Model fingerprint: 0x8698936e
Variable types: 902 continuous, 97636 integer (97636 binary)
Coefficient statistics:
  Matrix range     [1e+00, 1e+03]
  Objective range  [1e+00, 1e+00]
  Bounds range     [1e+00, 1e+03]
  RHS range        [1e+00, 2e+03]
Presolve removed 1780 rows and 172 columns (presolve time = 5s)...
Presolve removed 1782 rows and 166 columns
Presolve time: 7.24s
Presolved: 352982 rows, 98372 columns, 946876 nonzeros
Variable types: 882 continuous, 97490 integer (97490 binary)

Deterministic concurrent LP optimizer: primal simplex, dual simplex, and barrier
Showing barrier log only...

Root barrier log...

Ordering time: 0.29s

Barrier performed 0 iterations in 10.00 seconds (12.25 work units)
Barrier solve interrupted - model solved by another algorithm

Concurrent spin time: 0.05s

Solved with dual simplex

Root relaxation: objective 0.000000e+00, 1556 iterations, 1.59 seconds (1.56 work units)

    Nodes    |    Current Node    |     Objective Bounds      |     Work
 Expl Unexpl |  Obj  Depth IntInf | Incumbent    BestBd   Gap | It/Node Time

     0     0    0.00000    0   28          -    0.00000      -     -   13s
     0     0    0.00000    0  188          -    0.00000      -     -   20s
     0     0    0.00000    0  392          -    0.00000      -     -   25s
     0     0    0.00000    0  218          -    0.00000      -     -   29s
     0     0    0.00000    0  201          -    0.00000      -     -   29s
     0     0    0.00000    0  251          -    0.00000      -     -   35s
     0     0    0.00000    0  410          -    0.00000      -     -   40s
     0     0    0.00000    0  255          -    0.00000      -     -   40s
     0     0    0.00000    0   27          -    0.00000      -     -   59s
     0     0    0.00000    0   54          -    0.00000      -     -   75s
     0     0    0.00000    0  207          -    0.00000      -     -   79s
     0     0    0.00000    0  167          -    0.00000      -     -   79s
     0     0    0.00000    0  385          -    0.00000      -     -   85s
     0     0    0.00000    0   20          -    0.00000      -     -  103s
     0     0    0.00000    0   18          -    0.00000      -     -  103s
     0     0    0.00000    0   25          -    0.00000      -     -  116s
     0     0    0.00000    0  361          -    0.00000      -     -  127s
     0     0    0.00000    0  204          -    0.00000      -     -  127s
     0     0    0.00000    0   35          -    0.00000      -     -  143s
     0     0    0.00000    0   26          -    0.00000      -     -  143s
     0     0    0.00000    0  322          -    0.00000      -     -  151s
     0     0    0.00000    0   64          -    0.00000      -     -  163s
     0     0    0.00000    0   36          -    0.00000      -     -  166s
H    0     0                    1038.5100000    0.00000   100%     -  174s
H    0     0                    1034.8000000    0.00000   100%     -  174s
H    0     0                     978.8700000    0.00000   100%     -  176s
H    0     0                     961.5300000    0.00000   100%     -  178s
H    0     0                     956.3900000    0.00000   100%     -  181s
H    0     0                     914.2800000    0.00000   100%     -  184s
     0     2    0.00000    0   36  914.28000    0.00000   100%     -  224s
     1     4    0.00000    1   69  914.28000    0.00000   100%  2664  229s
     3     8    0.00000    2  361  914.28000    0.00000   100%  5001  240s
     7    14    0.00000    3  234  914.28000    0.00000   100%  4409  246s
    23    54    0.00000    5  142  914.28000    0.00000   100%  3342  259s
H   38    54                     904.9400000    0.00000   100%  2180  259s
    55    62    0.00000    8   75  904.94000    0.00000   100%  1623  279s
    63    70    0.00000    9   66  904.94000    0.00000   100%  1525  304s
    71    78    0.00000   10   82  904.94000    0.00000   100%  1733  334s
    79    89    0.00000   11   87  904.94000    0.00000   100%  1799  374s
H   80    89                     898.3600000    0.00000   100%  1777  374s
H   89    89                     896.1100000    0.00000   100%  1826  374s
    90   258    0.00000   13  103  896.11000    0.00000   100%  1809  443s
H  115   258                     895.8600000    0.00000   100%  1557  443s
   328   589  205.88000   28   35  895.86000    0.00000   100%   961  505s
H  888   784                     852.2700000    0.00000   100%   631  544s
  1246  1148    0.00000   24   71  852.27000    0.00000   100%   551  592s
  1774  1437 infeasible   31       852.27000    0.00000   100%   552  624s
  2335  1438    0.00000   24   36  852.27000    0.00000   100%   504 1003s
  2337  1439  251.67000   19   34  852.27000    0.00000   100%   503 1027s
  2338  1440    0.00000   39  278  852.27000    0.00000   100%   503 1090s
H 2338  1367                     841.0600000    0.00000   100%   503 1112s
  2339  1368    0.00000   26  266  841.06000    0.00000   100%   503 1144s
  2340  1368    0.00000   17   35  841.06000    0.00000   100%   503 1185s
  2341  1369    0.00000   18  230  841.06000    0.00000   100%   502 1220s
  2342  1370  427.18000   63   27  841.06000    0.00000   100%   502 1252s
  2343  1370    0.00000   47   29  841.06000    0.00000   100%   502 1260s
  2344  1371  703.11000   42   65  841.06000    0.00000   100%   502 1292s
  2345  1372  384.14000   39  182  841.06000    0.00000   100%   502 1310s
  2346  1372    0.00000   62   36  841.06000    0.00000   100%   501 1351s
  2347  1373  197.72000   28  417  841.06000    0.00000   100%   501 1402s
  2348  1374    0.00000    6   35  841.06000    0.00000   100%   501 1419s
  2349  1374    0.00000   12  232  841.06000    0.00000   100%   501 1516s
  2350  1375    0.00000   30   39  841.06000    0.00000   100%   501 1558s
  2351  1376    0.00000   15  274  841.06000    0.00000   100%   500 1592s
  2352  1376  134.09000   36   33  841.06000    0.00000   100%   500 1618s
  2353  1377    0.00000   10   30  841.06000    0.00000   100%   500 1620s
  2354  1378    0.00000   41   18  841.06000    0.00000   100%   500 1680s
  2355  1378    0.00000   33   20  841.06000    0.00000   100%   499 1726s
H 2355  1309                     827.3100000    0.00000   100%   499 1743s
  2356  1310  184.40000   32   43  827.31000    0.00000   100%   499 1747s
  2357  1311    0.00000   16   21  827.31000    0.00000   100%   499 1752s
  2358  1311  308.59000   29   21  827.31000    0.00000   100%   499 1806s
  2359  1315    0.00000   16   16  827.31000    0.00000   100%   602 1814s
  2361  1318    0.00000   17  346  827.31000    0.00000   100%   604 1831s
  2365  1325    0.00000   18  162  827.31000    0.00000   100%   607 1844s
  2373  1330    0.00000   19   93  827.31000    0.00000   100%   614 1849s
  2381  1360    0.00000   20   91  827.31000    0.00000   100%   614 1871s
  2413  1357    0.00000   22  198  827.31000    0.00000   100%   626 1901s
H 2416  1290                     825.3100000    0.00000   100%   626 1901s
  2421  1358    0.00000   23   81  825.31000    0.00000   100%   628 1982s
  2491  1343    0.00000   26   40  825.31000    0.00000   100%   722 2439s
  2499  1504    0.00000   26   30  825.31000    0.00000   100%   720 2573s
H 2524  1433                     798.7100000    0.00000   100%   719 2573s
H 2721  1665                     798.4600000    0.00000   100%   687 2761s
  3287  1794    0.00000   65   29  798.46000    0.00000   100%   620 2887s
  3887  1777  366.13000   87   44  798.46000    0.00000   100%   552 3013s
H 4327  1574                     797.2000000    0.00000   100%   513 3095s
  4337  1622    0.00000   85   46  797.20000    0.00000   100%   514 3221s
H 4418  1542                     796.1300000    0.00000   100%   506 3221s
  4488  1797    0.00000   49   42  796.13000    0.00000   100%   501 3338s
  5088  1949    0.00000   53   42  796.13000    0.00000   100%   483 3457s
  5668  2169    0.00000  128   51  796.13000    0.00000   100%   472 3567s
  6212  2179 infeasible   65       796.13000    0.00000   100%   462 3600s

Cutting planes:
  Learned: 165
  Cover: 17
  Implied bound: 217
  MIR: 456
  StrongCG: 1
  Flow cover: 632
  GUB cover: 12
  Zero half: 1
  RLT: 732
  Relax-and-lift: 1403
  BQP: 713
  PSD: 113

Explored 6245 nodes (3073533 simplex iterations) in 3600.16 seconds (3765.79 work units)
Thread count was 8 (of 16 available processors)

Solution count 10: 796.13 797.2 798.46 ... 896.11

Time limit reached
Best objective 7.961300000000e+02, best bound 9.094947017729e-13, gap 100.0000%
