-------------------| STATISTICS |-------------------

Vehicles used                           : 25.0
Machines used                           : 75.0
Max load (vehicles)                     : 92.1053
Min load (vehicles)                     : 28.125
Mean load (vehicles)                    : 60.1151
Min completion time                     : 17.212
Max completion time                     : 55.33
Mean completion time                    : 36.271
Avrg travel time (with vehicle)         : 8.276
Avrg travel time (only with vehicle)    : 5.804
Avrg travel time (no vehicle)           : 2.472
Avrg waiting time (machine travel)      : 0.0
Avrg waiting time (service)             : 0.0
Machines travel times (with vehicle)    : [14.23, 7.852, 2.746, 0.0]
Machines travel times (no vehicle)      : [5.09, 2.326, 0.0, 0.0]
Max load per vehicle                    : [0.0, 28.125, 0.0, 0.0, 0.0, 0.0, 92.1053, 0.0]

----------------------------------------------------

TOTAL: 725.4200000000001

Everything is awesome!
