Set parameter WLSAccessID
Set parameter WLSSecret
Set parameter LicenseID to value 2661775
Academic license 2661775 - for non-commercial use only - registered to me___@dcc.ufba.br
Loading line 2: methodType heur
Loading line 3: methodCode mslp
Loading line 4: seed 0
Loading line 5: threads 1
Loading line 6: greedy_service_order random
Loading line 7: outputFlagGrbMSLP 0
Loading line 8: mslpa 60000
Loading line 9: mslpr I
Loading line 10: maxtime 3600
Loading line 11: output ./logs/
Loading line 12: printsol 1
Loading line 13: solverMethod A
Loading line 14: alpha 0.05 # selected from preliminary experiments
Instance: lr205_t2_08R_08V_02I_03M

[16:46:04.261] Running Data.readData with file /dados/rmelo/PDPTW-SE/benchmark_multi_island_v5/official_experiments/multistartlp/official/set_01_pt_01/../../../../instances/orig_ams_fg/08R_08V_02I_04M/t2/lr205/
vehicles: Vehicle[Vehicle(0, 34), Vehicle(1, 43), Vehicle(2, 52), Vehicle(3, 43), Vehicle(4, 34), Vehicle(5, 43), Vehicle(6, 52), Vehicle(7, 34)]
vehicle_types: Vehicle[Vehicle(0, 34), Vehicle(1, 43), Vehicle(2, 52)]
Machine[Machine(0, Point[Point(38, 29, 0), Point(48, 36, 1)], 1.0), Machine(1, Point[Point(38, 28, 0), Point(47, 36, 1)], 1.0), Machine(2, Point[Point(39, 27, 0), Point(45, 37, 1)], 1.0)]
refs: [1, 2, 3, 4, 5, 6, 7, 8, 9, 14, 15, 12, 17, 11, 13, 16, 10, 1]
V: [1, 2, 3, 4, 5, 6, 7, 8, 9, 10, 11, 12, 13, 14, 15, 16, 17]
V_p: [2, 3, 4, 5, 6, 7, 8, 9]
V_d: [10, 11, 12, 13, 14, 15, 16, 17]
Vprime: [1, 2, 3, 4, 5, 6, 7, 8, 9, 10, 11, 12, 13, 14, 15, 16, 17, 18]
V: [1, 2, 3, 4, 5, 6, 7, 8, 9, 10, 11, 12, 13, 14, 15, 16, 17]
q: [0, 13, 26, 3, 5, 16, 12, 19, 20, -13, -26, -3, -5, -16, -12, -19, -20, 0]
H: [1, 2, 3]
f: [[1, 1, 1], [2, 2, 2], [1, 1, 1], [1, 1, 1], [2, 2, 2], [2, 2, 2], [2, 2, 2], [2, 2, 2], [1, 1, 1], [2, 2, 2], [1, 1, 1], [1, 1, 1], [1, 1, 1], [1, 1, 1], [2, 2, 2], [2, 2, 2], [1, 1, 1], [1, 1, 1]]
1 1 1 -> 0.0
1 2 1 -> 12.21
2 1 1 -> 12.21
2 2 1 -> 0.0
1 1 2 -> 0.0
1 2 2 -> 12.04
2 1 2 -> 12.04
2 2 2 -> 0.0
1 1 3 -> 0.0
1 2 3 -> 11.66
2 1 3 -> 11.66
2 2 3 -> 0.0
o: (1, 2, 1) => 12.21
o: (1, 2, 3) => 11.66
o: (1, 1, 2) => 0.0
o: (1, 2, 2) => 12.04
o: (2, 1, 1) => 12.21
o: (2, 1, 3) => 11.66
o: (2, 2, 1) => 0.0
o: (2, 2, 3) => 0.0
o: (2, 1, 2) => 12.04
o: (1, 1, 1) => 0.0
o: (1, 1, 3) => 0.0
o: (2, 2, 2) => 0.0

[79, 1095, 1085, 1052, 1042, 1054, 1026, 14]
JOBS in the order of refs (Vprime)
Node 1: Job(0, Point(35, 35, 0), 0, 0, 1000, 0, 0, 0)
Node 2: Job(3, Point(55, 45, 1), 13, 436, 676, 10, 0, 50)
Node 3: Job(5, Point(15, 30, 0), 26, 20, 260, 10, 0, 53)
Node 4: Job(6, Point(25, 30, 0), 3, 345, 585, 10, 0, 22)
Node 5: Job(7, Point(20, 50, 1), 5, 251, 491, 10, 0, 99)
Node 6: Job(10, Point(30, 60, 1), 16, 485, 725, 10, 0, 17)
Node 7: Job(11, Point(20, 65, 1), 12, 146, 386, 10, 0, 24)
Node 8: Job(12, Point(50, 35, 1), 19, 167, 407, 10, 0, 66)
Node 9: Job(14, Point(15, 10, 0), 20, 32, 272, 10, 0, 16)
Node 10: Job(50, Point(47, 47, 1), -13, 475, 715, 10, 3, 0)
Node 11: Job(53, Point(37, 31, 0), -26, 332, 572, 10, 5, 0)
Node 12: Job(22, Point(45, 10, 0), -3, 332, 572, 10, 6, 0)
Node 13: Job(99, Point(20, 26, 0), -5, 263, 503, 10, 7, 0)
Node 14: Job(17, Point(5, 30, 0), -16, 682, 922, 10, 10, 0)
Node 15: Job(24, Point(65, 35, 1), -12, 656, 896, 10, 11, 0)
Node 16: Job(66, Point(49, 73, 1), -19, 523, 763, 10, 12, 0)
Node 17: Job(16, Point(10, 20, 0), -20, 203, 443, 10, 14, 0)
Node 18: Job(0, Point(35, 35, 0), 0, 0, 1000, 0, 0, 0)

### Preprocessing Data ###
	-> arcs: 324 (100.0%)
	-> arc_removals: 166 (51.23%)
	-> arc_removals_is_loop: 18 (5.56%)
	-> arc_removals_is_delivery_to_pickup: 10 (3.09%)
	-> arc_removals_is_depot_begin_to_delivery: 8 (2.47%)
	-> arc_removals_is_pickup_to_depot_end: 8 (2.47%)
	-> arc_removals_is_dest_depot_begin: 16 (4.94%)
	-> arc_removals_is_orig_depot_end: 15 (4.63%)
	-> arc_removals_is_capacity_violated: 0 (0.0%)
	-> arc_removals_is_time_window_limited: 68 (20.99%)
	-> arc_removals_is_time_window_pairing_limited: 20 (6.17%)
	-> arc_removals_is_indirect_request_service_impossible: 3 (0.93%)
	-> gamma_vars: 0 (0%)
	-> feas_gamma_vars: 0 (0%)
	-> infeas_gamma_vars_is_next_mtrv_unreachable: 0 (0%)
	-> infeas_gamma_vars_is_iprime_jprime_eq_i_j: 0 (0%)
	-> machine_removal_for_an_arc: 0 (0.0%)
##########################

[16:46:14.114] Print configuration
------------------------------------------------------
"
[16:46:14.114] Running Multi Start Heuristic"
> Experiment started at 2025-10-14T16:46:14.114
> Instance: lr205_t2_08R_08V_02I_03M
> Algorithm Parameters:


	>Stop params:
		>  - rule ITERATIONS
		>  - argument 60000.0
		>  - maximum_time 3600

	>General params:
		>  - instPath /dados/rmelo/PDPTW-SE/benchmark_multi_island_v5/official_experiments/multistartlp/official/set_01_pt_01/../../../../instances/orig_ams_fg/08R_08V_02I_04M/t2/lr205/
		>  - name lr205
		>  - type t2
		>  - group 08R_08V_02I_03M
		>  - fullname lr205_t2_08R_08V_02I_03M
		>  - methodType heur
		>  - methodCode mslp
		>  - genconfigfile /dados/rmelo/PDPTW-SE/benchmark_multi_island_v5/official_experiments/multistartlp/official/set_01_pt_01/configs/genconfig_mslp.conf
		>  - genconfigfilename genconfig_mslp
		>  - greedy_service_order random
		>  - cutoff 0
		>  - cutoffmachs 3
		>  - num_machs 0
		>  - solver Gurobi
		>  - maxtime 3600
		>  - gurobiCuts 1
		>  - typeUserCut 0
		>  - mipPresolve -1
		>  - printsol 1
		>  - maxnodes -1
		>  - elevator 0
		>  - make_instance_feasible false
		>  - output /dados/rmelo/PDPTW-SE/benchmark_multi_island_v5/official_experiments/multistartlp/official/set_01_pt_01/logs
		>  - suff_outputs _seed_58
		>  - suff_csv _bash_3
		>  - epsilon 0.005
		>  - epsilonCap 0.5
		>  - warmStart false
		>  - seed 58
		>  - rng Random.MersenneTwister(58)
		>  - alpha 0.05
		>  - maxiter 1000000
		>  - outputFlagGrbMIP 0
		>  - outputFlagGrbMSLP 0
		>  - outputFlagGrbLMNS 0
		>  - mslpr I
		>  - mslpa 60000
		>  - lmnsr M
		>  - lmnsa 60
		>  - lmnsRepairTime 30.0
		>  - lmnsMIPFocus 0
		>  - lmnsGapToBiggerDestruction 50
		>  - lmnsGapToSmallerDestruction 95
		>  - lmnsWeightShawDistProx 1.0
		>  - lmnsWeightShawEarlProx 1.0
		>  - lmnsWeightShawSameRoute 1.0
		>  - lmnsWeightShawDemandSim 1.0
		>  - lmnsReqRApplyMIPStart true
		>  - lmnsAcceptanceCriteria H
		>  - lmnsMetropolisTemp 100.0
		>  - lmnsSimulatedAnnealingTemp 100.0
		>  - lmnsSimulatedAnnealingCool 0.95
		>  - mipmaxtime 3600
		>  - csvfilename /dados/rmelo/PDPTW-SE/benchmark_multi_island_v5/official_experiments/multistartlp/official/set_01_pt_01/logs/heur_mslp/outputs/csvresults_heur_mslp_bash_3.csv
		>  - solfilename /dados/rmelo/PDPTW-SE/benchmark_multi_island_v5/official_experiments/multistartlp/official/set_01_pt_01/logs/heur_mslp/solutions/08R_08V_02I_03M/lr205_sol_genconfig_mslp_seed_58.txt
		>  - timelineFilename /dados/rmelo/PDPTW-SE/benchmark_multi_island_v5/official_experiments/multistartlp/official/set_01_pt_01/logs/heur_mslp/timelines/08R_08V_02I_03M/lr205_timeline_genconfig_mslp_seed_58.txt
		>  - grbFilename /dados/rmelo/PDPTW-SE/benchmark_multi_island_v5/official_experiments/multistartlp/official/set_01_pt_01/logs/heur_mslp/gurobi/08R_08V_02I_03M/lr205_grb_genconfig_mslp_seed_58.log
		>  - threads 1
		>  - solverMethod AUTOMATIC

------------------------------------------------------

[16:46:14.22] Starting running MSLP
objValue;greedysol;iteration;time
926.33;1424.36;1;0.000000
850.40;1382.96;2;0.284036
817.62;1162.37;3;0.285725
717.33;1162.86;7;0.292383
710.37;1016.52;21;0.329709
675.60;806.80;435;1.292332
670.87;790.67;1662;3.983315
665.57;796.77;2207;5.110445
661.76;792.96;6698;14.607890
659.47;790.67;6974;15.191922
659.45;1140.50;46583;98.170986

[16:48:47.906] Finished running MSLP
System CPU time: 27.11 seconds

[16:48:47.978] Post running MSLP
Best solution value: 659.45
Total time elapsed: 125.943398
Time to best: 98.170986
Iterations: 60000
Iterations to best: 46583
Improvements: 11
Infeasible solutions percentage: (0 / 60000) = 0.0000 %
(LP improvements)/(LP runs) = 60000/60000 = 100.0000 %
Mean LP improvement percentage: 28.0856 %
[16:48:48.228] Writing results to CSV file: /dados/rmelo/PDPTW-SE/benchmark_multi_island_v5/official_experiments/multistartlp/official/set_01_pt_01/logs/heur_mslp/outputs/csvresults_heur_mslp_bash_3.csv

[16:48:50.32] Saving solution to file:/dados/rmelo/PDPTW-SE/benchmark_multi_island_v5/official_experiments/multistartlp/official/set_01_pt_01/logs/heur_mslp/solutions/08R_08V_02I_03M/lr205_sol_genconfig_mslp_seed_58.txt

[16:48:50.32] Saving solution timeline to file: /dados/rmelo/PDPTW-SE/benchmark_multi_island_v5/official_experiments/multistartlp/official/set_01_pt_01/logs/heur_mslp/timelines/08R_08V_02I_03M/lr205_timeline_genconfig_mslp_seed_58.txt
---------------------| VEHICLES |---------------------

Vehicle 2 :
	id: 0
		node: 1
		(x, y, z): (35, 35, 0)
		dem: 0
		earl: 0
		lat: 1000
		servt: 0
		pid: 0
		did: 0
		servST: 260.00000000000006
		(h, h_ind): (-1, 0)
		load: 0.0

	Finished service at time: 260.00000000000006

	Using Machine: 0
		Task 0 -> Machine 0 (Station 1): 6.71
		Vehicle arrival at machine station: 266.71000000000004
		Waiting time until machine travel: 0.0

		Machine travel start time: 266.71000000000004
		Region 0 -> Region 1: 12.21
		Machine arrival at machine station: 278.92

		Machine 0 (Station 2)-> Task 12: 2.24
		Vehicle arrival at task: 281.16
		Waiting time until service start time: 0.0

	id: 12
		node: 8
		(x, y, z): (50, 35, 1)
		dem: 19
		earl: 167
		lat: 407
		servt: 10
		pid: 0
		did: 66
		servST: 281.16
		(h, h_ind): (0, 1)
		load: 19.0

	Finished service at time: 291.16

	Task 12 -> Task 11: 42.43
	Vehicle arrival at task: 333.59000000000003
	Waiting time until service start time: 0.0

	id: 11
		node: 7
		(x, y, z): (20, 65, 1)
		dem: 12
		earl: 146
		lat: 386
		servt: 10
		pid: 0
		did: 24
		servST: 333.59000000000003
		(h, h_ind): (-1, 0)
		load: 31.0

	Finished service at time: 343.59000000000003

	Task 11 -> Task 7: 15.0
	Vehicle arrival at task: 358.59000000000003
	Waiting time until service start time: 0.0

	id: 7
		node: 5
		(x, y, z): (20, 50, 1)
		dem: 5
		earl: 251
		lat: 491
		servt: 10
		pid: 0
		did: 99
		servST: 358.59000000000003
		(h, h_ind): (-1, 0)
		load: 36.0

	Finished service at time: 368.59000000000003

	Using Machine: 2
		Task 7 -> Machine 2 (Station 2): 28.18
		Vehicle arrival at machine station: 396.77000000000004
		Waiting time until machine travel: 0.0

		Machine travel start time: 396.77000000000004
		Region 1 -> Region 0: 11.66
		Machine arrival at machine station: 408.43000000000006

		Machine 2 (Station 1)-> Task 6: 14.32
		Vehicle arrival at task: 422.75000000000006
		Waiting time until service start time: 0.0

	id: 6
		node: 4
		(x, y, z): (25, 30, 0)
		dem: 3
		earl: 345
		lat: 585
		servt: 10
		pid: 0
		did: 22
		servST: 422.75000000000006
		(h, h_ind): (2, 1)
		load: 39.0

	Finished service at time: 432.75000000000006

	Task 6 -> Task 99: 6.4
	Vehicle arrival at task: 439.15000000000003
	Waiting time until service start time: 0.0

	id: 99
		node: 13
		(x, y, z): (20, 26, 0)
		dem: -5
		earl: 263
		lat: 503
		servt: 10
		pid: 7
		did: 0
		servST: 439.15000000000003
		(h, h_ind): (-1, 0)
		load: 34.0

	Finished service at time: 449.15000000000003

	Task 99 -> Task 22: 29.68
	Vehicle arrival at task: 478.83000000000004
	Waiting time until service start time: 0.0

	id: 22
		node: 12
		(x, y, z): (45, 10, 0)
		dem: -3
		earl: 332
		lat: 572
		servt: 10
		pid: 6
		did: 0
		servST: 478.83000000000004
		(h, h_ind): (-1, 0)
		load: 31.0

	Finished service at time: 488.83000000000004

	Using Machine: 2
		Task 22 -> Machine 2 (Station 1): 18.03
		Vehicle arrival at machine station: 506.86
		Waiting time until machine travel: 0.0

		Machine travel start time: 506.86
		Region 0 -> Region 1: 11.66
		Machine arrival at machine station: 518.52

		Machine 2 (Station 2)-> Task 3: 12.81
		Vehicle arrival at task: 531.3299999999999
		Waiting time until service start time: 0.0

	id: 3
		node: 2
		(x, y, z): (55, 45, 1)
		dem: 13
		earl: 436
		lat: 676
		servt: 10
		pid: 0
		did: 50
		servST: 531.33
		(h, h_ind): (2, 2)
		load: 44.0

	Finished service at time: 541.33

	Task 3 -> Task 66: 28.64
	Vehicle arrival at task: 569.97
	Waiting time until service start time: 0.0

	id: 66
		node: 16
		(x, y, z): (49, 73, 1)
		dem: -19
		earl: 523
		lat: 763
		servt: 10
		pid: 12
		did: 0
		servST: 569.97
		(h, h_ind): (-1, 0)
		load: 25.0

	Finished service at time: 579.97

	Task 66 -> Task 10: 23.02
	Vehicle arrival at task: 602.99
	Waiting time until service start time: 0.0

	id: 10
		node: 6
		(x, y, z): (30, 60, 1)
		dem: 16
		earl: 485
		lat: 725
		servt: 10
		pid: 0
		did: 17
		servST: 602.99
		(h, h_ind): (-1, 0)
		load: 41.0

	Finished service at time: 612.99

	Task 10 -> Task 24: 43.01
	Vehicle arrival at task: 656.0
	Waiting time until service start time: 0.0

	id: 24
		node: 15
		(x, y, z): (65, 35, 1)
		dem: -12
		earl: 656
		lat: 896
		servt: 10
		pid: 11
		did: 0
		servST: 656.0
		(h, h_ind): (-1, 0)
		load: 29.0

	Finished service at time: 666.0

	Task 24 -> Task 50: 21.63
	Vehicle arrival at task: 687.63
	Waiting time until service start time: 0.0

	id: 50
		node: 10
		(x, y, z): (47, 47, 1)
		dem: -13
		earl: 475
		lat: 715
		servt: 10
		pid: 3
		did: 0
		servST: 687.63
		(h, h_ind): (-1, 0)
		load: 16.0

	Finished service at time: 697.63

	Using Machine: 2
		Task 50 -> Machine 2 (Station 2): 10.2
		Vehicle arrival at machine station: 707.83
		Waiting time until machine travel: 0.0

		Machine travel start time: 707.83
		Region 1 -> Region 0: 11.66
		Machine arrival at machine station: 719.49

		Machine 2 (Station 1)-> Task 17: 34.13
		Vehicle arrival at task: 753.62
		Waiting time until service start time: 0.0

	id: 17
		node: 14
		(x, y, z): (5, 30, 0)
		dem: -16
		earl: 682
		lat: 922
		servt: 10
		pid: 10
		did: 0
		servST: 753.62
		(h, h_ind): (2, 3)
		load: 0.0

	Finished service at time: 763.62

	Task 17 -> Task 0: 30.41
	Vehicle arrival at task: 794.03
	Waiting time until service start time: 0.0

	id: 0
		node: 18
		(x, y, z): (35, 35, 0)
		dem: 0
		earl: 0
		lat: 1000
		servt: 0
		pid: 0
		did: 0
		servST: 794.03
		(h, h_ind): (-1, 0)
		load: 0.0


Vehicle 6 :
	id: 0
		node: 1
		(x, y, z): (35, 35, 0)
		dem: 0
		earl: 0
		lat: 1000
		servt: 0
		pid: 0
		did: 0
		servST: 221.05
		(h, h_ind): (-1, 0)
		load: 0.0

	Finished service at time: 221.05

	Task 0 -> Task 5: 20.62
	Vehicle arrival at task: 241.67000000000002
	Waiting time until service start time: 0.0

	id: 5
		node: 3
		(x, y, z): (15, 30, 0)
		dem: 26
		earl: 20
		lat: 260
		servt: 10
		pid: 0
		did: 53
		servST: 241.67000000000002
		(h, h_ind): (-1, 0)
		load: 26.0

	Finished service at time: 251.67000000000002

	Task 5 -> Task 14: 20.0
	Vehicle arrival at task: 271.67
	Waiting time until service start time: 0.0

	id: 14
		node: 9
		(x, y, z): (15, 10, 0)
		dem: 20
		earl: 32
		lat: 272
		servt: 10
		pid: 0
		did: 16
		servST: 271.67
		(h, h_ind): (-1, 0)
		load: 46.0

	Finished service at time: 281.67

	Task 14 -> Task 16: 11.18
	Vehicle arrival at task: 292.85
	Waiting time until service start time: 0.0

	id: 16
		node: 17
		(x, y, z): (10, 20, 0)
		dem: -20
		earl: 203
		lat: 443
		servt: 10
		pid: 14
		did: 0
		servST: 292.85
		(h, h_ind): (-1, 0)
		load: 26.0

	Finished service at time: 302.85

	Task 16 -> Task 53: 29.15
	Vehicle arrival at task: 332.0
	Waiting time until service start time: 0.0

	id: 53
		node: 11
		(x, y, z): (37, 31, 0)
		dem: -26
		earl: 332
		lat: 572
		servt: 10
		pid: 5
		did: 0
		servST: 332.0
		(h, h_ind): (-1, 0)
		load: 0.0

	Finished service at time: 342.0

	Task 53 -> Task 0: 4.47
	Vehicle arrival at task: 346.47
	Waiting time until service start time: 0.0

	id: 0
		node: 18
		(x, y, z): (35, 35, 0)
		dem: 0
		earl: 0
		lat: 1000
		servt: 0
		pid: 0
		did: 0
		servST: 346.47
		(h, h_ind): (-1, 0)
		load: 0.0


---------------------| MACHINES |---------------------

Machine 0 :
	setup duration: 0.0

	vehicle: 2
	vehicleInd: 2
	(orig, dest): (0, 12)
	(origRegion, destRegion): (0, 1)
	st: 266.71000000000004
	duration: 12.21


Machine 2 :
	setup duration: 11.66

	vehicle: 2
	vehicleInd: 5
	(orig, dest): (7, 6)
	(origRegion, destRegion): (1, 0)
	st: 396.77000000000004
	duration: 11.66

	setup duration: 0.0

	vehicle: 2
	vehicleInd: 8
	(orig, dest): (22, 3)
	(origRegion, destRegion): (0, 1)
	st: 506.86
	duration: 11.66

	setup duration: 0.0

	vehicle: 2
	vehicleInd: 13
	(orig, dest): (50, 17)
	(origRegion, destRegion): (1, 0)
	st: 707.83
	duration: 11.66


-------------------| COMPL. TIMES |-------------------

Vehicle 0 : 0.0
Vehicle 1 : 0.0
Vehicle 2 : 534.03
Vehicle 3 : 0.0
Vehicle 4 : 0.0
Vehicle 5 : 0.0
Vehicle 6 : 125.42000000000002
Vehicle 7 : 0.0
-------------------| STATISTICS |-------------------

    Vehicles used                           : 25.0
    Machines used                           : 66.6667
    Max load (vehicles)                     : 88.4615
    Min load (vehicles)                     : 84.6154
    Mean load (vehicles)                    : 86.5385
    Min completion time                     : 12.542
    Max completion time                     : 53.403
    Mean completion time                    : 32.9725
    Avrg travel time (with vehicle)         : 2.9425
    Avrg travel time (only with vehicle)    : 2.3595
    Avrg travel time (no vehicle)           : 0.583
    Avrg waiting time (machine travel)      : 0.0
    Avrg waiting time (service)             : 0.0
    Machines travel times (with vehicle)    : [1.221, 0.0, 4.664]
    Machines travel times (no vehicle)      : [0.0, 0.0, 1.166]
    Max load per vehicle                    : [0.0, 0.0, 84.6154, 0.0, 0.0, 0.0, 88.4615, 0.0]

----------------------------------------------------

TOTAL: 659.45

Everything is awesome!
