Set parameter WLSAccessID
Set parameter WLSSecret
Set parameter LicenseID to value 2661775
Academic license 2661775 - for non-commercial use only - registered to me___@dcc.ufba.br
Loading line 2: methodType heur
Loading line 3: methodCode mslp
Loading line 4: seed 0
Loading line 5: threads 1
Loading line 6: greedy_service_order random
Loading line 7: outputFlagGrbMSLP 0
Loading line 8: mslpa 60000
Loading line 9: mslpr I
Loading line 10: maxtime 3600
Loading line 11: output ./logs/
Loading line 12: printsol 1
Loading line 13: solverMethod A
Loading line 14: alpha 0.05 # selected from preliminary experiments
Instance: LR2_2_3_t2_40R_40V_02I_05M

[00:24:42.605] Running Data.readData with file /dados/rmelo/PDPTW-SE/benchmark_multi_island_v5/official_experiments/multistartlp/official/set_01_pt_02/../../../../instances/orig_ams_fg/40R_40V_02I_06M/t2/LR2_2_3/
vehicles: Vehicle[Vehicle(0, 48), Vehicle(1, 60), Vehicle(2, 72), Vehicle(3, 72), Vehicle(4, 48), Vehicle(5, 72), Vehicle(6, 48), Vehicle(7, 60), Vehicle(8, 48), Vehicle(9, 60), Vehicle(10, 72), Vehicle(11, 60), Vehicle(12, 72), Vehicle(13, 48), Vehicle(14, 48), Vehicle(15, 60), Vehicle(16, 72), Vehicle(17, 72), Vehicle(18, 48), Vehicle(19, 72), Vehicle(20, 48), Vehicle(21, 60), Vehicle(22, 60), Vehicle(23, 48), Vehicle(24, 60), Vehicle(25, 60), Vehicle(26, 48), Vehicle(27, 48), Vehicle(28, 60), Vehicle(29, 60), Vehicle(30, 48), Vehicle(31, 60), Vehicle(32, 72), Vehicle(33, 48), Vehicle(34, 60), Vehicle(35, 60), Vehicle(36, 72), Vehicle(37, 72), Vehicle(38, 72), Vehicle(39, 60)]
vehicle_types: Vehicle[Vehicle(0, 48), Vehicle(1, 60), Vehicle(2, 72)]
Machine[Machine(0, Point[Point(73, 69, 0), Point(76, 73, 1)], 1.0), Machine(1, Point[Point(76, 68, 0), Point(72, 73, 1)], 1.0), Machine(2, Point[Point(78, 67, 0), Point(69, 74, 1)], 1.0), Machine(3, Point[Point(81, 66, 0), Point(65, 75, 1)], 1.0), Machine(4, Point[Point(83, 66, 0), Point(62, 76, 1)], 1.0)]
refs: [1, 2, 3, 4, 5, 6, 7, 9, 11, 14, 15, 16, 17, 18, 19, 20, 21, 22, 23, 24, 27, 28, 29, 30, 31, 32, 33, 37, 38, 40, 41, 42, 44, 45, 46, 49, 50, 51, 53, 54, 55, 35, 52, 60, 26, 34, 13, 57, 70, 63, 74, 61, 8, 78, 71, 81, 58, 72, 79, 36, 73, 80, 64, 77, 76, 12, 39, 25, 69, 65, 56, 48, 68, 62, 67, 59, 75, 10, 43, 47, 66, 1]
V: [1, 2, 3, 4, 5, 6, 7, 8, 9, 10, 11, 12, 13, 14, 15, 16, 17, 18, 19, 20, 21, 22, 23, 24, 25, 26, 27, 28, 29, 30, 31, 32, 33, 34, 35, 36, 37, 38, 39, 40, 41, 42, 43, 44, 45, 46, 47, 48, 49, 50, 51, 52, 53, 54, 55, 56, 57, 58, 59, 60, 61, 62, 63, 64, 65, 66, 67, 68, 69, 70, 71, 72, 73, 74, 75, 76, 77, 78, 79, 80, 81]
V_p: [2, 3, 4, 5, 6, 7, 8, 9, 10, 11, 12, 13, 14, 15, 16, 17, 18, 19, 20, 21, 22, 23, 24, 25, 26, 27, 28, 29, 30, 31, 32, 33, 34, 35, 36, 37, 38, 39, 40, 41]
V_d: [42, 43, 44, 45, 46, 47, 48, 49, 50, 51, 52, 53, 54, 55, 56, 57, 58, 59, 60, 61, 62, 63, 64, 65, 66, 67, 68, 69, 70, 71, 72, 73, 74, 75, 76, 77, 78, 79, 80, 81]
Vprime: [1, 2, 3, 4, 5, 6, 7, 8, 9, 10, 11, 12, 13, 14, 15, 16, 17, 18, 19, 20, 21, 22, 23, 24, 25, 26, 27, 28, 29, 30, 31, 32, 33, 34, 35, 36, 37, 38, 39, 40, 41, 42, 43, 44, 45, 46, 47, 48, 49, 50, 51, 52, 53, 54, 55, 56, 57, 58, 59, 60, 61, 62, 63, 64, 65, 66, 67, 68, 69, 70, 71, 72, 73, 74, 75, 76, 77, 78, 79, 80, 81, 82]
V: [1, 2, 3, 4, 5, 6, 7, 8, 9, 10, 11, 12, 13, 14, 15, 16, 17, 18, 19, 20, 21, 22, 23, 24, 25, 26, 27, 28, 29, 30, 31, 32, 33, 34, 35, 36, 37, 38, 39, 40, 41, 42, 43, 44, 45, 46, 47, 48, 49, 50, 51, 52, 53, 54, 55, 56, 57, 58, 59, 60, 61, 62, 63, 64, 65, 66, 67, 68, 69, 70, 71, 72, 73, 74, 75, 76, 77, 78, 79, 80, 81]
q: [0, 20, 14, 26, 27, 18, 22, 9, 22, 19, 27, 8, 20, 14, 13, 21, 12, 30, 13, 13, 8, 20, 36, 15, 21, 6, 15, 15, 16, 20, 26, 1, 13, 20, 32, 31, 19, 17, 12, 9, 9, -20, -14, -26, -27, -18, -22, -9, -22, -19, -27, -8, -20, -14, -13, -21, -12, -30, -13, -13, -8, -20, -36, -15, -21, -6, -15, -15, -16, -20, -26, -1, -13, -20, -32, -31, -19, -17, -12, -9, -9, 0]
H: [1, 2, 3, 4, 5]
f: [[1, 1, 1, 1, 1], [1, 1, 1, 1, 1], [1, 1, 1, 1, 1], [2, 2, 2, 2, 2], [2, 2, 2, 2, 2], [2, 2, 2, 2, 2], [2, 2, 2, 2, 2], [2, 2, 2, 2, 2], [2, 2, 2, 2, 2], [1, 1, 1, 1, 1], [2, 2, 2, 2, 2], [2, 2, 2, 2, 2], [1, 1, 1, 1, 1], [2, 2, 2, 2, 2], [1, 1, 1, 1, 1], [2, 2, 2, 2, 2], [1, 1, 1, 1, 1], [1, 1, 1, 1, 1], [1, 1, 1, 1, 1], [1, 1, 1, 1, 1], [1, 1, 1, 1, 1], [1, 1, 1, 1, 1], [1, 1, 1, 1, 1], [2, 2, 2, 2, 2], [2, 2, 2, 2, 2], [1, 1, 1, 1, 1], [1, 1, 1, 1, 1], [1, 1, 1, 1, 1], [2, 2, 2, 2, 2], [2, 2, 2, 2, 2], [2, 2, 2, 2, 2], [1, 1, 1, 1, 1], [1, 1, 1, 1, 1], [1, 1, 1, 1, 1], [1, 1, 1, 1, 1], [2, 2, 2, 2, 2], [1, 1, 1, 1, 1], [2, 2, 2, 2, 2], [1, 1, 1, 1, 1], [2, 2, 2, 2, 2], [1, 1, 1, 1, 1], [1, 1, 1, 1, 1], [1, 1, 1, 1, 1], [2, 2, 2, 2, 2], [2, 2, 2, 2, 2], [1, 1, 1, 1, 1], [2, 2, 2, 2, 2], [2, 2, 2, 2, 2], [2, 2, 2, 2, 2], [1, 1, 1, 1, 1], [1, 1, 1, 1, 1], [2, 2, 2, 2, 2], [1, 1, 1, 1, 1], [1, 1, 1, 1, 1], [1, 1, 1, 1, 1], [2, 2, 2, 2, 2], [1, 1, 1, 1, 1], [1, 1, 1, 1, 1], [1, 1, 1, 1, 1], [2, 2, 2, 2, 2], [2, 2, 2, 2, 2], [2, 2, 2, 2, 2], [1, 1, 1, 1, 1], [2, 2, 2, 2, 2], [2, 2, 2, 2, 2], [1, 1, 1, 1, 1], [1, 1, 1, 1, 1], [1, 1, 1, 1, 1], [2, 2, 2, 2, 2], [2, 2, 2, 2, 2], [1, 1, 1, 1, 1], [1, 1, 1, 1, 1], [2, 2, 2, 2, 2], [1, 1, 1, 1, 1], [1, 1, 1, 1, 1], [2, 2, 2, 2, 2], [1, 1, 1, 1, 1], [1, 1, 1, 1, 1], [2, 2, 2, 2, 2], [2, 2, 2, 2, 2], [1, 1, 1, 1, 1], [1, 1, 1, 1, 1]]
1 1 1 -> 0.0
1 2 1 -> 5.0
2 1 1 -> 5.0
2 2 1 -> 0.0
1 1 2 -> 0.0
1 2 2 -> 6.4
2 1 2 -> 6.4
2 2 2 -> 0.0
1 1 3 -> 0.0
1 2 3 -> 11.4
2 1 3 -> 11.4
2 2 3 -> 0.0
1 1 4 -> 0.0
1 2 4 -> 18.36
2 1 4 -> 18.36
2 2 4 -> 0.0
1 1 5 -> 0.0
1 2 5 -> 23.26
2 1 5 -> 23.26
2 2 5 -> 0.0
o: (1, 2, 1) => 5.0
o: (1, 2, 5) => 23.26
o: (1, 2, 3) => 11.4
o: (1, 1, 2) => 0.0
o: (2, 1, 4) => 18.36
o: (1, 2, 2) => 6.4
o: (2, 1, 1) => 5.0
o: (2, 1, 5) => 23.26
o: (2, 1, 3) => 11.4
o: (2, 2, 4) => 0.0
o: (2, 2, 1) => 0.0
o: (2, 2, 5) => 0.0
o: (2, 2, 3) => 0.0
o: (2, 1, 2) => 6.4
o: (1, 1, 4) => 0.0
o: (1, 1, 1) => 0.0
o: (1, 1, 5) => 0.0
o: (1, 1, 3) => 0.0
o: (1, 2, 4) => 18.36
o: (2, 2, 2) => 0.0

[109, 2730, 2720, 2643, 2633, 2656, 2583, 25]
JOBS in the order of refs (Vprime)
Node 1: Job(0, Point(70, 70, 0), 0, 0, 2535, 0, 0, 0)
Node 2: Job(3, Point(30, 57, 0), 20, 0, 2483, 10, 0, 52)
Node 3: Job(4, Point(29, 60, 0), 14, 0, 2483, 10, 0, 76)
Node 4: Job(5, Point(69, 116, 1), 26, 0, 2479, 10, 0, 99)
Node 5: Job(6, Point(137, 137, 1), 27, 378, 539, 10, 0, 40)
Node 6: Job(7, Point(103, 119, 1), 18, 1329, 1463, 10, 0, 51)
Node 7: Job(8, Point(78, 111, 1), 22, 112, 222, 10, 0, 21)
Node 8: Job(13, Point(121, 123, 1), 9, 0, 2452, 10, 0, 83)
Node 9: Job(18, Point(79, 72, 1), 22, 0, 2516, 10, 0, 150)
Node 10: Job(23, Point(78, 63, 0), 19, 0, 2515, 10, 0, 116)
Node 11: Job(24, Point(95, 135, 1), 27, 1622, 1703, 10, 0, 175)
Node 12: Job(26, Point(64, 132, 1), 8, 168, 411, 10, 0, 105)
Node 13: Job(29, Point(120, 14, 0), 20, 1030, 1159, 10, 0, 9)
Node 14: Job(30, Point(10, 86, 1), 14, 0, 2463, 10, 0, 188)
Node 15: Job(31, Point(140, 42, 0), 13, 0, 2450, 10, 0, 155)
Node 16: Job(32, Point(121, 124, 1), 21, 575, 744, 10, 0, 198)
Node 17: Job(33, Point(42, 29, 0), 12, 0, 2476, 10, 0, 97)
Node 18: Job(34, Point(44, 58, 0), 30, 47, 182, 10, 0, 165)
Node 19: Job(36, Point(41, 36, 0), 13, 203, 328, 10, 0, 192)
Node 20: Job(37, Point(106, 10, 0), 13, 1229, 1282, 10, 0, 53)
Node 21: Job(41, Point(81, 57, 0), 8, 33, 104, 10, 0, 173)
Node 22: Job(42, Point(120, 52, 0), 20, 0, 2472, 10, 0, 194)
Node 23: Job(43, Point(113, 32, 0), 36, 0, 2468, 10, 0, 120)
Node 24: Job(45, Point(82, 103, 1), 15, 0, 2490, 10, 0, 186)
Node 25: Job(46, Point(10, 111, 1), 21, 1975, 2088, 10, 0, 180)
Node 26: Job(47, Point(90, 44, 0), 6, 240, 298, 10, 0, 19)
Node 27: Job(49, Point(89, 24, 0), 15, 0, 2476, 10, 0, 56)
Node 28: Job(54, Point(13, 48, 0), 15, 1691, 1793, 10, 0, 39)
Node 29: Job(55, Point(84, 88, 1), 16, 1428, 1541, 10, 0, 148)
Node 30: Job(57, Point(69, 115, 1), 20, 0, 2480, 10, 0, 126)
Node 31: Job(58, Point(59, 115, 1), 26, 1239, 1392, 10, 0, 82)
Node 32: Job(59, Point(105, 2, 0), 1, 0, 2449, 10, 0, 72)
Node 33: Job(61, Point(104, 54, 0), 13, 208, 333, 10, 0, 138)
Node 34: Job(62, Point(54, 33, 0), 20, 118, 204, 10, 0, 108)
Node 35: Job(63, Point(32, 52, 0), 32, 0, 2483, 10, 0, 137)
Node 36: Job(73, Point(39, 100, 1), 31, 0, 2482, 10, 0, 98)
Node 37: Job(74, Point(48, 47, 0), 19, 94, 161, 10, 0, 179)
Node 38: Job(75, Point(104, 73, 1), 17, 0, 2491, 10, 0, 15)
Node 39: Job(77, Point(103, 44, 0), 12, 0, 2483, 10, 0, 60)
Node 40: Job(78, Point(73, 96, 1), 9, 656, 793, 10, 0, 69)
Node 41: Job(80, Point(71, 70, 0), 9, 0, 2524, 10, 0, 132)
Node 42: Job(52, Point(61, 34, 0), -20, 1910, 1991, 10, 3, 0)
Node 43: Job(76, Point(9, 19, 0), -14, 1472, 1631, 10, 4, 0)
Node 44: Job(99, Point(70, 83, 1), -26, 0, 2512, 10, 5, 0)
Node 45: Job(40, Point(132, 133, 1), -27, 0, 2437, 10, 6, 0)
Node 46: Job(51, Point(98, 4, 0), -18, 0, 2454, 10, 7, 0)
Node 47: Job(21, Point(109, 139, 1), -22, 469, 555, 10, 8, 0)
Node 48: Job(83, Point(16, 92, 1), -9, 0, 2467, 10, 13, 0)
Node 49: Job(150, Point(64, 115, 1), -22, 514, 687, 10, 18, 0)
Node 50: Job(116, Point(89, 39, 0), -19, 101, 190, 10, 23, 0)
Node 51: Job(175, Point(90, 14, 0), -27, 0, 2466, 10, 24, 0)
Node 52: Job(105, Point(19, 120, 1), -8, 0, 2454, 10, 26, 0)
Node 53: Job(9, Point(107, 25, 0), -20, 1133, 1176, 10, 29, 0)
Node 54: Job(188, Point(15, 9, 0), -14, 1663, 1738, 10, 30, 0)
Node 55: Job(155, Point(117, 4, 0), -13, 0, 2444, 10, 31, 0)
Node 56: Job(198, Point(8, 138, 1), -21, 1138, 1312, 10, 32, 0)
Node 57: Job(97, Point(33, 0, 0), -12, 1920, 2060, 10, 33, 0)
Node 58: Job(165, Point(28, 62, 0), -30, 0, 2483, 10, 34, 0)
Node 59: Job(192, Point(44, 36, 0), -13, 211, 290, 10, 36, 0)
Node 60: Job(53, Point(60, 84, 1), -13, 1914, 2059, 10, 37, 0)
Node 61: Job(173, Point(67, 120, 1), -8, 1416, 1574, 10, 41, 0)
Node 62: Job(194, Point(120, 102, 1), -20, 407, 486, 10, 42, 0)
Node 63: Job(120, Point(92, 22, 0), -36, 0, 2473, 10, 43, 0)
Node 64: Job(186, Point(103, 82, 1), -15, 0, 2490, 10, 45, 0)
Node 65: Job(180, Point(29, 94, 1), -21, 0, 2478, 10, 46, 0)
Node 66: Job(19, Point(104, 32, 0), -6, 0, 2475, 10, 47, 0)
Node 67: Job(56, Point(86, 40, 0), -15, 0, 2491, 10, 49, 0)
Node 68: Job(39, Point(83, 38, 0), -15, 1885, 2046, 10, 54, 0)
Node 69: Job(148, Point(58, 80, 1), -16, 1820, 1976, 10, 55, 0)
Node 70: Job(126, Point(40, 113, 1), -20, 0, 2473, 10, 57, 0)
Node 71: Job(82, Point(36, 54, 0), -26, 1482, 1614, 10, 58, 0)
Node 72: Job(72, Point(88, 29, 0), -1, 0, 2481, 10, 59, 0)
Node 73: Job(138, Point(100, 99, 1), -13, 1216, 1295, 10, 61, 0)
Node 74: Job(108, Point(15, 18, 0), -20, 1581, 1739, 10, 62, 0)
Node 75: Job(137, Point(69, 6, 0), -32, 328, 456, 10, 63, 0)
Node 76: Job(98, Point(18, 104, 1), -31, 1350, 1463, 10, 73, 0)
Node 77: Job(179, Point(60, 23, 0), -19, 0, 2477, 10, 74, 0)
Node 78: Job(15, Point(137, 7, 0), -17, 0, 2434, 10, 75, 0)
Node 79: Job(60, Point(107, 77, 1), -12, 0, 2488, 10, 77, 0)
Node 80: Job(69, Point(103, 77, 1), -9, 1203, 1242, 10, 78, 0)
Node 81: Job(132, Point(140, 36, 0), -9, 0, 2448, 10, 80, 0)
Node 82: Job(0, Point(70, 70, 0), 0, 0, 2535, 0, 0, 0)

### Preprocessing Data ###
	-> arcs: 6724 (100.0%)
	-> arc_removals: 1980 (29.45%)
	-> arc_removals_is_loop: 82 (1.22%)
	-> arc_removals_is_delivery_to_pickup: 42 (0.62%)
	-> arc_removals_is_depot_begin_to_delivery: 40 (0.59%)
	-> arc_removals_is_pickup_to_depot_end: 40 (0.59%)
	-> arc_removals_is_dest_depot_begin: 80 (1.19%)
	-> arc_removals_is_orig_depot_end: 79 (1.17%)
	-> arc_removals_is_capacity_violated: 0 (0.0%)
	-> arc_removals_is_time_window_limited: 1141 (16.97%)
	-> arc_removals_is_time_window_pairing_limited: 336 (5.0%)
	-> arc_removals_is_indirect_request_service_impossible: 140 (2.08%)
	-> gamma_vars: 0 (0%)
	-> feas_gamma_vars: 0 (0%)
	-> infeas_gamma_vars_is_next_mtrv_unreachable: 0 (0%)
	-> infeas_gamma_vars_is_iprime_jprime_eq_i_j: 0 (0%)
	-> machine_removal_for_an_arc: 0 (0.0%)
##########################

[00:24:52.638] Print configuration
------------------------------------------------------
"
[00:24:52.638] Running Multi Start Heuristic"
> Experiment started at 2025-10-16T00:24:52.638
> Instance: LR2_2_3_t2_40R_40V_02I_05M
> Algorithm Parameters:


	>Stop params:
		>  - rule ITERATIONS
		>  - argument 60000.0
		>  - maximum_time 3600

	>General params:
		>  - instPath /dados/rmelo/PDPTW-SE/benchmark_multi_island_v5/official_experiments/multistartlp/official/set_01_pt_02/../../../../instances/orig_ams_fg/40R_40V_02I_06M/t2/LR2_2_3/
		>  - name LR2_2_3
		>  - type t2
		>  - group 40R_40V_02I_05M
		>  - fullname LR2_2_3_t2_40R_40V_02I_05M
		>  - methodType heur
		>  - methodCode mslp
		>  - genconfigfile /dados/rmelo/PDPTW-SE/benchmark_multi_island_v5/official_experiments/multistartlp/official/set_01_pt_02/configs/genconfig_mslp.conf
		>  - genconfigfilename genconfig_mslp
		>  - greedy_service_order random
		>  - cutoff 0
		>  - cutoffmachs 5
		>  - num_machs 0
		>  - solver Gurobi
		>  - maxtime 3600
		>  - gurobiCuts 1
		>  - typeUserCut 0
		>  - mipPresolve -1
		>  - printsol 1
		>  - maxnodes -1
		>  - elevator 0
		>  - make_instance_feasible false
		>  - output /dados/rmelo/PDPTW-SE/benchmark_multi_island_v5/official_experiments/multistartlp/official/set_01_pt_02/logs
		>  - suff_outputs _seed_109
		>  - suff_csv _bash_1
		>  - epsilon 0.005
		>  - epsilonCap 0.5
		>  - warmStart false
		>  - seed 109
		>  - rng Random.MersenneTwister(109)
		>  - alpha 0.05
		>  - maxiter 1000000
		>  - outputFlagGrbMIP 0
		>  - outputFlagGrbMSLP 0
		>  - outputFlagGrbLMNS 0
		>  - mslpr I
		>  - mslpa 60000
		>  - lmnsr M
		>  - lmnsa 60
		>  - lmnsRepairTime 30.0
		>  - lmnsMIPFocus 0
		>  - lmnsGapToBiggerDestruction 50
		>  - lmnsGapToSmallerDestruction 95
		>  - lmnsWeightShawDistProx 1.0
		>  - lmnsWeightShawEarlProx 1.0
		>  - lmnsWeightShawSameRoute 1.0
		>  - lmnsWeightShawDemandSim 1.0
		>  - lmnsReqRApplyMIPStart true
		>  - lmnsAcceptanceCriteria H
		>  - lmnsMetropolisTemp 100.0
		>  - lmnsSimulatedAnnealingTemp 100.0
		>  - lmnsSimulatedAnnealingCool 0.95
		>  - mipmaxtime 3600
		>  - csvfilename /dados/rmelo/PDPTW-SE/benchmark_multi_island_v5/official_experiments/multistartlp/official/set_01_pt_02/logs/heur_mslp/outputs/csvresults_heur_mslp_bash_1.csv
		>  - solfilename /dados/rmelo/PDPTW-SE/benchmark_multi_island_v5/official_experiments/multistartlp/official/set_01_pt_02/logs/heur_mslp/solutions/40R_40V_02I_05M/LR2_2_3_sol_genconfig_mslp_seed_109.txt
		>  - timelineFilename /dados/rmelo/PDPTW-SE/benchmark_multi_island_v5/official_experiments/multistartlp/official/set_01_pt_02/logs/heur_mslp/timelines/40R_40V_02I_05M/LR2_2_3_timeline_genconfig_mslp_seed_109.txt
		>  - grbFilename /dados/rmelo/PDPTW-SE/benchmark_multi_island_v5/official_experiments/multistartlp/official/set_01_pt_02/logs/heur_mslp/gurobi/40R_40V_02I_05M/LR2_2_3_grb_genconfig_mslp_seed_109.log
		>  - threads 1
		>  - solverMethod AUTOMATIC

------------------------------------------------------

[00:24:52.744] Starting running MSLP
objValue;greedysol;iteration;time
6174.11;6417.20;1;0.023686
6160.68;6365.84;535;16.216360
5996.44;6266.68;1321;39.554761
5970.74;6392.23;5776;172.296212
5952.18;6140.33;13108;392.059029
5946.33;5996.48;14898;445.410441
5886.48;6018.24;17518;524.479423
5743.05;6054.37;25583;764.808842
5644.61;5721.73;39342;1176.713514

[00:55:27.566] Finished running MSLP
System CPU time: 31.72 seconds

[00:55:27.635] Post running MSLP
Best solution value: 5644.61
Total time elapsed: 1793.574531
Time to best: 1176.713514
Iterations: 60000
Iterations to best: 39342
Improvements: 9
Infeasible solutions percentage: (0 / 60000) = 0.0000 %
(LP improvements)/(LP runs) = 60000/60000 = 100.0000 %
Mean LP improvement percentage: 3.8342 %
[00:55:27.88] Writing results to CSV file: /dados/rmelo/PDPTW-SE/benchmark_multi_island_v5/official_experiments/multistartlp/official/set_01_pt_02/logs/heur_mslp/outputs/csvresults_heur_mslp_bash_1.csv

[00:55:29.897] Saving solution to file:/dados/rmelo/PDPTW-SE/benchmark_multi_island_v5/official_experiments/multistartlp/official/set_01_pt_02/logs/heur_mslp/solutions/40R_40V_02I_05M/LR2_2_3_sol_genconfig_mslp_seed_109.txt

[00:55:29.897] Saving solution timeline to file: /dados/rmelo/PDPTW-SE/benchmark_multi_island_v5/official_experiments/multistartlp/official/set_01_pt_02/logs/heur_mslp/timelines/40R_40V_02I_05M/LR2_2_3_timeline_genconfig_mslp_seed_109.txt
---------------------| VEHICLES |---------------------

Vehicle 9 :
	id: 0
		node: 1
		(x, y, z): (70, 70, 0)
		dem: 0
		earl: 0
		lat: 2535
		servt: 0
		pid: 0
		did: 0
		servST: 54.660000000000046
		(h, h_ind): (-1, 0)
		load: 0.0

	Finished service at time: 54.660000000000046

	Task 0 -> Task 23: 10.63
	Vehicle arrival at task: 65.29000000000005
	Waiting time until service start time: 0.0

	id: 23
		node: 10
		(x, y, z): (78, 63, 0)
		dem: 19
		earl: 0
		lat: 2515
		servt: 10
		pid: 0
		did: 116
		servST: 65.29000000000005
		(h, h_ind): (-1, 0)
		load: 19.0

	Finished service at time: 75.29000000000005

	Task 23 -> Task 41: 6.71
	Vehicle arrival at task: 82.00000000000004
	Waiting time until service start time: 0.0

	id: 41
		node: 21
		(x, y, z): (81, 57, 0)
		dem: 8
		earl: 33
		lat: 104
		servt: 10
		pid: 0
		did: 173
		servST: 82.00000000000006
		(h, h_ind): (-1, 0)
		load: 27.0

	Finished service at time: 92.00000000000006

	Task 41 -> Task 49: 33.96
	Vehicle arrival at task: 125.96000000000006
	Waiting time until service start time: 0.0

	id: 49
		node: 27
		(x, y, z): (89, 24, 0)
		dem: 15
		earl: 0
		lat: 2476
		servt: 10
		pid: 0
		did: 56
		servST: 125.96000000000006
		(h, h_ind): (-1, 0)
		load: 42.0

	Finished service at time: 135.96000000000006

	Task 49 -> Task 116: 15.0
	Vehicle arrival at task: 150.96000000000006
	Waiting time until service start time: 0.0

	id: 116
		node: 50
		(x, y, z): (89, 39, 0)
		dem: -19
		earl: 101
		lat: 190
		servt: 10
		pid: 23
		did: 0
		servST: 150.96000000000006
		(h, h_ind): (-1, 0)
		load: 23.0

	Finished service at time: 160.96000000000006

	Task 116 -> Task 56: 3.16
	Vehicle arrival at task: 164.12000000000006
	Waiting time until service start time: 0.0

	id: 56
		node: 67
		(x, y, z): (86, 40, 0)
		dem: -15
		earl: 0
		lat: 2491
		servt: 10
		pid: 49
		did: 0
		servST: 164.12000000000006
		(h, h_ind): (-1, 0)
		load: 8.0

	Finished service at time: 174.12000000000006

	Task 56 -> Task 36: 45.18
	Vehicle arrival at task: 219.30000000000007
	Waiting time until service start time: 0.0

	id: 36
		node: 19
		(x, y, z): (41, 36, 0)
		dem: 13
		earl: 203
		lat: 328
		servt: 10
		pid: 0
		did: 192
		servST: 219.30000000000007
		(h, h_ind): (-1, 0)
		load: 21.0

	Finished service at time: 229.30000000000007

	Task 36 -> Task 192: 3.0
	Vehicle arrival at task: 232.30000000000007
	Waiting time until service start time: 0.0

	id: 192
		node: 59
		(x, y, z): (44, 36, 0)
		dem: -13
		earl: 211
		lat: 290
		servt: 10
		pid: 36
		did: 0
		servST: 232.30000000000007
		(h, h_ind): (-1, 0)
		load: 8.0

	Finished service at time: 242.30000000000007

	Task 192 -> Task 61: 62.64
	Vehicle arrival at task: 304.94000000000005
	Waiting time until service start time: 0.0

	id: 61
		node: 33
		(x, y, z): (104, 54, 0)
		dem: 13
		earl: 208
		lat: 333
		servt: 10
		pid: 0
		did: 138
		servST: 304.94000000000005
		(h, h_ind): (-1, 0)
		load: 21.0

	Finished service at time: 314.94000000000005

	Task 61 -> Task 63: 72.03
	Vehicle arrival at task: 386.97
	Waiting time until service start time: 0.0

	id: 63
		node: 35
		(x, y, z): (32, 52, 0)
		dem: 32
		earl: 0
		lat: 2483
		servt: 10
		pid: 0
		did: 137
		servST: 386.97
		(h, h_ind): (-1, 0)
		load: 53.0

	Finished service at time: 396.97

	Task 63 -> Task 137: 59.03
	Vehicle arrival at task: 456.0
	Waiting time until service start time: 0.0

	id: 137
		node: 75
		(x, y, z): (69, 6, 0)
		dem: -32
		earl: 328
		lat: 456
		servt: 10
		pid: 63
		did: 0
		servST: 456.0
		(h, h_ind): (-1, 0)
		load: 21.0

	Finished service at time: 466.0

	Using Machine: 0
		Task 137 -> Machine 0 (Station 1): 63.13
		Vehicle arrival at machine station: 529.13
		Waiting time until machine travel: 0.0

		Machine travel start time: 529.13
		Region 0 -> Region 1: 5.0
		Machine arrival at machine station: 534.13

		Machine 0 (Station 2)-> Task 78: 23.19
		Vehicle arrival at task: 557.32
		Waiting time until service start time: 98.68

	id: 78
		node: 40
		(x, y, z): (73, 96, 1)
		dem: 9
		earl: 656
		lat: 793
		servt: 10
		pid: 0
		did: 69
		servST: 656.0
		(h, h_ind): (0, 3)
		load: 30.0

	Finished service at time: 666.0

	Using Machine: 1
		Task 78 -> Machine 1 (Station 2): 23.02
		Vehicle arrival at machine station: 689.02
		Waiting time until machine travel: 0.0

		Machine travel start time: 689.02
		Region 1 -> Region 0: 6.4
		Machine arrival at machine station: 695.42

		Machine 1 (Station 1)-> Task 31: 69.08
		Vehicle arrival at task: 764.5
		Waiting time until service start time: 0.0

	id: 31
		node: 15
		(x, y, z): (140, 42, 0)
		dem: 13
		earl: 0
		lat: 2450
		servt: 10
		pid: 0
		did: 155
		servST: 764.5
		(h, h_ind): (1, 3)
		load: 43.0

	Finished service at time: 774.5

	Using Machine: 0
		Task 31 -> Machine 0 (Station 1): 72.24
		Vehicle arrival at machine station: 846.74
		Waiting time until machine travel: 0.0

		Machine travel start time: 846.74
		Region 0 -> Region 1: 5.0
		Machine arrival at machine station: 851.74

		Machine 0 (Station 2)-> Task 75: 28.0
		Vehicle arrival at task: 879.74
		Waiting time until service start time: 0.0

	id: 75
		node: 38
		(x, y, z): (104, 73, 1)
		dem: 17
		earl: 0
		lat: 2491
		servt: 10
		pid: 0
		did: 15
		servST: 879.74
		(h, h_ind): (0, 4)
		load: 60.0

	Finished service at time: 889.74

	Using Machine: 0
		Task 75 -> Machine 0 (Station 2): 28.0
		Vehicle arrival at machine station: 917.74
		Waiting time until machine travel: 0.0

		Machine travel start time: 917.74
		Region 1 -> Region 0: 5.0
		Machine arrival at machine station: 922.74

		Machine 0 (Station 1)-> Task 15: 89.11
		Vehicle arrival at task: 1011.85
		Waiting time until service start time: 40.15

	id: 15
		node: 78
		(x, y, z): (137, 7, 0)
		dem: -17
		earl: 0
		lat: 2434
		servt: 10
		pid: 75
		did: 0
		servST: 1052.0
		(h, h_ind): (0, 5)
		load: 43.0

	Finished service at time: 1062.0

	Task 15 -> Task 155: 20.22
	Vehicle arrival at task: 1082.22
	Waiting time until service start time: 0.0

	id: 155
		node: 55
		(x, y, z): (117, 4, 0)
		dem: -13
		earl: 0
		lat: 2444
		servt: 10
		pid: 31
		did: 0
		servST: 1082.22
		(h, h_ind): (-1, 0)
		load: 30.0

	Finished service at time: 1092.22

	Using Machine: 0
		Task 155 -> Machine 0 (Station 1): 78.49
		Vehicle arrival at machine station: 1170.71
		Waiting time until machine travel: 0.0

		Machine travel start time: 1170.71
		Region 0 -> Region 1: 5.0
		Machine arrival at machine station: 1175.71

		Machine 0 (Station 2)-> Task 69: 27.29
		Vehicle arrival at task: 1203.0
		Waiting time until service start time: 0.0

	id: 69
		node: 80
		(x, y, z): (103, 77, 1)
		dem: -9
		earl: 1203
		lat: 1242
		servt: 10
		pid: 78
		did: 0
		servST: 1203.0
		(h, h_ind): (0, 8)
		load: 21.0

	Finished service at time: 1213.0

	Task 69 -> Task 138: 22.2
	Vehicle arrival at task: 1235.2
	Waiting time until service start time: 0.0

	id: 138
		node: 73
		(x, y, z): (100, 99, 1)
		dem: -13
		earl: 1216
		lat: 1295
		servt: 10
		pid: 61
		did: 0
		servST: 1235.2
		(h, h_ind): (-1, 0)
		load: 8.0

	Finished service at time: 1245.2

	Task 138 -> Task 73: 61.01
	Vehicle arrival at task: 1306.21
	Waiting time until service start time: 12.41

	id: 73
		node: 36
		(x, y, z): (39, 100, 1)
		dem: 31
		earl: 0
		lat: 2482
		servt: 10
		pid: 0
		did: 98
		servST: 1318.62
		(h, h_ind): (-1, 0)
		load: 39.0

	Finished service at time: 1328.62

	Task 73 -> Task 98: 21.38
	Vehicle arrival at task: 1350.0
	Waiting time until service start time: 0.0

	id: 98
		node: 76
		(x, y, z): (18, 104, 1)
		dem: -31
		earl: 1350
		lat: 1463
		servt: 10
		pid: 73
		did: 0
		servST: 1350.0
		(h, h_ind): (-1, 0)
		load: 8.0

	Finished service at time: 1360.0

	Task 98 -> Task 173: 51.55
	Vehicle arrival at task: 1411.55
	Waiting time until service start time: 4.45

	id: 173
		node: 61
		(x, y, z): (67, 120, 1)
		dem: -8
		earl: 1416
		lat: 1574
		servt: 10
		pid: 41
		did: 0
		servST: 1416.0
		(h, h_ind): (-1, 0)
		load: 0.0

	Finished service at time: 1426.0

	Using Machine: 0
		Task 173 -> Machine 0 (Station 2): 47.85
		Vehicle arrival at machine station: 1473.85
		Waiting time until machine travel: 0.0

		Machine travel start time: 1473.85
		Region 1 -> Region 0: 5.0
		Machine arrival at machine station: 1478.85

		Machine 0 (Station 1)-> Task 0: 3.16
		Vehicle arrival at task: 1482.01
		Waiting time until service start time: 0.0

	id: 0
		node: 82
		(x, y, z): (70, 70, 0)
		dem: 0
		earl: 0
		lat: 2535
		servt: 0
		pid: 0
		did: 0
		servST: 1482.01
		(h, h_ind): (0, 11)
		load: 0.0


Vehicle 16 :
	id: 0
		node: 1
		(x, y, z): (70, 70, 0)
		dem: 0
		earl: 0
		lat: 2535
		servt: 0
		pid: 0
		did: 0
		servST: 0.0
		(h, h_ind): (-1, 0)
		load: 0.0

	Finished service at time: 0.0

	Task 0 -> Task 77: 42.01
	Vehicle arrival at task: 42.01
	Waiting time until service start time: 0.0

	id: 77
		node: 39
		(x, y, z): (103, 44, 0)
		dem: 12
		earl: 0
		lat: 2483
		servt: 10
		pid: 0
		did: 60
		servST: 42.01
		(h, h_ind): (-1, 0)
		load: 12.0

	Finished service at time: 52.01

	Using Machine: 1
		Task 77 -> Machine 1 (Station 1): 36.12
		Vehicle arrival at machine station: 88.13
		Waiting time until machine travel: 0.0

		Machine travel start time: 88.13
		Region 0 -> Region 1: 6.4
		Machine arrival at machine station: 94.53

		Machine 1 (Station 2)-> Task 8: 38.47
		Vehicle arrival at task: 133.0
		Waiting time until service start time: 0.0

	id: 8
		node: 7
		(x, y, z): (78, 111, 1)
		dem: 22
		earl: 112
		lat: 222
		servt: 10
		pid: 0
		did: 21
		servST: 133.0
		(h, h_ind): (1, 1)
		load: 34.0

	Finished service at time: 143.0

	Task 8 -> Task 5: 10.3
	Vehicle arrival at task: 153.3
	Waiting time until service start time: 0.0

	id: 5
		node: 4
		(x, y, z): (69, 116, 1)
		dem: 26
		earl: 0
		lat: 2479
		servt: 10
		pid: 0
		did: 99
		servST: 153.3
		(h, h_ind): (-1, 0)
		load: 60.0

	Finished service at time: 163.3

	Task 5 -> Task 26: 16.76
	Vehicle arrival at task: 180.06
	Waiting time until service start time: 0.0

	id: 26
		node: 12
		(x, y, z): (64, 132, 1)
		dem: 8
		earl: 168
		lat: 411
		servt: 10
		pid: 0
		did: 105
		servST: 180.06
		(h, h_ind): (-1, 0)
		load: 68.0

	Finished service at time: 190.06

	Task 26 -> Task 105: 46.57
	Vehicle arrival at task: 236.63
	Waiting time until service start time: 0.0

	id: 105
		node: 52
		(x, y, z): (19, 120, 1)
		dem: -8
		earl: 0
		lat: 2454
		servt: 10
		pid: 26
		did: 0
		servST: 236.63
		(h, h_ind): (-1, 0)
		load: 60.0

	Finished service at time: 246.63

	Task 105 -> Task 99: 63.01
	Vehicle arrival at task: 309.64
	Waiting time until service start time: 0.0

	id: 99
		node: 44
		(x, y, z): (70, 83, 1)
		dem: -26
		earl: 0
		lat: 2512
		servt: 10
		pid: 5
		did: 0
		servST: 309.64
		(h, h_ind): (-1, 0)
		load: 34.0

	Finished service at time: 319.64

	Task 99 -> Task 45: 23.32
	Vehicle arrival at task: 342.96
	Waiting time until service start time: 0.0

	id: 45
		node: 24
		(x, y, z): (82, 103, 1)
		dem: 15
		earl: 0
		lat: 2490
		servt: 10
		pid: 0
		did: 186
		servST: 342.96
		(h, h_ind): (-1, 0)
		load: 49.0

	Finished service at time: 352.96

	Task 45 -> Task 60: 36.07
	Vehicle arrival at task: 389.03
	Waiting time until service start time: 0.0

	id: 60
		node: 79
		(x, y, z): (107, 77, 1)
		dem: -12
		earl: 0
		lat: 2488
		servt: 10
		pid: 77
		did: 0
		servST: 389.03
		(h, h_ind): (-1, 0)
		load: 37.0

	Finished service at time: 399.03

	Task 60 -> Task 18: 28.44
	Vehicle arrival at task: 427.46999999999997
	Waiting time until service start time: 0.0

	id: 18
		node: 9
		(x, y, z): (79, 72, 1)
		dem: 22
		earl: 0
		lat: 2516
		servt: 10
		pid: 0
		did: 150
		servST: 427.46999999999997
		(h, h_ind): (-1, 0)
		load: 59.0

	Finished service at time: 437.46999999999997

	Using Machine: 0
		Task 18 -> Machine 0 (Station 2): 3.16
		Vehicle arrival at machine station: 440.63
		Waiting time until machine travel: 0.0

		Machine travel start time: 440.63
		Region 1 -> Region 0: 5.0
		Machine arrival at machine station: 445.63

		Machine 0 (Station 1)-> Task 80: 2.24
		Vehicle arrival at task: 447.87
		Waiting time until service start time: 0.0

	id: 80
		node: 41
		(x, y, z): (71, 70, 0)
		dem: 9
		earl: 0
		lat: 2524
		servt: 10
		pid: 0
		did: 132
		servST: 447.87
		(h, h_ind): (0, 1)
		load: 68.0

	Finished service at time: 457.87

	Using Machine: 0
		Task 80 -> Machine 0 (Station 1): 2.24
		Vehicle arrival at machine station: 460.11
		Waiting time until machine travel: 0.0

		Machine travel start time: 460.11
		Region 0 -> Region 1: 5.0
		Machine arrival at machine station: 465.11

		Machine 0 (Station 2)-> Task 21: 73.79
		Vehicle arrival at task: 538.9
		Waiting time until service start time: 0.0

	id: 21
		node: 47
		(x, y, z): (109, 139, 1)
		dem: -22
		earl: 469
		lat: 555
		servt: 10
		pid: 8
		did: 0
		servST: 538.9
		(h, h_ind): (0, 2)
		load: 46.0

	Finished service at time: 548.9

	Task 21 -> Task 13: 20.0
	Vehicle arrival at task: 568.9
	Waiting time until service start time: 0.0

	id: 13
		node: 8
		(x, y, z): (121, 123, 1)
		dem: 9
		earl: 0
		lat: 2452
		servt: 10
		pid: 0
		did: 83
		servST: 568.9
		(h, h_ind): (-1, 0)
		load: 55.0

	Finished service at time: 578.9

	Task 13 -> Task 150: 57.56
	Vehicle arrival at task: 636.46
	Waiting time until service start time: 0.0

	id: 150
		node: 49
		(x, y, z): (64, 115, 1)
		dem: -22
		earl: 514
		lat: 687
		servt: 10
		pid: 18
		did: 0
		servST: 636.46
		(h, h_ind): (-1, 0)
		load: 33.0

	Finished service at time: 646.46

	Task 150 -> Task 83: 53.23
	Vehicle arrival at task: 699.69
	Waiting time until service start time: 0.0

	id: 83
		node: 48
		(x, y, z): (16, 92, 1)
		dem: -9
		earl: 0
		lat: 2467
		servt: 10
		pid: 13
		did: 0
		servST: 699.69
		(h, h_ind): (-1, 0)
		load: 24.0

	Finished service at time: 709.69

	Using Machine: 1
		Task 83 -> Machine 1 (Station 2): 59.14
		Vehicle arrival at machine station: 768.83
		Waiting time until machine travel: 0.0

		Machine travel start time: 768.83
		Region 1 -> Region 0: 6.4
		Machine arrival at machine station: 775.23

		Machine 1 (Station 1)-> Task 59: 72.09
		Vehicle arrival at task: 847.32
		Waiting time until service start time: 0.0

	id: 59
		node: 32
		(x, y, z): (105, 2, 0)
		dem: 1
		earl: 0
		lat: 2449
		servt: 10
		pid: 0
		did: 72
		servST: 847.32
		(h, h_ind): (1, 4)
		load: 25.0

	Finished service at time: 857.32

	Task 59 -> Task 132: 48.8
	Vehicle arrival at task: 906.12
	Waiting time until service start time: 0.0

	id: 132
		node: 81
		(x, y, z): (140, 36, 0)
		dem: -9
		earl: 0
		lat: 2448
		servt: 10
		pid: 80
		did: 0
		servST: 906.12
		(h, h_ind): (-1, 0)
		load: 16.0

	Finished service at time: 916.12

	Using Machine: 0
		Task 132 -> Machine 0 (Station 1): 74.69
		Vehicle arrival at machine station: 990.81
		Waiting time until machine travel: 0.0

		Machine travel start time: 990.81
		Region 0 -> Region 1: 5.0
		Machine arrival at machine station: 995.81

		Machine 0 (Station 2)-> Task 186: 28.46
		Vehicle arrival at task: 1024.27
		Waiting time until service start time: 0.0

	id: 186
		node: 64
		(x, y, z): (103, 82, 1)
		dem: -15
		earl: 0
		lat: 2490
		servt: 10
		pid: 45
		did: 0
		servST: 1024.27
		(h, h_ind): (0, 6)
		load: 1.0

	Finished service at time: 1034.27

	Using Machine: 0
		Task 186 -> Machine 0 (Station 2): 28.46
		Vehicle arrival at machine station: 1062.73
		Waiting time until machine travel: 0.0

		Machine travel start time: 1062.73
		Region 1 -> Region 0: 5.0
		Machine arrival at machine station: 1067.73

		Machine 0 (Station 1)-> Task 29: 72.35
		Vehicle arrival at task: 1140.08
		Waiting time until service start time: 0.0

	id: 29
		node: 13
		(x, y, z): (120, 14, 0)
		dem: 20
		earl: 1030
		lat: 1159
		servt: 10
		pid: 0
		did: 9
		servST: 1140.08
		(h, h_ind): (0, 7)
		load: 21.0

	Finished service at time: 1150.08

	Task 29 -> Task 9: 17.03
	Vehicle arrival at task: 1167.11
	Waiting time until service start time: 0.0

	id: 9
		node: 53
		(x, y, z): (107, 25, 0)
		dem: -20
		earl: 1133
		lat: 1176
		servt: 10
		pid: 29
		did: 0
		servST: 1167.11
		(h, h_ind): (-1, 0)
		load: 1.0

	Finished service at time: 1177.11

	Task 9 -> Task 43: 9.22
	Vehicle arrival at task: 1186.33
	Waiting time until service start time: 0.0

	id: 43
		node: 23
		(x, y, z): (113, 32, 0)
		dem: 36
		earl: 0
		lat: 2468
		servt: 10
		pid: 0
		did: 120
		servST: 1186.33
		(h, h_ind): (-1, 0)
		load: 37.0

	Finished service at time: 1196.33

	Task 43 -> Task 120: 23.26
	Vehicle arrival at task: 1219.59
	Waiting time until service start time: 0.0

	id: 120
		node: 63
		(x, y, z): (92, 22, 0)
		dem: -36
		earl: 0
		lat: 2473
		servt: 10
		pid: 43
		did: 0
		servST: 1219.59
		(h, h_ind): (-1, 0)
		load: 1.0

	Finished service at time: 1229.59

	Task 120 -> Task 37: 18.44
	Vehicle arrival at task: 1248.03
	Waiting time until service start time: 0.0

	id: 37
		node: 20
		(x, y, z): (106, 10, 0)
		dem: 13
		earl: 1229
		lat: 1282
		servt: 10
		pid: 0
		did: 53
		servST: 1248.03
		(h, h_ind): (-1, 0)
		load: 14.0

	Finished service at time: 1258.03

	Using Machine: 0
		Task 37 -> Machine 0 (Station 1): 67.6
		Vehicle arrival at machine station: 1325.6299999999999
		Waiting time until machine travel: 0.0

		Machine travel start time: 1325.6299999999999
		Region 0 -> Region 1: 5.0
		Machine arrival at machine station: 1330.6299999999999

		Machine 0 (Station 2)-> Task 7: 53.34
		Vehicle arrival at task: 1383.9699999999998
		Waiting time until service start time: 0.0

	id: 7
		node: 6
		(x, y, z): (103, 119, 1)
		dem: 18
		earl: 1329
		lat: 1463
		servt: 10
		pid: 0
		did: 51
		servST: 1383.9699999999998
		(h, h_ind): (0, 9)
		load: 32.0

	Finished service at time: 1393.9699999999998

	Task 7 -> Task 55: 36.36
	Vehicle arrival at task: 1430.3299999999997
	Waiting time until service start time: 0.0

	id: 55
		node: 29
		(x, y, z): (84, 88, 1)
		dem: 16
		earl: 1428
		lat: 1541
		servt: 10
		pid: 0
		did: 148
		servST: 1430.3299999999997
		(h, h_ind): (-1, 0)
		load: 48.0

	Finished service at time: 1440.3299999999997

	Using Machine: 0
		Task 55 -> Machine 0 (Station 2): 17.0
		Vehicle arrival at machine station: 1457.3299999999997
		Waiting time until machine travel: 0.0

		Machine travel start time: 1457.3299999999997
		Region 1 -> Region 0: 5.0
		Machine arrival at machine station: 1462.3299999999997

		Machine 0 (Station 1)-> Task 51: 69.64
		Vehicle arrival at task: 1531.9699999999998
		Waiting time until service start time: 0.0

	id: 51
		node: 46
		(x, y, z): (98, 4, 0)
		dem: -18
		earl: 0
		lat: 2454
		servt: 10
		pid: 7
		did: 0
		servST: 1531.9699999999998
		(h, h_ind): (0, 10)
		load: 30.0

	Finished service at time: 1541.9699999999998

	Using Machine: 0
		Task 51 -> Machine 0 (Station 1): 69.64
		Vehicle arrival at machine station: 1611.61
		Waiting time until machine travel: 0.0

		Machine travel start time: 1611.61
		Region 0 -> Region 1: 5.0
		Machine arrival at machine station: 1616.61

		Machine 0 (Station 2)-> Task 24: 64.85
		Vehicle arrival at task: 1681.4599999999998
		Waiting time until service start time: 0.0

	id: 24
		node: 11
		(x, y, z): (95, 135, 1)
		dem: 27
		earl: 1622
		lat: 1703
		servt: 10
		pid: 0
		did: 175
		servST: 1681.4599999999998
		(h, h_ind): (0, 12)
		load: 57.0

	Finished service at time: 1691.4599999999998

	Using Machine: 0
		Task 24 -> Machine 0 (Station 2): 64.85
		Vehicle arrival at machine station: 1756.3099999999997
		Waiting time until machine travel: 0.0

		Machine travel start time: 1756.3099999999997
		Region 1 -> Region 0: 5.0
		Machine arrival at machine station: 1761.3099999999997

		Machine 0 (Station 1)-> Task 72: 42.72
		Vehicle arrival at task: 1804.0299999999997
		Waiting time until service start time: 0.0

	id: 72
		node: 72
		(x, y, z): (88, 29, 0)
		dem: -1
		earl: 0
		lat: 2481
		servt: 10
		pid: 59
		did: 0
		servST: 1804.0299999999997
		(h, h_ind): (0, 13)
		load: 56.0

	Finished service at time: 1814.0299999999997

	Task 72 -> Task 175: 15.13
	Vehicle arrival at task: 1829.1599999999999
	Waiting time until service start time: 0.0

	id: 175
		node: 51
		(x, y, z): (90, 14, 0)
		dem: -27
		earl: 0
		lat: 2466
		servt: 10
		pid: 24
		did: 0
		servST: 1829.1599999999999
		(h, h_ind): (-1, 0)
		load: 29.0

	Finished service at time: 1839.1599999999999

	Using Machine: 1
		Task 175 -> Machine 1 (Station 1): 55.79
		Vehicle arrival at machine station: 1894.9499999999998
		Waiting time until machine travel: 0.0

		Machine travel start time: 1894.9499999999998
		Region 0 -> Region 1: 6.4
		Machine arrival at machine station: 1901.35

		Machine 1 (Station 2)-> Task 148: 15.65
		Vehicle arrival at task: 1917.0
		Waiting time until service start time: -0.0

	id: 148
		node: 69
		(x, y, z): (58, 80, 1)
		dem: -16
		earl: 1820
		lat: 1976
		servt: 10
		pid: 55
		did: 0
		servST: 1916.9999999999998
		(h, h_ind): (1, 6)
		load: 13.0

	Finished service at time: 1926.9999999999998

	Task 148 -> Task 46: 57.14
	Vehicle arrival at task: 1984.1399999999999
	Waiting time until service start time: 0.0

	id: 46
		node: 25
		(x, y, z): (10, 111, 1)
		dem: 21
		earl: 1975
		lat: 2088
		servt: 10
		pid: 0
		did: 180
		servST: 1984.1399999999999
		(h, h_ind): (-1, 0)
		load: 34.0

	Finished service at time: 1994.1399999999999

	Task 46 -> Task 53: 56.82
	Vehicle arrival at task: 2050.96
	Waiting time until service start time: 0.0

	id: 53
		node: 60
		(x, y, z): (60, 84, 1)
		dem: -13
		earl: 1914
		lat: 2059
		servt: 10
		pid: 37
		did: 0
		servST: 2050.96
		(h, h_ind): (-1, 0)
		load: 21.0

	Finished service at time: 2060.96

	Task 53 -> Task 180: 32.57
	Vehicle arrival at task: 2093.53
	Waiting time until service start time: 0.0

	id: 180
		node: 65
		(x, y, z): (29, 94, 1)
		dem: -21
		earl: 0
		lat: 2478
		servt: 10
		pid: 46
		did: 0
		servST: 2093.53
		(h, h_ind): (-1, 0)
		load: 0.0

	Finished service at time: 2103.53

	Using Machine: 0
		Task 180 -> Machine 0 (Station 2): 51.48
		Vehicle arrival at machine station: 2155.01
		Waiting time until machine travel: 0.0

		Machine travel start time: 2155.01
		Region 1 -> Region 0: 5.0
		Machine arrival at machine station: 2160.01

		Machine 0 (Station 1)-> Task 0: 3.16
		Vehicle arrival at task: 2163.17
		Waiting time until service start time: 0.0

	id: 0
		node: 82
		(x, y, z): (70, 70, 0)
		dem: 0
		earl: 0
		lat: 2535
		servt: 0
		pid: 0
		did: 0
		servST: 2163.17
		(h, h_ind): (0, 14)
		load: 0.0


Vehicle 36 :
	id: 0
		node: 1
		(x, y, z): (70, 70, 0)
		dem: 0
		earl: 0
		lat: 2535
		servt: 0
		pid: 0
		did: 0
		servST: 22.459999999999994
		(h, h_ind): (-1, 0)
		load: 0.0

	Finished service at time: 22.459999999999994

	Task 0 -> Task 34: 28.64
	Vehicle arrival at task: 51.099999999999994
	Waiting time until service start time: 0.0

	id: 34
		node: 18
		(x, y, z): (44, 58, 0)
		dem: 30
		earl: 47
		lat: 182
		servt: 10
		pid: 0
		did: 165
		servST: 51.099999999999994
		(h, h_ind): (-1, 0)
		load: 30.0

	Finished service at time: 61.099999999999994

	Task 34 -> Task 165: 16.49
	Vehicle arrival at task: 77.58999999999999
	Waiting time until service start time: 0.0

	id: 165
		node: 58
		(x, y, z): (28, 62, 0)
		dem: -30
		earl: 0
		lat: 2483
		servt: 10
		pid: 34
		did: 0
		servST: 77.58999999999999
		(h, h_ind): (-1, 0)
		load: 0.0

	Finished service at time: 87.58999999999999

	Task 165 -> Task 74: 25.0
	Vehicle arrival at task: 112.58999999999999
	Waiting time until service start time: 0.0

	id: 74
		node: 37
		(x, y, z): (48, 47, 0)
		dem: 19
		earl: 94
		lat: 161
		servt: 10
		pid: 0
		did: 179
		servST: 112.58999999999999
		(h, h_ind): (-1, 0)
		load: 19.0

	Finished service at time: 122.58999999999999

	Task 74 -> Task 179: 26.83
	Vehicle arrival at task: 149.42
	Waiting time until service start time: 0.0

	id: 179
		node: 77
		(x, y, z): (60, 23, 0)
		dem: -19
		earl: 0
		lat: 2477
		servt: 10
		pid: 74
		did: 0
		servST: 149.42
		(h, h_ind): (-1, 0)
		load: 0.0

	Finished service at time: 159.42

	Task 179 -> Task 62: 11.66
	Vehicle arrival at task: 171.07999999999998
	Waiting time until service start time: 0.0

	id: 62
		node: 34
		(x, y, z): (54, 33, 0)
		dem: 20
		earl: 118
		lat: 204
		servt: 10
		pid: 0
		did: 108
		servST: 171.07999999999998
		(h, h_ind): (-1, 0)
		load: 20.0

	Finished service at time: 181.07999999999998

	Task 62 -> Task 42: 68.68
	Vehicle arrival at task: 249.76
	Waiting time until service start time: 0.0

	id: 42
		node: 22
		(x, y, z): (120, 52, 0)
		dem: 20
		earl: 0
		lat: 2472
		servt: 10
		pid: 0
		did: 194
		servST: 249.76
		(h, h_ind): (-1, 0)
		load: 40.0

	Finished service at time: 259.76

	Task 42 -> Task 47: 31.05
	Vehicle arrival at task: 290.81
	Waiting time until service start time: 0.0

	id: 47
		node: 26
		(x, y, z): (90, 44, 0)
		dem: 6
		earl: 240
		lat: 298
		servt: 10
		pid: 0
		did: 19
		servST: 290.81
		(h, h_ind): (-1, 0)
		load: 46.0

	Finished service at time: 300.81

	Task 47 -> Task 19: 18.44
	Vehicle arrival at task: 319.25
	Waiting time until service start time: 0.0

	id: 19
		node: 66
		(x, y, z): (104, 32, 0)
		dem: -6
		earl: 0
		lat: 2475
		servt: 10
		pid: 47
		did: 0
		servST: 319.25
		(h, h_ind): (-1, 0)
		load: 40.0

	Finished service at time: 329.25

	Using Machine: 1
		Task 19 -> Machine 1 (Station 1): 45.61
		Vehicle arrival at machine station: 374.86
		Waiting time until machine travel: 0.0

		Machine travel start time: 374.86
		Region 0 -> Region 1: 6.4
		Machine arrival at machine station: 381.26

		Machine 1 (Station 2)-> Task 57: 42.11
		Vehicle arrival at task: 423.37
		Waiting time until service start time: 0.0

	id: 57
		node: 30
		(x, y, z): (69, 115, 1)
		dem: 20
		earl: 0
		lat: 2480
		servt: 10
		pid: 0
		did: 126
		servST: 423.37
		(h, h_ind): (1, 2)
		load: 60.0

	Finished service at time: 433.37

	Task 57 -> Task 194: 52.63
	Vehicle arrival at task: 486.0
	Waiting time until service start time: 0.0

	id: 194
		node: 62
		(x, y, z): (120, 102, 1)
		dem: -20
		earl: 407
		lat: 486
		servt: 10
		pid: 42
		did: 0
		servST: 486.0
		(h, h_ind): (-1, 0)
		load: 40.0

	Finished service at time: 496.0

	Task 194 -> Task 6: 38.91
	Vehicle arrival at task: 534.91
	Waiting time until service start time: 0.0

	id: 6
		node: 5
		(x, y, z): (137, 137, 1)
		dem: 27
		earl: 378
		lat: 539
		servt: 10
		pid: 0
		did: 40
		servST: 534.91
		(h, h_ind): (-1, 0)
		load: 67.0

	Finished service at time: 544.91

	Task 6 -> Task 126: 99.92
	Vehicle arrival at task: 644.8299999999999
	Waiting time until service start time: 7.43

	id: 126
		node: 70
		(x, y, z): (40, 113, 1)
		dem: -20
		earl: 0
		lat: 2473
		servt: 10
		pid: 57
		did: 0
		servST: 652.26
		(h, h_ind): (-1, 0)
		load: 47.0

	Finished service at time: 662.26

	Task 126 -> Task 32: 81.74
	Vehicle arrival at task: 744.0
	Waiting time until service start time: 0.0

	id: 32
		node: 16
		(x, y, z): (121, 124, 1)
		dem: 21
		earl: 575
		lat: 744
		servt: 10
		pid: 0
		did: 198
		servST: 744.0
		(h, h_ind): (-1, 0)
		load: 68.0

	Finished service at time: 754.0

	Task 32 -> Task 40: 14.21
	Vehicle arrival at task: 768.21
	Waiting time until service start time: 385.6

	id: 40
		node: 45
		(x, y, z): (132, 133, 1)
		dem: -27
		earl: 0
		lat: 2437
		servt: 10
		pid: 6
		did: 0
		servST: 1153.81
		(h, h_ind): (-1, 0)
		load: 41.0

	Finished service at time: 1163.81

	Task 40 -> Task 58: 75.19
	Vehicle arrival at task: 1239.0
	Waiting time until service start time: 0.0

	id: 58
		node: 31
		(x, y, z): (59, 115, 1)
		dem: 26
		earl: 1239
		lat: 1392
		servt: 10
		pid: 0
		did: 82
		servST: 1239.0
		(h, h_ind): (-1, 0)
		load: 67.0

	Finished service at time: 1249.0

	Task 58 -> Task 198: 55.95
	Vehicle arrival at task: 1304.95
	Waiting time until service start time: 0.0

	id: 198
		node: 56
		(x, y, z): (8, 138, 1)
		dem: -21
		earl: 1138
		lat: 1312
		servt: 10
		pid: 32
		did: 0
		servST: 1304.95
		(h, h_ind): (-1, 0)
		load: 46.0

	Finished service at time: 1314.95

	Task 198 -> Task 30: 52.04
	Vehicle arrival at task: 1366.99
	Waiting time until service start time: 67.04

	id: 30
		node: 14
		(x, y, z): (10, 86, 1)
		dem: 14
		earl: 0
		lat: 2463
		servt: 10
		pid: 0
		did: 188
		servST: 1434.0300000000002
		(h, h_ind): (-1, 0)
		load: 60.0

	Finished service at time: 1444.0300000000002

	Using Machine: 1
		Task 30 -> Machine 1 (Station 2): 63.35
		Vehicle arrival at machine station: 1507.38
		Waiting time until machine travel: 0.0

		Machine travel start time: 1507.38
		Region 1 -> Region 0: 6.4
		Machine arrival at machine station: 1513.7800000000002

		Machine 1 (Station 1)-> Task 82: 42.38
		Vehicle arrival at task: 1556.1600000000003
		Waiting time until service start time: -0.0

	id: 82
		node: 71
		(x, y, z): (36, 54, 0)
		dem: -26
		earl: 1482
		lat: 1614
		servt: 10
		pid: 58
		did: 0
		servST: 1556.16
		(h, h_ind): (1, 5)
		load: 34.0

	Finished service at time: 1566.16

	Task 82 -> Task 4: 9.22
	Vehicle arrival at task: 1575.38
	Waiting time until service start time: 0.0

	id: 4
		node: 3
		(x, y, z): (29, 60, 0)
		dem: 14
		earl: 0
		lat: 2483
		servt: 10
		pid: 0
		did: 76
		servST: 1575.38
		(h, h_ind): (-1, 0)
		load: 48.0

	Finished service at time: 1585.38

	Task 4 -> Task 76: 45.62
	Vehicle arrival at task: 1631.0
	Waiting time until service start time: 0.0

	id: 76
		node: 43
		(x, y, z): (9, 19, 0)
		dem: -14
		earl: 1472
		lat: 1631
		servt: 10
		pid: 4
		did: 0
		servST: 1631.0
		(h, h_ind): (-1, 0)
		load: 34.0

	Finished service at time: 1641.0

	Task 76 -> Task 108: 6.08
	Vehicle arrival at task: 1647.08
	Waiting time until service start time: 37.39

	id: 108
		node: 74
		(x, y, z): (15, 18, 0)
		dem: -20
		earl: 1581
		lat: 1739
		servt: 10
		pid: 62
		did: 0
		servST: 1684.47
		(h, h_ind): (-1, 0)
		load: 14.0

	Finished service at time: 1694.47

	Task 108 -> Task 188: 9.0
	Vehicle arrival at task: 1703.47
	Waiting time until service start time: 0.0

	id: 188
		node: 54
		(x, y, z): (15, 9, 0)
		dem: -14
		earl: 1663
		lat: 1738
		servt: 10
		pid: 30
		did: 0
		servST: 1703.47
		(h, h_ind): (-1, 0)
		load: 0.0

	Finished service at time: 1713.47

	Task 188 -> Task 3: 50.29
	Vehicle arrival at task: 1763.76
	Waiting time until service start time: 0.0

	id: 3
		node: 2
		(x, y, z): (30, 57, 0)
		dem: 20
		earl: 0
		lat: 2483
		servt: 10
		pid: 0
		did: 52
		servST: 1763.76
		(h, h_ind): (-1, 0)
		load: 20.0

	Finished service at time: 1773.76

	Task 3 -> Task 54: 19.24
	Vehicle arrival at task: 1793.0
	Waiting time until service start time: 0.0

	id: 54
		node: 28
		(x, y, z): (13, 48, 0)
		dem: 15
		earl: 1691
		lat: 1793
		servt: 10
		pid: 0
		did: 39
		servST: 1793.0
		(h, h_ind): (-1, 0)
		load: 35.0

	Finished service at time: 1803.0

	Task 54 -> Task 39: 70.71
	Vehicle arrival at task: 1873.71
	Waiting time until service start time: 11.29

	id: 39
		node: 68
		(x, y, z): (83, 38, 0)
		dem: -15
		earl: 1885
		lat: 2046
		servt: 10
		pid: 54
		did: 0
		servST: 1885.0
		(h, h_ind): (-1, 0)
		load: 20.0

	Finished service at time: 1895.0

	Task 39 -> Task 52: 22.36
	Vehicle arrival at task: 1917.36
	Waiting time until service start time: 0.0

	id: 52
		node: 42
		(x, y, z): (61, 34, 0)
		dem: -20
		earl: 1910
		lat: 1991
		servt: 10
		pid: 3
		did: 0
		servST: 1917.36
		(h, h_ind): (-1, 0)
		load: 0.0

	Finished service at time: 1927.36

	Task 52 -> Task 33: 19.65
	Vehicle arrival at task: 1947.01
	Waiting time until service start time: 0.0

	id: 33
		node: 17
		(x, y, z): (42, 29, 0)
		dem: 12
		earl: 0
		lat: 2476
		servt: 10
		pid: 0
		did: 97
		servST: 1947.01
		(h, h_ind): (-1, 0)
		load: 12.0

	Finished service at time: 1957.01

	Task 33 -> Task 97: 30.36
	Vehicle arrival at task: 1987.37
	Waiting time until service start time: 0.0

	id: 97
		node: 57
		(x, y, z): (33, 0, 0)
		dem: -12
		earl: 1920
		lat: 2060
		servt: 10
		pid: 33
		did: 0
		servST: 1987.37
		(h, h_ind): (-1, 0)
		load: 0.0

	Finished service at time: 1997.37

	Task 97 -> Task 0: 79.18
	Vehicle arrival at task: 2076.5499999999997
	Waiting time until service start time: 0.0

	id: 0
		node: 82
		(x, y, z): (70, 70, 0)
		dem: 0
		earl: 0
		lat: 2535
		servt: 0
		pid: 0
		did: 0
		servST: 2076.5499999999997
		(h, h_ind): (-1, 0)
		load: 0.0


---------------------| MACHINES |---------------------

Machine 0 :
	setup duration: 5.0

	vehicle: 16
	vehicleInd: 11
	(orig, dest): (18, 80)
	(origRegion, destRegion): (1, 0)
	st: 440.63
	duration: 5.0

	setup duration: 0.0

	vehicle: 16
	vehicleInd: 12
	(orig, dest): (80, 21)
	(origRegion, destRegion): (0, 1)
	st: 460.11
	duration: 5.0

	setup duration: 5.0

	vehicle: 9
	vehicleInd: 12
	(orig, dest): (137, 78)
	(origRegion, destRegion): (0, 1)
	st: 529.13
	duration: 5.0

	setup duration: 5.0

	vehicle: 9
	vehicleInd: 14
	(orig, dest): (31, 75)
	(origRegion, destRegion): (0, 1)
	st: 846.74
	duration: 5.0

	setup duration: 0.0

	vehicle: 9
	vehicleInd: 15
	(orig, dest): (75, 15)
	(origRegion, destRegion): (1, 0)
	st: 917.74
	duration: 5.0

	setup duration: 0.0

	vehicle: 16
	vehicleInd: 18
	(orig, dest): (132, 186)
	(origRegion, destRegion): (0, 1)
	st: 990.81
	duration: 5.0

	setup duration: 0.0

	vehicle: 16
	vehicleInd: 19
	(orig, dest): (186, 29)
	(origRegion, destRegion): (1, 0)
	st: 1062.73
	duration: 5.0

	setup duration: 0.0

	vehicle: 9
	vehicleInd: 17
	(orig, dest): (155, 69)
	(origRegion, destRegion): (0, 1)
	st: 1170.71
	duration: 5.0

	setup duration: 5.0

	vehicle: 16
	vehicleInd: 24
	(orig, dest): (37, 7)
	(origRegion, destRegion): (0, 1)
	st: 1325.6299999999999
	duration: 5.0

	setup duration: 0.0

	vehicle: 16
	vehicleInd: 26
	(orig, dest): (55, 51)
	(origRegion, destRegion): (1, 0)
	st: 1457.3299999999997
	duration: 5.0

	setup duration: 5.0

	vehicle: 9
	vehicleInd: 22
	(orig, dest): (173, 0)
	(origRegion, destRegion): (1, 0)
	st: 1473.85
	duration: 5.0

	setup duration: 0.0

	vehicle: 16
	vehicleInd: 27
	(orig, dest): (51, 24)
	(origRegion, destRegion): (0, 1)
	st: 1611.61
	duration: 5.0

	setup duration: 0.0

	vehicle: 16
	vehicleInd: 28
	(orig, dest): (24, 72)
	(origRegion, destRegion): (1, 0)
	st: 1756.3099999999997
	duration: 5.0

	setup duration: 5.0

	vehicle: 16
	vehicleInd: 34
	(orig, dest): (180, 0)
	(origRegion, destRegion): (1, 0)
	st: 2155.01
	duration: 5.0


Machine 1 :
	setup duration: 0.0

	vehicle: 16
	vehicleInd: 3
	(orig, dest): (77, 8)
	(origRegion, destRegion): (0, 1)
	st: 88.13
	duration: 6.4

	setup duration: 6.4

	vehicle: 36
	vehicleInd: 10
	(orig, dest): (19, 57)
	(origRegion, destRegion): (0, 1)
	st: 374.86
	duration: 6.4

	setup duration: 0.0

	vehicle: 9
	vehicleInd: 13
	(orig, dest): (78, 31)
	(origRegion, destRegion): (1, 0)
	st: 689.02
	duration: 6.4

	setup duration: 6.4

	vehicle: 16
	vehicleInd: 16
	(orig, dest): (83, 59)
	(origRegion, destRegion): (1, 0)
	st: 768.83
	duration: 6.4

	setup duration: 6.4

	vehicle: 36
	vehicleInd: 19
	(orig, dest): (30, 82)
	(origRegion, destRegion): (1, 0)
	st: 1507.38
	duration: 6.4

	setup duration: 0.0

	vehicle: 16
	vehicleInd: 30
	(orig, dest): (175, 148)
	(origRegion, destRegion): (0, 1)
	st: 1894.9499999999998
	duration: 6.4


-------------------| COMPL. TIMES |-------------------

Vehicle 0 : 0.0
Vehicle 1 : 0.0
Vehicle 2 : 0.0
Vehicle 3 : 0.0
Vehicle 4 : 0.0
Vehicle 5 : 0.0
Vehicle 6 : 0.0
Vehicle 7 : 0.0
Vehicle 8 : 0.0
Vehicle 9 : 1427.35
Vehicle 10 : 0.0
Vehicle 11 : 0.0
Vehicle 12 : 0.0
Vehicle 13 : 0.0
Vehicle 14 : 0.0
Vehicle 15 : 0.0
Vehicle 16 : 2163.17
Vehicle 17 : 0.0
Vehicle 18 : 0.0
Vehicle 19 : 0.0
Vehicle 20 : 0.0
Vehicle 21 : 0.0
Vehicle 22 : 0.0
Vehicle 23 : 0.0
Vehicle 24 : 0.0
Vehicle 25 : 0.0
Vehicle 26 : 0.0
Vehicle 27 : 0.0
Vehicle 28 : 0.0
Vehicle 29 : 0.0
Vehicle 30 : 0.0
Vehicle 31 : 0.0
Vehicle 32 : 0.0
Vehicle 33 : 0.0
Vehicle 34 : 0.0
Vehicle 35 : 0.0
Vehicle 36 : 2054.0899999999997
Vehicle 37 : 0.0
Vehicle 38 : 0.0
Vehicle 39 : 0.0
-------------------| STATISTICS |-------------------

    Vehicles used                           : 7.5
    Machines used                           : 40.0
    Max load (vehicles)                     : 100.0
    Min load (vehicles)                     : 94.4444
    Mean load (vehicles)                    : 96.2963
    Min completion time                     : 56.3057
    Max completion time                     : 85.3321
    Mean completion time                    : 74.2224
    Avrg travel time (with vehicle)         : 3.1085
    Avrg travel time (only with vehicle)    : 2.1381
    Avrg travel time (no vehicle)           : 0.9704
    Avrg waiting time (machine travel)      : 0.0
    Avrg waiting time (service)             : 2.5916
    Machines travel times (with vehicle)    : [3.9448, 2.2722, 0.0, 0.0, 0.0]
    Machines travel times (no vehicle)      : [1.1834, 0.7574, 0.0, 0.0, 0.0]
    Max load per vehicle                    : [0.0, 0.0, 0.0, 0.0, 0.0, 0.0, 0.0, 0.0, 0.0, 100.0, 0.0, 0.0, 0.0, 0.0, 0.0, 0.0, 94.4444, 0.0, 0.0, 0.0, 0.0, 0.0, 0.0, 0.0, 0.0, 0.0, 0.0, 0.0, 0.0, 0.0, 0.0, 0.0, 0.0, 0.0, 0.0, 0.0, 94.4444, 0.0, 0.0, 0.0]

----------------------------------------------------

TOTAL: 5644.61

Everything is awesome!
