-------------------| STATISTICS |-------------------

Vehicles used                           : 47.5
Machines used                           : 100.0
Max load (vehicles)                     : 92.3077
Min load (vehicles)                     : 18.4615
Mean load (vehicles)                    : 45.9784
Min completion time                     : 45.6199
Max completion time                     : 96.612
Mean completion time                    : 75.2029
Avrg travel time (with vehicle)         : 10.7256
Avrg travel time (only with vehicle)    : 6.9401
Avrg travel time (no vehicle)           : 3.7855
Avrg waiting time (machine travel)      : 2.0009
Avrg waiting time (service)             : 24.6928
Machines travel times (with vehicle)    : [11.041, 3.1546, 5.5205, 22.082, 11.8297]
Machines travel times (no vehicle)      : [4.7319, 0.7886, 2.3659, 7.8864, 3.1546]
Max load per vehicle                    : [0.0, 0.0, 79.4872, 20.0, 0.0, 19.2308, 0.0, 0.0, 0.0, 0.0, 0.0, 0.0, 60.0, 0.0, 51.2821, 0.0, 0.0, 0.0, 23.0769, 44.6154, 73.0769, 0.0, 26.9231, 0.0, 0.0, 73.8462, 50.0, 28.2051, 0.0, 0.0, 18.4615, 92.3077, 42.3077, 50.0, 52.3077, 0.0, 26.1538, 0.0, 42.3077, 0.0]

----------------------------------------------------

TOTAL: 9058.94

Everything is awesome!
