-------------------| STATISTICS |-------------------

Vehicles used                           : 35.0
Machines used                           : 100.0
Max load (vehicles)                     : 97.6744
Min load (vehicles)                     : 27.7778
Mean load (vehicles)                    : 60.8569
Min completion time                     : 28.1498
Max completion time                     : 99.0265
Mean completion time                    : 69.1833
Avrg travel time (with vehicle)         : 6.5523
Avrg travel time (only with vehicle)    : 4.6802
Avrg travel time (no vehicle)           : 1.8721
Avrg waiting time (machine travel)      : 2.5266
Avrg waiting time (service)             : 6.2984
Machines travel times (with vehicle)    : [3.1201, 1.5601, 21.8409, 0.78, 5.4602]
Machines travel times (no vehicle)      : [0.78, 0.0, 7.8003, 0.0, 0.78]
Max load per vehicle                    : [87.931, 0.0, 0.0, 0.0, 0.0, 77.7778, 0.0, 0.0, 0.0, 0.0, 0.0, 38.3721, 0.0, 0.0, 0.0, 0.0, 0.0, 44.8276, 0.0, 0.0, 0.0, 97.6744, 61.6279, 0.0, 0.0, 0.0, 72.2222, 0.0, 58.1395, 0.0, 93.0233, 29.3103, 0.0, 0.0, 27.7778, 80.2326, 55.1724, 0.0, 27.907, 0.0]

----------------------------------------------------

TOTAL: 6208.509999999999

Everything is awesome!
