-------------------| STATISTICS |-------------------

Vehicles used                           : 7.5
Machines used                           : 100.0
Max load (vehicles)                     : 100.0
Min load (vehicles)                     : 88.4615
Mean load (vehicles)                    : 92.5641
Min completion time                     : 25.0533
Max completion time                     : 87.026
Mean completion time                    : 56.74
Avrg travel time (with vehicle)         : 5.1021
Avrg travel time (only with vehicle)    : 3.3535
Avrg travel time (no vehicle)           : 1.7486
Avrg waiting time (machine travel)      : 0.0
Avrg waiting time (service)             : 1.4375
Machines travel times (with vehicle)    : [2.3077, 3.7523, 1.411, 3.8197, 10.7736, 8.5483]
Machines travel times (no vehicle)      : [0.0, 1.4162, 0.5744, 1.9945, 3.6008, 2.9057]
Max load per vehicle                    : [0.0, 0.0, 0.0, 0.0, 0.0, 0.0, 100.0, 89.2308, 0.0, 0.0, 0.0, 0.0, 0.0, 0.0, 0.0, 0.0, 0.0, 0.0, 0.0, 0.0, 0.0, 0.0, 0.0, 0.0, 0.0, 0.0, 0.0, 0.0, 0.0, 0.0, 0.0, 0.0, 0.0, 0.0, 0.0, 0.0, 0.0, 0.0, 88.4615, 0.0]

----------------------------------------------------

TOTAL: 4315.08

Everything is awesome!
