Set parameter WLSAccessID
Set parameter WLSSecret
Set parameter LicenseID to value 2661775
Academic license 2661775 - for non-commercial use only - registered to me___@dcc.ufba.br
Loading line 2: methodType heur
Loading line 3: methodCode mslp
Loading line 4: seed 0
Loading line 5: threads 1
Loading line 6: greedy_service_order random
Loading line 7: outputFlagGrbMSLP 0
Loading line 8: mslpa 60000
Loading line 9: mslpr I
Loading line 10: maxtime 3600
Loading line 11: output ./logs/
Loading line 12: printsol 1
Loading line 13: solverMethod A
Loading line 14: alpha 0.05 # selected from preliminary experiments
Instance: LR1_2_4_t1_40R_40V_02F_05M

[10:54:25.534] Running Data.readData with file /dados/rmelo/PDPTW-SE/benchmark_multi_floor_v3/official_experiments/multistartlp/official/set_01_pt_01/../../../../instances/orig_ams_fg/40R_40V_02F_06M/t1/LR1_2_4/
vehicles: Vehicle[Vehicle(0, 72), Vehicle(1, 72), Vehicle(2, 86), Vehicle(3, 86), Vehicle(4, 72), Vehicle(5, 86), Vehicle(6, 86), Vehicle(7, 58), Vehicle(8, 72), Vehicle(9, 58), Vehicle(10, 58), Vehicle(11, 86), Vehicle(12, 58), Vehicle(13, 86), Vehicle(14, 58), Vehicle(15, 58), Vehicle(16, 72), Vehicle(17, 72), Vehicle(18, 58), Vehicle(19, 58), Vehicle(20, 72), Vehicle(21, 72), Vehicle(22, 86), Vehicle(23, 58), Vehicle(24, 86), Vehicle(25, 72), Vehicle(26, 86), Vehicle(27, 86), Vehicle(28, 72), Vehicle(29, 72), Vehicle(30, 86), Vehicle(31, 72), Vehicle(32, 72), Vehicle(33, 86), Vehicle(34, 72), Vehicle(35, 86), Vehicle(36, 58), Vehicle(37, 86), Vehicle(38, 72), Vehicle(39, 86)]
vehicle_types: Vehicle[Vehicle(7, 58), Vehicle(0, 72), Vehicle(2, 86)]
Machine[Machine(0, Point[Point(72, 70, 0), Point(72, 70, 1)], 0.2), Machine(1, Point[Point(68, 70, 0), Point(68, 70, 1)], 0.2), Machine(2, Point[Point(74, 70, 0), Point(74, 70, 1)], 0.2), Machine(3, Point[Point(66, 70, 0), Point(66, 70, 1)], 0.2), Machine(4, Point[Point(76, 70, 0), Point(76, 70, 1)], 0.2)]
refs: [1, 3, 4, 6, 7, 8, 9, 10, 11, 12, 13, 14, 16, 17, 18, 19, 20, 21, 22, 23, 24, 25, 29, 30, 31, 32, 33, 34, 36, 39, 40, 42, 43, 44, 45, 46, 48, 49, 50, 51, 52, 64, 69, 75, 28, 27, 58, 72, 76, 80, 35, 38, 81, 37, 65, 61, 41, 77, 59, 57, 63, 53, 54, 74, 70, 66, 67, 56, 78, 60, 71, 55, 5, 62, 2, 73, 47, 79, 26, 68, 15, 1]
V: [1, 2, 3, 4, 5, 6, 7, 8, 9, 10, 11, 12, 13, 14, 15, 16, 17, 18, 19, 20, 21, 22, 23, 24, 25, 26, 27, 28, 29, 30, 31, 32, 33, 34, 35, 36, 37, 38, 39, 40, 41, 42, 43, 44, 45, 46, 47, 48, 49, 50, 51, 52, 53, 54, 55, 56, 57, 58, 59, 60, 61, 62, 63, 64, 65, 66, 67, 68, 69, 70, 71, 72, 73, 74, 75, 76, 77, 78, 79, 80, 81]
V_p: [2, 3, 4, 5, 6, 7, 8, 9, 10, 11, 12, 13, 14, 15, 16, 17, 18, 19, 20, 21, 22, 23, 24, 25, 26, 27, 28, 29, 30, 31, 32, 33, 34, 35, 36, 37, 38, 39, 40, 41]
V_d: [42, 43, 44, 45, 46, 47, 48, 49, 50, 51, 52, 53, 54, 55, 56, 57, 58, 59, 60, 61, 62, 63, 64, 65, 66, 67, 68, 69, 70, 71, 72, 73, 74, 75, 76, 77, 78, 79, 80, 81]
Vprime: [1, 2, 3, 4, 5, 6, 7, 8, 9, 10, 11, 12, 13, 14, 15, 16, 17, 18, 19, 20, 21, 22, 23, 24, 25, 26, 27, 28, 29, 30, 31, 32, 33, 34, 35, 36, 37, 38, 39, 40, 41, 42, 43, 44, 45, 46, 47, 48, 49, 50, 51, 52, 53, 54, 55, 56, 57, 58, 59, 60, 61, 62, 63, 64, 65, 66, 67, 68, 69, 70, 71, 72, 73, 74, 75, 76, 77, 78, 79, 80, 81, 82]
V: [1, 2, 3, 4, 5, 6, 7, 8, 9, 10, 11, 12, 13, 14, 15, 16, 17, 18, 19, 20, 21, 22, 23, 24, 25, 26, 27, 28, 29, 30, 31, 32, 33, 34, 35, 36, 37, 38, 39, 40, 41, 42, 43, 44, 45, 46, 47, 48, 49, 50, 51, 52, 53, 54, 55, 56, 57, 58, 59, 60, 61, 62, 63, 64, 65, 66, 67, 68, 69, 70, 71, 72, 73, 74, 75, 76, 77, 78, 79, 80, 81]
q: [0, 8, 39, 14, 22, 21, 23, 18, 16, 15, 13, 24, 11, 7, 43, 18, 9, 31, 13, 8, 7, 18, 15, 9, 23, 30, 25, 35, 9, 17, 12, 15, 6, 36, 17, 5, 20, 32, 20, 21, 4, -8, -39, -14, -22, -21, -23, -18, -16, -15, -13, -24, -11, -7, -43, -18, -9, -31, -13, -8, -7, -18, -15, -9, -23, -30, -25, -35, -9, -17, -12, -15, -6, -36, -17, -5, -20, -32, -20, -21, -4, 0]
H: [1, 2, 3, 4, 5]
f: [[1, 1, 1, 1, 1], [1, 1, 1, 1, 1], [1, 1, 1, 1, 1], [1, 1, 1, 1, 1], [2, 2, 2, 2, 2], [2, 2, 2, 2, 2], [2, 2, 2, 2, 2], [2, 2, 2, 2, 2], [1, 1, 1, 1, 1], [1, 1, 1, 1, 1], [1, 1, 1, 1, 1], [2, 2, 2, 2, 2], [2, 2, 2, 2, 2], [1, 1, 1, 1, 1], [2, 2, 2, 2, 2], [2, 2, 2, 2, 2], [2, 2, 2, 2, 2], [1, 1, 1, 1, 1], [1, 1, 1, 1, 1], [2, 2, 2, 2, 2], [1, 1, 1, 1, 1], [1, 1, 1, 1, 1], [1, 1, 1, 1, 1], [2, 2, 2, 2, 2], [2, 2, 2, 2, 2], [2, 2, 2, 2, 2], [2, 2, 2, 2, 2], [1, 1, 1, 1, 1], [2, 2, 2, 2, 2], [2, 2, 2, 2, 2], [2, 2, 2, 2, 2], [1, 1, 1, 1, 1], [1, 1, 1, 1, 1], [1, 1, 1, 1, 1], [2, 2, 2, 2, 2], [2, 2, 2, 2, 2], [2, 2, 2, 2, 2], [1, 1, 1, 1, 1], [2, 2, 2, 2, 2], [1, 1, 1, 1, 1], [2, 2, 2, 2, 2], [1, 1, 1, 1, 1], [2, 2, 2, 2, 2], [1, 1, 1, 1, 1], [2, 2, 2, 2, 2], [2, 2, 2, 2, 2], [1, 1, 1, 1, 1], [2, 2, 2, 2, 2], [1, 1, 1, 1, 1], [1, 1, 1, 1, 1], [2, 2, 2, 2, 2], [2, 2, 2, 2, 2], [2, 2, 2, 2, 2], [2, 2, 2, 2, 2], [2, 2, 2, 2, 2], [1, 1, 1, 1, 1], [1, 1, 1, 1, 1], [1, 1, 1, 1, 1], [2, 2, 2, 2, 2], [2, 2, 2, 2, 2], [2, 2, 2, 2, 2], [2, 2, 2, 2, 2], [1, 1, 1, 1, 1], [1, 1, 1, 1, 1], [2, 2, 2, 2, 2], [1, 1, 1, 1, 1], [1, 1, 1, 1, 1], [1, 1, 1, 1, 1], [1, 1, 1, 1, 1], [1, 1, 1, 1, 1], [1, 1, 1, 1, 1], [2, 2, 2, 2, 2], [1, 1, 1, 1, 1], [1, 1, 1, 1, 1], [1, 1, 1, 1, 1], [1, 1, 1, 1, 1], [1, 1, 1, 1, 1], [2, 2, 2, 2, 2], [2, 2, 2, 2, 2], [1, 1, 1, 1, 1], [2, 2, 2, 2, 2], [1, 1, 1, 1, 1]]
1 1 1 -> 0.0
1 2 1 -> 5.0
2 1 1 -> 5.0
2 2 1 -> 0.0
1 1 2 -> 0.0
1 2 2 -> 5.0
2 1 2 -> 5.0
2 2 2 -> 0.0
1 1 3 -> 0.0
1 2 3 -> 5.0
2 1 3 -> 5.0
2 2 3 -> 0.0
1 1 4 -> 0.0
1 2 4 -> 5.0
2 1 4 -> 5.0
2 2 4 -> 0.0
1 1 5 -> 0.0
1 2 5 -> 5.0
2 1 5 -> 5.0
2 2 5 -> 0.0
o: (1, 2, 1) => 5.0
o: (1, 2, 5) => 5.0
o: (1, 2, 3) => 5.0
o: (1, 1, 2) => 0.0
o: (2, 1, 4) => 5.0
o: (1, 2, 2) => 5.0
o: (2, 1, 1) => 5.0
o: (2, 1, 5) => 5.0
o: (2, 1, 3) => 5.0
o: (2, 2, 4) => 0.0
o: (2, 2, 1) => 0.0
o: (2, 2, 5) => 0.0
o: (2, 2, 3) => 0.0
o: (2, 1, 2) => 5.0
o: (1, 1, 4) => 0.0
o: (1, 1, 1) => 0.0
o: (1, 1, 5) => 0.0
o: (1, 1, 3) => 0.0
o: (1, 2, 4) => 5.0
o: (2, 2, 2) => 0.0

[130, 1122, 1112, 1033, 1023, 1028, 939, 6]
JOBS in the order of refs (Vprime)
Node 1: Job(0, Point(70, 70, 0), 0, 0, 928, 0, 0, 0)
Node 2: Job(2, Point(109, 139, 0), 8, 0, 545, 10, 0, 121)
Node 3: Job(3, Point(120, 22, 0), 39, 190, 200, 10, 0, 131)
Node 4: Job(6, Point(12, 138, 0), 14, 285, 295, 10, 0, 177)
Node 5: Job(7, Point(86, 40, 1), 22, 0, 590, 10, 0, 41)
Node 6: Job(8, Point(121, 124, 1), 21, 0, 550, 10, 0, 40)
Node 7: Job(10, Point(40, 113, 1), 23, 0, 572, 10, 0, 104)
Node 8: Job(11, Point(129, 24, 1), 18, 0, 550, 10, 0, 158)
Node 9: Job(12, Point(12, 84, 0), 16, 0, 565, 10, 0, 178)
Node 10: Job(14, Point(102, 52, 0), 15, 0, 588, 10, 0, 197)
Node 11: Job(15, Point(41, 36, 0), 13, 61, 71, 10, 0, 54)
Node 12: Job(16, Point(132, 133, 1), 24, 0, 536, 10, 0, 60)
Node 13: Job(19, Point(22, 104, 1), 11, 0, 566, 10, 0, 198)
Node 14: Job(20, Point(46, 133, 0), 7, 0, 557, 10, 0, 58)
Node 15: Job(21, Point(138, 78, 1), 43, 0, 556, 10, 0, 123)
Node 16: Job(23, Point(18, 104, 1), 18, 347, 357, 10, 0, 114)
Node 17: Job(27, Point(101, 0, 1), 9, 0, 548, 10, 0, 64)
Node 18: Job(28, Point(90, 14, 0), 31, 0, 565, 10, 0, 182)
Node 19: Job(29, Point(20, 69, 0), 13, 388, 398, 10, 0, 110)
Node 20: Job(30, Point(64, 132, 1), 8, 67, 77, 10, 0, 98)
Node 21: Job(34, Point(63, 129, 0), 7, 216, 226, 10, 0, 118)
Node 22: Job(36, Point(108, 30, 0), 18, 0, 569, 10, 0, 91)
Node 23: Job(43, Point(13, 48, 0), 15, 0, 563, 10, 0, 95)
Node 24: Job(44, Point(113, 35, 1), 9, 0, 569, 10, 0, 172)
Node 25: Job(45, Point(60, 84, 1), 23, 0, 607, 10, 0, 138)
Node 26: Job(46, Point(44, 58, 1), 30, 0, 596, 10, 0, 125)
Node 27: Job(51, Point(139, 68, 1), 25, 152, 707, 10, 0, 126)
Node 28: Job(52, Point(58, 95, 0), 35, 495, 505, 10, 0, 97)
Node 29: Job(56, Point(54, 41, 1), 9, 0, 591, 10, 0, 188)
Node 30: Job(62, Point(55, 127, 1), 17, 0, 566, 10, 0, 111)
Node 31: Job(63, Point(103, 44, 1), 12, 42, 52, 10, 0, 150)
Node 32: Job(65, Point(16, 62, 0), 15, 0, 570, 10, 0, 96)
Node 33: Job(67, Point(90, 44, 0), 6, 132, 142, 10, 0, 5)
Node 34: Job(68, Point(113, 32, 0), 36, 154, 164, 10, 0, 116)
Node 35: Job(69, Point(104, 73, 1), 17, 0, 590, 10, 0, 1)
Node 36: Job(70, Point(36, 38, 1), 5, 0, 578, 10, 0, 164)
Node 37: Job(72, Point(54, 33, 1), 20, 0, 584, 10, 0, 71)
Node 38: Job(73, Point(70, 94, 0), 32, 24, 34, 10, 0, 194)
Node 39: Job(74, Point(35, 90, 1), 20, 456, 466, 10, 0, 39)
Node 40: Job(77, Point(10, 111, 0), 21, 0, 552, 10, 0, 127)
Node 41: Job(79, Point(113, 45, 1), 4, 0, 575, 10, 0, 18)
Node 42: Job(121, Point(85, 111, 0), -8, 0, 581, 10, 2, 0)
Node 43: Job(131, Point(138, 24, 1), -39, 0, 542, 10, 3, 0)
Node 44: Job(177, Point(13, 129, 0), -14, 361, 371, 10, 6, 0)
Node 45: Job(41, Point(81, 36, 1), -22, 0, 589, 10, 7, 0)
Node 46: Job(40, Point(92, 138, 1), -21, 412, 422, 10, 8, 0)
Node 47: Job(104, Point(38, 122, 0), -23, 0, 563, 10, 10, 0)
Node 48: Job(158, Point(120, 47, 1), -18, 0, 569, 10, 11, 0)
Node 49: Job(178, Point(20, 106, 0), -16, 0, 563, 10, 12, 0)
Node 50: Job(197, Point(93, 61, 0), -15, 531, 541, 10, 14, 0)
Node 51: Job(54, Point(32, 52, 1), -13, 0, 582, 10, 15, 0)
Node 52: Job(60, Point(73, 96, 1), -24, 0, 598, 10, 16, 0)
Node 53: Job(198, Point(27, 104, 1), -11, 0, 570, 10, 19, 0)
Node 54: Job(58, Point(5, 99, 1), -7, 0, 553, 10, 20, 0)
Node 55: Job(123, Point(137, 84, 1), -43, 0, 556, 10, 21, 0)
Node 56: Job(114, Point(29, 94, 0), -18, 0, 577, 10, 23, 0)
Node 57: Job(64, Point(97, 12, 0), -9, 0, 561, 10, 27, 0)
Node 58: Job(182, Point(89, 24, 0), -31, 0, 575, 10, 28, 0)
Node 59: Job(110, Point(34, 72, 1), -13, 0, 588, 10, 29, 0)
Node 60: Job(98, Point(49, 140, 1), -8, 0, 551, 10, 30, 0)
Node 61: Job(118, Point(59, 115, 1), -7, 326, 336, 10, 34, 0)
Node 62: Job(91, Point(83, 38, 1), -18, 0, 590, 10, 36, 0)
Node 63: Job(95, Point(19, 120, 0), -15, 271, 281, 10, 43, 0)
Node 64: Job(172, Point(120, 52, 0), -9, 384, 394, 10, 44, 0)
Node 65: Job(138, Point(55, 102, 1), -23, 0, 589, 10, 45, 0)
Node 66: Job(125, Point(30, 57, 0), -30, 240, 250, 10, 46, 0)
Node 67: Job(126, Point(139, 72, 0), -25, 294, 849, 10, 51, 0)
Node 68: Job(97, Point(58, 80, 0), -35, 0, 609, 10, 52, 0)
Node 69: Job(188, Point(44, 36, 0), -9, 0, 582, 10, 56, 0)
Node 70: Job(111, Point(80, 103, 0), -17, 382, 392, 10, 62, 0)
Node 71: Job(150, Point(99, 34, 0), -12, 0, 578, 10, 63, 0)
Node 72: Job(96, Point(18, 70, 1), -15, 401, 411, 10, 65, 0)
Node 73: Job(5, Point(116, 22, 0), -6, 0, 558, 10, 67, 0)
Node 74: Job(116, Point(110, 28, 0), -36, 315, 325, 10, 68, 0)
Node 75: Job(1, Point(107, 77, 0), -17, 0, 587, 10, 69, 0)
Node 76: Job(164, Point(36, 54, 0), -5, 0, 587, 10, 70, 0)
Node 77: Job(71, Point(15, 4, 0), -20, 530, 540, 10, 72, 0)
Node 78: Job(194, Point(56, 129, 1), -32, 0, 564, 10, 73, 0)
Node 79: Job(39, Point(47, 83, 1), -20, 0, 598, 10, 74, 0)
Node 80: Job(127, Point(2, 106, 0), -21, 0, 548, 10, 77, 0)
Node 81: Job(18, Point(104, 54, 1), -4, 0, 587, 10, 79, 0)
Node 82: Job(0, Point(70, 70, 0), 0, 0, 928, 0, 0, 0)

### Preprocessing Data ###
	-> arcs: 6724 (100.0%)
	-> arc_removals: 2573 (38.27%)
	-> arc_removals_is_loop: 82 (1.22%)
	-> arc_removals_is_delivery_to_pickup: 42 (0.62%)
	-> arc_removals_is_depot_begin_to_delivery: 40 (0.59%)
	-> arc_removals_is_pickup_to_depot_end: 40 (0.59%)
	-> arc_removals_is_dest_depot_begin: 80 (1.19%)
	-> arc_removals_is_orig_depot_end: 79 (1.17%)
	-> arc_removals_is_capacity_violated: 0 (0.0%)
	-> arc_removals_is_time_window_limited: 1269 (18.87%)
	-> arc_removals_is_time_window_pairing_limited: 860 (12.79%)
	-> arc_removals_is_indirect_request_service_impossible: 81 (1.2%)
	-> gamma_vars: 0 (0%)
	-> feas_gamma_vars: 0 (0%)
	-> infeas_gamma_vars_is_next_mtrv_unreachable: 0 (0%)
	-> infeas_gamma_vars_is_iprime_jprime_eq_i_j: 0 (0%)
	-> machine_removal_for_an_arc: 0 (0.0%)
##########################

[10:54:35.545] Print configuration
------------------------------------------------------
"
[10:54:35.545] Running Multi Start Heuristic"
> Experiment started at 2025-10-15T10:54:35.545
> Instance: LR1_2_4_t1_40R_40V_02F_05M
> Algorithm Parameters:


	>Stop params:
		>  - rule ITERATIONS
		>  - argument 60000.0
		>  - maximum_time 3600

	>General params:
		>  - instPath /dados/rmelo/PDPTW-SE/benchmark_multi_floor_v3/official_experiments/multistartlp/official/set_01_pt_01/../../../../instances/orig_ams_fg/40R_40V_02F_06M/t1/LR1_2_4/
		>  - name LR1_2_4
		>  - type t1
		>  - group 40R_40V_02F_05M
		>  - fullname LR1_2_4_t1_40R_40V_02F_05M
		>  - methodType heur
		>  - methodCode mslp
		>  - genconfigfile /dados/rmelo/PDPTW-SE/benchmark_multi_floor_v3/official_experiments/multistartlp/official/set_01_pt_01/configs/genconfig_mslp.conf
		>  - genconfigfilename genconfig_mslp
		>  - greedy_service_order random
		>  - cutoff 0
		>  - cutoffmachs 5
		>  - num_machs 0
		>  - solver Gurobi
		>  - maxtime 3600
		>  - gurobiCuts 1
		>  - typeUserCut 0
		>  - mipPresolve -1
		>  - printsol 1
		>  - maxnodes -1
		>  - elevator 1
		>  - make_instance_feasible false
		>  - output /dados/rmelo/PDPTW-SE/benchmark_multi_floor_v3/official_experiments/multistartlp/official/set_01_pt_01/logs
		>  - suff_outputs _seed_41
		>  - suff_csv _bash_2
		>  - epsilon 0.005
		>  - epsilonCap 0.5
		>  - warmStart false
		>  - seed 41
		>  - rng Random.MersenneTwister(41)
		>  - alpha 0.05
		>  - maxiter 1000000
		>  - outputFlagGrbMIP 0
		>  - outputFlagGrbMSLP 0
		>  - outputFlagGrbLMNS 0
		>  - mslpr I
		>  - mslpa 60000
		>  - lmnsr M
		>  - lmnsa 60
		>  - lmnsRepairTime 30.0
		>  - lmnsMIPFocus 0
		>  - lmnsGapToBiggerDestruction 50
		>  - lmnsGapToSmallerDestruction 95
		>  - lmnsWeightShawDistProx 1.0
		>  - lmnsWeightShawEarlProx 1.0
		>  - lmnsWeightShawSameRoute 1.0
		>  - lmnsWeightShawDemandSim 1.0
		>  - lmnsReqRApplyMIPStart true
		>  - lmnsAcceptanceCriteria H
		>  - lmnsMetropolisTemp 100.0
		>  - lmnsSimulatedAnnealingTemp 100.0
		>  - lmnsSimulatedAnnealingCool 0.95
		>  - mipmaxtime 3600
		>  - csvfilename /dados/rmelo/PDPTW-SE/benchmark_multi_floor_v3/official_experiments/multistartlp/official/set_01_pt_01/logs/heur_mslp/outputs/csvresults_heur_mslp_bash_2.csv
		>  - solfilename /dados/rmelo/PDPTW-SE/benchmark_multi_floor_v3/official_experiments/multistartlp/official/set_01_pt_01/logs/heur_mslp/solutions/40R_40V_02F_05M/LR1_2_4_sol_genconfig_mslp_seed_41.txt
		>  - timelineFilename /dados/rmelo/PDPTW-SE/benchmark_multi_floor_v3/official_experiments/multistartlp/official/set_01_pt_01/logs/heur_mslp/timelines/40R_40V_02F_05M/LR1_2_4_timeline_genconfig_mslp_seed_41.txt
		>  - grbFilename /dados/rmelo/PDPTW-SE/benchmark_multi_floor_v3/official_experiments/multistartlp/official/set_01_pt_01/logs/heur_mslp/gurobi/40R_40V_02F_05M/LR1_2_4_grb_genconfig_mslp_seed_41.log
		>  - threads 1
		>  - solverMethod AUTOMATIC

------------------------------------------------------

[10:54:35.653] Starting running MSLP
objValue;greedysol;iteration;time
6140.61;6269.24;1;0.019062
6019.81;6747.11;29;0.927748
5940.42;6170.55;77;1.498051
5867.33;6165.90;240;3.734343
5811.23;6053.79;463;6.809061
5708.23;5859.78;554;7.997597
5642.40;5954.12;676;9.630552
5434.13;5588.60;895;12.644533
5392.71;5666.53;7136;100.784215

[11:09:02.508] Finished running MSLP
System CPU time: 14.39 seconds

[11:09:02.578] Post running MSLP
Best solution value: 5392.71
Total time elapsed: 847.839440
Time to best: 100.784215
Iterations: 60000
Iterations to best: 7136
Improvements: 9
Infeasible solutions percentage: (34205 / 60000) = 57.0083 %
(LP improvements)/(LP runs) = 25795/25795 = 100.0000 %
Mean LP improvement percentage: 5.3184 %
[11:09:02.827] Writing results to CSV file: /dados/rmelo/PDPTW-SE/benchmark_multi_floor_v3/official_experiments/multistartlp/official/set_01_pt_01/logs/heur_mslp/outputs/csvresults_heur_mslp_bash_2.csv

[11:09:04.897] Saving solution to file:/dados/rmelo/PDPTW-SE/benchmark_multi_floor_v3/official_experiments/multistartlp/official/set_01_pt_01/logs/heur_mslp/solutions/40R_40V_02F_05M/LR1_2_4_sol_genconfig_mslp_seed_41.txt

[11:09:04.897] Saving solution timeline to file: /dados/rmelo/PDPTW-SE/benchmark_multi_floor_v3/official_experiments/multistartlp/official/set_01_pt_01/logs/heur_mslp/timelines/40R_40V_02F_05M/LR1_2_4_timeline_genconfig_mslp_seed_41.txt
---------------------| VEHICLES |---------------------

Vehicle 1 :
	id: 0
		node: 1
		(x, y, z): (70, 70, 0)
		dem: 0
		earl: 0
		lat: 928
		servt: 0
		pid: 0
		did: 0
		servST: 0.3999999999999915
		(h, h_ind): (-1, 0)
		load: 0.0

	Finished service at time: 0.3999999999999915

	Task 0 -> Task 36: 55.17
	Vehicle arrival at task: 55.56999999999999
	Waiting time until service start time: 0.0

	id: 36
		node: 22
		(x, y, z): (108, 30, 0)
		dem: 18
		earl: 0
		lat: 569
		servt: 10
		pid: 0
		did: 91
		servST: 55.56999999999999
		(h, h_ind): (-1, 0)
		load: 18.0

	Finished service at time: 65.57

	Using Machine: 4
		Task 36 -> Machine 4 (Station 1): 51.22
		Vehicle arrival at machine station: 116.78999999999999
		Waiting time until machine travel: 0.0

		Machine travel start time: 116.78999999999999
		Region 0 -> Region 1: 5.0
		Machine arrival at machine station: 121.78999999999999

		Machine 4 (Station 2)-> Task 91: 32.76
		Vehicle arrival at task: 154.54999999999998
		Waiting time until service start time: 0.0

	id: 91
		node: 62
		(x, y, z): (83, 38, 1)
		dem: -18
		earl: 0
		lat: 590
		servt: 10
		pid: 36
		did: 0
		servST: 154.54999999999998
		(h, h_ind): (4, 2)
		load: 0.0

	Finished service at time: 164.54999999999998

	Task 91 -> Task 79: 30.81
	Vehicle arrival at task: 195.35999999999999
	Waiting time until service start time: 0.0

	id: 79
		node: 41
		(x, y, z): (113, 45, 1)
		dem: 4
		earl: 0
		lat: 575
		servt: 10
		pid: 0
		did: 18
		servST: 195.35999999999999
		(h, h_ind): (-1, 0)
		load: 4.0

	Finished service at time: 205.35999999999999

	Task 79 -> Task 51: 34.71
	Vehicle arrival at task: 240.07
	Waiting time until service start time: 0.0

	id: 51
		node: 27
		(x, y, z): (139, 68, 1)
		dem: 25
		earl: 152
		lat: 707
		servt: 10
		pid: 0
		did: 126
		servST: 240.07
		(h, h_ind): (-1, 0)
		load: 29.0

	Finished service at time: 250.07

	Task 51 -> Task 18: 37.7
	Vehicle arrival at task: 287.77
	Waiting time until service start time: 0.0

	id: 18
		node: 81
		(x, y, z): (104, 54, 1)
		dem: -4
		earl: 0
		lat: 587
		servt: 10
		pid: 79
		did: 0
		servST: 287.77
		(h, h_ind): (-1, 0)
		load: 25.0

	Finished service at time: 297.77

	Task 18 -> Task 8: 72.03
	Vehicle arrival at task: 369.79999999999995
	Waiting time until service start time: 0.0

	id: 8
		node: 6
		(x, y, z): (121, 124, 1)
		dem: 21
		earl: 0
		lat: 550
		servt: 10
		pid: 0
		did: 40
		servST: 369.8
		(h, h_ind): (-1, 0)
		load: 46.0

	Finished service at time: 379.8

	Task 8 -> Task 40: 32.2
	Vehicle arrival at task: 412.0
	Waiting time until service start time: 0.0

	id: 40
		node: 46
		(x, y, z): (92, 138, 1)
		dem: -21
		earl: 412
		lat: 422
		servt: 10
		pid: 8
		did: 0
		servST: 412.0
		(h, h_ind): (-1, 0)
		load: 25.0

	Finished service at time: 422.0

	Task 40 -> Task 16: 40.31
	Vehicle arrival at task: 462.31
	Waiting time until service start time: 0.0

	id: 16
		node: 12
		(x, y, z): (132, 133, 1)
		dem: 24
		earl: 0
		lat: 536
		servt: 10
		pid: 0
		did: 60
		servST: 462.31
		(h, h_ind): (-1, 0)
		load: 49.0

	Finished service at time: 472.31

	Task 16 -> Task 60: 69.64
	Vehicle arrival at task: 541.95
	Waiting time until service start time: 0.0

	id: 60
		node: 52
		(x, y, z): (73, 96, 1)
		dem: -24
		earl: 0
		lat: 598
		servt: 10
		pid: 16
		did: 0
		servST: 541.95
		(h, h_ind): (-1, 0)
		load: 25.0

	Finished service at time: 551.95

	Using Machine: 4
		Task 60 -> Machine 4 (Station 2): 26.17
		Vehicle arrival at machine station: 578.12
		Waiting time until machine travel: 0.0

		Machine travel start time: 578.12
		Region 1 -> Region 0: 5.0
		Machine arrival at machine station: 583.12

		Machine 4 (Station 1)-> Task 126: 63.03
		Vehicle arrival at task: 646.15
		Waiting time until service start time: 0.0

	id: 126
		node: 67
		(x, y, z): (139, 72, 0)
		dem: -25
		earl: 294
		lat: 849
		servt: 10
		pid: 51
		did: 0
		servST: 646.15
		(h, h_ind): (4, 5)
		load: 0.0

	Finished service at time: 656.15

	Task 126 -> Task 0: 69.03
	Vehicle arrival at task: 725.18
	Waiting time until service start time: 0.0

	id: 0
		node: 82
		(x, y, z): (70, 70, 0)
		dem: 0
		earl: 0
		lat: 928
		servt: 0
		pid: 0
		did: 0
		servST: 725.18
		(h, h_ind): (-1, 0)
		load: 0.0


Vehicle 2 :
	id: 0
		node: 1
		(x, y, z): (70, 70, 0)
		dem: 0
		earl: 0
		lat: 928
		servt: 0
		pid: 0
		did: 0
		servST: 25.310000000000002
		(h, h_ind): (-1, 0)
		load: 0.0

	Finished service at time: 25.310000000000002

	Task 0 -> Task 14: 36.72
	Vehicle arrival at task: 62.03
	Waiting time until service start time: 0.0

	id: 14
		node: 10
		(x, y, z): (102, 52, 0)
		dem: 15
		earl: 0
		lat: 588
		servt: 10
		pid: 0
		did: 197
		servST: 62.03
		(h, h_ind): (-1, 0)
		load: 15.0

	Finished service at time: 72.03

	Task 14 -> Task 2: 87.28
	Vehicle arrival at task: 159.31
	Waiting time until service start time: 0.0

	id: 2
		node: 2
		(x, y, z): (109, 139, 0)
		dem: 8
		earl: 0
		lat: 545
		servt: 10
		pid: 0
		did: 121
		servST: 159.31
		(h, h_ind): (-1, 0)
		load: 23.0

	Finished service at time: 169.31

	Task 2 -> Task 34: 47.07
	Vehicle arrival at task: 216.38
	Waiting time until service start time: 0.0

	id: 34
		node: 21
		(x, y, z): (63, 129, 0)
		dem: 7
		earl: 216
		lat: 226
		servt: 10
		pid: 0
		did: 118
		servST: 216.38
		(h, h_ind): (-1, 0)
		load: 30.0

	Finished service at time: 226.38

	Using Machine: 3
		Task 34 -> Machine 3 (Station 1): 59.08
		Vehicle arrival at machine station: 285.46
		Waiting time until machine travel: 0.0

		Machine travel start time: 285.46
		Region 0 -> Region 1: 5.0
		Machine arrival at machine station: 290.46

		Machine 3 (Station 2)-> Task 118: 45.54
		Vehicle arrival at task: 336.0
		Waiting time until service start time: 0.0

	id: 118
		node: 61
		(x, y, z): (59, 115, 1)
		dem: -7
		earl: 326
		lat: 336
		servt: 10
		pid: 34
		did: 0
		servST: 336.0
		(h, h_ind): (3, 5)
		load: 23.0

	Finished service at time: 346.0

	Using Machine: 0
		Task 118 -> Machine 0 (Station 2): 46.84
		Vehicle arrival at machine station: 392.84000000000003
		Waiting time until machine travel: 29.51

		Machine travel start time: 422.35
		Region 1 -> Region 0: 5.0
		Machine arrival at machine station: 427.35

		Machine 0 (Station 1)-> Task 121: 43.01
		Vehicle arrival at task: 470.36
		Waiting time until service start time: 0.0

	id: 121
		node: 42
		(x, y, z): (85, 111, 0)
		dem: -8
		earl: 0
		lat: 581
		servt: 10
		pid: 2
		did: 0
		servST: 470.36
		(h, h_ind): (0, 2)
		load: 15.0

	Finished service at time: 480.36

	Task 121 -> Task 197: 50.64
	Vehicle arrival at task: 531.0
	Waiting time until service start time: 0.0

	id: 197
		node: 50
		(x, y, z): (93, 61, 0)
		dem: -15
		earl: 531
		lat: 541
		servt: 10
		pid: 14
		did: 0
		servST: 531.0
		(h, h_ind): (-1, 0)
		load: 0.0

	Finished service at time: 541.0

	Task 197 -> Task 0: 24.7
	Vehicle arrival at task: 565.7
	Waiting time until service start time: 0.0

	id: 0
		node: 82
		(x, y, z): (70, 70, 0)
		dem: 0
		earl: 0
		lat: 928
		servt: 0
		pid: 0
		did: 0
		servST: 565.7
		(h, h_ind): (-1, 0)
		load: 0.0


Vehicle 6 :
	id: 0
		node: 1
		(x, y, z): (70, 70, 0)
		dem: 0
		earl: 0
		lat: 928
		servt: 0
		pid: 0
		did: 0
		servST: 4.539999999999999
		(h, h_ind): (-1, 0)
		load: 0.0

	Finished service at time: 4.539999999999999

	Using Machine: 0
		Task 0 -> Machine 0 (Station 1): 2.0
		Vehicle arrival at machine station: 6.539999999999999
		Waiting time until machine travel: 0.0

		Machine travel start time: 6.539999999999999
		Region 0 -> Region 1: 5.0
		Machine arrival at machine station: 11.54

		Machine 0 (Station 2)-> Task 63: 40.46
		Vehicle arrival at task: 52.0
		Waiting time until service start time: 0.0

	id: 63
		node: 31
		(x, y, z): (103, 44, 1)
		dem: 12
		earl: 42
		lat: 52
		servt: 10
		pid: 0
		did: 150
		servST: 52.0
		(h, h_ind): (0, 1)
		load: 12.0

	Finished service at time: 62.0

	Task 63 -> Task 44: 13.45
	Vehicle arrival at task: 75.45
	Waiting time until service start time: 6.7

	id: 44
		node: 24
		(x, y, z): (113, 35, 1)
		dem: 9
		earl: 0
		lat: 569
		servt: 10
		pid: 0
		did: 172
		servST: 82.14999999999998
		(h, h_ind): (-1, 0)
		load: 21.0

	Finished service at time: 92.14999999999998

	Task 44 -> Task 27: 37.0
	Vehicle arrival at task: 129.14999999999998
	Waiting time until service start time: 0.0

	id: 27
		node: 17
		(x, y, z): (101, 0, 1)
		dem: 9
		earl: 0
		lat: 548
		servt: 10
		pid: 0
		did: 64
		servST: 129.14999999999998
		(h, h_ind): (-1, 0)
		load: 30.0

	Finished service at time: 139.14999999999998

	Task 27 -> Task 56: 62.37
	Vehicle arrival at task: 201.51999999999998
	Waiting time until service start time: 0.0

	id: 56
		node: 29
		(x, y, z): (54, 41, 1)
		dem: 9
		earl: 0
		lat: 591
		servt: 10
		pid: 0
		did: 188
		servST: 201.51999999999998
		(h, h_ind): (-1, 0)
		load: 39.0

	Finished service at time: 211.51999999999998

	Task 56 -> Task 69: 59.36
	Vehicle arrival at task: 270.88
	Waiting time until service start time: 0.0

	id: 69
		node: 35
		(x, y, z): (104, 73, 1)
		dem: 17
		earl: 0
		lat: 590
		servt: 10
		pid: 0
		did: 1
		servST: 270.88
		(h, h_ind): (-1, 0)
		load: 56.0

	Finished service at time: 280.88

	Using Machine: 4
		Task 69 -> Machine 4 (Station 2): 28.16
		Vehicle arrival at machine station: 309.04
		Waiting time until machine travel: -0.0

		Machine travel start time: 309.03999999999996
		Region 1 -> Region 0: 5.0
		Machine arrival at machine station: 314.03999999999996

		Machine 4 (Station 1)-> Task 1: 31.78
		Vehicle arrival at task: 345.81999999999994
		Waiting time until service start time: 0.0

	id: 1
		node: 75
		(x, y, z): (107, 77, 0)
		dem: -17
		earl: 0
		lat: 587
		servt: 10
		pid: 69
		did: 0
		servST: 345.82
		(h, h_ind): (4, 4)
		load: 39.0

	Finished service at time: 355.82

	Task 1 -> Task 172: 28.18
	Vehicle arrival at task: 384.0
	Waiting time until service start time: 0.0

	id: 172
		node: 64
		(x, y, z): (120, 52, 0)
		dem: -9
		earl: 384
		lat: 394
		servt: 10
		pid: 44
		did: 0
		servST: 384.0
		(h, h_ind): (-1, 0)
		load: 30.0

	Finished service at time: 394.0

	Task 172 -> Task 150: 27.66
	Vehicle arrival at task: 421.66
	Waiting time until service start time: -0.0

	id: 150
		node: 71
		(x, y, z): (99, 34, 0)
		dem: -12
		earl: 0
		lat: 578
		servt: 10
		pid: 63
		did: 0
		servST: 421.65999999999997
		(h, h_ind): (-1, 0)
		load: 18.0

	Finished service at time: 431.65999999999997

	Task 150 -> Task 64: 22.09
	Vehicle arrival at task: 453.74999999999994
	Waiting time until service start time: 0.0

	id: 64
		node: 57
		(x, y, z): (97, 12, 0)
		dem: -9
		earl: 0
		lat: 561
		servt: 10
		pid: 27
		did: 0
		servST: 453.75
		(h, h_ind): (-1, 0)
		load: 9.0

	Finished service at time: 463.75

	Task 64 -> Task 188: 58.18
	Vehicle arrival at task: 521.93
	Waiting time until service start time: 0.0

	id: 188
		node: 69
		(x, y, z): (44, 36, 0)
		dem: -9
		earl: 0
		lat: 582
		servt: 10
		pid: 56
		did: 0
		servST: 521.9300000000001
		(h, h_ind): (-1, 0)
		load: 0.0

	Finished service at time: 531.9300000000001

	Task 188 -> Task 0: 42.8
	Vehicle arrival at task: 574.73
	Waiting time until service start time: 0.0

	id: 0
		node: 82
		(x, y, z): (70, 70, 0)
		dem: 0
		earl: 0
		lat: 928
		servt: 0
		pid: 0
		did: 0
		servST: 574.73
		(h, h_ind): (-1, 0)
		load: 0.0


Vehicle 8 :
	id: 0
		node: 1
		(x, y, z): (70, 70, 0)
		dem: 0
		earl: 0
		lat: 928
		servt: 0
		pid: 0
		did: 0
		servST: 49.18999999999999
		(h, h_ind): (-1, 0)
		load: 0.0

	Finished service at time: 49.18999999999999

	Task 0 -> Task 28: 59.46
	Vehicle arrival at task: 108.64999999999999
	Waiting time until service start time: 0.0

	id: 28
		node: 18
		(x, y, z): (90, 14, 0)
		dem: 31
		earl: 0
		lat: 565
		servt: 10
		pid: 0
		did: 182
		servST: 108.64999999999999
		(h, h_ind): (-1, 0)
		load: 31.0

	Finished service at time: 118.64999999999999

	Task 28 -> Task 182: 10.05
	Vehicle arrival at task: 128.7
	Waiting time until service start time: 0.0

	id: 182
		node: 58
		(x, y, z): (89, 24, 0)
		dem: -31
		earl: 0
		lat: 575
		servt: 10
		pid: 28
		did: 0
		servST: 128.7
		(h, h_ind): (-1, 0)
		load: 0.0

	Finished service at time: 138.7

	Task 182 -> Task 68: 25.3
	Vehicle arrival at task: 164.0
	Waiting time until service start time: 0.0

	id: 68
		node: 34
		(x, y, z): (113, 32, 0)
		dem: 36
		earl: 154
		lat: 164
		servt: 10
		pid: 0
		did: 116
		servST: 164.0
		(h, h_ind): (-1, 0)
		load: 36.0

	Finished service at time: 174.0

	Task 68 -> Task 116: 5.0
	Vehicle arrival at task: 179.0
	Waiting time until service start time: 136.0

	id: 116
		node: 74
		(x, y, z): (110, 28, 0)
		dem: -36
		earl: 315
		lat: 325
		servt: 10
		pid: 68
		did: 0
		servST: 315.0
		(h, h_ind): (-1, 0)
		load: 0.0

	Finished service at time: 325.0

	Task 116 -> Task 0: 58.0
	Vehicle arrival at task: 383.0
	Waiting time until service start time: 0.0

	id: 0
		node: 82
		(x, y, z): (70, 70, 0)
		dem: 0
		earl: 0
		lat: 928
		servt: 0
		pid: 0
		did: 0
		servST: 383.0
		(h, h_ind): (-1, 0)
		load: 0.0


Vehicle 9 :
	id: 0
		node: 1
		(x, y, z): (70, 70, 0)
		dem: 0
		earl: 0
		lat: 928
		servt: 0
		pid: 0
		did: 0
		servST: 7.8700000000000045
		(h, h_ind): (-1, 0)
		load: 0.0

	Finished service at time: 7.8700000000000045

	Using Machine: 1
		Task 0 -> Machine 1 (Station 1): 2.0
		Vehicle arrival at machine station: 9.870000000000005
		Waiting time until machine travel: 0.0

		Machine travel start time: 9.870000000000005
		Region 0 -> Region 1: 5.0
		Machine arrival at machine station: 14.870000000000005

		Machine 1 (Station 2)-> Task 30: 62.13
		Vehicle arrival at task: 77.0
		Waiting time until service start time: 0.0

	id: 30
		node: 20
		(x, y, z): (64, 132, 1)
		dem: 8
		earl: 67
		lat: 77
		servt: 10
		pid: 0
		did: 98
		servST: 77.0
		(h, h_ind): (1, 1)
		load: 8.0

	Finished service at time: 87.0

	Task 30 -> Task 62: 10.3
	Vehicle arrival at task: 97.3
	Waiting time until service start time: 0.0

	id: 62
		node: 30
		(x, y, z): (55, 127, 1)
		dem: 17
		earl: 0
		lat: 566
		servt: 10
		pid: 0
		did: 111
		servST: 97.3
		(h, h_ind): (-1, 0)
		load: 25.0

	Finished service at time: 107.3

	Task 62 -> Task 98: 14.32
	Vehicle arrival at task: 121.62
	Waiting time until service start time: 4.9

	id: 98
		node: 60
		(x, y, z): (49, 140, 1)
		dem: -8
		earl: 0
		lat: 551
		servt: 10
		pid: 30
		did: 0
		servST: 126.51999999999995
		(h, h_ind): (-1, 0)
		load: 17.0

	Finished service at time: 136.51999999999995

	Task 98 -> Task 10: 28.46
	Vehicle arrival at task: 164.97999999999996
	Waiting time until service start time: 0.0

	id: 10
		node: 7
		(x, y, z): (40, 113, 1)
		dem: 23
		earl: 0
		lat: 572
		servt: 10
		pid: 0
		did: 104
		servST: 164.97999999999996
		(h, h_ind): (-1, 0)
		load: 40.0

	Finished service at time: 174.97999999999996

	Task 10 -> Task 19: 20.12
	Vehicle arrival at task: 195.09999999999997
	Waiting time until service start time: 0.0

	id: 19
		node: 13
		(x, y, z): (22, 104, 1)
		dem: 11
		earl: 0
		lat: 566
		servt: 10
		pid: 0
		did: 198
		servST: 195.09999999999997
		(h, h_ind): (-1, 0)
		load: 51.0

	Finished service at time: 205.09999999999997

	Task 19 -> Task 198: 5.0
	Vehicle arrival at task: 210.09999999999997
	Waiting time until service start time: 0.0

	id: 198
		node: 53
		(x, y, z): (27, 104, 1)
		dem: -11
		earl: 0
		lat: 570
		servt: 10
		pid: 19
		did: 0
		servST: 210.09999999999997
		(h, h_ind): (-1, 0)
		load: 40.0

	Finished service at time: 220.09999999999997

	Using Machine: 3
		Task 198 -> Machine 3 (Station 2): 51.74
		Vehicle arrival at machine station: 271.84
		Waiting time until machine travel: 0.0

		Machine travel start time: 271.84
		Region 1 -> Region 0: 5.0
		Machine arrival at machine station: 276.84

		Machine 3 (Station 1)-> Task 104: 59.06
		Vehicle arrival at task: 335.9
		Waiting time until service start time: 0.0

	id: 104
		node: 47
		(x, y, z): (38, 122, 0)
		dem: -23
		earl: 0
		lat: 563
		servt: 10
		pid: 10
		did: 0
		servST: 335.9
		(h, h_ind): (3, 4)
		load: 17.0

	Finished service at time: 345.9

	Task 104 -> Task 111: 46.1
	Vehicle arrival at task: 392.0
	Waiting time until service start time: 0.0

	id: 111
		node: 70
		(x, y, z): (80, 103, 0)
		dem: -17
		earl: 382
		lat: 392
		servt: 10
		pid: 62
		did: 0
		servST: 392.0
		(h, h_ind): (-1, 0)
		load: 0.0

	Finished service at time: 402.0

	Task 111 -> Task 52: 23.41
	Vehicle arrival at task: 425.41
	Waiting time until service start time: 69.59

	id: 52
		node: 28
		(x, y, z): (58, 95, 0)
		dem: 35
		earl: 495
		lat: 505
		servt: 10
		pid: 0
		did: 97
		servST: 495.0
		(h, h_ind): (-1, 0)
		load: 35.0

	Finished service at time: 505.0

	Task 52 -> Task 97: 15.0
	Vehicle arrival at task: 520.0
	Waiting time until service start time: 0.0

	id: 97
		node: 68
		(x, y, z): (58, 80, 0)
		dem: -35
		earl: 0
		lat: 609
		servt: 10
		pid: 52
		did: 0
		servST: 520.0
		(h, h_ind): (-1, 0)
		load: 0.0

	Finished service at time: 530.0

	Task 97 -> Task 0: 15.62
	Vehicle arrival at task: 545.62
	Waiting time until service start time: 0.0

	id: 0
		node: 82
		(x, y, z): (70, 70, 0)
		dem: 0
		earl: 0
		lat: 928
		servt: 0
		pid: 0
		did: 0
		servST: 545.62
		(h, h_ind): (-1, 0)
		load: 0.0


Vehicle 19 :
	id: 0
		node: 1
		(x, y, z): (70, 70, 0)
		dem: 0
		earl: 0
		lat: 928
		servt: 0
		pid: 0
		did: 0
		servST: 0.0
		(h, h_ind): (-1, 0)
		load: 0.0

	Finished service at time: 0.0

	Using Machine: 2
		Task 0 -> Machine 2 (Station 1): 4.0
		Vehicle arrival at machine station: 4.0
		Waiting time until machine travel: 0.0

		Machine travel start time: 4.0
		Region 0 -> Region 1: 5.0
		Machine arrival at machine station: 9.0

		Machine 2 (Station 2)-> Task 45: 19.8
		Vehicle arrival at task: 28.8
		Waiting time until service start time: 0.0

	id: 45
		node: 25
		(x, y, z): (60, 84, 1)
		dem: 23
		earl: 0
		lat: 607
		servt: 10
		pid: 0
		did: 138
		servST: 28.8
		(h, h_ind): (2, 1)
		load: 23.0

	Finished service at time: 38.8

	Task 45 -> Task 138: 18.68
	Vehicle arrival at task: 57.48
	Waiting time until service start time: 0.0

	id: 138
		node: 65
		(x, y, z): (55, 102, 1)
		dem: -23
		earl: 0
		lat: 589
		servt: 10
		pid: 45
		did: 0
		servST: 57.480000000000004
		(h, h_ind): (-1, 0)
		load: 0.0

	Finished service at time: 67.48

	Using Machine: 2
		Task 138 -> Machine 2 (Station 2): 37.22
		Vehicle arrival at machine station: 104.7
		Waiting time until machine travel: 0.0

		Machine travel start time: 104.7
		Region 1 -> Region 0: 5.0
		Machine arrival at machine station: 109.7

		Machine 2 (Station 1)-> Task 67: 30.53
		Vehicle arrival at task: 140.23000000000002
		Waiting time until service start time: 0.0

	id: 67
		node: 33
		(x, y, z): (90, 44, 0)
		dem: 6
		earl: 132
		lat: 142
		servt: 10
		pid: 0
		did: 5
		servST: 140.23000000000002
		(h, h_ind): (2, 2)
		load: 6.0

	Finished service at time: 150.23000000000002

	Task 67 -> Task 5: 34.06
	Vehicle arrival at task: 184.29000000000002
	Waiting time until service start time: 0.0

	id: 5
		node: 73
		(x, y, z): (116, 22, 0)
		dem: -6
		earl: 0
		lat: 558
		servt: 10
		pid: 67
		did: 0
		servST: 184.29000000000002
		(h, h_ind): (-1, 0)
		load: 0.0

	Finished service at time: 194.29000000000002

	Task 5 -> Task 3: 4.0
	Vehicle arrival at task: 198.29000000000002
	Waiting time until service start time: 0.0

	id: 3
		node: 3
		(x, y, z): (120, 22, 0)
		dem: 39
		earl: 190
		lat: 200
		servt: 10
		pid: 0
		did: 131
		servST: 198.29000000000002
		(h, h_ind): (-1, 0)
		load: 39.0

	Finished service at time: 208.29000000000002

	Using Machine: 4
		Task 3 -> Machine 4 (Station 1): 65.12
		Vehicle arrival at machine station: 273.41
		Waiting time until machine travel: 0.0

		Machine travel start time: 273.41
		Region 0 -> Region 1: 5.0
		Machine arrival at machine station: 278.41

		Machine 4 (Station 2)-> Task 11: 70.18
		Vehicle arrival at task: 348.59000000000003
		Waiting time until service start time: 0.0

	id: 11
		node: 8
		(x, y, z): (129, 24, 1)
		dem: 18
		earl: 0
		lat: 550
		servt: 10
		pid: 0
		did: 158
		servST: 348.59000000000003
		(h, h_ind): (4, 3)
		load: 57.0

	Finished service at time: 358.59000000000003

	Task 11 -> Task 131: 9.0
	Vehicle arrival at task: 367.59000000000003
	Waiting time until service start time: 0.0

	id: 131
		node: 43
		(x, y, z): (138, 24, 1)
		dem: -39
		earl: 0
		lat: 542
		servt: 10
		pid: 3
		did: 0
		servST: 367.59000000000003
		(h, h_ind): (-1, 0)
		load: 18.0

	Finished service at time: 377.59000000000003

	Task 131 -> Task 158: 29.21
	Vehicle arrival at task: 406.8
	Waiting time until service start time: 0.0

	id: 158
		node: 48
		(x, y, z): (120, 47, 1)
		dem: -18
		earl: 0
		lat: 569
		servt: 10
		pid: 11
		did: 0
		servST: 406.8
		(h, h_ind): (-1, 0)
		load: 0.0

	Finished service at time: 416.8

	Task 158 -> Task 21: 35.85
	Vehicle arrival at task: 452.65000000000003
	Waiting time until service start time: 0.0

	id: 21
		node: 15
		(x, y, z): (138, 78, 1)
		dem: 43
		earl: 0
		lat: 556
		servt: 10
		pid: 0
		did: 123
		servST: 452.65000000000003
		(h, h_ind): (-1, 0)
		load: 43.0

	Finished service at time: 462.65000000000003

	Task 21 -> Task 123: 6.08
	Vehicle arrival at task: 468.73
	Waiting time until service start time: 0.0

	id: 123
		node: 55
		(x, y, z): (137, 84, 1)
		dem: -43
		earl: 0
		lat: 556
		servt: 10
		pid: 21
		did: 0
		servST: 468.73
		(h, h_ind): (-1, 0)
		load: 0.0

	Finished service at time: 478.73

	Using Machine: 0
		Task 123 -> Machine 0 (Station 2): 66.49
		Vehicle arrival at machine station: 545.22
		Waiting time until machine travel: 0.0

		Machine travel start time: 545.22
		Region 1 -> Region 0: 5.0
		Machine arrival at machine station: 550.22

		Machine 0 (Station 1)-> Task 0: 2.0
		Vehicle arrival at task: 552.22
		Waiting time until service start time: 0.0

	id: 0
		node: 82
		(x, y, z): (70, 70, 0)
		dem: 0
		earl: 0
		lat: 928
		servt: 0
		pid: 0
		did: 0
		servST: 552.22
		(h, h_ind): (0, 4)
		load: 0.0


Vehicle 26 :
	id: 0
		node: 1
		(x, y, z): (70, 70, 0)
		dem: 0
		earl: 0
		lat: 928
		servt: 0
		pid: 0
		did: 0
		servST: 10.0
		(h, h_ind): (-1, 0)
		load: 0.0

	Finished service at time: 10.0

	Task 0 -> Task 73: 24.0
	Vehicle arrival at task: 34.0
	Waiting time until service start time: 0.0

	id: 73
		node: 38
		(x, y, z): (70, 94, 0)
		dem: 32
		earl: 24
		lat: 34
		servt: 10
		pid: 0
		did: 194
		servST: 34.0
		(h, h_ind): (-1, 0)
		load: 32.0

	Finished service at time: 44.0

	Using Machine: 3
		Task 73 -> Machine 3 (Station 1): 24.33
		Vehicle arrival at machine station: 68.33
		Waiting time until machine travel: 0.0

		Machine travel start time: 68.33
		Region 0 -> Region 1: 5.0
		Machine arrival at machine station: 73.33

		Machine 3 (Station 2)-> Task 46: 25.06
		Vehicle arrival at task: 98.39
		Waiting time until service start time: 0.5

	id: 46
		node: 26
		(x, y, z): (44, 58, 1)
		dem: 30
		earl: 0
		lat: 596
		servt: 10
		pid: 0
		did: 125
		servST: 98.89000000000001
		(h, h_ind): (3, 1)
		load: 62.0

	Finished service at time: 108.89000000000001

	Task 46 -> Task 70: 21.54
	Vehicle arrival at task: 130.43
	Waiting time until service start time: 0.0

	id: 70
		node: 36
		(x, y, z): (36, 38, 1)
		dem: 5
		earl: 0
		lat: 578
		servt: 10
		pid: 0
		did: 164
		servST: 130.43
		(h, h_ind): (-1, 0)
		load: 67.0

	Finished service at time: 140.43

	Using Machine: 3
		Task 70 -> Machine 3 (Station 2): 43.86
		Vehicle arrival at machine station: 184.29000000000002
		Waiting time until machine travel: -0.0

		Machine travel start time: 184.29
		Region 1 -> Region 0: 5.0
		Machine arrival at machine station: 189.29

		Machine 3 (Station 1)-> Task 164: 34.0
		Vehicle arrival at task: 223.29
		Waiting time until service start time: 0.0

	id: 164
		node: 76
		(x, y, z): (36, 54, 0)
		dem: -5
		earl: 0
		lat: 587
		servt: 10
		pid: 70
		did: 0
		servST: 223.29
		(h, h_ind): (3, 3)
		load: 62.0

	Finished service at time: 233.29

	Task 164 -> Task 125: 6.71
	Vehicle arrival at task: 240.0
	Waiting time until service start time: 0.0

	id: 125
		node: 66
		(x, y, z): (30, 57, 0)
		dem: -30
		earl: 240
		lat: 250
		servt: 10
		pid: 46
		did: 0
		servST: 240.0
		(h, h_ind): (-1, 0)
		load: 32.0

	Finished service at time: 250.0

	Using Machine: 1
		Task 125 -> Machine 1 (Station 1): 40.16
		Vehicle arrival at machine station: 290.15999999999997
		Waiting time until machine travel: 0.0

		Machine travel start time: 290.15999999999997
		Region 0 -> Region 1: 5.0
		Machine arrival at machine station: 295.15999999999997

		Machine 1 (Station 2)-> Task 23: 60.46
		Vehicle arrival at task: 355.61999999999995
		Waiting time until service start time: 0.0

	id: 23
		node: 16
		(x, y, z): (18, 104, 1)
		dem: 18
		earl: 347
		lat: 357
		servt: 10
		pid: 0
		did: 114
		servST: 355.62
		(h, h_ind): (1, 2)
		load: 50.0

	Finished service at time: 365.62

	Task 23 -> Task 194: 45.49
	Vehicle arrival at task: 411.11
	Waiting time until service start time: 0.0

	id: 194
		node: 78
		(x, y, z): (56, 129, 1)
		dem: -32
		earl: 0
		lat: 564
		servt: 10
		pid: 73
		did: 0
		servST: 411.11
		(h, h_ind): (-1, 0)
		load: 18.0

	Finished service at time: 421.11

	Task 194 -> Task 74: 44.29
	Vehicle arrival at task: 465.40000000000003
	Waiting time until service start time: 0.0

	id: 74
		node: 39
		(x, y, z): (35, 90, 1)
		dem: 20
		earl: 456
		lat: 466
		servt: 10
		pid: 0
		did: 39
		servST: 465.40000000000003
		(h, h_ind): (-1, 0)
		load: 38.0

	Finished service at time: 475.40000000000003

	Task 74 -> Task 39: 13.89
	Vehicle arrival at task: 489.29
	Waiting time until service start time: 0.0

	id: 39
		node: 79
		(x, y, z): (47, 83, 1)
		dem: -20
		earl: 0
		lat: 598
		servt: 10
		pid: 74
		did: 0
		servST: 489.29
		(h, h_ind): (-1, 0)
		load: 18.0

	Finished service at time: 499.29

	Using Machine: 3
		Task 39 -> Machine 3 (Station 2): 23.02
		Vehicle arrival at machine station: 522.3100000000001
		Waiting time until machine travel: 0.0

		Machine travel start time: 522.3100000000001
		Region 1 -> Region 0: 5.0
		Machine arrival at machine station: 527.3100000000001

		Machine 3 (Station 1)-> Task 114: 44.1
		Vehicle arrival at task: 571.4100000000001
		Waiting time until service start time: 0.0

	id: 114
		node: 56
		(x, y, z): (29, 94, 0)
		dem: -18
		earl: 0
		lat: 577
		servt: 10
		pid: 23
		did: 0
		servST: 571.4100000000001
		(h, h_ind): (3, 8)
		load: 0.0

	Finished service at time: 581.4100000000001

	Task 114 -> Task 0: 47.51
	Vehicle arrival at task: 628.9200000000001
	Waiting time until service start time: 0.0

	id: 0
		node: 82
		(x, y, z): (70, 70, 0)
		dem: 0
		earl: 0
		lat: 928
		servt: 0
		pid: 0
		did: 0
		servST: 628.9200000000001
		(h, h_ind): (-1, 0)
		load: 0.0


Vehicle 32 :
	id: 0
		node: 1
		(x, y, z): (70, 70, 0)
		dem: 0
		earl: 0
		lat: 928
		servt: 0
		pid: 0
		did: 0
		servST: 137.65
		(h, h_ind): (-1, 0)
		load: 0.0

	Finished service at time: 137.65

	Task 0 -> Task 43: 61.1
	Vehicle arrival at task: 198.75
	Waiting time until service start time: 0.0

	id: 43
		node: 23
		(x, y, z): (13, 48, 0)
		dem: 15
		earl: 0
		lat: 563
		servt: 10
		pid: 0
		did: 95
		servST: 198.75
		(h, h_ind): (-1, 0)
		load: 15.0

	Finished service at time: 208.75

	Task 43 -> Task 95: 72.25
	Vehicle arrival at task: 281.0
	Waiting time until service start time: 0.0

	id: 95
		node: 63
		(x, y, z): (19, 120, 0)
		dem: -15
		earl: 271
		lat: 281
		servt: 10
		pid: 43
		did: 0
		servST: 281.0
		(h, h_ind): (-1, 0)
		load: 0.0

	Finished service at time: 291.0

	Task 95 -> Task 29: 51.01
	Vehicle arrival at task: 342.01
	Waiting time until service start time: 45.99

	id: 29
		node: 19
		(x, y, z): (20, 69, 0)
		dem: 13
		earl: 388
		lat: 398
		servt: 10
		pid: 0
		did: 110
		servST: 388.0
		(h, h_ind): (-1, 0)
		load: 13.0

	Finished service at time: 398.0

	Using Machine: 3
		Task 29 -> Machine 3 (Station 1): 46.01
		Vehicle arrival at machine station: 444.01
		Waiting time until machine travel: 0.0

		Machine travel start time: 444.01
		Region 0 -> Region 1: 5.0
		Machine arrival at machine station: 449.01

		Machine 3 (Station 2)-> Task 110: 32.06
		Vehicle arrival at task: 481.07
		Waiting time until service start time: 0.0

	id: 110
		node: 59
		(x, y, z): (34, 72, 1)
		dem: -13
		earl: 0
		lat: 588
		servt: 10
		pid: 29
		did: 0
		servST: 481.07
		(h, h_ind): (3, 7)
		load: 0.0

	Finished service at time: 491.07

	Using Machine: 0
		Task 110 -> Machine 0 (Station 2): 38.05
		Vehicle arrival at machine station: 529.12
		Waiting time until machine travel: 0.0

		Machine travel start time: 529.12
		Region 1 -> Region 0: 5.0
		Machine arrival at machine station: 534.12

		Machine 0 (Station 1)-> Task 0: 2.0
		Vehicle arrival at task: 536.12
		Waiting time until service start time: 0.0

	id: 0
		node: 82
		(x, y, z): (70, 70, 0)
		dem: 0
		earl: 0
		lat: 928
		servt: 0
		pid: 0
		did: 0
		servST: 536.12
		(h, h_ind): (0, 3)
		load: 0.0


Vehicle 35 :
	id: 0
		node: 1
		(x, y, z): (70, 70, 0)
		dem: 0
		earl: 0
		lat: 928
		servt: 0
		pid: 0
		did: 0
		servST: 12.549999999999976
		(h, h_ind): (-1, 0)
		load: 0.0

	Finished service at time: 12.549999999999976

	Using Machine: 4
		Task 0 -> Machine 4 (Station 1): 6.0
		Vehicle arrival at machine station: 18.549999999999976
		Waiting time until machine travel: 0.0

		Machine travel start time: 18.549999999999976
		Region 0 -> Region 1: 5.0
		Machine arrival at machine station: 23.549999999999976

		Machine 4 (Station 2)-> Task 7: 31.62
		Vehicle arrival at task: 55.16999999999997
		Waiting time until service start time: 0.0

	id: 7
		node: 5
		(x, y, z): (86, 40, 1)
		dem: 22
		earl: 0
		lat: 590
		servt: 10
		pid: 0
		did: 41
		servST: 55.16999999999998
		(h, h_ind): (4, 1)
		load: 22.0

	Finished service at time: 65.16999999999999

	Task 7 -> Task 41: 6.4
	Vehicle arrival at task: 71.57
	Waiting time until service start time: -0.0

	id: 41
		node: 45
		(x, y, z): (81, 36, 1)
		dem: -22
		earl: 0
		lat: 589
		servt: 10
		pid: 7
		did: 0
		servST: 71.56999999999998
		(h, h_ind): (-1, 0)
		load: 0.0

	Finished service at time: 81.56999999999998

	Task 41 -> Task 72: 27.17
	Vehicle arrival at task: 108.73999999999998
	Waiting time until service start time: 0.0

	id: 72
		node: 37
		(x, y, z): (54, 33, 1)
		dem: 20
		earl: 0
		lat: 584
		servt: 10
		pid: 0
		did: 71
		servST: 108.73999999999998
		(h, h_ind): (-1, 0)
		load: 20.0

	Finished service at time: 118.73999999999998

	Using Machine: 3
		Task 72 -> Machine 3 (Station 2): 38.9
		Vehicle arrival at machine station: 157.64
		Waiting time until machine travel: 0.0

		Machine travel start time: 157.64
		Region 1 -> Region 0: 5.0
		Machine arrival at machine station: 162.64

		Machine 3 (Station 1)-> Task 77: 69.4
		Vehicle arrival at task: 232.04
		Waiting time until service start time: 0.0

	id: 77
		node: 40
		(x, y, z): (10, 111, 0)
		dem: 21
		earl: 0
		lat: 552
		servt: 10
		pid: 0
		did: 127
		servST: 232.04
		(h, h_ind): (3, 2)
		load: 41.0

	Finished service at time: 242.04

	Task 77 -> Task 127: 9.43
	Vehicle arrival at task: 251.47
	Waiting time until service start time: 0.0

	id: 127
		node: 80
		(x, y, z): (2, 106, 0)
		dem: -21
		earl: 0
		lat: 548
		servt: 10
		pid: 77
		did: 0
		servST: 251.47
		(h, h_ind): (-1, 0)
		load: 20.0

	Finished service at time: 261.47

	Task 127 -> Task 6: 33.53
	Vehicle arrival at task: 295.0
	Waiting time until service start time: 0.0

	id: 6
		node: 4
		(x, y, z): (12, 138, 0)
		dem: 14
		earl: 285
		lat: 295
		servt: 10
		pid: 0
		did: 177
		servST: 295.0
		(h, h_ind): (-1, 0)
		load: 34.0

	Finished service at time: 305.0

	Task 6 -> Task 177: 9.06
	Vehicle arrival at task: 314.06
	Waiting time until service start time: 46.94

	id: 177
		node: 44
		(x, y, z): (13, 129, 0)
		dem: -14
		earl: 361
		lat: 371
		servt: 10
		pid: 6
		did: 0
		servST: 361.0
		(h, h_ind): (-1, 0)
		load: 20.0

	Finished service at time: 371.0

	Task 177 -> Task 71: 125.02
	Vehicle arrival at task: 496.02
	Waiting time until service start time: 33.98

	id: 71
		node: 77
		(x, y, z): (15, 4, 0)
		dem: -20
		earl: 530
		lat: 540
		servt: 10
		pid: 72
		did: 0
		servST: 530.0
		(h, h_ind): (-1, 0)
		load: 0.0

	Finished service at time: 540.0

	Task 71 -> Task 0: 85.91
	Vehicle arrival at task: 625.91
	Waiting time until service start time: 0.0

	id: 0
		node: 82
		(x, y, z): (70, 70, 0)
		dem: 0
		earl: 0
		lat: 928
		servt: 0
		pid: 0
		did: 0
		servST: 625.91
		(h, h_ind): (-1, 0)
		load: 0.0


Vehicle 36 :
	id: 0
		node: 1
		(x, y, z): (70, 70, 0)
		dem: 0
		earl: 0
		lat: 928
		servt: 0
		pid: 0
		did: 0
		servST: 26.310000000000002
		(h, h_ind): (-1, 0)
		load: 0.0

	Finished service at time: 26.310000000000002

	Task 0 -> Task 15: 44.69
	Vehicle arrival at task: 71.0
	Waiting time until service start time: 0.0

	id: 15
		node: 11
		(x, y, z): (41, 36, 0)
		dem: 13
		earl: 61
		lat: 71
		servt: 10
		pid: 0
		did: 54
		servST: 71.0
		(h, h_ind): (-1, 0)
		load: 13.0

	Finished service at time: 81.0

	Task 15 -> Task 65: 36.07
	Vehicle arrival at task: 117.07
	Waiting time until service start time: 0.0

	id: 65
		node: 32
		(x, y, z): (16, 62, 0)
		dem: 15
		earl: 0
		lat: 570
		servt: 10
		pid: 0
		did: 96
		servST: 117.07
		(h, h_ind): (-1, 0)
		load: 28.0

	Finished service at time: 127.07

	Task 65 -> Task 12: 22.36
	Vehicle arrival at task: 149.43
	Waiting time until service start time: 18.31

	id: 12
		node: 9
		(x, y, z): (12, 84, 0)
		dem: 16
		earl: 0
		lat: 565
		servt: 10
		pid: 0
		did: 178
		servST: 167.74000000000004
		(h, h_ind): (-1, 0)
		load: 44.0

	Finished service at time: 177.74000000000004

	Task 12 -> Task 178: 23.41
	Vehicle arrival at task: 201.15000000000003
	Waiting time until service start time: 0.0

	id: 178
		node: 49
		(x, y, z): (20, 106, 0)
		dem: -16
		earl: 0
		lat: 563
		servt: 10
		pid: 12
		did: 0
		servST: 201.15000000000003
		(h, h_ind): (-1, 0)
		load: 28.0

	Finished service at time: 211.15000000000003

	Task 178 -> Task 20: 37.48
	Vehicle arrival at task: 248.63000000000002
	Waiting time until service start time: 0.0

	id: 20
		node: 14
		(x, y, z): (46, 133, 0)
		dem: 7
		earl: 0
		lat: 557
		servt: 10
		pid: 0
		did: 58
		servST: 248.63000000000002
		(h, h_ind): (-1, 0)
		load: 35.0

	Finished service at time: 258.63

	Using Machine: 3
		Task 20 -> Machine 3 (Station 1): 66.1
		Vehicle arrival at machine station: 324.73
		Waiting time until machine travel: 0.0

		Machine travel start time: 324.73
		Region 0 -> Region 1: 5.0
		Machine arrival at machine station: 329.73

		Machine 3 (Station 2)-> Task 54: 38.47
		Vehicle arrival at task: 368.20000000000005
		Waiting time until service start time: -0.0

	id: 54
		node: 51
		(x, y, z): (32, 52, 1)
		dem: -13
		earl: 0
		lat: 582
		servt: 10
		pid: 15
		did: 0
		servST: 368.2
		(h, h_ind): (3, 6)
		load: 22.0

	Finished service at time: 378.2

	Task 54 -> Task 96: 22.8
	Vehicle arrival at task: 401.0
	Waiting time until service start time: 0.0

	id: 96
		node: 72
		(x, y, z): (18, 70, 1)
		dem: -15
		earl: 401
		lat: 411
		servt: 10
		pid: 65
		did: 0
		servST: 401.0
		(h, h_ind): (-1, 0)
		load: 7.0

	Finished service at time: 411.0

	Task 96 -> Task 58: 31.78
	Vehicle arrival at task: 442.78
	Waiting time until service start time: 0.0

	id: 58
		node: 54
		(x, y, z): (5, 99, 1)
		dem: -7
		earl: 0
		lat: 553
		servt: 10
		pid: 20
		did: 0
		servST: 442.78
		(h, h_ind): (-1, 0)
		load: 0.0

	Finished service at time: 452.78

	Using Machine: 1
		Task 58 -> Machine 1 (Station 2): 69.35
		Vehicle arrival at machine station: 522.13
		Waiting time until machine travel: 0.0

		Machine travel start time: 522.13
		Region 1 -> Region 0: 5.0
		Machine arrival at machine station: 527.13

		Machine 1 (Station 1)-> Task 0: 2.0
		Vehicle arrival at task: 529.13
		Waiting time until service start time: 0.0

	id: 0
		node: 82
		(x, y, z): (70, 70, 0)
		dem: 0
		earl: 0
		lat: 928
		servt: 0
		pid: 0
		did: 0
		servST: 529.13
		(h, h_ind): (1, 3)
		load: 0.0


---------------------| MACHINES |---------------------

Machine 0 :
	setup duration: 0.0

	vehicle: 6
	vehicleInd: 2
	(orig, dest): (0, 63)
	(origRegion, destRegion): (0, 1)
	st: 6.539999999999999
	duration: 5.0

	setup duration: 0.0

	vehicle: 2
	vehicleInd: 6
	(orig, dest): (118, 121)
	(origRegion, destRegion): (1, 0)
	st: 422.35
	duration: 5.0

	setup duration: 5.0

	vehicle: 32
	vehicleInd: 6
	(orig, dest): (110, 0)
	(origRegion, destRegion): (1, 0)
	st: 529.12
	duration: 5.0

	setup duration: 5.0

	vehicle: 19
	vehicleInd: 12
	(orig, dest): (123, 0)
	(origRegion, destRegion): (1, 0)
	st: 545.22
	duration: 5.0


Machine 1 :
	setup duration: 0.0

	vehicle: 9
	vehicleInd: 2
	(orig, dest): (0, 30)
	(origRegion, destRegion): (0, 1)
	st: 9.870000000000005
	duration: 5.0

	setup duration: 5.0

	vehicle: 26
	vehicleInd: 7
	(orig, dest): (125, 23)
	(origRegion, destRegion): (0, 1)
	st: 290.15999999999997
	duration: 5.0

	setup duration: 0.0

	vehicle: 36
	vehicleInd: 10
	(orig, dest): (58, 0)
	(origRegion, destRegion): (1, 0)
	st: 522.13
	duration: 5.0


Machine 2 :
	setup duration: 0.0

	vehicle: 19
	vehicleInd: 2
	(orig, dest): (0, 45)
	(origRegion, destRegion): (0, 1)
	st: 4.0
	duration: 5.0

	setup duration: 0.0

	vehicle: 19
	vehicleInd: 4
	(orig, dest): (138, 67)
	(origRegion, destRegion): (1, 0)
	st: 104.7
	duration: 5.0


Machine 3 :
	setup duration: 0.0

	vehicle: 26
	vehicleInd: 3
	(orig, dest): (73, 46)
	(origRegion, destRegion): (0, 1)
	st: 68.33
	duration: 5.0

	setup duration: 0.0

	vehicle: 35
	vehicleInd: 5
	(orig, dest): (72, 77)
	(origRegion, destRegion): (1, 0)
	st: 157.64
	duration: 5.0

	setup duration: 5.0

	vehicle: 26
	vehicleInd: 5
	(orig, dest): (70, 164)
	(origRegion, destRegion): (1, 0)
	st: 184.29
	duration: 5.0

	setup duration: 5.0

	vehicle: 9
	vehicleInd: 8
	(orig, dest): (198, 104)
	(origRegion, destRegion): (1, 0)
	st: 271.84
	duration: 5.0

	setup duration: 0.0

	vehicle: 2
	vehicleInd: 5
	(orig, dest): (34, 118)
	(origRegion, destRegion): (0, 1)
	st: 285.46
	duration: 5.0

	setup duration: 5.0

	vehicle: 36
	vehicleInd: 7
	(orig, dest): (20, 54)
	(origRegion, destRegion): (0, 1)
	st: 324.73
	duration: 5.0

	setup duration: 5.0

	vehicle: 32
	vehicleInd: 5
	(orig, dest): (29, 110)
	(origRegion, destRegion): (0, 1)
	st: 444.01
	duration: 5.0

	setup duration: 0.0

	vehicle: 26
	vehicleInd: 11
	(orig, dest): (39, 114)
	(origRegion, destRegion): (1, 0)
	st: 522.3100000000001
	duration: 5.0


Machine 4 :
	setup duration: 0.0

	vehicle: 35
	vehicleInd: 2
	(orig, dest): (0, 7)
	(origRegion, destRegion): (0, 1)
	st: 18.549999999999976
	duration: 5.0

	setup duration: 5.0

	vehicle: 1
	vehicleInd: 3
	(orig, dest): (36, 91)
	(origRegion, destRegion): (0, 1)
	st: 116.78999999999999
	duration: 5.0

	setup duration: 5.0

	vehicle: 19
	vehicleInd: 7
	(orig, dest): (3, 11)
	(origRegion, destRegion): (0, 1)
	st: 273.41
	duration: 5.0

	setup duration: 0.0

	vehicle: 6
	vehicleInd: 7
	(orig, dest): (69, 1)
	(origRegion, destRegion): (1, 0)
	st: 309.03999999999996
	duration: 5.0

	setup duration: 5.0

	vehicle: 1
	vehicleInd: 11
	(orig, dest): (60, 126)
	(origRegion, destRegion): (1, 0)
	st: 578.12
	duration: 5.0


-------------------| COMPL. TIMES |-------------------

Vehicle 0 : 0.0
Vehicle 1 : 724.78
Vehicle 2 : 540.3900000000001
Vehicle 3 : 0.0
Vehicle 4 : 0.0
Vehicle 5 : 0.0
Vehicle 6 : 570.19
Vehicle 7 : 0.0
Vehicle 8 : 333.81
Vehicle 9 : 537.75
Vehicle 10 : 0.0
Vehicle 11 : 0.0
Vehicle 12 : 0.0
Vehicle 13 : 0.0
Vehicle 14 : 0.0
Vehicle 15 : 0.0
Vehicle 16 : 0.0
Vehicle 17 : 0.0
Vehicle 18 : 0.0
Vehicle 19 : 552.22
Vehicle 20 : 0.0
Vehicle 21 : 0.0
Vehicle 22 : 0.0
Vehicle 23 : 0.0
Vehicle 24 : 0.0
Vehicle 25 : 0.0
Vehicle 26 : 618.9200000000001
Vehicle 27 : 0.0
Vehicle 28 : 0.0
Vehicle 29 : 0.0
Vehicle 30 : 0.0
Vehicle 31 : 0.0
Vehicle 32 : 398.47
Vehicle 33 : 0.0
Vehicle 34 : 0.0
Vehicle 35 : 613.36
Vehicle 36 : 502.82
Vehicle 37 : 0.0
Vehicle 38 : 0.0
Vehicle 39 : 0.0
-------------------| STATISTICS |-------------------

    Vehicles used                           : 25.0
    Machines used                           : 100.0
    Max load (vehicles)                     : 98.2759
    Min load (vehicles)                     : 20.8333
    Mean load (vehicles)                    : 62.6539
    Min completion time                     : 35.9709
    Max completion time                     : 78.1013
    Mean completion time                    : 58.1111
    Avrg travel time (with vehicle)         : 3.4483
    Avrg travel time (only with vehicle)    : 2.3707
    Avrg travel time (no vehicle)           : 1.0776
    Avrg waiting time (machine travel)      : 0.5461
    Avrg waiting time (service)             : 7.8417
    Machines travel times (with vehicle)    : [3.2328, 2.1552, 1.0776, 6.4655, 4.3103]
    Machines travel times (no vehicle)      : [1.0776, 0.5388, 0.0, 2.1552, 1.6164]
    Max load per vehicle                    : [0.0, 68.0556, 34.8837, 0.0, 0.0, 0.0, 65.1163, 0.0, 50.0, 87.931, 0.0, 0.0, 0.0, 0.0, 0.0, 0.0, 0.0, 0.0, 0.0, 98.2759, 0.0, 0.0, 0.0, 0.0, 0.0, 0.0, 77.907, 0.0, 0.0, 0.0, 0.0, 0.0, 20.8333, 0.0, 0.0, 47.6744, 75.8621, 0.0, 0.0, 0.0]

----------------------------------------------------

TOTAL: 5392.71

Everything is awesome!
