Set parameter WLSAccessID
Set parameter WLSSecret
Set parameter LicenseID to value 2661775
Academic license 2661775 - for non-commercial use only - registered to me___@dcc.ufba.br
Loading line 2: methodType heur
Loading line 3: methodCode mslp
Loading line 4: seed 0
Loading line 5: threads 1
Loading line 6: greedy_service_order random
Loading line 7: outputFlagGrbMSLP 0
Loading line 8: mslpa 60000
Loading line 9: mslpr I
Loading line 10: maxtime 3600
Loading line 11: output ./logs/
Loading line 12: printsol 1
Loading line 13: solverMethod A
Loading line 14: alpha 0.05 # selected from preliminary experiments
Instance: LR1_2_4_t1_40R_40V_02I_05M

[22:30:43.378] Running Data.readData with file /dados/rmelo/PDPTW-SE/benchmark_multi_island_v5/official_experiments/multistartlp/official/set_01_pt_01/../../../../instances/orig_ams_fg/40R_40V_02I_06M/t1/LR1_2_4/
vehicles: Vehicle[Vehicle(0, 58), Vehicle(1, 72), Vehicle(2, 86), Vehicle(3, 58), Vehicle(4, 72), Vehicle(5, 58), Vehicle(6, 58), Vehicle(7, 86), Vehicle(8, 58), Vehicle(9, 86), Vehicle(10, 58), Vehicle(11, 58), Vehicle(12, 72), Vehicle(13, 72), Vehicle(14, 58), Vehicle(15, 58), Vehicle(16, 72), Vehicle(17, 72), Vehicle(18, 86), Vehicle(19, 58), Vehicle(20, 86), Vehicle(21, 72), Vehicle(22, 86), Vehicle(23, 86), Vehicle(24, 72), Vehicle(25, 72), Vehicle(26, 86), Vehicle(27, 72), Vehicle(28, 72), Vehicle(29, 86), Vehicle(30, 72), Vehicle(31, 86), Vehicle(32, 58), Vehicle(33, 86), Vehicle(34, 72), Vehicle(35, 86), Vehicle(36, 58), Vehicle(37, 58), Vehicle(38, 58), Vehicle(39, 86)]
vehicle_types: Vehicle[Vehicle(0, 58), Vehicle(1, 72), Vehicle(2, 86)]
Machine[Machine(0, Point[Point(38, 40, 0), Point(29, 51, 1)], 1.0), Machine(1, Point[Point(39, 41, 0), Point(34, 53, 1)], 1.0), Machine(2, Point[Point(41, 43, 0), Point(28, 51, 1)], 1.0), Machine(3, Point[Point(43, 44, 0), Point(27, 51, 1)], 1.0), Machine(4, Point[Point(45, 46, 0), Point(35, 54, 1)], 1.0)]
refs: [1, 3, 4, 6, 7, 8, 9, 10, 11, 12, 13, 14, 16, 17, 18, 19, 20, 21, 22, 23, 24, 25, 29, 30, 31, 32, 33, 34, 36, 39, 40, 42, 43, 44, 45, 46, 48, 49, 50, 51, 52, 64, 69, 75, 28, 27, 58, 72, 76, 80, 35, 38, 81, 37, 65, 61, 41, 77, 59, 57, 63, 53, 54, 74, 70, 66, 67, 56, 78, 60, 71, 55, 5, 62, 2, 73, 47, 79, 26, 68, 15, 1]
V: [1, 2, 3, 4, 5, 6, 7, 8, 9, 10, 11, 12, 13, 14, 15, 16, 17, 18, 19, 20, 21, 22, 23, 24, 25, 26, 27, 28, 29, 30, 31, 32, 33, 34, 35, 36, 37, 38, 39, 40, 41, 42, 43, 44, 45, 46, 47, 48, 49, 50, 51, 52, 53, 54, 55, 56, 57, 58, 59, 60, 61, 62, 63, 64, 65, 66, 67, 68, 69, 70, 71, 72, 73, 74, 75, 76, 77, 78, 79, 80, 81]
V_p: [2, 3, 4, 5, 6, 7, 8, 9, 10, 11, 12, 13, 14, 15, 16, 17, 18, 19, 20, 21, 22, 23, 24, 25, 26, 27, 28, 29, 30, 31, 32, 33, 34, 35, 36, 37, 38, 39, 40, 41]
V_d: [42, 43, 44, 45, 46, 47, 48, 49, 50, 51, 52, 53, 54, 55, 56, 57, 58, 59, 60, 61, 62, 63, 64, 65, 66, 67, 68, 69, 70, 71, 72, 73, 74, 75, 76, 77, 78, 79, 80, 81]
Vprime: [1, 2, 3, 4, 5, 6, 7, 8, 9, 10, 11, 12, 13, 14, 15, 16, 17, 18, 19, 20, 21, 22, 23, 24, 25, 26, 27, 28, 29, 30, 31, 32, 33, 34, 35, 36, 37, 38, 39, 40, 41, 42, 43, 44, 45, 46, 47, 48, 49, 50, 51, 52, 53, 54, 55, 56, 57, 58, 59, 60, 61, 62, 63, 64, 65, 66, 67, 68, 69, 70, 71, 72, 73, 74, 75, 76, 77, 78, 79, 80, 81, 82]
V: [1, 2, 3, 4, 5, 6, 7, 8, 9, 10, 11, 12, 13, 14, 15, 16, 17, 18, 19, 20, 21, 22, 23, 24, 25, 26, 27, 28, 29, 30, 31, 32, 33, 34, 35, 36, 37, 38, 39, 40, 41, 42, 43, 44, 45, 46, 47, 48, 49, 50, 51, 52, 53, 54, 55, 56, 57, 58, 59, 60, 61, 62, 63, 64, 65, 66, 67, 68, 69, 70, 71, 72, 73, 74, 75, 76, 77, 78, 79, 80, 81]
q: [0, 8, 39, 14, 22, 21, 23, 18, 16, 15, 13, 24, 11, 7, 43, 18, 9, 31, 13, 8, 7, 18, 15, 9, 23, 30, 25, 35, 9, 17, 12, 15, 6, 36, 17, 5, 20, 32, 20, 21, 4, -8, -39, -14, -22, -21, -23, -18, -16, -15, -13, -24, -11, -7, -43, -18, -9, -31, -13, -8, -7, -18, -15, -9, -23, -30, -25, -35, -9, -17, -12, -15, -6, -36, -17, -5, -20, -32, -20, -21, -4, 0]
H: [1, 2, 3, 4, 5]
f: [[1, 1, 1, 1, 1], [2, 2, 2, 2, 2], [1, 1, 1, 1, 1], [2, 2, 2, 2, 2], [1, 1, 1, 1, 1], [2, 2, 2, 2, 2], [2, 2, 2, 2, 2], [1, 1, 1, 1, 1], [2, 2, 2, 2, 2], [1, 1, 1, 1, 1], [1, 1, 1, 1, 1], [2, 2, 2, 2, 2], [2, 2, 2, 2, 2], [2, 2, 2, 2, 2], [1, 1, 1, 1, 1], [2, 2, 2, 2, 2], [1, 1, 1, 1, 1], [1, 1, 1, 1, 1], [2, 2, 2, 2, 2], [2, 2, 2, 2, 2], [2, 2, 2, 2, 2], [1, 1, 1, 1, 1], [2, 2, 2, 2, 2], [1, 1, 1, 1, 1], [2, 2, 2, 2, 2], [2, 2, 2, 2, 2], [1, 1, 1, 1, 1], [2, 2, 2, 2, 2], [1, 1, 1, 1, 1], [2, 2, 2, 2, 2], [1, 1, 1, 1, 1], [2, 2, 2, 2, 2], [1, 1, 1, 1, 1], [1, 1, 1, 1, 1], [1, 1, 1, 1, 1], [1, 1, 1, 1, 1], [1, 1, 1, 1, 1], [2, 2, 2, 2, 2], [2, 2, 2, 2, 2], [2, 2, 2, 2, 2], [1, 1, 1, 1, 1], [2, 2, 2, 2, 2], [1, 1, 1, 1, 1], [2, 2, 2, 2, 2], [1, 1, 1, 1, 1], [2, 2, 2, 2, 2], [2, 2, 2, 2, 2], [1, 1, 1, 1, 1], [2, 2, 2, 2, 2], [1, 1, 1, 1, 1], [2, 2, 2, 2, 2], [2, 2, 2, 2, 2], [2, 2, 2, 2, 2], [2, 2, 2, 2, 2], [1, 1, 1, 1, 1], [2, 2, 2, 2, 2], [1, 1, 1, 1, 1], [1, 1, 1, 1, 1], [2, 2, 2, 2, 2], [2, 2, 2, 2, 2], [2, 2, 2, 2, 2], [1, 1, 1, 1, 1], [2, 2, 2, 2, 2], [1, 1, 1, 1, 1], [2, 2, 2, 2, 2], [2, 2, 2, 2, 2], [1, 1, 1, 1, 1], [2, 2, 2, 2, 2], [1, 1, 1, 1, 1], [2, 2, 2, 2, 2], [1, 1, 1, 1, 1], [2, 2, 2, 2, 2], [1, 1, 1, 1, 1], [1, 1, 1, 1, 1], [1, 1, 1, 1, 1], [2, 2, 2, 2, 2], [1, 1, 1, 1, 1], [2, 2, 2, 2, 2], [2, 2, 2, 2, 2], [2, 2, 2, 2, 2], [1, 1, 1, 1, 1], [1, 1, 1, 1, 1]]
1 1 1 -> 0.0
1 2 1 -> 14.21
2 1 1 -> 14.21
2 2 1 -> 0.0
1 1 2 -> 0.0
1 2 2 -> 13.0
2 1 2 -> 13.0
2 2 2 -> 0.0
1 1 3 -> 0.0
1 2 3 -> 15.26
2 1 3 -> 15.26
2 2 3 -> 0.0
1 1 4 -> 0.0
1 2 4 -> 17.46
2 1 4 -> 17.46
2 2 4 -> 0.0
1 1 5 -> 0.0
1 2 5 -> 12.81
2 1 5 -> 12.81
2 2 5 -> 0.0
o: (1, 2, 1) => 14.21
o: (1, 2, 5) => 12.81
o: (1, 2, 3) => 15.26
o: (1, 1, 2) => 0.0
o: (2, 1, 4) => 17.46
o: (1, 2, 2) => 13.0
o: (2, 1, 1) => 14.21
o: (2, 1, 5) => 12.81
o: (2, 1, 3) => 15.26
o: (2, 2, 4) => 0.0
o: (2, 2, 1) => 0.0
o: (2, 2, 5) => 0.0
o: (2, 2, 3) => 0.0
o: (2, 1, 2) => 13.0
o: (1, 1, 4) => 0.0
o: (1, 1, 1) => 0.0
o: (1, 1, 5) => 0.0
o: (1, 1, 3) => 0.0
o: (1, 2, 4) => 17.46
o: (2, 2, 2) => 0.0

[130, 883, 873, 779, 769, 786, 670, 19]
JOBS in the order of refs (Vprime)
Node 1: Job(0, Point(70, 70, 0), 0, 0, 634, 0, 0, 0)
Node 2: Job(2, Point(109, 139, 1), 8, 0, 545, 10, 0, 121)
Node 3: Job(3, Point(120, 22, 0), 39, 124, 134, 10, 0, 131)
Node 4: Job(6, Point(12, 138, 1), 14, 285, 295, 10, 0, 177)
Node 5: Job(7, Point(86, 40, 0), 22, 0, 590, 10, 0, 41)
Node 6: Job(8, Point(121, 124, 1), 21, 0, 550, 10, 0, 40)
Node 7: Job(10, Point(40, 113, 1), 23, 0, 572, 10, 0, 104)
Node 8: Job(11, Point(129, 24, 0), 18, 0, 550, 10, 0, 158)
Node 9: Job(12, Point(12, 84, 1), 16, 0, 565, 10, 0, 178)
Node 10: Job(14, Point(102, 52, 0), 15, 0, 588, 10, 0, 197)
Node 11: Job(15, Point(41, 36, 0), 13, 61, 71, 10, 0, 54)
Node 12: Job(16, Point(132, 133, 1), 24, 0, 536, 10, 0, 60)
Node 13: Job(19, Point(22, 104, 1), 11, 0, 566, 10, 0, 198)
Node 14: Job(20, Point(46, 133, 1), 7, 0, 557, 10, 0, 58)
Node 15: Job(21, Point(138, 78, 0), 43, 0, 556, 10, 0, 123)
Node 16: Job(23, Point(18, 104, 1), 18, 347, 357, 10, 0, 114)
Node 17: Job(27, Point(101, 0, 0), 9, 0, 548, 10, 0, 64)
Node 18: Job(28, Point(90, 14, 0), 31, 0, 565, 10, 0, 182)
Node 19: Job(29, Point(20, 69, 1), 13, 388, 398, 10, 0, 110)
Node 20: Job(30, Point(64, 132, 1), 8, 121, 131, 10, 0, 98)
Node 21: Job(34, Point(63, 129, 1), 7, 216, 226, 10, 0, 118)
Node 22: Job(36, Point(108, 30, 0), 18, 0, 569, 10, 0, 91)
Node 23: Job(43, Point(13, 48, 1), 15, 0, 563, 10, 0, 95)
Node 24: Job(44, Point(113, 35, 0), 9, 0, 569, 10, 0, 172)
Node 25: Job(45, Point(60, 84, 1), 23, 0, 607, 10, 0, 138)
Node 26: Job(46, Point(44, 58, 1), 30, 0, 596, 10, 0, 125)
Node 27: Job(51, Point(139, 68, 0), 25, 0, 555, 10, 0, 126)
Node 28: Job(52, Point(58, 95, 1), 35, 495, 505, 10, 0, 97)
Node 29: Job(56, Point(54, 41, 0), 9, 0, 591, 10, 0, 188)
Node 30: Job(62, Point(55, 127, 1), 17, 0, 566, 10, 0, 111)
Node 31: Job(63, Point(103, 44, 0), 12, 42, 52, 10, 0, 150)
Node 32: Job(65, Point(16, 62, 1), 15, 0, 570, 10, 0, 96)
Node 33: Job(67, Point(90, 44, 0), 6, 62, 72, 10, 0, 5)
Node 34: Job(68, Point(113, 32, 0), 36, 154, 164, 10, 0, 116)
Node 35: Job(69, Point(104, 73, 0), 17, 0, 590, 10, 0, 1)
Node 36: Job(70, Point(36, 38, 0), 5, 0, 578, 10, 0, 164)
Node 37: Job(72, Point(54, 33, 0), 20, 0, 584, 10, 0, 71)
Node 38: Job(73, Point(70, 94, 1), 32, 101, 111, 10, 0, 194)
Node 39: Job(74, Point(35, 90, 1), 20, 456, 466, 10, 0, 39)
Node 40: Job(77, Point(10, 111, 1), 21, 0, 552, 10, 0, 127)
Node 41: Job(79, Point(113, 45, 0), 4, 0, 575, 10, 0, 18)
Node 42: Job(121, Point(85, 111, 1), -8, 0, 581, 10, 2, 0)
Node 43: Job(131, Point(138, 24, 0), -39, 0, 542, 10, 3, 0)
Node 44: Job(177, Point(13, 129, 1), -14, 361, 371, 10, 6, 0)
Node 45: Job(41, Point(81, 36, 0), -22, 0, 589, 10, 7, 0)
Node 46: Job(40, Point(92, 138, 1), -21, 412, 422, 10, 8, 0)
Node 47: Job(104, Point(38, 122, 1), -23, 0, 563, 10, 10, 0)
Node 48: Job(158, Point(120, 47, 0), -18, 0, 569, 10, 11, 0)
Node 49: Job(178, Point(20, 106, 1), -16, 0, 563, 10, 12, 0)
Node 50: Job(197, Point(93, 61, 0), -15, 531, 541, 10, 14, 0)
Node 51: Job(54, Point(32, 52, 1), -13, 0, 582, 10, 15, 0)
Node 52: Job(60, Point(73, 96, 1), -24, 0, 598, 10, 16, 0)
Node 53: Job(198, Point(27, 104, 1), -11, 0, 570, 10, 19, 0)
Node 54: Job(58, Point(5, 99, 1), -7, 0, 553, 10, 20, 0)
Node 55: Job(123, Point(137, 84, 0), -43, 0, 556, 10, 21, 0)
Node 56: Job(114, Point(29, 94, 1), -18, 0, 577, 10, 23, 0)
Node 57: Job(64, Point(97, 12, 0), -9, 0, 561, 10, 27, 0)
Node 58: Job(182, Point(89, 24, 0), -31, 0, 575, 10, 28, 0)
Node 59: Job(110, Point(34, 72, 1), -13, 0, 588, 10, 29, 0)
Node 60: Job(98, Point(49, 140, 1), -8, 0, 551, 10, 30, 0)
Node 61: Job(118, Point(59, 115, 1), -7, 324, 334, 10, 34, 0)
Node 62: Job(91, Point(83, 38, 0), -18, 0, 590, 10, 36, 0)
Node 63: Job(95, Point(19, 120, 1), -15, 271, 281, 10, 43, 0)
Node 64: Job(172, Point(120, 52, 0), -9, 384, 394, 10, 44, 0)
Node 65: Job(138, Point(55, 102, 1), -23, 0, 589, 10, 45, 0)
Node 66: Job(125, Point(30, 57, 1), -30, 240, 250, 10, 46, 0)
Node 67: Job(126, Point(139, 72, 0), -25, 0, 555, 10, 51, 0)
Node 68: Job(97, Point(58, 80, 1), -35, 0, 609, 10, 52, 0)
Node 69: Job(188, Point(44, 36, 0), -9, 0, 582, 10, 56, 0)
Node 70: Job(111, Point(80, 103, 1), -17, 382, 392, 10, 62, 0)
Node 71: Job(150, Point(99, 34, 0), -12, 0, 578, 10, 63, 0)
Node 72: Job(96, Point(18, 70, 1), -15, 401, 411, 10, 65, 0)
Node 73: Job(5, Point(116, 22, 0), -6, 0, 558, 10, 67, 0)
Node 74: Job(116, Point(110, 28, 0), -36, 315, 325, 10, 68, 0)
Node 75: Job(1, Point(107, 77, 0), -17, 0, 587, 10, 69, 0)
Node 76: Job(164, Point(36, 54, 1), -5, 0, 587, 10, 70, 0)
Node 77: Job(71, Point(15, 4, 0), -20, 111, 121, 10, 72, 0)
Node 78: Job(194, Point(56, 129, 1), -32, 0, 564, 10, 73, 0)
Node 79: Job(39, Point(47, 83, 1), -20, 0, 598, 10, 74, 0)
Node 80: Job(127, Point(2, 106, 1), -21, 0, 548, 10, 77, 0)
Node 81: Job(18, Point(104, 54, 0), -4, 0, 587, 10, 79, 0)
Node 82: Job(0, Point(70, 70, 0), 0, 0, 634, 0, 0, 0)

### Preprocessing Data ###
	-> arcs: 6724 (100.0%)
	-> arc_removals: 2820 (41.94%)
	-> arc_removals_is_loop: 82 (1.22%)
	-> arc_removals_is_delivery_to_pickup: 42 (0.62%)
	-> arc_removals_is_depot_begin_to_delivery: 40 (0.59%)
	-> arc_removals_is_pickup_to_depot_end: 40 (0.59%)
	-> arc_removals_is_dest_depot_begin: 80 (1.19%)
	-> arc_removals_is_orig_depot_end: 79 (1.17%)
	-> arc_removals_is_capacity_violated: 0 (0.0%)
	-> arc_removals_is_time_window_limited: 1207 (17.95%)
	-> arc_removals_is_time_window_pairing_limited: 1177 (17.5%)
	-> arc_removals_is_indirect_request_service_impossible: 73 (1.09%)
	-> gamma_vars: 0 (0%)
	-> feas_gamma_vars: 0 (0%)
	-> infeas_gamma_vars_is_next_mtrv_unreachable: 0 (0%)
	-> infeas_gamma_vars_is_iprime_jprime_eq_i_j: 0 (0%)
	-> machine_removal_for_an_arc: 0 (0.0%)
##########################

[22:30:53.362] Print configuration
------------------------------------------------------
"
[22:30:53.362] Running Multi Start Heuristic"
> Experiment started at 2025-10-14T22:30:53.362
> Instance: LR1_2_4_t1_40R_40V_02I_05M
> Algorithm Parameters:


	>Stop params:
		>  - rule ITERATIONS
		>  - argument 60000.0
		>  - maximum_time 3600

	>General params:
		>  - instPath /dados/rmelo/PDPTW-SE/benchmark_multi_island_v5/official_experiments/multistartlp/official/set_01_pt_01/../../../../instances/orig_ams_fg/40R_40V_02I_06M/t1/LR1_2_4/
		>  - name LR1_2_4
		>  - type t1
		>  - group 40R_40V_02I_05M
		>  - fullname LR1_2_4_t1_40R_40V_02I_05M
		>  - methodType heur
		>  - methodCode mslp
		>  - genconfigfile /dados/rmelo/PDPTW-SE/benchmark_multi_island_v5/official_experiments/multistartlp/official/set_01_pt_01/configs/genconfig_mslp.conf
		>  - genconfigfilename genconfig_mslp
		>  - greedy_service_order random
		>  - cutoff 0
		>  - cutoffmachs 5
		>  - num_machs 0
		>  - solver Gurobi
		>  - maxtime 3600
		>  - gurobiCuts 1
		>  - typeUserCut 0
		>  - mipPresolve -1
		>  - printsol 1
		>  - maxnodes -1
		>  - elevator 0
		>  - make_instance_feasible false
		>  - output /dados/rmelo/PDPTW-SE/benchmark_multi_island_v5/official_experiments/multistartlp/official/set_01_pt_01/logs
		>  - suff_outputs _seed_41
		>  - suff_csv _bash_2
		>  - epsilon 0.005
		>  - epsilonCap 0.5
		>  - warmStart false
		>  - seed 41
		>  - rng Random.MersenneTwister(41)
		>  - alpha 0.05
		>  - maxiter 1000000
		>  - outputFlagGrbMIP 0
		>  - outputFlagGrbMSLP 0
		>  - outputFlagGrbLMNS 0
		>  - mslpr I
		>  - mslpa 60000
		>  - lmnsr M
		>  - lmnsa 60
		>  - lmnsRepairTime 30.0
		>  - lmnsMIPFocus 0
		>  - lmnsGapToBiggerDestruction 50
		>  - lmnsGapToSmallerDestruction 95
		>  - lmnsWeightShawDistProx 1.0
		>  - lmnsWeightShawEarlProx 1.0
		>  - lmnsWeightShawSameRoute 1.0
		>  - lmnsWeightShawDemandSim 1.0
		>  - lmnsReqRApplyMIPStart true
		>  - lmnsAcceptanceCriteria H
		>  - lmnsMetropolisTemp 100.0
		>  - lmnsSimulatedAnnealingTemp 100.0
		>  - lmnsSimulatedAnnealingCool 0.95
		>  - mipmaxtime 3600
		>  - csvfilename /dados/rmelo/PDPTW-SE/benchmark_multi_island_v5/official_experiments/multistartlp/official/set_01_pt_01/logs/heur_mslp/outputs/csvresults_heur_mslp_bash_2.csv
		>  - solfilename /dados/rmelo/PDPTW-SE/benchmark_multi_island_v5/official_experiments/multistartlp/official/set_01_pt_01/logs/heur_mslp/solutions/40R_40V_02I_05M/LR1_2_4_sol_genconfig_mslp_seed_41.txt
		>  - timelineFilename /dados/rmelo/PDPTW-SE/benchmark_multi_island_v5/official_experiments/multistartlp/official/set_01_pt_01/logs/heur_mslp/timelines/40R_40V_02I_05M/LR1_2_4_timeline_genconfig_mslp_seed_41.txt
		>  - grbFilename /dados/rmelo/PDPTW-SE/benchmark_multi_island_v5/official_experiments/multistartlp/official/set_01_pt_01/logs/heur_mslp/gurobi/40R_40V_02I_05M/LR1_2_4_grb_genconfig_mslp_seed_41.log
		>  - threads 1
		>  - solverMethod AUTOMATIC

------------------------------------------------------

[22:30:53.466] Starting running MSLP
objValue;greedysol;iteration;time
4189.82;4269.07;1;0.016517
4084.69;4149.90;150;2.153719
4021.22;4097.00;808;8.617783
3871.21;3913.92;1608;16.474895
3785.50;3813.70;15931;160.486101

[22:41:09.801] Finished running MSLP
System CPU time: 9.12 seconds

[22:41:09.875] Post running MSLP
Best solution value: 3785.50
Total time elapsed: 603.640843
Time to best: 160.486101
Iterations: 60000
Iterations to best: 15931
Improvements: 5
Infeasible solutions percentage: (44037 / 60000) = 73.3950 %
(LP improvements)/(LP runs) = 15963/15963 = 100.0000 %
Mean LP improvement percentage: 3.2123 %
[22:41:10.143] Writing results to CSV file: /dados/rmelo/PDPTW-SE/benchmark_multi_island_v5/official_experiments/multistartlp/official/set_01_pt_01/logs/heur_mslp/outputs/csvresults_heur_mslp_bash_2.csv

[22:41:12.263] Saving solution to file:/dados/rmelo/PDPTW-SE/benchmark_multi_island_v5/official_experiments/multistartlp/official/set_01_pt_01/logs/heur_mslp/solutions/40R_40V_02I_05M/LR1_2_4_sol_genconfig_mslp_seed_41.txt

[22:41:12.263] Saving solution timeline to file: /dados/rmelo/PDPTW-SE/benchmark_multi_island_v5/official_experiments/multistartlp/official/set_01_pt_01/logs/heur_mslp/timelines/40R_40V_02I_05M/LR1_2_4_timeline_genconfig_mslp_seed_41.txt
---------------------| VEHICLES |---------------------

Vehicle 2 :
	id: 0
		node: 1
		(x, y, z): (70, 70, 0)
		dem: 0
		earl: 0
		lat: 634
		servt: 0
		pid: 0
		did: 0
		servST: 18.150000000000013
		(h, h_ind): (-1, 0)
		load: 0.0

	Finished service at time: 18.150000000000013

	Task 0 -> Task 7: 34.0
	Vehicle arrival at task: 52.15000000000001
	Waiting time until service start time: 0.0

	id: 7
		node: 5
		(x, y, z): (86, 40, 0)
		dem: 22
		earl: 0
		lat: 590
		servt: 10
		pid: 0
		did: 41
		servST: 52.15000000000001
		(h, h_ind): (-1, 0)
		load: 22.0

	Finished service at time: 62.15000000000001

	Task 7 -> Task 41: 6.4
	Vehicle arrival at task: 68.55000000000001
	Waiting time until service start time: 0.0

	id: 41
		node: 45
		(x, y, z): (81, 36, 0)
		dem: -22
		earl: 0
		lat: 589
		servt: 10
		pid: 7
		did: 0
		servST: 68.55000000000001
		(h, h_ind): (-1, 0)
		load: 0.0

	Finished service at time: 78.55000000000001

	Task 41 -> Task 56: 27.46
	Vehicle arrival at task: 106.01000000000002
	Waiting time until service start time: 0.0

	id: 56
		node: 29
		(x, y, z): (54, 41, 0)
		dem: 9
		earl: 0
		lat: 591
		servt: 10
		pid: 0
		did: 188
		servST: 106.01000000000002
		(h, h_ind): (-1, 0)
		load: 9.0

	Finished service at time: 116.01000000000002

	Task 56 -> Task 188: 11.18
	Vehicle arrival at task: 127.19000000000003
	Waiting time until service start time: -0.0

	id: 188
		node: 69
		(x, y, z): (44, 36, 0)
		dem: -9
		earl: 0
		lat: 582
		servt: 10
		pid: 56
		did: 0
		servST: 127.19000000000001
		(h, h_ind): (-1, 0)
		load: 0.0

	Finished service at time: 137.19

	Using Machine: 4
		Task 188 -> Machine 4 (Station 1): 10.05
		Vehicle arrival at machine station: 147.24
		Waiting time until machine travel: 0.0

		Machine travel start time: 147.24
		Region 0 -> Region 1: 12.81
		Machine arrival at machine station: 160.05

		Machine 4 (Station 2)-> Task 10: 59.21
		Vehicle arrival at task: 219.26000000000002
		Waiting time until service start time: -0.0

	id: 10
		node: 7
		(x, y, z): (40, 113, 1)
		dem: 23
		earl: 0
		lat: 572
		servt: 10
		pid: 0
		did: 104
		servST: 219.26
		(h, h_ind): (4, 2)
		load: 23.0

	Finished service at time: 229.26

	Task 10 -> Task 20: 20.88
	Vehicle arrival at task: 250.14
	Waiting time until service start time: 0.0

	id: 20
		node: 14
		(x, y, z): (46, 133, 1)
		dem: 7
		earl: 0
		lat: 557
		servt: 10
		pid: 0
		did: 58
		servST: 250.14
		(h, h_ind): (-1, 0)
		load: 30.0

	Finished service at time: 260.14

	Task 20 -> Task 6: 34.37
	Vehicle arrival at task: 294.51
	Waiting time until service start time: 0.0

	id: 6
		node: 4
		(x, y, z): (12, 138, 1)
		dem: 14
		earl: 285
		lat: 295
		servt: 10
		pid: 0
		did: 177
		servST: 294.51
		(h, h_ind): (-1, 0)
		load: 44.0

	Finished service at time: 304.51

	Task 6 -> Task 104: 30.53
	Vehicle arrival at task: 335.03999999999996
	Waiting time until service start time: 0.0

	id: 104
		node: 47
		(x, y, z): (38, 122, 1)
		dem: -23
		earl: 0
		lat: 563
		servt: 10
		pid: 10
		did: 0
		servST: 335.04
		(h, h_ind): (-1, 0)
		load: 21.0

	Finished service at time: 345.04

	Task 104 -> Task 177: 25.96
	Vehicle arrival at task: 371.0
	Waiting time until service start time: 0.0

	id: 177
		node: 44
		(x, y, z): (13, 129, 1)
		dem: -14
		earl: 361
		lat: 371
		servt: 10
		pid: 6
		did: 0
		servST: 371.0
		(h, h_ind): (-1, 0)
		load: 7.0

	Finished service at time: 381.0

	Task 177 -> Task 58: 31.05
	Vehicle arrival at task: 412.05
	Waiting time until service start time: 2.63

	id: 58
		node: 54
		(x, y, z): (5, 99, 1)
		dem: -7
		earl: 0
		lat: 553
		servt: 10
		pid: 20
		did: 0
		servST: 414.68
		(h, h_ind): (-1, 0)
		load: 0.0

	Finished service at time: 424.68

	Task 58 -> Task 74: 31.32
	Vehicle arrival at task: 456.0
	Waiting time until service start time: 0.0

	id: 74
		node: 39
		(x, y, z): (35, 90, 1)
		dem: 20
		earl: 456
		lat: 466
		servt: 10
		pid: 0
		did: 39
		servST: 456.0
		(h, h_ind): (-1, 0)
		load: 20.0

	Finished service at time: 466.0

	Task 74 -> Task 52: 23.54
	Vehicle arrival at task: 489.54
	Waiting time until service start time: 5.46

	id: 52
		node: 28
		(x, y, z): (58, 95, 1)
		dem: 35
		earl: 495
		lat: 505
		servt: 10
		pid: 0
		did: 97
		servST: 495.0
		(h, h_ind): (-1, 0)
		load: 55.0

	Finished service at time: 505.0

	Task 52 -> Task 97: 15.0
	Vehicle arrival at task: 520.0
	Waiting time until service start time: 0.0

	id: 97
		node: 68
		(x, y, z): (58, 80, 1)
		dem: -35
		earl: 0
		lat: 609
		servt: 10
		pid: 52
		did: 0
		servST: 520.0
		(h, h_ind): (-1, 0)
		load: 20.0

	Finished service at time: 530.0

	Task 97 -> Task 39: 11.4
	Vehicle arrival at task: 541.4
	Waiting time until service start time: 0.0

	id: 39
		node: 79
		(x, y, z): (47, 83, 1)
		dem: -20
		earl: 0
		lat: 598
		servt: 10
		pid: 74
		did: 0
		servST: 541.4
		(h, h_ind): (-1, 0)
		load: 0.0

	Finished service at time: 551.4

	Using Machine: 4
		Task 39 -> Machine 4 (Station 2): 31.38
		Vehicle arrival at machine station: 582.78
		Waiting time until machine travel: 0.0

		Machine travel start time: 582.78
		Region 1 -> Region 0: 12.81
		Machine arrival at machine station: 595.5899999999999

		Machine 4 (Station 1)-> Task 0: 34.66
		Vehicle arrival at task: 630.2499999999999
		Waiting time until service start time: 0.0

	id: 0
		node: 82
		(x, y, z): (70, 70, 0)
		dem: 0
		earl: 0
		lat: 634
		servt: 0
		pid: 0
		did: 0
		servST: 630.25
		(h, h_ind): (4, 7)
		load: 0.0


Vehicle 6 :
	id: 0
		node: 1
		(x, y, z): (70, 70, 0)
		dem: 0
		earl: 0
		lat: 634
		servt: 0
		pid: 0
		did: 0
		servST: 0.0
		(h, h_ind): (-1, 0)
		load: 0.0

	Finished service at time: 0.0

	Task 0 -> Task 63: 42.01
	Vehicle arrival at task: 42.01
	Waiting time until service start time: 0.0

	id: 63
		node: 31
		(x, y, z): (103, 44, 0)
		dem: 12
		earl: 42
		lat: 52
		servt: 10
		pid: 0
		did: 150
		servST: 42.01
		(h, h_ind): (-1, 0)
		load: 12.0

	Finished service at time: 52.01

	Task 63 -> Task 67: 13.0
	Vehicle arrival at task: 65.00999999999999
	Waiting time until service start time: 0.0

	id: 67
		node: 33
		(x, y, z): (90, 44, 0)
		dem: 6
		earl: 62
		lat: 72
		servt: 10
		pid: 0
		did: 5
		servST: 65.00999999999999
		(h, h_ind): (-1, 0)
		load: 18.0

	Finished service at time: 75.00999999999999

	Task 67 -> Task 150: 13.45
	Vehicle arrival at task: 88.46
	Waiting time until service start time: 0.0

	id: 150
		node: 71
		(x, y, z): (99, 34, 0)
		dem: -12
		earl: 0
		lat: 578
		servt: 10
		pid: 63
		did: 0
		servST: 88.46
		(h, h_ind): (-1, 0)
		load: 6.0

	Finished service at time: 98.46

	Task 150 -> Task 5: 20.81
	Vehicle arrival at task: 119.27
	Waiting time until service start time: 0.0

	id: 5
		node: 73
		(x, y, z): (116, 22, 0)
		dem: -6
		earl: 0
		lat: 558
		servt: 10
		pid: 67
		did: 0
		servST: 119.27
		(h, h_ind): (-1, 0)
		load: 0.0

	Finished service at time: 129.26999999999998

	Task 5 -> Task 3: 4.0
	Vehicle arrival at task: 133.26999999999998
	Waiting time until service start time: 0.0

	id: 3
		node: 3
		(x, y, z): (120, 22, 0)
		dem: 39
		earl: 124
		lat: 134
		servt: 10
		pid: 0
		did: 131
		servST: 133.26999999999998
		(h, h_ind): (-1, 0)
		load: 39.0

	Finished service at time: 143.26999999999998

	Task 3 -> Task 11: 9.22
	Vehicle arrival at task: 152.48999999999998
	Waiting time until service start time: 0.0

	id: 11
		node: 8
		(x, y, z): (129, 24, 0)
		dem: 18
		earl: 0
		lat: 550
		servt: 10
		pid: 0
		did: 158
		servST: 152.48999999999998
		(h, h_ind): (-1, 0)
		load: 57.0

	Finished service at time: 162.48999999999998

	Task 11 -> Task 131: 9.0
	Vehicle arrival at task: 171.48999999999998
	Waiting time until service start time: 0.0

	id: 131
		node: 43
		(x, y, z): (138, 24, 0)
		dem: -39
		earl: 0
		lat: 542
		servt: 10
		pid: 3
		did: 0
		servST: 171.48999999999998
		(h, h_ind): (-1, 0)
		load: 18.0

	Finished service at time: 181.48999999999998

	Task 131 -> Task 158: 29.21
	Vehicle arrival at task: 210.7
	Waiting time until service start time: 0.0

	id: 158
		node: 48
		(x, y, z): (120, 47, 0)
		dem: -18
		earl: 0
		lat: 569
		servt: 10
		pid: 11
		did: 0
		servST: 210.7
		(h, h_ind): (-1, 0)
		load: 0.0

	Finished service at time: 220.7

	Task 158 -> Task 28: 44.6
	Vehicle arrival at task: 265.3
	Waiting time until service start time: 0.0

	id: 28
		node: 18
		(x, y, z): (90, 14, 0)
		dem: 31
		earl: 0
		lat: 565
		servt: 10
		pid: 0
		did: 182
		servST: 265.3
		(h, h_ind): (-1, 0)
		load: 31.0

	Finished service at time: 275.3

	Task 28 -> Task 182: 10.05
	Vehicle arrival at task: 285.35
	Waiting time until service start time: 0.0

	id: 182
		node: 58
		(x, y, z): (89, 24, 0)
		dem: -31
		earl: 0
		lat: 575
		servt: 10
		pid: 28
		did: 0
		servST: 285.35
		(h, h_ind): (-1, 0)
		load: 0.0

	Finished service at time: 295.35

	Task 182 -> Task 0: 49.77
	Vehicle arrival at task: 345.12
	Waiting time until service start time: 0.0

	id: 0
		node: 82
		(x, y, z): (70, 70, 0)
		dem: 0
		earl: 0
		lat: 634
		servt: 0
		pid: 0
		did: 0
		servST: 345.12
		(h, h_ind): (-1, 0)
		load: 0.0


Vehicle 12 :
	id: 0
		node: 1
		(x, y, z): (70, 70, 0)
		dem: 0
		earl: 0
		lat: 634
		servt: 0
		pid: 0
		did: 0
		servST: 0.0
		(h, h_ind): (-1, 0)
		load: 0.0

	Finished service at time: 0.0

	Using Machine: 3
		Task 0 -> Machine 3 (Station 1): 37.48
		Vehicle arrival at machine station: 37.48
		Waiting time until machine travel: -0.0

		Machine travel start time: 37.47999999999999
		Region 0 -> Region 1: 17.46
		Machine arrival at machine station: 54.93999999999999

		Machine 3 (Station 2)-> Task 43: 14.32
		Vehicle arrival at task: 69.25999999999999
		Waiting time until service start time: 0.0

	id: 43
		node: 23
		(x, y, z): (13, 48, 1)
		dem: 15
		earl: 0
		lat: 563
		servt: 10
		pid: 0
		did: 95
		servST: 69.25999999999999
		(h, h_ind): (3, 1)
		load: 15.0

	Finished service at time: 79.25999999999999

	Task 43 -> Task 65: 14.32
	Vehicle arrival at task: 93.57999999999998
	Waiting time until service start time: 0.0

	id: 65
		node: 32
		(x, y, z): (16, 62, 1)
		dem: 15
		earl: 0
		lat: 570
		servt: 10
		pid: 0
		did: 96
		servST: 93.57999999999998
		(h, h_ind): (-1, 0)
		load: 30.0

	Finished service at time: 103.57999999999998

	Using Machine: 0
		Task 65 -> Machine 0 (Station 2): 17.03
		Vehicle arrival at machine station: 120.60999999999999
		Waiting time until machine travel: 0.0

		Machine travel start time: 120.60999999999999
		Region 1 -> Region 0: 14.21
		Machine arrival at machine station: 134.82

		Machine 0 (Station 1)-> Task 70: 2.83
		Vehicle arrival at task: 137.65
		Waiting time until service start time: -0.0

	id: 70
		node: 36
		(x, y, z): (36, 38, 0)
		dem: 5
		earl: 0
		lat: 578
		servt: 10
		pid: 0
		did: 164
		servST: 137.64999999999998
		(h, h_ind): (0, 1)
		load: 35.0

	Finished service at time: 147.64999999999998

	Using Machine: 1
		Task 70 -> Machine 1 (Station 1): 4.24
		Vehicle arrival at machine station: 151.89
		Waiting time until machine travel: 0.0

		Machine travel start time: 151.89
		Region 0 -> Region 1: 13.0
		Machine arrival at machine station: 164.89

		Machine 1 (Station 2)-> Task 164: 2.24
		Vehicle arrival at task: 167.13
		Waiting time until service start time: 0.0

	id: 164
		node: 76
		(x, y, z): (36, 54, 1)
		dem: -5
		earl: 0
		lat: 587
		servt: 10
		pid: 70
		did: 0
		servST: 167.13
		(h, h_ind): (1, 2)
		load: 30.0

	Finished service at time: 177.13

	Task 164 -> Task 12: 38.42
	Vehicle arrival at task: 215.55
	Waiting time until service start time: 0.0

	id: 12
		node: 9
		(x, y, z): (12, 84, 1)
		dem: 16
		earl: 0
		lat: 565
		servt: 10
		pid: 0
		did: 178
		servST: 215.55
		(h, h_ind): (-1, 0)
		load: 46.0

	Finished service at time: 225.55

	Task 12 -> Task 77: 27.07
	Vehicle arrival at task: 252.62
	Waiting time until service start time: 0.0

	id: 77
		node: 40
		(x, y, z): (10, 111, 1)
		dem: 21
		earl: 0
		lat: 552
		servt: 10
		pid: 0
		did: 127
		servST: 252.62
		(h, h_ind): (-1, 0)
		load: 67.0

	Finished service at time: 262.62

	Task 77 -> Task 95: 12.73
	Vehicle arrival at task: 275.35
	Waiting time until service start time: 0.0

	id: 95
		node: 63
		(x, y, z): (19, 120, 1)
		dem: -15
		earl: 271
		lat: 281
		servt: 10
		pid: 43
		did: 0
		servST: 275.35
		(h, h_ind): (-1, 0)
		load: 52.0

	Finished service at time: 285.35

	Task 95 -> Task 127: 22.02
	Vehicle arrival at task: 307.37
	Waiting time until service start time: 0.0

	id: 127
		node: 80
		(x, y, z): (2, 106, 1)
		dem: -21
		earl: 0
		lat: 548
		servt: 10
		pid: 77
		did: 0
		servST: 307.37
		(h, h_ind): (-1, 0)
		load: 31.0

	Finished service at time: 317.37

	Task 127 -> Task 178: 18.0
	Vehicle arrival at task: 335.37
	Waiting time until service start time: 0.0

	id: 178
		node: 49
		(x, y, z): (20, 106, 1)
		dem: -16
		earl: 0
		lat: 563
		servt: 10
		pid: 12
		did: 0
		servST: 335.37
		(h, h_ind): (-1, 0)
		load: 15.0

	Finished service at time: 345.37

	Task 178 -> Task 23: 2.83
	Vehicle arrival at task: 348.2
	Waiting time until service start time: 0.0

	id: 23
		node: 16
		(x, y, z): (18, 104, 1)
		dem: 18
		earl: 347
		lat: 357
		servt: 10
		pid: 0
		did: 114
		servST: 348.2
		(h, h_ind): (-1, 0)
		load: 33.0

	Finished service at time: 358.2

	Task 23 -> Task 114: 14.87
	Vehicle arrival at task: 373.07
	Waiting time until service start time: 0.0

	id: 114
		node: 56
		(x, y, z): (29, 94, 1)
		dem: -18
		earl: 0
		lat: 577
		servt: 10
		pid: 23
		did: 0
		servST: 373.07
		(h, h_ind): (-1, 0)
		load: 15.0

	Finished service at time: 383.07

	Task 114 -> Task 96: 26.4
	Vehicle arrival at task: 409.46999999999997
	Waiting time until service start time: 0.0

	id: 96
		node: 72
		(x, y, z): (18, 70, 1)
		dem: -15
		earl: 401
		lat: 411
		servt: 10
		pid: 65
		did: 0
		servST: 409.46999999999997
		(h, h_ind): (-1, 0)
		load: 0.0

	Finished service at time: 419.46999999999997

	Using Machine: 4
		Task 96 -> Machine 4 (Station 2): 23.35
		Vehicle arrival at machine station: 442.82
		Waiting time until machine travel: 0.0

		Machine travel start time: 442.82
		Region 1 -> Region 0: 12.81
		Machine arrival at machine station: 455.63

		Machine 4 (Station 1)-> Task 14: 57.31
		Vehicle arrival at task: 512.94
		Waiting time until service start time: 0.0

	id: 14
		node: 10
		(x, y, z): (102, 52, 0)
		dem: 15
		earl: 0
		lat: 588
		servt: 10
		pid: 0
		did: 197
		servST: 512.94
		(h, h_ind): (4, 3)
		load: 15.0

	Finished service at time: 522.94

	Task 14 -> Task 197: 12.73
	Vehicle arrival at task: 535.6700000000001
	Waiting time until service start time: 0.0

	id: 197
		node: 50
		(x, y, z): (93, 61, 0)
		dem: -15
		earl: 531
		lat: 541
		servt: 10
		pid: 14
		did: 0
		servST: 535.6700000000001
		(h, h_ind): (-1, 0)
		load: 0.0

	Finished service at time: 545.6700000000001

	Task 197 -> Task 0: 24.7
	Vehicle arrival at task: 570.3700000000001
	Waiting time until service start time: 0.0

	id: 0
		node: 82
		(x, y, z): (70, 70, 0)
		dem: 0
		earl: 0
		lat: 634
		servt: 0
		pid: 0
		did: 0
		servST: 570.3700000000001
		(h, h_ind): (-1, 0)
		load: 0.0


Vehicle 28 :
	id: 0
		node: 1
		(x, y, z): (70, 70, 0)
		dem: 0
		earl: 0
		lat: 634
		servt: 0
		pid: 0
		did: 0
		servST: 2.6299999999999883
		(h, h_ind): (-1, 0)
		load: 0.0

	Finished service at time: 2.6299999999999883

	Task 0 -> Task 69: 34.13
	Vehicle arrival at task: 36.75999999999999
	Waiting time until service start time: 0.0

	id: 69
		node: 35
		(x, y, z): (104, 73, 0)
		dem: 17
		earl: 0
		lat: 590
		servt: 10
		pid: 0
		did: 1
		servST: 36.75999999999999
		(h, h_ind): (-1, 0)
		load: 17.0

	Finished service at time: 46.75999999999999

	Task 69 -> Task 27: 73.06
	Vehicle arrival at task: 119.82
	Waiting time until service start time: 0.0

	id: 27
		node: 17
		(x, y, z): (101, 0, 0)
		dem: 9
		earl: 0
		lat: 548
		servt: 10
		pid: 0
		did: 64
		servST: 119.82
		(h, h_ind): (-1, 0)
		load: 26.0

	Finished service at time: 129.82

	Task 27 -> Task 68: 34.18
	Vehicle arrival at task: 164.0
	Waiting time until service start time: 0.0

	id: 68
		node: 34
		(x, y, z): (113, 32, 0)
		dem: 36
		earl: 154
		lat: 164
		servt: 10
		pid: 0
		did: 116
		servST: 164.0
		(h, h_ind): (-1, 0)
		load: 62.0

	Finished service at time: 174.0

	Task 68 -> Task 64: 25.61
	Vehicle arrival at task: 199.61
	Waiting time until service start time: 0.0

	id: 64
		node: 57
		(x, y, z): (97, 12, 0)
		dem: -9
		earl: 0
		lat: 561
		servt: 10
		pid: 27
		did: 0
		servST: 199.61
		(h, h_ind): (-1, 0)
		load: 53.0

	Finished service at time: 209.61

	Task 64 -> Task 36: 21.1
	Vehicle arrival at task: 230.71
	Waiting time until service start time: 0.0

	id: 36
		node: 22
		(x, y, z): (108, 30, 0)
		dem: 18
		earl: 0
		lat: 569
		servt: 10
		pid: 0
		did: 91
		servST: 230.71
		(h, h_ind): (-1, 0)
		load: 71.0

	Finished service at time: 240.71

	Task 36 -> Task 91: 26.25
	Vehicle arrival at task: 266.96000000000004
	Waiting time until service start time: 0.0

	id: 91
		node: 62
		(x, y, z): (83, 38, 0)
		dem: -18
		earl: 0
		lat: 590
		servt: 10
		pid: 36
		did: 0
		servST: 266.96000000000004
		(h, h_ind): (-1, 0)
		load: 53.0

	Finished service at time: 276.96000000000004

	Task 91 -> Task 116: 28.79
	Vehicle arrival at task: 305.75000000000006
	Waiting time until service start time: 9.25

	id: 116
		node: 74
		(x, y, z): (110, 28, 0)
		dem: -36
		earl: 315
		lat: 325
		servt: 10
		pid: 68
		did: 0
		servST: 315.0
		(h, h_ind): (-1, 0)
		load: 17.0

	Finished service at time: 325.0

	Task 116 -> Task 79: 17.26
	Vehicle arrival at task: 342.26
	Waiting time until service start time: 0.0

	id: 79
		node: 41
		(x, y, z): (113, 45, 0)
		dem: 4
		earl: 0
		lat: 575
		servt: 10
		pid: 0
		did: 18
		servST: 342.26
		(h, h_ind): (-1, 0)
		load: 21.0

	Finished service at time: 352.26

	Task 79 -> Task 44: 10.0
	Vehicle arrival at task: 362.26
	Waiting time until service start time: 0.0

	id: 44
		node: 24
		(x, y, z): (113, 35, 0)
		dem: 9
		earl: 0
		lat: 569
		servt: 10
		pid: 0
		did: 172
		servST: 362.26
		(h, h_ind): (-1, 0)
		load: 30.0

	Finished service at time: 372.26

	Task 44 -> Task 172: 18.38
	Vehicle arrival at task: 390.64
	Waiting time until service start time: 0.0

	id: 172
		node: 64
		(x, y, z): (120, 52, 0)
		dem: -9
		earl: 384
		lat: 394
		servt: 10
		pid: 44
		did: 0
		servST: 390.64
		(h, h_ind): (-1, 0)
		load: 21.0

	Finished service at time: 400.64

	Task 172 -> Task 51: 24.84
	Vehicle arrival at task: 425.47999999999996
	Waiting time until service start time: 0.0

	id: 51
		node: 27
		(x, y, z): (139, 68, 0)
		dem: 25
		earl: 0
		lat: 555
		servt: 10
		pid: 0
		did: 126
		servST: 425.48
		(h, h_ind): (-1, 0)
		load: 46.0

	Finished service at time: 435.48

	Task 51 -> Task 126: 4.0
	Vehicle arrival at task: 439.48
	Waiting time until service start time: 0.0

	id: 126
		node: 67
		(x, y, z): (139, 72, 0)
		dem: -25
		earl: 0
		lat: 555
		servt: 10
		pid: 51
		did: 0
		servST: 439.48
		(h, h_ind): (-1, 0)
		load: 21.0

	Finished service at time: 449.48

	Task 126 -> Task 21: 6.08
	Vehicle arrival at task: 455.56
	Waiting time until service start time: 0.0

	id: 21
		node: 15
		(x, y, z): (138, 78, 0)
		dem: 43
		earl: 0
		lat: 556
		servt: 10
		pid: 0
		did: 123
		servST: 455.56
		(h, h_ind): (-1, 0)
		load: 64.0

	Finished service at time: 465.56

	Task 21 -> Task 123: 6.08
	Vehicle arrival at task: 471.64
	Waiting time until service start time: 0.0

	id: 123
		node: 55
		(x, y, z): (137, 84, 0)
		dem: -43
		earl: 0
		lat: 556
		servt: 10
		pid: 21
		did: 0
		servST: 471.64
		(h, h_ind): (-1, 0)
		load: 21.0

	Finished service at time: 481.64

	Task 123 -> Task 18: 44.6
	Vehicle arrival at task: 526.24
	Waiting time until service start time: 0.0

	id: 18
		node: 81
		(x, y, z): (104, 54, 0)
		dem: -4
		earl: 0
		lat: 587
		servt: 10
		pid: 79
		did: 0
		servST: 526.24
		(h, h_ind): (-1, 0)
		load: 17.0

	Finished service at time: 536.24

	Task 18 -> Task 1: 23.19
	Vehicle arrival at task: 559.4300000000001
	Waiting time until service start time: 0.0

	id: 1
		node: 75
		(x, y, z): (107, 77, 0)
		dem: -17
		earl: 0
		lat: 587
		servt: 10
		pid: 69
		did: 0
		servST: 559.4300000000001
		(h, h_ind): (-1, 0)
		load: 0.0

	Finished service at time: 569.4300000000001

	Task 1 -> Task 0: 37.66
	Vehicle arrival at task: 607.09
	Waiting time until service start time: 0.0

	id: 0
		node: 82
		(x, y, z): (70, 70, 0)
		dem: 0
		earl: 0
		lat: 634
		servt: 0
		pid: 0
		did: 0
		servST: 607.09
		(h, h_ind): (-1, 0)
		load: 0.0


Vehicle 30 :
	id: 0
		node: 1
		(x, y, z): (70, 70, 0)
		dem: 0
		earl: 0
		lat: 634
		servt: 0
		pid: 0
		did: 0
		servST: 6.1200000000000045
		(h, h_ind): (-1, 0)
		load: 0.0

	Finished service at time: 6.1200000000000045

	Task 0 -> Task 72: 40.31
	Vehicle arrival at task: 46.43000000000001
	Waiting time until service start time: 0.0

	id: 72
		node: 37
		(x, y, z): (54, 33, 0)
		dem: 20
		earl: 0
		lat: 584
		servt: 10
		pid: 0
		did: 71
		servST: 46.43000000000001
		(h, h_ind): (-1, 0)
		load: 20.0

	Finished service at time: 56.43000000000001

	Task 72 -> Task 15: 13.34
	Vehicle arrival at task: 69.77000000000001
	Waiting time until service start time: 0.0

	id: 15
		node: 11
		(x, y, z): (41, 36, 0)
		dem: 13
		earl: 61
		lat: 71
		servt: 10
		pid: 0
		did: 54
		servST: 69.77000000000001
		(h, h_ind): (-1, 0)
		load: 33.0

	Finished service at time: 79.77000000000001

	Task 15 -> Task 71: 41.23
	Vehicle arrival at task: 121.0
	Waiting time until service start time: 0.0

	id: 71
		node: 77
		(x, y, z): (15, 4, 0)
		dem: -20
		earl: 111
		lat: 121
		servt: 10
		pid: 72
		did: 0
		servST: 121.0
		(h, h_ind): (-1, 0)
		load: 13.0

	Finished service at time: 131.0

	Using Machine: 0
		Task 71 -> Machine 0 (Station 1): 42.72
		Vehicle arrival at machine station: 173.72
		Waiting time until machine travel: 1.45

		Machine travel start time: 175.17000000000002
		Region 0 -> Region 1: 14.21
		Machine arrival at machine station: 189.38000000000002

		Machine 0 (Station 2)-> Task 54: 3.16
		Vehicle arrival at task: 192.54000000000002
		Waiting time until service start time: 0.0

	id: 54
		node: 51
		(x, y, z): (32, 52, 1)
		dem: -13
		earl: 0
		lat: 582
		servt: 10
		pid: 15
		did: 0
		servST: 192.54000000000002
		(h, h_ind): (0, 2)
		load: 0.0

	Finished service at time: 202.54000000000002

	Task 54 -> Task 46: 13.42
	Vehicle arrival at task: 215.96
	Waiting time until service start time: 0.0

	id: 46
		node: 26
		(x, y, z): (44, 58, 1)
		dem: 30
		earl: 0
		lat: 596
		servt: 10
		pid: 0
		did: 125
		servST: 215.96
		(h, h_ind): (-1, 0)
		load: 30.0

	Finished service at time: 225.96

	Task 46 -> Task 125: 14.04
	Vehicle arrival at task: 240.0
	Waiting time until service start time: 0.0

	id: 125
		node: 66
		(x, y, z): (30, 57, 1)
		dem: -30
		earl: 240
		lat: 250
		servt: 10
		pid: 46
		did: 0
		servST: 240.0
		(h, h_ind): (-1, 0)
		load: 0.0

	Finished service at time: 250.0

	Task 125 -> Task 45: 40.36
	Vehicle arrival at task: 290.36
	Waiting time until service start time: 0.0

	id: 45
		node: 25
		(x, y, z): (60, 84, 1)
		dem: 23
		earl: 0
		lat: 607
		servt: 10
		pid: 0
		did: 138
		servST: 290.36
		(h, h_ind): (-1, 0)
		load: 23.0

	Finished service at time: 300.36

	Task 45 -> Task 8: 72.95
	Vehicle arrival at task: 373.31
	Waiting time until service start time: 0.0

	id: 8
		node: 6
		(x, y, z): (121, 124, 1)
		dem: 21
		earl: 0
		lat: 550
		servt: 10
		pid: 0
		did: 40
		servST: 373.31
		(h, h_ind): (-1, 0)
		load: 44.0

	Finished service at time: 383.31

	Task 8 -> Task 40: 32.2
	Vehicle arrival at task: 415.51
	Waiting time until service start time: 0.0

	id: 40
		node: 46
		(x, y, z): (92, 138, 1)
		dem: -21
		earl: 412
		lat: 422
		servt: 10
		pid: 8
		did: 0
		servST: 415.51
		(h, h_ind): (-1, 0)
		load: 23.0

	Finished service at time: 425.51

	Task 40 -> Task 138: 51.62
	Vehicle arrival at task: 477.13
	Waiting time until service start time: 0.0

	id: 138
		node: 65
		(x, y, z): (55, 102, 1)
		dem: -23
		earl: 0
		lat: 589
		servt: 10
		pid: 45
		did: 0
		servST: 477.13
		(h, h_ind): (-1, 0)
		load: 0.0

	Finished service at time: 487.13

	Using Machine: 4
		Task 138 -> Machine 4 (Station 2): 52.0
		Vehicle arrival at machine station: 539.13
		Waiting time until machine travel: 0.0

		Machine travel start time: 539.13
		Region 1 -> Region 0: 12.81
		Machine arrival at machine station: 551.9399999999999

		Machine 4 (Station 1)-> Task 0: 34.66
		Vehicle arrival at task: 586.5999999999999
		Waiting time until service start time: 0.0

	id: 0
		node: 82
		(x, y, z): (70, 70, 0)
		dem: 0
		earl: 0
		lat: 634
		servt: 0
		pid: 0
		did: 0
		servST: 586.6
		(h, h_ind): (4, 6)
		load: 0.0


Vehicle 32 :
	id: 0
		node: 1
		(x, y, z): (70, 70, 0)
		dem: 0
		earl: 0
		lat: 634
		servt: 0
		pid: 0
		did: 0
		servST: 0.9899999999999949
		(h, h_ind): (-1, 0)
		load: 0.0

	Finished service at time: 0.9899999999999949

	Using Machine: 1
		Task 0 -> Machine 1 (Station 1): 42.45
		Vehicle arrival at machine station: 43.44
		Waiting time until machine travel: 0.0

		Machine travel start time: 43.44
		Region 0 -> Region 1: 13.0
		Machine arrival at machine station: 56.44

		Machine 1 (Station 2)-> Task 73: 54.56
		Vehicle arrival at task: 111.0
		Waiting time until service start time: 0.0

	id: 73
		node: 38
		(x, y, z): (70, 94, 1)
		dem: 32
		earl: 101
		lat: 111
		servt: 10
		pid: 0
		did: 194
		servST: 111.0
		(h, h_ind): (1, 1)
		load: 32.0

	Finished service at time: 121.0

	Task 73 -> Task 194: 37.7
	Vehicle arrival at task: 158.7
	Waiting time until service start time: 40.3

	id: 194
		node: 78
		(x, y, z): (56, 129, 1)
		dem: -32
		earl: 0
		lat: 564
		servt: 10
		pid: 73
		did: 0
		servST: 199.0
		(h, h_ind): (-1, 0)
		load: 0.0

	Finished service at time: 209.0

	Task 194 -> Task 34: 7.0
	Vehicle arrival at task: 216.0
	Waiting time until service start time: 0.0

	id: 34
		node: 21
		(x, y, z): (63, 129, 1)
		dem: 7
		earl: 216
		lat: 226
		servt: 10
		pid: 0
		did: 118
		servST: 216.0
		(h, h_ind): (-1, 0)
		load: 7.0

	Finished service at time: 226.0

	Task 34 -> Task 19: 48.02
	Vehicle arrival at task: 274.02
	Waiting time until service start time: 1.38

	id: 19
		node: 13
		(x, y, z): (22, 104, 1)
		dem: 11
		earl: 0
		lat: 566
		servt: 10
		pid: 0
		did: 198
		servST: 275.4
		(h, h_ind): (-1, 0)
		load: 18.0

	Finished service at time: 285.4

	Task 19 -> Task 118: 38.6
	Vehicle arrival at task: 324.0
	Waiting time until service start time: 0.0

	id: 118
		node: 61
		(x, y, z): (59, 115, 1)
		dem: -7
		earl: 324
		lat: 334
		servt: 10
		pid: 34
		did: 0
		servST: 324.0
		(h, h_ind): (-1, 0)
		load: 11.0

	Finished service at time: 334.0

	Task 118 -> Task 29: 60.31
	Vehicle arrival at task: 394.31
	Waiting time until service start time: 0.0

	id: 29
		node: 19
		(x, y, z): (20, 69, 1)
		dem: 13
		earl: 388
		lat: 398
		servt: 10
		pid: 0
		did: 110
		servST: 394.31
		(h, h_ind): (-1, 0)
		load: 24.0

	Finished service at time: 404.31

	Task 29 -> Task 198: 35.69
	Vehicle arrival at task: 440.0
	Waiting time until service start time: 0.0

	id: 198
		node: 53
		(x, y, z): (27, 104, 1)
		dem: -11
		earl: 0
		lat: 570
		servt: 10
		pid: 19
		did: 0
		servST: 440.0
		(h, h_ind): (-1, 0)
		load: 13.0

	Finished service at time: 450.0

	Task 198 -> Task 110: 32.76
	Vehicle arrival at task: 482.76
	Waiting time until service start time: 0.0

	id: 110
		node: 59
		(x, y, z): (34, 72, 1)
		dem: -13
		earl: 0
		lat: 588
		servt: 10
		pid: 29
		did: 0
		servST: 482.76
		(h, h_ind): (-1, 0)
		load: 0.0

	Finished service at time: 492.76

	Using Machine: 4
		Task 110 -> Machine 4 (Station 2): 18.03
		Vehicle arrival at machine station: 510.78999999999996
		Waiting time until machine travel: 0.0

		Machine travel start time: 510.78999999999996
		Region 1 -> Region 0: 12.81
		Machine arrival at machine station: 523.5999999999999

		Machine 4 (Station 1)-> Task 0: 34.66
		Vehicle arrival at task: 558.2599999999999
		Waiting time until service start time: 0.0

	id: 0
		node: 82
		(x, y, z): (70, 70, 0)
		dem: 0
		earl: 0
		lat: 634
		servt: 0
		pid: 0
		did: 0
		servST: 558.26
		(h, h_ind): (4, 5)
		load: 0.0


Vehicle 37 :
	id: 0
		node: 1
		(x, y, z): (70, 70, 0)
		dem: 0
		earl: 0
		lat: 634
		servt: 0
		pid: 0
		did: 0
		servST: 0.3100000000000023
		(h, h_ind): (-1, 0)
		load: 0.0

	Finished service at time: 0.3100000000000023

	Using Machine: 4
		Task 0 -> Machine 4 (Station 1): 34.66
		Vehicle arrival at machine station: 34.97
		Waiting time until machine travel: 0.0

		Machine travel start time: 34.97
		Region 0 -> Region 1: 12.81
		Machine arrival at machine station: 47.78

		Machine 4 (Station 2)-> Task 30: 83.22
		Vehicle arrival at task: 131.0
		Waiting time until service start time: 0.0

	id: 30
		node: 20
		(x, y, z): (64, 132, 1)
		dem: 8
		earl: 121
		lat: 131
		servt: 10
		pid: 0
		did: 98
		servST: 131.0
		(h, h_ind): (4, 1)
		load: 8.0

	Finished service at time: 141.0

	Task 30 -> Task 62: 10.3
	Vehicle arrival at task: 151.3
	Waiting time until service start time: 0.0

	id: 62
		node: 30
		(x, y, z): (55, 127, 1)
		dem: 17
		earl: 0
		lat: 566
		servt: 10
		pid: 0
		did: 111
		servST: 151.3
		(h, h_ind): (-1, 0)
		load: 25.0

	Finished service at time: 161.3

	Task 62 -> Task 98: 14.32
	Vehicle arrival at task: 175.62
	Waiting time until service start time: 13.01

	id: 98
		node: 60
		(x, y, z): (49, 140, 1)
		dem: -8
		earl: 0
		lat: 551
		servt: 10
		pid: 30
		did: 0
		servST: 188.63
		(h, h_ind): (-1, 0)
		load: 17.0

	Finished service at time: 198.63

	Task 98 -> Task 16: 83.29
	Vehicle arrival at task: 281.92
	Waiting time until service start time: 0.0

	id: 16
		node: 12
		(x, y, z): (132, 133, 1)
		dem: 24
		earl: 0
		lat: 536
		servt: 10
		pid: 0
		did: 60
		servST: 281.92
		(h, h_ind): (-1, 0)
		load: 41.0

	Finished service at time: 291.92

	Task 16 -> Task 2: 23.77
	Vehicle arrival at task: 315.69
	Waiting time until service start time: 0.0

	id: 2
		node: 2
		(x, y, z): (109, 139, 1)
		dem: 8
		earl: 0
		lat: 545
		servt: 10
		pid: 0
		did: 121
		servST: 315.69
		(h, h_ind): (-1, 0)
		load: 49.0

	Finished service at time: 325.69

	Task 2 -> Task 121: 36.88
	Vehicle arrival at task: 362.57
	Waiting time until service start time: 0.0

	id: 121
		node: 42
		(x, y, z): (85, 111, 1)
		dem: -8
		earl: 0
		lat: 581
		servt: 10
		pid: 2
		did: 0
		servST: 362.57
		(h, h_ind): (-1, 0)
		load: 41.0

	Finished service at time: 372.57

	Task 121 -> Task 111: 9.43
	Vehicle arrival at task: 382.0
	Waiting time until service start time: 0.0

	id: 111
		node: 70
		(x, y, z): (80, 103, 1)
		dem: -17
		earl: 382
		lat: 392
		servt: 10
		pid: 62
		did: 0
		servST: 382.0
		(h, h_ind): (-1, 0)
		load: 24.0

	Finished service at time: 392.0

	Task 111 -> Task 60: 9.9
	Vehicle arrival at task: 401.9
	Waiting time until service start time: 0.0

	id: 60
		node: 52
		(x, y, z): (73, 96, 1)
		dem: -24
		earl: 0
		lat: 598
		servt: 10
		pid: 16
		did: 0
		servST: 401.9
		(h, h_ind): (-1, 0)
		load: 0.0

	Finished service at time: 411.9

	Using Machine: 4
		Task 60 -> Machine 4 (Station 2): 56.64
		Vehicle arrival at machine station: 468.53999999999996
		Waiting time until machine travel: 0.0

		Machine travel start time: 468.53999999999996
		Region 1 -> Region 0: 12.81
		Machine arrival at machine station: 481.34999999999997

		Machine 4 (Station 1)-> Task 0: 34.66
		Vehicle arrival at task: 516.01
		Waiting time until service start time: 0.0

	id: 0
		node: 82
		(x, y, z): (70, 70, 0)
		dem: 0
		earl: 0
		lat: 634
		servt: 0
		pid: 0
		did: 0
		servST: 516.01
		(h, h_ind): (4, 4)
		load: 0.0


---------------------| MACHINES |---------------------

Machine 0 :
	setup duration: 14.21

	vehicle: 12
	vehicleInd: 4
	(orig, dest): (65, 70)
	(origRegion, destRegion): (1, 0)
	st: 120.60999999999999
	duration: 14.21

	setup duration: 0.0

	vehicle: 30
	vehicleInd: 5
	(orig, dest): (71, 54)
	(origRegion, destRegion): (0, 1)
	st: 175.17000000000002
	duration: 14.21


Machine 1 :
	setup duration: 0.0

	vehicle: 32
	vehicleInd: 2
	(orig, dest): (0, 73)
	(origRegion, destRegion): (0, 1)
	st: 43.44
	duration: 13.0

	setup duration: 13.0

	vehicle: 12
	vehicleInd: 5
	(orig, dest): (70, 164)
	(origRegion, destRegion): (0, 1)
	st: 151.89
	duration: 13.0


Machine 3 :
	setup duration: 0.0

	vehicle: 12
	vehicleInd: 2
	(orig, dest): (0, 43)
	(origRegion, destRegion): (0, 1)
	st: 37.47999999999999
	duration: 17.46


Machine 4 :
	setup duration: 0.0

	vehicle: 37
	vehicleInd: 2
	(orig, dest): (0, 30)
	(origRegion, destRegion): (0, 1)
	st: 34.97
	duration: 12.81

	setup duration: 12.81

	vehicle: 2
	vehicleInd: 6
	(orig, dest): (188, 10)
	(origRegion, destRegion): (0, 1)
	st: 147.24
	duration: 12.81

	setup duration: 0.0

	vehicle: 12
	vehicleInd: 14
	(orig, dest): (96, 14)
	(origRegion, destRegion): (1, 0)
	st: 442.82
	duration: 12.81

	setup duration: 12.81

	vehicle: 37
	vehicleInd: 10
	(orig, dest): (60, 0)
	(origRegion, destRegion): (1, 0)
	st: 468.53999999999996
	duration: 12.81

	setup duration: 12.81

	vehicle: 32
	vehicleInd: 10
	(orig, dest): (110, 0)
	(origRegion, destRegion): (1, 0)
	st: 510.78999999999996
	duration: 12.81

	setup duration: 12.81

	vehicle: 30
	vehicleInd: 12
	(orig, dest): (138, 0)
	(origRegion, destRegion): (1, 0)
	st: 539.13
	duration: 12.81

	setup duration: 12.81

	vehicle: 2
	vehicleInd: 16
	(orig, dest): (39, 0)
	(origRegion, destRegion): (1, 0)
	st: 582.78
	duration: 12.81


-------------------| COMPL. TIMES |-------------------

Vehicle 0 : 0.0
Vehicle 1 : 0.0
Vehicle 2 : 612.1
Vehicle 3 : 0.0
Vehicle 4 : 0.0
Vehicle 5 : 0.0
Vehicle 6 : 345.12
Vehicle 7 : 0.0
Vehicle 8 : 0.0
Vehicle 9 : 0.0
Vehicle 10 : 0.0
Vehicle 11 : 0.0
Vehicle 12 : 570.3700000000001
Vehicle 13 : 0.0
Vehicle 14 : 0.0
Vehicle 15 : 0.0
Vehicle 16 : 0.0
Vehicle 17 : 0.0
Vehicle 18 : 0.0
Vehicle 19 : 0.0
Vehicle 20 : 0.0
Vehicle 21 : 0.0
Vehicle 22 : 0.0
Vehicle 23 : 0.0
Vehicle 24 : 0.0
Vehicle 25 : 0.0
Vehicle 26 : 0.0
Vehicle 27 : 0.0
Vehicle 28 : 604.46
Vehicle 29 : 0.0
Vehicle 30 : 580.48
Vehicle 31 : 0.0
Vehicle 32 : 557.27
Vehicle 33 : 0.0
Vehicle 34 : 0.0
Vehicle 35 : 0.0
Vehicle 36 : 0.0
Vehicle 37 : 515.7
Vehicle 38 : 0.0
Vehicle 39 : 0.0
-------------------| STATISTICS |-------------------

    Vehicles used                           : 17.5
    Machines used                           : 80.0
    Max load (vehicles)                     : 98.6111
    Min load (vehicles)                     : 55.1724
    Mean load (vehicles)                    : 79.2375
    Min completion time                     : 54.4353
    Max completion time                     : 96.5457
    Mean completion time                    : 85.2974
    Avrg travel time (with vehicle)         : 9.9688
    Avrg travel time (only with vehicle)    : 6.3703
    Avrg travel time (no vehicle)           : 3.5986
    Avrg waiting time (machine travel)      : 0.0357
    Avrg waiting time (service)             : 0.346
    Machines travel times (with vehicle)    : [6.724, 6.1514, 0.0, 2.7539, 24.2461]
    Machines travel times (no vehicle)      : [2.2413, 2.0505, 0.0, 0.0, 10.1025]
    Max load per vehicle                    : [0.0, 0.0, 63.9535, 0.0, 0.0, 0.0, 98.2759, 0.0, 0.0, 0.0, 0.0, 0.0, 93.0556, 0.0, 0.0, 0.0, 0.0, 0.0, 0.0, 0.0, 0.0, 0.0, 0.0, 0.0, 0.0, 0.0, 0.0, 0.0, 98.6111, 0.0, 61.1111, 0.0, 55.1724, 0.0, 0.0, 0.0, 0.0, 84.4828, 0.0, 0.0]

----------------------------------------------------

TOTAL: 3785.5

Everything is awesome!
