-------------------| STATISTICS |-------------------

Vehicles used                           : 16.6667
Machines used                           : 100.0
Max load (vehicles)                     : 93.1034
Min load (vehicles)                     : 77.0833
Mean load (vehicles)                    : 85.0934
Min completion time                     : 18.466
Max completion time                     : 69.297
Mean completion time                    : 43.8815
Avrg travel time (with vehicle)         : 6.4572
Avrg travel time (only with vehicle)    : 4.3815
Avrg travel time (no vehicle)           : 2.0757
Avrg waiting time (machine travel)      : 1.1778
Avrg waiting time (service)             : 4.3172
Machines travel times (with vehicle)    : [2.126, 5.556, 8.742, 9.405]
Machines travel times (no vehicle)      : [1.063, 2.778, 1.36, 3.102]
Max load per vehicle                    : [0.0, 77.0833, 0.0, 93.1034, 0.0, 0.0, 0.0, 0.0, 0.0, 0.0, 0.0, 0.0]

----------------------------------------------------

TOTAL: 877.6299999999999

Everything is awesome!
