-------------------| STATISTICS |-------------------

Vehicles used                           : 36.6667
Machines used                           : 100.0
Max load (vehicles)                     : 93.1034
Min load (vehicles)                     : 9.3023
Mean load (vehicles)                    : 52.7247
Min completion time                     : 37.7319
Max completion time                     : 96.6514
Mean completion time                    : 71.2007
Avrg travel time (with vehicle)         : 11.6719
Avrg travel time (only with vehicle)    : 6.9401
Avrg travel time (no vehicle)           : 4.7319
Avrg waiting time (machine travel)      : 0.585
Avrg waiting time (service)             : 12.9787
Machines travel times (with vehicle)    : [9.4637, 11.041, 6.3091, 17.3502, 14.1956]
Machines travel times (no vehicle)      : [3.9432, 4.7319, 2.3659, 7.0978, 5.5205]
Max load per vehicle                    : [0.0, 0.0, 0.0, 0.0, 34.7222, 0.0, 87.2093, 0.0, 0.0, 37.931, 0.0, 0.0, 50.0, 44.4444, 0.0, 37.2093, 0.0, 68.9655, 75.5814, 0.0, 0.0, 0.0, 0.0, 56.8966, 93.1034, 72.093, 63.8889, 0.0, 9.3023, 0.0, 50.0, 0.0, 0.0, 0.0, 0.0, 0.0, 0.0, 0.0, 79.3103, 0.0, 55.814, 0.0, 0.0, 46.5517, 37.5, 0.0, 0.0, 0.0, 56.9767, 62.069, 0.0, 0.0, 0.0, 0.0, 0.0, 19.4444, 0.0, 20.9302, 0.0, 0.0]

----------------------------------------------------

TOTAL: 9931.08

Everything is awesome!
