-------------------| STATISTICS |-------------------

Vehicles used                           : 43.3333
Machines used                           : 100.0
Max load (vehicles)                     : 96.9231
Min load (vehicles)                     : 25.0
Mean load (vehicles)                    : 54.8619
Min completion time                     : 25.0373
Max completion time                     : 96.5419
Mean completion time                    : 64.7904
Avrg travel time (with vehicle)         : 11.4514
Avrg travel time (only with vehicle)    : 7.4567
Avrg travel time (no vehicle)           : 3.9947
Avrg waiting time (machine travel)      : 1.1443
Avrg waiting time (service)             : 22.8515
Machines travel times (with vehicle)    : [7.9893, 7.9893, 13.3156, 12.6498, 15.3129]
Machines travel times (no vehicle)      : [3.3289, 2.6631, 5.992, 4.6605, 3.3289]
Max load per vehicle                    : [0.0, 26.1538, 33.3333, 44.6154, 0.0, 0.0, 0.0, 0.0, 44.2308, 0.0, 0.0, 0.0, 0.0, 34.6154, 88.4615, 83.0769, 55.1282, 0.0, 42.3077, 96.9231, 57.6923, 61.5385, 0.0, 0.0, 0.0, 52.3077, 0.0, 0.0, 0.0, 55.3846, 0.0, 0.0, 82.6923, 0.0, 0.0, 0.0, 33.8462, 67.6923, 0.0, 0.0, 41.5385, 0.0, 0.0, 0.0, 0.0, 0.0, 60.0, 33.3333, 0.0, 25.0, 0.0, 64.1026, 0.0, 75.3846, 0.0, 0.0, 0.0, 83.0769, 36.5385, 47.4359]

----------------------------------------------------

TOTAL: 12650.970000000001

Everything is awesome!
