-------------------| STATISTICS |-------------------

Vehicles used                           : 36.6667
Machines used                           : 100.0
Max load (vehicles)                     : 98.0769
Min load (vehicles)                     : 12.8205
Mean load (vehicles)                    : 61.7716
Min completion time                     : 31.7481
Max completion time                     : 97.434
Mean completion time                    : 57.0912
Avrg travel time (with vehicle)         : 8.9422
Avrg travel time (only with vehicle)    : 5.6707
Avrg travel time (no vehicle)           : 3.2715
Avrg waiting time (machine travel)      : 1.4651
Avrg waiting time (service)             : 13.8084
Machines travel times (with vehicle)    : [6.5431, 8.7241, 2.7263, 14.1767, 12.5409]
Machines travel times (no vehicle)      : [2.7263, 3.8168, 0.5453, 4.9073, 4.3621]
Max load per vehicle                    : [80.0, 0.0, 0.0, 30.7692, 0.0, 0.0, 96.1538, 0.0, 65.3846, 0.0, 0.0, 39.7436, 66.1538, 0.0, 0.0, 0.0, 0.0, 34.6154, 0.0, 0.0, 0.0, 88.4615, 0.0, 0.0, 55.3846, 0.0, 0.0, 29.4872, 12.8205, 76.9231, 72.3077, 34.6154, 60.0, 0.0, 0.0, 0.0, 0.0, 0.0, 0.0, 0.0, 0.0, 0.0, 59.6154, 81.5385, 98.0769, 75.641, 84.6154, 0.0, 0.0, 0.0, 0.0, 39.7436, 0.0, 0.0, 0.0, 0.0, 76.9231, 0.0, 0.0, 0.0]

----------------------------------------------------

TOTAL: 11517.580000000002

Everything is awesome!
