Set parameter WLSAccessID
Set parameter WLSSecret
Set parameter LicenseID to value 2661775
Academic license 2661775 - for non-commercial use only - registered to me___@dcc.ufba.br
Loading line 2: methodType heur
Loading line 3: methodCode mslp
Loading line 4: seed 0
Loading line 5: threads 1
Loading line 6: greedy_service_order random
Loading line 7: outputFlagGrbMSLP 0
Loading line 8: mslpa 60000
Loading line 9: mslpr I
Loading line 10: maxtime 3600
Loading line 11: output ./logs/
Loading line 12: printsol 1
Loading line 13: solverMethod A
Loading line 14: alpha 0.05 # selected from preliminary experiments
Instance: LR1_2_5_t1_60R_60V_02I_06M

[13:01:24.552] Running Data.readData with file /dados/rmelo/PDPTW-SE/benchmark_multi_island_v5/official_experiments/multistartlp/official/set_01_pt_02/../../../../instances/orig_ams_fg/60R_60V_02I_06M/t1/LR1_2_5/
vehicles: Vehicle[Vehicle(0, 58), Vehicle(1, 72), Vehicle(2, 86), Vehicle(3, 72), Vehicle(4, 86), Vehicle(5, 58), Vehicle(6, 86), Vehicle(7, 72), Vehicle(8, 72), Vehicle(9, 72), Vehicle(10, 72), Vehicle(11, 86), Vehicle(12, 72), Vehicle(13, 58), Vehicle(14, 86), Vehicle(15, 58), Vehicle(16, 72), Vehicle(17, 58), Vehicle(18, 86), Vehicle(19, 58), Vehicle(20, 58), Vehicle(21, 86), Vehicle(22, 72), Vehicle(23, 72), Vehicle(24, 86), Vehicle(25, 72), Vehicle(26, 86), Vehicle(27, 86), Vehicle(28, 72), Vehicle(29, 72), Vehicle(30, 72), Vehicle(31, 58), Vehicle(32, 72), Vehicle(33, 86), Vehicle(34, 58), Vehicle(35, 86), Vehicle(36, 86), Vehicle(37, 72), Vehicle(38, 58), Vehicle(39, 58), Vehicle(40, 72), Vehicle(41, 72), Vehicle(42, 86), Vehicle(43, 86), Vehicle(44, 86), Vehicle(45, 58), Vehicle(46, 72), Vehicle(47, 86), Vehicle(48, 86), Vehicle(49, 86), Vehicle(50, 86), Vehicle(51, 72), Vehicle(52, 72), Vehicle(53, 86), Vehicle(54, 86), Vehicle(55, 72), Vehicle(56, 72), Vehicle(57, 58), Vehicle(58, 58), Vehicle(59, 86)]
vehicle_types: Vehicle[Vehicle(0, 58), Vehicle(1, 72), Vehicle(2, 86)]
Machine[Machine(0, Point[Point(78, 78, 0), Point(79, 66, 1)], 1.0), Machine(1, Point[Point(76, 75, 0), Point(80, 68, 1)], 1.0), Machine(2, Point[Point(75, 73, 0), Point(81, 71, 1)], 1.0), Machine(3, Point[Point(74, 71, 0), Point(82, 73, 1)], 1.0), Machine(4, Point[Point(73, 68, 0), Point(83, 76, 1)], 1.0), Machine(5, Point[Point(71, 66, 0), Point(84, 79, 1)], 1.0)]
refs: [1, 2, 3, 4, 5, 7, 10, 11, 12, 13, 14, 16, 17, 18, 19, 21, 26, 27, 28, 29, 30, 34, 35, 36, 37, 38, 42, 44, 46, 47, 48, 49, 51, 54, 57, 58, 59, 61, 62, 63, 65, 69, 73, 75, 76, 77, 79, 80, 82, 83, 86, 87, 89, 91, 94, 95, 97, 98, 100, 103, 106, 92, 39, 6, 101, 107, 50, 52, 70, 85, 45, 40, 93, 81, 110, 20, 22, 120, 53, 9, 116, 111, 90, 68, 102, 88, 23, 121, 115, 32, 84, 64, 71, 104, 105, 55, 113, 117, 112, 25, 33, 41, 8, 108, 43, 99, 56, 24, 31, 118, 66, 78, 60, 109, 15, 72, 67, 74, 114, 119, 96, 1]
V: [1, 2, 3, 4, 5, 6, 7, 8, 9, 10, 11, 12, 13, 14, 15, 16, 17, 18, 19, 20, 21, 22, 23, 24, 25, 26, 27, 28, 29, 30, 31, 32, 33, 34, 35, 36, 37, 38, 39, 40, 41, 42, 43, 44, 45, 46, 47, 48, 49, 50, 51, 52, 53, 54, 55, 56, 57, 58, 59, 60, 61, 62, 63, 64, 65, 66, 67, 68, 69, 70, 71, 72, 73, 74, 75, 76, 77, 78, 79, 80, 81, 82, 83, 84, 85, 86, 87, 88, 89, 90, 91, 92, 93, 94, 95, 96, 97, 98, 99, 100, 101, 102, 103, 104, 105, 106, 107, 108, 109, 110, 111, 112, 113, 114, 115, 116, 117, 118, 119, 120, 121]
V_p: [2, 3, 4, 5, 6, 7, 8, 9, 10, 11, 12, 13, 14, 15, 16, 17, 18, 19, 20, 21, 22, 23, 24, 25, 26, 27, 28, 29, 30, 31, 32, 33, 34, 35, 36, 37, 38, 39, 40, 41, 42, 43, 44, 45, 46, 47, 48, 49, 50, 51, 52, 53, 54, 55, 56, 57, 58, 59, 60, 61]
V_d: [62, 63, 64, 65, 66, 67, 68, 69, 70, 71, 72, 73, 74, 75, 76, 77, 78, 79, 80, 81, 82, 83, 84, 85, 86, 87, 88, 89, 90, 91, 92, 93, 94, 95, 96, 97, 98, 99, 100, 101, 102, 103, 104, 105, 106, 107, 108, 109, 110, 111, 112, 113, 114, 115, 116, 117, 118, 119, 120, 121]
Vprime: [1, 2, 3, 4, 5, 6, 7, 8, 9, 10, 11, 12, 13, 14, 15, 16, 17, 18, 19, 20, 21, 22, 23, 24, 25, 26, 27, 28, 29, 30, 31, 32, 33, 34, 35, 36, 37, 38, 39, 40, 41, 42, 43, 44, 45, 46, 47, 48, 49, 50, 51, 52, 53, 54, 55, 56, 57, 58, 59, 60, 61, 62, 63, 64, 65, 66, 67, 68, 69, 70, 71, 72, 73, 74, 75, 76, 77, 78, 79, 80, 81, 82, 83, 84, 85, 86, 87, 88, 89, 90, 91, 92, 93, 94, 95, 96, 97, 98, 99, 100, 101, 102, 103, 104, 105, 106, 107, 108, 109, 110, 111, 112, 113, 114, 115, 116, 117, 118, 119, 120, 121, 122]
V: [1, 2, 3, 4, 5, 6, 7, 8, 9, 10, 11, 12, 13, 14, 15, 16, 17, 18, 19, 20, 21, 22, 23, 24, 25, 26, 27, 28, 29, 30, 31, 32, 33, 34, 35, 36, 37, 38, 39, 40, 41, 42, 43, 44, 45, 46, 47, 48, 49, 50, 51, 52, 53, 54, 55, 56, 57, 58, 59, 60, 61, 62, 63, 64, 65, 66, 67, 68, 69, 70, 71, 72, 73, 74, 75, 76, 77, 78, 79, 80, 81, 82, 83, 84, 85, 86, 87, 88, 89, 90, 91, 92, 93, 94, 95, 96, 97, 98, 99, 100, 101, 102, 103, 104, 105, 106, 107, 108, 109, 110, 111, 112, 113, 114, 115, 116, 117, 118, 119, 120, 121]
q: [0, 34, 8, 39, 19, 22, 23, 18, 16, 15, 13, 13, 11, 7, 43, 18, 9, 12, 7, 18, 33, 17, 15, 9, 30, 17, 25, 18, 23, 9, 31, 24, 9, 12, 1, 36, 17, 23, 20, 32, 16, 37, 4, 23, 25, 18, 16, 26, 20, 34, 13, 14, 29, 22, 27, 5, 18, 25, 41, 20, 19, -34, -8, -39, -19, -22, -23, -18, -16, -15, -13, -13, -11, -7, -43, -18, -9, -12, -7, -18, -33, -17, -15, -9, -30, -17, -25, -18, -23, -9, -31, -24, -9, -12, -1, -36, -17, -23, -20, -32, -16, -37, -4, -23, -25, -18, -16, -26, -20, -34, -13, -14, -29, -22, -27, -5, -18, -25, -41, -20, -19, 0]
H: [1, 2, 3, 4, 5, 6]
f: [[1, 1, 1, 1, 1, 1], [2, 2, 2, 2, 2, 2], [2, 2, 2, 2, 2, 2], [2, 2, 2, 2, 2, 2], [1, 1, 1, 1, 1, 1], [2, 2, 2, 2, 2, 2], [1, 1, 1, 1, 1, 1], [2, 2, 2, 2, 2, 2], [1, 1, 1, 1, 1, 1], [2, 2, 2, 2, 2, 2], [1, 1, 1, 1, 1, 1], [2, 2, 2, 2, 2, 2], [1, 1, 1, 1, 1, 1], [1, 1, 1, 1, 1, 1], [2, 2, 2, 2, 2, 2], [1, 1, 1, 1, 1, 1], [1, 1, 1, 1, 1, 1], [1, 1, 1, 1, 1, 1], [1, 1, 1, 1, 1, 1], [2, 2, 2, 2, 2, 2], [1, 1, 1, 1, 1, 1], [2, 2, 2, 2, 2, 2], [1, 1, 1, 1, 1, 1], [2, 2, 2, 2, 2, 2], [1, 1, 1, 1, 1, 1], [1, 1, 1, 1, 1, 1], [2, 2, 2, 2, 2, 2], [2, 2, 2, 2, 2, 2], [2, 2, 2, 2, 2, 2], [1, 1, 1, 1, 1, 1], [1, 1, 1, 1, 1, 1], [1, 1, 1, 1, 1, 1], [1, 1, 1, 1, 1, 1], [2, 2, 2, 2, 2, 2], [2, 2, 2, 2, 2, 2], [2, 2, 2, 2, 2, 2], [2, 2, 2, 2, 2, 2], [1, 1, 1, 1, 1, 1], [1, 1, 1, 1, 1, 1], [1, 1, 1, 1, 1, 1], [2, 2, 2, 2, 2, 2], [2, 2, 2, 2, 2, 2], [1, 1, 1, 1, 1, 1], [1, 1, 1, 1, 1, 1], [1, 1, 1, 1, 1, 1], [2, 2, 2, 2, 2, 2], [1, 1, 1, 1, 1, 1], [1, 1, 1, 1, 1, 1], [1, 1, 1, 1, 1, 1], [1, 1, 1, 1, 1, 1], [1, 1, 1, 1, 1, 1], [1, 1, 1, 1, 1, 1], [2, 2, 2, 2, 2, 2], [1, 1, 1, 1, 1, 1], [2, 2, 2, 2, 2, 2], [2, 2, 2, 2, 2, 2], [2, 2, 2, 2, 2, 2], [1, 1, 1, 1, 1, 1], [2, 2, 2, 2, 2, 2], [1, 1, 1, 1, 1, 1], [2, 2, 2, 2, 2, 2], [2, 2, 2, 2, 2, 2], [2, 2, 2, 2, 2, 2], [2, 2, 2, 2, 2, 2], [1, 1, 1, 1, 1, 1], [2, 2, 2, 2, 2, 2], [1, 1, 1, 1, 1, 1], [2, 2, 2, 2, 2, 2], [1, 1, 1, 1, 1, 1], [2, 2, 2, 2, 2, 2], [1, 1, 1, 1, 1, 1], [2, 2, 2, 2, 2, 2], [1, 1, 1, 1, 1, 1], [1, 1, 1, 1, 1, 1], [2, 2, 2, 2, 2, 2], [1, 1, 1, 1, 1, 1], [1, 1, 1, 1, 1, 1], [1, 1, 1, 1, 1, 1], [1, 1, 1, 1, 1, 1], [1, 1, 1, 1, 1, 1], [1, 1, 1, 1, 1, 1], [2, 2, 2, 2, 2, 2], [1, 1, 1, 1, 1, 1], [2, 2, 2, 2, 2, 2], [1, 1, 1, 1, 1, 1], [1, 1, 1, 1, 1, 1], [2, 2, 2, 2, 2, 2], [2, 2, 2, 2, 2, 2], [2, 2, 2, 2, 2, 2], [1, 1, 1, 1, 1, 1], [1, 1, 1, 1, 1, 1], [1, 1, 1, 1, 1, 1], [1, 1, 1, 1, 1, 1], [2, 2, 2, 2, 2, 2], [2, 2, 2, 2, 2, 2], [2, 2, 2, 2, 2, 2], [2, 2, 2, 2, 2, 2], [1, 1, 1, 1, 1, 1], [1, 1, 1, 1, 1, 1], [1, 1, 1, 1, 1, 1], [1, 1, 1, 1, 1, 1], [2, 2, 2, 2, 2, 2], [2, 2, 2, 2, 2, 2], [1, 1, 1, 1, 1, 1], [1, 1, 1, 1, 1, 1], [2, 2, 2, 2, 2, 2], [1, 1, 1, 1, 1, 1], [1, 1, 1, 1, 1, 1], [1, 1, 1, 1, 1, 1], [1, 1, 1, 1, 1, 1], [1, 1, 1, 1, 1, 1], [1, 1, 1, 1, 1, 1], [1, 1, 1, 1, 1, 1], [2, 2, 2, 2, 2, 2], [2, 2, 2, 2, 2, 2], [2, 2, 2, 2, 2, 2], [2, 2, 2, 2, 2, 2], [1, 1, 1, 1, 1, 1], [2, 2, 2, 2, 2, 2], [1, 1, 1, 1, 1, 1], [1, 1, 1, 1, 1, 1], [1, 1, 1, 1, 1, 1]]
1 1 1 -> 0.0
1 2 1 -> 12.04
2 1 1 -> 12.04
2 2 1 -> 0.0
1 1 2 -> 0.0
1 2 2 -> 8.06
2 1 2 -> 8.06
2 2 2 -> 0.0
1 1 3 -> 0.0
1 2 3 -> 6.32
2 1 3 -> 6.32
2 2 3 -> 0.0
1 1 4 -> 0.0
1 2 4 -> 8.25
2 1 4 -> 8.25
2 2 4 -> 0.0
1 1 5 -> 0.0
1 2 5 -> 12.81
2 1 5 -> 12.81
2 2 5 -> 0.0
1 1 6 -> 0.0
1 2 6 -> 18.38
2 1 6 -> 18.38
2 2 6 -> 0.0
o: (1, 2, 1) => 12.04
o: (1, 2, 5) => 12.81
o: (1, 2, 3) => 6.32
o: (1, 1, 2) => 0.0
o: (2, 2, 6) => 0.0
o: (2, 1, 4) => 8.25
o: (1, 2, 2) => 8.06
o: (1, 1, 6) => 0.0
o: (2, 1, 1) => 12.04
o: (2, 1, 5) => 12.81
o: (2, 1, 3) => 6.32
o: (2, 2, 4) => 0.0
o: (1, 2, 6) => 18.38
o: (2, 2, 1) => 0.0
o: (2, 2, 5) => 0.0
o: (2, 2, 3) => 0.0
o: (2, 1, 2) => 8.06
o: (1, 1, 4) => 0.0
o: (1, 1, 1) => 0.0
o: (1, 1, 5) => 0.0
o: (1, 1, 3) => 0.0
o: (1, 2, 4) => 8.25
o: (2, 2, 2) => 0.0
o: (2, 1, 6) => 18.38

[130, 828, 818, 743, 733, 751, 672, 20]
JOBS in the order of refs (Vprime)
Node 1: Job(0, Point(70, 70, 0), 0, 0, 634, 0, 0, 0)
Node 2: Job(1, Point(107, 77, 1), 34, 37, 67, 10, 0, 113)
Node 3: Job(2, Point(109, 139, 1), 8, 113, 143, 10, 0, 48)
Node 4: Job(3, Point(120, 22, 1), 39, 114, 144, 10, 0, 5)
Node 5: Job(4, Point(48, 47, 0), 19, 31, 61, 10, 0, 125)
Node 6: Job(7, Point(86, 40, 1), 22, 34, 64, 10, 0, 133)
Node 7: Job(10, Point(40, 113, 0), 23, 477, 507, 10, 0, 59)
Node 8: Job(11, Point(129, 24, 1), 18, 335, 365, 10, 0, 61)
Node 9: Job(12, Point(12, 84, 0), 16, 199, 229, 10, 0, 82)
Node 10: Job(14, Point(102, 52, 1), 15, 159, 189, 10, 0, 103)
Node 11: Job(15, Point(41, 36, 0), 13, 51, 81, 10, 0, 54)
Node 12: Job(18, Point(104, 54, 1), 13, 53, 83, 10, 0, 49)
Node 13: Job(19, Point(22, 104, 0), 11, 231, 261, 10, 0, 114)
Node 14: Job(20, Point(46, 133, 0), 7, 76, 106, 10, 0, 97)
Node 15: Job(21, Point(138, 78, 1), 43, 202, 232, 10, 0, 148)
Node 16: Job(23, Point(18, 104, 0), 18, 337, 367, 10, 0, 22)
Node 17: Job(32, Point(54, 106, 0), 9, 294, 324, 10, 0, 24)
Node 18: Job(33, Point(30, 21, 0), 12, 322, 352, 10, 0, 190)
Node 19: Job(34, Point(63, 129, 0), 7, 206, 236, 10, 0, 62)
Node 20: Job(36, Point(108, 30, 1), 18, 96, 126, 10, 0, 9)
Node 21: Job(37, Point(37, 73, 0), 33, 336, 366, 10, 0, 174)
Node 22: Job(41, Point(81, 36, 1), 17, 62, 92, 10, 0, 150)
Node 23: Job(43, Point(13, 48, 0), 15, 420, 450, 10, 0, 110)
Node 24: Job(44, Point(113, 35, 1), 9, 55, 85, 10, 0, 79)
Node 25: Job(46, Point(44, 58, 0), 30, 28, 58, 10, 0, 127)
Node 26: Job(47, Point(8, 87, 0), 17, 401, 431, 10, 0, 108)
Node 27: Job(51, Point(139, 68, 1), 25, 78, 108, 10, 0, 26)
Node 28: Job(53, Point(103, 119, 1), 18, 334, 364, 10, 0, 192)
Node 29: Job(55, Point(89, 39, 1), 23, 36, 66, 10, 0, 160)
Node 30: Job(56, Point(54, 41, 0), 9, 281, 311, 10, 0, 39)
Node 31: Job(57, Point(39, 100, 0), 31, 66, 96, 10, 0, 102)
Node 32: Job(58, Point(5, 99, 0), 24, 324, 354, 10, 0, 74)
Node 33: Job(60, Point(73, 96, 0), 9, 166, 196, 10, 0, 84)
Node 34: Job(63, Point(103, 44, 1), 12, 42, 72, 10, 0, 130)
Node 35: Job(66, Point(140, 36, 1), 1, 176, 206, 10, 0, 131)
Node 36: Job(68, Point(113, 32, 1), 36, 144, 174, 10, 0, 64)
Node 37: Job(69, Point(104, 73, 1), 17, 249, 279, 10, 0, 154)
Node 38: Job(71, Point(15, 4, 0), 23, 101, 131, 10, 0, 175)
Node 39: Job(72, Point(54, 33, 0), 20, 40, 70, 10, 0, 153)
Node 40: Job(73, Point(70, 94, 0), 32, 24, 54, 10, 0, 30)
Node 41: Job(76, Point(109, 131, 1), 16, 226, 256, 10, 0, 40)
Node 42: Job(81, Point(85, 75, 1), 37, 15, 45, 10, 0, 50)
Node 43: Job(87, Point(79, 80, 0), 4, 13, 43, 10, 0, 8)
Node 44: Job(89, Point(28, 62, 0), 23, 196, 226, 10, 0, 141)
Node 45: Job(90, Point(50, 106, 0), 25, 320, 350, 10, 0, 52)
Node 46: Job(92, Point(120, 102, 1), 18, 97, 127, 10, 0, 122)
Node 47: Job(95, Point(19, 120, 0), 16, 261, 291, 10, 0, 65)
Node 48: Job(96, Point(18, 70, 0), 26, 391, 421, 10, 0, 29)
Node 49: Job(99, Point(69, 115, 0), 20, 215, 245, 10, 0, 38)
Node 50: Job(100, Point(36, 124, 0), 34, 234, 264, 10, 0, 177)
Node 51: Job(104, Point(38, 122, 0), 13, 234, 264, 10, 0, 77)
Node 52: Job(106, Point(29, 60, 0), 14, 42, 72, 10, 0, 94)
Node 53: Job(109, Point(83, 12, 1), 29, 230, 260, 10, 0, 70)
Node 54: Job(112, Point(78, 111, 0), 22, 41, 71, 10, 0, 146)
Node 55: Job(115, Point(137, 137, 1), 27, 100, 130, 10, 0, 16)
Node 56: Job(117, Point(116, 13, 1), 5, 73, 103, 10, 0, 86)
Node 57: Job(120, Point(120, 60, 1), 18, 54, 84, 10, 0, 78)
Node 58: Job(121, Point(85, 111, 0), 25, 253, 283, 10, 0, 88)
Node 59: Job(123, Point(137, 84, 1), 41, 104, 134, 10, 0, 156)
Node 60: Job(129, Point(23, 39, 0), 20, 352, 382, 10, 0, 186)
Node 61: Job(132, Point(78, 63, 1), 19, 17, 47, 10, 0, 119)
Node 62: Job(113, Point(116, 83, 1), -34, 179, 209, 10, 1, 0)
Node 63: Job(48, Point(116, 105, 1), -8, 144, 174, 10, 2, 0)
Node 64: Job(5, Point(116, 22, 1), -39, 138, 168, 10, 3, 0)
Node 65: Job(125, Point(30, 57, 0), -19, 230, 260, 10, 4, 0)
Node 66: Job(133, Point(98, 4, 1), -22, 178, 208, 10, 7, 0)
Node 67: Job(59, Point(67, 96, 0), -23, 492, 522, 10, 10, 0)
Node 68: Job(61, Point(112, 13, 1), -18, 524, 554, 10, 11, 0)
Node 69: Job(82, Point(10, 86, 0), -16, 411, 441, 10, 12, 0)
Node 70: Job(103, Point(103, 82, 1), -15, 326, 356, 10, 14, 0)
Node 71: Job(54, Point(32, 52, 0), -13, 151, 181, 10, 15, 0)
Node 72: Job(49, Point(117, 4, 1), -13, 418, 448, 10, 18, 0)
Node 73: Job(114, Point(29, 94, 0), -11, 277, 307, 10, 19, 0)
Node 74: Job(97, Point(58, 80, 0), -7, 460, 490, 10, 20, 0)
Node 75: Job(148, Point(123, 84, 1), -43, 416, 446, 10, 21, 0)
Node 76: Job(22, Point(16, 92, 0), -18, 359, 389, 10, 23, 0)
Node 77: Job(24, Point(66, 82, 0), -9, 501, 531, 10, 32, 0)
Node 78: Job(190, Point(33, 0, 0), -12, 482, 512, 10, 33, 0)
Node 79: Job(62, Point(55, 127, 0), -7, 258, 288, 10, 34, 0)
Node 80: Job(9, Point(61, 57, 0), -18, 375, 405, 10, 36, 0)
Node 81: Job(174, Point(37, 79, 0), -33, 428, 458, 10, 37, 0)
Node 82: Job(150, Point(99, 34, 1), -17, 76, 106, 10, 41, 0)
Node 83: Job(110, Point(34, 72, 0), -15, 549, 579, 10, 43, 0)
Node 84: Job(79, Point(113, 45, 1), -9, 299, 329, 10, 44, 0)
Node 85: Job(127, Point(2, 106, 0), -30, 387, 417, 10, 46, 0)
Node 86: Job(108, Point(54, 78, 0), -17, 550, 580, 10, 47, 0)
Node 87: Job(26, Point(139, 73, 1), -25, 87, 117, 10, 51, 0)
Node 88: Job(192, Point(97, 115, 1), -18, 368, 398, 10, 53, 0)
Node 89: Job(160, Point(120, 14, 1), -23, 259, 289, 10, 55, 0)
Node 90: Job(39, Point(47, 83, 0), -9, 318, 348, 10, 56, 0)
Node 91: Job(102, Point(17, 138, 0), -31, 433, 463, 10, 57, 0)
Node 92: Job(74, Point(35, 90, 0), -24, 446, 476, 10, 58, 0)
Node 93: Job(84, Point(46, 112, 0), -9, 286, 316, 10, 60, 0)
Node 94: Job(130, Point(126, 23, 1), -12, 263, 293, 10, 63, 0)
Node 95: Job(131, Point(138, 24, 1), -1, 180, 210, 10, 66, 0)
Node 96: Job(64, Point(97, 12, 1), -36, 206, 236, 10, 68, 0)
Node 97: Job(154, Point(86, 80, 1), -17, 374, 404, 10, 69, 0)
Node 98: Job(175, Point(60, 54, 0), -23, 239, 269, 10, 71, 0)
Node 99: Job(153, Point(32, 6, 0), -20, 95, 125, 10, 72, 0)
Node 100: Job(30, Point(64, 132, 0), -32, 62, 92, 10, 73, 0)
Node 101: Job(40, Point(92, 138, 0), -16, 402, 432, 10, 76, 0)
Node 102: Job(50, Point(140, 42, 1), -37, 101, 131, 10, 81, 0)
Node 103: Job(8, Point(121, 124, 1), -4, 150, 180, 10, 87, 0)
Node 104: Job(141, Point(26, 50, 0), -23, 387, 417, 10, 89, 0)
Node 105: Job(52, Point(58, 95, 0), -25, 485, 515, 10, 90, 0)
Node 106: Job(122, Point(121, 123, 1), -18, 257, 287, 10, 92, 0)
Node 107: Job(65, Point(16, 62, 0), -16, 396, 426, 10, 95, 0)
Node 108: Job(29, Point(20, 69, 0), -26, 378, 408, 10, 96, 0)
Node 109: Job(38, Point(50, 112, 0), -20, 232, 262, 10, 99, 0)
Node 110: Job(177, Point(13, 129, 0), -34, 351, 381, 10, 100, 0)
Node 111: Job(77, Point(10, 111, 0), -13, 493, 523, 10, 104, 0)
Node 112: Job(94, Point(4, 71, 0), -14, 160, 190, 10, 106, 0)
Node 113: Job(70, Point(36, 38, 0), -29, 438, 468, 10, 109, 0)
Node 114: Job(146, Point(107, 102, 1), -22, 219, 249, 10, 112, 0)
Node 115: Job(16, Point(132, 133, 1), -27, 140, 170, 10, 115, 0)
Node 116: Job(86, Point(137, 7, 1), -5, 156, 186, 10, 117, 0)
Node 117: Job(78, Point(138, 105, 1), -18, 403, 433, 10, 120, 0)
Node 118: Job(88, Point(69, 116, 0), -25, 344, 374, 10, 121, 0)
Node 119: Job(156, Point(135, 65, 1), -41, 339, 369, 10, 123, 0)
Node 120: Job(186, Point(15, 18, 0), -20, 400, 430, 10, 129, 0)
Node 121: Job(119, Point(71, 70, 0), -19, 480, 510, 10, 132, 0)
Node 122: Job(0, Point(70, 70, 0), 0, 0, 634, 0, 0, 0)

### Preprocessing Data ###
	-> arcs: 14884 (100.0%)
	-> arc_removals: 12751 (85.67%)
	-> arc_removals_is_loop: 122 (0.82%)
	-> arc_removals_is_delivery_to_pickup: 62 (0.42%)
	-> arc_removals_is_depot_begin_to_delivery: 60 (0.4%)
	-> arc_removals_is_pickup_to_depot_end: 60 (0.4%)
	-> arc_removals_is_dest_depot_begin: 120 (0.81%)
	-> arc_removals_is_orig_depot_end: 119 (0.8%)
	-> arc_removals_is_capacity_violated: 0 (0.0%)
	-> arc_removals_is_time_window_limited: 8570 (57.58%)
	-> arc_removals_is_time_window_pairing_limited: 3394 (22.8%)
	-> arc_removals_is_indirect_request_service_impossible: 244 (1.64%)
	-> gamma_vars: 0 (0%)
	-> feas_gamma_vars: 0 (0%)
	-> infeas_gamma_vars_is_next_mtrv_unreachable: 0 (0%)
	-> infeas_gamma_vars_is_iprime_jprime_eq_i_j: 0 (0%)
	-> machine_removal_for_an_arc: 0 (0.0%)
##########################

[13:01:34.766] Print configuration
------------------------------------------------------
"
[13:01:34.766] Running Multi Start Heuristic"
> Experiment started at 2025-10-16T13:01:34.766
> Instance: LR1_2_5_t1_60R_60V_02I_06M
> Algorithm Parameters:


	>Stop params:
		>  - rule ITERATIONS
		>  - argument 60000.0
		>  - maximum_time 3600

	>General params:
		>  - instPath /dados/rmelo/PDPTW-SE/benchmark_multi_island_v5/official_experiments/multistartlp/official/set_01_pt_02/../../../../instances/orig_ams_fg/60R_60V_02I_06M/t1/LR1_2_5/
		>  - name LR1_2_5
		>  - type t1
		>  - group 60R_60V_02I_06M
		>  - fullname LR1_2_5_t1_60R_60V_02I_06M
		>  - methodType heur
		>  - methodCode mslp
		>  - genconfigfile /dados/rmelo/PDPTW-SE/benchmark_multi_island_v5/official_experiments/multistartlp/official/set_01_pt_02/configs/genconfig_mslp.conf
		>  - genconfigfilename genconfig_mslp
		>  - greedy_service_order random
		>  - cutoff 0
		>  - cutoffmachs 6
		>  - num_machs 0
		>  - solver Gurobi
		>  - maxtime 3600
		>  - gurobiCuts 1
		>  - typeUserCut 0
		>  - mipPresolve -1
		>  - printsol 1
		>  - maxnodes -1
		>  - elevator 0
		>  - make_instance_feasible false
		>  - output /dados/rmelo/PDPTW-SE/benchmark_multi_island_v5/official_experiments/multistartlp/official/set_01_pt_02/logs
		>  - suff_outputs _seed_126
		>  - suff_csv _bash_2
		>  - epsilon 0.005
		>  - epsilonCap 0.5
		>  - warmStart false
		>  - seed 126
		>  - rng Random.MersenneTwister(126)
		>  - alpha 0.05
		>  - maxiter 1000000
		>  - outputFlagGrbMIP 0
		>  - outputFlagGrbMSLP 0
		>  - outputFlagGrbLMNS 0
		>  - mslpr I
		>  - mslpa 60000
		>  - lmnsr M
		>  - lmnsa 60
		>  - lmnsRepairTime 30.0
		>  - lmnsMIPFocus 0
		>  - lmnsGapToBiggerDestruction 50
		>  - lmnsGapToSmallerDestruction 95
		>  - lmnsWeightShawDistProx 1.0
		>  - lmnsWeightShawEarlProx 1.0
		>  - lmnsWeightShawSameRoute 1.0
		>  - lmnsWeightShawDemandSim 1.0
		>  - lmnsReqRApplyMIPStart true
		>  - lmnsAcceptanceCriteria H
		>  - lmnsMetropolisTemp 100.0
		>  - lmnsSimulatedAnnealingTemp 100.0
		>  - lmnsSimulatedAnnealingCool 0.95
		>  - mipmaxtime 3600
		>  - csvfilename /dados/rmelo/PDPTW-SE/benchmark_multi_island_v5/official_experiments/multistartlp/official/set_01_pt_02/logs/heur_mslp/outputs/csvresults_heur_mslp_bash_2.csv
		>  - solfilename /dados/rmelo/PDPTW-SE/benchmark_multi_island_v5/official_experiments/multistartlp/official/set_01_pt_02/logs/heur_mslp/solutions/60R_60V_02I_06M/LR1_2_5_sol_genconfig_mslp_seed_126.txt
		>  - timelineFilename /dados/rmelo/PDPTW-SE/benchmark_multi_island_v5/official_experiments/multistartlp/official/set_01_pt_02/logs/heur_mslp/timelines/60R_60V_02I_06M/LR1_2_5_timeline_genconfig_mslp_seed_126.txt
		>  - grbFilename /dados/rmelo/PDPTW-SE/benchmark_multi_island_v5/official_experiments/multistartlp/official/set_01_pt_02/logs/heur_mslp/gurobi/60R_60V_02I_06M/LR1_2_5_grb_genconfig_mslp_seed_126.log
		>  - threads 1
		>  - solverMethod AUTOMATIC

------------------------------------------------------

[13:01:34.875] Starting running MSLP
objValue;greedysol;iteration;time
8538.15;9144.31;1;0.023195
8529.79;9136.34;3;0.344219
8523.15;9028.88;4;0.398049
8481.90;9021.36;18;0.873177
8379.54;8828.76;22;0.959720
8194.56;8909.41;36;1.212159
7985.25;8412.22;86;2.071843
7934.70;8246.10;586;10.760395
7905.91;8243.93;797;14.538256
7622.64;7856.26;1042;18.925671
7487.37;7895.11;12123;211.973796
7478.07;7949.73;21786;380.600123

[13:19:22.099] Finished running MSLP
System CPU time: 11.44 seconds

[13:19:22.17] Post running MSLP
Best solution value: 7478.07
Total time elapsed: 1049.816137
Time to best: 380.600123
Iterations: 60000
Iterations to best: 21786
Improvements: 12
Infeasible solutions percentage: (39761 / 60000) = 66.2683 %
(LP improvements)/(LP runs) = 20239/20239 = 100.0000 %
Mean LP improvement percentage: 5.6683 %
[13:19:22.418] Writing results to CSV file: /dados/rmelo/PDPTW-SE/benchmark_multi_island_v5/official_experiments/multistartlp/official/set_01_pt_02/logs/heur_mslp/outputs/csvresults_heur_mslp_bash_2.csv

[13:19:24.494] Saving solution to file:/dados/rmelo/PDPTW-SE/benchmark_multi_island_v5/official_experiments/multistartlp/official/set_01_pt_02/logs/heur_mslp/solutions/60R_60V_02I_06M/LR1_2_5_sol_genconfig_mslp_seed_126.txt

[13:19:24.494] Saving solution timeline to file: /dados/rmelo/PDPTW-SE/benchmark_multi_island_v5/official_experiments/multistartlp/official/set_01_pt_02/logs/heur_mslp/timelines/60R_60V_02I_06M/LR1_2_5_timeline_genconfig_mslp_seed_126.txt
---------------------| VEHICLES |---------------------

Vehicle 1 :
	id: 0
		node: 1
		(x, y, z): (70, 70, 0)
		dem: 0
		earl: 0
		lat: 634
		servt: 0
		pid: 0
		did: 0
		servST: 16.519999999999996
		(h, h_ind): (-1, 0)
		load: 0.0

	Finished service at time: 16.519999999999996

	Using Machine: 2
		Task 0 -> Machine 2 (Station 1): 5.83
		Vehicle arrival at machine station: 22.349999999999994
		Waiting time until machine travel: 0.0

		Machine travel start time: 22.349999999999994
		Region 0 -> Region 1: 6.32
		Machine arrival at machine station: 28.669999999999995

		Machine 2 (Station 2)-> Task 132: 8.54
		Vehicle arrival at task: 37.209999999999994
		Waiting time until service start time: 0.0

	id: 132
		node: 61
		(x, y, z): (78, 63, 1)
		dem: 19
		earl: 17
		lat: 47
		servt: 10
		pid: 0
		did: 119
		servST: 37.209999999999994
		(h, h_ind): (2, 2)
		load: 19.0

	Finished service at time: 47.209999999999994

	Task 132 -> Task 2: 82.08
	Vehicle arrival at task: 129.29
	Waiting time until service start time: 0.0

	id: 2
		node: 3
		(x, y, z): (109, 139, 1)
		dem: 8
		earl: 113
		lat: 143
		servt: 10
		pid: 0
		did: 48
		servST: 129.29
		(h, h_ind): (-1, 0)
		load: 27.0

	Finished service at time: 139.29

	Task 2 -> Task 48: 34.71
	Vehicle arrival at task: 174.0
	Waiting time until service start time: 0.0

	id: 48
		node: 63
		(x, y, z): (116, 105, 1)
		dem: -8
		earl: 144
		lat: 174
		servt: 10
		pid: 2
		did: 0
		servST: 174.0
		(h, h_ind): (-1, 0)
		load: 19.0

	Finished service at time: 184.0

	Using Machine: 2
		Task 48 -> Machine 2 (Station 2): 48.8
		Vehicle arrival at machine station: 232.8
		Waiting time until machine travel: 0.0

		Machine travel start time: 232.8
		Region 1 -> Region 0: 6.32
		Machine arrival at machine station: 239.12

		Machine 2 (Station 1)-> Task 121: 39.29
		Vehicle arrival at task: 278.41
		Waiting time until service start time: 4.59

	id: 121
		node: 58
		(x, y, z): (85, 111, 0)
		dem: 25
		earl: 253
		lat: 283
		servt: 10
		pid: 0
		did: 88
		servST: 283.0
		(h, h_ind): (2, 5)
		load: 44.0

	Finished service at time: 293.0

	Task 121 -> Task 88: 16.76
	Vehicle arrival at task: 309.76
	Waiting time until service start time: 34.24

	id: 88
		node: 118
		(x, y, z): (69, 116, 0)
		dem: -25
		earl: 344
		lat: 374
		servt: 10
		pid: 121
		did: 0
		servST: 344.0
		(h, h_ind): (-1, 0)
		load: 19.0

	Finished service at time: 354.0

	Task 88 -> Task 119: 46.04
	Vehicle arrival at task: 400.04
	Waiting time until service start time: 79.96

	id: 119
		node: 121
		(x, y, z): (71, 70, 0)
		dem: -19
		earl: 480
		lat: 510
		servt: 10
		pid: 132
		did: 0
		servST: 480.0
		(h, h_ind): (-1, 0)
		load: 0.0

	Finished service at time: 490.0

	Task 119 -> Task 0: 1.0
	Vehicle arrival at task: 491.0
	Waiting time until service start time: 0.0

	id: 0
		node: 122
		(x, y, z): (70, 70, 0)
		dem: 0
		earl: 0
		lat: 634
		servt: 0
		pid: 0
		did: 0
		servST: 491.0
		(h, h_ind): (-1, 0)
		load: 0.0


Vehicle 2 :
	id: 0
		node: 1
		(x, y, z): (70, 70, 0)
		dem: 0
		earl: 0
		lat: 634
		servt: 0
		pid: 0
		did: 0
		servST: 7.040000000000001
		(h, h_ind): (-1, 0)
		load: 0.0

	Finished service at time: 7.040000000000001

	Using Machine: 0
		Task 0 -> Machine 0 (Station 1): 11.31
		Vehicle arrival at machine station: 18.35
		Waiting time until machine travel: 0.0

		Machine travel start time: 18.35
		Region 0 -> Region 1: 12.04
		Machine arrival at machine station: 30.39

		Machine 0 (Station 2)-> Task 63: 32.56
		Vehicle arrival at task: 62.95
		Waiting time until service start time: 0.0

	id: 63
		node: 34
		(x, y, z): (103, 44, 1)
		dem: 12
		earl: 42
		lat: 72
		servt: 10
		pid: 0
		did: 130
		servST: 62.95
		(h, h_ind): (0, 1)
		load: 12.0

	Finished service at time: 72.95

	Task 63 -> Task 18: 10.05
	Vehicle arrival at task: 83.0
	Waiting time until service start time: 0.0

	id: 18
		node: 12
		(x, y, z): (104, 54, 1)
		dem: 13
		earl: 53
		lat: 83
		servt: 10
		pid: 0
		did: 49
		servST: 83.0
		(h, h_ind): (-1, 0)
		load: 25.0

	Finished service at time: 93.0

	Task 18 -> Task 3: 35.78
	Vehicle arrival at task: 128.78
	Waiting time until service start time: 10.78

	id: 3
		node: 4
		(x, y, z): (120, 22, 1)
		dem: 39
		earl: 114
		lat: 144
		servt: 10
		pid: 0
		did: 5
		servST: 139.56
		(h, h_ind): (-1, 0)
		load: 64.0

	Finished service at time: 149.56

	Task 3 -> Task 5: 4.0
	Vehicle arrival at task: 153.56
	Waiting time until service start time: 0.0

	id: 5
		node: 64
		(x, y, z): (116, 22, 1)
		dem: -39
		earl: 138
		lat: 168
		servt: 10
		pid: 3
		did: 0
		servST: 153.56
		(h, h_ind): (-1, 0)
		load: 25.0

	Finished service at time: 163.56

	Task 5 -> Task 68: 10.44
	Vehicle arrival at task: 174.0
	Waiting time until service start time: 0.0

	id: 68
		node: 36
		(x, y, z): (113, 32, 1)
		dem: 36
		earl: 144
		lat: 174
		servt: 10
		pid: 0
		did: 64
		servST: 174.0
		(h, h_ind): (-1, 0)
		load: 61.0

	Finished service at time: 184.0

	Task 68 -> Task 64: 25.61
	Vehicle arrival at task: 209.61
	Waiting time until service start time: 26.39

	id: 64
		node: 96
		(x, y, z): (97, 12, 1)
		dem: -36
		earl: 206
		lat: 236
		servt: 10
		pid: 68
		did: 0
		servST: 236.0
		(h, h_ind): (-1, 0)
		load: 25.0

	Finished service at time: 246.0

	Task 64 -> Task 130: 31.02
	Vehicle arrival at task: 277.02
	Waiting time until service start time: 15.98

	id: 130
		node: 94
		(x, y, z): (126, 23, 1)
		dem: -12
		earl: 263
		lat: 293
		servt: 10
		pid: 63
		did: 0
		servST: 293.0
		(h, h_ind): (-1, 0)
		load: 13.0

	Finished service at time: 303.0

	Task 130 -> Task 11: 3.16
	Vehicle arrival at task: 306.16
	Waiting time until service start time: 28.84

	id: 11
		node: 8
		(x, y, z): (129, 24, 1)
		dem: 18
		earl: 335
		lat: 365
		servt: 10
		pid: 0
		did: 61
		servST: 335.0
		(h, h_ind): (-1, 0)
		load: 31.0

	Finished service at time: 345.0

	Task 11 -> Task 49: 23.32
	Vehicle arrival at task: 368.32
	Waiting time until service start time: 49.68

	id: 49
		node: 72
		(x, y, z): (117, 4, 1)
		dem: -13
		earl: 418
		lat: 448
		servt: 10
		pid: 18
		did: 0
		servST: 418.0
		(h, h_ind): (-1, 0)
		load: 18.0

	Finished service at time: 428.0

	Task 49 -> Task 61: 10.3
	Vehicle arrival at task: 438.3
	Waiting time until service start time: 85.7

	id: 61
		node: 68
		(x, y, z): (112, 13, 1)
		dem: -18
		earl: 524
		lat: 554
		servt: 10
		pid: 11
		did: 0
		servST: 524.0
		(h, h_ind): (-1, 0)
		load: 0.0

	Finished service at time: 534.0

	Using Machine: 2
		Task 61 -> Machine 2 (Station 2): 65.76
		Vehicle arrival at machine station: 599.76
		Waiting time until machine travel: 0.0

		Machine travel start time: 599.76
		Region 1 -> Region 0: 6.32
		Machine arrival at machine station: 606.08

		Machine 2 (Station 1)-> Task 0: 5.83
		Vehicle arrival at task: 611.9100000000001
		Waiting time until service start time: -0.0

	id: 0
		node: 122
		(x, y, z): (70, 70, 0)
		dem: 0
		earl: 0
		lat: 634
		servt: 0
		pid: 0
		did: 0
		servST: 611.91
		(h, h_ind): (2, 8)
		load: 0.0


Vehicle 10 :
	id: 0
		node: 1
		(x, y, z): (70, 70, 0)
		dem: 0
		earl: 0
		lat: 634
		servt: 0
		pid: 0
		did: 0
		servST: 9.3
		(h, h_ind): (-1, 0)
		load: 0.0

	Finished service at time: 9.3

	Using Machine: 5
		Task 0 -> Machine 5 (Station 1): 4.12
		Vehicle arrival at machine station: 13.420000000000002
		Waiting time until machine travel: 0.0

		Machine travel start time: 13.420000000000002
		Region 0 -> Region 1: 18.38
		Machine arrival at machine station: 31.8

		Machine 5 (Station 2)-> Task 81: 4.12
		Vehicle arrival at task: 35.92
		Waiting time until service start time: 0.0

	id: 81
		node: 42
		(x, y, z): (85, 75, 1)
		dem: 37
		earl: 15
		lat: 45
		servt: 10
		pid: 0
		did: 50
		servST: 35.92
		(h, h_ind): (5, 1)
		load: 37.0

	Finished service at time: 45.92

	Task 81 -> Task 120: 38.08
	Vehicle arrival at task: 84.0
	Waiting time until service start time: 0.0

	id: 120
		node: 57
		(x, y, z): (120, 60, 1)
		dem: 18
		earl: 54
		lat: 84
		servt: 10
		pid: 0
		did: 78
		servST: 84.0
		(h, h_ind): (-1, 0)
		load: 55.0

	Finished service at time: 94.0

	Task 120 -> Task 50: 26.91
	Vehicle arrival at task: 120.91
	Waiting time until service start time: 10.09

	id: 50
		node: 102
		(x, y, z): (140, 42, 1)
		dem: -37
		earl: 101
		lat: 131
		servt: 10
		pid: 81
		did: 0
		servST: 131.0
		(h, h_ind): (-1, 0)
		load: 18.0

	Finished service at time: 141.0

	Task 50 -> Task 21: 36.06
	Vehicle arrival at task: 177.06
	Waiting time until service start time: 24.94

	id: 21
		node: 15
		(x, y, z): (138, 78, 1)
		dem: 43
		earl: 202
		lat: 232
		servt: 10
		pid: 0
		did: 148
		servST: 202.0
		(h, h_ind): (-1, 0)
		load: 61.0

	Finished service at time: 212.0

	Task 21 -> Task 78: 27.0
	Vehicle arrival at task: 239.0
	Waiting time until service start time: 164.0

	id: 78
		node: 117
		(x, y, z): (138, 105, 1)
		dem: -18
		earl: 403
		lat: 433
		servt: 10
		pid: 120
		did: 0
		servST: 403.0
		(h, h_ind): (-1, 0)
		load: 43.0

	Finished service at time: 413.0

	Task 78 -> Task 148: 25.81
	Vehicle arrival at task: 438.81
	Waiting time until service start time: 0.0

	id: 148
		node: 75
		(x, y, z): (123, 84, 1)
		dem: -43
		earl: 416
		lat: 446
		servt: 10
		pid: 21
		did: 0
		servST: 438.81
		(h, h_ind): (-1, 0)
		load: 0.0

	Finished service at time: 448.81

	Using Machine: 3
		Task 148 -> Machine 3 (Station 2): 42.45
		Vehicle arrival at machine station: 491.26
		Waiting time until machine travel: 0.0

		Machine travel start time: 491.26
		Region 1 -> Region 0: 8.25
		Machine arrival at machine station: 499.51

		Machine 3 (Station 1)-> Task 0: 4.12
		Vehicle arrival at task: 503.63
		Waiting time until service start time: 0.0

	id: 0
		node: 122
		(x, y, z): (70, 70, 0)
		dem: 0
		earl: 0
		lat: 634
		servt: 0
		pid: 0
		did: 0
		servST: 503.63
		(h, h_ind): (3, 8)
		load: 0.0


Vehicle 14 :
	id: 0
		node: 1
		(x, y, z): (70, 70, 0)
		dem: 0
		earl: 0
		lat: 634
		servt: 0
		pid: 0
		did: 0
		servST: 18.229999999999997
		(h, h_ind): (-1, 0)
		load: 0.0

	Finished service at time: 18.229999999999997

	Task 0 -> Task 46: 28.64
	Vehicle arrival at task: 46.87
	Waiting time until service start time: 0.0

	id: 46
		node: 25
		(x, y, z): (44, 58, 0)
		dem: 30
		earl: 28
		lat: 58
		servt: 10
		pid: 0
		did: 127
		servST: 46.87
		(h, h_ind): (-1, 0)
		load: 30.0

	Finished service at time: 56.87

	Task 46 -> Task 106: 15.13
	Vehicle arrival at task: 72.0
	Waiting time until service start time: 0.0

	id: 106
		node: 52
		(x, y, z): (29, 60, 0)
		dem: 14
		earl: 42
		lat: 72
		servt: 10
		pid: 0
		did: 94
		servST: 72.0
		(h, h_ind): (-1, 0)
		load: 44.0

	Finished service at time: 82.0

	Task 106 -> Task 94: 27.31
	Vehicle arrival at task: 109.31
	Waiting time until service start time: 50.69

	id: 94
		node: 112
		(x, y, z): (4, 71, 0)
		dem: -14
		earl: 160
		lat: 190
		servt: 10
		pid: 106
		did: 0
		servST: 160.0
		(h, h_ind): (-1, 0)
		load: 30.0

	Finished service at time: 170.0

	Task 94 -> Task 100: 61.91
	Vehicle arrival at task: 231.91
	Waiting time until service start time: 2.09

	id: 100
		node: 50
		(x, y, z): (36, 124, 0)
		dem: 34
		earl: 234
		lat: 264
		servt: 10
		pid: 0
		did: 177
		servST: 234.0
		(h, h_ind): (-1, 0)
		load: 64.0

	Finished service at time: 244.0

	Task 100 -> Task 104: 2.83
	Vehicle arrival at task: 246.83
	Waiting time until service start time: 17.17

	id: 104
		node: 51
		(x, y, z): (38, 122, 0)
		dem: 13
		earl: 234
		lat: 264
		servt: 10
		pid: 0
		did: 77
		servST: 264.0
		(h, h_ind): (-1, 0)
		load: 77.0

	Finished service at time: 274.0

	Task 104 -> Task 177: 25.96
	Vehicle arrival at task: 299.96
	Waiting time until service start time: 51.04

	id: 177
		node: 110
		(x, y, z): (13, 129, 0)
		dem: -34
		earl: 351
		lat: 381
		servt: 10
		pid: 100
		did: 0
		servST: 351.0
		(h, h_ind): (-1, 0)
		load: 43.0

	Finished service at time: 361.0

	Task 177 -> Task 127: 25.5
	Vehicle arrival at task: 386.5
	Waiting time until service start time: 0.5

	id: 127
		node: 85
		(x, y, z): (2, 106, 0)
		dem: -30
		earl: 387
		lat: 417
		servt: 10
		pid: 46
		did: 0
		servST: 387.0
		(h, h_ind): (-1, 0)
		load: 13.0

	Finished service at time: 397.0

	Task 127 -> Task 47: 19.92
	Vehicle arrival at task: 416.92
	Waiting time until service start time: 14.08

	id: 47
		node: 26
		(x, y, z): (8, 87, 0)
		dem: 17
		earl: 401
		lat: 431
		servt: 10
		pid: 0
		did: 108
		servST: 431.0
		(h, h_ind): (-1, 0)
		load: 30.0

	Finished service at time: 441.0

	Task 47 -> Task 77: 24.08
	Vehicle arrival at task: 465.08
	Waiting time until service start time: 27.92

	id: 77
		node: 111
		(x, y, z): (10, 111, 0)
		dem: -13
		earl: 493
		lat: 523
		servt: 10
		pid: 104
		did: 0
		servST: 493.0
		(h, h_ind): (-1, 0)
		load: 17.0

	Finished service at time: 503.0

	Task 77 -> Task 108: 55.0
	Vehicle arrival at task: 558.0
	Waiting time until service start time: 0.0

	id: 108
		node: 86
		(x, y, z): (54, 78, 0)
		dem: -17
		earl: 550
		lat: 580
		servt: 10
		pid: 47
		did: 0
		servST: 558.0
		(h, h_ind): (-1, 0)
		load: 0.0

	Finished service at time: 568.0

	Task 108 -> Task 0: 17.89
	Vehicle arrival at task: 585.89
	Waiting time until service start time: 0.0

	id: 0
		node: 122
		(x, y, z): (70, 70, 0)
		dem: 0
		earl: 0
		lat: 634
		servt: 0
		pid: 0
		did: 0
		servST: 585.89
		(h, h_ind): (-1, 0)
		load: 0.0


Vehicle 24 :
	id: 0
		node: 1
		(x, y, z): (70, 70, 0)
		dem: 0
		earl: 0
		lat: 634
		servt: 0
		pid: 0
		did: 0
		servST: 5.5
		(h, h_ind): (-1, 0)
		load: 0.0

	Finished service at time: 5.5

	Task 0 -> Task 73: 24.0
	Vehicle arrival at task: 29.5
	Waiting time until service start time: 0.0

	id: 73
		node: 40
		(x, y, z): (70, 94, 0)
		dem: 32
		earl: 24
		lat: 54
		servt: 10
		pid: 0
		did: 30
		servST: 29.5
		(h, h_ind): (-1, 0)
		load: 32.0

	Finished service at time: 39.5

	Task 73 -> Task 30: 38.47
	Vehicle arrival at task: 77.97
	Waiting time until service start time: 0.0

	id: 30
		node: 100
		(x, y, z): (64, 132, 0)
		dem: -32
		earl: 62
		lat: 92
		servt: 10
		pid: 73
		did: 0
		servST: 77.97
		(h, h_ind): (-1, 0)
		load: 0.0

	Finished service at time: 87.97

	Task 30 -> Task 20: 18.03
	Vehicle arrival at task: 106.0
	Waiting time until service start time: 0.0

	id: 20
		node: 14
		(x, y, z): (46, 133, 0)
		dem: 7
		earl: 76
		lat: 106
		servt: 10
		pid: 0
		did: 97
		servST: 106.0
		(h, h_ind): (-1, 0)
		load: 7.0

	Finished service at time: 116.0

	Task 20 -> Task 19: 37.64
	Vehicle arrival at task: 153.64
	Waiting time until service start time: 77.36

	id: 19
		node: 13
		(x, y, z): (22, 104, 0)
		dem: 11
		earl: 231
		lat: 261
		servt: 10
		pid: 0
		did: 114
		servST: 231.0
		(h, h_ind): (-1, 0)
		load: 18.0

	Finished service at time: 241.0

	Task 19 -> Task 95: 16.28
	Vehicle arrival at task: 257.28
	Waiting time until service start time: 3.72

	id: 95
		node: 47
		(x, y, z): (19, 120, 0)
		dem: 16
		earl: 261
		lat: 291
		servt: 10
		pid: 0
		did: 65
		servST: 261.0
		(h, h_ind): (-1, 0)
		load: 34.0

	Finished service at time: 271.0

	Task 95 -> Task 114: 27.86
	Vehicle arrival at task: 298.86
	Waiting time until service start time: 8.14

	id: 114
		node: 73
		(x, y, z): (29, 94, 0)
		dem: -11
		earl: 277
		lat: 307
		servt: 10
		pid: 19
		did: 0
		servST: 307.0
		(h, h_ind): (-1, 0)
		load: 23.0

	Finished service at time: 317.0

	Task 114 -> Task 23: 14.87
	Vehicle arrival at task: 331.87
	Waiting time until service start time: 5.13

	id: 23
		node: 16
		(x, y, z): (18, 104, 0)
		dem: 18
		earl: 337
		lat: 367
		servt: 10
		pid: 0
		did: 22
		servST: 337.0
		(h, h_ind): (-1, 0)
		load: 41.0

	Finished service at time: 347.0

	Task 23 -> Task 22: 12.17
	Vehicle arrival at task: 359.17
	Waiting time until service start time: 0.0

	id: 22
		node: 76
		(x, y, z): (16, 92, 0)
		dem: -18
		earl: 359
		lat: 389
		servt: 10
		pid: 23
		did: 0
		servST: 359.17
		(h, h_ind): (-1, 0)
		load: 23.0

	Finished service at time: 369.17

	Task 22 -> Task 96: 22.09
	Vehicle arrival at task: 391.26
	Waiting time until service start time: 0.0

	id: 96
		node: 48
		(x, y, z): (18, 70, 0)
		dem: 26
		earl: 391
		lat: 421
		servt: 10
		pid: 0
		did: 29
		servST: 391.26
		(h, h_ind): (-1, 0)
		load: 49.0

	Finished service at time: 401.26

	Task 96 -> Task 29: 2.24
	Vehicle arrival at task: 403.5
	Waiting time until service start time: 0.0

	id: 29
		node: 108
		(x, y, z): (20, 69, 0)
		dem: -26
		earl: 378
		lat: 408
		servt: 10
		pid: 96
		did: 0
		servST: 403.5
		(h, h_ind): (-1, 0)
		load: 23.0

	Finished service at time: 413.5

	Task 29 -> Task 65: 8.06
	Vehicle arrival at task: 421.56
	Waiting time until service start time: 0.0

	id: 65
		node: 107
		(x, y, z): (16, 62, 0)
		dem: -16
		earl: 396
		lat: 426
		servt: 10
		pid: 95
		did: 0
		servST: 421.56
		(h, h_ind): (-1, 0)
		load: 7.0

	Finished service at time: 431.56

	Task 65 -> Task 97: 45.69
	Vehicle arrival at task: 477.25
	Waiting time until service start time: 0.0

	id: 97
		node: 74
		(x, y, z): (58, 80, 0)
		dem: -7
		earl: 460
		lat: 490
		servt: 10
		pid: 20
		did: 0
		servST: 477.25
		(h, h_ind): (-1, 0)
		load: 0.0

	Finished service at time: 487.25

	Task 97 -> Task 0: 15.62
	Vehicle arrival at task: 502.87
	Waiting time until service start time: 0.0

	id: 0
		node: 122
		(x, y, z): (70, 70, 0)
		dem: 0
		earl: 0
		lat: 634
		servt: 0
		pid: 0
		did: 0
		servST: 502.87
		(h, h_ind): (-1, 0)
		load: 0.0


Vehicle 26 :
	id: 0
		node: 1
		(x, y, z): (70, 70, 0)
		dem: 0
		earl: 0
		lat: 634
		servt: 0
		pid: 0
		did: 0
		servST: 0.5999999999999943
		(h, h_ind): (-1, 0)
		load: 0.0

	Finished service at time: 0.5999999999999943

	Task 0 -> Task 4: 31.83
	Vehicle arrival at task: 32.42999999999999
	Waiting time until service start time: 0.0

	id: 4
		node: 5
		(x, y, z): (48, 47, 0)
		dem: 19
		earl: 31
		lat: 61
		servt: 10
		pid: 0
		did: 125
		servST: 32.42999999999999
		(h, h_ind): (-1, 0)
		load: 19.0

	Finished service at time: 42.42999999999999

	Task 4 -> Task 72: 15.23
	Vehicle arrival at task: 57.66
	Waiting time until service start time: 0.0

	id: 72
		node: 39
		(x, y, z): (54, 33, 0)
		dem: 20
		earl: 40
		lat: 70
		servt: 10
		pid: 0
		did: 153
		servST: 57.66
		(h, h_ind): (-1, 0)
		load: 39.0

	Finished service at time: 67.66

	Task 72 -> Task 15: 13.34
	Vehicle arrival at task: 81.0
	Waiting time until service start time: 0.0

	id: 15
		node: 11
		(x, y, z): (41, 36, 0)
		dem: 13
		earl: 51
		lat: 81
		servt: 10
		pid: 0
		did: 54
		servST: 81.0
		(h, h_ind): (-1, 0)
		load: 52.0

	Finished service at time: 91.0

	Task 15 -> Task 153: 31.32
	Vehicle arrival at task: 122.32
	Waiting time until service start time: 2.68

	id: 153
		node: 99
		(x, y, z): (32, 6, 0)
		dem: -20
		earl: 95
		lat: 125
		servt: 10
		pid: 72
		did: 0
		servST: 125.0
		(h, h_ind): (-1, 0)
		load: 32.0

	Finished service at time: 135.0

	Task 153 -> Task 54: 46.0
	Vehicle arrival at task: 181.0
	Waiting time until service start time: 0.0

	id: 54
		node: 71
		(x, y, z): (32, 52, 0)
		dem: -13
		earl: 151
		lat: 181
		servt: 10
		pid: 15
		did: 0
		servST: 181.0
		(h, h_ind): (-1, 0)
		load: 19.0

	Finished service at time: 191.0

	Task 54 -> Task 89: 10.77
	Vehicle arrival at task: 201.77
	Waiting time until service start time: 24.23

	id: 89
		node: 44
		(x, y, z): (28, 62, 0)
		dem: 23
		earl: 196
		lat: 226
		servt: 10
		pid: 0
		did: 141
		servST: 226.0
		(h, h_ind): (-1, 0)
		load: 42.0

	Finished service at time: 236.0

	Task 89 -> Task 125: 5.39
	Vehicle arrival at task: 241.39
	Waiting time until service start time: 0.77

	id: 125
		node: 65
		(x, y, z): (30, 57, 0)
		dem: -19
		earl: 230
		lat: 260
		servt: 10
		pid: 4
		did: 0
		servST: 242.16
		(h, h_ind): (-1, 0)
		load: 23.0

	Finished service at time: 252.16

	Task 125 -> Task 56: 28.84
	Vehicle arrival at task: 281.0
	Waiting time until service start time: 0.0

	id: 56
		node: 30
		(x, y, z): (54, 41, 0)
		dem: 9
		earl: 281
		lat: 311
		servt: 10
		pid: 0
		did: 39
		servST: 281.0
		(h, h_ind): (-1, 0)
		load: 32.0

	Finished service at time: 291.0

	Task 56 -> Task 39: 42.58
	Vehicle arrival at task: 333.58
	Waiting time until service start time: 0.0

	id: 39
		node: 90
		(x, y, z): (47, 83, 0)
		dem: -9
		earl: 318
		lat: 348
		servt: 10
		pid: 56
		did: 0
		servST: 333.58
		(h, h_ind): (-1, 0)
		load: 23.0

	Finished service at time: 343.58

	Task 39 -> Task 37: 14.14
	Vehicle arrival at task: 357.71999999999997
	Waiting time until service start time: 0.0

	id: 37
		node: 21
		(x, y, z): (37, 73, 0)
		dem: 33
		earl: 336
		lat: 366
		servt: 10
		pid: 0
		did: 174
		servST: 357.71999999999997
		(h, h_ind): (-1, 0)
		load: 56.0

	Finished service at time: 367.71999999999997

	Task 37 -> Task 141: 25.5
	Vehicle arrival at task: 393.21999999999997
	Waiting time until service start time: 0.0

	id: 141
		node: 104
		(x, y, z): (26, 50, 0)
		dem: -23
		earl: 387
		lat: 417
		servt: 10
		pid: 89
		did: 0
		servST: 393.21999999999997
		(h, h_ind): (-1, 0)
		load: 33.0

	Finished service at time: 403.21999999999997

	Task 141 -> Task 174: 31.02
	Vehicle arrival at task: 434.23999999999995
	Waiting time until service start time: 0.0

	id: 174
		node: 81
		(x, y, z): (37, 79, 0)
		dem: -33
		earl: 428
		lat: 458
		servt: 10
		pid: 37
		did: 0
		servST: 434.23999999999995
		(h, h_ind): (-1, 0)
		load: 0.0

	Finished service at time: 444.23999999999995

	Task 174 -> Task 10: 34.13
	Vehicle arrival at task: 478.36999999999995
	Waiting time until service start time: 0.0

	id: 10
		node: 7
		(x, y, z): (40, 113, 0)
		dem: 23
		earl: 477
		lat: 507
		servt: 10
		pid: 0
		did: 59
		servST: 478.36999999999995
		(h, h_ind): (-1, 0)
		load: 23.0

	Finished service at time: 488.36999999999995

	Task 10 -> Task 59: 31.91
	Vehicle arrival at task: 520.28
	Waiting time until service start time: 0.0

	id: 59
		node: 67
		(x, y, z): (67, 96, 0)
		dem: -23
		earl: 492
		lat: 522
		servt: 10
		pid: 10
		did: 0
		servST: 520.28
		(h, h_ind): (-1, 0)
		load: 0.0

	Finished service at time: 530.28

	Task 59 -> Task 0: 26.17
	Vehicle arrival at task: 556.4499999999999
	Waiting time until service start time: 0.0

	id: 0
		node: 122
		(x, y, z): (70, 70, 0)
		dem: 0
		earl: 0
		lat: 634
		servt: 0
		pid: 0
		did: 0
		servST: 556.4499999999999
		(h, h_ind): (-1, 0)
		load: 0.0


Vehicle 29 :
	id: 0
		node: 1
		(x, y, z): (70, 70, 0)
		dem: 0
		earl: 0
		lat: 634
		servt: 0
		pid: 0
		did: 0
		servST: 169.99
		(h, h_ind): (-1, 0)
		load: 0.0

	Finished service at time: 169.99

	Task 0 -> Task 99: 45.01
	Vehicle arrival at task: 215.0
	Waiting time until service start time: 0.0

	id: 99
		node: 49
		(x, y, z): (69, 115, 0)
		dem: 20
		earl: 215
		lat: 245
		servt: 10
		pid: 0
		did: 38
		servST: 215.0
		(h, h_ind): (-1, 0)
		load: 20.0

	Finished service at time: 225.0

	Task 99 -> Task 38: 19.24
	Vehicle arrival at task: 244.24
	Waiting time until service start time: 0.0

	id: 38
		node: 109
		(x, y, z): (50, 112, 0)
		dem: -20
		earl: 232
		lat: 262
		servt: 10
		pid: 99
		did: 0
		servST: 244.24
		(h, h_ind): (-1, 0)
		load: 0.0

	Finished service at time: 254.24

	Using Machine: 2
		Task 38 -> Machine 2 (Station 1): 46.32
		Vehicle arrival at machine station: 300.56
		Waiting time until machine travel: 0.0

		Machine travel start time: 300.56
		Region 0 -> Region 1: 6.32
		Machine arrival at machine station: 306.88

		Machine 2 (Station 2)-> Task 53: 52.8
		Vehicle arrival at task: 359.68
		Waiting time until service start time: 0.0

	id: 53
		node: 28
		(x, y, z): (103, 119, 1)
		dem: 18
		earl: 334
		lat: 364
		servt: 10
		pid: 0
		did: 192
		servST: 359.68
		(h, h_ind): (2, 6)
		load: 18.0

	Finished service at time: 369.68

	Task 53 -> Task 192: 7.21
	Vehicle arrival at task: 376.89
	Waiting time until service start time: 0.0

	id: 192
		node: 88
		(x, y, z): (97, 115, 1)
		dem: -18
		earl: 368
		lat: 398
		servt: 10
		pid: 53
		did: 0
		servST: 376.89
		(h, h_ind): (-1, 0)
		load: 0.0

	Finished service at time: 386.89

	Using Machine: 4
		Task 192 -> Machine 4 (Station 2): 41.44
		Vehicle arrival at machine station: 428.33
		Waiting time until machine travel: 0.0

		Machine travel start time: 428.33
		Region 1 -> Region 0: 12.81
		Machine arrival at machine station: 441.14

		Machine 4 (Station 1)-> Task 0: 3.61
		Vehicle arrival at task: 444.75
		Waiting time until service start time: 0.0

	id: 0
		node: 122
		(x, y, z): (70, 70, 0)
		dem: 0
		earl: 0
		lat: 634
		servt: 0
		pid: 0
		did: 0
		servST: 444.75
		(h, h_ind): (4, 3)
		load: 0.0


Vehicle 30 :
	id: 0
		node: 1
		(x, y, z): (70, 70, 0)
		dem: 0
		earl: 0
		lat: 634
		servt: 0
		pid: 0
		did: 0
		servST: 1.6799999999999953
		(h, h_ind): (-1, 0)
		load: 0.0

	Finished service at time: 1.6799999999999953

	Using Machine: 1
		Task 0 -> Machine 1 (Station 1): 7.81
		Vehicle arrival at machine station: 9.489999999999995
		Waiting time until machine travel: 0.0

		Machine travel start time: 9.489999999999995
		Region 0 -> Region 1: 8.06
		Machine arrival at machine station: 17.549999999999997

		Machine 1 (Station 2)-> Task 7: 28.64
		Vehicle arrival at task: 46.19
		Waiting time until service start time: 0.0

	id: 7
		node: 6
		(x, y, z): (86, 40, 1)
		dem: 22
		earl: 34
		lat: 64
		servt: 10
		pid: 0
		did: 133
		servST: 46.19
		(h, h_ind): (1, 1)
		load: 22.0

	Finished service at time: 56.19

	Task 7 -> Task 55: 3.16
	Vehicle arrival at task: 59.349999999999994
	Waiting time until service start time: 0.0

	id: 55
		node: 29
		(x, y, z): (89, 39, 1)
		dem: 23
		earl: 36
		lat: 66
		servt: 10
		pid: 0
		did: 160
		servST: 59.35
		(h, h_ind): (-1, 0)
		load: 45.0

	Finished service at time: 69.35

	Task 55 -> Task 41: 8.54
	Vehicle arrival at task: 77.88999999999999
	Waiting time until service start time: 0.0

	id: 41
		node: 22
		(x, y, z): (81, 36, 1)
		dem: 17
		earl: 62
		lat: 92
		servt: 10
		pid: 0
		did: 150
		servST: 77.89
		(h, h_ind): (-1, 0)
		load: 62.0

	Finished service at time: 87.89

	Task 41 -> Task 150: 18.11
	Vehicle arrival at task: 106.0
	Waiting time until service start time: 0.0

	id: 150
		node: 82
		(x, y, z): (99, 34, 1)
		dem: -17
		earl: 76
		lat: 106
		servt: 10
		pid: 41
		did: 0
		servST: 106.0
		(h, h_ind): (-1, 0)
		load: 45.0

	Finished service at time: 116.0

	Task 150 -> Task 133: 30.02
	Vehicle arrival at task: 146.02
	Waiting time until service start time: 31.98

	id: 133
		node: 66
		(x, y, z): (98, 4, 1)
		dem: -22
		earl: 178
		lat: 208
		servt: 10
		pid: 7
		did: 0
		servST: 178.0
		(h, h_ind): (-1, 0)
		load: 23.0

	Finished service at time: 188.0

	Task 133 -> Task 160: 24.17
	Vehicle arrival at task: 212.17000000000002
	Waiting time until service start time: 46.83

	id: 160
		node: 89
		(x, y, z): (120, 14, 1)
		dem: -23
		earl: 259
		lat: 289
		servt: 10
		pid: 55
		did: 0
		servST: 259.0
		(h, h_ind): (-1, 0)
		load: 0.0

	Finished service at time: 269.0

	Using Machine: 3
		Task 160 -> Machine 3 (Station 2): 70.18
		Vehicle arrival at machine station: 339.18
		Waiting time until machine travel: 0.0

		Machine travel start time: 339.18
		Region 1 -> Region 0: 8.25
		Machine arrival at machine station: 347.43

		Machine 3 (Station 1)-> Task 0: 4.12
		Vehicle arrival at task: 351.55
		Waiting time until service start time: 0.0

	id: 0
		node: 122
		(x, y, z): (70, 70, 0)
		dem: 0
		earl: 0
		lat: 634
		servt: 0
		pid: 0
		did: 0
		servST: 351.55
		(h, h_ind): (3, 5)
		load: 0.0


Vehicle 31 :
	id: 0
		node: 1
		(x, y, z): (70, 70, 0)
		dem: 0
		earl: 0
		lat: 634
		servt: 0
		pid: 0
		did: 0
		servST: 19.929999999999993
		(h, h_ind): (-1, 0)
		load: 0.0

	Finished service at time: 19.929999999999993

	Using Machine: 4
		Task 0 -> Machine 4 (Station 1): 3.61
		Vehicle arrival at machine station: 23.539999999999992
		Waiting time until machine travel: 0.0

		Machine travel start time: 23.539999999999992
		Region 0 -> Region 1: 12.81
		Machine arrival at machine station: 36.349999999999994

		Machine 4 (Station 2)-> Task 51: 56.57
		Vehicle arrival at task: 92.91999999999999
		Waiting time until service start time: 0.0

	id: 51
		node: 27
		(x, y, z): (139, 68, 1)
		dem: 25
		earl: 78
		lat: 108
		servt: 10
		pid: 0
		did: 26
		servST: 92.91999999999999
		(h, h_ind): (4, 1)
		load: 25.0

	Finished service at time: 102.91999999999999

	Task 51 -> Task 26: 5.0
	Vehicle arrival at task: 107.91999999999999
	Waiting time until service start time: 0.0

	id: 26
		node: 87
		(x, y, z): (139, 73, 1)
		dem: -25
		earl: 87
		lat: 117
		servt: 10
		pid: 51
		did: 0
		servST: 107.91999999999999
		(h, h_ind): (-1, 0)
		load: 0.0

	Finished service at time: 117.91999999999999

	Task 26 -> Task 123: 11.18
	Vehicle arrival at task: 129.1
	Waiting time until service start time: 0.0

	id: 123
		node: 59
		(x, y, z): (137, 84, 1)
		dem: 41
		earl: 104
		lat: 134
		servt: 10
		pid: 0
		did: 156
		servST: 129.1
		(h, h_ind): (-1, 0)
		load: 41.0

	Finished service at time: 139.1

	Task 123 -> Task 66: 48.09
	Vehicle arrival at task: 187.19
	Waiting time until service start time: 0.0

	id: 66
		node: 35
		(x, y, z): (140, 36, 1)
		dem: 1
		earl: 176
		lat: 206
		servt: 10
		pid: 0
		did: 131
		servST: 187.19
		(h, h_ind): (-1, 0)
		load: 42.0

	Finished service at time: 197.19

	Task 66 -> Task 131: 12.17
	Vehicle arrival at task: 209.35999999999999
	Waiting time until service start time: 0.0

	id: 131
		node: 95
		(x, y, z): (138, 24, 1)
		dem: -1
		earl: 180
		lat: 210
		servt: 10
		pid: 66
		did: 0
		servST: 209.36
		(h, h_ind): (-1, 0)
		load: 41.0

	Finished service at time: 219.36

	Task 131 -> Task 69: 59.64
	Vehicle arrival at task: 279.0
	Waiting time until service start time: 0.0

	id: 69
		node: 37
		(x, y, z): (104, 73, 1)
		dem: 17
		earl: 249
		lat: 279
		servt: 10
		pid: 0
		did: 154
		servST: 279.0
		(h, h_ind): (-1, 0)
		load: 58.0

	Finished service at time: 289.0

	Task 69 -> Task 156: 32.02
	Vehicle arrival at task: 321.02
	Waiting time until service start time: 17.98

	id: 156
		node: 119
		(x, y, z): (135, 65, 1)
		dem: -41
		earl: 339
		lat: 369
		servt: 10
		pid: 123
		did: 0
		servST: 339.0
		(h, h_ind): (-1, 0)
		load: 17.0

	Finished service at time: 349.0

	Task 156 -> Task 154: 51.24
	Vehicle arrival at task: 400.24
	Waiting time until service start time: 0.0

	id: 154
		node: 97
		(x, y, z): (86, 80, 1)
		dem: -17
		earl: 374
		lat: 404
		servt: 10
		pid: 69
		did: 0
		servST: 400.24
		(h, h_ind): (-1, 0)
		load: 0.0

	Finished service at time: 410.24

	Using Machine: 3
		Task 154 -> Machine 3 (Station 2): 8.06
		Vehicle arrival at machine station: 418.3
		Waiting time until machine travel: 0.0

		Machine travel start time: 418.3
		Region 1 -> Region 0: 8.25
		Machine arrival at machine station: 426.55

		Machine 3 (Station 1)-> Task 0: 4.12
		Vehicle arrival at task: 430.67
		Waiting time until service start time: 0.0

	id: 0
		node: 122
		(x, y, z): (70, 70, 0)
		dem: 0
		earl: 0
		lat: 634
		servt: 0
		pid: 0
		did: 0
		servST: 430.67
		(h, h_ind): (3, 7)
		load: 0.0


Vehicle 33 :
	id: 0
		node: 1
		(x, y, z): (70, 70, 0)
		dem: 0
		earl: 0
		lat: 634
		servt: 0
		pid: 0
		did: 0
		servST: 65.69
		(h, h_ind): (-1, 0)
		load: 0.0

	Finished service at time: 65.69

	Using Machine: 3
		Task 0 -> Machine 3 (Station 1): 4.12
		Vehicle arrival at machine station: 69.81
		Waiting time until machine travel: 0.0

		Machine travel start time: 69.81
		Region 0 -> Region 1: 8.25
		Machine arrival at machine station: 78.06

		Machine 3 (Station 2)-> Task 92: 47.8
		Vehicle arrival at task: 125.86
		Waiting time until service start time: 0.0

	id: 92
		node: 46
		(x, y, z): (120, 102, 1)
		dem: 18
		earl: 97
		lat: 127
		servt: 10
		pid: 0
		did: 122
		servST: 125.86
		(h, h_ind): (3, 2)
		load: 18.0

	Finished service at time: 135.86

	Task 92 -> Task 14: 53.14
	Vehicle arrival at task: 189.0
	Waiting time until service start time: 0.0

	id: 14
		node: 10
		(x, y, z): (102, 52, 1)
		dem: 15
		earl: 159
		lat: 189
		servt: 10
		pid: 0
		did: 103
		servST: 189.0
		(h, h_ind): (-1, 0)
		load: 33.0

	Finished service at time: 199.0

	Task 14 -> Task 122: 73.5
	Vehicle arrival at task: 272.5
	Waiting time until service start time: 14.5

	id: 122
		node: 106
		(x, y, z): (121, 123, 1)
		dem: -18
		earl: 257
		lat: 287
		servt: 10
		pid: 92
		did: 0
		servST: 287.0
		(h, h_ind): (-1, 0)
		load: 15.0

	Finished service at time: 297.0

	Task 122 -> Task 103: 44.78
	Vehicle arrival at task: 341.78
	Waiting time until service start time: 1.93

	id: 103
		node: 70
		(x, y, z): (103, 82, 1)
		dem: -15
		earl: 326
		lat: 356
		servt: 10
		pid: 14
		did: 0
		servST: 343.71
		(h, h_ind): (-1, 0)
		load: 0.0

	Finished service at time: 353.71

	Using Machine: 3
		Task 103 -> Machine 3 (Station 2): 22.85
		Vehicle arrival at machine station: 376.56
		Waiting time until machine travel: 0.0

		Machine travel start time: 376.56
		Region 1 -> Region 0: 8.25
		Machine arrival at machine station: 384.81

		Machine 3 (Station 1)-> Task 43: 65.19
		Vehicle arrival at task: 450.0
		Waiting time until service start time: 0.0

	id: 43
		node: 23
		(x, y, z): (13, 48, 0)
		dem: 15
		earl: 420
		lat: 450
		servt: 10
		pid: 0
		did: 110
		servST: 450.0
		(h, h_ind): (3, 6)
		load: 15.0

	Finished service at time: 460.0

	Task 43 -> Task 110: 31.89
	Vehicle arrival at task: 491.89
	Waiting time until service start time: 57.11

	id: 110
		node: 83
		(x, y, z): (34, 72, 0)
		dem: -15
		earl: 549
		lat: 579
		servt: 10
		pid: 43
		did: 0
		servST: 549.0
		(h, h_ind): (-1, 0)
		load: 0.0

	Finished service at time: 559.0

	Task 110 -> Task 0: 36.06
	Vehicle arrival at task: 595.06
	Waiting time until service start time: 0.0

	id: 0
		node: 122
		(x, y, z): (70, 70, 0)
		dem: 0
		earl: 0
		lat: 634
		servt: 0
		pid: 0
		did: 0
		servST: 595.06
		(h, h_ind): (-1, 0)
		load: 0.0


Vehicle 37 :
	id: 0
		node: 1
		(x, y, z): (70, 70, 0)
		dem: 0
		earl: 0
		lat: 634
		servt: 0
		pid: 0
		did: 0
		servST: 26.430000000000007
		(h, h_ind): (-1, 0)
		load: 0.0

	Finished service at time: 26.430000000000007

	Task 0 -> Task 71: 85.91
	Vehicle arrival at task: 112.34
	Waiting time until service start time: 0.0

	id: 71
		node: 38
		(x, y, z): (15, 4, 0)
		dem: 23
		earl: 101
		lat: 131
		servt: 10
		pid: 0
		did: 175
		servST: 112.34
		(h, h_ind): (-1, 0)
		load: 23.0

	Finished service at time: 122.34

	Task 71 -> Task 12: 80.06
	Vehicle arrival at task: 202.4
	Waiting time until service start time: 0.0

	id: 12
		node: 9
		(x, y, z): (12, 84, 0)
		dem: 16
		earl: 199
		lat: 229
		servt: 10
		pid: 0
		did: 82
		servST: 202.4
		(h, h_ind): (-1, 0)
		load: 39.0

	Finished service at time: 212.4

	Task 12 -> Task 175: 56.6
	Vehicle arrival at task: 269.0
	Waiting time until service start time: 0.0

	id: 175
		node: 98
		(x, y, z): (60, 54, 0)
		dem: -23
		earl: 239
		lat: 269
		servt: 10
		pid: 71
		did: 0
		servST: 269.0
		(h, h_ind): (-1, 0)
		load: 16.0

	Finished service at time: 279.0

	Task 175 -> Task 58: 71.06
	Vehicle arrival at task: 350.06
	Waiting time until service start time: 3.94

	id: 58
		node: 32
		(x, y, z): (5, 99, 0)
		dem: 24
		earl: 324
		lat: 354
		servt: 10
		pid: 0
		did: 74
		servST: 354.0
		(h, h_ind): (-1, 0)
		load: 40.0

	Finished service at time: 364.0

	Task 58 -> Task 82: 13.93
	Vehicle arrival at task: 377.93
	Waiting time until service start time: 33.07

	id: 82
		node: 69
		(x, y, z): (10, 86, 0)
		dem: -16
		earl: 411
		lat: 441
		servt: 10
		pid: 12
		did: 0
		servST: 411.0
		(h, h_ind): (-1, 0)
		load: 24.0

	Finished service at time: 421.0

	Task 82 -> Task 74: 25.32
	Vehicle arrival at task: 446.32
	Waiting time until service start time: 0.0

	id: 74
		node: 92
		(x, y, z): (35, 90, 0)
		dem: -24
		earl: 446
		lat: 476
		servt: 10
		pid: 58
		did: 0
		servST: 446.32
		(h, h_ind): (-1, 0)
		load: 0.0

	Finished service at time: 456.32

	Task 74 -> Task 0: 40.31
	Vehicle arrival at task: 496.63
	Waiting time until service start time: 0.0

	id: 0
		node: 122
		(x, y, z): (70, 70, 0)
		dem: 0
		earl: 0
		lat: 634
		servt: 0
		pid: 0
		did: 0
		servST: 496.63
		(h, h_ind): (-1, 0)
		load: 0.0


Vehicle 52 :
	id: 0
		node: 1
		(x, y, z): (70, 70, 0)
		dem: 0
		earl: 0
		lat: 634
		servt: 0
		pid: 0
		did: 0
		servST: 29.55
		(h, h_ind): (-1, 0)
		load: 0.0

	Finished service at time: 29.55

	Task 0 -> Task 87: 13.45
	Vehicle arrival at task: 43.0
	Waiting time until service start time: 0.0

	id: 87
		node: 43
		(x, y, z): (79, 80, 0)
		dem: 4
		earl: 13
		lat: 43
		servt: 10
		pid: 0
		did: 8
		servST: 43.0
		(h, h_ind): (-1, 0)
		load: 4.0

	Finished service at time: 53.0

	Using Machine: 2
		Task 87 -> Machine 2 (Station 1): 8.06
		Vehicle arrival at machine station: 61.06
		Waiting time until machine travel: 46.22

		Machine travel start time: 107.28
		Region 0 -> Region 1: 6.32
		Machine arrival at machine station: 113.6

		Machine 2 (Station 2)-> Task 8: 66.4
		Vehicle arrival at task: 180.0
		Waiting time until service start time: 0.0

	id: 8
		node: 103
		(x, y, z): (121, 124, 1)
		dem: -4
		earl: 150
		lat: 180
		servt: 10
		pid: 87
		did: 0
		servST: 180.0
		(h, h_ind): (2, 3)
		load: 0.0

	Finished service at time: 190.0

	Task 8 -> Task 76: 13.89
	Vehicle arrival at task: 203.89
	Waiting time until service start time: 22.11

	id: 76
		node: 41
		(x, y, z): (109, 131, 1)
		dem: 16
		earl: 226
		lat: 256
		servt: 10
		pid: 0
		did: 40
		servST: 226.0
		(h, h_ind): (-1, 0)
		load: 16.0

	Finished service at time: 236.0

	Using Machine: 3
		Task 76 -> Machine 3 (Station 2): 63.98
		Vehicle arrival at machine station: 299.98
		Waiting time until machine travel: 0.0

		Machine travel start time: 299.98
		Region 1 -> Region 0: 8.25
		Machine arrival at machine station: 308.23

		Machine 3 (Station 1)-> Task 40: 69.38
		Vehicle arrival at task: 377.61
		Waiting time until service start time: 24.39

	id: 40
		node: 101
		(x, y, z): (92, 138, 0)
		dem: -16
		earl: 402
		lat: 432
		servt: 10
		pid: 76
		did: 0
		servST: 402.0
		(h, h_ind): (3, 4)
		load: 0.0

	Finished service at time: 412.0

	Task 40 -> Task 0: 71.47
	Vehicle arrival at task: 483.47
	Waiting time until service start time: 0.0

	id: 0
		node: 122
		(x, y, z): (70, 70, 0)
		dem: 0
		earl: 0
		lat: 634
		servt: 0
		pid: 0
		did: 0
		servST: 483.47
		(h, h_ind): (-1, 0)
		load: 0.0


Vehicle 53 :
	id: 0
		node: 1
		(x, y, z): (70, 70, 0)
		dem: 0
		earl: 0
		lat: 634
		servt: 0
		pid: 0
		did: 0
		servST: 15.23
		(h, h_ind): (-1, 0)
		load: 0.0

	Finished service at time: 15.23

	Using Machine: 3
		Task 0 -> Machine 3 (Station 1): 4.12
		Vehicle arrival at machine station: 19.35
		Waiting time until machine travel: 0.0

		Machine travel start time: 19.35
		Region 0 -> Region 1: 8.25
		Machine arrival at machine station: 27.6

		Machine 3 (Station 2)-> Task 1: 25.32
		Vehicle arrival at task: 52.92
		Waiting time until service start time: 0.0

	id: 1
		node: 2
		(x, y, z): (107, 77, 1)
		dem: 34
		earl: 37
		lat: 67
		servt: 10
		pid: 0
		did: 113
		servST: 52.92
		(h, h_ind): (3, 1)
		load: 34.0

	Finished service at time: 62.92

	Task 1 -> Task 115: 67.08
	Vehicle arrival at task: 130.0
	Waiting time until service start time: 0.0

	id: 115
		node: 55
		(x, y, z): (137, 137, 1)
		dem: 27
		earl: 100
		lat: 130
		servt: 10
		pid: 0
		did: 16
		servST: 130.0
		(h, h_ind): (-1, 0)
		load: 61.0

	Finished service at time: 140.0

	Task 115 -> Task 16: 6.4
	Vehicle arrival at task: 146.4
	Waiting time until service start time: 0.1

	id: 16
		node: 115
		(x, y, z): (132, 133, 1)
		dem: -27
		earl: 140
		lat: 170
		servt: 10
		pid: 115
		did: 0
		servST: 146.5
		(h, h_ind): (-1, 0)
		load: 34.0

	Finished service at time: 156.5

	Task 16 -> Task 113: 52.5
	Vehicle arrival at task: 209.0
	Waiting time until service start time: 0.0

	id: 113
		node: 62
		(x, y, z): (116, 83, 1)
		dem: -34
		earl: 179
		lat: 209
		servt: 10
		pid: 1
		did: 0
		servST: 209.0
		(h, h_ind): (-1, 0)
		load: 0.0

	Finished service at time: 219.0

	Using Machine: 4
		Task 113 -> Machine 4 (Station 2): 33.73
		Vehicle arrival at machine station: 252.73
		Waiting time until machine travel: 0.0

		Machine travel start time: 252.73
		Region 1 -> Region 0: 12.81
		Machine arrival at machine station: 265.53999999999996

		Machine 4 (Station 1)-> Task 33: 63.7
		Vehicle arrival at task: 329.23999999999995
		Waiting time until service start time: 22.76

	id: 33
		node: 18
		(x, y, z): (30, 21, 0)
		dem: 12
		earl: 322
		lat: 352
		servt: 10
		pid: 0
		did: 190
		servST: 352.0
		(h, h_ind): (4, 2)
		load: 12.0

	Finished service at time: 362.0

	Task 33 -> Task 129: 19.31
	Vehicle arrival at task: 381.31
	Waiting time until service start time: 0.69

	id: 129
		node: 60
		(x, y, z): (23, 39, 0)
		dem: 20
		earl: 352
		lat: 382
		servt: 10
		pid: 0
		did: 186
		servST: 382.0
		(h, h_ind): (-1, 0)
		load: 32.0

	Finished service at time: 392.0

	Task 129 -> Task 186: 22.47
	Vehicle arrival at task: 414.47
	Waiting time until service start time: 15.53

	id: 186
		node: 120
		(x, y, z): (15, 18, 0)
		dem: -20
		earl: 400
		lat: 430
		servt: 10
		pid: 129
		did: 0
		servST: 430.0
		(h, h_ind): (-1, 0)
		load: 12.0

	Finished service at time: 440.0

	Task 186 -> Task 190: 25.46
	Vehicle arrival at task: 465.46
	Waiting time until service start time: 16.54

	id: 190
		node: 78
		(x, y, z): (33, 0, 0)
		dem: -12
		earl: 482
		lat: 512
		servt: 10
		pid: 33
		did: 0
		servST: 482.0
		(h, h_ind): (-1, 0)
		load: 0.0

	Finished service at time: 492.0

	Task 190 -> Task 0: 79.18
	Vehicle arrival at task: 571.1800000000001
	Waiting time until service start time: 0.0

	id: 0
		node: 122
		(x, y, z): (70, 70, 0)
		dem: 0
		earl: 0
		lat: 634
		servt: 0
		pid: 0
		did: 0
		servST: 571.1800000000001
		(h, h_ind): (-1, 0)
		load: 0.0


Vehicle 55 :
	id: 0
		node: 1
		(x, y, z): (70, 70, 0)
		dem: 0
		earl: 0
		lat: 634
		servt: 0
		pid: 0
		did: 0
		servST: 52.86
		(h, h_ind): (-1, 0)
		load: 0.0

	Finished service at time: 52.86

	Task 0 -> Task 57: 43.14
	Vehicle arrival at task: 96.0
	Waiting time until service start time: 0.0

	id: 57
		node: 31
		(x, y, z): (39, 100, 0)
		dem: 31
		earl: 66
		lat: 96
		servt: 10
		pid: 0
		did: 102
		servST: 96.0
		(h, h_ind): (-1, 0)
		load: 31.0

	Finished service at time: 106.0

	Task 57 -> Task 60: 34.23
	Vehicle arrival at task: 140.23
	Waiting time until service start time: 25.77

	id: 60
		node: 33
		(x, y, z): (73, 96, 0)
		dem: 9
		earl: 166
		lat: 196
		servt: 10
		pid: 0
		did: 84
		servST: 166.0
		(h, h_ind): (-1, 0)
		load: 40.0

	Finished service at time: 176.0

	Task 60 -> Task 34: 34.48
	Vehicle arrival at task: 210.48
	Waiting time until service start time: 25.52

	id: 34
		node: 19
		(x, y, z): (63, 129, 0)
		dem: 7
		earl: 206
		lat: 236
		servt: 10
		pid: 0
		did: 62
		servST: 236.0
		(h, h_ind): (-1, 0)
		load: 47.0

	Finished service at time: 246.0

	Task 34 -> Task 62: 8.25
	Vehicle arrival at task: 254.25
	Waiting time until service start time: 3.75

	id: 62
		node: 79
		(x, y, z): (55, 127, 0)
		dem: -7
		earl: 258
		lat: 288
		servt: 10
		pid: 34
		did: 0
		servST: 258.0
		(h, h_ind): (-1, 0)
		load: 40.0

	Finished service at time: 268.0

	Task 62 -> Task 32: 21.02
	Vehicle arrival at task: 289.02
	Waiting time until service start time: 4.98

	id: 32
		node: 17
		(x, y, z): (54, 106, 0)
		dem: 9
		earl: 294
		lat: 324
		servt: 10
		pid: 0
		did: 24
		servST: 294.0
		(h, h_ind): (-1, 0)
		load: 49.0

	Finished service at time: 304.0

	Task 32 -> Task 84: 10.0
	Vehicle arrival at task: 314.0
	Waiting time until service start time: 2.0

	id: 84
		node: 93
		(x, y, z): (46, 112, 0)
		dem: -9
		earl: 286
		lat: 316
		servt: 10
		pid: 60
		did: 0
		servST: 316.0
		(h, h_ind): (-1, 0)
		load: 40.0

	Finished service at time: 326.0

	Task 84 -> Task 90: 7.21
	Vehicle arrival at task: 333.21
	Waiting time until service start time: 16.79

	id: 90
		node: 45
		(x, y, z): (50, 106, 0)
		dem: 25
		earl: 320
		lat: 350
		servt: 10
		pid: 0
		did: 52
		servST: 350.0
		(h, h_ind): (-1, 0)
		load: 65.0

	Finished service at time: 360.0

	Task 90 -> Task 102: 45.97
	Vehicle arrival at task: 405.97
	Waiting time until service start time: 27.03

	id: 102
		node: 91
		(x, y, z): (17, 138, 0)
		dem: -31
		earl: 433
		lat: 463
		servt: 10
		pid: 57
		did: 0
		servST: 433.0
		(h, h_ind): (-1, 0)
		load: 34.0

	Finished service at time: 443.0

	Task 102 -> Task 52: 59.41
	Vehicle arrival at task: 502.40999999999997
	Waiting time until service start time: 0.0

	id: 52
		node: 105
		(x, y, z): (58, 95, 0)
		dem: -25
		earl: 485
		lat: 515
		servt: 10
		pid: 90
		did: 0
		servST: 502.40999999999997
		(h, h_ind): (-1, 0)
		load: 9.0

	Finished service at time: 512.41

	Task 52 -> Task 24: 15.26
	Vehicle arrival at task: 527.67
	Waiting time until service start time: 0.0

	id: 24
		node: 77
		(x, y, z): (66, 82, 0)
		dem: -9
		earl: 501
		lat: 531
		servt: 10
		pid: 32
		did: 0
		servST: 527.67
		(h, h_ind): (-1, 0)
		load: 0.0

	Finished service at time: 537.67

	Task 24 -> Task 0: 12.65
	Vehicle arrival at task: 550.3199999999999
	Waiting time until service start time: 0.0

	id: 0
		node: 122
		(x, y, z): (70, 70, 0)
		dem: 0
		earl: 0
		lat: 634
		servt: 0
		pid: 0
		did: 0
		servST: 550.3199999999999
		(h, h_ind): (-1, 0)
		load: 0.0


Vehicle 57 :
	id: 0
		node: 1
		(x, y, z): (70, 70, 0)
		dem: 0
		earl: 0
		lat: 634
		servt: 0
		pid: 0
		did: 0
		servST: 3.8799999999999937
		(h, h_ind): (-1, 0)
		load: 0.0

	Finished service at time: 3.8799999999999937

	Using Machine: 2
		Task 0 -> Machine 2 (Station 1): 5.83
		Vehicle arrival at machine station: 9.709999999999994
		Waiting time until machine travel: 0.0

		Machine travel start time: 9.709999999999994
		Region 0 -> Region 1: 6.32
		Machine arrival at machine station: 16.029999999999994

		Machine 2 (Station 2)-> Task 44: 48.17
		Vehicle arrival at task: 64.19999999999999
		Waiting time until service start time: 0.0

	id: 44
		node: 24
		(x, y, z): (113, 35, 1)
		dem: 9
		earl: 55
		lat: 85
		servt: 10
		pid: 0
		did: 79
		servST: 64.19999999999999
		(h, h_ind): (2, 1)
		load: 9.0

	Finished service at time: 74.19999999999999

	Task 44 -> Task 117: 22.2
	Vehicle arrival at task: 96.39999999999999
	Waiting time until service start time: 0.0

	id: 117
		node: 56
		(x, y, z): (116, 13, 1)
		dem: 5
		earl: 73
		lat: 103
		servt: 10
		pid: 0
		did: 86
		servST: 96.39999999999999
		(h, h_ind): (-1, 0)
		load: 14.0

	Finished service at time: 106.39999999999999

	Task 117 -> Task 36: 18.79
	Vehicle arrival at task: 125.19
	Waiting time until service start time: 0.0

	id: 36
		node: 20
		(x, y, z): (108, 30, 1)
		dem: 18
		earl: 96
		lat: 126
		servt: 10
		pid: 0
		did: 9
		servST: 125.19
		(h, h_ind): (-1, 0)
		load: 32.0

	Finished service at time: 135.19

	Task 36 -> Task 86: 37.01
	Vehicle arrival at task: 172.2
	Waiting time until service start time: 0.0

	id: 86
		node: 116
		(x, y, z): (137, 7, 1)
		dem: -5
		earl: 156
		lat: 186
		servt: 10
		pid: 117
		did: 0
		servST: 172.2
		(h, h_ind): (-1, 0)
		load: 27.0

	Finished service at time: 182.2

	Task 86 -> Task 109: 54.23
	Vehicle arrival at task: 236.42999999999998
	Waiting time until service start time: 0.0

	id: 109
		node: 53
		(x, y, z): (83, 12, 1)
		dem: 29
		earl: 230
		lat: 260
		servt: 10
		pid: 0
		did: 70
		servST: 236.42999999999998
		(h, h_ind): (-1, 0)
		load: 56.0

	Finished service at time: 246.42999999999998

	Task 109 -> Task 79: 44.6
	Vehicle arrival at task: 291.03
	Waiting time until service start time: 7.97

	id: 79
		node: 84
		(x, y, z): (113, 45, 1)
		dem: -9
		earl: 299
		lat: 329
		servt: 10
		pid: 44
		did: 0
		servST: 299.0
		(h, h_ind): (-1, 0)
		load: 47.0

	Finished service at time: 309.0

	Using Machine: 2
		Task 79 -> Machine 2 (Station 2): 41.23
		Vehicle arrival at machine station: 350.23
		Waiting time until machine travel: 0.0

		Machine travel start time: 350.23
		Region 1 -> Region 0: 6.32
		Machine arrival at machine station: 356.55

		Machine 2 (Station 1)-> Task 9: 21.26
		Vehicle arrival at task: 377.81
		Waiting time until service start time: 0.0

	id: 9
		node: 80
		(x, y, z): (61, 57, 0)
		dem: -18
		earl: 375
		lat: 405
		servt: 10
		pid: 36
		did: 0
		servST: 377.81
		(h, h_ind): (2, 7)
		load: 29.0

	Finished service at time: 387.81

	Task 9 -> Task 70: 31.4
	Vehicle arrival at task: 419.21
	Waiting time until service start time: 18.79

	id: 70
		node: 113
		(x, y, z): (36, 38, 0)
		dem: -29
		earl: 438
		lat: 468
		servt: 10
		pid: 109
		did: 0
		servST: 438.0
		(h, h_ind): (-1, 0)
		load: 0.0

	Finished service at time: 448.0

	Task 70 -> Task 0: 46.69
	Vehicle arrival at task: 494.69
	Waiting time until service start time: 0.0

	id: 0
		node: 122
		(x, y, z): (70, 70, 0)
		dem: 0
		earl: 0
		lat: 634
		servt: 0
		pid: 0
		did: 0
		servST: 494.69
		(h, h_ind): (-1, 0)
		load: 0.0


Vehicle 58 :
	id: 0
		node: 1
		(x, y, z): (70, 70, 0)
		dem: 0
		earl: 0
		lat: 634
		servt: 0
		pid: 0
		did: 0
		servST: 29.229999999999997
		(h, h_ind): (-1, 0)
		load: 0.0

	Finished service at time: 29.229999999999997

	Task 0 -> Task 112: 41.77
	Vehicle arrival at task: 71.0
	Waiting time until service start time: 0.0

	id: 112
		node: 54
		(x, y, z): (78, 111, 0)
		dem: 22
		earl: 41
		lat: 71
		servt: 10
		pid: 0
		did: 146
		servST: 71.0
		(h, h_ind): (-1, 0)
		load: 22.0

	Finished service at time: 81.0

	Using Machine: 2
		Task 112 -> Machine 2 (Station 1): 38.12
		Vehicle arrival at machine station: 119.12
		Waiting time until machine travel: 53.1

		Machine travel start time: 172.22
		Region 0 -> Region 1: 6.32
		Machine arrival at machine station: 178.54

		Machine 2 (Station 2)-> Task 146: 40.46
		Vehicle arrival at task: 219.0
		Waiting time until service start time: 0.0

	id: 146
		node: 114
		(x, y, z): (107, 102, 1)
		dem: -22
		earl: 219
		lat: 249
		servt: 10
		pid: 112
		did: 0
		servST: 219.0
		(h, h_ind): (2, 4)
		load: 0.0

	Finished service at time: 229.0

	Using Machine: 3
		Task 146 -> Machine 3 (Station 2): 38.29
		Vehicle arrival at machine station: 267.29
		Waiting time until machine travel: 0.0

		Machine travel start time: 267.29
		Region 1 -> Region 0: 8.25
		Machine arrival at machine station: 275.54

		Machine 3 (Station 1)-> Task 0: 4.12
		Vehicle arrival at task: 279.66
		Waiting time until service start time: 0.0

	id: 0
		node: 122
		(x, y, z): (70, 70, 0)
		dem: 0
		earl: 0
		lat: 634
		servt: 0
		pid: 0
		did: 0
		servST: 279.66
		(h, h_ind): (3, 3)
		load: 0.0


---------------------| MACHINES |---------------------

Machine 0 :
	setup duration: 0.0

	vehicle: 2
	vehicleInd: 2
	(orig, dest): (0, 63)
	(origRegion, destRegion): (0, 1)
	st: 18.35
	duration: 12.04


Machine 1 :
	setup duration: 0.0

	vehicle: 30
	vehicleInd: 2
	(orig, dest): (0, 7)
	(origRegion, destRegion): (0, 1)
	st: 9.489999999999995
	duration: 8.06


Machine 2 :
	setup duration: 0.0

	vehicle: 57
	vehicleInd: 2
	(orig, dest): (0, 44)
	(origRegion, destRegion): (0, 1)
	st: 9.709999999999994
	duration: 6.32

	setup duration: 6.32

	vehicle: 1
	vehicleInd: 2
	(orig, dest): (0, 132)
	(origRegion, destRegion): (0, 1)
	st: 22.349999999999994
	duration: 6.32

	setup duration: 6.32

	vehicle: 52
	vehicleInd: 3
	(orig, dest): (87, 8)
	(origRegion, destRegion): (0, 1)
	st: 107.28
	duration: 6.32

	setup duration: 6.32

	vehicle: 58
	vehicleInd: 3
	(orig, dest): (112, 146)
	(origRegion, destRegion): (0, 1)
	st: 172.22
	duration: 6.32

	setup duration: 0.0

	vehicle: 1
	vehicleInd: 5
	(orig, dest): (48, 121)
	(origRegion, destRegion): (1, 0)
	st: 232.8
	duration: 6.32

	setup duration: 0.0

	vehicle: 29
	vehicleInd: 4
	(orig, dest): (38, 53)
	(origRegion, destRegion): (0, 1)
	st: 300.56
	duration: 6.32

	setup duration: 0.0

	vehicle: 57
	vehicleInd: 8
	(orig, dest): (79, 9)
	(origRegion, destRegion): (1, 0)
	st: 350.23
	duration: 6.32

	setup duration: 6.32

	vehicle: 2
	vehicleInd: 12
	(orig, dest): (61, 0)
	(origRegion, destRegion): (1, 0)
	st: 599.76
	duration: 6.32


Machine 3 :
	setup duration: 0.0

	vehicle: 53
	vehicleInd: 2
	(orig, dest): (0, 1)
	(origRegion, destRegion): (0, 1)
	st: 19.35
	duration: 8.25

	setup duration: 8.25

	vehicle: 33
	vehicleInd: 2
	(orig, dest): (0, 92)
	(origRegion, destRegion): (0, 1)
	st: 69.81
	duration: 8.25

	setup duration: 0.0

	vehicle: 58
	vehicleInd: 4
	(orig, dest): (146, 0)
	(origRegion, destRegion): (1, 0)
	st: 267.29
	duration: 8.25

	setup duration: 8.25

	vehicle: 52
	vehicleInd: 5
	(orig, dest): (76, 40)
	(origRegion, destRegion): (1, 0)
	st: 299.98
	duration: 8.25

	setup duration: 8.25

	vehicle: 30
	vehicleInd: 8
	(orig, dest): (160, 0)
	(origRegion, destRegion): (1, 0)
	st: 339.18
	duration: 8.25

	setup duration: 8.25

	vehicle: 33
	vehicleInd: 6
	(orig, dest): (103, 43)
	(origRegion, destRegion): (1, 0)
	st: 376.56
	duration: 8.25

	setup duration: 8.25

	vehicle: 31
	vehicleInd: 10
	(orig, dest): (154, 0)
	(origRegion, destRegion): (1, 0)
	st: 418.3
	duration: 8.25

	setup duration: 8.25

	vehicle: 10
	vehicleInd: 8
	(orig, dest): (148, 0)
	(origRegion, destRegion): (1, 0)
	st: 491.26
	duration: 8.25


Machine 4 :
	setup duration: 0.0

	vehicle: 31
	vehicleInd: 2
	(orig, dest): (0, 51)
	(origRegion, destRegion): (0, 1)
	st: 23.539999999999992
	duration: 12.81

	setup duration: 0.0

	vehicle: 53
	vehicleInd: 6
	(orig, dest): (113, 33)
	(origRegion, destRegion): (1, 0)
	st: 252.73
	duration: 12.81

	setup duration: 12.81

	vehicle: 29
	vehicleInd: 6
	(orig, dest): (192, 0)
	(origRegion, destRegion): (1, 0)
	st: 428.33
	duration: 12.81


Machine 5 :
	setup duration: 0.0

	vehicle: 10
	vehicleInd: 2
	(orig, dest): (0, 81)
	(origRegion, destRegion): (0, 1)
	st: 13.420000000000002
	duration: 18.38


-------------------| COMPL. TIMES |-------------------

Vehicle 0 : 0.0
Vehicle 1 : 474.48
Vehicle 2 : 604.87
Vehicle 3 : 0.0
Vehicle 4 : 0.0
Vehicle 5 : 0.0
Vehicle 6 : 0.0
Vehicle 7 : 0.0
Vehicle 8 : 0.0
Vehicle 9 : 0.0
Vehicle 10 : 494.33
Vehicle 11 : 0.0
Vehicle 12 : 0.0
Vehicle 13 : 0.0
Vehicle 14 : 567.66
Vehicle 15 : 0.0
Vehicle 16 : 0.0
Vehicle 17 : 0.0
Vehicle 18 : 0.0
Vehicle 19 : 0.0
Vehicle 20 : 0.0
Vehicle 21 : 0.0
Vehicle 22 : 0.0
Vehicle 23 : 0.0
Vehicle 24 : 497.37
Vehicle 25 : 0.0
Vehicle 26 : 555.8499999999999
Vehicle 27 : 0.0
Vehicle 28 : 0.0
Vehicle 29 : 274.76
Vehicle 30 : 349.87
Vehicle 31 : 410.74
Vehicle 32 : 0.0
Vehicle 33 : 529.3699999999999
Vehicle 34 : 0.0
Vehicle 35 : 0.0
Vehicle 36 : 0.0
Vehicle 37 : 470.2
Vehicle 38 : 0.0
Vehicle 39 : 0.0
Vehicle 40 : 0.0
Vehicle 41 : 0.0
Vehicle 42 : 0.0
Vehicle 43 : 0.0
Vehicle 44 : 0.0
Vehicle 45 : 0.0
Vehicle 46 : 0.0
Vehicle 47 : 0.0
Vehicle 48 : 0.0
Vehicle 49 : 0.0
Vehicle 50 : 0.0
Vehicle 51 : 0.0
Vehicle 52 : 453.92
Vehicle 53 : 555.95
Vehicle 54 : 0.0
Vehicle 55 : 497.4599999999999
Vehicle 56 : 0.0
Vehicle 57 : 490.81
Vehicle 58 : 250.43000000000004
Vehicle 59 : 0.0
-------------------| STATISTICS |-------------------

    Vehicles used                           : 26.6667
    Machines used                           : 100.0
    Max load (vehicles)                     : 100.0
    Min load (vehicles)                     : 22.2222
    Mean load (vehicles)                    : 66.1006
    Min completion time                     : 39.5
    Max completion time                     : 95.4054
    Mean completion time                    : 73.7191
    Avrg travel time (with vehicle)         : 7.3885
    Avrg travel time (only with vehicle)    : 5.086
    Avrg travel time (no vehicle)           : 2.3026
    Avrg waiting time (machine travel)      : 1.9616
    Avrg waiting time (service)             : 14.4391
    Machines travel times (with vehicle)    : [1.8991, 1.2713, 11.9621, 18.2177, 8.082, 2.8991]
    Machines travel times (no vehicle)      : [0.0, 0.0, 3.9874, 7.8076, 2.0205, 0.0]
    Max load per vehicle                    : [0.0, 61.1111, 74.4186, 0.0, 0.0, 0.0, 0.0, 0.0, 0.0, 0.0, 84.7222, 0.0, 0.0, 0.0, 89.5349, 0.0, 0.0, 0.0, 0.0, 0.0, 0.0, 0.0, 0.0, 0.0, 56.9767, 0.0, 65.1163, 0.0, 0.0, 27.7778, 86.1111, 100.0, 0.0, 38.3721, 0.0, 0.0, 0.0, 55.5556, 0.0, 0.0, 0.0, 0.0, 0.0, 0.0, 0.0, 0.0, 0.0, 0.0, 0.0, 0.0, 0.0, 0.0, 22.2222, 70.9302, 0.0, 90.2778, 0.0, 96.5517, 37.931, 0.0]

----------------------------------------------------

TOTAL: 7478.07

Everything is awesome!
