-------------------| STATISTICS |-------------------

Vehicles used                           : 41.6667
Machines used                           : 100.0
Max load (vehicles)                     : 96.7742
Min load (vehicles)                     : 25.8065
Mean load (vehicles)                    : 68.3989
Min completion time                     : 79.0127
Max completion time                     : 87.6835
Mean completion time                    : 83.092
Avrg travel time (with vehicle)         : 23.2574
Avrg travel time (only with vehicle)    : 15.2869
Avrg travel time (no vehicle)           : 7.9705
Avrg waiting time (machine travel)      : 2.4342
Avrg waiting time (service)             : 6.4395
Machines travel times (with vehicle)    : [25.9916, 26.0675, 16.1181, 24.8523]
Machines travel times (no vehicle)      : [8.0591, 7.8819, 8.0591, 7.8819]
Max load per vehicle                    : [76.1905, 0.0, 25.8065, 54.7619, 0.0, 0.0, 88.4615, 0.0, 0.0, 0.0, 96.7742, 0.0]

----------------------------------------------------

TOTAL: 984.6399999999999

Everything is awesome!
