-------------------| STATISTICS |-------------------

Vehicles used                           : 35.0
Machines used                           : 100.0
Max load (vehicles)                     : 93.0233
Min load (vehicles)                     : 20.6897
Mean load (vehicles)                    : 55.802
Min completion time                     : 33.0328
Max completion time                     : 99.6209
Mean completion time                    : 70.5773
Avrg travel time (with vehicle)         : 6.3963
Avrg travel time (only with vehicle)    : 4.3682
Avrg travel time (no vehicle)           : 2.0281
Avrg waiting time (machine travel)      : 0.0
Avrg waiting time (service)             : 7.8614
Machines travel times (with vehicle)    : [3.1201, 1.5601, 15.6006, 2.3401, 9.3604]
Machines travel times (no vehicle)      : [0.78, 0.0, 5.4602, 0.78, 3.1201]
Max load per vehicle                    : [0.0, 0.0, 0.0, 72.093, 0.0, 0.0, 79.1667, 0.0, 0.0, 0.0, 0.0, 26.7442, 20.6897, 52.7778, 0.0, 59.7222, 0.0, 41.3793, 0.0, 63.7931, 93.0233, 0.0, 0.0, 0.0, 0.0, 55.5556, 0.0, 0.0, 0.0, 0.0, 0.0, 91.3793, 0.0, 0.0, 31.9444, 0.0, 63.7931, 29.1667, 0.0, 0.0]

----------------------------------------------------

TOTAL: 6333.610000000001

Everything is awesome!
