-------------------| STATISTICS |-------------------

Vehicles used                           : 10.0
Machines used                           : 100.0
Max load (vehicles)                     : 96.6667
Min load (vehicles)                     : 33.3333
Mean load (vehicles)                    : 79.375
Min completion time                     : 10.3621
Max completion time                     : 82.2659
Mean completion time                    : 58.6345
Avrg travel time (with vehicle)         : 10.9862
Avrg travel time (only with vehicle)    : 7.111
Avrg travel time (no vehicle)           : 3.8752
Avrg waiting time (machine travel)      : 1.7546
Avrg waiting time (service)             : 5.0066
Machines travel times (with vehicle)    : [4.9771, 3.0201, 12.8564, 18.4702, 15.6071]
Machines travel times (no vehicle)      : [2.3014, 1.5101, 4.9519, 7.1527, 3.46]
Max load per vehicle                    : [0.0, 0.0, 95.8333, 0.0, 0.0, 0.0, 0.0, 0.0, 0.0, 0.0, 0.0, 0.0, 0.0, 96.6667, 0.0, 0.0, 0.0, 0.0, 0.0, 0.0, 33.3333, 0.0, 0.0, 0.0, 0.0, 91.6667, 0.0, 0.0, 0.0, 0.0, 0.0, 0.0, 0.0, 0.0, 0.0, 0.0, 0.0, 0.0, 0.0, 0.0]

----------------------------------------------------

TOTAL: 5945.54

Everything is awesome!
