-------------------| STATISTICS |-------------------

Vehicles used                           : 17.5
Machines used                           : 80.0
Max load (vehicles)                     : 93.1034
Min load (vehicles)                     : 51.7241
Mean load (vehicles)                    : 75.7561
Min completion time                     : 44.3549
Max completion time                     : 97.8423
Mean completion time                    : 82.8921
Avrg travel time (with vehicle)         : 8.0438
Avrg travel time (only with vehicle)    : 5.3198
Avrg travel time (no vehicle)           : 2.724
Avrg waiting time (machine travel)      : 0.5832
Avrg waiting time (service)             : 1.3586
Machines travel times (with vehicle)    : [2.2413, 12.3028, 0.0, 5.5079, 12.123]
Machines travel times (no vehicle)      : [0.0, 4.1009, 0.0, 2.7539, 4.041]
Max load per vehicle                    : [79.3103, 75.0, 0.0, 0.0, 0.0, 0.0, 0.0, 0.0, 93.1034, 0.0, 0.0, 51.7241, 0.0, 0.0, 0.0, 0.0, 0.0, 0.0, 60.4651, 0.0, 0.0, 0.0, 0.0, 0.0, 0.0, 0.0, 0.0, 0.0, 0.0, 0.0, 0.0, 0.0, 0.0, 0.0, 0.0, 0.0, 0.0, 79.3103, 91.3793, 0.0]

----------------------------------------------------

TOTAL: 3678.750000000001

Everything is awesome!
