Set parameter WLSAccessID
Set parameter WLSSecret
Set parameter LicenseID to value 2661775
Academic license 2661775 - for non-commercial use only - registered to me___@dcc.ufba.br
Loading line 2: methodType heur
Loading line 3: methodCode mslp
Loading line 4: seed 0
Loading line 5: threads 1
Loading line 6: greedy_service_order random
Loading line 7: outputFlagGrbMSLP 0
Loading line 8: mslpa 60000
Loading line 9: mslpr I
Loading line 10: maxtime 3600
Loading line 11: output ./logs/
Loading line 12: printsol 1
Loading line 13: solverMethod A
Instance: LR1_2_6_t1_40R_40V_02F_05M

[19:19:07.063] Running Data.readData with file /dados/rmelo/PDPTW-SE/benchmark_multi_floor_v3/official_experiments/multistartlp/preliminar/set_01_pt_03/../../../../instances/orig_ams_fg/40R_40V_02F_06M/t1/LR1_2_6/
vehicles: Vehicle[Vehicle(0, 48), Vehicle(1, 60), Vehicle(2, 72), Vehicle(3, 48), Vehicle(4, 60), Vehicle(5, 72), Vehicle(6, 60), Vehicle(7, 60), Vehicle(8, 72), Vehicle(9, 48), Vehicle(10, 60), Vehicle(11, 72), Vehicle(12, 72), Vehicle(13, 72), Vehicle(14, 48), Vehicle(15, 72), Vehicle(16, 48), Vehicle(17, 48), Vehicle(18, 48), Vehicle(19, 48), Vehicle(20, 72), Vehicle(21, 72), Vehicle(22, 48), Vehicle(23, 48), Vehicle(24, 60), Vehicle(25, 48), Vehicle(26, 48), Vehicle(27, 60), Vehicle(28, 48), Vehicle(29, 60), Vehicle(30, 48), Vehicle(31, 72), Vehicle(32, 48), Vehicle(33, 60), Vehicle(34, 72), Vehicle(35, 72), Vehicle(36, 48), Vehicle(37, 72), Vehicle(38, 60), Vehicle(39, 48)]
vehicle_types: Vehicle[Vehicle(0, 48), Vehicle(1, 60), Vehicle(2, 72)]
Machine[Machine(0, Point[Point(71, 71, 0), Point(71, 71, 1)], 0.2), Machine(1, Point[Point(73, 71, 0), Point(73, 71, 1)], 0.2), Machine(2, Point[Point(69, 71, 0), Point(69, 71, 1)], 0.2), Machine(3, Point[Point(75, 71, 0), Point(75, 71, 1)], 0.2), Machine(4, Point[Point(67, 71, 0), Point(67, 71, 1)], 0.2)]
refs: [1, 2, 4, 7, 9, 10, 11, 12, 13, 15, 17, 18, 19, 20, 21, 22, 24, 25, 27, 29, 30, 31, 32, 33, 34, 35, 36, 38, 39, 40, 41, 42, 43, 44, 45, 46, 48, 49, 51, 54, 56, 81, 77, 76, 65, 16, 70, 74, 73, 66, 37, 26, 58, 47, 5, 59, 62, 55, 72, 60, 79, 8, 68, 6, 53, 64, 78, 3, 50, 14, 23, 80, 63, 75, 71, 52, 67, 69, 57, 28, 61, 1]
V: [1, 2, 3, 4, 5, 6, 7, 8, 9, 10, 11, 12, 13, 14, 15, 16, 17, 18, 19, 20, 21, 22, 23, 24, 25, 26, 27, 28, 29, 30, 31, 32, 33, 34, 35, 36, 37, 38, 39, 40, 41, 42, 43, 44, 45, 46, 47, 48, 49, 50, 51, 52, 53, 54, 55, 56, 57, 58, 59, 60, 61, 62, 63, 64, 65, 66, 67, 68, 69, 70, 71, 72, 73, 74, 75, 76, 77, 78, 79, 80, 81]
V_p: [2, 3, 4, 5, 6, 7, 8, 9, 10, 11, 12, 13, 14, 15, 16, 17, 18, 19, 20, 21, 22, 23, 24, 25, 26, 27, 28, 29, 30, 31, 32, 33, 34, 35, 36, 37, 38, 39, 40, 41]
V_d: [42, 43, 44, 45, 46, 47, 48, 49, 50, 51, 52, 53, 54, 55, 56, 57, 58, 59, 60, 61, 62, 63, 64, 65, 66, 67, 68, 69, 70, 71, 72, 73, 74, 75, 76, 77, 78, 79, 80, 81]
Vprime: [1, 2, 3, 4, 5, 6, 7, 8, 9, 10, 11, 12, 13, 14, 15, 16, 17, 18, 19, 20, 21, 22, 23, 24, 25, 26, 27, 28, 29, 30, 31, 32, 33, 34, 35, 36, 37, 38, 39, 40, 41, 42, 43, 44, 45, 46, 47, 48, 49, 50, 51, 52, 53, 54, 55, 56, 57, 58, 59, 60, 61, 62, 63, 64, 65, 66, 67, 68, 69, 70, 71, 72, 73, 74, 75, 76, 77, 78, 79, 80, 81, 82]
V: [1, 2, 3, 4, 5, 6, 7, 8, 9, 10, 11, 12, 13, 14, 15, 16, 17, 18, 19, 20, 21, 22, 23, 24, 25, 26, 27, 28, 29, 30, 31, 32, 33, 34, 35, 36, 37, 38, 39, 40, 41, 42, 43, 44, 45, 46, 47, 48, 49, 50, 51, 52, 53, 54, 55, 56, 57, 58, 59, 60, 61, 62, 63, 64, 65, 66, 67, 68, 69, 70, 71, 72, 73, 74, 75, 76, 77, 78, 79, 80, 81]
q: [0, 8, 19, 21, 15, 13, 13, 7, 18, 10, 8, 9, 7, 18, 18, 18, 15, 9, 30, 23, 9, 13, 23, 9, 31, 24, 26, 12, 10, 1, 6, 36, 17, 23, 32, 20, 21, 24, 18, 4, 4, -8, -19, -21, -15, -13, -13, -7, -18, -10, -8, -9, -7, -18, -18, -18, -15, -9, -30, -23, -9, -13, -23, -9, -31, -24, -26, -12, -10, -1, -6, -36, -17, -23, -32, -20, -21, -24, -18, -4, -4, 0]
H: [1, 2, 3, 4, 5]
f: [[1, 1, 1, 1, 1], [2, 2, 2, 2, 2], [2, 2, 2, 2, 2], [1, 1, 1, 1, 1], [2, 2, 2, 2, 2], [1, 1, 1, 1, 1], [1, 1, 1, 1, 1], [1, 1, 1, 1, 1], [2, 2, 2, 2, 2], [1, 1, 1, 1, 1], [2, 2, 2, 2, 2], [1, 1, 1, 1, 1], [2, 2, 2, 2, 2], [2, 2, 2, 2, 2], [2, 2, 2, 2, 2], [1, 1, 1, 1, 1], [1, 1, 1, 1, 1], [2, 2, 2, 2, 2], [2, 2, 2, 2, 2], [2, 2, 2, 2, 2], [2, 2, 2, 2, 2], [2, 2, 2, 2, 2], [2, 2, 2, 2, 2], [2, 2, 2, 2, 2], [2, 2, 2, 2, 2], [1, 1, 1, 1, 1], [2, 2, 2, 2, 2], [2, 2, 2, 2, 2], [1, 1, 1, 1, 1], [2, 2, 2, 2, 2], [2, 2, 2, 2, 2], [2, 2, 2, 2, 2], [2, 2, 2, 2, 2], [2, 2, 2, 2, 2], [2, 2, 2, 2, 2], [2, 2, 2, 2, 2], [2, 2, 2, 2, 2], [1, 1, 1, 1, 1], [2, 2, 2, 2, 2], [2, 2, 2, 2, 2], [2, 2, 2, 2, 2], [2, 2, 2, 2, 2], [1, 1, 1, 1, 1], [2, 2, 2, 2, 2], [1, 1, 1, 1, 1], [2, 2, 2, 2, 2], [1, 1, 1, 1, 1], [1, 1, 1, 1, 1], [2, 2, 2, 2, 2], [1, 1, 1, 1, 1], [2, 2, 2, 2, 2], [1, 1, 1, 1, 1], [1, 1, 1, 1, 1], [1, 1, 1, 1, 1], [1, 1, 1, 1, 1], [2, 2, 2, 2, 2], [2, 2, 2, 2, 2], [1, 1, 1, 1, 1], [2, 2, 2, 2, 2], [2, 2, 2, 2, 2], [1, 1, 1, 1, 1], [2, 2, 2, 2, 2], [1, 1, 1, 1, 1], [1, 1, 1, 1, 1], [2, 2, 2, 2, 2], [2, 2, 2, 2, 2], [1, 1, 1, 1, 1], [1, 1, 1, 1, 1], [1, 1, 1, 1, 1], [2, 2, 2, 2, 2], [2, 2, 2, 2, 2], [1, 1, 1, 1, 1], [1, 1, 1, 1, 1], [1, 1, 1, 1, 1], [2, 2, 2, 2, 2], [2, 2, 2, 2, 2], [1, 1, 1, 1, 1], [2, 2, 2, 2, 2], [1, 1, 1, 1, 1], [2, 2, 2, 2, 2], [2, 2, 2, 2, 2], [1, 1, 1, 1, 1]]
1 1 1 -> 0.0
1 2 1 -> 5.0
2 1 1 -> 5.0
2 2 1 -> 0.0
1 1 2 -> 0.0
1 2 2 -> 5.0
2 1 2 -> 5.0
2 2 2 -> 0.0
1 1 3 -> 0.0
1 2 3 -> 5.0
2 1 3 -> 5.0
2 2 3 -> 0.0
1 1 4 -> 0.0
1 2 4 -> 5.0
2 1 4 -> 5.0
2 2 4 -> 0.0
1 1 5 -> 0.0
1 2 5 -> 5.0
2 1 5 -> 5.0
2 2 5 -> 0.0
o: (1, 2, 1) => 5.0
o: (1, 2, 5) => 5.0
o: (1, 2, 3) => 5.0
o: (1, 1, 2) => 0.0
o: (2, 1, 4) => 5.0
o: (1, 2, 2) => 5.0
o: (2, 1, 1) => 5.0
o: (2, 1, 5) => 5.0
o: (2, 1, 3) => 5.0
o: (2, 2, 4) => 0.0
o: (2, 2, 1) => 0.0
o: (2, 2, 5) => 0.0
o: (2, 2, 3) => 0.0
o: (2, 1, 2) => 5.0
o: (1, 1, 4) => 0.0
o: (1, 1, 1) => 0.0
o: (1, 1, 5) => 0.0
o: (1, 1, 3) => 0.0
o: (1, 2, 4) => 5.0
o: (2, 2, 2) => 0.0

[109, 1347, 1337, 1257, 1247, 1252, 1162, 6]
JOBS in the order of refs (Vprime)
Node 1: Job(0, Point(70, 70, 0), 0, 0, 1151, 0, 0, 0)
Node 2: Job(2, Point(109, 139, 1), 8, 113, 143, 10, 0, 200)
Node 3: Job(4, Point(48, 47, 1), 19, 31, 61, 10, 0, 188)
Node 4: Job(8, Point(121, 124, 0), 21, 150, 180, 10, 0, 181)
Node 5: Job(14, Point(102, 52, 1), 15, 0, 588, 10, 0, 117)
Node 6: Job(15, Point(41, 36, 0), 13, 51, 81, 10, 0, 29)
Node 7: Job(18, Point(104, 54, 0), 13, 53, 83, 10, 0, 158)
Node 8: Job(20, Point(46, 133, 0), 7, 76, 106, 10, 0, 177)
Node 9: Job(23, Point(18, 104, 1), 18, 337, 367, 10, 0, 174)
Node 10: Job(26, Point(139, 73, 0), 10, 87, 117, 10, 0, 126)
Node 11: Job(30, Point(64, 132, 1), 8, 62, 92, 10, 0, 62)
Node 12: Job(32, Point(54, 106, 0), 9, 0, 585, 10, 0, 45)
Node 13: Job(34, Point(63, 129, 1), 7, 206, 236, 10, 0, 98)
Node 14: Job(35, Point(82, 100, 1), 18, 773, 803, 10, 0, 76)
Node 15: Job(36, Point(108, 30, 1), 18, 96, 126, 10, 0, 5)
Node 16: Job(38, Point(50, 112, 0), 18, 232, 262, 10, 0, 99)
Node 17: Job(43, Point(13, 48, 0), 15, 420, 450, 10, 0, 110)
Node 18: Job(44, Point(113, 35, 1), 9, 55, 85, 10, 0, 86)
Node 19: Job(46, Point(44, 58, 1), 30, 536, 566, 10, 0, 167)
Node 20: Job(48, Point(116, 105, 1), 23, 144, 174, 10, 0, 103)
Node 21: Job(49, Point(117, 4, 1), 9, 0, 543, 10, 0, 195)
Node 22: Job(50, Point(140, 42, 1), 13, 0, 549, 10, 0, 11)
Node 23: Job(55, Point(89, 39, 1), 23, 36, 66, 10, 0, 133)
Node 24: Job(56, Point(54, 41, 1), 9, 0, 591, 10, 0, 7)
Node 25: Job(57, Point(39, 100, 1), 31, 66, 96, 10, 0, 84)
Node 26: Job(58, Point(5, 99, 0), 24, 0, 553, 10, 0, 114)
Node 27: Job(59, Point(67, 96, 1), 26, 0, 598, 10, 0, 189)
Node 28: Job(63, Point(103, 44, 1), 12, 42, 72, 10, 0, 3)
Node 29: Job(64, Point(97, 12, 0), 10, 206, 236, 10, 0, 79)
Node 30: Job(66, Point(140, 36, 1), 1, 176, 206, 10, 0, 25)
Node 31: Job(67, Point(90, 44, 1), 6, 52, 82, 10, 0, 41)
Node 32: Job(68, Point(113, 32, 1), 36, 144, 174, 10, 0, 197)
Node 33: Job(69, Point(104, 73, 1), 17, 249, 279, 10, 0, 113)
Node 34: Job(71, Point(15, 4, 1), 23, 101, 131, 10, 0, 179)
Node 35: Job(73, Point(70, 94, 1), 32, 24, 54, 10, 0, 159)
Node 36: Job(74, Point(35, 90, 1), 20, 446, 476, 10, 0, 83)
Node 37: Job(77, Point(10, 111, 1), 21, 493, 523, 10, 0, 127)
Node 38: Job(78, Point(138, 105, 0), 24, 403, 433, 10, 0, 148)
Node 39: Job(80, Point(92, 22, 1), 18, 0, 572, 10, 0, 91)
Node 40: Job(85, Point(12, 48, 1), 4, 62, 92, 10, 0, 47)
Node 41: Job(87, Point(79, 80, 1), 4, 13, 43, 10, 0, 105)
Node 42: Job(200, Point(95, 135, 1), -8, 401, 431, 10, 2, 0)
Node 43: Job(188, Point(44, 36, 0), -19, 96, 126, 10, 4, 0)
Node 44: Job(181, Point(100, 99, 1), -21, 299, 329, 10, 8, 0)
Node 45: Job(117, Point(116, 13, 0), -15, 0, 551, 10, 14, 0)
Node 46: Job(29, Point(20, 69, 1), -13, 378, 408, 10, 15, 0)
Node 47: Job(158, Point(120, 47, 0), -13, 55, 85, 10, 18, 0)
Node 48: Job(177, Point(13, 129, 0), -7, 351, 381, 10, 20, 0)
Node 49: Job(174, Point(37, 79, 1), -18, 428, 458, 10, 23, 0)
Node 50: Job(126, Point(139, 72, 0), -10, 337, 367, 10, 26, 0)
Node 51: Job(62, Point(55, 127, 1), -8, 258, 288, 10, 30, 0)
Node 52: Job(45, Point(60, 84, 0), -9, 482, 512, 10, 32, 0)
Node 53: Job(98, Point(49, 140, 0), -7, 321, 351, 10, 34, 0)
Node 54: Job(76, Point(109, 131, 0), -18, 887, 917, 10, 35, 0)
Node 55: Job(5, Point(116, 22, 0), -18, 198, 228, 10, 36, 0)
Node 56: Job(99, Point(69, 115, 1), -18, 0, 579, 10, 38, 0)
Node 57: Job(110, Point(34, 72, 1), -15, 549, 579, 10, 43, 0)
Node 58: Job(86, Point(137, 7, 0), -9, 194, 224, 10, 44, 0)
Node 59: Job(167, Point(39, 13, 1), -30, 1039, 1069, 10, 46, 0)
Node 60: Job(103, Point(103, 82, 1), -23, 326, 356, 10, 48, 0)
Node 61: Job(195, Point(105, 2, 0), -9, 248, 278, 10, 49, 0)
Node 62: Job(11, Point(129, 24, 1), -13, 0, 550, 10, 50, 0)
Node 63: Job(133, Point(98, 4, 0), -23, 178, 208, 10, 55, 0)
Node 64: Job(7, Point(86, 40, 0), -9, 0, 590, 10, 56, 0)
Node 65: Job(84, Point(46, 112, 1), -31, 286, 316, 10, 57, 0)
Node 66: Job(114, Point(29, 94, 1), -24, 0, 577, 10, 58, 0)
Node 67: Job(189, Point(8, 138, 0), -26, 0, 532, 10, 59, 0)
Node 68: Job(3, Point(120, 22, 0), -12, 150, 180, 10, 63, 0)
Node 69: Job(79, Point(113, 45, 0), -10, 299, 329, 10, 64, 0)
Node 70: Job(25, Point(107, 25, 1), -1, 274, 304, 10, 66, 0)
Node 71: Job(41, Point(81, 36, 1), -6, 62, 92, 10, 67, 0)
Node 72: Job(197, Point(93, 61, 0), -36, 521, 551, 10, 68, 0)
Node 73: Job(113, Point(116, 83, 0), -17, 0, 577, 10, 69, 0)
Node 74: Job(179, Point(15, 9, 0), -23, 410, 440, 10, 71, 0)
Node 75: Job(159, Point(37, 125, 1), -32, 343, 373, 10, 73, 0)
Node 76: Job(83, Point(51, 92, 1), -20, 448, 478, 10, 74, 0)
Node 77: Job(127, Point(2, 106, 0), -21, 134, 682, 10, 77, 0)
Node 78: Job(148, Point(123, 84, 1), -24, 510, 540, 10, 78, 0)
Node 79: Job(91, Point(83, 38, 0), -18, 476, 506, 10, 80, 0)
Node 80: Job(47, Point(8, 87, 1), -4, 401, 431, 10, 85, 0)
Node 81: Job(105, Point(70, 83, 1), -4, 485, 515, 10, 87, 0)
Node 82: Job(0, Point(70, 70, 0), 0, 0, 1151, 0, 0, 0)

### Preprocessing Data ###
	-> arcs: 6724 (100.0%)
	-> arc_removals: 5176 (76.98%)
	-> arc_removals_is_loop: 82 (1.22%)
	-> arc_removals_is_delivery_to_pickup: 42 (0.62%)
	-> arc_removals_is_depot_begin_to_delivery: 40 (0.59%)
	-> arc_removals_is_pickup_to_depot_end: 40 (0.59%)
	-> arc_removals_is_dest_depot_begin: 80 (1.19%)
	-> arc_removals_is_orig_depot_end: 79 (1.17%)
	-> arc_removals_is_capacity_violated: 0 (0.0%)
	-> arc_removals_is_time_window_limited: 3225 (47.96%)
	-> arc_removals_is_time_window_pairing_limited: 1421 (21.13%)
	-> arc_removals_is_indirect_request_service_impossible: 167 (2.48%)
	-> gamma_vars: 0 (0%)
	-> feas_gamma_vars: 0 (0%)
	-> infeas_gamma_vars_is_next_mtrv_unreachable: 0 (0%)
	-> infeas_gamma_vars_is_iprime_jprime_eq_i_j: 0 (0%)
	-> machine_removal_for_an_arc: 0 (0.0%)
##########################

[19:19:17.069] Print configuration
------------------------------------------------------
"
[19:19:17.069] Running Multi Start Heuristic"
> Experiment started at 2025-10-08T19:19:17.069
> Instance: LR1_2_6_t1_40R_40V_02F_05M
> Algorithm Parameters:


	>Stop params:
		>  - rule ITERATIONS
		>  - argument 60000.0
		>  - maximum_time 3600

	>General params:
		>  - instPath /dados/rmelo/PDPTW-SE/benchmark_multi_floor_v3/official_experiments/multistartlp/preliminar/set_01_pt_03/../../../../instances/orig_ams_fg/40R_40V_02F_06M/t1/LR1_2_6/
		>  - name LR1_2_6
		>  - type t1
		>  - group 40R_40V_02F_05M
		>  - fullname LR1_2_6_t1_40R_40V_02F_05M
		>  - methodType heur
		>  - methodCode mslp
		>  - genconfigfile /dados/rmelo/PDPTW-SE/benchmark_multi_floor_v3/official_experiments/multistartlp/preliminar/set_01_pt_03/configs/genconfig_mslp.conf
		>  - genconfigfilename genconfig_mslp
		>  - greedy_service_order random
		>  - cutoff 0
		>  - cutoffmachs 5
		>  - num_machs 0
		>  - solver Gurobi
		>  - maxtime 3600
		>  - gurobiCuts 1
		>  - typeUserCut 0
		>  - mipPresolve -1
		>  - printsol 1
		>  - maxnodes -1
		>  - elevator 1
		>  - make_instance_feasible false
		>  - output /dados/rmelo/PDPTW-SE/benchmark_multi_floor_v3/official_experiments/multistartlp/preliminar/set_01_pt_03/logs
		>  - suff_outputs _seed_59_alpha_10p
		>  - suff_csv _bash_2
		>  - epsilon 0.005
		>  - epsilonCap 0.5
		>  - warmStart false
		>  - seed 59
		>  - rng Random.MersenneTwister(59)
		>  - alpha 0.1
		>  - maxiter 1000000
		>  - outputFlagGrbMIP 0
		>  - outputFlagGrbMSLP 0
		>  - outputFlagGrbLMNS 0
		>  - mslpr I
		>  - mslpa 60000
		>  - lmnsr M
		>  - lmnsa 60
		>  - lmnsRepairTime 30.0
		>  - lmnsMIPFocus 0
		>  - lmnsGapToBiggerDestruction 50
		>  - lmnsGapToSmallerDestruction 95
		>  - lmnsWeightShawDistProx 1.0
		>  - lmnsWeightShawEarlProx 1.0
		>  - lmnsWeightShawSameRoute 1.0
		>  - lmnsWeightShawDemandSim 1.0
		>  - lmnsReqRApplyMIPStart true
		>  - lmnsAcceptanceCriteria H
		>  - lmnsMetropolisTemp 100.0
		>  - lmnsSimulatedAnnealingTemp 100.0
		>  - lmnsSimulatedAnnealingCool 0.95
		>  - mipmaxtime 3600
		>  - csvfilename /dados/rmelo/PDPTW-SE/benchmark_multi_floor_v3/official_experiments/multistartlp/preliminar/set_01_pt_03/logs/heur_mslp/outputs/csvresults_heur_mslp_bash_2.csv
		>  - solfilename /dados/rmelo/PDPTW-SE/benchmark_multi_floor_v3/official_experiments/multistartlp/preliminar/set_01_pt_03/logs/heur_mslp/solutions/40R_40V_02F_05M/LR1_2_6_sol_genconfig_mslp_seed_59_alpha_10p.txt
		>  - timelineFilename /dados/rmelo/PDPTW-SE/benchmark_multi_floor_v3/official_experiments/multistartlp/preliminar/set_01_pt_03/logs/heur_mslp/timelines/40R_40V_02F_05M/LR1_2_6_timeline_genconfig_mslp_seed_59_alpha_10p.txt
		>  - grbFilename /dados/rmelo/PDPTW-SE/benchmark_multi_floor_v3/official_experiments/multistartlp/preliminar/set_01_pt_03/logs/heur_mslp/gurobi/40R_40V_02F_05M/LR1_2_6_grb_genconfig_mslp_seed_59_alpha_10p.log
		>  - threads 1
		>  - solverMethod AUTOMATIC

------------------------------------------------------

[19:19:17.176] Starting running MSLP
objValue;greedysol;iteration;time
7959.42;8213.30;1;0.014630
7912.93;8317.49;5889;21.720049
7892.53;8182.09;25191;90.989981

[19:22:55.354] Finished running MSLP
System CPU time: 0.69 seconds

[19:22:55.422] Post running MSLP
Best solution value: 7892.53
Total time elapsed: 216.905287
Time to best: 90.989981
Iterations: 60000
Iterations to best: 25191
Improvements: 3
Infeasible solutions percentage: (59133 / 60000) = 98.5550 %
(LP improvements)/(LP runs) = 867/867 = 100.0000 %
Mean LP improvement percentage: 4.3013 %
[19:22:55.667] Writing results to CSV file: /dados/rmelo/PDPTW-SE/benchmark_multi_floor_v3/official_experiments/multistartlp/preliminar/set_01_pt_03/logs/heur_mslp/outputs/csvresults_heur_mslp_bash_2.csv

[19:22:57.647] Saving solution to file:/dados/rmelo/PDPTW-SE/benchmark_multi_floor_v3/official_experiments/multistartlp/preliminar/set_01_pt_03/logs/heur_mslp/solutions/40R_40V_02F_05M/LR1_2_6_sol_genconfig_mslp_seed_59_alpha_10p.txt

[19:22:57.648] Saving solution timeline to file: /dados/rmelo/PDPTW-SE/benchmark_multi_floor_v3/official_experiments/multistartlp/preliminar/set_01_pt_03/logs/heur_mslp/timelines/40R_40V_02F_05M/LR1_2_6_timeline_genconfig_mslp_seed_59_alpha_10p.txt
---------------------| VEHICLES |---------------------

Vehicle 0 :
	id: 0
		node: 1
		(x, y, z): (70, 70, 0)
		dem: 0
		earl: 0
		lat: 1151
		servt: 0
		pid: 0
		did: 0
		servST: 17.770000000000003
		(h, h_ind): (-1, 0)
		load: 0.0

	Finished service at time: 17.770000000000003

	Using Machine: 3
		Task 0 -> Machine 3 (Station 1): 5.1
		Vehicle arrival at machine station: 22.870000000000005
		Waiting time until machine travel: 0.0

		Machine travel start time: 22.870000000000005
		Region 0 -> Region 1: 5.0
		Machine arrival at machine station: 27.870000000000005

		Machine 3 (Station 2)-> Task 49: 79.08
		Vehicle arrival at task: 106.95
		Waiting time until service start time: 0.0

	id: 49
		node: 21
		(x, y, z): (117, 4, 1)
		dem: 9
		earl: 0
		lat: 543
		servt: 10
		pid: 0
		did: 195
		servST: 106.95
		(h, h_ind): (3, 2)
		load: 9.0

	Finished service at time: 116.95

	Using Machine: 3
		Task 49 -> Machine 3 (Station 2): 79.08
		Vehicle arrival at machine station: 196.03
		Waiting time until machine travel: 0.0

		Machine travel start time: 196.03
		Region 1 -> Region 0: 5.0
		Machine arrival at machine station: 201.03

		Machine 3 (Station 1)-> Task 195: 75.24
		Vehicle arrival at task: 276.27
		Waiting time until service start time: 0.0

	id: 195
		node: 61
		(x, y, z): (105, 2, 0)
		dem: -9
		earl: 248
		lat: 278
		servt: 10
		pid: 49
		did: 0
		servST: 276.27
		(h, h_ind): (3, 8)
		load: 0.0

	Finished service at time: 286.27

	Task 195 -> Task 0: 76.48
	Vehicle arrival at task: 362.75
	Waiting time until service start time: 0.0

	id: 0
		node: 82
		(x, y, z): (70, 70, 0)
		dem: 0
		earl: 0
		lat: 1151
		servt: 0
		pid: 0
		did: 0
		servST: 362.75
		(h, h_ind): (-1, 0)
		load: 0.0


Vehicle 2 :
	id: 0
		node: 1
		(x, y, z): (70, 70, 0)
		dem: 0
		earl: 0
		lat: 1151
		servt: 0
		pid: 0
		did: 0
		servST: 28.840000000000032
		(h, h_ind): (-1, 0)
		load: 0.0

	Finished service at time: 28.840000000000032

	Task 0 -> Task 20: 67.42
	Vehicle arrival at task: 96.26000000000003
	Waiting time until service start time: 0.0

	id: 20
		node: 8
		(x, y, z): (46, 133, 0)
		dem: 7
		earl: 76
		lat: 106
		servt: 10
		pid: 0
		did: 177
		servST: 96.26000000000003
		(h, h_ind): (-1, 0)
		load: 7.0

	Finished service at time: 106.26000000000003

	Using Machine: 4
		Task 20 -> Machine 4 (Station 1): 65.46
		Vehicle arrival at machine station: 171.72000000000003
		Waiting time until machine travel: 0.0

		Machine travel start time: 171.72000000000003
		Region 0 -> Region 1: 5.0
		Machine arrival at machine station: 176.72000000000003

		Machine 4 (Station 2)-> Task 59: 25.0
		Vehicle arrival at task: 201.72000000000003
		Waiting time until service start time: 0.0

	id: 59
		node: 27
		(x, y, z): (67, 96, 1)
		dem: 26
		earl: 0
		lat: 598
		servt: 10
		pid: 0
		did: 189
		servST: 201.72000000000003
		(h, h_ind): (4, 4)
		load: 33.0

	Finished service at time: 211.72000000000003

	Using Machine: 4
		Task 59 -> Machine 4 (Station 2): 25.0
		Vehicle arrival at machine station: 236.72000000000003
		Waiting time until machine travel: 0.0

		Machine travel start time: 236.72000000000003
		Region 1 -> Region 0: 5.0
		Machine arrival at machine station: 241.72000000000003

		Machine 4 (Station 1)-> Task 189: 89.27
		Vehicle arrival at task: 330.99
		Waiting time until service start time: 0.0

	id: 189
		node: 67
		(x, y, z): (8, 138, 0)
		dem: -26
		earl: 0
		lat: 532
		servt: 10
		pid: 59
		did: 0
		servST: 330.99
		(h, h_ind): (4, 5)
		load: 7.0

	Finished service at time: 340.99

	Task 189 -> Task 177: 10.3
	Vehicle arrival at task: 351.29
	Waiting time until service start time: 0.0

	id: 177
		node: 48
		(x, y, z): (13, 129, 0)
		dem: -7
		earl: 351
		lat: 381
		servt: 10
		pid: 20
		did: 0
		servST: 351.29
		(h, h_ind): (-1, 0)
		load: 0.0

	Finished service at time: 361.29

	Task 177 -> Task 43: 81.0
	Vehicle arrival at task: 442.29
	Waiting time until service start time: 0.0

	id: 43
		node: 17
		(x, y, z): (13, 48, 0)
		dem: 15
		earl: 420
		lat: 450
		servt: 10
		pid: 0
		did: 110
		servST: 442.29
		(h, h_ind): (-1, 0)
		load: 15.0

	Finished service at time: 452.29

	Using Machine: 4
		Task 43 -> Machine 4 (Station 1): 58.69
		Vehicle arrival at machine station: 510.98
		Waiting time until machine travel: 0.0

		Machine travel start time: 510.98
		Region 0 -> Region 1: 5.0
		Machine arrival at machine station: 515.98

		Machine 4 (Station 2)-> Task 110: 33.02
		Vehicle arrival at task: 549.0
		Waiting time until service start time: 0.0

	id: 110
		node: 57
		(x, y, z): (34, 72, 1)
		dem: -15
		earl: 549
		lat: 579
		servt: 10
		pid: 43
		did: 0
		servST: 549.0
		(h, h_ind): (4, 10)
		load: 0.0

	Finished service at time: 559.0

	Using Machine: 4
		Task 110 -> Machine 4 (Station 2): 33.02
		Vehicle arrival at machine station: 592.02
		Waiting time until machine travel: 0.0

		Machine travel start time: 592.02
		Region 1 -> Region 0: 5.0
		Machine arrival at machine station: 597.02

		Machine 4 (Station 1)-> Task 0: 3.16
		Vehicle arrival at task: 600.18
		Waiting time until service start time: 0.0

	id: 0
		node: 82
		(x, y, z): (70, 70, 0)
		dem: 0
		earl: 0
		lat: 1151
		servt: 0
		pid: 0
		did: 0
		servST: 600.18
		(h, h_ind): (4, 12)
		load: 0.0


Vehicle 3 :
	id: 0
		node: 1
		(x, y, z): (70, 70, 0)
		dem: 0
		earl: 0
		lat: 1151
		servt: 0
		pid: 0
		did: 0
		servST: 0.20999999999999042
		(h, h_ind): (-1, 0)
		load: 0.0

	Finished service at time: 0.20999999999999042

	Using Machine: 2
		Task 0 -> Machine 2 (Station 1): 1.41
		Vehicle arrival at machine station: 1.6199999999999903
		Waiting time until machine travel: 0.0

		Machine travel start time: 1.6199999999999903
		Region 0 -> Region 1: 5.0
		Machine arrival at machine station: 6.61999999999999

		Machine 2 (Station 2)-> Task 4: 31.89
		Vehicle arrival at task: 38.50999999999999
		Waiting time until service start time: 0.0

	id: 4
		node: 3
		(x, y, z): (48, 47, 1)
		dem: 19
		earl: 31
		lat: 61
		servt: 10
		pid: 0
		did: 188
		servST: 38.50999999999999
		(h, h_ind): (2, 1)
		load: 19.0

	Finished service at time: 48.50999999999999

	Using Machine: 4
		Task 4 -> Machine 4 (Station 2): 30.61
		Vehicle arrival at machine station: 79.11999999999999
		Waiting time until machine travel: 0.0

		Machine travel start time: 79.12
		Region 1 -> Region 0: 5.0
		Machine arrival at machine station: 84.12

		Machine 4 (Station 1)-> Task 188: 41.88
		Vehicle arrival at task: 126.0
		Waiting time until service start time: 0.0

	id: 188
		node: 43
		(x, y, z): (44, 36, 0)
		dem: -19
		earl: 96
		lat: 126
		servt: 10
		pid: 4
		did: 0
		servST: 126.0
		(h, h_ind): (4, 3)
		load: 0.0

	Finished service at time: 136.0

	Task 188 -> Task 58: 74.09
	Vehicle arrival at task: 210.09
	Waiting time until service start time: 0.0

	id: 58
		node: 26
		(x, y, z): (5, 99, 0)
		dem: 24
		earl: 0
		lat: 553
		servt: 10
		pid: 0
		did: 114
		servST: 210.09
		(h, h_ind): (-1, 0)
		load: 24.0

	Finished service at time: 220.09

	Using Machine: 4
		Task 58 -> Machine 4 (Station 1): 68.03
		Vehicle arrival at machine station: 288.12
		Waiting time until machine travel: 14.8

		Machine travel start time: 302.92
		Region 0 -> Region 1: 5.0
		Machine arrival at machine station: 307.92

		Machine 4 (Station 2)-> Task 23: 59.08
		Vehicle arrival at task: 367.0
		Waiting time until service start time: 0.0

	id: 23
		node: 9
		(x, y, z): (18, 104, 1)
		dem: 18
		earl: 337
		lat: 367
		servt: 10
		pid: 0
		did: 174
		servST: 367.0
		(h, h_ind): (4, 7)
		load: 42.0

	Finished service at time: 377.0

	Task 23 -> Task 114: 14.87
	Vehicle arrival at task: 391.87
	Waiting time until service start time: 9.13

	id: 114
		node: 66
		(x, y, z): (29, 94, 1)
		dem: -24
		earl: 0
		lat: 577
		servt: 10
		pid: 58
		did: 0
		servST: 401.0
		(h, h_ind): (-1, 0)
		load: 18.0

	Finished service at time: 411.0

	Task 114 -> Task 174: 17.0
	Vehicle arrival at task: 428.0
	Waiting time until service start time: 0.0

	id: 174
		node: 49
		(x, y, z): (37, 79, 1)
		dem: -18
		earl: 428
		lat: 458
		servt: 10
		pid: 23
		did: 0
		servST: 428.0
		(h, h_ind): (-1, 0)
		load: 0.0

	Finished service at time: 438.0

	Task 174 -> Task 77: 41.87
	Vehicle arrival at task: 479.87
	Waiting time until service start time: 13.13

	id: 77
		node: 37
		(x, y, z): (10, 111, 1)
		dem: 21
		earl: 493
		lat: 523
		servt: 10
		pid: 0
		did: 127
		servST: 493.0
		(h, h_ind): (-1, 0)
		load: 21.0

	Finished service at time: 503.0

	Using Machine: 4
		Task 77 -> Machine 4 (Station 2): 69.63
		Vehicle arrival at machine station: 572.63
		Waiting time until machine travel: 0.0

		Machine travel start time: 572.63
		Region 1 -> Region 0: 5.0
		Machine arrival at machine station: 577.63

		Machine 4 (Station 1)-> Task 127: 73.82
		Vehicle arrival at task: 651.45
		Waiting time until service start time: 0.0

	id: 127
		node: 77
		(x, y, z): (2, 106, 0)
		dem: -21
		earl: 134
		lat: 682
		servt: 10
		pid: 77
		did: 0
		servST: 651.45
		(h, h_ind): (4, 11)
		load: 0.0

	Finished service at time: 661.45

	Task 127 -> Task 0: 76.94
	Vehicle arrival at task: 738.3900000000001
	Waiting time until service start time: 0.0

	id: 0
		node: 82
		(x, y, z): (70, 70, 0)
		dem: 0
		earl: 0
		lat: 1151
		servt: 0
		pid: 0
		did: 0
		servST: 738.3900000000001
		(h, h_ind): (-1, 0)
		load: 0.0


Vehicle 5 :
	id: 0
		node: 1
		(x, y, z): (70, 70, 0)
		dem: 0
		earl: 0
		lat: 1151
		servt: 0
		pid: 0
		did: 0
		servST: 47.86000000000001
		(h, h_ind): (-1, 0)
		load: 0.0

	Finished service at time: 47.86000000000001

	Using Machine: 2
		Task 0 -> Machine 2 (Station 1): 1.41
		Vehicle arrival at machine station: 49.27
		Waiting time until machine travel: 0.0

		Machine travel start time: 49.27
		Region 0 -> Region 1: 5.0
		Machine arrival at machine station: 54.27

		Machine 2 (Station 2)-> Task 57: 41.73
		Vehicle arrival at task: 96.0
		Waiting time until service start time: 0.0

	id: 57
		node: 25
		(x, y, z): (39, 100, 1)
		dem: 31
		earl: 66
		lat: 96
		servt: 10
		pid: 0
		did: 84
		servST: 96.0
		(h, h_ind): (2, 3)
		load: 31.0

	Finished service at time: 106.0

	Task 57 -> Task 84: 13.89
	Vehicle arrival at task: 119.89
	Waiting time until service start time: 166.11

	id: 84
		node: 65
		(x, y, z): (46, 112, 1)
		dem: -31
		earl: 286
		lat: 316
		servt: 10
		pid: 57
		did: 0
		servST: 286.0
		(h, h_ind): (-1, 0)
		load: 0.0

	Finished service at time: 296.0

	Using Machine: 2
		Task 84 -> Machine 2 (Station 2): 47.01
		Vehicle arrival at machine station: 343.01
		Waiting time until machine travel: 0.0

		Machine travel start time: 343.01
		Region 1 -> Region 0: 5.0
		Machine arrival at machine station: 348.01

		Machine 2 (Station 1)-> Task 0: 1.41
		Vehicle arrival at task: 349.42
		Waiting time until service start time: 0.0

	id: 0
		node: 82
		(x, y, z): (70, 70, 0)
		dem: 0
		earl: 0
		lat: 1151
		servt: 0
		pid: 0
		did: 0
		servST: 349.42
		(h, h_ind): (2, 6)
		load: 0.0


Vehicle 6 :
	id: 0
		node: 1
		(x, y, z): (70, 70, 0)
		dem: 0
		earl: 0
		lat: 1151
		servt: 0
		pid: 0
		did: 0
		servST: 12.059999999999999
		(h, h_ind): (-1, 0)
		load: 0.0

	Finished service at time: 12.059999999999999

	Using Machine: 1
		Task 0 -> Machine 1 (Station 1): 3.16
		Vehicle arrival at machine station: 15.219999999999999
		Waiting time until machine travel: 0.0

		Machine travel start time: 15.219999999999999
		Region 0 -> Region 1: 5.0
		Machine arrival at machine station: 20.22

		Machine 1 (Station 2)-> Task 67: 31.91
		Vehicle arrival at task: 52.129999999999995
		Waiting time until service start time: 17.83

	id: 67
		node: 31
		(x, y, z): (90, 44, 1)
		dem: 6
		earl: 52
		lat: 82
		servt: 10
		pid: 0
		did: 41
		servST: 69.96000000000001
		(h, h_ind): (1, 1)
		load: 6.0

	Finished service at time: 79.96000000000001

	Task 67 -> Task 41: 12.04
	Vehicle arrival at task: 92.0
	Waiting time until service start time: 0.0

	id: 41
		node: 71
		(x, y, z): (81, 36, 1)
		dem: -6
		earl: 62
		lat: 92
		servt: 10
		pid: 67
		did: 0
		servST: 92.0
		(h, h_ind): (-1, 0)
		load: 0.0

	Finished service at time: 102.0

	Task 41 -> Task 68: 32.25
	Vehicle arrival at task: 134.25
	Waiting time until service start time: 9.75

	id: 68
		node: 32
		(x, y, z): (113, 32, 1)
		dem: 36
		earl: 144
		lat: 174
		servt: 10
		pid: 0
		did: 197
		servST: 144.0
		(h, h_ind): (-1, 0)
		load: 36.0

	Finished service at time: 154.0

	Task 68 -> Task 50: 28.79
	Vehicle arrival at task: 182.79
	Waiting time until service start time: 0.0

	id: 50
		node: 22
		(x, y, z): (140, 42, 1)
		dem: 13
		earl: 0
		lat: 549
		servt: 10
		pid: 0
		did: 11
		servST: 182.79
		(h, h_ind): (-1, 0)
		load: 49.0

	Finished service at time: 192.79

	Task 50 -> Task 66: 6.0
	Vehicle arrival at task: 198.79
	Waiting time until service start time: 7.21

	id: 66
		node: 30
		(x, y, z): (140, 36, 1)
		dem: 1
		earl: 176
		lat: 206
		servt: 10
		pid: 0
		did: 25
		servST: 206.0
		(h, h_ind): (-1, 0)
		load: 50.0

	Finished service at time: 216.0

	Task 66 -> Task 25: 34.79
	Vehicle arrival at task: 250.79
	Waiting time until service start time: 23.21

	id: 25
		node: 70
		(x, y, z): (107, 25, 1)
		dem: -1
		earl: 274
		lat: 304
		servt: 10
		pid: 66
		did: 0
		servST: 274.0
		(h, h_ind): (-1, 0)
		load: 49.0

	Finished service at time: 284.0

	Task 25 -> Task 11: 22.02
	Vehicle arrival at task: 306.02
	Waiting time until service start time: 0.0

	id: 11
		node: 62
		(x, y, z): (129, 24, 1)
		dem: -13
		earl: 0
		lat: 550
		servt: 10
		pid: 50
		did: 0
		servST: 306.02
		(h, h_ind): (-1, 0)
		load: 36.0

	Finished service at time: 316.02

	Task 11 -> Task 14: 38.9
	Vehicle arrival at task: 354.91999999999996
	Waiting time until service start time: 0.0

	id: 14
		node: 5
		(x, y, z): (102, 52, 1)
		dem: 15
		earl: 0
		lat: 588
		servt: 10
		pid: 0
		did: 117
		servST: 354.91999999999996
		(h, h_ind): (-1, 0)
		load: 51.0

	Finished service at time: 364.91999999999996

	Using Machine: 3
		Task 14 -> Machine 3 (Station 2): 33.02
		Vehicle arrival at machine station: 397.93999999999994
		Waiting time until machine travel: 0.0

		Machine travel start time: 397.93999999999994
		Region 1 -> Region 0: 5.0
		Machine arrival at machine station: 402.93999999999994

		Machine 3 (Station 1)-> Task 117: 71.03
		Vehicle arrival at task: 473.9699999999999
		Waiting time until service start time: 0.0

	id: 117
		node: 45
		(x, y, z): (116, 13, 0)
		dem: -15
		earl: 0
		lat: 551
		servt: 10
		pid: 14
		did: 0
		servST: 473.9699999999999
		(h, h_ind): (3, 12)
		load: 36.0

	Finished service at time: 483.9699999999999

	Task 117 -> Task 197: 53.23
	Vehicle arrival at task: 537.1999999999999
	Waiting time until service start time: 0.0

	id: 197
		node: 72
		(x, y, z): (93, 61, 0)
		dem: -36
		earl: 521
		lat: 551
		servt: 10
		pid: 68
		did: 0
		servST: 537.1999999999999
		(h, h_ind): (-1, 0)
		load: 0.0

	Finished service at time: 547.1999999999999

	Task 197 -> Task 0: 24.7
	Vehicle arrival at task: 571.9
	Waiting time until service start time: 0.0

	id: 0
		node: 82
		(x, y, z): (70, 70, 0)
		dem: 0
		earl: 0
		lat: 1151
		servt: 0
		pid: 0
		did: 0
		servST: 571.9
		(h, h_ind): (-1, 0)
		load: 0.0


Vehicle 10 :
	id: 0
		node: 1
		(x, y, z): (70, 70, 0)
		dem: 0
		earl: 0
		lat: 1151
		servt: 0
		pid: 0
		did: 0
		servST: 47.93000000000001
		(h, h_ind): (-1, 0)
		load: 0.0

	Finished service at time: 47.93000000000001

	Task 0 -> Task 26: 69.07
	Vehicle arrival at task: 117.0
	Waiting time until service start time: 0.0

	id: 26
		node: 10
		(x, y, z): (139, 73, 0)
		dem: 10
		earl: 87
		lat: 117
		servt: 10
		pid: 0
		did: 126
		servST: 117.0
		(h, h_ind): (-1, 0)
		load: 10.0

	Finished service at time: 127.0

	Using Machine: 3
		Task 26 -> Machine 3 (Station 1): 64.03
		Vehicle arrival at machine station: 191.03
		Waiting time until machine travel: 0.0

		Machine travel start time: 191.03
		Region 0 -> Region 1: 5.0
		Machine arrival at machine station: 196.03

		Machine 3 (Station 2)-> Task 69: 29.07
		Vehicle arrival at task: 225.1
		Waiting time until service start time: 23.9

	id: 69
		node: 33
		(x, y, z): (104, 73, 1)
		dem: 17
		earl: 249
		lat: 279
		servt: 10
		pid: 0
		did: 113
		servST: 249.0
		(h, h_ind): (3, 7)
		load: 27.0

	Finished service at time: 259.0

	Using Machine: 3
		Task 69 -> Machine 3 (Station 2): 29.07
		Vehicle arrival at machine station: 288.07
		Waiting time until machine travel: 6.57

		Machine travel start time: 294.64
		Region 1 -> Region 0: 5.0
		Machine arrival at machine station: 299.64

		Machine 3 (Station 1)-> Task 126: 64.01
		Vehicle arrival at task: 363.65
		Waiting time until service start time: 0.0

	id: 126
		node: 50
		(x, y, z): (139, 72, 0)
		dem: -10
		earl: 337
		lat: 367
		servt: 10
		pid: 26
		did: 0
		servST: 363.65
		(h, h_ind): (3, 11)
		load: 17.0

	Finished service at time: 373.65

	Task 126 -> Task 113: 25.5
	Vehicle arrival at task: 399.15
	Waiting time until service start time: 0.0

	id: 113
		node: 73
		(x, y, z): (116, 83, 0)
		dem: -17
		earl: 0
		lat: 577
		servt: 10
		pid: 69
		did: 0
		servST: 399.15
		(h, h_ind): (-1, 0)
		load: 0.0

	Finished service at time: 409.15

	Task 113 -> Task 0: 47.8
	Vehicle arrival at task: 456.95
	Waiting time until service start time: 0.0

	id: 0
		node: 82
		(x, y, z): (70, 70, 0)
		dem: 0
		earl: 0
		lat: 1151
		servt: 0
		pid: 0
		did: 0
		servST: 456.95
		(h, h_ind): (-1, 0)
		load: 0.0


Vehicle 12 :
	id: 0
		node: 1
		(x, y, z): (70, 70, 0)
		dem: 0
		earl: 0
		lat: 1151
		servt: 0
		pid: 0
		did: 0
		servST: 11.290000000000003
		(h, h_ind): (-1, 0)
		load: 0.0

	Finished service at time: 11.290000000000003

	Using Machine: 0
		Task 0 -> Machine 0 (Station 1): 1.41
		Vehicle arrival at machine station: 12.700000000000003
		Waiting time until machine travel: 0.0

		Machine travel start time: 12.700000000000003
		Region 0 -> Region 1: 5.0
		Machine arrival at machine station: 17.700000000000003

		Machine 0 (Station 2)-> Task 63: 41.87
		Vehicle arrival at task: 59.57
		Waiting time until service start time: 0.0

	id: 63
		node: 28
		(x, y, z): (103, 44, 1)
		dem: 12
		earl: 42
		lat: 72
		servt: 10
		pid: 0
		did: 3
		servST: 59.57
		(h, h_ind): (0, 2)
		load: 12.0

	Finished service at time: 69.57

	Using Machine: 3
		Task 63 -> Machine 3 (Station 2): 38.9
		Vehicle arrival at machine station: 108.47
		Waiting time until machine travel: 0.0

		Machine travel start time: 108.47
		Region 1 -> Region 0: 5.0
		Machine arrival at machine station: 113.47

		Machine 3 (Station 1)-> Task 3: 66.53
		Vehicle arrival at task: 180.0
		Waiting time until service start time: 0.0

	id: 3
		node: 68
		(x, y, z): (120, 22, 0)
		dem: -12
		earl: 150
		lat: 180
		servt: 10
		pid: 63
		did: 0
		servST: 180.0
		(h, h_ind): (3, 3)
		load: 0.0

	Finished service at time: 190.0

	Task 3 -> Task 64: 25.08
	Vehicle arrival at task: 215.07999999999998
	Waiting time until service start time: 20.92

	id: 64
		node: 29
		(x, y, z): (97, 12, 0)
		dem: 10
		earl: 206
		lat: 236
		servt: 10
		pid: 0
		did: 79
		servST: 236.0
		(h, h_ind): (-1, 0)
		load: 10.0

	Finished service at time: 246.0

	Task 64 -> Task 79: 36.67
	Vehicle arrival at task: 282.67
	Waiting time until service start time: 16.33

	id: 79
		node: 69
		(x, y, z): (113, 45, 0)
		dem: -10
		earl: 299
		lat: 329
		servt: 10
		pid: 64
		did: 0
		servST: 299.0
		(h, h_ind): (-1, 0)
		load: 0.0

	Finished service at time: 309.0

	Task 79 -> Task 0: 49.74
	Vehicle arrival at task: 358.74
	Waiting time until service start time: 0.0

	id: 0
		node: 82
		(x, y, z): (70, 70, 0)
		dem: 0
		earl: 0
		lat: 1151
		servt: 0
		pid: 0
		did: 0
		servST: 358.74
		(h, h_ind): (-1, 0)
		load: 0.0


Vehicle 20 :
	id: 0
		node: 1
		(x, y, z): (70, 70, 0)
		dem: 0
		earl: 0
		lat: 1151
		servt: 0
		pid: 0
		did: 0
		servST: 22.06
		(h, h_ind): (-1, 0)
		load: 0.0

	Finished service at time: 22.06

	Using Machine: 1
		Task 0 -> Machine 1 (Station 1): 3.16
		Vehicle arrival at machine station: 25.22
		Waiting time until machine travel: 0.0

		Machine travel start time: 25.22
		Region 0 -> Region 1: 5.0
		Machine arrival at machine station: 30.22

		Machine 1 (Station 2)-> Task 55: 35.78
		Vehicle arrival at task: 66.0
		Waiting time until service start time: 0.0

	id: 55
		node: 23
		(x, y, z): (89, 39, 1)
		dem: 23
		earl: 36
		lat: 66
		servt: 10
		pid: 0
		did: 133
		servST: 66.0
		(h, h_ind): (1, 2)
		load: 23.0

	Finished service at time: 76.0

	Using Machine: 1
		Task 55 -> Machine 1 (Station 2): 35.78
		Vehicle arrival at machine station: 111.78
		Waiting time until machine travel: 0.0

		Machine travel start time: 111.78
		Region 1 -> Region 0: 5.0
		Machine arrival at machine station: 116.78

		Machine 1 (Station 1)-> Task 133: 71.51
		Vehicle arrival at task: 188.29000000000002
		Waiting time until service start time: 0.0

	id: 133
		node: 63
		(x, y, z): (98, 4, 0)
		dem: -23
		earl: 178
		lat: 208
		servt: 10
		pid: 55
		did: 0
		servST: 188.29000000000002
		(h, h_ind): (1, 3)
		load: 0.0

	Finished service at time: 198.29000000000002

	Task 133 -> Task 0: 71.69
	Vehicle arrival at task: 269.98
	Waiting time until service start time: 0.0

	id: 0
		node: 82
		(x, y, z): (70, 70, 0)
		dem: 0
		earl: 0
		lat: 1151
		servt: 0
		pid: 0
		did: 0
		servST: 269.98
		(h, h_ind): (-1, 0)
		load: 0.0


Vehicle 22 :
	id: 0
		node: 1
		(x, y, z): (70, 70, 0)
		dem: 0
		earl: 0
		lat: 1151
		servt: 0
		pid: 0
		did: 0
		servST: 24.219999999999995
		(h, h_ind): (-1, 0)
		load: 0.0

	Finished service at time: 24.219999999999995

	Using Machine: 4
		Task 0 -> Machine 4 (Station 1): 3.16
		Vehicle arrival at machine station: 27.379999999999995
		Waiting time until machine travel: 0.0

		Machine travel start time: 27.379999999999995
		Region 0 -> Region 1: 5.0
		Machine arrival at machine station: 32.379999999999995

		Machine 4 (Station 2)-> Task 85: 59.62
		Vehicle arrival at task: 92.0
		Waiting time until service start time: 0.0

	id: 85
		node: 40
		(x, y, z): (12, 48, 1)
		dem: 4
		earl: 62
		lat: 92
		servt: 10
		pid: 0
		did: 47
		servST: 92.0
		(h, h_ind): (4, 2)
		load: 4.0

	Finished service at time: 102.0

	Using Machine: 2
		Task 85 -> Machine 2 (Station 2): 61.47
		Vehicle arrival at machine station: 163.47
		Waiting time until machine travel: 8.24

		Machine travel start time: 171.70999999999998
		Region 1 -> Region 0: 5.0
		Machine arrival at machine station: 176.70999999999998

		Machine 2 (Station 1)-> Task 32: 38.08
		Vehicle arrival at task: 214.78999999999996
		Waiting time until service start time: 0.0

	id: 32
		node: 12
		(x, y, z): (54, 106, 0)
		dem: 9
		earl: 0
		lat: 585
		servt: 10
		pid: 0
		did: 45
		servST: 214.79
		(h, h_ind): (2, 4)
		load: 13.0

	Finished service at time: 224.79

	Task 32 -> Task 38: 7.21
	Vehicle arrival at task: 232.0
	Waiting time until service start time: 0.0

	id: 38
		node: 16
		(x, y, z): (50, 112, 0)
		dem: 18
		earl: 232
		lat: 262
		servt: 10
		pid: 0
		did: 99
		servST: 232.0
		(h, h_ind): (-1, 0)
		load: 31.0

	Finished service at time: 242.0

	Using Machine: 2
		Task 38 -> Machine 2 (Station 1): 45.19
		Vehicle arrival at machine station: 287.19
		Waiting time until machine travel: 0.0

		Machine travel start time: 287.19
		Region 0 -> Region 1: 5.0
		Machine arrival at machine station: 292.19

		Machine 2 (Station 2)-> Task 99: 44.0
		Vehicle arrival at task: 336.19
		Waiting time until service start time: 0.0

	id: 99
		node: 56
		(x, y, z): (69, 115, 1)
		dem: -18
		earl: 0
		lat: 579
		servt: 10
		pid: 38
		did: 0
		servST: 336.19
		(h, h_ind): (2, 5)
		load: 13.0

	Finished service at time: 346.19

	Task 99 -> Task 47: 67.12
	Vehicle arrival at task: 413.31
	Waiting time until service start time: 0.0

	id: 47
		node: 80
		(x, y, z): (8, 87, 1)
		dem: -4
		earl: 401
		lat: 431
		servt: 10
		pid: 85
		did: 0
		servST: 413.31
		(h, h_ind): (-1, 0)
		load: 9.0

	Finished service at time: 423.31

	Using Machine: 4
		Task 47 -> Machine 4 (Station 2): 61.13
		Vehicle arrival at machine station: 484.44
		Waiting time until machine travel: 0.0

		Machine travel start time: 484.44
		Region 1 -> Region 0: 5.0
		Machine arrival at machine station: 489.44

		Machine 4 (Station 1)-> Task 45: 14.76
		Vehicle arrival at task: 504.2
		Waiting time until service start time: 0.0

	id: 45
		node: 52
		(x, y, z): (60, 84, 0)
		dem: -9
		earl: 482
		lat: 512
		servt: 10
		pid: 32
		did: 0
		servST: 504.2
		(h, h_ind): (4, 9)
		load: 0.0

	Finished service at time: 514.2

	Task 45 -> Task 0: 17.2
	Vehicle arrival at task: 531.4000000000001
	Waiting time until service start time: -0.0

	id: 0
		node: 82
		(x, y, z): (70, 70, 0)
		dem: 0
		earl: 0
		lat: 1151
		servt: 0
		pid: 0
		did: 0
		servST: 531.4
		(h, h_ind): (-1, 0)
		load: 0.0


Vehicle 25 :
	id: 0
		node: 1
		(x, y, z): (70, 70, 0)
		dem: 0
		earl: 0
		lat: 1151
		servt: 0
		pid: 0
		did: 0
		servST: 24.57
		(h, h_ind): (-1, 0)
		load: 0.0

	Finished service at time: 24.57

	Using Machine: 2
		Task 0 -> Machine 2 (Station 1): 1.41
		Vehicle arrival at machine station: 25.98
		Waiting time until machine travel: 0.0

		Machine travel start time: 25.98
		Region 0 -> Region 1: 5.0
		Machine arrival at machine station: 30.98

		Machine 2 (Station 2)-> Task 73: 23.02
		Vehicle arrival at task: 54.0
		Waiting time until service start time: 0.0

	id: 73
		node: 35
		(x, y, z): (70, 94, 1)
		dem: 32
		earl: 24
		lat: 54
		servt: 10
		pid: 0
		did: 159
		servST: 54.0
		(h, h_ind): (2, 2)
		load: 32.0

	Finished service at time: 64.0

	Task 73 -> Task 2: 59.55
	Vehicle arrival at task: 123.55
	Waiting time until service start time: 19.45

	id: 2
		node: 2
		(x, y, z): (109, 139, 1)
		dem: 8
		earl: 113
		lat: 143
		servt: 10
		pid: 0
		did: 200
		servST: 143.0
		(h, h_ind): (-1, 0)
		load: 40.0

	Finished service at time: 153.0

	Task 2 -> Task 159: 73.35
	Vehicle arrival at task: 226.35
	Waiting time until service start time: 116.65

	id: 159
		node: 75
		(x, y, z): (37, 125, 1)
		dem: -32
		earl: 343
		lat: 373
		servt: 10
		pid: 73
		did: 0
		servST: 343.0
		(h, h_ind): (-1, 0)
		load: 8.0

	Finished service at time: 353.0

	Task 159 -> Task 200: 58.86
	Vehicle arrival at task: 411.86
	Waiting time until service start time: 0.0

	id: 200
		node: 42
		(x, y, z): (95, 135, 1)
		dem: -8
		earl: 401
		lat: 431
		servt: 10
		pid: 2
		did: 0
		servST: 411.86
		(h, h_ind): (-1, 0)
		load: 0.0

	Finished service at time: 421.86

	Using Machine: 0
		Task 200 -> Machine 0 (Station 2): 68.35
		Vehicle arrival at machine station: 490.21000000000004
		Waiting time until machine travel: 0.0

		Machine travel start time: 490.21000000000004
		Region 1 -> Region 0: 5.0
		Machine arrival at machine station: 495.21000000000004

		Machine 0 (Station 1)-> Task 0: 1.41
		Vehicle arrival at task: 496.62000000000006
		Waiting time until service start time: 0.0

	id: 0
		node: 82
		(x, y, z): (70, 70, 0)
		dem: 0
		earl: 0
		lat: 1151
		servt: 0
		pid: 0
		did: 0
		servST: 496.62000000000006
		(h, h_ind): (0, 4)
		load: 0.0


Vehicle 26 :
	id: 0
		node: 1
		(x, y, z): (70, 70, 0)
		dem: 0
		earl: 0
		lat: 1151
		servt: 0
		pid: 0
		did: 0
		servST: 5.089999999999991
		(h, h_ind): (-1, 0)
		load: 0.0

	Finished service at time: 5.089999999999991

	Using Machine: 3
		Task 0 -> Machine 3 (Station 1): 5.1
		Vehicle arrival at machine station: 10.18999999999999
		Waiting time until machine travel: 0.0

		Machine travel start time: 10.18999999999999
		Region 0 -> Region 1: 5.0
		Machine arrival at machine station: 15.18999999999999

		Machine 3 (Station 2)-> Task 44: 52.35
		Vehicle arrival at task: 67.53999999999999
		Waiting time until service start time: 0.0

	id: 44
		node: 18
		(x, y, z): (113, 35, 1)
		dem: 9
		earl: 55
		lat: 85
		servt: 10
		pid: 0
		did: 86
		servST: 67.53999999999999
		(h, h_ind): (3, 1)
		load: 9.0

	Finished service at time: 77.53999999999999

	Using Machine: 3
		Task 44 -> Machine 3 (Station 2): 52.35
		Vehicle arrival at machine station: 129.89
		Waiting time until machine travel: 0.0

		Machine travel start time: 129.89
		Region 1 -> Region 0: 5.0
		Machine arrival at machine station: 134.89

		Machine 3 (Station 1)-> Task 86: 89.11
		Vehicle arrival at task: 224.0
		Waiting time until service start time: 0.0

	id: 86
		node: 58
		(x, y, z): (137, 7, 0)
		dem: -9
		earl: 194
		lat: 224
		servt: 10
		pid: 44
		did: 0
		servST: 224.0
		(h, h_ind): (3, 4)
		load: 0.0

	Finished service at time: 234.0

	Task 86 -> Task 78: 98.01
	Vehicle arrival at task: 332.01
	Waiting time until service start time: 70.99

	id: 78
		node: 38
		(x, y, z): (138, 105, 0)
		dem: 24
		earl: 403
		lat: 433
		servt: 10
		pid: 0
		did: 148
		servST: 403.0
		(h, h_ind): (-1, 0)
		load: 24.0

	Finished service at time: 413.0

	Using Machine: 3
		Task 78 -> Machine 3 (Station 1): 71.59
		Vehicle arrival at machine station: 484.59000000000003
		Waiting time until machine travel: 0.0

		Machine travel start time: 484.59000000000003
		Region 0 -> Region 1: 5.0
		Machine arrival at machine station: 489.59000000000003

		Machine 3 (Station 2)-> Task 148: 49.73
		Vehicle arrival at task: 539.32
		Waiting time until service start time: 0.0

	id: 148
		node: 78
		(x, y, z): (123, 84, 1)
		dem: -24
		earl: 510
		lat: 540
		servt: 10
		pid: 78
		did: 0
		servST: 539.32
		(h, h_ind): (3, 13)
		load: 0.0

	Finished service at time: 549.32

	Using Machine: 1
		Task 148 -> Machine 1 (Station 2): 51.66
		Vehicle arrival at machine station: 600.98
		Waiting time until machine travel: 0.0

		Machine travel start time: 600.98
		Region 1 -> Region 0: 5.0
		Machine arrival at machine station: 605.98

		Machine 1 (Station 1)-> Task 0: 3.16
		Vehicle arrival at task: 609.14
		Waiting time until service start time: 0.0

	id: 0
		node: 82
		(x, y, z): (70, 70, 0)
		dem: 0
		earl: 0
		lat: 1151
		servt: 0
		pid: 0
		did: 0
		servST: 609.14
		(h, h_ind): (1, 4)
		load: 0.0


Vehicle 28 :
	id: 0
		node: 1
		(x, y, z): (70, 70, 0)
		dem: 0
		earl: 0
		lat: 1151
		servt: 0
		pid: 0
		did: 0
		servST: 15.730000000000011
		(h, h_ind): (-1, 0)
		load: 0.0

	Finished service at time: 15.730000000000011

	Task 0 -> Task 18: 37.58
	Vehicle arrival at task: 53.31000000000001
	Waiting time until service start time: 0.0

	id: 18
		node: 7
		(x, y, z): (104, 54, 0)
		dem: 13
		earl: 53
		lat: 83
		servt: 10
		pid: 0
		did: 158
		servST: 53.31000000000001
		(h, h_ind): (-1, 0)
		load: 13.0

	Finished service at time: 63.31000000000001

	Task 18 -> Task 158: 17.46
	Vehicle arrival at task: 80.77000000000001
	Waiting time until service start time: 0.0

	id: 158
		node: 47
		(x, y, z): (120, 47, 0)
		dem: -13
		earl: 55
		lat: 85
		servt: 10
		pid: 18
		did: 0
		servST: 80.77000000000001
		(h, h_ind): (-1, 0)
		load: 0.0

	Finished service at time: 90.77000000000001

	Using Machine: 3
		Task 158 -> Machine 3 (Station 1): 51.0
		Vehicle arrival at machine station: 141.77
		Waiting time until machine travel: 0.0

		Machine travel start time: 141.77
		Region 0 -> Region 1: 5.0
		Machine arrival at machine station: 146.77

		Machine 3 (Station 2)-> Task 34: 59.23
		Vehicle arrival at task: 206.0
		Waiting time until service start time: 0.0

	id: 34
		node: 13
		(x, y, z): (63, 129, 1)
		dem: 7
		earl: 206
		lat: 236
		servt: 10
		pid: 0
		did: 98
		servST: 206.0
		(h, h_ind): (3, 5)
		load: 7.0

	Finished service at time: 216.0

	Using Machine: 4
		Task 34 -> Machine 4 (Station 2): 58.14
		Vehicle arrival at machine station: 274.14
		Waiting time until machine travel: 0.0

		Machine travel start time: 274.14
		Region 1 -> Region 0: 5.0
		Machine arrival at machine station: 279.14

		Machine 4 (Station 1)-> Task 98: 71.31
		Vehicle arrival at task: 350.45
		Waiting time until service start time: 0.0

	id: 98
		node: 53
		(x, y, z): (49, 140, 0)
		dem: -7
		earl: 321
		lat: 351
		servt: 10
		pid: 34
		did: 0
		servST: 350.45
		(h, h_ind): (4, 6)
		load: 0.0

	Finished service at time: 360.45

	Task 98 -> Task 0: 73.08
	Vehicle arrival at task: 433.53
	Waiting time until service start time: 0.0

	id: 0
		node: 82
		(x, y, z): (70, 70, 0)
		dem: 0
		earl: 0
		lat: 1151
		servt: 0
		pid: 0
		did: 0
		servST: 433.53
		(h, h_ind): (-1, 0)
		load: 0.0


Vehicle 31 :
	id: 0
		node: 1
		(x, y, z): (70, 70, 0)
		dem: 0
		earl: 0
		lat: 1151
		servt: 0
		pid: 0
		did: 0
		servST: 1.290000000000003
		(h, h_ind): (-1, 0)
		load: 0.0

	Finished service at time: 1.290000000000003

	Using Machine: 0
		Task 0 -> Machine 0 (Station 1): 1.41
		Vehicle arrival at machine station: 2.700000000000003
		Waiting time until machine travel: 0.0

		Machine travel start time: 2.700000000000003
		Region 0 -> Region 1: 5.0
		Machine arrival at machine station: 7.700000000000003

		Machine 0 (Station 2)-> Task 87: 12.04
		Vehicle arrival at task: 19.740000000000002
		Waiting time until service start time: 8.14

	id: 87
		node: 41
		(x, y, z): (79, 80, 1)
		dem: 4
		earl: 13
		lat: 43
		servt: 10
		pid: 0
		did: 105
		servST: 27.879999999999995
		(h, h_ind): (0, 1)
		load: 4.0

	Finished service at time: 37.879999999999995

	Task 87 -> Task 30: 54.12
	Vehicle arrival at task: 92.0
	Waiting time until service start time: 0.0

	id: 30
		node: 11
		(x, y, z): (64, 132, 1)
		dem: 8
		earl: 62
		lat: 92
		servt: 10
		pid: 0
		did: 62
		servST: 92.0
		(h, h_ind): (-1, 0)
		load: 12.0

	Finished service at time: 102.0

	Task 30 -> Task 48: 58.59
	Vehicle arrival at task: 160.59
	Waiting time until service start time: 13.41

	id: 48
		node: 20
		(x, y, z): (116, 105, 1)
		dem: 23
		earl: 144
		lat: 174
		servt: 10
		pid: 0
		did: 103
		servST: 174.0
		(h, h_ind): (-1, 0)
		load: 35.0

	Finished service at time: 184.0

	Task 48 -> Task 62: 64.85
	Vehicle arrival at task: 248.85
	Waiting time until service start time: 9.15

	id: 62
		node: 51
		(x, y, z): (55, 127, 1)
		dem: -8
		earl: 258
		lat: 288
		servt: 10
		pid: 30
		did: 0
		servST: 258.0
		(h, h_ind): (-1, 0)
		load: 27.0

	Finished service at time: 268.0

	Task 62 -> Task 103: 65.8
	Vehicle arrival at task: 333.8
	Waiting time until service start time: 22.2

	id: 103
		node: 60
		(x, y, z): (103, 82, 1)
		dem: -23
		earl: 326
		lat: 356
		servt: 10
		pid: 48
		did: 0
		servST: 356.0
		(h, h_ind): (-1, 0)
		load: 4.0

	Finished service at time: 366.0

	Task 103 -> Task 74: 68.47
	Vehicle arrival at task: 434.47
	Waiting time until service start time: 11.53

	id: 74
		node: 36
		(x, y, z): (35, 90, 1)
		dem: 20
		earl: 446
		lat: 476
		servt: 10
		pid: 0
		did: 83
		servST: 446.0
		(h, h_ind): (-1, 0)
		load: 24.0

	Finished service at time: 456.0

	Task 74 -> Task 83: 16.12
	Vehicle arrival at task: 472.12
	Waiting time until service start time: 0.0

	id: 83
		node: 76
		(x, y, z): (51, 92, 1)
		dem: -20
		earl: 448
		lat: 478
		servt: 10
		pid: 74
		did: 0
		servST: 472.12
		(h, h_ind): (-1, 0)
		load: 4.0

	Finished service at time: 482.12

	Task 83 -> Task 105: 21.02
	Vehicle arrival at task: 503.14
	Waiting time until service start time: 11.86

	id: 105
		node: 81
		(x, y, z): (70, 83, 1)
		dem: -4
		earl: 485
		lat: 515
		servt: 10
		pid: 87
		did: 0
		servST: 515.0
		(h, h_ind): (-1, 0)
		load: 0.0

	Finished service at time: 525.0

	Task 105 -> Task 46: 36.07
	Vehicle arrival at task: 561.07
	Waiting time until service start time: 4.93

	id: 46
		node: 19
		(x, y, z): (44, 58, 1)
		dem: 30
		earl: 536
		lat: 566
		servt: 10
		pid: 0
		did: 167
		servST: 566.0
		(h, h_ind): (-1, 0)
		load: 30.0

	Finished service at time: 576.0

	Task 46 -> Task 35: 56.64
	Vehicle arrival at task: 632.64
	Waiting time until service start time: 140.36

	id: 35
		node: 14
		(x, y, z): (82, 100, 1)
		dem: 18
		earl: 773
		lat: 803
		servt: 10
		pid: 0
		did: 76
		servST: 773.0
		(h, h_ind): (-1, 0)
		load: 48.0

	Finished service at time: 783.0

	Using Machine: 3
		Task 35 -> Machine 3 (Station 2): 29.83
		Vehicle arrival at machine station: 812.83
		Waiting time until machine travel: 0.21

		Machine travel start time: 813.04
		Region 1 -> Region 0: 5.0
		Machine arrival at machine station: 818.04

		Machine 3 (Station 1)-> Task 76: 68.96
		Vehicle arrival at task: 887.0
		Waiting time until service start time: 0.0

	id: 76
		node: 54
		(x, y, z): (109, 131, 0)
		dem: -18
		earl: 887
		lat: 917
		servt: 10
		pid: 35
		did: 0
		servST: 887.0
		(h, h_ind): (3, 14)
		load: 30.0

	Finished service at time: 897.0

	Using Machine: 1
		Task 76 -> Machine 1 (Station 1): 69.97
		Vehicle arrival at machine station: 966.97
		Waiting time until machine travel: 0.0

		Machine travel start time: 966.97
		Region 0 -> Region 1: 5.0
		Machine arrival at machine station: 971.97

		Machine 1 (Station 2)-> Task 167: 67.23
		Vehicle arrival at task: 1039.2
		Waiting time until service start time: 0.0

	id: 167
		node: 59
		(x, y, z): (39, 13, 1)
		dem: -30
		earl: 1039
		lat: 1069
		servt: 10
		pid: 46
		did: 0
		servST: 1039.2
		(h, h_ind): (1, 5)
		load: 0.0

	Finished service at time: 1049.2

	Using Machine: 2
		Task 167 -> Machine 2 (Station 2): 65.3
		Vehicle arrival at machine station: 1114.5
		Waiting time until machine travel: 0.0

		Machine travel start time: 1114.5
		Region 1 -> Region 0: 5.0
		Machine arrival at machine station: 1119.5

		Machine 2 (Station 1)-> Task 0: 1.41
		Vehicle arrival at task: 1120.91
		Waiting time until service start time: 0.0

	id: 0
		node: 82
		(x, y, z): (70, 70, 0)
		dem: 0
		earl: 0
		lat: 1151
		servt: 0
		pid: 0
		did: 0
		servST: 1120.91
		(h, h_ind): (2, 7)
		load: 0.0


Vehicle 33 :
	id: 0
		node: 1
		(x, y, z): (70, 70, 0)
		dem: 0
		earl: 0
		lat: 1151
		servt: 0
		pid: 0
		did: 0
		servST: 34.36000000000001
		(h, h_ind): (-1, 0)
		load: 0.0

	Finished service at time: 34.36000000000001

	Using Machine: 0
		Task 0 -> Machine 0 (Station 1): 1.41
		Vehicle arrival at machine station: 35.77
		Waiting time until machine travel: 0.0

		Machine travel start time: 35.77
		Region 0 -> Region 1: 5.0
		Machine arrival at machine station: 40.77

		Machine 0 (Station 2)-> Task 36: 55.23
		Vehicle arrival at task: 96.0
		Waiting time until service start time: 0.0

	id: 36
		node: 15
		(x, y, z): (108, 30, 1)
		dem: 18
		earl: 96
		lat: 126
		servt: 10
		pid: 0
		did: 5
		servST: 96.0
		(h, h_ind): (0, 3)
		load: 18.0

	Finished service at time: 106.0

	Using Machine: 3
		Task 36 -> Machine 3 (Station 2): 52.63
		Vehicle arrival at machine station: 158.63
		Waiting time until machine travel: 0.0

		Machine travel start time: 158.63
		Region 1 -> Region 0: 5.0
		Machine arrival at machine station: 163.63

		Machine 3 (Station 1)-> Task 5: 63.89
		Vehicle arrival at task: 227.51999999999998
		Waiting time until service start time: 0.0

	id: 5
		node: 55
		(x, y, z): (116, 22, 0)
		dem: -18
		earl: 198
		lat: 228
		servt: 10
		pid: 36
		did: 0
		servST: 227.52
		(h, h_ind): (3, 6)
		load: 0.0

	Finished service at time: 237.52

	Task 5 -> Task 0: 66.48
	Vehicle arrival at task: 304.0
	Waiting time until service start time: 0.0

	id: 0
		node: 82
		(x, y, z): (70, 70, 0)
		dem: 0
		earl: 0
		lat: 1151
		servt: 0
		pid: 0
		did: 0
		servST: 304.0
		(h, h_ind): (-1, 0)
		load: 0.0


Vehicle 34 :
	id: 0
		node: 1
		(x, y, z): (70, 70, 0)
		dem: 0
		earl: 0
		lat: 1151
		servt: 0
		pid: 0
		did: 0
		servST: 13.54999999999998
		(h, h_ind): (-1, 0)
		load: 0.0

	Finished service at time: 13.54999999999998

	Using Machine: 4
		Task 0 -> Machine 4 (Station 1): 3.16
		Vehicle arrival at machine station: 16.70999999999998
		Waiting time until machine travel: 0.0

		Machine travel start time: 16.70999999999998
		Region 0 -> Region 1: 5.0
		Machine arrival at machine station: 21.70999999999998

		Machine 4 (Station 2)-> Task 71: 84.81
		Vehicle arrival at task: 106.51999999999998
		Waiting time until service start time: 0.0

	id: 71
		node: 34
		(x, y, z): (15, 4, 1)
		dem: 23
		earl: 101
		lat: 131
		servt: 10
		pid: 0
		did: 179
		servST: 106.51999999999998
		(h, h_ind): (4, 1)
		load: 23.0

	Finished service at time: 116.51999999999998

	Task 71 -> Task 56: 53.76
	Vehicle arrival at task: 170.27999999999997
	Waiting time until service start time: 0.0

	id: 56
		node: 24
		(x, y, z): (54, 41, 1)
		dem: 9
		earl: 0
		lat: 591
		servt: 10
		pid: 0
		did: 7
		servST: 170.27999999999997
		(h, h_ind): (-1, 0)
		load: 32.0

	Finished service at time: 180.27999999999997

	Task 56 -> Task 80: 42.49
	Vehicle arrival at task: 222.76999999999998
	Waiting time until service start time: 0.0

	id: 80
		node: 39
		(x, y, z): (92, 22, 1)
		dem: 18
		earl: 0
		lat: 572
		servt: 10
		pid: 0
		did: 91
		servST: 222.76999999999998
		(h, h_ind): (-1, 0)
		load: 50.0

	Finished service at time: 232.76999999999998

	Using Machine: 3
		Task 80 -> Machine 3 (Station 2): 51.87
		Vehicle arrival at machine station: 284.64
		Waiting time until machine travel: 0.0

		Machine travel start time: 284.64
		Region 1 -> Region 0: 5.0
		Machine arrival at machine station: 289.64

		Machine 3 (Station 1)-> Task 7: 32.89
		Vehicle arrival at task: 322.53
		Waiting time until service start time: 0.0

	id: 7
		node: 64
		(x, y, z): (86, 40, 0)
		dem: -9
		earl: 0
		lat: 590
		servt: 10
		pid: 56
		did: 0
		servST: 322.53
		(h, h_ind): (3, 10)
		load: 41.0

	Finished service at time: 332.53

	Task 7 -> Task 179: 77.47
	Vehicle arrival at task: 410.0
	Waiting time until service start time: 0.0

	id: 179
		node: 74
		(x, y, z): (15, 9, 0)
		dem: -23
		earl: 410
		lat: 440
		servt: 10
		pid: 71
		did: 0
		servST: 410.0
		(h, h_ind): (-1, 0)
		load: 18.0

	Finished service at time: 420.0

	Task 179 -> Task 91: 73.93
	Vehicle arrival at task: 493.93
	Waiting time until service start time: 0.0

	id: 91
		node: 79
		(x, y, z): (83, 38, 0)
		dem: -18
		earl: 476
		lat: 506
		servt: 10
		pid: 80
		did: 0
		servST: 493.93
		(h, h_ind): (-1, 0)
		load: 0.0

	Finished service at time: 503.93

	Task 91 -> Task 0: 34.54
	Vehicle arrival at task: 538.47
	Waiting time until service start time: 0.0

	id: 0
		node: 82
		(x, y, z): (70, 70, 0)
		dem: 0
		earl: 0
		lat: 1151
		servt: 0
		pid: 0
		did: 0
		servST: 538.47
		(h, h_ind): (-1, 0)
		load: 0.0


Vehicle 37 :
	id: 0
		node: 1
		(x, y, z): (70, 70, 0)
		dem: 0
		earl: 0
		lat: 1151
		servt: 0
		pid: 0
		did: 0
		servST: 6.310000000000002
		(h, h_ind): (-1, 0)
		load: 0.0

	Finished service at time: 6.310000000000002

	Task 0 -> Task 15: 44.69
	Vehicle arrival at task: 51.0
	Waiting time until service start time: 0.0

	id: 15
		node: 6
		(x, y, z): (41, 36, 0)
		dem: 13
		earl: 51
		lat: 81
		servt: 10
		pid: 0
		did: 29
		servST: 51.0
		(h, h_ind): (-1, 0)
		load: 13.0

	Finished service at time: 61.0

	Task 15 -> Task 8: 118.93
	Vehicle arrival at task: 179.93
	Waiting time until service start time: 0.0

	id: 8
		node: 4
		(x, y, z): (121, 124, 0)
		dem: 21
		earl: 150
		lat: 180
		servt: 10
		pid: 0
		did: 181
		servST: 179.93
		(h, h_ind): (-1, 0)
		load: 34.0

	Finished service at time: 189.93

	Using Machine: 3
		Task 8 -> Machine 3 (Station 1): 70.18
		Vehicle arrival at machine station: 260.11
		Waiting time until machine travel: 0.0

		Machine travel start time: 260.11
		Region 0 -> Region 1: 5.0
		Machine arrival at machine station: 265.11

		Machine 3 (Station 2)-> Task 181: 37.54
		Vehicle arrival at task: 302.65000000000003
		Waiting time until service start time: 0.0

	id: 181
		node: 44
		(x, y, z): (100, 99, 1)
		dem: -21
		earl: 299
		lat: 329
		servt: 10
		pid: 8
		did: 0
		servST: 302.65000000000003
		(h, h_ind): (3, 9)
		load: 13.0

	Finished service at time: 312.65000000000003

	Task 181 -> Task 29: 85.44
	Vehicle arrival at task: 398.09000000000003
	Waiting time until service start time: 0.0

	id: 29
		node: 46
		(x, y, z): (20, 69, 1)
		dem: -13
		earl: 378
		lat: 408
		servt: 10
		pid: 15
		did: 0
		servST: 398.09000000000003
		(h, h_ind): (-1, 0)
		load: 0.0

	Finished service at time: 408.09000000000003

	Using Machine: 4
		Task 29 -> Machine 4 (Station 2): 47.04
		Vehicle arrival at machine station: 455.13000000000005
		Waiting time until machine travel: 0.0

		Machine travel start time: 455.13000000000005
		Region 1 -> Region 0: 5.0
		Machine arrival at machine station: 460.13000000000005

		Machine 4 (Station 1)-> Task 0: 3.16
		Vehicle arrival at task: 463.2900000000001
		Waiting time until service start time: 0.0

	id: 0
		node: 82
		(x, y, z): (70, 70, 0)
		dem: 0
		earl: 0
		lat: 1151
		servt: 0
		pid: 0
		did: 0
		servST: 463.2900000000001
		(h, h_ind): (4, 8)
		load: 0.0


---------------------| MACHINES |---------------------

Machine 0 :
	setup duration: 0.0

	vehicle: 31
	vehicleInd: 2
	(orig, dest): (0, 87)
	(origRegion, destRegion): (0, 1)
	st: 2.700000000000003
	duration: 5.0

	setup duration: 5.0

	vehicle: 12
	vehicleInd: 2
	(orig, dest): (0, 63)
	(origRegion, destRegion): (0, 1)
	st: 12.700000000000003
	duration: 5.0

	setup duration: 5.0

	vehicle: 33
	vehicleInd: 2
	(orig, dest): (0, 36)
	(origRegion, destRegion): (0, 1)
	st: 35.77
	duration: 5.0

	setup duration: 0.0

	vehicle: 25
	vehicleInd: 6
	(orig, dest): (200, 0)
	(origRegion, destRegion): (1, 0)
	st: 490.21000000000004
	duration: 5.0


Machine 1 :
	setup duration: 0.0

	vehicle: 6
	vehicleInd: 2
	(orig, dest): (0, 67)
	(origRegion, destRegion): (0, 1)
	st: 15.219999999999999
	duration: 5.0

	setup duration: 5.0

	vehicle: 20
	vehicleInd: 2
	(orig, dest): (0, 55)
	(origRegion, destRegion): (0, 1)
	st: 25.22
	duration: 5.0

	setup duration: 0.0

	vehicle: 20
	vehicleInd: 3
	(orig, dest): (55, 133)
	(origRegion, destRegion): (1, 0)
	st: 111.78
	duration: 5.0

	setup duration: 5.0

	vehicle: 26
	vehicleInd: 6
	(orig, dest): (148, 0)
	(origRegion, destRegion): (1, 0)
	st: 600.98
	duration: 5.0

	setup duration: 0.0

	vehicle: 31
	vehicleInd: 13
	(orig, dest): (76, 167)
	(origRegion, destRegion): (0, 1)
	st: 966.97
	duration: 5.0


Machine 2 :
	setup duration: 0.0

	vehicle: 3
	vehicleInd: 2
	(orig, dest): (0, 4)
	(origRegion, destRegion): (0, 1)
	st: 1.6199999999999903
	duration: 5.0

	setup duration: 5.0

	vehicle: 25
	vehicleInd: 2
	(orig, dest): (0, 73)
	(origRegion, destRegion): (0, 1)
	st: 25.98
	duration: 5.0

	setup duration: 5.0

	vehicle: 5
	vehicleInd: 2
	(orig, dest): (0, 57)
	(origRegion, destRegion): (0, 1)
	st: 49.27
	duration: 5.0

	setup duration: 0.0

	vehicle: 22
	vehicleInd: 3
	(orig, dest): (85, 32)
	(origRegion, destRegion): (1, 0)
	st: 171.70999999999998
	duration: 5.0

	setup duration: 0.0

	vehicle: 22
	vehicleInd: 5
	(orig, dest): (38, 99)
	(origRegion, destRegion): (0, 1)
	st: 287.19
	duration: 5.0

	setup duration: 0.0

	vehicle: 5
	vehicleInd: 4
	(orig, dest): (84, 0)
	(origRegion, destRegion): (1, 0)
	st: 343.01
	duration: 5.0

	setup duration: 5.0

	vehicle: 31
	vehicleInd: 14
	(orig, dest): (167, 0)
	(origRegion, destRegion): (1, 0)
	st: 1114.5
	duration: 5.0


Machine 3 :
	setup duration: 0.0

	vehicle: 26
	vehicleInd: 2
	(orig, dest): (0, 44)
	(origRegion, destRegion): (0, 1)
	st: 10.18999999999999
	duration: 5.0

	setup duration: 5.0

	vehicle: 0
	vehicleInd: 2
	(orig, dest): (0, 49)
	(origRegion, destRegion): (0, 1)
	st: 22.870000000000005
	duration: 5.0

	setup duration: 0.0

	vehicle: 12
	vehicleInd: 3
	(orig, dest): (63, 3)
	(origRegion, destRegion): (1, 0)
	st: 108.47
	duration: 5.0

	setup duration: 5.0

	vehicle: 26
	vehicleInd: 3
	(orig, dest): (44, 86)
	(origRegion, destRegion): (1, 0)
	st: 129.89
	duration: 5.0

	setup duration: 0.0

	vehicle: 28
	vehicleInd: 4
	(orig, dest): (158, 34)
	(origRegion, destRegion): (0, 1)
	st: 141.77
	duration: 5.0

	setup duration: 0.0

	vehicle: 33
	vehicleInd: 3
	(orig, dest): (36, 5)
	(origRegion, destRegion): (1, 0)
	st: 158.63
	duration: 5.0

	setup duration: 0.0

	vehicle: 10
	vehicleInd: 3
	(orig, dest): (26, 69)
	(origRegion, destRegion): (0, 1)
	st: 191.03
	duration: 5.0

	setup duration: 0.0

	vehicle: 0
	vehicleInd: 3
	(orig, dest): (49, 195)
	(origRegion, destRegion): (1, 0)
	st: 196.03
	duration: 5.0

	setup duration: 0.0

	vehicle: 37
	vehicleInd: 4
	(orig, dest): (8, 181)
	(origRegion, destRegion): (0, 1)
	st: 260.11
	duration: 5.0

	setup duration: 0.0

	vehicle: 34
	vehicleInd: 5
	(orig, dest): (80, 7)
	(origRegion, destRegion): (1, 0)
	st: 284.64
	duration: 5.0

	setup duration: 5.0

	vehicle: 10
	vehicleInd: 4
	(orig, dest): (69, 126)
	(origRegion, destRegion): (1, 0)
	st: 294.64
	duration: 5.0

	setup duration: 5.0

	vehicle: 6
	vehicleInd: 10
	(orig, dest): (14, 117)
	(origRegion, destRegion): (1, 0)
	st: 397.93999999999994
	duration: 5.0

	setup duration: 0.0

	vehicle: 26
	vehicleInd: 5
	(orig, dest): (78, 148)
	(origRegion, destRegion): (0, 1)
	st: 484.59000000000003
	duration: 5.0

	setup duration: 0.0

	vehicle: 31
	vehicleInd: 12
	(orig, dest): (35, 76)
	(origRegion, destRegion): (1, 0)
	st: 813.04
	duration: 5.0


Machine 4 :
	setup duration: 0.0

	vehicle: 34
	vehicleInd: 2
	(orig, dest): (0, 71)
	(origRegion, destRegion): (0, 1)
	st: 16.70999999999998
	duration: 5.0

	setup duration: 5.0

	vehicle: 22
	vehicleInd: 2
	(orig, dest): (0, 85)
	(origRegion, destRegion): (0, 1)
	st: 27.379999999999995
	duration: 5.0

	setup duration: 0.0

	vehicle: 3
	vehicleInd: 3
	(orig, dest): (4, 188)
	(origRegion, destRegion): (1, 0)
	st: 79.12
	duration: 5.0

	setup duration: 0.0

	vehicle: 2
	vehicleInd: 3
	(orig, dest): (20, 59)
	(origRegion, destRegion): (0, 1)
	st: 171.72000000000003
	duration: 5.0

	setup duration: 0.0

	vehicle: 2
	vehicleInd: 4
	(orig, dest): (59, 189)
	(origRegion, destRegion): (1, 0)
	st: 236.72000000000003
	duration: 5.0

	setup duration: 5.0

	vehicle: 28
	vehicleInd: 5
	(orig, dest): (34, 98)
	(origRegion, destRegion): (1, 0)
	st: 274.14
	duration: 5.0

	setup duration: 0.0

	vehicle: 3
	vehicleInd: 5
	(orig, dest): (58, 23)
	(origRegion, destRegion): (0, 1)
	st: 302.92
	duration: 5.0

	setup duration: 0.0

	vehicle: 37
	vehicleInd: 6
	(orig, dest): (29, 0)
	(origRegion, destRegion): (1, 0)
	st: 455.13000000000005
	duration: 5.0

	setup duration: 5.0

	vehicle: 22
	vehicleInd: 7
	(orig, dest): (47, 45)
	(origRegion, destRegion): (1, 0)
	st: 484.44
	duration: 5.0

	setup duration: 0.0

	vehicle: 2
	vehicleInd: 7
	(orig, dest): (43, 110)
	(origRegion, destRegion): (0, 1)
	st: 510.98
	duration: 5.0

	setup duration: 0.0

	vehicle: 3
	vehicleInd: 9
	(orig, dest): (77, 127)
	(origRegion, destRegion): (1, 0)
	st: 572.63
	duration: 5.0

	setup duration: 5.0

	vehicle: 2
	vehicleInd: 8
	(orig, dest): (110, 0)
	(origRegion, destRegion): (1, 0)
	st: 592.02
	duration: 5.0


-------------------| COMPL. TIMES |-------------------

Vehicle 0 : 344.98
Vehicle 1 : 0.0
Vehicle 2 : 571.3399999999999
Vehicle 3 : 738.1800000000001
Vehicle 4 : 0.0
Vehicle 5 : 301.56
Vehicle 6 : 559.84
Vehicle 7 : 0.0
Vehicle 8 : 0.0
Vehicle 9 : 0.0
Vehicle 10 : 409.02
Vehicle 11 : 0.0
Vehicle 12 : 347.45
Vehicle 13 : 0.0
Vehicle 14 : 0.0
Vehicle 15 : 0.0
Vehicle 16 : 0.0
Vehicle 17 : 0.0
Vehicle 18 : 0.0
Vehicle 19 : 0.0
Vehicle 20 : 247.92000000000002
Vehicle 21 : 0.0
Vehicle 22 : 507.18
Vehicle 23 : 0.0
Vehicle 24 : 0.0
Vehicle 25 : 472.05000000000007
Vehicle 26 : 604.05
Vehicle 27 : 0.0
Vehicle 28 : 417.79999999999995
Vehicle 29 : 0.0
Vehicle 30 : 0.0
Vehicle 31 : 1119.6200000000001
Vehicle 32 : 0.0
Vehicle 33 : 269.64
Vehicle 34 : 524.9200000000001
Vehicle 35 : 0.0
Vehicle 36 : 0.0
Vehicle 37 : 456.9800000000001
Vehicle 38 : 0.0
Vehicle 39 : 0.0
-------------------| STATISTICS |-------------------

    Vehicles used                           : 40.0
    Machines used                           : 100.0
    Max load (vehicles)                     : 87.5
    Min load (vehicles)                     : 16.6667
    Mean load (vehicles)                    : 50.7552
    Min completion time                     : 21.5395
    Max completion time                     : 97.2737
    Mean completion time                    : 42.8569
    Avrg travel time (with vehicle)         : 4.9522
    Avrg travel time (only with vehicle)    : 3.649
    Avrg travel time (no vehicle)           : 1.3032
    Avrg waiting time (machine travel)      : 0.3284
    Avrg waiting time (service)             : 7.7656
    Machines travel times (with vehicle)    : [2.6064, 3.0408, 4.344, 7.8193, 6.9505]
    Machines travel times (no vehicle)      : [0.8688, 0.8688, 1.3032, 1.7376, 1.7376]
    Max load per vehicle                    : [18.75, 0.0, 45.8333, 87.5, 0.0, 43.0556, 85.0, 0.0, 0.0, 0.0, 45.0, 0.0, 16.6667, 0.0, 0.0, 0.0, 0.0, 0.0, 0.0, 0.0, 31.9444, 0.0, 64.5833, 0.0, 0.0, 83.3333, 50.0, 0.0, 27.0833, 0.0, 0.0, 66.6667, 0.0, 30.0, 69.4444, 0.0, 0.0, 47.2222, 0.0, 0.0]

----------------------------------------------------

TOTAL: 7892.530000000001

Everything is awesome!
