Set parameter WLSAccessID
Set parameter WLSSecret
Set parameter LicenseID to value 2661775
Academic license 2661775 - for non-commercial use only - registered to me___@dcc.ufba.br
Loading line 2: methodType heur
Loading line 3: methodCode mslp
Loading line 4: seed 0
Loading line 5: threads 1
Loading line 6: greedy_service_order random
Loading line 7: outputFlagGrbMSLP 0
Loading line 8: mslpa 60000
Loading line 9: mslpr I
Loading line 10: maxtime 3600
Loading line 11: output ./logs/
Loading line 12: printsol 1
Loading line 13: solverMethod A
Loading line 14: alpha 0.05 # selected from preliminary experiments
Instance: LR2_2_4_t2_60R_60V_02I_05M

[18:26:38.301] Running Data.readData with file /dados/rmelo/PDPTW-SE/benchmark_multi_island_v5/official_experiments/multistartlp/official/set_01_pt_02/../../../../instances/orig_ams_fg/60R_60V_02I_06M/t2/LR2_2_4/
vehicles: Vehicle[Vehicle(0, 52), Vehicle(1, 65), Vehicle(2, 78), Vehicle(3, 52), Vehicle(4, 52), Vehicle(5, 65), Vehicle(6, 78), Vehicle(7, 65), Vehicle(8, 65), Vehicle(9, 65), Vehicle(10, 52), Vehicle(11, 78), Vehicle(12, 78), Vehicle(13, 52), Vehicle(14, 65), Vehicle(15, 65), Vehicle(16, 52), Vehicle(17, 65), Vehicle(18, 52), Vehicle(19, 65), Vehicle(20, 78), Vehicle(21, 52), Vehicle(22, 78), Vehicle(23, 65), Vehicle(24, 65), Vehicle(25, 52), Vehicle(26, 65), Vehicle(27, 78), Vehicle(28, 78), Vehicle(29, 78), Vehicle(30, 65), Vehicle(31, 52), Vehicle(32, 65), Vehicle(33, 78), Vehicle(34, 65), Vehicle(35, 78), Vehicle(36, 52), Vehicle(37, 78), Vehicle(38, 52), Vehicle(39, 52), Vehicle(40, 52), Vehicle(41, 52), Vehicle(42, 78), Vehicle(43, 78), Vehicle(44, 52), Vehicle(45, 65), Vehicle(46, 52), Vehicle(47, 65), Vehicle(48, 52), Vehicle(49, 65), Vehicle(50, 65), Vehicle(51, 52), Vehicle(52, 52), Vehicle(53, 65), Vehicle(54, 65), Vehicle(55, 52), Vehicle(56, 52), Vehicle(57, 78), Vehicle(58, 78), Vehicle(59, 52)]
vehicle_types: Vehicle[Vehicle(0, 52), Vehicle(1, 65), Vehicle(2, 78)]
Machine[Machine(0, Point[Point(18, 51, 0), Point(19, 62, 1)], 1.0), Machine(1, Point[Point(25, 54, 0), Point(20, 62, 1)], 1.0), Machine(2, Point[Point(31, 57, 0), Point(15, 64, 1)], 1.0), Machine(3, Point[Point(12, 45, 0), Point(21, 62, 1)], 1.0), Machine(4, Point[Point(12, 44, 0), Point(22, 62, 1)], 1.0)]
refs: [1, 2, 4, 9, 10, 12, 13, 14, 16, 18, 19, 21, 24, 27, 28, 29, 30, 32, 35, 37, 38, 40, 41, 42, 43, 45, 46, 47, 48, 50, 53, 54, 57, 60, 63, 64, 65, 66, 67, 69, 70, 73, 74, 77, 78, 80, 82, 83, 84, 88, 90, 91, 93, 94, 95, 98, 99, 100, 101, 102, 103, 117, 51, 109, 115, 113, 39, 116, 121, 62, 5, 52, 6, 107, 55, 11, 23, 15, 81, 71, 58, 61, 33, 20, 75, 112, 26, 105, 79, 72, 97, 25, 89, 8, 114, 85, 76, 22, 36, 7, 96, 56, 120, 31, 34, 118, 87, 44, 106, 119, 68, 108, 86, 49, 110, 111, 104, 92, 59, 3, 17, 1]
V: [1, 2, 3, 4, 5, 6, 7, 8, 9, 10, 11, 12, 13, 14, 15, 16, 17, 18, 19, 20, 21, 22, 23, 24, 25, 26, 27, 28, 29, 30, 31, 32, 33, 34, 35, 36, 37, 38, 39, 40, 41, 42, 43, 44, 45, 46, 47, 48, 49, 50, 51, 52, 53, 54, 55, 56, 57, 58, 59, 60, 61, 62, 63, 64, 65, 66, 67, 68, 69, 70, 71, 72, 73, 74, 75, 76, 77, 78, 79, 80, 81, 82, 83, 84, 85, 86, 87, 88, 89, 90, 91, 92, 93, 94, 95, 96, 97, 98, 99, 100, 101, 102, 103, 104, 105, 106, 107, 108, 109, 110, 111, 112, 113, 114, 115, 116, 117, 118, 119, 120, 121]
V_p: [2, 3, 4, 5, 6, 7, 8, 9, 10, 11, 12, 13, 14, 15, 16, 17, 18, 19, 20, 21, 22, 23, 24, 25, 26, 27, 28, 29, 30, 31, 32, 33, 34, 35, 36, 37, 38, 39, 40, 41, 42, 43, 44, 45, 46, 47, 48, 49, 50, 51, 52, 53, 54, 55, 56, 57, 58, 59, 60, 61]
V_d: [62, 63, 64, 65, 66, 67, 68, 69, 70, 71, 72, 73, 74, 75, 76, 77, 78, 79, 80, 81, 82, 83, 84, 85, 86, 87, 88, 89, 90, 91, 92, 93, 94, 95, 96, 97, 98, 99, 100, 101, 102, 103, 104, 105, 106, 107, 108, 109, 110, 111, 112, 113, 114, 115, 116, 117, 118, 119, 120, 121]
Vprime: [1, 2, 3, 4, 5, 6, 7, 8, 9, 10, 11, 12, 13, 14, 15, 16, 17, 18, 19, 20, 21, 22, 23, 24, 25, 26, 27, 28, 29, 30, 31, 32, 33, 34, 35, 36, 37, 38, 39, 40, 41, 42, 43, 44, 45, 46, 47, 48, 49, 50, 51, 52, 53, 54, 55, 56, 57, 58, 59, 60, 61, 62, 63, 64, 65, 66, 67, 68, 69, 70, 71, 72, 73, 74, 75, 76, 77, 78, 79, 80, 81, 82, 83, 84, 85, 86, 87, 88, 89, 90, 91, 92, 93, 94, 95, 96, 97, 98, 99, 100, 101, 102, 103, 104, 105, 106, 107, 108, 109, 110, 111, 112, 113, 114, 115, 116, 117, 118, 119, 120, 121, 122]
V: [1, 2, 3, 4, 5, 6, 7, 8, 9, 10, 11, 12, 13, 14, 15, 16, 17, 18, 19, 20, 21, 22, 23, 24, 25, 26, 27, 28, 29, 30, 31, 32, 33, 34, 35, 36, 37, 38, 39, 40, 41, 42, 43, 44, 45, 46, 47, 48, 49, 50, 51, 52, 53, 54, 55, 56, 57, 58, 59, 60, 61, 62, 63, 64, 65, 66, 67, 68, 69, 70, 71, 72, 73, 74, 75, 76, 77, 78, 79, 80, 81, 82, 83, 84, 85, 86, 87, 88, 89, 90, 91, 92, 93, 94, 95, 96, 97, 98, 99, 100, 101, 102, 103, 104, 105, 106, 107, 108, 109, 110, 111, 112, 113, 114, 115, 116, 117, 118, 119, 120, 121]
q: [0, 9, 13, 10, 22, 17, 8, 15, 27, 8, 20, 13, 11, 8, 20, 36, 15, 6, 15, 15, 16, 1, 34, 13, 20, 10, 9, 13, 37, 1, 31, 19, 12, 9, 10, 18, 1, 21, 39, 20, 15, 16, 21, 4, 23, 32, 16, 20, 21, 35, 11, 10, 20, 18, 18, 25, 20, 4, 23, 24, 23, -9, -13, -10, -22, -17, -8, -15, -27, -8, -20, -13, -11, -8, -20, -36, -15, -6, -15, -15, -16, -1, -34, -13, -20, -10, -9, -13, -37, -1, -31, -19, -12, -9, -10, -18, -1, -21, -39, -20, -15, -16, -21, -4, -23, -32, -16, -20, -21, -35, -11, -10, -20, -18, -18, -25, -20, -4, -23, -24, -23, 0]
H: [1, 2, 3, 4, 5]
f: [[1, 1, 1, 1, 1], [1, 1, 1, 1, 1], [1, 1, 1, 1, 1], [2, 2, 2, 2, 2], [1, 1, 1, 1, 1], [2, 2, 2, 2, 2], [2, 2, 2, 2, 2], [2, 2, 2, 2, 2], [2, 2, 2, 2, 2], [2, 2, 2, 2, 2], [1, 1, 1, 1, 1], [1, 1, 1, 1, 1], [1, 1, 1, 1, 1], [1, 1, 1, 1, 1], [1, 1, 1, 1, 1], [1, 1, 1, 1, 1], [2, 2, 2, 2, 2], [1, 1, 1, 1, 1], [2, 2, 2, 2, 2], [1, 1, 1, 1, 1], [2, 2, 2, 2, 2], [1, 1, 1, 1, 1], [1, 1, 1, 1, 1], [1, 1, 1, 1, 1], [1, 1, 1, 1, 1], [2, 2, 2, 2, 2], [1, 1, 1, 1, 1], [2, 2, 2, 2, 2], [1, 1, 1, 1, 1], [2, 2, 2, 2, 2], [2, 2, 2, 2, 2], [1, 1, 1, 1, 1], [1, 1, 1, 1, 1], [1, 1, 1, 1, 1], [2, 2, 2, 2, 2], [2, 2, 2, 2, 2], [2, 2, 2, 2, 2], [2, 2, 2, 2, 2], [1, 1, 1, 1, 1], [2, 2, 2, 2, 2], [1, 1, 1, 1, 1], [2, 2, 2, 2, 2], [1, 1, 1, 1, 1], [1, 1, 1, 1, 1], [1, 1, 1, 1, 1], [1, 1, 1, 1, 1], [2, 2, 2, 2, 2], [1, 1, 1, 1, 1], [2, 2, 2, 2, 2], [1, 1, 1, 1, 1], [2, 2, 2, 2, 2], [1, 1, 1, 1, 1], [1, 1, 1, 1, 1], [1, 1, 1, 1, 1], [1, 1, 1, 1, 1], [1, 1, 1, 1, 1], [2, 2, 2, 2, 2], [1, 1, 1, 1, 1], [2, 2, 2, 2, 2], [1, 1, 1, 1, 1], [2, 2, 2, 2, 2], [1, 1, 1, 1, 1], [1, 1, 1, 1, 1], [2, 2, 2, 2, 2], [1, 1, 1, 1, 1], [2, 2, 2, 2, 2], [2, 2, 2, 2, 2], [2, 2, 2, 2, 2], [1, 1, 1, 1, 1], [1, 1, 1, 1, 1], [2, 2, 2, 2, 2], [1, 1, 1, 1, 1], [2, 2, 2, 2, 2], [1, 1, 1, 1, 1], [1, 1, 1, 1, 1], [1, 1, 1, 1, 1], [1, 1, 1, 1, 1], [1, 1, 1, 1, 1], [1, 1, 1, 1, 1], [2, 2, 2, 2, 2], [2, 2, 2, 2, 2], [1, 1, 1, 1, 1], [1, 1, 1, 1, 1], [1, 1, 1, 1, 1], [1, 1, 1, 1, 1], [2, 2, 2, 2, 2], [1, 1, 1, 1, 1], [2, 2, 2, 2, 2], [1, 1, 1, 1, 1], [1, 1, 1, 1, 1], [2, 2, 2, 2, 2], [1, 1, 1, 1, 1], [1, 1, 1, 1, 1], [2, 2, 2, 2, 2], [2, 2, 2, 2, 2], [1, 1, 1, 1, 1], [2, 2, 2, 2, 2], [1, 1, 1, 1, 1], [1, 1, 1, 1, 1], [2, 2, 2, 2, 2], [1, 1, 1, 1, 1], [1, 1, 1, 1, 1], [1, 1, 1, 1, 1], [2, 2, 2, 2, 2], [1, 1, 1, 1, 1], [1, 1, 1, 1, 1], [2, 2, 2, 2, 2], [1, 1, 1, 1, 1], [2, 2, 2, 2, 2], [1, 1, 1, 1, 1], [2, 2, 2, 2, 2], [1, 1, 1, 1, 1], [2, 2, 2, 2, 2], [1, 1, 1, 1, 1], [1, 1, 1, 1, 1], [2, 2, 2, 2, 2], [2, 2, 2, 2, 2], [1, 1, 1, 1, 1], [2, 2, 2, 2, 2], [2, 2, 2, 2, 2], [2, 2, 2, 2, 2], [1, 1, 1, 1, 1]]
1 1 1 -> 0.0
1 2 1 -> 11.05
2 1 1 -> 11.05
2 2 1 -> 0.0
1 1 2 -> 0.0
1 2 2 -> 9.43
2 1 2 -> 9.43
2 2 2 -> 0.0
1 1 3 -> 0.0
1 2 3 -> 17.46
2 1 3 -> 17.46
2 2 3 -> 0.0
1 1 4 -> 0.0
1 2 4 -> 19.24
2 1 4 -> 19.24
2 2 4 -> 0.0
1 1 5 -> 0.0
1 2 5 -> 20.59
2 1 5 -> 20.59
2 2 5 -> 0.0
o: (1, 2, 1) => 11.05
o: (1, 2, 5) => 20.59
o: (1, 2, 3) => 17.46
o: (1, 1, 2) => 0.0
o: (2, 1, 4) => 19.24
o: (1, 2, 2) => 9.43
o: (2, 1, 1) => 11.05
o: (2, 1, 5) => 20.59
o: (2, 1, 3) => 17.46
o: (2, 2, 4) => 0.0
o: (2, 2, 1) => 0.0
o: (2, 2, 5) => 0.0
o: (2, 2, 3) => 0.0
o: (2, 1, 2) => 9.43
o: (1, 1, 4) => 0.0
o: (1, 1, 1) => 0.0
o: (1, 1, 5) => 0.0
o: (1, 1, 3) => 0.0
o: (1, 2, 4) => 19.24
o: (2, 2, 2) => 0.0

[118, 2819, 2809, 2689, 2679, 2699, 2578, 22]
JOBS in the order of refs (Vprime)
Node 1: Job(0, Point(70, 70, 0), 0, 0, 2535, 0, 0, 0)
Node 2: Job(1, Point(101, 0, 0), 9, 1973, 2130, 10, 0, 172)
Node 3: Job(9, Point(107, 25, 0), 13, 1133, 1176, 10, 0, 71)
Node 4: Job(17, Point(46, 112, 1), 10, 1133, 1274, 10, 0, 153)
Node 5: Job(18, Point(79, 72, 0), 22, 0, 2516, 10, 0, 167)
Node 6: Job(20, Point(8, 87, 1), 17, 1615, 1714, 10, 0, 164)
Node 7: Job(21, Point(109, 139, 1), 8, 469, 555, 10, 0, 57)
Node 8: Job(22, Point(80, 103, 1), 15, 1484, 1613, 10, 0, 171)
Node 9: Job(24, Point(95, 135, 1), 27, 0, 2456, 10, 0, 199)
Node 10: Job(26, Point(64, 132, 1), 8, 0, 2463, 10, 0, 82)
Node 11: Job(28, Point(39, 13, 0), 20, 0, 2461, 10, 0, 10)
Node 12: Job(31, Point(140, 42, 0), 13, 0, 2450, 10, 0, 72)
Node 13: Job(35, Point(32, 6, 0), 11, 401, 479, 10, 0, 11)
Node 14: Job(41, Point(81, 57, 0), 8, 33, 104, 10, 0, 143)
Node 15: Job(42, Point(120, 52, 0), 20, 0, 2472, 10, 0, 75)
Node 16: Job(43, Point(113, 32, 0), 36, 0, 2468, 10, 0, 19)
Node 17: Job(45, Point(82, 103, 1), 15, 0, 2490, 10, 0, 34)
Node 18: Job(47, Point(90, 44, 0), 6, 0, 2493, 10, 0, 23)
Node 19: Job(50, Point(64, 138, 1), 15, 0, 2457, 10, 0, 104)
Node 20: Job(54, Point(13, 48, 0), 15, 0, 2464, 10, 0, 93)
Node 21: Job(55, Point(84, 88, 1), 16, 0, 2503, 10, 0, 78)
Node 22: Job(59, Point(105, 2, 0), 1, 0, 2449, 10, 0, 81)
Node 23: Job(60, Point(107, 77, 0), 34, 0, 2488, 10, 0, 48)
Node 24: Job(61, Point(104, 54, 0), 13, 208, 333, 10, 0, 29)
Node 25: Job(62, Point(54, 33, 0), 20, 118, 204, 10, 0, 97)
Node 26: Job(64, Point(37, 125, 1), 10, 0, 2461, 10, 0, 163)
Node 27: Job(65, Point(99, 34, 0), 9, 0, 2479, 10, 0, 37)
Node 28: Job(66, Point(38, 122, 1), 13, 941, 1052, 10, 0, 133)
Node 29: Job(67, Point(85, 75, 0), 37, 0, 2510, 10, 0, 102)
Node 30: Job(70, Point(47, 83, 1), 1, 0, 2499, 10, 0, 94)
Node 31: Job(73, Point(39, 100, 1), 31, 0, 2482, 10, 0, 121)
Node 32: Job(74, Point(48, 47, 0), 19, 94, 161, 10, 0, 36)
Node 33: Job(77, Point(103, 44, 0), 12, 0, 2483, 10, 0, 112)
Node 34: Job(80, Point(71, 70, 0), 9, 0, 2524, 10, 0, 13)
Node 35: Job(83, Point(16, 92, 1), 10, 0, 2467, 10, 0, 165)
Node 36: Job(84, Point(56, 139, 1), 18, 0, 2455, 10, 0, 108)
Node 37: Job(85, Point(27, 104, 1), 1, 0, 2471, 10, 0, 98)
Node 38: Job(87, Point(34, 72, 1), 21, 0, 2489, 10, 0, 33)
Node 39: Job(88, Point(120, 22, 0), 39, 440, 591, 10, 0, 51)
Node 40: Job(91, Point(33, 117, 1), 20, 0, 2466, 10, 0, 12)
Node 41: Job(92, Point(102, 52, 0), 15, 0, 2489, 10, 0, 120)
Node 42: Job(95, Point(114, 109, 1), 16, 0, 2467, 10, 0, 76)
Node 43: Job(96, Point(86, 80, 0), 21, 0, 2507, 10, 0, 196)
Node 44: Job(100, Point(12, 48, 0), 4, 0, 2463, 10, 0, 46)
Node 45: Job(101, Point(139, 72, 0), 23, 1349, 1466, 10, 0, 49)
Node 46: Job(103, Point(116, 22, 0), 32, 0, 2459, 10, 0, 175)
Node 47: Job(105, Point(19, 120, 1), 16, 0, 2454, 10, 0, 110)
Node 48: Job(106, Point(23, 39, 0), 20, 1419, 1514, 10, 0, 63)
Node 49: Job(107, Point(110, 99, 1), 21, 0, 2476, 10, 0, 136)
Node 50: Job(111, Point(61, 57, 0), 35, 0, 2510, 10, 0, 177)
Node 51: Job(114, Point(115, 124, 1), 11, 0, 2455, 10, 0, 90)
Node 52: Job(115, Point(93, 61, 0), 10, 0, 2501, 10, 0, 152)
Node 53: Job(117, Point(65, 0, 0), 20, 0, 2455, 10, 0, 109)
Node 54: Job(118, Point(108, 30, 0), 18, 381, 504, 10, 0, 69)
Node 55: Job(119, Point(120, 60, 0), 18, 216, 337, 10, 0, 155)
Node 56: Job(122, Point(117, 92, 0), 25, 0, 2474, 10, 0, 157)
Node 57: Job(123, Point(26, 130, 1), 20, 0, 2451, 10, 0, 130)
Node 58: Job(125, Point(113, 45, 0), 4, 0, 2476, 10, 0, 116)
Node 59: Job(126, Point(40, 113, 1), 23, 0, 2473, 10, 0, 79)
Node 60: Job(127, Point(138, 105, 0), 24, 0, 2449, 10, 0, 6)
Node 61: Job(128, Point(116, 105, 1), 23, 0, 2468, 10, 0, 25)
Node 62: Job(172, Point(97, 12, 0), -9, 0, 2462, 10, 1, 0)
Node 63: Job(71, Point(139, 68, 0), -13, 0, 2456, 10, 9, 0)
Node 64: Job(153, Point(35, 90, 1), -10, 0, 2485, 10, 17, 0)
Node 65: Job(167, Point(137, 84, 0), -22, 0, 2457, 10, 18, 0)
Node 66: Job(164, Point(65, 80, 1), -17, 0, 2514, 10, 20, 0)
Node 67: Job(57, Point(69, 115, 1), -8, 0, 2480, 10, 21, 0)
Node 68: Job(171, Point(66, 82, 1), -15, 0, 2513, 10, 22, 0)
Node 69: Job(199, Point(81, 36, 0), -27, 0, 2490, 10, 24, 0)
Node 70: Job(82, Point(36, 54, 0), -8, 1482, 1614, 10, 26, 0)
Node 71: Job(10, Point(17, 138, 1), -20, 0, 2439, 10, 28, 0)
Node 72: Job(72, Point(88, 29, 0), -13, 0, 2481, 10, 31, 0)
Node 73: Job(11, Point(37, 138, 1), -11, 0, 2450, 10, 35, 0)
Node 74: Job(143, Point(120, 47, 0), -8, 0, 2470, 10, 41, 0)
Node 75: Job(75, Point(104, 73, 0), -20, 0, 2491, 10, 42, 0)
Node 76: Job(19, Point(104, 32, 0), -36, 0, 2475, 10, 43, 0)
Node 77: Job(34, Point(44, 58, 0), -15, 0, 2497, 10, 45, 0)
Node 78: Job(23, Point(78, 63, 0), -6, 0, 2515, 10, 47, 0)
Node 79: Job(104, Point(27, 46, 0), -15, 0, 2476, 10, 50, 0)
Node 80: Job(93, Point(13, 129, 1), -15, 0, 2443, 10, 54, 0)
Node 81: Job(78, Point(73, 96, 1), -16, 0, 2499, 10, 55, 0)
Node 82: Job(81, Point(83, 12, 0), -1, 0, 2466, 10, 59, 0)
Node 83: Job(48, Point(139, 73, 0), -34, 0, 2456, 10, 60, 0)
Node 84: Job(29, Point(120, 14, 0), -13, 0, 2450, 10, 61, 0)
Node 85: Job(97, Point(33, 0, 0), -20, 0, 2446, 10, 62, 0)
Node 86: Job(163, Point(54, 78, 1), -10, 0, 2508, 10, 64, 0)
Node 87: Job(37, Point(106, 10, 0), -9, 0, 2456, 10, 65, 0)
Node 88: Job(133, Point(50, 112, 1), -13, 0, 2479, 10, 66, 0)
Node 89: Job(102, Point(109, 78, 0), -37, 0, 2486, 10, 67, 0)
Node 90: Job(94, Point(34, 20, 0), -1, 0, 2464, 10, 70, 0)
Node 91: Job(121, Point(2, 106, 1), -31, 1541, 1673, 10, 73, 0)
Node 92: Job(36, Point(41, 36, 0), -19, 0, 2481, 10, 74, 0)
Node 93: Job(112, Point(123, 84, 0), -12, 0, 2471, 10, 77, 0)
Node 94: Job(13, Point(121, 123, 1), -9, 0, 2452, 10, 80, 0)
Node 95: Job(165, Point(28, 62, 1), -10, 0, 2483, 10, 83, 0)
Node 96: Job(108, Point(15, 18, 0), -18, 0, 2450, 10, 84, 0)
Node 97: Job(98, Point(18, 104, 1), -1, 1350, 1463, 10, 85, 0)
Node 98: Job(33, Point(42, 29, 0), -21, 0, 2476, 10, 87, 0)
Node 99: Job(51, Point(98, 4, 0), -39, 0, 2454, 10, 88, 0)
Node 100: Job(12, Point(20, 69, 1), -20, 0, 2475, 10, 91, 0)
Node 101: Job(120, Point(92, 22, 0), -15, 0, 2473, 10, 92, 0)
Node 102: Job(76, Point(9, 19, 0), -16, 1472, 1631, 10, 95, 0)
Node 103: Job(196, Point(103, 86, 0), -21, 0, 2489, 10, 96, 0)
Node 104: Job(46, Point(10, 111, 1), -4, 0, 2453, 10, 100, 0)
Node 105: Job(49, Point(89, 24, 0), -23, 0, 2476, 10, 101, 0)
Node 106: Job(175, Point(90, 14, 0), -32, 0, 2466, 10, 103, 0)
Node 107: Job(110, Point(16, 62, 1), -16, 0, 2471, 10, 105, 0)
Node 108: Job(63, Point(32, 52, 0), -20, 0, 2483, 10, 106, 0)
Node 109: Job(136, Point(92, 138, 1), -21, 0, 2454, 10, 107, 0)
Node 110: Job(177, Point(15, 4, 0), -35, 406, 520, 10, 111, 0)
Node 111: Job(90, Point(63, 129, 1), -11, 0, 2466, 10, 114, 0)
Node 112: Job(152, Point(113, 35, 0), -10, 166, 357, 10, 115, 0)
Node 113: Job(109, Point(18, 70, 1), -20, 1531, 1717, 10, 117, 0)
Node 114: Job(69, Point(103, 77, 0), -18, 1203, 1242, 10, 118, 0)
Node 115: Job(155, Point(117, 4, 0), -18, 0, 2444, 10, 119, 0)
Node 116: Job(157, Point(56, 129, 1), -25, 0, 2465, 10, 122, 0)
Node 117: Job(130, Point(12, 138, 1), -20, 1096, 1221, 10, 123, 0)
Node 118: Job(116, Point(89, 39, 0), -4, 0, 2489, 10, 125, 0)
Node 119: Job(79, Point(44, 116, 1), -23, 0, 2473, 10, 126, 0)
Node 120: Job(6, Point(137, 137, 1), -24, 0, 2431, 10, 127, 0)
Node 121: Job(25, Point(37, 79, 1), -23, 0, 2491, 10, 128, 0)
Node 122: Job(0, Point(70, 70, 0), 0, 0, 2535, 0, 0, 0)

### Preprocessing Data ###
	-> arcs: 14884 (100.0%)
	-> arc_removals: 1535 (10.31%)
	-> arc_removals_is_loop: 122 (0.82%)
	-> arc_removals_is_delivery_to_pickup: 62 (0.42%)
	-> arc_removals_is_depot_begin_to_delivery: 60 (0.4%)
	-> arc_removals_is_pickup_to_depot_end: 60 (0.4%)
	-> arc_removals_is_dest_depot_begin: 120 (0.81%)
	-> arc_removals_is_orig_depot_end: 119 (0.8%)
	-> arc_removals_is_capacity_violated: 0 (0.0%)
	-> arc_removals_is_time_window_limited: 779 (5.23%)
	-> arc_removals_is_time_window_pairing_limited: 157 (1.05%)
	-> arc_removals_is_indirect_request_service_impossible: 56 (0.38%)
	-> gamma_vars: 0 (0%)
	-> feas_gamma_vars: 0 (0%)
	-> infeas_gamma_vars_is_next_mtrv_unreachable: 0 (0%)
	-> infeas_gamma_vars_is_iprime_jprime_eq_i_j: 0 (0%)
	-> machine_removal_for_an_arc: 0 (0.0%)
##########################

[18:26:48.355] Print configuration
------------------------------------------------------
"
[18:26:48.355] Running Multi Start Heuristic"
> Experiment started at 2025-10-16T18:26:48.355
> Instance: LR2_2_4_t2_60R_60V_02I_05M
> Algorithm Parameters:


	>Stop params:
		>  - rule ITERATIONS
		>  - argument 60000.0
		>  - maximum_time 3600

	>General params:
		>  - instPath /dados/rmelo/PDPTW-SE/benchmark_multi_island_v5/official_experiments/multistartlp/official/set_01_pt_02/../../../../instances/orig_ams_fg/60R_60V_02I_06M/t2/LR2_2_4/
		>  - name LR2_2_4
		>  - type t2
		>  - group 60R_60V_02I_05M
		>  - fullname LR2_2_4_t2_60R_60V_02I_05M
		>  - methodType heur
		>  - methodCode mslp
		>  - genconfigfile /dados/rmelo/PDPTW-SE/benchmark_multi_island_v5/official_experiments/multistartlp/official/set_01_pt_02/configs/genconfig_mslp.conf
		>  - genconfigfilename genconfig_mslp
		>  - greedy_service_order random
		>  - cutoff 0
		>  - cutoffmachs 5
		>  - num_machs 0
		>  - solver Gurobi
		>  - maxtime 3600
		>  - gurobiCuts 1
		>  - typeUserCut 0
		>  - mipPresolve -1
		>  - printsol 1
		>  - maxnodes -1
		>  - elevator 0
		>  - make_instance_feasible false
		>  - output /dados/rmelo/PDPTW-SE/benchmark_multi_island_v5/official_experiments/multistartlp/official/set_01_pt_02/logs
		>  - suff_outputs _seed_177
		>  - suff_csv _bash_5
		>  - epsilon 0.005
		>  - epsilonCap 0.5
		>  - warmStart false
		>  - seed 177
		>  - rng Random.MersenneTwister(177)
		>  - alpha 0.05
		>  - maxiter 1000000
		>  - outputFlagGrbMIP 0
		>  - outputFlagGrbMSLP 0
		>  - outputFlagGrbLMNS 0
		>  - mslpr I
		>  - mslpa 60000
		>  - lmnsr M
		>  - lmnsa 60
		>  - lmnsRepairTime 30.0
		>  - lmnsMIPFocus 0
		>  - lmnsGapToBiggerDestruction 50
		>  - lmnsGapToSmallerDestruction 95
		>  - lmnsWeightShawDistProx 1.0
		>  - lmnsWeightShawEarlProx 1.0
		>  - lmnsWeightShawSameRoute 1.0
		>  - lmnsWeightShawDemandSim 1.0
		>  - lmnsReqRApplyMIPStart true
		>  - lmnsAcceptanceCriteria H
		>  - lmnsMetropolisTemp 100.0
		>  - lmnsSimulatedAnnealingTemp 100.0
		>  - lmnsSimulatedAnnealingCool 0.95
		>  - mipmaxtime 3600
		>  - csvfilename /dados/rmelo/PDPTW-SE/benchmark_multi_island_v5/official_experiments/multistartlp/official/set_01_pt_02/logs/heur_mslp/outputs/csvresults_heur_mslp_bash_5.csv
		>  - solfilename /dados/rmelo/PDPTW-SE/benchmark_multi_island_v5/official_experiments/multistartlp/official/set_01_pt_02/logs/heur_mslp/solutions/60R_60V_02I_05M/LR2_2_4_sol_genconfig_mslp_seed_177.txt
		>  - timelineFilename /dados/rmelo/PDPTW-SE/benchmark_multi_island_v5/official_experiments/multistartlp/official/set_01_pt_02/logs/heur_mslp/timelines/60R_60V_02I_05M/LR2_2_4_timeline_genconfig_mslp_seed_177.txt
		>  - grbFilename /dados/rmelo/PDPTW-SE/benchmark_multi_island_v5/official_experiments/multistartlp/official/set_01_pt_02/logs/heur_mslp/gurobi/60R_60V_02I_05M/LR2_2_4_grb_genconfig_mslp_seed_177.log
		>  - threads 1
		>  - solverMethod AUTOMATIC

------------------------------------------------------

[18:26:48.46] Starting running MSLP
objValue;greedysol;iteration;time
7936.37;7992.76;1;0.088307
7508.24;7853.83;11;1.488612
7439.34;7470.64;464;43.352076
7355.47;7450.45;1226;112.889379
7352.12;7381.98;3189;294.232633
7224.52;7306.48;3205;295.648480
6986.64;7158.46;4248;391.887469
6848.08;6861.09;4786;440.651416
6774.05;6944.90;29511;2723.219819

[19:27:45.541] Finished running MSLP
System CPU time: 25.70 seconds

[19:27:45.612] Post running MSLP
Best solution value: 6774.05
Total time elapsed: 3600.068793
Time to best: 2723.219819
Iterations: 39054
Iterations to best: 29511
Improvements: 9
Infeasible solutions percentage: (0 / 39054) = 0.0000 %
(LP improvements)/(LP runs) = 39003/39054 = 99.8694 %
Mean LP improvement percentage: 1.9100 %
[19:27:45.862] Writing results to CSV file: /dados/rmelo/PDPTW-SE/benchmark_multi_island_v5/official_experiments/multistartlp/official/set_01_pt_02/logs/heur_mslp/outputs/csvresults_heur_mslp_bash_5.csv

[19:27:47.903] Saving solution to file:/dados/rmelo/PDPTW-SE/benchmark_multi_island_v5/official_experiments/multistartlp/official/set_01_pt_02/logs/heur_mslp/solutions/60R_60V_02I_05M/LR2_2_4_sol_genconfig_mslp_seed_177.txt

[19:27:47.903] Saving solution timeline to file: /dados/rmelo/PDPTW-SE/benchmark_multi_island_v5/official_experiments/multistartlp/official/set_01_pt_02/logs/heur_mslp/timelines/60R_60V_02I_05M/LR2_2_4_timeline_genconfig_mslp_seed_177.txt
---------------------| VEHICLES |---------------------

Vehicle 2 :
	id: 0
		node: 1
		(x, y, z): (70, 70, 0)
		dem: 0
		earl: 0
		lat: 2535
		servt: 0
		pid: 0
		did: 0
		servST: 0.0
		(h, h_ind): (-1, 0)
		load: 0.0

	Finished service at time: 0.0

	Task 0 -> Task 96: 18.87
	Vehicle arrival at task: 18.87
	Waiting time until service start time: 0.0

	id: 96
		node: 43
		(x, y, z): (86, 80, 0)
		dem: 21
		earl: 0
		lat: 2507
		servt: 10
		pid: 0
		did: 196
		servST: 18.87
		(h, h_ind): (-1, 0)
		load: 21.0

	Finished service at time: 28.87

	Task 96 -> Task 67: 5.1
	Vehicle arrival at task: 33.97
	Waiting time until service start time: 0.0

	id: 67
		node: 29
		(x, y, z): (85, 75, 0)
		dem: 37
		earl: 0
		lat: 2510
		servt: 10
		pid: 0
		did: 102
		servST: 33.97
		(h, h_ind): (-1, 0)
		load: 58.0

	Finished service at time: 43.97

	Task 67 -> Task 41: 18.44
	Vehicle arrival at task: 62.41
	Waiting time until service start time: 0.0

	id: 41
		node: 14
		(x, y, z): (81, 57, 0)
		dem: 8
		earl: 33
		lat: 104
		servt: 10
		pid: 0
		did: 143
		servST: 62.41
		(h, h_ind): (-1, 0)
		load: 66.0

	Finished service at time: 72.41

	Task 41 -> Task 65: 29.21
	Vehicle arrival at task: 101.62
	Waiting time until service start time: 0.0

	id: 65
		node: 27
		(x, y, z): (99, 34, 0)
		dem: 9
		earl: 0
		lat: 2479
		servt: 10
		pid: 0
		did: 37
		servST: 101.62
		(h, h_ind): (-1, 0)
		load: 75.0

	Finished service at time: 111.62

	Task 65 -> Task 37: 25.0
	Vehicle arrival at task: 136.62
	Waiting time until service start time: 0.0

	id: 37
		node: 87
		(x, y, z): (106, 10, 0)
		dem: -9
		earl: 0
		lat: 2456
		servt: 10
		pid: 65
		did: 0
		servST: 136.62
		(h, h_ind): (-1, 0)
		load: 66.0

	Finished service at time: 146.62

	Task 37 -> Task 59: 8.06
	Vehicle arrival at task: 154.68
	Waiting time until service start time: 0.0

	id: 59
		node: 22
		(x, y, z): (105, 2, 0)
		dem: 1
		earl: 0
		lat: 2449
		servt: 10
		pid: 0
		did: 81
		servST: 154.68
		(h, h_ind): (-1, 0)
		load: 67.0

	Finished service at time: 164.68

	Task 59 -> Task 81: 24.17
	Vehicle arrival at task: 188.85000000000002
	Waiting time until service start time: 0.0

	id: 81
		node: 82
		(x, y, z): (83, 12, 0)
		dem: -1
		earl: 0
		lat: 2466
		servt: 10
		pid: 59
		did: 0
		servST: 188.85000000000002
		(h, h_ind): (-1, 0)
		load: 66.0

	Finished service at time: 198.85000000000002

	Task 81 -> Task 143: 50.93
	Vehicle arrival at task: 249.78000000000003
	Waiting time until service start time: 0.0

	id: 143
		node: 74
		(x, y, z): (120, 47, 0)
		dem: -8
		earl: 0
		lat: 2470
		servt: 10
		pid: 41
		did: 0
		servST: 249.78000000000003
		(h, h_ind): (-1, 0)
		load: 58.0

	Finished service at time: 259.78000000000003

	Task 143 -> Task 42: 5.0
	Vehicle arrival at task: 264.78000000000003
	Waiting time until service start time: 0.0

	id: 42
		node: 15
		(x, y, z): (120, 52, 0)
		dem: 20
		earl: 0
		lat: 2472
		servt: 10
		pid: 0
		did: 75
		servST: 264.78000000000003
		(h, h_ind): (-1, 0)
		load: 78.0

	Finished service at time: 274.78000000000003

	Task 42 -> Task 102: 28.23
	Vehicle arrival at task: 303.01000000000005
	Waiting time until service start time: 0.0

	id: 102
		node: 89
		(x, y, z): (109, 78, 0)
		dem: -37
		earl: 0
		lat: 2486
		servt: 10
		pid: 67
		did: 0
		servST: 303.01000000000005
		(h, h_ind): (-1, 0)
		load: 41.0

	Finished service at time: 313.01000000000005

	Task 102 -> Task 196: 10.0
	Vehicle arrival at task: 323.01000000000005
	Waiting time until service start time: 0.0

	id: 196
		node: 103
		(x, y, z): (103, 86, 0)
		dem: -21
		earl: 0
		lat: 2489
		servt: 10
		pid: 96
		did: 0
		servST: 323.01000000000005
		(h, h_ind): (-1, 0)
		load: 20.0

	Finished service at time: 333.01000000000005

	Task 196 -> Task 75: 13.04
	Vehicle arrival at task: 346.05000000000007
	Waiting time until service start time: 0.0

	id: 75
		node: 75
		(x, y, z): (104, 73, 0)
		dem: -20
		earl: 0
		lat: 2491
		servt: 10
		pid: 42
		did: 0
		servST: 346.05000000000007
		(h, h_ind): (-1, 0)
		load: 0.0

	Finished service at time: 356.05000000000007

	Task 75 -> Task 80: 33.14
	Vehicle arrival at task: 389.19000000000005
	Waiting time until service start time: 0.0

	id: 80
		node: 34
		(x, y, z): (71, 70, 0)
		dem: 9
		earl: 0
		lat: 2524
		servt: 10
		pid: 0
		did: 13
		servST: 389.19000000000005
		(h, h_ind): (-1, 0)
		load: 9.0

	Finished service at time: 399.19000000000005

	Task 80 -> Task 111: 16.4
	Vehicle arrival at task: 415.59000000000003
	Waiting time until service start time: 0.0

	id: 111
		node: 50
		(x, y, z): (61, 57, 0)
		dem: 35
		earl: 0
		lat: 2510
		servt: 10
		pid: 0
		did: 177
		servST: 415.59000000000003
		(h, h_ind): (-1, 0)
		load: 44.0

	Finished service at time: 425.59000000000003

	Task 111 -> Task 28: 49.19
	Vehicle arrival at task: 474.78000000000003
	Waiting time until service start time: 0.0

	id: 28
		node: 11
		(x, y, z): (39, 13, 0)
		dem: 20
		earl: 0
		lat: 2461
		servt: 10
		pid: 0
		did: 10
		servST: 474.78000000000003
		(h, h_ind): (-1, 0)
		load: 64.0

	Finished service at time: 484.78000000000003

	Task 28 -> Task 177: 25.63
	Vehicle arrival at task: 510.41
	Waiting time until service start time: 0.0

	id: 177
		node: 110
		(x, y, z): (15, 4, 0)
		dem: -35
		earl: 406
		lat: 520
		servt: 10
		pid: 111
		did: 0
		servST: 510.41
		(h, h_ind): (-1, 0)
		load: 29.0

	Finished service at time: 520.4100000000001

	Task 177 -> Task 54: 44.05
	Vehicle arrival at task: 564.46
	Waiting time until service start time: 0.0

	id: 54
		node: 20
		(x, y, z): (13, 48, 0)
		dem: 15
		earl: 0
		lat: 2464
		servt: 10
		pid: 0
		did: 93
		servST: 564.46
		(h, h_ind): (-1, 0)
		load: 44.0

	Finished service at time: 574.46

	Using Machine: 0
		Task 54 -> Machine 0 (Station 1): 5.83
		Vehicle arrival at machine station: 580.2900000000001
		Waiting time until machine travel: 0.0

		Machine travel start time: 580.2900000000001
		Region 0 -> Region 1: 11.05
		Machine arrival at machine station: 591.34

		Machine 0 (Station 2)-> Task 10: 76.03
		Vehicle arrival at task: 667.37
		Waiting time until service start time: 0.0

	id: 10
		node: 71
		(x, y, z): (17, 138, 1)
		dem: -20
		earl: 0
		lat: 2439
		servt: 10
		pid: 28
		did: 0
		servST: 667.3700000000001
		(h, h_ind): (0, 2)
		load: 24.0

	Finished service at time: 677.3700000000001

	Task 10 -> Task 93: 9.85
	Vehicle arrival at task: 687.2200000000001
	Waiting time until service start time: 0.0

	id: 93
		node: 80
		(x, y, z): (13, 129, 1)
		dem: -15
		earl: 0
		lat: 2443
		servt: 10
		pid: 54
		did: 0
		servST: 687.2200000000001
		(h, h_ind): (-1, 0)
		load: 9.0

	Finished service at time: 697.2200000000001

	Task 93 -> Task 55: 81.99
	Vehicle arrival at task: 779.2100000000002
	Waiting time until service start time: 0.0

	id: 55
		node: 21
		(x, y, z): (84, 88, 1)
		dem: 16
		earl: 0
		lat: 2503
		servt: 10
		pid: 0
		did: 78
		servST: 779.2100000000002
		(h, h_ind): (-1, 0)
		load: 25.0

	Finished service at time: 789.2100000000002

	Task 55 -> Task 13: 50.93
	Vehicle arrival at task: 840.1400000000001
	Waiting time until service start time: 0.0

	id: 13
		node: 94
		(x, y, z): (121, 123, 1)
		dem: -9
		earl: 0
		lat: 2452
		servt: 10
		pid: 80
		did: 0
		servST: 840.1400000000001
		(h, h_ind): (-1, 0)
		load: 16.0

	Finished service at time: 850.1400000000001

	Task 13 -> Task 78: 55.07
	Vehicle arrival at task: 905.2100000000002
	Waiting time until service start time: -0.0

	id: 78
		node: 81
		(x, y, z): (73, 96, 1)
		dem: -16
		earl: 0
		lat: 2499
		servt: 10
		pid: 55
		did: 0
		servST: 905.21
		(h, h_ind): (-1, 0)
		load: 0.0

	Finished service at time: 915.21

	Task 78 -> Task 70: 29.07
	Vehicle arrival at task: 944.2800000000001
	Waiting time until service start time: 0.0

	id: 70
		node: 30
		(x, y, z): (47, 83, 1)
		dem: 1
		earl: 0
		lat: 2499
		servt: 10
		pid: 0
		did: 94
		servST: 944.2800000000001
		(h, h_ind): (-1, 0)
		load: 1.0

	Finished service at time: 954.2800000000001

	Using Machine: 1
		Task 70 -> Machine 1 (Station 2): 34.21
		Vehicle arrival at machine station: 988.4900000000001
		Waiting time until machine travel: 0.0

		Machine travel start time: 988.4900000000001
		Region 1 -> Region 0: 9.43
		Machine arrival at machine station: 997.9200000000001

		Machine 1 (Station 1)-> Task 47: 65.76
		Vehicle arrival at task: 1063.68
		Waiting time until service start time: 0.0

	id: 47
		node: 18
		(x, y, z): (90, 44, 0)
		dem: 6
		earl: 0
		lat: 2493
		servt: 10
		pid: 0
		did: 23
		servST: 1063.68
		(h, h_ind): (1, 5)
		load: 7.0

	Finished service at time: 1073.68

	Task 47 -> Task 23: 22.47
	Vehicle arrival at task: 1096.15
	Waiting time until service start time: 0.0

	id: 23
		node: 78
		(x, y, z): (78, 63, 0)
		dem: -6
		earl: 0
		lat: 2515
		servt: 10
		pid: 47
		did: 0
		servST: 1096.15
		(h, h_ind): (-1, 0)
		load: 1.0

	Finished service at time: 1106.15

	Task 23 -> Task 43: 46.75
	Vehicle arrival at task: 1152.9
	Waiting time until service start time: 0.0

	id: 43
		node: 16
		(x, y, z): (113, 32, 0)
		dem: 36
		earl: 0
		lat: 2468
		servt: 10
		pid: 0
		did: 19
		servST: 1152.9
		(h, h_ind): (-1, 0)
		load: 37.0

	Finished service at time: 1162.9

	Task 43 -> Task 9: 9.22
	Vehicle arrival at task: 1172.1200000000001
	Waiting time until service start time: 0.0

	id: 9
		node: 3
		(x, y, z): (107, 25, 0)
		dem: 13
		earl: 1133
		lat: 1176
		servt: 10
		pid: 0
		did: 71
		servST: 1172.1200000000001
		(h, h_ind): (-1, 0)
		load: 50.0

	Finished service at time: 1182.1200000000001

	Task 9 -> Task 19: 7.62
	Vehicle arrival at task: 1189.74
	Waiting time until service start time: 0.0

	id: 19
		node: 76
		(x, y, z): (104, 32, 0)
		dem: -36
		earl: 0
		lat: 2475
		servt: 10
		pid: 43
		did: 0
		servST: 1189.74
		(h, h_ind): (-1, 0)
		load: 14.0

	Finished service at time: 1199.74

	Task 19 -> Task 31: 37.36
	Vehicle arrival at task: 1237.1
	Waiting time until service start time: 0.0

	id: 31
		node: 12
		(x, y, z): (140, 42, 0)
		dem: 13
		earl: 0
		lat: 2450
		servt: 10
		pid: 0
		did: 72
		servST: 1237.1
		(h, h_ind): (-1, 0)
		load: 27.0

	Finished service at time: 1247.1

	Task 31 -> Task 71: 26.02
	Vehicle arrival at task: 1273.12
	Waiting time until service start time: 0.0

	id: 71
		node: 63
		(x, y, z): (139, 68, 0)
		dem: -13
		earl: 0
		lat: 2456
		servt: 10
		pid: 9
		did: 0
		servST: 1273.12
		(h, h_ind): (-1, 0)
		load: 14.0

	Finished service at time: 1283.12

	Task 71 -> Task 72: 64.2
	Vehicle arrival at task: 1347.32
	Waiting time until service start time: 0.0

	id: 72
		node: 72
		(x, y, z): (88, 29, 0)
		dem: -13
		earl: 0
		lat: 2481
		servt: 10
		pid: 31
		did: 0
		servST: 1347.32
		(h, h_ind): (-1, 0)
		load: 1.0

	Finished service at time: 1357.32

	Task 72 -> Task 117: 37.01
	Vehicle arrival at task: 1394.33
	Waiting time until service start time: 0.0

	id: 117
		node: 53
		(x, y, z): (65, 0, 0)
		dem: 20
		earl: 0
		lat: 2455
		servt: 10
		pid: 0
		did: 109
		servST: 1394.33
		(h, h_ind): (-1, 0)
		load: 21.0

	Finished service at time: 1404.33

	Task 117 -> Task 94: 36.89
	Vehicle arrival at task: 1441.22
	Waiting time until service start time: 0.0

	id: 94
		node: 90
		(x, y, z): (34, 20, 0)
		dem: -1
		earl: 0
		lat: 2464
		servt: 10
		pid: 70
		did: 0
		servST: 1441.22
		(h, h_ind): (-1, 0)
		load: 20.0

	Finished service at time: 1451.22

	Task 94 -> Task 106: 21.95
	Vehicle arrival at task: 1473.17
	Waiting time until service start time: 0.0

	id: 106
		node: 48
		(x, y, z): (23, 39, 0)
		dem: 20
		earl: 1419
		lat: 1514
		servt: 10
		pid: 0
		did: 63
		servST: 1473.17
		(h, h_ind): (-1, 0)
		load: 40.0

	Finished service at time: 1483.17

	Task 106 -> Task 63: 15.81
	Vehicle arrival at task: 1498.98
	Waiting time until service start time: 0.0

	id: 63
		node: 108
		(x, y, z): (32, 52, 0)
		dem: -20
		earl: 0
		lat: 2483
		servt: 10
		pid: 106
		did: 0
		servST: 1498.98
		(h, h_ind): (-1, 0)
		load: 20.0

	Finished service at time: 1508.98

	Using Machine: 1
		Task 63 -> Machine 1 (Station 1): 7.28
		Vehicle arrival at machine station: 1516.26
		Waiting time until machine travel: 0.0

		Machine travel start time: 1516.26
		Region 0 -> Region 1: 9.43
		Machine arrival at machine station: 1525.69

		Machine 1 (Station 2)-> Task 73: 42.49
		Vehicle arrival at task: 1568.18
		Waiting time until service start time: 0.0

	id: 73
		node: 31
		(x, y, z): (39, 100, 1)
		dem: 31
		earl: 0
		lat: 2482
		servt: 10
		pid: 0
		did: 121
		servST: 1568.18
		(h, h_ind): (1, 7)
		load: 51.0

	Finished service at time: 1578.18

	Task 73 -> Task 105: 28.28
	Vehicle arrival at task: 1606.46
	Waiting time until service start time: 0.0

	id: 105
		node: 47
		(x, y, z): (19, 120, 1)
		dem: 16
		earl: 0
		lat: 2454
		servt: 10
		pid: 0
		did: 110
		servST: 1606.46
		(h, h_ind): (-1, 0)
		load: 67.0

	Finished service at time: 1616.46

	Task 105 -> Task 121: 22.02
	Vehicle arrival at task: 1638.48
	Waiting time until service start time: 0.0

	id: 121
		node: 91
		(x, y, z): (2, 106, 1)
		dem: -31
		earl: 1541
		lat: 1673
		servt: 10
		pid: 73
		did: 0
		servST: 1638.48
		(h, h_ind): (-1, 0)
		load: 36.0

	Finished service at time: 1648.48

	Task 121 -> Task 109: 39.4
	Vehicle arrival at task: 1687.88
	Waiting time until service start time: 0.0

	id: 109
		node: 113
		(x, y, z): (18, 70, 1)
		dem: -20
		earl: 1531
		lat: 1717
		servt: 10
		pid: 117
		did: 0
		servST: 1687.88
		(h, h_ind): (-1, 0)
		load: 16.0

	Finished service at time: 1697.88

	Task 109 -> Task 110: 8.25
	Vehicle arrival at task: 1706.13
	Waiting time until service start time: 0.0

	id: 110
		node: 107
		(x, y, z): (16, 62, 1)
		dem: -16
		earl: 0
		lat: 2471
		servt: 10
		pid: 105
		did: 0
		servST: 1706.13
		(h, h_ind): (-1, 0)
		load: 0.0

	Finished service at time: 1716.13

	Using Machine: 2
		Task 110 -> Machine 2 (Station 2): 2.24
		Vehicle arrival at machine station: 1718.3700000000001
		Waiting time until machine travel: 0.0

		Machine travel start time: 1718.3700000000001
		Region 1 -> Region 0: 17.46
		Machine arrival at machine station: 1735.8300000000002

		Machine 2 (Station 1)-> Task 0: 41.11
		Vehicle arrival at task: 1776.94
		Waiting time until service start time: 0.0

	id: 0
		node: 122
		(x, y, z): (70, 70, 0)
		dem: 0
		earl: 0
		lat: 2535
		servt: 0
		pid: 0
		did: 0
		servST: 1776.94
		(h, h_ind): (2, 2)
		load: 0.0


Vehicle 13 :
	id: 0
		node: 1
		(x, y, z): (70, 70, 0)
		dem: 0
		earl: 0
		lat: 2535
		servt: 0
		pid: 0
		did: 0
		servST: 0.0
		(h, h_ind): (-1, 0)
		load: 0.0

	Finished service at time: 0.0

	Task 0 -> Task 127: 76.48
	Vehicle arrival at task: 76.48
	Waiting time until service start time: 0.0

	id: 127
		node: 60
		(x, y, z): (138, 105, 0)
		dem: 24
		earl: 0
		lat: 2449
		servt: 10
		pid: 0
		did: 6
		servST: 76.48
		(h, h_ind): (-1, 0)
		load: 24.0

	Finished service at time: 86.48

	Task 127 -> Task 62: 110.63
	Vehicle arrival at task: 197.11
	Waiting time until service start time: 0.0

	id: 62
		node: 25
		(x, y, z): (54, 33, 0)
		dem: 20
		earl: 118
		lat: 204
		servt: 10
		pid: 0
		did: 97
		servST: 197.11
		(h, h_ind): (-1, 0)
		load: 44.0

	Finished service at time: 207.11

	Task 62 -> Task 97: 39.12
	Vehicle arrival at task: 246.23000000000002
	Waiting time until service start time: 0.0

	id: 97
		node: 85
		(x, y, z): (33, 0, 0)
		dem: -20
		earl: 0
		lat: 2446
		servt: 10
		pid: 62
		did: 0
		servST: 246.23000000000002
		(h, h_ind): (-1, 0)
		load: 24.0

	Finished service at time: 256.23

	Using Machine: 1
		Task 97 -> Machine 1 (Station 1): 54.59
		Vehicle arrival at machine station: 310.82000000000005
		Waiting time until machine travel: 0.0

		Machine travel start time: 310.82000000000005
		Region 0 -> Region 1: 9.43
		Machine arrival at machine station: 320.25000000000006

		Machine 1 (Station 2)-> Task 87: 17.2
		Vehicle arrival at task: 337.45000000000005
		Waiting time until service start time: 0.0

	id: 87
		node: 38
		(x, y, z): (34, 72, 1)
		dem: 21
		earl: 0
		lat: 2489
		servt: 10
		pid: 0
		did: 33
		servST: 337.45000000000005
		(h, h_ind): (1, 1)
		load: 45.0

	Finished service at time: 347.45000000000005

	Using Machine: 1
		Task 87 -> Machine 1 (Station 2): 17.2
		Vehicle arrival at machine station: 364.65000000000003
		Waiting time until machine travel: 0.0

		Machine travel start time: 364.65000000000003
		Region 1 -> Region 0: 9.43
		Machine arrival at machine station: 374.08000000000004

		Machine 1 (Station 1)-> Task 33: 30.23
		Vehicle arrival at task: 404.31000000000006
		Waiting time until service start time: 0.0

	id: 33
		node: 98
		(x, y, z): (42, 29, 0)
		dem: -21
		earl: 0
		lat: 2476
		servt: 10
		pid: 87
		did: 0
		servST: 404.31000000000006
		(h, h_ind): (1, 2)
		load: 24.0

	Finished service at time: 414.31000000000006

	Task 33 -> Task 35: 25.08
	Vehicle arrival at task: 439.39000000000004
	Waiting time until service start time: 0.0

	id: 35
		node: 13
		(x, y, z): (32, 6, 0)
		dem: 11
		earl: 401
		lat: 479
		servt: 10
		pid: 0
		did: 11
		servST: 439.39000000000004
		(h, h_ind): (-1, 0)
		load: 35.0

	Finished service at time: 449.39000000000004

	Using Machine: 1
		Task 35 -> Machine 1 (Station 1): 48.51
		Vehicle arrival at machine station: 497.90000000000003
		Waiting time until machine travel: 0.0

		Machine travel start time: 497.90000000000003
		Region 0 -> Region 1: 9.43
		Machine arrival at machine station: 507.33000000000004

		Machine 1 (Station 2)-> Task 11: 77.88
		Vehicle arrival at task: 585.21
		Waiting time until service start time: 0.0

	id: 11
		node: 73
		(x, y, z): (37, 138, 1)
		dem: -11
		earl: 0
		lat: 2450
		servt: 10
		pid: 35
		did: 0
		servST: 585.21
		(h, h_ind): (1, 3)
		load: 24.0

	Finished service at time: 595.21

	Task 11 -> Task 107: 82.76
	Vehicle arrival at task: 677.97
	Waiting time until service start time: 0.0

	id: 107
		node: 49
		(x, y, z): (110, 99, 1)
		dem: 21
		earl: 0
		lat: 2476
		servt: 10
		pid: 0
		did: 136
		servST: 677.97
		(h, h_ind): (-1, 0)
		load: 45.0

	Finished service at time: 687.97

	Task 107 -> Task 6: 46.62
	Vehicle arrival at task: 734.59
	Waiting time until service start time: 0.0

	id: 6
		node: 120
		(x, y, z): (137, 137, 1)
		dem: -24
		earl: 0
		lat: 2431
		servt: 10
		pid: 127
		did: 0
		servST: 734.59
		(h, h_ind): (-1, 0)
		load: 21.0

	Finished service at time: 744.59

	Task 6 -> Task 114: 25.55
	Vehicle arrival at task: 770.14
	Waiting time until service start time: 0.0

	id: 114
		node: 51
		(x, y, z): (115, 124, 1)
		dem: 11
		earl: 0
		lat: 2455
		servt: 10
		pid: 0
		did: 90
		servST: 770.14
		(h, h_ind): (-1, 0)
		load: 32.0

	Finished service at time: 780.14

	Task 114 -> Task 123: 89.2
	Vehicle arrival at task: 869.34
	Waiting time until service start time: 0.0

	id: 123
		node: 57
		(x, y, z): (26, 130, 1)
		dem: 20
		earl: 0
		lat: 2451
		servt: 10
		pid: 0
		did: 130
		servST: 869.34
		(h, h_ind): (-1, 0)
		load: 52.0

	Finished service at time: 879.34

	Task 123 -> Task 136: 66.48
	Vehicle arrival at task: 945.82
	Waiting time until service start time: 0.0

	id: 136
		node: 109
		(x, y, z): (92, 138, 1)
		dem: -21
		earl: 0
		lat: 2454
		servt: 10
		pid: 107
		did: 0
		servST: 945.82
		(h, h_ind): (-1, 0)
		load: 31.0

	Finished service at time: 955.82

	Task 136 -> Task 90: 30.36
	Vehicle arrival at task: 986.1800000000001
	Waiting time until service start time: 0.0

	id: 90
		node: 111
		(x, y, z): (63, 129, 1)
		dem: -11
		earl: 0
		lat: 2466
		servt: 10
		pid: 114
		did: 0
		servST: 986.1800000000001
		(h, h_ind): (-1, 0)
		load: 20.0

	Finished service at time: 996.1800000000001

	Task 90 -> Task 66: 25.96
	Vehicle arrival at task: 1022.1400000000001
	Waiting time until service start time: 0.0

	id: 66
		node: 28
		(x, y, z): (38, 122, 1)
		dem: 13
		earl: 941
		lat: 1052
		servt: 10
		pid: 0
		did: 133
		servST: 1022.1400000000001
		(h, h_ind): (-1, 0)
		load: 33.0

	Finished service at time: 1032.14

	Task 66 -> Task 133: 15.62
	Vehicle arrival at task: 1047.76
	Waiting time until service start time: 0.0

	id: 133
		node: 88
		(x, y, z): (50, 112, 1)
		dem: -13
		earl: 0
		lat: 2479
		servt: 10
		pid: 66
		did: 0
		servST: 1047.76
		(h, h_ind): (-1, 0)
		load: 20.0

	Finished service at time: 1057.76

	Task 133 -> Task 85: 24.35
	Vehicle arrival at task: 1082.11
	Waiting time until service start time: 0.0

	id: 85
		node: 37
		(x, y, z): (27, 104, 1)
		dem: 1
		earl: 0
		lat: 2471
		servt: 10
		pid: 0
		did: 98
		servST: 1082.11
		(h, h_ind): (-1, 0)
		load: 21.0

	Finished service at time: 1092.11

	Task 85 -> Task 126: 15.81
	Vehicle arrival at task: 1107.9199999999998
	Waiting time until service start time: 0.0

	id: 126
		node: 59
		(x, y, z): (40, 113, 1)
		dem: 23
		earl: 0
		lat: 2473
		servt: 10
		pid: 0
		did: 79
		servST: 1107.9199999999998
		(h, h_ind): (-1, 0)
		load: 44.0

	Finished service at time: 1117.9199999999998

	Task 126 -> Task 130: 37.54
	Vehicle arrival at task: 1155.4599999999998
	Waiting time until service start time: 0.0

	id: 130
		node: 117
		(x, y, z): (12, 138, 1)
		dem: -20
		earl: 1096
		lat: 1221
		servt: 10
		pid: 123
		did: 0
		servST: 1155.4599999999998
		(h, h_ind): (-1, 0)
		load: 24.0

	Finished service at time: 1165.4599999999998

	Task 130 -> Task 64: 28.18
	Vehicle arrival at task: 1193.6399999999999
	Waiting time until service start time: 0.0

	id: 64
		node: 26
		(x, y, z): (37, 125, 1)
		dem: 10
		earl: 0
		lat: 2461
		servt: 10
		pid: 0
		did: 163
		servST: 1193.6399999999999
		(h, h_ind): (-1, 0)
		load: 34.0

	Finished service at time: 1203.6399999999999

	Task 64 -> Task 17: 15.81
	Vehicle arrival at task: 1219.4499999999998
	Waiting time until service start time: 0.0

	id: 17
		node: 4
		(x, y, z): (46, 112, 1)
		dem: 10
		earl: 1133
		lat: 1274
		servt: 10
		pid: 0
		did: 153
		servST: 1219.4499999999998
		(h, h_ind): (-1, 0)
		load: 44.0

	Finished service at time: 1229.4499999999998

	Task 17 -> Task 79: 4.47
	Vehicle arrival at task: 1233.9199999999998
	Waiting time until service start time: 0.0

	id: 79
		node: 119
		(x, y, z): (44, 116, 1)
		dem: -23
		earl: 0
		lat: 2473
		servt: 10
		pid: 126
		did: 0
		servST: 1233.9199999999998
		(h, h_ind): (-1, 0)
		load: 21.0

	Finished service at time: 1243.9199999999998

	Task 79 -> Task 128: 72.84
	Vehicle arrival at task: 1316.7599999999998
	Waiting time until service start time: 0.0

	id: 128
		node: 61
		(x, y, z): (116, 105, 1)
		dem: 23
		earl: 0
		lat: 2468
		servt: 10
		pid: 0
		did: 25
		servST: 1316.7599999999998
		(h, h_ind): (-1, 0)
		load: 44.0

	Finished service at time: 1326.7599999999998

	Task 128 -> Task 25: 83.17
	Vehicle arrival at task: 1409.9299999999998
	Waiting time until service start time: 0.0

	id: 25
		node: 121
		(x, y, z): (37, 79, 1)
		dem: -23
		earl: 0
		lat: 2491
		servt: 10
		pid: 128
		did: 0
		servST: 1409.9299999999998
		(h, h_ind): (-1, 0)
		load: 21.0

	Finished service at time: 1419.9299999999998

	Task 25 -> Task 98: 31.4
	Vehicle arrival at task: 1451.33
	Waiting time until service start time: 0.0

	id: 98
		node: 97
		(x, y, z): (18, 104, 1)
		dem: -1
		earl: 1350
		lat: 1463
		servt: 10
		pid: 85
		did: 0
		servST: 1451.33
		(h, h_ind): (-1, 0)
		load: 20.0

	Finished service at time: 1461.33

	Task 98 -> Task 22: 62.01
	Vehicle arrival at task: 1523.34
	Waiting time until service start time: 0.0

	id: 22
		node: 8
		(x, y, z): (80, 103, 1)
		dem: 15
		earl: 1484
		lat: 1613
		servt: 10
		pid: 0
		did: 171
		servST: 1523.34
		(h, h_ind): (-1, 0)
		load: 35.0

	Finished service at time: 1533.34

	Task 22 -> Task 163: 36.07
	Vehicle arrival at task: 1569.4099999999999
	Waiting time until service start time: 0.0

	id: 163
		node: 86
		(x, y, z): (54, 78, 1)
		dem: -10
		earl: 0
		lat: 2508
		servt: 10
		pid: 64
		did: 0
		servST: 1569.4099999999999
		(h, h_ind): (-1, 0)
		load: 25.0

	Finished service at time: 1579.4099999999999

	Task 163 -> Task 45: 37.54
	Vehicle arrival at task: 1616.9499999999998
	Waiting time until service start time: 0.0

	id: 45
		node: 17
		(x, y, z): (82, 103, 1)
		dem: 15
		earl: 0
		lat: 2490
		servt: 10
		pid: 0
		did: 34
		servST: 1616.9499999999998
		(h, h_ind): (-1, 0)
		load: 40.0

	Finished service at time: 1626.9499999999998

	Task 45 -> Task 153: 48.76
	Vehicle arrival at task: 1675.7099999999998
	Waiting time until service start time: 0.0

	id: 153
		node: 64
		(x, y, z): (35, 90, 1)
		dem: -10
		earl: 0
		lat: 2485
		servt: 10
		pid: 17
		did: 0
		servST: 1675.7099999999998
		(h, h_ind): (-1, 0)
		load: 30.0

	Finished service at time: 1685.7099999999998

	Task 153 -> Task 20: 27.17
	Vehicle arrival at task: 1712.8799999999999
	Waiting time until service start time: 0.0

	id: 20
		node: 6
		(x, y, z): (8, 87, 1)
		dem: 17
		earl: 1615
		lat: 1714
		servt: 10
		pid: 0
		did: 164
		servST: 1712.8799999999999
		(h, h_ind): (-1, 0)
		load: 47.0

	Finished service at time: 1722.8799999999999

	Task 20 -> Task 171: 58.22
	Vehicle arrival at task: 1781.1
	Waiting time until service start time: 0.0

	id: 171
		node: 68
		(x, y, z): (66, 82, 1)
		dem: -15
		earl: 0
		lat: 2513
		servt: 10
		pid: 22
		did: 0
		servST: 1781.1
		(h, h_ind): (-1, 0)
		load: 32.0

	Finished service at time: 1791.1

	Task 171 -> Task 164: 2.24
	Vehicle arrival at task: 1793.34
	Waiting time until service start time: 0.0

	id: 164
		node: 66
		(x, y, z): (65, 80, 1)
		dem: -17
		earl: 0
		lat: 2514
		servt: 10
		pid: 20
		did: 0
		servST: 1793.34
		(h, h_ind): (-1, 0)
		load: 15.0

	Finished service at time: 1803.34

	Task 164 -> Task 84: 59.68
	Vehicle arrival at task: 1863.02
	Waiting time until service start time: 0.0

	id: 84
		node: 36
		(x, y, z): (56, 139, 1)
		dem: 18
		earl: 0
		lat: 2455
		servt: 10
		pid: 0
		did: 108
		servST: 1863.02
		(h, h_ind): (-1, 0)
		load: 33.0

	Finished service at time: 1873.02

	Using Machine: 1
		Task 84 -> Machine 1 (Station 2): 85.0
		Vehicle arrival at machine station: 1958.02
		Waiting time until machine travel: 0.0

		Machine travel start time: 1958.02
		Region 1 -> Region 0: 9.43
		Machine arrival at machine station: 1967.45

		Machine 1 (Station 1)-> Task 1: 93.23
		Vehicle arrival at task: 2060.68
		Waiting time until service start time: 0.0

	id: 1
		node: 2
		(x, y, z): (101, 0, 0)
		dem: 9
		earl: 1973
		lat: 2130
		servt: 10
		pid: 0
		did: 172
		servST: 2060.68
		(h, h_ind): (1, 8)
		load: 42.0

	Finished service at time: 2070.68

	Task 1 -> Task 172: 12.65
	Vehicle arrival at task: 2083.33
	Waiting time until service start time: 0.0

	id: 172
		node: 62
		(x, y, z): (97, 12, 0)
		dem: -9
		earl: 0
		lat: 2462
		servt: 10
		pid: 1
		did: 0
		servST: 2083.33
		(h, h_ind): (-1, 0)
		load: 33.0

	Finished service at time: 2093.33

	Task 172 -> Task 108: 82.22
	Vehicle arrival at task: 2175.5499999999997
	Waiting time until service start time: 0.0

	id: 108
		node: 96
		(x, y, z): (15, 18, 0)
		dem: -18
		earl: 0
		lat: 2450
		servt: 10
		pid: 84
		did: 0
		servST: 2175.5499999999997
		(h, h_ind): (-1, 0)
		load: 15.0

	Finished service at time: 2185.5499999999997

	Task 108 -> Task 34: 49.41
	Vehicle arrival at task: 2234.9599999999996
	Waiting time until service start time: 0.0

	id: 34
		node: 77
		(x, y, z): (44, 58, 0)
		dem: -15
		earl: 0
		lat: 2497
		servt: 10
		pid: 45
		did: 0
		servST: 2234.9599999999996
		(h, h_ind): (-1, 0)
		load: 0.0

	Finished service at time: 2244.9599999999996

	Task 34 -> Task 0: 28.64
	Vehicle arrival at task: 2273.5999999999995
	Waiting time until service start time: 0.0

	id: 0
		node: 122
		(x, y, z): (70, 70, 0)
		dem: 0
		earl: 0
		lat: 2535
		servt: 0
		pid: 0
		did: 0
		servST: 2273.5999999999995
		(h, h_ind): (-1, 0)
		load: 0.0


Vehicle 17 :
	id: 0
		node: 1
		(x, y, z): (70, 70, 0)
		dem: 0
		earl: 0
		lat: 2535
		servt: 0
		pid: 0
		did: 0
		servST: 0.43000000000006544
		(h, h_ind): (-1, 0)
		load: 0.0

	Finished service at time: 0.43000000000006544

	Task 0 -> Task 18: 9.22
	Vehicle arrival at task: 9.650000000000066
	Waiting time until service start time: 0.0

	id: 18
		node: 5
		(x, y, z): (79, 72, 0)
		dem: 22
		earl: 0
		lat: 2516
		servt: 10
		pid: 0
		did: 167
		servST: 9.650000000000066
		(h, h_ind): (-1, 0)
		load: 22.0

	Finished service at time: 19.650000000000066

	Task 18 -> Task 115: 17.8
	Vehicle arrival at task: 37.45000000000007
	Waiting time until service start time: 0.0

	id: 115
		node: 52
		(x, y, z): (93, 61, 0)
		dem: 10
		earl: 0
		lat: 2501
		servt: 10
		pid: 0
		did: 152
		servST: 37.45000000000007
		(h, h_ind): (-1, 0)
		load: 32.0

	Finished service at time: 47.45000000000007

	Task 115 -> Task 74: 47.13
	Vehicle arrival at task: 94.58000000000007
	Waiting time until service start time: 0.0

	id: 74
		node: 32
		(x, y, z): (48, 47, 0)
		dem: 19
		earl: 94
		lat: 161
		servt: 10
		pid: 0
		did: 36
		servST: 94.58000000000007
		(h, h_ind): (-1, 0)
		load: 51.0

	Finished service at time: 104.58000000000007

	Task 74 -> Task 36: 13.04
	Vehicle arrival at task: 117.62000000000006
	Waiting time until service start time: 0.0

	id: 36
		node: 92
		(x, y, z): (41, 36, 0)
		dem: -19
		earl: 0
		lat: 2481
		servt: 10
		pid: 74
		did: 0
		servST: 117.62000000000006
		(h, h_ind): (-1, 0)
		load: 32.0

	Finished service at time: 127.62000000000006

	Task 36 -> Task 77: 62.51
	Vehicle arrival at task: 190.13000000000005
	Waiting time until service start time: 0.0

	id: 77
		node: 33
		(x, y, z): (103, 44, 0)
		dem: 12
		earl: 0
		lat: 2483
		servt: 10
		pid: 0
		did: 112
		servST: 190.13000000000005
		(h, h_ind): (-1, 0)
		load: 44.0

	Finished service at time: 200.13000000000005

	Task 77 -> Task 152: 13.45
	Vehicle arrival at task: 213.58000000000004
	Waiting time until service start time: 0.0

	id: 152
		node: 112
		(x, y, z): (113, 35, 0)
		dem: -10
		earl: 166
		lat: 357
		servt: 10
		pid: 115
		did: 0
		servST: 213.58000000000004
		(h, h_ind): (-1, 0)
		load: 34.0

	Finished service at time: 223.58000000000004

	Task 152 -> Task 112: 50.01
	Vehicle arrival at task: 273.59000000000003
	Waiting time until service start time: 0.0

	id: 112
		node: 93
		(x, y, z): (123, 84, 0)
		dem: -12
		earl: 0
		lat: 2471
		servt: 10
		pid: 77
		did: 0
		servST: 273.59000000000003
		(h, h_ind): (-1, 0)
		load: 22.0

	Finished service at time: 283.59000000000003

	Task 112 -> Task 167: 14.0
	Vehicle arrival at task: 297.59000000000003
	Waiting time until service start time: 0.0

	id: 167
		node: 65
		(x, y, z): (137, 84, 0)
		dem: -22
		earl: 0
		lat: 2457
		servt: 10
		pid: 18
		did: 0
		servST: 297.59000000000003
		(h, h_ind): (-1, 0)
		load: 0.0

	Finished service at time: 307.59000000000003

	Task 167 -> Task 119: 29.41
	Vehicle arrival at task: 337.00000000000006
	Waiting time until service start time: -0.0

	id: 119
		node: 55
		(x, y, z): (120, 60, 0)
		dem: 18
		earl: 216
		lat: 337
		servt: 10
		pid: 0
		did: 155
		servST: 337.0
		(h, h_ind): (-1, 0)
		load: 18.0

	Finished service at time: 347.0

	Task 119 -> Task 103: 38.21
	Vehicle arrival at task: 385.21
	Waiting time until service start time: 0.0

	id: 103
		node: 46
		(x, y, z): (116, 22, 0)
		dem: 32
		earl: 0
		lat: 2459
		servt: 10
		pid: 0
		did: 175
		servST: 385.21
		(h, h_ind): (-1, 0)
		load: 50.0

	Finished service at time: 395.21

	Task 103 -> Task 155: 18.03
	Vehicle arrival at task: 413.24
	Waiting time until service start time: 0.0

	id: 155
		node: 115
		(x, y, z): (117, 4, 0)
		dem: -18
		earl: 0
		lat: 2444
		servt: 10
		pid: 119
		did: 0
		servST: 413.24
		(h, h_ind): (-1, 0)
		load: 32.0

	Finished service at time: 423.24

	Task 155 -> Task 175: 28.79
	Vehicle arrival at task: 452.03000000000003
	Waiting time until service start time: 0.0

	id: 175
		node: 106
		(x, y, z): (90, 14, 0)
		dem: -32
		earl: 0
		lat: 2466
		servt: 10
		pid: 103
		did: 0
		servST: 452.03000000000003
		(h, h_ind): (-1, 0)
		load: 0.0

	Finished service at time: 462.03000000000003

	Task 175 -> Task 118: 24.08
	Vehicle arrival at task: 486.11
	Waiting time until service start time: 0.0

	id: 118
		node: 54
		(x, y, z): (108, 30, 0)
		dem: 18
		earl: 381
		lat: 504
		servt: 10
		pid: 0
		did: 69
		servST: 486.11
		(h, h_ind): (-1, 0)
		load: 18.0

	Finished service at time: 496.11

	Task 118 -> Task 88: 14.42
	Vehicle arrival at task: 510.53000000000003
	Waiting time until service start time: 0.0

	id: 88
		node: 39
		(x, y, z): (120, 22, 0)
		dem: 39
		earl: 440
		lat: 591
		servt: 10
		pid: 0
		did: 51
		servST: 510.53000000000003
		(h, h_ind): (-1, 0)
		load: 57.0

	Finished service at time: 520.53

	Task 88 -> Task 51: 28.43
	Vehicle arrival at task: 548.9599999999999
	Waiting time until service start time: 0.0

	id: 51
		node: 99
		(x, y, z): (98, 4, 0)
		dem: -39
		earl: 0
		lat: 2454
		servt: 10
		pid: 88
		did: 0
		servST: 548.96
		(h, h_ind): (-1, 0)
		load: 18.0

	Finished service at time: 558.96

	Task 51 -> Task 92: 48.17
	Vehicle arrival at task: 607.13
	Waiting time until service start time: 0.0

	id: 92
		node: 41
		(x, y, z): (102, 52, 0)
		dem: 15
		earl: 0
		lat: 2489
		servt: 10
		pid: 0
		did: 120
		servST: 607.13
		(h, h_ind): (-1, 0)
		load: 33.0

	Finished service at time: 617.13

	Using Machine: 2
		Task 92 -> Machine 2 (Station 1): 71.18
		Vehicle arrival at machine station: 688.31
		Waiting time until machine travel: 0.0

		Machine travel start time: 688.31
		Region 0 -> Region 1: 17.46
		Machine arrival at machine station: 705.77

		Machine 2 (Station 2)-> Task 83: 28.02
		Vehicle arrival at task: 733.79
		Waiting time until service start time: 0.0

	id: 83
		node: 35
		(x, y, z): (16, 92, 1)
		dem: 10
		earl: 0
		lat: 2467
		servt: 10
		pid: 0
		did: 165
		servST: 733.79
		(h, h_ind): (2, 1)
		load: 43.0

	Finished service at time: 743.79

	Task 83 -> Task 165: 32.31
	Vehicle arrival at task: 776.0999999999999
	Waiting time until service start time: 0.0

	id: 165
		node: 95
		(x, y, z): (28, 62, 1)
		dem: -10
		earl: 0
		lat: 2483
		servt: 10
		pid: 83
		did: 0
		servST: 776.0999999999999
		(h, h_ind): (-1, 0)
		load: 33.0

	Finished service at time: 786.0999999999999

	Task 165 -> Task 95: 98.01
	Vehicle arrival at task: 884.1099999999999
	Waiting time until service start time: 0.0

	id: 95
		node: 42
		(x, y, z): (114, 109, 1)
		dem: 16
		earl: 0
		lat: 2467
		servt: 10
		pid: 0
		did: 76
		servST: 884.1099999999999
		(h, h_ind): (-1, 0)
		load: 49.0

	Finished service at time: 894.1099999999999

	Task 95 -> Task 26: 55.04
	Vehicle arrival at task: 949.1499999999999
	Waiting time until service start time: 0.0

	id: 26
		node: 10
		(x, y, z): (64, 132, 1)
		dem: 8
		earl: 0
		lat: 2463
		servt: 10
		pid: 0
		did: 82
		servST: 949.1499999999999
		(h, h_ind): (-1, 0)
		load: 57.0

	Finished service at time: 959.1499999999999

	Using Machine: 1
		Task 26 -> Machine 1 (Station 2): 82.68
		Vehicle arrival at machine station: 1041.83
		Waiting time until machine travel: 0.0

		Machine travel start time: 1041.83
		Region 1 -> Region 0: 9.43
		Machine arrival at machine station: 1051.26

		Machine 1 (Station 1)-> Task 120: 74.25
		Vehicle arrival at task: 1125.51
		Waiting time until service start time: 31.82

	id: 120
		node: 101
		(x, y, z): (92, 22, 0)
		dem: -15
		earl: 0
		lat: 2473
		servt: 10
		pid: 92
		did: 0
		servST: 1157.33
		(h, h_ind): (1, 6)
		load: 42.0

	Finished service at time: 1167.33

	Task 120 -> Task 125: 31.14
	Vehicle arrival at task: 1198.47
	Waiting time until service start time: 0.0

	id: 125
		node: 58
		(x, y, z): (113, 45, 0)
		dem: 4
		earl: 0
		lat: 2476
		servt: 10
		pid: 0
		did: 116
		servST: 1198.47
		(h, h_ind): (-1, 0)
		load: 46.0

	Finished service at time: 1208.47

	Task 125 -> Task 69: 33.53
	Vehicle arrival at task: 1242.0
	Waiting time until service start time: 0.0

	id: 69
		node: 114
		(x, y, z): (103, 77, 0)
		dem: -18
		earl: 1203
		lat: 1242
		servt: 10
		pid: 118
		did: 0
		servST: 1242.0
		(h, h_ind): (-1, 0)
		load: 28.0

	Finished service at time: 1252.0

	Task 69 -> Task 60: 4.0
	Vehicle arrival at task: 1256.0
	Waiting time until service start time: 0.0

	id: 60
		node: 23
		(x, y, z): (107, 77, 0)
		dem: 34
		earl: 0
		lat: 2488
		servt: 10
		pid: 0
		did: 48
		servST: 1256.0
		(h, h_ind): (-1, 0)
		load: 62.0

	Finished service at time: 1266.0

	Task 60 -> Task 48: 32.25
	Vehicle arrival at task: 1298.25
	Waiting time until service start time: 0.0

	id: 48
		node: 83
		(x, y, z): (139, 73, 0)
		dem: -34
		earl: 0
		lat: 2456
		servt: 10
		pid: 60
		did: 0
		servST: 1298.25
		(h, h_ind): (-1, 0)
		load: 28.0

	Finished service at time: 1308.25

	Task 48 -> Task 101: 1.0
	Vehicle arrival at task: 1309.25
	Waiting time until service start time: 39.75

	id: 101
		node: 45
		(x, y, z): (139, 72, 0)
		dem: 23
		earl: 1349
		lat: 1466
		servt: 10
		pid: 0
		did: 49
		servST: 1349.0
		(h, h_ind): (-1, 0)
		load: 51.0

	Finished service at time: 1359.0

	Task 101 -> Task 116: 59.91
	Vehicle arrival at task: 1418.91
	Waiting time until service start time: 0.0

	id: 116
		node: 118
		(x, y, z): (89, 39, 0)
		dem: -4
		earl: 0
		lat: 2489
		servt: 10
		pid: 125
		did: 0
		servST: 1418.91
		(h, h_ind): (-1, 0)
		load: 47.0

	Finished service at time: 1428.91

	Task 116 -> Task 76: 82.46
	Vehicle arrival at task: 1511.3700000000001
	Waiting time until service start time: 0.0

	id: 76
		node: 102
		(x, y, z): (9, 19, 0)
		dem: -16
		earl: 1472
		lat: 1631
		servt: 10
		pid: 95
		did: 0
		servST: 1511.3700000000001
		(h, h_ind): (-1, 0)
		load: 31.0

	Finished service at time: 1521.3700000000001

	Task 76 -> Task 82: 44.2
	Vehicle arrival at task: 1565.5700000000002
	Waiting time until service start time: 0.0

	id: 82
		node: 70
		(x, y, z): (36, 54, 0)
		dem: -8
		earl: 1482
		lat: 1614
		servt: 10
		pid: 26
		did: 0
		servST: 1565.5700000000002
		(h, h_ind): (-1, 0)
		load: 23.0

	Finished service at time: 1575.5700000000002

	Task 82 -> Task 49: 60.9
	Vehicle arrival at task: 1636.4700000000003
	Waiting time until service start time: 0.0

	id: 49
		node: 105
		(x, y, z): (89, 24, 0)
		dem: -23
		earl: 0
		lat: 2476
		servt: 10
		pid: 101
		did: 0
		servST: 1636.4700000000003
		(h, h_ind): (-1, 0)
		load: 0.0

	Finished service at time: 1646.4700000000003

	Task 49 -> Task 0: 49.77
	Vehicle arrival at task: 1696.2400000000002
	Waiting time until service start time: 0.0

	id: 0
		node: 122
		(x, y, z): (70, 70, 0)
		dem: 0
		earl: 0
		lat: 2535
		servt: 0
		pid: 0
		did: 0
		servST: 1696.2400000000002
		(h, h_ind): (-1, 0)
		load: 0.0


Vehicle 33 :
	id: 0
		node: 1
		(x, y, z): (70, 70, 0)
		dem: 0
		earl: 0
		lat: 2535
		servt: 0
		pid: 0
		did: 0
		servST: 0.0
		(h, h_ind): (-1, 0)
		load: 0.0

	Finished service at time: 0.0

	Task 0 -> Task 122: 51.89
	Vehicle arrival at task: 51.89
	Waiting time until service start time: 0.0

	id: 122
		node: 56
		(x, y, z): (117, 92, 0)
		dem: 25
		earl: 0
		lat: 2474
		servt: 10
		pid: 0
		did: 157
		servST: 51.89
		(h, h_ind): (-1, 0)
		load: 25.0

	Finished service at time: 61.89

	Task 122 -> Task 100: 113.85
	Vehicle arrival at task: 175.74
	Waiting time until service start time: 0.0

	id: 100
		node: 44
		(x, y, z): (12, 48, 0)
		dem: 4
		earl: 0
		lat: 2463
		servt: 10
		pid: 0
		did: 46
		servST: 175.74
		(h, h_ind): (-1, 0)
		load: 29.0

	Finished service at time: 185.74

	Using Machine: 0
		Task 100 -> Machine 0 (Station 1): 6.71
		Vehicle arrival at machine station: 192.45000000000002
		Waiting time until machine travel: 0.0

		Machine travel start time: 192.45000000000002
		Region 0 -> Region 1: 11.05
		Machine arrival at machine station: 203.50000000000003

		Machine 0 (Station 2)-> Task 91: 56.75
		Vehicle arrival at task: 260.25
		Waiting time until service start time: 0.0

	id: 91
		node: 40
		(x, y, z): (33, 117, 1)
		dem: 20
		earl: 0
		lat: 2466
		servt: 10
		pid: 0
		did: 12
		servST: 260.25
		(h, h_ind): (0, 1)
		load: 49.0

	Finished service at time: 270.25

	Task 91 -> Task 157: 25.94
	Vehicle arrival at task: 296.19
	Waiting time until service start time: 0.0

	id: 157
		node: 116
		(x, y, z): (56, 129, 1)
		dem: -25
		earl: 0
		lat: 2465
		servt: 10
		pid: 122
		did: 0
		servST: 296.19
		(h, h_ind): (-1, 0)
		load: 24.0

	Finished service at time: 306.19

	Task 157 -> Task 12: 69.97
	Vehicle arrival at task: 376.15999999999997
	Waiting time until service start time: 0.0

	id: 12
		node: 100
		(x, y, z): (20, 69, 1)
		dem: -20
		earl: 0
		lat: 2475
		servt: 10
		pid: 91
		did: 0
		servST: 376.15999999999997
		(h, h_ind): (-1, 0)
		load: 4.0

	Finished service at time: 386.15999999999997

	Task 12 -> Task 46: 43.17
	Vehicle arrival at task: 429.33
	Waiting time until service start time: 0.0

	id: 46
		node: 104
		(x, y, z): (10, 111, 1)
		dem: -4
		earl: 0
		lat: 2453
		servt: 10
		pid: 100
		did: 0
		servST: 429.33
		(h, h_ind): (-1, 0)
		load: 0.0

	Finished service at time: 439.33

	Task 46 -> Task 21: 102.88
	Vehicle arrival at task: 542.21
	Waiting time until service start time: 0.0

	id: 21
		node: 7
		(x, y, z): (109, 139, 1)
		dem: 8
		earl: 469
		lat: 555
		servt: 10
		pid: 0
		did: 57
		servST: 542.21
		(h, h_ind): (-1, 0)
		load: 8.0

	Finished service at time: 552.21

	Task 21 -> Task 24: 14.56
	Vehicle arrival at task: 566.77
	Waiting time until service start time: 0.0

	id: 24
		node: 9
		(x, y, z): (95, 135, 1)
		dem: 27
		earl: 0
		lat: 2456
		servt: 10
		pid: 0
		did: 199
		servST: 566.77
		(h, h_ind): (-1, 0)
		load: 35.0

	Finished service at time: 576.77

	Task 24 -> Task 50: 31.14
	Vehicle arrival at task: 607.91
	Waiting time until service start time: 0.0

	id: 50
		node: 19
		(x, y, z): (64, 138, 1)
		dem: 15
		earl: 0
		lat: 2457
		servt: 10
		pid: 0
		did: 104
		servST: 607.91
		(h, h_ind): (-1, 0)
		load: 50.0

	Finished service at time: 617.91

	Task 50 -> Task 57: 23.54
	Vehicle arrival at task: 641.4499999999999
	Waiting time until service start time: 0.0

	id: 57
		node: 67
		(x, y, z): (69, 115, 1)
		dem: -8
		earl: 0
		lat: 2480
		servt: 10
		pid: 21
		did: 0
		servST: 641.4499999999999
		(h, h_ind): (-1, 0)
		load: 42.0

	Finished service at time: 651.4499999999999

	Using Machine: 1
		Task 57 -> Machine 1 (Station 2): 72.18
		Vehicle arrival at machine station: 723.6299999999999
		Waiting time until machine travel: 0.0

		Machine travel start time: 723.6299999999999
		Region 1 -> Region 0: 9.43
		Machine arrival at machine station: 733.0599999999998

		Machine 1 (Station 1)-> Task 104: 8.25
		Vehicle arrival at task: 741.3099999999998
		Waiting time until service start time: 0.0

	id: 104
		node: 79
		(x, y, z): (27, 46, 0)
		dem: -15
		earl: 0
		lat: 2476
		servt: 10
		pid: 50
		did: 0
		servST: 741.3099999999998
		(h, h_ind): (1, 4)
		load: 27.0

	Finished service at time: 751.3099999999998

	Task 104 -> Task 199: 54.92
	Vehicle arrival at task: 806.2299999999998
	Waiting time until service start time: 0.0

	id: 199
		node: 69
		(x, y, z): (81, 36, 0)
		dem: -27
		earl: 0
		lat: 2490
		servt: 10
		pid: 24
		did: 0
		servST: 806.2299999999998
		(h, h_ind): (-1, 0)
		load: 0.0

	Finished service at time: 816.2299999999998

	Task 199 -> Task 0: 35.74
	Vehicle arrival at task: 851.9699999999998
	Waiting time until service start time: 0.0

	id: 0
		node: 122
		(x, y, z): (70, 70, 0)
		dem: 0
		earl: 0
		lat: 2535
		servt: 0
		pid: 0
		did: 0
		servST: 851.9699999999998
		(h, h_ind): (-1, 0)
		load: 0.0


Vehicle 37 :
	id: 0
		node: 1
		(x, y, z): (70, 70, 0)
		dem: 0
		earl: 0
		lat: 2535
		servt: 0
		pid: 0
		did: 0
		servST: 170.42000000000002
		(h, h_ind): (-1, 0)
		load: 0.0

	Finished service at time: 170.42000000000002

	Task 0 -> Task 61: 37.58
	Vehicle arrival at task: 208.0
	Waiting time until service start time: 0.0

	id: 61
		node: 24
		(x, y, z): (104, 54, 0)
		dem: 13
		earl: 208
		lat: 333
		servt: 10
		pid: 0
		did: 29
		servST: 208.0
		(h, h_ind): (-1, 0)
		load: 13.0

	Finished service at time: 218.0

	Task 61 -> Task 29: 43.08
	Vehicle arrival at task: 261.08
	Waiting time until service start time: 0.0

	id: 29
		node: 84
		(x, y, z): (120, 14, 0)
		dem: -13
		earl: 0
		lat: 2450
		servt: 10
		pid: 61
		did: 0
		servST: 261.08
		(h, h_ind): (-1, 0)
		load: 0.0

	Finished service at time: 271.08

	Task 29 -> Task 0: 75.07
	Vehicle arrival at task: 346.15
	Waiting time until service start time: 0.0

	id: 0
		node: 122
		(x, y, z): (70, 70, 0)
		dem: 0
		earl: 0
		lat: 2535
		servt: 0
		pid: 0
		did: 0
		servST: 346.15
		(h, h_ind): (-1, 0)
		load: 0.0


---------------------| MACHINES |---------------------

Machine 0 :
	setup duration: 0.0

	vehicle: 33
	vehicleInd: 4
	(orig, dest): (100, 91)
	(origRegion, destRegion): (0, 1)
	st: 192.45000000000002
	duration: 11.05

	setup duration: 11.05

	vehicle: 2
	vehicleInd: 19
	(orig, dest): (54, 10)
	(origRegion, destRegion): (0, 1)
	st: 580.2900000000001
	duration: 11.05


Machine 1 :
	setup duration: 0.0

	vehicle: 13
	vehicleInd: 5
	(orig, dest): (97, 87)
	(origRegion, destRegion): (0, 1)
	st: 310.82000000000005
	duration: 9.43

	setup duration: 0.0

	vehicle: 13
	vehicleInd: 6
	(orig, dest): (87, 33)
	(origRegion, destRegion): (1, 0)
	st: 364.65000000000003
	duration: 9.43

	setup duration: 0.0

	vehicle: 13
	vehicleInd: 8
	(orig, dest): (35, 11)
	(origRegion, destRegion): (0, 1)
	st: 497.90000000000003
	duration: 9.43

	setup duration: 0.0

	vehicle: 33
	vehicleInd: 12
	(orig, dest): (57, 104)
	(origRegion, destRegion): (1, 0)
	st: 723.6299999999999
	duration: 9.43

	setup duration: 9.43

	vehicle: 2
	vehicleInd: 25
	(orig, dest): (70, 47)
	(origRegion, destRegion): (1, 0)
	st: 988.4900000000001
	duration: 9.43

	setup duration: 9.43

	vehicle: 17
	vehicleInd: 22
	(orig, dest): (26, 120)
	(origRegion, destRegion): (1, 0)
	st: 1041.83
	duration: 9.43

	setup duration: 0.0

	vehicle: 2
	vehicleInd: 37
	(orig, dest): (63, 73)
	(origRegion, destRegion): (0, 1)
	st: 1516.26
	duration: 9.43

	setup duration: 0.0

	vehicle: 13
	vehicleInd: 34
	(orig, dest): (84, 1)
	(origRegion, destRegion): (1, 0)
	st: 1958.02
	duration: 9.43


Machine 2 :
	setup duration: 0.0

	vehicle: 17
	vehicleInd: 18
	(orig, dest): (92, 83)
	(origRegion, destRegion): (0, 1)
	st: 688.31
	duration: 17.46

	setup duration: 0.0

	vehicle: 2
	vehicleInd: 42
	(orig, dest): (110, 0)
	(origRegion, destRegion): (1, 0)
	st: 1718.3700000000001
	duration: 17.46


-------------------| COMPL. TIMES |-------------------

Vehicle 0 : 0.0
Vehicle 1 : 0.0
Vehicle 2 : 1776.94
Vehicle 3 : 0.0
Vehicle 4 : 0.0
Vehicle 5 : 0.0
Vehicle 6 : 0.0
Vehicle 7 : 0.0
Vehicle 8 : 0.0
Vehicle 9 : 0.0
Vehicle 10 : 0.0
Vehicle 11 : 0.0
Vehicle 12 : 0.0
Vehicle 13 : 2273.5999999999995
Vehicle 14 : 0.0
Vehicle 15 : 0.0
Vehicle 16 : 0.0
Vehicle 17 : 1695.8100000000002
Vehicle 18 : 0.0
Vehicle 19 : 0.0
Vehicle 20 : 0.0
Vehicle 21 : 0.0
Vehicle 22 : 0.0
Vehicle 23 : 0.0
Vehicle 24 : 0.0
Vehicle 25 : 0.0
Vehicle 26 : 0.0
Vehicle 27 : 0.0
Vehicle 28 : 0.0
Vehicle 29 : 0.0
Vehicle 30 : 0.0
Vehicle 31 : 0.0
Vehicle 32 : 0.0
Vehicle 33 : 851.9699999999998
Vehicle 34 : 0.0
Vehicle 35 : 0.0
Vehicle 36 : 0.0
Vehicle 37 : 175.72999999999996
Vehicle 38 : 0.0
Vehicle 39 : 0.0
Vehicle 40 : 0.0
Vehicle 41 : 0.0
Vehicle 42 : 0.0
Vehicle 43 : 0.0
Vehicle 44 : 0.0
Vehicle 45 : 0.0
Vehicle 46 : 0.0
Vehicle 47 : 0.0
Vehicle 48 : 0.0
Vehicle 49 : 0.0
Vehicle 50 : 0.0
Vehicle 51 : 0.0
Vehicle 52 : 0.0
Vehicle 53 : 0.0
Vehicle 54 : 0.0
Vehicle 55 : 0.0
Vehicle 56 : 0.0
Vehicle 57 : 0.0
Vehicle 58 : 0.0
Vehicle 59 : 0.0
-------------------| STATISTICS |-------------------

    Vehicles used                           : 8.3333
    Machines used                           : 60.0
    Max load (vehicles)                     : 100.0
    Min load (vehicles)                     : 16.6667
    Mean load (vehicles)                    : 75.2308
    Min completion time                     : 6.9321
    Max completion time                     : 89.6884
    Mean completion time                    : 53.4442
    Avrg travel time (with vehicle)         : 2.135
    Avrg travel time (only with vehicle)    : 1.7417
    Avrg travel time (no vehicle)           : 0.3933
    Avrg waiting time (machine travel)      : 0.0
    Avrg waiting time (service)             : 0.4688
    Machines travel times (with vehicle)    : [1.3077, 3.7199, 1.3775, 0.0, 0.0]
    Machines travel times (no vehicle)      : [0.4359, 0.744, 0.0, 0.0, 0.0]
    Max load per vehicle                    : [0.0, 0.0, 100.0, 0.0, 0.0, 0.0, 0.0, 0.0, 0.0, 0.0, 0.0, 0.0, 0.0, 100.0, 0.0, 0.0, 0.0, 95.3846, 0.0, 0.0, 0.0, 0.0, 0.0, 0.0, 0.0, 0.0, 0.0, 0.0, 0.0, 0.0, 0.0, 0.0, 0.0, 64.1026, 0.0, 0.0, 0.0, 16.6667, 0.0, 0.0, 0.0, 0.0, 0.0, 0.0, 0.0, 0.0, 0.0, 0.0, 0.0, 0.0, 0.0, 0.0, 0.0, 0.0, 0.0, 0.0, 0.0, 0.0, 0.0, 0.0]

----------------------------------------------------

TOTAL: 6774.049999999999

Everything is awesome!
