Set parameter WLSAccessID
Set parameter WLSSecret
Set parameter LicenseID to value 2661775
Academic license 2661775 - for non-commercial use only - registered to me___@dcc.ufba.br
Parameter 'method_type' with value 'form' successfully set as form of type <class 'str'>
Parameter 'method_code' with value 'melo' successfully set as melo of type <class 'str'>
Parameter 'seed' with value '0' successfully set as 0 of type <class 'int'>
Parameter 'mip_max_time' with value '3600' successfully set as 3600 of type <class 'int'>
Parameter 'output_flag_grb_mip' with value '1' successfully set as 1 of type <class 'int'>
Parameter 'threads' with value '8' successfully set as 8 of type <class 'int'>
Parameter 'print_sol' with value '1' successfully set as 1 of type <class 'int'>
Parameter 'constraints_used_melo_mip_str' with value '1-29' successfully set as 1-29 of type <class 'str'>
Instance: lr205_t2_08R_08V_02I_03M
ParameterData(inst_path='/dados/rmelo/PDPTW-SE/benchmark_multi_island_v5/official_experiments/mip_gurobi/set_02_pt_02/../../../instances/orig_ams_fg/08R_08V_02I_04M/t2/lr205/', name='lr205', type='t2', group='08R_08V_02I_03M', full_name='lr205_t2_08R_08V_02I_03M', method_type='form', method_code='melo', gen_config_file='/dados/rmelo/PDPTW-SE/benchmark_multi_island_v5/official_experiments/mip_gurobi/set_02_pt_02/configs/genconfig_melo.conf', gen_config_filename='genconfig_melo', greedy_service_order='tightest_tw', cutoff=0, cutoff_machs=3, solver='Gurobi', max_time=7200, gurobi_cuts=1, type_user_cut=0, mip_presolve=-1, print_sol=1, max_nodes=-1, elevator=0, make_instance_feasible=False, output='/dados/rmelo/PDPTW-SE/benchmark_multi_island_v5/official_experiments/mip_gurobi/set_02_pt_02/logs', epsilon=0.005, epsilon_cap=0.5, warm_start=False, seed=0, rng=<random.Random object at 0x563928b2a440>, alpha=0.2, max_iter=1000000, output_flag_grb_mip=1, output_flag_grb_mslp=0, output_flag_grb_lmns=0, mslp_r='M', mslp_a='60', lmns_r='M', lmns_a='60', lmns_repair_time=30.0, lmns_mip_focus=0, lmns_gap_to_bigger_destruction=50, lmns_gap_to_smaller_destruction=95, lmns_weight_shaw_dist_prox=1.0, lmns_weight_shaw_earl_prox=1.0, lmns_weight_shaw_same_route=1.0, lmns_weight_shaw_demand_sim=1.0, lmns_req_r_apply_mip_start=True, lmns_acceptance_criteria='H', lmns_metropolis_temp=100.0, lmns_simulated_annealing_temp=100.0, lmns_simulated_annealing_cool=0.95, mip_max_time=3600, hx_max_time=3600, csv_file_name='', sol_file_name='', timeline_file_name='', grb_file_name='', validate_synchronization=True, constraints_used_melo_mip_str='1-29', constraints_used_melo_mip=None, run_callback_melo_mip=False, mip_heuristics=0.05, threads=8)
Constraints active in melo MIP
1 2 3 4 5 6 7 8 9 10 11 12 13 14 15 16 17 18 19 20 21 22 23 24 25 26 27 28 29 
[Reading Data] Using files at /dados/rmelo/PDPTW-SE/benchmark_multi_island_v5/official_experiments/mip_gurobi/set_02_pt_02/../../../instances/orig_ams_fg/08R_08V_02I_04M/t2/lr205/
vehicles: [Vehicle(id=0, cap=34), Vehicle(id=1, cap=43), Vehicle(id=2, cap=52), Vehicle(id=3, cap=43), Vehicle(id=4, cap=34), Vehicle(id=5, cap=43), Vehicle(id=6, cap=52), Vehicle(id=7, cap=34)]
vehicle_types: [Vehicle(id=7, cap=34), Vehicle(id=5, cap=43), Vehicle(id=6, cap=52)]
machines: [Machine(id=0, points=[Point(x=38, y=29, z=0), Point(x=48, y=36, z=1)], spd=1.0), Machine(id=1, points=[Point(x=38, y=28, z=0), Point(x=47, y=36, z=1)], spd=1.0), Machine(id=2, points=[Point(x=39, y=27, z=0), Point(x=45, y=37, z=1)], spd=1.0)]
refs: [0, 1, 2, 3, 4, 5, 6, 7, 8, 13, 14, 11, 16, 10, 12, 15, 9, 0]
V: [0, 1, 2, 3, 4, 5, 6, 7, 8, 9, 10, 11, 12, 13, 14, 15, 16]
V_p: [1, 2, 3, 4, 5, 6, 7, 8]
V_d: [9, 10, 11, 12, 13, 14, 15, 16]
V_p_d: [1, 2, 3, 4, 5, 6, 7, 8, 9, 10, 11, 12, 13, 14, 15, 16]
Vprime: [0, 1, 2, 3, 4, 5, 6, 7, 8, 9, 10, 11, 12, 13, 14, 15, 16, 17]
q: [0, 13, 26, 3, 5, 16, 12, 19, 20, -13, -26, -3, -5, -16, -12, -19, -20, 0]
H: [0, 1, 2]
Machine points:
# Machine 0
	Point(x=38, y=29, z=0)
	Point(x=48, y=36, z=1)

# Machine 1
	Point(x=38, y=28, z=0)
	Point(x=47, y=36, z=1)

# Machine 2
	Point(x=39, y=27, z=0)
	Point(x=45, y=37, z=1)

f: [[0 0 0]
 [1 1 1]
 [0 0 0]
 [0 0 0]
 [1 1 1]
 [1 1 1]
 [1 1 1]
 [1 1 1]
 [0 0 0]
 [1 1 1]
 [0 0 0]
 [0 0 0]
 [0 0 0]
 [0 0 0]
 [1 1 1]
 [1 1 1]
 [0 0 0]
 [0 0 0]]
(0, 0, 0) 0.0
(0, 1, 0) 12.21
(1, 0, 0) 12.21
(1, 1, 0) 0.0
(0, 0, 1) 0.0
(0, 1, 1) 12.04
(1, 0, 1) 12.04
(1, 1, 1) 0.0
(0, 0, 2) 0.0
(0, 1, 2) 11.66
(1, 0, 2) 11.66
(1, 1, 2) 0.0
Number of arcs: 158
M:  (0, np.int64(0)) (1, np.int64(79)) (2, np.int64(1095)) (3, np.int64(1085)) (4, np.int64(1052)) (5, np.int64(1042)) (6, np.int64(1054)) (7, np.int64(1026)) (8, np.int64(14))
JOBS in the order of refs (Vprime)
Node 0: Job(id=0, point=Point(x=35, y=35, z=0), dem=0, earl=0, lat=1000, servt=0, pid=0, did=0)
Node 1: Job(id=3, point=Point(x=55, y=45, z=1), dem=13, earl=436, lat=676, servt=10, pid=0, did=50)
Node 2: Job(id=5, point=Point(x=15, y=30, z=0), dem=26, earl=20, lat=260, servt=10, pid=0, did=53)
Node 3: Job(id=6, point=Point(x=25, y=30, z=0), dem=3, earl=345, lat=585, servt=10, pid=0, did=22)
Node 4: Job(id=7, point=Point(x=20, y=50, z=1), dem=5, earl=251, lat=491, servt=10, pid=0, did=99)
Node 5: Job(id=10, point=Point(x=30, y=60, z=1), dem=16, earl=485, lat=725, servt=10, pid=0, did=17)
Node 6: Job(id=11, point=Point(x=20, y=65, z=1), dem=12, earl=146, lat=386, servt=10, pid=0, did=24)
Node 7: Job(id=12, point=Point(x=50, y=35, z=1), dem=19, earl=167, lat=407, servt=10, pid=0, did=66)
Node 8: Job(id=14, point=Point(x=15, y=10, z=0), dem=20, earl=32, lat=272, servt=10, pid=0, did=16)
Node 9: Job(id=50, point=Point(x=47, y=47, z=1), dem=-13, earl=475, lat=715, servt=10, pid=3, did=0)
Node 10: Job(id=53, point=Point(x=37, y=31, z=0), dem=-26, earl=332, lat=572, servt=10, pid=5, did=0)
Node 11: Job(id=22, point=Point(x=45, y=10, z=0), dem=-3, earl=332, lat=572, servt=10, pid=6, did=0)
Node 12: Job(id=99, point=Point(x=20, y=26, z=0), dem=-5, earl=263, lat=503, servt=10, pid=7, did=0)
Node 13: Job(id=17, point=Point(x=5, y=30, z=0), dem=-16, earl=682, lat=922, servt=10, pid=10, did=0)
Node 14: Job(id=24, point=Point(x=65, y=35, z=1), dem=-12, earl=656, lat=896, servt=10, pid=11, did=0)
Node 15: Job(id=66, point=Point(x=49, y=73, z=1), dem=-19, earl=523, lat=763, servt=10, pid=12, did=0)
Node 16: Job(id=16, point=Point(x=10, y=20, z=0), dem=-20, earl=203, lat=443, servt=10, pid=14, did=0)
Node 17: Job(id=0, point=Point(x=35, y=35, z=0), dem=0, earl=0, lat=1000, servt=0, pid=0, did=0)

### Preprocessing - arc removals
	-> arcs: 324 (100.0%)
	-> arc_removals: 166 (51.23%)
	-> arc_removals_is_loop: 18 (5.56%)
	-> arc_removals_is_delivery_to_pickup: 10 (3.09%)
	-> arc_removals_is_depot_begin_to_delivery: 8 (2.47%)
	-> arc_removals_is_pickup_to_depot_end: 8 (2.47%)
	-> arc_removals_is_dest_depot_begin: 16 (4.94%)
	-> arc_removals_is_orig_depot_end: 15 (4.63%)
	-> arc_removals_is_capacity_violated: 0 (0.0%)
	-> arc_removals_is_time_window_limited: 68 (20.99%)
	-> arc_removals_is_time_window_pairing_limited: 20 (6.17%)
	-> arc_removals_is_indirect_request_service_impossible: 3 (0.93%)
	-> gamma_vars: 18723 (100.0%)
	-> feas_gamma_vars: 15476 (82.66%)
	-> infeas_gamma_vars_is_next_mtrv_unreachable: 3010 (16.08%)
	-> infeas_gamma_vars_is_iprime_jprime_eq_i_j: 237 (1.27%)

[19/09/2025 08:54:56] Running melo_formulation

[19/09/2025 08:54:56] Creating Melo MIP model...
Set parameter OutputFlag to value 1
Set parameter Threads to value 8
Set parameter Heuristics to value 0.05
Set parameter TimeLimit to value 3600
Set parameter Presolve to value -1
Set parameter Cuts to value 1
Set parameter LogFile to value "/dados/rmelo/PDPTW-SE/benchmark_multi_island_v5/official_experiments/mip_gurobi/set_02_pt_02/logs/form_melo/gurobi/08R_08V_02I_03M/lr205_grb_genconfig_melo.log"
Set parameter Seed to value 0

### Model variables summary ###
	-> Total number of variables: 17398
		- x: 1264
		- z: 144
		- t: 24
		- tstart: 8
		- tfinal: 8
		- phi: 237
		- alpha: 237
		- gamma: 15476
	-> Number of binary variables: 16977


[19/09/2025 08:54:56] Adding routing constraints
[19/09/2025 08:54:56] Adding scheduling constraints
[19/09/2025 08:54:57] Adding valid inequalities
[19/09/2025 08:54:57] Adding objective function
Gurobi Optimizer version 12.0.2 build v12.0.2rc0 (linux64 - "Ubuntu 22.04.5 LTS")

CPU model: Intel(R) Core(TM) i7-10700 CPU @ 2.90GHz, instruction set [SSE2|AVX|AVX2]
Thread count: 8 physical cores, 16 logical processors, using up to 8 threads

Non-default parameters:
TimeLimit  3600
Cuts  1
Threads  8

Academic license 2661775 - for non-commercial use only - registered to me___@dcc.ufba.br
Optimize a model with 64043 rows, 17398 columns and 177637 nonzeros
Model fingerprint: 0xbc84c9d9
Variable types: 421 continuous, 16977 integer (16977 binary)
Coefficient statistics:
  Matrix range     [1e+00, 1e+03]
  Objective range  [1e+00, 1e+00]
  Bounds range     [1e+00, 1e+03]
  RHS range        [1e+00, 2e+03]
Presolve removed 916 rows and 82 columns
Presolve time: 0.59s
Presolved: 63127 rows, 17316 columns, 173879 nonzeros
Variable types: 405 continuous, 16911 integer (16911 binary)

Deterministic concurrent LP optimizer: primal and dual simplex (primal and dual model)
Showing primal log only...

Root relaxation presolved: 63127 rows, 17316 columns, 173879 nonzeros

Concurrent spin time: 0.02s

Solved with dual simplex

Root relaxation: objective 0.000000e+00, 544 iterations, 0.18 seconds (0.15 work units)

    Nodes    |    Current Node    |     Objective Bounds      |     Work
 Expl Unexpl |  Obj  Depth IntInf | Incumbent    BestBd   Gap | It/Node Time

     0     0    0.00000    0   44          -    0.00000      -     -    1s
H    0     0                     902.4100000    0.00000   100%     -    1s
H    0     0                     899.5800000    0.00000   100%     -    1s
H    0     0                     844.0300000    0.00000   100%     -    2s
H    0     0                     778.9200000    0.00000   100%     -    2s
H    0     0                     777.7200000    0.00000   100%     -    2s
H    0     0                     712.6900000    0.00000   100%     -    2s
     0     0    0.00000    0  143  712.69000    0.00000   100%     -    3s
     0     0    0.00000    0  130  712.69000    0.00000   100%     -    3s
H    0     0                     684.6200000    0.00000   100%     -    3s
     0     0    0.00000    0  109  684.62000    0.00000   100%     -    3s
H    0     0                     683.7200000    0.00000   100%     -    5s
H    0     0                     648.2900000    0.00000   100%     -    5s
H    0     0                     647.4200000    0.00000   100%     -    5s
     0     0    0.00000    0   44  647.42000    0.00000   100%     -    6s
     0     0    0.00000    0  104  647.42000    0.00000   100%     -    6s
     0     0    0.00000    0   30  647.42000    0.00000   100%     -    7s
H    0     0                     644.1100000    0.00000   100%     -    8s
     0     0    0.00000    0   29  644.11000    0.00000   100%     -    8s
H    0     0                     643.3200000    0.00000   100%     -    9s
     0     0    0.00000    0   41  643.32000    0.00000   100%     -    9s
     0     0    0.00000    0  157  643.32000    0.00000   100%     -   11s
     0     0    0.00000    0  155  643.32000    0.00000   100%     -   11s
     0     0    0.00000    0   26  643.32000    0.00000   100%     -   13s
     0     0    0.00000    0   83  643.32000    0.00000   100%     -   14s
     0     0    0.00000    0   22  643.32000    0.00000   100%     -   23s
     0     0    0.00000    0  258  643.32000    0.00000   100%     -   25s
     0     0    0.00000    0  135  643.32000    0.00000   100%     -   25s
     0     0    0.00000    0   30  643.32000    0.00000   100%     -   27s
     0     0    0.00000    0   69  643.32000    0.00000   100%     -   27s
     0     0    0.00000    0   50  643.32000    0.00000   100%     -   28s
     0     0    0.00000    0  126  643.32000    0.00000   100%     -   29s
     0     0    0.00000    0   76  643.32000    0.00000   100%     -   30s
     0     0    0.00000    0   55  643.32000    0.00000   100%     -   30s
     0     0    0.00000    0   38  643.32000    0.00000   100%     -   33s
     0     0    0.00000    0  108  643.32000    0.00000   100%     -   33s
     0     0    0.00000    0   58  643.32000    0.00000   100%     -   34s
     0     0    0.00000    0   58  643.32000    0.00000   100%     -   35s
     0     2    0.00000    0   35  643.32000    0.00000   100%     -   37s
    87    92    0.00000   11   82  643.32000    0.00000   100%   316   40s
   350   292   16.13413   20   45  643.32000    0.00000   100%   270   46s
   671   356  621.80000   31   34  643.32000    0.00000   100%   247   50s
  1111   516  168.83336   20   75  643.32000    0.00000   100%   226   55s
  1642   673    7.25310   19  111  643.32000    0.00000   100%   234   60s
  2075   854  207.08000   21   60  643.32000    0.00000   100%   240   65s
  2692  1056  160.85000   17   83  643.32000    0.00000   100%   240   88s
  2694  1057  168.83336   21   28  643.32000    0.00000   100%   240   93s
  2695  1058  540.67698   27  147  643.32000    0.00000   100%   240   95s
  2697  1059  560.83000   37   39  643.32000    0.00000   100%   240  101s
  2698  1060  110.95000   27  168  643.32000    0.00000   100%   240  117s
  2699  1061  272.00000   54   33  643.32000    0.00000   100%   240  120s
  2701  1062  107.09000   27   34  643.32000    0.00000   100%   239  125s
  2702  1063  107.09000   37  110  643.32000    0.00000   100%   239  130s
  2704  1064  280.36017   20   89  643.32000    0.00000   100%   239  138s
  2706  1065  203.63000   20   71  643.32000    0.00000   100%   239  143s
  2707  1066  610.00000   28   34  643.32000    0.00000   100%   239  145s
  2709  1067  107.09000   11   26  643.32000    0.00000   100%   239  152s
  2710  1068    6.82272   10  126  643.32000    0.00000   100%   239  160s
  2712  1069  134.47173    4   59  643.32000    0.00000   100%   239  168s
  2713  1070    0.00000   25   39  643.32000    0.00000   100%   238  170s
  2716  1075    0.00000   16  148  643.32000    0.00000   100%   262  175s
  2763  1114    0.00000   22   60  643.32000    0.00000   100%   268  181s
  2776  1118  374.09000   23   84  643.32000    0.00000   100%   271  193s
  2805  1138    0.00000   25   71  643.32000    0.00000   100%   275  195s
  2891  1151    0.00000   28   85  643.32000    0.00000   100%   275  200s
  2957  1150  145.88211   33   94  643.32000    0.00000   100%   276  210s
  2983  1154  311.94136   35   97  643.32000    0.00000   100%   282  215s
  3065  1160  628.97000   46   66  643.32000    0.00000   100%   283  221s
H 3070  1104                     643.3199522    0.00000   100%   283  221s
  3155  1110 infeasible   57       643.31995    0.00000   100%   283  226s
  3227  1117  244.77000   26   65  643.31995    0.00000   100%   283  232s
  3279  1123  244.77000   31   48  643.31995    0.00000   100%   290  235s
  3396  1119 infeasible   29       643.31995    0.00000   100%   286  241s
  3528  1114  397.56000   35   59  643.31995    0.00000   100%   285  245s
  3764  1120     cutoff   41       643.31995    0.00000   100%   280  251s
  3964  1108  606.58746   38   67  643.31995    0.00000   100%   275  256s
  4131  1111     cutoff   44       643.31995    0.00000   100%   274  261s
  4345  1087  520.05607   48   64  643.31995    0.00000   100%   270  266s
  4399  1114  520.05607   50   70  643.31995    0.00000   100%   270  272s
  4440  1111  520.05607   51   68  643.31995    0.00000   100%   269  275s
  4519  1124    0.00000   36   58  643.31995    0.00000   100%   269  281s
  4620  1147  115.14654   48   72  643.31995    0.00000   100%   269  287s
  4720  1148  608.41000   72   28  643.31995    0.00000   100%   267  291s
  4803  1160  389.73000   35   53  643.31995    0.00000   100%   266  295s
  5086  1177  186.97594   36   97  643.31995    0.00000   100%   263  302s
  5275  1189  310.53500   43   60  643.31995    0.00000   100%   261  306s
  5552  1148     cutoff   38       643.31995    0.00000   100%   257  310s
  6022  1280     cutoff   38       643.31995   92.35000  85.6%   252  318s
  6342  1388  506.83000   23   77  643.31995   92.35000  85.6%   250  322s
  6600  1516 infeasible   36       643.31995   92.35000  85.6%   250  326s
  6933  1633  230.61481   35   56  643.31995  102.07335  84.1%   248  330s
  7265  1764     cutoff   33       643.31995  106.52092  83.4%   246  335s
  7596  1916  243.29000   39  100  643.31995  107.09000  83.4%   245  340s
  7930  2056  107.94435   45   53  643.31995  107.09000  83.4%   244  345s
  8418  2157     cutoff   42       643.31995  107.09000  83.4%   241  350s
  8625  2276  282.06700   37   65  643.31995  107.09000  83.4%   242  355s
  8990  2404 infeasible   39       643.31995  107.09000  83.4%   241  360s
  9373  2534  572.65000   58   28  643.31995  107.09000  83.4%   239  366s
  9754  2658  529.29000   41   46  643.31995  107.09000  83.4%   237  372s
 10193  2755 infeasible   44       643.31995  108.75620  83.1%   234  378s
 10681  2900  613.30000   41   22  643.31995  110.95000  82.8%   233  385s
 11170  2995  551.11000   55   83  643.31995  122.32428  81.0%   232  392s
 11752  3099  620.57843   46   68  643.31995  141.00974  78.1%   229  398s
 12210  3150  373.46000   41   80  643.31995  145.14000  77.4%   227  404s
 12387  3249  305.99000   39   40  643.31995  145.14000  77.4%   226  410s
 12746  3391  358.60604   27   64  643.31995  145.14000  77.4%   225  418s
 13358  3554  501.12946   33   60  643.31995  148.49000  76.9%   223  426s
 13810  3680  617.11000   52   40  643.31995  148.49000  76.9%   221  434s
 14588  3865     cutoff   38       643.31995  163.36000  74.6%   218  456s
 15574  3937     cutoff   44       643.31995  171.72000  73.3%   215  462s
 15989  3970  507.33457   60   79  643.31995  179.72946  72.1%   213  467s
 16075  4076  514.22005   67  101  643.31995  179.72946  72.1%   212  474s
 16620  4170  180.89000   37   81  643.31995  180.89000  71.9%   212  482s
 17144  4238  392.67324   41   55  643.31995  183.82000  71.4%   211  490s
 17858  4342  195.58634   31   50  643.31995  188.92000  70.6%   209  498s
 18540  4530  462.28571   35   54  643.31995  195.58634  69.6%   207  506s
 19210  4683 infeasible   34       643.31995  195.63000  69.6%   206  514s
 19916  4818 infeasible   37       643.31995  199.44000  69.0%   205  523s
 20738  4912  488.88107   29   65  643.31995  200.60049  68.8%   204  533s
 21647  5027  432.68083   43   45  643.31995  221.19647  65.6%   201  542s
 22491  5163  233.48946   48   58  643.31995  228.00000  64.6%   200  552s
 23344  5257 infeasible   33       643.31995  233.48946  63.7%   198  562s
 24388  5289     cutoff   52       643.31995  243.29000  62.2%   196  572s
 25397  5409  340.77000   41   88  643.31995  252.47414  60.8%   194  581s
 26371  5496     cutoff   41       643.31995  259.12000  59.7%   192  590s
 27202  5547  634.51000   45   54  643.31995  277.05000  56.9%   191  599s
 28072  5575  611.48795   40   49  643.31995  283.98645  55.9%   191  609s
 29035  5650  332.57013   30   69  643.31995  293.63000  54.4%   189  633s
 30297  5703  576.61869   43   59  643.31995  308.80302  52.0%   188  642s
 31483  5687  366.60471   41   49  643.31995  316.86000  50.7%   185  650s
 32381  5604  502.53000   41   47  643.31995  328.99115  48.9%   183  658s
 33278  5688  349.23406   32   68  643.31995  343.76761  46.6%   182  665s
 34060  5690     cutoff   26       643.31995  351.58000  45.3%   180  673s
 34805  5818  550.58000   48   54  643.31995  360.72000  43.9%   180  680s
 35609  5858     cutoff   41       643.31995  374.09000  41.9%   179  686s
 35989  5913     cutoff   28       643.31995  374.09000  41.9%   179  694s
 36916  5856  464.17625   34   86  643.31995  375.81634  41.6%   177  702s
 37875  5845  518.70981   43   98  643.31995  392.01000  39.1%   175  710s
 38828  5823  621.44375   32   43  643.31995  403.85286  37.2%   174  718s
 39814  5823     cutoff   45       643.31995  416.18333  35.3%   172  725s
 40410  5794  608.11000   37   67  643.31995  423.24162  34.2%   171  733s
 41386  5870  438.52000   38   32  643.31995  432.15198  32.8%   169  740s
 42255  5857  517.28000   43   59  643.31995  441.29152  31.4%   168  746s
 42966  5853  450.82000   38   46  643.31995  443.67565  31.0%   167  752s
 43382  5831  495.37306   44   64  643.31995  444.00173  31.0%   167  758s
 43729  5859     cutoff   41       643.31995  444.60884  30.9%   166  765s
 44223  5935 infeasible   50       643.31995  444.60884  30.9%   166  785s
 45067  5991  576.66336   34   46  643.31995  450.82000  29.9%   165  796s
 46192  6033  513.84793   32   78  643.31995  466.28000  27.5%   163  805s
 47315  6149  573.53000   34   72  643.31995  472.35000  26.6%   162  813s
 48269  6248  505.22066   59   84  643.31995  472.35000  26.6%   161  821s
 49136  6324     cutoff   43       643.31995  481.18000  25.2%   161  829s
 49952  6324  570.50946   29   54  643.31995  485.04000  24.6%   160  838s
 50988  6309  524.13657   44   68  643.31995  489.73539  23.9%   160  846s
 51875  6269     cutoff   63       643.31995  496.63000  22.8%   159  854s
 52744  6294  608.68000   49   60  643.31995  501.54671  22.0%   159  861s
 53658  6147     cutoff   53       643.31995  501.64000  22.0%   158  870s
 54904  6156 infeasible   27       643.31995  507.84399  21.1%   157  877s
 55846  6116  519.23000   39   62  643.31995  516.33000  19.7%   156  885s
 56810  6039  522.58000   39   45  643.31995  521.46000  18.9%   155  892s
 57741  6030  532.84500   43   52  643.31995  527.58000  18.0%   155  900s
 58606  5955  561.66662   40   68  643.31995  529.29000  17.7%   154  907s
 59775  5887     cutoff   33       643.31995  534.94000  16.8%   153  915s
 60755  5937  579.33000   53   31  643.31995  542.88335  15.6%   152  921s
 61652  5852  640.25000   34   24  643.31995  545.81000  15.2%   151  929s
 62635  5783     cutoff   44       643.31995  549.16995  14.6%   151  936s
 63731  5643  554.65000   46   39  643.31995  554.01000  13.9%   150  943s
 64813  5659  626.72909   63   75  643.31995  554.65000  13.8%   149  950s
 65835  5512 infeasible   65       643.31995  560.83000  12.8%   148  957s
 66857  5424  597.33000   58   30  643.31995  564.41000  12.3%   147  963s
 67793  5348  585.50000   48   38  643.31995  565.90000  12.0%   146  970s
 68807  5358  596.42625   43   82  643.31995  569.06000  11.5%   145  976s
 69574  5268  583.05000   75   26  643.31995  570.69000  11.3%   145  983s
 70429  5164  571.56000   53   17  643.31995  570.69000  11.3%   144  990s
 71437  5115 infeasible   34       643.31995  572.76000  11.0%   144  996s
 71996  4874  573.53000   38   36  643.31995  573.53000  10.8%   144 1002s
 72811  4781     cutoff   31       643.31995  574.32000  10.7%   144 1008s
 73544  4728  579.44000   32   73  643.31995  579.15500  10.0%   144 1015s
 74353  4667 infeasible   41       643.31995  579.44000  9.93%   144 1021s
 75434  4558  583.88194   47   48  643.31995  581.35000  9.63%   143 1028s
 76374  4467  583.82000   42   59  643.31995  583.05000  9.37%   142 1034s
 77302  4246     cutoff   52       643.31995  583.05000  9.37%   142 1041s
 78260  4246 infeasible   40       643.31995  587.54000  8.67%   141 1047s
 79054  4172  635.78000   51   23  643.31995  589.30000  8.40%   141 1053s
 79527  4046  598.20843   50   48  643.31995  589.52000  8.36%   141 1059s
 80398  3945     cutoff   44       643.31995  593.29000  7.78%   141 1066s
 81346  3726  628.26821   59   19  643.31995  595.08000  7.50%   140 1073s
 82299  3560  601.66000   34   51  643.31995  597.44000  7.13%   140 1079s
 83089  3430  641.39000   41   25  643.31995  601.40000  6.52%   139 1085s
 83858  3319 infeasible   39       643.31995  601.66000  6.48%   139 1092s
 84881  3127     cutoff   37       643.31995  602.23000  6.39%   138 1099s
 85778  2949  609.13000   38   75  643.31995  604.75000  6.00%   138 1105s
 86778  2775  609.13000   39   58  643.31995  606.47622  5.73%   137 1112s
 87664  2538  614.55000   56   47  643.31995  611.90000  4.88%   137 1118s
 88707  2394     cutoff   34       643.31995  614.77000  4.44%   136 1124s
 89674  2156  617.83000   53   57  643.31995  617.11000  4.07%   135 1131s
 90624  2080     cutoff   51       643.31995  620.73000  3.51%   135 1137s
 91440  1809  621.64000   65   28  643.31995  621.64000  3.37%   135 1143s
 92291  1604  622.69000   51   26  643.31995  621.64000  3.37%   134 1149s
 93391  1400  635.75000   48   31  643.31995  625.22000  2.81%   134 1155s
 94296  1258     cutoff   45       643.31995  633.20000  1.57%   133 1161s
 95366  1105 infeasible   41       643.31995  634.09000  1.43%   133 1167s
 96173  1029  635.78000   53   63  643.31995  634.69000  1.34%   132 1173s
 97024   862  635.80696   85   54  643.31995  635.78000  1.17%   132 1178s
 97733   640  635.78000   48   73  643.31995  635.78000  1.17%   132 1184s
 98728   381     cutoff   39       643.31995  636.65000  1.04%   131 1190s
 99668   252 infeasible   42       643.31995  639.41000  0.61%   131 1196s
 100294    13  640.25000   43   43  643.31995  640.25000  0.48%   131 1200s

Cutting planes:
  Learned: 615
  Gomory: 2
  Lift-and-project: 11
  Cover: 35
  Implied bound: 197
  Clique: 15
  MIR: 203
  Flow cover: 459
  GUB cover: 12
  Inf proof: 2
  Zero half: 25
  RLT: 531
  Relax-and-lift: 509
  BQP: 156
  PSD: 86

Explored 100994 nodes (13256028 simplex iterations) in 1201.12 seconds (1649.35 work units)
Thread count was 8 (of 16 available processors)

Solution count 10: 643.32 643.32 644.11 ... 778.92

Optimal solution found (tolerance 1.00e-04)
Best objective 6.433200000000e+02, best bound 6.433200000000e+02, gap 0.0000%
Solution is optimal
  objective value = 643.3200000000008
  status = 2, nodes = 100994.0, time = 1201.13s, gap = 0.00%, bound = 643.32

[09:14:59.007193] Saving solution to file: /dados/rmelo/PDPTW-SE/benchmark_multi_island_v5/official_experiments/mip_gurobi/set_02_pt_02/logs/form_melo/solutions/08R_08V_02I_03M/lr205_sol_genconfig_melo.txt

[09:14:59] Saving solution timeline to file: /dados/rmelo/PDPTW-SE/benchmark_multi_island_v5/official_experiments/mip_gurobi/set_02_pt_02/logs/form_melo/timelines/08R_08V_02I_03M/lr205_timeline_genconfig_melo.txt

[19/09/2025 09:14:59] Writing results to CSV: /dados/rmelo/PDPTW-SE/benchmark_multi_island_v5/official_experiments/mip_gurobi/set_02_pt_02/logs/form_melo/outputs/csvresults_form_melo.csv
---------------------| VEHICLES |---------------------

Vehicle 2 :
	id: 0
			node: 0
			(x, y, z): (35, 35, 0)
			dem: 0
			earl: 0
			lat: 1000
			servt: 0
			pid: 0
			did: 0
			servST: 312.40999999999985
			(h, h_ind): (-1, -1)
			load: 0.0
			
	Finished service at time: 312.40999999999985
	
	Using Machine: 0
			Task 0 -> Machine 0 (Station 0): 6.71
			Vehicle arrival at machine station: 319.11999999999983
			Waiting time until machine travel: 0.0
			Machine travel start time: 319.1200000000001
			Region 0 -> Region 1: 12.21
			Machine arrival at machine station: 331.3300000000001
			
			Machine 0 (Station 1)-> Task 12: 2.24
			Vehicle arrival at task: 333.5700000000001
			Waiting time until service start time: -0.0
			
	id: 12
			node: 7
			(x, y, z): (50, 35, 1)
			dem: 19
			earl: 167
			lat: 407
			servt: 10
			pid: 0
			did: 66
			servST: 333.56999999999994
			(h, h_ind): (0, 0)
			load: 19.0
			
	Finished service at time: 343.56999999999994
	
	Task 12 -> Task 11: 42.43
	Vehicle arrival at task: 385.99999999999994
	Waiting time until service start time: 0.0
	
	id: 11
			node: 6
			(x, y, z): (20, 65, 1)
			dem: 12
			earl: 146
			lat: 386
			servt: 10
			pid: 0
			did: 24
			servST: 386.0
			(h, h_ind): (-1, -1)
			load: 31.0
			
	Finished service at time: 396.0
	
	Task 11 -> Task 7: 15.0
	Vehicle arrival at task: 411.0
	Waiting time until service start time: 0.0
	
	id: 7
			node: 4
			(x, y, z): (20, 50, 1)
			dem: 5
			earl: 251
			lat: 491
			servt: 10
			pid: 0
			did: 99
			servST: 411.0
			(h, h_ind): (-1, -1)
			load: 36.0
			
	Finished service at time: 421.0
	
	Using Machine: 2
			Task 7 -> Machine 2 (Station 1): 28.18
			Vehicle arrival at machine station: 449.18
			Waiting time until machine travel: -0.0
			Machine travel start time: 449.17999999999984
			Region 1 -> Region 0: 11.66
			Machine arrival at machine station: 460.83999999999986
			
			Machine 2 (Station 0)-> Task 6: 14.32
			Vehicle arrival at task: 475.15999999999985
			Waiting time until service start time: 0.0
			
	id: 6
			node: 3
			(x, y, z): (25, 30, 0)
			dem: 3
			earl: 345
			lat: 585
			servt: 10
			pid: 0
			did: 22
			servST: 475.1600000000001
			(h, h_ind): (2, 0)
			load: 39.0
			
	Finished service at time: 485.1600000000001
	
	Task 6 -> Task 99: 6.4
	Vehicle arrival at task: 491.56000000000006
	Waiting time until service start time: 0.0
	
	id: 99
			node: 12
			(x, y, z): (20, 26, 0)
			dem: -5
			earl: 263
			lat: 503
			servt: 10
			pid: 7
			did: 0
			servST: 491.5600000000002
			(h, h_ind): (-1, -1)
			load: 34.0
			
	Finished service at time: 501.5600000000002
	
	Task 99 -> Task 22: 29.68
	Vehicle arrival at task: 531.2400000000001
	Waiting time until service start time: 0.0
	
	id: 22
			node: 11
			(x, y, z): (45, 10, 0)
			dem: -3
			earl: 332
			lat: 572
			servt: 10
			pid: 6
			did: 0
			servST: 531.2400000000002
			(h, h_ind): (-1, -1)
			load: 31.0
			
	Finished service at time: 541.2400000000002
	
	Using Machine: 2
			Task 22 -> Machine 2 (Station 0): 18.03
			Vehicle arrival at machine station: 559.2700000000002
			Waiting time until machine travel: 0.0
			Machine travel start time: 559.2700000000004
			Region 0 -> Region 1: 11.66
			Machine arrival at machine station: 570.9300000000004
			
			Machine 2 (Station 1)-> Task 3: 12.81
			Vehicle arrival at task: 583.7400000000004
			Waiting time until service start time: -0.0
			
	id: 3
			node: 1
			(x, y, z): (55, 45, 1)
			dem: 13
			earl: 436
			lat: 676
			servt: 10
			pid: 0
			did: 50
			servST: 583.7400000000002
			(h, h_ind): (2, 1)
			load: 44.0
			
	Finished service at time: 593.7400000000002
	
	Task 3 -> Task 50: 8.25
	Vehicle arrival at task: 601.9900000000002
	Waiting time until service start time: 0.0
	
	id: 50
			node: 9
			(x, y, z): (47, 47, 1)
			dem: -13
			earl: 475
			lat: 715
			servt: 10
			pid: 3
			did: 0
			servST: 601.9900000000002
			(h, h_ind): (-1, -1)
			load: 31.0
			
	Finished service at time: 611.9900000000002
	
	Task 50 -> Task 10: 21.4
	Vehicle arrival at task: 633.3900000000002
	Waiting time until service start time: 0.0
	
	id: 10
			node: 5
			(x, y, z): (30, 60, 1)
			dem: 16
			earl: 485
			lat: 725
			servt: 10
			pid: 0
			did: 17
			servST: 633.3900000000003
			(h, h_ind): (-1, -1)
			load: 47.0
			
	Finished service at time: 643.3900000000003
	
	Task 10 -> Task 66: 23.02
	Vehicle arrival at task: 666.4100000000003
	Waiting time until service start time: 0.0
	
	id: 66
			node: 15
			(x, y, z): (49, 73, 1)
			dem: -19
			earl: 523
			lat: 763
			servt: 10
			pid: 12
			did: 0
			servST: 666.4100000000003
			(h, h_ind): (-1, -1)
			load: 28.0
			
	Finished service at time: 676.4100000000003
	
	Task 66 -> Task 24: 41.23
	Vehicle arrival at task: 717.6400000000003
	Waiting time until service start time: 0.0
	
	id: 24
			node: 14
			(x, y, z): (65, 35, 1)
			dem: -12
			earl: 656
			lat: 896
			servt: 10
			pid: 11
			did: 0
			servST: 717.6400000000003
			(h, h_ind): (-1, -1)
			load: 16.0
			
	Finished service at time: 727.6400000000003
	
	Using Machine: 0
			Task 24 -> Machine 0 (Station 1): 17.03
			Vehicle arrival at machine station: 744.6700000000003
			Waiting time until machine travel: 0.0
			Machine travel start time: 744.6700000000005
			Region 1 -> Region 0: 12.21
			Machine arrival at machine station: 756.8800000000006
			
			Machine 0 (Station 0)-> Task 17: 33.02
			Vehicle arrival at task: 789.9000000000005
			Waiting time until service start time: 0.0
			
	id: 17
			node: 13
			(x, y, z): (5, 30, 0)
			dem: -16
			earl: 682
			lat: 922
			servt: 10
			pid: 10
			did: 0
			servST: 789.9000000000005
			(h, h_ind): (0, 1)
			load: 0.0
			
	Finished service at time: 799.9000000000005
	
	Task 17 -> Task 0: 30.41
	Vehicle arrival at task: 830.3100000000005
	Waiting time until service start time: 0.0
	
	id: 0
			node: 17
			(x, y, z): (35, 35, 0)
			dem: 0
			earl: 0
			lat: 1000
			servt: 0
			pid: 0
			did: 0
			servST: 830.3100000000006
			(h, h_ind): (-1, -1)
			load: 0.0
			

Vehicle 6 :
	id: 0
			node: 0
			(x, y, z): (35, 35, 0)
			dem: 0
			earl: 0
			lat: 1000
			servt: 0
			pid: 0
			did: 0
			servST: 221.04999999999995
			(h, h_ind): (-1, -1)
			load: 0.0
			
	Finished service at time: 221.04999999999995
	
	Task 0 -> Task 5: 20.62
	Vehicle arrival at task: 241.66999999999996
	Waiting time until service start time: -0.0
	
	id: 5
			node: 2
			(x, y, z): (15, 30, 0)
			dem: 26
			earl: 20
			lat: 260
			servt: 10
			pid: 0
			did: 53
			servST: 241.66999999999985
			(h, h_ind): (-1, -1)
			load: 26.0
			
	Finished service at time: 251.66999999999985
	
	Task 5 -> Task 14: 20.0
	Vehicle arrival at task: 271.66999999999985
	Waiting time until service start time: 0.0
	
	id: 14
			node: 8
			(x, y, z): (15, 10, 0)
			dem: 20
			earl: 32
			lat: 272
			servt: 10
			pid: 0
			did: 16
			servST: 271.66999999999985
			(h, h_ind): (-1, -1)
			load: 46.0
			
	Finished service at time: 281.66999999999985
	
	Task 14 -> Task 16: 11.18
	Vehicle arrival at task: 292.84999999999985
	Waiting time until service start time: 0.0
	
	id: 16
			node: 16
			(x, y, z): (10, 20, 0)
			dem: -20
			earl: 203
			lat: 443
			servt: 10
			pid: 14
			did: 0
			servST: 292.8499999999999
			(h, h_ind): (-1, -1)
			load: 26.0
			
	Finished service at time: 302.8499999999999
	
	Task 16 -> Task 53: 29.15
	Vehicle arrival at task: 331.9999999999999
	Waiting time until service start time: 0.0
	
	id: 53
			node: 10
			(x, y, z): (37, 31, 0)
			dem: -26
			earl: 332
			lat: 572
			servt: 10
			pid: 5
			did: 0
			servST: 332.0
			(h, h_ind): (-1, -1)
			load: 0.0
			
	Finished service at time: 342.0
	
	Task 53 -> Task 0: 4.47
	Vehicle arrival at task: 346.47
	Waiting time until service start time: 0.0
	
	id: 0
			node: 17
			(x, y, z): (35, 35, 0)
			dem: 0
			earl: 0
			lat: 1000
			servt: 0
			pid: 0
			did: 0
			servST: 346.47
			(h, h_ind): (-1, -1)
			load: 0.0
			

---------------------| MACHINES |---------------------

Machine 0 :
	setup duration: 0.0
	
	vehicle: 2
	vehicleInd: 1
	(orig, dest): (0, 7)
	(origID, destID): (0, 12)
	(origRegion, destRegion): (0, 1)
	st: 319.1200000000001
	duration: 12.21
	
	setup duration: 0.0
	
	vehicle: 2
	vehicleInd: 12
	(orig, dest): (14, 13)
	(origID, destID): (24, 17)
	(origRegion, destRegion): (1, 0)
	st: 744.6700000000005
	duration: 12.21
	

Machine 2 :
	setup duration: 11.66
	
	vehicle: 2
	vehicleInd: 4
	(orig, dest): (4, 3)
	(origID, destID): (7, 6)
	(origRegion, destRegion): (1, 0)
	st: 449.17999999999984
	duration: 11.66
	
	setup duration: 0.0
	
	vehicle: 2
	vehicleInd: 7
	(orig, dest): (11, 1)
	(origID, destID): (22, 3)
	(origRegion, destRegion): (0, 1)
	st: 559.2700000000004
	duration: 11.66
	

-------------------| COMPL. TIMES |-------------------

Vehicle 0 : 0.0
Vehicle 1 : 0.0
Vehicle 2 : 517.9
Vehicle 3 : 0.0
Vehicle 4 : 0.0
Vehicle 5 : 0.0
Vehicle 6 : 125.42
Vehicle 7 : 0.0
-------------------| STATISTICS |-------------------

    Vehicles used                           : 25.0
    Machines used                           : 66.6667
    Max load (vehicles)                     : 90.3846
    Min load (vehicles)                     : 88.4615
    Mean load (vehicles)                    : 89.4231
    Min completion time                     : 12.542
    Max completion time                     : 51.79
    Mean completion time                    : 32.166
    Avrg travel time (with vehicle)         : 2.9975
    Avrg travel time (only with vehicle)    : 2.387
    Avrg travel time (no vehicle)           : 0.6105
    Avrg waiting time (machine travel)      : 0.0
    Avrg waiting time (service)             : 0.0
    Machines travel times (with vehicle)    : [3.663, 0.0, 2.332]
    Machines travel times (no vehicle)      : [1.221, 0.0, 0.0]
    Max load per vehicle                    : [0.0, 0.0, 90.3846, 0.0, 0.0, 0.0, 88.4615, 0.0]
----------------------------------------------------

TOTAL: 643.3199999999999

Everything is awesome!
