Set parameter WLSAccessID
Set parameter WLSSecret
Set parameter LicenseID to value 2661775
Academic license 2661775 - for non-commercial use only - registered to me___@dcc.ufba.br
Parameter 'method_type' with value 'form' successfully set as form of type <class 'str'>
Parameter 'method_code' with value 'melo' successfully set as melo of type <class 'str'>
Parameter 'seed' with value '0' successfully set as 0 of type <class 'int'>
Parameter 'mip_max_time' with value '3600' successfully set as 3600 of type <class 'int'>
Parameter 'output_flag_grb_mip' with value '1' successfully set as 1 of type <class 'int'>
Parameter 'threads' with value '8' successfully set as 8 of type <class 'int'>
Parameter 'print_sol' with value '1' successfully set as 1 of type <class 'int'>
Parameter 'constraints_used_melo_mip_str' with value '1-29' successfully set as 1-29 of type <class 'str'>
Instance: lr105_t1_10R_10V_02I_04M
ParameterData(inst_path='/dados/rmelo/PDPTW-SE/benchmark_multi_island_v5/official_experiments/mip_gurobi/set_02_pt_01/../../../instances/orig_ams_fg/10R_10V_02I_04M/t1/lr105/', name='lr105', type='t1', group='10R_10V_02I_04M', full_name='lr105_t1_10R_10V_02I_04M', method_type='form', method_code='melo', gen_config_file='/dados/rmelo/PDPTW-SE/benchmark_multi_island_v5/official_experiments/mip_gurobi/set_02_pt_01/configs/genconfig_melo.conf', gen_config_filename='genconfig_melo', greedy_service_order='tightest_tw', cutoff=0, cutoff_machs=4, solver='Gurobi', max_time=7200, gurobi_cuts=1, type_user_cut=0, mip_presolve=-1, print_sol=1, max_nodes=-1, elevator=0, make_instance_feasible=False, output='/dados/rmelo/PDPTW-SE/benchmark_multi_island_v5/official_experiments/mip_gurobi/set_02_pt_01/logs', epsilon=0.005, epsilon_cap=0.5, warm_start=False, seed=0, rng=<random.Random object at 0x559a47207fd0>, alpha=0.2, max_iter=1000000, output_flag_grb_mip=1, output_flag_grb_mslp=0, output_flag_grb_lmns=0, mslp_r='M', mslp_a='60', lmns_r='M', lmns_a='60', lmns_repair_time=30.0, lmns_mip_focus=0, lmns_gap_to_bigger_destruction=50, lmns_gap_to_smaller_destruction=95, lmns_weight_shaw_dist_prox=1.0, lmns_weight_shaw_earl_prox=1.0, lmns_weight_shaw_same_route=1.0, lmns_weight_shaw_demand_sim=1.0, lmns_req_r_apply_mip_start=True, lmns_acceptance_criteria='H', lmns_metropolis_temp=100.0, lmns_simulated_annealing_temp=100.0, lmns_simulated_annealing_cool=0.95, mip_max_time=3600, hx_max_time=3600, csv_file_name='', sol_file_name='', timeline_file_name='', grb_file_name='', validate_synchronization=True, constraints_used_melo_mip_str='1-29', constraints_used_melo_mip=None, run_callback_melo_mip=False, mip_heuristics=0.05, threads=8)
Constraints active in melo MIP
1 2 3 4 5 6 7 8 9 10 11 12 13 14 15 16 17 18 19 20 21 22 23 24 25 26 27 28 29 
[Reading Data] Using files at /dados/rmelo/PDPTW-SE/benchmark_multi_island_v5/official_experiments/mip_gurobi/set_02_pt_01/../../../instances/orig_ams_fg/10R_10V_02I_04M/t1/lr105/
vehicles: [Vehicle(id=0, cap=34), Vehicle(id=1, cap=43), Vehicle(id=2, cap=52), Vehicle(id=3, cap=52), Vehicle(id=4, cap=34), Vehicle(id=5, cap=43), Vehicle(id=6, cap=34), Vehicle(id=7, cap=34), Vehicle(id=8, cap=52), Vehicle(id=9, cap=34)]
vehicle_types: [Vehicle(id=9, cap=34), Vehicle(id=5, cap=43), Vehicle(id=8, cap=52)]
machines: [Machine(id=0, points=[Point(x=36, y=33, z=0), Point(x=50, y=39, z=1)], spd=1.0), Machine(id=1, points=[Point(x=37, y=32, z=0), Point(x=50, y=41, z=1)], spd=1.0), Machine(id=2, points=[Point(x=38, y=31, z=0), Point(x=50, y=43, z=1)], spd=1.0), Machine(id=3, points=[Point(x=38, y=30, z=0), Point(x=52, y=36, z=1)], spd=1.0)]
refs: [0, 1, 2, 3, 4, 5, 6, 7, 9, 10, 11, 13, 18, 8, 16, 12, 19, 20, 15, 17, 14, 0]
V: [0, 1, 2, 3, 4, 5, 6, 7, 8, 9, 10, 11, 12, 13, 14, 15, 16, 17, 18, 19, 20]
V_p: [1, 2, 3, 4, 5, 6, 7, 8, 9, 10]
V_d: [11, 12, 13, 14, 15, 16, 17, 18, 19, 20]
V_p_d: [1, 2, 3, 4, 5, 6, 7, 8, 9, 10, 11, 12, 13, 14, 15, 16, 17, 18, 19, 20]
Vprime: [0, 1, 2, 3, 4, 5, 6, 7, 8, 9, 10, 11, 12, 13, 14, 15, 16, 17, 18, 19, 20, 21]
q: [0, 7, 13, 26, 16, 19, 20, 8, 2, 11, 18, -7, -13, -26, -16, -19, -20, -8, -2, -11, -18, 0]
H: [0, 1, 2, 3]
Machine points:
# Machine 0
	Point(x=36, y=33, z=0)
	Point(x=50, y=39, z=1)

# Machine 1
	Point(x=37, y=32, z=0)
	Point(x=50, y=41, z=1)

# Machine 2
	Point(x=38, y=31, z=0)
	Point(x=50, y=43, z=1)

# Machine 3
	Point(x=38, y=30, z=0)
	Point(x=52, y=36, z=1)

f: [[0 0 0 0]
 [0 0 0 0]
 [1 1 1 1]
 [0 0 0 0]
 [1 1 1 1]
 [1 1 1 1]
 [0 0 0 0]
 [0 0 0 0]
 [0 0 0 0]
 [0 0 0 0]
 [0 0 0 0]
 [0 0 0 0]
 [1 1 1 1]
 [0 0 0 0]
 [1 1 1 1]
 [1 1 1 1]
 [0 0 0 0]
 [0 0 0 0]
 [0 0 0 0]
 [0 0 0 0]
 [0 0 0 0]
 [0 0 0 0]]
(0, 0, 0) 0.0
(0, 1, 0) 15.23
(1, 0, 0) 15.23
(1, 1, 0) 0.0
(0, 0, 1) 0.0
(0, 1, 1) 15.81
(1, 0, 1) 15.81
(1, 1, 1) 0.0
(0, 0, 2) 0.0
(0, 1, 2) 16.97
(1, 0, 2) 16.97
(1, 1, 2) 0.0
(0, 0, 3) 0.0
(0, 1, 3) 15.23
(1, 0, 3) 15.23
(1, 1, 3) 0.0
Number of arcs: 68
M:  (0, np.int64(0)) (1, np.int64(79)) (2, np.int64(302)) (3, np.int64(292)) (4, np.int64(279)) (5, np.int64(269)) (6, np.int64(286)) (7, np.int64(265)) (8, np.int64(18))
JOBS in the order of refs (Vprime)
Node 0: Job(id=0, point=Point(x=35, y=35, z=0), dem=0, earl=0, lat=230, servt=0, pid=0, did=0)
Node 1: Job(id=2, point=Point(x=35, y=17, z=0), dem=7, earl=40, lat=70, servt=10, pid=0, did=57)
Node 2: Job(id=3, point=Point(x=55, y=45, z=1), dem=13, earl=106, lat=136, servt=10, pid=0, did=80)
Node 3: Job(id=5, point=Point(x=15, y=30, z=0), dem=26, earl=24, lat=54, servt=10, pid=0, did=16)
Node 4: Job(id=9, point=Point(x=55, y=60, z=1), dem=16, earl=87, lat=117, servt=10, pid=0, did=66)
Node 5: Job(id=12, point=Point(x=50, y=35, z=1), dem=19, earl=53, lat=83, servt=10, pid=0, did=29)
Node 6: Job(id=14, point=Point(x=15, y=10, z=0), dem=20, earl=32, lat=62, servt=10, pid=0, did=86)
Node 7: Job(id=15, point=Point(x=30, y=5, z=0), dem=8, earl=51, lat=81, servt=10, pid=0, did=87)
Node 8: Job(id=17, point=Point(x=5, y=30, z=0), dem=2, earl=147, lat=177, servt=10, pid=0, did=60)
Node 9: Job(id=21, point=Point(x=45, y=20, z=0), dem=11, earl=52, lat=82, servt=10, pid=0, did=75)
Node 10: Job(id=22, point=Point(x=45, y=10, z=0), dem=18, earl=87, lat=117, servt=10, pid=0, did=58)
Node 11: Job(id=57, point=Point(x=32, y=12, z=0), dem=-7, earl=91, lat=121, servt=10, pid=2, did=0)
Node 12: Job(id=80, point=Point(x=56, y=37, z=1), dem=-13, earl=168, lat=198, servt=10, pid=3, did=0)
Node 13: Job(id=16, point=Point(x=10, y=20, z=0), dem=-26, earl=65, lat=95, servt=10, pid=5, did=0)
Node 14: Job(id=66, point=Point(x=49, y=73, z=1), dem=-16, earl=117, lat=147, servt=10, pid=9, did=0)
Node 15: Job(id=29, point=Point(x=64, y=42, z=1), dem=-19, earl=53, lat=83, servt=10, pid=12, did=0)
Node 16: Job(id=86, point=Point(x=4, y=18, z=0), dem=-20, earl=84, lat=114, servt=10, pid=14, did=0)
Node 17: Job(id=87, point=Point(x=28, y=18, z=0), dem=-8, earl=83, lat=113, servt=10, pid=15, did=0)
Node 18: Job(id=60, point=Point(x=17, y=34, z=0), dem=-2, earl=152, lat=182, servt=10, pid=17, did=0)
Node 19: Job(id=75, point=Point(x=49, y=11, z=0), dem=-11, earl=59, lat=89, servt=10, pid=21, did=0)
Node 20: Job(id=58, point=Point(x=36, y=26, z=0), dem=-18, earl=180, lat=210, servt=10, pid=22, did=0)
Node 21: Job(id=0, point=Point(x=35, y=35, z=0), dem=0, earl=0, lat=230, servt=0, pid=0, did=0)

### Preprocessing - arc removals
	-> arcs: 484 (100.0%)
	-> arc_removals: 416 (85.95%)
	-> arc_removals_is_loop: 22 (4.55%)
	-> arc_removals_is_delivery_to_pickup: 12 (2.48%)
	-> arc_removals_is_depot_begin_to_delivery: 10 (2.07%)
	-> arc_removals_is_pickup_to_depot_end: 10 (2.07%)
	-> arc_removals_is_dest_depot_begin: 20 (4.13%)
	-> arc_removals_is_orig_depot_end: 19 (3.93%)
	-> arc_removals_is_capacity_violated: 0 (0.0%)
	-> arc_removals_is_time_window_limited: 227 (46.9%)
	-> arc_removals_is_time_window_pairing_limited: 90 (18.6%)
	-> arc_removals_is_indirect_request_service_impossible: 6 (1.24%)
	-> gamma_vars: 576 (100.0%)
	-> feas_gamma_vars: 250 (43.4%)
	-> infeas_gamma_vars_is_next_mtrv_unreachable: 278 (48.26%)
	-> infeas_gamma_vars_is_iprime_jprime_eq_i_j: 48 (8.33%)

[19/09/2025 15:14:13] Running melo_formulation

[19/09/2025 15:14:13] Creating Melo MIP model...
Set parameter OutputFlag to value 1
Set parameter Threads to value 8
Set parameter Heuristics to value 0.05
Set parameter TimeLimit to value 3600
Set parameter Presolve to value -1
Set parameter Cuts to value 1
Set parameter LogFile to value "/dados/rmelo/PDPTW-SE/benchmark_multi_island_v5/official_experiments/mip_gurobi/set_02_pt_01/logs/form_melo/gurobi/10R_10V_02I_04M/lr105_grb_genconfig_melo.log"
Set parameter Seed to value 0

### Model variables summary ###
	-> Total number of variables: 1296
		- x: 680
		- z: 220
		- t: 30
		- tstart: 10
		- tfinal: 10
		- phi: 48
		- alpha: 48
		- gamma: 250
	-> Number of binary variables: 978


[19/09/2025 15:14:13] Adding routing constraints
[19/09/2025 15:14:14] Adding scheduling constraints
[19/09/2025 15:14:14] Adding valid inequalities
[19/09/2025 15:14:14] Adding objective function
Gurobi Optimizer version 12.0.2 build v12.0.2rc0 (linux64 - "Ubuntu 22.04.5 LTS")

CPU model: Intel(R) Core(TM) i7-10700 CPU @ 2.90GHz, instruction set [SSE2|AVX|AVX2]
Thread count: 8 physical cores, 16 logical processors, using up to 8 threads

Non-default parameters:
TimeLimit  3600
Cuts  1
Threads  8

Academic license 2661775 - for non-commercial use only - registered to me___@dcc.ufba.br
Optimize a model with 4784 rows, 1296 columns and 16812 nonzeros
Model fingerprint: 0x95af36d9
Variable types: 318 continuous, 978 integer (978 binary)
Coefficient statistics:
  Matrix range     [1e+00, 3e+02]
  Objective range  [1e+00, 1e+00]
  Bounds range     [1e+00, 2e+02]
  RHS range        [1e+00, 6e+02]
Presolve removed 2091 rows and 432 columns
Presolve time: 0.11s
Presolved: 2693 rows, 864 columns, 18922 nonzeros
Variable types: 164 continuous, 700 integer (690 binary)
Found heuristic solution: objective 803.0600000
Found heuristic solution: objective 749.8400000

Root relaxation: objective -7.105427e-15, 350 iterations, 0.01 seconds (0.02 work units)

    Nodes    |    Current Node    |     Objective Bounds      |     Work
 Expl Unexpl |  Obj  Depth IntInf | Incumbent    BestBd   Gap | It/Node Time

     0     0   -0.00000    0   50  749.84000   -0.00000   100%     -    0s
     0     0    0.00000    0   95  749.84000    0.00000   100%     -    0s
H    0     0                     724.8100000    0.00000   100%     -    0s
     0     0    0.00000    0   54  724.81000    0.00000   100%     -    0s
H    0     0                     720.8600000    0.00000   100%     -    0s
H    0     0                     718.8700000    0.00000   100%     -    0s
H    0     0                     718.5400000    0.00000   100%     -    0s
     0     0    0.00000    0   74  718.54000    0.00000   100%     -    0s
     0     0    0.00000    0   53  718.54000    0.00000   100%     -    0s
H    0     0                     718.1900000    0.00000   100%     -    0s
H    0     0                     717.6800000    0.00000   100%     -    0s
     0     0    0.00000    0   78  717.68000    0.00000   100%     -    0s
     0     0    0.00000    0   74  717.68000    0.00000   100%     -    0s
     0     0    0.00000    0   67  717.68000    0.00000   100%     -    0s
H    0     0                     676.3600000    0.00000   100%     -    0s
H    0     0                     674.2400000    0.00000   100%     -    0s
     0     2    0.00000    0   61  674.24000    0.00000   100%     -    1s
H   42    59                     673.6900000    0.00000   100%   110    1s
H   86    90                     672.3000000    0.00000   100%  95.6    1s
H   87    90                     670.4700000    0.00000   100%  96.1    1s
  2930  1804  567.95021   35   41  670.47000  501.09460  25.3%  43.0    5s
 23520  8211  647.73038   43   38  670.47000  586.49054  12.5%  28.2   10s
 45927 11635  665.18898   45   28  670.47000  604.48825  9.84%  26.4   15s
 70259 12998  656.91489   43   24  670.47000  615.70812  8.17%  25.4   20s
 93679 12126 infeasible   48       670.47000  626.44333  6.57%  24.9   25s
H117577  9008                     670.4699991  639.23636  4.66%  24.6   30s
 143530   264     cutoff   51       670.47000  664.25811  0.93%  23.8   35s

Cutting planes:
  Learned: 9
  Gomory: 5
  Cover: 3
  Implied bound: 11
  Clique: 8
  MIR: 63
  Flow cover: 75
  RLT: 15
  Relax-and-lift: 87
  BQP: 1

Explored 144714 nodes (3445356 simplex iterations) in 35.12 seconds (73.51 work units)
Thread count was 8 (of 16 available processors)

Solution count 10: 670.47 670.47 670.47 ... 718.54

Optimal solution found (tolerance 1.00e-04)
Best objective 6.704700000000e+02, best bound 6.704700000000e+02, gap 0.0000%
Solution is optimal
  objective value = 670.47
  status = 2, nodes = 144714.0, time = 35.12s, gap = 0.00%, bound = 670.47

[15:14:49.214179] Saving solution to file: /dados/rmelo/PDPTW-SE/benchmark_multi_island_v5/official_experiments/mip_gurobi/set_02_pt_01/logs/form_melo/solutions/10R_10V_02I_04M/lr105_sol_genconfig_melo.txt

[15:14:49] Saving solution timeline to file: /dados/rmelo/PDPTW-SE/benchmark_multi_island_v5/official_experiments/mip_gurobi/set_02_pt_01/logs/form_melo/timelines/10R_10V_02I_04M/lr105_timeline_genconfig_melo.txt

[19/09/2025 15:14:49] Writing results to CSV: /dados/rmelo/PDPTW-SE/benchmark_multi_island_v5/official_experiments/mip_gurobi/set_02_pt_01/logs/form_melo/outputs/csvresults_form_melo.csv
---------------------| VEHICLES |---------------------

Vehicle 1 :
	id: 0
			node: 0
			(x, y, z): (35, 35, 0)
			dem: 0
			earl: 0
			lat: 230
			servt: 0
			pid: 0
			did: 0
			servST: 37.51000000000005
			(h, h_ind): (-1, -1)
			load: 0.0
			
	Finished service at time: 37.51000000000005
	
	Task 0 -> Task 2: 18.0
	Vehicle arrival at task: 55.51000000000005
	Waiting time until service start time: 0.0
	
	id: 2
			node: 1
			(x, y, z): (35, 17, 0)
			dem: 7
			earl: 40
			lat: 70
			servt: 10
			pid: 0
			did: 57
			servST: 55.51000000000005
			(h, h_ind): (-1, -1)
			load: 7.0
			
	Finished service at time: 65.51000000000005
	
	Task 2 -> Task 15: 13.0
	Vehicle arrival at task: 78.51000000000005
	Waiting time until service start time: 0.0
	
	id: 15
			node: 7
			(x, y, z): (30, 5, 0)
			dem: 8
			earl: 51
			lat: 81
			servt: 10
			pid: 0
			did: 87
			servST: 78.51000000000005
			(h, h_ind): (-1, -1)
			load: 15.0
			
	Finished service at time: 88.51000000000005
	
	Task 15 -> Task 57: 7.28
	Vehicle arrival at task: 95.79000000000005
	Waiting time until service start time: -0.0
	
	id: 57
			node: 11
			(x, y, z): (32, 12, 0)
			dem: -7
			earl: 91
			lat: 121
			servt: 10
			pid: 2
			did: 0
			servST: 95.79000000000002
			(h, h_ind): (-1, -1)
			load: 8.0
			
	Finished service at time: 105.79000000000002
	
	Task 57 -> Task 87: 7.21
	Vehicle arrival at task: 113.00000000000001
	Waiting time until service start time: -0.0
	
	id: 87
			node: 17
			(x, y, z): (28, 18, 0)
			dem: -8
			earl: 83
			lat: 113
			servt: 10
			pid: 15
			did: 0
			servST: 113.0
			(h, h_ind): (-1, -1)
			load: 0.0
			
	Finished service at time: 123.0
	
	Task 87 -> Task 0: 18.38
	Vehicle arrival at task: 141.38
	Waiting time until service start time: 0.0
	
	id: 0
			node: 21
			(x, y, z): (35, 35, 0)
			dem: 0
			earl: 0
			lat: 230
			servt: 0
			pid: 0
			did: 0
			servST: 141.38
			(h, h_ind): (-1, -1)
			load: 0.0
			

Vehicle 5 :
	id: 0
			node: 0
			(x, y, z): (35, 35, 0)
			dem: 0
			earl: 0
			lat: 230
			servt: 0
			pid: 0
			did: 0
			servST: 110.72000000000003
			(h, h_ind): (-1, -1)
			load: 0.0
			
	Finished service at time: 110.72000000000003
	
	Using Machine: 0
			Task 0 -> Machine 0 (Station 0): 2.24
			Vehicle arrival at machine station: 112.96000000000002
			Waiting time until machine travel: 0.0
			Machine travel start time: 112.96000000000004
			Region 0 -> Region 1: 15.23
			Machine arrival at machine station: 128.19000000000003
			
			Machine 0 (Station 1)-> Task 3: 7.81
			Vehicle arrival at task: 136.00000000000003
			Waiting time until service start time: -0.0
			
	id: 3
			node: 2
			(x, y, z): (55, 45, 1)
			dem: 13
			earl: 106
			lat: 136
			servt: 10
			pid: 0
			did: 80
			servST: 136.0
			(h, h_ind): (0, 1)
			load: 13.0
			
	Finished service at time: 146.0
	
	Task 3 -> Task 80: 8.06
	Vehicle arrival at task: 154.06
	Waiting time until service start time: 13.94
	
	id: 80
			node: 12
			(x, y, z): (56, 37, 1)
			dem: -13
			earl: 168
			lat: 198
			servt: 10
			pid: 3
			did: 0
			servST: 168.0
			(h, h_ind): (-1, -1)
			load: 0.0
			
	Finished service at time: 178.0
	
	Using Machine: 0
			Task 80 -> Machine 0 (Station 1): 6.32
			Vehicle arrival at machine station: 184.32
			Waiting time until machine travel: 0.0
			Machine travel start time: 184.32000000000005
			Region 1 -> Region 0: 15.23
			Machine arrival at machine station: 199.55000000000004
			
			Machine 0 (Station 0)-> Task 0: 2.24
			Vehicle arrival at task: 201.79000000000005
			Waiting time until service start time: -0.0
			
	id: 0
			node: 21
			(x, y, z): (35, 35, 0)
			dem: 0
			earl: 0
			lat: 230
			servt: 0
			pid: 0
			did: 0
			servST: 201.79000000000002
			(h, h_ind): (0, 2)
			load: 0.0
			

Vehicle 7 :
	id: 0
			node: 0
			(x, y, z): (35, 35, 0)
			dem: 0
			earl: 0
			lat: 230
			servt: 0
			pid: 0
			did: 0
			servST: 31.52999999999998
			(h, h_ind): (-1, -1)
			load: 0.0
			
	Finished service at time: 31.52999999999998
	
	Using Machine: 0
			Task 0 -> Machine 0 (Station 0): 2.24
			Vehicle arrival at machine station: 33.76999999999998
			Waiting time until machine travel: 0.0
			Machine travel start time: 33.76999999999999
			Region 0 -> Region 1: 15.23
			Machine arrival at machine station: 48.999999999999986
			
			Machine 0 (Station 1)-> Task 12: 4.0
			Vehicle arrival at task: 52.999999999999986
			Waiting time until service start time: 0.0
			
	id: 12
			node: 5
			(x, y, z): (50, 35, 1)
			dem: 19
			earl: 53
			lat: 83
			servt: 10
			pid: 0
			did: 29
			servST: 53.00000000000001
			(h, h_ind): (0, 0)
			load: 19.0
			
	Finished service at time: 63.00000000000001
	
	Task 12 -> Task 29: 15.65
	Vehicle arrival at task: 78.65
	Waiting time until service start time: 0.0
	
	id: 29
			node: 15
			(x, y, z): (64, 42, 1)
			dem: -19
			earl: 53
			lat: 83
			servt: 10
			pid: 12
			did: 0
			servST: 78.65
			(h, h_ind): (-1, -1)
			load: 0.0
			
	Finished service at time: 88.65
	
	Task 29 -> Task 9: 20.12
	Vehicle arrival at task: 108.77000000000001
	Waiting time until service start time: 0.0
	
	id: 9
			node: 4
			(x, y, z): (55, 60, 1)
			dem: 16
			earl: 87
			lat: 117
			servt: 10
			pid: 0
			did: 66
			servST: 108.77000000000001
			(h, h_ind): (-1, -1)
			load: 16.0
			
	Finished service at time: 118.77000000000001
	
	Task 9 -> Task 66: 14.32
	Vehicle arrival at task: 133.09
	Waiting time until service start time: 0.0
	
	id: 66
			node: 14
			(x, y, z): (49, 73, 1)
			dem: -16
			earl: 117
			lat: 147
			servt: 10
			pid: 9
			did: 0
			servST: 133.09
			(h, h_ind): (-1, -1)
			load: 0.0
			
	Finished service at time: 143.09
	
	Using Machine: 1
			Task 66 -> Machine 1 (Station 1): 32.02
			Vehicle arrival at machine station: 175.11
			Waiting time until machine travel: 0.0
			Machine travel start time: 175.11000000000004
			Region 1 -> Region 0: 15.81
			Machine arrival at machine station: 190.92000000000004
			
			Machine 1 (Station 0)-> Task 0: 3.61
			Vehicle arrival at task: 194.53000000000006
			Waiting time until service start time: -0.0
			
	id: 0
			node: 21
			(x, y, z): (35, 35, 0)
			dem: 0
			earl: 0
			lat: 230
			servt: 0
			pid: 0
			did: 0
			servST: 194.53
			(h, h_ind): (1, 0)
			load: 0.0
			

Vehicle 8 :
	id: 0
			node: 0
			(x, y, z): (35, 35, 0)
			dem: 0
			earl: 0
			lat: 230
			servt: 0
			pid: 0
			did: 0
			servST: 3.3799999999999955
			(h, h_ind): (-1, -1)
			load: 0.0
			
	Finished service at time: 3.3799999999999955
	
	Task 0 -> Task 5: 20.62
	Vehicle arrival at task: 23.999999999999996
	Waiting time until service start time: 0.0
	
	id: 5
			node: 3
			(x, y, z): (15, 30, 0)
			dem: 26
			earl: 24
			lat: 54
			servt: 10
			pid: 0
			did: 16
			servST: 24.0
			(h, h_ind): (-1, -1)
			load: 26.0
			
	Finished service at time: 34.0
	
	Task 5 -> Task 14: 20.0
	Vehicle arrival at task: 54.0
	Waiting time until service start time: 0.0
	
	id: 14
			node: 6
			(x, y, z): (15, 10, 0)
			dem: 20
			earl: 32
			lat: 62
			servt: 10
			pid: 0
			did: 86
			servST: 54.0
			(h, h_ind): (-1, -1)
			load: 46.0
			
	Finished service at time: 64.0
	
	Task 14 -> Task 16: 11.18
	Vehicle arrival at task: 75.18
	Waiting time until service start time: 0.0
	
	id: 16
			node: 13
			(x, y, z): (10, 20, 0)
			dem: -26
			earl: 65
			lat: 95
			servt: 10
			pid: 5
			did: 0
			servST: 75.18
			(h, h_ind): (-1, -1)
			load: 20.0
			
	Finished service at time: 85.18
	
	Task 16 -> Task 86: 6.32
	Vehicle arrival at task: 91.5
	Waiting time until service start time: 0.0
	
	id: 86
			node: 16
			(x, y, z): (4, 18, 0)
			dem: -20
			earl: 84
			lat: 114
			servt: 10
			pid: 14
			did: 0
			servST: 91.5
			(h, h_ind): (-1, -1)
			load: 0.0
			
	Finished service at time: 101.5
	
	Task 86 -> Task 0: 35.36
	Vehicle arrival at task: 136.86
	Waiting time until service start time: 0.0
	
	id: 0
			node: 21
			(x, y, z): (35, 35, 0)
			dem: 0
			earl: 0
			lat: 230
			servt: 0
			pid: 0
			did: 0
			servST: 136.86
			(h, h_ind): (-1, -1)
			load: 0.0
			

Vehicle 9 :
	id: 0
			node: 0
			(x, y, z): (35, 35, 0)
			dem: 0
			earl: 0
			lat: 230
			servt: 0
			pid: 0
			did: 0
			servST: 50.00999999999999
			(h, h_ind): (-1, -1)
			load: 0.0
			
	Finished service at time: 50.00999999999999
	
	Task 0 -> Task 21: 18.03
	Vehicle arrival at task: 68.03999999999999
	Waiting time until service start time: -0.0
	
	id: 21
			node: 9
			(x, y, z): (45, 20, 0)
			dem: 11
			earl: 52
			lat: 82
			servt: 10
			pid: 0
			did: 75
			servST: 68.03999999999996
			(h, h_ind): (-1, -1)
			load: 11.0
			
	Finished service at time: 78.03999999999996
	
	Task 21 -> Task 75: 9.85
	Vehicle arrival at task: 87.88999999999996
	Waiting time until service start time: 0.0
	
	id: 75
			node: 19
			(x, y, z): (49, 11, 0)
			dem: -11
			earl: 59
			lat: 89
			servt: 10
			pid: 21
			did: 0
			servST: 87.88999999999999
			(h, h_ind): (-1, -1)
			load: 0.0
			
	Finished service at time: 97.88999999999999
	
	Task 75 -> Task 22: 4.12
	Vehicle arrival at task: 102.00999999999999
	Waiting time until service start time: 0.0
	
	id: 22
			node: 10
			(x, y, z): (45, 10, 0)
			dem: 18
			earl: 87
			lat: 117
			servt: 10
			pid: 0
			did: 58
			servST: 102.00999999999999
			(h, h_ind): (-1, -1)
			load: 18.0
			
	Finished service at time: 112.00999999999999
	
	Task 22 -> Task 17: 44.72
	Vehicle arrival at task: 156.73
	Waiting time until service start time: 0.0
	
	id: 17
			node: 8
			(x, y, z): (5, 30, 0)
			dem: 2
			earl: 147
			lat: 177
			servt: 10
			pid: 0
			did: 60
			servST: 156.73
			(h, h_ind): (-1, -1)
			load: 20.0
			
	Finished service at time: 166.73
	
	Task 17 -> Task 60: 12.65
	Vehicle arrival at task: 179.38
	Waiting time until service start time: 0.0
	
	id: 60
			node: 18
			(x, y, z): (17, 34, 0)
			dem: -2
			earl: 152
			lat: 182
			servt: 10
			pid: 17
			did: 0
			servST: 179.38
			(h, h_ind): (-1, -1)
			load: 18.0
			
	Finished service at time: 189.38
	
	Task 60 -> Task 58: 20.62
	Vehicle arrival at task: 210.0
	Waiting time until service start time: 0.0
	
	id: 58
			node: 20
			(x, y, z): (36, 26, 0)
			dem: -18
			earl: 180
			lat: 210
			servt: 10
			pid: 22
			did: 0
			servST: 210.0
			(h, h_ind): (-1, -1)
			load: 0.0
			
	Finished service at time: 220.0
	
	Task 58 -> Task 0: 9.06
	Vehicle arrival at task: 229.06
	Waiting time until service start time: 0.0
	
	id: 0
			node: 21
			(x, y, z): (35, 35, 0)
			dem: 0
			earl: 0
			lat: 230
			servt: 0
			pid: 0
			did: 0
			servST: 229.06
			(h, h_ind): (-1, -1)
			load: 0.0
			

---------------------| MACHINES |---------------------

Machine 0 :
	setup duration: 0.0
	
	vehicle: 7
	vehicleInd: 1
	(orig, dest): (0, 5)
	(origID, destID): (0, 12)
	(origRegion, destRegion): (0, 1)
	st: 33.76999999999999
	duration: 15.23
	
	setup duration: 15.23
	
	vehicle: 5
	vehicleInd: 1
	(orig, dest): (0, 2)
	(origID, destID): (0, 3)
	(origRegion, destRegion): (0, 1)
	st: 112.96000000000004
	duration: 15.23
	
	setup duration: 0.0
	
	vehicle: 5
	vehicleInd: 3
	(orig, dest): (12, 21)
	(origID, destID): (80, 0)
	(origRegion, destRegion): (1, 0)
	st: 184.32000000000005
	duration: 15.23
	

Machine 1 :
	setup duration: 15.81
	
	vehicle: 7
	vehicleInd: 5
	(orig, dest): (14, 21)
	(origID, destID): (66, 0)
	(origRegion, destRegion): (1, 0)
	st: 175.11000000000004
	duration: 15.81
	

-------------------| COMPL. TIMES |-------------------

Vehicle 0 : 0.0
Vehicle 1 : 103.87
Vehicle 2 : 0.0
Vehicle 3 : 0.0
Vehicle 4 : 0.0
Vehicle 5 : 91.07
Vehicle 6 : 0.0
Vehicle 7 : 163.0
Vehicle 8 : 133.48
Vehicle 9 : 179.05
-------------------| STATISTICS |-------------------

    Vehicles used                           : 50.0
    Machines used                           : 50.0
    Max load (vehicles)                     : 88.4615
    Min load (vehicles)                     : 30.2326
    Mean load (vehicles)                    : 53.6567
    Min completion time                     : 39.5957
    Max completion time                     : 77.8478
    Mean completion time                    : 58.3017
    Avrg travel time (with vehicle)         : 19.9913
    Avrg travel time (only with vehicle)    : 13.3696
    Avrg travel time (no vehicle)           : 6.6217
    Avrg waiting time (machine travel)      : 0.0
    Avrg waiting time (service)             : 3.0614
    Machines travel times (with vehicle)    : [33.1087, 6.8739, 0.0, 0.0]
    Machines travel times (no vehicle)      : [13.2435, 0.0, 0.0, 0.0]
    Max load per vehicle                    : [0.0, 34.8837, 0.0, 0.0, 0.0, 30.2326, 0.0, 55.8824, 88.4615, 58.8235]
----------------------------------------------------

TOTAL: 670.47

Everything is awesome!
