-------------------| STATISTICS |-------------------

Vehicles used                           : 25.0
Machines used                           : 100.0
Max load (vehicles)                     : 95.8333
Min load (vehicles)                     : 33.7209
Mean load (vehicles)                    : 64.4509
Min completion time                     : 59.2508
Max completion time                     : 88.8864
Mean completion time                    : 74.1588
Avrg travel time (with vehicle)         : 36.93
Avrg travel time (only with vehicle)    : 23.8486
Avrg travel time (no vehicle)           : 13.0814
Avrg waiting time (machine travel)      : 1.4007
Avrg waiting time (service)             : 5.0068
Machines travel times (with vehicle)    : [34.0079, 38.5442, 28.5205, 33.4448, 50.1325]
Machines travel times (no vehicle)      : [7.8628, 18.664, 8.4227, 11.1483, 19.3091]
Max load per vehicle                    : [76.7442, 0.0, 79.0698, 69.7674, 0.0, 0.0, 0.0, 33.7209, 0.0, 0.0, 0.0, 0.0, 0.0, 0.0, 95.8333, 0.0, 0.0, 0.0, 0.0, 45.8333, 0.0, 0.0, 65.2778, 0.0, 0.0, 0.0, 0.0, 0.0, 73.6111, 0.0, 0.0, 45.3488, 0.0, 0.0, 0.0, 59.3023, 0.0, 0.0, 0.0, 0.0]

----------------------------------------------------

TOTAL: 4701.669999999999

Everything is awesome!
