-------------------| STATISTICS |-------------------

Vehicles used                           : 30.0
Machines used                           : 100.0
Max load (vehicles)                     : 87.931
Min load (vehicles)                     : 26.3889
Mean load (vehicles)                    : 58.8851
Min completion time                     : 36.0819
Max completion time                     : 81.1673
Mean completion time                    : 62.7245
Avrg travel time (with vehicle)         : 6.8209
Avrg travel time (only with vehicle)    : 4.5473
Avrg travel time (no vehicle)           : 2.2736
Avrg waiting time (machine travel)      : 0.1565
Avrg waiting time (service)             : 5.2937
Machines travel times (with vehicle)    : [8.3037, 1.7794, 3.5587, 1.7794, 14.2349, 11.2693]
Machines travel times (no vehicle)      : [3.5587, 0.5931, 1.1862, 0.0, 5.3381, 2.9656]
Max load per vehicle                    : [0.0, 73.6111, 0.0, 0.0, 0.0, 45.8333, 26.3889, 0.0, 65.5172, 0.0, 0.0, 0.0, 0.0, 83.3333, 55.814, 0.0, 0.0, 0.0, 0.0, 0.0, 0.0, 0.0, 0.0, 56.8966, 0.0, 0.0, 0.0, 77.7778, 0.0, 0.0, 73.2558, 0.0, 0.0, 0.0, 0.0, 0.0, 0.0, 65.2778, 0.0, 0.0, 44.8276, 0.0, 0.0, 0.0, 37.5, 87.931, 0.0, 0.0, 0.0, 79.0698, 26.7442, 0.0, 0.0, 34.7222, 0.0, 0.0, 37.5, 0.0, 0.0, 87.931]

----------------------------------------------------

TOTAL: 9517.81

Everything is awesome!
