Set parameter WLSAccessID
Set parameter WLSSecret
Set parameter LicenseID to value 2661775
Academic license 2661775 - for non-commercial use only - registered to me___@dcc.ufba.br
Loading line 2: methodType heur
Loading line 3: methodCode mslp
Loading line 4: seed 0
Loading line 5: threads 1
Loading line 6: greedy_service_order random
Loading line 7: outputFlagGrbMSLP 0
Loading line 8: mslpa 60000
Loading line 9: mslpr I
Loading line 10: maxtime 3600
Loading line 11: output ./logs/
Loading line 12: printsol 1
Loading line 13: solverMethod A
Loading line 14: alpha 0.05 # selected from preliminary experiments
Instance: lr203_t2_12R_12V_04F_03M

[09:48:16.422] Running Data.readData with file /dados/rmelo/PDPTW-SE/benchmark_multi_floor_v3/official_experiments/multistartlp/official/set_01_pt_01/../../../../instances/orig_ams_fg/12R_12V_04F_04M/t2/lr203/
vehicles: Vehicle[Vehicle(0, 38), Vehicle(1, 48), Vehicle(2, 58), Vehicle(3, 38), Vehicle(4, 48), Vehicle(5, 38), Vehicle(6, 48), Vehicle(7, 38), Vehicle(8, 38), Vehicle(9, 48), Vehicle(10, 58), Vehicle(11, 48)]
vehicle_types: Vehicle[Vehicle(0, 38), Vehicle(1, 48), Vehicle(2, 58)]
Machine[Machine(0, Point[Point(40, 37, 0), Point(40, 37, 1), Point(40, 37, 2), Point(40, 37, 3)], 0.2), Machine(1, Point[Point(42, 37, 0), Point(42, 37, 1), Point(42, 37, 2), Point(42, 37, 3)], 0.2), Machine(2, Point[Point(38, 37, 0), Point(38, 37, 1), Point(38, 37, 2), Point(38, 37, 3)], 0.2)]
refs: [1, 2, 3, 4, 6, 7, 9, 10, 11, 12, 13, 15, 16, 5, 20, 22, 17, 8, 21, 23, 24, 25, 19, 14, 18, 1]
V: [1, 2, 3, 4, 5, 6, 7, 8, 9, 10, 11, 12, 13, 14, 15, 16, 17, 18, 19, 20, 21, 22, 23, 24, 25]
V_p: [2, 3, 4, 5, 6, 7, 8, 9, 10, 11, 12, 13]
V_d: [14, 15, 16, 17, 18, 19, 20, 21, 22, 23, 24, 25]
Vprime: [1, 2, 3, 4, 5, 6, 7, 8, 9, 10, 11, 12, 13, 14, 15, 16, 17, 18, 19, 20, 21, 22, 23, 24, 25, 26]
V: [1, 2, 3, 4, 5, 6, 7, 8, 9, 10, 11, 12, 13, 14, 15, 16, 17, 18, 19, 20, 21, 22, 23, 24, 25]
q: [0, 10, 7, 13, 16, 12, 8, 12, 17, 9, 29, 6, 16, -10, -7, -13, -16, -12, -8, -12, -17, -9, -29, -6, -16, 0]
H: [1, 2, 3]
f: [[1, 1, 1], [2, 2, 2], [2, 2, 2], [4, 4, 4], [1, 1, 1], [3, 3, 3], [4, 4, 4], [1, 1, 1], [2, 2, 2], [4, 4, 4], [2, 2, 2], [1, 1, 1], [2, 2, 2], [4, 4, 4], [3, 3, 3], [1, 1, 1], [1, 1, 1], [3, 3, 3], [4, 4, 4], [3, 3, 3], [2, 2, 2], [2, 2, 2], [4, 4, 4], [4, 4, 4], [2, 2, 2], [1, 1, 1]]
1 1 1 -> 0.0
1 2 1 -> 5.0
1 3 1 -> 10.0
1 4 1 -> 15.0
2 1 1 -> 5.0
2 2 1 -> 0.0
2 3 1 -> 5.0
2 4 1 -> 10.0
3 1 1 -> 10.0
3 2 1 -> 5.0
3 3 1 -> 0.0
3 4 1 -> 5.0
4 1 1 -> 15.0
4 2 1 -> 10.0
4 3 1 -> 5.0
4 4 1 -> 0.0
1 1 2 -> 0.0
1 2 2 -> 5.0
1 3 2 -> 10.0
1 4 2 -> 15.0
2 1 2 -> 5.0
2 2 2 -> 0.0
2 3 2 -> 5.0
2 4 2 -> 10.0
3 1 2 -> 10.0
3 2 2 -> 5.0
3 3 2 -> 0.0
3 4 2 -> 5.0
4 1 2 -> 15.0
4 2 2 -> 10.0
4 3 2 -> 5.0
4 4 2 -> 0.0
1 1 3 -> 0.0
1 2 3 -> 5.0
1 3 3 -> 10.0
1 4 3 -> 15.0
2 1 3 -> 5.0
2 2 3 -> 0.0
2 3 3 -> 5.0
2 4 3 -> 10.0
3 1 3 -> 10.0
3 2 3 -> 5.0
3 3 3 -> 0.0
3 4 3 -> 5.0
4 1 3 -> 15.0
4 2 3 -> 10.0
4 3 3 -> 5.0
4 4 3 -> 0.0
o: (1, 2, 3) => 5.0
o: (3, 1, 3) => 10.0
o: (3, 2, 3) => 5.0
o: (2, 1, 1) => 5.0
o: (1, 3, 2) => 10.0
o: (1, 4, 2) => 15.0
o: (2, 2, 1) => 0.0
o: (3, 3, 2) => 0.0
o: (3, 4, 2) => 5.0
o: (4, 3, 3) => 5.0
o: (4, 4, 3) => 0.0
o: (1, 3, 1) => 10.0
o: (1, 1, 2) => 0.0
o: (1, 4, 1) => 15.0
o: (3, 3, 1) => 0.0
o: (1, 2, 2) => 5.0
o: (3, 1, 2) => 10.0
o: (3, 4, 1) => 5.0
o: (4, 1, 3) => 15.0
o: (3, 2, 2) => 5.0
o: (4, 2, 3) => 10.0
o: (1, 1, 1) => 0.0
o: (2, 3, 3) => 5.0
o: (2, 4, 3) => 10.0
o: (4, 3, 2) => 5.0
o: (1, 2, 1) => 5.0
o: (3, 1, 1) => 10.0
o: (4, 4, 2) => 0.0
o: (3, 2, 1) => 5.0
o: (2, 1, 3) => 5.0
o: (4, 3, 1) => 5.0
o: (4, 1, 2) => 15.0
o: (4, 4, 1) => 0.0
o: (2, 2, 3) => 0.0
o: (4, 2, 2) => 10.0
o: (2, 3, 2) => 5.0
o: (2, 4, 2) => 10.0
o: (1, 3, 3) => 10.0
o: (1, 4, 3) => 15.0
o: (4, 1, 1) => 15.0
o: (3, 3, 3) => 0.0
o: (3, 4, 3) => 5.0
o: (4, 2, 1) => 10.0
o: (2, 3, 1) => 5.0
o: (2, 1, 2) => 5.0
o: (2, 4, 1) => 10.0
o: (1, 1, 3) => 0.0
o: (2, 2, 2) => 0.0

[88, 1100, 1090, 1055, 1045, 1060, 1031, 16]
JOBS in the order of refs (Vprime)
Node 1: Job(0, Point(35, 35, 0), 0, 0, 1000, 0, 0, 0)
Node 2: Job(1, Point(41, 49, 1), 10, 0, 974, 10, 0, 6)
Node 3: Job(2, Point(35, 17, 1), 7, 0, 972, 10, 0, 58)
Node 4: Job(3, Point(55, 45, 3), 13, 0, 967, 10, 0, 68)
Node 5: Job(10, Point(30, 60, 0), 16, 577, 632, 10, 0, 32)
Node 6: Job(11, Point(20, 65, 2), 12, 206, 325, 10, 0, 13)
Node 7: Job(15, Point(30, 5, 3), 8, 175, 300, 10, 0, 67)
Node 8: Job(18, Point(20, 40, 0), 12, 0, 974, 10, 0, 83)
Node 9: Job(19, Point(15, 60, 1), 17, 0, 957, 10, 0, 90)
Node 10: Job(20, Point(45, 65, 3), 9, 0, 958, 10, 0, 98)
Node 11: Job(23, Point(55, 5, 1), 29, 206, 325, 10, 0, 53)
Node 12: Job(25, Point(65, 20, 0), 6, 817, 956, 10, 0, 24)
Node 13: Job(27, Point(35, 40, 1), 16, 104, 255, 10, 0, 37)
Node 14: Job(6, Point(25, 30, 3), -10, 415, 514, 10, 1, 0)
Node 15: Job(58, Point(36, 26, 2), -7, 849, 980, 10, 2, 0)
Node 16: Job(68, Point(56, 39, 0), -13, 637, 752, 10, 3, 0)
Node 17: Job(32, Point(35, 69, 0), -16, 0, 956, 10, 10, 0)
Node 18: Job(13, Point(30, 25, 2), -12, 690, 827, 10, 11, 0)
Node 19: Job(67, Point(67, 5, 3), -8, 294, 401, 10, 15, 0)
Node 20: Job(83, Point(14, 37, 2), -12, 0, 968, 10, 18, 0)
Node 21: Job(90, Point(31, 67, 1), -17, 0, 957, 10, 19, 0)
Node 22: Job(98, Point(19, 21, 1), -9, 0, 968, 10, 20, 0)
Node 23: Job(53, Point(37, 31, 3), -29, 414, 489, 10, 23, 0)
Node 24: Job(24, Point(65, 35, 3), -6, 0, 960, 10, 25, 0)
Node 25: Job(37, Point(20, 20, 1), -16, 0, 968, 10, 27, 0)
Node 26: Job(0, Point(35, 35, 0), 0, 0, 1000, 0, 0, 0)

### Preprocessing Data ###
	-> arcs: 676 (100.0%)
	-> arc_removals: 263 (38.91%)
	-> arc_removals_is_loop: 26 (3.85%)
	-> arc_removals_is_delivery_to_pickup: 14 (2.07%)
	-> arc_removals_is_depot_begin_to_delivery: 12 (1.78%)
	-> arc_removals_is_pickup_to_depot_end: 12 (1.78%)
	-> arc_removals_is_dest_depot_begin: 24 (3.55%)
	-> arc_removals_is_orig_depot_end: 23 (3.4%)
	-> arc_removals_is_capacity_violated: 0 (0.0%)
	-> arc_removals_is_time_window_limited: 96 (14.2%)
	-> arc_removals_is_time_window_pairing_limited: 49 (7.25%)
	-> arc_removals_is_indirect_request_service_impossible: 7 (1.04%)
	-> gamma_vars: 0 (0%)
	-> feas_gamma_vars: 0 (0%)
	-> infeas_gamma_vars_is_next_mtrv_unreachable: 0 (0%)
	-> infeas_gamma_vars_is_iprime_jprime_eq_i_j: 0 (0%)
	-> machine_removal_for_an_arc: 0 (0.0%)
##########################

[09:48:26.415] Print configuration
------------------------------------------------------
"
[09:48:26.415] Running Multi Start Heuristic"
> Experiment started at 2025-10-15T09:48:26.415
> Instance: lr203_t2_12R_12V_04F_03M
> Algorithm Parameters:


	>Stop params:
		>  - rule ITERATIONS
		>  - argument 60000.0
		>  - maximum_time 3600

	>General params:
		>  - instPath /dados/rmelo/PDPTW-SE/benchmark_multi_floor_v3/official_experiments/multistartlp/official/set_01_pt_01/../../../../instances/orig_ams_fg/12R_12V_04F_04M/t2/lr203/
		>  - name lr203
		>  - type t2
		>  - group 12R_12V_04F_03M
		>  - fullname lr203_t2_12R_12V_04F_03M
		>  - methodType heur
		>  - methodCode mslp
		>  - genconfigfile /dados/rmelo/PDPTW-SE/benchmark_multi_floor_v3/official_experiments/multistartlp/official/set_01_pt_01/configs/genconfig_mslp.conf
		>  - genconfigfilename genconfig_mslp
		>  - greedy_service_order random
		>  - cutoff 0
		>  - cutoffmachs 3
		>  - num_machs 0
		>  - solver Gurobi
		>  - maxtime 3600
		>  - gurobiCuts 1
		>  - typeUserCut 0
		>  - mipPresolve -1
		>  - printsol 1
		>  - maxnodes -1
		>  - elevator 1
		>  - make_instance_feasible false
		>  - output /dados/rmelo/PDPTW-SE/benchmark_multi_floor_v3/official_experiments/multistartlp/official/set_01_pt_01/logs
		>  - suff_outputs _seed_24
		>  - suff_csv _bash_1
		>  - epsilon 0.005
		>  - epsilonCap 0.5
		>  - warmStart false
		>  - seed 24
		>  - rng Random.MersenneTwister(24)
		>  - alpha 0.05
		>  - maxiter 1000000
		>  - outputFlagGrbMIP 0
		>  - outputFlagGrbMSLP 0
		>  - outputFlagGrbLMNS 0
		>  - mslpr I
		>  - mslpa 60000
		>  - lmnsr M
		>  - lmnsa 60
		>  - lmnsRepairTime 30.0
		>  - lmnsMIPFocus 0
		>  - lmnsGapToBiggerDestruction 50
		>  - lmnsGapToSmallerDestruction 95
		>  - lmnsWeightShawDistProx 1.0
		>  - lmnsWeightShawEarlProx 1.0
		>  - lmnsWeightShawSameRoute 1.0
		>  - lmnsWeightShawDemandSim 1.0
		>  - lmnsReqRApplyMIPStart true
		>  - lmnsAcceptanceCriteria H
		>  - lmnsMetropolisTemp 100.0
		>  - lmnsSimulatedAnnealingTemp 100.0
		>  - lmnsSimulatedAnnealingCool 0.95
		>  - mipmaxtime 3600
		>  - csvfilename /dados/rmelo/PDPTW-SE/benchmark_multi_floor_v3/official_experiments/multistartlp/official/set_01_pt_01/logs/heur_mslp/outputs/csvresults_heur_mslp_bash_1.csv
		>  - solfilename /dados/rmelo/PDPTW-SE/benchmark_multi_floor_v3/official_experiments/multistartlp/official/set_01_pt_01/logs/heur_mslp/solutions/12R_12V_04F_03M/lr203_sol_genconfig_mslp_seed_24.txt
		>  - timelineFilename /dados/rmelo/PDPTW-SE/benchmark_multi_floor_v3/official_experiments/multistartlp/official/set_01_pt_01/logs/heur_mslp/timelines/12R_12V_04F_03M/lr203_timeline_genconfig_mslp_seed_24.txt
		>  - grbFilename /dados/rmelo/PDPTW-SE/benchmark_multi_floor_v3/official_experiments/multistartlp/official/set_01_pt_01/logs/heur_mslp/gurobi/12R_12V_04F_03M/lr203_grb_genconfig_mslp_seed_24.log
		>  - threads 1
		>  - solverMethod AUTOMATIC

------------------------------------------------------

[09:48:26.526] Starting running MSLP
objValue;greedysol;iteration;time
1823.96;1883.17;1;0.004873
1587.40;1712.15;2;0.299918
1474.14;1652.50;4;0.308934
1416.37;1708.60;7;0.322962
1392.05;1434.80;11;0.340659
1364.82;1798.61;40;0.509024
1353.20;1435.22;335;1.939391
1325.57;1439.13;361;2.064106
1319.34;1344.90;593;3.167960
1315.23;1352.22;728;3.801620
1309.37;1427.79;1966;9.711727
1292.17;1427.79;2793;13.683825
1290.65;1430.20;2963;14.487708
1257.71;1357.24;3142;15.374630
1248.45;1462.08;6215;29.935776
1240.66;1357.70;50216;239.406948

[09:53:44.987] Finished running MSLP
System CPU time: 32.26 seconds

[09:53:45.058] Post running MSLP
Best solution value: 1240.66
Total time elapsed: 285.911249
Time to best: 239.406948
Iterations: 60000
Iterations to best: 50216
Improvements: 16
Infeasible solutions percentage: (0 / 60000) = 0.0000 %
(LP improvements)/(LP runs) = 59992/60000 = 99.9867 %
Mean LP improvement percentage: 10.3973 %
[09:53:45.304] Writing results to CSV file: /dados/rmelo/PDPTW-SE/benchmark_multi_floor_v3/official_experiments/multistartlp/official/set_01_pt_01/logs/heur_mslp/outputs/csvresults_heur_mslp_bash_1.csv

[09:53:47.326] Saving solution to file:/dados/rmelo/PDPTW-SE/benchmark_multi_floor_v3/official_experiments/multistartlp/official/set_01_pt_01/logs/heur_mslp/solutions/12R_12V_04F_03M/lr203_sol_genconfig_mslp_seed_24.txt

[09:53:47.326] Saving solution timeline to file: /dados/rmelo/PDPTW-SE/benchmark_multi_floor_v3/official_experiments/multistartlp/official/set_01_pt_01/logs/heur_mslp/timelines/12R_12V_04F_03M/lr203_timeline_genconfig_mslp_seed_24.txt
---------------------| VEHICLES |---------------------

Vehicle 2 :
	id: 0
		node: 1
		(x, y, z): (35, 35, 0)
		dem: 0
		earl: 0
		lat: 1000
		servt: 0
		pid: 0
		did: 0
		servST: 149.95999999999998
		(h, h_ind): (-1, 0)
		load: 0.0

	Finished service at time: 149.95999999999998

	Task 0 -> Task 18: 15.81
	Vehicle arrival at task: 165.76999999999998
	Waiting time until service start time: 0.0

	id: 18
		node: 8
		(x, y, z): (20, 40, 0)
		dem: 12
		earl: 0
		lat: 974
		servt: 10
		pid: 0
		did: 83
		servST: 165.76999999999998
		(h, h_ind): (-1, 0)
		load: 12.0

	Finished service at time: 175.76999999999998

	Using Machine: 2
		Task 18 -> Machine 2 (Station 1): 18.25
		Vehicle arrival at machine station: 194.01999999999998
		Waiting time until machine travel: 0.0

		Machine travel start time: 194.01999999999998
		Region 0 -> Region 2: 10.0
		Machine arrival at machine station: 204.01999999999998

		Machine 2 (Station 3)-> Task 83: 24.0
		Vehicle arrival at task: 228.01999999999998
		Waiting time until service start time: 0.0

	id: 83
		node: 20
		(x, y, z): (14, 37, 2)
		dem: -12
		earl: 0
		lat: 968
		servt: 10
		pid: 18
		did: 0
		servST: 228.01999999999998
		(h, h_ind): (2, 2)
		load: 0.0

	Finished service at time: 238.01999999999998

	Using Machine: 2
		Task 83 -> Machine 2 (Station 3): 24.0
		Vehicle arrival at machine station: 262.02
		Waiting time until machine travel: 0.0

		Machine travel start time: 262.02
		Region 2 -> Region 3: 5.0
		Machine arrival at machine station: 267.02

		Machine 2 (Station 4)-> Task 15: 32.98
		Vehicle arrival at task: 300.0
		Waiting time until service start time: 0.0

	id: 15
		node: 7
		(x, y, z): (30, 5, 3)
		dem: 8
		earl: 175
		lat: 300
		servt: 10
		pid: 0
		did: 67
		servST: 300.0
		(h, h_ind): (2, 3)
		load: 8.0

	Finished service at time: 310.0

	Task 15 -> Task 67: 37.0
	Vehicle arrival at task: 347.0
	Waiting time until service start time: 0.0

	id: 67
		node: 19
		(x, y, z): (67, 5, 3)
		dem: -8
		earl: 294
		lat: 401
		servt: 10
		pid: 15
		did: 0
		servST: 347.0
		(h, h_ind): (-1, 0)
		load: 0.0

	Finished service at time: 357.0

	Using Machine: 0
		Task 67 -> Machine 0 (Station 4): 41.87
		Vehicle arrival at machine station: 398.87
		Waiting time until machine travel: 0.0

		Machine travel start time: 398.87
		Region 3 -> Region 0: 15.0
		Machine arrival at machine station: 413.87

		Machine 0 (Station 1)-> Task 0: 5.39
		Vehicle arrival at task: 419.26
		Waiting time until service start time: 0.0

	id: 0
		node: 26
		(x, y, z): (35, 35, 0)
		dem: 0
		earl: 0
		lat: 1000
		servt: 0
		pid: 0
		did: 0
		servST: 419.26
		(h, h_ind): (0, 1)
		load: 0.0


Vehicle 10 :
	id: 0
		node: 1
		(x, y, z): (35, 35, 0)
		dem: 0
		earl: 0
		lat: 1000
		servt: 0
		pid: 0
		did: 0
		servST: 20.080000000000034
		(h, h_ind): (-1, 0)
		load: 0.0

	Finished service at time: 20.080000000000034

	Using Machine: 2
		Task 0 -> Machine 2 (Station 1): 3.61
		Vehicle arrival at machine station: 23.690000000000033
		Waiting time until machine travel: 0.0

		Machine travel start time: 23.690000000000033
		Region 0 -> Region 1: 5.0
		Machine arrival at machine station: 28.690000000000033

		Machine 2 (Station 2)-> Task 19: 32.53
		Vehicle arrival at task: 61.220000000000034
		Waiting time until service start time: 0.0

	id: 19
		node: 9
		(x, y, z): (15, 60, 1)
		dem: 17
		earl: 0
		lat: 957
		servt: 10
		pid: 0
		did: 90
		servST: 61.220000000000034
		(h, h_ind): (2, 1)
		load: 17.0

	Finished service at time: 71.22000000000003

	Task 19 -> Task 90: 17.46
	Vehicle arrival at task: 88.68000000000004
	Waiting time until service start time: 0.0

	id: 90
		node: 21
		(x, y, z): (31, 67, 1)
		dem: -17
		earl: 0
		lat: 957
		servt: 10
		pid: 19
		did: 0
		servST: 88.68000000000004
		(h, h_ind): (-1, 0)
		load: 0.0

	Finished service at time: 98.68000000000004

	Task 90 -> Task 1: 20.59
	Vehicle arrival at task: 119.27000000000004
	Waiting time until service start time: 0.0

	id: 1
		node: 2
		(x, y, z): (41, 49, 1)
		dem: 10
		earl: 0
		lat: 974
		servt: 10
		pid: 0
		did: 6
		servST: 119.27000000000004
		(h, h_ind): (-1, 0)
		load: 10.0

	Finished service at time: 129.27000000000004

	Task 1 -> Task 27: 10.82
	Vehicle arrival at task: 140.09000000000003
	Waiting time until service start time: 0.0

	id: 27
		node: 13
		(x, y, z): (35, 40, 1)
		dem: 16
		earl: 104
		lat: 255
		servt: 10
		pid: 0
		did: 37
		servST: 140.09000000000003
		(h, h_ind): (-1, 0)
		load: 26.0

	Finished service at time: 150.09000000000003

	Task 27 -> Task 37: 25.0
	Vehicle arrival at task: 175.09000000000003
	Waiting time until service start time: 0.0

	id: 37
		node: 25
		(x, y, z): (20, 20, 1)
		dem: -16
		earl: 0
		lat: 968
		servt: 10
		pid: 27
		did: 0
		servST: 175.09000000000003
		(h, h_ind): (-1, 0)
		load: 10.0

	Finished service at time: 185.09000000000003

	Task 37 -> Task 23: 38.08
	Vehicle arrival at task: 223.17000000000002
	Waiting time until service start time: 0.0

	id: 23
		node: 11
		(x, y, z): (55, 5, 1)
		dem: 29
		earl: 206
		lat: 325
		servt: 10
		pid: 0
		did: 53
		servST: 223.17000000000002
		(h, h_ind): (-1, 0)
		load: 39.0

	Finished service at time: 233.17000000000002

	Task 23 -> Task 2: 23.32
	Vehicle arrival at task: 256.49
	Waiting time until service start time: 0.0

	id: 2
		node: 3
		(x, y, z): (35, 17, 1)
		dem: 7
		earl: 0
		lat: 972
		servt: 10
		pid: 0
		did: 58
		servST: 256.49
		(h, h_ind): (-1, 0)
		load: 46.0

	Finished service at time: 266.49

	Using Machine: 2
		Task 2 -> Machine 2 (Station 2): 20.22
		Vehicle arrival at machine station: 286.71000000000004
		Waiting time until machine travel: -0.0

		Machine travel start time: 286.71
		Region 1 -> Region 2: 5.0
		Machine arrival at machine station: 291.71

		Machine 2 (Station 3)-> Task 11: 33.29
		Vehicle arrival at task: 325.0
		Waiting time until service start time: 0.0

	id: 11
		node: 6
		(x, y, z): (20, 65, 2)
		dem: 12
		earl: 206
		lat: 325
		servt: 10
		pid: 0
		did: 13
		servST: 325.0
		(h, h_ind): (2, 4)
		load: 58.0

	Finished service at time: 335.0

	Using Machine: 2
		Task 11 -> Machine 2 (Station 3): 33.29
		Vehicle arrival at machine station: 368.29
		Waiting time until machine travel: 26.95

		Machine travel start time: 395.24
		Region 2 -> Region 3: 5.0
		Machine arrival at machine station: 400.24

		Machine 2 (Station 4)-> Task 6: 14.76
		Vehicle arrival at task: 415.0
		Waiting time until service start time: 0.0

	id: 6
		node: 14
		(x, y, z): (25, 30, 3)
		dem: -10
		earl: 415
		lat: 514
		servt: 10
		pid: 1
		did: 0
		servST: 415.0
		(h, h_ind): (2, 5)
		load: 48.0

	Finished service at time: 425.0

	Task 6 -> Task 53: 12.04
	Vehicle arrival at task: 437.04
	Waiting time until service start time: 0.0

	id: 53
		node: 23
		(x, y, z): (37, 31, 3)
		dem: -29
		earl: 414
		lat: 489
		servt: 10
		pid: 23
		did: 0
		servST: 437.04
		(h, h_ind): (-1, 0)
		load: 19.0

	Finished service at time: 447.04

	Task 53 -> Task 3: 22.8
	Vehicle arrival at task: 469.84000000000003
	Waiting time until service start time: 0.0

	id: 3
		node: 4
		(x, y, z): (55, 45, 3)
		dem: 13
		earl: 0
		lat: 967
		servt: 10
		pid: 0
		did: 68
		servST: 469.84000000000003
		(h, h_ind): (-1, 0)
		load: 32.0

	Finished service at time: 479.84000000000003

	Task 3 -> Task 20: 22.36
	Vehicle arrival at task: 502.20000000000005
	Waiting time until service start time: 0.0

	id: 20
		node: 10
		(x, y, z): (45, 65, 3)
		dem: 9
		earl: 0
		lat: 958
		servt: 10
		pid: 0
		did: 98
		servST: 502.20000000000005
		(h, h_ind): (-1, 0)
		load: 41.0

	Finished service at time: 512.2

	Using Machine: 2
		Task 20 -> Machine 2 (Station 4): 28.86
		Vehicle arrival at machine station: 541.0600000000001
		Waiting time until machine travel: 0.0

		Machine travel start time: 541.0600000000001
		Region 3 -> Region 0: 15.0
		Machine arrival at machine station: 556.0600000000001

		Machine 2 (Station 1)-> Task 10: 24.35
		Vehicle arrival at task: 580.4100000000001
		Waiting time until service start time: 0.0

	id: 10
		node: 5
		(x, y, z): (30, 60, 0)
		dem: 16
		earl: 577
		lat: 632
		servt: 10
		pid: 0
		did: 32
		servST: 580.4100000000001
		(h, h_ind): (2, 6)
		load: 57.0

	Finished service at time: 590.4100000000001

	Task 10 -> Task 32: 10.3
	Vehicle arrival at task: 600.71
	Waiting time until service start time: 0.0

	id: 32
		node: 17
		(x, y, z): (35, 69, 0)
		dem: -16
		earl: 0
		lat: 956
		servt: 10
		pid: 10
		did: 0
		servST: 600.71
		(h, h_ind): (-1, 0)
		load: 41.0

	Finished service at time: 610.71

	Task 32 -> Task 68: 36.62
	Vehicle arrival at task: 647.33
	Waiting time until service start time: 0.0

	id: 68
		node: 16
		(x, y, z): (56, 39, 0)
		dem: -13
		earl: 637
		lat: 752
		servt: 10
		pid: 3
		did: 0
		servST: 647.33
		(h, h_ind): (-1, 0)
		load: 28.0

	Finished service at time: 657.33

	Using Machine: 1
		Task 68 -> Machine 1 (Station 1): 14.14
		Vehicle arrival at machine station: 671.47
		Waiting time until machine travel: 0.0

		Machine travel start time: 671.47
		Region 0 -> Region 1: 5.0
		Machine arrival at machine station: 676.47

		Machine 1 (Station 2)-> Task 98: 28.02
		Vehicle arrival at task: 704.49
		Waiting time until service start time: 0.0

	id: 98
		node: 22
		(x, y, z): (19, 21, 1)
		dem: -9
		earl: 0
		lat: 968
		servt: 10
		pid: 20
		did: 0
		servST: 704.49
		(h, h_ind): (1, 1)
		load: 19.0

	Finished service at time: 714.49

	Using Machine: 2
		Task 98 -> Machine 2 (Station 2): 24.84
		Vehicle arrival at machine station: 739.33
		Waiting time until machine travel: 0.0

		Machine travel start time: 739.33
		Region 1 -> Region 2: 5.0
		Machine arrival at machine station: 744.33

		Machine 2 (Station 3)-> Task 13: 14.42
		Vehicle arrival at task: 758.75
		Waiting time until service start time: 0.0

	id: 13
		node: 18
		(x, y, z): (30, 25, 2)
		dem: -12
		earl: 690
		lat: 827
		servt: 10
		pid: 11
		did: 0
		servST: 758.75
		(h, h_ind): (2, 7)
		load: 7.0

	Finished service at time: 768.75

	Using Machine: 1
		Task 13 -> Machine 1 (Station 3): 16.97
		Vehicle arrival at machine station: 785.72
		Waiting time until machine travel: 0.0

		Machine travel start time: 785.72
		Region 2 -> Region 0: 10.0
		Machine arrival at machine station: 795.72

		Machine 1 (Station 1)-> Task 25: 28.6
		Vehicle arrival at task: 824.32
		Waiting time until service start time: 0.0

	id: 25
		node: 12
		(x, y, z): (65, 20, 0)
		dem: 6
		earl: 817
		lat: 956
		servt: 10
		pid: 0
		did: 24
		servST: 824.32
		(h, h_ind): (1, 2)
		load: 13.0

	Finished service at time: 834.32

	Using Machine: 1
		Task 25 -> Machine 1 (Station 1): 28.6
		Vehicle arrival at machine station: 862.9200000000001
		Waiting time until machine travel: 0.0

		Machine travel start time: 862.9200000000001
		Region 0 -> Region 2: 10.0
		Machine arrival at machine station: 872.9200000000001

		Machine 1 (Station 3)-> Task 58: 12.53
		Vehicle arrival at task: 885.45
		Waiting time until service start time: 0.0

	id: 58
		node: 15
		(x, y, z): (36, 26, 2)
		dem: -7
		earl: 849
		lat: 980
		servt: 10
		pid: 2
		did: 0
		servST: 885.45
		(h, h_ind): (1, 3)
		load: 6.0

	Finished service at time: 895.45

	Using Machine: 1
		Task 58 -> Machine 1 (Station 3): 12.53
		Vehicle arrival at machine station: 907.98
		Waiting time until machine travel: 0.0

		Machine travel start time: 907.98
		Region 2 -> Region 3: 5.0
		Machine arrival at machine station: 912.98

		Machine 1 (Station 4)-> Task 24: 23.09
		Vehicle arrival at task: 936.07
		Waiting time until service start time: 0.0

	id: 24
		node: 24
		(x, y, z): (65, 35, 3)
		dem: -6
		earl: 0
		lat: 960
		servt: 10
		pid: 25
		did: 0
		servST: 936.07
		(h, h_ind): (1, 4)
		load: 0.0

	Finished service at time: 946.07

	Using Machine: 1
		Task 24 -> Machine 1 (Station 4): 23.09
		Vehicle arrival at machine station: 969.1600000000001
		Waiting time until machine travel: 0.0

		Machine travel start time: 969.1600000000001
		Region 3 -> Region 0: 15.0
		Machine arrival at machine station: 984.1600000000001

		Machine 1 (Station 1)-> Task 0: 7.28
		Vehicle arrival at task: 991.44
		Waiting time until service start time: 0.0

	id: 0
		node: 26
		(x, y, z): (35, 35, 0)
		dem: 0
		earl: 0
		lat: 1000
		servt: 0
		pid: 0
		did: 0
		servST: 991.44
		(h, h_ind): (1, 5)
		load: 0.0


---------------------| MACHINES |---------------------

Machine 0 :
	setup duration: 15.0

	vehicle: 2
	vehicleInd: 6
	(orig, dest): (67, 0)
	(origRegion, destRegion): (3, 0)
	st: 398.87
	duration: 15.0


Machine 1 :
	setup duration: 0.0

	vehicle: 10
	vehicleInd: 17
	(orig, dest): (68, 98)
	(origRegion, destRegion): (0, 1)
	st: 671.47
	duration: 5.0

	setup duration: 5.0

	vehicle: 10
	vehicleInd: 19
	(orig, dest): (13, 25)
	(origRegion, destRegion): (2, 0)
	st: 785.72
	duration: 10.0

	setup duration: 0.0

	vehicle: 10
	vehicleInd: 20
	(orig, dest): (25, 58)
	(origRegion, destRegion): (0, 2)
	st: 862.9200000000001
	duration: 10.0

	setup duration: 0.0

	vehicle: 10
	vehicleInd: 21
	(orig, dest): (58, 24)
	(origRegion, destRegion): (2, 3)
	st: 907.98
	duration: 5.0

	setup duration: 0.0

	vehicle: 10
	vehicleInd: 22
	(orig, dest): (24, 0)
	(origRegion, destRegion): (3, 0)
	st: 969.1600000000001
	duration: 15.0


Machine 2 :
	setup duration: 0.0

	vehicle: 10
	vehicleInd: 2
	(orig, dest): (0, 19)
	(origRegion, destRegion): (0, 1)
	st: 23.690000000000033
	duration: 5.0

	setup duration: 5.0

	vehicle: 2
	vehicleInd: 3
	(orig, dest): (18, 83)
	(origRegion, destRegion): (0, 2)
	st: 194.01999999999998
	duration: 10.0

	setup duration: 0.0

	vehicle: 2
	vehicleInd: 4
	(orig, dest): (83, 15)
	(origRegion, destRegion): (2, 3)
	st: 262.02
	duration: 5.0

	setup duration: 10.0

	vehicle: 10
	vehicleInd: 9
	(orig, dest): (2, 11)
	(origRegion, destRegion): (1, 2)
	st: 286.71
	duration: 5.0

	setup duration: 0.0

	vehicle: 10
	vehicleInd: 10
	(orig, dest): (11, 6)
	(origRegion, destRegion): (2, 3)
	st: 395.24
	duration: 5.0

	setup duration: 0.0

	vehicle: 10
	vehicleInd: 14
	(orig, dest): (20, 10)
	(origRegion, destRegion): (3, 0)
	st: 541.0600000000001
	duration: 15.0

	setup duration: 5.0

	vehicle: 10
	vehicleInd: 18
	(orig, dest): (98, 13)
	(origRegion, destRegion): (1, 2)
	st: 739.33
	duration: 5.0


-------------------| COMPL. TIMES |-------------------

Vehicle 0 : 0.0
Vehicle 1 : 0.0
Vehicle 2 : 269.3
Vehicle 3 : 0.0
Vehicle 4 : 0.0
Vehicle 5 : 0.0
Vehicle 6 : 0.0
Vehicle 7 : 0.0
Vehicle 8 : 0.0
Vehicle 9 : 0.0
Vehicle 10 : 971.36
Vehicle 11 : 0.0
-------------------| STATISTICS |-------------------

    Vehicles used                           : 16.6667
    Machines used                           : 100.0
    Max load (vehicles)                     : 100.0
    Min load (vehicles)                     : 20.6897
    Mean load (vehicles)                    : 60.3448
    Min completion time                     : 26.93
    Max completion time                     : 97.136
    Mean completion time                    : 62.033
    Avrg travel time (with vehicle)         : 5.0
    Avrg travel time (only with vehicle)    : 3.6667
    Avrg travel time (no vehicle)           : 1.3333
    Avrg waiting time (machine travel)      : 1.3872
    Avrg waiting time (service)             : 1.3872
    Machines travel times (with vehicle)    : [3.0, 5.0, 7.0]
    Machines travel times (no vehicle)      : [1.5, 0.5, 2.0]
    Max load per vehicle                    : [0.0, 0.0, 20.6897, 0.0, 0.0, 0.0, 0.0, 0.0, 0.0, 0.0, 100.0, 0.0]

----------------------------------------------------

TOTAL: 1240.66

Everything is awesome!
