-------------------| STATISTICS |-------------------

Vehicles used                           : 20.0
Machines used                           : 100.0
Max load (vehicles)                     : 94.7368
Min load (vehicles)                     : 86.8421
Mean load (vehicles)                    : 90.7895
Min completion time                     : 32.204
Max completion time                     : 48.819
Mean completion time                    : 40.5115
Avrg travel time (with vehicle)         : 1.8747
Avrg travel time (only with vehicle)    : 1.588
Avrg travel time (no vehicle)           : 0.2867
Avrg waiting time (machine travel)      : 0.0
Avrg waiting time (service)             : 3.8151
Machines travel times (with vehicle)    : [1.02, 1.72, 2.884]
Machines travel times (no vehicle)      : [0.0, 0.86, 0.0]
Max load per vehicle                    : [0.0, 94.7368, 0.0, 86.8421, 0.0, 0.0, 0.0, 0.0, 0.0, 0.0]

----------------------------------------------------

TOTAL: 810.23

Everything is awesome!
