Set parameter WLSAccessID
Set parameter WLSSecret
Set parameter LicenseID to value 2661775
Academic license 2661775 - for non-commercial use only - registered to me___@dcc.ufba.br
Loading line 2: methodType heur
Loading line 3: methodCode mslp
Loading line 4: seed 0
Loading line 5: threads 1
Loading line 6: greedy_service_order random
Loading line 7: outputFlagGrbMSLP 0
Loading line 8: mslpa 60000
Loading line 9: mslpr I
Loading line 10: maxtime 3600
Loading line 11: output ./logs/
Loading line 12: printsol 1
Loading line 13: solverMethod A
Loading line 14: alpha 0.05 # selected from preliminary experiments
Instance: lr105_t1_08R_08V_02F_04M

[04:21:52.325] Running Data.readData with file /dados/rmelo/PDPTW-SE/benchmark_multi_floor_v3/official_experiments/multistartlp/official/set_01_pt_02/../../../../instances/orig_ams_fg/08R_08V_02F_04M/t1/lr105/
vehicles: Vehicle[Vehicle(0, 34), Vehicle(1, 43), Vehicle(2, 52), Vehicle(3, 52), Vehicle(4, 43), Vehicle(5, 52), Vehicle(6, 52), Vehicle(7, 34)]
vehicle_types: Vehicle[Vehicle(0, 34), Vehicle(1, 43), Vehicle(2, 52)]
Machine[Machine(0, Point[Point(34, 39, 0), Point(34, 39, 1)], 0.2), Machine(1, Point[Point(36, 39, 0), Point(36, 39, 1)], 0.2), Machine(2, Point[Point(32, 39, 0), Point(32, 39, 1)], 0.2), Machine(3, Point[Point(38, 39, 0), Point(38, 39, 1)], 0.2)]
refs: [1, 2, 3, 4, 5, 6, 7, 8, 10, 12, 15, 9, 14, 11, 16, 17, 13, 1]
V: [1, 2, 3, 4, 5, 6, 7, 8, 9, 10, 11, 12, 13, 14, 15, 16, 17]
V_p: [2, 3, 4, 5, 6, 7, 8, 9]
V_d: [10, 11, 12, 13, 14, 15, 16, 17]
Vprime: [1, 2, 3, 4, 5, 6, 7, 8, 9, 10, 11, 12, 13, 14, 15, 16, 17, 18]
V: [1, 2, 3, 4, 5, 6, 7, 8, 9, 10, 11, 12, 13, 14, 15, 16, 17]
q: [0, 7, 13, 26, 16, 19, 20, 8, 2, -7, -13, -26, -16, -19, -20, -8, -2, 0]
H: [1, 2, 3, 4]
f: [[1, 1, 1, 1], [2, 2, 2, 2], [1, 1, 1, 1], [1, 1, 1, 1], [2, 2, 2, 2], [1, 1, 1, 1], [2, 2, 2, 2], [1, 1, 1, 1], [1, 1, 1, 1], [1, 1, 1, 1], [2, 2, 2, 2], [1, 1, 1, 1], [2, 2, 2, 2], [2, 2, 2, 2], [2, 2, 2, 2], [1, 1, 1, 1], [2, 2, 2, 2], [1, 1, 1, 1]]
1 1 1 -> 0.0
1 2 1 -> 5.0
2 1 1 -> 5.0
2 2 1 -> 0.0
1 1 2 -> 0.0
1 2 2 -> 5.0
2 1 2 -> 5.0
2 2 2 -> 0.0
1 1 3 -> 0.0
1 2 3 -> 5.0
2 1 3 -> 5.0
2 2 3 -> 0.0
1 1 4 -> 0.0
1 2 4 -> 5.0
2 1 4 -> 5.0
2 2 4 -> 0.0
o: (1, 2, 1) => 5.0
o: (1, 2, 3) => 5.0
o: (1, 1, 2) => 0.0
o: (2, 1, 4) => 5.0
o: (1, 2, 2) => 5.0
o: (2, 1, 1) => 5.0
o: (2, 1, 3) => 5.0
o: (2, 2, 4) => 0.0
o: (2, 2, 1) => 0.0
o: (2, 2, 3) => 0.0
o: (2, 1, 2) => 5.0
o: (1, 1, 4) => 0.0
o: (1, 1, 1) => 0.0
o: (1, 1, 3) => 0.0
o: (1, 2, 4) => 5.0
o: (2, 2, 2) => 0.0

[79, 330, 320, 294, 284, 289, 254, 6]
JOBS in the order of refs (Vprime)
Node 1: Job(0, Point(35, 35, 0), 0, 0, 243, 0, 0, 0)
Node 2: Job(2, Point(35, 17, 1), 7, 40, 70, 10, 0, 57)
Node 3: Job(3, Point(55, 45, 0), 13, 106, 136, 10, 0, 80)
Node 4: Job(5, Point(15, 30, 0), 26, 24, 54, 10, 0, 16)
Node 5: Job(9, Point(55, 60, 1), 16, 87, 117, 10, 0, 66)
Node 6: Job(12, Point(50, 35, 0), 19, 53, 83, 10, 0, 29)
Node 7: Job(14, Point(15, 10, 1), 20, 32, 62, 10, 0, 86)
Node 8: Job(15, Point(30, 5, 0), 8, 51, 81, 10, 0, 87)
Node 9: Job(17, Point(5, 30, 0), 2, 147, 177, 10, 0, 60)
Node 10: Job(57, Point(32, 12, 0), -7, 91, 121, 10, 2, 0)
Node 11: Job(80, Point(56, 37, 1), -13, 168, 198, 10, 3, 0)
Node 12: Job(16, Point(10, 20, 0), -26, 65, 95, 10, 5, 0)
Node 13: Job(66, Point(49, 73, 1), -16, 117, 147, 10, 9, 0)
Node 14: Job(29, Point(64, 42, 1), -19, 81, 111, 10, 12, 0)
Node 15: Job(86, Point(4, 18, 1), -20, 84, 114, 10, 14, 0)
Node 16: Job(87, Point(28, 18, 0), -8, 83, 113, 10, 15, 0)
Node 17: Job(60, Point(17, 34, 1), -2, 177, 207, 10, 17, 0)
Node 18: Job(0, Point(35, 35, 0), 0, 0, 243, 0, 0, 0)

### Preprocessing Data ###
	-> arcs: 324 (100.0%)
	-> arc_removals: 293 (90.43%)
	-> arc_removals_is_loop: 18 (5.56%)
	-> arc_removals_is_delivery_to_pickup: 10 (3.09%)
	-> arc_removals_is_depot_begin_to_delivery: 8 (2.47%)
	-> arc_removals_is_pickup_to_depot_end: 8 (2.47%)
	-> arc_removals_is_dest_depot_begin: 16 (4.94%)
	-> arc_removals_is_orig_depot_end: 15 (4.63%)
	-> arc_removals_is_capacity_violated: 0 (0.0%)
	-> arc_removals_is_time_window_limited: 160 (49.38%)
	-> arc_removals_is_time_window_pairing_limited: 57 (17.59%)
	-> arc_removals_is_indirect_request_service_impossible: 1 (0.31%)
	-> gamma_vars: 0 (0%)
	-> feas_gamma_vars: 0 (0%)
	-> infeas_gamma_vars_is_next_mtrv_unreachable: 0 (0%)
	-> infeas_gamma_vars_is_iprime_jprime_eq_i_j: 0 (0%)
	-> machine_removal_for_an_arc: 0 (0.0%)
##########################

[04:22:05.507] Print configuration
------------------------------------------------------
"
[04:22:05.507] Running Multi Start Heuristic"
> Experiment started at 2025-10-16T04:22:05.507
> Instance: lr105_t1_08R_08V_02F_04M
> Algorithm Parameters:


	>Stop params:
		>  - rule ITERATIONS
		>  - argument 60000.0
		>  - maximum_time 3600

	>General params:
		>  - instPath /dados/rmelo/PDPTW-SE/benchmark_multi_floor_v3/official_experiments/multistartlp/official/set_01_pt_02/../../../../instances/orig_ams_fg/08R_08V_02F_04M/t1/lr105/
		>  - name lr105
		>  - type t1
		>  - group 08R_08V_02F_04M
		>  - fullname lr105_t1_08R_08V_02F_04M
		>  - methodType heur
		>  - methodCode mslp
		>  - genconfigfile /dados/rmelo/PDPTW-SE/benchmark_multi_floor_v3/official_experiments/multistartlp/official/set_01_pt_02/configs/genconfig_mslp.conf
		>  - genconfigfilename genconfig_mslp
		>  - greedy_service_order random
		>  - cutoff 0
		>  - cutoffmachs 4
		>  - num_machs 0
		>  - solver Gurobi
		>  - maxtime 3600
		>  - gurobiCuts 1
		>  - typeUserCut 0
		>  - mipPresolve -1
		>  - printsol 1
		>  - maxnodes -1
		>  - elevator 1
		>  - make_instance_feasible false
		>  - output /dados/rmelo/PDPTW-SE/benchmark_multi_floor_v3/official_experiments/multistartlp/official/set_01_pt_02/logs
		>  - suff_outputs _seed_177
		>  - suff_csv _bash_5
		>  - epsilon 0.005
		>  - epsilonCap 0.5
		>  - warmStart false
		>  - seed 177
		>  - rng Random.MersenneTwister(177)
		>  - alpha 0.05
		>  - maxiter 1000000
		>  - outputFlagGrbMIP 0
		>  - outputFlagGrbMSLP 0
		>  - outputFlagGrbLMNS 0
		>  - mslpr I
		>  - mslpa 60000
		>  - lmnsr M
		>  - lmnsa 60
		>  - lmnsRepairTime 30.0
		>  - lmnsMIPFocus 0
		>  - lmnsGapToBiggerDestruction 50
		>  - lmnsGapToSmallerDestruction 95
		>  - lmnsWeightShawDistProx 1.0
		>  - lmnsWeightShawEarlProx 1.0
		>  - lmnsWeightShawSameRoute 1.0
		>  - lmnsWeightShawDemandSim 1.0
		>  - lmnsReqRApplyMIPStart true
		>  - lmnsAcceptanceCriteria H
		>  - lmnsMetropolisTemp 100.0
		>  - lmnsSimulatedAnnealingTemp 100.0
		>  - lmnsSimulatedAnnealingCool 0.95
		>  - mipmaxtime 3600
		>  - csvfilename /dados/rmelo/PDPTW-SE/benchmark_multi_floor_v3/official_experiments/multistartlp/official/set_01_pt_02/logs/heur_mslp/outputs/csvresults_heur_mslp_bash_5.csv
		>  - solfilename /dados/rmelo/PDPTW-SE/benchmark_multi_floor_v3/official_experiments/multistartlp/official/set_01_pt_02/logs/heur_mslp/solutions/08R_08V_02F_04M/lr105_sol_genconfig_mslp_seed_177.txt
		>  - timelineFilename /dados/rmelo/PDPTW-SE/benchmark_multi_floor_v3/official_experiments/multistartlp/official/set_01_pt_02/logs/heur_mslp/timelines/08R_08V_02F_04M/lr105_timeline_genconfig_mslp_seed_177.txt
		>  - grbFilename /dados/rmelo/PDPTW-SE/benchmark_multi_floor_v3/official_experiments/multistartlp/official/set_01_pt_02/logs/heur_mslp/gurobi/08R_08V_02F_04M/lr105_grb_genconfig_mslp_seed_177.log
		>  - threads 1
		>  - solverMethod AUTOMATIC

------------------------------------------------------

[04:22:05.646] Starting running MSLP
objValue;greedysol;iteration;time
861.30;1033.70;1;0.003360
858.77;1031.17;3;0.430912

[04:25:25.261] Finished running MSLP
System CPU time: 45.87 seconds

[04:25:25.354] Post running MSLP
Best solution value: 858.77
Total time elapsed: 152.195700
Time to best: 0.430912
Iterations: 60000
Iterations to best: 3
Improvements: 2
Infeasible solutions percentage: (0 / 60000) = 0.0000 %
(LP improvements)/(LP runs) = 60000/60000 = 100.0000 %
Mean LP improvement percentage: 17.0886 %
[04:25:25.686] Writing results to CSV file: /dados/rmelo/PDPTW-SE/benchmark_multi_floor_v3/official_experiments/multistartlp/official/set_01_pt_02/logs/heur_mslp/outputs/csvresults_heur_mslp_bash_5.csv

[04:25:28.447] Saving solution to file:/dados/rmelo/PDPTW-SE/benchmark_multi_floor_v3/official_experiments/multistartlp/official/set_01_pt_02/logs/heur_mslp/solutions/08R_08V_02F_04M/lr105_sol_genconfig_mslp_seed_177.txt

[04:25:28.447] Saving solution timeline to file: /dados/rmelo/PDPTW-SE/benchmark_multi_floor_v3/official_experiments/multistartlp/official/set_01_pt_02/logs/heur_mslp/timelines/08R_08V_02F_04M/lr105_timeline_genconfig_mslp_seed_177.txt
---------------------| VEHICLES |---------------------

Vehicle 1 :
	id: 0
		node: 1
		(x, y, z): (35, 35, 0)
		dem: 0
		earl: 0
		lat: 243
		servt: 0
		pid: 0
		did: 0
		servST: 23.2
		(h, h_ind): (-1, 0)
		load: 0.0

	Finished service at time: 23.2

	Task 0 -> Task 5: 20.62
	Vehicle arrival at task: 43.82
	Waiting time until service start time: 0.0

	id: 5
		node: 4
		(x, y, z): (15, 30, 0)
		dem: 26
		earl: 24
		lat: 54
		servt: 10
		pid: 0
		did: 16
		servST: 43.82
		(h, h_ind): (-1, 0)
		load: 26.0

	Finished service at time: 53.82

	Task 5 -> Task 16: 11.18
	Vehicle arrival at task: 65.0
	Waiting time until service start time: 0.0

	id: 16
		node: 12
		(x, y, z): (10, 20, 0)
		dem: -26
		earl: 65
		lat: 95
		servt: 10
		pid: 5
		did: 0
		servST: 65.0
		(h, h_ind): (-1, 0)
		load: 0.0

	Finished service at time: 75.0

	Task 16 -> Task 0: 29.15
	Vehicle arrival at task: 104.15
	Waiting time until service start time: 0.0

	id: 0
		node: 18
		(x, y, z): (35, 35, 0)
		dem: 0
		earl: 0
		lat: 243
		servt: 0
		pid: 0
		did: 0
		servST: 104.15
		(h, h_ind): (-1, 0)
		load: 0.0


Vehicle 2 :
	id: 0
		node: 1
		(x, y, z): (35, 35, 0)
		dem: 0
		earl: 0
		lat: 243
		servt: 0
		pid: 0
		did: 0
		servST: 29.44
		(h, h_ind): (-1, 0)
		load: 0.0

	Finished service at time: 29.44

	Task 0 -> Task 15: 30.41
	Vehicle arrival at task: 59.85
	Waiting time until service start time: 0.0

	id: 15
		node: 8
		(x, y, z): (30, 5, 0)
		dem: 8
		earl: 51
		lat: 81
		servt: 10
		pid: 0
		did: 87
		servST: 59.85
		(h, h_ind): (-1, 0)
		load: 8.0

	Finished service at time: 69.85

	Task 15 -> Task 87: 13.15
	Vehicle arrival at task: 83.0
	Waiting time until service start time: 0.0

	id: 87
		node: 16
		(x, y, z): (28, 18, 0)
		dem: -8
		earl: 83
		lat: 113
		servt: 10
		pid: 15
		did: 0
		servST: 83.0
		(h, h_ind): (-1, 0)
		load: 0.0

	Finished service at time: 93.0

	Task 87 -> Task 3: 38.18
	Vehicle arrival at task: 131.18
	Waiting time until service start time: 0.0

	id: 3
		node: 3
		(x, y, z): (55, 45, 0)
		dem: 13
		earl: 106
		lat: 136
		servt: 10
		pid: 0
		did: 80
		servST: 131.18
		(h, h_ind): (-1, 0)
		load: 13.0

	Finished service at time: 141.18

	Using Machine: 3
		Task 3 -> Machine 3 (Station 1): 18.03
		Vehicle arrival at machine station: 159.21
		Waiting time until machine travel: 0.0

		Machine travel start time: 159.21
		Region 0 -> Region 1: 5.0
		Machine arrival at machine station: 164.21

		Machine 3 (Station 2)-> Task 80: 18.11
		Vehicle arrival at task: 182.32
		Waiting time until service start time: 0.0

	id: 80
		node: 11
		(x, y, z): (56, 37, 1)
		dem: -13
		earl: 168
		lat: 198
		servt: 10
		pid: 3
		did: 0
		servST: 182.32
		(h, h_ind): (3, 4)
		load: 0.0

	Finished service at time: 192.32

	Using Machine: 3
		Task 80 -> Machine 3 (Station 2): 18.11
		Vehicle arrival at machine station: 210.43
		Waiting time until machine travel: 0.0

		Machine travel start time: 210.43
		Region 1 -> Region 0: 5.0
		Machine arrival at machine station: 215.43

		Machine 3 (Station 1)-> Task 0: 5.0
		Vehicle arrival at task: 220.43
		Waiting time until service start time: 0.0

	id: 0
		node: 18
		(x, y, z): (35, 35, 0)
		dem: 0
		earl: 0
		lat: 243
		servt: 0
		pid: 0
		did: 0
		servST: 220.43
		(h, h_ind): (3, 5)
		load: 0.0


Vehicle 3 :
	id: 0
		node: 1
		(x, y, z): (35, 35, 0)
		dem: 0
		earl: 0
		lat: 243
		servt: 0
		pid: 0
		did: 0
		servST: 42.18
		(h, h_ind): (-1, 0)
		load: 0.0

	Finished service at time: 42.18

	Task 0 -> Task 12: 15.0
	Vehicle arrival at task: 57.18
	Waiting time until service start time: 0.0

	id: 12
		node: 6
		(x, y, z): (50, 35, 0)
		dem: 19
		earl: 53
		lat: 83
		servt: 10
		pid: 0
		did: 29
		servST: 57.18
		(h, h_ind): (-1, 0)
		load: 19.0

	Finished service at time: 67.18

	Using Machine: 3
		Task 12 -> Machine 3 (Station 1): 12.65
		Vehicle arrival at machine station: 79.83000000000001
		Waiting time until machine travel: -0.0

		Machine travel start time: 79.83
		Region 0 -> Region 1: 5.0
		Machine arrival at machine station: 84.83

		Machine 3 (Station 2)-> Task 29: 26.17
		Vehicle arrival at task: 111.0
		Waiting time until service start time: 0.0

	id: 29
		node: 14
		(x, y, z): (64, 42, 1)
		dem: -19
		earl: 81
		lat: 111
		servt: 10
		pid: 12
		did: 0
		servST: 111.0
		(h, h_ind): (3, 2)
		load: 0.0

	Finished service at time: 121.0

	Using Machine: 3
		Task 29 -> Machine 3 (Station 2): 26.17
		Vehicle arrival at machine station: 147.17000000000002
		Waiting time until machine travel: 0.0

		Machine travel start time: 147.17000000000002
		Region 1 -> Region 0: 5.0
		Machine arrival at machine station: 152.17000000000002

		Machine 3 (Station 1)-> Task 0: 5.0
		Vehicle arrival at task: 157.17000000000002
		Waiting time until service start time: 0.0

	id: 0
		node: 18
		(x, y, z): (35, 35, 0)
		dem: 0
		earl: 0
		lat: 243
		servt: 0
		pid: 0
		did: 0
		servST: 157.17000000000002
		(h, h_ind): (3, 3)
		load: 0.0


Vehicle 4 :
	id: 0
		node: 1
		(x, y, z): (35, 35, 0)
		dem: 0
		earl: 0
		lat: 243
		servt: 0
		pid: 0
		did: 0
		servST: 16.78
		(h, h_ind): (-1, 0)
		load: 0.0

	Finished service at time: 16.78

	Using Machine: 2
		Task 0 -> Machine 2 (Station 1): 5.0
		Vehicle arrival at machine station: 21.78
		Waiting time until machine travel: 0.0

		Machine travel start time: 21.78
		Region 0 -> Region 1: 5.0
		Machine arrival at machine station: 26.78

		Machine 2 (Station 2)-> Task 14: 33.62
		Vehicle arrival at task: 60.4
		Waiting time until service start time: 0.0

	id: 14
		node: 7
		(x, y, z): (15, 10, 1)
		dem: 20
		earl: 32
		lat: 62
		servt: 10
		pid: 0
		did: 86
		servST: 60.4
		(h, h_ind): (2, 1)
		load: 20.0

	Finished service at time: 70.4

	Task 14 -> Task 86: 13.6
	Vehicle arrival at task: 84.0
	Waiting time until service start time: 0.0

	id: 86
		node: 15
		(x, y, z): (4, 18, 1)
		dem: -20
		earl: 84
		lat: 114
		servt: 10
		pid: 14
		did: 0
		servST: 84.0
		(h, h_ind): (-1, 0)
		load: 0.0

	Finished service at time: 94.0

	Using Machine: 2
		Task 86 -> Machine 2 (Station 2): 35.0
		Vehicle arrival at machine station: 129.0
		Waiting time until machine travel: 0.0

		Machine travel start time: 129.0
		Region 1 -> Region 0: 5.0
		Machine arrival at machine station: 134.0

		Machine 2 (Station 1)-> Task 0: 5.0
		Vehicle arrival at task: 139.0
		Waiting time until service start time: 0.0

	id: 0
		node: 18
		(x, y, z): (35, 35, 0)
		dem: 0
		earl: 0
		lat: 243
		servt: 0
		pid: 0
		did: 0
		servST: 139.0
		(h, h_ind): (2, 2)
		load: 0.0


Vehicle 6 :
	id: 0
		node: 1
		(x, y, z): (35, 35, 0)
		dem: 0
		earl: 0
		lat: 243
		servt: 0
		pid: 0
		did: 0
		servST: 9.319999999999993
		(h, h_ind): (-1, 0)
		load: 0.0

	Finished service at time: 9.319999999999993

	Using Machine: 0
		Task 0 -> Machine 0 (Station 1): 4.12
		Vehicle arrival at machine station: 13.439999999999994
		Waiting time until machine travel: 0.0

		Machine travel start time: 13.439999999999994
		Region 0 -> Region 1: 5.0
		Machine arrival at machine station: 18.439999999999994

		Machine 0 (Station 2)-> Task 2: 22.02
		Vehicle arrival at task: 40.459999999999994
		Waiting time until service start time: 0.0

	id: 2
		node: 2
		(x, y, z): (35, 17, 1)
		dem: 7
		earl: 40
		lat: 70
		servt: 10
		pid: 0
		did: 57
		servST: 40.459999999999994
		(h, h_ind): (0, 1)
		load: 7.0

	Finished service at time: 50.459999999999994

	Using Machine: 0
		Task 2 -> Machine 0 (Station 2): 22.02
		Vehicle arrival at machine station: 72.47999999999999
		Waiting time until machine travel: 0.0

		Machine travel start time: 72.47999999999999
		Region 1 -> Region 0: 5.0
		Machine arrival at machine station: 77.47999999999999

		Machine 0 (Station 1)-> Task 57: 27.07
		Vehicle arrival at task: 104.54999999999998
		Waiting time until service start time: 0.0

	id: 57
		node: 10
		(x, y, z): (32, 12, 0)
		dem: -7
		earl: 91
		lat: 121
		servt: 10
		pid: 2
		did: 0
		servST: 104.55
		(h, h_ind): (0, 2)
		load: 0.0

	Finished service at time: 114.55

	Task 57 -> Task 17: 32.45
	Vehicle arrival at task: 147.0
	Waiting time until service start time: 0.0

	id: 17
		node: 9
		(x, y, z): (5, 30, 0)
		dem: 2
		earl: 147
		lat: 177
		servt: 10
		pid: 0
		did: 60
		servST: 147.0
		(h, h_ind): (-1, 0)
		load: 2.0

	Finished service at time: 157.0

	Using Machine: 2
		Task 17 -> Machine 2 (Station 1): 28.46
		Vehicle arrival at machine station: 185.46
		Waiting time until machine travel: 0.0

		Machine travel start time: 185.46
		Region 0 -> Region 1: 5.0
		Machine arrival at machine station: 190.46

		Machine 2 (Station 2)-> Task 60: 15.81
		Vehicle arrival at task: 206.27
		Waiting time until service start time: 0.0

	id: 60
		node: 17
		(x, y, z): (17, 34, 1)
		dem: -2
		earl: 177
		lat: 207
		servt: 10
		pid: 17
		did: 0
		servST: 206.27
		(h, h_ind): (2, 3)
		load: 0.0

	Finished service at time: 216.27

	Using Machine: 2
		Task 60 -> Machine 2 (Station 2): 15.81
		Vehicle arrival at machine station: 232.08
		Waiting time until machine travel: 0.0

		Machine travel start time: 232.08
		Region 1 -> Region 0: 5.0
		Machine arrival at machine station: 237.08

		Machine 2 (Station 1)-> Task 0: 5.0
		Vehicle arrival at task: 242.08
		Waiting time until service start time: 0.0

	id: 0
		node: 18
		(x, y, z): (35, 35, 0)
		dem: 0
		earl: 0
		lat: 243
		servt: 0
		pid: 0
		did: 0
		servST: 242.08
		(h, h_ind): (2, 4)
		load: 0.0


Vehicle 7 :
	id: 0
		node: 1
		(x, y, z): (35, 35, 0)
		dem: 0
		earl: 0
		lat: 243
		servt: 0
		pid: 0
		did: 0
		servST: 55.66000000000001
		(h, h_ind): (-1, 0)
		load: 0.0

	Finished service at time: 55.66000000000001

	Using Machine: 3
		Task 0 -> Machine 3 (Station 1): 5.0
		Vehicle arrival at machine station: 60.66000000000001
		Waiting time until machine travel: 0.0

		Machine travel start time: 60.66000000000001
		Region 0 -> Region 1: 5.0
		Machine arrival at machine station: 65.66000000000001

		Machine 3 (Station 2)-> Task 9: 27.02
		Vehicle arrival at task: 92.68
		Waiting time until service start time: 0.0

	id: 9
		node: 5
		(x, y, z): (55, 60, 1)
		dem: 16
		earl: 87
		lat: 117
		servt: 10
		pid: 0
		did: 66
		servST: 92.68
		(h, h_ind): (3, 1)
		load: 16.0

	Finished service at time: 102.68

	Task 9 -> Task 66: 14.32
	Vehicle arrival at task: 117.0
	Waiting time until service start time: 0.0

	id: 66
		node: 13
		(x, y, z): (49, 73, 1)
		dem: -16
		earl: 117
		lat: 147
		servt: 10
		pid: 9
		did: 0
		servST: 117.0
		(h, h_ind): (-1, 0)
		load: 0.0

	Finished service at time: 127.0

	Using Machine: 1
		Task 66 -> Machine 1 (Station 2): 36.4
		Vehicle arrival at machine station: 163.4
		Waiting time until machine travel: 0.0

		Machine travel start time: 163.4
		Region 1 -> Region 0: 5.0
		Machine arrival at machine station: 168.4

		Machine 1 (Station 1)-> Task 0: 4.12
		Vehicle arrival at task: 172.52
		Waiting time until service start time: 0.0

	id: 0
		node: 18
		(x, y, z): (35, 35, 0)
		dem: 0
		earl: 0
		lat: 243
		servt: 0
		pid: 0
		did: 0
		servST: 172.52
		(h, h_ind): (1, 1)
		load: 0.0


---------------------| MACHINES |---------------------

Machine 0 :
	setup duration: 0.0

	vehicle: 6
	vehicleInd: 2
	(orig, dest): (0, 2)
	(origRegion, destRegion): (0, 1)
	st: 13.439999999999994
	duration: 5.0

	setup duration: 0.0

	vehicle: 6
	vehicleInd: 3
	(orig, dest): (2, 57)
	(origRegion, destRegion): (1, 0)
	st: 72.47999999999999
	duration: 5.0


Machine 1 :
	setup duration: 5.0

	vehicle: 7
	vehicleInd: 4
	(orig, dest): (66, 0)
	(origRegion, destRegion): (1, 0)
	st: 163.4
	duration: 5.0


Machine 2 :
	setup duration: 0.0

	vehicle: 4
	vehicleInd: 2
	(orig, dest): (0, 14)
	(origRegion, destRegion): (0, 1)
	st: 21.78
	duration: 5.0

	setup duration: 0.0

	vehicle: 4
	vehicleInd: 4
	(orig, dest): (86, 0)
	(origRegion, destRegion): (1, 0)
	st: 129.0
	duration: 5.0

	setup duration: 0.0

	vehicle: 6
	vehicleInd: 5
	(orig, dest): (17, 60)
	(origRegion, destRegion): (0, 1)
	st: 185.46
	duration: 5.0

	setup duration: 0.0

	vehicle: 6
	vehicleInd: 6
	(orig, dest): (60, 0)
	(origRegion, destRegion): (1, 0)
	st: 232.08
	duration: 5.0


Machine 3 :
	setup duration: 0.0

	vehicle: 7
	vehicleInd: 2
	(orig, dest): (0, 9)
	(origRegion, destRegion): (0, 1)
	st: 60.66000000000001
	duration: 5.0

	setup duration: 5.0

	vehicle: 3
	vehicleInd: 3
	(orig, dest): (12, 29)
	(origRegion, destRegion): (0, 1)
	st: 79.83
	duration: 5.0

	setup duration: 0.0

	vehicle: 3
	vehicleInd: 4
	(orig, dest): (29, 0)
	(origRegion, destRegion): (1, 0)
	st: 147.17000000000002
	duration: 5.0

	setup duration: 0.0

	vehicle: 2
	vehicleInd: 5
	(orig, dest): (3, 80)
	(origRegion, destRegion): (0, 1)
	st: 159.21
	duration: 5.0

	setup duration: 0.0

	vehicle: 2
	vehicleInd: 6
	(orig, dest): (80, 0)
	(origRegion, destRegion): (1, 0)
	st: 210.43
	duration: 5.0


-------------------| COMPL. TIMES |-------------------

Vehicle 0 : 0.0
Vehicle 1 : 80.95
Vehicle 2 : 190.99
Vehicle 3 : 114.99000000000001
Vehicle 4 : 122.22
Vehicle 5 : 0.0
Vehicle 6 : 232.76000000000002
Vehicle 7 : 116.86
-------------------| STATISTICS |-------------------

    Vehicles used                           : 75.0
    Machines used                           : 100.0
    Max load (vehicles)                     : 60.4651
    Min load (vehicles)                     : 13.4615
    Mean load (vehicles)                    : 38.1726
    Min completion time                     : 33.3128
    Max completion time                     : 95.786
    Mean completion time                    : 58.9005
    Avrg travel time (with vehicle)         : 7.2016
    Avrg travel time (only with vehicle)    : 6.1728
    Avrg travel time (no vehicle)           : 1.0288
    Avrg waiting time (machine travel)      : 0.0
    Avrg waiting time (service)             : 0.0
    Machines travel times (with vehicle)    : [4.1152, 4.1152, 8.2305, 12.3457]
    Machines travel times (no vehicle)      : [0.0, 2.0576, 0.0, 2.0576]
    Max load per vehicle                    : [0.0, 60.4651, 25.0, 36.5385, 46.5116, 0.0, 13.4615, 47.0588]

----------------------------------------------------

TOTAL: 858.77

Everything is awesome!
