-------------------| STATISTICS |-------------------

Vehicles used                           : 13.3333
Machines used                           : 100.0
Max load (vehicles)                     : 97.5
Min load (vehicles)                     : 19.403
Mean load (vehicles)                    : 78.8895
Min completion time                     : 10.3128
Max completion time                     : 92.5483
Mean completion time                    : 59.3682
Avrg travel time (with vehicle)         : 4.1165
Avrg travel time (only with vehicle)    : 2.9698
Avrg travel time (no vehicle)           : 1.1467
Avrg waiting time (machine travel)      : 0.8805
Avrg waiting time (service)             : 14.1086
Machines travel times (with vehicle)    : [3.1085, 8.4702, 5.727, 2.6529, 0.7578, 3.9826]
Machines travel times (no vehicle)      : [1.1657, 2.6469, 1.0107, 1.0611, 0.0, 0.9957]
Max load per vehicle                    : [0.0, 0.0, 0.0, 0.0, 0.0, 0.0, 0.0, 0.0, 0.0, 0.0, 0.0, 0.0, 0.0, 0.0, 0.0, 0.0, 0.0, 96.25, 62.963, 0.0, 97.5, 0.0, 0.0, 0.0, 0.0, 0.0, 0.0, 0.0, 90.0, 90.0, 0.0, 0.0, 0.0, 0.0, 0.0, 0.0, 0.0, 19.403, 0.0, 0.0, 0.0, 0.0, 0.0, 0.0, 0.0, 0.0, 0.0, 91.25, 0.0, 0.0, 0.0, 0.0, 0.0, 0.0, 83.75, 0.0, 0.0, 0.0, 0.0, 0.0]

----------------------------------------------------

TOTAL: 12039.869999999999

Everything is awesome!
