Set parameter WLSAccessID
Set parameter WLSSecret
Set parameter LicenseID to value 2661775
Academic license 2661775 - for non-commercial use only - registered to me___@dcc.ufba.br
Loading line 2: methodType heur
Loading line 3: methodCode mslp
Loading line 4: seed 0
Loading line 5: threads 1
Loading line 6: greedy_service_order random
Loading line 7: outputFlagGrbMSLP 0
Loading line 8: mslpa 60000
Loading line 9: mslpr I
Loading line 10: maxtime 3600
Loading line 11: output ./logs/
Loading line 12: printsol 1
Loading line 13: solverMethod A
Loading line 14: alpha 0.05 # selected from preliminary experiments
Instance: LR1_2_4_t1_40R_40V_02I_05M

[22:30:43.442] Running Data.readData with file /dados/rmelo/PDPTW-SE/benchmark_multi_island_v5/official_experiments/multistartlp/official/set_01_pt_01/../../../../instances/orig_ams_fg/40R_40V_02I_06M/t1/LR1_2_4/
vehicles: Vehicle[Vehicle(0, 58), Vehicle(1, 72), Vehicle(2, 86), Vehicle(3, 58), Vehicle(4, 72), Vehicle(5, 58), Vehicle(6, 58), Vehicle(7, 86), Vehicle(8, 58), Vehicle(9, 86), Vehicle(10, 58), Vehicle(11, 58), Vehicle(12, 72), Vehicle(13, 72), Vehicle(14, 58), Vehicle(15, 58), Vehicle(16, 72), Vehicle(17, 72), Vehicle(18, 86), Vehicle(19, 58), Vehicle(20, 86), Vehicle(21, 72), Vehicle(22, 86), Vehicle(23, 86), Vehicle(24, 72), Vehicle(25, 72), Vehicle(26, 86), Vehicle(27, 72), Vehicle(28, 72), Vehicle(29, 86), Vehicle(30, 72), Vehicle(31, 86), Vehicle(32, 58), Vehicle(33, 86), Vehicle(34, 72), Vehicle(35, 86), Vehicle(36, 58), Vehicle(37, 58), Vehicle(38, 58), Vehicle(39, 86)]
vehicle_types: Vehicle[Vehicle(0, 58), Vehicle(1, 72), Vehicle(2, 86)]
Machine[Machine(0, Point[Point(38, 40, 0), Point(29, 51, 1)], 1.0), Machine(1, Point[Point(39, 41, 0), Point(34, 53, 1)], 1.0), Machine(2, Point[Point(41, 43, 0), Point(28, 51, 1)], 1.0), Machine(3, Point[Point(43, 44, 0), Point(27, 51, 1)], 1.0), Machine(4, Point[Point(45, 46, 0), Point(35, 54, 1)], 1.0)]
refs: [1, 3, 4, 6, 7, 8, 9, 10, 11, 12, 13, 14, 16, 17, 18, 19, 20, 21, 22, 23, 24, 25, 29, 30, 31, 32, 33, 34, 36, 39, 40, 42, 43, 44, 45, 46, 48, 49, 50, 51, 52, 64, 69, 75, 28, 27, 58, 72, 76, 80, 35, 38, 81, 37, 65, 61, 41, 77, 59, 57, 63, 53, 54, 74, 70, 66, 67, 56, 78, 60, 71, 55, 5, 62, 2, 73, 47, 79, 26, 68, 15, 1]
V: [1, 2, 3, 4, 5, 6, 7, 8, 9, 10, 11, 12, 13, 14, 15, 16, 17, 18, 19, 20, 21, 22, 23, 24, 25, 26, 27, 28, 29, 30, 31, 32, 33, 34, 35, 36, 37, 38, 39, 40, 41, 42, 43, 44, 45, 46, 47, 48, 49, 50, 51, 52, 53, 54, 55, 56, 57, 58, 59, 60, 61, 62, 63, 64, 65, 66, 67, 68, 69, 70, 71, 72, 73, 74, 75, 76, 77, 78, 79, 80, 81]
V_p: [2, 3, 4, 5, 6, 7, 8, 9, 10, 11, 12, 13, 14, 15, 16, 17, 18, 19, 20, 21, 22, 23, 24, 25, 26, 27, 28, 29, 30, 31, 32, 33, 34, 35, 36, 37, 38, 39, 40, 41]
V_d: [42, 43, 44, 45, 46, 47, 48, 49, 50, 51, 52, 53, 54, 55, 56, 57, 58, 59, 60, 61, 62, 63, 64, 65, 66, 67, 68, 69, 70, 71, 72, 73, 74, 75, 76, 77, 78, 79, 80, 81]
Vprime: [1, 2, 3, 4, 5, 6, 7, 8, 9, 10, 11, 12, 13, 14, 15, 16, 17, 18, 19, 20, 21, 22, 23, 24, 25, 26, 27, 28, 29, 30, 31, 32, 33, 34, 35, 36, 37, 38, 39, 40, 41, 42, 43, 44, 45, 46, 47, 48, 49, 50, 51, 52, 53, 54, 55, 56, 57, 58, 59, 60, 61, 62, 63, 64, 65, 66, 67, 68, 69, 70, 71, 72, 73, 74, 75, 76, 77, 78, 79, 80, 81, 82]
V: [1, 2, 3, 4, 5, 6, 7, 8, 9, 10, 11, 12, 13, 14, 15, 16, 17, 18, 19, 20, 21, 22, 23, 24, 25, 26, 27, 28, 29, 30, 31, 32, 33, 34, 35, 36, 37, 38, 39, 40, 41, 42, 43, 44, 45, 46, 47, 48, 49, 50, 51, 52, 53, 54, 55, 56, 57, 58, 59, 60, 61, 62, 63, 64, 65, 66, 67, 68, 69, 70, 71, 72, 73, 74, 75, 76, 77, 78, 79, 80, 81]
q: [0, 8, 39, 14, 22, 21, 23, 18, 16, 15, 13, 24, 11, 7, 43, 18, 9, 31, 13, 8, 7, 18, 15, 9, 23, 30, 25, 35, 9, 17, 12, 15, 6, 36, 17, 5, 20, 32, 20, 21, 4, -8, -39, -14, -22, -21, -23, -18, -16, -15, -13, -24, -11, -7, -43, -18, -9, -31, -13, -8, -7, -18, -15, -9, -23, -30, -25, -35, -9, -17, -12, -15, -6, -36, -17, -5, -20, -32, -20, -21, -4, 0]
H: [1, 2, 3, 4, 5]
f: [[1, 1, 1, 1, 1], [2, 2, 2, 2, 2], [1, 1, 1, 1, 1], [2, 2, 2, 2, 2], [1, 1, 1, 1, 1], [2, 2, 2, 2, 2], [2, 2, 2, 2, 2], [1, 1, 1, 1, 1], [2, 2, 2, 2, 2], [1, 1, 1, 1, 1], [1, 1, 1, 1, 1], [2, 2, 2, 2, 2], [2, 2, 2, 2, 2], [2, 2, 2, 2, 2], [1, 1, 1, 1, 1], [2, 2, 2, 2, 2], [1, 1, 1, 1, 1], [1, 1, 1, 1, 1], [2, 2, 2, 2, 2], [2, 2, 2, 2, 2], [2, 2, 2, 2, 2], [1, 1, 1, 1, 1], [2, 2, 2, 2, 2], [1, 1, 1, 1, 1], [2, 2, 2, 2, 2], [2, 2, 2, 2, 2], [1, 1, 1, 1, 1], [2, 2, 2, 2, 2], [1, 1, 1, 1, 1], [2, 2, 2, 2, 2], [1, 1, 1, 1, 1], [2, 2, 2, 2, 2], [1, 1, 1, 1, 1], [1, 1, 1, 1, 1], [1, 1, 1, 1, 1], [1, 1, 1, 1, 1], [1, 1, 1, 1, 1], [2, 2, 2, 2, 2], [2, 2, 2, 2, 2], [2, 2, 2, 2, 2], [1, 1, 1, 1, 1], [2, 2, 2, 2, 2], [1, 1, 1, 1, 1], [2, 2, 2, 2, 2], [1, 1, 1, 1, 1], [2, 2, 2, 2, 2], [2, 2, 2, 2, 2], [1, 1, 1, 1, 1], [2, 2, 2, 2, 2], [1, 1, 1, 1, 1], [2, 2, 2, 2, 2], [2, 2, 2, 2, 2], [2, 2, 2, 2, 2], [2, 2, 2, 2, 2], [1, 1, 1, 1, 1], [2, 2, 2, 2, 2], [1, 1, 1, 1, 1], [1, 1, 1, 1, 1], [2, 2, 2, 2, 2], [2, 2, 2, 2, 2], [2, 2, 2, 2, 2], [1, 1, 1, 1, 1], [2, 2, 2, 2, 2], [1, 1, 1, 1, 1], [2, 2, 2, 2, 2], [2, 2, 2, 2, 2], [1, 1, 1, 1, 1], [2, 2, 2, 2, 2], [1, 1, 1, 1, 1], [2, 2, 2, 2, 2], [1, 1, 1, 1, 1], [2, 2, 2, 2, 2], [1, 1, 1, 1, 1], [1, 1, 1, 1, 1], [1, 1, 1, 1, 1], [2, 2, 2, 2, 2], [1, 1, 1, 1, 1], [2, 2, 2, 2, 2], [2, 2, 2, 2, 2], [2, 2, 2, 2, 2], [1, 1, 1, 1, 1], [1, 1, 1, 1, 1]]
1 1 1 -> 0.0
1 2 1 -> 14.21
2 1 1 -> 14.21
2 2 1 -> 0.0
1 1 2 -> 0.0
1 2 2 -> 13.0
2 1 2 -> 13.0
2 2 2 -> 0.0
1 1 3 -> 0.0
1 2 3 -> 15.26
2 1 3 -> 15.26
2 2 3 -> 0.0
1 1 4 -> 0.0
1 2 4 -> 17.46
2 1 4 -> 17.46
2 2 4 -> 0.0
1 1 5 -> 0.0
1 2 5 -> 12.81
2 1 5 -> 12.81
2 2 5 -> 0.0
o: (1, 2, 1) => 14.21
o: (1, 2, 5) => 12.81
o: (1, 2, 3) => 15.26
o: (1, 1, 2) => 0.0
o: (2, 1, 4) => 17.46
o: (1, 2, 2) => 13.0
o: (2, 1, 1) => 14.21
o: (2, 1, 5) => 12.81
o: (2, 1, 3) => 15.26
o: (2, 2, 4) => 0.0
o: (2, 2, 1) => 0.0
o: (2, 2, 5) => 0.0
o: (2, 2, 3) => 0.0
o: (2, 1, 2) => 13.0
o: (1, 1, 4) => 0.0
o: (1, 1, 1) => 0.0
o: (1, 1, 5) => 0.0
o: (1, 1, 3) => 0.0
o: (1, 2, 4) => 17.46
o: (2, 2, 2) => 0.0

[130, 883, 873, 779, 769, 786, 670, 19]
JOBS in the order of refs (Vprime)
Node 1: Job(0, Point(70, 70, 0), 0, 0, 634, 0, 0, 0)
Node 2: Job(2, Point(109, 139, 1), 8, 0, 545, 10, 0, 121)
Node 3: Job(3, Point(120, 22, 0), 39, 124, 134, 10, 0, 131)
Node 4: Job(6, Point(12, 138, 1), 14, 285, 295, 10, 0, 177)
Node 5: Job(7, Point(86, 40, 0), 22, 0, 590, 10, 0, 41)
Node 6: Job(8, Point(121, 124, 1), 21, 0, 550, 10, 0, 40)
Node 7: Job(10, Point(40, 113, 1), 23, 0, 572, 10, 0, 104)
Node 8: Job(11, Point(129, 24, 0), 18, 0, 550, 10, 0, 158)
Node 9: Job(12, Point(12, 84, 1), 16, 0, 565, 10, 0, 178)
Node 10: Job(14, Point(102, 52, 0), 15, 0, 588, 10, 0, 197)
Node 11: Job(15, Point(41, 36, 0), 13, 61, 71, 10, 0, 54)
Node 12: Job(16, Point(132, 133, 1), 24, 0, 536, 10, 0, 60)
Node 13: Job(19, Point(22, 104, 1), 11, 0, 566, 10, 0, 198)
Node 14: Job(20, Point(46, 133, 1), 7, 0, 557, 10, 0, 58)
Node 15: Job(21, Point(138, 78, 0), 43, 0, 556, 10, 0, 123)
Node 16: Job(23, Point(18, 104, 1), 18, 347, 357, 10, 0, 114)
Node 17: Job(27, Point(101, 0, 0), 9, 0, 548, 10, 0, 64)
Node 18: Job(28, Point(90, 14, 0), 31, 0, 565, 10, 0, 182)
Node 19: Job(29, Point(20, 69, 1), 13, 388, 398, 10, 0, 110)
Node 20: Job(30, Point(64, 132, 1), 8, 121, 131, 10, 0, 98)
Node 21: Job(34, Point(63, 129, 1), 7, 216, 226, 10, 0, 118)
Node 22: Job(36, Point(108, 30, 0), 18, 0, 569, 10, 0, 91)
Node 23: Job(43, Point(13, 48, 1), 15, 0, 563, 10, 0, 95)
Node 24: Job(44, Point(113, 35, 0), 9, 0, 569, 10, 0, 172)
Node 25: Job(45, Point(60, 84, 1), 23, 0, 607, 10, 0, 138)
Node 26: Job(46, Point(44, 58, 1), 30, 0, 596, 10, 0, 125)
Node 27: Job(51, Point(139, 68, 0), 25, 0, 555, 10, 0, 126)
Node 28: Job(52, Point(58, 95, 1), 35, 495, 505, 10, 0, 97)
Node 29: Job(56, Point(54, 41, 0), 9, 0, 591, 10, 0, 188)
Node 30: Job(62, Point(55, 127, 1), 17, 0, 566, 10, 0, 111)
Node 31: Job(63, Point(103, 44, 0), 12, 42, 52, 10, 0, 150)
Node 32: Job(65, Point(16, 62, 1), 15, 0, 570, 10, 0, 96)
Node 33: Job(67, Point(90, 44, 0), 6, 62, 72, 10, 0, 5)
Node 34: Job(68, Point(113, 32, 0), 36, 154, 164, 10, 0, 116)
Node 35: Job(69, Point(104, 73, 0), 17, 0, 590, 10, 0, 1)
Node 36: Job(70, Point(36, 38, 0), 5, 0, 578, 10, 0, 164)
Node 37: Job(72, Point(54, 33, 0), 20, 0, 584, 10, 0, 71)
Node 38: Job(73, Point(70, 94, 1), 32, 101, 111, 10, 0, 194)
Node 39: Job(74, Point(35, 90, 1), 20, 456, 466, 10, 0, 39)
Node 40: Job(77, Point(10, 111, 1), 21, 0, 552, 10, 0, 127)
Node 41: Job(79, Point(113, 45, 0), 4, 0, 575, 10, 0, 18)
Node 42: Job(121, Point(85, 111, 1), -8, 0, 581, 10, 2, 0)
Node 43: Job(131, Point(138, 24, 0), -39, 0, 542, 10, 3, 0)
Node 44: Job(177, Point(13, 129, 1), -14, 361, 371, 10, 6, 0)
Node 45: Job(41, Point(81, 36, 0), -22, 0, 589, 10, 7, 0)
Node 46: Job(40, Point(92, 138, 1), -21, 412, 422, 10, 8, 0)
Node 47: Job(104, Point(38, 122, 1), -23, 0, 563, 10, 10, 0)
Node 48: Job(158, Point(120, 47, 0), -18, 0, 569, 10, 11, 0)
Node 49: Job(178, Point(20, 106, 1), -16, 0, 563, 10, 12, 0)
Node 50: Job(197, Point(93, 61, 0), -15, 531, 541, 10, 14, 0)
Node 51: Job(54, Point(32, 52, 1), -13, 0, 582, 10, 15, 0)
Node 52: Job(60, Point(73, 96, 1), -24, 0, 598, 10, 16, 0)
Node 53: Job(198, Point(27, 104, 1), -11, 0, 570, 10, 19, 0)
Node 54: Job(58, Point(5, 99, 1), -7, 0, 553, 10, 20, 0)
Node 55: Job(123, Point(137, 84, 0), -43, 0, 556, 10, 21, 0)
Node 56: Job(114, Point(29, 94, 1), -18, 0, 577, 10, 23, 0)
Node 57: Job(64, Point(97, 12, 0), -9, 0, 561, 10, 27, 0)
Node 58: Job(182, Point(89, 24, 0), -31, 0, 575, 10, 28, 0)
Node 59: Job(110, Point(34, 72, 1), -13, 0, 588, 10, 29, 0)
Node 60: Job(98, Point(49, 140, 1), -8, 0, 551, 10, 30, 0)
Node 61: Job(118, Point(59, 115, 1), -7, 324, 334, 10, 34, 0)
Node 62: Job(91, Point(83, 38, 0), -18, 0, 590, 10, 36, 0)
Node 63: Job(95, Point(19, 120, 1), -15, 271, 281, 10, 43, 0)
Node 64: Job(172, Point(120, 52, 0), -9, 384, 394, 10, 44, 0)
Node 65: Job(138, Point(55, 102, 1), -23, 0, 589, 10, 45, 0)
Node 66: Job(125, Point(30, 57, 1), -30, 240, 250, 10, 46, 0)
Node 67: Job(126, Point(139, 72, 0), -25, 0, 555, 10, 51, 0)
Node 68: Job(97, Point(58, 80, 1), -35, 0, 609, 10, 52, 0)
Node 69: Job(188, Point(44, 36, 0), -9, 0, 582, 10, 56, 0)
Node 70: Job(111, Point(80, 103, 1), -17, 382, 392, 10, 62, 0)
Node 71: Job(150, Point(99, 34, 0), -12, 0, 578, 10, 63, 0)
Node 72: Job(96, Point(18, 70, 1), -15, 401, 411, 10, 65, 0)
Node 73: Job(5, Point(116, 22, 0), -6, 0, 558, 10, 67, 0)
Node 74: Job(116, Point(110, 28, 0), -36, 315, 325, 10, 68, 0)
Node 75: Job(1, Point(107, 77, 0), -17, 0, 587, 10, 69, 0)
Node 76: Job(164, Point(36, 54, 1), -5, 0, 587, 10, 70, 0)
Node 77: Job(71, Point(15, 4, 0), -20, 111, 121, 10, 72, 0)
Node 78: Job(194, Point(56, 129, 1), -32, 0, 564, 10, 73, 0)
Node 79: Job(39, Point(47, 83, 1), -20, 0, 598, 10, 74, 0)
Node 80: Job(127, Point(2, 106, 1), -21, 0, 548, 10, 77, 0)
Node 81: Job(18, Point(104, 54, 0), -4, 0, 587, 10, 79, 0)
Node 82: Job(0, Point(70, 70, 0), 0, 0, 634, 0, 0, 0)

### Preprocessing Data ###
	-> arcs: 6724 (100.0%)
	-> arc_removals: 2820 (41.94%)
	-> arc_removals_is_loop: 82 (1.22%)
	-> arc_removals_is_delivery_to_pickup: 42 (0.62%)
	-> arc_removals_is_depot_begin_to_delivery: 40 (0.59%)
	-> arc_removals_is_pickup_to_depot_end: 40 (0.59%)
	-> arc_removals_is_dest_depot_begin: 80 (1.19%)
	-> arc_removals_is_orig_depot_end: 79 (1.17%)
	-> arc_removals_is_capacity_violated: 0 (0.0%)
	-> arc_removals_is_time_window_limited: 1207 (17.95%)
	-> arc_removals_is_time_window_pairing_limited: 1177 (17.5%)
	-> arc_removals_is_indirect_request_service_impossible: 73 (1.09%)
	-> gamma_vars: 0 (0%)
	-> feas_gamma_vars: 0 (0%)
	-> infeas_gamma_vars_is_next_mtrv_unreachable: 0 (0%)
	-> infeas_gamma_vars_is_iprime_jprime_eq_i_j: 0 (0%)
	-> machine_removal_for_an_arc: 0 (0.0%)
##########################

[22:30:53.424] Print configuration
------------------------------------------------------
"
[22:30:53.424] Running Multi Start Heuristic"
> Experiment started at 2025-10-14T22:30:53.424
> Instance: LR1_2_4_t1_40R_40V_02I_05M
> Algorithm Parameters:


	>Stop params:
		>  - rule ITERATIONS
		>  - argument 60000.0
		>  - maximum_time 3600

	>General params:
		>  - instPath /dados/rmelo/PDPTW-SE/benchmark_multi_island_v5/official_experiments/multistartlp/official/set_01_pt_01/../../../../instances/orig_ams_fg/40R_40V_02I_06M/t1/LR1_2_4/
		>  - name LR1_2_4
		>  - type t1
		>  - group 40R_40V_02I_05M
		>  - fullname LR1_2_4_t1_40R_40V_02I_05M
		>  - methodType heur
		>  - methodCode mslp
		>  - genconfigfile /dados/rmelo/PDPTW-SE/benchmark_multi_island_v5/official_experiments/multistartlp/official/set_01_pt_01/configs/genconfig_mslp.conf
		>  - genconfigfilename genconfig_mslp
		>  - greedy_service_order random
		>  - cutoff 0
		>  - cutoffmachs 5
		>  - num_machs 0
		>  - solver Gurobi
		>  - maxtime 3600
		>  - gurobiCuts 1
		>  - typeUserCut 0
		>  - mipPresolve -1
		>  - printsol 1
		>  - maxnodes -1
		>  - elevator 0
		>  - make_instance_feasible false
		>  - output /dados/rmelo/PDPTW-SE/benchmark_multi_island_v5/official_experiments/multistartlp/official/set_01_pt_01/logs
		>  - suff_outputs _seed_75
		>  - suff_csv _bash_4
		>  - epsilon 0.005
		>  - epsilonCap 0.5
		>  - warmStart false
		>  - seed 75
		>  - rng Random.MersenneTwister(75)
		>  - alpha 0.05
		>  - maxiter 1000000
		>  - outputFlagGrbMIP 0
		>  - outputFlagGrbMSLP 0
		>  - outputFlagGrbLMNS 0
		>  - mslpr I
		>  - mslpa 60000
		>  - lmnsr M
		>  - lmnsa 60
		>  - lmnsRepairTime 30.0
		>  - lmnsMIPFocus 0
		>  - lmnsGapToBiggerDestruction 50
		>  - lmnsGapToSmallerDestruction 95
		>  - lmnsWeightShawDistProx 1.0
		>  - lmnsWeightShawEarlProx 1.0
		>  - lmnsWeightShawSameRoute 1.0
		>  - lmnsWeightShawDemandSim 1.0
		>  - lmnsReqRApplyMIPStart true
		>  - lmnsAcceptanceCriteria H
		>  - lmnsMetropolisTemp 100.0
		>  - lmnsSimulatedAnnealingTemp 100.0
		>  - lmnsSimulatedAnnealingCool 0.95
		>  - mipmaxtime 3600
		>  - csvfilename /dados/rmelo/PDPTW-SE/benchmark_multi_island_v5/official_experiments/multistartlp/official/set_01_pt_01/logs/heur_mslp/outputs/csvresults_heur_mslp_bash_4.csv
		>  - solfilename /dados/rmelo/PDPTW-SE/benchmark_multi_island_v5/official_experiments/multistartlp/official/set_01_pt_01/logs/heur_mslp/solutions/40R_40V_02I_05M/LR1_2_4_sol_genconfig_mslp_seed_75.txt
		>  - timelineFilename /dados/rmelo/PDPTW-SE/benchmark_multi_island_v5/official_experiments/multistartlp/official/set_01_pt_01/logs/heur_mslp/timelines/40R_40V_02I_05M/LR1_2_4_timeline_genconfig_mslp_seed_75.txt
		>  - grbFilename /dados/rmelo/PDPTW-SE/benchmark_multi_island_v5/official_experiments/multistartlp/official/set_01_pt_01/logs/heur_mslp/gurobi/40R_40V_02I_05M/LR1_2_4_grb_genconfig_mslp_seed_75.log
		>  - threads 1
		>  - solverMethod AUTOMATIC

------------------------------------------------------

[22:30:53.528] Starting running MSLP
objValue;greedysol;iteration;time
4189.82;4269.07;1;0.016678
4081.36;4112.80;22;0.481928
4080.10;4200.08;570;5.931687
3907.45;3915.13;619;6.444251
3890.40;3937.42;6412;63.950388
3803.15;3844.94;17391;173.253150
3799.17;3869.23;31866;316.797344

[22:41:07.477] Finished running MSLP
System CPU time: 9.75 seconds

[22:41:07.551] Post running MSLP
Best solution value: 3799.17
Total time elapsed: 600.041129
Time to best: 316.797344
Iterations: 60000
Iterations to best: 31866
Improvements: 7
Infeasible solutions percentage: (44097 / 60000) = 73.4950 %
(LP improvements)/(LP runs) = 15903/15903 = 100.0000 %
Mean LP improvement percentage: 3.2192 %
[22:41:07.812] Writing results to CSV file: /dados/rmelo/PDPTW-SE/benchmark_multi_island_v5/official_experiments/multistartlp/official/set_01_pt_01/logs/heur_mslp/outputs/csvresults_heur_mslp_bash_4.csv

[22:41:09.994] Saving solution to file:/dados/rmelo/PDPTW-SE/benchmark_multi_island_v5/official_experiments/multistartlp/official/set_01_pt_01/logs/heur_mslp/solutions/40R_40V_02I_05M/LR1_2_4_sol_genconfig_mslp_seed_75.txt

[22:41:09.994] Saving solution timeline to file: /dados/rmelo/PDPTW-SE/benchmark_multi_island_v5/official_experiments/multistartlp/official/set_01_pt_01/logs/heur_mslp/timelines/40R_40V_02I_05M/LR1_2_4_timeline_genconfig_mslp_seed_75.txt
---------------------| VEHICLES |---------------------

Vehicle 1 :
	id: 0
		node: 1
		(x, y, z): (70, 70, 0)
		dem: 0
		earl: 0
		lat: 634
		servt: 0
		pid: 0
		did: 0
		servST: 16.28
		(h, h_ind): (-1, 0)
		load: 0.0

	Finished service at time: 16.28

	Task 0 -> Task 7: 34.0
	Vehicle arrival at task: 50.28
	Waiting time until service start time: 0.0

	id: 7
		node: 5
		(x, y, z): (86, 40, 0)
		dem: 22
		earl: 0
		lat: 590
		servt: 10
		pid: 0
		did: 41
		servST: 50.28
		(h, h_ind): (-1, 0)
		load: 22.0

	Finished service at time: 60.28

	Task 7 -> Task 67: 5.66
	Vehicle arrival at task: 65.94
	Waiting time until service start time: 0.0

	id: 67
		node: 33
		(x, y, z): (90, 44, 0)
		dem: 6
		earl: 62
		lat: 72
		servt: 10
		pid: 0
		did: 5
		servST: 65.94
		(h, h_ind): (-1, 0)
		load: 28.0

	Finished service at time: 75.94

	Task 67 -> Task 5: 34.06
	Vehicle arrival at task: 110.0
	Waiting time until service start time: 0.0

	id: 5
		node: 73
		(x, y, z): (116, 22, 0)
		dem: -6
		earl: 0
		lat: 558
		servt: 10
		pid: 67
		did: 0
		servST: 110.0
		(h, h_ind): (-1, 0)
		load: 22.0

	Finished service at time: 120.0

	Task 5 -> Task 3: 4.0
	Vehicle arrival at task: 124.0
	Waiting time until service start time: 0.0

	id: 3
		node: 3
		(x, y, z): (120, 22, 0)
		dem: 39
		earl: 124
		lat: 134
		servt: 10
		pid: 0
		did: 131
		servST: 124.0
		(h, h_ind): (-1, 0)
		load: 61.0

	Finished service at time: 134.0

	Task 3 -> Task 131: 18.11
	Vehicle arrival at task: 152.11
	Waiting time until service start time: 0.0

	id: 131
		node: 43
		(x, y, z): (138, 24, 0)
		dem: -39
		earl: 0
		lat: 542
		servt: 10
		pid: 3
		did: 0
		servST: 152.11
		(h, h_ind): (-1, 0)
		load: 22.0

	Finished service at time: 162.11

	Task 131 -> Task 28: 49.03
	Vehicle arrival at task: 211.14000000000001
	Waiting time until service start time: 0.0

	id: 28
		node: 18
		(x, y, z): (90, 14, 0)
		dem: 31
		earl: 0
		lat: 565
		servt: 10
		pid: 0
		did: 182
		servST: 211.14000000000001
		(h, h_ind): (-1, 0)
		load: 53.0

	Finished service at time: 221.14000000000001

	Task 28 -> Task 182: 10.05
	Vehicle arrival at task: 231.19000000000003
	Waiting time until service start time: 0.0

	id: 182
		node: 58
		(x, y, z): (89, 24, 0)
		dem: -31
		earl: 0
		lat: 575
		servt: 10
		pid: 28
		did: 0
		servST: 231.19000000000003
		(h, h_ind): (-1, 0)
		load: 22.0

	Finished service at time: 241.19000000000003

	Task 182 -> Task 41: 14.42
	Vehicle arrival at task: 255.61
	Waiting time until service start time: 0.0

	id: 41
		node: 45
		(x, y, z): (81, 36, 0)
		dem: -22
		earl: 0
		lat: 589
		servt: 10
		pid: 7
		did: 0
		servST: 255.61
		(h, h_ind): (-1, 0)
		load: 0.0

	Finished service at time: 265.61

	Task 41 -> Task 0: 35.74
	Vehicle arrival at task: 301.35
	Waiting time until service start time: 0.0

	id: 0
		node: 82
		(x, y, z): (70, 70, 0)
		dem: 0
		earl: 0
		lat: 634
		servt: 0
		pid: 0
		did: 0
		servST: 301.35
		(h, h_ind): (-1, 0)
		load: 0.0


Vehicle 2 :
	id: 0
		node: 1
		(x, y, z): (70, 70, 0)
		dem: 0
		earl: 0
		lat: 634
		servt: 0
		pid: 0
		did: 0
		servST: 26.310000000000002
		(h, h_ind): (-1, 0)
		load: 0.0

	Finished service at time: 26.310000000000002

	Task 0 -> Task 15: 44.69
	Vehicle arrival at task: 71.0
	Waiting time until service start time: 0.0

	id: 15
		node: 11
		(x, y, z): (41, 36, 0)
		dem: 13
		earl: 61
		lat: 71
		servt: 10
		pid: 0
		did: 54
		servST: 71.0
		(h, h_ind): (-1, 0)
		load: 13.0

	Finished service at time: 81.0

	Task 15 -> Task 70: 5.39
	Vehicle arrival at task: 86.39
	Waiting time until service start time: 0.0

	id: 70
		node: 36
		(x, y, z): (36, 38, 0)
		dem: 5
		earl: 0
		lat: 578
		servt: 10
		pid: 0
		did: 164
		servST: 86.39
		(h, h_ind): (-1, 0)
		load: 18.0

	Finished service at time: 96.39

	Using Machine: 1
		Task 70 -> Machine 1 (Station 1): 4.24
		Vehicle arrival at machine station: 100.63
		Waiting time until machine travel: 0.0

		Machine travel start time: 100.63
		Region 0 -> Region 1: 13.0
		Machine arrival at machine station: 113.63

		Machine 1 (Station 2)-> Task 54: 2.24
		Vehicle arrival at task: 115.86999999999999
		Waiting time until service start time: 67.3

	id: 54
		node: 51
		(x, y, z): (32, 52, 1)
		dem: -13
		earl: 0
		lat: 582
		servt: 10
		pid: 15
		did: 0
		servST: 183.17
		(h, h_ind): (1, 2)
		load: 5.0

	Finished service at time: 193.17

	Task 54 -> Task 164: 4.47
	Vehicle arrival at task: 197.64
	Waiting time until service start time: 0.0

	id: 164
		node: 76
		(x, y, z): (36, 54, 1)
		dem: -5
		earl: 0
		lat: 587
		servt: 10
		pid: 70
		did: 0
		servST: 197.64
		(h, h_ind): (-1, 0)
		load: 0.0

	Finished service at time: 207.64

	Task 164 -> Task 6: 87.36
	Vehicle arrival at task: 295.0
	Waiting time until service start time: 0.0

	id: 6
		node: 4
		(x, y, z): (12, 138, 1)
		dem: 14
		earl: 285
		lat: 295
		servt: 10
		pid: 0
		did: 177
		servST: 295.0
		(h, h_ind): (-1, 0)
		load: 14.0

	Finished service at time: 305.0

	Task 6 -> Task 177: 9.06
	Vehicle arrival at task: 314.06
	Waiting time until service start time: 46.94

	id: 177
		node: 44
		(x, y, z): (13, 129, 1)
		dem: -14
		earl: 361
		lat: 371
		servt: 10
		pid: 6
		did: 0
		servST: 361.0
		(h, h_ind): (-1, 0)
		load: 0.0

	Finished service at time: 371.0

	Using Machine: 1
		Task 177 -> Machine 1 (Station 2): 78.85
		Vehicle arrival at machine station: 449.85
		Waiting time until machine travel: 0.0

		Machine travel start time: 449.85
		Region 1 -> Region 0: 13.0
		Machine arrival at machine station: 462.85

		Machine 1 (Station 1)-> Task 0: 42.45
		Vehicle arrival at task: 505.3
		Waiting time until service start time: 0.0

	id: 0
		node: 82
		(x, y, z): (70, 70, 0)
		dem: 0
		earl: 0
		lat: 634
		servt: 0
		pid: 0
		did: 0
		servST: 505.3
		(h, h_ind): (1, 4)
		load: 0.0


Vehicle 10 :
	id: 0
		node: 1
		(x, y, z): (70, 70, 0)
		dem: 0
		earl: 0
		lat: 634
		servt: 0
		pid: 0
		did: 0
		servST: 0.3100000000000023
		(h, h_ind): (-1, 0)
		load: 0.0

	Finished service at time: 0.3100000000000023

	Using Machine: 4
		Task 0 -> Machine 4 (Station 1): 34.66
		Vehicle arrival at machine station: 34.97
		Waiting time until machine travel: 0.0

		Machine travel start time: 34.97
		Region 0 -> Region 1: 12.81
		Machine arrival at machine station: 47.78

		Machine 4 (Station 2)-> Task 30: 83.22
		Vehicle arrival at task: 131.0
		Waiting time until service start time: 0.0

	id: 30
		node: 20
		(x, y, z): (64, 132, 1)
		dem: 8
		earl: 121
		lat: 131
		servt: 10
		pid: 0
		did: 98
		servST: 131.0
		(h, h_ind): (4, 1)
		load: 8.0

	Finished service at time: 141.0

	Task 30 -> Task 98: 17.0
	Vehicle arrival at task: 158.0
	Waiting time until service start time: 12.92

	id: 98
		node: 60
		(x, y, z): (49, 140, 1)
		dem: -8
		earl: 0
		lat: 551
		servt: 10
		pid: 30
		did: 0
		servST: 170.92
		(h, h_ind): (-1, 0)
		load: 0.0

	Finished service at time: 180.92

	Task 98 -> Task 20: 7.62
	Vehicle arrival at task: 188.54
	Waiting time until service start time: 0.0

	id: 20
		node: 14
		(x, y, z): (46, 133, 1)
		dem: 7
		earl: 0
		lat: 557
		servt: 10
		pid: 0
		did: 58
		servST: 188.54
		(h, h_ind): (-1, 0)
		load: 7.0

	Finished service at time: 198.54

	Task 20 -> Task 34: 17.46
	Vehicle arrival at task: 216.0
	Waiting time until service start time: 0.0

	id: 34
		node: 21
		(x, y, z): (63, 129, 1)
		dem: 7
		earl: 216
		lat: 226
		servt: 10
		pid: 0
		did: 118
		servST: 216.0
		(h, h_ind): (-1, 0)
		load: 14.0

	Finished service at time: 226.0

	Task 34 -> Task 45: 45.1
	Vehicle arrival at task: 271.1
	Waiting time until service start time: 0.0

	id: 45
		node: 25
		(x, y, z): (60, 84, 1)
		dem: 23
		earl: 0
		lat: 607
		servt: 10
		pid: 0
		did: 138
		servST: 271.1
		(h, h_ind): (-1, 0)
		load: 37.0

	Finished service at time: 281.1

	Task 45 -> Task 138: 18.68
	Vehicle arrival at task: 299.78000000000003
	Waiting time until service start time: 0.0

	id: 138
		node: 65
		(x, y, z): (55, 102, 1)
		dem: -23
		earl: 0
		lat: 589
		servt: 10
		pid: 45
		did: 0
		servST: 299.78000000000003
		(h, h_ind): (-1, 0)
		load: 14.0

	Finished service at time: 309.78000000000003

	Task 138 -> Task 118: 13.6
	Vehicle arrival at task: 323.38000000000005
	Waiting time until service start time: 0.62

	id: 118
		node: 61
		(x, y, z): (59, 115, 1)
		dem: -7
		earl: 324
		lat: 334
		servt: 10
		pid: 34
		did: 0
		servST: 324.0
		(h, h_ind): (-1, 0)
		load: 7.0

	Finished service at time: 334.0

	Task 118 -> Task 58: 56.32
	Vehicle arrival at task: 390.32
	Waiting time until service start time: 0.0

	id: 58
		node: 54
		(x, y, z): (5, 99, 1)
		dem: -7
		earl: 0
		lat: 553
		servt: 10
		pid: 20
		did: 0
		servST: 390.32
		(h, h_ind): (-1, 0)
		load: 0.0

	Finished service at time: 400.32

	Using Machine: 3
		Task 58 -> Machine 3 (Station 2): 52.8
		Vehicle arrival at machine station: 453.12
		Waiting time until machine travel: 0.0

		Machine travel start time: 453.12
		Region 1 -> Region 0: 17.46
		Machine arrival at machine station: 470.58

		Machine 3 (Station 1)-> Task 0: 37.48
		Vehicle arrival at task: 508.06
		Waiting time until service start time: 0.0

	id: 0
		node: 82
		(x, y, z): (70, 70, 0)
		dem: 0
		earl: 0
		lat: 634
		servt: 0
		pid: 0
		did: 0
		servST: 508.06
		(h, h_ind): (3, 2)
		load: 0.0


Vehicle 11 :
	id: 0
		node: 1
		(x, y, z): (70, 70, 0)
		dem: 0
		earl: 0
		lat: 634
		servt: 0
		pid: 0
		did: 0
		servST: 0.0
		(h, h_ind): (-1, 0)
		load: 0.0

	Finished service at time: 0.0

	Task 0 -> Task 63: 42.01
	Vehicle arrival at task: 42.01
	Waiting time until service start time: 0.0

	id: 63
		node: 31
		(x, y, z): (103, 44, 0)
		dem: 12
		earl: 42
		lat: 52
		servt: 10
		pid: 0
		did: 150
		servST: 42.01
		(h, h_ind): (-1, 0)
		load: 12.0

	Finished service at time: 52.01

	Task 63 -> Task 150: 10.77
	Vehicle arrival at task: 62.78
	Waiting time until service start time: 0.0

	id: 150
		node: 71
		(x, y, z): (99, 34, 0)
		dem: -12
		earl: 0
		lat: 578
		servt: 10
		pid: 63
		did: 0
		servST: 62.78
		(h, h_ind): (-1, 0)
		load: 0.0

	Finished service at time: 72.78

	Task 150 -> Task 51: 52.5
	Vehicle arrival at task: 125.28
	Waiting time until service start time: 0.0

	id: 51
		node: 27
		(x, y, z): (139, 68, 0)
		dem: 25
		earl: 0
		lat: 555
		servt: 10
		pid: 0
		did: 126
		servST: 125.28
		(h, h_ind): (-1, 0)
		load: 25.0

	Finished service at time: 135.28

	Task 51 -> Task 126: 4.0
	Vehicle arrival at task: 139.28
	Waiting time until service start time: 0.0

	id: 126
		node: 67
		(x, y, z): (139, 72, 0)
		dem: -25
		earl: 0
		lat: 555
		servt: 10
		pid: 51
		did: 0
		servST: 139.28
		(h, h_ind): (-1, 0)
		load: 0.0

	Finished service at time: 149.28

	Task 126 -> Task 21: 6.08
	Vehicle arrival at task: 155.36
	Waiting time until service start time: 0.0

	id: 21
		node: 15
		(x, y, z): (138, 78, 0)
		dem: 43
		earl: 0
		lat: 556
		servt: 10
		pid: 0
		did: 123
		servST: 155.36
		(h, h_ind): (-1, 0)
		load: 43.0

	Finished service at time: 165.36

	Task 21 -> Task 123: 6.08
	Vehicle arrival at task: 171.44000000000003
	Waiting time until service start time: -0.0

	id: 123
		node: 55
		(x, y, z): (137, 84, 0)
		dem: -43
		earl: 0
		lat: 556
		servt: 10
		pid: 21
		did: 0
		servST: 171.44
		(h, h_ind): (-1, 0)
		load: 0.0

	Finished service at time: 181.44

	Task 123 -> Task 0: 68.45
	Vehicle arrival at task: 249.89
	Waiting time until service start time: 0.0

	id: 0
		node: 82
		(x, y, z): (70, 70, 0)
		dem: 0
		earl: 0
		lat: 634
		servt: 0
		pid: 0
		did: 0
		servST: 249.89
		(h, h_ind): (-1, 0)
		load: 0.0


Vehicle 19 :
	id: 0
		node: 1
		(x, y, z): (70, 70, 0)
		dem: 0
		earl: 0
		lat: 634
		servt: 0
		pid: 0
		did: 0
		servST: 8.95999999999998
		(h, h_ind): (-1, 0)
		load: 0.0

	Finished service at time: 8.95999999999998

	Task 0 -> Task 11: 74.81
	Vehicle arrival at task: 83.76999999999998
	Waiting time until service start time: 0.0

	id: 11
		node: 8
		(x, y, z): (129, 24, 0)
		dem: 18
		earl: 0
		lat: 550
		servt: 10
		pid: 0
		did: 158
		servST: 83.76999999999998
		(h, h_ind): (-1, 0)
		load: 18.0

	Finished service at time: 93.76999999999998

	Task 11 -> Task 79: 26.4
	Vehicle arrival at task: 120.16999999999999
	Waiting time until service start time: 0.0

	id: 79
		node: 41
		(x, y, z): (113, 45, 0)
		dem: 4
		earl: 0
		lat: 575
		servt: 10
		pid: 0
		did: 18
		servST: 120.16999999999999
		(h, h_ind): (-1, 0)
		load: 22.0

	Finished service at time: 130.17

	Task 79 -> Task 158: 7.28
	Vehicle arrival at task: 137.45
	Waiting time until service start time: 0.0

	id: 158
		node: 48
		(x, y, z): (120, 47, 0)
		dem: -18
		earl: 0
		lat: 569
		servt: 10
		pid: 11
		did: 0
		servST: 137.45
		(h, h_ind): (-1, 0)
		load: 4.0

	Finished service at time: 147.45

	Task 158 -> Task 68: 16.55
	Vehicle arrival at task: 164.0
	Waiting time until service start time: 0.0

	id: 68
		node: 34
		(x, y, z): (113, 32, 0)
		dem: 36
		earl: 154
		lat: 164
		servt: 10
		pid: 0
		did: 116
		servST: 164.0
		(h, h_ind): (-1, 0)
		load: 40.0

	Finished service at time: 174.0

	Task 68 -> Task 36: 5.39
	Vehicle arrival at task: 179.39
	Waiting time until service start time: 0.0

	id: 36
		node: 22
		(x, y, z): (108, 30, 0)
		dem: 18
		earl: 0
		lat: 569
		servt: 10
		pid: 0
		did: 91
		servST: 179.39
		(h, h_ind): (-1, 0)
		load: 58.0

	Finished service at time: 189.39

	Task 36 -> Task 91: 26.25
	Vehicle arrival at task: 215.64
	Waiting time until service start time: 0.0

	id: 91
		node: 62
		(x, y, z): (83, 38, 0)
		dem: -18
		earl: 0
		lat: 590
		servt: 10
		pid: 36
		did: 0
		servST: 215.64
		(h, h_ind): (-1, 0)
		load: 40.0

	Finished service at time: 225.64

	Task 91 -> Task 27: 42.05
	Vehicle arrival at task: 267.69
	Waiting time until service start time: 0.0

	id: 27
		node: 17
		(x, y, z): (101, 0, 0)
		dem: 9
		earl: 0
		lat: 548
		servt: 10
		pid: 0
		did: 64
		servST: 267.69
		(h, h_ind): (-1, 0)
		load: 49.0

	Finished service at time: 277.69

	Task 27 -> Task 64: 12.65
	Vehicle arrival at task: 290.34
	Waiting time until service start time: 0.0

	id: 64
		node: 57
		(x, y, z): (97, 12, 0)
		dem: -9
		earl: 0
		lat: 561
		servt: 10
		pid: 27
		did: 0
		servST: 290.34
		(h, h_ind): (-1, 0)
		load: 40.0

	Finished service at time: 300.34

	Task 64 -> Task 116: 20.62
	Vehicle arrival at task: 320.96
	Waiting time until service start time: 4.04

	id: 116
		node: 74
		(x, y, z): (110, 28, 0)
		dem: -36
		earl: 315
		lat: 325
		servt: 10
		pid: 68
		did: 0
		servST: 325.0
		(h, h_ind): (-1, 0)
		load: 4.0

	Finished service at time: 335.0

	Task 116 -> Task 44: 7.62
	Vehicle arrival at task: 342.62
	Waiting time until service start time: 13.0

	id: 44
		node: 24
		(x, y, z): (113, 35, 0)
		dem: 9
		earl: 0
		lat: 569
		servt: 10
		pid: 0
		did: 172
		servST: 355.62
		(h, h_ind): (-1, 0)
		load: 13.0

	Finished service at time: 365.62

	Task 44 -> Task 172: 18.38
	Vehicle arrival at task: 384.0
	Waiting time until service start time: 0.0

	id: 172
		node: 64
		(x, y, z): (120, 52, 0)
		dem: -9
		earl: 384
		lat: 394
		servt: 10
		pid: 44
		did: 0
		servST: 384.0
		(h, h_ind): (-1, 0)
		load: 4.0

	Finished service at time: 394.0

	Task 172 -> Task 14: 18.0
	Vehicle arrival at task: 412.0
	Waiting time until service start time: 0.0

	id: 14
		node: 10
		(x, y, z): (102, 52, 0)
		dem: 15
		earl: 0
		lat: 588
		servt: 10
		pid: 0
		did: 197
		servST: 412.0
		(h, h_ind): (-1, 0)
		load: 19.0

	Finished service at time: 422.0

	Task 14 -> Task 69: 21.1
	Vehicle arrival at task: 443.1
	Waiting time until service start time: 0.0

	id: 69
		node: 35
		(x, y, z): (104, 73, 0)
		dem: 17
		earl: 0
		lat: 590
		servt: 10
		pid: 0
		did: 1
		servST: 443.1
		(h, h_ind): (-1, 0)
		load: 36.0

	Finished service at time: 453.1

	Task 69 -> Task 1: 5.0
	Vehicle arrival at task: 458.1
	Waiting time until service start time: 0.0

	id: 1
		node: 75
		(x, y, z): (107, 77, 0)
		dem: -17
		earl: 0
		lat: 587
		servt: 10
		pid: 69
		did: 0
		servST: 458.1
		(h, h_ind): (-1, 0)
		load: 19.0

	Finished service at time: 468.1

	Task 1 -> Task 18: 23.19
	Vehicle arrival at task: 491.29
	Waiting time until service start time: 16.67

	id: 18
		node: 81
		(x, y, z): (104, 54, 0)
		dem: -4
		earl: 0
		lat: 587
		servt: 10
		pid: 79
		did: 0
		servST: 507.96
		(h, h_ind): (-1, 0)
		load: 15.0

	Finished service at time: 517.96

	Task 18 -> Task 197: 13.04
	Vehicle arrival at task: 531.0
	Waiting time until service start time: 0.0

	id: 197
		node: 50
		(x, y, z): (93, 61, 0)
		dem: -15
		earl: 531
		lat: 541
		servt: 10
		pid: 14
		did: 0
		servST: 531.0
		(h, h_ind): (-1, 0)
		load: 0.0

	Finished service at time: 541.0

	Task 197 -> Task 0: 24.7
	Vehicle arrival at task: 565.7
	Waiting time until service start time: 0.0

	id: 0
		node: 82
		(x, y, z): (70, 70, 0)
		dem: 0
		earl: 0
		lat: 634
		servt: 0
		pid: 0
		did: 0
		servST: 565.7
		(h, h_ind): (-1, 0)
		load: 0.0


Vehicle 21 :
	id: 0
		node: 1
		(x, y, z): (70, 70, 0)
		dem: 0
		earl: 0
		lat: 634
		servt: 0
		pid: 0
		did: 0
		servST: 5.93
		(h, h_ind): (-1, 0)
		load: 0.0

	Finished service at time: 5.93

	Using Machine: 3
		Task 0 -> Machine 3 (Station 1): 37.48
		Vehicle arrival at machine station: 43.41
		Waiting time until machine travel: 0.0

		Machine travel start time: 43.41
		Region 0 -> Region 1: 17.46
		Machine arrival at machine station: 60.87

		Machine 3 (Station 2)-> Task 43: 14.32
		Vehicle arrival at task: 75.19
		Waiting time until service start time: 0.0

	id: 43
		node: 23
		(x, y, z): (13, 48, 1)
		dem: 15
		earl: 0
		lat: 563
		servt: 10
		pid: 0
		did: 95
		servST: 75.19
		(h, h_ind): (3, 1)
		load: 15.0

	Finished service at time: 85.19

	Task 43 -> Task 10: 70.38
	Vehicle arrival at task: 155.57
	Waiting time until service start time: 0.0

	id: 10
		node: 7
		(x, y, z): (40, 113, 1)
		dem: 23
		earl: 0
		lat: 572
		servt: 10
		pid: 0
		did: 104
		servST: 155.57
		(h, h_ind): (-1, 0)
		load: 38.0

	Finished service at time: 165.57

	Task 10 -> Task 19: 20.12
	Vehicle arrival at task: 185.69
	Waiting time until service start time: 0.0

	id: 19
		node: 13
		(x, y, z): (22, 104, 1)
		dem: 11
		earl: 0
		lat: 566
		servt: 10
		pid: 0
		did: 198
		servST: 185.69
		(h, h_ind): (-1, 0)
		load: 49.0

	Finished service at time: 195.69

	Task 19 -> Task 198: 5.0
	Vehicle arrival at task: 200.69
	Waiting time until service start time: 0.0

	id: 198
		node: 53
		(x, y, z): (27, 104, 1)
		dem: -11
		earl: 0
		lat: 570
		servt: 10
		pid: 19
		did: 0
		servST: 200.69
		(h, h_ind): (-1, 0)
		load: 38.0

	Finished service at time: 210.69

	Task 198 -> Task 77: 18.38
	Vehicle arrival at task: 229.07
	Waiting time until service start time: 0.0

	id: 77
		node: 40
		(x, y, z): (10, 111, 1)
		dem: 21
		earl: 0
		lat: 552
		servt: 10
		pid: 0
		did: 127
		servST: 229.07
		(h, h_ind): (-1, 0)
		load: 59.0

	Finished service at time: 239.07

	Task 77 -> Task 127: 9.43
	Vehicle arrival at task: 248.5
	Waiting time until service start time: 0.0

	id: 127
		node: 80
		(x, y, z): (2, 106, 1)
		dem: -21
		earl: 0
		lat: 548
		servt: 10
		pid: 77
		did: 0
		servST: 248.5
		(h, h_ind): (-1, 0)
		load: 38.0

	Finished service at time: 258.5

	Task 127 -> Task 95: 22.02
	Vehicle arrival at task: 280.52
	Waiting time until service start time: 0.0

	id: 95
		node: 63
		(x, y, z): (19, 120, 1)
		dem: -15
		earl: 271
		lat: 281
		servt: 10
		pid: 43
		did: 0
		servST: 280.52
		(h, h_ind): (-1, 0)
		load: 23.0

	Finished service at time: 290.52

	Task 95 -> Task 104: 19.1
	Vehicle arrival at task: 309.62
	Waiting time until service start time: 0.0

	id: 104
		node: 47
		(x, y, z): (38, 122, 1)
		dem: -23
		earl: 0
		lat: 563
		servt: 10
		pid: 10
		did: 0
		servST: 309.62
		(h, h_ind): (-1, 0)
		load: 0.0

	Finished service at time: 319.62

	Task 104 -> Task 62: 17.72
	Vehicle arrival at task: 337.34000000000003
	Waiting time until service start time: 0.0

	id: 62
		node: 30
		(x, y, z): (55, 127, 1)
		dem: 17
		earl: 0
		lat: 566
		servt: 10
		pid: 0
		did: 111
		servST: 337.34000000000003
		(h, h_ind): (-1, 0)
		load: 17.0

	Finished service at time: 347.34000000000003

	Task 62 -> Task 111: 34.66
	Vehicle arrival at task: 382.0
	Waiting time until service start time: 0.0

	id: 111
		node: 70
		(x, y, z): (80, 103, 1)
		dem: -17
		earl: 382
		lat: 392
		servt: 10
		pid: 62
		did: 0
		servST: 382.0
		(h, h_ind): (-1, 0)
		load: 0.0

	Finished service at time: 392.0

	Using Machine: 4
		Task 111 -> Machine 4 (Station 2): 66.53
		Vehicle arrival at machine station: 458.53
		Waiting time until machine travel: 0.0

		Machine travel start time: 458.53
		Region 1 -> Region 0: 12.81
		Machine arrival at machine station: 471.34

		Machine 4 (Station 1)-> Task 0: 34.66
		Vehicle arrival at task: 506.0
		Waiting time until service start time: 0.0

	id: 0
		node: 82
		(x, y, z): (70, 70, 0)
		dem: 0
		earl: 0
		lat: 634
		servt: 0
		pid: 0
		did: 0
		servST: 506.0
		(h, h_ind): (4, 2)
		load: 0.0


Vehicle 27 :
	id: 0
		node: 1
		(x, y, z): (70, 70, 0)
		dem: 0
		earl: 0
		lat: 634
		servt: 0
		pid: 0
		did: 0
		servST: 11.280000000000001
		(h, h_ind): (-1, 0)
		load: 0.0

	Finished service at time: 11.280000000000001

	Task 0 -> Task 56: 33.12
	Vehicle arrival at task: 44.4
	Waiting time until service start time: 0.0

	id: 56
		node: 29
		(x, y, z): (54, 41, 0)
		dem: 9
		earl: 0
		lat: 591
		servt: 10
		pid: 0
		did: 188
		servST: 44.4
		(h, h_ind): (-1, 0)
		load: 9.0

	Finished service at time: 54.4

	Task 56 -> Task 72: 8.0
	Vehicle arrival at task: 62.4
	Waiting time until service start time: 0.0

	id: 72
		node: 37
		(x, y, z): (54, 33, 0)
		dem: 20
		earl: 0
		lat: 584
		servt: 10
		pid: 0
		did: 71
		servST: 62.4
		(h, h_ind): (-1, 0)
		load: 29.0

	Finished service at time: 72.4

	Task 72 -> Task 71: 48.6
	Vehicle arrival at task: 121.0
	Waiting time until service start time: 0.0

	id: 71
		node: 77
		(x, y, z): (15, 4, 0)
		dem: -20
		earl: 111
		lat: 121
		servt: 10
		pid: 72
		did: 0
		servST: 121.0
		(h, h_ind): (-1, 0)
		load: 9.0

	Finished service at time: 131.0

	Task 71 -> Task 188: 43.19
	Vehicle arrival at task: 174.19
	Waiting time until service start time: 0.0

	id: 188
		node: 69
		(x, y, z): (44, 36, 0)
		dem: -9
		earl: 0
		lat: 582
		servt: 10
		pid: 56
		did: 0
		servST: 174.19
		(h, h_ind): (-1, 0)
		load: 0.0

	Finished service at time: 184.19

	Using Machine: 1
		Task 188 -> Machine 1 (Station 1): 7.07
		Vehicle arrival at machine station: 191.26
		Waiting time until machine travel: 4.05

		Machine travel start time: 195.30999999999997
		Region 0 -> Region 1: 13.0
		Machine arrival at machine station: 208.30999999999997

		Machine 1 (Station 2)-> Task 46: 11.18
		Vehicle arrival at task: 219.48999999999998
		Waiting time until service start time: 0.0

	id: 46
		node: 26
		(x, y, z): (44, 58, 1)
		dem: 30
		earl: 0
		lat: 596
		servt: 10
		pid: 0
		did: 125
		servST: 219.48999999999998
		(h, h_ind): (1, 3)
		load: 30.0

	Finished service at time: 229.48999999999998

	Task 46 -> Task 125: 14.04
	Vehicle arrival at task: 243.52999999999997
	Waiting time until service start time: 0.0

	id: 125
		node: 66
		(x, y, z): (30, 57, 1)
		dem: -30
		earl: 240
		lat: 250
		servt: 10
		pid: 46
		did: 0
		servST: 243.52999999999997
		(h, h_ind): (-1, 0)
		load: 0.0

	Finished service at time: 253.52999999999997

	Task 125 -> Task 65: 14.87
	Vehicle arrival at task: 268.4
	Waiting time until service start time: 0.0

	id: 65
		node: 32
		(x, y, z): (16, 62, 1)
		dem: 15
		earl: 0
		lat: 570
		servt: 10
		pid: 0
		did: 96
		servST: 268.4
		(h, h_ind): (-1, 0)
		load: 15.0

	Finished service at time: 278.4

	Task 65 -> Task 12: 22.36
	Vehicle arrival at task: 300.76
	Waiting time until service start time: 0.0

	id: 12
		node: 9
		(x, y, z): (12, 84, 1)
		dem: 16
		earl: 0
		lat: 565
		servt: 10
		pid: 0
		did: 178
		servST: 300.76
		(h, h_ind): (-1, 0)
		load: 31.0

	Finished service at time: 310.76

	Task 12 -> Task 178: 23.41
	Vehicle arrival at task: 334.17
	Waiting time until service start time: 0.0

	id: 178
		node: 49
		(x, y, z): (20, 106, 1)
		dem: -16
		earl: 0
		lat: 563
		servt: 10
		pid: 12
		did: 0
		servST: 334.17
		(h, h_ind): (-1, 0)
		load: 15.0

	Finished service at time: 344.17

	Task 178 -> Task 23: 2.83
	Vehicle arrival at task: 347.0
	Waiting time until service start time: 0.0

	id: 23
		node: 16
		(x, y, z): (18, 104, 1)
		dem: 18
		earl: 347
		lat: 357
		servt: 10
		pid: 0
		did: 114
		servST: 347.0
		(h, h_ind): (-1, 0)
		load: 33.0

	Finished service at time: 357.0

	Task 23 -> Task 29: 35.06
	Vehicle arrival at task: 392.06
	Waiting time until service start time: 0.0

	id: 29
		node: 19
		(x, y, z): (20, 69, 1)
		dem: 13
		earl: 388
		lat: 398
		servt: 10
		pid: 0
		did: 110
		servST: 392.06
		(h, h_ind): (-1, 0)
		load: 46.0

	Finished service at time: 402.06

	Task 29 -> Task 96: 2.24
	Vehicle arrival at task: 404.3
	Waiting time until service start time: 0.0

	id: 96
		node: 72
		(x, y, z): (18, 70, 1)
		dem: -15
		earl: 401
		lat: 411
		servt: 10
		pid: 65
		did: 0
		servST: 404.3
		(h, h_ind): (-1, 0)
		load: 31.0

	Finished service at time: 414.3

	Task 96 -> Task 110: 16.12
	Vehicle arrival at task: 430.42
	Waiting time until service start time: 0.0

	id: 110
		node: 59
		(x, y, z): (34, 72, 1)
		dem: -13
		earl: 0
		lat: 588
		servt: 10
		pid: 29
		did: 0
		servST: 430.42
		(h, h_ind): (-1, 0)
		load: 18.0

	Finished service at time: 440.42

	Task 110 -> Task 74: 18.03
	Vehicle arrival at task: 458.45000000000005
	Waiting time until service start time: 0.0

	id: 74
		node: 39
		(x, y, z): (35, 90, 1)
		dem: 20
		earl: 456
		lat: 466
		servt: 10
		pid: 0
		did: 39
		servST: 458.45000000000005
		(h, h_ind): (-1, 0)
		load: 38.0

	Finished service at time: 468.45000000000005

	Task 74 -> Task 39: 13.89
	Vehicle arrival at task: 482.34000000000003
	Waiting time until service start time: 0.0

	id: 39
		node: 79
		(x, y, z): (47, 83, 1)
		dem: -20
		earl: 0
		lat: 598
		servt: 10
		pid: 74
		did: 0
		servST: 482.34000000000003
		(h, h_ind): (-1, 0)
		load: 18.0

	Finished service at time: 492.34000000000003

	Task 39 -> Task 114: 21.1
	Vehicle arrival at task: 513.44
	Waiting time until service start time: 0.0

	id: 114
		node: 56
		(x, y, z): (29, 94, 1)
		dem: -18
		earl: 0
		lat: 577
		servt: 10
		pid: 23
		did: 0
		servST: 513.44
		(h, h_ind): (-1, 0)
		load: 0.0

	Finished service at time: 523.44

	Using Machine: 4
		Task 114 -> Machine 4 (Station 2): 40.45
		Vehicle arrival at machine station: 563.8900000000001
		Waiting time until machine travel: 0.0

		Machine travel start time: 563.8900000000001
		Region 1 -> Region 0: 12.81
		Machine arrival at machine station: 576.7

		Machine 4 (Station 1)-> Task 0: 34.66
		Vehicle arrival at task: 611.36
		Waiting time until service start time: 0.0

	id: 0
		node: 82
		(x, y, z): (70, 70, 0)
		dem: 0
		earl: 0
		lat: 634
		servt: 0
		pid: 0
		did: 0
		servST: 611.3600000000001
		(h, h_ind): (4, 3)
		load: 0.0


Vehicle 32 :
	id: 0
		node: 1
		(x, y, z): (70, 70, 0)
		dem: 0
		earl: 0
		lat: 634
		servt: 0
		pid: 0
		did: 0
		servST: 0.9899999999999949
		(h, h_ind): (-1, 0)
		load: 0.0

	Finished service at time: 0.9899999999999949

	Using Machine: 1
		Task 0 -> Machine 1 (Station 1): 42.45
		Vehicle arrival at machine station: 43.44
		Waiting time until machine travel: 0.0

		Machine travel start time: 43.44
		Region 0 -> Region 1: 13.0
		Machine arrival at machine station: 56.44

		Machine 1 (Station 2)-> Task 73: 54.56
		Vehicle arrival at task: 111.0
		Waiting time until service start time: 0.0

	id: 73
		node: 38
		(x, y, z): (70, 94, 1)
		dem: 32
		earl: 101
		lat: 111
		servt: 10
		pid: 0
		did: 194
		servST: 111.0
		(h, h_ind): (1, 1)
		load: 32.0

	Finished service at time: 121.0

	Task 73 -> Task 194: 37.7
	Vehicle arrival at task: 158.7
	Waiting time until service start time: 0.2

	id: 194
		node: 78
		(x, y, z): (56, 129, 1)
		dem: -32
		earl: 0
		lat: 564
		servt: 10
		pid: 73
		did: 0
		servST: 158.89999999999998
		(h, h_ind): (-1, 0)
		load: 0.0

	Finished service at time: 168.89999999999998

	Task 194 -> Task 2: 53.94
	Vehicle arrival at task: 222.83999999999997
	Waiting time until service start time: 0.0

	id: 2
		node: 2
		(x, y, z): (109, 139, 1)
		dem: 8
		earl: 0
		lat: 545
		servt: 10
		pid: 0
		did: 121
		servST: 222.83999999999997
		(h, h_ind): (-1, 0)
		load: 8.0

	Finished service at time: 232.83999999999997

	Task 2 -> Task 8: 19.21
	Vehicle arrival at task: 252.04999999999998
	Waiting time until service start time: 0.0

	id: 8
		node: 6
		(x, y, z): (121, 124, 1)
		dem: 21
		earl: 0
		lat: 550
		servt: 10
		pid: 0
		did: 40
		servST: 252.04999999999998
		(h, h_ind): (-1, 0)
		load: 29.0

	Finished service at time: 262.04999999999995

	Task 8 -> Task 16: 14.21
	Vehicle arrival at task: 276.25999999999993
	Waiting time until service start time: 0.0

	id: 16
		node: 12
		(x, y, z): (132, 133, 1)
		dem: 24
		earl: 0
		lat: 536
		servt: 10
		pid: 0
		did: 60
		servST: 276.26
		(h, h_ind): (-1, 0)
		load: 53.0

	Finished service at time: 286.26

	Task 16 -> Task 60: 69.64
	Vehicle arrival at task: 355.9
	Waiting time until service start time: 0.0

	id: 60
		node: 52
		(x, y, z): (73, 96, 1)
		dem: -24
		earl: 0
		lat: 598
		servt: 10
		pid: 16
		did: 0
		servST: 355.9
		(h, h_ind): (-1, 0)
		load: 29.0

	Finished service at time: 365.9

	Task 60 -> Task 40: 46.1
	Vehicle arrival at task: 412.0
	Waiting time until service start time: 0.0

	id: 40
		node: 46
		(x, y, z): (92, 138, 1)
		dem: -21
		earl: 412
		lat: 422
		servt: 10
		pid: 8
		did: 0
		servST: 412.0
		(h, h_ind): (-1, 0)
		load: 8.0

	Finished service at time: 422.0

	Task 40 -> Task 121: 27.89
	Vehicle arrival at task: 449.89
	Waiting time until service start time: 3.73

	id: 121
		node: 42
		(x, y, z): (85, 111, 1)
		dem: -8
		earl: 0
		lat: 581
		servt: 10
		pid: 2
		did: 0
		servST: 453.62
		(h, h_ind): (-1, 0)
		load: 0.0

	Finished service at time: 463.62

	Task 121 -> Task 52: 31.38
	Vehicle arrival at task: 495.0
	Waiting time until service start time: 0.0

	id: 52
		node: 28
		(x, y, z): (58, 95, 1)
		dem: 35
		earl: 495
		lat: 505
		servt: 10
		pid: 0
		did: 97
		servST: 495.0
		(h, h_ind): (-1, 0)
		load: 35.0

	Finished service at time: 505.0

	Task 52 -> Task 97: 15.0
	Vehicle arrival at task: 520.0
	Waiting time until service start time: 0.0

	id: 97
		node: 68
		(x, y, z): (58, 80, 1)
		dem: -35
		earl: 0
		lat: 609
		servt: 10
		pid: 52
		did: 0
		servST: 520.0
		(h, h_ind): (-1, 0)
		load: 0.0

	Finished service at time: 530.0

	Using Machine: 1
		Task 97 -> Machine 1 (Station 2): 36.12
		Vehicle arrival at machine station: 566.12
		Waiting time until machine travel: 0.0

		Machine travel start time: 566.12
		Region 1 -> Region 0: 13.0
		Machine arrival at machine station: 579.12

		Machine 1 (Station 1)-> Task 0: 42.45
		Vehicle arrival at task: 621.57
		Waiting time until service start time: 0.0

	id: 0
		node: 82
		(x, y, z): (70, 70, 0)
		dem: 0
		earl: 0
		lat: 634
		servt: 0
		pid: 0
		did: 0
		servST: 621.57
		(h, h_ind): (1, 5)
		load: 0.0


---------------------| MACHINES |---------------------

Machine 1 :
	setup duration: 0.0

	vehicle: 32
	vehicleInd: 2
	(orig, dest): (0, 73)
	(origRegion, destRegion): (0, 1)
	st: 43.44
	duration: 13.0

	setup duration: 13.0

	vehicle: 2
	vehicleInd: 4
	(orig, dest): (70, 54)
	(origRegion, destRegion): (0, 1)
	st: 100.63
	duration: 13.0

	setup duration: 13.0

	vehicle: 27
	vehicleInd: 6
	(orig, dest): (188, 46)
	(origRegion, destRegion): (0, 1)
	st: 195.30999999999997
	duration: 13.0

	setup duration: 0.0

	vehicle: 2
	vehicleInd: 8
	(orig, dest): (177, 0)
	(origRegion, destRegion): (1, 0)
	st: 449.85
	duration: 13.0

	setup duration: 13.0

	vehicle: 32
	vehicleInd: 12
	(orig, dest): (97, 0)
	(origRegion, destRegion): (1, 0)
	st: 566.12
	duration: 13.0


Machine 3 :
	setup duration: 0.0

	vehicle: 21
	vehicleInd: 2
	(orig, dest): (0, 43)
	(origRegion, destRegion): (0, 1)
	st: 43.41
	duration: 17.46

	setup duration: 0.0

	vehicle: 10
	vehicleInd: 10
	(orig, dest): (58, 0)
	(origRegion, destRegion): (1, 0)
	st: 453.12
	duration: 17.46


Machine 4 :
	setup duration: 0.0

	vehicle: 10
	vehicleInd: 2
	(orig, dest): (0, 30)
	(origRegion, destRegion): (0, 1)
	st: 34.97
	duration: 12.81

	setup duration: 0.0

	vehicle: 21
	vehicleInd: 12
	(orig, dest): (111, 0)
	(origRegion, destRegion): (1, 0)
	st: 458.53
	duration: 12.81

	setup duration: 12.81

	vehicle: 27
	vehicleInd: 18
	(orig, dest): (114, 0)
	(origRegion, destRegion): (1, 0)
	st: 563.8900000000001
	duration: 12.81


-------------------| COMPL. TIMES |-------------------

Vehicle 0 : 0.0
Vehicle 1 : 285.07000000000005
Vehicle 2 : 478.99
Vehicle 3 : 0.0
Vehicle 4 : 0.0
Vehicle 5 : 0.0
Vehicle 6 : 0.0
Vehicle 7 : 0.0
Vehicle 8 : 0.0
Vehicle 9 : 0.0
Vehicle 10 : 507.75
Vehicle 11 : 249.89
Vehicle 12 : 0.0
Vehicle 13 : 0.0
Vehicle 14 : 0.0
Vehicle 15 : 0.0
Vehicle 16 : 0.0
Vehicle 17 : 0.0
Vehicle 18 : 0.0
Vehicle 19 : 556.74
Vehicle 20 : 0.0
Vehicle 21 : 500.07
Vehicle 22 : 0.0
Vehicle 23 : 0.0
Vehicle 24 : 0.0
Vehicle 25 : 0.0
Vehicle 26 : 0.0
Vehicle 27 : 600.0800000000002
Vehicle 28 : 0.0
Vehicle 29 : 0.0
Vehicle 30 : 0.0
Vehicle 31 : 0.0
Vehicle 32 : 620.58
Vehicle 33 : 0.0
Vehicle 34 : 0.0
Vehicle 35 : 0.0
Vehicle 36 : 0.0
Vehicle 37 : 0.0
Vehicle 38 : 0.0
Vehicle 39 : 0.0
-------------------| STATISTICS |-------------------

    Vehicles used                           : 20.0
    Machines used                           : 60.0
    Max load (vehicles)                     : 100.0
    Min load (vehicles)                     : 20.9302
    Mean load (vehicles)                    : 72.5995
    Min completion time                     : 39.4148
    Max completion time                     : 97.8833
    Mean completion time                    : 74.9048
    Avrg travel time (with vehicle)         : 9.9979
    Avrg travel time (only with vehicle)    : 7.2739
    Avrg travel time (no vehicle)           : 2.724
    Avrg waiting time (machine travel)      : 0.0844
    Avrg waiting time (service)             : 1.2402
    Machines travel times (with vehicle)    : [0.0, 16.4038, 0.0, 5.5079, 8.082]
    Machines travel times (no vehicle)      : [0.0, 6.1514, 0.0, 0.0, 2.0205]
    Max load per vehicle                    : [0.0, 84.7222, 20.9302, 0.0, 0.0, 0.0, 0.0, 0.0, 0.0, 0.0, 63.7931, 74.1379, 0.0, 0.0, 0.0, 0.0, 0.0, 0.0, 0.0, 100.0, 0.0, 81.9444, 0.0, 0.0, 0.0, 0.0, 0.0, 63.8889, 0.0, 0.0, 0.0, 0.0, 91.3793, 0.0, 0.0, 0.0, 0.0, 0.0, 0.0, 0.0]

----------------------------------------------------

TOTAL: 3799.17

Everything is awesome!
