-------------------| STATISTICS |-------------------

Vehicles used                           : 11.6667
Machines used                           : 100.0
Max load (vehicles)                     : 100.0
Min load (vehicles)                     : 91.25
Mean load (vehicles)                    : 97.5926
Min completion time                     : 53.8544
Max completion time                     : 93.116
Mean completion time                    : 68.3023
Avrg travel time (with vehicle)         : 3.0553
Avrg travel time (only with vehicle)    : 2.2487
Avrg travel time (no vehicle)           : 0.8066
Avrg waiting time (machine travel)      : 2.952
Avrg waiting time (service)             : 18.3092
Machines travel times (with vehicle)    : [7.1006, 2.8166, 2.5598, 2.2308, 0.5688]
Machines travel times (no vehicle)      : [2.1696, 0.4024, 0.5688, 0.8923, 0.0]
Max load per vehicle                    : [0.0, 0.0, 0.0, 0.0, 0.0, 0.0, 0.0, 0.0, 0.0, 0.0, 0.0, 100.0, 97.5, 0.0, 0.0, 0.0, 0.0, 91.25, 0.0, 0.0, 0.0, 0.0, 0.0, 0.0, 0.0, 0.0, 0.0, 0.0, 0.0, 0.0, 0.0, 0.0, 0.0, 0.0, 0.0, 0.0, 0.0, 0.0, 100.0, 0.0, 0.0, 0.0, 0.0, 0.0, 0.0, 0.0, 98.1481, 0.0, 0.0, 0.0, 100.0, 0.0, 0.0, 0.0, 96.25, 0.0, 0.0, 0.0, 0.0, 0.0]

----------------------------------------------------

TOTAL: 12120.24

Everything is awesome!
