Set parameter WLSAccessID
Set parameter WLSSecret
Set parameter LicenseID to value 2661775
Academic license 2661775 - for non-commercial use only - registered to me___@dcc.ufba.br
Loading line 2: methodType heur
Loading line 3: methodCode mslp
Loading line 4: seed 0
Loading line 5: threads 1
Loading line 6: greedy_service_order random
Loading line 7: outputFlagGrbMSLP 0
Loading line 8: mslpa 60000
Loading line 9: mslpr I
Loading line 10: maxtime 3600
Loading line 11: output ./logs/
Loading line 12: printsol 1
Loading line 13: solverMethod A
Loading line 14: alpha 0.05 # selected from preliminary experiments
Instance: LR2_2_3_t2_40R_40V_02F_06M

[13:56:58.181] Running Data.readData with file /dados/rmelo/PDPTW-SE/benchmark_multi_floor_v3/official_experiments/multistartlp/official/set_01_pt_01/../../../../instances/orig_ams_fg/40R_40V_02F_06M/t2/LR2_2_3/
vehicles: Vehicle[Vehicle(0, 48), Vehicle(1, 60), Vehicle(2, 72), Vehicle(3, 48), Vehicle(4, 48), Vehicle(5, 72), Vehicle(6, 60), Vehicle(7, 72), Vehicle(8, 72), Vehicle(9, 48), Vehicle(10, 72), Vehicle(11, 48), Vehicle(12, 60), Vehicle(13, 48), Vehicle(14, 60), Vehicle(15, 72), Vehicle(16, 60), Vehicle(17, 72), Vehicle(18, 48), Vehicle(19, 48), Vehicle(20, 60), Vehicle(21, 72), Vehicle(22, 72), Vehicle(23, 48), Vehicle(24, 72), Vehicle(25, 48), Vehicle(26, 60), Vehicle(27, 60), Vehicle(28, 48), Vehicle(29, 60), Vehicle(30, 60), Vehicle(31, 48), Vehicle(32, 48), Vehicle(33, 60), Vehicle(34, 60), Vehicle(35, 48), Vehicle(36, 60), Vehicle(37, 72), Vehicle(38, 48), Vehicle(39, 60)]
vehicle_types: Vehicle[Vehicle(0, 48), Vehicle(1, 60), Vehicle(2, 72)]
Machine[Machine(0, Point[Point(74, 70, 0), Point(74, 70, 1)], 0.2), Machine(1, Point[Point(76, 70, 0), Point(76, 70, 1)], 0.2), Machine(2, Point[Point(72, 70, 0), Point(72, 70, 1)], 0.2), Machine(3, Point[Point(78, 70, 0), Point(78, 70, 1)], 0.2), Machine(4, Point[Point(80, 70, 0), Point(80, 70, 1)], 0.2), Machine(5, Point[Point(68, 70, 0), Point(68, 70, 1)], 0.2)]
refs: [1, 2, 3, 4, 5, 6, 7, 9, 11, 14, 15, 16, 17, 18, 19, 20, 21, 22, 23, 24, 27, 28, 29, 30, 31, 32, 33, 37, 38, 40, 41, 42, 44, 45, 46, 49, 50, 51, 53, 54, 55, 35, 52, 60, 26, 34, 13, 57, 70, 63, 74, 61, 8, 78, 71, 81, 58, 72, 79, 36, 73, 80, 64, 77, 76, 12, 39, 25, 69, 65, 56, 48, 68, 62, 67, 59, 75, 10, 43, 47, 66, 1]
V: [1, 2, 3, 4, 5, 6, 7, 8, 9, 10, 11, 12, 13, 14, 15, 16, 17, 18, 19, 20, 21, 22, 23, 24, 25, 26, 27, 28, 29, 30, 31, 32, 33, 34, 35, 36, 37, 38, 39, 40, 41, 42, 43, 44, 45, 46, 47, 48, 49, 50, 51, 52, 53, 54, 55, 56, 57, 58, 59, 60, 61, 62, 63, 64, 65, 66, 67, 68, 69, 70, 71, 72, 73, 74, 75, 76, 77, 78, 79, 80, 81]
V_p: [2, 3, 4, 5, 6, 7, 8, 9, 10, 11, 12, 13, 14, 15, 16, 17, 18, 19, 20, 21, 22, 23, 24, 25, 26, 27, 28, 29, 30, 31, 32, 33, 34, 35, 36, 37, 38, 39, 40, 41]
V_d: [42, 43, 44, 45, 46, 47, 48, 49, 50, 51, 52, 53, 54, 55, 56, 57, 58, 59, 60, 61, 62, 63, 64, 65, 66, 67, 68, 69, 70, 71, 72, 73, 74, 75, 76, 77, 78, 79, 80, 81]
Vprime: [1, 2, 3, 4, 5, 6, 7, 8, 9, 10, 11, 12, 13, 14, 15, 16, 17, 18, 19, 20, 21, 22, 23, 24, 25, 26, 27, 28, 29, 30, 31, 32, 33, 34, 35, 36, 37, 38, 39, 40, 41, 42, 43, 44, 45, 46, 47, 48, 49, 50, 51, 52, 53, 54, 55, 56, 57, 58, 59, 60, 61, 62, 63, 64, 65, 66, 67, 68, 69, 70, 71, 72, 73, 74, 75, 76, 77, 78, 79, 80, 81, 82]
V: [1, 2, 3, 4, 5, 6, 7, 8, 9, 10, 11, 12, 13, 14, 15, 16, 17, 18, 19, 20, 21, 22, 23, 24, 25, 26, 27, 28, 29, 30, 31, 32, 33, 34, 35, 36, 37, 38, 39, 40, 41, 42, 43, 44, 45, 46, 47, 48, 49, 50, 51, 52, 53, 54, 55, 56, 57, 58, 59, 60, 61, 62, 63, 64, 65, 66, 67, 68, 69, 70, 71, 72, 73, 74, 75, 76, 77, 78, 79, 80, 81]
q: [0, 20, 14, 26, 27, 18, 22, 9, 22, 19, 27, 8, 20, 14, 13, 21, 12, 30, 13, 13, 8, 20, 36, 15, 21, 6, 15, 15, 16, 20, 26, 1, 13, 20, 32, 31, 19, 17, 12, 9, 9, -20, -14, -26, -27, -18, -22, -9, -22, -19, -27, -8, -20, -14, -13, -21, -12, -30, -13, -13, -8, -20, -36, -15, -21, -6, -15, -15, -16, -20, -26, -1, -13, -20, -32, -31, -19, -17, -12, -9, -9, 0]
H: [1, 2, 3, 4, 5, 6]
f: [[1, 1, 1, 1, 1, 1], [2, 2, 2, 2, 2, 2], [2, 2, 2, 2, 2, 2], [2, 2, 2, 2, 2, 2], [1, 1, 1, 1, 1, 1], [2, 2, 2, 2, 2, 2], [1, 1, 1, 1, 1, 1], [2, 2, 2, 2, 2, 2], [2, 2, 2, 2, 2, 2], [1, 1, 1, 1, 1, 1], [2, 2, 2, 2, 2, 2], [2, 2, 2, 2, 2, 2], [1, 1, 1, 1, 1, 1], [2, 2, 2, 2, 2, 2], [2, 2, 2, 2, 2, 2], [2, 2, 2, 2, 2, 2], [2, 2, 2, 2, 2, 2], [2, 2, 2, 2, 2, 2], [2, 2, 2, 2, 2, 2], [2, 2, 2, 2, 2, 2], [2, 2, 2, 2, 2, 2], [2, 2, 2, 2, 2, 2], [2, 2, 2, 2, 2, 2], [2, 2, 2, 2, 2, 2], [2, 2, 2, 2, 2, 2], [2, 2, 2, 2, 2, 2], [2, 2, 2, 2, 2, 2], [1, 1, 1, 1, 1, 1], [1, 1, 1, 1, 1, 1], [1, 1, 1, 1, 1, 1], [2, 2, 2, 2, 2, 2], [1, 1, 1, 1, 1, 1], [1, 1, 1, 1, 1, 1], [1, 1, 1, 1, 1, 1], [2, 2, 2, 2, 2, 2], [2, 2, 2, 2, 2, 2], [1, 1, 1, 1, 1, 1], [2, 2, 2, 2, 2, 2], [2, 2, 2, 2, 2, 2], [1, 1, 1, 1, 1, 1], [1, 1, 1, 1, 1, 1], [1, 1, 1, 1, 1, 1], [2, 2, 2, 2, 2, 2], [2, 2, 2, 2, 2, 2], [1, 1, 1, 1, 1, 1], [1, 1, 1, 1, 1, 1], [2, 2, 2, 2, 2, 2], [1, 1, 1, 1, 1, 1], [1, 1, 1, 1, 1, 1], [1, 1, 1, 1, 1, 1], [2, 2, 2, 2, 2, 2], [1, 1, 1, 1, 1, 1], [1, 1, 1, 1, 1, 1], [1, 1, 1, 1, 1, 1], [2, 2, 2, 2, 2, 2], [1, 1, 1, 1, 1, 1], [2, 2, 2, 2, 2, 2], [1, 1, 1, 1, 1, 1], [2, 2, 2, 2, 2, 2], [2, 2, 2, 2, 2, 2], [1, 1, 1, 1, 1, 1], [1, 1, 1, 1, 1, 1], [2, 2, 2, 2, 2, 2], [2, 2, 2, 2, 2, 2], [1, 1, 1, 1, 1, 1], [1, 1, 1, 1, 1, 1], [1, 1, 1, 1, 1, 1], [2, 2, 2, 2, 2, 2], [2, 2, 2, 2, 2, 2], [2, 2, 2, 2, 2, 2], [2, 2, 2, 2, 2, 2], [2, 2, 2, 2, 2, 2], [1, 1, 1, 1, 1, 1], [2, 2, 2, 2, 2, 2], [1, 1, 1, 1, 1, 1], [2, 2, 2, 2, 2, 2], [1, 1, 1, 1, 1, 1], [1, 1, 1, 1, 1, 1], [1, 1, 1, 1, 1, 1], [1, 1, 1, 1, 1, 1], [1, 1, 1, 1, 1, 1], [1, 1, 1, 1, 1, 1]]
1 1 1 -> 0.0
1 2 1 -> 5.0
2 1 1 -> 5.0
2 2 1 -> 0.0
1 1 2 -> 0.0
1 2 2 -> 5.0
2 1 2 -> 5.0
2 2 2 -> 0.0
1 1 3 -> 0.0
1 2 3 -> 5.0
2 1 3 -> 5.0
2 2 3 -> 0.0
1 1 4 -> 0.0
1 2 4 -> 5.0
2 1 4 -> 5.0
2 2 4 -> 0.0
1 1 5 -> 0.0
1 2 5 -> 5.0
2 1 5 -> 5.0
2 2 5 -> 0.0
1 1 6 -> 0.0
1 2 6 -> 5.0
2 1 6 -> 5.0
2 2 6 -> 0.0
o: (1, 2, 1) => 5.0
o: (1, 2, 5) => 5.0
o: (1, 2, 3) => 5.0
o: (1, 1, 2) => 0.0
o: (2, 2, 6) => 0.0
o: (2, 1, 4) => 5.0
o: (1, 2, 2) => 5.0
o: (1, 1, 6) => 0.0
o: (2, 1, 1) => 5.0
o: (2, 1, 5) => 5.0
o: (2, 1, 3) => 5.0
o: (2, 2, 4) => 0.0
o: (1, 2, 6) => 5.0
o: (2, 2, 1) => 0.0
o: (2, 2, 5) => 0.0
o: (2, 2, 3) => 0.0
o: (2, 1, 2) => 5.0
o: (1, 1, 4) => 0.0
o: (1, 1, 1) => 0.0
o: (1, 1, 5) => 0.0
o: (1, 1, 3) => 0.0
o: (1, 2, 4) => 5.0
o: (2, 2, 2) => 0.0
o: (2, 1, 6) => 5.0

[109, 2730, 2720, 2646, 2636, 2641, 2546, 6]
JOBS in the order of refs (Vprime)
Node 1: Job(0, Point(70, 70, 0), 0, 0, 2535, 0, 0, 0)
Node 2: Job(3, Point(30, 57, 1), 20, 0, 2483, 10, 0, 52)
Node 3: Job(4, Point(29, 60, 1), 14, 0, 2483, 10, 0, 76)
Node 4: Job(5, Point(69, 116, 1), 26, 0, 2479, 10, 0, 99)
Node 5: Job(6, Point(137, 137, 0), 27, 378, 539, 10, 0, 40)
Node 6: Job(7, Point(103, 119, 1), 18, 1329, 1463, 10, 0, 51)
Node 7: Job(8, Point(78, 111, 0), 22, 112, 222, 10, 0, 21)
Node 8: Job(13, Point(121, 123, 1), 9, 0, 2452, 10, 0, 83)
Node 9: Job(18, Point(79, 72, 1), 22, 0, 2516, 10, 0, 150)
Node 10: Job(23, Point(78, 63, 0), 19, 0, 2515, 10, 0, 116)
Node 11: Job(24, Point(95, 135, 1), 27, 1622, 1703, 10, 0, 175)
Node 12: Job(26, Point(64, 132, 1), 8, 168, 411, 10, 0, 105)
Node 13: Job(29, Point(120, 14, 0), 20, 1030, 1159, 10, 0, 9)
Node 14: Job(30, Point(10, 86, 1), 14, 0, 2463, 10, 0, 188)
Node 15: Job(31, Point(140, 42, 1), 13, 0, 2450, 10, 0, 155)
Node 16: Job(32, Point(121, 124, 1), 21, 575, 744, 10, 0, 198)
Node 17: Job(33, Point(42, 29, 1), 12, 0, 2476, 10, 0, 97)
Node 18: Job(34, Point(44, 58, 1), 30, 47, 182, 10, 0, 165)
Node 19: Job(36, Point(41, 36, 1), 13, 203, 328, 10, 0, 192)
Node 20: Job(37, Point(106, 10, 1), 13, 1229, 1282, 10, 0, 53)
Node 21: Job(41, Point(81, 57, 1), 8, 33, 104, 10, 0, 173)
Node 22: Job(42, Point(120, 52, 1), 20, 0, 2472, 10, 0, 194)
Node 23: Job(43, Point(113, 32, 1), 36, 0, 2468, 10, 0, 120)
Node 24: Job(45, Point(82, 103, 1), 15, 0, 2490, 10, 0, 186)
Node 25: Job(46, Point(10, 111, 1), 21, 1975, 2088, 10, 0, 180)
Node 26: Job(47, Point(90, 44, 1), 6, 240, 298, 10, 0, 19)
Node 27: Job(49, Point(89, 24, 1), 15, 0, 2476, 10, 0, 56)
Node 28: Job(54, Point(13, 48, 0), 15, 1691, 1793, 10, 0, 39)
Node 29: Job(55, Point(84, 88, 0), 16, 1428, 1541, 10, 0, 148)
Node 30: Job(57, Point(69, 115, 0), 20, 0, 2480, 10, 0, 126)
Node 31: Job(58, Point(59, 115, 1), 26, 1239, 1392, 10, 0, 82)
Node 32: Job(59, Point(105, 2, 0), 1, 0, 2449, 10, 0, 72)
Node 33: Job(61, Point(104, 54, 0), 13, 208, 333, 10, 0, 138)
Node 34: Job(62, Point(54, 33, 0), 20, 118, 204, 10, 0, 108)
Node 35: Job(63, Point(32, 52, 1), 32, 0, 2483, 10, 0, 137)
Node 36: Job(73, Point(39, 100, 1), 31, 0, 2482, 10, 0, 98)
Node 37: Job(74, Point(48, 47, 0), 19, 94, 161, 10, 0, 179)
Node 38: Job(75, Point(104, 73, 1), 17, 0, 2491, 10, 0, 15)
Node 39: Job(77, Point(103, 44, 1), 12, 0, 2483, 10, 0, 60)
Node 40: Job(78, Point(73, 96, 0), 9, 656, 793, 10, 0, 69)
Node 41: Job(80, Point(71, 70, 0), 9, 0, 2524, 10, 0, 132)
Node 42: Job(52, Point(61, 34, 0), -20, 1910, 1991, 10, 3, 0)
Node 43: Job(76, Point(9, 19, 1), -14, 1472, 1631, 10, 4, 0)
Node 44: Job(99, Point(70, 83, 1), -26, 0, 2512, 10, 5, 0)
Node 45: Job(40, Point(132, 133, 0), -27, 0, 2437, 10, 6, 0)
Node 46: Job(51, Point(98, 4, 0), -18, 0, 2454, 10, 7, 0)
Node 47: Job(21, Point(109, 139, 1), -22, 469, 555, 10, 8, 0)
Node 48: Job(83, Point(16, 92, 0), -9, 0, 2467, 10, 13, 0)
Node 49: Job(150, Point(64, 115, 0), -22, 514, 687, 10, 18, 0)
Node 50: Job(116, Point(89, 39, 0), -19, 101, 190, 10, 23, 0)
Node 51: Job(175, Point(90, 14, 1), -27, 0, 2466, 10, 24, 0)
Node 52: Job(105, Point(19, 120, 0), -8, 0, 2454, 10, 26, 0)
Node 53: Job(9, Point(107, 25, 0), -20, 1133, 1176, 10, 29, 0)
Node 54: Job(188, Point(15, 9, 0), -14, 1663, 1738, 10, 30, 0)
Node 55: Job(155, Point(117, 4, 1), -13, 0, 2444, 10, 31, 0)
Node 56: Job(198, Point(8, 138, 0), -21, 1138, 1312, 10, 32, 0)
Node 57: Job(97, Point(33, 0, 1), -12, 1920, 2060, 10, 33, 0)
Node 58: Job(165, Point(28, 62, 0), -30, 0, 2483, 10, 34, 0)
Node 59: Job(192, Point(44, 36, 1), -13, 211, 290, 10, 36, 0)
Node 60: Job(53, Point(60, 84, 1), -13, 1914, 2059, 10, 37, 0)
Node 61: Job(173, Point(67, 120, 0), -8, 1416, 1574, 10, 41, 0)
Node 62: Job(194, Point(120, 102, 0), -20, 407, 486, 10, 42, 0)
Node 63: Job(120, Point(92, 22, 1), -36, 0, 2473, 10, 43, 0)
Node 64: Job(186, Point(103, 82, 1), -15, 0, 2490, 10, 45, 0)
Node 65: Job(180, Point(29, 94, 0), -21, 0, 2478, 10, 46, 0)
Node 66: Job(19, Point(104, 32, 0), -6, 0, 2475, 10, 47, 0)
Node 67: Job(56, Point(86, 40, 0), -15, 0, 2491, 10, 49, 0)
Node 68: Job(39, Point(83, 38, 1), -15, 1885, 2046, 10, 54, 0)
Node 69: Job(148, Point(58, 80, 1), -16, 1820, 1976, 10, 55, 0)
Node 70: Job(126, Point(40, 113, 1), -20, 0, 2473, 10, 57, 0)
Node 71: Job(82, Point(36, 54, 1), -26, 1482, 1614, 10, 58, 0)
Node 72: Job(72, Point(88, 29, 1), -1, 0, 2481, 10, 59, 0)
Node 73: Job(138, Point(100, 99, 0), -13, 1216, 1295, 10, 61, 0)
Node 74: Job(108, Point(15, 18, 1), -20, 1581, 1739, 10, 62, 0)
Node 75: Job(137, Point(69, 6, 0), -32, 328, 456, 10, 63, 0)
Node 76: Job(98, Point(18, 104, 1), -31, 1350, 1463, 10, 73, 0)
Node 77: Job(179, Point(60, 23, 0), -19, 0, 2477, 10, 74, 0)
Node 78: Job(15, Point(137, 7, 0), -17, 0, 2434, 10, 75, 0)
Node 79: Job(60, Point(107, 77, 0), -12, 0, 2488, 10, 77, 0)
Node 80: Job(69, Point(103, 77, 0), -9, 1203, 1242, 10, 78, 0)
Node 81: Job(132, Point(140, 36, 0), -9, 0, 2448, 10, 80, 0)
Node 82: Job(0, Point(70, 70, 0), 0, 0, 2535, 0, 0, 0)

### Preprocessing Data ###
	-> arcs: 6724 (100.0%)
	-> arc_removals: 2046 (30.43%)
	-> arc_removals_is_loop: 82 (1.22%)
	-> arc_removals_is_delivery_to_pickup: 42 (0.62%)
	-> arc_removals_is_depot_begin_to_delivery: 40 (0.59%)
	-> arc_removals_is_pickup_to_depot_end: 40 (0.59%)
	-> arc_removals_is_dest_depot_begin: 80 (1.19%)
	-> arc_removals_is_orig_depot_end: 79 (1.17%)
	-> arc_removals_is_capacity_violated: 0 (0.0%)
	-> arc_removals_is_time_window_limited: 1183 (17.59%)
	-> arc_removals_is_time_window_pairing_limited: 350 (5.21%)
	-> arc_removals_is_indirect_request_service_impossible: 150 (2.23%)
	-> gamma_vars: 0 (0%)
	-> feas_gamma_vars: 0 (0%)
	-> infeas_gamma_vars_is_next_mtrv_unreachable: 0 (0%)
	-> infeas_gamma_vars_is_iprime_jprime_eq_i_j: 0 (0%)
	-> machine_removal_for_an_arc: 0 (0.0%)
##########################

[13:57:08.382] Print configuration
------------------------------------------------------
"
[13:57:08.382] Running Multi Start Heuristic"
> Experiment started at 2025-10-15T13:57:08.382
> Instance: LR2_2_3_t2_40R_40V_02F_06M
> Algorithm Parameters:


	>Stop params:
		>  - rule ITERATIONS
		>  - argument 60000.0
		>  - maximum_time 3600

	>General params:
		>  - instPath /dados/rmelo/PDPTW-SE/benchmark_multi_floor_v3/official_experiments/multistartlp/official/set_01_pt_01/../../../../instances/orig_ams_fg/40R_40V_02F_06M/t2/LR2_2_3/
		>  - name LR2_2_3
		>  - type t2
		>  - group 40R_40V_02F_06M
		>  - fullname LR2_2_3_t2_40R_40V_02F_06M
		>  - methodType heur
		>  - methodCode mslp
		>  - genconfigfile /dados/rmelo/PDPTW-SE/benchmark_multi_floor_v3/official_experiments/multistartlp/official/set_01_pt_01/configs/genconfig_mslp.conf
		>  - genconfigfilename genconfig_mslp
		>  - greedy_service_order random
		>  - cutoff 0
		>  - cutoffmachs 6
		>  - num_machs 0
		>  - solver Gurobi
		>  - maxtime 3600
		>  - gurobiCuts 1
		>  - typeUserCut 0
		>  - mipPresolve -1
		>  - printsol 1
		>  - maxnodes -1
		>  - elevator 1
		>  - make_instance_feasible false
		>  - output /dados/rmelo/PDPTW-SE/benchmark_multi_floor_v3/official_experiments/multistartlp/official/set_01_pt_01/logs
		>  - suff_outputs _seed_41
		>  - suff_csv _bash_2
		>  - epsilon 0.005
		>  - epsilonCap 0.5
		>  - warmStart false
		>  - seed 41
		>  - rng Random.MersenneTwister(41)
		>  - alpha 0.05
		>  - maxiter 1000000
		>  - outputFlagGrbMIP 0
		>  - outputFlagGrbMSLP 0
		>  - outputFlagGrbLMNS 0
		>  - mslpr I
		>  - mslpa 60000
		>  - lmnsr M
		>  - lmnsa 60
		>  - lmnsRepairTime 30.0
		>  - lmnsMIPFocus 0
		>  - lmnsGapToBiggerDestruction 50
		>  - lmnsGapToSmallerDestruction 95
		>  - lmnsWeightShawDistProx 1.0
		>  - lmnsWeightShawEarlProx 1.0
		>  - lmnsWeightShawSameRoute 1.0
		>  - lmnsWeightShawDemandSim 1.0
		>  - lmnsReqRApplyMIPStart true
		>  - lmnsAcceptanceCriteria H
		>  - lmnsMetropolisTemp 100.0
		>  - lmnsSimulatedAnnealingTemp 100.0
		>  - lmnsSimulatedAnnealingCool 0.95
		>  - mipmaxtime 3600
		>  - csvfilename /dados/rmelo/PDPTW-SE/benchmark_multi_floor_v3/official_experiments/multistartlp/official/set_01_pt_01/logs/heur_mslp/outputs/csvresults_heur_mslp_bash_2.csv
		>  - solfilename /dados/rmelo/PDPTW-SE/benchmark_multi_floor_v3/official_experiments/multistartlp/official/set_01_pt_01/logs/heur_mslp/solutions/40R_40V_02F_06M/LR2_2_3_sol_genconfig_mslp_seed_41.txt
		>  - timelineFilename /dados/rmelo/PDPTW-SE/benchmark_multi_floor_v3/official_experiments/multistartlp/official/set_01_pt_01/logs/heur_mslp/timelines/40R_40V_02F_06M/LR2_2_3_timeline_genconfig_mslp_seed_41.txt
		>  - grbFilename /dados/rmelo/PDPTW-SE/benchmark_multi_floor_v3/official_experiments/multistartlp/official/set_01_pt_01/logs/heur_mslp/gurobi/40R_40V_02F_06M/LR2_2_3_grb_genconfig_mslp_seed_41.log
		>  - threads 1
		>  - solverMethod AUTOMATIC

------------------------------------------------------

[13:57:08.487] Starting running MSLP
objValue;greedysol;iteration;time
7982.45;8247.05;1;0.059171
7890.92;8005.36;38;1.865864
7701.62;7817.52;79;3.319965
7516.68;7609.18;142;5.486175
7372.58;7531.71;172;6.532375
7165.03;7392.59;1056;37.759500
7008.84;7280.65;3533;125.623487
6946.55;7123.07;4772;169.533585
6847.53;6992.80;11566;407.897371
6655.53;6809.51;16056;565.922485
6555.49;6625.48;28109;991.662564

[14:33:09.597] Finished running MSLP
System CPU time: 33.37 seconds

[14:33:09.669] Post running MSLP
Best solution value: 6555.49
Total time elapsed: 2115.163822
Time to best: 991.662564
Iterations: 60000
Iterations to best: 28109
Improvements: 11
Infeasible solutions percentage: (0 / 60000) = 0.0000 %
(LP improvements)/(LP runs) = 60000/60000 = 100.0000 %
Mean LP improvement percentage: 3.3141 %
[14:33:09.932] Writing results to CSV file: /dados/rmelo/PDPTW-SE/benchmark_multi_floor_v3/official_experiments/multistartlp/official/set_01_pt_01/logs/heur_mslp/outputs/csvresults_heur_mslp_bash_2.csv

[14:33:12.008] Saving solution to file:/dados/rmelo/PDPTW-SE/benchmark_multi_floor_v3/official_experiments/multistartlp/official/set_01_pt_01/logs/heur_mslp/solutions/40R_40V_02F_06M/LR2_2_3_sol_genconfig_mslp_seed_41.txt

[14:33:12.008] Saving solution timeline to file: /dados/rmelo/PDPTW-SE/benchmark_multi_floor_v3/official_experiments/multistartlp/official/set_01_pt_01/logs/heur_mslp/timelines/40R_40V_02F_06M/LR2_2_3_timeline_genconfig_mslp_seed_41.txt
---------------------| VEHICLES |---------------------

Vehicle 2 :
	id: 0
		node: 1
		(x, y, z): (70, 70, 0)
		dem: 0
		earl: 0
		lat: 2535
		servt: 0
		pid: 0
		did: 0
		servST: 27.869999999999976
		(h, h_ind): (-1, 0)
		load: 0.0

	Finished service at time: 27.869999999999976

	Using Machine: 5
		Task 0 -> Machine 5 (Station 1): 2.0
		Vehicle arrival at machine station: 29.869999999999976
		Waiting time until machine travel: 0.0

		Machine travel start time: 29.869999999999976
		Region 0 -> Region 1: 5.0
		Machine arrival at machine station: 34.869999999999976

		Machine 5 (Station 2)-> Task 34: 26.83
		Vehicle arrival at task: 61.699999999999974
		Waiting time until service start time: 0.0

	id: 34
		node: 18
		(x, y, z): (44, 58, 1)
		dem: 30
		earl: 47
		lat: 182
		servt: 10
		pid: 0
		did: 165
		servST: 61.699999999999974
		(h, h_ind): (5, 1)
		load: 30.0

	Finished service at time: 71.69999999999997

	Using Machine: 5
		Task 34 -> Machine 5 (Station 2): 26.83
		Vehicle arrival at machine station: 98.52999999999997
		Waiting time until machine travel: 0.0

		Machine travel start time: 98.52999999999997
		Region 1 -> Region 0: 5.0
		Machine arrival at machine station: 103.52999999999997

		Machine 5 (Station 1)-> Task 165: 40.79
		Vehicle arrival at task: 144.31999999999996
		Waiting time until service start time: 0.0

	id: 165
		node: 58
		(x, y, z): (28, 62, 0)
		dem: -30
		earl: 0
		lat: 2483
		servt: 10
		pid: 34
		did: 0
		servST: 144.31999999999996
		(h, h_ind): (5, 3)
		load: 0.0

	Finished service at time: 154.31999999999996

	Task 165 -> Task 0: 42.76
	Vehicle arrival at task: 197.07999999999996
	Waiting time until service start time: 0.0

	id: 0
		node: 82
		(x, y, z): (70, 70, 0)
		dem: 0
		earl: 0
		lat: 2535
		servt: 0
		pid: 0
		did: 0
		servST: 197.07999999999996
		(h, h_ind): (-1, 0)
		load: 0.0


Vehicle 5 :
	id: 0
		node: 1
		(x, y, z): (70, 70, 0)
		dem: 0
		earl: 0
		lat: 2535
		servt: 0
		pid: 0
		did: 0
		servST: 9.359999999999964
		(h, h_ind): (-1, 0)
		load: 0.0

	Finished service at time: 9.359999999999964

	Using Machine: 1
		Task 0 -> Machine 1 (Station 1): 6.0
		Vehicle arrival at machine station: 15.359999999999964
		Waiting time until machine travel: 0.0

		Machine travel start time: 15.359999999999964
		Region 0 -> Region 1: 5.0
		Machine arrival at machine station: 20.359999999999964

		Machine 1 (Station 2)-> Task 43: 53.04
		Vehicle arrival at task: 73.39999999999996
		Waiting time until service start time: 0.0

	id: 43
		node: 23
		(x, y, z): (113, 32, 1)
		dem: 36
		earl: 0
		lat: 2468
		servt: 10
		pid: 0
		did: 120
		servST: 73.39999999999996
		(h, h_ind): (1, 1)
		load: 36.0

	Finished service at time: 83.39999999999996

	Using Machine: 4
		Task 43 -> Machine 4 (Station 2): 50.33
		Vehicle arrival at machine station: 133.72999999999996
		Waiting time until machine travel: 0.0

		Machine travel start time: 133.72999999999996
		Region 1 -> Region 0: 5.0
		Machine arrival at machine station: 138.72999999999996

		Machine 4 (Station 1)-> Task 8: 41.05
		Vehicle arrival at task: 179.77999999999997
		Waiting time until service start time: 0.0

	id: 8
		node: 7
		(x, y, z): (78, 111, 0)
		dem: 22
		earl: 112
		lat: 222
		servt: 10
		pid: 0
		did: 21
		servST: 179.77999999999997
		(h, h_ind): (4, 2)
		load: 58.0

	Finished service at time: 189.77999999999997

	Using Machine: 4
		Task 8 -> Machine 4 (Station 1): 41.05
		Vehicle arrival at machine station: 230.82999999999998
		Waiting time until machine travel: -0.0

		Machine travel start time: 230.82999999999996
		Region 0 -> Region 1: 5.0
		Machine arrival at machine station: 235.82999999999996

		Machine 4 (Station 2)-> Task 120: 49.48
		Vehicle arrival at task: 285.30999999999995
		Waiting time until service start time: 0.0

	id: 120
		node: 63
		(x, y, z): (92, 22, 1)
		dem: -36
		earl: 0
		lat: 2473
		servt: 10
		pid: 43
		did: 0
		servST: 285.30999999999995
		(h, h_ind): (4, 3)
		load: 22.0

	Finished service at time: 295.30999999999995

	Task 120 -> Task 26: 113.51
	Vehicle arrival at task: 408.81999999999994
	Waiting time until service start time: 0.0

	id: 26
		node: 12
		(x, y, z): (64, 132, 1)
		dem: 8
		earl: 168
		lat: 411
		servt: 10
		pid: 0
		did: 105
		servST: 408.81999999999994
		(h, h_ind): (-1, 0)
		load: 30.0

	Finished service at time: 418.81999999999994

	Task 26 -> Task 73: 40.61
	Vehicle arrival at task: 459.42999999999995
	Waiting time until service start time: 0.0

	id: 73
		node: 36
		(x, y, z): (39, 100, 1)
		dem: 31
		earl: 0
		lat: 2482
		servt: 10
		pid: 0
		did: 98
		servST: 459.42999999999995
		(h, h_ind): (-1, 0)
		load: 61.0

	Finished service at time: 469.42999999999995

	Task 73 -> Task 21: 80.13
	Vehicle arrival at task: 549.56
	Waiting time until service start time: 0.0

	id: 21
		node: 47
		(x, y, z): (109, 139, 1)
		dem: -22
		earl: 469
		lat: 555
		servt: 10
		pid: 8
		did: 0
		servST: 549.56
		(h, h_ind): (-1, 0)
		load: 39.0

	Finished service at time: 559.56

	Task 21 -> Task 31: 101.83
	Vehicle arrival at task: 661.39
	Waiting time until service start time: 0.0

	id: 31
		node: 15
		(x, y, z): (140, 42, 1)
		dem: 13
		earl: 0
		lat: 2450
		servt: 10
		pid: 0
		did: 155
		servST: 661.39
		(h, h_ind): (-1, 0)
		load: 52.0

	Finished service at time: 671.39

	Task 31 -> Task 155: 44.42
	Vehicle arrival at task: 715.81
	Waiting time until service start time: 0.0

	id: 155
		node: 55
		(x, y, z): (117, 4, 1)
		dem: -13
		earl: 0
		lat: 2444
		servt: 10
		pid: 31
		did: 0
		servST: 715.81
		(h, h_ind): (-1, 0)
		load: 39.0

	Finished service at time: 725.81

	Using Machine: 5
		Task 155 -> Machine 5 (Station 2): 82.2
		Vehicle arrival at machine station: 808.01
		Waiting time until machine travel: 0.0

		Machine travel start time: 808.01
		Region 1 -> Region 0: 5.0
		Machine arrival at machine station: 813.01

		Machine 5 (Station 1)-> Task 105: 70.01
		Vehicle arrival at task: 883.02
		Waiting time until service start time: 0.0

	id: 105
		node: 52
		(x, y, z): (19, 120, 0)
		dem: -8
		earl: 0
		lat: 2454
		servt: 10
		pid: 26
		did: 0
		servST: 883.02
		(h, h_ind): (5, 6)
		load: 31.0

	Finished service at time: 893.02

	Task 105 -> Task 80: 72.14
	Vehicle arrival at task: 965.16
	Waiting time until service start time: 0.0

	id: 80
		node: 41
		(x, y, z): (71, 70, 0)
		dem: 9
		earl: 0
		lat: 2524
		servt: 10
		pid: 0
		did: 132
		servST: 965.16
		(h, h_ind): (-1, 0)
		load: 40.0

	Finished service at time: 975.16

	Task 80 -> Task 29: 74.41
	Vehicle arrival at task: 1049.57
	Waiting time until service start time: 0.0

	id: 29
		node: 13
		(x, y, z): (120, 14, 0)
		dem: 20
		earl: 1030
		lat: 1159
		servt: 10
		pid: 0
		did: 9
		servST: 1049.57
		(h, h_ind): (-1, 0)
		load: 60.0

	Finished service at time: 1059.57

	Task 29 -> Task 132: 29.73
	Vehicle arrival at task: 1089.3
	Waiting time until service start time: 0.0

	id: 132
		node: 81
		(x, y, z): (140, 36, 0)
		dem: -9
		earl: 0
		lat: 2448
		servt: 10
		pid: 80
		did: 0
		servST: 1089.3
		(h, h_ind): (-1, 0)
		load: 51.0

	Finished service at time: 1099.3

	Task 132 -> Task 9: 34.79
	Vehicle arrival at task: 1134.09
	Waiting time until service start time: 0.0

	id: 9
		node: 53
		(x, y, z): (107, 25, 0)
		dem: -20
		earl: 1133
		lat: 1176
		servt: 10
		pid: 29
		did: 0
		servST: 1134.09
		(h, h_ind): (-1, 0)
		load: 31.0

	Finished service at time: 1144.09

	Using Machine: 4
		Task 9 -> Machine 4 (Station 1): 52.48
		Vehicle arrival at machine station: 1196.57
		Waiting time until machine travel: 0.0

		Machine travel start time: 1196.57
		Region 0 -> Region 1: 5.0
		Machine arrival at machine station: 1201.57

		Machine 4 (Station 2)-> Task 37: 65.39
		Vehicle arrival at task: 1266.96
		Waiting time until service start time: 0.0

	id: 37
		node: 20
		(x, y, z): (106, 10, 1)
		dem: 13
		earl: 1229
		lat: 1282
		servt: 10
		pid: 0
		did: 53
		servST: 1266.96
		(h, h_ind): (4, 9)
		load: 44.0

	Finished service at time: 1276.96

	Task 37 -> Task 58: 115.04
	Vehicle arrival at task: 1392.0
	Waiting time until service start time: 0.0

	id: 58
		node: 31
		(x, y, z): (59, 115, 1)
		dem: 26
		earl: 1239
		lat: 1392
		servt: 10
		pid: 0
		did: 82
		servST: 1392.0
		(h, h_ind): (-1, 0)
		load: 70.0

	Finished service at time: 1402.0

	Task 58 -> Task 98: 42.45
	Vehicle arrival at task: 1444.45
	Waiting time until service start time: 0.0

	id: 98
		node: 76
		(x, y, z): (18, 104, 1)
		dem: -31
		earl: 1350
		lat: 1463
		servt: 10
		pid: 73
		did: 0
		servST: 1444.45
		(h, h_ind): (-1, 0)
		load: 39.0

	Finished service at time: 1454.45

	Task 98 -> Task 30: 19.7
	Vehicle arrival at task: 1474.15
	Waiting time until service start time: 0.0

	id: 30
		node: 14
		(x, y, z): (10, 86, 1)
		dem: 14
		earl: 0
		lat: 2463
		servt: 10
		pid: 0
		did: 188
		servST: 1474.15
		(h, h_ind): (-1, 0)
		load: 53.0

	Finished service at time: 1484.15

	Task 30 -> Task 82: 41.23
	Vehicle arrival at task: 1525.38
	Waiting time until service start time: 0.0

	id: 82
		node: 71
		(x, y, z): (36, 54, 1)
		dem: -26
		earl: 1482
		lat: 1614
		servt: 10
		pid: 58
		did: 0
		servST: 1525.38
		(h, h_ind): (-1, 0)
		load: 27.0

	Finished service at time: 1535.38

	Using Machine: 5
		Task 82 -> Machine 5 (Station 2): 35.78
		Vehicle arrival at machine station: 1571.16
		Waiting time until machine travel: 6.03

		Machine travel start time: 1577.19
		Region 1 -> Region 0: 5.0
		Machine arrival at machine station: 1582.19

		Machine 5 (Station 1)-> Task 188: 80.81
		Vehicle arrival at task: 1663.0
		Waiting time until service start time: 0.0

	id: 188
		node: 54
		(x, y, z): (15, 9, 0)
		dem: -14
		earl: 1663
		lat: 1738
		servt: 10
		pid: 30
		did: 0
		servST: 1663.0
		(h, h_ind): (5, 11)
		load: 13.0

	Finished service at time: 1673.0

	Using Machine: 4
		Task 188 -> Machine 4 (Station 1): 89.14
		Vehicle arrival at machine station: 1762.14
		Waiting time until machine travel: 0.0

		Machine travel start time: 1762.14
		Region 0 -> Region 1: 5.0
		Machine arrival at machine station: 1767.14

		Machine 4 (Station 2)-> Task 75: 24.19
		Vehicle arrival at task: 1791.3300000000002
		Waiting time until service start time: 0.0

	id: 75
		node: 38
		(x, y, z): (104, 73, 1)
		dem: 17
		earl: 0
		lat: 2491
		servt: 10
		pid: 0
		did: 15
		servST: 1791.3300000000002
		(h, h_ind): (4, 14)
		load: 30.0

	Finished service at time: 1801.3300000000002

	Using Machine: 4
		Task 75 -> Machine 4 (Station 2): 24.19
		Vehicle arrival at machine station: 1825.5200000000002
		Waiting time until machine travel: 0.0

		Machine travel start time: 1825.5200000000002
		Region 1 -> Region 0: 5.0
		Machine arrival at machine station: 1830.5200000000002

		Machine 4 (Station 1)-> Task 15: 84.96
		Vehicle arrival at task: 1915.4800000000002
		Waiting time until service start time: 0.0

	id: 15
		node: 78
		(x, y, z): (137, 7, 0)
		dem: -17
		earl: 0
		lat: 2434
		servt: 10
		pid: 75
		did: 0
		servST: 1915.4800000000002
		(h, h_ind): (4, 15)
		load: 13.0

	Finished service at time: 1925.4800000000002

	Using Machine: 0
		Task 15 -> Machine 0 (Station 1): 89.1
		Vehicle arrival at machine station: 2014.5800000000002
		Waiting time until machine travel: 0.0

		Machine travel start time: 2014.5800000000002
		Region 0 -> Region 1: 5.0
		Machine arrival at machine station: 2019.5800000000002

		Machine 0 (Station 2)-> Task 53: 19.8
		Vehicle arrival at task: 2039.38
		Waiting time until service start time: 0.0

	id: 53
		node: 60
		(x, y, z): (60, 84, 1)
		dem: -13
		earl: 1914
		lat: 2059
		servt: 10
		pid: 37
		did: 0
		servST: 2039.38
		(h, h_ind): (0, 3)
		load: 0.0

	Finished service at time: 2049.38

	Using Machine: 5
		Task 53 -> Machine 5 (Station 2): 16.12
		Vehicle arrival at machine station: 2065.5
		Waiting time until machine travel: 0.0

		Machine travel start time: 2065.5
		Region 1 -> Region 0: 5.0
		Machine arrival at machine station: 2070.5

		Machine 5 (Station 1)-> Task 0: 2.0
		Vehicle arrival at task: 2072.5
		Waiting time until service start time: 0.0

	id: 0
		node: 82
		(x, y, z): (70, 70, 0)
		dem: 0
		earl: 0
		lat: 2535
		servt: 0
		pid: 0
		did: 0
		servST: 2072.5
		(h, h_ind): (5, 15)
		load: 0.0


Vehicle 7 :
	id: 0
		node: 1
		(x, y, z): (70, 70, 0)
		dem: 0
		earl: 0
		lat: 2535
		servt: 0
		pid: 0
		did: 0
		servST: 11.069999999999974
		(h, h_ind): (-1, 0)
		load: 0.0

	Finished service at time: 11.069999999999974

	Task 0 -> Task 23: 10.63
	Vehicle arrival at task: 21.699999999999974
	Waiting time until service start time: 0.0

	id: 23
		node: 10
		(x, y, z): (78, 63, 0)
		dem: 19
		earl: 0
		lat: 2515
		servt: 10
		pid: 0
		did: 116
		servST: 21.699999999999974
		(h, h_ind): (-1, 0)
		load: 19.0

	Finished service at time: 31.699999999999974

	Using Machine: 4
		Task 23 -> Machine 4 (Station 1): 7.28
		Vehicle arrival at machine station: 38.979999999999976
		Waiting time until machine travel: 0.0

		Machine travel start time: 38.979999999999976
		Region 0 -> Region 1: 5.0
		Machine arrival at machine station: 43.979999999999976

		Machine 4 (Station 2)-> Task 42: 43.86
		Vehicle arrival at task: 87.83999999999997
		Waiting time until service start time: 0.0

	id: 42
		node: 22
		(x, y, z): (120, 52, 1)
		dem: 20
		earl: 0
		lat: 2472
		servt: 10
		pid: 0
		did: 194
		servST: 87.83999999999997
		(h, h_ind): (4, 1)
		load: 39.0

	Finished service at time: 97.83999999999997

	Using Machine: 3
		Task 42 -> Machine 3 (Station 2): 45.69
		Vehicle arrival at machine station: 143.52999999999997
		Waiting time until machine travel: 0.0

		Machine travel start time: 143.52999999999997
		Region 1 -> Region 0: 5.0
		Machine arrival at machine station: 148.52999999999997

		Machine 3 (Station 1)-> Task 116: 32.89
		Vehicle arrival at task: 181.41999999999996
		Waiting time until service start time: 0.0

	id: 116
		node: 50
		(x, y, z): (89, 39, 0)
		dem: -19
		earl: 101
		lat: 190
		servt: 10
		pid: 23
		did: 0
		servST: 181.41999999999996
		(h, h_ind): (3, 1)
		load: 20.0

	Finished service at time: 191.41999999999996

	Task 116 -> Task 61: 21.21
	Vehicle arrival at task: 212.62999999999997
	Waiting time until service start time: 0.0

	id: 61
		node: 33
		(x, y, z): (104, 54, 0)
		dem: 13
		earl: 208
		lat: 333
		servt: 10
		pid: 0
		did: 138
		servST: 212.62999999999997
		(h, h_ind): (-1, 0)
		load: 33.0

	Finished service at time: 222.62999999999997

	Using Machine: 4
		Task 61 -> Machine 4 (Station 1): 28.84
		Vehicle arrival at machine station: 251.46999999999997
		Waiting time until machine travel: 0.0

		Machine travel start time: 251.46999999999997
		Region 0 -> Region 1: 5.0
		Machine arrival at machine station: 256.46999999999997

		Machine 4 (Station 2)-> Task 47: 27.86
		Vehicle arrival at task: 284.33
		Waiting time until service start time: 0.0

	id: 47
		node: 26
		(x, y, z): (90, 44, 1)
		dem: 6
		earl: 240
		lat: 298
		servt: 10
		pid: 0
		did: 19
		servST: 284.33
		(h, h_ind): (4, 4)
		load: 39.0

	Finished service at time: 294.33

	Using Machine: 4
		Task 47 -> Machine 4 (Station 2): 27.86
		Vehicle arrival at machine station: 322.19
		Waiting time until machine travel: 0.0

		Machine travel start time: 322.19
		Region 1 -> Region 0: 5.0
		Machine arrival at machine station: 327.19

		Machine 4 (Station 1)-> Task 57: 46.32
		Vehicle arrival at task: 373.51
		Waiting time until service start time: 0.0

	id: 57
		node: 30
		(x, y, z): (69, 115, 0)
		dem: 20
		earl: 0
		lat: 2480
		servt: 10
		pid: 0
		did: 126
		servST: 373.51
		(h, h_ind): (4, 5)
		load: 59.0

	Finished service at time: 383.51

	Task 57 -> Task 194: 52.63
	Vehicle arrival at task: 436.14
	Waiting time until service start time: 0.0

	id: 194
		node: 62
		(x, y, z): (120, 102, 0)
		dem: -20
		earl: 407
		lat: 486
		servt: 10
		pid: 42
		did: 0
		servST: 436.14
		(h, h_ind): (-1, 0)
		load: 39.0

	Finished service at time: 446.14

	Task 194 -> Task 6: 38.91
	Vehicle arrival at task: 485.04999999999995
	Waiting time until service start time: 0.0

	id: 6
		node: 5
		(x, y, z): (137, 137, 0)
		dem: 27
		earl: 378
		lat: 539
		servt: 10
		pid: 0
		did: 40
		servST: 485.05
		(h, h_ind): (-1, 0)
		load: 66.0

	Finished service at time: 495.05

	Task 6 -> Task 40: 6.4
	Vehicle arrival at task: 501.45
	Waiting time until service start time: 0.0

	id: 40
		node: 45
		(x, y, z): (132, 133, 0)
		dem: -27
		earl: 0
		lat: 2437
		servt: 10
		pid: 6
		did: 0
		servST: 501.45
		(h, h_ind): (-1, 0)
		load: 39.0

	Finished service at time: 511.45

	Task 40 -> Task 19: 104.81
	Vehicle arrival at task: 616.26
	Waiting time until service start time: 0.0

	id: 19
		node: 66
		(x, y, z): (104, 32, 0)
		dem: -6
		earl: 0
		lat: 2475
		servt: 10
		pid: 47
		did: 0
		servST: 616.26
		(h, h_ind): (-1, 0)
		load: 33.0

	Finished service at time: 626.26

	Using Machine: 4
		Task 19 -> Machine 4 (Station 1): 44.94
		Vehicle arrival at machine station: 671.2
		Waiting time until machine travel: 0.0

		Machine travel start time: 671.2
		Region 0 -> Region 1: 5.0
		Machine arrival at machine station: 676.2

		Machine 4 (Station 2)-> Task 32: 67.8
		Vehicle arrival at task: 744.0
		Waiting time until service start time: 0.0

	id: 32
		node: 16
		(x, y, z): (121, 124, 1)
		dem: 21
		earl: 575
		lat: 744
		servt: 10
		pid: 0
		did: 198
		servST: 744.0
		(h, h_ind): (4, 7)
		load: 54.0

	Finished service at time: 754.0

	Task 32 -> Task 13: 1.0
	Vehicle arrival at task: 755.0
	Waiting time until service start time: 0.0

	id: 13
		node: 8
		(x, y, z): (121, 123, 1)
		dem: 9
		earl: 0
		lat: 2452
		servt: 10
		pid: 0
		did: 83
		servST: 755.0
		(h, h_ind): (-1, 0)
		load: 63.0

	Finished service at time: 765.0

	Task 13 -> Task 126: 81.61
	Vehicle arrival at task: 846.61
	Waiting time until service start time: 0.0

	id: 126
		node: 70
		(x, y, z): (40, 113, 1)
		dem: -20
		earl: 0
		lat: 2473
		servt: 10
		pid: 57
		did: 0
		servST: 846.61
		(h, h_ind): (-1, 0)
		load: 43.0

	Finished service at time: 856.61

	Task 126 -> Task 3: 56.89
	Vehicle arrival at task: 913.5
	Waiting time until service start time: 0.0

	id: 3
		node: 2
		(x, y, z): (30, 57, 1)
		dem: 20
		earl: 0
		lat: 2483
		servt: 10
		pid: 0
		did: 52
		servST: 913.5
		(h, h_ind): (-1, 0)
		load: 63.0

	Finished service at time: 923.5

	Using Machine: 5
		Task 3 -> Machine 5 (Station 2): 40.16
		Vehicle arrival at machine station: 963.66
		Waiting time until machine travel: 0.0

		Machine travel start time: 963.66
		Region 1 -> Region 0: 5.0
		Machine arrival at machine station: 968.66

		Machine 5 (Station 1)-> Task 83: 56.46
		Vehicle arrival at task: 1025.12
		Waiting time until service start time: 56.19

	id: 83
		node: 48
		(x, y, z): (16, 92, 0)
		dem: -9
		earl: 0
		lat: 2467
		servt: 10
		pid: 13
		did: 0
		servST: 1081.31
		(h, h_ind): (5, 7)
		load: 54.0

	Finished service at time: 1091.31

	Task 83 -> Task 198: 46.69
	Vehicle arrival at task: 1138.0
	Waiting time until service start time: 0.0

	id: 198
		node: 56
		(x, y, z): (8, 138, 0)
		dem: -21
		earl: 1138
		lat: 1312
		servt: 10
		pid: 32
		did: 0
		servST: 1138.0
		(h, h_ind): (-1, 0)
		load: 33.0

	Finished service at time: 1148.0

	Task 198 -> Task 138: 99.92
	Vehicle arrival at task: 1247.92
	Waiting time until service start time: 0.0

	id: 138
		node: 73
		(x, y, z): (100, 99, 0)
		dem: -13
		earl: 1216
		lat: 1295
		servt: 10
		pid: 61
		did: 0
		servST: 1247.92
		(h, h_ind): (-1, 0)
		load: 20.0

	Finished service at time: 1257.92

	Using Machine: 4
		Task 138 -> Machine 4 (Station 1): 35.23
		Vehicle arrival at machine station: 1293.15
		Waiting time until machine travel: 0.0

		Machine travel start time: 1293.15
		Region 0 -> Region 1: 5.0
		Machine arrival at machine station: 1298.15

		Machine 4 (Station 2)-> Task 7: 54.13
		Vehicle arrival at task: 1352.2800000000002
		Waiting time until service start time: 0.0

	id: 7
		node: 6
		(x, y, z): (103, 119, 1)
		dem: 18
		earl: 1329
		lat: 1463
		servt: 10
		pid: 0
		did: 51
		servST: 1352.2800000000002
		(h, h_ind): (4, 11)
		load: 38.0

	Finished service at time: 1362.2800000000002

	Using Machine: 4
		Task 7 -> Machine 4 (Station 2): 54.13
		Vehicle arrival at machine station: 1416.4100000000003
		Waiting time until machine travel: 0.0

		Machine travel start time: 1416.4100000000003
		Region 1 -> Region 0: 5.0
		Machine arrival at machine station: 1421.4100000000003

		Machine 4 (Station 1)-> Task 55: 18.44
		Vehicle arrival at task: 1439.8500000000004
		Waiting time until service start time: 0.0

	id: 55
		node: 29
		(x, y, z): (84, 88, 0)
		dem: 16
		earl: 1428
		lat: 1541
		servt: 10
		pid: 0
		did: 148
		servST: 1439.8500000000004
		(h, h_ind): (4, 12)
		load: 54.0

	Finished service at time: 1449.8500000000004

	Task 55 -> Task 51: 85.16
	Vehicle arrival at task: 1535.0100000000004
	Waiting time until service start time: 0.0

	id: 51
		node: 46
		(x, y, z): (98, 4, 0)
		dem: -18
		earl: 0
		lat: 2454
		servt: 10
		pid: 7
		did: 0
		servST: 1535.0100000000004
		(h, h_ind): (-1, 0)
		load: 36.0

	Finished service at time: 1545.0100000000004

	Using Machine: 4
		Task 51 -> Machine 4 (Station 1): 68.41
		Vehicle arrival at machine station: 1613.4200000000005
		Waiting time until machine travel: 0.0

		Machine travel start time: 1613.4200000000005
		Region 0 -> Region 1: 5.0
		Machine arrival at machine station: 1618.4200000000005

		Machine 4 (Station 2)-> Task 24: 66.71
		Vehicle arrival at task: 1685.1300000000006
		Waiting time until service start time: 0.0

	id: 24
		node: 11
		(x, y, z): (95, 135, 1)
		dem: 27
		earl: 1622
		lat: 1703
		servt: 10
		pid: 0
		did: 175
		servST: 1685.1300000000006
		(h, h_ind): (4, 13)
		load: 63.0

	Finished service at time: 1695.1300000000006

	Task 24 -> Task 175: 121.1
	Vehicle arrival at task: 1816.2300000000005
	Waiting time until service start time: 0.0

	id: 175
		node: 51
		(x, y, z): (90, 14, 1)
		dem: -27
		earl: 0
		lat: 2466
		servt: 10
		pid: 24
		did: 0
		servST: 1816.2300000000005
		(h, h_ind): (-1, 0)
		load: 36.0

	Finished service at time: 1826.2300000000005

	Task 175 -> Task 148: 73.35
	Vehicle arrival at task: 1899.5800000000004
	Waiting time until service start time: 0.0

	id: 148
		node: 69
		(x, y, z): (58, 80, 1)
		dem: -16
		earl: 1820
		lat: 1976
		servt: 10
		pid: 55
		did: 0
		servST: 1899.5800000000004
		(h, h_ind): (-1, 0)
		load: 20.0

	Finished service at time: 1909.5800000000004

	Using Machine: 5
		Task 148 -> Machine 5 (Station 2): 14.14
		Vehicle arrival at machine station: 1923.7200000000005
		Waiting time until machine travel: 0.0

		Machine travel start time: 1923.7200000000005
		Region 1 -> Region 0: 5.0
		Machine arrival at machine station: 1928.7200000000005

		Machine 5 (Station 1)-> Task 52: 36.67
		Vehicle arrival at task: 1965.3900000000006
		Waiting time until service start time: 0.0

	id: 52
		node: 42
		(x, y, z): (61, 34, 0)
		dem: -20
		earl: 1910
		lat: 1991
		servt: 10
		pid: 3
		did: 0
		servST: 1965.3900000000006
		(h, h_ind): (5, 14)
		load: 0.0

	Finished service at time: 1975.3900000000006

	Task 52 -> Task 0: 37.11
	Vehicle arrival at task: 2012.5000000000005
	Waiting time until service start time: 0.0

	id: 0
		node: 82
		(x, y, z): (70, 70, 0)
		dem: 0
		earl: 0
		lat: 2535
		servt: 0
		pid: 0
		did: 0
		servST: 2012.5000000000005
		(h, h_ind): (-1, 0)
		load: 0.0


Vehicle 22 :
	id: 0
		node: 1
		(x, y, z): (70, 70, 0)
		dem: 0
		earl: 0
		lat: 2535
		servt: 0
		pid: 0
		did: 0
		servST: 36.38999999999998
		(h, h_ind): (-1, 0)
		load: 0.0

	Finished service at time: 36.38999999999998

	Using Machine: 0
		Task 0 -> Machine 0 (Station 1): 4.0
		Vehicle arrival at machine station: 40.38999999999998
		Waiting time until machine travel: 0.0

		Machine travel start time: 40.38999999999998
		Region 0 -> Region 1: 5.0
		Machine arrival at machine station: 45.38999999999998

		Machine 0 (Station 2)-> Task 41: 14.76
		Vehicle arrival at task: 60.14999999999998
		Waiting time until service start time: 0.0

	id: 41
		node: 21
		(x, y, z): (81, 57, 1)
		dem: 8
		earl: 33
		lat: 104
		servt: 10
		pid: 0
		did: 173
		servST: 60.14999999999998
		(h, h_ind): (0, 1)
		load: 8.0

	Finished service at time: 70.14999999999998

	Using Machine: 5
		Task 41 -> Machine 5 (Station 2): 18.38
		Vehicle arrival at machine station: 88.52999999999997
		Waiting time until machine travel: 0.0

		Machine travel start time: 88.52999999999997
		Region 1 -> Region 0: 5.0
		Machine arrival at machine station: 93.52999999999997

		Machine 5 (Station 1)-> Task 74: 30.48
		Vehicle arrival at task: 124.00999999999998
		Waiting time until service start time: 0.0

	id: 74
		node: 37
		(x, y, z): (48, 47, 0)
		dem: 19
		earl: 94
		lat: 161
		servt: 10
		pid: 0
		did: 179
		servST: 124.00999999999998
		(h, h_ind): (5, 2)
		load: 27.0

	Finished service at time: 134.01

	Task 74 -> Task 62: 15.23
	Vehicle arrival at task: 149.23999999999998
	Waiting time until service start time: 0.0

	id: 62
		node: 34
		(x, y, z): (54, 33, 0)
		dem: 20
		earl: 118
		lat: 204
		servt: 10
		pid: 0
		did: 108
		servST: 149.23999999999998
		(h, h_ind): (-1, 0)
		load: 47.0

	Finished service at time: 159.23999999999998

	Task 62 -> Task 179: 11.66
	Vehicle arrival at task: 170.89999999999998
	Waiting time until service start time: 0.0

	id: 179
		node: 77
		(x, y, z): (60, 23, 0)
		dem: -19
		earl: 0
		lat: 2477
		servt: 10
		pid: 74
		did: 0
		servST: 170.89999999999998
		(h, h_ind): (-1, 0)
		load: 28.0

	Finished service at time: 180.89999999999998

	Using Machine: 5
		Task 179 -> Machine 5 (Station 1): 47.68
		Vehicle arrival at machine station: 228.57999999999998
		Waiting time until machine travel: 0.0

		Machine travel start time: 228.57999999999998
		Region 0 -> Region 1: 5.0
		Machine arrival at machine station: 233.57999999999998

		Machine 5 (Station 2)-> Task 36: 43.42
		Vehicle arrival at task: 277.0
		Waiting time until service start time: 0.0

	id: 36
		node: 19
		(x, y, z): (41, 36, 1)
		dem: 13
		earl: 203
		lat: 328
		servt: 10
		pid: 0
		did: 192
		servST: 277.0
		(h, h_ind): (5, 4)
		load: 41.0

	Finished service at time: 287.0

	Task 36 -> Task 192: 3.0
	Vehicle arrival at task: 290.0
	Waiting time until service start time: 0.0

	id: 192
		node: 59
		(x, y, z): (44, 36, 1)
		dem: -13
		earl: 211
		lat: 290
		servt: 10
		pid: 36
		did: 0
		servST: 290.0
		(h, h_ind): (-1, 0)
		load: 28.0

	Finished service at time: 300.0

	Task 192 -> Task 63: 20.0
	Vehicle arrival at task: 320.0
	Waiting time until service start time: 0.0

	id: 63
		node: 35
		(x, y, z): (32, 52, 1)
		dem: 32
		earl: 0
		lat: 2483
		servt: 10
		pid: 0
		did: 137
		servST: 320.0
		(h, h_ind): (-1, 0)
		load: 60.0

	Finished service at time: 330.0

	Using Machine: 5
		Task 63 -> Machine 5 (Station 2): 40.25
		Vehicle arrival at machine station: 370.25
		Waiting time until machine travel: 0.0

		Machine travel start time: 370.25
		Region 1 -> Region 0: 5.0
		Machine arrival at machine station: 375.25

		Machine 5 (Station 1)-> Task 137: 64.01
		Vehicle arrival at task: 439.26
		Waiting time until service start time: 0.0

	id: 137
		node: 75
		(x, y, z): (69, 6, 0)
		dem: -32
		earl: 328
		lat: 456
		servt: 10
		pid: 63
		did: 0
		servST: 439.26
		(h, h_ind): (5, 5)
		load: 28.0

	Finished service at time: 449.26

	Task 137 -> Task 59: 36.22
	Vehicle arrival at task: 485.48
	Waiting time until service start time: 0.0

	id: 59
		node: 32
		(x, y, z): (105, 2, 0)
		dem: 1
		earl: 0
		lat: 2449
		servt: 10
		pid: 0
		did: 72
		servST: 485.48
		(h, h_ind): (-1, 0)
		load: 29.0

	Finished service at time: 495.48

	Using Machine: 4
		Task 59 -> Machine 4 (Station 1): 72.45
		Vehicle arrival at machine station: 567.9300000000001
		Waiting time until machine travel: 0.0

		Machine travel start time: 567.9300000000001
		Region 0 -> Region 1: 5.0
		Machine arrival at machine station: 572.9300000000001

		Machine 4 (Station 2)-> Task 18: 2.24
		Vehicle arrival at task: 575.1700000000001
		Waiting time until service start time: 0.0

	id: 18
		node: 9
		(x, y, z): (79, 72, 1)
		dem: 22
		earl: 0
		lat: 2516
		servt: 10
		pid: 0
		did: 150
		servST: 575.1700000000001
		(h, h_ind): (4, 6)
		load: 51.0

	Finished service at time: 585.1700000000001

	Using Machine: 3
		Task 18 -> Machine 3 (Station 2): 2.24
		Vehicle arrival at machine station: 587.4100000000001
		Waiting time until machine travel: 0.0

		Machine travel start time: 587.4100000000001
		Region 1 -> Region 0: 5.0
		Machine arrival at machine station: 592.4100000000001

		Machine 3 (Station 1)-> Task 150: 47.13
		Vehicle arrival at task: 639.5400000000001
		Waiting time until service start time: 0.0

	id: 150
		node: 49
		(x, y, z): (64, 115, 0)
		dem: -22
		earl: 514
		lat: 687
		servt: 10
		pid: 18
		did: 0
		servST: 639.5400000000001
		(h, h_ind): (3, 2)
		load: 29.0

	Finished service at time: 649.5400000000001

	Task 150 -> Task 78: 21.02
	Vehicle arrival at task: 670.5600000000001
	Waiting time until service start time: 0.0

	id: 78
		node: 40
		(x, y, z): (73, 96, 0)
		dem: 9
		earl: 656
		lat: 793
		servt: 10
		pid: 0
		did: 69
		servST: 670.5600000000001
		(h, h_ind): (-1, 0)
		load: 38.0

	Finished service at time: 680.5600000000001

	Using Machine: 2
		Task 78 -> Machine 2 (Station 1): 26.02
		Vehicle arrival at machine station: 706.58
		Waiting time until machine travel: 0.0

		Machine travel start time: 706.58
		Region 0 -> Region 1: 5.0
		Machine arrival at machine station: 711.58

		Machine 2 (Station 2)-> Task 5: 46.1
		Vehicle arrival at task: 757.6800000000001
		Waiting time until service start time: 0.0

	id: 5
		node: 4
		(x, y, z): (69, 116, 1)
		dem: 26
		earl: 0
		lat: 2479
		servt: 10
		pid: 0
		did: 99
		servST: 757.6800000000001
		(h, h_ind): (2, 1)
		load: 64.0

	Finished service at time: 767.6800000000001

	Task 5 -> Task 99: 33.02
	Vehicle arrival at task: 800.7
	Waiting time until service start time: 0.0

	id: 99
		node: 44
		(x, y, z): (70, 83, 1)
		dem: -26
		earl: 0
		lat: 2512
		servt: 10
		pid: 5
		did: 0
		servST: 800.7
		(h, h_ind): (-1, 0)
		load: 38.0

	Finished service at time: 810.7

	Task 99 -> Task 49: 61.98
	Vehicle arrival at task: 872.6800000000001
	Waiting time until service start time: 0.0

	id: 49
		node: 27
		(x, y, z): (89, 24, 1)
		dem: 15
		earl: 0
		lat: 2476
		servt: 10
		pid: 0
		did: 56
		servST: 872.6800000000001
		(h, h_ind): (-1, 0)
		load: 53.0

	Finished service at time: 882.6800000000001

	Task 49 -> Task 77: 24.41
	Vehicle arrival at task: 907.09
	Waiting time until service start time: 0.0

	id: 77
		node: 39
		(x, y, z): (103, 44, 1)
		dem: 12
		earl: 0
		lat: 2483
		servt: 10
		pid: 0
		did: 60
		servST: 907.09
		(h, h_ind): (-1, 0)
		load: 65.0

	Finished service at time: 917.09

	Using Machine: 4
		Task 77 -> Machine 4 (Station 2): 34.71
		Vehicle arrival at machine station: 951.8000000000001
		Waiting time until machine travel: 16.53

		Machine travel start time: 968.33
		Region 1 -> Region 0: 5.0
		Machine arrival at machine station: 973.33

		Machine 4 (Station 1)-> Task 56: 30.59
		Vehicle arrival at task: 1003.9200000000001
		Waiting time until service start time: 0.0

	id: 56
		node: 67
		(x, y, z): (86, 40, 0)
		dem: -15
		earl: 0
		lat: 2491
		servt: 10
		pid: 49
		did: 0
		servST: 1003.9200000000001
		(h, h_ind): (4, 8)
		load: 50.0

	Finished service at time: 1013.9200000000001

	Using Machine: 5
		Task 56 -> Machine 5 (Station 1): 34.99
		Vehicle arrival at machine station: 1048.91
		Waiting time until machine travel: 0.0

		Machine travel start time: 1048.91
		Region 0 -> Region 1: 5.0
		Machine arrival at machine station: 1053.91

		Machine 5 (Station 2)-> Task 4: 40.26
		Vehicle arrival at task: 1094.17
		Waiting time until service start time: 0.0

	id: 4
		node: 3
		(x, y, z): (29, 60, 1)
		dem: 14
		earl: 0
		lat: 2483
		servt: 10
		pid: 0
		did: 76
		servST: 1094.17
		(h, h_ind): (5, 8)
		load: 64.0

	Finished service at time: 1104.17

	Using Machine: 0
		Task 4 -> Machine 0 (Station 2): 46.1
		Vehicle arrival at machine station: 1150.27
		Waiting time until machine travel: 0.0

		Machine travel start time: 1150.27
		Region 1 -> Region 0: 5.0
		Machine arrival at machine station: 1155.27

		Machine 0 (Station 1)-> Task 60: 33.73
		Vehicle arrival at task: 1189.0
		Waiting time until service start time: 0.0

	id: 60
		node: 79
		(x, y, z): (107, 77, 0)
		dem: -12
		earl: 0
		lat: 2488
		servt: 10
		pid: 77
		did: 0
		servST: 1189.0
		(h, h_ind): (0, 2)
		load: 52.0

	Finished service at time: 1199.0

	Task 60 -> Task 69: 4.0
	Vehicle arrival at task: 1203.0
	Waiting time until service start time: 0.0

	id: 69
		node: 80
		(x, y, z): (103, 77, 0)
		dem: -9
		earl: 1203
		lat: 1242
		servt: 10
		pid: 78
		did: 0
		servST: 1203.0
		(h, h_ind): (-1, 0)
		load: 43.0

	Finished service at time: 1213.0

	Using Machine: 4
		Task 69 -> Machine 4 (Station 1): 24.04
		Vehicle arrival at machine station: 1237.04
		Waiting time until machine travel: 0.0

		Machine travel start time: 1237.04
		Region 0 -> Region 1: 5.0
		Machine arrival at machine station: 1242.04

		Machine 4 (Station 2)-> Task 72: 41.77
		Vehicle arrival at task: 1283.81
		Waiting time until service start time: 0.0

	id: 72
		node: 72
		(x, y, z): (88, 29, 1)
		dem: -1
		earl: 0
		lat: 2481
		servt: 10
		pid: 59
		did: 0
		servST: 1283.81
		(h, h_ind): (4, 10)
		load: 42.0

	Finished service at time: 1293.81

	Task 72 -> Task 33: 46.0
	Vehicle arrival at task: 1339.81
	Waiting time until service start time: 0.0

	id: 33
		node: 17
		(x, y, z): (42, 29, 1)
		dem: 12
		earl: 0
		lat: 2476
		servt: 10
		pid: 0
		did: 97
		servST: 1339.81
		(h, h_ind): (-1, 0)
		load: 54.0

	Finished service at time: 1349.81

	Using Machine: 5
		Task 33 -> Machine 5 (Station 2): 48.55
		Vehicle arrival at machine station: 1398.36
		Waiting time until machine travel: 0.0

		Machine travel start time: 1398.36
		Region 1 -> Region 0: 5.0
		Machine arrival at machine station: 1403.36

		Machine 5 (Station 1)-> Task 173: 50.01
		Vehicle arrival at task: 1453.37
		Waiting time until service start time: 0.0

	id: 173
		node: 61
		(x, y, z): (67, 120, 0)
		dem: -8
		earl: 1416
		lat: 1574
		servt: 10
		pid: 41
		did: 0
		servST: 1453.37
		(h, h_ind): (5, 9)
		load: 46.0

	Finished service at time: 1463.37

	Using Machine: 5
		Task 173 -> Machine 5 (Station 1): 50.01
		Vehicle arrival at machine station: 1513.3799999999999
		Waiting time until machine travel: 0.0

		Machine travel start time: 1513.3799999999999
		Region 0 -> Region 1: 5.0
		Machine arrival at machine station: 1518.3799999999999

		Machine 5 (Station 2)-> Task 108: 74.25
		Vehicle arrival at task: 1592.6299999999999
		Waiting time until service start time: 0.0

	id: 108
		node: 74
		(x, y, z): (15, 18, 1)
		dem: -20
		earl: 1581
		lat: 1739
		servt: 10
		pid: 62
		did: 0
		servST: 1592.6299999999999
		(h, h_ind): (5, 10)
		load: 26.0

	Finished service at time: 1602.6299999999999

	Task 108 -> Task 76: 6.08
	Vehicle arrival at task: 1608.7099999999998
	Waiting time until service start time: 0.0

	id: 76
		node: 43
		(x, y, z): (9, 19, 1)
		dem: -14
		earl: 1472
		lat: 1631
		servt: 10
		pid: 4
		did: 0
		servST: 1608.7099999999998
		(h, h_ind): (-1, 0)
		load: 12.0

	Finished service at time: 1618.7099999999998

	Using Machine: 5
		Task 76 -> Machine 5 (Station 2): 77.99
		Vehicle arrival at machine station: 1696.6999999999998
		Waiting time until machine travel: 0.0

		Machine travel start time: 1696.6999999999998
		Region 1 -> Region 0: 5.0
		Machine arrival at machine station: 1701.6999999999998

		Machine 5 (Station 1)-> Task 54: 59.24
		Vehicle arrival at task: 1760.9399999999998
		Waiting time until service start time: 0.0

	id: 54
		node: 28
		(x, y, z): (13, 48, 0)
		dem: 15
		earl: 1691
		lat: 1793
		servt: 10
		pid: 0
		did: 39
		servST: 1760.9399999999998
		(h, h_ind): (5, 12)
		load: 27.0

	Finished service at time: 1770.9399999999998

	Using Machine: 5
		Task 54 -> Machine 5 (Station 1): 59.24
		Vehicle arrival at machine station: 1830.1799999999998
		Waiting time until machine travel: 0.0

		Machine travel start time: 1830.1799999999998
		Region 0 -> Region 1: 5.0
		Machine arrival at machine station: 1835.1799999999998

		Machine 5 (Station 2)-> Task 39: 35.34
		Vehicle arrival at task: 1870.5199999999998
		Waiting time until service start time: 14.48

	id: 39
		node: 68
		(x, y, z): (83, 38, 1)
		dem: -15
		earl: 1885
		lat: 2046
		servt: 10
		pid: 54
		did: 0
		servST: 1885.0
		(h, h_ind): (5, 13)
		load: 12.0

	Finished service at time: 1895.0

	Task 39 -> Task 97: 62.8
	Vehicle arrival at task: 1957.8
	Waiting time until service start time: 0.0

	id: 97
		node: 57
		(x, y, z): (33, 0, 1)
		dem: -12
		earl: 1920
		lat: 2060
		servt: 10
		pid: 33
		did: 0
		servST: 1957.8
		(h, h_ind): (-1, 0)
		load: 0.0

	Finished service at time: 1967.8

	Task 97 -> Task 46: 113.36
	Vehicle arrival at task: 2081.16
	Waiting time until service start time: 0.0

	id: 46
		node: 25
		(x, y, z): (10, 111, 1)
		dem: 21
		earl: 1975
		lat: 2088
		servt: 10
		pid: 0
		did: 180
		servST: 2081.16
		(h, h_ind): (-1, 0)
		load: 21.0

	Finished service at time: 2091.16

	Task 46 -> Task 45: 72.44
	Vehicle arrival at task: 2163.6
	Waiting time until service start time: 0.0

	id: 45
		node: 24
		(x, y, z): (82, 103, 1)
		dem: 15
		earl: 0
		lat: 2490
		servt: 10
		pid: 0
		did: 186
		servST: 2163.6
		(h, h_ind): (-1, 0)
		load: 36.0

	Finished service at time: 2173.6

	Task 45 -> Task 186: 29.7
	Vehicle arrival at task: 2203.2999999999997
	Waiting time until service start time: 0.0

	id: 186
		node: 64
		(x, y, z): (103, 82, 1)
		dem: -15
		earl: 0
		lat: 2490
		servt: 10
		pid: 45
		did: 0
		servST: 2203.2999999999997
		(h, h_ind): (-1, 0)
		load: 21.0

	Finished service at time: 2213.2999999999997

	Using Machine: 3
		Task 186 -> Machine 3 (Station 2): 27.73
		Vehicle arrival at machine station: 2241.0299999999997
		Waiting time until machine travel: 0.0

		Machine travel start time: 2241.0299999999997
		Region 1 -> Region 0: 5.0
		Machine arrival at machine station: 2246.0299999999997

		Machine 3 (Station 1)-> Task 180: 54.56
		Vehicle arrival at task: 2300.5899999999997
		Waiting time until service start time: 0.0

	id: 180
		node: 65
		(x, y, z): (29, 94, 0)
		dem: -21
		earl: 0
		lat: 2478
		servt: 10
		pid: 46
		did: 0
		servST: 2300.5899999999997
		(h, h_ind): (3, 3)
		load: 0.0

	Finished service at time: 2310.5899999999997

	Task 180 -> Task 0: 47.51
	Vehicle arrival at task: 2358.1
	Waiting time until service start time: 0.0

	id: 0
		node: 82
		(x, y, z): (70, 70, 0)
		dem: 0
		earl: 0
		lat: 2535
		servt: 0
		pid: 0
		did: 0
		servST: 2358.1
		(h, h_ind): (-1, 0)
		load: 0.0


---------------------| MACHINES |---------------------

Machine 0 :
	setup duration: 0.0

	vehicle: 22
	vehicleInd: 2
	(orig, dest): (0, 41)
	(origRegion, destRegion): (0, 1)
	st: 40.38999999999998
	duration: 5.0

	setup duration: 0.0

	vehicle: 22
	vehicleInd: 20
	(orig, dest): (4, 60)
	(origRegion, destRegion): (1, 0)
	st: 1150.27
	duration: 5.0

	setup duration: 0.0

	vehicle: 5
	vehicleInd: 23
	(orig, dest): (15, 53)
	(origRegion, destRegion): (0, 1)
	st: 2014.5800000000002
	duration: 5.0


Machine 1 :
	setup duration: 0.0

	vehicle: 5
	vehicleInd: 2
	(orig, dest): (0, 43)
	(origRegion, destRegion): (0, 1)
	st: 15.359999999999964
	duration: 5.0


Machine 2 :
	setup duration: 0.0

	vehicle: 22
	vehicleInd: 14
	(orig, dest): (78, 5)
	(origRegion, destRegion): (0, 1)
	st: 706.58
	duration: 5.0


Machine 3 :
	setup duration: 5.0

	vehicle: 7
	vehicleInd: 4
	(orig, dest): (42, 116)
	(origRegion, destRegion): (1, 0)
	st: 143.52999999999997
	duration: 5.0

	setup duration: 5.0

	vehicle: 22
	vehicleInd: 12
	(orig, dest): (18, 150)
	(origRegion, destRegion): (1, 0)
	st: 587.4100000000001
	duration: 5.0

	setup duration: 5.0

	vehicle: 22
	vehicleInd: 33
	(orig, dest): (186, 180)
	(origRegion, destRegion): (1, 0)
	st: 2241.0299999999997
	duration: 5.0


Machine 4 :
	setup duration: 0.0

	vehicle: 7
	vehicleInd: 3
	(orig, dest): (23, 42)
	(origRegion, destRegion): (0, 1)
	st: 38.979999999999976
	duration: 5.0

	setup duration: 0.0

	vehicle: 5
	vehicleInd: 3
	(orig, dest): (43, 8)
	(origRegion, destRegion): (1, 0)
	st: 133.72999999999996
	duration: 5.0

	setup duration: 0.0

	vehicle: 5
	vehicleInd: 4
	(orig, dest): (8, 120)
	(origRegion, destRegion): (0, 1)
	st: 230.82999999999996
	duration: 5.0

	setup duration: 5.0

	vehicle: 7
	vehicleInd: 6
	(orig, dest): (61, 47)
	(origRegion, destRegion): (0, 1)
	st: 251.46999999999997
	duration: 5.0

	setup duration: 0.0

	vehicle: 7
	vehicleInd: 7
	(orig, dest): (47, 57)
	(origRegion, destRegion): (1, 0)
	st: 322.19
	duration: 5.0

	setup duration: 0.0

	vehicle: 22
	vehicleInd: 11
	(orig, dest): (59, 18)
	(origRegion, destRegion): (0, 1)
	st: 567.9300000000001
	duration: 5.0

	setup duration: 5.0

	vehicle: 7
	vehicleInd: 12
	(orig, dest): (19, 32)
	(origRegion, destRegion): (0, 1)
	st: 671.2
	duration: 5.0

	setup duration: 0.0

	vehicle: 22
	vehicleInd: 18
	(orig, dest): (77, 56)
	(origRegion, destRegion): (1, 0)
	st: 968.33
	duration: 5.0

	setup duration: 0.0

	vehicle: 5
	vehicleInd: 15
	(orig, dest): (9, 37)
	(origRegion, destRegion): (0, 1)
	st: 1196.57
	duration: 5.0

	setup duration: 5.0

	vehicle: 22
	vehicleInd: 22
	(orig, dest): (69, 72)
	(origRegion, destRegion): (0, 1)
	st: 1237.04
	duration: 5.0

	setup duration: 5.0

	vehicle: 7
	vehicleInd: 19
	(orig, dest): (138, 7)
	(origRegion, destRegion): (0, 1)
	st: 1293.15
	duration: 5.0

	setup duration: 0.0

	vehicle: 7
	vehicleInd: 20
	(orig, dest): (7, 55)
	(origRegion, destRegion): (1, 0)
	st: 1416.4100000000003
	duration: 5.0

	setup duration: 0.0

	vehicle: 7
	vehicleInd: 22
	(orig, dest): (51, 24)
	(origRegion, destRegion): (0, 1)
	st: 1613.4200000000005
	duration: 5.0

	setup duration: 5.0

	vehicle: 5
	vehicleInd: 21
	(orig, dest): (188, 75)
	(origRegion, destRegion): (0, 1)
	st: 1762.14
	duration: 5.0

	setup duration: 0.0

	vehicle: 5
	vehicleInd: 22
	(orig, dest): (75, 15)
	(origRegion, destRegion): (1, 0)
	st: 1825.5200000000002
	duration: 5.0


Machine 5 :
	setup duration: 0.0

	vehicle: 2
	vehicleInd: 2
	(orig, dest): (0, 34)
	(origRegion, destRegion): (0, 1)
	st: 29.869999999999976
	duration: 5.0

	setup duration: 0.0

	vehicle: 22
	vehicleInd: 3
	(orig, dest): (41, 74)
	(origRegion, destRegion): (1, 0)
	st: 88.52999999999997
	duration: 5.0

	setup duration: 5.0

	vehicle: 2
	vehicleInd: 3
	(orig, dest): (34, 165)
	(origRegion, destRegion): (1, 0)
	st: 98.52999999999997
	duration: 5.0

	setup duration: 0.0

	vehicle: 22
	vehicleInd: 6
	(orig, dest): (179, 36)
	(origRegion, destRegion): (0, 1)
	st: 228.57999999999998
	duration: 5.0

	setup duration: 0.0

	vehicle: 22
	vehicleInd: 9
	(orig, dest): (63, 137)
	(origRegion, destRegion): (1, 0)
	st: 370.25
	duration: 5.0

	setup duration: 5.0

	vehicle: 5
	vehicleInd: 10
	(orig, dest): (155, 105)
	(origRegion, destRegion): (1, 0)
	st: 808.01
	duration: 5.0

	setup duration: 5.0

	vehicle: 7
	vehicleInd: 16
	(orig, dest): (3, 83)
	(origRegion, destRegion): (1, 0)
	st: 963.66
	duration: 5.0

	setup duration: 0.0

	vehicle: 22
	vehicleInd: 19
	(orig, dest): (56, 4)
	(origRegion, destRegion): (0, 1)
	st: 1048.91
	duration: 5.0

	setup duration: 0.0

	vehicle: 22
	vehicleInd: 24
	(orig, dest): (33, 173)
	(origRegion, destRegion): (1, 0)
	st: 1398.36
	duration: 5.0

	setup duration: 0.0

	vehicle: 22
	vehicleInd: 25
	(orig, dest): (173, 108)
	(origRegion, destRegion): (0, 1)
	st: 1513.3799999999999
	duration: 5.0

	setup duration: 0.0

	vehicle: 5
	vehicleInd: 20
	(orig, dest): (82, 188)
	(origRegion, destRegion): (1, 0)
	st: 1577.19
	duration: 5.0

	setup duration: 5.0

	vehicle: 22
	vehicleInd: 27
	(orig, dest): (76, 54)
	(origRegion, destRegion): (1, 0)
	st: 1696.6999999999998
	duration: 5.0

	setup duration: 0.0

	vehicle: 22
	vehicleInd: 28
	(orig, dest): (54, 39)
	(origRegion, destRegion): (0, 1)
	st: 1830.1799999999998
	duration: 5.0

	setup duration: 0.0

	vehicle: 7
	vehicleInd: 25
	(orig, dest): (148, 52)
	(origRegion, destRegion): (1, 0)
	st: 1923.7200000000005
	duration: 5.0

	setup duration: 5.0

	vehicle: 5
	vehicleInd: 24
	(orig, dest): (53, 0)
	(origRegion, destRegion): (1, 0)
	st: 2065.5
	duration: 5.0


-------------------| COMPL. TIMES |-------------------

Vehicle 0 : 0.0
Vehicle 1 : 0.0
Vehicle 2 : 169.20999999999998
Vehicle 3 : 0.0
Vehicle 4 : 0.0
Vehicle 5 : 2063.14
Vehicle 6 : 0.0
Vehicle 7 : 2001.4300000000005
Vehicle 8 : 0.0
Vehicle 9 : 0.0
Vehicle 10 : 0.0
Vehicle 11 : 0.0
Vehicle 12 : 0.0
Vehicle 13 : 0.0
Vehicle 14 : 0.0
Vehicle 15 : 0.0
Vehicle 16 : 0.0
Vehicle 17 : 0.0
Vehicle 18 : 0.0
Vehicle 19 : 0.0
Vehicle 20 : 0.0
Vehicle 21 : 0.0
Vehicle 22 : 2321.71
Vehicle 23 : 0.0
Vehicle 24 : 0.0
Vehicle 25 : 0.0
Vehicle 26 : 0.0
Vehicle 27 : 0.0
Vehicle 28 : 0.0
Vehicle 29 : 0.0
Vehicle 30 : 0.0
Vehicle 31 : 0.0
Vehicle 32 : 0.0
Vehicle 33 : 0.0
Vehicle 34 : 0.0
Vehicle 35 : 0.0
Vehicle 36 : 0.0
Vehicle 37 : 0.0
Vehicle 38 : 0.0
Vehicle 39 : 0.0
-------------------| STATISTICS |-------------------

    Vehicles used                           : 10.0
    Machines used                           : 100.0
    Max load (vehicles)                     : 97.2222
    Min load (vehicles)                     : 41.6667
    Mean load (vehicles)                    : 80.2083
    Min completion time                     : 6.675
    Max completion time                     : 91.5862
    Mean completion time                    : 64.6498
    Avrg travel time (with vehicle)         : 1.6765
    Avrg travel time (only with vehicle)    : 1.2492
    Avrg travel time (no vehicle)           : 0.4274
    Avrg waiting time (machine travel)      : 0.2511
    Avrg waiting time (service)             : 0.229
    Machines travel times (with vehicle)    : [0.5917, 0.1972, 0.1972, 1.1834, 3.9448, 3.9448]
    Machines travel times (no vehicle)      : [0.0, 0.0, 0.0, 0.5917, 0.9862, 0.9862]
    Max load per vehicle                    : [0.0, 0.0, 41.6667, 0.0, 0.0, 97.2222, 0.0, 91.6667, 0.0, 0.0, 0.0, 0.0, 0.0, 0.0, 0.0, 0.0, 0.0, 0.0, 0.0, 0.0, 0.0, 0.0, 90.2778, 0.0, 0.0, 0.0, 0.0, 0.0, 0.0, 0.0, 0.0, 0.0, 0.0, 0.0, 0.0, 0.0, 0.0, 0.0, 0.0, 0.0]

----------------------------------------------------

TOTAL: 6555.490000000001

Everything is awesome!
