-------------------| STATISTICS |-------------------

Vehicles used                           : 8.3333
Machines used                           : 100.0
Max load (vehicles)                     : 96.9231
Min load (vehicles)                     : 90.7692
Mean load (vehicles)                    : 94.1026
Min completion time                     : 64.8095
Max completion time                     : 99.6959
Mean completion time                    : 77.8957
Avrg travel time (with vehicle)         : 4.4707
Avrg travel time (only with vehicle)    : 3.0243
Avrg travel time (no vehicle)           : 1.4464
Avrg waiting time (machine travel)      : 0.0
Avrg waiting time (service)             : 0.0
Machines travel times (with vehicle)    : [0.9862, 3.5503, 1.5779, 3.5503, 10.8481, 6.3116]
Machines travel times (no vehicle)      : [0.1972, 1.3807, 0.1972, 1.1834, 3.9448, 1.7751]
Max load per vehicle                    : [0.0, 0.0, 0.0, 0.0, 0.0, 0.0, 0.0, 0.0, 0.0, 0.0, 0.0, 96.9231, 93.8462, 0.0, 0.0, 0.0, 0.0, 0.0, 0.0, 0.0, 0.0, 0.0, 0.0, 0.0, 0.0, 0.0, 0.0, 0.0, 0.0, 0.0, 95.3846, 0.0, 0.0, 0.0, 0.0, 0.0, 0.0, 0.0, 0.0, 93.5897, 0.0, 0.0, 0.0, 0.0, 0.0, 0.0, 0.0, 0.0, 0.0, 90.7692, 0.0, 0.0, 0.0, 0.0, 0.0, 0.0, 0.0, 0.0, 0.0, 0.0]

----------------------------------------------------

TOTAL: 9873.279999999999

Everything is awesome!
