Set parameter WLSAccessID
Set parameter WLSSecret
Set parameter LicenseID to value 2661775
Academic license 2661775 - for non-commercial use only - registered to me___@dcc.ufba.br
Loading line 2: methodType heur
Loading line 3: methodCode mslp
Loading line 4: seed 0
Loading line 5: threads 1
Loading line 6: greedy_service_order random
Loading line 7: outputFlagGrbMSLP 0
Loading line 8: mslpa 60000
Loading line 9: mslpr I
Loading line 10: maxtime 3600
Loading line 11: output ./logs/
Loading line 12: printsol 1
Loading line 13: solverMethod A
Loading line 14: alpha 0.05 # selected from preliminary experiments
Instance: LR2_2_5_t2_40R_40V_04I_06M

[11:04:03.71] Running Data.readData with file /dados/rmelo/PDPTW-SE/benchmark_multi_island_v5/official_experiments/multistartlp/official/set_01_pt_02/../../../../instances/orig_ams_fg/40R_40V_04I_06M/t2/LR2_2_5/
vehicles: Vehicle[Vehicle(0, 54), Vehicle(1, 67), Vehicle(2, 80), Vehicle(3, 54), Vehicle(4, 67), Vehicle(5, 80), Vehicle(6, 80), Vehicle(7, 54), Vehicle(8, 80), Vehicle(9, 67), Vehicle(10, 67), Vehicle(11, 54), Vehicle(12, 67), Vehicle(13, 54), Vehicle(14, 54), Vehicle(15, 80), Vehicle(16, 54), Vehicle(17, 54), Vehicle(18, 80), Vehicle(19, 67), Vehicle(20, 67), Vehicle(21, 54), Vehicle(22, 67), Vehicle(23, 54), Vehicle(24, 54), Vehicle(25, 54), Vehicle(26, 80), Vehicle(27, 67), Vehicle(28, 80), Vehicle(29, 67), Vehicle(30, 80), Vehicle(31, 80), Vehicle(32, 54), Vehicle(33, 54), Vehicle(34, 54), Vehicle(35, 80), Vehicle(36, 54), Vehicle(37, 67), Vehicle(38, 80), Vehicle(39, 54)]
vehicle_types: Vehicle[Vehicle(0, 54), Vehicle(1, 67), Vehicle(2, 80)]
Machine[Machine(0, Point[Point(73, 71, 0), Point(85, 82, 1), Point(63, 81, 2), Point(45, 56, 3)], 1.0), Machine(1, Point[Point(74, 71, 0), Point(85, 83, 1), Point(61, 80, 2), Point(46, 55, 3)], 1.0), Machine(2, Point[Point(75, 71, 0), Point(85, 84, 1), Point(60, 80, 2), Point(47, 54, 3)], 1.0), Machine(3, Point[Point(76, 71, 0), Point(85, 85, 1), Point(58, 80, 2), Point(47, 53, 3)], 1.0), Machine(4, Point[Point(77, 72, 0), Point(85, 86, 1), Point(67, 85, 2), Point(48, 52, 3)], 1.0), Machine(5, Point[Point(71, 68, 0), Point(84, 86, 1), Point(56, 79, 2), Point(48, 51, 3)], 1.0)]
refs: [1, 2, 3, 4, 5, 6, 7, 9, 11, 12, 13, 14, 15, 16, 17, 18, 19, 20, 21, 22, 23, 24, 25, 26, 27, 28, 29, 30, 31, 32, 33, 34, 35, 36, 40, 42, 43, 44, 45, 46, 47, 50, 41, 81, 57, 8, 53, 52, 77, 74, 59, 61, 39, 64, 55, 54, 60, 76, 56, 78, 48, 68, 73, 10, 51, 62, 67, 66, 65, 38, 79, 72, 70, 80, 75, 49, 58, 63, 37, 71, 69, 1]
V: [1, 2, 3, 4, 5, 6, 7, 8, 9, 10, 11, 12, 13, 14, 15, 16, 17, 18, 19, 20, 21, 22, 23, 24, 25, 26, 27, 28, 29, 30, 31, 32, 33, 34, 35, 36, 37, 38, 39, 40, 41, 42, 43, 44, 45, 46, 47, 48, 49, 50, 51, 52, 53, 54, 55, 56, 57, 58, 59, 60, 61, 62, 63, 64, 65, 66, 67, 68, 69, 70, 71, 72, 73, 74, 75, 76, 77, 78, 79, 80, 81]
V_p: [2, 3, 4, 5, 6, 7, 8, 9, 10, 11, 12, 13, 14, 15, 16, 17, 18, 19, 20, 21, 22, 23, 24, 25, 26, 27, 28, 29, 30, 31, 32, 33, 34, 35, 36, 37, 38, 39, 40, 41]
V_d: [42, 43, 44, 45, 46, 47, 48, 49, 50, 51, 52, 53, 54, 55, 56, 57, 58, 59, 60, 61, 62, 63, 64, 65, 66, 67, 68, 69, 70, 71, 72, 73, 74, 75, 76, 77, 78, 79, 80, 81]
Vprime: [1, 2, 3, 4, 5, 6, 7, 8, 9, 10, 11, 12, 13, 14, 15, 16, 17, 18, 19, 20, 21, 22, 23, 24, 25, 26, 27, 28, 29, 30, 31, 32, 33, 34, 35, 36, 37, 38, 39, 40, 41, 42, 43, 44, 45, 46, 47, 48, 49, 50, 51, 52, 53, 54, 55, 56, 57, 58, 59, 60, 61, 62, 63, 64, 65, 66, 67, 68, 69, 70, 71, 72, 73, 74, 75, 76, 77, 78, 79, 80, 81, 82]
V: [1, 2, 3, 4, 5, 6, 7, 8, 9, 10, 11, 12, 13, 14, 15, 16, 17, 18, 19, 20, 21, 22, 23, 24, 25, 26, 27, 28, 29, 30, 31, 32, 33, 34, 35, 36, 37, 38, 39, 40, 41, 42, 43, 44, 45, 46, 47, 48, 49, 50, 51, 52, 53, 54, 55, 56, 57, 58, 59, 60, 61, 62, 63, 64, 65, 66, 67, 68, 69, 70, 71, 72, 73, 74, 75, 76, 77, 78, 79, 80, 81]
q: [0, 9, 26, 27, 18, 22, 13, 40, 10, 22, 18, 17, 8, 19, 27, 8, 20, 20, 13, 21, 12, 30, 11, 13, 13, 12, 24, 8, 20, 36, 12, 15, 6, 10, 23, 22, 20, 26, 34, 13, 20, -9, -26, -27, -18, -22, -13, -40, -10, -22, -18, -17, -8, -19, -27, -8, -20, -20, -13, -21, -12, -30, -11, -13, -13, -12, -24, -8, -20, -36, -12, -15, -6, -10, -23, -22, -20, -26, -34, -13, -20, 0]
H: [1, 2, 3, 4, 5, 6]
f: [[1, 1, 1, 1, 1, 1], [1, 1, 1, 1, 1, 1], [3, 3, 3, 3, 3, 3], [2, 2, 2, 2, 2, 2], [2, 2, 2, 2, 2, 2], [3, 3, 3, 3, 3, 3], [1, 1, 1, 1, 1, 1], [1, 1, 1, 1, 1, 1], [3, 3, 3, 3, 3, 3], [1, 1, 1, 1, 1, 1], [1, 1, 1, 1, 1, 1], [3, 3, 3, 3, 3, 3], [2, 2, 2, 2, 2, 2], [1, 1, 1, 1, 1, 1], [2, 2, 2, 2, 2, 2], [3, 3, 3, 3, 3, 3], [4, 4, 4, 4, 4, 4], [1, 1, 1, 1, 1, 1], [1, 1, 1, 1, 1, 1], [2, 2, 2, 2, 2, 2], [4, 4, 4, 4, 4, 4], [4, 4, 4, 4, 4, 4], [4, 4, 4, 4, 4, 4], [4, 4, 4, 4, 4, 4], [1, 1, 1, 1, 1, 1], [2, 2, 2, 2, 2, 2], [2, 2, 2, 2, 2, 2], [1, 1, 1, 1, 1, 1], [1, 1, 1, 1, 1, 1], [1, 1, 1, 1, 1, 1], [2, 2, 2, 2, 2, 2], [2, 2, 2, 2, 2, 2], [1, 1, 1, 1, 1, 1], [2, 2, 2, 2, 2, 2], [3, 3, 3, 3, 3, 3], [1, 1, 1, 1, 1, 1], [3, 3, 3, 3, 3, 3], [3, 3, 3, 3, 3, 3], [2, 2, 2, 2, 2, 2], [1, 1, 1, 1, 1, 1], [4, 4, 4, 4, 4, 4], [1, 1, 1, 1, 1, 1], [2, 2, 2, 2, 2, 2], [2, 2, 2, 2, 2, 2], [2, 2, 2, 2, 2, 2], [3, 3, 3, 3, 3, 3], [4, 4, 4, 4, 4, 4], [1, 1, 1, 1, 1, 1], [3, 3, 3, 3, 3, 3], [2, 2, 2, 2, 2, 2], [2, 2, 2, 2, 2, 2], [4, 4, 4, 4, 4, 4], [1, 1, 1, 1, 1, 1], [2, 2, 2, 2, 2, 2], [3, 3, 3, 3, 3, 3], [3, 3, 3, 3, 3, 3], [4, 4, 4, 4, 4, 4], [4, 4, 4, 4, 4, 4], [1, 1, 1, 1, 1, 1], [4, 4, 4, 4, 4, 4], [4, 4, 4, 4, 4, 4], [4, 4, 4, 4, 4, 4], [4, 4, 4, 4, 4, 4], [3, 3, 3, 3, 3, 3], [4, 4, 4, 4, 4, 4], [2, 2, 2, 2, 2, 2], [2, 2, 2, 2, 2, 2], [2, 2, 2, 2, 2, 2], [3, 3, 3, 3, 3, 3], [3, 3, 3, 3, 3, 3], [2, 2, 2, 2, 2, 2], [3, 3, 3, 3, 3, 3], [2, 2, 2, 2, 2, 2], [2, 2, 2, 2, 2, 2], [3, 3, 3, 3, 3, 3], [1, 1, 1, 1, 1, 1], [3, 3, 3, 3, 3, 3], [1, 1, 1, 1, 1, 1], [1, 1, 1, 1, 1, 1], [2, 2, 2, 2, 2, 2], [4, 4, 4, 4, 4, 4], [1, 1, 1, 1, 1, 1]]
1 1 1 -> 0.0
1 2 1 -> 16.28
1 3 1 -> 14.14
1 4 1 -> 31.76
2 1 1 -> 16.28
2 2 1 -> 0.0
2 3 1 -> 22.02
2 4 1 -> 47.71
3 1 1 -> 14.14
3 2 1 -> 22.02
3 3 1 -> 0.0
3 4 1 -> 30.81
4 1 1 -> 31.76
4 2 1 -> 47.71
4 3 1 -> 30.81
4 4 1 -> 0.0
1 1 2 -> 0.0
1 2 2 -> 16.28
1 3 2 -> 15.81
1 4 2 -> 32.25
2 1 2 -> 16.28
2 2 2 -> 0.0
2 3 2 -> 24.19
2 4 2 -> 48.01
3 1 2 -> 15.81
3 2 2 -> 24.19
3 3 2 -> 0.0
3 4 2 -> 29.15
4 1 2 -> 32.25
4 2 2 -> 48.01
4 3 2 -> 29.15
4 4 2 -> 0.0
1 1 3 -> 0.0
1 2 3 -> 16.4
1 3 3 -> 17.49
1 4 3 -> 32.76
2 1 3 -> 16.4
2 2 3 -> 0.0
2 3 3 -> 25.32
2 4 3 -> 48.41
3 1 3 -> 17.49
3 2 3 -> 25.32
3 3 3 -> 0.0
3 4 3 -> 29.07
4 1 3 -> 32.76
4 2 3 -> 48.41
4 3 3 -> 29.07
4 4 3 -> 0.0
1 1 4 -> 0.0
1 2 4 -> 16.64
1 3 4 -> 20.12
1 4 4 -> 34.13
2 1 4 -> 16.64
2 2 4 -> 0.0
2 3 4 -> 27.46
2 4 4 -> 49.68
3 1 4 -> 20.12
3 2 4 -> 27.46
3 3 4 -> 0.0
3 4 4 -> 29.15
4 1 4 -> 34.13
4 2 4 -> 49.68
4 3 4 -> 29.15
4 4 4 -> 0.0
1 1 5 -> 0.0
1 2 5 -> 16.12
1 3 5 -> 16.4
1 4 5 -> 35.23
2 1 5 -> 16.12
2 2 5 -> 0.0
2 3 5 -> 18.03
2 4 5 -> 50.25
3 1 5 -> 16.4
3 2 5 -> 18.03
3 3 5 -> 0.0
3 4 5 -> 38.08
4 1 5 -> 35.23
4 2 5 -> 50.25
4 3 5 -> 38.08
4 4 5 -> 0.0
1 1 6 -> 0.0
1 2 6 -> 22.2
1 3 6 -> 18.6
1 4 6 -> 28.6
2 1 6 -> 22.2
2 2 6 -> 0.0
2 3 6 -> 28.86
2 4 6 -> 50.21
3 1 6 -> 18.6
3 2 6 -> 28.86
3 3 6 -> 0.0
3 4 6 -> 29.12
4 1 6 -> 28.6
4 2 6 -> 50.21
4 3 6 -> 29.12
4 4 6 -> 0.0
o: (1, 2, 3) => 16.4
o: (3, 1, 3) => 17.49
o: (1, 3, 5) => 16.4
o: (3, 2, 4) => 27.46
o: (1, 4, 5) => 35.23
o: (4, 3, 6) => 29.12
o: (4, 4, 6) => 0.0
o: (3, 2, 3) => 25.32
o: (3, 3, 5) => 0.0
o: (2, 1, 1) => 16.28
o: (3, 4, 5) => 38.08
o: (1, 3, 2) => 15.81
o: (1, 4, 2) => 32.25
o: (4, 3, 4) => 29.15
o: (2, 2, 1) => 0.0
o: (4, 4, 4) => 0.0
o: (3, 3, 2) => 0.0
o: (3, 4, 2) => 29.15
o: (4, 3, 3) => 29.07
o: (4, 4, 3) => 0.0
o: (1, 1, 5) => 0.0
o: (4, 1, 6) => 28.6
o: (1, 2, 5) => 16.12
o: (3, 1, 5) => 16.4
o: (1, 3, 1) => 14.14
o: (4, 2, 6) => 50.21
o: (1, 1, 2) => 0.0
o: (1, 4, 1) => 31.76
o: (2, 3, 6) => 28.86
o: (4, 1, 4) => 34.13
o: (3, 2, 5) => 18.03
o: (2, 4, 6) => 50.21
o: (3, 3, 1) => 0.0
o: (1, 2, 2) => 16.28
o: (3, 1, 2) => 15.81
o: (3, 4, 1) => 30.81
o: (4, 1, 3) => 32.76
o: (4, 2, 4) => 49.68
o: (3, 2, 2) => 24.19
o: (2, 3, 4) => 27.46
o: (4, 2, 3) => 48.41
o: (2, 4, 4) => 49.68
o: (4, 3, 5) => 38.08
o: (4, 4, 5) => 0.0
o: (1, 1, 1) => 0.0
o: (2, 3, 3) => 25.32
o: (2, 4, 3) => 48.41
o: (2, 1, 6) => 22.2
o: (4, 3, 2) => 29.15
o: (1, 2, 1) => 16.28
o: (3, 1, 1) => 14.14
o: (4, 4, 2) => 0.0
o: (2, 2, 6) => 0.0
o: (3, 2, 1) => 22.02
o: (2, 1, 4) => 16.64
o: (4, 1, 5) => 35.23
o: (2, 1, 3) => 16.4
o: (2, 2, 4) => 0.0
o: (4, 2, 5) => 50.25
o: (4, 3, 1) => 30.81
o: (1, 3, 6) => 18.6
o: (4, 1, 2) => 32.25
o: (4, 4, 1) => 0.0
o: (2, 2, 3) => 0.0
o: (2, 3, 5) => 18.03
o: (1, 4, 6) => 28.6
o: (2, 4, 5) => 50.25
o: (3, 3, 6) => 0.0
o: (4, 2, 2) => 48.01
o: (3, 4, 6) => 29.12
o: (1, 3, 4) => 20.12
o: (2, 3, 2) => 24.19
o: (1, 4, 4) => 34.13
o: (2, 4, 2) => 48.01
o: (1, 3, 3) => 17.49
o: (3, 3, 4) => 0.0
o: (1, 4, 3) => 32.76
o: (3, 4, 4) => 29.15
o: (4, 1, 1) => 31.76
o: (1, 1, 6) => 0.0
o: (2, 1, 5) => 16.12
o: (3, 3, 3) => 0.0
o: (3, 4, 3) => 29.07
o: (4, 2, 1) => 47.71
o: (1, 2, 6) => 22.2
o: (3, 1, 6) => 18.6
o: (2, 2, 5) => 0.0
o: (2, 3, 1) => 22.02
o: (1, 1, 4) => 0.0
o: (2, 1, 2) => 16.28
o: (2, 4, 1) => 47.71
o: (3, 2, 6) => 28.86
o: (1, 1, 3) => 0.0
o: (1, 2, 4) => 16.64
o: (2, 2, 2) => 0.0
o: (3, 1, 4) => 20.12

[121, 2724, 2714, 2637, 2627, 2677, 2637, 52]
JOBS in the order of refs (Vprime)
Node 1: Job(0, Point(70, 70, 0), 0, 0, 2535, 0, 0, 0)
Node 2: Job(1, Point(101, 0, 0), 9, 1932, 2172, 10, 0, 72)
Node 3: Job(5, Point(69, 116, 2), 26, 1317, 1557, 10, 0, 55)
Node 4: Job(6, Point(137, 137, 1), 27, 339, 579, 10, 0, 200)
Node 5: Job(7, Point(103, 119, 1), 18, 1276, 1516, 10, 0, 96)
Node 6: Job(8, Point(78, 111, 2), 22, 47, 287, 10, 0, 11)
Node 7: Job(9, Point(107, 25, 0), 13, 1035, 1275, 10, 0, 82)
Node 8: Job(15, Point(137, 7, 0), 40, 563, 803, 10, 0, 80)
Node 9: Job(17, Point(46, 112, 2), 10, 1084, 1324, 10, 0, 189)
Node 10: Job(18, Point(79, 72, 0), 22, 9, 249, 10, 0, 167)
Node 11: Job(19, Point(104, 32, 0), 18, 479, 719, 10, 0, 102)
Node 12: Job(20, Point(8, 87, 2), 17, 1545, 1785, 10, 0, 110)
Node 13: Job(21, Point(109, 139, 1), 8, 392, 632, 10, 0, 51)
Node 14: Job(23, Point(78, 63, 0), 19, 10, 250, 10, 0, 124)
Node 15: Job(24, Point(95, 135, 1), 27, 1542, 1782, 10, 0, 87)
Node 16: Job(26, Point(64, 132, 2), 8, 170, 410, 10, 0, 83)
Node 17: Job(28, Point(39, 13, 3), 20, 1443, 1683, 10, 0, 108)
Node 18: Job(29, Point(120, 14, 0), 20, 974, 1214, 10, 0, 188)
Node 19: Job(31, Point(140, 42, 0), 13, 342, 582, 10, 0, 92)
Node 20: Job(32, Point(121, 124, 1), 21, 539, 779, 10, 0, 190)
Node 21: Job(33, Point(42, 29, 3), 12, 180, 420, 10, 0, 63)
Node 22: Job(34, Point(44, 58, 3), 30, 28, 268, 10, 0, 134)
Node 23: Job(35, Point(32, 6, 3), 11, 320, 560, 10, 0, 158)
Node 24: Job(36, Point(41, 36, 3), 13, 146, 386, 10, 0, 16)
Node 25: Job(37, Point(106, 10, 0), 13, 1135, 1375, 10, 0, 76)
Node 26: Job(38, Point(107, 102, 1), 12, 817, 1057, 10, 0, 112)
Node 27: Job(40, Point(132, 133, 1), 24, 499, 739, 10, 0, 128)
Node 28: Job(41, Point(81, 57, 0), 8, 17, 257, 10, 0, 127)
Node 29: Job(42, Point(120, 52, 0), 20, 1437, 1677, 10, 0, 126)
Node 30: Job(43, Point(113, 32, 0), 36, 516, 756, 10, 0, 50)
Node 31: Job(44, Point(137, 101, 1), 12, 617, 857, 10, 0, 193)
Node 32: Job(45, Point(82, 103, 1), 15, 79, 319, 10, 0, 157)
Node 33: Job(47, Point(90, 44, 0), 6, 149, 389, 10, 0, 138)
Node 34: Job(48, Point(139, 73, 1), 10, 288, 528, 10, 0, 194)
Node 35: Job(53, Point(60, 84, 2), 23, 1866, 2106, 10, 0, 171)
Node 36: Job(56, Point(86, 40, 0), 22, 34, 274, 10, 0, 65)
Node 37: Job(57, Point(69, 115, 2), 20, 801, 1041, 10, 0, 98)
Node 38: Job(58, Point(59, 115, 2), 26, 1195, 1435, 10, 0, 115)
Node 39: Job(60, Point(107, 77, 1), 34, 37, 277, 10, 0, 49)
Node 40: Job(61, Point(104, 54, 0), 13, 150, 390, 10, 0, 145)
Node 41: Job(62, Point(54, 33, 3), 20, 41, 281, 10, 0, 137)
Node 42: Job(72, Point(88, 29, 0), -9, 2195, 2435, 10, 1, 0)
Node 43: Job(55, Point(84, 88, 1), -26, 1365, 1605, 10, 5, 0)
Node 44: Job(200, Point(116, 83, 1), -27, 658, 898, 10, 6, 0)
Node 45: Job(96, Point(86, 80, 1), -18, 1438, 1678, 10, 7, 0)
Node 46: Job(11, Point(37, 138, 2), -22, 779, 1019, 10, 8, 0)
Node 47: Job(82, Point(36, 54, 3), -13, 1428, 1668, 10, 9, 0)
Node 48: Job(80, Point(71, 70, 0), -40, 1861, 2101, 10, 15, 0)
Node 49: Job(189, Point(5, 99, 2), -10, 1237, 1477, 10, 17, 0)
Node 50: Job(167, Point(137, 84, 1), -22, 358, 598, 10, 18, 0)
Node 51: Job(102, Point(109, 78, 1), -18, 891, 1131, 10, 19, 0)
Node 52: Job(110, Point(16, 62, 3), -17, 1524, 1764, 10, 20, 0)
Node 53: Job(51, Point(98, 4, 0), -8, 651, 891, 10, 21, 0)
Node 54: Job(124, Point(85, 111, 1), -19, 952, 1192, 10, 23, 0)
Node 55: Job(87, Point(34, 72, 2), -27, 2134, 2374, 10, 24, 0)
Node 56: Job(83, Point(16, 92, 2), -8, 1375, 1615, 10, 26, 0)
Node 57: Job(108, Point(15, 18, 3), -20, 1540, 1780, 10, 28, 0)
Node 58: Job(188, Point(15, 9, 3), -20, 1581, 1821, 10, 29, 0)
Node 59: Job(92, Point(102, 52, 0), -13, 576, 816, 10, 31, 0)
Node 60: Job(190, Point(36, 38, 3), -21, 1691, 1931, 10, 32, 0)
Node 61: Job(63, Point(32, 52, 3), -12, 544, 784, 10, 33, 0)
Node 62: Job(134, Point(23, 19, 3), -30, 626, 866, 10, 34, 0)
Node 63: Job(158, Point(54, 41, 3), -11, 1065, 1305, 10, 35, 0)
Node 64: Job(16, Point(50, 106, 2), -13, 1221, 1461, 10, 36, 0)
Node 65: Job(76, Point(9, 19, 3), -13, 1431, 1671, 10, 37, 0)
Node 66: Job(112, Point(123, 84, 1), -12, 1606, 1846, 10, 38, 0)
Node 67: Job(128, Point(116, 105, 1), -24, 517, 757, 10, 40, 0)
Node 68: Job(127, Point(138, 105, 1), -8, 1554, 1794, 10, 41, 0)
Node 69: Job(126, Point(40, 113, 2), -20, 1846, 2086, 10, 42, 0)
Node 70: Job(50, Point(64, 138, 2), -36, 1700, 1940, 10, 43, 0)
Node 71: Job(193, Point(137, 127, 1), -12, 722, 962, 10, 44, 0)
Node 72: Job(157, Point(56, 129, 2), -15, 1086, 1326, 10, 45, 0)
Node 73: Job(138, Point(100, 99, 1), -6, 1136, 1376, 10, 47, 0)
Node 74: Job(194, Point(120, 102, 1), -10, 326, 566, 10, 48, 0)
Node 75: Job(171, Point(66, 82, 2), -23, 1944, 2184, 10, 53, 0)
Node 76: Job(65, Point(99, 34, 0), -22, 243, 483, 10, 56, 0)
Node 77: Job(98, Point(18, 104, 2), -20, 1287, 1527, 10, 57, 0)
Node 78: Job(115, Point(93, 61, 0), -26, 2024, 2264, 10, 58, 0)
Node 79: Job(49, Point(89, 24, 0), -34, 1144, 1384, 10, 60, 0)
Node 80: Job(145, Point(115, 82, 1), -13, 1010, 1250, 10, 61, 0)
Node 81: Job(137, Point(69, 6, 3), -20, 272, 512, 10, 62, 0)
Node 82: Job(0, Point(70, 70, 0), 0, 0, 2535, 0, 0, 0)

### Preprocessing Data ###
	-> arcs: 6724 (100.0%)
	-> arc_removals: 4140 (61.57%)
	-> arc_removals_is_loop: 82 (1.22%)
	-> arc_removals_is_delivery_to_pickup: 42 (0.62%)
	-> arc_removals_is_depot_begin_to_delivery: 40 (0.59%)
	-> arc_removals_is_pickup_to_depot_end: 40 (0.59%)
	-> arc_removals_is_dest_depot_begin: 80 (1.19%)
	-> arc_removals_is_orig_depot_end: 79 (1.17%)
	-> arc_removals_is_capacity_violated: 0 (0.0%)
	-> arc_removals_is_time_window_limited: 2745 (40.82%)
	-> arc_removals_is_time_window_pairing_limited: 734 (10.92%)
	-> arc_removals_is_indirect_request_service_impossible: 298 (4.43%)
	-> gamma_vars: 0 (0%)
	-> feas_gamma_vars: 0 (0%)
	-> infeas_gamma_vars_is_next_mtrv_unreachable: 0 (0%)
	-> infeas_gamma_vars_is_iprime_jprime_eq_i_j: 0 (0%)
	-> machine_removal_for_an_arc: 0 (0.0%)
##########################

[11:04:13.75] Print configuration
------------------------------------------------------
"
[11:04:13.75] Running Multi Start Heuristic"
> Experiment started at 2025-10-16T11:04:13.750
> Instance: LR2_2_5_t2_40R_40V_04I_06M
> Algorithm Parameters:


	>Stop params:
		>  - rule ITERATIONS
		>  - argument 60000.0
		>  - maximum_time 3600

	>General params:
		>  - instPath /dados/rmelo/PDPTW-SE/benchmark_multi_island_v5/official_experiments/multistartlp/official/set_01_pt_02/../../../../instances/orig_ams_fg/40R_40V_04I_06M/t2/LR2_2_5/
		>  - name LR2_2_5
		>  - type t2
		>  - group 40R_40V_04I_06M
		>  - fullname LR2_2_5_t2_40R_40V_04I_06M
		>  - methodType heur
		>  - methodCode mslp
		>  - genconfigfile /dados/rmelo/PDPTW-SE/benchmark_multi_island_v5/official_experiments/multistartlp/official/set_01_pt_02/configs/genconfig_mslp.conf
		>  - genconfigfilename genconfig_mslp
		>  - greedy_service_order random
		>  - cutoff 0
		>  - cutoffmachs 6
		>  - num_machs 0
		>  - solver Gurobi
		>  - maxtime 3600
		>  - gurobiCuts 1
		>  - typeUserCut 0
		>  - mipPresolve -1
		>  - printsol 1
		>  - maxnodes -1
		>  - elevator 0
		>  - make_instance_feasible false
		>  - output /dados/rmelo/PDPTW-SE/benchmark_multi_island_v5/official_experiments/multistartlp/official/set_01_pt_02/logs
		>  - suff_outputs _seed_143
		>  - suff_csv _bash_3
		>  - epsilon 0.005
		>  - epsilonCap 0.5
		>  - warmStart false
		>  - seed 143
		>  - rng Random.MersenneTwister(143)
		>  - alpha 0.05
		>  - maxiter 1000000
		>  - outputFlagGrbMIP 0
		>  - outputFlagGrbMSLP 0
		>  - outputFlagGrbLMNS 0
		>  - mslpr I
		>  - mslpa 60000
		>  - lmnsr M
		>  - lmnsa 60
		>  - lmnsRepairTime 30.0
		>  - lmnsMIPFocus 0
		>  - lmnsGapToBiggerDestruction 50
		>  - lmnsGapToSmallerDestruction 95
		>  - lmnsWeightShawDistProx 1.0
		>  - lmnsWeightShawEarlProx 1.0
		>  - lmnsWeightShawSameRoute 1.0
		>  - lmnsWeightShawDemandSim 1.0
		>  - lmnsReqRApplyMIPStart true
		>  - lmnsAcceptanceCriteria H
		>  - lmnsMetropolisTemp 100.0
		>  - lmnsSimulatedAnnealingTemp 100.0
		>  - lmnsSimulatedAnnealingCool 0.95
		>  - mipmaxtime 3600
		>  - csvfilename /dados/rmelo/PDPTW-SE/benchmark_multi_island_v5/official_experiments/multistartlp/official/set_01_pt_02/logs/heur_mslp/outputs/csvresults_heur_mslp_bash_3.csv
		>  - solfilename /dados/rmelo/PDPTW-SE/benchmark_multi_island_v5/official_experiments/multistartlp/official/set_01_pt_02/logs/heur_mslp/solutions/40R_40V_04I_06M/LR2_2_5_sol_genconfig_mslp_seed_143.txt
		>  - timelineFilename /dados/rmelo/PDPTW-SE/benchmark_multi_island_v5/official_experiments/multistartlp/official/set_01_pt_02/logs/heur_mslp/timelines/40R_40V_04I_06M/LR2_2_5_timeline_genconfig_mslp_seed_143.txt
		>  - grbFilename /dados/rmelo/PDPTW-SE/benchmark_multi_island_v5/official_experiments/multistartlp/official/set_01_pt_02/logs/heur_mslp/gurobi/40R_40V_04I_06M/LR2_2_5_grb_genconfig_mslp_seed_143.log
		>  - threads 1
		>  - solverMethod AUTOMATIC

------------------------------------------------------

[11:04:13.885] Starting running MSLP
objValue;greedysol;iteration;time
10692.90;11130.92;1;0.026888
10130.98;11179.65;3;0.402342
9265.76;9936.17;6;0.502082
8976.65;9564.54;31;1.243616
8897.91;9639.03;172;5.530683
8739.40;9134.32;323;9.940459
8733.12;9441.05;449;13.886402
8427.12;9061.41;479;14.781781
8233.43;9219.35;4719;140.904440
8177.44;8803.95;11674;346.365098
8072.01;8816.26;12735;377.679783

[11:34:24.007] Finished running MSLP
System CPU time: 30.89 seconds

[11:34:24.078] Post running MSLP
Best solution value: 8072.01
Total time elapsed: 1767.308525
Time to best: 377.679783
Iterations: 60000
Iterations to best: 12735
Improvements: 11
Infeasible solutions percentage: (0 / 60000) = 0.0000 %
(LP improvements)/(LP runs) = 60000/60000 = 100.0000 %
Mean LP improvement percentage: 8.4348 %
[11:34:24.328] Writing results to CSV file: /dados/rmelo/PDPTW-SE/benchmark_multi_island_v5/official_experiments/multistartlp/official/set_01_pt_02/logs/heur_mslp/outputs/csvresults_heur_mslp_bash_3.csv

[11:34:26.418] Saving solution to file:/dados/rmelo/PDPTW-SE/benchmark_multi_island_v5/official_experiments/multistartlp/official/set_01_pt_02/logs/heur_mslp/solutions/40R_40V_04I_06M/LR2_2_5_sol_genconfig_mslp_seed_143.txt

[11:34:26.418] Saving solution timeline to file: /dados/rmelo/PDPTW-SE/benchmark_multi_island_v5/official_experiments/multistartlp/official/set_01_pt_02/logs/heur_mslp/timelines/40R_40V_04I_06M/LR2_2_5_timeline_genconfig_mslp_seed_143.txt
---------------------| VEHICLES |---------------------

Vehicle 2 :
	id: 0
		node: 1
		(x, y, z): (70, 70, 0)
		dem: 0
		earl: 0
		lat: 2535
		servt: 0
		pid: 0
		did: 0
		servST: 104.02000000000001
		(h, h_ind): (-1, 0)
		load: 0.0

	Finished service at time: 104.02000000000001

	Task 0 -> Task 23: 10.63
	Vehicle arrival at task: 114.65
	Waiting time until service start time: 0.0

	id: 23
		node: 14
		(x, y, z): (78, 63, 0)
		dem: 19
		earl: 10
		lat: 250
		servt: 10
		pid: 0
		did: 124
		servST: 114.65
		(h, h_ind): (-1, 0)
		load: 19.0

	Finished service at time: 124.65

	Using Machine: 5
		Task 23 -> Machine 5 (Station 1): 8.6
		Vehicle arrival at machine station: 133.25
		Waiting time until machine travel: 0.0

		Machine travel start time: 133.25
		Region 0 -> Region 3: 28.6
		Machine arrival at machine station: 161.85

		Machine 5 (Station 4)-> Task 33: 22.8
		Vehicle arrival at task: 184.65
		Waiting time until service start time: 0.0

	id: 33
		node: 21
		(x, y, z): (42, 29, 3)
		dem: 12
		earl: 180
		lat: 420
		servt: 10
		pid: 0
		did: 63
		servST: 184.65
		(h, h_ind): (5, 1)
		load: 31.0

	Finished service at time: 194.65

	Task 33 -> Task 62: 12.65
	Vehicle arrival at task: 207.3
	Waiting time until service start time: 0.0

	id: 62
		node: 41
		(x, y, z): (54, 33, 3)
		dem: 20
		earl: 41
		lat: 281
		servt: 10
		pid: 0
		did: 137
		servST: 207.3
		(h, h_ind): (-1, 0)
		load: 51.0

	Finished service at time: 217.3

	Using Machine: 5
		Task 62 -> Machine 5 (Station 4): 18.97
		Vehicle arrival at machine station: 236.27
		Waiting time until machine travel: 0.0

		Machine travel start time: 236.27
		Region 3 -> Region 2: 29.12
		Machine arrival at machine station: 265.39

		Machine 5 (Station 3)-> Task 26: 53.6
		Vehicle arrival at task: 318.99
		Waiting time until service start time: 0.0

	id: 26
		node: 16
		(x, y, z): (64, 132, 2)
		dem: 8
		earl: 170
		lat: 410
		servt: 10
		pid: 0
		did: 83
		servST: 318.99
		(h, h_ind): (5, 2)
		load: 59.0

	Finished service at time: 328.99

	Using Machine: 5
		Task 26 -> Machine 5 (Station 3): 53.6
		Vehicle arrival at machine station: 382.59000000000003
		Waiting time until machine travel: 0.0

		Machine travel start time: 382.59000000000003
		Region 2 -> Region 3: 29.12
		Machine arrival at machine station: 411.71000000000004

		Machine 5 (Station 4)-> Task 137: 49.66
		Vehicle arrival at task: 461.37
		Waiting time until service start time: 0.0

	id: 137
		node: 81
		(x, y, z): (69, 6, 3)
		dem: -20
		earl: 272
		lat: 512
		servt: 10
		pid: 62
		did: 0
		servST: 461.37
		(h, h_ind): (5, 3)
		load: 39.0

	Finished service at time: 471.37

	Using Machine: 5
		Task 137 -> Machine 5 (Station 4): 49.66
		Vehicle arrival at machine station: 521.03
		Waiting time until machine travel: 0.0

		Machine travel start time: 521.03
		Region 3 -> Region 0: 28.6
		Machine arrival at machine station: 549.63

		Machine 5 (Station 1)-> Task 15: 89.87
		Vehicle arrival at task: 639.5
		Waiting time until service start time: 0.0

	id: 15
		node: 8
		(x, y, z): (137, 7, 0)
		dem: 40
		earl: 563
		lat: 803
		servt: 10
		pid: 0
		did: 80
		servST: 639.5
		(h, h_ind): (5, 4)
		load: 79.0

	Finished service at time: 649.5

	Using Machine: 5
		Task 15 -> Machine 5 (Station 1): 89.87
		Vehicle arrival at machine station: 739.37
		Waiting time until machine travel: 0.0

		Machine travel start time: 739.37
		Region 0 -> Region 3: 28.6
		Machine arrival at machine station: 767.97

		Machine 5 (Station 4)-> Task 63: 16.03
		Vehicle arrival at task: 784.0
		Waiting time until service start time: 0.0

	id: 63
		node: 61
		(x, y, z): (32, 52, 3)
		dem: -12
		earl: 544
		lat: 784
		servt: 10
		pid: 33
		did: 0
		servST: 784.0
		(h, h_ind): (5, 6)
		load: 67.0

	Finished service at time: 794.0

	Using Machine: 0
		Task 63 -> Machine 0 (Station 4): 13.6
		Vehicle arrival at machine station: 807.6
		Waiting time until machine travel: 67.69

		Machine travel start time: 875.29
		Region 3 -> Region 1: 47.71
		Machine arrival at machine station: 923.0

		Machine 0 (Station 2)-> Task 124: 29.0
		Vehicle arrival at task: 952.0
		Waiting time until service start time: 0.0

	id: 124
		node: 54
		(x, y, z): (85, 111, 1)
		dem: -19
		earl: 952
		lat: 1192
		servt: 10
		pid: 23
		did: 0
		servST: 952.0
		(h, h_ind): (0, 3)
		load: 48.0

	Finished service at time: 962.0

	Using Machine: 4
		Task 124 -> Machine 4 (Station 2): 25.0
		Vehicle arrival at machine station: 987.0
		Waiting time until machine travel: 0.0

		Machine travel start time: 987.0
		Region 1 -> Region 2: 18.03
		Machine arrival at machine station: 1005.03

		Machine 4 (Station 3)-> Task 57: 30.07
		Vehicle arrival at task: 1035.1
		Waiting time until service start time: 5.9

	id: 57
		node: 37
		(x, y, z): (69, 115, 2)
		dem: 20
		earl: 801
		lat: 1041
		servt: 10
		pid: 0
		did: 98
		servST: 1041.0
		(h, h_ind): (4, 7)
		load: 68.0

	Finished service at time: 1051.0

	Task 57 -> Task 17: 23.19
	Vehicle arrival at task: 1074.19
	Waiting time until service start time: 9.81

	id: 17
		node: 9
		(x, y, z): (46, 112, 2)
		dem: 10
		earl: 1084
		lat: 1324
		servt: 10
		pid: 0
		did: 189
		servST: 1084.0
		(h, h_ind): (-1, 0)
		load: 78.0

	Finished service at time: 1094.0

	Task 17 -> Task 189: 43.01
	Vehicle arrival at task: 1137.01
	Waiting time until service start time: 99.99

	id: 189
		node: 49
		(x, y, z): (5, 99, 2)
		dem: -10
		earl: 1237
		lat: 1477
		servt: 10
		pid: 17
		did: 0
		servST: 1237.0
		(h, h_ind): (-1, 0)
		load: 68.0

	Finished service at time: 1247.0

	Task 189 -> Task 98: 13.93
	Vehicle arrival at task: 1260.93
	Waiting time until service start time: 26.07

	id: 98
		node: 77
		(x, y, z): (18, 104, 2)
		dem: -20
		earl: 1287
		lat: 1527
		servt: 10
		pid: 57
		did: 0
		servST: 1287.0
		(h, h_ind): (-1, 0)
		load: 48.0

	Finished service at time: 1297.0

	Using Machine: 3
		Task 98 -> Machine 3 (Station 3): 46.65
		Vehicle arrival at machine station: 1343.65
		Waiting time until machine travel: 25.3

		Machine travel start time: 1368.95
		Region 2 -> Region 0: 20.12
		Machine arrival at machine station: 1389.07

		Machine 3 (Station 1)-> Task 42: 47.93
		Vehicle arrival at task: 1437.0
		Waiting time until service start time: 0.0

	id: 42
		node: 29
		(x, y, z): (120, 52, 0)
		dem: 20
		earl: 1437
		lat: 1677
		servt: 10
		pid: 0
		did: 126
		servST: 1437.0
		(h, h_ind): (3, 2)
		load: 68.0

	Finished service at time: 1447.0

	Using Machine: 3
		Task 42 -> Machine 3 (Station 1): 47.93
		Vehicle arrival at machine station: 1494.93
		Waiting time until machine travel: 0.0

		Machine travel start time: 1494.93
		Region 0 -> Region 2: 20.12
		Machine arrival at machine station: 1515.05

		Machine 3 (Station 3)-> Task 83: 43.68
		Vehicle arrival at task: 1558.73
		Waiting time until service start time: 56.27

	id: 83
		node: 56
		(x, y, z): (16, 92, 2)
		dem: -8
		earl: 1375
		lat: 1615
		servt: 10
		pid: 26
		did: 0
		servST: 1615.0
		(h, h_ind): (3, 3)
		load: 60.0

	Finished service at time: 1625.0

	Task 83 -> Task 126: 31.89
	Vehicle arrival at task: 1656.89
	Waiting time until service start time: 189.11

	id: 126
		node: 69
		(x, y, z): (40, 113, 2)
		dem: -20
		earl: 1846
		lat: 2086
		servt: 10
		pid: 42
		did: 0
		servST: 1846.0
		(h, h_ind): (-1, 0)
		load: 40.0

	Finished service at time: 1856.0

	Task 126 -> Task 53: 35.23
	Vehicle arrival at task: 1891.23
	Waiting time until service start time: 0.0

	id: 53
		node: 35
		(x, y, z): (60, 84, 2)
		dem: 23
		earl: 1866
		lat: 2106
		servt: 10
		pid: 0
		did: 171
		servST: 1891.23
		(h, h_ind): (-1, 0)
		load: 63.0

	Finished service at time: 1901.23

	Using Machine: 0
		Task 53 -> Machine 0 (Station 3): 4.24
		Vehicle arrival at machine station: 1905.47
		Waiting time until machine travel: 0.0

		Machine travel start time: 1905.47
		Region 2 -> Region 0: 14.14
		Machine arrival at machine station: 1919.6100000000001

		Machine 0 (Station 1)-> Task 80: 2.24
		Vehicle arrival at task: 1921.8500000000001
		Waiting time until service start time: 0.0

	id: 80
		node: 48
		(x, y, z): (71, 70, 0)
		dem: -40
		earl: 1861
		lat: 2101
		servt: 10
		pid: 15
		did: 0
		servST: 1921.8500000000001
		(h, h_ind): (0, 8)
		load: 23.0

	Finished service at time: 1931.8500000000001

	Using Machine: 0
		Task 80 -> Machine 0 (Station 1): 2.24
		Vehicle arrival at machine station: 1934.0900000000001
		Waiting time until machine travel: 0.0

		Machine travel start time: 1934.0900000000001
		Region 0 -> Region 2: 14.14
		Machine arrival at machine station: 1948.2300000000002

		Machine 0 (Station 3)-> Task 171: 3.16
		Vehicle arrival at task: 1951.3900000000003
		Waiting time until service start time: -0.0

	id: 171
		node: 75
		(x, y, z): (66, 82, 2)
		dem: -23
		earl: 1944
		lat: 2184
		servt: 10
		pid: 53
		did: 0
		servST: 1951.39
		(h, h_ind): (0, 9)
		load: 0.0

	Finished service at time: 1961.39

	Using Machine: 0
		Task 171 -> Machine 0 (Station 3): 3.16
		Vehicle arrival at machine station: 1964.5500000000002
		Waiting time until machine travel: 0.0

		Machine travel start time: 1964.5500000000002
		Region 2 -> Region 0: 14.14
		Machine arrival at machine station: 1978.6900000000003

		Machine 0 (Station 1)-> Task 0: 3.16
		Vehicle arrival at task: 1981.8500000000004
		Waiting time until service start time: -0.0

	id: 0
		node: 82
		(x, y, z): (70, 70, 0)
		dem: 0
		earl: 0
		lat: 2535
		servt: 0
		pid: 0
		did: 0
		servST: 1981.8500000000001
		(h, h_ind): (0, 10)
		load: 0.0


Vehicle 5 :
	id: 0
		node: 1
		(x, y, z): (70, 70, 0)
		dem: 0
		earl: 0
		lat: 2535
		servt: 0
		pid: 0
		did: 0
		servST: 172.34000000000012
		(h, h_ind): (-1, 0)
		load: 0.0

	Finished service at time: 172.34000000000012

	Task 0 -> Task 18: 9.22
	Vehicle arrival at task: 181.56000000000012
	Waiting time until service start time: 0.0

	id: 18
		node: 10
		(x, y, z): (79, 72, 0)
		dem: 22
		earl: 9
		lat: 249
		servt: 10
		pid: 0
		did: 167
		servST: 181.56000000000012
		(h, h_ind): (-1, 0)
		load: 22.0

	Finished service at time: 191.56000000000012

	Task 18 -> Task 61: 30.81
	Vehicle arrival at task: 222.37000000000012
	Waiting time until service start time: 0.0

	id: 61
		node: 40
		(x, y, z): (104, 54, 0)
		dem: 13
		earl: 150
		lat: 390
		servt: 10
		pid: 0
		did: 145
		servST: 222.37000000000012
		(h, h_ind): (-1, 0)
		load: 35.0

	Finished service at time: 232.37000000000012

	Task 61 -> Task 56: 22.8
	Vehicle arrival at task: 255.17000000000013
	Waiting time until service start time: -0.0

	id: 56
		node: 36
		(x, y, z): (86, 40, 0)
		dem: 22
		earl: 34
		lat: 274
		servt: 10
		pid: 0
		did: 65
		servST: 255.1700000000001
		(h, h_ind): (-1, 0)
		load: 57.0

	Finished service at time: 265.1700000000001

	Task 56 -> Task 47: 5.66
	Vehicle arrival at task: 270.8300000000001
	Waiting time until service start time: 0.0

	id: 47
		node: 33
		(x, y, z): (90, 44, 0)
		dem: 6
		earl: 149
		lat: 389
		servt: 10
		pid: 0
		did: 138
		servST: 270.8300000000001
		(h, h_ind): (-1, 0)
		load: 63.0

	Finished service at time: 280.8300000000001

	Task 47 -> Task 65: 13.45
	Vehicle arrival at task: 294.2800000000001
	Waiting time until service start time: 0.0

	id: 65
		node: 76
		(x, y, z): (99, 34, 0)
		dem: -22
		earl: 243
		lat: 483
		servt: 10
		pid: 56
		did: 0
		servST: 294.2800000000001
		(h, h_ind): (-1, 0)
		load: 41.0

	Finished service at time: 304.2800000000001

	Using Machine: 4
		Task 65 -> Machine 4 (Station 1): 43.91
		Vehicle arrival at machine station: 348.19000000000005
		Waiting time until machine travel: 0.0

		Machine travel start time: 348.19000000000005
		Region 0 -> Region 1: 16.12
		Machine arrival at machine station: 364.31000000000006

		Machine 4 (Station 2)-> Task 6: 72.84
		Vehicle arrival at task: 437.1500000000001
		Waiting time until service start time: -0.0

	id: 6
		node: 4
		(x, y, z): (137, 137, 1)
		dem: 27
		earl: 339
		lat: 579
		servt: 10
		pid: 0
		did: 200
		servST: 437.15000000000003
		(h, h_ind): (4, 3)
		load: 68.0

	Finished service at time: 447.15000000000003

	Task 6 -> Task 167: 53.0
	Vehicle arrival at task: 500.15000000000003
	Waiting time until service start time: 0.0

	id: 167
		node: 50
		(x, y, z): (137, 84, 1)
		dem: -22
		earl: 358
		lat: 598
		servt: 10
		pid: 18
		did: 0
		servST: 500.15000000000003
		(h, h_ind): (-1, 0)
		load: 46.0

	Finished service at time: 510.15000000000003

	Task 167 -> Task 48: 11.18
	Vehicle arrival at task: 521.33
	Waiting time until service start time: 0.0

	id: 48
		node: 34
		(x, y, z): (139, 73, 1)
		dem: 10
		earl: 288
		lat: 528
		servt: 10
		pid: 0
		did: 194
		servST: 521.33
		(h, h_ind): (-1, 0)
		load: 56.0

	Finished service at time: 531.33

	Task 48 -> Task 194: 34.67
	Vehicle arrival at task: 566.0
	Waiting time until service start time: 0.0

	id: 194
		node: 74
		(x, y, z): (120, 102, 1)
		dem: -10
		earl: 326
		lat: 566
		servt: 10
		pid: 48
		did: 0
		servST: 566.0
		(h, h_ind): (-1, 0)
		load: 46.0

	Finished service at time: 576.0

	Task 194 -> Task 40: 33.24
	Vehicle arrival at task: 609.24
	Waiting time until service start time: 19.83

	id: 40
		node: 27
		(x, y, z): (132, 133, 1)
		dem: 24
		earl: 499
		lat: 739
		servt: 10
		pid: 0
		did: 128
		servST: 629.07
		(h, h_ind): (-1, 0)
		load: 70.0

	Finished service at time: 639.07

	Task 40 -> Task 128: 32.25
	Vehicle arrival at task: 671.32
	Waiting time until service start time: 0.0

	id: 128
		node: 67
		(x, y, z): (116, 105, 1)
		dem: -24
		earl: 517
		lat: 757
		servt: 10
		pid: 40
		did: 0
		servST: 671.32
		(h, h_ind): (-1, 0)
		load: 46.0

	Finished service at time: 681.32

	Task 128 -> Task 200: 22.0
	Vehicle arrival at task: 703.32
	Waiting time until service start time: 0.0

	id: 200
		node: 44
		(x, y, z): (116, 83, 1)
		dem: -27
		earl: 658
		lat: 898
		servt: 10
		pid: 6
		did: 0
		servST: 703.32
		(h, h_ind): (-1, 0)
		load: 19.0

	Finished service at time: 713.32

	Task 200 -> Task 44: 27.66
	Vehicle arrival at task: 740.98
	Waiting time until service start time: 0.0

	id: 44
		node: 31
		(x, y, z): (137, 101, 1)
		dem: 12
		earl: 617
		lat: 857
		servt: 10
		pid: 0
		did: 193
		servST: 740.98
		(h, h_ind): (-1, 0)
		load: 31.0

	Finished service at time: 750.98

	Task 44 -> Task 32: 28.02
	Vehicle arrival at task: 779.0
	Waiting time until service start time: 0.0

	id: 32
		node: 20
		(x, y, z): (121, 124, 1)
		dem: 21
		earl: 539
		lat: 779
		servt: 10
		pid: 0
		did: 190
		servST: 779.0
		(h, h_ind): (-1, 0)
		load: 52.0

	Finished service at time: 789.0

	Task 32 -> Task 193: 16.28
	Vehicle arrival at task: 805.28
	Waiting time until service start time: 0.0

	id: 193
		node: 71
		(x, y, z): (137, 127, 1)
		dem: -12
		earl: 722
		lat: 962
		servt: 10
		pid: 44
		did: 0
		servST: 805.28
		(h, h_ind): (-1, 0)
		load: 40.0

	Finished service at time: 815.28

	Task 193 -> Task 145: 50.09
	Vehicle arrival at task: 865.37
	Waiting time until service start time: 144.63

	id: 145
		node: 80
		(x, y, z): (115, 82, 1)
		dem: -13
		earl: 1010
		lat: 1250
		servt: 10
		pid: 61
		did: 0
		servST: 1010.0
		(h, h_ind): (-1, 0)
		load: 27.0

	Finished service at time: 1020.0

	Using Machine: 4
		Task 145 -> Machine 4 (Station 2): 30.27
		Vehicle arrival at machine station: 1050.27
		Waiting time until machine travel: 0.0

		Machine travel start time: 1050.27
		Region 1 -> Region 0: 16.12
		Machine arrival at machine station: 1066.3899999999999

		Machine 4 (Station 1)-> Task 29: 72.2
		Vehicle arrival at task: 1138.59
		Waiting time until service start time: 0.0

	id: 29
		node: 18
		(x, y, z): (120, 14, 0)
		dem: 20
		earl: 974
		lat: 1214
		servt: 10
		pid: 0
		did: 188
		servST: 1138.59
		(h, h_ind): (4, 8)
		load: 47.0

	Finished service at time: 1148.59

	Task 29 -> Task 9: 17.03
	Vehicle arrival at task: 1165.62
	Waiting time until service start time: 0.0

	id: 9
		node: 7
		(x, y, z): (107, 25, 0)
		dem: 13
		earl: 1035
		lat: 1275
		servt: 10
		pid: 0
		did: 82
		servST: 1165.62
		(h, h_ind): (-1, 0)
		load: 60.0

	Finished service at time: 1175.62

	Task 9 -> Task 37: 15.03
	Vehicle arrival at task: 1190.6499999999999
	Waiting time until service start time: 0.0

	id: 37
		node: 25
		(x, y, z): (106, 10, 0)
		dem: 13
		earl: 1135
		lat: 1375
		servt: 10
		pid: 0
		did: 76
		servST: 1190.6499999999999
		(h, h_ind): (-1, 0)
		load: 73.0

	Finished service at time: 1200.6499999999999

	Using Machine: 4
		Task 37 -> Machine 4 (Station 1): 68.45
		Vehicle arrival at machine station: 1269.1
		Waiting time until machine travel: 0.0

		Machine travel start time: 1269.1
		Region 0 -> Region 1: 16.12
		Machine arrival at machine station: 1285.2199999999998

		Machine 4 (Station 2)-> Task 138: 19.85
		Vehicle arrival at task: 1305.0699999999997
		Waiting time until service start time: 0.0

	id: 138
		node: 73
		(x, y, z): (100, 99, 1)
		dem: -6
		earl: 1136
		lat: 1376
		servt: 10
		pid: 47
		did: 0
		servST: 1305.07
		(h, h_ind): (4, 10)
		load: 67.0

	Finished service at time: 1315.07

	Using Machine: 4
		Task 138 -> Machine 4 (Station 2): 19.85
		Vehicle arrival at machine station: 1334.9199999999998
		Waiting time until machine travel: 0.0

		Machine travel start time: 1334.9199999999998
		Region 1 -> Region 3: 50.25
		Machine arrival at machine station: 1385.1699999999998

		Machine 4 (Station 4)-> Task 76: 51.09
		Vehicle arrival at task: 1436.2599999999998
		Waiting time until service start time: 0.0

	id: 76
		node: 65
		(x, y, z): (9, 19, 3)
		dem: -13
		earl: 1431
		lat: 1671
		servt: 10
		pid: 37
		did: 0
		servST: 1436.2599999999998
		(h, h_ind): (4, 11)
		load: 54.0

	Finished service at time: 1446.2599999999998

	Task 76 -> Task 82: 44.2
	Vehicle arrival at task: 1490.4599999999998
	Waiting time until service start time: 0.0

	id: 82
		node: 47
		(x, y, z): (36, 54, 3)
		dem: -13
		earl: 1428
		lat: 1668
		servt: 10
		pid: 9
		did: 0
		servST: 1490.4599999999998
		(h, h_ind): (-1, 0)
		load: 41.0

	Finished service at time: 1500.4599999999998

	Using Machine: 5
		Task 82 -> Machine 5 (Station 4): 12.37
		Vehicle arrival at machine station: 1512.8299999999997
		Waiting time until machine travel: 0.0

		Machine travel start time: 1512.8299999999997
		Region 3 -> Region 2: 29.12
		Machine arrival at machine station: 1541.9499999999996

		Machine 5 (Station 3)-> Task 20: 48.66
		Vehicle arrival at task: 1590.6099999999997
		Waiting time until service start time: 0.0

	id: 20
		node: 12
		(x, y, z): (8, 87, 2)
		dem: 17
		earl: 1545
		lat: 1785
		servt: 10
		pid: 0
		did: 110
		servST: 1590.6099999999997
		(h, h_ind): (5, 10)
		load: 58.0

	Finished service at time: 1600.6099999999997

	Using Machine: 5
		Task 20 -> Machine 5 (Station 3): 48.66
		Vehicle arrival at machine station: 1649.2699999999998
		Waiting time until machine travel: 0.0

		Machine travel start time: 1649.2699999999998
		Region 2 -> Region 3: 29.12
		Machine arrival at machine station: 1678.3899999999996

		Machine 5 (Station 4)-> Task 190: 17.69
		Vehicle arrival at task: 1696.0799999999997
		Waiting time until service start time: 0.0

	id: 190
		node: 60
		(x, y, z): (36, 38, 3)
		dem: -21
		earl: 1691
		lat: 1931
		servt: 10
		pid: 32
		did: 0
		servST: 1696.0799999999997
		(h, h_ind): (5, 11)
		load: 37.0

	Finished service at time: 1706.0799999999997

	Task 190 -> Task 110: 31.24
	Vehicle arrival at task: 1737.3199999999997
	Waiting time until service start time: 0.0

	id: 110
		node: 52
		(x, y, z): (16, 62, 3)
		dem: -17
		earl: 1524
		lat: 1764
		servt: 10
		pid: 20
		did: 0
		servST: 1737.3199999999997
		(h, h_ind): (-1, 0)
		load: 20.0

	Finished service at time: 1747.3199999999997

	Task 110 -> Task 188: 53.01
	Vehicle arrival at task: 1800.3299999999997
	Waiting time until service start time: 0.0

	id: 188
		node: 58
		(x, y, z): (15, 9, 3)
		dem: -20
		earl: 1581
		lat: 1821
		servt: 10
		pid: 29
		did: 0
		servST: 1800.3299999999997
		(h, h_ind): (-1, 0)
		load: 0.0

	Finished service at time: 1810.3299999999997

	Using Machine: 5
		Task 188 -> Machine 5 (Station 4): 53.41
		Vehicle arrival at machine station: 1863.7399999999998
		Waiting time until machine travel: 0.0

		Machine travel start time: 1863.7399999999998
		Region 3 -> Region 0: 28.6
		Machine arrival at machine station: 1892.3399999999997

		Machine 5 (Station 1)-> Task 0: 2.24
		Vehicle arrival at task: 1894.5799999999997
		Waiting time until service start time: 0.0

	id: 0
		node: 82
		(x, y, z): (70, 70, 0)
		dem: 0
		earl: 0
		lat: 2535
		servt: 0
		pid: 0
		did: 0
		servST: 1894.5799999999997
		(h, h_ind): (5, 12)
		load: 0.0


Vehicle 13 :
	id: 0
		node: 1
		(x, y, z): (70, 70, 0)
		dem: 0
		earl: 0
		lat: 2535
		servt: 0
		pid: 0
		did: 0
		servST: 139.5
		(h, h_ind): (-1, 0)
		load: 0.0

	Finished service at time: 139.5

	Using Machine: 4
		Task 0 -> Machine 4 (Station 1): 7.28
		Vehicle arrival at machine station: 146.78
		Waiting time until machine travel: 0.0

		Machine travel start time: 146.78
		Region 0 -> Region 2: 16.4
		Machine arrival at machine station: 163.18

		Machine 4 (Station 3)-> Task 8: 28.23
		Vehicle arrival at task: 191.41
		Waiting time until service start time: 0.0

	id: 8
		node: 6
		(x, y, z): (78, 111, 2)
		dem: 22
		earl: 47
		lat: 287
		servt: 10
		pid: 0
		did: 11
		servST: 191.41
		(h, h_ind): (4, 1)
		load: 22.0

	Finished service at time: 201.41

	Using Machine: 0
		Task 8 -> Machine 0 (Station 3): 33.54
		Vehicle arrival at machine station: 234.95
		Waiting time until machine travel: 0.0

		Machine travel start time: 234.95
		Region 2 -> Region 3: 30.81
		Machine arrival at machine station: 265.76

		Machine 0 (Station 4)-> Task 34: 2.24
		Vehicle arrival at task: 268.0
		Waiting time until service start time: 0.0

	id: 34
		node: 22
		(x, y, z): (44, 58, 3)
		dem: 30
		earl: 28
		lat: 268
		servt: 10
		pid: 0
		did: 134
		servST: 268.0
		(h, h_ind): (0, 2)
		load: 52.0

	Finished service at time: 278.0

	Task 34 -> Task 134: 44.29
	Vehicle arrival at task: 322.29
	Waiting time until service start time: 303.71

	id: 134
		node: 62
		(x, y, z): (23, 19, 3)
		dem: -30
		earl: 626
		lat: 866
		servt: 10
		pid: 34
		did: 0
		servST: 626.0
		(h, h_ind): (-1, 0)
		load: 22.0

	Finished service at time: 636.0

	Using Machine: 5
		Task 134 -> Machine 5 (Station 4): 40.61
		Vehicle arrival at machine station: 676.61
		Waiting time until machine travel: 0.0

		Machine travel start time: 676.61
		Region 3 -> Region 2: 29.12
		Machine arrival at machine station: 705.73

		Machine 5 (Station 3)-> Task 11: 61.98
		Vehicle arrival at task: 767.71
		Waiting time until service start time: 11.29

	id: 11
		node: 46
		(x, y, z): (37, 138, 2)
		dem: -22
		earl: 779
		lat: 1019
		servt: 10
		pid: 8
		did: 0
		servST: 779.0
		(h, h_ind): (5, 5)
		load: 0.0

	Finished service at time: 789.0

	Using Machine: 1
		Task 11 -> Machine 1 (Station 3): 62.77
		Vehicle arrival at machine station: 851.77
		Waiting time until machine travel: 0.0

		Machine travel start time: 851.77
		Region 2 -> Region 0: 15.81
		Machine arrival at machine station: 867.5799999999999

		Machine 1 (Station 1)-> Task 0: 4.12
		Vehicle arrival at task: 871.6999999999999
		Waiting time until service start time: 0.0

	id: 0
		node: 82
		(x, y, z): (70, 70, 0)
		dem: 0
		earl: 0
		lat: 2535
		servt: 0
		pid: 0
		did: 0
		servST: 871.6999999999999
		(h, h_ind): (1, 3)
		load: 0.0


Vehicle 28 :
	id: 0
		node: 1
		(x, y, z): (70, 70, 0)
		dem: 0
		earl: 0
		lat: 2535
		servt: 0
		pid: 0
		did: 0
		servST: 170.91000000000003
		(h, h_ind): (-1, 0)
		load: 0.0

	Finished service at time: 170.91000000000003

	Using Machine: 0
		Task 0 -> Machine 0 (Station 1): 3.16
		Vehicle arrival at machine station: 174.07000000000002
		Waiting time until machine travel: 0.0

		Machine travel start time: 174.07000000000002
		Region 0 -> Region 1: 16.28
		Machine arrival at machine station: 190.35000000000002

		Machine 0 (Station 2)-> Task 60: 22.56
		Vehicle arrival at task: 212.91000000000003
		Waiting time until service start time: 0.0

	id: 60
		node: 39
		(x, y, z): (107, 77, 1)
		dem: 34
		earl: 37
		lat: 277
		servt: 10
		pid: 0
		did: 49
		servST: 212.91000000000003
		(h, h_ind): (0, 1)
		load: 34.0

	Finished service at time: 222.91000000000003

	Using Machine: 1
		Task 60 -> Machine 1 (Station 2): 22.8
		Vehicle arrival at machine station: 245.71000000000004
		Waiting time until machine travel: -0.0

		Machine travel start time: 245.71
		Region 1 -> Region 3: 48.01
		Machine arrival at machine station: 293.72

		Machine 1 (Station 4)-> Task 35: 50.96
		Vehicle arrival at task: 344.68
		Waiting time until service start time: 0.0

	id: 35
		node: 23
		(x, y, z): (32, 6, 3)
		dem: 11
		earl: 320
		lat: 560
		servt: 10
		pid: 0
		did: 158
		servST: 344.68
		(h, h_ind): (1, 2)
		load: 45.0

	Finished service at time: 354.68

	Task 35 -> Task 36: 31.32
	Vehicle arrival at task: 386.0
	Waiting time until service start time: 0.0

	id: 36
		node: 24
		(x, y, z): (41, 36, 3)
		dem: 13
		earl: 146
		lat: 386
		servt: 10
		pid: 0
		did: 16
		servST: 386.0
		(h, h_ind): (-1, 0)
		load: 58.0

	Finished service at time: 396.0

	Using Machine: 4
		Task 36 -> Machine 4 (Station 4): 17.46
		Vehicle arrival at machine station: 413.46
		Waiting time until machine travel: 3.0

		Machine travel start time: 416.4600000000001
		Region 3 -> Region 1: 50.25
		Machine arrival at machine station: 466.7100000000001

		Machine 4 (Station 2)-> Task 21: 58.18
		Vehicle arrival at task: 524.8900000000001
		Waiting time until service start time: 0.0

	id: 21
		node: 13
		(x, y, z): (109, 139, 1)
		dem: 8
		earl: 392
		lat: 632
		servt: 10
		pid: 0
		did: 51
		servST: 524.8900000000001
		(h, h_ind): (4, 4)
		load: 66.0

	Finished service at time: 534.8900000000001

	Using Machine: 4
		Task 21 -> Machine 4 (Station 2): 58.18
		Vehicle arrival at machine station: 593.07
		Waiting time until machine travel: 0.0

		Machine travel start time: 593.07
		Region 1 -> Region 0: 16.12
		Machine arrival at machine station: 609.19

		Machine 4 (Station 1)-> Task 51: 71.17
		Vehicle arrival at task: 680.36
		Waiting time until service start time: 0.0

	id: 51
		node: 53
		(x, y, z): (98, 4, 0)
		dem: -8
		earl: 651
		lat: 891
		servt: 10
		pid: 21
		did: 0
		servST: 680.36
		(h, h_ind): (4, 5)
		load: 58.0

	Finished service at time: 690.36

	Task 51 -> Task 19: 28.64
	Vehicle arrival at task: 719.0
	Waiting time until service start time: 0.0

	id: 19
		node: 11
		(x, y, z): (104, 32, 0)
		dem: 18
		earl: 479
		lat: 719
		servt: 10
		pid: 0
		did: 102
		servST: 719.0
		(h, h_ind): (-1, 0)
		load: 76.0

	Finished service at time: 729.0

	Using Machine: 3
		Task 19 -> Machine 3 (Station 1): 48.01
		Vehicle arrival at machine station: 777.01
		Waiting time until machine travel: 72.35

		Machine travel start time: 849.36
		Region 0 -> Region 1: 16.64
		Machine arrival at machine station: 866.0

		Machine 3 (Station 2)-> Task 102: 25.0
		Vehicle arrival at task: 891.0
		Waiting time until service start time: 0.0

	id: 102
		node: 51
		(x, y, z): (109, 78, 1)
		dem: -18
		earl: 891
		lat: 1131
		servt: 10
		pid: 19
		did: 0
		servST: 891.0
		(h, h_ind): (3, 1)
		load: 58.0

	Finished service at time: 901.0

	Task 102 -> Task 38: 24.08
	Vehicle arrival at task: 925.08
	Waiting time until service start time: 0.0

	id: 38
		node: 26
		(x, y, z): (107, 102, 1)
		dem: 12
		earl: 817
		lat: 1057
		servt: 10
		pid: 0
		did: 112
		servST: 925.08
		(h, h_ind): (-1, 0)
		load: 70.0

	Finished service at time: 935.08

	Using Machine: 5
		Task 38 -> Machine 5 (Station 2): 28.02
		Vehicle arrival at machine station: 963.1
		Waiting time until machine travel: 0.0

		Machine travel start time: 963.1
		Region 1 -> Region 3: 50.21
		Machine arrival at machine station: 1013.3100000000001

		Machine 5 (Station 4)-> Task 158: 11.66
		Vehicle arrival at task: 1024.97
		Waiting time until service start time: 40.03

	id: 158
		node: 63
		(x, y, z): (54, 41, 3)
		dem: -11
		earl: 1065
		lat: 1305
		servt: 10
		pid: 35
		did: 0
		servST: 1065.0
		(h, h_ind): (5, 7)
		load: 59.0

	Finished service at time: 1075.0

	Using Machine: 5
		Task 158 -> Machine 5 (Station 4): 11.66
		Vehicle arrival at machine station: 1086.66
		Waiting time until machine travel: 0.0

		Machine travel start time: 1086.66
		Region 3 -> Region 0: 28.6
		Machine arrival at machine station: 1115.26

		Machine 5 (Station 1)-> Task 49: 47.54
		Vehicle arrival at task: 1162.8
		Waiting time until service start time: 0.0

	id: 49
		node: 79
		(x, y, z): (89, 24, 0)
		dem: -34
		earl: 1144
		lat: 1384
		servt: 10
		pid: 60
		did: 0
		servST: 1162.8000000000002
		(h, h_ind): (5, 8)
		load: 25.0

	Finished service at time: 1172.8000000000002

	Using Machine: 0
		Task 49 -> Machine 0 (Station 1): 49.65
		Vehicle arrival at machine station: 1222.4500000000003
		Waiting time until machine travel: 0.0

		Machine travel start time: 1222.4500000000003
		Region 0 -> Region 2: 14.14
		Machine arrival at machine station: 1236.5900000000004

		Machine 0 (Station 3)-> Task 16: 28.18
		Vehicle arrival at task: 1264.7700000000004
		Waiting time until service start time: -0.0

	id: 16
		node: 64
		(x, y, z): (50, 106, 2)
		dem: -13
		earl: 1221
		lat: 1461
		servt: 10
		pid: 36
		did: 0
		servST: 1264.7700000000002
		(h, h_ind): (0, 4)
		load: 12.0

	Finished service at time: 1274.7700000000002

	Task 16 -> Task 58: 12.73
	Vehicle arrival at task: 1287.5000000000002
	Waiting time until service start time: 0.0

	id: 58
		node: 38
		(x, y, z): (59, 115, 2)
		dem: 26
		earl: 1195
		lat: 1435
		servt: 10
		pid: 0
		did: 115
		servST: 1287.5000000000002
		(h, h_ind): (-1, 0)
		load: 38.0

	Finished service at time: 1297.5000000000002

	Task 58 -> Task 5: 10.05
	Vehicle arrival at task: 1307.5500000000002
	Waiting time until service start time: 9.45

	id: 5
		node: 3
		(x, y, z): (69, 116, 2)
		dem: 26
		earl: 1317
		lat: 1557
		servt: 10
		pid: 0
		did: 55
		servST: 1317.0
		(h, h_ind): (-1, 0)
		load: 64.0

	Finished service at time: 1327.0

	Using Machine: 0
		Task 5 -> Machine 0 (Station 3): 35.51
		Vehicle arrival at machine station: 1362.51
		Waiting time until machine travel: 0.0

		Machine travel start time: 1362.51
		Region 2 -> Region 1: 22.02
		Machine arrival at machine station: 1384.53

		Machine 0 (Station 2)-> Task 55: 6.08
		Vehicle arrival at task: 1390.61
		Waiting time until service start time: 0.0

	id: 55
		node: 43
		(x, y, z): (84, 88, 1)
		dem: -26
		earl: 1365
		lat: 1605
		servt: 10
		pid: 5
		did: 0
		servST: 1390.61
		(h, h_ind): (0, 5)
		load: 38.0

	Finished service at time: 1400.61

	Using Machine: 5
		Task 55 -> Machine 5 (Station 2): 2.0
		Vehicle arrival at machine station: 1402.61
		Waiting time until machine travel: 0.0

		Machine travel start time: 1402.61
		Region 1 -> Region 3: 50.21
		Machine arrival at machine station: 1452.82

		Machine 5 (Station 4)-> Task 28: 39.05
		Vehicle arrival at task: 1491.87
		Waiting time until service start time: 0.0

	id: 28
		node: 17
		(x, y, z): (39, 13, 3)
		dem: 20
		earl: 1443
		lat: 1683
		servt: 10
		pid: 0
		did: 108
		servST: 1491.87
		(h, h_ind): (5, 9)
		load: 58.0

	Finished service at time: 1501.87

	Task 28 -> Task 108: 24.52
	Vehicle arrival at task: 1526.3899999999999
	Waiting time until service start time: 13.61

	id: 108
		node: 57
		(x, y, z): (15, 18, 3)
		dem: -20
		earl: 1540
		lat: 1780
		servt: 10
		pid: 28
		did: 0
		servST: 1540.0
		(h, h_ind): (-1, 0)
		load: 38.0

	Finished service at time: 1550.0

	Using Machine: 4
		Task 108 -> Machine 4 (Station 4): 47.38
		Vehicle arrival at machine station: 1597.38
		Waiting time until machine travel: 0.0

		Machine travel start time: 1597.38
		Region 3 -> Region 1: 50.25
		Machine arrival at machine station: 1647.63

		Machine 4 (Station 2)-> Task 24: 50.01
		Vehicle arrival at task: 1697.64
		Waiting time until service start time: 0.0

	id: 24
		node: 15
		(x, y, z): (95, 135, 1)
		dem: 27
		earl: 1542
		lat: 1782
		servt: 10
		pid: 0
		did: 87
		servST: 1697.64
		(h, h_ind): (4, 12)
		load: 65.0

	Finished service at time: 1707.64

	Task 24 -> Task 112: 58.18
	Vehicle arrival at task: 1765.8200000000002
	Waiting time until service start time: 0.0

	id: 112
		node: 66
		(x, y, z): (123, 84, 1)
		dem: -12
		earl: 1606
		lat: 1846
		servt: 10
		pid: 38
		did: 0
		servST: 1765.8200000000002
		(h, h_ind): (-1, 0)
		load: 53.0

	Finished service at time: 1775.8200000000002

	Using Machine: 3
		Task 112 -> Machine 3 (Station 2): 38.01
		Vehicle arrival at machine station: 1813.8300000000002
		Waiting time until machine travel: 26.26

		Machine travel start time: 1840.09
		Region 1 -> Region 0: 16.64
		Machine arrival at machine station: 1856.73

		Machine 3 (Station 1)-> Task 1: 75.27
		Vehicle arrival at task: 1932.0
		Waiting time until service start time: 0.0

	id: 1
		node: 2
		(x, y, z): (101, 0, 0)
		dem: 9
		earl: 1932
		lat: 2172
		servt: 10
		pid: 0
		did: 72
		servST: 1932.0
		(h, h_ind): (3, 4)
		load: 62.0

	Finished service at time: 1942.0

	Task 1 -> Task 115: 61.52
	Vehicle arrival at task: 2003.52
	Waiting time until service start time: 20.48

	id: 115
		node: 78
		(x, y, z): (93, 61, 0)
		dem: -26
		earl: 2024
		lat: 2264
		servt: 10
		pid: 58
		did: 0
		servST: 2024.0
		(h, h_ind): (-1, 0)
		load: 36.0

	Finished service at time: 2034.0

	Using Machine: 5
		Task 115 -> Machine 5 (Station 1): 23.09
		Vehicle arrival at machine station: 2057.09
		Waiting time until machine travel: 0.0

		Machine travel start time: 2057.09
		Region 0 -> Region 2: 18.6
		Machine arrival at machine station: 2075.69

		Machine 5 (Station 3)-> Task 87: 23.09
		Vehicle arrival at task: 2098.78
		Waiting time until service start time: 35.22

	id: 87
		node: 55
		(x, y, z): (34, 72, 2)
		dem: -27
		earl: 2134
		lat: 2374
		servt: 10
		pid: 24
		did: 0
		servST: 2134.0
		(h, h_ind): (5, 13)
		load: 9.0

	Finished service at time: 2144.0

	Using Machine: 5
		Task 87 -> Machine 5 (Station 3): 23.09
		Vehicle arrival at machine station: 2167.09
		Waiting time until machine travel: 0.0

		Machine travel start time: 2167.09
		Region 2 -> Region 0: 18.6
		Machine arrival at machine station: 2185.69

		Machine 5 (Station 1)-> Task 72: 42.54
		Vehicle arrival at task: 2228.23
		Waiting time until service start time: 0.0

	id: 72
		node: 42
		(x, y, z): (88, 29, 0)
		dem: -9
		earl: 2195
		lat: 2435
		servt: 10
		pid: 1
		did: 0
		servST: 2228.23
		(h, h_ind): (5, 14)
		load: 0.0

	Finished service at time: 2238.23

	Task 72 -> Task 0: 44.78
	Vehicle arrival at task: 2283.01
	Waiting time until service start time: 0.0

	id: 0
		node: 82
		(x, y, z): (70, 70, 0)
		dem: 0
		earl: 0
		lat: 2535
		servt: 0
		pid: 0
		did: 0
		servST: 2283.01
		(h, h_ind): (-1, 0)
		load: 0.0


Vehicle 31 :
	id: 0
		node: 1
		(x, y, z): (70, 70, 0)
		dem: 0
		earl: 0
		lat: 2535
		servt: 0
		pid: 0
		did: 0
		servST: 157.48000000000002
		(h, h_ind): (-1, 0)
		load: 0.0

	Finished service at time: 157.48000000000002

	Using Machine: 1
		Task 0 -> Machine 1 (Station 1): 4.12
		Vehicle arrival at machine station: 161.60000000000002
		Waiting time until machine travel: 0.0

		Machine travel start time: 161.60000000000002
		Region 0 -> Region 1: 16.28
		Machine arrival at machine station: 177.88000000000002

		Machine 1 (Station 2)-> Task 45: 20.22
		Vehicle arrival at task: 198.10000000000002
		Waiting time until service start time: 0.0

	id: 45
		node: 32
		(x, y, z): (82, 103, 1)
		dem: 15
		earl: 79
		lat: 319
		servt: 10
		pid: 0
		did: 157
		servST: 198.10000000000002
		(h, h_ind): (1, 1)
		load: 15.0

	Finished service at time: 208.10000000000002

	Using Machine: 4
		Task 45 -> Machine 4 (Station 2): 17.26
		Vehicle arrival at machine station: 225.36
		Waiting time until machine travel: 0.0

		Machine travel start time: 225.36
		Region 1 -> Region 0: 16.12
		Machine arrival at machine station: 241.48000000000002

		Machine 4 (Station 1)-> Task 41: 15.52
		Vehicle arrival at task: 257.0
		Waiting time until service start time: 0.0

	id: 41
		node: 28
		(x, y, z): (81, 57, 0)
		dem: 8
		earl: 17
		lat: 257
		servt: 10
		pid: 0
		did: 127
		servST: 257.0
		(h, h_ind): (4, 2)
		load: 23.0

	Finished service at time: 267.0

	Task 41 -> Task 43: 40.61
	Vehicle arrival at task: 307.61
	Waiting time until service start time: 208.39

	id: 43
		node: 30
		(x, y, z): (113, 32, 0)
		dem: 36
		earl: 516
		lat: 756
		servt: 10
		pid: 0
		did: 50
		servST: 516.0
		(h, h_ind): (-1, 0)
		load: 59.0

	Finished service at time: 526.0

	Task 43 -> Task 31: 28.79
	Vehicle arrival at task: 554.79
	Waiting time until service start time: 0.0

	id: 31
		node: 19
		(x, y, z): (140, 42, 0)
		dem: 13
		earl: 342
		lat: 582
		servt: 10
		pid: 0
		did: 92
		servST: 554.79
		(h, h_ind): (-1, 0)
		load: 72.0

	Finished service at time: 564.79

	Task 31 -> Task 92: 39.29
	Vehicle arrival at task: 604.0799999999999
	Waiting time until service start time: 0.0

	id: 92
		node: 59
		(x, y, z): (102, 52, 0)
		dem: -13
		earl: 576
		lat: 816
		servt: 10
		pid: 31
		did: 0
		servST: 604.0799999999999
		(h, h_ind): (-1, 0)
		load: 59.0

	Finished service at time: 614.0799999999999

	Using Machine: 4
		Task 92 -> Machine 4 (Station 1): 32.02
		Vehicle arrival at machine station: 646.0999999999999
		Waiting time until machine travel: 306.47

		Machine travel start time: 952.57
		Region 0 -> Region 2: 16.4
		Machine arrival at machine station: 968.97

		Machine 4 (Station 3)-> Task 157: 45.35
		Vehicle arrival at task: 1014.32
		Waiting time until service start time: 71.68

	id: 157
		node: 72
		(x, y, z): (56, 129, 2)
		dem: -15
		earl: 1086
		lat: 1326
		servt: 10
		pid: 45
		did: 0
		servST: 1086.0
		(h, h_ind): (4, 6)
		load: 44.0

	Finished service at time: 1096.0

	Using Machine: 4
		Task 157 -> Machine 4 (Station 3): 45.35
		Vehicle arrival at machine station: 1141.35
		Waiting time until machine travel: 0.0

		Machine travel start time: 1141.35
		Region 2 -> Region 1: 18.03
		Machine arrival at machine station: 1159.3799999999999

		Machine 4 (Station 2)-> Task 7: 37.59
		Vehicle arrival at task: 1196.9699999999998
		Waiting time until service start time: 79.03

	id: 7
		node: 5
		(x, y, z): (103, 119, 1)
		dem: 18
		earl: 1276
		lat: 1516
		servt: 10
		pid: 0
		did: 96
		servST: 1276.0
		(h, h_ind): (4, 9)
		load: 62.0

	Finished service at time: 1286.0

	Task 7 -> Task 96: 42.54
	Vehicle arrival at task: 1328.54
	Waiting time until service start time: 109.46

	id: 96
		node: 45
		(x, y, z): (86, 80, 1)
		dem: -18
		earl: 1438
		lat: 1678
		servt: 10
		pid: 7
		did: 0
		servST: 1438.0
		(h, h_ind): (-1, 0)
		load: 44.0

	Finished service at time: 1448.0

	Task 96 -> Task 127: 57.7
	Vehicle arrival at task: 1505.7
	Waiting time until service start time: 48.3

	id: 127
		node: 68
		(x, y, z): (138, 105, 1)
		dem: -8
		earl: 1554
		lat: 1794
		servt: 10
		pid: 41
		did: 0
		servST: 1554.0
		(h, h_ind): (-1, 0)
		load: 36.0

	Finished service at time: 1564.0

	Using Machine: 0
		Task 127 -> Machine 0 (Station 2): 57.78
		Vehicle arrival at machine station: 1621.78
		Waiting time until machine travel: 0.0

		Machine travel start time: 1621.78
		Region 1 -> Region 2: 22.02
		Machine arrival at machine station: 1643.8

		Machine 0 (Station 3)-> Task 50: 57.01
		Vehicle arrival at task: 1700.81
		Waiting time until service start time: 0.0

	id: 50
		node: 70
		(x, y, z): (64, 138, 2)
		dem: -36
		earl: 1700
		lat: 1940
		servt: 10
		pid: 43
		did: 0
		servST: 1700.81
		(h, h_ind): (0, 6)
		load: 0.0

	Finished service at time: 1710.81

	Using Machine: 0
		Task 50 -> Machine 0 (Station 3): 57.01
		Vehicle arrival at machine station: 1767.82
		Waiting time until machine travel: 0.0

		Machine travel start time: 1767.82
		Region 2 -> Region 0: 14.14
		Machine arrival at machine station: 1781.96

		Machine 0 (Station 1)-> Task 0: 3.16
		Vehicle arrival at task: 1785.1200000000001
		Waiting time until service start time: -0.0

	id: 0
		node: 82
		(x, y, z): (70, 70, 0)
		dem: 0
		earl: 0
		lat: 2535
		servt: 0
		pid: 0
		did: 0
		servST: 1785.12
		(h, h_ind): (0, 7)
		load: 0.0


---------------------| MACHINES |---------------------

Machine 0 :
	setup duration: 0.0

	vehicle: 28
	vehicleInd: 2
	(orig, dest): (0, 60)
	(origRegion, destRegion): (0, 1)
	st: 174.07000000000002
	duration: 16.28

	setup duration: 22.02

	vehicle: 13
	vehicleInd: 3
	(orig, dest): (8, 34)
	(origRegion, destRegion): (2, 3)
	st: 234.95
	duration: 30.81

	setup duration: 0.0

	vehicle: 2
	vehicleInd: 9
	(orig, dest): (63, 124)
	(origRegion, destRegion): (3, 1)
	st: 875.29
	duration: 47.71

	setup duration: 16.28

	vehicle: 28
	vehicleInd: 12
	(orig, dest): (49, 16)
	(origRegion, destRegion): (0, 2)
	st: 1222.4500000000003
	duration: 14.14

	setup duration: 0.0

	vehicle: 28
	vehicleInd: 15
	(orig, dest): (5, 55)
	(origRegion, destRegion): (2, 1)
	st: 1362.51
	duration: 22.02

	setup duration: 0.0

	vehicle: 31
	vehicleInd: 11
	(orig, dest): (127, 50)
	(origRegion, destRegion): (1, 2)
	st: 1621.78
	duration: 22.02

	setup duration: 0.0

	vehicle: 31
	vehicleInd: 12
	(orig, dest): (50, 0)
	(origRegion, destRegion): (2, 0)
	st: 1767.82
	duration: 14.14

	setup duration: 14.14

	vehicle: 2
	vehicleInd: 18
	(orig, dest): (53, 80)
	(origRegion, destRegion): (2, 0)
	st: 1905.47
	duration: 14.14

	setup duration: 0.0

	vehicle: 2
	vehicleInd: 19
	(orig, dest): (80, 171)
	(origRegion, destRegion): (0, 2)
	st: 1934.0900000000001
	duration: 14.14

	setup duration: 0.0

	vehicle: 2
	vehicleInd: 20
	(orig, dest): (171, 0)
	(origRegion, destRegion): (2, 0)
	st: 1964.5500000000002
	duration: 14.14


Machine 1 :
	setup duration: 0.0

	vehicle: 31
	vehicleInd: 2
	(orig, dest): (0, 45)
	(origRegion, destRegion): (0, 1)
	st: 161.60000000000002
	duration: 16.28

	setup duration: 0.0

	vehicle: 28
	vehicleInd: 3
	(orig, dest): (60, 35)
	(origRegion, destRegion): (1, 3)
	st: 245.71
	duration: 48.01

	setup duration: 29.15

	vehicle: 13
	vehicleInd: 6
	(orig, dest): (11, 0)
	(origRegion, destRegion): (2, 0)
	st: 851.77
	duration: 15.81


Machine 3 :
	setup duration: 0.0

	vehicle: 28
	vehicleInd: 8
	(orig, dest): (19, 102)
	(origRegion, destRegion): (0, 1)
	st: 849.36
	duration: 16.64

	setup duration: 27.46

	vehicle: 2
	vehicleInd: 14
	(orig, dest): (98, 42)
	(origRegion, destRegion): (2, 0)
	st: 1368.95
	duration: 20.12

	setup duration: 0.0

	vehicle: 2
	vehicleInd: 15
	(orig, dest): (42, 83)
	(origRegion, destRegion): (0, 2)
	st: 1494.93
	duration: 20.12

	setup duration: 27.46

	vehicle: 28
	vehicleInd: 20
	(orig, dest): (112, 1)
	(origRegion, destRegion): (1, 0)
	st: 1840.09
	duration: 16.64


Machine 4 :
	setup duration: 0.0

	vehicle: 13
	vehicleInd: 2
	(orig, dest): (0, 8)
	(origRegion, destRegion): (0, 2)
	st: 146.78
	duration: 16.4

	setup duration: 18.03

	vehicle: 31
	vehicleInd: 3
	(orig, dest): (45, 41)
	(origRegion, destRegion): (1, 0)
	st: 225.36
	duration: 16.12

	setup duration: 0.0

	vehicle: 5
	vehicleInd: 7
	(orig, dest): (65, 6)
	(origRegion, destRegion): (0, 1)
	st: 348.19000000000005
	duration: 16.12

	setup duration: 50.25

	vehicle: 28
	vehicleInd: 5
	(orig, dest): (36, 21)
	(origRegion, destRegion): (3, 1)
	st: 416.4600000000001
	duration: 50.25

	setup duration: 0.0

	vehicle: 28
	vehicleInd: 6
	(orig, dest): (21, 51)
	(origRegion, destRegion): (1, 0)
	st: 593.07
	duration: 16.12

	setup duration: 0.0

	vehicle: 31
	vehicleInd: 7
	(orig, dest): (92, 157)
	(origRegion, destRegion): (0, 2)
	st: 952.57
	duration: 16.4

	setup duration: 18.03

	vehicle: 2
	vehicleInd: 10
	(orig, dest): (124, 57)
	(origRegion, destRegion): (1, 2)
	st: 987.0
	duration: 18.03

	setup duration: 18.03

	vehicle: 5
	vehicleInd: 18
	(orig, dest): (145, 29)
	(origRegion, destRegion): (1, 0)
	st: 1050.27
	duration: 16.12

	setup duration: 16.4

	vehicle: 31
	vehicleInd: 8
	(orig, dest): (157, 7)
	(origRegion, destRegion): (2, 1)
	st: 1141.35
	duration: 18.03

	setup duration: 16.12

	vehicle: 5
	vehicleInd: 21
	(orig, dest): (37, 138)
	(origRegion, destRegion): (0, 1)
	st: 1269.1
	duration: 16.12

	setup duration: 0.0

	vehicle: 5
	vehicleInd: 22
	(orig, dest): (138, 76)
	(origRegion, destRegion): (1, 3)
	st: 1334.9199999999998
	duration: 50.25

	setup duration: 0.0

	vehicle: 28
	vehicleInd: 18
	(orig, dest): (108, 24)
	(origRegion, destRegion): (3, 1)
	st: 1597.38
	duration: 50.25


Machine 5 :
	setup duration: 0.0

	vehicle: 2
	vehicleInd: 3
	(orig, dest): (23, 33)
	(origRegion, destRegion): (0, 3)
	st: 133.25
	duration: 28.6

	setup duration: 0.0

	vehicle: 2
	vehicleInd: 5
	(orig, dest): (62, 26)
	(origRegion, destRegion): (3, 2)
	st: 236.27
	duration: 29.12

	setup duration: 0.0

	vehicle: 2
	vehicleInd: 6
	(orig, dest): (26, 137)
	(origRegion, destRegion): (2, 3)
	st: 382.59000000000003
	duration: 29.12

	setup duration: 0.0

	vehicle: 2
	vehicleInd: 7
	(orig, dest): (137, 15)
	(origRegion, destRegion): (3, 0)
	st: 521.03
	duration: 28.6

	setup duration: 28.6

	vehicle: 13
	vehicleInd: 5
	(orig, dest): (134, 11)
	(origRegion, destRegion): (3, 2)
	st: 676.61
	duration: 29.12

	setup duration: 18.6

	vehicle: 2
	vehicleInd: 8
	(orig, dest): (15, 63)
	(origRegion, destRegion): (0, 3)
	st: 739.37
	duration: 28.6

	setup duration: 50.21

	vehicle: 28
	vehicleInd: 10
	(orig, dest): (38, 158)
	(origRegion, destRegion): (1, 3)
	st: 963.1
	duration: 50.21

	setup duration: 0.0

	vehicle: 28
	vehicleInd: 11
	(orig, dest): (158, 49)
	(origRegion, destRegion): (3, 0)
	st: 1086.66
	duration: 28.6

	setup duration: 22.2

	vehicle: 28
	vehicleInd: 16
	(orig, dest): (55, 28)
	(origRegion, destRegion): (1, 3)
	st: 1402.61
	duration: 50.21

	setup duration: 0.0

	vehicle: 5
	vehicleInd: 24
	(orig, dest): (82, 20)
	(origRegion, destRegion): (3, 2)
	st: 1512.8299999999997
	duration: 29.12

	setup duration: 0.0

	vehicle: 5
	vehicleInd: 25
	(orig, dest): (20, 190)
	(origRegion, destRegion): (2, 3)
	st: 1649.2699999999998
	duration: 29.12

	setup duration: 0.0

	vehicle: 5
	vehicleInd: 28
	(orig, dest): (188, 0)
	(origRegion, destRegion): (3, 0)
	st: 1863.7399999999998
	duration: 28.6

	setup duration: 0.0

	vehicle: 28
	vehicleInd: 22
	(orig, dest): (115, 87)
	(origRegion, destRegion): (0, 2)
	st: 2057.09
	duration: 18.6

	setup duration: 0.0

	vehicle: 28
	vehicleInd: 23
	(orig, dest): (87, 72)
	(origRegion, destRegion): (2, 0)
	st: 2167.09
	duration: 18.6


-------------------| COMPL. TIMES |-------------------

Vehicle 0 : 0.0
Vehicle 1 : 0.0
Vehicle 2 : 1877.8300000000002
Vehicle 3 : 0.0
Vehicle 4 : 0.0
Vehicle 5 : 1722.2399999999996
Vehicle 6 : 0.0
Vehicle 7 : 0.0
Vehicle 8 : 0.0
Vehicle 9 : 0.0
Vehicle 10 : 0.0
Vehicle 11 : 0.0
Vehicle 12 : 0.0
Vehicle 13 : 732.1999999999999
Vehicle 14 : 0.0
Vehicle 15 : 0.0
Vehicle 16 : 0.0
Vehicle 17 : 0.0
Vehicle 18 : 0.0
Vehicle 19 : 0.0
Vehicle 20 : 0.0
Vehicle 21 : 0.0
Vehicle 22 : 0.0
Vehicle 23 : 0.0
Vehicle 24 : 0.0
Vehicle 25 : 0.0
Vehicle 26 : 0.0
Vehicle 27 : 0.0
Vehicle 28 : 2112.1000000000004
Vehicle 29 : 0.0
Vehicle 30 : 0.0
Vehicle 31 : 1627.6399999999999
Vehicle 32 : 0.0
Vehicle 33 : 0.0
Vehicle 34 : 0.0
Vehicle 35 : 0.0
Vehicle 36 : 0.0
Vehicle 37 : 0.0
Vehicle 38 : 0.0
Vehicle 39 : 0.0
-------------------| STATISTICS |-------------------

    Vehicles used                           : 12.5
    Machines used                           : 83.3333
    Max load (vehicles)                     : 98.75
    Min load (vehicles)                     : 90.0
    Mean load (vehicles)                    : 94.2593
    Min completion time                     : 28.8836
    Max completion time                     : 83.3176
    Mean completion time                    : 63.6845
    Avrg travel time (with vehicle)         : 11.6968
    Avrg travel time (only with vehicle)    : 8.5964
    Avrg travel time (no vehicle)           : 3.1004
    Avrg waiting time (machine travel)      : 5.7184
    Avrg waiting time (service)             : 27.0164
    Machines travel times (with vehicle)    : [10.3345, 4.3097, 0.0, 5.0667, 17.2414, 21.5318]
    Machines travel times (no vehicle)      : [2.0686, 1.1499, 0.0, 2.1665, 5.3988, 4.7183]
    Max load per vehicle                    : [0.0, 0.0, 98.75, 0.0, 0.0, 91.25, 0.0, 0.0, 0.0, 0.0, 0.0, 0.0, 0.0, 96.2963, 0.0, 0.0, 0.0, 0.0, 0.0, 0.0, 0.0, 0.0, 0.0, 0.0, 0.0, 0.0, 0.0, 0.0, 95.0, 0.0, 0.0, 90.0, 0.0, 0.0, 0.0, 0.0, 0.0, 0.0, 0.0, 0.0]

----------------------------------------------------

TOTAL: 8072.01

Everything is awesome!
