-------------------| STATISTICS |-------------------

Vehicles used                           : 58.3333
Machines used                           : 75.0
Max load (vehicles)                     : 90.9091
Min load (vehicles)                     : 7.5
Mean load (vehicles)                    : 47.5583
Min completion time                     : 41.4494
Max completion time                     : 93.8652
Mean completion time                    : 65.4452
Avrg travel time (with vehicle)         : 12.4844
Avrg travel time (only with vehicle)    : 8.7391
Avrg travel time (no vehicle)           : 3.7453
Avrg waiting time (machine travel)      : 0.0
Avrg waiting time (service)             : 0.9022
Machines travel times (with vehicle)    : [3.7453, 0.0, 18.7266, 14.9813]
Machines travel times (no vehicle)      : [0.0, 0.0, 7.4906, 3.7453]
Max load per vehicle                    : [0.0, 0.0, 0.0, 30.0, 0.0, 21.2121, 36.3636, 0.0, 76.9231, 70.0, 90.9091, 7.5]

----------------------------------------------------

TOTAL: 1223.17

Everything is awesome!
