-------------------| STATISTICS |-------------------

Vehicles used                           : 87.5
Machines used                           : 100.0
Max load (vehicles)                     : 76.9231
Min load (vehicles)                     : 6.0606
Mean load (vehicles)                    : 43.5714
Min completion time                     : 38.1627
Max completion time                     : 64.8271
Mean completion time                    : 52.9075
Avrg travel time (with vehicle)         : 19.0678
Avrg travel time (only with vehicle)    : 14.4068
Avrg travel time (no vehicle)           : 4.661
Avrg waiting time (machine travel)      : 0.0
Avrg waiting time (service)             : 0.0432
Machines travel times (with vehicle)    : [10.1695, 5.0847, 23.7288, 37.2881]
Machines travel times (no vehicle)      : [0.0, 0.0, 8.4746, 10.1695]
Max load per vehicle                    : [73.0769, 36.3636, 17.5, 37.5, 0.0, 57.5758, 6.0606, 76.9231]

----------------------------------------------------

TOTAL: 1092.54

Everything is awesome!
