
Gurobi 12.0.2 (linux64) logging started Sat Sep 20 01:02:06 2025

Set parameter LogFile to value "/dados/rmelo/PDPTW-SE/benchmark_multi_island_v5/official_experiments/mip_gurobi/set_02_pt_02/logs/form_melo/gurobi/10R_10V_02I_04M/lr204_grb_genconfig_melo.log"
Set parameter Seed to value 0
Gurobi Optimizer version 12.0.2 build v12.0.2rc0 (linux64 - "Ubuntu 22.04.5 LTS")

CPU model: Intel(R) Core(TM) i7-10700 CPU @ 2.90GHz, instruction set [SSE2|AVX|AVX2]
Thread count: 8 physical cores, 16 logical processors, using up to 8 threads

Non-default parameters:
TimeLimit  3600
Cuts  1
Threads  8

Academic license 2661775 - for non-commercial use only - registered to me___@dcc.ufba.br
Optimize a model with 554666 rows, 154892 columns and 1474044 nonzeros
Model fingerprint: 0x16731b39
Variable types: 1062 continuous, 153830 integer (153830 binary)
Coefficient statistics:
  Matrix range     [1e+00, 1e+03]
  Objective range  [1e+00, 1e+00]
  Bounds range     [1e+00, 1e+03]
  RHS range        [1e+00, 2e+03]
Presolve removed 2368 rows and 241 columns (presolve time = 5s)...
Presolve removed 2358 rows and 231 columns
Presolve time: 7.83s
Presolved: 552308 rows, 154661 columns, 1463399 nonzeros
Variable types: 1042 continuous, 153619 integer (153619 binary)

Deterministic concurrent LP optimizer: primal simplex, dual simplex, and barrier
Showing barrier log only...

Root barrier log...

Ordering time: 1.03s

Barrier statistics:
 Dense cols : 1604
 AA' NZ     : 2.442e+06
 Factor NZ  : 1.543e+07 (roughly 400 MB of memory)
 Factor Ops : 1.527e+10 (less than 1 second per iteration)
 Threads    : 5

Barrier performed 0 iterations in 12.15 seconds (15.31 work units)
Barrier solve interrupted - model solved by another algorithm

Concurrent spin time: 0.07s

Solved with dual simplex

Root relaxation: objective 0.000000e+00, 1633 iterations, 2.60 seconds (2.57 work units)
Total elapsed time = 16.17s (DegenMoves)

    Nodes    |    Current Node    |     Objective Bounds      |     Work
 Expl Unexpl |  Obj  Depth IntInf | Incumbent    BestBd   Gap | It/Node Time

     0     0    0.00000    0   17          -    0.00000      -     -   18s
     0     0    0.00000    0  285          -    0.00000      -     -   30s
     0     0    0.00000    0  271          -    0.00000      -     -   37s
     0     0    0.00000    0  213          -    0.00000      -     -   41s
     0     0    0.00000    0  298          -    0.00000      -     -   47s
     0     0    0.00000    0  207          -    0.00000      -     -   47s
H    0     0                    10000.000000    0.00000   100%     -   51s
     0     0    0.00000    0  281 10000.0000    0.00000   100%     -   59s
     0     0    0.00000    0  194 10000.0000    0.00000   100%     -   59s
H    0     0                    8000.0000000    0.00000   100%     -   61s
H    0     0                    1082.5300000    0.00000   100%     -   62s
H    0     0                    1081.2500000    0.00000   100%     -   62s
H    0     0                    1080.7400000    0.00000   100%     -   73s
H    0     0                    1073.2800000    0.00000   100%     -   80s
H    0     0                    1068.9200000    0.00000   100%     -   80s
     0     0    0.00000    0  312 1068.92000    0.00000   100%     -   98s
     0     0    0.00000    0  181 1068.92000    0.00000   100%     -   98s
     0     0    0.00000    0   37 1068.92000    0.00000   100%     -  113s
H    0     0                     964.5700000    0.00000   100%     -  134s
     0     0    0.00000    0  332  964.57000    0.00000   100%     -  160s
     0     0    0.00000    0  280  964.57000    0.00000   100%     -  160s
     0     0    0.00000    0   30  964.57000    0.00000   100%     -  176s
     0     0    0.00000    0   24  964.57000    0.00000   100%     -  177s
     0     0    0.00000    0   28  964.57000    0.00000   100%     -  191s
     0     0    0.00000    0  234  964.57000    0.00000   100%     -  200s
     0     0    0.00000    0  190  964.57000    0.00000   100%     -  200s
     0     0    0.00000    0   29  964.57000    0.00000   100%     -  215s
     0     0    0.00000    0  390  964.57000    0.00000   100%     -  231s
     0     0    0.00000    0  324  964.57000    0.00000   100%     -  231s
     0     0    0.00000    0   30  964.57000    0.00000   100%     -  249s
     0     0    0.00000    0  271  964.57000    0.00000   100%     -  261s
     0     0    0.00000    0  253  964.57000    0.00000   100%     -  261s
     0     0    0.00000    0   61  964.57000    0.00000   100%     -  281s
     0     0    0.00000    0   61  964.57000    0.00000   100%     -  282s
     0     0    0.00000    0   25  964.57000    0.00000   100%     -  317s
     0     0    0.00000    0  329  964.57000    0.00000   100%     -  344s
     0     0    0.00000    0  287  964.57000    0.00000   100%     -  350s
H    0     0                     948.4000000    0.00000   100%     -  378s
H    0     0                     913.9100000    0.00000   100%     -  378s
     0     0    0.00000    0  205  913.91000    0.00000   100%     -  381s
     0     0    0.00000    0  176  913.91000    0.00000   100%     -  381s
     0     0    0.00000    0   39  913.91000    0.00000   100%     -  397s
     0     0    0.00000    0  160  913.91000    0.00000   100%     -  404s
     0     0    0.00000    0   30  913.91000    0.00000   100%     -  427s
     0     0    0.00000    0  406  913.91000    0.00000   100%     -  438s
     0     0    0.00000    0  396  913.91000    0.00000   100%     -  446s
     0     0    0.00000    0   23  913.91000    0.00000   100%     -  474s
     0     0    0.00000    0   22  913.91000    0.00000   100%     -  475s
     0     0    0.00000    0   22  913.91000    0.00000   100%     -  488s
     0     0    0.00000    0   22  913.91000    0.00000   100%     -  489s
     0     0    0.00000    0   30  913.91000    0.00000   100%     -  506s
     0     0    0.00000    0  340  913.91000    0.00000   100%     -  519s
     0     0    0.00000    0  289  913.91000    0.00000   100%     -  519s
     0     0    0.00000    0   28  913.91000    0.00000   100%     -  541s
     0     0    0.00000    0   28  913.91000    0.00000   100%     -  547s
H    0     0                     873.5500000    0.00000   100%     -  572s
H    0     0                     872.7700000    0.00000   100%     -  573s
H    0     0                     871.9400000    0.00000   100%     -  576s
H    0     0                     871.6900000    0.00000   100%     -  577s
H    0     0                     867.5100000    0.00000   100%     -  577s
H    0     0                     867.2600000    0.00000   100%     -  578s
H    0     0                     865.3100000    0.00000   100%     -  578s
H    0     0                     856.5700000    0.00000   100%     -  578s
H    0     0                     854.6200000    0.00000   100%     -  579s
H    0     0                     837.6700000    0.00000   100%     -  580s
H    0     0                     828.2500000    0.00000   100%     -  580s
H    0     0                     822.2500000    0.00000   100%     -  581s
H    0     0                     821.1000000    0.00000   100%     -  583s
H    0     0                     820.4500000    0.00000   100%     -  583s
H    0     0                     817.6100000    0.00000   100%     -  583s
     0     2    0.00000    0   28  817.61000    0.00000   100%     -  597s
     3     7    0.00000    2  252  817.61000    0.00000   100%  3007  613s
     6    14    0.00000    3  160  817.61000    0.00000   100%  3508  622s
    13    22    0.00000    4  149  817.61000    0.00000   100%  3348  627s
    21    68    0.00000    5  137  817.61000    0.00000   100%  3791  648s
    68   107    0.00000    9   77  817.61000    0.00000   100%  2031  677s
H   97   107                     808.0200000    0.00000   100%  2060  677s
H  109   115                     807.0100000    0.00000   100%  2112  737s
H  110   115                     799.7500000    0.00000   100%  2104  737s
   117   243    0.00000   15   58  799.75000    0.00000   100%  2017  807s
H  134   243                     792.9700000    0.00000   100%  1814  807s
H  152   243                     783.0000000    0.00000   100%  1667  807s
   268   454    0.00000   28   53  783.00000    0.00000   100%  1365  849s
   628   673    0.00000   17   73  783.00000    0.00000   100%   812  902s
   969   877    0.00000   14  145  783.00000    0.00000   100%   670  938s
H 1329  1139                     779.3800000    0.00000   100%   565  975s
  1665  1372    0.00000   41   33  779.38000    0.00000   100%   526 1007s
  2016  1373  443.53000   60   61  779.38000    0.00000   100%   496 1795s
H 2017  1305                     778.8000000    0.00000   100%   496 1845s
  2018  1305    0.00000   22   30  778.80000    0.00000   100%   496 1864s
  2019  1306    0.00000   31  297  778.80000    0.00000   100%   495 1945s
  2020  1307    0.00000   14  273  778.80000    0.00000   100%   495 2016s
  2021  1307    0.00000   25   24  778.80000    0.00000   100%   495 2100s
  2022  1308    0.00000   24   19  778.80000    0.00000   100%   495 2135s
  2023  1309  443.53000   59   40  778.80000    0.00000   100%   494 2179s
  2024  1309    0.00000   17  328  778.80000    0.00000   100%   494 2470s
H 2024  1243                     776.9300000    0.00000   100%   494 2500s
  2025  1244    0.00000   27   30  776.93000    0.00000   100%   494 2566s
  2026  1245  702.65000   39  379  776.93000    0.00000   100%   494 2666s
  2027  1245    0.00000   33   54  776.93000    0.00000   100%   493 2714s
H 2027  1183                     776.9299999    0.00000   100%   493 3051s
H 2027  1123                     775.6200000    0.00000   100%   493 3051s
  2029  1125    0.00000   18   12  775.62000    0.00000   100%   493 3107s
  2030  1125    0.00000   11  231  775.62000    0.00000   100%   493 3147s
H 2030  1069                     772.6600000    0.00000   100%   493 3190s
H 2030  1015                     770.3500000    0.00000   100%   493 3195s
  2032  1017    0.00000   16  328  770.35000    0.00000   100%   492 3343s
  2033  1017    0.00000   31   29  770.35000    0.00000   100%   492 3385s
  2034  1018  198.06000   50  168  770.35000    0.00000   100%   492 3397s
  2035  1019    0.00000   39   38  770.35000    0.00000   100%   492 3428s

Cutting planes:
  Cover: 1
  Implied bound: 102
  MIR: 182
  Flow cover: 219
  GUB cover: 5
  RLT: 78
  Relax-and-lift: 144
  BQP: 189
  PSD: 24

Explored 2035 nodes (1684561 simplex iterations) in 3601.13 seconds (3808.50 work units)
Thread count was 8 (of 16 available processors)

Solution count 10: 770.35 772.66 775.62 ... 807.01

Time limit reached
Best objective 7.703500000000e+02, best bound 1.250555214938e-12, gap 100.0000%
