-------------------| STATISTICS |-------------------

Vehicles used                           : 91.6667
Machines used                           : 100.0
Max load (vehicles)                     : 76.4706
Min load (vehicles)                     : 16.2791
Mean load (vehicles)                    : 38.418
Min completion time                     : 26.2702
Max completion time                     : 89.4879
Mean completion time                    : 52.934
Avrg travel time (with vehicle)         : 19.4892
Avrg travel time (only with vehicle)    : 13.4409
Avrg travel time (no vehicle)           : 6.0484
Avrg waiting time (machine travel)      : 0.397
Avrg waiting time (service)             : 8.9757
Machines travel times (with vehicle)    : [12.0968, 32.2581, 14.1129]
Machines travel times (no vehicle)      : [2.0161, 12.0968, 4.0323]
Max load per vehicle                    : [47.0588, 25.5814, 23.0769, 20.9302, 58.8235, 23.5294, 0.0, 27.907, 55.8824, 76.4706, 16.2791, 47.0588]

----------------------------------------------------

TOTAL: 1444.04

Everything is awesome!
