-------------------| STATISTICS |-------------------

Vehicles used                           : 50.0
Machines used                           : 100.0
Max load (vehicles)                     : 97.9167
Min load (vehicles)                     : 25.8621
Mean load (vehicles)                    : 57.6546
Min completion time                     : 24.0957
Max completion time                     : 84.2652
Mean completion time                    : 60.3833
Avrg travel time (with vehicle)         : 22.2511
Avrg travel time (only with vehicle)    : 16.2413
Avrg travel time (no vehicle)           : 6.0098
Avrg waiting time (machine travel)      : 0.0
Avrg waiting time (service)             : 2.9876
Machines travel times (with vehicle)    : [26.6783, 21.1217, 23.0435, 18.1609]
Machines travel times (no vehicle)      : [10.4217, 10.113, 3.5043, 0.0]
Max load per vehicle                    : [34.2105, 0.0, 25.8621, 0.0, 95.8333, 50.0, 42.1053, 97.9167, 0.0, 0.0, 0.0, 0.0]

----------------------------------------------------

TOTAL: 833.29

Everything is awesome!
