-------------------| STATISTICS |-------------------

Vehicles used                           : 16.6667
Machines used                           : 100.0
Max load (vehicles)                     : 98.2759
Min load (vehicles)                     : 98.2759
Mean load (vehicles)                    : 98.2759
Min completion time                     : 55.072
Max completion time                     : 68.848
Mean completion time                    : 61.96
Avrg travel time (with vehicle)         : 4.8333
Avrg travel time (only with vehicle)    : 3.0
Avrg travel time (no vehicle)           : 1.8333
Avrg waiting time (machine travel)      : 0.0
Avrg waiting time (service)             : 0.0
Machines travel times (with vehicle)    : [2.5, 5.0, 7.0]
Machines travel times (no vehicle)      : [1.5, 1.5, 2.5]
Max load per vehicle                    : [0.0, 0.0, 0.0, 0.0, 98.2759, 98.2759, 0.0, 0.0, 0.0, 0.0, 0.0, 0.0]

----------------------------------------------------

TOTAL: 1239.2000000000003

Everything is awesome!
