Set parameter WLSAccessID
Set parameter WLSSecret
Set parameter LicenseID to value 2661775
Academic license 2661775 - for non-commercial use only - registered to me___@dcc.ufba.br
Loading line 2: methodType heur
Loading line 3: methodCode mslp
Loading line 4: seed 0
Loading line 5: threads 1
Loading line 6: greedy_service_order random
Loading line 7: outputFlagGrbMSLP 0
Loading line 8: mslpa 60000
Loading line 9: mslpr I
Loading line 10: maxtime 3600
Loading line 11: output ./logs/
Loading line 12: printsol 1
Loading line 13: solverMethod A
Instance: LR1_2_6_t1_60R_60V_02F_05M

[00:36:00.399] Running Data.readData with file /dados/rmelo/PDPTW-SE/benchmark_multi_floor_v3/official_experiments/multistartlp/preliminar/set_01_pt_03/../../../../instances/orig_ams_fg/60R_60V_02F_06M/t1/LR1_2_6/
vehicles: Vehicle[Vehicle(0, 54), Vehicle(1, 68), Vehicle(2, 82), Vehicle(3, 54), Vehicle(4, 68), Vehicle(5, 82), Vehicle(6, 54), Vehicle(7, 68), Vehicle(8, 82), Vehicle(9, 54), Vehicle(10, 68), Vehicle(11, 82), Vehicle(12, 82), Vehicle(13, 82), Vehicle(14, 54), Vehicle(15, 82), Vehicle(16, 54), Vehicle(17, 54), Vehicle(18, 54), Vehicle(19, 54), Vehicle(20, 82), Vehicle(21, 82), Vehicle(22, 54), Vehicle(23, 54), Vehicle(24, 68), Vehicle(25, 54), Vehicle(26, 54), Vehicle(27, 68), Vehicle(28, 54), Vehicle(29, 68), Vehicle(30, 54), Vehicle(31, 82), Vehicle(32, 54), Vehicle(33, 68), Vehicle(34, 82), Vehicle(35, 82), Vehicle(36, 54), Vehicle(37, 82), Vehicle(38, 68), Vehicle(39, 54), Vehicle(40, 54), Vehicle(41, 68), Vehicle(42, 54), Vehicle(43, 54), Vehicle(44, 82), Vehicle(45, 68), Vehicle(46, 54), Vehicle(47, 54), Vehicle(48, 54), Vehicle(49, 82), Vehicle(50, 68), Vehicle(51, 54), Vehicle(52, 68), Vehicle(53, 54), Vehicle(54, 54), Vehicle(55, 68), Vehicle(56, 54), Vehicle(57, 68), Vehicle(58, 68), Vehicle(59, 54)]
vehicle_types: Vehicle[Vehicle(0, 54), Vehicle(1, 68), Vehicle(2, 82)]
Machine[Machine(0, Point[Point(71, 70, 0), Point(71, 70, 1)], 0.2), Machine(1, Point[Point(73, 70, 0), Point(73, 70, 1)], 0.2), Machine(2, Point[Point(69, 70, 0), Point(69, 70, 1)], 0.2), Machine(3, Point[Point(75, 70, 0), Point(75, 70, 1)], 0.2), Machine(4, Point[Point(67, 70, 0), Point(67, 70, 1)], 0.2)]
refs: [1, 2, 4, 8, 11, 12, 14, 16, 18, 20, 23, 25, 26, 27, 28, 29, 32, 33, 35, 37, 38, 39, 41, 42, 43, 44, 45, 47, 48, 49, 50, 51, 52, 54, 55, 56, 58, 59, 61, 65, 67, 69, 70, 73, 74, 75, 76, 81, 86, 87, 89, 90, 91, 92, 93, 97, 98, 99, 101, 102, 103, 121, 116, 115, 88, 22, 105, 113, 112, 95, 46, 34, 77, 57, 5, 78, 83, 66, 109, 79, 119, 10, 100, 7, 64, 85, 117, 3, 60, 19, 31, 120, 84, 114, 106, 63, 96, 104, 71, 36, 80, 94, 111, 21, 15, 62, 108, 118, 110, 9, 68, 40, 30, 13, 17, 53, 107, 24, 82, 6, 72, 1]
V: [1, 2, 3, 4, 5, 6, 7, 8, 9, 10, 11, 12, 13, 14, 15, 16, 17, 18, 19, 20, 21, 22, 23, 24, 25, 26, 27, 28, 29, 30, 31, 32, 33, 34, 35, 36, 37, 38, 39, 40, 41, 42, 43, 44, 45, 46, 47, 48, 49, 50, 51, 52, 53, 54, 55, 56, 57, 58, 59, 60, 61, 62, 63, 64, 65, 66, 67, 68, 69, 70, 71, 72, 73, 74, 75, 76, 77, 78, 79, 80, 81, 82, 83, 84, 85, 86, 87, 88, 89, 90, 91, 92, 93, 94, 95, 96, 97, 98, 99, 100, 101, 102, 103, 104, 105, 106, 107, 108, 109, 110, 111, 112, 113, 114, 115, 116, 117, 118, 119, 120, 121]
V_p: [2, 3, 4, 5, 6, 7, 8, 9, 10, 11, 12, 13, 14, 15, 16, 17, 18, 19, 20, 21, 22, 23, 24, 25, 26, 27, 28, 29, 30, 31, 32, 33, 34, 35, 36, 37, 38, 39, 40, 41, 42, 43, 44, 45, 46, 47, 48, 49, 50, 51, 52, 53, 54, 55, 56, 57, 58, 59, 60, 61]
V_d: [62, 63, 64, 65, 66, 67, 68, 69, 70, 71, 72, 73, 74, 75, 76, 77, 78, 79, 80, 81, 82, 83, 84, 85, 86, 87, 88, 89, 90, 91, 92, 93, 94, 95, 96, 97, 98, 99, 100, 101, 102, 103, 104, 105, 106, 107, 108, 109, 110, 111, 112, 113, 114, 115, 116, 117, 118, 119, 120, 121]
Vprime: [1, 2, 3, 4, 5, 6, 7, 8, 9, 10, 11, 12, 13, 14, 15, 16, 17, 18, 19, 20, 21, 22, 23, 24, 25, 26, 27, 28, 29, 30, 31, 32, 33, 34, 35, 36, 37, 38, 39, 40, 41, 42, 43, 44, 45, 46, 47, 48, 49, 50, 51, 52, 53, 54, 55, 56, 57, 58, 59, 60, 61, 62, 63, 64, 65, 66, 67, 68, 69, 70, 71, 72, 73, 74, 75, 76, 77, 78, 79, 80, 81, 82, 83, 84, 85, 86, 87, 88, 89, 90, 91, 92, 93, 94, 95, 96, 97, 98, 99, 100, 101, 102, 103, 104, 105, 106, 107, 108, 109, 110, 111, 112, 113, 114, 115, 116, 117, 118, 119, 120, 121, 122]
V: [1, 2, 3, 4, 5, 6, 7, 8, 9, 10, 11, 12, 13, 14, 15, 16, 17, 18, 19, 20, 21, 22, 23, 24, 25, 26, 27, 28, 29, 30, 31, 32, 33, 34, 35, 36, 37, 38, 39, 40, 41, 42, 43, 44, 45, 46, 47, 48, 49, 50, 51, 52, 53, 54, 55, 56, 57, 58, 59, 60, 61, 62, 63, 64, 65, 66, 67, 68, 69, 70, 71, 72, 73, 74, 75, 76, 77, 78, 79, 80, 81, 82, 83, 84, 85, 86, 87, 88, 89, 90, 91, 92, 93, 94, 95, 96, 97, 98, 99, 100, 101, 102, 103, 104, 105, 106, 107, 108, 109, 110, 111, 112, 113, 114, 115, 116, 117, 118, 119, 120, 121]
q: [0, 8, 19, 21, 15, 13, 13, 7, 18, 10, 8, 9, 7, 18, 18, 18, 15, 9, 30, 23, 9, 13, 23, 9, 31, 24, 26, 12, 10, 1, 6, 36, 17, 23, 32, 20, 21, 24, 18, 4, 4, 23, 25, 20, 19, 16, 26, 14, 27, 20, 26, 18, 25, 9, 41, 20, 13, 19, 9, 20, 12, -8, -19, -21, -15, -13, -13, -7, -18, -10, -8, -9, -7, -18, -18, -18, -15, -9, -30, -23, -9, -13, -23, -9, -31, -24, -26, -12, -10, -1, -6, -36, -17, -23, -32, -20, -21, -24, -18, -4, -4, -23, -25, -20, -19, -16, -26, -14, -27, -20, -26, -18, -25, -9, -41, -20, -13, -19, -9, -20, -12, 0]
H: [1, 2, 3, 4, 5]
f: [[1, 1, 1, 1, 1], [2, 2, 2, 2, 2], [2, 2, 2, 2, 2], [2, 2, 2, 2, 2], [2, 2, 2, 2, 2], [2, 2, 2, 2, 2], [2, 2, 2, 2, 2], [1, 1, 1, 1, 1], [2, 2, 2, 2, 2], [2, 2, 2, 2, 2], [1, 1, 1, 1, 1], [2, 2, 2, 2, 2], [2, 2, 2, 2, 2], [2, 2, 2, 2, 2], [2, 2, 2, 2, 2], [1, 1, 1, 1, 1], [1, 1, 1, 1, 1], [1, 1, 1, 1, 1], [2, 2, 2, 2, 2], [2, 2, 2, 2, 2], [2, 2, 2, 2, 2], [2, 2, 2, 2, 2], [1, 1, 1, 1, 1], [2, 2, 2, 2, 2], [1, 1, 1, 1, 1], [1, 1, 1, 1, 1], [1, 1, 1, 1, 1], [2, 2, 2, 2, 2], [2, 2, 2, 2, 2], [2, 2, 2, 2, 2], [2, 2, 2, 2, 2], [1, 1, 1, 1, 1], [2, 2, 2, 2, 2], [2, 2, 2, 2, 2], [1, 1, 1, 1, 1], [1, 1, 1, 1, 1], [2, 2, 2, 2, 2], [1, 1, 1, 1, 1], [1, 1, 1, 1, 1], [1, 1, 1, 1, 1], [2, 2, 2, 2, 2], [1, 1, 1, 1, 1], [2, 2, 2, 2, 2], [1, 1, 1, 1, 1], [2, 2, 2, 2, 2], [2, 2, 2, 2, 2], [2, 2, 2, 2, 2], [1, 1, 1, 1, 1], [1, 1, 1, 1, 1], [2, 2, 2, 2, 2], [1, 1, 1, 1, 1], [1, 1, 1, 1, 1], [2, 2, 2, 2, 2], [2, 2, 2, 2, 2], [1, 1, 1, 1, 1], [2, 2, 2, 2, 2], [2, 2, 2, 2, 2], [1, 1, 1, 1, 1], [2, 2, 2, 2, 2], [1, 1, 1, 1, 1], [1, 1, 1, 1, 1], [2, 2, 2, 2, 2], [1, 1, 1, 1, 1], [1, 1, 1, 1, 1], [1, 1, 1, 1, 1], [2, 2, 2, 2, 2], [2, 2, 2, 2, 2], [2, 2, 2, 2, 2], [1, 1, 1, 1, 1], [2, 2, 2, 2, 2], [1, 1, 1, 1, 1], [1, 1, 1, 1, 1], [1, 1, 1, 1, 1], [2, 2, 2, 2, 2], [1, 1, 1, 1, 1], [1, 1, 1, 1, 1], [1, 1, 1, 1, 1], [2, 2, 2, 2, 2], [2, 2, 2, 2, 2], [1, 1, 1, 1, 1], [2, 2, 2, 2, 2], [2, 2, 2, 2, 2], [1, 1, 1, 1, 1], [2, 2, 2, 2, 2], [2, 2, 2, 2, 2], [1, 1, 1, 1, 1], [2, 2, 2, 2, 2], [2, 2, 2, 2, 2], [1, 1, 1, 1, 1], [2, 2, 2, 2, 2], [1, 1, 1, 1, 1], [1, 1, 1, 1, 1], [1, 1, 1, 1, 1], [2, 2, 2, 2, 2], [2, 2, 2, 2, 2], [1, 1, 1, 1, 1], [2, 2, 2, 2, 2], [1, 1, 1, 1, 1], [2, 2, 2, 2, 2], [1, 1, 1, 1, 1], [1, 1, 1, 1, 1], [1, 1, 1, 1, 1], [2, 2, 2, 2, 2], [1, 1, 1, 1, 1], [1, 1, 1, 1, 1], [2, 2, 2, 2, 2], [2, 2, 2, 2, 2], [2, 2, 2, 2, 2], [1, 1, 1, 1, 1], [2, 2, 2, 2, 2], [2, 2, 2, 2, 2], [1, 1, 1, 1, 1], [2, 2, 2, 2, 2], [1, 1, 1, 1, 1], [2, 2, 2, 2, 2], [2, 2, 2, 2, 2], [2, 2, 2, 2, 2], [1, 1, 1, 1, 1], [1, 1, 1, 1, 1], [2, 2, 2, 2, 2], [1, 1, 1, 1, 1], [1, 1, 1, 1, 1]]
1 1 1 -> 0.0
1 2 1 -> 5.0
2 1 1 -> 5.0
2 2 1 -> 0.0
1 1 2 -> 0.0
1 2 2 -> 5.0
2 1 2 -> 5.0
2 2 2 -> 0.0
1 1 3 -> 0.0
1 2 3 -> 5.0
2 1 3 -> 5.0
2 2 3 -> 0.0
1 1 4 -> 0.0
1 2 4 -> 5.0
2 1 4 -> 5.0
2 2 4 -> 0.0
1 1 5 -> 0.0
1 2 5 -> 5.0
2 1 5 -> 5.0
2 2 5 -> 0.0
o: (1, 2, 1) => 5.0
o: (1, 2, 5) => 5.0
o: (1, 2, 3) => 5.0
o: (1, 1, 2) => 0.0
o: (2, 1, 4) => 5.0
o: (1, 2, 2) => 5.0
o: (2, 1, 1) => 5.0
o: (2, 1, 5) => 5.0
o: (2, 1, 3) => 5.0
o: (2, 2, 4) => 0.0
o: (2, 2, 1) => 0.0
o: (2, 2, 5) => 0.0
o: (2, 2, 3) => 0.0
o: (2, 1, 2) => 5.0
o: (1, 1, 4) => 0.0
o: (1, 1, 1) => 0.0
o: (1, 1, 5) => 0.0
o: (1, 1, 3) => 0.0
o: (1, 2, 4) => 5.0
o: (2, 2, 2) => 0.0

[124, 837, 827, 742, 732, 737, 645, 6]
JOBS in the order of refs (Vprime)
Node 1: Job(0, Point(70, 70, 0), 0, 0, 634, 0, 0, 0)
Node 2: Job(2, Point(109, 139, 1), 8, 113, 143, 10, 0, 200)
Node 3: Job(4, Point(48, 47, 1), 19, 31, 61, 10, 0, 188)
Node 4: Job(8, Point(121, 124, 1), 21, 150, 180, 10, 0, 181)
Node 5: Job(14, Point(102, 52, 1), 15, 0, 588, 10, 0, 117)
Node 6: Job(15, Point(41, 36, 1), 13, 51, 81, 10, 0, 29)
Node 7: Job(18, Point(104, 54, 1), 13, 53, 83, 10, 0, 158)
Node 8: Job(20, Point(46, 133, 0), 7, 76, 106, 10, 0, 177)
Node 9: Job(23, Point(18, 104, 1), 18, 337, 367, 10, 0, 174)
Node 10: Job(26, Point(139, 73, 1), 10, 87, 117, 10, 0, 126)
Node 11: Job(30, Point(64, 132, 0), 8, 62, 92, 10, 0, 62)
Node 12: Job(32, Point(54, 106, 1), 9, 0, 585, 10, 0, 45)
Node 13: Job(34, Point(63, 129, 1), 7, 206, 236, 10, 0, 98)
Node 14: Job(35, Point(82, 100, 1), 18, 104, 134, 10, 0, 76)
Node 15: Job(36, Point(108, 30, 1), 18, 96, 126, 10, 0, 5)
Node 16: Job(38, Point(50, 112, 0), 18, 232, 262, 10, 0, 99)
Node 17: Job(43, Point(13, 48, 0), 15, 420, 450, 10, 0, 110)
Node 18: Job(44, Point(113, 35, 0), 9, 55, 85, 10, 0, 86)
Node 19: Job(46, Point(44, 58, 1), 30, 28, 58, 10, 0, 167)
Node 20: Job(48, Point(116, 105, 1), 23, 144, 174, 10, 0, 103)
Node 21: Job(49, Point(117, 4, 1), 9, 0, 543, 10, 0, 195)
Node 22: Job(50, Point(140, 42, 1), 13, 0, 549, 10, 0, 11)
Node 23: Job(55, Point(89, 39, 0), 23, 36, 66, 10, 0, 133)
Node 24: Job(56, Point(54, 41, 1), 9, 0, 591, 10, 0, 7)
Node 25: Job(57, Point(39, 100, 0), 31, 66, 96, 10, 0, 84)
Node 26: Job(58, Point(5, 99, 0), 24, 0, 553, 10, 0, 114)
Node 27: Job(59, Point(67, 96, 0), 26, 0, 598, 10, 0, 189)
Node 28: Job(63, Point(103, 44, 1), 12, 42, 72, 10, 0, 3)
Node 29: Job(64, Point(97, 12, 1), 10, 206, 236, 10, 0, 79)
Node 30: Job(66, Point(140, 36, 1), 1, 176, 206, 10, 0, 25)
Node 31: Job(67, Point(90, 44, 1), 6, 52, 82, 10, 0, 41)
Node 32: Job(68, Point(113, 32, 0), 36, 144, 174, 10, 0, 197)
Node 33: Job(69, Point(104, 73, 1), 17, 249, 279, 10, 0, 113)
Node 34: Job(71, Point(15, 4, 1), 23, 101, 131, 10, 0, 179)
Node 35: Job(73, Point(70, 94, 0), 32, 24, 54, 10, 0, 159)
Node 36: Job(74, Point(35, 90, 0), 20, 446, 476, 10, 0, 83)
Node 37: Job(77, Point(10, 111, 1), 21, 493, 523, 10, 0, 127)
Node 38: Job(78, Point(138, 105, 0), 24, 403, 433, 10, 0, 148)
Node 39: Job(80, Point(92, 22, 0), 18, 0, 572, 10, 0, 91)
Node 40: Job(85, Point(12, 48, 0), 4, 62, 92, 10, 0, 47)
Node 41: Job(87, Point(79, 80, 1), 4, 13, 43, 10, 0, 105)
Node 42: Job(89, Point(28, 62, 0), 23, 196, 226, 10, 0, 125)
Node 43: Job(90, Point(50, 106, 1), 25, 0, 583, 10, 0, 173)
Node 44: Job(93, Point(65, 0, 0), 20, 74, 104, 10, 0, 28)
Node 45: Job(94, Point(4, 71, 1), 19, 160, 190, 10, 0, 19)
Node 46: Job(95, Point(19, 120, 1), 16, 261, 291, 10, 0, 82)
Node 47: Job(96, Point(18, 70, 1), 26, 391, 421, 10, 0, 164)
Node 48: Job(106, Point(29, 60, 0), 14, 42, 72, 10, 0, 191)
Node 49: Job(115, Point(137, 137, 0), 27, 100, 130, 10, 0, 170)
Node 50: Job(116, Point(110, 28, 1), 20, 305, 335, 10, 0, 9)
Node 51: Job(118, Point(59, 115, 0), 26, 314, 344, 10, 0, 88)
Node 52: Job(120, Point(120, 60, 0), 18, 54, 84, 10, 0, 51)
Node 53: Job(121, Point(85, 111, 1), 25, 0, 581, 10, 0, 40)
Node 54: Job(122, Point(121, 123, 1), 9, 0, 551, 10, 0, 16)
Node 55: Job(123, Point(137, 84, 0), 41, 104, 134, 10, 0, 21)
Node 56: Job(129, Point(23, 39, 1), 20, 0, 568, 10, 0, 70)
Node 57: Job(130, Point(126, 23, 1), 13, 0, 551, 10, 0, 160)
Node 58: Job(132, Point(78, 63, 0), 19, 10, 40, 10, 0, 31)
Node 59: Job(135, Point(58, 11, 1), 9, 127, 157, 10, 0, 109)
Node 60: Job(136, Point(26, 130, 0), 20, 268, 298, 10, 0, 6)
Node 61: Job(139, Point(137, 101, 0), 12, 0, 551, 10, 0, 92)
Node 62: Job(200, Point(95, 135, 1), -8, 401, 431, 10, 2, 0)
Node 63: Job(188, Point(44, 36, 0), -19, 94, 124, 10, 4, 0)
Node 64: Job(181, Point(100, 99, 0), -21, 299, 329, 10, 8, 0)
Node 65: Job(117, Point(116, 13, 0), -15, 0, 551, 10, 14, 0)
Node 66: Job(29, Point(20, 69, 1), -13, 378, 408, 10, 15, 0)
Node 67: Job(158, Point(120, 47, 1), -13, 55, 85, 10, 18, 0)
Node 68: Job(177, Point(13, 129, 1), -7, 351, 381, 10, 20, 0)
Node 69: Job(174, Point(37, 79, 0), -18, 428, 458, 10, 23, 0)
Node 70: Job(126, Point(139, 72, 1), -10, 337, 367, 10, 26, 0)
Node 71: Job(62, Point(55, 127, 0), -8, 258, 288, 10, 30, 0)
Node 72: Job(45, Point(60, 84, 0), -9, 482, 512, 10, 32, 0)
Node 73: Job(98, Point(49, 140, 0), -7, 323, 353, 10, 34, 0)
Node 74: Job(76, Point(109, 131, 1), -18, 226, 256, 10, 35, 0)
Node 75: Job(5, Point(116, 22, 0), -18, 196, 226, 10, 36, 0)
Node 76: Job(99, Point(69, 115, 0), -18, 0, 579, 10, 38, 0)
Node 77: Job(110, Point(34, 72, 0), -15, 549, 579, 10, 43, 0)
Node 78: Job(86, Point(137, 7, 1), -9, 181, 211, 10, 44, 0)
Node 79: Job(167, Point(39, 13, 1), -30, 376, 406, 10, 46, 0)
Node 80: Job(103, Point(103, 82, 0), -23, 326, 356, 10, 48, 0)
Node 81: Job(195, Point(105, 2, 1), -9, 224, 254, 10, 49, 0)
Node 82: Job(11, Point(129, 24, 1), -13, 0, 550, 10, 50, 0)
Node 83: Job(133, Point(98, 4, 0), -23, 178, 208, 10, 55, 0)
Node 84: Job(7, Point(86, 40, 1), -9, 0, 590, 10, 56, 0)
Node 85: Job(84, Point(46, 112, 1), -31, 286, 316, 10, 57, 0)
Node 86: Job(114, Point(29, 94, 0), -24, 0, 577, 10, 58, 0)
Node 87: Job(189, Point(8, 138, 1), -26, 0, 532, 10, 59, 0)
Node 88: Job(3, Point(120, 22, 1), -12, 114, 144, 10, 63, 0)
Node 89: Job(79, Point(113, 45, 0), -10, 299, 329, 10, 64, 0)
Node 90: Job(25, Point(107, 25, 1), -1, 274, 304, 10, 66, 0)
Node 91: Job(41, Point(81, 36, 0), -6, 103, 133, 10, 67, 0)
Node 92: Job(197, Point(93, 61, 0), -36, 521, 551, 10, 68, 0)
Node 93: Job(113, Point(116, 83, 0), -17, 0, 577, 10, 69, 0)
Node 94: Job(179, Point(15, 9, 1), -23, 410, 440, 10, 71, 0)
Node 95: Job(159, Point(37, 125, 1), -32, 343, 373, 10, 73, 0)
Node 96: Job(83, Point(51, 92, 0), -20, 448, 478, 10, 74, 0)
Node 97: Job(127, Point(2, 106, 1), -21, 0, 548, 10, 77, 0)
Node 98: Job(148, Point(123, 84, 0), -24, 416, 446, 10, 78, 0)
Node 99: Job(91, Point(83, 38, 1), -18, 476, 506, 10, 80, 0)
Node 100: Job(47, Point(8, 87, 0), -4, 401, 431, 10, 85, 0)
Node 101: Job(105, Point(70, 83, 0), -4, 485, 515, 10, 87, 0)
Node 102: Job(125, Point(30, 57, 0), -23, 230, 260, 10, 89, 0)
Node 103: Job(173, Point(33, 117, 1), -25, 0, 565, 10, 90, 0)
Node 104: Job(28, Point(90, 14, 0), -20, 0, 565, 10, 93, 0)
Node 105: Job(19, Point(22, 104, 0), -19, 265, 295, 10, 94, 0)
Node 106: Job(82, Point(10, 86, 1), -16, 411, 441, 10, 95, 0)
Node 107: Job(164, Point(36, 54, 1), -26, 0, 587, 10, 96, 0)
Node 108: Job(191, Point(4, 44, 1), -14, 0, 554, 10, 106, 0)
Node 109: Job(170, Point(136, 123, 0), -27, 319, 349, 10, 115, 0)
Node 110: Job(9, Point(61, 57, 1), -20, 375, 405, 10, 116, 0)
Node 111: Job(88, Point(69, 116, 1), -26, 391, 421, 10, 118, 0)
Node 112: Job(51, Point(139, 68, 0), -18, 78, 108, 10, 120, 0)
Node 113: Job(40, Point(92, 138, 1), -25, 402, 432, 10, 121, 0)
Node 114: Job(16, Point(132, 133, 0), -9, 243, 273, 10, 122, 0)
Node 115: Job(21, Point(138, 78, 1), -41, 217, 247, 10, 123, 0)
Node 116: Job(70, Point(36, 38, 1), -20, 438, 468, 10, 129, 0)
Node 117: Job(160, Point(120, 14, 1), -13, 259, 289, 10, 130, 0)
Node 118: Job(31, Point(115, 82, 0), -19, 267, 297, 10, 132, 0)
Node 119: Job(109, Point(83, 12, 0), -9, 232, 262, 10, 135, 0)
Node 120: Job(6, Point(12, 138, 1), -20, 414, 444, 10, 136, 0)
Node 121: Job(92, Point(120, 102, 0), -12, 97, 127, 10, 139, 0)
Node 122: Job(0, Point(70, 70, 0), 0, 0, 634, 0, 0, 0)

### Preprocessing Data ###
	-> arcs: 14884 (100.0%)
	-> arc_removals: 11588 (77.86%)
	-> arc_removals_is_loop: 122 (0.82%)
	-> arc_removals_is_delivery_to_pickup: 62 (0.42%)
	-> arc_removals_is_depot_begin_to_delivery: 60 (0.4%)
	-> arc_removals_is_pickup_to_depot_end: 60 (0.4%)
	-> arc_removals_is_dest_depot_begin: 120 (0.81%)
	-> arc_removals_is_orig_depot_end: 119 (0.8%)
	-> arc_removals_is_capacity_violated: 0 (0.0%)
	-> arc_removals_is_time_window_limited: 7411 (49.79%)
	-> arc_removals_is_time_window_pairing_limited: 3367 (22.62%)
	-> arc_removals_is_indirect_request_service_impossible: 267 (1.79%)
	-> gamma_vars: 0 (0%)
	-> feas_gamma_vars: 0 (0%)
	-> infeas_gamma_vars_is_next_mtrv_unreachable: 0 (0%)
	-> infeas_gamma_vars_is_iprime_jprime_eq_i_j: 0 (0%)
	-> machine_removal_for_an_arc: 0 (0.0%)
##########################

[00:36:10.179] Print configuration
------------------------------------------------------
"
[00:36:10.179] Running Multi Start Heuristic"
> Experiment started at 2025-10-08T00:36:10.179
> Instance: LR1_2_6_t1_60R_60V_02F_05M
> Algorithm Parameters:


	>Stop params:
		>  - rule ITERATIONS
		>  - argument 60000.0
		>  - maximum_time 3600

	>General params:
		>  - instPath /dados/rmelo/PDPTW-SE/benchmark_multi_floor_v3/official_experiments/multistartlp/preliminar/set_01_pt_03/../../../../instances/orig_ams_fg/60R_60V_02F_06M/t1/LR1_2_6/
		>  - name LR1_2_6
		>  - type t1
		>  - group 60R_60V_02F_05M
		>  - fullname LR1_2_6_t1_60R_60V_02F_05M
		>  - methodType heur
		>  - methodCode mslp
		>  - genconfigfile /dados/rmelo/PDPTW-SE/benchmark_multi_floor_v3/official_experiments/multistartlp/preliminar/set_01_pt_03/configs/genconfig_mslp.conf
		>  - genconfigfilename genconfig_mslp
		>  - greedy_service_order random
		>  - cutoff 0
		>  - cutoffmachs 5
		>  - num_machs 0
		>  - solver Gurobi
		>  - maxtime 3600
		>  - gurobiCuts 1
		>  - typeUserCut 0
		>  - mipPresolve -1
		>  - printsol 1
		>  - maxnodes -1
		>  - elevator 1
		>  - make_instance_feasible false
		>  - output /dados/rmelo/PDPTW-SE/benchmark_multi_floor_v3/official_experiments/multistartlp/preliminar/set_01_pt_03/logs
		>  - suff_outputs _seed_24_alpha_20p
		>  - suff_csv _bash_4
		>  - epsilon 0.005
		>  - epsilonCap 0.5
		>  - warmStart false
		>  - seed 24
		>  - rng Random.MersenneTwister(24)
		>  - alpha 0.2
		>  - maxiter 1000000
		>  - outputFlagGrbMIP 0
		>  - outputFlagGrbMSLP 0
		>  - outputFlagGrbLMNS 0
		>  - mslpr I
		>  - mslpa 60000
		>  - lmnsr M
		>  - lmnsa 60
		>  - lmnsRepairTime 30.0
		>  - lmnsMIPFocus 0
		>  - lmnsGapToBiggerDestruction 50
		>  - lmnsGapToSmallerDestruction 95
		>  - lmnsWeightShawDistProx 1.0
		>  - lmnsWeightShawEarlProx 1.0
		>  - lmnsWeightShawSameRoute 1.0
		>  - lmnsWeightShawDemandSim 1.0
		>  - lmnsReqRApplyMIPStart true
		>  - lmnsAcceptanceCriteria H
		>  - lmnsMetropolisTemp 100.0
		>  - lmnsSimulatedAnnealingTemp 100.0
		>  - lmnsSimulatedAnnealingCool 0.95
		>  - mipmaxtime 3600
		>  - csvfilename /dados/rmelo/PDPTW-SE/benchmark_multi_floor_v3/official_experiments/multistartlp/preliminar/set_01_pt_03/logs/heur_mslp/outputs/csvresults_heur_mslp_bash_4.csv
		>  - solfilename /dados/rmelo/PDPTW-SE/benchmark_multi_floor_v3/official_experiments/multistartlp/preliminar/set_01_pt_03/logs/heur_mslp/solutions/60R_60V_02F_05M/LR1_2_6_sol_genconfig_mslp_seed_24_alpha_20p.txt
		>  - timelineFilename /dados/rmelo/PDPTW-SE/benchmark_multi_floor_v3/official_experiments/multistartlp/preliminar/set_01_pt_03/logs/heur_mslp/timelines/60R_60V_02F_05M/LR1_2_6_timeline_genconfig_mslp_seed_24_alpha_20p.txt
		>  - grbFilename /dados/rmelo/PDPTW-SE/benchmark_multi_floor_v3/official_experiments/multistartlp/preliminar/set_01_pt_03/logs/heur_mslp/gurobi/60R_60V_02F_05M/LR1_2_6_grb_genconfig_mslp_seed_24_alpha_20p.log
		>  - threads 1
		>  - solverMethod AUTOMATIC

------------------------------------------------------

[00:36:10.281] Starting running MSLP
objValue;greedysol;iteration;time
10684.81;11151.82;1;0.027087
10673.32;11110.31;481;4.284567
10407.88;10903.56;4768;37.960914
10371.29;10715.03;15895;125.018611
10159.87;10603.86;26688;209.592649

[00:44:03.327] Finished running MSLP
System CPU time: 1.34 seconds

[00:44:03.396] Post running MSLP
Best solution value: 10159.87
Total time elapsed: 469.531279
Time to best: 209.592649
Iterations: 60000
Iterations to best: 26688
Improvements: 5
Infeasible solutions percentage: (58086 / 60000) = 96.8100 %
(LP improvements)/(LP runs) = 1914/1914 = 100.0000 %
Mean LP improvement percentage: 4.9189 %
[00:44:03.645] Writing results to CSV file: /dados/rmelo/PDPTW-SE/benchmark_multi_floor_v3/official_experiments/multistartlp/preliminar/set_01_pt_03/logs/heur_mslp/outputs/csvresults_heur_mslp_bash_4.csv

[00:44:05.625] Saving solution to file:/dados/rmelo/PDPTW-SE/benchmark_multi_floor_v3/official_experiments/multistartlp/preliminar/set_01_pt_03/logs/heur_mslp/solutions/60R_60V_02F_05M/LR1_2_6_sol_genconfig_mslp_seed_24_alpha_20p.txt

[00:44:05.625] Saving solution timeline to file: /dados/rmelo/PDPTW-SE/benchmark_multi_floor_v3/official_experiments/multistartlp/preliminar/set_01_pt_03/logs/heur_mslp/timelines/60R_60V_02F_05M/LR1_2_6_timeline_genconfig_mslp_seed_24_alpha_20p.txt
---------------------| VEHICLES |---------------------

Vehicle 3 :
	id: 0
		node: 1
		(x, y, z): (70, 70, 0)
		dem: 0
		earl: 0
		lat: 634
		servt: 0
		pid: 0
		did: 0
		servST: 14.830000000000013
		(h, h_ind): (-1, 0)
		load: 0.0

	Finished service at time: 14.830000000000013

	Task 0 -> Task 139: 73.82
	Vehicle arrival at task: 88.65
	Waiting time until service start time: 0.0

	id: 139
		node: 61
		(x, y, z): (137, 101, 0)
		dem: 12
		earl: 0
		lat: 551
		servt: 10
		pid: 0
		did: 92
		servST: 88.65
		(h, h_ind): (-1, 0)
		load: 12.0

	Finished service at time: 98.65

	Task 139 -> Task 92: 17.03
	Vehicle arrival at task: 115.68
	Waiting time until service start time: 0.0

	id: 92
		node: 121
		(x, y, z): (120, 102, 0)
		dem: -12
		earl: 97
		lat: 127
		servt: 10
		pid: 139
		did: 0
		servST: 115.68
		(h, h_ind): (-1, 0)
		load: 0.0

	Finished service at time: 125.68

	Task 92 -> Task 89: 100.32
	Vehicle arrival at task: 226.0
	Waiting time until service start time: 0.0

	id: 89
		node: 42
		(x, y, z): (28, 62, 0)
		dem: 23
		earl: 196
		lat: 226
		servt: 10
		pid: 0
		did: 125
		servST: 226.0
		(h, h_ind): (-1, 0)
		load: 23.0

	Finished service at time: 236.0

	Task 89 -> Task 125: 5.39
	Vehicle arrival at task: 241.39
	Waiting time until service start time: 0.0

	id: 125
		node: 102
		(x, y, z): (30, 57, 0)
		dem: -23
		earl: 230
		lat: 260
		servt: 10
		pid: 89
		did: 0
		servST: 241.39
		(h, h_ind): (-1, 0)
		load: 0.0

	Finished service at time: 251.39

	Task 125 -> Task 0: 42.06
	Vehicle arrival at task: 293.45
	Waiting time until service start time: 0.0

	id: 0
		node: 122
		(x, y, z): (70, 70, 0)
		dem: 0
		earl: 0
		lat: 634
		servt: 0
		pid: 0
		did: 0
		servST: 293.45
		(h, h_ind): (-1, 0)
		load: 0.0


Vehicle 4 :
	id: 0
		node: 1
		(x, y, z): (70, 70, 0)
		dem: 0
		earl: 0
		lat: 634
		servt: 0
		pid: 0
		did: 0
		servST: 27.29
		(h, h_ind): (-1, 0)
		load: 0.0

	Finished service at time: 27.29

	Task 0 -> Task 59: 26.17
	Vehicle arrival at task: 53.46
	Waiting time until service start time: 0.0

	id: 59
		node: 27
		(x, y, z): (67, 96, 0)
		dem: 26
		earl: 0
		lat: 598
		servt: 10
		pid: 0
		did: 189
		servST: 53.46
		(h, h_ind): (-1, 0)
		load: 26.0

	Finished service at time: 63.46

	Task 59 -> Task 20: 42.54
	Vehicle arrival at task: 106.0
	Waiting time until service start time: 0.0

	id: 20
		node: 8
		(x, y, z): (46, 133, 0)
		dem: 7
		earl: 76
		lat: 106
		servt: 10
		pid: 0
		did: 177
		servST: 106.0
		(h, h_ind): (-1, 0)
		load: 33.0

	Finished service at time: 116.0

	Using Machine: 4
		Task 20 -> Machine 4 (Station 1): 66.41
		Vehicle arrival at machine station: 182.41
		Waiting time until machine travel: 9.21

		Machine travel start time: 191.62
		Region 0 -> Region 1: 5.0
		Machine arrival at machine station: 196.62

		Machine 4 (Station 2)-> Task 90: 39.81
		Vehicle arrival at task: 236.43
		Waiting time until service start time: 0.0

	id: 90
		node: 43
		(x, y, z): (50, 106, 1)
		dem: 25
		earl: 0
		lat: 583
		servt: 10
		pid: 0
		did: 173
		servST: 236.43
		(h, h_ind): (4, 6)
		load: 58.0

	Finished service at time: 246.43

	Task 90 -> Task 173: 20.25
	Vehicle arrival at task: 266.68
	Waiting time until service start time: 0.0

	id: 173
		node: 103
		(x, y, z): (33, 117, 1)
		dem: -25
		earl: 0
		lat: 565
		servt: 10
		pid: 90
		did: 0
		servST: 266.68
		(h, h_ind): (-1, 0)
		load: 33.0

	Finished service at time: 276.68

	Task 173 -> Task 95: 14.32
	Vehicle arrival at task: 291.0
	Waiting time until service start time: 0.0

	id: 95
		node: 46
		(x, y, z): (19, 120, 1)
		dem: 16
		earl: 261
		lat: 291
		servt: 10
		pid: 0
		did: 82
		servST: 291.0
		(h, h_ind): (-1, 0)
		load: 49.0

	Finished service at time: 301.0

	Task 95 -> Task 189: 21.1
	Vehicle arrival at task: 322.1
	Waiting time until service start time: 8.6

	id: 189
		node: 87
		(x, y, z): (8, 138, 1)
		dem: -26
		earl: 0
		lat: 532
		servt: 10
		pid: 59
		did: 0
		servST: 330.7
		(h, h_ind): (-1, 0)
		load: 23.0

	Finished service at time: 340.7

	Task 189 -> Task 177: 10.3
	Vehicle arrival at task: 351.0
	Waiting time until service start time: 0.0

	id: 177
		node: 68
		(x, y, z): (13, 129, 1)
		dem: -7
		earl: 351
		lat: 381
		servt: 10
		pid: 20
		did: 0
		servST: 351.0
		(h, h_ind): (-1, 0)
		load: 16.0

	Finished service at time: 361.0

	Task 177 -> Task 82: 43.1
	Vehicle arrival at task: 404.1
	Waiting time until service start time: 6.9

	id: 82
		node: 106
		(x, y, z): (10, 86, 1)
		dem: -16
		earl: 411
		lat: 441
		servt: 10
		pid: 95
		did: 0
		servST: 411.0
		(h, h_ind): (-1, 0)
		load: 0.0

	Finished service at time: 421.0

	Using Machine: 2
		Task 82 -> Machine 2 (Station 2): 61.13
		Vehicle arrival at machine station: 482.13
		Waiting time until machine travel: 0.0

		Machine travel start time: 482.13
		Region 1 -> Region 0: 5.0
		Machine arrival at machine station: 487.13

		Machine 2 (Station 1)-> Task 0: 1.0
		Vehicle arrival at task: 488.13
		Waiting time until service start time: 0.0

	id: 0
		node: 122
		(x, y, z): (70, 70, 0)
		dem: 0
		earl: 0
		lat: 634
		servt: 0
		pid: 0
		did: 0
		servST: 488.13
		(h, h_ind): (2, 5)
		load: 0.0


Vehicle 7 :
	id: 0
		node: 1
		(x, y, z): (70, 70, 0)
		dem: 0
		earl: 0
		lat: 634
		servt: 0
		pid: 0
		did: 0
		servST: 11.850000000000001
		(h, h_ind): (-1, 0)
		load: 0.0

	Finished service at time: 11.850000000000001

	Task 0 -> Task 55: 36.36
	Vehicle arrival at task: 48.21
	Waiting time until service start time: 0.0

	id: 55
		node: 23
		(x, y, z): (89, 39, 0)
		dem: 23
		earl: 36
		lat: 66
		servt: 10
		pid: 0
		did: 133
		servST: 48.21
		(h, h_ind): (-1, 0)
		load: 23.0

	Finished service at time: 58.21

	Task 55 -> Task 93: 45.79
	Vehicle arrival at task: 104.0
	Waiting time until service start time: 0.0

	id: 93
		node: 44
		(x, y, z): (65, 0, 0)
		dem: 20
		earl: 74
		lat: 104
		servt: 10
		pid: 0
		did: 28
		servST: 104.0
		(h, h_ind): (-1, 0)
		load: 43.0

	Finished service at time: 114.0

	Task 93 -> Task 28: 28.65
	Vehicle arrival at task: 142.65
	Waiting time until service start time: 12.54

	id: 28
		node: 104
		(x, y, z): (90, 14, 0)
		dem: -20
		earl: 0
		lat: 565
		servt: 10
		pid: 93
		did: 0
		servST: 155.19
		(h, h_ind): (-1, 0)
		load: 23.0

	Finished service at time: 165.19

	Task 28 -> Task 133: 12.81
	Vehicle arrival at task: 178.0
	Waiting time until service start time: 0.0

	id: 133
		node: 83
		(x, y, z): (98, 4, 0)
		dem: -23
		earl: 178
		lat: 208
		servt: 10
		pid: 55
		did: 0
		servST: 178.0
		(h, h_ind): (-1, 0)
		load: 0.0

	Finished service at time: 188.0

	Task 133 -> Task 0: 71.69
	Vehicle arrival at task: 259.69
	Waiting time until service start time: 0.0

	id: 0
		node: 122
		(x, y, z): (70, 70, 0)
		dem: 0
		earl: 0
		lat: 634
		servt: 0
		pid: 0
		did: 0
		servST: 259.69
		(h, h_ind): (-1, 0)
		load: 0.0


Vehicle 8 :
	id: 0
		node: 1
		(x, y, z): (70, 70, 0)
		dem: 0
		earl: 0
		lat: 634
		servt: 0
		pid: 0
		did: 0
		servST: 2.5700000000000003
		(h, h_ind): (-1, 0)
		load: 0.0

	Finished service at time: 2.5700000000000003

	Task 0 -> Task 106: 42.2
	Vehicle arrival at task: 44.77
	Waiting time until service start time: 0.0

	id: 106
		node: 48
		(x, y, z): (29, 60, 0)
		dem: 14
		earl: 42
		lat: 72
		servt: 10
		pid: 0
		did: 191
		servST: 44.77
		(h, h_ind): (-1, 0)
		load: 14.0

	Finished service at time: 54.77

	Task 106 -> Task 57: 41.23
	Vehicle arrival at task: 96.0
	Waiting time until service start time: 0.0

	id: 57
		node: 25
		(x, y, z): (39, 100, 0)
		dem: 31
		earl: 66
		lat: 96
		servt: 10
		pid: 0
		did: 84
		servST: 96.0
		(h, h_ind): (-1, 0)
		load: 45.0

	Finished service at time: 106.0

	Using Machine: 4
		Task 57 -> Machine 4 (Station 1): 41.04
		Vehicle arrival at machine station: 147.04
		Waiting time until machine travel: 4.99

		Machine travel start time: 152.03
		Region 0 -> Region 1: 5.0
		Machine arrival at machine station: 157.03

		Machine 4 (Station 2)-> Task 191: 68.15
		Vehicle arrival at task: 225.18
		Waiting time until service start time: 0.0

	id: 191
		node: 108
		(x, y, z): (4, 44, 1)
		dem: -14
		earl: 0
		lat: 554
		servt: 10
		pid: 106
		did: 0
		servST: 225.18
		(h, h_ind): (4, 5)
		load: 31.0

	Finished service at time: 235.18

	Task 191 -> Task 84: 79.92
	Vehicle arrival at task: 315.1
	Waiting time until service start time: 0.0

	id: 84
		node: 85
		(x, y, z): (46, 112, 1)
		dem: -31
		earl: 286
		lat: 316
		servt: 10
		pid: 57
		did: 0
		servST: 315.1
		(h, h_ind): (-1, 0)
		load: 0.0

	Finished service at time: 325.1

	Task 84 -> Task 121: 39.01
	Vehicle arrival at task: 364.11
	Waiting time until service start time: 0.0

	id: 121
		node: 53
		(x, y, z): (85, 111, 1)
		dem: 25
		earl: 0
		lat: 581
		servt: 10
		pid: 0
		did: 40
		servST: 364.11
		(h, h_ind): (-1, 0)
		load: 25.0

	Finished service at time: 374.11

	Task 121 -> Task 40: 27.89
	Vehicle arrival at task: 402.0
	Waiting time until service start time: 0.0

	id: 40
		node: 113
		(x, y, z): (92, 138, 1)
		dem: -25
		earl: 402
		lat: 432
		servt: 10
		pid: 121
		did: 0
		servST: 402.0
		(h, h_ind): (-1, 0)
		load: 0.0

	Finished service at time: 412.0

	Using Machine: 0
		Task 40 -> Machine 0 (Station 2): 71.17
		Vehicle arrival at machine station: 483.17
		Waiting time until machine travel: 0.0

		Machine travel start time: 483.17
		Region 1 -> Region 0: 5.0
		Machine arrival at machine station: 488.17

		Machine 0 (Station 1)-> Task 0: 1.0
		Vehicle arrival at task: 489.17
		Waiting time until service start time: 0.0

	id: 0
		node: 122
		(x, y, z): (70, 70, 0)
		dem: 0
		earl: 0
		lat: 634
		servt: 0
		pid: 0
		did: 0
		servST: 489.17
		(h, h_ind): (0, 7)
		load: 0.0


Vehicle 11 :
	id: 0
		node: 1
		(x, y, z): (70, 70, 0)
		dem: 0
		earl: 0
		lat: 634
		servt: 0
		pid: 0
		did: 0
		servST: 13.34
		(h, h_ind): (-1, 0)
		load: 0.0

	Finished service at time: 13.34

	Using Machine: 1
		Task 0 -> Machine 1 (Station 1): 3.0
		Vehicle arrival at machine station: 16.34
		Waiting time until machine travel: 0.0

		Machine travel start time: 16.34
		Region 0 -> Region 1: 5.0
		Machine arrival at machine station: 21.34

		Machine 1 (Station 2)-> Task 67: 31.06
		Vehicle arrival at task: 52.4
		Waiting time until service start time: 1.05

	id: 67
		node: 31
		(x, y, z): (90, 44, 1)
		dem: 6
		earl: 52
		lat: 82
		servt: 10
		pid: 0
		did: 41
		servST: 53.45
		(h, h_ind): (1, 1)
		load: 6.0

	Finished service at time: 63.45

	Using Machine: 3
		Task 67 -> Machine 3 (Station 2): 30.02
		Vehicle arrival at machine station: 93.47
		Waiting time until machine travel: 0.0

		Machine travel start time: 93.47
		Region 1 -> Region 0: 5.0
		Machine arrival at machine station: 98.47

		Machine 3 (Station 1)-> Task 41: 34.53
		Vehicle arrival at task: 133.0
		Waiting time until service start time: 0.0

	id: 41
		node: 91
		(x, y, z): (81, 36, 0)
		dem: -6
		earl: 103
		lat: 133
		servt: 10
		pid: 67
		did: 0
		servST: 133.0
		(h, h_ind): (3, 4)
		load: 0.0

	Finished service at time: 143.0

	Task 41 -> Task 136: 108.91
	Vehicle arrival at task: 251.91
	Waiting time until service start time: 16.09

	id: 136
		node: 60
		(x, y, z): (26, 130, 0)
		dem: 20
		earl: 268
		lat: 298
		servt: 10
		pid: 0
		did: 6
		servST: 268.0
		(h, h_ind): (-1, 0)
		load: 20.0

	Finished service at time: 278.0

	Using Machine: 4
		Task 136 -> Machine 4 (Station 1): 72.67
		Vehicle arrival at machine station: 350.67
		Waiting time until machine travel: 0.0

		Machine travel start time: 350.67
		Region 0 -> Region 1: 5.0
		Machine arrival at machine station: 355.67

		Machine 4 (Station 2)-> Task 6: 87.46
		Vehicle arrival at task: 443.13
		Waiting time until service start time: 0.0

	id: 6
		node: 120
		(x, y, z): (12, 138, 1)
		dem: -20
		earl: 414
		lat: 444
		servt: 10
		pid: 136
		did: 0
		servST: 443.13
		(h, h_ind): (4, 10)
		load: 0.0

	Finished service at time: 453.13

	Using Machine: 2
		Task 6 -> Machine 2 (Station 2): 88.73
		Vehicle arrival at machine station: 541.86
		Waiting time until machine travel: 0.0

		Machine travel start time: 541.86
		Region 1 -> Region 0: 5.0
		Machine arrival at machine station: 546.86

		Machine 2 (Station 1)-> Task 0: 1.0
		Vehicle arrival at task: 547.86
		Waiting time until service start time: 0.0

	id: 0
		node: 122
		(x, y, z): (70, 70, 0)
		dem: 0
		earl: 0
		lat: 634
		servt: 0
		pid: 0
		did: 0
		servST: 547.86
		(h, h_ind): (2, 8)
		load: 0.0


Vehicle 13 :
	id: 0
		node: 1
		(x, y, z): (70, 70, 0)
		dem: 0
		earl: 0
		lat: 634
		servt: 0
		pid: 0
		did: 0
		servST: 2.5600000000000023
		(h, h_ind): (-1, 0)
		load: 0.0

	Finished service at time: 2.5600000000000023

	Task 0 -> Task 73: 24.0
	Vehicle arrival at task: 26.560000000000002
	Waiting time until service start time: 0.0

	id: 73
		node: 35
		(x, y, z): (70, 94, 0)
		dem: 32
		earl: 24
		lat: 54
		servt: 10
		pid: 0
		did: 159
		servST: 26.560000000000002
		(h, h_ind): (-1, 0)
		load: 32.0

	Finished service at time: 36.56

	Using Machine: 3
		Task 73 -> Machine 3 (Station 1): 24.52
		Vehicle arrival at machine station: 61.08
		Waiting time until machine travel: 0.0

		Machine travel start time: 61.08
		Region 0 -> Region 1: 5.0
		Machine arrival at machine station: 66.08

		Machine 3 (Station 2)-> Task 2: 76.92
		Vehicle arrival at task: 143.0
		Waiting time until service start time: 0.0

	id: 2
		node: 2
		(x, y, z): (109, 139, 1)
		dem: 8
		earl: 113
		lat: 143
		servt: 10
		pid: 0
		did: 200
		servST: 143.0
		(h, h_ind): (3, 3)
		load: 40.0

	Finished service at time: 153.0

	Task 2 -> Task 69: 66.19
	Vehicle arrival at task: 219.19
	Waiting time until service start time: 29.81

	id: 69
		node: 33
		(x, y, z): (104, 73, 1)
		dem: 17
		earl: 249
		lat: 279
		servt: 10
		pid: 0
		did: 113
		servST: 249.0
		(h, h_ind): (-1, 0)
		load: 57.0

	Finished service at time: 259.0

	Task 69 -> Task 159: 84.81
	Vehicle arrival at task: 343.81
	Waiting time until service start time: 0.0

	id: 159
		node: 95
		(x, y, z): (37, 125, 1)
		dem: -32
		earl: 343
		lat: 373
		servt: 10
		pid: 73
		did: 0
		servST: 343.81
		(h, h_ind): (-1, 0)
		load: 25.0

	Finished service at time: 353.81

	Task 159 -> Task 200: 58.86
	Vehicle arrival at task: 412.67
	Waiting time until service start time: 0.0

	id: 200
		node: 62
		(x, y, z): (95, 135, 1)
		dem: -8
		earl: 401
		lat: 431
		servt: 10
		pid: 2
		did: 0
		servST: 412.67
		(h, h_ind): (-1, 0)
		load: 17.0

	Finished service at time: 422.67

	Using Machine: 3
		Task 200 -> Machine 3 (Station 2): 68.01
		Vehicle arrival at machine station: 490.68
		Waiting time until machine travel: 0.0

		Machine travel start time: 490.68
		Region 1 -> Region 0: 5.0
		Machine arrival at machine station: 495.68

		Machine 3 (Station 1)-> Task 113: 43.01
		Vehicle arrival at task: 538.69
		Waiting time until service start time: 0.0

	id: 113
		node: 93
		(x, y, z): (116, 83, 0)
		dem: -17
		earl: 0
		lat: 577
		servt: 10
		pid: 69
		did: 0
		servST: 538.69
		(h, h_ind): (3, 13)
		load: 0.0

	Finished service at time: 548.69

	Task 113 -> Task 0: 47.8
	Vehicle arrival at task: 596.49
	Waiting time until service start time: 0.0

	id: 0
		node: 122
		(x, y, z): (70, 70, 0)
		dem: 0
		earl: 0
		lat: 634
		servt: 0
		pid: 0
		did: 0
		servST: 596.49
		(h, h_ind): (-1, 0)
		load: 0.0


Vehicle 14 :
	id: 0
		node: 1
		(x, y, z): (70, 70, 0)
		dem: 0
		earl: 0
		lat: 634
		servt: 0
		pid: 0
		did: 0
		servST: 10.980000000000004
		(h, h_ind): (-1, 0)
		load: 0.0

	Finished service at time: 10.980000000000004

	Using Machine: 2
		Task 0 -> Machine 2 (Station 1): 1.0
		Vehicle arrival at machine station: 11.980000000000004
		Waiting time until machine travel: 0.0

		Machine travel start time: 11.980000000000004
		Region 0 -> Region 1: 5.0
		Machine arrival at machine station: 16.980000000000004

		Machine 2 (Station 2)-> Task 122: 74.25
		Vehicle arrival at task: 91.23
		Waiting time until service start time: 0.0

	id: 122
		node: 54
		(x, y, z): (121, 123, 1)
		dem: 9
		earl: 0
		lat: 551
		servt: 10
		pid: 0
		did: 16
		servST: 91.23
		(h, h_ind): (2, 2)
		load: 9.0

	Finished service at time: 101.23

	Using Machine: 3
		Task 122 -> Machine 3 (Station 2): 70.18
		Vehicle arrival at machine station: 171.41000000000003
		Waiting time until machine travel: 0.0

		Machine travel start time: 171.41000000000003
		Region 1 -> Region 0: 5.0
		Machine arrival at machine station: 176.41000000000003

		Machine 3 (Station 1)-> Task 16: 84.96
		Vehicle arrival at task: 261.37
		Waiting time until service start time: 0.0

	id: 16
		node: 114
		(x, y, z): (132, 133, 0)
		dem: -9
		earl: 243
		lat: 273
		servt: 10
		pid: 122
		did: 0
		servST: 261.37
		(h, h_ind): (3, 7)
		load: 0.0

	Finished service at time: 271.37

	Task 16 -> Task 0: 88.39
	Vehicle arrival at task: 359.76
	Waiting time until service start time: 0.0

	id: 0
		node: 122
		(x, y, z): (70, 70, 0)
		dem: 0
		earl: 0
		lat: 634
		servt: 0
		pid: 0
		did: 0
		servST: 359.76
		(h, h_ind): (-1, 0)
		load: 0.0


Vehicle 15 :
	id: 0
		node: 1
		(x, y, z): (70, 70, 0)
		dem: 0
		earl: 0
		lat: 634
		servt: 0
		pid: 0
		did: 0
		servST: 0.0
		(h, h_ind): (-1, 0)
		load: 0.0

	Finished service at time: 0.0

	Using Machine: 4
		Task 0 -> Machine 4 (Station 1): 3.0
		Vehicle arrival at machine station: 3.0
		Waiting time until machine travel: 0.0

		Machine travel start time: 3.0
		Region 0 -> Region 1: 5.0
		Machine arrival at machine station: 8.0

		Machine 4 (Station 2)-> Task 46: 25.94
		Vehicle arrival at task: 33.94
		Waiting time until service start time: 0.0

	id: 46
		node: 19
		(x, y, z): (44, 58, 1)
		dem: 30
		earl: 28
		lat: 58
		servt: 10
		pid: 0
		did: 167
		servST: 33.94
		(h, h_ind): (4, 1)
		load: 30.0

	Finished service at time: 43.94

	Task 46 -> Task 71: 61.29
	Vehicle arrival at task: 105.22999999999999
	Waiting time until service start time: 0.0

	id: 71
		node: 34
		(x, y, z): (15, 4, 1)
		dem: 23
		earl: 101
		lat: 131
		servt: 10
		pid: 0
		did: 179
		servST: 105.22999999999999
		(h, h_ind): (-1, 0)
		load: 53.0

	Finished service at time: 115.22999999999999

	Task 71 -> Task 49: 102.0
	Vehicle arrival at task: 217.23
	Waiting time until service start time: 0.0

	id: 49
		node: 21
		(x, y, z): (117, 4, 1)
		dem: 9
		earl: 0
		lat: 543
		servt: 10
		pid: 0
		did: 195
		servST: 217.23
		(h, h_ind): (-1, 0)
		load: 62.0

	Finished service at time: 227.23

	Task 49 -> Task 195: 12.17
	Vehicle arrival at task: 239.39999999999998
	Waiting time until service start time: 0.0

	id: 195
		node: 81
		(x, y, z): (105, 2, 1)
		dem: -9
		earl: 224
		lat: 254
		servt: 10
		pid: 49
		did: 0
		servST: 239.39999999999998
		(h, h_ind): (-1, 0)
		load: 53.0

	Finished service at time: 249.39999999999998

	Task 195 -> Task 129: 89.96
	Vehicle arrival at task: 339.35999999999996
	Waiting time until service start time: 0.0

	id: 129
		node: 56
		(x, y, z): (23, 39, 1)
		dem: 20
		earl: 0
		lat: 568
		servt: 10
		pid: 0
		did: 70
		servST: 339.35999999999996
		(h, h_ind): (-1, 0)
		load: 73.0

	Finished service at time: 349.35999999999996

	Task 129 -> Task 167: 30.53
	Vehicle arrival at task: 379.89
	Waiting time until service start time: 0.0

	id: 167
		node: 79
		(x, y, z): (39, 13, 1)
		dem: -30
		earl: 376
		lat: 406
		servt: 10
		pid: 46
		did: 0
		servST: 379.89
		(h, h_ind): (-1, 0)
		load: 43.0

	Finished service at time: 389.89

	Task 167 -> Task 179: 24.33
	Vehicle arrival at task: 414.21999999999997
	Waiting time until service start time: 0.0

	id: 179
		node: 94
		(x, y, z): (15, 9, 1)
		dem: -23
		earl: 410
		lat: 440
		servt: 10
		pid: 71
		did: 0
		servST: 414.21999999999997
		(h, h_ind): (-1, 0)
		load: 20.0

	Finished service at time: 424.21999999999997

	Task 179 -> Task 70: 35.81
	Vehicle arrival at task: 460.03
	Waiting time until service start time: 0.0

	id: 70
		node: 116
		(x, y, z): (36, 38, 1)
		dem: -20
		earl: 438
		lat: 468
		servt: 10
		pid: 129
		did: 0
		servST: 460.03
		(h, h_ind): (-1, 0)
		load: 0.0

	Finished service at time: 470.03

	Using Machine: 2
		Task 70 -> Machine 2 (Station 2): 45.97
		Vehicle arrival at machine station: 516.0
		Waiting time until machine travel: 0.0

		Machine travel start time: 516.0
		Region 1 -> Region 0: 5.0
		Machine arrival at machine station: 521.0

		Machine 2 (Station 1)-> Task 0: 1.0
		Vehicle arrival at task: 522.0
		Waiting time until service start time: 0.0

	id: 0
		node: 122
		(x, y, z): (70, 70, 0)
		dem: 0
		earl: 0
		lat: 634
		servt: 0
		pid: 0
		did: 0
		servST: 522.0
		(h, h_ind): (2, 7)
		load: 0.0


Vehicle 17 :
	id: 0
		node: 1
		(x, y, z): (70, 70, 0)
		dem: 0
		earl: 0
		lat: 634
		servt: 0
		pid: 0
		did: 0
		servST: 2.079999999999991
		(h, h_ind): (-1, 0)
		load: 0.0

	Finished service at time: 2.079999999999991

	Using Machine: 0
		Task 0 -> Machine 0 (Station 1): 1.0
		Vehicle arrival at machine station: 3.079999999999991
		Waiting time until machine travel: 0.0

		Machine travel start time: 3.079999999999991
		Region 0 -> Region 1: 5.0
		Machine arrival at machine station: 8.079999999999991

		Machine 0 (Station 2)-> Task 14: 35.85
		Vehicle arrival at task: 43.92999999999999
		Waiting time until service start time: 10.01

	id: 14
		node: 5
		(x, y, z): (102, 52, 1)
		dem: 15
		earl: 0
		lat: 588
		servt: 10
		pid: 0
		did: 117
		servST: 53.94
		(h, h_ind): (0, 1)
		load: 15.0

	Finished service at time: 63.94

	Task 14 -> Task 63: 8.06
	Vehicle arrival at task: 72.0
	Waiting time until service start time: 0.0

	id: 63
		node: 28
		(x, y, z): (103, 44, 1)
		dem: 12
		earl: 42
		lat: 72
		servt: 10
		pid: 0
		did: 3
		servST: 72.0
		(h, h_ind): (-1, 0)
		load: 27.0

	Finished service at time: 82.0

	Task 63 -> Task 3: 27.8
	Vehicle arrival at task: 109.8
	Waiting time until service start time: 4.2

	id: 3
		node: 88
		(x, y, z): (120, 22, 1)
		dem: -12
		earl: 114
		lat: 144
		servt: 10
		pid: 63
		did: 0
		servST: 114.0
		(h, h_ind): (-1, 0)
		load: 15.0

	Finished service at time: 124.0

	Task 3 -> Task 64: 25.08
	Vehicle arrival at task: 149.07999999999998
	Waiting time until service start time: 56.92

	id: 64
		node: 29
		(x, y, z): (97, 12, 1)
		dem: 10
		earl: 206
		lat: 236
		servt: 10
		pid: 0
		did: 79
		servST: 206.0
		(h, h_ind): (-1, 0)
		load: 25.0

	Finished service at time: 216.0

	Using Machine: 3
		Task 64 -> Machine 3 (Station 2): 62.03
		Vehicle arrival at machine station: 278.03
		Waiting time until machine travel: 0.0

		Machine travel start time: 278.03
		Region 1 -> Region 0: 5.0
		Machine arrival at machine station: 283.03

		Machine 3 (Station 1)-> Task 79: 45.49
		Vehicle arrival at task: 328.52
		Waiting time until service start time: 0.0

	id: 79
		node: 89
		(x, y, z): (113, 45, 0)
		dem: -10
		earl: 299
		lat: 329
		servt: 10
		pid: 64
		did: 0
		servST: 328.52
		(h, h_ind): (3, 10)
		load: 15.0

	Finished service at time: 338.52

	Task 79 -> Task 78: 65.0
	Vehicle arrival at task: 403.52
	Waiting time until service start time: 0.0

	id: 78
		node: 38
		(x, y, z): (138, 105, 0)
		dem: 24
		earl: 403
		lat: 433
		servt: 10
		pid: 0
		did: 148
		servST: 403.52
		(h, h_ind): (-1, 0)
		load: 39.0

	Finished service at time: 413.52

	Task 78 -> Task 148: 25.81
	Vehicle arrival at task: 439.33
	Waiting time until service start time: 0.0

	id: 148
		node: 98
		(x, y, z): (123, 84, 0)
		dem: -24
		earl: 416
		lat: 446
		servt: 10
		pid: 78
		did: 0
		servST: 439.33
		(h, h_ind): (-1, 0)
		load: 15.0

	Finished service at time: 449.33

	Task 148 -> Task 117: 71.34
	Vehicle arrival at task: 520.67
	Waiting time until service start time: 0.0

	id: 117
		node: 65
		(x, y, z): (116, 13, 0)
		dem: -15
		earl: 0
		lat: 551
		servt: 10
		pid: 14
		did: 0
		servST: 520.67
		(h, h_ind): (-1, 0)
		load: 0.0

	Finished service at time: 530.67

	Task 117 -> Task 0: 73.25
	Vehicle arrival at task: 603.92
	Waiting time until service start time: 0.0

	id: 0
		node: 122
		(x, y, z): (70, 70, 0)
		dem: 0
		earl: 0
		lat: 634
		servt: 0
		pid: 0
		did: 0
		servST: 603.92
		(h, h_ind): (-1, 0)
		load: 0.0


Vehicle 18 :
	id: 0
		node: 1
		(x, y, z): (70, 70, 0)
		dem: 0
		earl: 0
		lat: 634
		servt: 0
		pid: 0
		did: 0
		servST: 10.670000000000002
		(h, h_ind): (-1, 0)
		load: 0.0

	Finished service at time: 10.670000000000002

	Using Machine: 3
		Task 0 -> Machine 3 (Station 1): 5.0
		Vehicle arrival at machine station: 15.670000000000002
		Waiting time until machine travel: 0.0

		Machine travel start time: 15.670000000000002
		Region 0 -> Region 1: 5.0
		Machine arrival at machine station: 20.67

		Machine 3 (Station 2)-> Task 15: 48.08
		Vehicle arrival at task: 68.75
		Waiting time until service start time: 0.0

	id: 15
		node: 6
		(x, y, z): (41, 36, 1)
		dem: 13
		earl: 51
		lat: 81
		servt: 10
		pid: 0
		did: 29
		servST: 68.75
		(h, h_ind): (3, 1)
		load: 13.0

	Finished service at time: 78.75

	Task 15 -> Task 56: 13.93
	Vehicle arrival at task: 92.68
	Waiting time until service start time: 0.0

	id: 56
		node: 24
		(x, y, z): (54, 41, 1)
		dem: 9
		earl: 0
		lat: 591
		servt: 10
		pid: 0
		did: 7
		servST: 92.68
		(h, h_ind): (-1, 0)
		load: 22.0

	Finished service at time: 102.68

	Task 56 -> Task 130: 74.22
	Vehicle arrival at task: 176.9
	Waiting time until service start time: 0.0

	id: 130
		node: 57
		(x, y, z): (126, 23, 1)
		dem: 13
		earl: 0
		lat: 551
		servt: 10
		pid: 0
		did: 160
		servST: 176.9
		(h, h_ind): (-1, 0)
		load: 35.0

	Finished service at time: 186.9

	Task 130 -> Task 66: 19.1
	Vehicle arrival at task: 206.0
	Waiting time until service start time: 0.0

	id: 66
		node: 30
		(x, y, z): (140, 36, 1)
		dem: 1
		earl: 176
		lat: 206
		servt: 10
		pid: 0
		did: 25
		servST: 206.0
		(h, h_ind): (-1, 0)
		load: 36.0

	Finished service at time: 216.0

	Task 66 -> Task 160: 29.73
	Vehicle arrival at task: 245.73
	Waiting time until service start time: 13.27

	id: 160
		node: 117
		(x, y, z): (120, 14, 1)
		dem: -13
		earl: 259
		lat: 289
		servt: 10
		pid: 130
		did: 0
		servST: 259.0
		(h, h_ind): (-1, 0)
		load: 23.0

	Finished service at time: 269.0

	Task 160 -> Task 25: 17.03
	Vehicle arrival at task: 286.03
	Waiting time until service start time: 0.0

	id: 25
		node: 90
		(x, y, z): (107, 25, 1)
		dem: -1
		earl: 274
		lat: 304
		servt: 10
		pid: 66
		did: 0
		servST: 286.03
		(h, h_ind): (-1, 0)
		load: 22.0

	Finished service at time: 296.03

	Task 25 -> Task 7: 25.81
	Vehicle arrival at task: 321.84
	Waiting time until service start time: 0.0

	id: 7
		node: 84
		(x, y, z): (86, 40, 1)
		dem: -9
		earl: 0
		lat: 590
		servt: 10
		pid: 56
		did: 0
		servST: 321.84
		(h, h_ind): (-1, 0)
		load: 13.0

	Finished service at time: 331.84

	Task 7 -> Task 29: 72.09
	Vehicle arrival at task: 403.92999999999995
	Waiting time until service start time: 0.0

	id: 29
		node: 66
		(x, y, z): (20, 69, 1)
		dem: -13
		earl: 378
		lat: 408
		servt: 10
		pid: 15
		did: 0
		servST: 403.92999999999995
		(h, h_ind): (-1, 0)
		load: 0.0

	Finished service at time: 413.92999999999995

	Task 29 -> Task 96: 2.24
	Vehicle arrival at task: 416.16999999999996
	Waiting time until service start time: 0.0

	id: 96
		node: 47
		(x, y, z): (18, 70, 1)
		dem: 26
		earl: 391
		lat: 421
		servt: 10
		pid: 0
		did: 164
		servST: 416.16999999999996
		(h, h_ind): (-1, 0)
		load: 26.0

	Finished service at time: 426.16999999999996

	Task 96 -> Task 164: 24.08
	Vehicle arrival at task: 450.24999999999994
	Waiting time until service start time: 0.0

	id: 164
		node: 107
		(x, y, z): (36, 54, 1)
		dem: -26
		earl: 0
		lat: 587
		servt: 10
		pid: 96
		did: 0
		servST: 450.24999999999994
		(h, h_ind): (-1, 0)
		load: 0.0

	Finished service at time: 460.24999999999994

	Using Machine: 2
		Task 164 -> Machine 2 (Station 2): 36.67
		Vehicle arrival at machine station: 496.91999999999996
		Waiting time until machine travel: 0.0

		Machine travel start time: 496.91999999999996
		Region 1 -> Region 0: 5.0
		Machine arrival at machine station: 501.91999999999996

		Machine 2 (Station 1)-> Task 0: 1.0
		Vehicle arrival at task: 502.91999999999996
		Waiting time until service start time: 0.0

	id: 0
		node: 122
		(x, y, z): (70, 70, 0)
		dem: 0
		earl: 0
		lat: 634
		servt: 0
		pid: 0
		did: 0
		servST: 502.91999999999996
		(h, h_ind): (2, 6)
		load: 0.0


Vehicle 20 :
	id: 0
		node: 1
		(x, y, z): (70, 70, 0)
		dem: 0
		earl: 0
		lat: 634
		servt: 0
		pid: 0
		did: 0
		servST: 36.480000000000004
		(h, h_ind): (-1, 0)
		load: 0.0

	Finished service at time: 36.480000000000004

	Task 0 -> Task 123: 68.45
	Vehicle arrival at task: 104.93
	Waiting time until service start time: 0.0

	id: 123
		node: 55
		(x, y, z): (137, 84, 0)
		dem: 41
		earl: 104
		lat: 134
		servt: 10
		pid: 0
		did: 21
		servST: 104.93
		(h, h_ind): (-1, 0)
		load: 41.0

	Finished service at time: 114.93

	Using Machine: 3
		Task 123 -> Machine 3 (Station 1): 63.56
		Vehicle arrival at machine station: 178.49
		Waiting time until machine travel: 0.0

		Machine travel start time: 178.49
		Region 0 -> Region 1: 5.0
		Machine arrival at machine station: 183.49

		Machine 3 (Station 2)-> Task 21: 63.51
		Vehicle arrival at task: 247.0
		Waiting time until service start time: 0.0

	id: 21
		node: 115
		(x, y, z): (138, 78, 1)
		dem: -41
		earl: 217
		lat: 247
		servt: 10
		pid: 123
		did: 0
		servST: 247.0
		(h, h_ind): (3, 8)
		load: 0.0

	Finished service at time: 257.0

	Using Machine: 3
		Task 21 -> Machine 3 (Station 2): 63.51
		Vehicle arrival at machine station: 320.51
		Waiting time until machine travel: 0.67

		Machine travel start time: 321.17999999999995
		Region 1 -> Region 0: 5.0
		Machine arrival at machine station: 326.17999999999995

		Machine 3 (Station 1)-> Task 80: 50.92
		Vehicle arrival at task: 377.09999999999997
		Waiting time until service start time: 0.0

	id: 80
		node: 39
		(x, y, z): (92, 22, 0)
		dem: 18
		earl: 0
		lat: 572
		servt: 10
		pid: 0
		did: 91
		servST: 377.09999999999997
		(h, h_ind): (3, 11)
		load: 18.0

	Finished service at time: 387.09999999999997

	Using Machine: 3
		Task 80 -> Machine 3 (Station 1): 50.92
		Vehicle arrival at machine station: 438.02
		Waiting time until machine travel: 0.0

		Machine travel start time: 438.02
		Region 0 -> Region 1: 5.0
		Machine arrival at machine station: 443.02

		Machine 3 (Station 2)-> Task 91: 32.98
		Vehicle arrival at task: 476.0
		Waiting time until service start time: 0.0

	id: 91
		node: 99
		(x, y, z): (83, 38, 1)
		dem: -18
		earl: 476
		lat: 506
		servt: 10
		pid: 80
		did: 0
		servST: 476.0
		(h, h_ind): (3, 12)
		load: 0.0

	Finished service at time: 486.0

	Using Machine: 0
		Task 91 -> Machine 0 (Station 2): 34.18
		Vehicle arrival at machine station: 520.18
		Waiting time until machine travel: 0.0

		Machine travel start time: 520.18
		Region 1 -> Region 0: 5.0
		Machine arrival at machine station: 525.18

		Machine 0 (Station 1)-> Task 0: 1.0
		Vehicle arrival at task: 526.18
		Waiting time until service start time: 0.0

	id: 0
		node: 122
		(x, y, z): (70, 70, 0)
		dem: 0
		earl: 0
		lat: 634
		servt: 0
		pid: 0
		did: 0
		servST: 526.18
		(h, h_ind): (0, 8)
		load: 0.0


Vehicle 22 :
	id: 0
		node: 1
		(x, y, z): (70, 70, 0)
		dem: 0
		earl: 0
		lat: 634
		servt: 0
		pid: 0
		did: 0
		servST: 14.729999999999999
		(h, h_ind): (-1, 0)
		load: 0.0

	Finished service at time: 14.729999999999999

	Task 0 -> Task 132: 10.63
	Vehicle arrival at task: 25.36
	Waiting time until service start time: 0.0

	id: 132
		node: 58
		(x, y, z): (78, 63, 0)
		dem: 19
		earl: 10
		lat: 40
		servt: 10
		pid: 0
		did: 31
		servST: 25.36
		(h, h_ind): (-1, 0)
		load: 19.0

	Finished service at time: 35.36

	Task 132 -> Task 115: 94.64
	Vehicle arrival at task: 130.0
	Waiting time until service start time: 0.0

	id: 115
		node: 49
		(x, y, z): (137, 137, 0)
		dem: 27
		earl: 100
		lat: 130
		servt: 10
		pid: 0
		did: 170
		servST: 130.0
		(h, h_ind): (-1, 0)
		load: 46.0

	Finished service at time: 140.0

	Task 115 -> Task 31: 59.24
	Vehicle arrival at task: 199.24
	Waiting time until service start time: 67.76

	id: 31
		node: 118
		(x, y, z): (115, 82, 0)
		dem: -19
		earl: 267
		lat: 297
		servt: 10
		pid: 132
		did: 0
		servST: 267.0
		(h, h_ind): (-1, 0)
		load: 27.0

	Finished service at time: 277.0

	Task 31 -> Task 170: 46.07
	Vehicle arrival at task: 323.07
	Waiting time until service start time: 0.0

	id: 170
		node: 109
		(x, y, z): (136, 123, 0)
		dem: -27
		earl: 319
		lat: 349
		servt: 10
		pid: 115
		did: 0
		servST: 323.07
		(h, h_ind): (-1, 0)
		load: 0.0

	Finished service at time: 333.07

	Task 170 -> Task 74: 106.25
	Vehicle arrival at task: 439.32
	Waiting time until service start time: 6.68

	id: 74
		node: 36
		(x, y, z): (35, 90, 0)
		dem: 20
		earl: 446
		lat: 476
		servt: 10
		pid: 0
		did: 83
		servST: 446.0
		(h, h_ind): (-1, 0)
		load: 20.0

	Finished service at time: 456.0

	Task 74 -> Task 83: 16.12
	Vehicle arrival at task: 472.12
	Waiting time until service start time: 0.0

	id: 83
		node: 96
		(x, y, z): (51, 92, 0)
		dem: -20
		earl: 448
		lat: 478
		servt: 10
		pid: 74
		did: 0
		servST: 472.12
		(h, h_ind): (-1, 0)
		load: 0.0

	Finished service at time: 482.12

	Task 83 -> Task 0: 29.07
	Vehicle arrival at task: 511.19
	Waiting time until service start time: 0.0

	id: 0
		node: 122
		(x, y, z): (70, 70, 0)
		dem: 0
		earl: 0
		lat: 634
		servt: 0
		pid: 0
		did: 0
		servST: 511.19
		(h, h_ind): (-1, 0)
		load: 0.0


Vehicle 23 :
	id: 0
		node: 1
		(x, y, z): (70, 70, 0)
		dem: 0
		earl: 0
		lat: 634
		servt: 0
		pid: 0
		did: 0
		servST: 60.979999999999976
		(h, h_ind): (-1, 0)
		load: 0.0

	Finished service at time: 60.979999999999976

	Using Machine: 2
		Task 0 -> Machine 2 (Station 1): 1.0
		Vehicle arrival at machine station: 61.979999999999976
		Waiting time until machine travel: 0.0

		Machine travel start time: 61.979999999999976
		Region 0 -> Region 1: 5.0
		Machine arrival at machine station: 66.97999999999998

		Machine 2 (Station 2)-> Task 135: 60.02
		Vehicle arrival at task: 126.99999999999997
		Waiting time until service start time: 0.0

	id: 135
		node: 59
		(x, y, z): (58, 11, 1)
		dem: 9
		earl: 127
		lat: 157
		servt: 10
		pid: 0
		did: 109
		servST: 126.99999999999999
		(h, h_ind): (2, 3)
		load: 9.0

	Finished service at time: 137.0

	Using Machine: 0
		Task 135 -> Machine 0 (Station 2): 60.42
		Vehicle arrival at machine station: 197.42000000000002
		Waiting time until machine travel: -0.0

		Machine travel start time: 197.42
		Region 1 -> Region 0: 5.0
		Machine arrival at machine station: 202.42

		Machine 0 (Station 1)-> Task 109: 59.23
		Vehicle arrival at task: 261.65
		Waiting time until service start time: 0.0

	id: 109
		node: 119
		(x, y, z): (83, 12, 0)
		dem: -9
		earl: 232
		lat: 262
		servt: 10
		pid: 135
		did: 0
		servST: 261.65
		(h, h_ind): (0, 4)
		load: 0.0

	Finished service at time: 271.65

	Task 109 -> Task 0: 59.44
	Vehicle arrival at task: 331.09
	Waiting time until service start time: 0.0

	id: 0
		node: 122
		(x, y, z): (70, 70, 0)
		dem: 0
		earl: 0
		lat: 634
		servt: 0
		pid: 0
		did: 0
		servST: 331.09
		(h, h_ind): (-1, 0)
		load: 0.0


Vehicle 26 :
	id: 0
		node: 1
		(x, y, z): (70, 70, 0)
		dem: 0
		earl: 0
		lat: 634
		servt: 0
		pid: 0
		did: 0
		servST: 35.51
		(h, h_ind): (-1, 0)
		load: 0.0

	Finished service at time: 35.51

	Using Machine: 0
		Task 0 -> Machine 0 (Station 1): 1.0
		Vehicle arrival at machine station: 36.51
		Waiting time until machine travel: 0.0

		Machine travel start time: 36.51
		Region 0 -> Region 1: 5.0
		Machine arrival at machine station: 41.51

		Machine 0 (Station 2)-> Task 36: 54.49
		Vehicle arrival at task: 96.0
		Waiting time until service start time: 0.0

	id: 36
		node: 15
		(x, y, z): (108, 30, 1)
		dem: 18
		earl: 96
		lat: 126
		servt: 10
		pid: 0
		did: 5
		servST: 96.0
		(h, h_ind): (0, 3)
		load: 18.0

	Finished service at time: 106.0

	Using Machine: 3
		Task 36 -> Machine 3 (Station 2): 51.86
		Vehicle arrival at machine station: 157.86
		Waiting time until machine travel: 0.0

		Machine travel start time: 157.86
		Region 1 -> Region 0: 5.0
		Machine arrival at machine station: 162.86

		Machine 3 (Station 1)-> Task 5: 63.13
		Vehicle arrival at task: 225.99
		Waiting time until service start time: 0.0

	id: 5
		node: 75
		(x, y, z): (116, 22, 0)
		dem: -18
		earl: 196
		lat: 226
		servt: 10
		pid: 36
		did: 0
		servST: 225.99
		(h, h_ind): (3, 6)
		load: 0.0

	Finished service at time: 235.99

	Task 5 -> Task 0: 66.48
	Vehicle arrival at task: 302.47
	Waiting time until service start time: 0.0

	id: 0
		node: 122
		(x, y, z): (70, 70, 0)
		dem: 0
		earl: 0
		lat: 634
		servt: 0
		pid: 0
		did: 0
		servST: 302.47
		(h, h_ind): (-1, 0)
		load: 0.0


Vehicle 33 :
	id: 0
		node: 1
		(x, y, z): (70, 70, 0)
		dem: 0
		earl: 0
		lat: 634
		servt: 0
		pid: 0
		did: 0
		servST: 10.759999999999991
		(h, h_ind): (-1, 0)
		load: 0.0

	Finished service at time: 10.759999999999991

	Task 0 -> Task 85: 62.03
	Vehicle arrival at task: 72.78999999999999
	Waiting time until service start time: 0.0

	id: 85
		node: 40
		(x, y, z): (12, 48, 0)
		dem: 4
		earl: 62
		lat: 92
		servt: 10
		pid: 0
		did: 47
		servST: 72.78999999999999
		(h, h_ind): (-1, 0)
		load: 4.0

	Finished service at time: 82.78999999999999

	Using Machine: 4
		Task 85 -> Machine 4 (Station 1): 59.24
		Vehicle arrival at machine station: 142.03
		Waiting time until machine travel: 0.0

		Machine travel start time: 142.03
		Region 0 -> Region 1: 5.0
		Machine arrival at machine station: 147.03

		Machine 4 (Station 2)-> Task 34: 59.14
		Vehicle arrival at task: 206.17000000000002
		Waiting time until service start time: 0.0

	id: 34
		node: 13
		(x, y, z): (63, 129, 1)
		dem: 7
		earl: 206
		lat: 236
		servt: 10
		pid: 0
		did: 98
		servST: 206.17000000000002
		(h, h_ind): (4, 4)
		load: 11.0

	Finished service at time: 216.17000000000002

	Using Machine: 4
		Task 34 -> Machine 4 (Station 2): 59.14
		Vehicle arrival at machine station: 275.31
		Waiting time until machine travel: 0.0

		Machine travel start time: 275.31
		Region 1 -> Region 0: 5.0
		Machine arrival at machine station: 280.31

		Machine 4 (Station 1)-> Task 98: 72.28
		Vehicle arrival at task: 352.59000000000003
		Waiting time until service start time: 0.0

	id: 98
		node: 73
		(x, y, z): (49, 140, 0)
		dem: -7
		earl: 323
		lat: 353
		servt: 10
		pid: 34
		did: 0
		servST: 352.59000000000003
		(h, h_ind): (4, 9)
		load: 4.0

	Finished service at time: 362.59000000000003

	Task 98 -> Task 47: 67.01
	Vehicle arrival at task: 429.6
	Waiting time until service start time: 0.0

	id: 47
		node: 100
		(x, y, z): (8, 87, 0)
		dem: -4
		earl: 401
		lat: 431
		servt: 10
		pid: 85
		did: 0
		servST: 429.6
		(h, h_ind): (-1, 0)
		load: 0.0

	Finished service at time: 439.6

	Task 47 -> Task 0: 64.29
	Vehicle arrival at task: 503.89000000000004
	Waiting time until service start time: 0.0

	id: 0
		node: 122
		(x, y, z): (70, 70, 0)
		dem: 0
		earl: 0
		lat: 634
		servt: 0
		pid: 0
		did: 0
		servST: 503.89000000000004
		(h, h_ind): (-1, 0)
		load: 0.0


Vehicle 36 :
	id: 0
		node: 1
		(x, y, z): (70, 70, 0)
		dem: 0
		earl: 0
		lat: 634
		servt: 0
		pid: 0
		did: 0
		servST: 29.71
		(h, h_ind): (-1, 0)
		load: 0.0

	Finished service at time: 29.71

	Task 0 -> Task 30: 62.29
	Vehicle arrival at task: 92.0
	Waiting time until service start time: 0.0

	id: 30
		node: 11
		(x, y, z): (64, 132, 0)
		dem: 8
		earl: 62
		lat: 92
		servt: 10
		pid: 0
		did: 62
		servST: 92.0
		(h, h_ind): (-1, 0)
		load: 8.0

	Finished service at time: 102.0

	Task 30 -> Task 38: 24.41
	Vehicle arrival at task: 126.41
	Waiting time until service start time: 105.59

	id: 38
		node: 16
		(x, y, z): (50, 112, 0)
		dem: 18
		earl: 232
		lat: 262
		servt: 10
		pid: 0
		did: 99
		servST: 232.0
		(h, h_ind): (-1, 0)
		load: 26.0

	Finished service at time: 242.0

	Task 38 -> Task 62: 15.81
	Vehicle arrival at task: 257.81
	Waiting time until service start time: 0.19

	id: 62
		node: 71
		(x, y, z): (55, 127, 0)
		dem: -8
		earl: 258
		lat: 288
		servt: 10
		pid: 30
		did: 0
		servST: 258.0
		(h, h_ind): (-1, 0)
		load: 18.0

	Finished service at time: 268.0

	Task 62 -> Task 99: 18.44
	Vehicle arrival at task: 286.44
	Waiting time until service start time: 0.0

	id: 99
		node: 76
		(x, y, z): (69, 115, 0)
		dem: -18
		earl: 0
		lat: 579
		servt: 10
		pid: 38
		did: 0
		servST: 286.44
		(h, h_ind): (-1, 0)
		load: 0.0

	Finished service at time: 296.44

	Task 99 -> Task 0: 45.01
	Vehicle arrival at task: 341.45
	Waiting time until service start time: 0.0

	id: 0
		node: 122
		(x, y, z): (70, 70, 0)
		dem: 0
		earl: 0
		lat: 634
		servt: 0
		pid: 0
		did: 0
		servST: 341.45
		(h, h_ind): (-1, 0)
		load: 0.0


Vehicle 39 :
	id: 0
		node: 1
		(x, y, z): (70, 70, 0)
		dem: 0
		earl: 0
		lat: 634
		servt: 0
		pid: 0
		did: 0
		servST: 23.34
		(h, h_ind): (-1, 0)
		load: 0.0

	Finished service at time: 23.34

	Using Machine: 1
		Task 0 -> Machine 1 (Station 1): 3.0
		Vehicle arrival at machine station: 26.34
		Waiting time until machine travel: 0.0

		Machine travel start time: 26.34
		Region 0 -> Region 1: 5.0
		Machine arrival at machine station: 31.34

		Machine 1 (Station 2)-> Task 87: 11.66
		Vehicle arrival at task: 43.0
		Waiting time until service start time: 0.0

	id: 87
		node: 41
		(x, y, z): (79, 80, 1)
		dem: 4
		earl: 13
		lat: 43
		servt: 10
		pid: 0
		did: 105
		servST: 43.0
		(h, h_ind): (1, 2)
		load: 4.0

	Finished service at time: 53.0

	Task 87 -> Task 32: 36.07
	Vehicle arrival at task: 89.07
	Waiting time until service start time: 0.49

	id: 32
		node: 12
		(x, y, z): (54, 106, 1)
		dem: 9
		earl: 0
		lat: 585
		servt: 10
		pid: 0
		did: 45
		servST: 89.56
		(h, h_ind): (-1, 0)
		load: 13.0

	Finished service at time: 99.56

	Task 32 -> Task 94: 61.03
	Vehicle arrival at task: 160.59
	Waiting time until service start time: 0.0

	id: 94
		node: 45
		(x, y, z): (4, 71, 1)
		dem: 19
		earl: 160
		lat: 190
		servt: 10
		pid: 0
		did: 19
		servST: 160.59
		(h, h_ind): (-1, 0)
		load: 32.0

	Finished service at time: 170.59

	Using Machine: 4
		Task 94 -> Machine 4 (Station 2): 63.01
		Vehicle arrival at machine station: 233.6
		Waiting time until machine travel: 0.0

		Machine travel start time: 233.6
		Region 1 -> Region 0: 5.0
		Machine arrival at machine station: 238.6

		Machine 4 (Station 1)-> Task 19: 56.4
		Vehicle arrival at task: 295.0
		Waiting time until service start time: 0.0

	id: 19
		node: 105
		(x, y, z): (22, 104, 0)
		dem: -19
		earl: 265
		lat: 295
		servt: 10
		pid: 94
		did: 0
		servST: 295.0
		(h, h_ind): (4, 8)
		load: 13.0

	Finished service at time: 305.0

	Task 19 -> Task 105: 52.39
	Vehicle arrival at task: 357.39
	Waiting time until service start time: 127.61

	id: 105
		node: 101
		(x, y, z): (70, 83, 0)
		dem: -4
		earl: 485
		lat: 515
		servt: 10
		pid: 87
		did: 0
		servST: 485.0
		(h, h_ind): (-1, 0)
		load: 9.0

	Finished service at time: 495.0

	Task 105 -> Task 45: 10.05
	Vehicle arrival at task: 505.05
	Waiting time until service start time: 0.0

	id: 45
		node: 72
		(x, y, z): (60, 84, 0)
		dem: -9
		earl: 482
		lat: 512
		servt: 10
		pid: 32
		did: 0
		servST: 505.05
		(h, h_ind): (-1, 0)
		load: 0.0

	Finished service at time: 515.05

	Task 45 -> Task 0: 17.2
	Vehicle arrival at task: 532.25
	Waiting time until service start time: 0.0

	id: 0
		node: 122
		(x, y, z): (70, 70, 0)
		dem: 0
		earl: 0
		lat: 634
		servt: 0
		pid: 0
		did: 0
		servST: 532.25
		(h, h_ind): (-1, 0)
		load: 0.0


Vehicle 44 :
	id: 0
		node: 1
		(x, y, z): (70, 70, 0)
		dem: 0
		earl: 0
		lat: 634
		servt: 0
		pid: 0
		did: 0
		servST: 12.079999999999991
		(h, h_ind): (-1, 0)
		load: 0.0

	Finished service at time: 12.079999999999991

	Using Machine: 0
		Task 0 -> Machine 0 (Station 1): 1.0
		Vehicle arrival at machine station: 13.079999999999991
		Waiting time until machine travel: 0.0

		Machine travel start time: 13.079999999999991
		Region 0 -> Region 1: 5.0
		Machine arrival at machine station: 18.07999999999999

		Machine 0 (Station 2)-> Task 18: 36.67
		Vehicle arrival at task: 54.74999999999999
		Waiting time until service start time: 0.0

	id: 18
		node: 7
		(x, y, z): (104, 54, 1)
		dem: 13
		earl: 53
		lat: 83
		servt: 10
		pid: 0
		did: 158
		servST: 54.74999999999999
		(h, h_ind): (0, 2)
		load: 13.0

	Finished service at time: 64.75

	Task 18 -> Task 158: 17.46
	Vehicle arrival at task: 82.21000000000001
	Waiting time until service start time: -0.0

	id: 158
		node: 67
		(x, y, z): (120, 47, 1)
		dem: -13
		earl: 55
		lat: 85
		servt: 10
		pid: 18
		did: 0
		servST: 82.21
		(h, h_ind): (-1, 0)
		load: 0.0

	Finished service at time: 92.21

	Task 158 -> Task 48: 58.14
	Vehicle arrival at task: 150.35
	Waiting time until service start time: 0.0

	id: 48
		node: 20
		(x, y, z): (116, 105, 1)
		dem: 23
		earl: 144
		lat: 174
		servt: 10
		pid: 0
		did: 103
		servST: 150.35
		(h, h_ind): (-1, 0)
		load: 23.0

	Finished service at time: 160.35

	Task 48 -> Task 8: 19.65
	Vehicle arrival at task: 180.0
	Waiting time until service start time: 0.0

	id: 8
		node: 4
		(x, y, z): (121, 124, 1)
		dem: 21
		earl: 150
		lat: 180
		servt: 10
		pid: 0
		did: 181
		servST: 180.0
		(h, h_ind): (-1, 0)
		load: 44.0

	Finished service at time: 190.0

	Using Machine: 3
		Task 8 -> Machine 3 (Station 2): 70.94
		Vehicle arrival at machine station: 260.94
		Waiting time until machine travel: 0.0

		Machine travel start time: 260.94
		Region 1 -> Region 0: 5.0
		Machine arrival at machine station: 265.94

		Machine 3 (Station 1)-> Task 181: 38.29
		Vehicle arrival at task: 304.23
		Waiting time until service start time: 12.3

	id: 181
		node: 64
		(x, y, z): (100, 99, 0)
		dem: -21
		earl: 299
		lat: 329
		servt: 10
		pid: 8
		did: 0
		servST: 316.53000000000003
		(h, h_ind): (3, 9)
		load: 23.0

	Finished service at time: 326.53000000000003

	Task 181 -> Task 103: 17.26
	Vehicle arrival at task: 343.79
	Waiting time until service start time: 0.0

	id: 103
		node: 80
		(x, y, z): (103, 82, 0)
		dem: -23
		earl: 326
		lat: 356
		servt: 10
		pid: 48
		did: 0
		servST: 343.79
		(h, h_ind): (-1, 0)
		load: 0.0

	Finished service at time: 353.79

	Task 103 -> Task 43: 96.21
	Vehicle arrival at task: 450.0
	Waiting time until service start time: 0.0

	id: 43
		node: 17
		(x, y, z): (13, 48, 0)
		dem: 15
		earl: 420
		lat: 450
		servt: 10
		pid: 0
		did: 110
		servST: 450.0
		(h, h_ind): (-1, 0)
		load: 15.0

	Finished service at time: 460.0

	Task 43 -> Task 110: 31.89
	Vehicle arrival at task: 491.89
	Waiting time until service start time: 57.11

	id: 110
		node: 77
		(x, y, z): (34, 72, 0)
		dem: -15
		earl: 549
		lat: 579
		servt: 10
		pid: 43
		did: 0
		servST: 549.0
		(h, h_ind): (-1, 0)
		load: 0.0

	Finished service at time: 559.0

	Task 110 -> Task 0: 36.06
	Vehicle arrival at task: 595.06
	Waiting time until service start time: 0.0

	id: 0
		node: 122
		(x, y, z): (70, 70, 0)
		dem: 0
		earl: 0
		lat: 634
		servt: 0
		pid: 0
		did: 0
		servST: 595.06
		(h, h_ind): (-1, 0)
		load: 0.0


Vehicle 47 :
	id: 0
		node: 1
		(x, y, z): (70, 70, 0)
		dem: 0
		earl: 0
		lat: 634
		servt: 0
		pid: 0
		did: 0
		servST: 22.910000000000004
		(h, h_ind): (-1, 0)
		load: 0.0

	Finished service at time: 22.910000000000004

	Task 0 -> Task 120: 50.99
	Vehicle arrival at task: 73.9
	Waiting time until service start time: 0.0

	id: 120
		node: 52
		(x, y, z): (120, 60, 0)
		dem: 18
		earl: 54
		lat: 84
		servt: 10
		pid: 0
		did: 51
		servST: 73.9
		(h, h_ind): (-1, 0)
		load: 18.0

	Finished service at time: 83.9

	Task 120 -> Task 51: 20.62
	Vehicle arrival at task: 104.52000000000001
	Waiting time until service start time: 0.0

	id: 51
		node: 112
		(x, y, z): (139, 68, 0)
		dem: -18
		earl: 78
		lat: 108
		servt: 10
		pid: 120
		did: 0
		servST: 104.52000000000001
		(h, h_ind): (-1, 0)
		load: 0.0

	Finished service at time: 114.52000000000001

	Task 51 -> Task 68: 44.41
	Vehicle arrival at task: 158.93
	Waiting time until service start time: 0.0

	id: 68
		node: 32
		(x, y, z): (113, 32, 0)
		dem: 36
		earl: 144
		lat: 174
		servt: 10
		pid: 0
		did: 197
		servST: 158.93
		(h, h_ind): (-1, 0)
		load: 36.0

	Finished service at time: 168.93

	Using Machine: 4
		Task 68 -> Machine 4 (Station 1): 59.67
		Vehicle arrival at machine station: 228.60000000000002
		Waiting time until machine travel: -0.0

		Machine travel start time: 228.6
		Region 0 -> Region 1: 5.0
		Machine arrival at machine station: 233.6

		Machine 4 (Station 2)-> Task 23: 59.64
		Vehicle arrival at task: 293.24
		Waiting time until service start time: 43.76

	id: 23
		node: 9
		(x, y, z): (18, 104, 1)
		dem: 18
		earl: 337
		lat: 367
		servt: 10
		pid: 0
		did: 174
		servST: 337.0
		(h, h_ind): (4, 7)
		load: 54.0

	Finished service at time: 347.0

	Using Machine: 4
		Task 23 -> Machine 4 (Station 2): 59.64
		Vehicle arrival at machine station: 406.64
		Waiting time until machine travel: 0.0

		Machine travel start time: 406.64000000000004
		Region 1 -> Region 0: 5.0
		Machine arrival at machine station: 411.64000000000004

		Machine 4 (Station 1)-> Task 174: 31.32
		Vehicle arrival at task: 442.96000000000004
		Waiting time until service start time: 0.0

	id: 174
		node: 69
		(x, y, z): (37, 79, 0)
		dem: -18
		earl: 428
		lat: 458
		servt: 10
		pid: 23
		did: 0
		servST: 442.96000000000004
		(h, h_ind): (4, 12)
		load: 36.0

	Finished service at time: 452.96000000000004

	Task 174 -> Task 197: 58.82
	Vehicle arrival at task: 511.78000000000003
	Waiting time until service start time: 9.22

	id: 197
		node: 92
		(x, y, z): (93, 61, 0)
		dem: -36
		earl: 521
		lat: 551
		servt: 10
		pid: 68
		did: 0
		servST: 521.0
		(h, h_ind): (-1, 0)
		load: 0.0

	Finished service at time: 531.0

	Task 197 -> Task 0: 24.7
	Vehicle arrival at task: 555.7
	Waiting time until service start time: 0.0

	id: 0
		node: 122
		(x, y, z): (70, 70, 0)
		dem: 0
		earl: 0
		lat: 634
		servt: 0
		pid: 0
		did: 0
		servST: 555.7
		(h, h_ind): (-1, 0)
		load: 0.0


Vehicle 48 :
	id: 0
		node: 1
		(x, y, z): (70, 70, 0)
		dem: 0
		earl: 0
		lat: 634
		servt: 0
		pid: 0
		did: 0
		servST: 0.980000000000004
		(h, h_ind): (-1, 0)
		load: 0.0

	Finished service at time: 0.980000000000004

	Using Machine: 2
		Task 0 -> Machine 2 (Station 1): 1.0
		Vehicle arrival at machine station: 1.980000000000004
		Waiting time until machine travel: 0.0

		Machine travel start time: 1.980000000000004
		Region 0 -> Region 1: 5.0
		Machine arrival at machine station: 6.980000000000004

		Machine 2 (Station 2)-> Task 4: 31.14
		Vehicle arrival at task: 38.120000000000005
		Waiting time until service start time: 0.0

	id: 4
		node: 3
		(x, y, z): (48, 47, 1)
		dem: 19
		earl: 31
		lat: 61
		servt: 10
		pid: 0
		did: 188
		servST: 38.120000000000005
		(h, h_ind): (2, 1)
		load: 19.0

	Finished service at time: 48.120000000000005

	Using Machine: 4
		Task 4 -> Machine 4 (Station 2): 29.83
		Vehicle arrival at machine station: 77.95
		Waiting time until machine travel: 0.0

		Machine travel start time: 77.95
		Region 1 -> Region 0: 5.0
		Machine arrival at machine station: 82.95

		Machine 4 (Station 1)-> Task 188: 41.05
		Vehicle arrival at task: 124.0
		Waiting time until service start time: 0.0

	id: 188
		node: 63
		(x, y, z): (44, 36, 0)
		dem: -19
		earl: 94
		lat: 124
		servt: 10
		pid: 4
		did: 0
		servST: 124.0
		(h, h_ind): (4, 3)
		load: 0.0

	Finished service at time: 134.0

	Task 188 -> Task 58: 74.09
	Vehicle arrival at task: 208.09
	Waiting time until service start time: 0.0

	id: 58
		node: 26
		(x, y, z): (5, 99, 0)
		dem: 24
		earl: 0
		lat: 553
		servt: 10
		pid: 0
		did: 114
		servST: 208.09
		(h, h_ind): (-1, 0)
		load: 24.0

	Finished service at time: 218.09

	Task 58 -> Task 114: 24.52
	Vehicle arrival at task: 242.61
	Waiting time until service start time: 0.0

	id: 114
		node: 86
		(x, y, z): (29, 94, 0)
		dem: -24
		earl: 0
		lat: 577
		servt: 10
		pid: 58
		did: 0
		servST: 242.61
		(h, h_ind): (-1, 0)
		load: 0.0

	Finished service at time: 252.61

	Task 114 -> Task 118: 36.62
	Vehicle arrival at task: 289.23
	Waiting time until service start time: 25.02

	id: 118
		node: 51
		(x, y, z): (59, 115, 0)
		dem: 26
		earl: 314
		lat: 344
		servt: 10
		pid: 0
		did: 88
		servST: 314.25
		(h, h_ind): (-1, 0)
		load: 26.0

	Finished service at time: 324.25

	Using Machine: 4
		Task 118 -> Machine 4 (Station 1): 45.71
		Vehicle arrival at machine station: 369.96
		Waiting time until machine travel: 0.0

		Machine travel start time: 369.96
		Region 0 -> Region 1: 5.0
		Machine arrival at machine station: 374.96

		Machine 4 (Station 2)-> Task 88: 46.04
		Vehicle arrival at task: 421.0
		Waiting time until service start time: 0.0

	id: 88
		node: 111
		(x, y, z): (69, 116, 1)
		dem: -26
		earl: 391
		lat: 421
		servt: 10
		pid: 118
		did: 0
		servST: 421.0
		(h, h_ind): (4, 11)
		load: 0.0

	Finished service at time: 431.0

	Task 88 -> Task 77: 59.21
	Vehicle arrival at task: 490.21
	Waiting time until service start time: 2.79

	id: 77
		node: 37
		(x, y, z): (10, 111, 1)
		dem: 21
		earl: 493
		lat: 523
		servt: 10
		pid: 0
		did: 127
		servST: 493.0
		(h, h_ind): (-1, 0)
		load: 21.0

	Finished service at time: 503.0

	Task 77 -> Task 127: 9.43
	Vehicle arrival at task: 512.43
	Waiting time until service start time: 0.0

	id: 127
		node: 97
		(x, y, z): (2, 106, 1)
		dem: -21
		earl: 0
		lat: 548
		servt: 10
		pid: 77
		did: 0
		servST: 512.43
		(h, h_ind): (-1, 0)
		load: 0.0

	Finished service at time: 522.43

	Using Machine: 2
		Task 127 -> Machine 2 (Station 2): 76.06
		Vehicle arrival at machine station: 598.49
		Waiting time until machine travel: 0.0

		Machine travel start time: 598.49
		Region 1 -> Region 0: 5.0
		Machine arrival at machine station: 603.49

		Machine 2 (Station 1)-> Task 0: 1.0
		Vehicle arrival at task: 604.49
		Waiting time until service start time: 0.0

	id: 0
		node: 122
		(x, y, z): (70, 70, 0)
		dem: 0
		earl: 0
		lat: 634
		servt: 0
		pid: 0
		did: 0
		servST: 604.49
		(h, h_ind): (2, 9)
		load: 0.0


Vehicle 50 :
	id: 0
		node: 1
		(x, y, z): (70, 70, 0)
		dem: 0
		earl: 0
		lat: 634
		servt: 0
		pid: 0
		did: 0
		servST: 0.0
		(h, h_ind): (-1, 0)
		load: 0.0

	Finished service at time: 0.0

	Task 0 -> Task 44: 55.44
	Vehicle arrival at task: 55.44
	Waiting time until service start time: 0.0

	id: 44
		node: 18
		(x, y, z): (113, 35, 0)
		dem: 9
		earl: 55
		lat: 85
		servt: 10
		pid: 0
		did: 86
		servST: 55.44
		(h, h_ind): (-1, 0)
		load: 9.0

	Finished service at time: 65.44

	Using Machine: 3
		Task 44 -> Machine 3 (Station 1): 51.66
		Vehicle arrival at machine station: 117.1
		Waiting time until machine travel: 0.0

		Machine travel start time: 117.1
		Region 0 -> Region 1: 5.0
		Machine arrival at machine station: 122.1

		Machine 3 (Station 2)-> Task 86: 88.39
		Vehicle arrival at task: 210.49
		Waiting time until service start time: 0.0

	id: 86
		node: 78
		(x, y, z): (137, 7, 1)
		dem: -9
		earl: 181
		lat: 211
		servt: 10
		pid: 44
		did: 0
		servST: 210.49
		(h, h_ind): (3, 5)
		load: 0.0

	Finished service at time: 220.49

	Task 86 -> Task 50: 35.13
	Vehicle arrival at task: 255.62
	Waiting time until service start time: 0.0

	id: 50
		node: 22
		(x, y, z): (140, 42, 1)
		dem: 13
		earl: 0
		lat: 549
		servt: 10
		pid: 0
		did: 11
		servST: 255.62
		(h, h_ind): (-1, 0)
		load: 13.0

	Finished service at time: 265.62

	Task 50 -> Task 11: 21.1
	Vehicle arrival at task: 286.72
	Waiting time until service start time: 0.0

	id: 11
		node: 82
		(x, y, z): (129, 24, 1)
		dem: -13
		earl: 0
		lat: 550
		servt: 10
		pid: 50
		did: 0
		servST: 286.72
		(h, h_ind): (-1, 0)
		load: 0.0

	Finished service at time: 296.72

	Task 11 -> Task 116: 19.42
	Vehicle arrival at task: 316.14000000000004
	Waiting time until service start time: 0.0

	id: 116
		node: 50
		(x, y, z): (110, 28, 1)
		dem: 20
		earl: 305
		lat: 335
		servt: 10
		pid: 0
		did: 9
		servST: 316.14000000000004
		(h, h_ind): (-1, 0)
		load: 20.0

	Finished service at time: 326.14000000000004

	Task 116 -> Task 9: 56.94
	Vehicle arrival at task: 383.08000000000004
	Waiting time until service start time: 0.0

	id: 9
		node: 110
		(x, y, z): (61, 57, 1)
		dem: -20
		earl: 375
		lat: 405
		servt: 10
		pid: 116
		did: 0
		servST: 383.08000000000004
		(h, h_ind): (-1, 0)
		load: 0.0

	Finished service at time: 393.08000000000004

	Using Machine: 2
		Task 9 -> Machine 2 (Station 2): 15.26
		Vehicle arrival at machine station: 408.34000000000003
		Waiting time until machine travel: 0.0

		Machine travel start time: 408.34000000000003
		Region 1 -> Region 0: 5.0
		Machine arrival at machine station: 413.34000000000003

		Machine 2 (Station 1)-> Task 0: 1.0
		Vehicle arrival at task: 414.34000000000003
		Waiting time until service start time: 0.0

	id: 0
		node: 122
		(x, y, z): (70, 70, 0)
		dem: 0
		earl: 0
		lat: 634
		servt: 0
		pid: 0
		did: 0
		servST: 414.34000000000003
		(h, h_ind): (2, 4)
		load: 0.0


Vehicle 54 :
	id: 0
		node: 1
		(x, y, z): (70, 70, 0)
		dem: 0
		earl: 0
		lat: 634
		servt: 0
		pid: 0
		did: 0
		servST: 42.93000000000001
		(h, h_ind): (-1, 0)
		load: 0.0

	Finished service at time: 42.93000000000001

	Using Machine: 3
		Task 0 -> Machine 3 (Station 1): 5.0
		Vehicle arrival at machine station: 47.93000000000001
		Waiting time until machine travel: 0.0

		Machine travel start time: 47.93000000000001
		Region 0 -> Region 1: 5.0
		Machine arrival at machine station: 52.93000000000001

		Machine 3 (Station 2)-> Task 26: 64.07
		Vehicle arrival at task: 117.0
		Waiting time until service start time: 0.0

	id: 26
		node: 10
		(x, y, z): (139, 73, 1)
		dem: 10
		earl: 87
		lat: 117
		servt: 10
		pid: 0
		did: 126
		servST: 117.0
		(h, h_ind): (3, 2)
		load: 10.0

	Finished service at time: 127.0

	Task 26 -> Task 126: 1.0
	Vehicle arrival at task: 128.0
	Waiting time until service start time: 209.0

	id: 126
		node: 70
		(x, y, z): (139, 72, 1)
		dem: -10
		earl: 337
		lat: 367
		servt: 10
		pid: 26
		did: 0
		servST: 337.0
		(h, h_ind): (-1, 0)
		load: 0.0

	Finished service at time: 347.0

	Using Machine: 0
		Task 126 -> Machine 0 (Station 2): 68.03
		Vehicle arrival at machine station: 415.03
		Waiting time until machine travel: 0.0

		Machine travel start time: 415.03
		Region 1 -> Region 0: 5.0
		Machine arrival at machine station: 420.03

		Machine 0 (Station 1)-> Task 0: 1.0
		Vehicle arrival at task: 421.03
		Waiting time until service start time: 0.0

	id: 0
		node: 122
		(x, y, z): (70, 70, 0)
		dem: 0
		earl: 0
		lat: 634
		servt: 0
		pid: 0
		did: 0
		servST: 421.03
		(h, h_ind): (0, 6)
		load: 0.0


Vehicle 55 :
	id: 0
		node: 1
		(x, y, z): (70, 70, 0)
		dem: 0
		earl: 0
		lat: 634
		servt: 0
		pid: 0
		did: 0
		servST: 69.95
		(h, h_ind): (-1, 0)
		load: 0.0

	Finished service at time: 69.95

	Using Machine: 4
		Task 0 -> Machine 4 (Station 1): 3.0
		Vehicle arrival at machine station: 72.95
		Waiting time until machine travel: 0.0

		Machine travel start time: 72.95
		Region 0 -> Region 1: 5.0
		Machine arrival at machine station: 77.95

		Machine 4 (Station 2)-> Task 35: 33.54
		Vehicle arrival at task: 111.49000000000001
		Waiting time until service start time: 22.51

	id: 35
		node: 14
		(x, y, z): (82, 100, 1)
		dem: 18
		earl: 104
		lat: 134
		servt: 10
		pid: 0
		did: 76
		servST: 134.0
		(h, h_ind): (4, 2)
		load: 18.0

	Finished service at time: 144.0

	Task 35 -> Task 76: 41.11
	Vehicle arrival at task: 185.11
	Waiting time until service start time: 40.89

	id: 76
		node: 74
		(x, y, z): (109, 131, 1)
		dem: -18
		earl: 226
		lat: 256
		servt: 10
		pid: 35
		did: 0
		servST: 226.0
		(h, h_ind): (-1, 0)
		load: 0.0

	Finished service at time: 236.0

	Using Machine: 0
		Task 76 -> Machine 0 (Station 2): 71.87
		Vehicle arrival at machine station: 307.87
		Waiting time until machine travel: 0.0

		Machine travel start time: 307.87
		Region 1 -> Region 0: 5.0
		Machine arrival at machine station: 312.87

		Machine 0 (Station 1)-> Task 0: 1.0
		Vehicle arrival at task: 313.87
		Waiting time until service start time: 0.0

	id: 0
		node: 122
		(x, y, z): (70, 70, 0)
		dem: 0
		earl: 0
		lat: 634
		servt: 0
		pid: 0
		did: 0
		servST: 313.87
		(h, h_ind): (0, 5)
		load: 0.0


---------------------| MACHINES |---------------------

Machine 0 :
	setup duration: 0.0

	vehicle: 17
	vehicleInd: 2
	(orig, dest): (0, 14)
	(origRegion, destRegion): (0, 1)
	st: 3.079999999999991
	duration: 5.0

	setup duration: 5.0

	vehicle: 44
	vehicleInd: 2
	(orig, dest): (0, 18)
	(origRegion, destRegion): (0, 1)
	st: 13.079999999999991
	duration: 5.0

	setup duration: 5.0

	vehicle: 26
	vehicleInd: 2
	(orig, dest): (0, 36)
	(origRegion, destRegion): (0, 1)
	st: 36.51
	duration: 5.0

	setup duration: 0.0

	vehicle: 23
	vehicleInd: 3
	(orig, dest): (135, 109)
	(origRegion, destRegion): (1, 0)
	st: 197.42
	duration: 5.0

	setup duration: 5.0

	vehicle: 55
	vehicleInd: 4
	(orig, dest): (76, 0)
	(origRegion, destRegion): (1, 0)
	st: 307.87
	duration: 5.0

	setup duration: 5.0

	vehicle: 54
	vehicleInd: 4
	(orig, dest): (126, 0)
	(origRegion, destRegion): (1, 0)
	st: 415.03
	duration: 5.0

	setup duration: 5.0

	vehicle: 8
	vehicleInd: 8
	(orig, dest): (40, 0)
	(origRegion, destRegion): (1, 0)
	st: 483.17
	duration: 5.0

	setup duration: 5.0

	vehicle: 20
	vehicleInd: 6
	(orig, dest): (91, 0)
	(origRegion, destRegion): (1, 0)
	st: 520.18
	duration: 5.0


Machine 1 :
	setup duration: 0.0

	vehicle: 11
	vehicleInd: 2
	(orig, dest): (0, 67)
	(origRegion, destRegion): (0, 1)
	st: 16.34
	duration: 5.0

	setup duration: 5.0

	vehicle: 39
	vehicleInd: 2
	(orig, dest): (0, 87)
	(origRegion, destRegion): (0, 1)
	st: 26.34
	duration: 5.0


Machine 2 :
	setup duration: 0.0

	vehicle: 48
	vehicleInd: 2
	(orig, dest): (0, 4)
	(origRegion, destRegion): (0, 1)
	st: 1.980000000000004
	duration: 5.0

	setup duration: 5.0

	vehicle: 14
	vehicleInd: 2
	(orig, dest): (0, 122)
	(origRegion, destRegion): (0, 1)
	st: 11.980000000000004
	duration: 5.0

	setup duration: 5.0

	vehicle: 23
	vehicleInd: 2
	(orig, dest): (0, 135)
	(origRegion, destRegion): (0, 1)
	st: 61.979999999999976
	duration: 5.0

	setup duration: 0.0

	vehicle: 50
	vehicleInd: 8
	(orig, dest): (9, 0)
	(origRegion, destRegion): (1, 0)
	st: 408.34000000000003
	duration: 5.0

	setup duration: 5.0

	vehicle: 4
	vehicleInd: 10
	(orig, dest): (82, 0)
	(origRegion, destRegion): (1, 0)
	st: 482.13
	duration: 5.0

	setup duration: 5.0

	vehicle: 18
	vehicleInd: 12
	(orig, dest): (164, 0)
	(origRegion, destRegion): (1, 0)
	st: 496.91999999999996
	duration: 5.0

	setup duration: 5.0

	vehicle: 15
	vehicleInd: 10
	(orig, dest): (70, 0)
	(origRegion, destRegion): (1, 0)
	st: 516.0
	duration: 5.0

	setup duration: 5.0

	vehicle: 11
	vehicleInd: 6
	(orig, dest): (6, 0)
	(origRegion, destRegion): (1, 0)
	st: 541.86
	duration: 5.0

	setup duration: 5.0

	vehicle: 48
	vehicleInd: 10
	(orig, dest): (127, 0)
	(origRegion, destRegion): (1, 0)
	st: 598.49
	duration: 5.0


Machine 3 :
	setup duration: 0.0

	vehicle: 18
	vehicleInd: 2
	(orig, dest): (0, 15)
	(origRegion, destRegion): (0, 1)
	st: 15.670000000000002
	duration: 5.0

	setup duration: 5.0

	vehicle: 54
	vehicleInd: 2
	(orig, dest): (0, 26)
	(origRegion, destRegion): (0, 1)
	st: 47.93000000000001
	duration: 5.0

	setup duration: 5.0

	vehicle: 13
	vehicleInd: 3
	(orig, dest): (73, 2)
	(origRegion, destRegion): (0, 1)
	st: 61.08
	duration: 5.0

	setup duration: 0.0

	vehicle: 11
	vehicleInd: 3
	(orig, dest): (67, 41)
	(origRegion, destRegion): (1, 0)
	st: 93.47
	duration: 5.0

	setup duration: 0.0

	vehicle: 50
	vehicleInd: 3
	(orig, dest): (44, 86)
	(origRegion, destRegion): (0, 1)
	st: 117.1
	duration: 5.0

	setup duration: 0.0

	vehicle: 26
	vehicleInd: 3
	(orig, dest): (36, 5)
	(origRegion, destRegion): (1, 0)
	st: 157.86
	duration: 5.0

	setup duration: 5.0

	vehicle: 14
	vehicleInd: 3
	(orig, dest): (122, 16)
	(origRegion, destRegion): (1, 0)
	st: 171.41000000000003
	duration: 5.0

	setup duration: 0.0

	vehicle: 20
	vehicleInd: 3
	(orig, dest): (123, 21)
	(origRegion, destRegion): (0, 1)
	st: 178.49
	duration: 5.0

	setup duration: 0.0

	vehicle: 44
	vehicleInd: 6
	(orig, dest): (8, 181)
	(origRegion, destRegion): (1, 0)
	st: 260.94
	duration: 5.0

	setup duration: 5.0

	vehicle: 17
	vehicleInd: 6
	(orig, dest): (64, 79)
	(origRegion, destRegion): (1, 0)
	st: 278.03
	duration: 5.0

	setup duration: 5.0

	vehicle: 20
	vehicleInd: 4
	(orig, dest): (21, 80)
	(origRegion, destRegion): (1, 0)
	st: 321.17999999999995
	duration: 5.0

	setup duration: 0.0

	vehicle: 20
	vehicleInd: 5
	(orig, dest): (80, 91)
	(origRegion, destRegion): (0, 1)
	st: 438.02
	duration: 5.0

	setup duration: 0.0

	vehicle: 13
	vehicleInd: 7
	(orig, dest): (200, 113)
	(origRegion, destRegion): (1, 0)
	st: 490.68
	duration: 5.0


Machine 4 :
	setup duration: 0.0

	vehicle: 15
	vehicleInd: 2
	(orig, dest): (0, 46)
	(origRegion, destRegion): (0, 1)
	st: 3.0
	duration: 5.0

	setup duration: 5.0

	vehicle: 55
	vehicleInd: 2
	(orig, dest): (0, 35)
	(origRegion, destRegion): (0, 1)
	st: 72.95
	duration: 5.0

	setup duration: 0.0

	vehicle: 48
	vehicleInd: 3
	(orig, dest): (4, 188)
	(origRegion, destRegion): (1, 0)
	st: 77.95
	duration: 5.0

	setup duration: 0.0

	vehicle: 33
	vehicleInd: 3
	(orig, dest): (85, 34)
	(origRegion, destRegion): (0, 1)
	st: 142.03
	duration: 5.0

	setup duration: 5.0

	vehicle: 8
	vehicleInd: 4
	(orig, dest): (57, 191)
	(origRegion, destRegion): (0, 1)
	st: 152.03
	duration: 5.0

	setup duration: 5.0

	vehicle: 4
	vehicleInd: 4
	(orig, dest): (20, 90)
	(origRegion, destRegion): (0, 1)
	st: 191.62
	duration: 5.0

	setup duration: 5.0

	vehicle: 47
	vehicleInd: 5
	(orig, dest): (68, 23)
	(origRegion, destRegion): (0, 1)
	st: 228.6
	duration: 5.0

	setup duration: 0.0

	vehicle: 39
	vehicleInd: 5
	(orig, dest): (94, 19)
	(origRegion, destRegion): (1, 0)
	st: 233.6
	duration: 5.0

	setup duration: 5.0

	vehicle: 33
	vehicleInd: 4
	(orig, dest): (34, 98)
	(origRegion, destRegion): (1, 0)
	st: 275.31
	duration: 5.0

	setup duration: 0.0

	vehicle: 11
	vehicleInd: 5
	(orig, dest): (136, 6)
	(origRegion, destRegion): (0, 1)
	st: 350.67
	duration: 5.0

	setup duration: 5.0

	vehicle: 48
	vehicleInd: 7
	(orig, dest): (118, 88)
	(origRegion, destRegion): (0, 1)
	st: 369.96
	duration: 5.0

	setup duration: 0.0

	vehicle: 47
	vehicleInd: 6
	(orig, dest): (23, 174)
	(origRegion, destRegion): (1, 0)
	st: 406.64000000000004
	duration: 5.0


-------------------| COMPL. TIMES |-------------------

Vehicle 0 : 0.0
Vehicle 1 : 0.0
Vehicle 2 : 0.0
Vehicle 3 : 278.62
Vehicle 4 : 460.84
Vehicle 5 : 0.0
Vehicle 6 : 0.0
Vehicle 7 : 247.84
Vehicle 8 : 486.6
Vehicle 9 : 0.0
Vehicle 10 : 0.0
Vehicle 11 : 534.52
Vehicle 12 : 0.0
Vehicle 13 : 593.9300000000001
Vehicle 14 : 348.78
Vehicle 15 : 522.0
Vehicle 16 : 0.0
Vehicle 17 : 601.8399999999999
Vehicle 18 : 492.24999999999994
Vehicle 19 : 0.0
Vehicle 20 : 489.69999999999993
Vehicle 21 : 0.0
Vehicle 22 : 496.46
Vehicle 23 : 270.11
Vehicle 24 : 0.0
Vehicle 25 : 0.0
Vehicle 26 : 266.96000000000004
Vehicle 27 : 0.0
Vehicle 28 : 0.0
Vehicle 29 : 0.0
Vehicle 30 : 0.0
Vehicle 31 : 0.0
Vehicle 32 : 0.0
Vehicle 33 : 493.13000000000005
Vehicle 34 : 0.0
Vehicle 35 : 0.0
Vehicle 36 : 311.74
Vehicle 37 : 0.0
Vehicle 38 : 0.0
Vehicle 39 : 508.91
Vehicle 40 : 0.0
Vehicle 41 : 0.0
Vehicle 42 : 0.0
Vehicle 43 : 0.0
Vehicle 44 : 582.9799999999999
Vehicle 45 : 0.0
Vehicle 46 : 0.0
Vehicle 47 : 532.7900000000001
Vehicle 48 : 603.51
Vehicle 49 : 0.0
Vehicle 50 : 414.34000000000003
Vehicle 51 : 0.0
Vehicle 52 : 0.0
Vehicle 53 : 0.0
Vehicle 54 : 378.09999999999997
Vehicle 55 : 243.92000000000002
Vehicle 56 : 0.0
Vehicle 57 : 0.0
Vehicle 58 : 0.0
Vehicle 59 : 0.0
-------------------| STATISTICS |-------------------

    Vehicles used                           : 38.3333
    Machines used                           : 100.0
    Max load (vehicles)                     : 100.0
    Min load (vehicles)                     : 16.1765
    Mean load (vehicles)                    : 50.846
    Min completion time                     : 38.4732
    Max completion time                     : 95.1909
    Mean completion time                    : 69.6741
    Avrg travel time (with vehicle)         : 10.8833
    Avrg travel time (only with vehicle)    : 6.9401
    Avrg travel time (no vehicle)           : 3.9432
    Avrg waiting time (machine travel)      : 0.1374
    Avrg waiting time (service)             : 8.3831
    Machines travel times (with vehicle)    : [11.041, 2.3659, 12.6183, 14.1956, 14.1956]
    Machines travel times (no vehicle)      : [4.7319, 0.7886, 5.5205, 3.9432, 4.7319]
    Max load per vehicle                    : [0.0, 0.0, 0.0, 42.5926, 85.2941, 0.0, 0.0, 63.2353, 54.878, 0.0, 0.0, 24.3902, 0.0, 69.5122, 16.6667, 89.0244, 0.0, 72.2222, 66.6667, 0.0, 50.0, 0.0, 85.1852, 16.6667, 0.0, 0.0, 33.3333, 0.0, 0.0, 0.0, 0.0, 0.0, 0.0, 16.1765, 0.0, 0.0, 48.1481, 0.0, 0.0, 59.2593, 0.0, 0.0, 0.0, 0.0, 53.6585, 0.0, 0.0, 100.0, 48.1481, 0.0, 29.4118, 0.0, 0.0, 0.0, 18.5185, 26.4706, 0.0, 0.0, 0.0, 0.0]

----------------------------------------------------

TOTAL: 10159.87

Everything is awesome!
