-------------------| STATISTICS |-------------------

Vehicles used                           : 13.3333
Machines used                           : 100.0
Max load (vehicles)                     : 100.0
Min load (vehicles)                     : 52.5
Mean load (vehicles)                    : 84.4119
Min completion time                     : 5.4305
Max completion time                     : 98.296
Mean completion time                    : 52.6399
Avrg travel time (with vehicle)         : 5.8296
Avrg travel time (only with vehicle)    : 3.7556
Avrg travel time (no vehicle)           : 2.074
Avrg waiting time (machine travel)      : 6.6877
Avrg waiting time (service)             : 16.0942
Machines travel times (with vehicle)    : [3.3632, 2.8027, 2.9428, 11.2108, 8.8285]
Machines travel times (no vehicle)      : [1.5415, 0.8408, 1.4013, 3.6435, 2.9428]
Max load per vehicle                    : [0.0, 0.0, 0.0, 0.0, 0.0, 0.0, 0.0, 0.0, 0.0, 0.0, 0.0, 0.0, 0.0, 0.0, 0.0, 0.0, 0.0, 0.0, 0.0, 62.963, 0.0, 0.0, 0.0, 0.0, 0.0, 0.0, 0.0, 83.5821, 0.0, 0.0, 0.0, 0.0, 100.0, 52.5, 0.0, 0.0, 0.0, 88.75, 0.0, 95.0, 0.0, 0.0, 0.0, 0.0, 0.0, 0.0, 0.0, 0.0, 0.0, 0.0, 100.0, 0.0, 0.0, 0.0, 0.0, 0.0, 0.0, 0.0, 0.0, 92.5]

----------------------------------------------------

TOTAL: 15025.530000000002

Everything is awesome!
